
*** ChampSim Multicore Out-of-Order Simulator ***

Warmup Instructions: 200000000
Simulation Instructions: 200000000
Number of CPUs: 1
LLC sets: 4096
LLC ways: 12
Off-chip DRAM Size: 4096 MB Channels: 1 Width: 64-bit Data Rate: 6400 MT/s
CPU 0 runs ./tracer/traces/603.bwaves_s-891B.champsimtrace.xz
.xz
BTB has LRU replacement policy
ITLB has LRU replacement policy
DTLB has LRU replacement policy
STLB has LRU replacement policy
L1I has LRU replacement policy
History Sets: 8
History Ways: 16
BERTI Size: 16
BERTI Stride Size: 16
L1D has LRU replacement policy
Initialize SRRIP state for L2C
Initialize Mockingjay state for LLC
Heartbeat CPU 0 instructions: 10000003 cycles: 1451411 heartbeat IPC: 6.88985 cumulative IPC: 6.88985 (Simulation time: 0 hr 0 min 30 sec) 
Heartbeat CPU 0 instructions: 20000007 cycles: 2902668 heartbeat IPC: 6.89058 cumulative IPC: 6.89021 (Simulation time: 0 hr 1 min 6 sec) 
Heartbeat CPU 0 instructions: 30000007 cycles: 4354229 heartbeat IPC: 6.88914 cumulative IPC: 6.88985 (Simulation time: 0 hr 1 min 43 sec) 
Heartbeat CPU 0 instructions: 40000004 cycles: 5805685 heartbeat IPC: 6.88963 cumulative IPC: 6.8898 (Simulation time: 0 hr 2 min 21 sec) 
Heartbeat CPU 0 instructions: 50000002 cycles: 7991399 heartbeat IPC: 4.57516 cumulative IPC: 6.25673 (Simulation time: 0 hr 2 min 45 sec) 
Heartbeat CPU 0 instructions: 60000003 cycles: 10487345 heartbeat IPC: 4.0065 cumulative IPC: 5.72118 (Simulation time: 0 hr 3 min 5 sec) 
Heartbeat CPU 0 instructions: 70000005 cycles: 12983292 heartbeat IPC: 4.0065 cumulative IPC: 5.39155 (Simulation time: 0 hr 3 min 23 sec) 
Heartbeat CPU 0 instructions: 80000002 cycles: 15479237 heartbeat IPC: 4.0065 cumulative IPC: 5.16821 (Simulation time: 0 hr 3 min 39 sec) 
Heartbeat CPU 0 instructions: 90000000 cycles: 17975189 heartbeat IPC: 4.00649 cumulative IPC: 5.0069 (Simulation time: 0 hr 3 min 55 sec) 
Heartbeat CPU 0 instructions: 100000001 cycles: 20471131 heartbeat IPC: 4.0065 cumulative IPC: 4.88493 (Simulation time: 0 hr 4 min 11 sec) 
Heartbeat CPU 0 instructions: 110000005 cycles: 22967078 heartbeat IPC: 4.0065 cumulative IPC: 4.78946 (Simulation time: 0 hr 4 min 27 sec) 
Heartbeat CPU 0 instructions: 120000000 cycles: 25463023 heartbeat IPC: 4.0065 cumulative IPC: 4.71272 (Simulation time: 0 hr 4 min 43 sec) 
Heartbeat CPU 0 instructions: 130000000 cycles: 27958969 heartbeat IPC: 4.0065 cumulative IPC: 4.64967 (Simulation time: 0 hr 4 min 58 sec) 
Heartbeat CPU 0 instructions: 140000002 cycles: 30454915 heartbeat IPC: 4.0065 cumulative IPC: 4.59696 (Simulation time: 0 hr 5 min 14 sec) 
Heartbeat CPU 0 instructions: 150000001 cycles: 32950861 heartbeat IPC: 4.0065 cumulative IPC: 4.55223 (Simulation time: 0 hr 5 min 30 sec) 
Heartbeat CPU 0 instructions: 160000001 cycles: 35446807 heartbeat IPC: 4.0065 cumulative IPC: 4.51381 (Simulation time: 0 hr 5 min 48 sec) 
Heartbeat CPU 0 instructions: 170000000 cycles: 37942753 heartbeat IPC: 4.0065 cumulative IPC: 4.48043 (Simulation time: 0 hr 6 min 4 sec) 
Heartbeat CPU 0 instructions: 180000000 cycles: 40438699 heartbeat IPC: 4.0065 cumulative IPC: 4.45118 (Simulation time: 0 hr 6 min 20 sec) 
Heartbeat CPU 0 instructions: 190000003 cycles: 42787221 heartbeat IPC: 4.258 cumulative IPC: 4.44058 (Simulation time: 0 hr 6 min 38 sec) 
Heartbeat CPU 0 instructions: 200000005 cycles: 44964121 heartbeat IPC: 4.59369 cumulative IPC: 4.44799 (Simulation time: 0 hr 6 min 57 sec) 

Warmup complete CPU 0 instructions: 200000005 cycles: 44964121 (Simulation time: 0 hr 6 min 57 sec) 

Heartbeat CPU 0 instructions: 210000006 cycles: 54226012 heartbeat IPC: 1.07969 cumulative IPC: 1.07969 (Simulation time: 0 hr 7 min 32 sec) 
Heartbeat CPU 0 instructions: 220000006 cycles: 63489164 heartbeat IPC: 1.07955 cumulative IPC: 1.07962 (Simulation time: 0 hr 8 min 9 sec) 
Heartbeat CPU 0 instructions: 230000004 cycles: 72751152 heartbeat IPC: 1.07968 cumulative IPC: 1.07964 (Simulation time: 0 hr 8 min 48 sec) 
Heartbeat CPU 0 instructions: 240000004 cycles: 82012645 heartbeat IPC: 1.07974 cumulative IPC: 1.07967 (Simulation time: 0 hr 9 min 24 sec) 
Heartbeat CPU 0 instructions: 250000004 cycles: 91273098 heartbeat IPC: 1.07986 cumulative IPC: 1.0797 (Simulation time: 0 hr 9 min 59 sec) 
Heartbeat CPU 0 instructions: 260000004 cycles: 100530220 heartbeat IPC: 1.08025 cumulative IPC: 1.0798 (Simulation time: 0 hr 10 min 34 sec) 
Heartbeat CPU 0 instructions: 270000000 cycles: 109786114 heartbeat IPC: 1.08039 cumulative IPC: 1.07988 (Simulation time: 0 hr 11 min 9 sec) 
Heartbeat CPU 0 instructions: 280000003 cycles: 119047392 heartbeat IPC: 1.07976 cumulative IPC: 1.07987 (Simulation time: 0 hr 11 min 44 sec) 
Heartbeat CPU 0 instructions: 290000003 cycles: 128307561 heartbeat IPC: 1.07989 cumulative IPC: 1.07987 (Simulation time: 0 hr 12 min 19 sec) 
Heartbeat CPU 0 instructions: 300000004 cycles: 137569146 heartbeat IPC: 1.07973 cumulative IPC: 1.07985 (Simulation time: 0 hr 12 min 54 sec) 
Heartbeat CPU 0 instructions: 310000002 cycles: 146833482 heartbeat IPC: 1.07941 cumulative IPC: 1.07981 (Simulation time: 0 hr 13 min 29 sec) 
Heartbeat CPU 0 instructions: 320000001 cycles: 156096810 heartbeat IPC: 1.07953 cumulative IPC: 1.07979 (Simulation time: 0 hr 14 min 4 sec) 
Heartbeat CPU 0 instructions: 330000001 cycles: 165354963 heartbeat IPC: 1.08013 cumulative IPC: 1.07982 (Simulation time: 0 hr 14 min 38 sec) 
Heartbeat CPU 0 instructions: 340000002 cycles: 174615035 heartbeat IPC: 1.07991 cumulative IPC: 1.07982 (Simulation time: 0 hr 15 min 13 sec) 
Heartbeat CPU 0 instructions: 350000007 cycles: 184052140 heartbeat IPC: 1.05965 cumulative IPC: 1.07845 (Simulation time: 0 hr 15 min 49 sec) 
Heartbeat CPU 0 instructions: 360000000 cycles: 197345290 heartbeat IPC: 0.752267 cumulative IPC: 1.05 (Simulation time: 0 hr 16 min 40 sec) 
Heartbeat CPU 0 instructions: 370000005 cycles: 210926828 heartbeat IPC: 0.736294 cumulative IPC: 1.02433 (Simulation time: 0 hr 17 min 32 sec) 
Heartbeat CPU 0 instructions: 380000000 cycles: 224413977 heartbeat IPC: 0.741446 cumulative IPC: 1.00307 (Simulation time: 0 hr 18 min 23 sec) 
Heartbeat CPU 0 instructions: 390000005 cycles: 238050025 heartbeat IPC: 0.733351 cumulative IPC: 0.984018 (Simulation time: 0 hr 19 min 15 sec) 
Heartbeat CPU 0 instructions: 400000006 cycles: 251765536 heartbeat IPC: 0.729102 cumulative IPC: 0.967111 (Simulation time: 0 hr 20 min 7 sec) 
Finished CPU 0 instructions: 200000001 cycles: 206801415 cumulative IPC: 0.967111 (Simulation time: 0 hr 20 min 7 sec) 

ChampSim completed all CPUs

Region of Interest Statistics

CPU 0 cumulative IPC: 0.967111 instructions: 200000001 cycles: 206801415
ITLB TOTAL     ACCESS:   24601692  HIT:   24601692  MISS:          0  HIT %:        100  MISS %:          0   MPKI: 0
ITLB LOAD TRANSLATION ACCESS:   24601692  HIT:   24601692  MISS:          0  HIT %:        100  MISS %:          0   MPKI: 0
ITLB PREFETCH  REQUESTED:          0  ISSUED:          0  USEFUL:          0  USELESS:          0
ITLB USEFUL LOAD PREFETCHES:          0 PREFETCH ISSUED TO LOWER LEVEL:          0  ACCURACY: -nan
ITLB TIMELY PREFETCHES:          0 LATE PREFETCHES: 0 DROPPED PREFETCHES: 0
ITLB PREFETCHES SAME FILL-ORIGIN LEVEL: 0 DIFFERENT FILL-ORIGIN LEVEL: 0
ITLB AVERAGE MISS LATENCY:       -nan cycles AVERAGE LOAD MISS LATENCY:       -nan cycles Load Miss          0
ITLB Average MSHR Occupancy:  4.352e-08
ITLB RQ	ACCESS:   30230391	FORWARD:          0	MERGED:    5628700	TO_CACHE:   24601691

DTLB TOTAL     ACCESS:   23248494  HIT:   23160737  MISS:      87757  HIT %:    99.6225  MISS %:   0.377474   MPKI: 0.438785
DTLB LOAD TRANSLATION ACCESS:   23248494  HIT:   23160737  MISS:      87757  HIT %:    99.6225  MISS %:   0.377474   MPKI: 0.438785
DTLB PREFETCH  REQUESTED:          0  ISSUED:          0  USEFUL:          0  USELESS:          0
DTLB USEFUL LOAD PREFETCHES:          0 PREFETCH ISSUED TO LOWER LEVEL:          0  ACCURACY: -nan
DTLB TIMELY PREFETCHES:          0 LATE PREFETCHES: 0 DROPPED PREFETCHES: 0
DTLB PREFETCHES SAME FILL-ORIGIN LEVEL: 0 DIFFERENT FILL-ORIGIN LEVEL: 0
DTLB AVERAGE MISS LATENCY:    83.5552 cycles AVERAGE LOAD MISS LATENCY:       -nan cycles Load Miss          0
DTLB Average MSHR Occupancy: 0.00837885
DTLB RQ	ACCESS:   24531838	FORWARD:          0	MERGED:    1255368	TO_CACHE:   23276470

STLB TOTAL     ACCESS:   10803296  HIT:   10715825  MISS:      87471  HIT %:    99.1903  MISS %:    0.80967   MPKI: 0.437355
STLB LOAD TRANSLATION ACCESS:      87757  HIT:      39954  MISS:      47803  HIT %:     45.528  MISS %:     54.472   MPKI: 0.239015
STLB TRANSLATION FROM L1D PREFETCHER ACCESS:   10715539  HIT:   10675871  MISS:      39668  HIT %:    99.6298  MISS %:   0.370191   MPKI: 0.19834
STLB PREFETCH  REQUESTED:          0  ISSUED:          0  USEFUL:      39668  USELESS:          0
STLB USEFUL LOAD PREFETCHES:      39668 PREFETCH ISSUED TO LOWER LEVEL:          0  ACCURACY: inf
STLB TIMELY PREFETCHES:      39668 LATE PREFETCHES: 8339 DROPPED PREFETCHES: 633803
STLB PREFETCHES SAME FILL-ORIGIN LEVEL: 0 DIFFERENT FILL-ORIGIN LEVEL: 0
STLB AVERAGE MISS LATENCY:    99.9775 cycles AVERAGE LOAD MISS LATENCY:       -nan cycles Load Miss          0
STLB Average MSHR Occupancy:  0.0906758
STLB RQ	ACCESS:   53463326	FORWARD:          0	MERGED:   41977213	TO_CACHE:   11486113

STLB Hit, L1D data hit: 0
STLB Hit, L2C data hit: 0
STLB Hit, LLC data hit: 0
STLB Hit, LLC data miss: 0
STLB STLB hints to L2: 0
L1D TOTAL     ACCESS:   60071760  HIT:   54472678  MISS:    5599082  HIT %:    90.6793  MISS %:    9.32066   MPKI: 27.9954
L1D LOAD      ACCESS:   21115294  HIT:   20186025  MISS:     929269  HIT %:    95.5991  MISS %:    4.40093   MPKI: 4.64634
L1D RFO       ACCESS:    2488418  HIT:    2488418  MISS:          0  HIT %:        100  MISS %:          0   MPKI: 0
L1D PREFETCH  ACCESS:   36468048  HIT:   31798235  MISS:    4669813  HIT %:    87.1948  MISS %:    12.8052   MPKI: 23.3491
AGUS PREFETCH L1 MISS: 0
L1D PREFETCH  REQUESTED:  195353747  ISSUED:  115763874  USEFUL:    4669785  USELESS:         20
L1D USEFUL LOAD PREFETCHES:    4669785 PREFETCH ISSUED TO LOWER LEVEL:   12288385  ACCURACY: 38.0016
L1D TIMELY PREFETCHES:    4669785 LATE PREFETCHES: 214244 DROPPED PREFETCHES: 1882152
L1D PREFETCHES SAME FILL-ORIGIN LEVEL: 4884255 DIFFERENT FILL-ORIGIN LEVEL: 7404130
L1D AVERAGE MISS LATENCY:    149.359 cycles AVERAGE LOAD MISS LATENCY:    102.396 cycles Load Miss     929269
L1D Average MSHR Occupancy:    4.30525
L1D RQ	ACCESS:   44860331	FORWARD:          0	MERGED:   22816903	TO_CACHE:   22043418
L1D WQ	ACCESS:    2488420	FORWARD:         10	MERGED:          0	TO_CACHE:    2488420
L1D PQ	ACCESS:   62388305	FORWARD:          0	MERGED:    9012736	TO_CACHE:   53375569

L1D UNIQUE REGIONS ACCESSED: 0
L1D REGIONS CONFLICTS: 0
L1D Cross Page Prefetch Requests: 10575521
L1D Same Page Prefetch Requests: 156979660
L1D ROI Sum of L1D PQ occupancy: 844520966
L1D PREFETCHES PUSHED FROM L2C: 0
L1I TOTAL     ACCESS:   30230390  HIT:   30230382  MISS:          8  HIT %:        100  MISS %: 2.64634e-05   MPKI: 4e-05
L1I LOAD      ACCESS:   30230390  HIT:   30230382  MISS:          8  HIT %:        100  MISS %: 2.64634e-05   MPKI: 4e-05
L1I PREFETCH  REQUESTED:          0  ISSUED:          0  USEFUL:          0  USELESS:          0
L1I USEFUL LOAD PREFETCHES:          0 PREFETCH ISSUED TO LOWER LEVEL:          0  ACCURACY: -nan
L1I TIMELY PREFETCHES:          0 LATE PREFETCHES: 0 DROPPED PREFETCHES: 0
L1I PREFETCHES SAME FILL-ORIGIN LEVEL: 0 DIFFERENT FILL-ORIGIN LEVEL: 0
L1I AVERAGE MISS LATENCY:    273.375 cycles AVERAGE LOAD MISS LATENCY:    273.375 cycles Load Miss          8
L1I Average MSHR Occupancy: 1.03191e-05
L1I RQ	ACCESS:   46440669	FORWARD:          0	MERGED:   16210278	TO_CACHE:   30230391

BTB TOTAL     ACCESS:   25136324  HIT:   25136315  MISS:          9  HIT %:        100  MISS %: 3.58048e-05   MPKI: 4.5e-05
BTB BRANCH_DIRECT_JUMP	ACCESS:    3204383  HIT:    3204382  MISS:          1
BTB BRANCH_INDIRECT	ACCESS:          0  HIT:          0  MISS:          0
BTB BRANCH_CONDITIONAL	ACCESS:   21931941  HIT:   21931933  MISS:          8
BTB BRANCH_DIRECT_CALL	ACCESS:          0  HIT:          0  MISS:          0
BTB BRANCH_INDIRECT_CALL	ACCESS:          0  HIT:          0  MISS:          0
BTB BRANCH_RETURN	ACCESS:          0  HIT:          0  MISS:          0
BTB BRANCH_OTHER ACCESS:          0  HIT:          0  MISS:          0

L2C TOTAL     ACCESS:   11661283  HIT:    6051820  MISS:    5609463  HIT %:    51.8967  MISS %:    48.1033   MPKI: 28.0473
L2C LOAD      ACCESS:     715033  HIT:     328875  MISS:     386158  HIT %:    45.9944  MISS %:    54.0056   MPKI: 1.93079
L2C DATA LOAD MPKI: 1.93075
L2C INSTRUCTION LOAD MPKI: 4e-05
L2C PREFETCH  ACCESS:    9698469  HIT:    4486321  MISS:    5212148  HIT %:     46.258  MISS %:     53.742   MPKI: 26.0607
AGUS PREFETCH L1 MISS: 0
L2C DATA PREFETCH MPKI: 26.0607
L2C INSTRUCTION PREFETCH MPKI: 0
L2C WRITEBACK ACCESS:     518092  HIT:     518033  MISS:         59  HIT %:    99.9886  MISS %:  0.0113879   MPKI: 0.000295
L2C LOAD TRANSLATION ACCESS:      47803  HIT:      47458  MISS:        345  HIT %:    99.2783  MISS %:   0.721712   MPKI: 0.001725
L2C TRANSLATION FROM L1D PREFETCHER ACCESS:     681886  HIT:     671133  MISS:      10753  HIT %:    98.4231  MISS %:    1.57695   MPKI: 0.053765
L2C PREFETCH  REQUESTED:          0  ISSUED:          0  USEFUL:     338576  USELESS:    4892488
L2C USEFUL LOAD PREFETCHES:     338576 PREFETCH ISSUED TO LOWER LEVEL:    5360926  ACCURACY: 6.31563
L2C TIMELY PREFETCHES:     338576 LATE PREFETCHES: 148776 DROPPED PREFETCHES: 0
L2C PREFETCHES SAME FILL-ORIGIN LEVEL: 2666311 DIFFERENT FILL-ORIGIN LEVEL: 0
L2C AVERAGE MISS LATENCY:    240.521 cycles AVERAGE LOAD MISS LATENCY:    219.846 cycles Load Miss     386158
L2C Average MSHR Occupancy:    6.55757
L2C RQ	ACCESS:    1444723	FORWARD:          0	MERGED:          0	TO_CACHE:    1444723
L2C WQ	ACCESS:     518092	FORWARD:          0	MERGED:          0	TO_CACHE:     518092
L2C PQ	ACCESS:   12288188	FORWARD:          0	MERGED:       2339	TO_CACHE:   12285849

L2C Instructions Evicting Data 8
L2C Translations Evicting Data 11068
L2C Data Evicting Data 5587125
L2C Instructions Evicting Instructions 0
L2C Translations Evicting Instructions 0
L2C Data Evicting Instructions 8
L2C Instructions Evicting Translations 0
L2C Translations Evicting Translations 30
L2C Data Evicting Translations 11165
L2C Dense regions hint from L2: 0
PSCL5 TOTAL     ACCESS:     729612  HIT:     729612  MISS:          0  HIT %:        100  MISS %:          0   MPKI: 0
PSCL5 LOAD TRANSLATION ACCESS:      47802  HIT:      47802  MISS:          0  HIT %:        100  MISS %:          0   MPKI: 0
PSCL5 TRANSLATION FROM L1D PREFETCHER ACCESS:     681810  HIT:     681810  MISS:          0  HIT %:        100  MISS %:          0   MPKI: 0
PSCL5 PREFETCH  REQUESTED:          0  ISSUED:          0  USEFUL:          0  USELESS:          0
PSCL5 USEFUL LOAD PREFETCHES:          0 PREFETCH ISSUED TO LOWER LEVEL:          0  ACCURACY: -nan
PSCL5 TIMELY PREFETCHES:          0 LATE PREFETCHES: 0 DROPPED PREFETCHES: 0
PSCL5 PREFETCHES SAME FILL-ORIGIN LEVEL: 0 DIFFERENT FILL-ORIGIN LEVEL: 0

PSCL4 TOTAL     ACCESS:     729612  HIT:     729612  MISS:          0  HIT %:        100  MISS %:          0   MPKI: 0
PSCL4 LOAD TRANSLATION ACCESS:      47802  HIT:      47802  MISS:          0  HIT %:        100  MISS %:          0   MPKI: 0
PSCL4 TRANSLATION FROM L1D PREFETCHER ACCESS:     681810  HIT:     681810  MISS:          0  HIT %:        100  MISS %:          0   MPKI: 0
PSCL4 PREFETCH  REQUESTED:          0  ISSUED:          0  USEFUL:          0  USELESS:          0
PSCL4 USEFUL LOAD PREFETCHES:          0 PREFETCH ISSUED TO LOWER LEVEL:          0  ACCURACY: -nan
PSCL4 TIMELY PREFETCHES:          0 LATE PREFETCHES: 0 DROPPED PREFETCHES: 0
PSCL4 PREFETCHES SAME FILL-ORIGIN LEVEL: 0 DIFFERENT FILL-ORIGIN LEVEL: 0

PSCL3 TOTAL     ACCESS:     729612  HIT:     729612  MISS:          0  HIT %:        100  MISS %:          0   MPKI: 0
PSCL3 LOAD TRANSLATION ACCESS:      47802  HIT:      47802  MISS:          0  HIT %:        100  MISS %:          0   MPKI: 0
PSCL3 TRANSLATION FROM L1D PREFETCHER ACCESS:     681810  HIT:     681810  MISS:          0  HIT %:        100  MISS %:          0   MPKI: 0
PSCL3 PREFETCH  REQUESTED:          0  ISSUED:          0  USEFUL:          0  USELESS:          0
PSCL3 USEFUL LOAD PREFETCHES:          0 PREFETCH ISSUED TO LOWER LEVEL:          0  ACCURACY: -nan
PSCL3 TIMELY PREFETCHES:          0 LATE PREFETCHES: 0 DROPPED PREFETCHES: 0
PSCL3 PREFETCHES SAME FILL-ORIGIN LEVEL: 0 DIFFERENT FILL-ORIGIN LEVEL: 0

PSCL2 TOTAL     ACCESS:     728557  HIT:     728384  MISS:        173  HIT %:    99.9763  MISS %:  0.0237456   MPKI: 0.000865
PSCL2 LOAD TRANSLATION ACCESS:      47878  HIT:      47705  MISS:        173  HIT %:    99.6387  MISS %:   0.361335   MPKI: 0.000865
PSCL2 TRANSLATION FROM L1D PREFETCHER ACCESS:     680679  HIT:     680679  MISS:          0  HIT %:        100  MISS %:          0   MPKI: 0
PSCL2 PREFETCH  REQUESTED:          0  ISSUED:          0  USEFUL:          0  USELESS:          0
PSCL2 USEFUL LOAD PREFETCHES:          0 PREFETCH ISSUED TO LOWER LEVEL:          0  ACCURACY: -nan
PSCL2 TIMELY PREFETCHES:          0 LATE PREFETCHES: 0 DROPPED PREFETCHES: 0
PSCL2 PREFETCHES SAME FILL-ORIGIN LEVEL: 0 DIFFERENT FILL-ORIGIN LEVEL: 0

LLC TOTAL     ACCESS:    6114649  HIT:      42756  MISS:    6071893  HIT %:   0.699239  MISS %:    99.3008   MPKI: 30.3595
LLC LOAD      ACCESS:     237383  HIT:        111  MISS:     237272  HIT %:  0.0467599  MISS %:    99.9532   MPKI: 1.18636
LLC PREFETCH  ACCESS:    5360924  HIT:         24  MISS:    5360900  HIT %: 0.000447684  MISS %:    99.9996   MPKI: 26.8045
AGUS PREFETCH L1 MISS: 0
LLC WRITEBACK ACCESS:     505244  HIT:      42598  MISS:     462646  HIT %:    8.43117  MISS %:    91.5688   MPKI: 2.31323
LLC LOAD TRANSLATION ACCESS:        345  HIT:          3  MISS:        342  HIT %:   0.869565  MISS %:    99.1304   MPKI: 0.00171
LLC TRANSLATION FROM L1D PREFETCHER ACCESS:      10753  HIT:         20  MISS:      10733  HIT %:   0.185995  MISS %:     99.814   MPKI: 0.053665
LLC PREFETCH  REQUESTED:          0  ISSUED:          0  USEFUL:          4  USELESS:     207332
LLC USEFUL LOAD PREFETCHES:          4 PREFETCH ISSUED TO LOWER LEVEL:    5360902  ACCURACY: 7.46143e-05
LLC TIMELY PREFETCHES:          4 LATE PREFETCHES: 0 DROPPED PREFETCHES: 0
LLC PREFETCHES SAME FILL-ORIGIN LEVEL: 0 DIFFERENT FILL-ORIGIN LEVEL: 0
LLC AVERAGE MISS LATENCY:    183.327 cycles AVERAGE LOAD MISS LATENCY:    203.043 cycles Load Miss     237272
LLC Average MSHR Occupancy:    5.35553
LLC RQ	ACCESS:     248481	FORWARD:          0	MERGED:          0	TO_CACHE:     248481
LLC WQ	ACCESS:     505245	FORWARD:          0	MERGED:          0	TO_CACHE:     505245
LLC PQ	ACCESS:    5360926	FORWARD:          0	MERGED:          0	TO_CACHE:    5360926

LLC Dense regions hint to LLC: 0

RAW hits: 285
Loads Generated: 44860622
Loads sent to L1D: 44860331
Stores Generated: 2488421
Stores sent to L1D: 2488420
Major fault: 0 Minor fault: 99433
Allocated PAGES: 99433
================ Mockingjay (LLC) Pollution Stats ================
Total pollution count in LLC: 54
==================================================================

DRAM Statistics
 CHANNEL 0
 RQ ROW_BUFFER_HIT:    1894051  ROW_BUFFER_MISS:    3715197
 DBUS_CONGESTED:        220
 WQ ROW_BUFFER_HIT:     160856  ROW_BUFFER_MISS:     325478  FULL:          0

 AVG_CONGESTED_CYCLE: 5
 All warmup complete: 2
Channel 0 Bank busy for read cycles: 0
Channel 0 Bank busy for write cycles: 0
Channel 0
Rank 0
0banks busy for read cycles: 12996305
0banks busy for write cycles: 262
1banks busy for read cycles: 20123085
1banks busy for write cycles: 147384
2banks busy for read cycles: 27800329
2banks busy for write cycles: 148858
3banks busy for read cycles: 38177102
3banks busy for write cycles: 157982
4banks busy for read cycles: 41503660
4banks busy for write cycles: 183884
5banks busy for read cycles: 28242265
5banks busy for write cycles: 216910
6banks busy for read cycles: 12617141
6banks busy for write cycles: 307948
7banks busy for read cycles: 6092075
7banks busy for write cycles: 1145015
8banks busy for read cycles: 5067591
8banks busy for write cycles: 11873620

CPU 0 Branch Prediction Accuracy: 99.8629% MPKI: 0.189875 Average ROB Occupancy at Mispredict: 147.892
Branch types
NOT_BRANCH: 172300528 86.1503%
BRANCH_DIRECT_JUMP: 3204383 1.60219%
BRANCH_INDIRECT: 0 0%
BRANCH_CONDITIONAL: 24495632 12.2478%
BRANCH_DIRECT_CALL: 0 0%
BRANCH_INDIRECT_CALL: 0 0%
BRANCH_RETURN: 0 0%
BRANCH_OTHER: 0 0%

===================== LRU L1D STATS =====================
Total pollution count in L1D: 82432
=========================================================
================ SRRIP (L2C) Pollution Stats ================
Total pollution count in L2c: 754
==================================================================
DRAM PAGES: 1048576
Allocated PAGES: 99433
