
*** ChampSim Multicore Out-of-Order Simulator ***

Warmup Instructions: 200000000
Simulation Instructions: 200000000
Number of CPUs: 1
LLC sets: 4096
LLC ways: 12
Off-chip DRAM Size: 4096 MB Channels: 1 Width: 64-bit Data Rate: 6400 MT/s
CPU 0 runs ./tracer/traces/605.mcf_s-1152B.champsimtrace.xz
.xz
BTB has LRU replacement policy
ITLB has LRU replacement policy
DTLB has LRU replacement policy
STLB has LRU replacement policy
L1I has LRU replacement policy
History Sets: 8
History Ways: 16
BERTI Size: 16
BERTI Stride Size: 16
L1D has LRU replacement policy
Initialize SRRIP state for L2C
Initialize Mockingjay state for LLC
Heartbeat CPU 0 instructions: 10000005 cycles: 3205904 heartbeat IPC: 3.11925 cumulative IPC: 3.11925 (Simulation time: 0 hr 0 min 42 sec) 
Heartbeat CPU 0 instructions: 20000004 cycles: 6413090 heartbeat IPC: 3.118 cumulative IPC: 3.11862 (Simulation time: 0 hr 1 min 24 sec) 
Heartbeat CPU 0 instructions: 30000002 cycles: 9618787 heartbeat IPC: 3.11945 cumulative IPC: 3.1189 (Simulation time: 0 hr 2 min 13 sec) 
Heartbeat CPU 0 instructions: 40000006 cycles: 12828066 heartbeat IPC: 3.11597 cumulative IPC: 3.11816 (Simulation time: 0 hr 2 min 59 sec) 
Heartbeat CPU 0 instructions: 50000001 cycles: 16040598 heartbeat IPC: 3.11281 cumulative IPC: 3.11709 (Simulation time: 0 hr 3 min 41 sec) 
Heartbeat CPU 0 instructions: 60000001 cycles: 19250837 heartbeat IPC: 3.11503 cumulative IPC: 3.11675 (Simulation time: 0 hr 4 min 25 sec) 
Heartbeat CPU 0 instructions: 70000001 cycles: 22468436 heartbeat IPC: 3.10791 cumulative IPC: 3.11548 (Simulation time: 0 hr 5 min 24 sec) 
Heartbeat CPU 0 instructions: 80000001 cycles: 25678463 heartbeat IPC: 3.11524 cumulative IPC: 3.11545 (Simulation time: 0 hr 6 min 5 sec) 
Heartbeat CPU 0 instructions: 90000000 cycles: 28890376 heartbeat IPC: 3.11341 cumulative IPC: 3.11522 (Simulation time: 0 hr 6 min 46 sec) 
Heartbeat CPU 0 instructions: 100000005 cycles: 32108616 heartbeat IPC: 3.10729 cumulative IPC: 3.11443 (Simulation time: 0 hr 7 min 28 sec) 
Heartbeat CPU 0 instructions: 110000000 cycles: 35338915 heartbeat IPC: 3.09569 cumulative IPC: 3.11272 (Simulation time: 0 hr 8 min 13 sec) 
Heartbeat CPU 0 instructions: 120000001 cycles: 38566906 heartbeat IPC: 3.0979 cumulative IPC: 3.11148 (Simulation time: 0 hr 8 min 53 sec) 
Heartbeat CPU 0 instructions: 130000002 cycles: 41802204 heartbeat IPC: 3.09091 cumulative IPC: 3.10988 (Simulation time: 0 hr 9 min 34 sec) 
Heartbeat CPU 0 instructions: 140000004 cycles: 45048595 heartbeat IPC: 3.08034 cumulative IPC: 3.10776 (Simulation time: 0 hr 10 min 14 sec) 
Heartbeat CPU 0 instructions: 150000001 cycles: 48314230 heartbeat IPC: 3.06219 cumulative IPC: 3.10468 (Simulation time: 0 hr 10 min 55 sec) 
Heartbeat CPU 0 instructions: 160000002 cycles: 51605163 heartbeat IPC: 3.03865 cumulative IPC: 3.10047 (Simulation time: 0 hr 11 min 37 sec) 
Heartbeat CPU 0 instructions: 170000005 cycles: 54931278 heartbeat IPC: 3.00651 cumulative IPC: 3.09478 (Simulation time: 0 hr 12 min 18 sec) 
Heartbeat CPU 0 instructions: 180000000 cycles: 58302713 heartbeat IPC: 2.96609 cumulative IPC: 3.08733 (Simulation time: 0 hr 13 min 18 sec) 
Heartbeat CPU 0 instructions: 190000000 cycles: 61660397 heartbeat IPC: 2.97824 cumulative IPC: 3.08139 (Simulation time: 0 hr 14 min 18 sec) 
Heartbeat CPU 0 instructions: 200000000 cycles: 65015062 heartbeat IPC: 2.98092 cumulative IPC: 3.07621 (Simulation time: 0 hr 15 min 13 sec) 

Warmup complete CPU 0 instructions: 200000008 cycles: 65015063 (Simulation time: 0 hr 15 min 13 sec) 

Heartbeat CPU 0 instructions: 210000003 cycles: 96095996 heartbeat IPC: 0.321741 cumulative IPC: 0.321741 (Simulation time: 0 hr 16 min 8 sec) 
Heartbeat CPU 0 instructions: 220000000 cycles: 126903610 heartbeat IPC: 0.324595 cumulative IPC: 0.323161 (Simulation time: 0 hr 16 min 53 sec) 
Heartbeat CPU 0 instructions: 230000004 cycles: 157846262 heartbeat IPC: 0.323179 cumulative IPC: 0.323167 (Simulation time: 0 hr 17 min 36 sec) 
Heartbeat CPU 0 instructions: 240000000 cycles: 192035719 heartbeat IPC: 0.292488 cumulative IPC: 0.314909 (Simulation time: 0 hr 18 min 19 sec) 
Heartbeat CPU 0 instructions: 250000001 cycles: 224579577 heartbeat IPC: 0.307278 cumulative IPC: 0.313353 (Simulation time: 0 hr 19 min 2 sec) 
Heartbeat CPU 0 instructions: 260000000 cycles: 255352441 heartbeat IPC: 0.324962 cumulative IPC: 0.31523 (Simulation time: 0 hr 19 min 51 sec) 
Heartbeat CPU 0 instructions: 270000000 cycles: 286354787 heartbeat IPC: 0.322556 cumulative IPC: 0.316256 (Simulation time: 0 hr 20 min 32 sec) 
Heartbeat CPU 0 instructions: 280000000 cycles: 317223589 heartbeat IPC: 0.323952 cumulative IPC: 0.317198 (Simulation time: 0 hr 21 min 13 sec) 
Heartbeat CPU 0 instructions: 290000001 cycles: 348119199 heartbeat IPC: 0.323671 cumulative IPC: 0.317904 (Simulation time: 0 hr 21 min 53 sec) 
Heartbeat CPU 0 instructions: 300000003 cycles: 378946686 heartbeat IPC: 0.324386 cumulative IPC: 0.318541 (Simulation time: 0 hr 22 min 33 sec) 
Heartbeat CPU 0 instructions: 310000000 cycles: 409954328 heartbeat IPC: 0.322501 cumulative IPC: 0.318897 (Simulation time: 0 hr 23 min 11 sec) 
Heartbeat CPU 0 instructions: 320000003 cycles: 440947783 heartbeat IPC: 0.322649 cumulative IPC: 0.319206 (Simulation time: 0 hr 23 min 50 sec) 
Heartbeat CPU 0 instructions: 330000002 cycles: 471750699 heartbeat IPC: 0.324645 cumulative IPC: 0.319618 (Simulation time: 0 hr 24 min 29 sec) 
Heartbeat CPU 0 instructions: 340000001 cycles: 502517430 heartbeat IPC: 0.325026 cumulative IPC: 0.319998 (Simulation time: 0 hr 25 min 7 sec) 
Heartbeat CPU 0 instructions: 350000000 cycles: 533099201 heartbeat IPC: 0.326992 cumulative IPC: 0.320455 (Simulation time: 0 hr 25 min 44 sec) 
Heartbeat CPU 0 instructions: 360000000 cycles: 563695695 heartbeat IPC: 0.326835 cumulative IPC: 0.320847 (Simulation time: 0 hr 26 min 20 sec) 
Heartbeat CPU 0 instructions: 370000002 cycles: 594361197 heartbeat IPC: 0.326099 cumulative IPC: 0.321151 (Simulation time: 0 hr 26 min 59 sec) 
Heartbeat CPU 0 instructions: 380000003 cycles: 625284087 heartbeat IPC: 0.323385 cumulative IPC: 0.321274 (Simulation time: 0 hr 27 min 39 sec) 
Heartbeat CPU 0 instructions: 390000001 cycles: 656313606 heartbeat IPC: 0.322274 cumulative IPC: 0.321327 (Simulation time: 0 hr 28 min 18 sec) 
Heartbeat CPU 0 instructions: 400000001 cycles: 687684850 heartbeat IPC: 0.318763 cumulative IPC: 0.321198 (Simulation time: 0 hr 28 min 58 sec) 
Finished CPU 0 instructions: 200000001 cycles: 622669789 cumulative IPC: 0.321198 (Simulation time: 0 hr 28 min 58 sec) 

ChampSim completed all CPUs

Region of Interest Statistics

CPU 0 cumulative IPC: 0.321198 instructions: 200000001 cycles: 622669789
ITLB TOTAL     ACCESS:   26366454  HIT:   26366454  MISS:          0  HIT %:        100  MISS %:          0   MPKI: 0
ITLB LOAD TRANSLATION ACCESS:   26366454  HIT:   26366454  MISS:          0  HIT %:        100  MISS %:          0   MPKI: 0
ITLB PREFETCH  REQUESTED:          0  ISSUED:          0  USEFUL:          0  USELESS:          0
ITLB USEFUL LOAD PREFETCHES:          0 PREFETCH ISSUED TO LOWER LEVEL:          0  ACCURACY: -nan
ITLB TIMELY PREFETCHES:          0 LATE PREFETCHES: 0 DROPPED PREFETCHES: 0
ITLB PREFETCHES SAME FILL-ORIGIN LEVEL: 0 DIFFERENT FILL-ORIGIN LEVEL: 0
ITLB AVERAGE MISS LATENCY:       -nan cycles AVERAGE LOAD MISS LATENCY:       -nan cycles Load Miss          0
ITLB Average MSHR Occupancy: 3.53317e-08
ITLB RQ	ACCESS:   27664200	FORWARD:          0	MERGED:    1297747	TO_CACHE:   26366453

DTLB TOTAL     ACCESS:   53232676  HIT:   45408968  MISS:    7823708  HIT %:    85.3028  MISS %:    14.6972   MPKI: 39.1185
DTLB LOAD TRANSLATION ACCESS:   53232676  HIT:   45408968  MISS:    7823708  HIT %:    85.3028  MISS %:    14.6972   MPKI: 39.1185
DTLB PREFETCH  REQUESTED:          0  ISSUED:          0  USEFUL:          0  USELESS:          0
DTLB USEFUL LOAD PREFETCHES:          0 PREFETCH ISSUED TO LOWER LEVEL:          0  ACCURACY: -nan
DTLB TIMELY PREFETCHES:          0 LATE PREFETCHES: 0 DROPPED PREFETCHES: 0
DTLB PREFETCHES SAME FILL-ORIGIN LEVEL: 0 DIFFERENT FILL-ORIGIN LEVEL: 0
DTLB AVERAGE MISS LATENCY:    10.5824 cycles AVERAGE LOAD MISS LATENCY:       -nan cycles Load Miss          0
DTLB Average MSHR Occupancy:   0.113055
DTLB RQ	ACCESS:   66721457	FORWARD:          0	MERGED:   13342406	TO_CACHE:   53379051

STLB TOTAL     ACCESS:   14766491  HIT:   14659283  MISS:     107208  HIT %:     99.274  MISS %:   0.726022   MPKI: 0.53604
STLB LOAD TRANSLATION ACCESS:    7823708  HIT:    7717486  MISS:     106222  HIT %:    98.6423  MISS %:    1.35769   MPKI: 0.53111
STLB TRANSLATION FROM L1D PREFETCHER ACCESS:    6942783  HIT:    6941797  MISS:        986  HIT %:    99.9858  MISS %:  0.0142018   MPKI: 0.00493
STLB PREFETCH  REQUESTED:          0  ISSUED:          0  USEFUL:        621  USELESS:        379
STLB USEFUL LOAD PREFETCHES:        621 PREFETCH ISSUED TO LOWER LEVEL:          0  ACCURACY: inf
STLB TIMELY PREFETCHES:        621 LATE PREFETCHES: 4589 DROPPED PREFETCHES: 2005785
STLB PREFETCHES SAME FILL-ORIGIN LEVEL: 0 DIFFERENT FILL-ORIGIN LEVEL: 0
STLB AVERAGE MISS LATENCY:    87.7781 cycles AVERAGE LOAD MISS LATENCY:       -nan cycles Load Miss          0
STLB Average MSHR Occupancy:  0.0740722
STLB RQ	ACCESS:   45617168	FORWARD:          0	MERGED:   28700725	TO_CACHE:   16916443

STLB Hit, L1D data hit: 0
STLB Hit, L2C data hit: 0
STLB Hit, LLC data hit: 0
STLB Hit, LLC data miss: 0
STLB STLB hints to L2: 0
L1D TOTAL     ACCESS:   91689080  HIT:   76939725  MISS:   14749355  HIT %:    83.9137  MISS %:    16.0863   MPKI: 73.7468
L1D LOAD      ACCESS:   49550354  HIT:   39547601  MISS:   10002753  HIT %:     79.813  MISS %:     20.187   MPKI: 50.0138
L1D RFO       ACCESS:   16052562  HIT:   15463150  MISS:     589412  HIT %:    96.3282  MISS %:    3.67176   MPKI: 2.94706
L1D PREFETCH  ACCESS:   26086164  HIT:   21928974  MISS:    4157190  HIT %:    84.0636  MISS %:    15.9364   MPKI: 20.7859
AGUS PREFETCH L1 MISS: 0
L1D PREFETCH  REQUESTED:   94434828  ISSUED:   77157963  USEFUL:    4134435  USELESS:      22748
L1D USEFUL LOAD PREFETCHES:    4134435 PREFETCH ISSUED TO LOWER LEVEL:    6637060  ACCURACY: 62.2932
L1D TIMELY PREFETCHES:    4134435 LATE PREFETCHES: 81467 DROPPED PREFETCHES: 6479366
L1D PREFETCHES SAME FILL-ORIGIN LEVEL: 4238657 DIFFERENT FILL-ORIGIN LEVEL: 2398403
L1D AVERAGE MISS LATENCY:    53.6095 cycles AVERAGE LOAD MISS LATENCY:    25.6383 cycles Load Miss   10002753
L1D Average MSHR Occupancy:    1.48196
L1D RQ	ACCESS:   68161893	FORWARD:          0	MERGED:   16668057	TO_CACHE:   49679496
L1D WQ	ACCESS:   17128773	FORWARD:    1822639	MERGED:      86812	TO_CACHE:   17041961
L1D PQ	ACCESS:   39364503	FORWARD:          0	MERGED:    1562744	TO_CACHE:   37793460

L1D UNIQUE REGIONS ACCESSED: 0
L1D REGIONS CONFLICTS: 0
L1D Cross Page Prefetch Requests: 10282581
L1D Same Page Prefetch Requests: 61403707
L1D ROI Sum of L1D PQ occupancy: 700116785
L1D PREFETCHES PUSHED FROM L2C: 0
L1I TOTAL     ACCESS:   26770416  HIT:    8701309  MISS:   18069107  HIT %:    32.5035  MISS %:    67.4965   MPKI: 90.3455
L1I LOAD      ACCESS:   26770416  HIT:    8701309  MISS:   18069107  HIT %:    32.5035  MISS %:    67.4965   MPKI: 90.3455
L1I PREFETCH  REQUESTED:          0  ISSUED:          0  USEFUL:          0  USELESS:          0
L1I USEFUL LOAD PREFETCHES:          0 PREFETCH ISSUED TO LOWER LEVEL:          0  ACCURACY: -nan
L1I TIMELY PREFETCHES:          0 LATE PREFETCHES: 0 DROPPED PREFETCHES: 0
L1I PREFETCHES SAME FILL-ORIGIN LEVEL: 0 DIFFERENT FILL-ORIGIN LEVEL: 0
L1I AVERAGE MISS LATENCY:    14.1673 cycles AVERAGE LOAD MISS LATENCY:    14.1673 cycles Load Miss   18069107
L1I Average MSHR Occupancy:   0.391724
L1I RQ	ACCESS:   44806830	FORWARD:          0	MERGED:   17142630	TO_CACHE:   27664200

BTB TOTAL     ACCESS:   50207150  HIT:   48687151  MISS:    1519999  HIT %:    96.9725  MISS %:    3.02746   MPKI: 7.59999
BTB BRANCH_DIRECT_JUMP	ACCESS:    5975655  HIT:    5975618  MISS:         37
BTB BRANCH_INDIRECT	ACCESS:          0  HIT:          0  MISS:          0
BTB BRANCH_CONDITIONAL	ACCESS:   36785252  HIT:   36785173  MISS:         79
BTB BRANCH_DIRECT_CALL	ACCESS:    3479095  HIT:    3479077  MISS:         18
BTB BRANCH_INDIRECT_CALL	ACCESS:     244024  HIT:     244016  MISS:          8
BTB BRANCH_RETURN	ACCESS:    3723124  HIT:    2203267  MISS:    1519857
BTB BRANCH_OTHER ACCESS:          0  HIT:          0  MISS:          0

L2C TOTAL     ACCESS:   37742217  HIT:   31998384  MISS:    5743833  HIT %:    84.7814  MISS %:    15.2186   MPKI: 28.7192
L2C LOAD      ACCESS:   27990375  HIT:   26606643  MISS:    1383732  HIT %:    95.0564  MISS %:     4.9436   MPKI: 6.91866
L2C DATA LOAD MPKI: 6.9179
L2C INSTRUCTION LOAD MPKI: 0.000755
L2C RFO       ACCESS:     589410  HIT:     585525  MISS:       3885  HIT %:    99.3409  MISS %:   0.659134   MPKI: 0.019425
L2C PREFETCH  ACCESS:    6136574  HIT:    1795932  MISS:    4340642  HIT %:     29.266  MISS %:     70.734   MPKI: 21.7032
AGUS PREFETCH L1 MISS: 0
L2C DATA PREFETCH MPKI: 21.7032
L2C INSTRUCTION PREFETCH MPKI: 0
L2C WRITEBACK ACCESS:     904489  HIT:     904475  MISS:         14  HIT %:    99.9985  MISS %: 0.00154784   MPKI: 7e-05
L2C LOAD TRANSLATION ACCESS:     107018  HIT:     101097  MISS:       5921  HIT %:    94.4673  MISS %:    5.53271   MPKI: 0.029605
L2C TRANSLATION FROM L1D PREFETCHER ACCESS:    2014351  HIT:    2004712  MISS:       9639  HIT %:    99.5215  MISS %:   0.478516   MPKI: 0.048195
L2C PREFETCH  REQUESTED:          0  ISSUED:          0  USEFUL:     444557  USELESS:    3902951
L2C USEFUL LOAD PREFETCHES:     444557 PREFETCH ISSUED TO LOWER LEVEL:    4389281  ACCURACY: 10.1282
L2C TIMELY PREFETCHES:     444557 LATE PREFETCHES: 48639 DROPPED PREFETCHES: 0
L2C PREFETCHES SAME FILL-ORIGIN LEVEL: 1146366 DIFFERENT FILL-ORIGIN LEVEL: 0
L2C AVERAGE MISS LATENCY:    124.208 cycles AVERAGE LOAD MISS LATENCY:    76.3227 cycles Load Miss    1383732
L2C Average MSHR Occupancy:    1.14634
L2C RQ	ACCESS:   30701176	FORWARD:          0	MERGED:          0	TO_CACHE:   30701156
L2C WQ	ACCESS:     904489	FORWARD:         20	MERGED:          0	TO_CACHE:     904489
L2C PQ	ACCESS:    6637060	FORWARD:          0	MERGED:        399	TO_CACHE:    6636661

L2C Instructions Evicting Data 151
L2C Translations Evicting Data 15513
L2C Data Evicting Data 5712426
L2C Instructions Evicting Instructions 0
L2C Translations Evicting Instructions 3
L2C Data Evicting Instructions 150
L2C Instructions Evicting Translations 0
L2C Translations Evicting Translations 44
L2C Data Evicting Translations 15532
L2C Dense regions hint from L2: 0
PSCL5 TOTAL     ACCESS:    2117581  HIT:    2117581  MISS:          0  HIT %:        100  MISS %:          0   MPKI: 0
PSCL5 LOAD TRANSLATION ACCESS:     106220  HIT:     106220  MISS:          0  HIT %:        100  MISS %:          0   MPKI: 0
PSCL5 TRANSLATION FROM L1D PREFETCHER ACCESS:    2011361  HIT:    2011361  MISS:          0  HIT %:        100  MISS %:          0   MPKI: 0
PSCL5 PREFETCH  REQUESTED:          0  ISSUED:          0  USEFUL:          0  USELESS:          0
PSCL5 USEFUL LOAD PREFETCHES:          0 PREFETCH ISSUED TO LOWER LEVEL:          0  ACCURACY: -nan
PSCL5 TIMELY PREFETCHES:          0 LATE PREFETCHES: 0 DROPPED PREFETCHES: 0
PSCL5 PREFETCHES SAME FILL-ORIGIN LEVEL: 0 DIFFERENT FILL-ORIGIN LEVEL: 0

PSCL4 TOTAL     ACCESS:    2117581  HIT:    2117581  MISS:          0  HIT %:        100  MISS %:          0   MPKI: 0
PSCL4 LOAD TRANSLATION ACCESS:     106220  HIT:     106220  MISS:          0  HIT %:        100  MISS %:          0   MPKI: 0
PSCL4 TRANSLATION FROM L1D PREFETCHER ACCESS:    2011361  HIT:    2011361  MISS:          0  HIT %:        100  MISS %:          0   MPKI: 0
PSCL4 PREFETCH  REQUESTED:          0  ISSUED:          0  USEFUL:          0  USELESS:          0
PSCL4 USEFUL LOAD PREFETCHES:          0 PREFETCH ISSUED TO LOWER LEVEL:          0  ACCURACY: -nan
PSCL4 TIMELY PREFETCHES:          0 LATE PREFETCHES: 0 DROPPED PREFETCHES: 0
PSCL4 PREFETCHES SAME FILL-ORIGIN LEVEL: 0 DIFFERENT FILL-ORIGIN LEVEL: 0

PSCL3 TOTAL     ACCESS:    2117581  HIT:    2117581  MISS:          0  HIT %:        100  MISS %:          0   MPKI: 0
PSCL3 LOAD TRANSLATION ACCESS:     106220  HIT:     106220  MISS:          0  HIT %:        100  MISS %:          0   MPKI: 0
PSCL3 TRANSLATION FROM L1D PREFETCHER ACCESS:    2011361  HIT:    2011361  MISS:          0  HIT %:        100  MISS %:          0   MPKI: 0
PSCL3 PREFETCH  REQUESTED:          0  ISSUED:          0  USEFUL:          0  USELESS:          0
PSCL3 USEFUL LOAD PREFETCHES:          0 PREFETCH ISSUED TO LOWER LEVEL:          0  ACCURACY: -nan
PSCL3 TIMELY PREFETCHES:          0 LATE PREFETCHES: 0 DROPPED PREFETCHES: 0
PSCL3 PREFETCHES SAME FILL-ORIGIN LEVEL: 0 DIFFERENT FILL-ORIGIN LEVEL: 0

PSCL2 TOTAL     ACCESS:    2112150  HIT:    2111102  MISS:       1048  HIT %:    99.9504  MISS %:  0.0496177   MPKI: 0.00524
PSCL2 LOAD TRANSLATION ACCESS:     106249  HIT:     105201  MISS:       1048  HIT %:    99.0136  MISS %:   0.986362   MPKI: 0.00524
PSCL2 TRANSLATION FROM L1D PREFETCHER ACCESS:    2005901  HIT:    2005901  MISS:          0  HIT %:        100  MISS %:          0   MPKI: 0
PSCL2 PREFETCH  REQUESTED:          0  ISSUED:          0  USEFUL:          0  USELESS:          0
PSCL2 USEFUL LOAD PREFETCHES:          0 PREFETCH ISSUED TO LOWER LEVEL:          0  ACCURACY: -nan
PSCL2 TIMELY PREFETCHES:          0 LATE PREFETCHES: 0 DROPPED PREFETCHES: 0
PSCL2 PREFETCHES SAME FILL-ORIGIN LEVEL: 0 DIFFERENT FILL-ORIGIN LEVEL: 0

LLC TOTAL     ACCESS:    5797955  HIT:    1086278  MISS:    4711677  HIT %:    18.7355  MISS %:    81.2645   MPKI: 23.5584
LLC LOAD      ACCESS:    1335093  HIT:    1012459  MISS:     322634  HIT %:    75.8343  MISS %:    24.1657   MPKI: 1.61317
LLC RFO       ACCESS:       3885  HIT:       2140  MISS:       1745  HIT %:    55.0837  MISS %:    44.9163   MPKI: 0.008725
LLC PREFETCH  ACCESS:    4389281  HIT:      19387  MISS:    4369894  HIT %:    0.44169  MISS %:    99.5583   MPKI: 21.8495
AGUS PREFETCH L1 MISS: 0
LLC WRITEBACK ACCESS:      54136  HIT:      48180  MISS:       5956  HIT %:    88.9981  MISS %:    11.0019   MPKI: 0.02978
LLC LOAD TRANSLATION ACCESS:       5921  HIT:       3810  MISS:       2111  HIT %:    64.3472  MISS %:    35.6528   MPKI: 0.010555
LLC TRANSLATION FROM L1D PREFETCHER ACCESS:       9639  HIT:        302  MISS:       9337  HIT %:    3.13311  MISS %:    96.8669   MPKI: 0.046685
LLC PREFETCH  REQUESTED:          0  ISSUED:          0  USEFUL:        819  USELESS:       6620
LLC USEFUL LOAD PREFETCHES:        819 PREFETCH ISSUED TO LOWER LEVEL:    4369894  ACCURACY: 0.0187419
LLC TIMELY PREFETCHES:        819 LATE PREFETCHES: 0 DROPPED PREFETCHES: 0
LLC PREFETCHES SAME FILL-ORIGIN LEVEL: 0 DIFFERENT FILL-ORIGIN LEVEL: 0
LLC AVERAGE MISS LATENCY:    97.1039 cycles AVERAGE LOAD MISS LATENCY:      126.3 cycles Load Miss     322634
LLC Average MSHR Occupancy:   0.727218
LLC RQ	ACCESS:    1354538	FORWARD:          0	MERGED:          0	TO_CACHE:    1354538
LLC WQ	ACCESS:      54136	FORWARD:          0	MERGED:          0	TO_CACHE:      54136
LLC PQ	ACCESS:    4389281	FORWARD:          0	MERGED:          0	TO_CACHE:    4389281

LLC Dense regions hint to LLC: 0

RAW hits: 2375797
Loads Generated: 70537690
Loads sent to L1D: 68161893
Stores Generated: 17128735
Stores sent to L1D: 17128773
Major fault: 0 Minor fault: 133492
Allocated PAGES: 133492
================ Mockingjay (LLC) Pollution Stats ================
Total pollution count in LLC: 20764
==================================================================

DRAM Statistics
 CHANNEL 0
 RQ ROW_BUFFER_HIT:    4498787  ROW_BUFFER_MISS:     206934
 DBUS_CONGESTED:        555
 WQ ROW_BUFFER_HIT:       1467  ROW_BUFFER_MISS:       4622  FULL:          0

 AVG_CONGESTED_CYCLE: 5
 All warmup complete: 2
Channel 0 Bank busy for read cycles: 0
Channel 0 Bank busy for write cycles: 0
Channel 0
Rank 0
0banks busy for read cycles: 521420633
0banks busy for write cycles: 5732
1banks busy for read cycles: 46989201
1banks busy for write cycles: 1137539
2banks busy for read cycles: 18014013
2banks busy for write cycles: 32694
3banks busy for read cycles: 9073671
3banks busy for write cycles: 3277
4banks busy for read cycles: 6791751
4banks busy for write cycles: 788
5banks busy for read cycles: 6684580
5banks busy for write cycles: 616
6banks busy for read cycles: 5887936
6banks busy for write cycles: 154
7banks busy for read cycles: 3183011
7banks busy for write cycles: 341
8banks busy for read cycles: 3443853
8banks busy for write cycles: 0

CPU 0 Branch Prediction Accuracy: 94.7619% MPKI: 13.6428 Average ROB Occupancy at Mispredict: 8.93181
Branch types
NOT_BRANCH: 147908583 73.9543%
BRANCH_DIRECT_JUMP: 5975655 2.98783%
BRANCH_INDIRECT: 0 0%
BRANCH_CONDITIONAL: 38668973 19.3345%
BRANCH_DIRECT_CALL: 3479095 1.73955%
BRANCH_INDIRECT_CALL: 244024 0.122012%
BRANCH_RETURN: 3723124 1.86156%
BRANCH_OTHER: 0 0%

===================== LRU L1D STATS =====================
Total pollution count in L1D: 3572674
=========================================================
================ SRRIP (L2C) Pollution Stats ================
Total pollution count in L2c: 1986633
==================================================================
DRAM PAGES: 1048576
Allocated PAGES: 133492
