
*** ChampSim Multicore Out-of-Order Simulator ***

Warmup Instructions: 200000000
Simulation Instructions: 200000000
Number of CPUs: 1
LLC sets: 4096
LLC ways: 12
Off-chip DRAM Size: 4096 MB Channels: 1 Width: 64-bit Data Rate: 6400 MT/s
CPU 0 runs ./tracer/traces/605.mcf_s-484B.champsimtrace.xz
.xz
BTB has LRU replacement policy
ITLB has LRU replacement policy
DTLB has LRU replacement policy
STLB has LRU replacement policy
L1I has LRU replacement policy
History Sets: 8
History Ways: 16
BERTI Size: 16
BERTI Stride Size: 16
L1D has LRU replacement policy
Initialize SRRIP state for L2C
Initialize Mockingjay state for LLC
Heartbeat CPU 0 instructions: 10000001 cycles: 3355115 heartbeat IPC: 2.98052 cumulative IPC: 2.98052 (Simulation time: 0 hr 0 min 58 sec) 
Heartbeat CPU 0 instructions: 20000000 cycles: 6708524 heartbeat IPC: 2.98204 cumulative IPC: 2.98128 (Simulation time: 0 hr 1 min 44 sec) 
Heartbeat CPU 0 instructions: 30000001 cycles: 9997563 heartbeat IPC: 3.0404 cumulative IPC: 3.00073 (Simulation time: 0 hr 2 min 32 sec) 
Heartbeat CPU 0 instructions: 40000000 cycles: 13344693 heartbeat IPC: 2.98763 cumulative IPC: 2.99745 (Simulation time: 0 hr 3 min 17 sec) 
Heartbeat CPU 0 instructions: 50000004 cycles: 16676396 heartbeat IPC: 3.00147 cumulative IPC: 2.99825 (Simulation time: 0 hr 4 min 4 sec) 
Heartbeat CPU 0 instructions: 60000001 cycles: 20001119 heartbeat IPC: 3.00777 cumulative IPC: 2.99983 (Simulation time: 0 hr 4 min 49 sec) 
Heartbeat CPU 0 instructions: 70000007 cycles: 23338879 heartbeat IPC: 2.99602 cumulative IPC: 2.99929 (Simulation time: 0 hr 5 min 37 sec) 
Heartbeat CPU 0 instructions: 80000000 cycles: 26726227 heartbeat IPC: 2.95216 cumulative IPC: 2.99331 (Simulation time: 0 hr 6 min 23 sec) 
Heartbeat CPU 0 instructions: 90000000 cycles: 30051591 heartbeat IPC: 3.00719 cumulative IPC: 2.99485 (Simulation time: 0 hr 7 min 8 sec) 
Heartbeat CPU 0 instructions: 100000006 cycles: 33363840 heartbeat IPC: 3.0191 cumulative IPC: 2.99726 (Simulation time: 0 hr 7 min 52 sec) 
Heartbeat CPU 0 instructions: 110000007 cycles: 36667759 heartbeat IPC: 3.02671 cumulative IPC: 2.99991 (Simulation time: 0 hr 8 min 39 sec) 
Heartbeat CPU 0 instructions: 120000001 cycles: 39990902 heartbeat IPC: 3.0092 cumulative IPC: 3.00068 (Simulation time: 0 hr 9 min 36 sec) 
Heartbeat CPU 0 instructions: 130000000 cycles: 43312345 heartbeat IPC: 3.01074 cumulative IPC: 3.00145 (Simulation time: 0 hr 10 min 32 sec) 
Heartbeat CPU 0 instructions: 140000001 cycles: 46616517 heartbeat IPC: 3.02648 cumulative IPC: 3.00323 (Simulation time: 0 hr 11 min 16 sec) 
Heartbeat CPU 0 instructions: 150000001 cycles: 49925378 heartbeat IPC: 3.02219 cumulative IPC: 3.00448 (Simulation time: 0 hr 11 min 58 sec) 
Heartbeat CPU 0 instructions: 160000006 cycles: 53260062 heartbeat IPC: 2.99879 cumulative IPC: 3.00413 (Simulation time: 0 hr 12 min 40 sec) 
Heartbeat CPU 0 instructions: 170000000 cycles: 56575847 heartbeat IPC: 3.01588 cumulative IPC: 3.00482 (Simulation time: 0 hr 13 min 24 sec) 
Heartbeat CPU 0 instructions: 180000000 cycles: 59873685 heartbeat IPC: 3.03229 cumulative IPC: 3.00633 (Simulation time: 0 hr 14 min 7 sec) 
Heartbeat CPU 0 instructions: 190000000 cycles: 63185670 heartbeat IPC: 3.01934 cumulative IPC: 3.00701 (Simulation time: 0 hr 14 min 50 sec) 
Heartbeat CPU 0 instructions: 200000001 cycles: 66489883 heartbeat IPC: 3.02644 cumulative IPC: 3.00798 (Simulation time: 0 hr 15 min 41 sec) 

Warmup complete CPU 0 instructions: 200000001 cycles: 66489883 (Simulation time: 0 hr 15 min 41 sec) 

Heartbeat CPU 0 instructions: 210000002 cycles: 92954496 heartbeat IPC: 0.377863 cumulative IPC: 0.377863 (Simulation time: 0 hr 16 min 49 sec) 
Heartbeat CPU 0 instructions: 220000003 cycles: 111395675 heartbeat IPC: 0.542265 cumulative IPC: 0.445377 (Simulation time: 0 hr 17 min 58 sec) 
Heartbeat CPU 0 instructions: 230000002 cycles: 134624572 heartbeat IPC: 0.430498 cumulative IPC: 0.440304 (Simulation time: 0 hr 18 min 57 sec) 
Heartbeat CPU 0 instructions: 240000000 cycles: 157027661 heartbeat IPC: 0.446367 cumulative IPC: 0.441805 (Simulation time: 0 hr 20 min 0 sec) 
Heartbeat CPU 0 instructions: 250000001 cycles: 179428369 heartbeat IPC: 0.446415 cumulative IPC: 0.442719 (Simulation time: 0 hr 21 min 4 sec) 
Heartbeat CPU 0 instructions: 260000001 cycles: 197889105 heartbeat IPC: 0.54169 cumulative IPC: 0.456624 (Simulation time: 0 hr 22 min 2 sec) 
Heartbeat CPU 0 instructions: 270000000 cycles: 224716359 heartbeat IPC: 0.372755 cumulative IPC: 0.442404 (Simulation time: 0 hr 23 min 6 sec) 
Heartbeat CPU 0 instructions: 280000001 cycles: 246101285 heartbeat IPC: 0.467619 cumulative IPC: 0.445406 (Simulation time: 0 hr 24 min 5 sec) 
Heartbeat CPU 0 instructions: 290000007 cycles: 269054623 heartbeat IPC: 0.435667 cumulative IPC: 0.444302 (Simulation time: 0 hr 25 min 5 sec) 
Heartbeat CPU 0 instructions: 300000002 cycles: 289315305 heartbeat IPC: 0.493567 cumulative IPC: 0.448782 (Simulation time: 0 hr 26 min 3 sec) 
Heartbeat CPU 0 instructions: 310000000 cycles: 309831045 heartbeat IPC: 0.487431 cumulative IPC: 0.45204 (Simulation time: 0 hr 26 min 59 sec) 
Heartbeat CPU 0 instructions: 320000003 cycles: 334233471 heartbeat IPC: 0.409795 cumulative IPC: 0.44819 (Simulation time: 0 hr 28 min 0 sec) 
Heartbeat CPU 0 instructions: 330000001 cycles: 355569819 heartbeat IPC: 0.468684 cumulative IPC: 0.449703 (Simulation time: 0 hr 28 min 56 sec) 
Heartbeat CPU 0 instructions: 340000003 cycles: 377484146 heartbeat IPC: 0.456323 cumulative IPC: 0.450169 (Simulation time: 0 hr 29 min 56 sec) 
Heartbeat CPU 0 instructions: 350000003 cycles: 400514187 heartbeat IPC: 0.434215 cumulative IPC: 0.449069 (Simulation time: 0 hr 30 min 54 sec) 
Heartbeat CPU 0 instructions: 360000000 cycles: 421163500 heartbeat IPC: 0.484277 cumulative IPC: 0.451119 (Simulation time: 0 hr 31 min 49 sec) 
Heartbeat CPU 0 instructions: 370000000 cycles: 443323575 heartbeat IPC: 0.451262 cumulative IPC: 0.451127 (Simulation time: 0 hr 32 min 44 sec) 
Heartbeat CPU 0 instructions: 380000001 cycles: 462185089 heartbeat IPC: 0.53018 cumulative IPC: 0.454896 (Simulation time: 0 hr 33 min 40 sec) 
Heartbeat CPU 0 instructions: 390000002 cycles: 486717834 heartbeat IPC: 0.407619 cumulative IPC: 0.452136 (Simulation time: 0 hr 34 min 37 sec) 
Heartbeat CPU 0 instructions: 400000001 cycles: 509976089 heartbeat IPC: 0.429955 cumulative IPC: 0.450972 (Simulation time: 0 hr 35 min 33 sec) 
Finished CPU 0 instructions: 200000000 cycles: 443486206 cumulative IPC: 0.450972 (Simulation time: 0 hr 35 min 33 sec) 

ChampSim completed all CPUs

Region of Interest Statistics

CPU 0 cumulative IPC: 0.450972 instructions: 200000000 cycles: 443486206
ITLB TOTAL     ACCESS:   29802250  HIT:   29802250  MISS:          0  HIT %:        100  MISS %:          0   MPKI: 0
ITLB LOAD TRANSLATION ACCESS:   29802250  HIT:   29802250  MISS:          0  HIT %:        100  MISS %:          0   MPKI: 0
ITLB PREFETCH  REQUESTED:          0  ISSUED:          0  USEFUL:          0  USELESS:          0
ITLB USEFUL LOAD PREFETCHES:          0 PREFETCH ISSUED TO LOWER LEVEL:          0  ACCURACY: -nan
ITLB TIMELY PREFETCHES:          0 LATE PREFETCHES: 0 DROPPED PREFETCHES: 0
ITLB PREFETCHES SAME FILL-ORIGIN LEVEL: 0 DIFFERENT FILL-ORIGIN LEVEL: 0
ITLB AVERAGE MISS LATENCY:       -nan cycles AVERAGE LOAD MISS LATENCY:       -nan cycles Load Miss          0
ITLB Average MSHR Occupancy: 4.28424e-08
ITLB RQ	ACCESS:   32016569	FORWARD:          0	MERGED:    2214319	TO_CACHE:   29802250

DTLB TOTAL     ACCESS:   54485759  HIT:   53753124  MISS:     732635  HIT %:    98.6554  MISS %:    1.34464   MPKI: 3.66317
DTLB LOAD TRANSLATION ACCESS:   54485759  HIT:   53753124  MISS:     732635  HIT %:    98.6554  MISS %:    1.34464   MPKI: 3.66317
DTLB PREFETCH  REQUESTED:          0  ISSUED:          0  USEFUL:          0  USELESS:          0
DTLB USEFUL LOAD PREFETCHES:          0 PREFETCH ISSUED TO LOWER LEVEL:          0  ACCURACY: -nan
DTLB TIMELY PREFETCHES:          0 LATE PREFETCHES: 0 DROPPED PREFETCHES: 0
DTLB PREFETCHES SAME FILL-ORIGIN LEVEL: 0 DIFFERENT FILL-ORIGIN LEVEL: 0
DTLB AVERAGE MISS LATENCY:    18.9258 cycles AVERAGE LOAD MISS LATENCY:       -nan cycles Load Miss          0
DTLB Average MSHR Occupancy:  0.0189881
DTLB RQ	ACCESS:   94826386	FORWARD:          0	MERGED:   40323991	TO_CACHE:   54502395

STLB TOTAL     ACCESS:   10333798  HIT:   10181943  MISS:     151855  HIT %:    98.5305  MISS %:     1.4695   MPKI: 0.759275
STLB LOAD TRANSLATION ACCESS:     732635  HIT:     680980  MISS:      51655  HIT %:    92.9494  MISS %:    7.05058   MPKI: 0.258275
STLB TRANSLATION FROM L1D PREFETCHER ACCESS:    9601163  HIT:    9500963  MISS:     100200  HIT %:    98.9564  MISS %:    1.04362   MPKI: 0.501
STLB PREFETCH  REQUESTED:          0  ISSUED:          0  USEFUL:     100183  USELESS:         18
STLB USEFUL LOAD PREFETCHES:     100183 PREFETCH ISSUED TO LOWER LEVEL:          0  ACCURACY: inf
STLB TIMELY PREFETCHES:     100183 LATE PREFETCHES: 169 DROPPED PREFETCHES: 142941
STLB PREFETCHES SAME FILL-ORIGIN LEVEL: 0 DIFFERENT FILL-ORIGIN LEVEL: 0
STLB AVERAGE MISS LATENCY:     67.528 cycles AVERAGE LOAD MISS LATENCY:       -nan cycles Load Miss          0
STLB Average MSHR Occupancy:  0.0199344
STLB RQ	ACCESS:   24904967	FORWARD:          0	MERGED:   14401206	TO_CACHE:   10503761

STLB Hit, L1D data hit: 0
STLB Hit, L2C data hit: 0
STLB Hit, LLC data hit: 0
STLB Hit, LLC data miss: 0
STLB STLB hints to L2: 0
L1D TOTAL     ACCESS:  106321791  HIT:  100566322  MISS:    5755469  HIT %:    94.5867  MISS %:    5.41325   MPKI: 28.7773
L1D LOAD      ACCESS:   38219611  HIT:   35924717  MISS:    2294894  HIT %:    93.9955  MISS %:    6.00449   MPKI: 11.4745
L1D RFO       ACCESS:   54835024  HIT:   54346596  MISS:     488428  HIT %:    99.1093  MISS %:   0.890723   MPKI: 2.44214
L1D PREFETCH  ACCESS:   13267156  HIT:   10295009  MISS:    2972147  HIT %:    77.5977  MISS %:    22.4023   MPKI: 14.8607
AGUS PREFETCH L1 MISS: 0
L1D PREFETCH  REQUESTED:   75826082  ISSUED:   48705846  USEFUL:    2710510  USELESS:     261693
L1D USEFUL LOAD PREFETCHES:    2710510 PREFETCH ISSUED TO LOWER LEVEL:   12916489  ACCURACY: 20.9849
L1D TIMELY PREFETCHES:    2710510 LATE PREFETCHES: 199830 DROPPED PREFETCHES: 195764
L1D PREFETCHES SAME FILL-ORIGIN LEVEL: 3181068 DIFFERENT FILL-ORIGIN LEVEL: 9735421
L1D AVERAGE MISS LATENCY:    118.928 cycles AVERAGE LOAD MISS LATENCY:    101.826 cycles Load Miss    2294894
L1D Average MSHR Occupancy:    1.68422
L1D RQ	ACCESS:   62658784	FORWARD:          0	MERGED:   24334676	TO_CACHE:   38300369
L1D WQ	ACCESS:   57345535	FORWARD:      23747	MERGED:     819518	TO_CACHE:   56526017
L1D PQ	ACCESS:   24533514	FORWARD:          0	MERGED:     361174	TO_CACHE:   24172332

L1D UNIQUE REGIONS ACCESSED: 0
L1D REGIONS CONFLICTS: 0
L1D Cross Page Prefetch Requests: 7979219
L1D Same Page Prefetch Requests: 36016556
L1D ROI Sum of L1D PQ occupancy: 366817690
L1D PREFETCHES PUSHED FROM L2C: 0
L1I TOTAL     ACCESS:   32016566  HIT:   32015954  MISS:        612  HIT %:    99.9981  MISS %: 0.00191151   MPKI: 0.00306
L1I LOAD      ACCESS:   32016566  HIT:   32015954  MISS:        612  HIT %:    99.9981  MISS %: 0.00191151   MPKI: 0.00306
L1I PREFETCH  REQUESTED:          0  ISSUED:          0  USEFUL:          0  USELESS:          0
L1I USEFUL LOAD PREFETCHES:          0 PREFETCH ISSUED TO LOWER LEVEL:          0  ACCURACY: -nan
L1I TIMELY PREFETCHES:          0 LATE PREFETCHES: 0 DROPPED PREFETCHES: 0
L1I PREFETCHES SAME FILL-ORIGIN LEVEL: 0 DIFFERENT FILL-ORIGIN LEVEL: 0
L1I AVERAGE MISS LATENCY:    49.8595 cycles AVERAGE LOAD MISS LATENCY:    49.8595 cycles Load Miss        612
L1I Average MSHR Occupancy: 6.77067e-05
L1I RQ	ACCESS:   58379087	FORWARD:          0	MERGED:   26362518	TO_CACHE:   32016569

BTB TOTAL     ACCESS:   19471544  HIT:   19471510  MISS:         34  HIT %:    99.9998  MISS %: 0.000174614   MPKI: 0.00017
BTB BRANCH_DIRECT_JUMP	ACCESS:     995293  HIT:     995287  MISS:          6
BTB BRANCH_INDIRECT	ACCESS:          0  HIT:          0  MISS:          0
BTB BRANCH_CONDITIONAL	ACCESS:   18476063  HIT:   18476039  MISS:         24
BTB BRANCH_DIRECT_CALL	ACCESS:         94  HIT:         92  MISS:          2
BTB BRANCH_INDIRECT_CALL	ACCESS:          0  HIT:          0  MISS:          0
BTB BRANCH_RETURN	ACCESS:         94  HIT:         92  MISS:          2
BTB BRANCH_OTHER ACCESS:          0  HIT:          0  MISS:          0

L2C TOTAL     ACCESS:   15379562  HIT:    8923929  MISS:    6455633  HIT %:    58.0246  MISS %:    41.9754   MPKI: 32.2782
L2C LOAD      ACCESS:    2095631  HIT:    1052053  MISS:    1043578  HIT %:    50.2022  MISS %:    49.7978   MPKI: 5.21789
L2C DATA LOAD MPKI: 5.21554
L2C INSTRUCTION LOAD MPKI: 0.00235
L2C RFO       ACCESS:     488378  HIT:      22878  MISS:     465500  HIT %:    4.68449  MISS %:    95.3155   MPKI: 2.3275
L2C PREFETCH  ACCESS:   11185601  HIT:    6262028  MISS:    4923573  HIT %:    55.9829  MISS %:    44.0171   MPKI: 24.6179
AGUS PREFETCH L1 MISS: 0
L2C DATA PREFETCH MPKI: 24.6179
L2C INSTRUCTION PREFETCH MPKI: 0
L2C WRITEBACK ACCESS:    1289605  HIT:    1288453  MISS:       1152  HIT %:    99.9107  MISS %:  0.0893297   MPKI: 0.00576
L2C LOAD TRANSLATION ACCESS:      52274  HIT:      44786  MISS:       7488  HIT %:    85.6755  MISS %:    14.3245   MPKI: 0.03744
L2C TRANSLATION FROM L1D PREFETCHER ACCESS:     268073  HIT:     253731  MISS:      14342  HIT %:      94.65  MISS %:    5.35004   MPKI: 0.07171
L2C PREFETCH  REQUESTED:          0  ISSUED:          0  USEFUL:     969537  USELESS:    3975952
L2C USEFUL LOAD PREFETCHES:     969537 PREFETCH ISSUED TO LOWER LEVEL:    5063082  ACCURACY: 19.1491
L2C TIMELY PREFETCHES:     969537 LATE PREFETCHES: 139508 DROPPED PREFETCHES: 0
L2C PREFETCHES SAME FILL-ORIGIN LEVEL: 3433417 DIFFERENT FILL-ORIGIN LEVEL: 0
L2C AVERAGE MISS LATENCY:    196.929 cycles AVERAGE LOAD MISS LATENCY:    194.855 cycles Load Miss    1043578
L2C Average MSHR Occupancy:    2.89377
L2C RQ	ACCESS:    2904407	FORWARD:          0	MERGED:          0	TO_CACHE:    2904357
L2C WQ	ACCESS:    1289605	FORWARD:         58	MERGED:          0	TO_CACHE:    1289605
L2C PQ	ACCESS:   12634271	FORWARD:          0	MERGED:      30423	TO_CACHE:   12603840

L2C Instructions Evicting Data 470
L2C Translations Evicting Data 21774
L2C Data Evicting Data 6409817
L2C Instructions Evicting Instructions 0
L2C Translations Evicting Instructions 1
L2C Data Evicting Instructions 474
L2C Instructions Evicting Translations 0
L2C Translations Evicting Translations 55
L2C Data Evicting Translations 21890
L2C Dense regions hint from L2: 0
PSCL5 TOTAL     ACCESS:     294845  HIT:     294845  MISS:          0  HIT %:        100  MISS %:          0   MPKI: 0
PSCL5 LOAD TRANSLATION ACCESS:      51535  HIT:      51535  MISS:          0  HIT %:        100  MISS %:          0   MPKI: 0
PSCL5 TRANSLATION FROM L1D PREFETCHER ACCESS:     243310  HIT:     243310  MISS:          0  HIT %:        100  MISS %:          0   MPKI: 0
PSCL5 PREFETCH  REQUESTED:          0  ISSUED:          0  USEFUL:          0  USELESS:          0
PSCL5 USEFUL LOAD PREFETCHES:          0 PREFETCH ISSUED TO LOWER LEVEL:          0  ACCURACY: -nan
PSCL5 TIMELY PREFETCHES:          0 LATE PREFETCHES: 0 DROPPED PREFETCHES: 0
PSCL5 PREFETCHES SAME FILL-ORIGIN LEVEL: 0 DIFFERENT FILL-ORIGIN LEVEL: 0

PSCL4 TOTAL     ACCESS:     294845  HIT:     294845  MISS:          0  HIT %:        100  MISS %:          0   MPKI: 0
PSCL4 LOAD TRANSLATION ACCESS:      51535  HIT:      51535  MISS:          0  HIT %:        100  MISS %:          0   MPKI: 0
PSCL4 TRANSLATION FROM L1D PREFETCHER ACCESS:     243310  HIT:     243310  MISS:          0  HIT %:        100  MISS %:          0   MPKI: 0
PSCL4 PREFETCH  REQUESTED:          0  ISSUED:          0  USEFUL:          0  USELESS:          0
PSCL4 USEFUL LOAD PREFETCHES:          0 PREFETCH ISSUED TO LOWER LEVEL:          0  ACCURACY: -nan
PSCL4 TIMELY PREFETCHES:          0 LATE PREFETCHES: 0 DROPPED PREFETCHES: 0
PSCL4 PREFETCHES SAME FILL-ORIGIN LEVEL: 0 DIFFERENT FILL-ORIGIN LEVEL: 0

PSCL3 TOTAL     ACCESS:     294845  HIT:     294845  MISS:          0  HIT %:        100  MISS %:          0   MPKI: 0
PSCL3 LOAD TRANSLATION ACCESS:      51535  HIT:      51535  MISS:          0  HIT %:        100  MISS %:          0   MPKI: 0
PSCL3 TRANSLATION FROM L1D PREFETCHER ACCESS:     243310  HIT:     243310  MISS:          0  HIT %:        100  MISS %:          0   MPKI: 0
PSCL3 PREFETCH  REQUESTED:          0  ISSUED:          0  USEFUL:          0  USELESS:          0
PSCL3 USEFUL LOAD PREFETCHES:          0 PREFETCH ISSUED TO LOWER LEVEL:          0  ACCURACY: -nan
PSCL3 TIMELY PREFETCHES:          0 LATE PREFETCHES: 0 DROPPED PREFETCHES: 0
PSCL3 PREFETCHES SAME FILL-ORIGIN LEVEL: 0 DIFFERENT FILL-ORIGIN LEVEL: 0

PSCL2 TOTAL     ACCESS:     269966  HIT:     268902  MISS:       1064  HIT %:    99.6059  MISS %:   0.394124   MPKI: 0.00532
PSCL2 LOAD TRANSLATION ACCESS:      51743  HIT:      50679  MISS:       1064  HIT %:    97.9437  MISS %:    2.05632   MPKI: 0.00532
PSCL2 TRANSLATION FROM L1D PREFETCHER ACCESS:     218223  HIT:     218223  MISS:          0  HIT %:        100  MISS %:          0   MPKI: 0
PSCL2 PREFETCH  REQUESTED:          0  ISSUED:          0  USEFUL:          0  USELESS:          0
PSCL2 USEFUL LOAD PREFETCHES:          0 PREFETCH ISSUED TO LOWER LEVEL:          0  ACCURACY: -nan
PSCL2 TIMELY PREFETCHES:          0 LATE PREFETCHES: 0 DROPPED PREFETCHES: 0
PSCL2 PREFETCHES SAME FILL-ORIGIN LEVEL: 0 DIFFERENT FILL-ORIGIN LEVEL: 0

LLC TOTAL     ACCESS:    7655931  HIT:    1867572  MISS:    5788359  HIT %:    24.3938  MISS %:    75.6062   MPKI: 28.9418
LLC LOAD      ACCESS:     908217  HIT:      75436  MISS:     832781  HIT %:    8.30594  MISS %:    91.6941   MPKI: 4.1639
LLC RFO       ACCESS:     461353  HIT:        252  MISS:     461101  HIT %:  0.0546219  MISS %:    99.9454   MPKI: 2.30551
LLC PREFETCH  ACCESS:    5063081  HIT:    1776926  MISS:    3286155  HIT %:    35.0957  MISS %:    64.9043   MPKI: 16.4308
AGUS PREFETCH L1 MISS: 0
LLC WRITEBACK ACCESS:    1201450  HIT:       2625  MISS:    1198825  HIT %:   0.218486  MISS %:    99.7815   MPKI: 5.99413
LLC LOAD TRANSLATION ACCESS:       7488  HIT:        438  MISS:       7050  HIT %:    5.84936  MISS %:    94.1506   MPKI: 0.03525
LLC TRANSLATION FROM L1D PREFETCHER ACCESS:      14342  HIT:      11895  MISS:       2447  HIT %:    82.9382  MISS %:    17.0618   MPKI: 0.012235
LLC PREFETCH  REQUESTED:          0  ISSUED:          0  USEFUL:      43141  USELESS:    1157417
LLC USEFUL LOAD PREFETCHES:      43141 PREFETCH ISSUED TO LOWER LEVEL:    3286156  ACCURACY: 1.31281
LLC TIMELY PREFETCHES:      43141 LATE PREFETCHES: 0 DROPPED PREFETCHES: 0
LLC PREFETCHES SAME FILL-ORIGIN LEVEL: 0 DIFFERENT FILL-ORIGIN LEVEL: 0
LLC AVERAGE MISS LATENCY:     173.07 cycles AVERAGE LOAD MISS LATENCY:    168.118 cycles Load Miss     832781
LLC Average MSHR Occupancy:    2.24856
LLC RQ	ACCESS:    1391401	FORWARD:          0	MERGED:          0	TO_CACHE:    1391401
LLC WQ	ACCESS:    1201450	FORWARD:          0	MERGED:          0	TO_CACHE:    1201450
LLC PQ	ACCESS:    5063082	FORWARD:          0	MERGED:          0	TO_CACHE:    5063082

LLC Dense regions hint to LLC: 0

RAW hits: 1509870
Loads Generated: 64168649
Loads sent to L1D: 62658784
Stores Generated: 57345539
Stores sent to L1D: 57345535
Major fault: 0 Minor fault: 97678
Allocated PAGES: 97678
================ Mockingjay (LLC) Pollution Stats ================
Total pollution count in LLC: 70227
==================================================================

DRAM Statistics
 CHANNEL 0
 RQ ROW_BUFFER_HIT:    1992764  ROW_BUFFER_MISS:    2596765
 DBUS_CONGESTED:       1219
 WQ ROW_BUFFER_HIT:     343919  ROW_BUFFER_MISS:     854527  FULL:      31550

 AVG_CONGESTED_CYCLE: 4
 All warmup complete: 2
Channel 0 Bank busy for read cycles: 0
Channel 0 Bank busy for write cycles: 0
Channel 0
Rank 0
0banks busy for read cycles: 174203801
0banks busy for write cycles: 196531
1banks busy for read cycles: 102087662
1banks busy for write cycles: 28114990
2banks busy for read cycles: 33859853
2banks busy for write cycles: 12851280
3banks busy for read cycles: 18862743
3banks busy for write cycles: 6437391
4banks busy for read cycles: 14064409
4banks busy for write cycles: 3413957
5banks busy for read cycles: 9523576
5banks busy for write cycles: 1908620
6banks busy for read cycles: 7038332
6banks busy for write cycles: 1344086
7banks busy for read cycles: 7131056
7banks busy for write cycles: 2233255
8banks busy for read cycles: 8933222
8banks busy for write cycles: 11281443

CPU 0 Branch Prediction Accuracy: 99.1697% MPKI: 0.823865 Average ROB Occupancy at Mispredict: 443.29
Branch types
NOT_BRANCH: 180154227 90.0771%
BRANCH_DIRECT_JUMP: 995293 0.497646%
BRANCH_INDIRECT: 0 0%
BRANCH_CONDITIONAL: 18850289 9.42514%
BRANCH_DIRECT_CALL: 94 4.7e-05%
BRANCH_INDIRECT_CALL: 0 0%
BRANCH_RETURN: 94 4.7e-05%
BRANCH_OTHER: 0 0%

===================== LRU L1D STATS =====================
Total pollution count in L1D: 1358061
=========================================================
================ SRRIP (L2C) Pollution Stats ================
Total pollution count in L2c: 478724
==================================================================
DRAM PAGES: 1048576
Allocated PAGES: 97678
