
*** ChampSim Multicore Out-of-Order Simulator ***

Warmup Instructions: 200000000
Simulation Instructions: 200000000
Number of CPUs: 1
LLC sets: 4096
LLC ways: 12
Off-chip DRAM Size: 4096 MB Channels: 1 Width: 64-bit Data Rate: 6400 MT/s
CPU 0 runs ./tracer/traces/619.lbm_s-4268B.champsimtrace.xz
.xz
BTB has LRU replacement policy
ITLB has LRU replacement policy
DTLB has LRU replacement policy
STLB has LRU replacement policy
L1I has LRU replacement policy
History Sets: 8
History Ways: 16
BERTI Size: 16
BERTI Stride Size: 16
L1D has LRU replacement policy
Initialize SRRIP state for L2C
Initialize Mockingjay state for LLC
Heartbeat CPU 0 instructions: 10000007 cycles: 1989221 heartbeat IPC: 5.0271 cumulative IPC: 5.0271 (Simulation time: 0 hr 0 min 35 sec) 
Heartbeat CPU 0 instructions: 20000003 cycles: 3973342 heartbeat IPC: 5.04001 cumulative IPC: 5.03355 (Simulation time: 0 hr 1 min 9 sec) 
Heartbeat CPU 0 instructions: 30000007 cycles: 5947104 heartbeat IPC: 5.06647 cumulative IPC: 5.04447 (Simulation time: 0 hr 1 min 53 sec) 
Heartbeat CPU 0 instructions: 40000000 cycles: 7940530 heartbeat IPC: 5.01649 cumulative IPC: 5.03745 (Simulation time: 0 hr 2 min 26 sec) 
Heartbeat CPU 0 instructions: 50000000 cycles: 9936610 heartbeat IPC: 5.00982 cumulative IPC: 5.0319 (Simulation time: 0 hr 3 min 20 sec) 
Heartbeat CPU 0 instructions: 60000002 cycles: 11945599 heartbeat IPC: 4.97763 cumulative IPC: 5.02277 (Simulation time: 0 hr 4 min 47 sec) 
Heartbeat CPU 0 instructions: 70000003 cycles: 13947137 heartbeat IPC: 4.99616 cumulative IPC: 5.01895 (Simulation time: 0 hr 6 min 23 sec) 
Heartbeat CPU 0 instructions: 80000003 cycles: 15932675 heartbeat IPC: 5.03642 cumulative IPC: 5.02113 (Simulation time: 0 hr 7 min 58 sec) 
Heartbeat CPU 0 instructions: 90000000 cycles: 17932436 heartbeat IPC: 5.0006 cumulative IPC: 5.01884 (Simulation time: 0 hr 9 min 26 sec) 
Heartbeat CPU 0 instructions: 100000004 cycles: 19918549 heartbeat IPC: 5.03496 cumulative IPC: 5.02045 (Simulation time: 0 hr 10 min 46 sec) 
Heartbeat CPU 0 instructions: 110000001 cycles: 21916983 heartbeat IPC: 5.00392 cumulative IPC: 5.01894 (Simulation time: 0 hr 12 min 17 sec) 
Heartbeat CPU 0 instructions: 120000000 cycles: 23927388 heartbeat IPC: 4.97412 cumulative IPC: 5.01517 (Simulation time: 0 hr 14 min 10 sec) 
Heartbeat CPU 0 instructions: 130000002 cycles: 25917322 heartbeat IPC: 5.02529 cumulative IPC: 5.01595 (Simulation time: 0 hr 16 min 0 sec) 
Heartbeat CPU 0 instructions: 140000000 cycles: 27912859 heartbeat IPC: 5.01118 cumulative IPC: 5.01561 (Simulation time: 0 hr 17 min 25 sec) 
Heartbeat CPU 0 instructions: 150000005 cycles: 29925321 heartbeat IPC: 4.96904 cumulative IPC: 5.01248 (Simulation time: 0 hr 18 min 42 sec) 
Heartbeat CPU 0 instructions: 160000003 cycles: 31944635 heartbeat IPC: 4.95218 cumulative IPC: 5.00867 (Simulation time: 0 hr 19 min 56 sec) 
Heartbeat CPU 0 instructions: 170000001 cycles: 33954783 heartbeat IPC: 4.97476 cumulative IPC: 5.00666 (Simulation time: 0 hr 21 min 2 sec) 
Heartbeat CPU 0 instructions: 180000000 cycles: 35962658 heartbeat IPC: 4.98039 cumulative IPC: 5.00519 (Simulation time: 0 hr 22 min 9 sec) 
Heartbeat CPU 0 instructions: 190000000 cycles: 37979837 heartbeat IPC: 4.95742 cumulative IPC: 5.00265 (Simulation time: 0 hr 23 min 12 sec) 
Heartbeat CPU 0 instructions: 200000005 cycles: 39989077 heartbeat IPC: 4.97701 cumulative IPC: 5.00137 (Simulation time: 0 hr 24 min 9 sec) 

Warmup complete CPU 0 instructions: 200000005 cycles: 39989077 (Simulation time: 0 hr 24 min 9 sec) 

Heartbeat CPU 0 instructions: 210000001 cycles: 62352178 heartbeat IPC: 0.447165 cumulative IPC: 0.447165 (Simulation time: 0 hr 25 min 37 sec) 
Heartbeat CPU 0 instructions: 220000000 cycles: 84575390 heartbeat IPC: 0.44998 cumulative IPC: 0.448568 (Simulation time: 0 hr 27 min 3 sec) 
Heartbeat CPU 0 instructions: 230000007 cycles: 106522173 heartbeat IPC: 0.455648 cumulative IPC: 0.450903 (Simulation time: 0 hr 28 min 28 sec) 
Heartbeat CPU 0 instructions: 240000004 cycles: 128633234 heartbeat IPC: 0.452262 cumulative IPC: 0.451242 (Simulation time: 0 hr 29 min 52 sec) 
Heartbeat CPU 0 instructions: 250000001 cycles: 150128370 heartbeat IPC: 0.465221 cumulative IPC: 0.453971 (Simulation time: 0 hr 31 min 12 sec) 
Heartbeat CPU 0 instructions: 260000002 cycles: 171587519 heartbeat IPC: 0.466002 cumulative IPC: 0.455932 (Simulation time: 0 hr 32 min 31 sec) 
Heartbeat CPU 0 instructions: 270000000 cycles: 193138063 heartbeat IPC: 0.464025 cumulative IPC: 0.457071 (Simulation time: 0 hr 33 min 49 sec) 
Heartbeat CPU 0 instructions: 280000004 cycles: 214353547 heartbeat IPC: 0.471354 cumulative IPC: 0.458809 (Simulation time: 0 hr 35 min 6 sec) 
Heartbeat CPU 0 instructions: 290000006 cycles: 235794023 heartbeat IPC: 0.466408 cumulative IPC: 0.459641 (Simulation time: 0 hr 36 min 21 sec) 
Heartbeat CPU 0 instructions: 300000007 cycles: 257491445 heartbeat IPC: 0.460884 cumulative IPC: 0.459765 (Simulation time: 0 hr 37 min 37 sec) 
Heartbeat CPU 0 instructions: 310000002 cycles: 279235506 heartbeat IPC: 0.459895 cumulative IPC: 0.459777 (Simulation time: 0 hr 38 min 51 sec) 
Heartbeat CPU 0 instructions: 320000002 cycles: 300868213 heartbeat IPC: 0.462263 cumulative IPC: 0.459983 (Simulation time: 0 hr 40 min 5 sec) 
Heartbeat CPU 0 instructions: 330000000 cycles: 322300921 heartbeat IPC: 0.466577 cumulative IPC: 0.460484 (Simulation time: 0 hr 41 min 18 sec) 
Heartbeat CPU 0 instructions: 340000006 cycles: 343308104 heartbeat IPC: 0.476028 cumulative IPC: 0.46156 (Simulation time: 0 hr 42 min 28 sec) 
Heartbeat CPU 0 instructions: 350000005 cycles: 364177738 heartbeat IPC: 0.479165 cumulative IPC: 0.462694 (Simulation time: 0 hr 43 min 37 sec) 
Heartbeat CPU 0 instructions: 360000000 cycles: 385624556 heartbeat IPC: 0.466269 cumulative IPC: 0.462915 (Simulation time: 0 hr 44 min 47 sec) 
Heartbeat CPU 0 instructions: 370000003 cycles: 406672827 heartbeat IPC: 0.475099 cumulative IPC: 0.463615 (Simulation time: 0 hr 45 min 56 sec) 
Heartbeat CPU 0 instructions: 380000006 cycles: 427830634 heartbeat IPC: 0.472639 cumulative IPC: 0.464107 (Simulation time: 0 hr 47 min 6 sec) 
Heartbeat CPU 0 instructions: 390000004 cycles: 449018540 heartbeat IPC: 0.471967 cumulative IPC: 0.464514 (Simulation time: 0 hr 48 min 15 sec) 
Heartbeat CPU 0 instructions: 400000000 cycles: 469826290 heartbeat IPC: 0.48059 cumulative IPC: 0.465292 (Simulation time: 0 hr 49 min 24 sec) 
Finished CPU 0 instructions: 200000006 cycles: 429837232 cumulative IPC: 0.465292 (Simulation time: 0 hr 49 min 24 sec) 

ChampSim completed all CPUs

Region of Interest Statistics

CPU 0 cumulative IPC: 0.465292 instructions: 200000006 cycles: 429837232
ITLB TOTAL     ACCESS:   20832493  HIT:   20832493  MISS:          0  HIT %:        100  MISS %:          0   MPKI: 0
ITLB LOAD TRANSLATION ACCESS:   20832493  HIT:   20832493  MISS:          0  HIT %:        100  MISS %:          0   MPKI: 0
ITLB PREFETCH  REQUESTED:          0  ISSUED:          0  USEFUL:          0  USELESS:          0
ITLB USEFUL LOAD PREFETCHES:          0 PREFETCH ISSUED TO LOWER LEVEL:          0  ACCURACY: -nan
ITLB TIMELY PREFETCHES:          0 LATE PREFETCHES: 0 DROPPED PREFETCHES: 0
ITLB PREFETCHES SAME FILL-ORIGIN LEVEL: 0 DIFFERENT FILL-ORIGIN LEVEL: 0
ITLB AVERAGE MISS LATENCY:       -nan cycles AVERAGE LOAD MISS LATENCY:       -nan cycles Load Miss          0
ITLB Average MSHR Occupancy: 2.32646e-08
ITLB RQ	ACCESS:   23985430	FORWARD:          0	MERGED:    3152938	TO_CACHE:   20832492

DTLB TOTAL     ACCESS:   29062574  HIT:   28789945  MISS:     272629  HIT %:    99.0619  MISS %:   0.938076   MPKI: 1.36314
DTLB LOAD TRANSLATION ACCESS:   29062574  HIT:   28789945  MISS:     272629  HIT %:    99.0619  MISS %:   0.938076   MPKI: 1.36314
DTLB PREFETCH  REQUESTED:          0  ISSUED:          0  USEFUL:          0  USELESS:          0
DTLB USEFUL LOAD PREFETCHES:          0 PREFETCH ISSUED TO LOWER LEVEL:          0  ACCURACY: -nan
DTLB TIMELY PREFETCHES:          0 LATE PREFETCHES: 0 DROPPED PREFETCHES: 0
DTLB PREFETCHES SAME FILL-ORIGIN LEVEL: 0 DIFFERENT FILL-ORIGIN LEVEL: 0
DTLB AVERAGE MISS LATENCY:     107.13 cycles AVERAGE LOAD MISS LATENCY:       -nan cycles Load Miss          0
DTLB Average MSHR Occupancy:   0.049273
DTLB RQ	ACCESS:   48588777	FORWARD:          0	MERGED:   19386446	TO_CACHE:   29202331

STLB TOTAL     ACCESS:    1046010  HIT:     898102  MISS:     147908  HIT %:    85.8598  MISS %:    14.1402   MPKI: 0.73954
STLB LOAD TRANSLATION ACCESS:     272629  HIT:     124721  MISS:     147908  HIT %:    45.7475  MISS %:    54.2525   MPKI: 0.73954
STLB TRANSLATION FROM L1D PREFETCHER ACCESS:     773381  HIT:     773381  MISS:          0  HIT %:        100  MISS %:          0   MPKI: 0
STLB PREFETCH  REQUESTED:          0  ISSUED:          0  USEFUL:          0  USELESS:          0
STLB USEFUL LOAD PREFETCHES:          0 PREFETCH ISSUED TO LOWER LEVEL:          0  ACCURACY: -nan
STLB TIMELY PREFETCHES:          0 LATE PREFETCHES: 2819 DROPPED PREFETCHES: 282149
STLB PREFETCHES SAME FILL-ORIGIN LEVEL: 0 DIFFERENT FILL-ORIGIN LEVEL: 0
STLB AVERAGE MISS LATENCY:    180.354 cycles AVERAGE LOAD MISS LATENCY:       -nan cycles Load Miss          0
STLB Average MSHR Occupancy:  0.0786969
STLB RQ	ACCESS:    5179843	FORWARD:          0	MERGED:    3836505	TO_CACHE:    1343338

STLB Hit, L1D data hit: 0
STLB Hit, L2C data hit: 0
STLB Hit, LLC data hit: 0
STLB Hit, LLC data miss: 0
STLB STLB hints to L2: 0
L1D TOTAL     ACCESS:   49057689  HIT:   33422402  MISS:   15635287  HIT %:    68.1288  MISS %:    31.8712   MPKI: 78.1764
L1D LOAD      ACCESS:   12982391  HIT:   10927240  MISS:    2055151  HIT %:    84.1697  MISS %:    15.8303   MPKI: 10.2758
L1D RFO       ACCESS:   35181340  HIT:   21930277  MISS:   13251063  HIT %:     62.335  MISS %:     37.665   MPKI: 66.2553
L1D PREFETCH  ACCESS:     893958  HIT:     564885  MISS:     329073  HIT %:    63.1892  MISS %:    36.8108   MPKI: 1.64536
AGUS PREFETCH L1 MISS: 0
L1D PREFETCH  REQUESTED:   25888878  ISSUED:    9922801  USEFUL:     311399  USELESS:      17681
L1D USEFUL LOAD PREFETCHES:     311399 PREFETCH ISSUED TO LOWER LEVEL:    3132756  ACCURACY: 9.9401
L1D TIMELY PREFETCHES:     311399 LATE PREFETCHES: 11065 DROPPED PREFETCHES: 941962
L1D PREFETCHES SAME FILL-ORIGIN LEVEL: 340136 DIFFERENT FILL-ORIGIN LEVEL: 2792620
L1D AVERAGE MISS LATENCY:    362.895 cycles AVERAGE LOAD MISS LATENCY:    267.425 cycles Load Miss    2055151
L1D Average MSHR Occupancy:    13.3163
L1D RQ	ACCESS:   45812631	FORWARD:          0	MERGED:   27398203	TO_CACHE:   13170563
L1D WQ	ACCESS:   36783448	FORWARD:    5243865	MERGED:    1365234	TO_CACHE:   35418214
L1D PQ	ACCESS:    5015587	FORWARD:          0	MERGED:     108373	TO_CACHE:    4907214

L1D UNIQUE REGIONS ACCESSED: 0
L1D REGIONS CONFLICTS: 0
L1D Cross Page Prefetch Requests: 3124996
L1D Same Page Prefetch Requests: 10785618
L1D ROI Sum of L1D PQ occupancy: 1399319824
L1D PREFETCHES PUSHED FROM L2C: 0
L1I TOTAL     ACCESS:   22863031  HIT:   14534394  MISS:    8328637  HIT %:    63.5716  MISS %:    36.4284   MPKI: 41.6432
L1I LOAD      ACCESS:   22863031  HIT:   14534394  MISS:    8328637  HIT %:    63.5716  MISS %:    36.4284   MPKI: 41.6432
L1I PREFETCH  REQUESTED:          0  ISSUED:          0  USEFUL:          0  USELESS:          0
L1I USEFUL LOAD PREFETCHES:          0 PREFETCH ISSUED TO LOWER LEVEL:          0  ACCURACY: -nan
L1I TIMELY PREFETCHES:          0 LATE PREFETCHES: 0 DROPPED PREFETCHES: 0
L1I PREFETCHES SAME FILL-ORIGIN LEVEL: 0 DIFFERENT FILL-ORIGIN LEVEL: 0
L1I AVERAGE MISS LATENCY:    15.1512 cycles AVERAGE LOAD MISS LATENCY:    15.1512 cycles Load Miss    8328637
L1I Average MSHR Occupancy:   0.297422
L1I RQ	ACCESS:   49694917	FORWARD:          0	MERGED:   25709487	TO_CACHE:   23985430

BTB TOTAL     ACCESS:    3576660  HIT:    3576654  MISS:          6  HIT %:    99.9998  MISS %: 0.000167754   MPKI: 3e-05
BTB BRANCH_DIRECT_JUMP	ACCESS:     577819  HIT:     577818  MISS:          1
BTB BRANCH_INDIRECT	ACCESS:          0  HIT:          0  MISS:          0
BTB BRANCH_CONDITIONAL	ACCESS:    2998841  HIT:    2998836  MISS:          5
BTB BRANCH_DIRECT_CALL	ACCESS:          0  HIT:          0  MISS:          0
BTB BRANCH_INDIRECT_CALL	ACCESS:          0  HIT:          0  MISS:          0
BTB BRANCH_RETURN	ACCESS:          0  HIT:          0  MISS:          0
BTB BRANCH_OTHER ACCESS:          0  HIT:          0  MISS:          0

L2C TOTAL     ACCESS:   40146630  HIT:   30638492  MISS:    9508138  HIT %:    76.3165  MISS %:    23.6835   MPKI: 47.5407
L2C LOAD      ACCESS:   10372722  HIT:    9502034  MISS:     870688  HIT %:     91.606  MISS %:    8.39402   MPKI: 4.35344
L2C DATA LOAD MPKI: 4.35343
L2C INSTRUCTION LOAD MPKI: 1e-05
L2C RFO       ACCESS:   13251062  HIT:    6152523  MISS:    7098539  HIT %:    46.4304  MISS %:    53.5696   MPKI: 35.4927
L2C PREFETCH  ACCESS:    2837908  HIT:    1342110  MISS:    1495798  HIT %:    47.2922  MISS %:    52.7078   MPKI: 7.47899
AGUS PREFETCH L1 MISS: 0
L2C DATA PREFETCH MPKI: 7.47899
L2C INSTRUCTION PREFETCH MPKI: 0
L2C WRITEBACK ACCESS:   13251061  HIT:   13226871  MISS:      24190  HIT %:    99.8174  MISS %:   0.182551   MPKI: 0.12095
L2C LOAD TRANSLATION ACCESS:     147913  HIT:     133919  MISS:      13994  HIT %:     90.539  MISS %:    9.46097   MPKI: 0.06997
L2C TRANSLATION FROM L1D PREFETCHER ACCESS:     285964  HIT:     281035  MISS:       4929  HIT %:    98.2764  MISS %:    1.72364   MPKI: 0.024645
L2C PREFETCH  REQUESTED:          0  ISSUED:          0  USEFUL:    1178072  USELESS:     324940
L2C USEFUL LOAD PREFETCHES:    1178072 PREFETCH ISSUED TO LOWER LEVEL:    1583739  ACCURACY: 74.3855
L2C TIMELY PREFETCHES:    1178072 LATE PREFETCHES: 87940 DROPPED PREFETCHES: 0
L2C PREFETCHES SAME FILL-ORIGIN LEVEL: 1432893 DIFFERENT FILL-ORIGIN LEVEL: 0
L2C AVERAGE MISS LATENCY:     657.61 cycles AVERAGE LOAD MISS LATENCY:    594.362 cycles Load Miss     870688
L2C Average MSHR Occupancy:    14.4182
L2C RQ	ACCESS:   24057676	FORWARD:          0	MERGED:          0	TO_CACHE:   24057675
L2C WQ	ACCESS:   13251062	FORWARD:          1	MERGED:          0	TO_CACHE:   13251062
L2C PQ	ACCESS:    3112340	FORWARD:          0	MERGED:       1967	TO_CACHE:    3110373

L2C Instructions Evicting Data 2
L2C Translations Evicting Data 18893
L2C Data Evicting Data 9446186
L2C Instructions Evicting Instructions 0
L2C Translations Evicting Instructions 0
L2C Data Evicting Instructions 2
L2C Instructions Evicting Translations 0
L2C Translations Evicting Translations 30
L2C Data Evicting Translations 18835
L2C Dense regions hint from L2: 0
PSCL5 TOTAL     ACCESS:     432876  HIT:     432876  MISS:          0  HIT %:        100  MISS %:          0   MPKI: 0
PSCL5 LOAD TRANSLATION ACCESS:     147908  HIT:     147908  MISS:          0  HIT %:        100  MISS %:          0   MPKI: 0
PSCL5 TRANSLATION FROM L1D PREFETCHER ACCESS:     284968  HIT:     284968  MISS:          0  HIT %:        100  MISS %:          0   MPKI: 0
PSCL5 PREFETCH  REQUESTED:          0  ISSUED:          0  USEFUL:          0  USELESS:          0
PSCL5 USEFUL LOAD PREFETCHES:          0 PREFETCH ISSUED TO LOWER LEVEL:          0  ACCURACY: -nan
PSCL5 TIMELY PREFETCHES:          0 LATE PREFETCHES: 0 DROPPED PREFETCHES: 0
PSCL5 PREFETCHES SAME FILL-ORIGIN LEVEL: 0 DIFFERENT FILL-ORIGIN LEVEL: 0

PSCL4 TOTAL     ACCESS:     432876  HIT:     432876  MISS:          0  HIT %:        100  MISS %:          0   MPKI: 0
PSCL4 LOAD TRANSLATION ACCESS:     147908  HIT:     147908  MISS:          0  HIT %:        100  MISS %:          0   MPKI: 0
PSCL4 TRANSLATION FROM L1D PREFETCHER ACCESS:     284968  HIT:     284968  MISS:          0  HIT %:        100  MISS %:          0   MPKI: 0
PSCL4 PREFETCH  REQUESTED:          0  ISSUED:          0  USEFUL:          0  USELESS:          0
PSCL4 USEFUL LOAD PREFETCHES:          0 PREFETCH ISSUED TO LOWER LEVEL:          0  ACCURACY: -nan
PSCL4 TIMELY PREFETCHES:          0 LATE PREFETCHES: 0 DROPPED PREFETCHES: 0
PSCL4 PREFETCHES SAME FILL-ORIGIN LEVEL: 0 DIFFERENT FILL-ORIGIN LEVEL: 0

PSCL3 TOTAL     ACCESS:     432876  HIT:     432875  MISS:          1  HIT %:    99.9998  MISS %: 0.000231013   MPKI: 5e-06
PSCL3 LOAD TRANSLATION ACCESS:     147908  HIT:     147907  MISS:          1  HIT %:    99.9993  MISS %: 0.000676096   MPKI: 5e-06
PSCL3 TRANSLATION FROM L1D PREFETCHER ACCESS:     284968  HIT:     284968  MISS:          0  HIT %:        100  MISS %:          0   MPKI: 0
PSCL3 PREFETCH  REQUESTED:          0  ISSUED:          0  USEFUL:          0  USELESS:          0
PSCL3 USEFUL LOAD PREFETCHES:          0 PREFETCH ISSUED TO LOWER LEVEL:          0  ACCURACY: -nan
PSCL3 TIMELY PREFETCHES:          0 LATE PREFETCHES: 0 DROPPED PREFETCHES: 0
PSCL3 PREFETCHES SAME FILL-ORIGIN LEVEL: 0 DIFFERENT FILL-ORIGIN LEVEL: 0

PSCL2 TOTAL     ACCESS:     431221  HIT:     431071  MISS:        150  HIT %:    99.9652  MISS %:  0.0347849   MPKI: 0.00075
PSCL2 LOAD TRANSLATION ACCESS:     147908  HIT:     147758  MISS:        150  HIT %:    99.8986  MISS %:   0.101414   MPKI: 0.00075
PSCL2 TRANSLATION FROM L1D PREFETCHER ACCESS:     283313  HIT:     283313  MISS:          0  HIT %:        100  MISS %:          0   MPKI: 0
PSCL2 PREFETCH  REQUESTED:          0  ISSUED:          0  USEFUL:          0  USELESS:          0
PSCL2 USEFUL LOAD PREFETCHES:          0 PREFETCH ISSUED TO LOWER LEVEL:          0  ACCURACY: -nan
PSCL2 TIMELY PREFETCHES:          0 LATE PREFETCHES: 0 DROPPED PREFETCHES: 0
PSCL2 PREFETCHES SAME FILL-ORIGIN LEVEL: 0 DIFFERENT FILL-ORIGIN LEVEL: 0

LLC TOTAL     ACCESS:   16583117  HIT:       3188  MISS:   16579929  HIT %:  0.0192244  MISS %:    99.9808   MPKI: 82.8996
LLC LOAD      ACCESS:     782748  HIT:        236  MISS:     782512  HIT %:  0.0301502  MISS %:    99.9698   MPKI: 3.91256
LLC RFO       ACCESS:    7098539  HIT:       1217  MISS:    7097322  HIT %:  0.0171444  MISS %:    99.9829   MPKI: 35.4866
LLC PREFETCH  ACCESS:    1583738  HIT:          0  MISS:    1583738  HIT %:          0  MISS %:        100   MPKI: 7.91869
AGUS PREFETCH L1 MISS: 0
LLC WRITEBACK ACCESS:    7099169  HIT:       1535  MISS:    7097634  HIT %:  0.0216222  MISS %:    99.9784   MPKI: 35.4882
LLC LOAD TRANSLATION ACCESS:      13994  HIT:          0  MISS:      13994  HIT %:          0  MISS %:        100   MPKI: 0.06997
LLC TRANSLATION FROM L1D PREFETCHER ACCESS:       4929  HIT:        200  MISS:       4729  HIT %:    4.05762  MISS %:    95.9424   MPKI: 0.023645
LLC PREFETCH  REQUESTED:          0  ISSUED:          0  USEFUL:         10  USELESS:       1276
LLC USEFUL LOAD PREFETCHES:         10 PREFETCH ISSUED TO LOWER LEVEL:    1583739  ACCURACY: 0.000631417
LLC TIMELY PREFETCHES:         10 LATE PREFETCHES: 0 DROPPED PREFETCHES: 0
LLC PREFETCHES SAME FILL-ORIGIN LEVEL: 0 DIFFERENT FILL-ORIGIN LEVEL: 0
LLC AVERAGE MISS LATENCY:    353.507 cycles AVERAGE LOAD MISS LATENCY:    575.316 cycles Load Miss     782512
LLC Average MSHR Occupancy:    13.6136
LLC RQ	ACCESS:    7900224	FORWARD:          0	MERGED:          0	TO_CACHE:    7900224
LLC WQ	ACCESS:    7099169	FORWARD:          0	MERGED:          0	TO_CACHE:    7099169
LLC PQ	ACCESS:    1583739	FORWARD:          0	MERGED:          0	TO_CACHE:    1583739

LLC Dense regions hint to LLC: 0

RAW hits: 6294219
Loads Generated: 52106847
Loads sent to L1D: 45812631
Stores Generated: 36783462
Stores sent to L1D: 36783448
Major fault: 0 Minor fault: 151805
Allocated PAGES: 151805
================ Mockingjay (LLC) Pollution Stats ================
Total pollution count in LLC: 0
==================================================================

DRAM Statistics
 CHANNEL 0
 RQ ROW_BUFFER_HIT:    1093764  ROW_BUFFER_MISS:    8388536
 DBUS_CONGESTED:          0
 WQ ROW_BUFFER_HIT:    1313172  ROW_BUFFER_MISS:    5784101  FULL:      81107

 AVG_CONGESTED_CYCLE: -
 All warmup complete: 2
Channel 0 Bank busy for read cycles: 0
Channel 0 Bank busy for write cycles: 0
Channel 0
Rank 0
0banks busy for read cycles: 76827
0banks busy for write cycles: 0
1banks busy for read cycles: 6665126
1banks busy for write cycles: 648627
2banks busy for read cycles: 7290469
2banks busy for write cycles: 648619
3banks busy for read cycles: 9562328
3banks busy for write cycles: 648614
4banks busy for read cycles: 24750592
4banks busy for write cycles: 648613
5banks busy for read cycles: 46901682
5banks busy for write cycles: 648640
6banks busy for read cycles: 57080084
6banks busy for write cycles: 667910
7banks busy for read cycles: 58695382
7banks busy for write cycles: 8255754
8banks busy for read cycles: 54702818
8banks busy for write cycles: 151945148

CPU 0 Branch Prediction Accuracy: 97.0952% MPKI: 0.51948 Average ROB Occupancy at Mispredict: 445.797
Branch types
NOT_BRANCH: 196423508 98.2118%
BRANCH_DIRECT_JUMP: 577819 0.288909%
BRANCH_INDIRECT: 0 0%
BRANCH_CONDITIONAL: 2998841 1.49942%
BRANCH_DIRECT_CALL: 0 0%
BRANCH_INDIRECT_CALL: 0 0%
BRANCH_RETURN: 0 0%
BRANCH_OTHER: 0 0%

===================== LRU L1D STATS =====================
Total pollution count in L1D: 44
=========================================================
================ SRRIP (L2C) Pollution Stats ================
Total pollution count in L2c: 613
==================================================================
DRAM PAGES: 1048576
Allocated PAGES: 151805
