
*** ChampSim Multicore Out-of-Order Simulator ***

Warmup Instructions: 200000000
Simulation Instructions: 200000000
Number of CPUs: 1
LLC sets: 4096
LLC ways: 12
Off-chip DRAM Size: 4096 MB Channels: 1 Width: 64-bit Data Rate: 6400 MT/s
CPU 0 runs ./tracer/traces/654.roms_s-1390B.champsimtrace.xz
.xz
BTB has LRU replacement policy
ITLB has LRU replacement policy
DTLB has LRU replacement policy
STLB has LRU replacement policy
L1I has LRU replacement policy
History Sets: 8
History Ways: 16
BERTI Size: 16
BERTI Stride Size: 16
L1D has LRU replacement policy
Initialize SRRIP state for L2C
Initialize Mockingjay state for LLC
Heartbeat CPU 0 instructions: 10000000 cycles: 3408495 heartbeat IPC: 2.93385 cumulative IPC: 2.93385 (Simulation time: 0 hr 1 min 30 sec) 
Heartbeat CPU 0 instructions: 20000000 cycles: 6369029 heartbeat IPC: 3.37777 cumulative IPC: 3.1402 (Simulation time: 0 hr 2 min 20 sec) 
Heartbeat CPU 0 instructions: 30000003 cycles: 9316746 heartbeat IPC: 3.39246 cumulative IPC: 3.22001 (Simulation time: 0 hr 2 min 45 sec) 
Heartbeat CPU 0 instructions: 40000004 cycles: 12481257 heartbeat IPC: 3.16005 cumulative IPC: 3.20481 (Simulation time: 0 hr 3 min 23 sec) 
Heartbeat CPU 0 instructions: 50000001 cycles: 16248244 heartbeat IPC: 2.65464 cumulative IPC: 3.07726 (Simulation time: 0 hr 4 min 4 sec) 
Heartbeat CPU 0 instructions: 60000005 cycles: 18127545 heartbeat IPC: 5.32113 cumulative IPC: 3.30988 (Simulation time: 0 hr 4 min 29 sec) 
Heartbeat CPU 0 instructions: 70000002 cycles: 19931003 heartbeat IPC: 5.5449 cumulative IPC: 3.51212 (Simulation time: 0 hr 4 min 55 sec) 
Heartbeat CPU 0 instructions: 80000002 cycles: 21733232 heartbeat IPC: 5.54868 cumulative IPC: 3.681 (Simulation time: 0 hr 5 min 21 sec) 
Heartbeat CPU 0 instructions: 90000000 cycles: 24170249 heartbeat IPC: 4.10338 cumulative IPC: 3.72359 (Simulation time: 0 hr 5 min 56 sec) 
Heartbeat CPU 0 instructions: 100000000 cycles: 26500434 heartbeat IPC: 4.2915 cumulative IPC: 3.77352 (Simulation time: 0 hr 6 min 25 sec) 
Heartbeat CPU 0 instructions: 110000002 cycles: 28681625 heartbeat IPC: 4.58465 cumulative IPC: 3.83521 (Simulation time: 0 hr 6 min 51 sec) 
Heartbeat CPU 0 instructions: 120000006 cycles: 30893449 heartbeat IPC: 4.52116 cumulative IPC: 3.88432 (Simulation time: 0 hr 7 min 10 sec) 
Heartbeat CPU 0 instructions: 130000002 cycles: 33094188 heartbeat IPC: 4.54393 cumulative IPC: 3.92818 (Simulation time: 0 hr 7 min 31 sec) 
Heartbeat CPU 0 instructions: 140000007 cycles: 36725727 heartbeat IPC: 2.75365 cumulative IPC: 3.81204 (Simulation time: 0 hr 8 min 13 sec) 
Heartbeat CPU 0 instructions: 150000003 cycles: 39872261 heartbeat IPC: 3.1781 cumulative IPC: 3.76201 (Simulation time: 0 hr 8 min 43 sec) 
Heartbeat CPU 0 instructions: 160000000 cycles: 44054008 heartbeat IPC: 2.39134 cumulative IPC: 3.63191 (Simulation time: 0 hr 9 min 31 sec) 
Heartbeat CPU 0 instructions: 170000001 cycles: 48069400 heartbeat IPC: 2.49042 cumulative IPC: 3.53655 (Simulation time: 0 hr 10 min 17 sec) 
Heartbeat CPU 0 instructions: 180000000 cycles: 51961567 heartbeat IPC: 2.56926 cumulative IPC: 3.4641 (Simulation time: 0 hr 11 min 3 sec) 
Heartbeat CPU 0 instructions: 190000001 cycles: 54347034 heartbeat IPC: 4.19205 cumulative IPC: 3.49605 (Simulation time: 0 hr 11 min 35 sec) 
Heartbeat CPU 0 instructions: 200000006 cycles: 56553245 heartbeat IPC: 4.53266 cumulative IPC: 3.53649 (Simulation time: 0 hr 11 min 56 sec) 

Warmup complete CPU 0 instructions: 200000006 cycles: 56553245 (Simulation time: 0 hr 11 min 56 sec) 

Heartbeat CPU 0 instructions: 210000001 cycles: 64508027 heartbeat IPC: 1.2571 cumulative IPC: 1.2571 (Simulation time: 0 hr 12 min 47 sec) 
Heartbeat CPU 0 instructions: 220000001 cycles: 76588622 heartbeat IPC: 0.827774 cumulative IPC: 0.998234 (Simulation time: 0 hr 13 min 35 sec) 
Heartbeat CPU 0 instructions: 230000006 cycles: 105062670 heartbeat IPC: 0.351197 cumulative IPC: 0.618437 (Simulation time: 0 hr 14 min 25 sec) 
Heartbeat CPU 0 instructions: 240000002 cycles: 117991156 heartbeat IPC: 0.773485 cumulative IPC: 0.651064 (Simulation time: 0 hr 15 min 23 sec) 
Heartbeat CPU 0 instructions: 250000004 cycles: 129516167 heartbeat IPC: 0.867678 cumulative IPC: 0.68528 (Simulation time: 0 hr 16 min 27 sec) 
Heartbeat CPU 0 instructions: 260000003 cycles: 140515088 heartbeat IPC: 0.90918 cumulative IPC: 0.71461 (Simulation time: 0 hr 17 min 21 sec) 
Heartbeat CPU 0 instructions: 270000000 cycles: 148433998 heartbeat IPC: 1.2628 cumulative IPC: 0.761857 (Simulation time: 0 hr 18 min 1 sec) 
Heartbeat CPU 0 instructions: 280000006 cycles: 156320992 heartbeat IPC: 1.26791 cumulative IPC: 0.801862 (Simulation time: 0 hr 18 min 41 sec) 
Heartbeat CPU 0 instructions: 290000002 cycles: 164217776 heartbeat IPC: 1.26634 cumulative IPC: 0.83593 (Simulation time: 0 hr 19 min 22 sec) 
Heartbeat CPU 0 instructions: 300000007 cycles: 174454714 heartbeat IPC: 0.976855 cumulative IPC: 0.848166 (Simulation time: 0 hr 20 min 7 sec) 
Heartbeat CPU 0 instructions: 310000007 cycles: 185886188 heartbeat IPC: 0.874778 cumulative IPC: 0.850518 (Simulation time: 0 hr 20 min 47 sec) 
Heartbeat CPU 0 instructions: 320000000 cycles: 196197471 heartbeat IPC: 0.969811 cumulative IPC: 0.859327 (Simulation time: 0 hr 21 min 27 sec) 
Heartbeat CPU 0 instructions: 330000004 cycles: 206105813 heartbeat IPC: 1.00925 cumulative IPC: 0.86926 (Simulation time: 0 hr 21 min 58 sec) 
Heartbeat CPU 0 instructions: 340000003 cycles: 221317776 heartbeat IPC: 0.657377 cumulative IPC: 0.849697 (Simulation time: 0 hr 22 min 45 sec) 
Heartbeat CPU 0 instructions: 350000002 cycles: 232771859 heartbeat IPC: 0.873051 cumulative IPC: 0.851215 (Simulation time: 0 hr 23 min 41 sec) 
Heartbeat CPU 0 instructions: 360000000 cycles: 244612991 heartbeat IPC: 0.844514 cumulative IPC: 0.850793 (Simulation time: 0 hr 24 min 21 sec) 
Heartbeat CPU 0 instructions: 370000000 cycles: 256090813 heartbeat IPC: 0.871245 cumulative IPC: 0.85197 (Simulation time: 0 hr 25 min 6 sec) 
Heartbeat CPU 0 instructions: 380000001 cycles: 264167114 heartbeat IPC: 1.23819 cumulative IPC: 0.866994 (Simulation time: 0 hr 25 min 50 sec) 
Heartbeat CPU 0 instructions: 390000001 cycles: 274645123 heartbeat IPC: 0.95438 cumulative IPC: 0.871192 (Simulation time: 0 hr 26 min 36 sec) 
Heartbeat CPU 0 instructions: 400000001 cycles: 283089302 heartbeat IPC: 1.18425 cumulative IPC: 0.882862 (Simulation time: 0 hr 27 min 15 sec) 
Finished CPU 0 instructions: 200000006 cycles: 226536076 cumulative IPC: 0.882862 (Simulation time: 0 hr 27 min 15 sec) 

ChampSim completed all CPUs

Region of Interest Statistics

CPU 0 cumulative IPC: 0.882862 instructions: 200000006 cycles: 226536076
ITLB TOTAL     ACCESS:   25413765  HIT:   25413765  MISS:          0  HIT %:        100  MISS %:          0   MPKI: 0
ITLB LOAD TRANSLATION ACCESS:   25413765  HIT:   25413765  MISS:          0  HIT %:        100  MISS %:          0   MPKI: 0
ITLB PREFETCH  REQUESTED:          0  ISSUED:          0  USEFUL:          0  USELESS:          0
ITLB USEFUL LOAD PREFETCHES:          0 PREFETCH ISSUED TO LOWER LEVEL:          0  ACCURACY: -nan
ITLB TIMELY PREFETCHES:          0 LATE PREFETCHES: 0 DROPPED PREFETCHES: 0
ITLB PREFETCHES SAME FILL-ORIGIN LEVEL: 0 DIFFERENT FILL-ORIGIN LEVEL: 0
ITLB AVERAGE MISS LATENCY:       -nan cycles AVERAGE LOAD MISS LATENCY:       -nan cycles Load Miss          0
ITLB Average MSHR Occupancy: 7.72504e-07
ITLB RQ	ACCESS:   31858869	FORWARD:          0	MERGED:    6445105	TO_CACHE:   25413764

DTLB TOTAL     ACCESS:   50165472  HIT:   49976129  MISS:     189343  HIT %:    99.6226  MISS %:   0.377437   MPKI: 0.946715
DTLB LOAD TRANSLATION ACCESS:   50165472  HIT:   49976129  MISS:     189343  HIT %:    99.6226  MISS %:   0.377437   MPKI: 0.946715
DTLB PREFETCH  REQUESTED:          0  ISSUED:          0  USEFUL:          0  USELESS:          0
DTLB USEFUL LOAD PREFETCHES:          0 PREFETCH ISSUED TO LOWER LEVEL:          0  ACCURACY: -nan
DTLB TIMELY PREFETCHES:          0 LATE PREFETCHES: 0 DROPPED PREFETCHES: 0
DTLB PREFETCHES SAME FILL-ORIGIN LEVEL: 0 DIFFERENT FILL-ORIGIN LEVEL: 0
DTLB AVERAGE MISS LATENCY:    64.5961 cycles AVERAGE LOAD MISS LATENCY:       -nan cycles Load Miss          0
DTLB Average MSHR Occupancy:  0.0518514
DTLB RQ	ACCESS:   58901711	FORWARD:          0	MERGED:    8653191	TO_CACHE:   50248520

STLB TOTAL     ACCESS:   14280409  HIT:   14165239  MISS:     115170  HIT %:    99.1935  MISS %:    0.80649   MPKI: 0.57585
STLB LOAD TRANSLATION ACCESS:     189343  HIT:     136992  MISS:      52351  HIT %:    72.3512  MISS %:    27.6488   MPKI: 0.261755
STLB TRANSLATION FROM L1D PREFETCHER ACCESS:   14091066  HIT:   14028247  MISS:      62819  HIT %:    99.5542  MISS %:   0.445807   MPKI: 0.314095
STLB PREFETCH  REQUESTED:          0  ISSUED:          0  USEFUL:      62416  USELESS:        394
STLB USEFUL LOAD PREFETCHES:      62416 PREFETCH ISSUED TO LOWER LEVEL:          0  ACCURACY: inf
STLB TIMELY PREFETCHES:      62416 LATE PREFETCHES: 834 DROPPED PREFETCHES: 105667
STLB PREFETCHES SAME FILL-ORIGIN LEVEL: 0 DIFFERENT FILL-ORIGIN LEVEL: 0
STLB AVERAGE MISS LATENCY:    129.138 cycles AVERAGE LOAD MISS LATENCY:       -nan cycles Load Miss          0
STLB Average MSHR Occupancy:  0.0776773
STLB RQ	ACCESS:   50543055	FORWARD:          0	MERGED:   36152001	TO_CACHE:   14391054

STLB Hit, L1D data hit: 0
STLB Hit, L2C data hit: 0
STLB Hit, LLC data hit: 0
STLB Hit, LLC data miss: 0
STLB STLB hints to L2: 0
L1D TOTAL     ACCESS:   92512571  HIT:   86692462  MISS:    5820109  HIT %:    93.7088  MISS %:    6.29115   MPKI: 29.1005
L1D LOAD      ACCESS:   45319781  HIT:   44146186  MISS:    1173595  HIT %:    97.4104  MISS %:    2.58959   MPKI: 5.86797
L1D RFO       ACCESS:    7577825  HIT:    6415056  MISS:    1162769  HIT %:    84.6556  MISS %:    15.3444   MPKI: 5.81384
L1D PREFETCH  ACCESS:   39614965  HIT:   36131220  MISS:    3483745  HIT %:     91.206  MISS %:    8.79401   MPKI: 17.4187
AGUS PREFETCH L1 MISS: 0
L1D PREFETCH  REQUESTED:  208268048  ISSUED:  102635190  USEFUL:    3257032  USELESS:     226757
L1D USEFUL LOAD PREFETCHES:    3257032 PREFETCH ISSUED TO LOWER LEVEL:   10840178  ACCURACY: 30.0459
L1D TIMELY PREFETCHES:    3257032 LATE PREFETCHES: 162385 DROPPED PREFETCHES: 130835
L1D PREFETCHES SAME FILL-ORIGIN LEVEL: 3646620 DIFFERENT FILL-ORIGIN LEVEL: 7193558
L1D AVERAGE MISS LATENCY:    194.389 cycles AVERAGE LOAD MISS LATENCY:    108.148 cycles Load Miss    1173595
L1D Average MSHR Occupancy:    5.27989
L1D RQ	ACCESS:   76663943	FORWARD:          0	MERGED:   30646829	TO_CACHE:   45958484
L1D WQ	ACCESS:   12951958	FORWARD:      58647	MERGED:       8731	TO_CACHE:   12943227
L1D PQ	ACCESS:   52281478	FORWARD:          0	MERGED:    1927749	TO_CACHE:   50353712

L1D UNIQUE REGIONS ACCESSED: 0
L1D REGIONS CONFLICTS: 0
L1D Cross Page Prefetch Requests: 9739308
L1D Same Page Prefetch Requests: 109881598
L1D ROI Sum of L1D PQ occupancy: 766621298
L1D PREFETCHES PUSHED FROM L2C: 0
L1I TOTAL     ACCESS:   31856755  HIT:   30332397  MISS:    1524358  HIT %:     95.215  MISS %:    4.78504   MPKI: 7.62179
L1I LOAD      ACCESS:   31856755  HIT:   30332397  MISS:    1524358  HIT %:     95.215  MISS %:    4.78504   MPKI: 7.62179
L1I PREFETCH  REQUESTED:          0  ISSUED:          0  USEFUL:          0  USELESS:          0
L1I USEFUL LOAD PREFETCHES:          0 PREFETCH ISSUED TO LOWER LEVEL:          0  ACCURACY: -nan
L1I TIMELY PREFETCHES:          0 LATE PREFETCHES: 0 DROPPED PREFETCHES: 0
L1I PREFETCHES SAME FILL-ORIGIN LEVEL: 0 DIFFERENT FILL-ORIGIN LEVEL: 0
L1I AVERAGE MISS LATENCY:    14.1084 cycles AVERAGE LOAD MISS LATENCY:    14.1084 cycles Load Miss    1524358
L1I Average MSHR Occupancy:  0.0896543
L1I RQ	ACCESS:   46685949	FORWARD:          0	MERGED:   14827080	TO_CACHE:   31858869

BTB TOTAL     ACCESS:    6786585  HIT:    6786286  MISS:        299  HIT %:    99.9956  MISS %: 0.00440575   MPKI: 0.001495
BTB BRANCH_DIRECT_JUMP	ACCESS:       1192  HIT:       1166  MISS:         26
BTB BRANCH_INDIRECT	ACCESS:          0  HIT:          0  MISS:          0
BTB BRANCH_CONDITIONAL	ACCESS:    6785121  HIT:    6784971  MISS:        150
BTB BRANCH_DIRECT_CALL	ACCESS:        136  HIT:         76  MISS:         60
BTB BRANCH_INDIRECT_CALL	ACCESS:          0  HIT:          0  MISS:          0
BTB BRANCH_RETURN	ACCESS:        136  HIT:         73  MISS:         63
BTB BRANCH_OTHER ACCESS:          0  HIT:          0  MISS:          0

L2C TOTAL     ACCESS:   13846577  HIT:    8501479  MISS:    5345098  HIT %:    61.3977  MISS %:    38.6023   MPKI: 26.7255
L2C LOAD      ACCESS:    2535562  HIT:    2081973  MISS:     453589  HIT %:    82.1109  MISS %:    17.8891   MPKI: 2.26794
L2C DATA LOAD MPKI: 2.26565
L2C INSTRUCTION LOAD MPKI: 0.00229
L2C RFO       ACCESS:    1162758  HIT:         33  MISS:    1162725  HIT %: 0.00283808  MISS %:    99.9972   MPKI: 5.81362
L2C PREFETCH  ACCESS:    8494906  HIT:    4790086  MISS:    3704820  HIT %:    56.3877  MISS %:    43.6123   MPKI: 18.5241
AGUS PREFETCH L1 MISS: 0
L2C DATA PREFETCH MPKI: 18.5241
L2C INSTRUCTION PREFETCH MPKI: 0
L2C WRITEBACK ACCESS:    1431184  HIT:    1430941  MISS:        243  HIT %:     99.983  MISS %:  0.0169789   MPKI: 0.001215
L2C LOAD TRANSLATION ACCESS:      52047  HIT:      38939  MISS:      13108  HIT %:    74.8151  MISS %:    25.1849   MPKI: 0.06554
L2C TRANSLATION FROM L1D PREFETCHER ACCESS:     170120  HIT:     159507  MISS:      10613  HIT %:    93.7615  MISS %:    6.23854   MPKI: 0.053065
L2C PREFETCH  REQUESTED:          0  ISSUED:          0  USEFUL:     484794  USELESS:    3218657
L2C USEFUL LOAD PREFETCHES:     484794 PREFETCH ISSUED TO LOWER LEVEL:    3823378  ACCURACY: 12.6797
L2C TIMELY PREFETCHES:     484794 LATE PREFETCHES: 118549 DROPPED PREFETCHES: 0
L2C PREFETCHES SAME FILL-ORIGIN LEVEL: 1829793 DIFFERENT FILL-ORIGIN LEVEL: 0
L2C AVERAGE MISS LATENCY:    300.144 cycles AVERAGE LOAD MISS LATENCY:    249.041 cycles Load Miss     453589
L2C Average MSHR Occupancy:    7.16775
L2C RQ	ACCESS:    3920493	FORWARD:          0	MERGED:          0	TO_CACHE:    3920487
L2C WQ	ACCESS:    1431184	FORWARD:          6	MERGED:          0	TO_CACHE:    1431184
L2C PQ	ACCESS:   10831744	FORWARD:          0	MERGED:       4943	TO_CACHE:   10826801

L2C Instructions Evicting Data 452
L2C Translations Evicting Data 23583
L2C Data Evicting Data 5296544
L2C Instructions Evicting Instructions 0
L2C Translations Evicting Instructions 2
L2C Data Evicting Instructions 471
L2C Instructions Evicting Translations 6
L2C Translations Evicting Translations 136
L2C Data Evicting Translations 23661
L2C Dense regions hint from L2: 0
PSCL5 TOTAL     ACCESS:     220887  HIT:     220887  MISS:          0  HIT %:        100  MISS %:          0   MPKI: 0
PSCL5 LOAD TRANSLATION ACCESS:      51567  HIT:      51567  MISS:          0  HIT %:        100  MISS %:          0   MPKI: 0
PSCL5 TRANSLATION FROM L1D PREFETCHER ACCESS:     169320  HIT:     169320  MISS:          0  HIT %:        100  MISS %:          0   MPKI: 0
PSCL5 PREFETCH  REQUESTED:          0  ISSUED:          0  USEFUL:          0  USELESS:          0
PSCL5 USEFUL LOAD PREFETCHES:          0 PREFETCH ISSUED TO LOWER LEVEL:          0  ACCURACY: -nan
PSCL5 TIMELY PREFETCHES:          0 LATE PREFETCHES: 0 DROPPED PREFETCHES: 0
PSCL5 PREFETCHES SAME FILL-ORIGIN LEVEL: 0 DIFFERENT FILL-ORIGIN LEVEL: 0

PSCL4 TOTAL     ACCESS:     220887  HIT:     220887  MISS:          0  HIT %:        100  MISS %:          0   MPKI: 0
PSCL4 LOAD TRANSLATION ACCESS:      51567  HIT:      51567  MISS:          0  HIT %:        100  MISS %:          0   MPKI: 0
PSCL4 TRANSLATION FROM L1D PREFETCHER ACCESS:     169320  HIT:     169320  MISS:          0  HIT %:        100  MISS %:          0   MPKI: 0
PSCL4 PREFETCH  REQUESTED:          0  ISSUED:          0  USEFUL:          0  USELESS:          0
PSCL4 USEFUL LOAD PREFETCHES:          0 PREFETCH ISSUED TO LOWER LEVEL:          0  ACCURACY: -nan
PSCL4 TIMELY PREFETCHES:          0 LATE PREFETCHES: 0 DROPPED PREFETCHES: 0
PSCL4 PREFETCHES SAME FILL-ORIGIN LEVEL: 0 DIFFERENT FILL-ORIGIN LEVEL: 0

PSCL3 TOTAL     ACCESS:     219516  HIT:     219502  MISS:         14  HIT %:    99.9936  MISS %: 0.00637767   MPKI: 7e-05
PSCL3 LOAD TRANSLATION ACCESS:      51138  HIT:      51124  MISS:         14  HIT %:    99.9726  MISS %:  0.0273769   MPKI: 7e-05
PSCL3 TRANSLATION FROM L1D PREFETCHER ACCESS:     168378  HIT:     168378  MISS:          0  HIT %:        100  MISS %:          0   MPKI: 0
PSCL3 PREFETCH  REQUESTED:          0  ISSUED:          0  USEFUL:          0  USELESS:          0
PSCL3 USEFUL LOAD PREFETCHES:          0 PREFETCH ISSUED TO LOWER LEVEL:          0  ACCURACY: -nan
PSCL3 TIMELY PREFETCHES:          0 LATE PREFETCHES: 0 DROPPED PREFETCHES: 0
PSCL3 PREFETCHES SAME FILL-ORIGIN LEVEL: 0 DIFFERENT FILL-ORIGIN LEVEL: 0

PSCL2 TOTAL     ACCESS:     220366  HIT:     219571  MISS:        795  HIT %:    99.6392  MISS %:   0.360763   MPKI: 0.003975
PSCL2 LOAD TRANSLATION ACCESS:      51886  HIT:      51091  MISS:        795  HIT %:    98.4678  MISS %:    1.53221   MPKI: 0.003975
PSCL2 TRANSLATION FROM L1D PREFETCHER ACCESS:     168480  HIT:     168480  MISS:          0  HIT %:        100  MISS %:          0   MPKI: 0
PSCL2 PREFETCH  REQUESTED:          0  ISSUED:          0  USEFUL:          0  USELESS:          0
PSCL2 USEFUL LOAD PREFETCHES:          0 PREFETCH ISSUED TO LOWER LEVEL:          0  ACCURACY: -nan
PSCL2 TIMELY PREFETCHES:          0 LATE PREFETCHES: 0 DROPPED PREFETCHES: 0
PSCL2 PREFETCHES SAME FILL-ORIGIN LEVEL: 0 DIFFERENT FILL-ORIGIN LEVEL: 0

LLC TOTAL     ACCESS:    6776742  HIT:     626463  MISS:    6150279  HIT %:    9.24431  MISS %:    90.7557   MPKI: 30.7514
LLC LOAD      ACCESS:     335052  HIT:      59357  MISS:     275695  HIT %:    17.7158  MISS %:    82.2842   MPKI: 1.37847
LLC RFO       ACCESS:    1162713  HIT:     125450  MISS:    1037263  HIT %:    10.7894  MISS %:    89.2106   MPKI: 5.18631
LLC PREFETCH  ACCESS:    3823369  HIT:     208804  MISS:    3614565  HIT %:    5.46126  MISS %:    94.5387   MPKI: 18.0728
AGUS PREFETCH L1 MISS: 0
LLC WRITEBACK ACCESS:    1431887  HIT:     229675  MISS:    1202212  HIT %:      16.04  MISS %:      83.96   MPKI: 6.01106
LLC LOAD TRANSLATION ACCESS:      13108  HIT:       1351  MISS:      11757  HIT %:    10.3067  MISS %:    89.6933   MPKI: 0.058785
LLC TRANSLATION FROM L1D PREFETCHER ACCESS:      10613  HIT:       1826  MISS:       8787  HIT %:    17.2053  MISS %:    82.7947   MPKI: 0.043935
LLC PREFETCH  REQUESTED:          0  ISSUED:          0  USEFUL:      85612  USELESS:     261139
LLC USEFUL LOAD PREFETCHES:      85612 PREFETCH ISSUED TO LOWER LEVEL:    3614571  ACCURACY: 2.36852
LLC TIMELY PREFETCHES:      85612 LATE PREFETCHES: 0 DROPPED PREFETCHES: 0
LLC PREFETCHES SAME FILL-ORIGIN LEVEL: 0 DIFFERENT FILL-ORIGIN LEVEL: 0
LLC AVERAGE MISS LATENCY:    225.281 cycles AVERAGE LOAD MISS LATENCY:     254.86 cycles Load Miss     275695
LLC Average MSHR Occupancy:    6.09437
LLC RQ	ACCESS:    1521486	FORWARD:          0	MERGED:          0	TO_CACHE:    1521486
LLC WQ	ACCESS:    1431887	FORWARD:          0	MERGED:          0	TO_CACHE:    1431887
LLC PQ	ACCESS:    3823378	FORWARD:          0	MERGED:          0	TO_CACHE:    3823378

LLC Dense regions hint to LLC: 0

RAW hits: 3124283
Loads Generated: 79788230
Loads sent to L1D: 76663943
Stores Generated: 12953045
Stores sent to L1D: 12953045
Major fault: 0 Minor fault: 55468
Allocated PAGES: 55468
================ Mockingjay (LLC) Pollution Stats ================
Total pollution count in LLC: 26948
==================================================================

DRAM Statistics
 CHANNEL 0
 RQ ROW_BUFFER_HIT:     852054  ROW_BUFFER_MISS:    4095963
 DBUS_CONGESTED:        474
 WQ ROW_BUFFER_HIT:     298155  ROW_BUFFER_MISS:    1100506  FULL:      10670

 AVG_CONGESTED_CYCLE: 5
 All warmup complete: 2
Channel 0 Bank busy for read cycles: 0
Channel 0 Bank busy for write cycles: 0
Channel 0
Rank 0
0banks busy for read cycles: 2266115
0banks busy for write cycles: 6527
1banks busy for read cycles: 31491038
1banks busy for write cycles: 1463693
2banks busy for read cycles: 34805479
2banks busy for write cycles: 999242
3banks busy for read cycles: 28204770
3banks busy for write cycles: 795578
4banks busy for read cycles: 23542605
4banks busy for write cycles: 721389
5banks busy for read cycles: 20560822
5banks busy for write cycles: 697529
6banks busy for read cycles: 16956492
6banks busy for write cycles: 809710
7banks busy for read cycles: 13113275
7banks busy for write cycles: 3306698
8banks busy for read cycles: 13185852
8banks busy for write cycles: 33609263

CPU 0 Branch Prediction Accuracy: 99.7719% MPKI: 0.077665 Average ROB Occupancy at Mispredict: 292.536
Branch types
NOT_BRANCH: 193189950 96.595%
BRANCH_DIRECT_JUMP: 1192 0.000596%
BRANCH_INDIRECT: 0 0%
BRANCH_CONDITIONAL: 6808592 3.4043%
BRANCH_DIRECT_CALL: 136 6.8e-05%
BRANCH_INDIRECT_CALL: 0 0%
BRANCH_RETURN: 136 6.8e-05%
BRANCH_OTHER: 0 0%

===================== LRU L1D STATS =====================
Total pollution count in L1D: 1045873
=========================================================
================ SRRIP (L2C) Pollution Stats ================
Total pollution count in L2c: 454807
==================================================================
DRAM PAGES: 1048576
Allocated PAGES: 55468
