
*** ChampSim Multicore Out-of-Order Simulator ***

Warmup Instructions: 200000000
Simulation Instructions: 200000000
Number of CPUs: 1
LLC sets: 4096
LLC ways: 12
Off-chip DRAM Size: 4096 MB Channels: 1 Width: 64-bit Data Rate: 6400 MT/s
CPU 0 runs ./tracer/traces/657.xz_s-2302B.champsimtrace.xz
.xz
BTB has LRU replacement policy
ITLB has LRU replacement policy
DTLB has LRU replacement policy
STLB has LRU replacement policy
L1I has LRU replacement policy
History Sets: 8
History Ways: 16
BERTI Size: 16
BERTI Stride Size: 16
L1D has LRU replacement policy
Initialize SRRIP state for L2C
Initialize Mockingjay state for LLC
Heartbeat CPU 0 instructions: 10000003 cycles: 1894009 heartbeat IPC: 5.27981 cumulative IPC: 5.27981 (Simulation time: 0 hr 0 min 35 sec) 
Heartbeat CPU 0 instructions: 20000006 cycles: 3789053 heartbeat IPC: 5.27692 cumulative IPC: 5.27837 (Simulation time: 0 hr 1 min 10 sec) 
Heartbeat CPU 0 instructions: 30000000 cycles: 5723529 heartbeat IPC: 5.16936 cumulative IPC: 5.24152 (Simulation time: 0 hr 1 min 45 sec) 
Heartbeat CPU 0 instructions: 40000002 cycles: 7615789 heartbeat IPC: 5.28469 cumulative IPC: 5.25225 (Simulation time: 0 hr 2 min 20 sec) 
Heartbeat CPU 0 instructions: 50000004 cycles: 9519377 heartbeat IPC: 5.25324 cumulative IPC: 5.25245 (Simulation time: 0 hr 2 min 54 sec) 
Heartbeat CPU 0 instructions: 60000003 cycles: 11412930 heartbeat IPC: 5.28108 cumulative IPC: 5.2572 (Simulation time: 0 hr 3 min 29 sec) 
Heartbeat CPU 0 instructions: 70000003 cycles: 13311551 heartbeat IPC: 5.26698 cumulative IPC: 5.25859 (Simulation time: 0 hr 4 min 3 sec) 
Heartbeat CPU 0 instructions: 80000007 cycles: 15213073 heartbeat IPC: 5.25895 cumulative IPC: 5.25864 (Simulation time: 0 hr 4 min 34 sec) 
Heartbeat CPU 0 instructions: 90000000 cycles: 17100132 heartbeat IPC: 5.29925 cumulative IPC: 5.26312 (Simulation time: 0 hr 5 min 8 sec) 
Heartbeat CPU 0 instructions: 100000005 cycles: 19013289 heartbeat IPC: 5.22696 cumulative IPC: 5.25948 (Simulation time: 0 hr 5 min 38 sec) 
Heartbeat CPU 0 instructions: 110000005 cycles: 20911159 heartbeat IPC: 5.26906 cumulative IPC: 5.26035 (Simulation time: 0 hr 6 min 7 sec) 
Heartbeat CPU 0 instructions: 120000006 cycles: 22802279 heartbeat IPC: 5.28787 cumulative IPC: 5.26263 (Simulation time: 0 hr 6 min 35 sec) 
Heartbeat CPU 0 instructions: 130000000 cycles: 24651809 heartbeat IPC: 5.40678 cumulative IPC: 5.27345 (Simulation time: 0 hr 7 min 3 sec) 
Heartbeat CPU 0 instructions: 140000004 cycles: 26537649 heartbeat IPC: 5.30268 cumulative IPC: 5.27552 (Simulation time: 0 hr 7 min 30 sec) 
Heartbeat CPU 0 instructions: 150000005 cycles: 28399030 heartbeat IPC: 5.37236 cumulative IPC: 5.28187 (Simulation time: 0 hr 7 min 58 sec) 
Heartbeat CPU 0 instructions: 160000000 cycles: 30297892 heartbeat IPC: 5.26631 cumulative IPC: 5.2809 (Simulation time: 0 hr 8 min 25 sec) 
Heartbeat CPU 0 instructions: 170000005 cycles: 32251956 heartbeat IPC: 5.11754 cumulative IPC: 5.271 (Simulation time: 0 hr 8 min 54 sec) 
Heartbeat CPU 0 instructions: 180000000 cycles: 34212325 heartbeat IPC: 5.10108 cumulative IPC: 5.26126 (Simulation time: 0 hr 9 min 23 sec) 
Heartbeat CPU 0 instructions: 190000006 cycles: 36164205 heartbeat IPC: 5.12327 cumulative IPC: 5.25381 (Simulation time: 0 hr 9 min 51 sec) 
Heartbeat CPU 0 instructions: 200000002 cycles: 38102432 heartbeat IPC: 5.15935 cumulative IPC: 5.24901 (Simulation time: 0 hr 10 min 19 sec) 

Warmup complete CPU 0 instructions: 200000002 cycles: 38102432 (Simulation time: 0 hr 10 min 19 sec) 

Heartbeat CPU 0 instructions: 210000001 cycles: 51076466 heartbeat IPC: 0.77077 cumulative IPC: 0.77077 (Simulation time: 0 hr 10 min 49 sec) 
Heartbeat CPU 0 instructions: 220000000 cycles: 64184499 heartbeat IPC: 0.762891 cumulative IPC: 0.76681 (Simulation time: 0 hr 11 min 19 sec) 
Heartbeat CPU 0 instructions: 230000007 cycles: 77367649 heartbeat IPC: 0.758545 cumulative IPC: 0.764035 (Simulation time: 0 hr 11 min 49 sec) 
Heartbeat CPU 0 instructions: 240000001 cycles: 90623378 heartbeat IPC: 0.75439 cumulative IPC: 0.761601 (Simulation time: 0 hr 12 min 19 sec) 
Heartbeat CPU 0 instructions: 250000007 cycles: 103802064 heartbeat IPC: 0.758801 cumulative IPC: 0.761039 (Simulation time: 0 hr 12 min 49 sec) 
Heartbeat CPU 0 instructions: 260000001 cycles: 116877934 heartbeat IPC: 0.764767 cumulative IPC: 0.761658 (Simulation time: 0 hr 13 min 18 sec) 
Heartbeat CPU 0 instructions: 270000000 cycles: 130029926 heartbeat IPC: 0.760341 cumulative IPC: 0.76147 (Simulation time: 0 hr 13 min 48 sec) 
Heartbeat CPU 0 instructions: 280000000 cycles: 143477677 heartbeat IPC: 0.743619 cumulative IPC: 0.759192 (Simulation time: 0 hr 14 min 17 sec) 
Heartbeat CPU 0 instructions: 290000001 cycles: 156888717 heartbeat IPC: 0.745654 cumulative IPC: 0.757663 (Simulation time: 0 hr 14 min 46 sec) 
Heartbeat CPU 0 instructions: 300000002 cycles: 171161543 heartbeat IPC: 0.700632 cumulative IPC: 0.751546 (Simulation time: 0 hr 15 min 17 sec) 
Heartbeat CPU 0 instructions: 310000002 cycles: 184719114 heartbeat IPC: 0.737595 cumulative IPC: 0.750256 (Simulation time: 0 hr 15 min 46 sec) 
Heartbeat CPU 0 instructions: 320000000 cycles: 196803156 heartbeat IPC: 0.827538 cumulative IPC: 0.75614 (Simulation time: 0 hr 16 min 14 sec) 
Heartbeat CPU 0 instructions: 330000006 cycles: 208423115 heartbeat IPC: 0.860589 cumulative IPC: 0.763266 (Simulation time: 0 hr 16 min 41 sec) 
Heartbeat CPU 0 instructions: 340000001 cycles: 223972442 heartbeat IPC: 0.643114 cumulative IPC: 0.753215 (Simulation time: 0 hr 17 min 18 sec) 
Heartbeat CPU 0 instructions: 350000001 cycles: 236477535 heartbeat IPC: 0.799674 cumulative IPC: 0.756143 (Simulation time: 0 hr 17 min 45 sec) 
Heartbeat CPU 0 instructions: 360000000 cycles: 250405500 heartbeat IPC: 0.71798 cumulative IPC: 0.75364 (Simulation time: 0 hr 18 min 14 sec) 
Heartbeat CPU 0 instructions: 370000001 cycles: 261011758 heartbeat IPC: 0.94284 cumulative IPC: 0.762642 (Simulation time: 0 hr 18 min 40 sec) 
Heartbeat CPU 0 instructions: 380000002 cycles: 272315167 heartbeat IPC: 0.884689 cumulative IPC: 0.768532 (Simulation time: 0 hr 19 min 7 sec) 
Heartbeat CPU 0 instructions: 390000005 cycles: 283471123 heartbeat IPC: 0.896382 cumulative IPC: 0.774345 (Simulation time: 0 hr 19 min 34 sec) 
Heartbeat CPU 0 instructions: 400000001 cycles: 294392600 heartbeat IPC: 0.915627 cumulative IPC: 0.780365 (Simulation time: 0 hr 20 min 0 sec) 
Finished CPU 0 instructions: 200000007 cycles: 256290169 cumulative IPC: 0.780365 (Simulation time: 0 hr 20 min 0 sec) 

ChampSim completed all CPUs

Region of Interest Statistics

CPU 0 cumulative IPC: 0.780365 instructions: 200000007 cycles: 256290169
ITLB TOTAL     ACCESS:   19240627  HIT:   19240623  MISS:          4  HIT %:        100  MISS %: 2.07893e-05   MPKI: 2e-05
ITLB LOAD TRANSLATION ACCESS:   19240627  HIT:   19240623  MISS:          4  HIT %:        100  MISS %: 2.07893e-05   MPKI: 2e-05
ITLB PREFETCH  REQUESTED:          0  ISSUED:          0  USEFUL:          0  USELESS:          0
ITLB USEFUL LOAD PREFETCHES:          0 PREFETCH ISSUED TO LOWER LEVEL:          0  ACCURACY: -nan
ITLB TIMELY PREFETCHES:          0 LATE PREFETCHES: 0 DROPPED PREFETCHES: 0
ITLB PREFETCHES SAME FILL-ORIGIN LEVEL: 0 DIFFERENT FILL-ORIGIN LEVEL: 0
ITLB AVERAGE MISS LATENCY:     295.25 cycles AVERAGE LOAD MISS LATENCY:       -nan cycles Load Miss          0
ITLB Average MSHR Occupancy: 3.34777e-06
ITLB RQ	ACCESS:   22204444	FORWARD:          0	MERGED:    2963816	TO_CACHE:   19240628

DTLB TOTAL     ACCESS:   33308982  HIT:   32703439  MISS:     605543  HIT %:     98.182  MISS %:    1.81796   MPKI: 3.02771
DTLB LOAD TRANSLATION ACCESS:   33308982  HIT:   32703439  MISS:     605543  HIT %:     98.182  MISS %:    1.81796   MPKI: 3.02771
DTLB PREFETCH  REQUESTED:          0  ISSUED:          0  USEFUL:          0  USELESS:          0
DTLB USEFUL LOAD PREFETCHES:          0 PREFETCH ISSUED TO LOWER LEVEL:          0  ACCURACY: -nan
DTLB TIMELY PREFETCHES:          0 LATE PREFETCHES: 0 DROPPED PREFETCHES: 0
DTLB PREFETCHES SAME FILL-ORIGIN LEVEL: 0 DIFFERENT FILL-ORIGIN LEVEL: 0
DTLB AVERAGE MISS LATENCY:     11.451 cycles AVERAGE LOAD MISS LATENCY:       -nan cycles Load Miss          0
DTLB Average MSHR Occupancy:  0.0260182
DTLB RQ	ACCESS:   44485601	FORWARD:          0	MERGED:   11167778	TO_CACHE:   33317823

STLB TOTAL     ACCESS:    1039270  HIT:     996414  MISS:      42856  HIT %:    95.8763  MISS %:    4.12366   MPKI: 0.21428
STLB LOAD TRANSLATION ACCESS:     605547  HIT:     563581  MISS:      41966  HIT %:    93.0697  MISS %:    6.93026   MPKI: 0.20983
STLB TRANSLATION FROM L1D PREFETCHER ACCESS:     433723  HIT:     432833  MISS:        890  HIT %:    99.7948  MISS %:     0.2052   MPKI: 0.00445
STLB PREFETCH  REQUESTED:          0  ISSUED:          0  USEFUL:        815  USELESS:         66
STLB USEFUL LOAD PREFETCHES:        815 PREFETCH ISSUED TO LOWER LEVEL:          0  ACCURACY: inf
STLB TIMELY PREFETCHES:        815 LATE PREFETCHES: 193 DROPPED PREFETCHES: 3633
STLB PREFETCHES SAME FILL-ORIGIN LEVEL: 0 DIFFERENT FILL-ORIGIN LEVEL: 0
STLB AVERAGE MISS LATENCY:     35.756 cycles AVERAGE LOAD MISS LATENCY:       -nan cycles Load Miss          0
STLB Average MSHR Occupancy: 0.00663329
STLB RQ	ACCESS:    1871102	FORWARD:          0	MERGED:     826747	TO_CACHE:    1044355

STLB Hit, L1D data hit: 0
STLB Hit, L2C data hit: 0
STLB Hit, LLC data hit: 0
STLB Hit, LLC data miss: 0
STLB STLB hints to L2: 0
L1D TOTAL     ACCESS:   45231334  HIT:   44319974  MISS:     911360  HIT %:    97.9851  MISS %:    2.01489   MPKI: 4.5568
L1D LOAD      ACCESS:   27088081  HIT:   26362656  MISS:     725425  HIT %:     97.322  MISS %:    2.67802   MPKI: 3.62712
L1D RFO       ACCESS:   17129686  HIT:   16959914  MISS:     169772  HIT %:    99.0089  MISS %:   0.991098   MPKI: 0.84886
L1D PREFETCH  ACCESS:    1013567  HIT:     997404  MISS:      16163  HIT %:    98.4053  MISS %:    1.59467   MPKI: 0.080815
AGUS PREFETCH L1 MISS: 0
L1D PREFETCH  REQUESTED:    3338784  ISSUED:    2569365  USEFUL:      15223  USELESS:        940
L1D USEFUL LOAD PREFETCHES:      15223 PREFETCH ISSUED TO LOWER LEVEL:     221165  ACCURACY: 6.8831
L1D TIMELY PREFETCHES:      15223 LATE PREFETCHES: 6993 DROPPED PREFETCHES: 9194
L1D PREFETCHES SAME FILL-ORIGIN LEVEL: 23156 DIFFERENT FILL-ORIGIN LEVEL: 198009
L1D AVERAGE MISS LATENCY:    94.8839 cycles AVERAGE LOAD MISS LATENCY:    57.4377 cycles Load Miss     725425
L1D Average MSHR Occupancy:   0.350916
L1D RQ	ACCESS:   45123161	FORWARD:          0	MERGED:   17863679	TO_CACHE:   27113409
L1D WQ	ACCESS:   17921446	FORWARD:     146110	MERGED:     549254	TO_CACHE:   17372192
L1D PQ	ACCESS:    1303810	FORWARD:          0	MERGED:      38218	TO_CACHE:    1265555

L1D UNIQUE REGIONS ACCESSED: 0
L1D REGIONS CONFLICTS: 0
L1D Cross Page Prefetch Requests: 187990
L1D Same Page Prefetch Requests: 2029765
L1D ROI Sum of L1D PQ occupancy: 36505180
L1D PREFETCHES PUSHED FROM L2C: 0
L1I TOTAL     ACCESS:   21646835  HIT:   11421439  MISS:   10225396  HIT %:    52.7626  MISS %:    47.2374   MPKI: 51.127
L1I LOAD      ACCESS:   21646835  HIT:   11421439  MISS:   10225396  HIT %:    52.7626  MISS %:    47.2374   MPKI: 51.127
L1I PREFETCH  REQUESTED:          0  ISSUED:          0  USEFUL:          0  USELESS:          0
L1I USEFUL LOAD PREFETCHES:          0 PREFETCH ISSUED TO LOWER LEVEL:          0  ACCURACY: -nan
L1I TIMELY PREFETCHES:          0 LATE PREFETCHES: 0 DROPPED PREFETCHES: 0
L1I PREFETCHES SAME FILL-ORIGIN LEVEL: 0 DIFFERENT FILL-ORIGIN LEVEL: 0
L1I AVERAGE MISS LATENCY:    14.0428 cycles AVERAGE LOAD MISS LATENCY:    14.0428 cycles Load Miss   10225396
L1I Average MSHR Occupancy:   0.537479
L1I RQ	ACCESS:   41854134	FORWARD:          0	MERGED:   19649690	TO_CACHE:   22204444

BTB TOTAL     ACCESS:   23039195  HIT:   22801428  MISS:     237767  HIT %:     98.968  MISS %:    1.03201   MPKI: 1.18883
BTB BRANCH_DIRECT_JUMP	ACCESS:    2821841  HIT:    2821757  MISS:         84
BTB BRANCH_INDIRECT	ACCESS:     444642  HIT:     217166  MISS:     227476
BTB BRANCH_CONDITIONAL	ACCESS:   19124649  HIT:   19124374  MISS:        275
BTB BRANCH_DIRECT_CALL	ACCESS:     215290  HIT:     215266  MISS:         24
BTB BRANCH_INDIRECT_CALL	ACCESS:     108742  HIT:     108735  MISS:          7
BTB BRANCH_RETURN	ACCESS:     324031  HIT:     314130  MISS:       9901
BTB BRANCH_OTHER ACCESS:          0  HIT:          0  MISS:          0

L2C TOTAL     ACCESS:   11991702  HIT:   11769289  MISS:     222413  HIT %:    98.1453  MISS %:    1.85472   MPKI: 1.11206
L2C LOAD      ACCESS:   10943820  HIT:   10848059  MISS:      95761  HIT %:     99.125  MISS %:   0.875024   MPKI: 0.478805
L2C DATA LOAD MPKI: 0.47699
L2C INSTRUCTION LOAD MPKI: 0.001815
L2C RFO       ACCESS:     169772  HIT:      82488  MISS:      87284  HIT %:    48.5875  MISS %:    51.4125   MPKI: 0.43642
L2C PREFETCH  ACCESS:     194951  HIT:     157652  MISS:      37299  HIT %:    80.8675  MISS %:    19.1325   MPKI: 0.186495
AGUS PREFETCH L1 MISS: 0
L2C DATA PREFETCH MPKI: 0.186495
L2C INSTRUCTION PREFETCH MPKI: 0
L2C WRITEBACK ACCESS:     636415  HIT:     636195  MISS:        220  HIT %:    99.9654  MISS %:  0.0345686   MPKI: 0.0011
L2C LOAD TRANSLATION ACCESS:      41945  HIT:      40243  MISS:       1702  HIT %:    95.9423  MISS %:    4.05769   MPKI: 0.00851
L2C TRANSLATION FROM L1D PREFETCHER ACCESS:       4799  HIT:       4652  MISS:        147  HIT %:    96.9369  MISS %:    3.06314   MPKI: 0.000735
L2C PREFETCH  REQUESTED:          0  ISSUED:          0  USEFUL:      17561  USELESS:      19099
L2C USEFUL LOAD PREFETCHES:      17561 PREFETCH ISSUED TO LOWER LEVEL:      47661  ACCURACY: 36.8456
L2C TIMELY PREFETCHES:      17561 LATE PREFETCHES: 10362 DROPPED PREFETCHES: 0
L2C PREFETCHES SAME FILL-ORIGIN LEVEL: 33643 DIFFERENT FILL-ORIGIN LEVEL: 0
L2C AVERAGE MISS LATENCY:    399.787 cycles AVERAGE LOAD MISS LATENCY:    323.865 cycles Load Miss      95761
L2C Average MSHR Occupancy:   0.356602
L2C RQ	ACCESS:   11160342	FORWARD:          0	MERGED:          0	TO_CACHE:   11160335
L2C WQ	ACCESS:     636415	FORWARD:          7	MERGED:          0	TO_CACHE:     636415
L2C PQ	ACCESS:     221165	FORWARD:          0	MERGED:         61	TO_CACHE:     221104

L2C Instructions Evicting Data 363
L2C Translations Evicting Data 1831
L2C Data Evicting Data 217605
L2C Instructions Evicting Instructions 0
L2C Translations Evicting Instructions 0
L2C Data Evicting Instructions 364
L2C Instructions Evicting Translations 0
L2C Translations Evicting Translations 18
L2C Data Evicting Translations 2012
L2C Dense regions hint from L2: 0
PSCL5 TOTAL     ACCESS:      46609  HIT:      46609  MISS:          0  HIT %:        100  MISS %:          0   MPKI: 0
PSCL5 LOAD TRANSLATION ACCESS:      41893  HIT:      41893  MISS:          0  HIT %:        100  MISS %:          0   MPKI: 0
PSCL5 TRANSLATION FROM L1D PREFETCHER ACCESS:       4716  HIT:       4716  MISS:          0  HIT %:        100  MISS %:          0   MPKI: 0
PSCL5 PREFETCH  REQUESTED:          0  ISSUED:          0  USEFUL:          0  USELESS:          0
PSCL5 USEFUL LOAD PREFETCHES:          0 PREFETCH ISSUED TO LOWER LEVEL:          0  ACCURACY: -nan
PSCL5 TIMELY PREFETCHES:          0 LATE PREFETCHES: 0 DROPPED PREFETCHES: 0
PSCL5 PREFETCHES SAME FILL-ORIGIN LEVEL: 0 DIFFERENT FILL-ORIGIN LEVEL: 0

PSCL4 TOTAL     ACCESS:      46609  HIT:      46609  MISS:          0  HIT %:        100  MISS %:          0   MPKI: 0
PSCL4 LOAD TRANSLATION ACCESS:      41893  HIT:      41893  MISS:          0  HIT %:        100  MISS %:          0   MPKI: 0
PSCL4 TRANSLATION FROM L1D PREFETCHER ACCESS:       4716  HIT:       4716  MISS:          0  HIT %:        100  MISS %:          0   MPKI: 0
PSCL4 PREFETCH  REQUESTED:          0  ISSUED:          0  USEFUL:          0  USELESS:          0
PSCL4 USEFUL LOAD PREFETCHES:          0 PREFETCH ISSUED TO LOWER LEVEL:          0  ACCURACY: -nan
PSCL4 TIMELY PREFETCHES:          0 LATE PREFETCHES: 0 DROPPED PREFETCHES: 0
PSCL4 PREFETCHES SAME FILL-ORIGIN LEVEL: 0 DIFFERENT FILL-ORIGIN LEVEL: 0

PSCL3 TOTAL     ACCESS:      46609  HIT:      46609  MISS:          0  HIT %:        100  MISS %:          0   MPKI: 0
PSCL3 LOAD TRANSLATION ACCESS:      41893  HIT:      41893  MISS:          0  HIT %:        100  MISS %:          0   MPKI: 0
PSCL3 TRANSLATION FROM L1D PREFETCHER ACCESS:       4716  HIT:       4716  MISS:          0  HIT %:        100  MISS %:          0   MPKI: 0
PSCL3 PREFETCH  REQUESTED:          0  ISSUED:          0  USEFUL:          0  USELESS:          0
PSCL3 USEFUL LOAD PREFETCHES:          0 PREFETCH ISSUED TO LOWER LEVEL:          0  ACCURACY: -nan
PSCL3 TIMELY PREFETCHES:          0 LATE PREFETCHES: 0 DROPPED PREFETCHES: 0
PSCL3 PREFETCHES SAME FILL-ORIGIN LEVEL: 0 DIFFERENT FILL-ORIGIN LEVEL: 0

PSCL2 TOTAL     ACCESS:      46529  HIT:      46474  MISS:         55  HIT %:    99.8818  MISS %:   0.118206   MPKI: 0.000275
PSCL2 LOAD TRANSLATION ACCESS:      41896  HIT:      41841  MISS:         55  HIT %:    99.8687  MISS %:   0.131277   MPKI: 0.000275
PSCL2 TRANSLATION FROM L1D PREFETCHER ACCESS:       4633  HIT:       4633  MISS:          0  HIT %:        100  MISS %:          0   MPKI: 0
PSCL2 PREFETCH  REQUESTED:          0  ISSUED:          0  USEFUL:          0  USELESS:          0
PSCL2 USEFUL LOAD PREFETCHES:          0 PREFETCH ISSUED TO LOWER LEVEL:          0  ACCURACY: -nan
PSCL2 TIMELY PREFETCHES:          0 LATE PREFETCHES: 0 DROPPED PREFETCHES: 0
PSCL2 PREFETCHES SAME FILL-ORIGIN LEVEL: 0 DIFFERENT FILL-ORIGIN LEVEL: 0

LLC TOTAL     ACCESS:     354373  HIT:      83174  MISS:     271199  HIT %:    23.4707  MISS %:    76.5293   MPKI: 1.35599
LLC LOAD      ACCESS:      85413  HIT:      12193  MISS:      73220  HIT %:    14.2753  MISS %:    85.7247   MPKI: 0.3661
LLC RFO       ACCESS:      87270  HIT:       1399  MISS:      85871  HIT %:    1.60307  MISS %:    98.3969   MPKI: 0.429355
LLC PREFETCH  ACCESS:      47661  HIT:       1519  MISS:      46142  HIT %:    3.18709  MISS %:    96.8129   MPKI: 0.23071
AGUS PREFETCH L1 MISS: 0
LLC WRITEBACK ACCESS:     132180  HIT:      67930  MISS:      64250  HIT %:     51.392  MISS %:     48.608   MPKI: 0.32125
LLC LOAD TRANSLATION ACCESS:       1702  HIT:        110  MISS:       1592  HIT %:    6.46298  MISS %:     93.537   MPKI: 0.00796
LLC TRANSLATION FROM L1D PREFETCHER ACCESS:        147  HIT:         23  MISS:        124  HIT %:    15.6463  MISS %:    84.3537   MPKI: 0.00062
LLC PREFETCH  REQUESTED:          0  ISSUED:          0  USEFUL:       1603  USELESS:      28131
LLC USEFUL LOAD PREFETCHES:       1603 PREFETCH ISSUED TO LOWER LEVEL:      46142  ACCURACY: 3.47406
LLC TIMELY PREFETCHES:       1603 LATE PREFETCHES: 0 DROPPED PREFETCHES: 0
LLC PREFETCHES SAME FILL-ORIGIN LEVEL: 0 DIFFERENT FILL-ORIGIN LEVEL: 0
LLC AVERAGE MISS LATENCY:     303.84 cycles AVERAGE LOAD MISS LATENCY:    316.783 cycles Load Miss      73220
LLC Average MSHR Occupancy:   0.320707
LLC RQ	ACCESS:     174532	FORWARD:          0	MERGED:          0	TO_CACHE:     174532
LLC WQ	ACCESS:     132180	FORWARD:          0	MERGED:          0	TO_CACHE:     132180
LLC PQ	ACCESS:      47661	FORWARD:          0	MERGED:          0	TO_CACHE:      47661

LLC Dense regions hint to LLC: 0

RAW hits: 3013881
Loads Generated: 48137043
Loads sent to L1D: 45123161
Stores Generated: 17921435
Stores sent to L1D: 17921446
Major fault: 0 Minor fault: 9228
Allocated PAGES: 9228
================ Mockingjay (LLC) Pollution Stats ================
Total pollution count in LLC: 5761
==================================================================

DRAM Statistics
 CHANNEL 0
 RQ ROW_BUFFER_HIT:      53331  ROW_BUFFER_MISS:     153618
 DBUS_CONGESTED:          2
 WQ ROW_BUFFER_HIT:      14706  ROW_BUFFER_MISS:     120425  FULL:      31206

 AVG_CONGESTED_CYCLE: 4
 All warmup complete: 2
Channel 0 Bank busy for read cycles: 0
Channel 0 Bank busy for write cycles: 0
Channel 0
Rank 0
0banks busy for read cycles: 235113158
0banks busy for write cycles: 39154
1banks busy for read cycles: 8697110
1banks busy for write cycles: 5957290
2banks busy for read cycles: 1001165
2banks busy for write cycles: 644416
3banks busy for read cycles: 218490
3banks busy for write cycles: 132531
4banks busy for read cycles: 171675
4banks busy for write cycles: 52099
5banks busy for read cycles: 216233
5banks busy for write cycles: 40689
6banks busy for read cycles: 317606
6banks busy for write cycles: 51186
7banks busy for read cycles: 479272
7banks busy for write cycles: 203863
8banks busy for read cycles: 1194430
8banks busy for write cycles: 1759803

CPU 0 Branch Prediction Accuracy: 93.241% MPKI: 8.33141 Average ROB Occupancy at Mispredict: 34.5815
Branch types
NOT_BRANCH: 175346555 87.6733%
BRANCH_DIRECT_JUMP: 2821841 1.41092%
BRANCH_INDIRECT: 444642 0.222321%
BRANCH_CONDITIONAL: 20738358 10.3692%
BRANCH_DIRECT_CALL: 215290 0.107645%
BRANCH_INDIRECT_CALL: 108742 0.054371%
BRANCH_RETURN: 324031 0.162015%
BRANCH_OTHER: 0 0%

===================== LRU L1D STATS =====================
Total pollution count in L1D: 13807
=========================================================
================ SRRIP (L2C) Pollution Stats ================
Total pollution count in L2c: 227338
==================================================================
DRAM PAGES: 1048576
Allocated PAGES: 9228
