
*** ChampSim Multicore Out-of-Order Simulator ***

Warmup Instructions: 200000000
Simulation Instructions: 200000000
Number of CPUs: 1
LLC sets: 4096
LLC ways: 12
Off-chip DRAM Size: 4096 MB Channels: 1 Width: 64-bit Data Rate: 6400 MT/s
CPU 0 runs /home1/sweta/traces/DPC4-Traces/Google_Traces_v2/Google_Traces_v2/charlie/charlie_0004.champsim.gz
.gz
BTB has LRU replacement policy
ITLB has LRU replacement policy
DTLB has LRU replacement policy
STLB has LRU replacement policy
L1I has LRU replacement policy
L1D has LRU replacement policy
L2C has LRU replacement policy with pollution tracking
LLC has LRU replacement policy with pollution tracking
Heartbeat CPU 0 instructions: 10000007 cycles: 2107806 heartbeat IPC: 4.74427 cumulative IPC: 4.74427 (Simulation time: 0 hr 0 min 33 sec) 
Heartbeat CPU 0 instructions: 20000005 cycles: 4272959 heartbeat IPC: 4.61861 cumulative IPC: 4.6806 (Simulation time: 0 hr 1 min 7 sec) 
Heartbeat CPU 0 instructions: 30000002 cycles: 6315637 heartbeat IPC: 4.89553 cumulative IPC: 4.75011 (Simulation time: 0 hr 1 min 40 sec) 
Heartbeat CPU 0 instructions: 40000007 cycles: 8360528 heartbeat IPC: 4.89024 cumulative IPC: 4.78439 (Simulation time: 0 hr 2 min 13 sec) 
Heartbeat CPU 0 instructions: 50000001 cycles: 10639757 heartbeat IPC: 4.38745 cumulative IPC: 4.69936 (Simulation time: 0 hr 2 min 46 sec) 
Heartbeat CPU 0 instructions: 60000000 cycles: 13177319 heartbeat IPC: 3.94079 cumulative IPC: 4.55328 (Simulation time: 0 hr 3 min 22 sec) 
Heartbeat CPU 0 instructions: 70000003 cycles: 15848671 heartbeat IPC: 3.74342 cumulative IPC: 4.41677 (Simulation time: 0 hr 3 min 57 sec) 
Heartbeat CPU 0 instructions: 80000007 cycles: 18450203 heartbeat IPC: 3.84389 cumulative IPC: 4.336 (Simulation time: 0 hr 4 min 30 sec) 
Heartbeat CPU 0 instructions: 90000000 cycles: 20634169 heartbeat IPC: 4.57882 cumulative IPC: 4.3617 (Simulation time: 0 hr 4 min 59 sec) 
Heartbeat CPU 0 instructions: 100000001 cycles: 22839985 heartbeat IPC: 4.53347 cumulative IPC: 4.37829 (Simulation time: 0 hr 5 min 29 sec) 
Heartbeat CPU 0 instructions: 110000000 cycles: 25084682 heartbeat IPC: 4.45494 cumulative IPC: 4.38515 (Simulation time: 0 hr 6 min 0 sec) 
Heartbeat CPU 0 instructions: 120000003 cycles: 27342250 heartbeat IPC: 4.42955 cumulative IPC: 4.38881 (Simulation time: 0 hr 6 min 33 sec) 
Heartbeat CPU 0 instructions: 130000006 cycles: 29570108 heartbeat IPC: 4.48862 cumulative IPC: 4.39633 (Simulation time: 0 hr 7 min 5 sec) 
Heartbeat CPU 0 instructions: 140000001 cycles: 31872381 heartbeat IPC: 4.34353 cumulative IPC: 4.39252 (Simulation time: 0 hr 7 min 38 sec) 
Heartbeat CPU 0 instructions: 150000001 cycles: 34351988 heartbeat IPC: 4.0329 cumulative IPC: 4.36656 (Simulation time: 0 hr 8 min 10 sec) 
Heartbeat CPU 0 instructions: 160000001 cycles: 36630335 heartbeat IPC: 4.38915 cumulative IPC: 4.36796 (Simulation time: 0 hr 8 min 43 sec) 
Heartbeat CPU 0 instructions: 170000000 cycles: 39218818 heartbeat IPC: 3.86327 cumulative IPC: 4.33465 (Simulation time: 0 hr 9 min 17 sec) 
Heartbeat CPU 0 instructions: 180000000 cycles: 42011219 heartbeat IPC: 3.58115 cumulative IPC: 4.28457 (Simulation time: 0 hr 9 min 55 sec) 
Heartbeat CPU 0 instructions: 190000006 cycles: 44394334 heartbeat IPC: 4.19619 cumulative IPC: 4.27983 (Simulation time: 0 hr 10 min 27 sec) 
Heartbeat CPU 0 instructions: 200000000 cycles: 46982558 heartbeat IPC: 3.86365 cumulative IPC: 4.2569 (Simulation time: 0 hr 11 min 1 sec) 

Warmup complete CPU 0 instructions: 200000002 cycles: 46982559 (Simulation time: 0 hr 11 min 1 sec) 

Heartbeat CPU 0 instructions: 210000002 cycles: 68181240 heartbeat IPC: 0.471728 cumulative IPC: 0.471727 (Simulation time: 0 hr 11 min 48 sec) 
Heartbeat CPU 0 instructions: 220000002 cycles: 88276577 heartbeat IPC: 0.497628 cumulative IPC: 0.484332 (Simulation time: 0 hr 12 min 37 sec) 
Heartbeat CPU 0 instructions: 230000002 cycles: 106346880 heartbeat IPC: 0.553394 cumulative IPC: 0.505354 (Simulation time: 0 hr 13 min 28 sec) 
Heartbeat CPU 0 instructions: 240000001 cycles: 126683877 heartbeat IPC: 0.491715 cumulative IPC: 0.501874 (Simulation time: 0 hr 14 min 17 sec) 
Heartbeat CPU 0 instructions: 250000005 cycles: 152618821 heartbeat IPC: 0.38558 cumulative IPC: 0.473322 (Simulation time: 0 hr 15 min 3 sec) 
Heartbeat CPU 0 instructions: 260000000 cycles: 179109248 heartbeat IPC: 0.377495 cumulative IPC: 0.45411 (Simulation time: 0 hr 15 min 43 sec) 
Heartbeat CPU 0 instructions: 270000000 cycles: 198396982 heartbeat IPC: 0.518464 cumulative IPC: 0.462307 (Simulation time: 0 hr 16 min 16 sec) 
Heartbeat CPU 0 instructions: 280000000 cycles: 233345969 heartbeat IPC: 0.286131 cumulative IPC: 0.429269 (Simulation time: 0 hr 16 min 58 sec) 
Heartbeat CPU 0 instructions: 290000005 cycles: 263808137 heartbeat IPC: 0.328276 cumulative IPC: 0.41508 (Simulation time: 0 hr 17 min 39 sec) 
Heartbeat CPU 0 instructions: 300000004 cycles: 288121420 heartbeat IPC: 0.411298 cumulative IPC: 0.414699 (Simulation time: 0 hr 18 min 19 sec) 
Heartbeat CPU 0 instructions: 310000003 cycles: 311577256 heartbeat IPC: 0.426333 cumulative IPC: 0.41573 (Simulation time: 0 hr 19 min 2 sec) 
Heartbeat CPU 0 instructions: 320000000 cycles: 336272924 heartbeat IPC: 0.404929 cumulative IPC: 0.414808 (Simulation time: 0 hr 19 min 39 sec) 
Heartbeat CPU 0 instructions: 330000002 cycles: 359893970 heartbeat IPC: 0.423351 cumulative IPC: 0.415453 (Simulation time: 0 hr 20 min 16 sec) 
Heartbeat CPU 0 instructions: 340000000 cycles: 387400732 heartbeat IPC: 0.363547 cumulative IPC: 0.411259 (Simulation time: 0 hr 20 min 59 sec) 
Heartbeat CPU 0 instructions: 350000007 cycles: 416765337 heartbeat IPC: 0.340546 cumulative IPC: 0.405644 (Simulation time: 0 hr 21 min 41 sec) 
Heartbeat CPU 0 instructions: 360000000 cycles: 448573953 heartbeat IPC: 0.31438 cumulative IPC: 0.398415 (Simulation time: 0 hr 22 min 17 sec) 
Heartbeat CPU 0 instructions: 370000001 cycles: 478686589 heartbeat IPC: 0.332087 cumulative IPC: 0.393788 (Simulation time: 0 hr 22 min 56 sec) 
Heartbeat CPU 0 instructions: 380000004 cycles: 504059186 heartbeat IPC: 0.394126 cumulative IPC: 0.393807 (Simulation time: 0 hr 23 min 29 sec) 
Heartbeat CPU 0 instructions: 390000004 cycles: 523530682 heartbeat IPC: 0.513571 cumulative IPC: 0.398701 (Simulation time: 0 hr 24 min 3 sec) 
Heartbeat CPU 0 instructions: 400000000 cycles: 546819828 heartbeat IPC: 0.429384 cumulative IPC: 0.40013 (Simulation time: 0 hr 24 min 39 sec) 
Finished CPU 0 instructions: 200000006 cycles: 499837270 cumulative IPC: 0.40013 (Simulation time: 0 hr 24 min 39 sec) 

ChampSim completed all CPUs

Region of Interest Statistics

CPU 0 cumulative IPC: 0.40013 instructions: 200000006 cycles: 499837270
ITLB TOTAL     ACCESS:   21512770  HIT:   21446746  MISS:      66024  HIT %:    99.6931  MISS %:   0.306906   MPKI: 0.33012
ITLB LOAD TRANSLATION ACCESS:   21512770  HIT:   21446746  MISS:      66024  HIT %:    99.6931  MISS %:   0.306906   MPKI: 0.33012
ITLB PREFETCH  REQUESTED:          0  ISSUED:          0  USEFUL:          0  USELESS:          0
ITLB USEFUL LOAD PREFETCHES:          0 PREFETCH ISSUED TO LOWER LEVEL:          0  ACCURACY: -nan
ITLB TIMELY PREFETCHES:          0 LATE PREFETCHES: 0 DROPPED PREFETCHES: 0
ITLB PREFETCHES SAME FILL-ORIGIN LEVEL: 0 DIFFERENT FILL-ORIGIN LEVEL: 0
ITLB AVERAGE MISS LATENCY:    47.4152 cycles AVERAGE LOAD MISS LATENCY:       -nan cycles Load Miss          0
ITLB Average MSHR Occupancy: 0.00587553
ITLB RQ	ACCESS:   24039251	FORWARD:          0	MERGED:    2474740	TO_CACHE:   21564511

DTLB TOTAL     ACCESS:   42203218  HIT:   40096833  MISS:    2106385  HIT %:    95.0089  MISS %:    4.99105   MPKI: 10.5319
DTLB LOAD TRANSLATION ACCESS:   42203218  HIT:   40096833  MISS:    2106385  HIT %:    95.0089  MISS %:    4.99105   MPKI: 10.5319
DTLB PREFETCH  REQUESTED:          0  ISSUED:          0  USEFUL:          0  USELESS:          0
DTLB USEFUL LOAD PREFETCHES:          0 PREFETCH ISSUED TO LOWER LEVEL:          0  ACCURACY: -nan
DTLB TIMELY PREFETCHES:          0 LATE PREFETCHES: 0 DROPPED PREFETCHES: 0
DTLB PREFETCHES SAME FILL-ORIGIN LEVEL: 0 DIFFERENT FILL-ORIGIN LEVEL: 0
DTLB AVERAGE MISS LATENCY:    34.5696 cycles AVERAGE LOAD MISS LATENCY:       -nan cycles Load Miss          0
DTLB Average MSHR Occupancy:   0.127556
DTLB RQ	ACCESS:   54685382	FORWARD:          0	MERGED:   12280747	TO_CACHE:   42404635

STLB TOTAL     ACCESS:    2172409  HIT:    1844820  MISS:     327589  HIT %:    84.9205  MISS %:    15.0795   MPKI: 1.63794
STLB LOAD TRANSLATION ACCESS:    2172409  HIT:    1844820  MISS:     327589  HIT %:    84.9205  MISS %:    15.0795   MPKI: 1.63794
STLB PREFETCH  REQUESTED:          0  ISSUED:          0  USEFUL:          0  USELESS:          0
STLB USEFUL LOAD PREFETCHES:          0 PREFETCH ISSUED TO LOWER LEVEL:          0  ACCURACY: -nan
STLB TIMELY PREFETCHES:          0 LATE PREFETCHES: 0 DROPPED PREFETCHES: 0
STLB PREFETCHES SAME FILL-ORIGIN LEVEL: 0 DIFFERENT FILL-ORIGIN LEVEL: 0
STLB AVERAGE MISS LATENCY:    170.979 cycles AVERAGE LOAD MISS LATENCY:       -nan cycles Load Miss          0
STLB Average MSHR Occupancy:  0.0969935
STLB RQ	ACCESS:    2172409	FORWARD:          0	MERGED:          0	TO_CACHE:    2172409

STLB Hit, L1D data hit: 0
STLB Hit, L2C data hit: 0
STLB Hit, LLC data hit: 0
STLB Hit, LLC data miss: 0
STLB STLB hints to L2: 0
L1D TOTAL     ACCESS:   53145751  HIT:   50996726  MISS:    2149025  HIT %:    95.9564  MISS %:    4.04364   MPKI: 10.7451
L1D LOAD      ACCESS:   31480516  HIT:   29878676  MISS:    1601840  HIT %:    94.9116  MISS %:    5.08835   MPKI: 8.0092
L1D RFO       ACCESS:   21665235  HIT:   21118050  MISS:     547185  HIT %:    97.4744  MISS %:    2.52564   MPKI: 2.73592
L1D PREFETCH  REQUESTED:          0  ISSUED:          0  USEFUL:          0  USELESS:          0
L1D USEFUL LOAD PREFETCHES:          0 PREFETCH ISSUED TO LOWER LEVEL:          0  ACCURACY: -nan
L1D TIMELY PREFETCHES:          0 LATE PREFETCHES: 0 DROPPED PREFETCHES: 0
L1D PREFETCHES SAME FILL-ORIGIN LEVEL: 0 DIFFERENT FILL-ORIGIN LEVEL: 0
L1D AVERAGE MISS LATENCY:    139.199 cycles AVERAGE LOAD MISS LATENCY:    117.464 cycles Load Miss    1601840
L1D Average MSHR Occupancy:    0.59678
L1D RQ	ACCESS:   48652336	FORWARD:          0	MERGED:   16017807	TO_CACHE:   31618222
L1D WQ	ACCESS:   23798912	FORWARD:    1016307	MERGED:     731752	TO_CACHE:   23067160

L1D UNIQUE REGIONS ACCESSED: 0
L1D REGIONS CONFLICTS: 0
L1D Cross Page Prefetch Requests: 0
L1D Same Page Prefetch Requests: 0
L1D ROI Sum of L1D PQ occupancy: 0
L1D PREFETCHES PUSHED FROM L2C: 0
L1I TOTAL     ACCESS:   23628029  HIT:   14495102  MISS:    9132927  HIT %:    61.3471  MISS %:    38.6529   MPKI: 45.6646
L1I LOAD      ACCESS:   23628029  HIT:   14495102  MISS:    9132927  HIT %:    61.3471  MISS %:    38.6529   MPKI: 45.6646
L1I PREFETCH  REQUESTED:          0  ISSUED:          0  USEFUL:          0  USELESS:          0
L1I USEFUL LOAD PREFETCHES:          0 PREFETCH ISSUED TO LOWER LEVEL:          0  ACCURACY: -nan
L1I TIMELY PREFETCHES:          0 LATE PREFETCHES: 0 DROPPED PREFETCHES: 0
L1I PREFETCHES SAME FILL-ORIGIN LEVEL: 0 DIFFERENT FILL-ORIGIN LEVEL: 0
L1I AVERAGE MISS LATENCY:    20.3518 cycles AVERAGE LOAD MISS LATENCY:    20.3518 cycles Load Miss    9132927
L1I Average MSHR Occupancy:   0.358914
L1I RQ	ACCESS:   46111621	FORWARD:          0	MERGED:   22072370	TO_CACHE:   24039251

BTB TOTAL     ACCESS:   16773279  HIT:   15727295  MISS:    1045984  HIT %:     93.764  MISS %:    6.23601   MPKI: 5.22992
BTB BRANCH_DIRECT_JUMP	ACCESS:    2257850  HIT:    2187904  MISS:      69946
BTB BRANCH_INDIRECT	ACCESS:     200532  HIT:     127850  MISS:      72682
BTB BRANCH_CONDITIONAL	ACCESS:   10680032  HIT:   10604708  MISS:      75324
BTB BRANCH_DIRECT_CALL	ACCESS:    1700766  HIT:    1622113  MISS:      78653
BTB BRANCH_INDIRECT_CALL	ACCESS:     108965  HIT:      77426  MISS:      31539
BTB BRANCH_RETURN	ACCESS:    1817736  HIT:    1100042  MISS:     717694
BTB BRANCH_OTHER ACCESS:       7398  HIT:       7252  MISS:        146

L2C TOTAL     ACCESS:   12667961  HIT:   11012466  MISS:    1655495  HIT %:    86.9316  MISS %:    13.0684   MPKI: 8.27747
L2C LOAD      ACCESS:   10734758  HIT:    9680063  MISS:    1054695  HIT %:     90.175  MISS %:    9.82505   MPKI: 5.27347
L2C DATA LOAD MPKI: 3.90915
L2C INSTRUCTION LOAD MPKI: 1.36432
L2C RFO       ACCESS:     547180  HIT:      84829  MISS:     462351  HIT %:    15.5029  MISS %:    84.4971   MPKI: 2.31175
L2C WRITEBACK ACCESS:     795937  HIT:     795778  MISS:        159  HIT %:      99.98  MISS %:  0.0199765   MPKI: 0.000795
L2C LOAD TRANSLATION ACCESS:     590086  HIT:     451796  MISS:     138290  HIT %:    76.5644  MISS %:    23.4356   MPKI: 0.69145
L2C PREFETCH  REQUESTED:          0  ISSUED:          0  USEFUL:          0  USELESS:          0
L2C USEFUL LOAD PREFETCHES:          0 PREFETCH ISSUED TO LOWER LEVEL:          0  ACCURACY: -nan
L2C TIMELY PREFETCHES:          0 LATE PREFETCHES: 0 DROPPED PREFETCHES: 0
L2C PREFETCHES SAME FILL-ORIGIN LEVEL: 0 DIFFERENT FILL-ORIGIN LEVEL: 0
L2C AVERAGE MISS LATENCY:    212.963 cycles AVERAGE LOAD MISS LATENCY:    208.871 cycles Load Miss    1054695
L2C Average MSHR Occupancy:   0.695661
L2C RQ	ACCESS:   11872038	FORWARD:          0	MERGED:          0	TO_CACHE:   11872024
L2C WQ	ACCESS:     795937	FORWARD:         14	MERGED:          0	TO_CACHE:     795937

L2C Instructions Evicting Data 202835
L2C Translations Evicting Data 103878
L2C Data Evicting Data 938134
L2C Instructions Evicting Instructions 46932
L2C Translations Evicting Instructions 22718
L2C Data Evicting Instructions 203258
L2C Instructions Evicting Translations 23097
L2C Translations Evicting Translations 11694
L2C Data Evicting Translations 102790
L2C Dense regions hint from L2: 0
PSCL5 TOTAL     ACCESS:     327589  HIT:     327589  MISS:          0  HIT %:        100  MISS %:          0   MPKI: 0
PSCL5 LOAD TRANSLATION ACCESS:     327589  HIT:     327589  MISS:          0  HIT %:        100  MISS %:          0   MPKI: 0
PSCL5 PREFETCH  REQUESTED:          0  ISSUED:          0  USEFUL:          0  USELESS:          0
PSCL5 USEFUL LOAD PREFETCHES:          0 PREFETCH ISSUED TO LOWER LEVEL:          0  ACCURACY: -nan
PSCL5 TIMELY PREFETCHES:          0 LATE PREFETCHES: 0 DROPPED PREFETCHES: 0
PSCL5 PREFETCHES SAME FILL-ORIGIN LEVEL: 0 DIFFERENT FILL-ORIGIN LEVEL: 0

PSCL4 TOTAL     ACCESS:     325806  HIT:     324462  MISS:       1344  HIT %:    99.5875  MISS %:   0.412515   MPKI: 0.00672
PSCL4 LOAD TRANSLATION ACCESS:     325806  HIT:     324462  MISS:       1344  HIT %:    99.5875  MISS %:   0.412515   MPKI: 0.00672
PSCL4 PREFETCH  REQUESTED:          0  ISSUED:          0  USEFUL:          0  USELESS:          0
PSCL4 USEFUL LOAD PREFETCHES:          0 PREFETCH ISSUED TO LOWER LEVEL:          0  ACCURACY: -nan
PSCL4 TIMELY PREFETCHES:          0 LATE PREFETCHES: 0 DROPPED PREFETCHES: 0
PSCL4 PREFETCHES SAME FILL-ORIGIN LEVEL: 0 DIFFERENT FILL-ORIGIN LEVEL: 0

PSCL3 TOTAL     ACCESS:     305377  HIT:     229921  MISS:      75456  HIT %:    75.2909  MISS %:    24.7091   MPKI: 0.37728
PSCL3 LOAD TRANSLATION ACCESS:     305377  HIT:     229921  MISS:      75456  HIT %:    75.2909  MISS %:    24.7091   MPKI: 0.37728
PSCL3 PREFETCH  REQUESTED:          0  ISSUED:          0  USEFUL:          0  USELESS:          0
PSCL3 USEFUL LOAD PREFETCHES:          0 PREFETCH ISSUED TO LOWER LEVEL:          0  ACCURACY: -nan
PSCL3 TIMELY PREFETCHES:          0 LATE PREFETCHES: 0 DROPPED PREFETCHES: 0
PSCL3 PREFETCHES SAME FILL-ORIGIN LEVEL: 0 DIFFERENT FILL-ORIGIN LEVEL: 0

PSCL2 TOTAL     ACCESS:     327589  HIT:     140672  MISS:     186917  HIT %:    42.9416  MISS %:    57.0584   MPKI: 0.934585
PSCL2 LOAD TRANSLATION ACCESS:     327589  HIT:     140672  MISS:     186917  HIT %:    42.9416  MISS %:    57.0584   MPKI: 0.934585
PSCL2 PREFETCH  REQUESTED:          0  ISSUED:          0  USEFUL:          0  USELESS:          0
PSCL2 USEFUL LOAD PREFETCHES:          0 PREFETCH ISSUED TO LOWER LEVEL:          0  ACCURACY: -nan
PSCL2 TIMELY PREFETCHES:          0 LATE PREFETCHES: 0 DROPPED PREFETCHES: 0
PSCL2 PREFETCHES SAME FILL-ORIGIN LEVEL: 0 DIFFERENT FILL-ORIGIN LEVEL: 0

LLC TOTAL     ACCESS:    2268460  HIT:     643958  MISS:    1624502  HIT %:    28.3875  MISS %:    71.6125   MPKI: 8.12251
LLC LOAD      ACCESS:    1054694  HIT:      76430  MISS:     978264  HIT %:    7.24665  MISS %:    92.7533   MPKI: 4.89132
LLC RFO       ACCESS:     462351  HIT:       4417  MISS:     457934  HIT %:   0.955335  MISS %:    99.0447   MPKI: 2.28967
LLC WRITEBACK ACCESS:     613125  HIT:     549944  MISS:      63181  HIT %:    89.6952  MISS %:    10.3048   MPKI: 0.315905
LLC LOAD TRANSLATION ACCESS:     138290  HIT:      13167  MISS:     125123  HIT %:     9.5213  MISS %:    90.4787   MPKI: 0.625615
LLC PREFETCH  REQUESTED:          0  ISSUED:          0  USEFUL:          0  USELESS:          0
LLC USEFUL LOAD PREFETCHES:          0 PREFETCH ISSUED TO LOWER LEVEL:          0  ACCURACY: -nan
LLC TIMELY PREFETCHES:          0 LATE PREFETCHES: 0 DROPPED PREFETCHES: 0
LLC PREFETCHES SAME FILL-ORIGIN LEVEL: 0 DIFFERENT FILL-ORIGIN LEVEL: 0
LLC AVERAGE MISS LATENCY:    170.589 cycles AVERAGE LOAD MISS LATENCY:    176.333 cycles Load Miss     978264
LLC Average MSHR Occupancy:     0.5513
LLC RQ	ACCESS:    1655336	FORWARD:          0	MERGED:          0	TO_CACHE:    1655335
LLC WQ	ACCESS:     613125	FORWARD:          1	MERGED:          0	TO_CACHE:     613125

LLC Dense regions hint to LLC: 0

RAW hits: 3308234
Loads Generated: 51960571
Loads sent to L1D: 48652336
Stores Generated: 23798986
Stores sent to L1D: 23798998
Major fault: 0 Minor fault: 161534
Allocated PAGES: 161534
================ LLC LRU Pollution Stats ================
Total pollution count in LLC: 0
=========================================================

DRAM Statistics
 CHANNEL 0
 RQ ROW_BUFFER_HIT:     280096  ROW_BUFFER_MISS:    1281220
 DBUS_CONGESTED:        952
 WQ ROW_BUFFER_HIT:     229569  ROW_BUFFER_MISS:     361772  FULL:          0

 AVG_CONGESTED_CYCLE: 4
 All warmup complete: 2
Channel 0 Bank busy for read cycles: 0
Channel 0 Bank busy for write cycles: 0
Channel 0
Rank 0
0banks busy for read cycles: 294972621
0banks busy for write cycles: 229612
1banks busy for read cycles: 97310458
1banks busy for write cycles: 40713656
2banks busy for read cycles: 26779898
2banks busy for write cycles: 14249137
3banks busy for read cycles: 7554425
3banks busy for write cycles: 5219285
4banks busy for read cycles: 2708951
4banks busy for write cycles: 2393102
5banks busy for read cycles: 1423683
5banks busy for write cycles: 1334732
6banks busy for read cycles: 744957
6banks busy for write cycles: 874781
7banks busy for read cycles: 553157
7banks busy for write cycles: 720931
8banks busy for read cycles: 813261
8banks busy for write cycles: 1240624

CPU 0 Branch Prediction Accuracy: 97.5828% MPKI: 4.61771 Average ROB Occupancy at Mispredict: 34.6452
Branch types
NOT_BRANCH: 161792790 80.8964%
BRANCH_DIRECT_JUMP: 2257850 1.12892%
BRANCH_INDIRECT: 200532 0.100266%
BRANCH_CONDITIONAL: 32113333 16.0567%
BRANCH_DIRECT_CALL: 1700766 0.850383%
BRANCH_INDIRECT_CALL: 108965 0.0544825%
BRANCH_RETURN: 1817736 0.908868%
BRANCH_OTHER: 7398 0.003699%

===================== LRU L1D STATS =====================
Total pollution count in L1D: 0
=========================================================
================ L2 LRU Pollution ================
Total pollution count in L2: 0
========================================================
DRAM PAGES: 1048576
Allocated PAGES: 161534
