
*** ChampSim Multicore Out-of-Order Simulator ***

Warmup Instructions: 200000000
Simulation Instructions: 200000000
Number of CPUs: 1
LLC sets: 4096
LLC ways: 12
Off-chip DRAM Size: 4096 MB Channels: 1 Width: 64-bit Data Rate: 6400 MT/s
CPU 0 runs /home1/sweta/traces/DPC4-Traces/Google_Traces_v2/Google_Traces_v2/merced/merced_0002.champsim.gz
.gz
BTB has LRU replacement policy
ITLB has LRU replacement policy
DTLB has LRU replacement policy
STLB has LRU replacement policy
L1I has LRU replacement policy
L1D has LRU replacement policy
L2C has LRU replacement policy with pollution tracking
LLC has LRU replacement policy with pollution tracking
Heartbeat CPU 0 instructions: 10000002 cycles: 2561348 heartbeat IPC: 3.9042 cumulative IPC: 3.9042 (Simulation time: 0 hr 0 min 29 sec) 
Heartbeat CPU 0 instructions: 20000001 cycles: 5023286 heartbeat IPC: 4.06184 cumulative IPC: 3.98146 (Simulation time: 0 hr 0 min 53 sec) 
Heartbeat CPU 0 instructions: 30000001 cycles: 7509571 heartbeat IPC: 4.02207 cumulative IPC: 3.9949 (Simulation time: 0 hr 1 min 20 sec) 
Heartbeat CPU 0 instructions: 40000003 cycles: 10051067 heartbeat IPC: 3.93469 cumulative IPC: 3.97968 (Simulation time: 0 hr 1 min 48 sec) 
Heartbeat CPU 0 instructions: 50000002 cycles: 12538922 heartbeat IPC: 4.01953 cumulative IPC: 3.98758 (Simulation time: 0 hr 2 min 15 sec) 
Heartbeat CPU 0 instructions: 60000005 cycles: 14924866 heartbeat IPC: 4.19121 cumulative IPC: 4.02014 (Simulation time: 0 hr 2 min 38 sec) 
Heartbeat CPU 0 instructions: 70000000 cycles: 17280218 heartbeat IPC: 4.24565 cumulative IPC: 4.05087 (Simulation time: 0 hr 3 min 2 sec) 
Heartbeat CPU 0 instructions: 80000000 cycles: 19811192 heartbeat IPC: 3.95105 cumulative IPC: 4.03812 (Simulation time: 0 hr 3 min 31 sec) 
Heartbeat CPU 0 instructions: 90000000 cycles: 22244099 heartbeat IPC: 4.11031 cumulative IPC: 4.04602 (Simulation time: 0 hr 3 min 56 sec) 
Heartbeat CPU 0 instructions: 100000001 cycles: 24707224 heartbeat IPC: 4.05988 cumulative IPC: 4.0474 (Simulation time: 0 hr 4 min 26 sec) 
Heartbeat CPU 0 instructions: 110000007 cycles: 27139622 heartbeat IPC: 4.11117 cumulative IPC: 4.05311 (Simulation time: 0 hr 4 min 49 sec) 
Heartbeat CPU 0 instructions: 120000007 cycles: 29422060 heartbeat IPC: 4.38128 cumulative IPC: 4.07857 (Simulation time: 0 hr 5 min 12 sec) 
Heartbeat CPU 0 instructions: 130000006 cycles: 31867470 heartbeat IPC: 4.08929 cumulative IPC: 4.0794 (Simulation time: 0 hr 5 min 33 sec) 
Heartbeat CPU 0 instructions: 140000002 cycles: 34540424 heartbeat IPC: 3.74118 cumulative IPC: 4.05322 (Simulation time: 0 hr 5 min 59 sec) 
Heartbeat CPU 0 instructions: 150000000 cycles: 36980262 heartbeat IPC: 4.09863 cumulative IPC: 4.05622 (Simulation time: 0 hr 6 min 22 sec) 
Heartbeat CPU 0 instructions: 160000007 cycles: 39569913 heartbeat IPC: 3.86153 cumulative IPC: 4.04348 (Simulation time: 0 hr 6 min 51 sec) 
Heartbeat CPU 0 instructions: 170000001 cycles: 42128693 heartbeat IPC: 3.90811 cumulative IPC: 4.03525 (Simulation time: 0 hr 7 min 19 sec) 
Heartbeat CPU 0 instructions: 180000000 cycles: 44545397 heartbeat IPC: 4.13787 cumulative IPC: 4.04082 (Simulation time: 0 hr 7 min 43 sec) 
Heartbeat CPU 0 instructions: 190000002 cycles: 46883730 heartbeat IPC: 4.27655 cumulative IPC: 4.05258 (Simulation time: 0 hr 8 min 9 sec) 
Heartbeat CPU 0 instructions: 200000005 cycles: 49460593 heartbeat IPC: 3.88069 cumulative IPC: 4.04362 (Simulation time: 0 hr 8 min 36 sec) 

Warmup complete CPU 0 instructions: 200000005 cycles: 49460593 (Simulation time: 0 hr 8 min 36 sec) 

Heartbeat CPU 0 instructions: 210000002 cycles: 73311082 heartbeat IPC: 0.419279 cumulative IPC: 0.419279 (Simulation time: 0 hr 9 min 1 sec) 
Heartbeat CPU 0 instructions: 220000004 cycles: 104622166 heartbeat IPC: 0.319376 cumulative IPC: 0.362571 (Simulation time: 0 hr 9 min 34 sec) 
Heartbeat CPU 0 instructions: 230000000 cycles: 125238122 heartbeat IPC: 0.485061 cumulative IPC: 0.395896 (Simulation time: 0 hr 10 min 4 sec) 
Heartbeat CPU 0 instructions: 240000004 cycles: 154997626 heartbeat IPC: 0.336027 cumulative IPC: 0.379014 (Simulation time: 0 hr 10 min 35 sec) 
Heartbeat CPU 0 instructions: 250000003 cycles: 195104446 heartbeat IPC: 0.249334 cumulative IPC: 0.343303 (Simulation time: 0 hr 11 min 10 sec) 
Heartbeat CPU 0 instructions: 260000002 cycles: 229441967 heartbeat IPC: 0.291227 cumulative IPC: 0.333368 (Simulation time: 0 hr 11 min 45 sec) 
Heartbeat CPU 0 instructions: 270000000 cycles: 257730453 heartbeat IPC: 0.353501 cumulative IPC: 0.336102 (Simulation time: 0 hr 12 min 16 sec) 
Heartbeat CPU 0 instructions: 280000004 cycles: 279826295 heartbeat IPC: 0.452574 cumulative IPC: 0.347274 (Simulation time: 0 hr 12 min 41 sec) 
Heartbeat CPU 0 instructions: 290000000 cycles: 317078010 heartbeat IPC: 0.268444 cumulative IPC: 0.336301 (Simulation time: 0 hr 13 min 14 sec) 
Heartbeat CPU 0 instructions: 300000001 cycles: 356116273 heartbeat IPC: 0.256159 cumulative IPC: 0.326099 (Simulation time: 0 hr 13 min 46 sec) 
Heartbeat CPU 0 instructions: 310000002 cycles: 386164393 heartbeat IPC: 0.3328 cumulative IPC: 0.326697 (Simulation time: 0 hr 14 min 17 sec) 
Heartbeat CPU 0 instructions: 320000006 cycles: 416046037 heartbeat IPC: 0.334654 cumulative IPC: 0.327345 (Simulation time: 0 hr 14 min 49 sec) 
Heartbeat CPU 0 instructions: 330000000 cycles: 453836439 heartbeat IPC: 0.264617 cumulative IPC: 0.321483 (Simulation time: 0 hr 15 min 22 sec) 
Heartbeat CPU 0 instructions: 340000000 cycles: 482055245 heartbeat IPC: 0.354374 cumulative IPC: 0.323629 (Simulation time: 0 hr 15 min 52 sec) 
Heartbeat CPU 0 instructions: 350000004 cycles: 497832882 heartbeat IPC: 0.633809 cumulative IPC: 0.334543 (Simulation time: 0 hr 16 min 16 sec) 
Heartbeat CPU 0 instructions: 360000000 cycles: 529058620 heartbeat IPC: 0.320249 cumulative IPC: 0.333613 (Simulation time: 0 hr 16 min 47 sec) 
Heartbeat CPU 0 instructions: 370000001 cycles: 560685070 heartbeat IPC: 0.316191 cumulative IPC: 0.332535 (Simulation time: 0 hr 17 min 18 sec) 
Heartbeat CPU 0 instructions: 380000001 cycles: 589245844 heartbeat IPC: 0.350131 cumulative IPC: 0.333466 (Simulation time: 0 hr 17 min 49 sec) 
Heartbeat CPU 0 instructions: 390000002 cycles: 622128280 heartbeat IPC: 0.304114 cumulative IPC: 0.331781 (Simulation time: 0 hr 18 min 22 sec) 
Heartbeat CPU 0 instructions: 400000002 cycles: 650635223 heartbeat IPC: 0.350792 cumulative IPC: 0.332682 (Simulation time: 0 hr 18 min 51 sec) 
Finished CPU 0 instructions: 200000001 cycles: 601174632 cumulative IPC: 0.332682 (Simulation time: 0 hr 18 min 51 sec) 

ChampSim completed all CPUs

Region of Interest Statistics

CPU 0 cumulative IPC: 0.332682 instructions: 200000001 cycles: 601174632
ITLB TOTAL     ACCESS:   19929270  HIT:   19800177  MISS:     129093  HIT %:    99.3522  MISS %:   0.647756   MPKI: 0.645465
ITLB LOAD TRANSLATION ACCESS:   19929270  HIT:   19800177  MISS:     129093  HIT %:    99.3522  MISS %:   0.647756   MPKI: 0.645465
ITLB PREFETCH  REQUESTED:          0  ISSUED:          0  USEFUL:          0  USELESS:          0
ITLB USEFUL LOAD PREFETCHES:          0 PREFETCH ISSUED TO LOWER LEVEL:          0  ACCURACY: -nan
ITLB TIMELY PREFETCHES:          0 LATE PREFETCHES: 0 DROPPED PREFETCHES: 0
ITLB PREFETCHES SAME FILL-ORIGIN LEVEL: 0 DIFFERENT FILL-ORIGIN LEVEL: 0
ITLB AVERAGE MISS LATENCY:    37.0544 cycles AVERAGE LOAD MISS LATENCY:       -nan cycles Load Miss          0
ITLB Average MSHR Occupancy: 0.00789389
ITLB RQ	ACCESS:   23070010	FORWARD:          0	MERGED:    3009201	TO_CACHE:   20060809

DTLB TOTAL     ACCESS:   35011807  HIT:   33423355  MISS:    1588452  HIT %:    95.4631  MISS %:     4.5369   MPKI: 7.94226
DTLB LOAD TRANSLATION ACCESS:   35011807  HIT:   33423355  MISS:    1588452  HIT %:    95.4631  MISS %:     4.5369   MPKI: 7.94226
DTLB PREFETCH  REQUESTED:          0  ISSUED:          0  USEFUL:          0  USELESS:          0
DTLB USEFUL LOAD PREFETCHES:          0 PREFETCH ISSUED TO LOWER LEVEL:          0  ACCURACY: -nan
DTLB TIMELY PREFETCHES:          0 LATE PREFETCHES: 0 DROPPED PREFETCHES: 0
DTLB PREFETCHES SAME FILL-ORIGIN LEVEL: 0 DIFFERENT FILL-ORIGIN LEVEL: 0
DTLB AVERAGE MISS LATENCY:    52.3954 cycles AVERAGE LOAD MISS LATENCY:       -nan cycles Load Miss          0
DTLB Average MSHR Occupancy:   0.120763
DTLB RQ	ACCESS:   44939243	FORWARD:          0	MERGED:    9666544	TO_CACHE:   35272699

STLB TOTAL     ACCESS:    1717545  HIT:    1270108  MISS:     447437  HIT %:     73.949  MISS %:     26.051   MPKI: 2.23718
STLB LOAD TRANSLATION ACCESS:    1717545  HIT:    1270108  MISS:     447437  HIT %:     73.949  MISS %:     26.051   MPKI: 2.23718
STLB PREFETCH  REQUESTED:          0  ISSUED:          0  USEFUL:          0  USELESS:          0
STLB USEFUL LOAD PREFETCHES:          0 PREFETCH ISSUED TO LOWER LEVEL:          0  ACCURACY: -nan
STLB TIMELY PREFETCHES:          0 LATE PREFETCHES: 0 DROPPED PREFETCHES: 0
STLB PREFETCHES SAME FILL-ORIGIN LEVEL: 0 DIFFERENT FILL-ORIGIN LEVEL: 0
STLB AVERAGE MISS LATENCY:    161.793 cycles AVERAGE LOAD MISS LATENCY:       -nan cycles Load Miss          0
STLB Average MSHR Occupancy:   0.104183
STLB RQ	ACCESS:    1717545	FORWARD:          0	MERGED:          0	TO_CACHE:    1717545

STLB Hit, L1D data hit: 0
STLB Hit, L2C data hit: 0
STLB Hit, LLC data hit: 0
STLB Hit, LLC data miss: 0
STLB STLB hints to L2: 0
L1D TOTAL     ACCESS:   42980703  HIT:   39844540  MISS:    3136163  HIT %:    92.7033  MISS %:    7.29668   MPKI: 15.6808
L1D LOAD      ACCESS:   26659425  HIT:   24305195  MISS:    2354230  HIT %:    91.1692  MISS %:    8.83076   MPKI: 11.7711
L1D RFO       ACCESS:   16321278  HIT:   15539345  MISS:     781933  HIT %:    95.2091  MISS %:    4.79088   MPKI: 3.90966
L1D PREFETCH  REQUESTED:          0  ISSUED:          0  USEFUL:          0  USELESS:          0
L1D USEFUL LOAD PREFETCHES:          0 PREFETCH ISSUED TO LOWER LEVEL:          0  ACCURACY: -nan
L1D TIMELY PREFETCHES:          0 LATE PREFETCHES: 0 DROPPED PREFETCHES: 0
L1D PREFETCHES SAME FILL-ORIGIN LEVEL: 0 DIFFERENT FILL-ORIGIN LEVEL: 0
L1D AVERAGE MISS LATENCY:    125.521 cycles AVERAGE LOAD MISS LATENCY:    107.148 cycles Load Miss    2354230
L1D Average MSHR Occupancy:   0.649359
L1D RQ	ACCESS:   40223673	FORWARD:          0	MERGED:   12761750	TO_CACHE:   26932530
L1D WQ	ACCESS:   18485813	FORWARD:     529393	MERGED:     479100	TO_CACHE:   18006713

L1D UNIQUE REGIONS ACCESSED: 0
L1D REGIONS CONFLICTS: 0
L1D Cross Page Prefetch Requests: 0
L1D Same Page Prefetch Requests: 0
L1D ROI Sum of L1D PQ occupancy: 0
L1D PREFETCHES PUSHED FROM L2C: 0
L1I TOTAL     ACCESS:   22723286  HIT:   11050498  MISS:   11672788  HIT %:    48.6307  MISS %:    51.3693   MPKI: 58.3639
L1I LOAD      ACCESS:   22723286  HIT:   11050498  MISS:   11672788  HIT %:    48.6307  MISS %:    51.3693   MPKI: 58.3639
L1I PREFETCH  REQUESTED:          0  ISSUED:          0  USEFUL:          0  USELESS:          0
L1I USEFUL LOAD PREFETCHES:          0 PREFETCH ISSUED TO LOWER LEVEL:          0  ACCURACY: -nan
L1I TIMELY PREFETCHES:          0 LATE PREFETCHES: 0 DROPPED PREFETCHES: 0
L1I PREFETCHES SAME FILL-ORIGIN LEVEL: 0 DIFFERENT FILL-ORIGIN LEVEL: 0
L1I AVERAGE MISS LATENCY:    26.3043 cycles AVERAGE LOAD MISS LATENCY:    26.3043 cycles Load Miss   11672788
L1I Average MSHR Occupancy:   0.499347
L1I RQ	ACCESS:   42362911	FORWARD:          0	MERGED:   19292901	TO_CACHE:   23070010

BTB TOTAL     ACCESS:   18832390  HIT:   17439903  MISS:    1392487  HIT %:    92.6059  MISS %:    7.39411   MPKI: 6.96243
BTB BRANCH_DIRECT_JUMP	ACCESS:     953047  HIT:     832467  MISS:     120580
BTB BRANCH_INDIRECT	ACCESS:     203832  HIT:     128471  MISS:      75361
BTB BRANCH_CONDITIONAL	ACCESS:   15447856  HIT:   15163788  MISS:     284068
BTB BRANCH_DIRECT_CALL	ACCESS:     943043  HIT:     723786  MISS:     219257
BTB BRANCH_INDIRECT_CALL	ACCESS:     170384  HIT:      99895  MISS:      70489
BTB BRANCH_RETURN	ACCESS:    1114104  HIT:     491473  MISS:     622631
BTB BRANCH_OTHER ACCESS:        124  HIT:         23  MISS:        101

L2C TOTAL     ACCESS:   16616305  HIT:   13995900  MISS:    2620405  HIT %:    84.2299  MISS %:    15.7701   MPKI: 13.102
L2C LOAD      ACCESS:   14026973  HIT:   12180963  MISS:    1846010  HIT %:    86.8396  MISS %:    13.1604   MPKI: 9.23005
L2C DATA LOAD MPKI: 5.30277
L2C INSTRUCTION LOAD MPKI: 3.92728
L2C RFO       ACCESS:     781910  HIT:     208841  MISS:     573069  HIT %:    26.7091  MISS %:    73.2909   MPKI: 2.86534
L2C WRITEBACK ACCESS:    1079612  HIT:    1079466  MISS:        146  HIT %:    99.9865  MISS %:  0.0135234   MPKI: 0.00073
L2C LOAD TRANSLATION ACCESS:     727810  HIT:     526630  MISS:     201180  HIT %:    72.3582  MISS %:    27.6418   MPKI: 1.0059
L2C PREFETCH  REQUESTED:          0  ISSUED:          0  USEFUL:          0  USELESS:          0
L2C USEFUL LOAD PREFETCHES:          0 PREFETCH ISSUED TO LOWER LEVEL:          0  ACCURACY: -nan
L2C TIMELY PREFETCHES:          0 LATE PREFETCHES: 0 DROPPED PREFETCHES: 0
L2C PREFETCHES SAME FILL-ORIGIN LEVEL: 0 DIFFERENT FILL-ORIGIN LEVEL: 0
L2C AVERAGE MISS LATENCY:    201.982 cycles AVERAGE LOAD MISS LATENCY:    193.894 cycles Load Miss    1846010
L2C Average MSHR Occupancy:    0.86829
L2C RQ	ACCESS:   15536762	FORWARD:          0	MERGED:          0	TO_CACHE:   15536694
L2C WQ	ACCESS:    1079612	FORWARD:         68	MERGED:          0	TO_CACHE:    1079612

L2C Instructions Evicting Data 471303
L2C Translations Evicting Data 122184
L2C Data Evicting Data 1035361
L2C Instructions Evicting Instructions 255127
L2C Translations Evicting Instructions 63761
L2C Data Evicting Instructions 471088
L2C Instructions Evicting Translations 59026
L2C Translations Evicting Translations 15235
L2C Data Evicting Translations 127174
L2C Dense regions hint from L2: 0
PSCL5 TOTAL     ACCESS:     447437  HIT:     447437  MISS:          0  HIT %:        100  MISS %:          0   MPKI: 0
PSCL5 LOAD TRANSLATION ACCESS:     447437  HIT:     447437  MISS:          0  HIT %:        100  MISS %:          0   MPKI: 0
PSCL5 PREFETCH  REQUESTED:          0  ISSUED:          0  USEFUL:          0  USELESS:          0
PSCL5 USEFUL LOAD PREFETCHES:          0 PREFETCH ISSUED TO LOWER LEVEL:          0  ACCURACY: -nan
PSCL5 TIMELY PREFETCHES:          0 LATE PREFETCHES: 0 DROPPED PREFETCHES: 0
PSCL5 PREFETCHES SAME FILL-ORIGIN LEVEL: 0 DIFFERENT FILL-ORIGIN LEVEL: 0

PSCL4 TOTAL     ACCESS:     403289  HIT:     393486  MISS:       9803  HIT %:    97.5692  MISS %:    2.43076   MPKI: 0.049015
PSCL4 LOAD TRANSLATION ACCESS:     403289  HIT:     393486  MISS:       9803  HIT %:    97.5692  MISS %:    2.43076   MPKI: 0.049015
PSCL4 PREFETCH  REQUESTED:          0  ISSUED:          0  USEFUL:          0  USELESS:          0
PSCL4 USEFUL LOAD PREFETCHES:          0 PREFETCH ISSUED TO LOWER LEVEL:          0  ACCURACY: -nan
PSCL4 TIMELY PREFETCHES:          0 LATE PREFETCHES: 0 DROPPED PREFETCHES: 0
PSCL4 PREFETCHES SAME FILL-ORIGIN LEVEL: 0 DIFFERENT FILL-ORIGIN LEVEL: 0

PSCL3 TOTAL     ACCESS:     437369  HIT:     403784  MISS:      33585  HIT %:    92.3211  MISS %:    7.67887   MPKI: 0.167925
PSCL3 LOAD TRANSLATION ACCESS:     437369  HIT:     403784  MISS:      33585  HIT %:    92.3211  MISS %:    7.67887   MPKI: 0.167925
PSCL3 PREFETCH  REQUESTED:          0  ISSUED:          0  USEFUL:          0  USELESS:          0
PSCL3 USEFUL LOAD PREFETCHES:          0 PREFETCH ISSUED TO LOWER LEVEL:          0  ACCURACY: -nan
PSCL3 TIMELY PREFETCHES:          0 LATE PREFETCHES: 0 DROPPED PREFETCHES: 0
PSCL3 PREFETCHES SAME FILL-ORIGIN LEVEL: 0 DIFFERENT FILL-ORIGIN LEVEL: 0

PSCL2 TOTAL     ACCESS:     447437  HIT:     205855  MISS:     241582  HIT %:    46.0076  MISS %:    53.9924   MPKI: 1.20791
PSCL2 LOAD TRANSLATION ACCESS:     447437  HIT:     205855  MISS:     241582  HIT %:    46.0076  MISS %:    53.9924   MPKI: 1.20791
PSCL2 PREFETCH  REQUESTED:          0  ISSUED:          0  USEFUL:          0  USELESS:          0
PSCL2 USEFUL LOAD PREFETCHES:          0 PREFETCH ISSUED TO LOWER LEVEL:          0  ACCURACY: -nan
PSCL2 TIMELY PREFETCHES:          0 LATE PREFETCHES: 0 DROPPED PREFETCHES: 0
PSCL2 PREFETCHES SAME FILL-ORIGIN LEVEL: 0 DIFFERENT FILL-ORIGIN LEVEL: 0

LLC TOTAL     ACCESS:    3325035  HIT:     900924  MISS:    2424111  HIT %:    27.0952  MISS %:    72.9048   MPKI: 12.1206
LLC LOAD      ACCESS:    1846010  HIT:     229843  MISS:    1616167  HIT %:    12.4508  MISS %:    87.5492   MPKI: 8.08083
LLC RFO       ACCESS:     573069  HIT:       8547  MISS:     564522  HIT %:    1.49144  MISS %:    98.5086   MPKI: 2.82261
LLC WRITEBACK ACCESS:     704776  HIT:     636325  MISS:      68451  HIT %:    90.2876  MISS %:    9.71245   MPKI: 0.342255
LLC LOAD TRANSLATION ACCESS:     201180  HIT:      26209  MISS:     174971  HIT %:    13.0276  MISS %:    86.9724   MPKI: 0.874855
LLC PREFETCH  REQUESTED:          0  ISSUED:          0  USEFUL:          0  USELESS:          0
LLC USEFUL LOAD PREFETCHES:          0 PREFETCH ISSUED TO LOWER LEVEL:          0  ACCURACY: -nan
LLC TIMELY PREFETCHES:          0 LATE PREFETCHES: 0 DROPPED PREFETCHES: 0
LLC PREFETCHES SAME FILL-ORIGIN LEVEL: 0 DIFFERENT FILL-ORIGIN LEVEL: 0
LLC AVERAGE MISS LATENCY:    168.901 cycles AVERAGE LOAD MISS LATENCY:    169.371 cycles Load Miss    1616167
LLC Average MSHR Occupancy:    0.67714
LLC RQ	ACCESS:    2620260	FORWARD:          0	MERGED:          0	TO_CACHE:    2620260
LLC WQ	ACCESS:     704776	FORWARD:          0	MERGED:          0	TO_CACHE:     704776

LLC Dense regions hint to LLC: 0

RAW hits: 2254580
Loads Generated: 42478253
Loads sent to L1D: 40223673
Stores Generated: 18485808
Stores sent to L1D: 18485813
Major fault: 0 Minor fault: 228114
Allocated PAGES: 228114
================ LLC LRU Pollution Stats ================
Total pollution count in LLC: 0
=========================================================

DRAM Statistics
 CHANNEL 0
 RQ ROW_BUFFER_HIT:     628895  ROW_BUFFER_MISS:    1726761
 DBUS_CONGESTED:       1150
 WQ ROW_BUFFER_HIT:     257834  ROW_BUFFER_MISS:     430004  FULL:         72

 AVG_CONGESTED_CYCLE: 4
 All warmup complete: 2
Channel 0 Bank busy for read cycles: 0
Channel 0 Bank busy for write cycles: 0
Channel 0
Rank 0
0banks busy for read cycles: 324845973
0banks busy for write cycles: 324263
1banks busy for read cycles: 139915910
1banks busy for write cycles: 57564281
2banks busy for read cycles: 33245545
2banks busy for write cycles: 15049717
3banks busy for read cycles: 9730364
3banks busy for write cycles: 4702885
4banks busy for read cycles: 3994821
4banks busy for write cycles: 1857624
5banks busy for read cycles: 2113951
5banks busy for write cycles: 912068
6banks busy for read cycles: 1212725
6banks busy for write cycles: 557955
7banks busy for read cycles: 887868
7banks busy for write cycles: 497983
8banks busy for read cycles: 1962811
8banks busy for write cycles: 1797889

CPU 0 Branch Prediction Accuracy: 93.2375% MPKI: 11.9005 Average ROB Occupancy at Mispredict: 19.1401
Branch types
NOT_BRANCH: 164803993 82.402%
BRANCH_DIRECT_JUMP: 953047 0.476523%
BRANCH_INDIRECT: 203832 0.101916%
BRANCH_CONDITIONAL: 31810875 15.9054%
BRANCH_DIRECT_CALL: 943043 0.471521%
BRANCH_INDIRECT_CALL: 170384 0.085192%
BRANCH_RETURN: 1114104 0.557052%
BRANCH_OTHER: 124 6.2e-05%

===================== LRU L1D STATS =====================
Total pollution count in L1D: 0
=========================================================
================ L2 LRU Pollution ================
Total pollution count in L2: 0
========================================================
DRAM PAGES: 1048576
Allocated PAGES: 228114
