
*** ChampSim Multicore Out-of-Order Simulator ***

Warmup Instructions: 200000000
Simulation Instructions: 200000000
Number of CPUs: 1
LLC sets: 4096
LLC ways: 12
Off-chip DRAM Size: 4096 MB Channels: 1 Width: 64-bit Data Rate: 6400 MT/s
CPU 0 runs /home1/sweta/traces/DPC4-Traces/Google_Traces_v2/Google_Traces_v2/tahoe/tahoe_0004.champsim.gz
.gz
BTB has LRU replacement policy
ITLB has LRU replacement policy
DTLB has LRU replacement policy
STLB has LRU replacement policy
L1I has LRU replacement policy
L1D has LRU replacement policy
L2C has LRU replacement policy with pollution tracking
LLC has LRU replacement policy with pollution tracking
Heartbeat CPU 0 instructions: 10000003 cycles: 2471174 heartbeat IPC: 4.04666 cumulative IPC: 4.04666 (Simulation time: 0 hr 0 min 33 sec) 
Heartbeat CPU 0 instructions: 20000005 cycles: 5291081 heartbeat IPC: 3.54622 cumulative IPC: 3.77995 (Simulation time: 0 hr 1 min 7 sec) 
Heartbeat CPU 0 instructions: 30000003 cycles: 7801253 heartbeat IPC: 3.98379 cumulative IPC: 3.84554 (Simulation time: 0 hr 1 min 43 sec) 
Heartbeat CPU 0 instructions: 40000000 cycles: 10287772 heartbeat IPC: 4.02169 cumulative IPC: 3.88811 (Simulation time: 0 hr 2 min 5 sec) 
Heartbeat CPU 0 instructions: 50000002 cycles: 12767252 heartbeat IPC: 4.0331 cumulative IPC: 3.91627 (Simulation time: 0 hr 2 min 33 sec) 
Heartbeat CPU 0 instructions: 60000002 cycles: 15410082 heartbeat IPC: 3.78382 cumulative IPC: 3.89355 (Simulation time: 0 hr 2 min 59 sec) 
Heartbeat CPU 0 instructions: 70000000 cycles: 17798177 heartbeat IPC: 4.18744 cumulative IPC: 3.93299 (Simulation time: 0 hr 3 min 27 sec) 
Heartbeat CPU 0 instructions: 80000000 cycles: 20231401 heartbeat IPC: 4.10977 cumulative IPC: 3.95425 (Simulation time: 0 hr 3 min 53 sec) 
Heartbeat CPU 0 instructions: 90000000 cycles: 22789868 heartbeat IPC: 3.90859 cumulative IPC: 3.94912 (Simulation time: 0 hr 4 min 23 sec) 
Heartbeat CPU 0 instructions: 100000003 cycles: 25437501 heartbeat IPC: 3.77696 cumulative IPC: 3.9312 (Simulation time: 0 hr 4 min 49 sec) 
Heartbeat CPU 0 instructions: 110000001 cycles: 28034276 heartbeat IPC: 3.85093 cumulative IPC: 3.92377 (Simulation time: 0 hr 5 min 18 sec) 
Heartbeat CPU 0 instructions: 120000000 cycles: 31075434 heartbeat IPC: 3.28822 cumulative IPC: 3.86157 (Simulation time: 0 hr 5 min 48 sec) 
Heartbeat CPU 0 instructions: 130000002 cycles: 33711695 heartbeat IPC: 3.79325 cumulative IPC: 3.85623 (Simulation time: 0 hr 6 min 18 sec) 
Heartbeat CPU 0 instructions: 140000004 cycles: 36183187 heartbeat IPC: 4.04614 cumulative IPC: 3.8692 (Simulation time: 0 hr 6 min 46 sec) 
Heartbeat CPU 0 instructions: 150000006 cycles: 38692227 heartbeat IPC: 3.98559 cumulative IPC: 3.87675 (Simulation time: 0 hr 7 min 14 sec) 
Heartbeat CPU 0 instructions: 160000001 cycles: 41212038 heartbeat IPC: 3.96855 cumulative IPC: 3.88236 (Simulation time: 0 hr 7 min 43 sec) 
Heartbeat CPU 0 instructions: 170000001 cycles: 43825922 heartbeat IPC: 3.82572 cumulative IPC: 3.87898 (Simulation time: 0 hr 8 min 13 sec) 
Heartbeat CPU 0 instructions: 180000000 cycles: 46420782 heartbeat IPC: 3.85377 cumulative IPC: 3.87757 (Simulation time: 0 hr 8 min 42 sec) 
Heartbeat CPU 0 instructions: 190000000 cycles: 49021718 heartbeat IPC: 3.84477 cumulative IPC: 3.87583 (Simulation time: 0 hr 9 min 12 sec) 
Heartbeat CPU 0 instructions: 200000000 cycles: 52055200 heartbeat IPC: 3.29654 cumulative IPC: 3.84208 (Simulation time: 0 hr 9 min 47 sec) 

Warmup complete CPU 0 instructions: 200000008 cycles: 52055201 (Simulation time: 0 hr 9 min 47 sec) 

Heartbeat CPU 0 instructions: 210000000 cycles: 76157841 heartbeat IPC: 0.414892 cumulative IPC: 0.414892 (Simulation time: 0 hr 10 min 20 sec) 
Heartbeat CPU 0 instructions: 220000002 cycles: 100315781 heartbeat IPC: 0.413943 cumulative IPC: 0.414417 (Simulation time: 0 hr 10 min 54 sec) 
Heartbeat CPU 0 instructions: 230000000 cycles: 124235267 heartbeat IPC: 0.418069 cumulative IPC: 0.415627 (Simulation time: 0 hr 11 min 28 sec) 
Heartbeat CPU 0 instructions: 240000002 cycles: 155416258 heartbeat IPC: 0.320708 cumulative IPC: 0.386993 (Simulation time: 0 hr 12 min 3 sec) 
Heartbeat CPU 0 instructions: 250000004 cycles: 189273685 heartbeat IPC: 0.295356 cumulative IPC: 0.364382 (Simulation time: 0 hr 12 min 38 sec) 
Heartbeat CPU 0 instructions: 260000004 cycles: 212996099 heartbeat IPC: 0.421542 cumulative IPC: 0.372808 (Simulation time: 0 hr 13 min 8 sec) 
Heartbeat CPU 0 instructions: 270000000 cycles: 241788259 heartbeat IPC: 0.347317 cumulative IPC: 0.368939 (Simulation time: 0 hr 13 min 41 sec) 
Heartbeat CPU 0 instructions: 280000001 cycles: 261007852 heartbeat IPC: 0.520302 cumulative IPC: 0.382862 (Simulation time: 0 hr 14 min 11 sec) 
Heartbeat CPU 0 instructions: 290000002 cycles: 286160982 heartbeat IPC: 0.397565 cumulative IPC: 0.384442 (Simulation time: 0 hr 14 min 44 sec) 
Heartbeat CPU 0 instructions: 300000000 cycles: 317027747 heartbeat IPC: 0.323973 cumulative IPC: 0.377398 (Simulation time: 0 hr 15 min 17 sec) 
Heartbeat CPU 0 instructions: 310000005 cycles: 354895530 heartbeat IPC: 0.264077 cumulative IPC: 0.363228 (Simulation time: 0 hr 15 min 54 sec) 
Heartbeat CPU 0 instructions: 320000000 cycles: 381032973 heartbeat IPC: 0.382593 cumulative IPC: 0.364766 (Simulation time: 0 hr 16 min 28 sec) 
Heartbeat CPU 0 instructions: 330000000 cycles: 409117765 heartbeat IPC: 0.356065 cumulative IPC: 0.364082 (Simulation time: 0 hr 17 min 1 sec) 
Heartbeat CPU 0 instructions: 340000000 cycles: 449220508 heartbeat IPC: 0.24936 cumulative IPC: 0.352498 (Simulation time: 0 hr 17 min 37 sec) 
Heartbeat CPU 0 instructions: 350000002 cycles: 480966227 heartbeat IPC: 0.315003 cumulative IPC: 0.349723 (Simulation time: 0 hr 18 min 10 sec) 
Heartbeat CPU 0 instructions: 360000000 cycles: 512626986 heartbeat IPC: 0.315848 cumulative IPC: 0.347394 (Simulation time: 0 hr 18 min 43 sec) 
Heartbeat CPU 0 instructions: 370000000 cycles: 542037594 heartbeat IPC: 0.340013 cumulative IPC: 0.346951 (Simulation time: 0 hr 19 min 15 sec) 
Heartbeat CPU 0 instructions: 380000001 cycles: 581950512 heartbeat IPC: 0.250545 cumulative IPC: 0.33969 (Simulation time: 0 hr 19 min 51 sec) 
Heartbeat CPU 0 instructions: 390000000 cycles: 608331451 heartbeat IPC: 0.379062 cumulative IPC: 0.341557 (Simulation time: 0 hr 20 min 23 sec) 
Heartbeat CPU 0 instructions: 400000006 cycles: 641571874 heartbeat IPC: 0.300839 cumulative IPC: 0.339261 (Simulation time: 0 hr 20 min 57 sec) 
Finished CPU 0 instructions: 200000004 cycles: 589516674 cumulative IPC: 0.339261 (Simulation time: 0 hr 20 min 57 sec) 

ChampSim completed all CPUs

Region of Interest Statistics

CPU 0 cumulative IPC: 0.339261 instructions: 200000004 cycles: 589516674
ITLB TOTAL     ACCESS:   21329970  HIT:   21100179  MISS:     229791  HIT %:    98.9227  MISS %:    1.07732   MPKI: 1.14895
ITLB LOAD TRANSLATION ACCESS:   21329970  HIT:   21100179  MISS:     229791  HIT %:    98.9227  MISS %:    1.07732   MPKI: 1.14895
ITLB PREFETCH  REQUESTED:          0  ISSUED:          0  USEFUL:          0  USELESS:          0
ITLB USEFUL LOAD PREFETCHES:          0 PREFETCH ISSUED TO LOWER LEVEL:          0  ACCURACY: -nan
ITLB TIMELY PREFETCHES:          0 LATE PREFETCHES: 0 DROPPED PREFETCHES: 0
ITLB PREFETCHES SAME FILL-ORIGIN LEVEL: 0 DIFFERENT FILL-ORIGIN LEVEL: 0
ITLB AVERAGE MISS LATENCY:    35.5188 cycles AVERAGE LOAD MISS LATENCY:       -nan cycles Load Miss          0
ITLB Average MSHR Occupancy:  0.0138316
ITLB RQ	ACCESS:   24395646	FORWARD:          0	MERGED:    2871956	TO_CACHE:   21523690

DTLB TOTAL     ACCESS:   43692721  HIT:   42199024  MISS:    1493697  HIT %:    96.5814  MISS %:    3.41864   MPKI: 7.46848
DTLB LOAD TRANSLATION ACCESS:   43692721  HIT:   42199024  MISS:    1493697  HIT %:    96.5814  MISS %:    3.41864   MPKI: 7.46848
DTLB PREFETCH  REQUESTED:          0  ISSUED:          0  USEFUL:          0  USELESS:          0
DTLB USEFUL LOAD PREFETCHES:          0 PREFETCH ISSUED TO LOWER LEVEL:          0  ACCURACY: -nan
DTLB TIMELY PREFETCHES:          0 LATE PREFETCHES: 0 DROPPED PREFETCHES: 0
DTLB PREFETCHES SAME FILL-ORIGIN LEVEL: 0 DIFFERENT FILL-ORIGIN LEVEL: 0
DTLB AVERAGE MISS LATENCY:    46.7516 cycles AVERAGE LOAD MISS LATENCY:       -nan cycles Load Miss          0
DTLB Average MSHR Occupancy:   0.111685
DTLB RQ	ACCESS:   56503369	FORWARD:          0	MERGED:   12561790	TO_CACHE:   43941579

STLB TOTAL     ACCESS:    1723488  HIT:    1239303  MISS:     484185  HIT %:    71.9067  MISS %:    28.0933   MPKI: 2.42092
STLB LOAD TRANSLATION ACCESS:    1723488  HIT:    1239303  MISS:     484185  HIT %:    71.9067  MISS %:    28.0933   MPKI: 2.42092
STLB PREFETCH  REQUESTED:          0  ISSUED:          0  USEFUL:          0  USELESS:          0
STLB USEFUL LOAD PREFETCHES:          0 PREFETCH ISSUED TO LOWER LEVEL:          0  ACCURACY: -nan
STLB TIMELY PREFETCHES:          0 LATE PREFETCHES: 0 DROPPED PREFETCHES: 0
STLB PREFETCHES SAME FILL-ORIGIN LEVEL: 0 DIFFERENT FILL-ORIGIN LEVEL: 0
STLB AVERAGE MISS LATENCY:    128.835 cycles AVERAGE LOAD MISS LATENCY:       -nan cycles Load Miss          0
STLB Average MSHR Occupancy:   0.100204
STLB RQ	ACCESS:    1723488	FORWARD:          0	MERGED:          0	TO_CACHE:    1723488

STLB Hit, L1D data hit: 0
STLB Hit, L2C data hit: 0
STLB Hit, LLC data hit: 0
STLB Hit, LLC data miss: 0
STLB STLB hints to L2: 0
L1D TOTAL     ACCESS:   55050270  HIT:   52998982  MISS:    2051288  HIT %:    96.2738  MISS %:    3.72621   MPKI: 10.2564
L1D LOAD      ACCESS:   33002987  HIT:   31493627  MISS:    1509360  HIT %:    95.4266  MISS %:     4.5734   MPKI: 7.5468
L1D RFO       ACCESS:   22047283  HIT:   21505355  MISS:     541928  HIT %:     97.542  MISS %:    2.45803   MPKI: 2.70964
L1D PREFETCH  REQUESTED:          0  ISSUED:          0  USEFUL:          0  USELESS:          0
L1D USEFUL LOAD PREFETCHES:          0 PREFETCH ISSUED TO LOWER LEVEL:          0  ACCURACY: -nan
L1D TIMELY PREFETCHES:          0 LATE PREFETCHES: 0 DROPPED PREFETCHES: 0
L1D PREFETCHES SAME FILL-ORIGIN LEVEL: 0 DIFFERENT FILL-ORIGIN LEVEL: 0
L1D AVERAGE MISS LATENCY:    146.024 cycles AVERAGE LOAD MISS LATENCY:    129.239 cycles Load Miss    1509360
L1D Average MSHR Occupancy:   0.509747
L1D RQ	ACCESS:   51741864	FORWARD:          0	MERGED:   17558899	TO_CACHE:   33209575
L1D WQ	ACCESS:   24239004	FORWARD:     973390	MERGED:     945210	TO_CACHE:   23293794

L1D UNIQUE REGIONS ACCESSED: 0
L1D REGIONS CONFLICTS: 0
L1D Cross Page Prefetch Requests: 0
L1D Same Page Prefetch Requests: 0
L1D ROI Sum of L1D PQ occupancy: 0
L1D PREFETCHES PUSHED FROM L2C: 0
L1I TOTAL     ACCESS:   23724985  HIT:    7898053  MISS:   15826932  HIT %:      33.29  MISS %:      66.71   MPKI: 79.1347
L1I LOAD      ACCESS:   23724985  HIT:    7898053  MISS:   15826932  HIT %:      33.29  MISS %:      66.71   MPKI: 79.1347
L1I PREFETCH  REQUESTED:          0  ISSUED:          0  USEFUL:          0  USELESS:          0
L1I USEFUL LOAD PREFETCHES:          0 PREFETCH ISSUED TO LOWER LEVEL:          0  ACCURACY: -nan
L1I TIMELY PREFETCHES:          0 LATE PREFETCHES: 0 DROPPED PREFETCHES: 0
L1I PREFETCHES SAME FILL-ORIGIN LEVEL: 0 DIFFERENT FILL-ORIGIN LEVEL: 0
L1I AVERAGE MISS LATENCY:    21.6154 cycles AVERAGE LOAD MISS LATENCY:    21.6154 cycles Load Miss   15826932
L1I Average MSHR Occupancy:   0.567503
L1I RQ	ACCESS:   44276797	FORWARD:          0	MERGED:   19881151	TO_CACHE:   24395646

BTB TOTAL     ACCESS:   21518125  HIT:   19789865  MISS:    1728260  HIT %:    91.9684  MISS %:    8.03165   MPKI: 8.6413
BTB BRANCH_DIRECT_JUMP	ACCESS:    1893832  HIT:    1751871  MISS:     141961
BTB BRANCH_INDIRECT	ACCESS:     301658  HIT:     228752  MISS:      72906
BTB BRANCH_CONDITIONAL	ACCESS:   15460923  HIT:   15125655  MISS:     335268
BTB BRANCH_DIRECT_CALL	ACCESS:    1408561  HIT:    1195802  MISS:     212759
BTB BRANCH_INDIRECT_CALL	ACCESS:     521452  HIT:     362444  MISS:     159008
BTB BRANCH_RETURN	ACCESS:    1931129  HIT:    1124860  MISS:     806269
BTB BRANCH_OTHER ACCESS:        570  HIT:        481  MISS:         89

L2C TOTAL     ACCESS:   19436053  HIT:   17267507  MISS:    2168546  HIT %:    88.8427  MISS %:    11.1573   MPKI: 10.8427
L2C LOAD      ACCESS:   17336277  HIT:   15801343  MISS:    1534934  HIT %:    91.1461  MISS %:    8.85388   MPKI: 7.67467
L2C DATA LOAD MPKI: 4.24225
L2C INSTRUCTION LOAD MPKI: 3.43242
L2C RFO       ACCESS:     541919  HIT:     104428  MISS:     437491  HIT %:      19.27  MISS %:      80.73   MPKI: 2.18745
L2C WRITEBACK ACCESS:     782087  HIT:     782031  MISS:         56  HIT %:    99.9928  MISS %: 0.00716033   MPKI: 0.00028
L2C LOAD TRANSLATION ACCESS:     775770  HIT:     579705  MISS:     196065  HIT %:    74.7264  MISS %:    25.2736   MPKI: 0.980325
L2C PREFETCH  REQUESTED:          0  ISSUED:          0  USEFUL:          0  USELESS:          0
L2C USEFUL LOAD PREFETCHES:          0 PREFETCH ISSUED TO LOWER LEVEL:          0  ACCURACY: -nan
L2C TIMELY PREFETCHES:          0 LATE PREFETCHES: 0 DROPPED PREFETCHES: 0
L2C PREFETCHES SAME FILL-ORIGIN LEVEL: 0 DIFFERENT FILL-ORIGIN LEVEL: 0
L2C AVERAGE MISS LATENCY:    196.571 cycles AVERAGE LOAD MISS LATENCY:    189.453 cycles Load Miss    1534934
L2C Average MSHR Occupancy:   0.717693
L2C RQ	ACCESS:   18653993	FORWARD:          0	MERGED:          0	TO_CACHE:   18653967
L2C WQ	ACCESS:     782087	FORWARD:         26	MERGED:          0	TO_CACHE:     782087

L2C Instructions Evicting Data 395270
L2C Translations Evicting Data 116596
L2C Data Evicting Data 776015
L2C Instructions Evicting Instructions 230156
L2C Translations Evicting Instructions 62213
L2C Data Evicting Instructions 392729
L2C Instructions Evicting Translations 61058
L2C Translations Evicting Translations 17256
L2C Data Evicting Translations 117197
L2C Dense regions hint from L2: 0
PSCL5 TOTAL     ACCESS:     484185  HIT:     484185  MISS:          0  HIT %:        100  MISS %:          0   MPKI: 0
PSCL5 LOAD TRANSLATION ACCESS:     484185  HIT:     484185  MISS:          0  HIT %:        100  MISS %:          0   MPKI: 0
PSCL5 PREFETCH  REQUESTED:          0  ISSUED:          0  USEFUL:          0  USELESS:          0
PSCL5 USEFUL LOAD PREFETCHES:          0 PREFETCH ISSUED TO LOWER LEVEL:          0  ACCURACY: -nan
PSCL5 TIMELY PREFETCHES:          0 LATE PREFETCHES: 0 DROPPED PREFETCHES: 0
PSCL5 PREFETCHES SAME FILL-ORIGIN LEVEL: 0 DIFFERENT FILL-ORIGIN LEVEL: 0

PSCL4 TOTAL     ACCESS:     410671  HIT:     408463  MISS:       2208  HIT %:    99.4623  MISS %:   0.537657   MPKI: 0.01104
PSCL4 LOAD TRANSLATION ACCESS:     410671  HIT:     408463  MISS:       2208  HIT %:    99.4623  MISS %:   0.537657   MPKI: 0.01104
PSCL4 PREFETCH  REQUESTED:          0  ISSUED:          0  USEFUL:          0  USELESS:          0
PSCL4 USEFUL LOAD PREFETCHES:          0 PREFETCH ISSUED TO LOWER LEVEL:          0  ACCURACY: -nan
PSCL4 TIMELY PREFETCHES:          0 LATE PREFETCHES: 0 DROPPED PREFETCHES: 0
PSCL4 PREFETCHES SAME FILL-ORIGIN LEVEL: 0 DIFFERENT FILL-ORIGIN LEVEL: 0

PSCL3 TOTAL     ACCESS:     478805  HIT:     459492  MISS:      19313  HIT %:    95.9664  MISS %:    4.03358   MPKI: 0.096565
PSCL3 LOAD TRANSLATION ACCESS:     478805  HIT:     459492  MISS:      19313  HIT %:    95.9664  MISS %:    4.03358   MPKI: 0.096565
PSCL3 PREFETCH  REQUESTED:          0  ISSUED:          0  USEFUL:          0  USELESS:          0
PSCL3 USEFUL LOAD PREFETCHES:          0 PREFETCH ISSUED TO LOWER LEVEL:          0  ACCURACY: -nan
PSCL3 TIMELY PREFETCHES:          0 LATE PREFETCHES: 0 DROPPED PREFETCHES: 0
PSCL3 PREFETCHES SAME FILL-ORIGIN LEVEL: 0 DIFFERENT FILL-ORIGIN LEVEL: 0

PSCL2 TOTAL     ACCESS:     484185  HIT:     211397  MISS:     272788  HIT %:    43.6604  MISS %:    56.3396   MPKI: 1.36394
PSCL2 LOAD TRANSLATION ACCESS:     484185  HIT:     211397  MISS:     272788  HIT %:    43.6604  MISS %:    56.3396   MPKI: 1.36394
PSCL2 PREFETCH  REQUESTED:          0  ISSUED:          0  USEFUL:          0  USELESS:          0
PSCL2 USEFUL LOAD PREFETCHES:          0 PREFETCH ISSUED TO LOWER LEVEL:          0  ACCURACY: -nan
PSCL2 TIMELY PREFETCHES:          0 LATE PREFETCHES: 0 DROPPED PREFETCHES: 0
PSCL2 PREFETCHES SAME FILL-ORIGIN LEVEL: 0 DIFFERENT FILL-ORIGIN LEVEL: 0

LLC TOTAL     ACCESS:    2743706  HIT:     802051  MISS:    1941655  HIT %:    29.2324  MISS %:    70.7676   MPKI: 9.70827
LLC LOAD      ACCESS:    1534934  HIT:     219372  MISS:    1315562  HIT %:     14.292  MISS %:     85.708   MPKI: 6.57781
LLC RFO       ACCESS:     437491  HIT:       7185  MISS:     430306  HIT %:    1.64232  MISS %:    98.3577   MPKI: 2.15153
LLC WRITEBACK ACCESS:     575216  HIT:     541484  MISS:      33732  HIT %:    94.1358  MISS %:    5.86423   MPKI: 0.16866
LLC LOAD TRANSLATION ACCESS:     196065  HIT:      34010  MISS:     162055  HIT %:    17.3463  MISS %:    82.6537   MPKI: 0.810275
LLC PREFETCH  REQUESTED:          0  ISSUED:          0  USEFUL:          0  USELESS:          0
LLC USEFUL LOAD PREFETCHES:          0 PREFETCH ISSUED TO LOWER LEVEL:          0  ACCURACY: -nan
LLC TIMELY PREFETCHES:          0 LATE PREFETCHES: 0 DROPPED PREFETCHES: 0
LLC PREFETCHES SAME FILL-ORIGIN LEVEL: 0 DIFFERENT FILL-ORIGIN LEVEL: 0
LLC AVERAGE MISS LATENCY:    168.898 cycles AVERAGE LOAD MISS LATENCY:     168.18 cycles Load Miss    1315562
LLC Average MSHR Occupancy:   0.553051
LLC RQ	ACCESS:    2168491	FORWARD:          0	MERGED:          0	TO_CACHE:    2168491
LLC WQ	ACCESS:     575216	FORWARD:          0	MERGED:          0	TO_CACHE:     575216

LLC Dense regions hint to LLC: 0

RAW hits: 4359894
Loads Generated: 56101758
Loads sent to L1D: 51741864
Stores Generated: 24239010
Stores sent to L1D: 24239004
Major fault: 0 Minor fault: 150086
Allocated PAGES: 150086
================ LLC LRU Pollution Stats ================
Total pollution count in LLC: 0
=========================================================

DRAM Statistics
 CHANNEL 0
 RQ ROW_BUFFER_HIT:     393388  ROW_BUFFER_MISS:    1514533
 DBUS_CONGESTED:       1623
 WQ ROW_BUFFER_HIT:     220240  ROW_BUFFER_MISS:     339752  FULL:          0

 AVG_CONGESTED_CYCLE: 4
 All warmup complete: 2
Channel 0 Bank busy for read cycles: 0
Channel 0 Bank busy for write cycles: 0
Channel 0
Rank 0
0banks busy for read cycles: 352848027
0banks busy for write cycles: 260328
1banks busy for read cycles: 119364502
1banks busy for write cycles: 46394281
2banks busy for read cycles: 30869606
2banks busy for write cycles: 13236124
3banks busy for read cycles: 9264594
3banks busy for write cycles: 4367244
4banks busy for read cycles: 3542453
4banks busy for write cycles: 1951219
5banks busy for read cycles: 1735954
5banks busy for write cycles: 1132177
6banks busy for read cycles: 1135153
6banks busy for write cycles: 762142
7banks busy for read cycles: 398277
7banks busy for write cycles: 638069
8banks busy for read cycles: 706743
8banks busy for write cycles: 909782

CPU 0 Branch Prediction Accuracy: 95.039% MPKI: 9.76366 Average ROB Occupancy at Mispredict: 22.951
Branch types
NOT_BRANCH: 160637809 80.3189%
BRANCH_DIRECT_JUMP: 1893832 0.946916%
BRANCH_INDIRECT: 301658 0.150829%
BRANCH_CONDITIONAL: 33304512 16.6523%
BRANCH_DIRECT_CALL: 1408561 0.70428%
BRANCH_INDIRECT_CALL: 521452 0.260726%
BRANCH_RETURN: 1931129 0.965564%
BRANCH_OTHER: 570 0.000285%

===================== LRU L1D STATS =====================
Total pollution count in L1D: 0
=========================================================
================ L2 LRU Pollution ================
Total pollution count in L2: 0
========================================================
DRAM PAGES: 1048576
Allocated PAGES: 150086
