
*** ChampSim Multicore Out-of-Order Simulator ***

Warmup Instructions: 200000000
Simulation Instructions: 200000000
Number of CPUs: 1
LLC sets: 4096
LLC ways: 12
Off-chip DRAM Size: 4096 MB Channels: 1 Width: 64-bit Data Rate: 6400 MT/s
CPU 0 runs /home1/sweta/traces/DPC4-Traces/Google_Traces_v2/Google_Traces_v2/tango/tango_0001.champsim.gz
.gz
BTB has LRU replacement policy
ITLB has LRU replacement policy
DTLB has LRU replacement policy
STLB has LRU replacement policy
L1I has LRU replacement policy
L1D has LRU replacement policy
L2C has LRU replacement policy with pollution tracking
LLC has LRU replacement policy with pollution tracking
Heartbeat CPU 0 instructions: 10000002 cycles: 2625618 heartbeat IPC: 3.80863 cumulative IPC: 3.80863 (Simulation time: 0 hr 0 min 38 sec) 
Heartbeat CPU 0 instructions: 20000003 cycles: 5301167 heartbeat IPC: 3.73755 cumulative IPC: 3.77275 (Simulation time: 0 hr 1 min 14 sec) 
Heartbeat CPU 0 instructions: 30000003 cycles: 7843853 heartbeat IPC: 3.93285 cumulative IPC: 3.82465 (Simulation time: 0 hr 1 min 48 sec) 
Heartbeat CPU 0 instructions: 40000004 cycles: 10457220 heartbeat IPC: 3.82648 cumulative IPC: 3.82511 (Simulation time: 0 hr 2 min 26 sec) 
Heartbeat CPU 0 instructions: 50000005 cycles: 12968994 heartbeat IPC: 3.98125 cumulative IPC: 3.85535 (Simulation time: 0 hr 3 min 1 sec) 
Heartbeat CPU 0 instructions: 60000001 cycles: 15523587 heartbeat IPC: 3.91452 cumulative IPC: 3.86509 (Simulation time: 0 hr 3 min 35 sec) 
Heartbeat CPU 0 instructions: 70000003 cycles: 17975137 heartbeat IPC: 4.07905 cumulative IPC: 3.89427 (Simulation time: 0 hr 4 min 11 sec) 
Heartbeat CPU 0 instructions: 80000001 cycles: 20549201 heartbeat IPC: 3.88491 cumulative IPC: 3.8931 (Simulation time: 0 hr 4 min 47 sec) 
Heartbeat CPU 0 instructions: 90000000 cycles: 23183492 heartbeat IPC: 3.79609 cumulative IPC: 3.88207 (Simulation time: 0 hr 5 min 23 sec) 
Heartbeat CPU 0 instructions: 100000000 cycles: 25659831 heartbeat IPC: 4.03822 cumulative IPC: 3.89714 (Simulation time: 0 hr 5 min 57 sec) 
Heartbeat CPU 0 instructions: 110000000 cycles: 28211909 heartbeat IPC: 3.91838 cumulative IPC: 3.89906 (Simulation time: 0 hr 6 min 31 sec) 
Heartbeat CPU 0 instructions: 120000002 cycles: 30790128 heartbeat IPC: 3.87865 cumulative IPC: 3.89735 (Simulation time: 0 hr 7 min 5 sec) 
Heartbeat CPU 0 instructions: 130000003 cycles: 33189954 heartbeat IPC: 4.16697 cumulative IPC: 3.91685 (Simulation time: 0 hr 7 min 39 sec) 
Heartbeat CPU 0 instructions: 140000006 cycles: 35537760 heartbeat IPC: 4.2593 cumulative IPC: 3.93947 (Simulation time: 0 hr 8 min 14 sec) 
Heartbeat CPU 0 instructions: 150000005 cycles: 37813834 heartbeat IPC: 4.39353 cumulative IPC: 3.9668 (Simulation time: 0 hr 8 min 47 sec) 
Heartbeat CPU 0 instructions: 160000003 cycles: 40421680 heartbeat IPC: 3.83458 cumulative IPC: 3.95827 (Simulation time: 0 hr 9 min 23 sec) 
Heartbeat CPU 0 instructions: 170000003 cycles: 42721010 heartbeat IPC: 4.34909 cumulative IPC: 3.97931 (Simulation time: 0 hr 9 min 58 sec) 
Heartbeat CPU 0 instructions: 180000000 cycles: 45182559 heartbeat IPC: 4.06248 cumulative IPC: 3.98384 (Simulation time: 0 hr 10 min 33 sec) 
Heartbeat CPU 0 instructions: 190000005 cycles: 47635343 heartbeat IPC: 4.077 cumulative IPC: 3.98864 (Simulation time: 0 hr 11 min 8 sec) 
Heartbeat CPU 0 instructions: 200000000 cycles: 49993822 heartbeat IPC: 4.24002 cumulative IPC: 4.00049 (Simulation time: 0 hr 11 min 41 sec) 

Warmup complete CPU 0 instructions: 200000008 cycles: 49993823 (Simulation time: 0 hr 11 min 41 sec) 

Heartbeat CPU 0 instructions: 210000000 cycles: 73012368 heartbeat IPC: 0.434432 cumulative IPC: 0.434432 (Simulation time: 0 hr 12 min 17 sec) 
Heartbeat CPU 0 instructions: 220000003 cycles: 92971331 heartbeat IPC: 0.501028 cumulative IPC: 0.46536 (Simulation time: 0 hr 12 min 54 sec) 
Heartbeat CPU 0 instructions: 230000002 cycles: 116139518 heartbeat IPC: 0.431626 cumulative IPC: 0.453544 (Simulation time: 0 hr 13 min 30 sec) 
Heartbeat CPU 0 instructions: 240000003 cycles: 137211833 heartbeat IPC: 0.474556 cumulative IPC: 0.458621 (Simulation time: 0 hr 14 min 7 sec) 
Heartbeat CPU 0 instructions: 250000000 cycles: 168926884 heartbeat IPC: 0.315308 cumulative IPC: 0.420404 (Simulation time: 0 hr 14 min 45 sec) 
Heartbeat CPU 0 instructions: 260000006 cycles: 196127134 heartbeat IPC: 0.367644 cumulative IPC: 0.410584 (Simulation time: 0 hr 15 min 21 sec) 
Heartbeat CPU 0 instructions: 270000000 cycles: 218380529 heartbeat IPC: 0.449369 cumulative IPC: 0.41571 (Simulation time: 0 hr 15 min 57 sec) 
Heartbeat CPU 0 instructions: 280000000 cycles: 244613016 heartbeat IPC: 0.381207 cumulative IPC: 0.411059 (Simulation time: 0 hr 16 min 32 sec) 
Heartbeat CPU 0 instructions: 290000000 cycles: 270910456 heartbeat IPC: 0.380265 cumulative IPC: 0.407393 (Simulation time: 0 hr 17 min 10 sec) 
Heartbeat CPU 0 instructions: 300000003 cycles: 288373650 heartbeat IPC: 0.572633 cumulative IPC: 0.419499 (Simulation time: 0 hr 17 min 47 sec) 
Heartbeat CPU 0 instructions: 310000001 cycles: 313071726 heartbeat IPC: 0.40489 cumulative IPC: 0.418127 (Simulation time: 0 hr 18 min 26 sec) 
Heartbeat CPU 0 instructions: 320000001 cycles: 341193340 heartbeat IPC: 0.355598 cumulative IPC: 0.412089 (Simulation time: 0 hr 19 min 2 sec) 
Heartbeat CPU 0 instructions: 330000005 cycles: 359431767 heartbeat IPC: 0.548293 cumulative IPC: 0.420117 (Simulation time: 0 hr 19 min 37 sec) 
Heartbeat CPU 0 instructions: 340000004 cycles: 384114588 heartbeat IPC: 0.40514 cumulative IPC: 0.41901 (Simulation time: 0 hr 20 min 12 sec) 
Heartbeat CPU 0 instructions: 350000000 cycles: 400622952 heartbeat IPC: 0.605753 cumulative IPC: 0.427802 (Simulation time: 0 hr 20 min 48 sec) 
Heartbeat CPU 0 instructions: 360000000 cycles: 424965275 heartbeat IPC: 0.410807 cumulative IPC: 0.426699 (Simulation time: 0 hr 21 min 22 sec) 
Heartbeat CPU 0 instructions: 370000003 cycles: 444188165 heartbeat IPC: 0.520213 cumulative IPC: 0.431259 (Simulation time: 0 hr 21 min 57 sec) 
Heartbeat CPU 0 instructions: 380000004 cycles: 460133832 heartbeat IPC: 0.62713 cumulative IPC: 0.438875 (Simulation time: 0 hr 22 min 31 sec) 
Heartbeat CPU 0 instructions: 390000000 cycles: 484441209 heartbeat IPC: 0.411398 cumulative IPC: 0.437337 (Simulation time: 0 hr 23 min 7 sec) 
Heartbeat CPU 0 instructions: 400000006 cycles: 511223700 heartbeat IPC: 0.373378 cumulative IPC: 0.433623 (Simulation time: 0 hr 23 min 43 sec) 
Finished CPU 0 instructions: 200000002 cycles: 461229920 cumulative IPC: 0.433623 (Simulation time: 0 hr 23 min 43 sec) 

ChampSim completed all CPUs

Region of Interest Statistics

CPU 0 cumulative IPC: 0.433623 instructions: 200000002 cycles: 461229920
ITLB TOTAL     ACCESS:   20125942  HIT:   19995850  MISS:     130092  HIT %:    99.3536  MISS %:    0.64639   MPKI: 0.65046
ITLB LOAD TRANSLATION ACCESS:   20125942  HIT:   19995850  MISS:     130092  HIT %:    99.3536  MISS %:    0.64639   MPKI: 0.65046
ITLB PREFETCH  REQUESTED:          0  ISSUED:          0  USEFUL:          0  USELESS:          0
ITLB USEFUL LOAD PREFETCHES:          0 PREFETCH ISSUED TO LOWER LEVEL:          0  ACCURACY: -nan
ITLB TIMELY PREFETCHES:          0 LATE PREFETCHES: 0 DROPPED PREFETCHES: 0
ITLB PREFETCHES SAME FILL-ORIGIN LEVEL: 0 DIFFERENT FILL-ORIGIN LEVEL: 0
ITLB AVERAGE MISS LATENCY:    29.7085 cycles AVERAGE LOAD MISS LATENCY:       -nan cycles Load Miss          0
ITLB Average MSHR Occupancy:  0.0085963
ITLB RQ	ACCESS:   23007202	FORWARD:          0	MERGED:    2751713	TO_CACHE:   20255489

DTLB TOTAL     ACCESS:   39577024  HIT:   38008255  MISS:    1568769  HIT %:    96.0362  MISS %:    3.96384   MPKI: 7.84384
DTLB LOAD TRANSLATION ACCESS:   39577024  HIT:   38008255  MISS:    1568769  HIT %:    96.0362  MISS %:    3.96384   MPKI: 7.84384
DTLB PREFETCH  REQUESTED:          0  ISSUED:          0  USEFUL:          0  USELESS:          0
DTLB USEFUL LOAD PREFETCHES:          0 PREFETCH ISSUED TO LOWER LEVEL:          0  ACCURACY: -nan
DTLB TIMELY PREFETCHES:          0 LATE PREFETCHES: 0 DROPPED PREFETCHES: 0
DTLB PREFETCHES SAME FILL-ORIGIN LEVEL: 0 DIFFERENT FILL-ORIGIN LEVEL: 0
DTLB AVERAGE MISS LATENCY:    43.6516 cycles AVERAGE LOAD MISS LATENCY:       -nan cycles Load Miss          0
DTLB Average MSHR Occupancy:   0.140117
DTLB RQ	ACCESS:   53698828	FORWARD:          0	MERGED:   13647592	TO_CACHE:   40051236

STLB TOTAL     ACCESS:    1698861  HIT:    1178214  MISS:     520647  HIT %:    69.3532  MISS %:    30.6468   MPKI: 2.60323
STLB LOAD TRANSLATION ACCESS:    1698861  HIT:    1178214  MISS:     520647  HIT %:    69.3532  MISS %:    30.6468   MPKI: 2.60323
STLB PREFETCH  REQUESTED:          0  ISSUED:          0  USEFUL:          0  USELESS:          0
STLB USEFUL LOAD PREFETCHES:          0 PREFETCH ISSUED TO LOWER LEVEL:          0  ACCURACY: -nan
STLB TIMELY PREFETCHES:          0 LATE PREFETCHES: 0 DROPPED PREFETCHES: 0
STLB PREFETCHES SAME FILL-ORIGIN LEVEL: 0 DIFFERENT FILL-ORIGIN LEVEL: 0
STLB AVERAGE MISS LATENCY:     109.43 cycles AVERAGE LOAD MISS LATENCY:       -nan cycles Load Miss          0
STLB Average MSHR Occupancy:    0.11636
STLB RQ	ACCESS:    1698861	FORWARD:          0	MERGED:          0	TO_CACHE:    1698861

STLB Hit, L1D data hit: 0
STLB Hit, L2C data hit: 0
STLB Hit, LLC data hit: 0
STLB Hit, LLC data miss: 0
STLB STLB hints to L2: 0
L1D TOTAL     ACCESS:   51058814  HIT:   48897749  MISS:    2161065  HIT %:    95.7675  MISS %:     4.2325   MPKI: 10.8053
L1D LOAD      ACCESS:   27231343  HIT:   25853199  MISS:    1378144  HIT %:    94.9391  MISS %:    5.06087   MPKI: 6.89072
L1D RFO       ACCESS:   23827471  HIT:   23044550  MISS:     782921  HIT %:    96.7142  MISS %:    3.28579   MPKI: 3.9146
L1D PREFETCH  REQUESTED:          0  ISSUED:          0  USEFUL:          0  USELESS:          0
L1D USEFUL LOAD PREFETCHES:          0 PREFETCH ISSUED TO LOWER LEVEL:          0  ACCURACY: -nan
L1D TIMELY PREFETCHES:          0 LATE PREFETCHES: 0 DROPPED PREFETCHES: 0
L1D PREFETCHES SAME FILL-ORIGIN LEVEL: 0 DIFFERENT FILL-ORIGIN LEVEL: 0
L1D AVERAGE MISS LATENCY:    148.514 cycles AVERAGE LOAD MISS LATENCY:    117.907 cycles Load Miss    1378144
L1D Average MSHR Occupancy:   0.699259
L1D RQ	ACCESS:   42978843	FORWARD:          0	MERGED:   14132682	TO_CACHE:   27523114
L1D WQ	ACCESS:   27471783	FORWARD:    1323047	MERGED:    1296069	TO_CACHE:   26175714

L1D UNIQUE REGIONS ACCESSED: 0
L1D REGIONS CONFLICTS: 0
L1D Cross Page Prefetch Requests: 0
L1D Same Page Prefetch Requests: 0
L1D ROI Sum of L1D PQ occupancy: 0
L1D PREFETCHES PUSHED FROM L2C: 0
L1I TOTAL     ACCESS:   22517032  HIT:   10471516  MISS:   12045516  HIT %:    46.5049  MISS %:    53.4951   MPKI: 60.2276
L1I LOAD      ACCESS:   22517032  HIT:   10471516  MISS:   12045516  HIT %:    46.5049  MISS %:    53.4951   MPKI: 60.2276
L1I PREFETCH  REQUESTED:          0  ISSUED:          0  USEFUL:          0  USELESS:          0
L1I USEFUL LOAD PREFETCHES:          0 PREFETCH ISSUED TO LOWER LEVEL:          0  ACCURACY: -nan
L1I TIMELY PREFETCHES:          0 LATE PREFETCHES: 0 DROPPED PREFETCHES: 0
L1I PREFETCHES SAME FILL-ORIGIN LEVEL: 0 DIFFERENT FILL-ORIGIN LEVEL: 0
L1I AVERAGE MISS LATENCY:    17.3534 cycles AVERAGE LOAD MISS LATENCY:    17.3534 cycles Load Miss   12045516
L1I Average MSHR Occupancy:   0.438859
L1I RQ	ACCESS:   43729495	FORWARD:          0	MERGED:   20722293	TO_CACHE:   23007202

BTB TOTAL     ACCESS:   19418771  HIT:   17556904  MISS:    1861867  HIT %:     90.412  MISS %:    9.58798   MPKI: 9.30933
BTB BRANCH_DIRECT_JUMP	ACCESS:    1487497  HIT:    1398647  MISS:      88850
BTB BRANCH_INDIRECT	ACCESS:     455177  HIT:     398697  MISS:      56480
BTB BRANCH_CONDITIONAL	ACCESS:   13099399  HIT:   12908301  MISS:     191098
BTB BRANCH_DIRECT_CALL	ACCESS:    1987084  HIT:    1820681  MISS:     166403
BTB BRANCH_INDIRECT_CALL	ACCESS:     199094  HIT:     108229  MISS:      90865
BTB BRANCH_RETURN	ACCESS:    2188563  HIT:     920489  MISS:    1268074
BTB BRANCH_OTHER ACCESS:       1957  HIT:       1860  MISS:         97

L2C TOTAL     ACCESS:   16191661  HIT:   14509239  MISS:    1682422  HIT %:    89.6093  MISS %:    10.3907   MPKI: 8.41211
L2C LOAD      ACCESS:   13423619  HIT:   12552059  MISS:     871560  HIT %:    93.5073  MISS %:    6.49273   MPKI: 4.3578
L2C DATA LOAD MPKI: 3.30363
L2C INSTRUCTION LOAD MPKI: 1.05416
L2C RFO       ACCESS:     782909  HIT:     142186  MISS:     640723  HIT %:    18.1612  MISS %:    81.8388   MPKI: 3.20361
L2C WRITEBACK ACCESS:    1169724  HIT:    1169635  MISS:         89  HIT %:    99.9924  MISS %: 0.00760863   MPKI: 0.000445
L2C LOAD TRANSLATION ACCESS:     815409  HIT:     645359  MISS:     170050  HIT %:    79.1454  MISS %:    20.8546   MPKI: 0.85025
L2C PREFETCH  REQUESTED:          0  ISSUED:          0  USEFUL:          0  USELESS:          0
L2C USEFUL LOAD PREFETCHES:          0 PREFETCH ISSUED TO LOWER LEVEL:          0  ACCURACY: -nan
L2C TIMELY PREFETCHES:          0 LATE PREFETCHES: 0 DROPPED PREFETCHES: 0
L2C PREFETCHES SAME FILL-ORIGIN LEVEL: 0 DIFFERENT FILL-ORIGIN LEVEL: 0
L2C AVERAGE MISS LATENCY:    213.962 cycles AVERAGE LOAD MISS LATENCY:    206.391 cycles Load Miss     871560
L2C Average MSHR Occupancy:   0.776185
L2C RQ	ACCESS:   15021990	FORWARD:          0	MERGED:          0	TO_CACHE:   15021937
L2C WQ	ACCESS:    1169724	FORWARD:         53	MERGED:          0	TO_CACHE:    1169724

L2C Instructions Evicting Data 157822
L2C Translations Evicting Data 127860
L2C Data Evicting Data 1016829
L2C Instructions Evicting Instructions 29710
L2C Translations Evicting Instructions 24204
L2C Data Evicting Instructions 157963
L2C Instructions Evicting Translations 23301
L2C Translations Evicting Translations 17986
L2C Data Evicting Translations 126658
L2C Dense regions hint from L2: 0
PSCL5 TOTAL     ACCESS:     520647  HIT:     520647  MISS:          0  HIT %:        100  MISS %:          0   MPKI: 0
PSCL5 LOAD TRANSLATION ACCESS:     520647  HIT:     520647  MISS:          0  HIT %:        100  MISS %:          0   MPKI: 0
PSCL5 PREFETCH  REQUESTED:          0  ISSUED:          0  USEFUL:          0  USELESS:          0
PSCL5 USEFUL LOAD PREFETCHES:          0 PREFETCH ISSUED TO LOWER LEVEL:          0  ACCURACY: -nan
PSCL5 TIMELY PREFETCHES:          0 LATE PREFETCHES: 0 DROPPED PREFETCHES: 0
PSCL5 PREFETCHES SAME FILL-ORIGIN LEVEL: 0 DIFFERENT FILL-ORIGIN LEVEL: 0

PSCL4 TOTAL     ACCESS:     508132  HIT:     506789  MISS:       1343  HIT %:    99.7357  MISS %:   0.264301   MPKI: 0.006715
PSCL4 LOAD TRANSLATION ACCESS:     508132  HIT:     506789  MISS:       1343  HIT %:    99.7357  MISS %:   0.264301   MPKI: 0.006715
PSCL4 PREFETCH  REQUESTED:          0  ISSUED:          0  USEFUL:          0  USELESS:          0
PSCL4 USEFUL LOAD PREFETCHES:          0 PREFETCH ISSUED TO LOWER LEVEL:          0  ACCURACY: -nan
PSCL4 TIMELY PREFETCHES:          0 LATE PREFETCHES: 0 DROPPED PREFETCHES: 0
PSCL4 PREFETCHES SAME FILL-ORIGIN LEVEL: 0 DIFFERENT FILL-ORIGIN LEVEL: 0

PSCL3 TOTAL     ACCESS:     515688  HIT:     500769  MISS:      14919  HIT %:     97.107  MISS %:    2.89303   MPKI: 0.074595
PSCL3 LOAD TRANSLATION ACCESS:     515688  HIT:     500769  MISS:      14919  HIT %:     97.107  MISS %:    2.89303   MPKI: 0.074595
PSCL3 PREFETCH  REQUESTED:          0  ISSUED:          0  USEFUL:          0  USELESS:          0
PSCL3 USEFUL LOAD PREFETCHES:          0 PREFETCH ISSUED TO LOWER LEVEL:          0  ACCURACY: -nan
PSCL3 TIMELY PREFETCHES:          0 LATE PREFETCHES: 0 DROPPED PREFETCHES: 0
PSCL3 PREFETCHES SAME FILL-ORIGIN LEVEL: 0 DIFFERENT FILL-ORIGIN LEVEL: 0

PSCL2 TOTAL     ACCESS:     520647  HIT:     239875  MISS:     280772  HIT %:    46.0725  MISS %:    53.9275   MPKI: 1.40386
PSCL2 LOAD TRANSLATION ACCESS:     520647  HIT:     239875  MISS:     280772  HIT %:    46.0725  MISS %:    53.9275   MPKI: 1.40386
PSCL2 PREFETCH  REQUESTED:          0  ISSUED:          0  USEFUL:          0  USELESS:          0
PSCL2 USEFUL LOAD PREFETCHES:          0 PREFETCH ISSUED TO LOWER LEVEL:          0  ACCURACY: -nan
PSCL2 TIMELY PREFETCHES:          0 LATE PREFETCHES: 0 DROPPED PREFETCHES: 0
PSCL2 PREFETCHES SAME FILL-ORIGIN LEVEL: 0 DIFFERENT FILL-ORIGIN LEVEL: 0

LLC TOTAL     ACCESS:    2594759  HIT:     977846  MISS:    1616913  HIT %:    37.6854  MISS %:    62.3146   MPKI: 8.08456
LLC LOAD      ACCESS:     871559  HIT:     100379  MISS:     771180  HIT %:    11.5172  MISS %:    88.4828   MPKI: 3.8559
LLC RFO       ACCESS:     640722  HIT:       8166  MISS:     632556  HIT %:     1.2745  MISS %:    98.7255   MPKI: 3.16278
LLC WRITEBACK ACCESS:     912428  HIT:     837631  MISS:      74797  HIT %:    91.8024  MISS %:    8.19758   MPKI: 0.373985
LLC LOAD TRANSLATION ACCESS:     170050  HIT:      31670  MISS:     138380  HIT %:    18.6239  MISS %:    81.3761   MPKI: 0.6919
LLC PREFETCH  REQUESTED:          0  ISSUED:          0  USEFUL:          0  USELESS:          0
LLC USEFUL LOAD PREFETCHES:          0 PREFETCH ISSUED TO LOWER LEVEL:          0  ACCURACY: -nan
LLC TIMELY PREFETCHES:          0 LATE PREFETCHES: 0 DROPPED PREFETCHES: 0
LLC PREFETCHES SAME FILL-ORIGIN LEVEL: 0 DIFFERENT FILL-ORIGIN LEVEL: 0
LLC AVERAGE MISS LATENCY:    175.453 cycles AVERAGE LOAD MISS LATENCY:    182.014 cycles Load Miss     771180
LLC Average MSHR Occupancy:   0.611735
LLC RQ	ACCESS:    1682333	FORWARD:          0	MERGED:          0	TO_CACHE:    1682331
LLC WQ	ACCESS:     912428	FORWARD:          2	MERGED:          0	TO_CACHE:     912428

LLC Dense regions hint to LLC: 0

RAW hits: 3231964
Loads Generated: 46210807
Loads sent to L1D: 42978843
Stores Generated: 27471773
Stores sent to L1D: 27471783
Major fault: 0 Minor fault: 150901
Allocated PAGES: 150901
================ LLC LRU Pollution Stats ================
Total pollution count in LLC: 0
=========================================================

DRAM Statistics
 CHANNEL 0
 RQ ROW_BUFFER_HIT:     169634  ROW_BUFFER_MISS:    1372481
 DBUS_CONGESTED:        378
 WQ ROW_BUFFER_HIT:     271173  ROW_BUFFER_MISS:     627825  FULL:          0

 AVG_CONGESTED_CYCLE: 5
 All warmup complete: 2
Channel 0 Bank busy for read cycles: 0
Channel 0 Bank busy for write cycles: 0
Channel 0
Rank 0
0banks busy for read cycles: 237341385
0banks busy for write cycles: 301469
1banks busy for read cycles: 93442473
1banks busy for write cycles: 49376136
2banks busy for read cycles: 26824359
2banks busy for write cycles: 19961864
3banks busy for read cycles: 7306548
3banks busy for write cycles: 7830216
4banks busy for read cycles: 3064331
4banks busy for write cycles: 3770264
5banks busy for read cycles: 1258974
5banks busy for write cycles: 2380900
6banks busy for read cycles: 769959
6banks busy for write cycles: 1781011
7banks busy for read cycles: 804505
7banks busy for write cycles: 1413170
8banks busy for read cycles: 2085571
8banks busy for write cycles: 1516786

CPU 0 Branch Prediction Accuracy: 97.6411% MPKI: 4.27729 Average ROB Occupancy at Mispredict: 30.3566
Branch types
NOT_BRANCH: 163734262 81.8671%
BRANCH_DIRECT_JUMP: 1487497 0.743748%
BRANCH_INDIRECT: 455177 0.227588%
BRANCH_CONDITIONAL: 29945719 14.9729%
BRANCH_DIRECT_CALL: 1987084 0.993542%
BRANCH_INDIRECT_CALL: 199094 0.099547%
BRANCH_RETURN: 2188563 1.09428%
BRANCH_OTHER: 1957 0.0009785%

===================== LRU L1D STATS =====================
Total pollution count in L1D: 0
=========================================================
================ L2 LRU Pollution ================
Total pollution count in L2: 0
========================================================
DRAM PAGES: 1048576
Allocated PAGES: 150901
