
*** ChampSim Multicore Out-of-Order Simulator ***

Warmup Instructions: 200000000
Simulation Instructions: 200000000
Number of CPUs: 1
LLC sets: 4096
LLC ways: 12
Off-chip DRAM Size: 4096 MB Channels: 1 Width: 64-bit Data Rate: 6400 MT/s
CPU 0 runs /home1/sweta/traces/DPC4-Traces/Google_Traces_v2/Google_Traces_v2/yankee/yankee_0004.champsim.gz
.gz
BTB has LRU replacement policy
ITLB has LRU replacement policy
DTLB has LRU replacement policy
STLB has LRU replacement policy
L1I has LRU replacement policy
L1D has LRU replacement policy
L2C has LRU replacement policy with pollution tracking
LLC has LRU replacement policy with pollution tracking
Heartbeat CPU 0 instructions: 10000003 cycles: 2496717 heartbeat IPC: 4.00526 cumulative IPC: 4.00526 (Simulation time: 0 hr 0 min 31 sec) 
Heartbeat CPU 0 instructions: 20000006 cycles: 5005733 heartbeat IPC: 3.98563 cumulative IPC: 3.99542 (Simulation time: 0 hr 1 min 2 sec) 
Heartbeat CPU 0 instructions: 30000004 cycles: 7395067 heartbeat IPC: 4.18527 cumulative IPC: 4.05676 (Simulation time: 0 hr 1 min 32 sec) 
Heartbeat CPU 0 instructions: 40000001 cycles: 9854565 heartbeat IPC: 4.06587 cumulative IPC: 4.05903 (Simulation time: 0 hr 2 min 3 sec) 
Heartbeat CPU 0 instructions: 50000000 cycles: 12318323 heartbeat IPC: 4.05884 cumulative IPC: 4.05899 (Simulation time: 0 hr 2 min 31 sec) 
Heartbeat CPU 0 instructions: 60000006 cycles: 14790202 heartbeat IPC: 4.04551 cumulative IPC: 4.05674 (Simulation time: 0 hr 3 min 1 sec) 
Heartbeat CPU 0 instructions: 70000007 cycles: 17236844 heartbeat IPC: 4.08723 cumulative IPC: 4.06107 (Simulation time: 0 hr 3 min 29 sec) 
Heartbeat CPU 0 instructions: 80000004 cycles: 19680908 heartbeat IPC: 4.09154 cumulative IPC: 4.06485 (Simulation time: 0 hr 3 min 58 sec) 
Heartbeat CPU 0 instructions: 90000000 cycles: 22173653 heartbeat IPC: 4.01164 cumulative IPC: 4.05887 (Simulation time: 0 hr 4 min 28 sec) 
Heartbeat CPU 0 instructions: 100000002 cycles: 24640784 heartbeat IPC: 4.05329 cumulative IPC: 4.05831 (Simulation time: 0 hr 4 min 59 sec) 
Heartbeat CPU 0 instructions: 110000005 cycles: 27111880 heartbeat IPC: 4.04679 cumulative IPC: 4.05726 (Simulation time: 0 hr 5 min 29 sec) 
Heartbeat CPU 0 instructions: 120000007 cycles: 29568709 heartbeat IPC: 4.07029 cumulative IPC: 4.05834 (Simulation time: 0 hr 5 min 59 sec) 
Heartbeat CPU 0 instructions: 130000002 cycles: 32067778 heartbeat IPC: 4.00149 cumulative IPC: 4.05391 (Simulation time: 0 hr 6 min 29 sec) 
Heartbeat CPU 0 instructions: 140000007 cycles: 34527929 heartbeat IPC: 4.06479 cumulative IPC: 4.05469 (Simulation time: 0 hr 6 min 59 sec) 
Heartbeat CPU 0 instructions: 150000004 cycles: 37029738 heartbeat IPC: 3.99711 cumulative IPC: 4.0508 (Simulation time: 0 hr 7 min 29 sec) 
Heartbeat CPU 0 instructions: 160000001 cycles: 39493253 heartbeat IPC: 4.05924 cumulative IPC: 4.05132 (Simulation time: 0 hr 7 min 58 sec) 
Heartbeat CPU 0 instructions: 170000000 cycles: 42018935 heartbeat IPC: 3.95933 cumulative IPC: 4.04579 (Simulation time: 0 hr 8 min 27 sec) 
Heartbeat CPU 0 instructions: 180000000 cycles: 44504724 heartbeat IPC: 4.02287 cumulative IPC: 4.04451 (Simulation time: 0 hr 8 min 57 sec) 
Heartbeat CPU 0 instructions: 190000003 cycles: 47036218 heartbeat IPC: 3.95024 cumulative IPC: 4.03944 (Simulation time: 0 hr 9 min 25 sec) 
Heartbeat CPU 0 instructions: 200000000 cycles: 49493098 heartbeat IPC: 4.0702 cumulative IPC: 4.04097 (Simulation time: 0 hr 9 min 55 sec) 

Warmup complete CPU 0 instructions: 200000002 cycles: 49493099 (Simulation time: 0 hr 9 min 55 sec) 

Heartbeat CPU 0 instructions: 210000002 cycles: 76148773 heartbeat IPC: 0.375155 cumulative IPC: 0.375155 (Simulation time: 0 hr 10 min 26 sec) 
Heartbeat CPU 0 instructions: 220000000 cycles: 114116286 heartbeat IPC: 0.263383 cumulative IPC: 0.309486 (Simulation time: 0 hr 11 min 0 sec) 
Heartbeat CPU 0 instructions: 230000004 cycles: 152089729 heartbeat IPC: 0.263342 cumulative IPC: 0.292407 (Simulation time: 0 hr 11 min 35 sec) 
Heartbeat CPU 0 instructions: 240000007 cycles: 182424220 heartbeat IPC: 0.329658 cumulative IPC: 0.300908 (Simulation time: 0 hr 12 min 9 sec) 
Heartbeat CPU 0 instructions: 250000000 cycles: 213670919 heartbeat IPC: 0.320034 cumulative IPC: 0.304548 (Simulation time: 0 hr 12 min 43 sec) 
Heartbeat CPU 0 instructions: 260000002 cycles: 242830663 heartbeat IPC: 0.342939 cumulative IPC: 0.310338 (Simulation time: 0 hr 13 min 15 sec) 
Heartbeat CPU 0 instructions: 270000000 cycles: 284110666 heartbeat IPC: 0.242248 cumulative IPC: 0.298358 (Simulation time: 0 hr 13 min 52 sec) 
Heartbeat CPU 0 instructions: 280000000 cycles: 315069566 heartbeat IPC: 0.323009 cumulative IPC: 0.301232 (Simulation time: 0 hr 14 min 26 sec) 
Heartbeat CPU 0 instructions: 290000000 cycles: 338665295 heartbeat IPC: 0.423806 cumulative IPC: 0.311233 (Simulation time: 0 hr 14 min 57 sec) 
Heartbeat CPU 0 instructions: 300000002 cycles: 347934861 heartbeat IPC: 1.0788 cumulative IPC: 0.335074 (Simulation time: 0 hr 15 min 20 sec) 
Heartbeat CPU 0 instructions: 310000000 cycles: 357754074 heartbeat IPC: 1.01841 cumulative IPC: 0.35684 (Simulation time: 0 hr 15 min 43 sec) 
Heartbeat CPU 0 instructions: 320000002 cycles: 367408312 heartbeat IPC: 1.03581 cumulative IPC: 0.377459 (Simulation time: 0 hr 16 min 7 sec) 
Heartbeat CPU 0 instructions: 330000000 cycles: 376777594 heartbeat IPC: 1.06732 cumulative IPC: 0.397208 (Simulation time: 0 hr 16 min 33 sec) 
Heartbeat CPU 0 instructions: 340000000 cycles: 386063525 heartbeat IPC: 1.0769 cumulative IPC: 0.41596 (Simulation time: 0 hr 17 min 0 sec) 
Heartbeat CPU 0 instructions: 350000003 cycles: 396812926 heartbeat IPC: 0.930285 cumulative IPC: 0.431879 (Simulation time: 0 hr 17 min 26 sec) 
Heartbeat CPU 0 instructions: 360000000 cycles: 429922861 heartbeat IPC: 0.302024 cumulative IPC: 0.420577 (Simulation time: 0 hr 17 min 58 sec) 
Heartbeat CPU 0 instructions: 370000004 cycles: 462759438 heartbeat IPC: 0.304539 cumulative IPC: 0.411357 (Simulation time: 0 hr 18 min 31 sec) 
Heartbeat CPU 0 instructions: 380000002 cycles: 490952172 heartbeat IPC: 0.354701 cumulative IPC: 0.407739 (Simulation time: 0 hr 19 min 4 sec) 
Heartbeat CPU 0 instructions: 390000001 cycles: 528624205 heartbeat IPC: 0.265449 cumulative IPC: 0.396551 (Simulation time: 0 hr 19 min 38 sec) 
Heartbeat CPU 0 instructions: 400000000 cycles: 567464904 heartbeat IPC: 0.257462 cumulative IPC: 0.386121 (Simulation time: 0 hr 20 min 13 sec) 
Finished CPU 0 instructions: 200000000 cycles: 517971837 cumulative IPC: 0.386121 (Simulation time: 0 hr 20 min 13 sec) 

ChampSim completed all CPUs

Region of Interest Statistics

CPU 0 cumulative IPC: 0.386121 instructions: 200000000 cycles: 517971837
ITLB TOTAL     ACCESS:   19220880  HIT:   19119574  MISS:     101306  HIT %:    99.4729  MISS %:   0.527062   MPKI: 0.50653
ITLB LOAD TRANSLATION ACCESS:   19220880  HIT:   19119574  MISS:     101306  HIT %:    99.4729  MISS %:   0.527062   MPKI: 0.50653
ITLB PREFETCH  REQUESTED:          0  ISSUED:          0  USEFUL:          0  USELESS:          0
ITLB USEFUL LOAD PREFETCHES:          0 PREFETCH ISSUED TO LOWER LEVEL:          0  ACCURACY: -nan
ITLB TIMELY PREFETCHES:          0 LATE PREFETCHES: 0 DROPPED PREFETCHES: 0
ITLB PREFETCHES SAME FILL-ORIGIN LEVEL: 0 DIFFERENT FILL-ORIGIN LEVEL: 0
ITLB AVERAGE MISS LATENCY:    35.6426 cycles AVERAGE LOAD MISS LATENCY:       -nan cycles Load Miss          0
ITLB Average MSHR Occupancy: 0.00719465
ITLB RQ	ACCESS:   22494439	FORWARD:          0	MERGED:    3182950	TO_CACHE:   19311489

DTLB TOTAL     ACCESS:   35579880  HIT:   34390865  MISS:    1189015  HIT %:    96.6582  MISS %:    3.34182   MPKI: 5.94508
DTLB LOAD TRANSLATION ACCESS:   35579880  HIT:   34390865  MISS:    1189015  HIT %:    96.6582  MISS %:    3.34182   MPKI: 5.94508
DTLB PREFETCH  REQUESTED:          0  ISSUED:          0  USEFUL:          0  USELESS:          0
DTLB USEFUL LOAD PREFETCHES:          0 PREFETCH ISSUED TO LOWER LEVEL:          0  ACCURACY: -nan
DTLB TIMELY PREFETCHES:          0 LATE PREFETCHES: 0 DROPPED PREFETCHES: 0
DTLB PREFETCHES SAME FILL-ORIGIN LEVEL: 0 DIFFERENT FILL-ORIGIN LEVEL: 0
DTLB AVERAGE MISS LATENCY:    57.0421 cycles AVERAGE LOAD MISS LATENCY:       -nan cycles Load Miss          0
DTLB Average MSHR Occupancy:   0.125346
DTLB RQ	ACCESS:   45886921	FORWARD:          0	MERGED:   10092910	TO_CACHE:   35794011

STLB TOTAL     ACCESS:    1290321  HIT:     932583  MISS:     357738  HIT %:    72.2753  MISS %:    27.7247   MPKI: 1.78869
STLB LOAD TRANSLATION ACCESS:    1290321  HIT:     932583  MISS:     357738  HIT %:    72.2753  MISS %:    27.7247   MPKI: 1.78869
STLB PREFETCH  REQUESTED:          0  ISSUED:          0  USEFUL:          0  USELESS:          0
STLB USEFUL LOAD PREFETCHES:          0 PREFETCH ISSUED TO LOWER LEVEL:          0  ACCURACY: -nan
STLB TIMELY PREFETCHES:          0 LATE PREFETCHES: 0 DROPPED PREFETCHES: 0
STLB PREFETCHES SAME FILL-ORIGIN LEVEL: 0 DIFFERENT FILL-ORIGIN LEVEL: 0
STLB AVERAGE MISS LATENCY:    167.005 cycles AVERAGE LOAD MISS LATENCY:       -nan cycles Load Miss          0
STLB Average MSHR Occupancy:   0.110697
STLB RQ	ACCESS:    1290321	FORWARD:          0	MERGED:          0	TO_CACHE:    1290321

STLB Hit, L1D data hit: 0
STLB Hit, L2C data hit: 0
STLB Hit, LLC data hit: 0
STLB Hit, LLC data miss: 0
STLB STLB hints to L2: 0
L1D TOTAL     ACCESS:   44209963  HIT:   41165371  MISS:    3044592  HIT %:    93.1133  MISS %:    6.88666   MPKI: 15.223
L1D LOAD      ACCESS:   26667118  HIT:   24211436  MISS:    2455682  HIT %:    90.7913  MISS %:    9.20865   MPKI: 12.2784
L1D RFO       ACCESS:   17542845  HIT:   16953935  MISS:     588910  HIT %:     96.643  MISS %:    3.35698   MPKI: 2.94455
L1D PREFETCH  REQUESTED:          0  ISSUED:          0  USEFUL:          0  USELESS:          0
L1D USEFUL LOAD PREFETCHES:          0 PREFETCH ISSUED TO LOWER LEVEL:          0  ACCURACY: -nan
L1D TIMELY PREFETCHES:          0 LATE PREFETCHES: 0 DROPPED PREFETCHES: 0
L1D PREFETCHES SAME FILL-ORIGIN LEVEL: 0 DIFFERENT FILL-ORIGIN LEVEL: 0
L1D AVERAGE MISS LATENCY:    86.5593 cycles AVERAGE LOAD MISS LATENCY:    63.1647 cycles Load Miss    2455682
L1D Average MSHR Occupancy:   0.513062
L1D RQ	ACCESS:   41013292	FORWARD:          0	MERGED:   13561956	TO_CACHE:   26884867
L1D WQ	ACCESS:   19336813	FORWARD:     566469	MERGED:     334759	TO_CACHE:   19002054

L1D UNIQUE REGIONS ACCESSED: 0
L1D REGIONS CONFLICTS: 0
L1D Cross Page Prefetch Requests: 0
L1D Same Page Prefetch Requests: 0
L1D ROI Sum of L1D PQ occupancy: 0
L1D PREFETCHES PUSHED FROM L2C: 0
L1I TOTAL     ACCESS:   21578486  HIT:    7113721  MISS:   14464765  HIT %:    32.9667  MISS %:    67.0333   MPKI: 72.3238
L1I LOAD      ACCESS:   21578486  HIT:    7113721  MISS:   14464765  HIT %:    32.9667  MISS %:    67.0333   MPKI: 72.3238
L1I PREFETCH  REQUESTED:          0  ISSUED:          0  USEFUL:          0  USELESS:          0
L1I USEFUL LOAD PREFETCHES:          0 PREFETCH ISSUED TO LOWER LEVEL:          0  ACCURACY: -nan
L1I TIMELY PREFETCHES:          0 LATE PREFETCHES: 0 DROPPED PREFETCHES: 0
L1I PREFETCHES SAME FILL-ORIGIN LEVEL: 0 DIFFERENT FILL-ORIGIN LEVEL: 0
L1I AVERAGE MISS LATENCY:     22.748 cycles AVERAGE LOAD MISS LATENCY:     22.748 cycles Load Miss   14464765
L1I Average MSHR Occupancy:   0.625633
L1I RQ	ACCESS:   42783109	FORWARD:          0	MERGED:   20288670	TO_CACHE:   22494439

BTB TOTAL     ACCESS:   18865080  HIT:   17396955  MISS:    1468125  HIT %:    92.2178  MISS %:    7.78224   MPKI: 7.34063
BTB BRANCH_DIRECT_JUMP	ACCESS:     763424  HIT:     651699  MISS:     111725
BTB BRANCH_INDIRECT	ACCESS:     232762  HIT:     133161  MISS:      99601
BTB BRANCH_CONDITIONAL	ACCESS:   15472569  HIT:   15197781  MISS:     274788
BTB BRANCH_DIRECT_CALL	ACCESS:    1027006  HIT:     770782  MISS:     256224
BTB BRANCH_INDIRECT_CALL	ACCESS:     170820  HIT:     102032  MISS:      68788
BTB BRANCH_RETURN	ACCESS:    1198408  HIT:     541486  MISS:     656922
BTB BRANCH_OTHER ACCESS:         91  HIT:         14  MISS:         77

L2C TOTAL     ACCESS:   19359337  HIT:   17366667  MISS:    1992670  HIT %:    89.7069  MISS %:    10.2931   MPKI: 9.96335
L2C LOAD      ACCESS:   16920434  HIT:   15551796  MISS:    1368638  HIT %:    91.9113  MISS %:    8.08867   MPKI: 6.84319
L2C DATA LOAD MPKI: 3.06594
L2C INSTRUCTION LOAD MPKI: 3.77725
L2C RFO       ACCESS:     588907  HIT:     124126  MISS:     464781  HIT %:    21.0774  MISS %:    78.9226   MPKI: 2.3239
L2C WRITEBACK ACCESS:    1262754  HIT:    1262747  MISS:          7  HIT %:    99.9994  MISS %: 0.000554344   MPKI: 3.5e-05
L2C LOAD TRANSLATION ACCESS:     587242  HIT:     427998  MISS:     159244  HIT %:    72.8827  MISS %:    27.1173   MPKI: 0.79622
L2C PREFETCH  REQUESTED:          0  ISSUED:          0  USEFUL:          0  USELESS:          0
L2C USEFUL LOAD PREFETCHES:          0 PREFETCH ISSUED TO LOWER LEVEL:          0  ACCURACY: -nan
L2C TIMELY PREFETCHES:          0 LATE PREFETCHES: 0 DROPPED PREFETCHES: 0
L2C PREFETCHES SAME FILL-ORIGIN LEVEL: 0 DIFFERENT FILL-ORIGIN LEVEL: 0
L2C AVERAGE MISS LATENCY:    188.114 cycles AVERAGE LOAD MISS LATENCY:    177.727 cycles Load Miss    1368638
L2C Average MSHR Occupancy:   0.719701
L2C RQ	ACCESS:   18096597	FORWARD:          0	MERGED:          0	TO_CACHE:   18096582
L2C WQ	ACCESS:    1262754	FORWARD:         15	MERGED:          0	TO_CACHE:    1262754

L2C Instructions Evicting Data 402833
L2C Translations Evicting Data 87856
L2C Data Evicting Data 588837
L2C Instructions Evicting Instructions 292679
L2C Translations Evicting Instructions 58974
L2C Data Evicting Instructions 402682
L2C Instructions Evicting Translations 59938
L2C Translations Evicting Translations 12414
L2C Data Evicting Translations 86450
L2C Dense regions hint from L2: 0
PSCL5 TOTAL     ACCESS:     357738  HIT:     357738  MISS:          0  HIT %:        100  MISS %:          0   MPKI: 0
PSCL5 LOAD TRANSLATION ACCESS:     357738  HIT:     357738  MISS:          0  HIT %:        100  MISS %:          0   MPKI: 0
PSCL5 PREFETCH  REQUESTED:          0  ISSUED:          0  USEFUL:          0  USELESS:          0
PSCL5 USEFUL LOAD PREFETCHES:          0 PREFETCH ISSUED TO LOWER LEVEL:          0  ACCURACY: -nan
PSCL5 TIMELY PREFETCHES:          0 LATE PREFETCHES: 0 DROPPED PREFETCHES: 0
PSCL5 PREFETCHES SAME FILL-ORIGIN LEVEL: 0 DIFFERENT FILL-ORIGIN LEVEL: 0

PSCL4 TOTAL     ACCESS:     353540  HIT:     352533  MISS:       1007  HIT %:    99.7152  MISS %:   0.284833   MPKI: 0.005035
PSCL4 LOAD TRANSLATION ACCESS:     353540  HIT:     352533  MISS:       1007  HIT %:    99.7152  MISS %:   0.284833   MPKI: 0.005035
PSCL4 PREFETCH  REQUESTED:          0  ISSUED:          0  USEFUL:          0  USELESS:          0
PSCL4 USEFUL LOAD PREFETCHES:          0 PREFETCH ISSUED TO LOWER LEVEL:          0  ACCURACY: -nan
PSCL4 TIMELY PREFETCHES:          0 LATE PREFETCHES: 0 DROPPED PREFETCHES: 0
PSCL4 PREFETCHES SAME FILL-ORIGIN LEVEL: 0 DIFFERENT FILL-ORIGIN LEVEL: 0

PSCL3 TOTAL     ACCESS:     350285  HIT:     330078  MISS:      20207  HIT %:    94.2313  MISS %:    5.76873   MPKI: 0.101035
PSCL3 LOAD TRANSLATION ACCESS:     350285  HIT:     330078  MISS:      20207  HIT %:    94.2313  MISS %:    5.76873   MPKI: 0.101035
PSCL3 PREFETCH  REQUESTED:          0  ISSUED:          0  USEFUL:          0  USELESS:          0
PSCL3 USEFUL LOAD PREFETCHES:          0 PREFETCH ISSUED TO LOWER LEVEL:          0  ACCURACY: -nan
PSCL3 TIMELY PREFETCHES:          0 LATE PREFETCHES: 0 DROPPED PREFETCHES: 0
PSCL3 PREFETCHES SAME FILL-ORIGIN LEVEL: 0 DIFFERENT FILL-ORIGIN LEVEL: 0

PSCL2 TOTAL     ACCESS:     357738  HIT:     148872  MISS:     208866  HIT %:    41.6148  MISS %:    58.3852   MPKI: 1.04433
PSCL2 LOAD TRANSLATION ACCESS:     357738  HIT:     148872  MISS:     208866  HIT %:    41.6148  MISS %:    58.3852   MPKI: 1.04433
PSCL2 PREFETCH  REQUESTED:          0  ISSUED:          0  USEFUL:          0  USELESS:          0
PSCL2 USEFUL LOAD PREFETCHES:          0 PREFETCH ISSUED TO LOWER LEVEL:          0  ACCURACY: -nan
PSCL2 TIMELY PREFETCHES:          0 LATE PREFETCHES: 0 DROPPED PREFETCHES: 0
PSCL2 PREFETCHES SAME FILL-ORIGIN LEVEL: 0 DIFFERENT FILL-ORIGIN LEVEL: 0

LLC TOTAL     ACCESS:    2599050  HIT:     873531  MISS:    1725519  HIT %:    33.6096  MISS %:    66.3904   MPKI: 8.62759
LLC LOAD      ACCESS:    1368638  HIT:     296823  MISS:    1071815  HIT %:    21.6875  MISS %:    78.3125   MPKI: 5.35907
LLC RFO       ACCESS:     464781  HIT:       5249  MISS:     459532  HIT %:    1.12935  MISS %:    98.8707   MPKI: 2.29766
LLC WRITEBACK ACCESS:     606387  HIT:     544831  MISS:      61556  HIT %:    89.8487  MISS %:    10.1513   MPKI: 0.30778
LLC LOAD TRANSLATION ACCESS:     159244  HIT:      26628  MISS:     132616  HIT %:    16.7215  MISS %:    83.2785   MPKI: 0.66308
LLC PREFETCH  REQUESTED:          0  ISSUED:          0  USEFUL:          0  USELESS:          0
LLC USEFUL LOAD PREFETCHES:          0 PREFETCH ISSUED TO LOWER LEVEL:          0  ACCURACY: -nan
LLC TIMELY PREFETCHES:          0 LATE PREFETCHES: 0 DROPPED PREFETCHES: 0
LLC PREFETCHES SAME FILL-ORIGIN LEVEL: 0 DIFFERENT FILL-ORIGIN LEVEL: 0
LLC AVERAGE MISS LATENCY:    164.875 cycles AVERAGE LOAD MISS LATENCY:    169.235 cycles Load Miss    1071815
LLC Average MSHR Occupancy:   0.546034
LLC RQ	ACCESS:    1992663	FORWARD:          0	MERGED:          0	TO_CACHE:    1992663
LLC WQ	ACCESS:     606387	FORWARD:          0	MERGED:          0	TO_CACHE:     606387

LLC Dense regions hint to LLC: 0

RAW hits: 2809009
Loads Generated: 43822303
Loads sent to L1D: 41013292
Stores Generated: 19337232
Stores sent to L1D: 19337245
Major fault: 0 Minor fault: 138232
Allocated PAGES: 138232
================ LLC LRU Pollution Stats ================
Total pollution count in LLC: 0
=========================================================

DRAM Statistics
 CHANNEL 0
 RQ ROW_BUFFER_HIT:     360090  ROW_BUFFER_MISS:    1303871
 DBUS_CONGESTED:        993
 WQ ROW_BUFFER_HIT:     218913  ROW_BUFFER_MISS:     376435  FULL:          0

 AVG_CONGESTED_CYCLE: 4
 All warmup complete: 2
Channel 0 Bank busy for read cycles: 0
Channel 0 Bank busy for write cycles: 0
Channel 0
Rank 0
0banks busy for read cycles: 302555263
0banks busy for write cycles: 267123
1banks busy for read cycles: 104401297
1banks busy for write cycles: 46741103
2banks busy for read cycles: 25552036
2banks busy for write cycles: 14160234
3banks busy for read cycles: 7423655
3banks busy for write cycles: 4819088
4banks busy for read cycles: 2829459
4banks busy for write cycles: 2119838
5banks busy for read cycles: 1534602
5banks busy for write cycles: 1155223
6banks busy for read cycles: 870991
6banks busy for write cycles: 722824
7banks busy for read cycles: 508963
7banks busy for write cycles: 562732
8banks busy for read cycles: 1009937
8banks busy for write cycles: 737470

CPU 0 Branch Prediction Accuracy: 94.2191% MPKI: 10.1153 Average ROB Occupancy at Mispredict: 19.2864
Branch types
NOT_BRANCH: 165003484 82.5017%
BRANCH_DIRECT_JUMP: 763424 0.381712%
BRANCH_INDIRECT: 232762 0.116381%
BRANCH_CONDITIONAL: 31603365 15.8017%
BRANCH_DIRECT_CALL: 1027006 0.513503%
BRANCH_INDIRECT_CALL: 170820 0.08541%
BRANCH_RETURN: 1198408 0.599204%
BRANCH_OTHER: 91 4.55e-05%

===================== LRU L1D STATS =====================
Total pollution count in L1D: 0
=========================================================
================ L2 LRU Pollution ================
Total pollution count in L2: 0
========================================================
DRAM PAGES: 1048576
Allocated PAGES: 138232
