Initialize SIGNATURE TABLE
ST_SET: 1
ST_WAY: 256
ST_TAG_BIT: 16
ST_TAG_MASK: ffff

Initialize PATTERN TABLE
PT_SET: 512
PT_WAY: 4
SIG_DELTA_BIT: 7
C_SIG_BIT: 4
C_DELTA_BIT: 4

Initialize PREFETCH FILTER
FILTER_SET: 1024

Initialize PERCEPTRON
PERC_ENTRIES: 4096
PERC_FEATURES: 9

*** ChampSim Multicore Out-of-Order Simulator ***

Warmup Instructions: 200000000
Simulation Instructions: 200000000
Number of CPUs: 1
LLC sets: 4096
LLC ways: 12
Off-chip DRAM Size: 4096 MB Channels: 1 Width: 64-bit Data Rate: 6400 MT/s
CPU 0 runs /home1/sweta/traces/gaptraces/bfs-3.trace.gz
.gz
BTB has LRU replacement policy
ITLB has LRU replacement policy
DTLB has LRU replacement policy
STLB has LRU replacement policy
L1I has LRU replacement policy
L1D has LRU replacement policy
PERC_ENTRIES: 4096
Initialize SRRIP state for L2C
Initialize Mockingjay state for LLC
Heartbeat CPU 0 instructions: 10000000 cycles: 3253630 heartbeat IPC: 3.07349 cumulative IPC: 3.07349 (Simulation time: 0 hr 0 min 12 sec) 
Heartbeat CPU 0 instructions: 20000004 cycles: 6305295 heartbeat IPC: 3.2769 cumulative IPC: 3.17194 (Simulation time: 0 hr 0 min 25 sec) 
Heartbeat CPU 0 instructions: 30000001 cycles: 9335373 heartbeat IPC: 3.30024 cumulative IPC: 3.21358 (Simulation time: 0 hr 0 min 38 sec) 
Heartbeat CPU 0 instructions: 40000003 cycles: 12365642 heartbeat IPC: 3.30004 cumulative IPC: 3.23477 (Simulation time: 0 hr 0 min 51 sec) 
Heartbeat CPU 0 instructions: 50000000 cycles: 15327990 heartbeat IPC: 3.3757 cumulative IPC: 3.26201 (Simulation time: 0 hr 1 min 5 sec) 
Heartbeat CPU 0 instructions: 60000000 cycles: 18256885 heartbeat IPC: 3.41426 cumulative IPC: 3.28643 (Simulation time: 0 hr 1 min 18 sec) 
Heartbeat CPU 0 instructions: 70000001 cycles: 21608721 heartbeat IPC: 2.98344 cumulative IPC: 3.23943 (Simulation time: 0 hr 1 min 29 sec) 
Heartbeat CPU 0 instructions: 80000001 cycles: 25688854 heartbeat IPC: 2.4509 cumulative IPC: 3.11419 (Simulation time: 0 hr 1 min 37 sec) 
Heartbeat CPU 0 instructions: 90000000 cycles: 29338451 heartbeat IPC: 2.74003 cumulative IPC: 3.06765 (Simulation time: 0 hr 1 min 56 sec) 
Heartbeat CPU 0 instructions: 100000005 cycles: 32395904 heartbeat IPC: 3.2707 cumulative IPC: 3.08681 (Simulation time: 0 hr 2 min 8 sec) 
Heartbeat CPU 0 instructions: 110000000 cycles: 35144754 heartbeat IPC: 3.63788 cumulative IPC: 3.12991 (Simulation time: 0 hr 2 min 23 sec) 
Heartbeat CPU 0 instructions: 120000002 cycles: 37969878 heartbeat IPC: 3.53967 cumulative IPC: 3.1604 (Simulation time: 0 hr 2 min 38 sec) 
Heartbeat CPU 0 instructions: 130000003 cycles: 40998477 heartbeat IPC: 3.30186 cumulative IPC: 3.17085 (Simulation time: 0 hr 2 min 51 sec) 
Heartbeat CPU 0 instructions: 140000004 cycles: 44697281 heartbeat IPC: 2.70358 cumulative IPC: 3.13218 (Simulation time: 0 hr 3 min 0 sec) 
Heartbeat CPU 0 instructions: 150000000 cycles: 48676644 heartbeat IPC: 2.51296 cumulative IPC: 3.08156 (Simulation time: 0 hr 3 min 18 sec) 
Heartbeat CPU 0 instructions: 160000000 cycles: 52016546 heartbeat IPC: 2.9941 cumulative IPC: 3.07594 (Simulation time: 0 hr 3 min 30 sec) 
Heartbeat CPU 0 instructions: 170000002 cycles: 54811344 heartbeat IPC: 3.57808 cumulative IPC: 3.10155 (Simulation time: 0 hr 3 min 45 sec) 
Heartbeat CPU 0 instructions: 180000000 cycles: 57421418 heartbeat IPC: 3.83131 cumulative IPC: 3.13472 (Simulation time: 0 hr 4 min 0 sec) 
Heartbeat CPU 0 instructions: 190000001 cycles: 60036002 heartbeat IPC: 3.8247 cumulative IPC: 3.16477 (Simulation time: 0 hr 4 min 13 sec) 
Heartbeat CPU 0 instructions: 200000002 cycles: 62866710 heartbeat IPC: 3.53269 cumulative IPC: 3.18133 (Simulation time: 0 hr 4 min 28 sec) 

Warmup complete CPU 0 instructions: 200000002 cycles: 62866710 (Simulation time: 0 hr 4 min 28 sec) 

Heartbeat CPU 0 instructions: 210000002 cycles: 106028831 heartbeat IPC: 0.231685 cumulative IPC: 0.231685 (Simulation time: 0 hr 4 min 55 sec) 
Heartbeat CPU 0 instructions: 220000000 cycles: 139145798 heartbeat IPC: 0.30196 cumulative IPC: 0.262195 (Simulation time: 0 hr 5 min 19 sec) 
Heartbeat CPU 0 instructions: 230000000 cycles: 167591743 heartbeat IPC: 0.351544 cumulative IPC: 0.286464 (Simulation time: 0 hr 5 min 46 sec) 
Heartbeat CPU 0 instructions: 240000003 cycles: 194935919 heartbeat IPC: 0.365709 cumulative IPC: 0.302872 (Simulation time: 0 hr 6 min 10 sec) 
Heartbeat CPU 0 instructions: 250000002 cycles: 230436436 heartbeat IPC: 0.281686 cumulative IPC: 0.298383 (Simulation time: 0 hr 6 min 38 sec) 
Heartbeat CPU 0 instructions: 260000000 cycles: 271726764 heartbeat IPC: 0.242187 cumulative IPC: 0.287274 (Simulation time: 0 hr 7 min 7 sec) 
Heartbeat CPU 0 instructions: 270000000 cycles: 313490646 heartbeat IPC: 0.239441 cumulative IPC: 0.279303 (Simulation time: 0 hr 7 min 36 sec) 
Heartbeat CPU 0 instructions: 280000002 cycles: 359185618 heartbeat IPC: 0.218843 cumulative IPC: 0.269979 (Simulation time: 0 hr 8 min 0 sec) 
Heartbeat CPU 0 instructions: 290000000 cycles: 383768306 heartbeat IPC: 0.40679 cumulative IPC: 0.28046 (Simulation time: 0 hr 8 min 22 sec) 
Heartbeat CPU 0 instructions: 300000000 cycles: 417350696 heartbeat IPC: 0.297775 cumulative IPC: 0.2821 (Simulation time: 0 hr 8 min 52 sec) 
Heartbeat CPU 0 instructions: 310000000 cycles: 447279717 heartbeat IPC: 0.334124 cumulative IPC: 0.286151 (Simulation time: 0 hr 9 min 15 sec) 
Heartbeat CPU 0 instructions: 320000001 cycles: 487112061 heartbeat IPC: 0.251052 cumulative IPC: 0.282855 (Simulation time: 0 hr 9 min 46 sec) 
Heartbeat CPU 0 instructions: 330000002 cycles: 521000077 heartbeat IPC: 0.29509 cumulative IPC: 0.28376 (Simulation time: 0 hr 10 min 18 sec) 
Heartbeat CPU 0 instructions: 340000001 cycles: 565396121 heartbeat IPC: 0.225245 cumulative IPC: 0.278591 (Simulation time: 0 hr 10 min 46 sec) 
Heartbeat CPU 0 instructions: 350000000 cycles: 607703437 heartbeat IPC: 0.236366 cumulative IPC: 0.275312 (Simulation time: 0 hr 11 min 12 sec) 
Heartbeat CPU 0 instructions: 360000000 cycles: 641093062 heartbeat IPC: 0.299494 cumulative IPC: 0.276708 (Simulation time: 0 hr 11 min 33 sec) 
Heartbeat CPU 0 instructions: 370000000 cycles: 669602117 heartbeat IPC: 0.350766 cumulative IPC: 0.280188 (Simulation time: 0 hr 11 min 58 sec) 
Heartbeat CPU 0 instructions: 380000006 cycles: 696943011 heartbeat IPC: 0.365753 cumulative IPC: 0.283878 (Simulation time: 0 hr 12 min 21 sec) 
Heartbeat CPU 0 instructions: 390000000 cycles: 728847922 heartbeat IPC: 0.313431 cumulative IPC: 0.285293 (Simulation time: 0 hr 12 min 44 sec) 
Heartbeat CPU 0 instructions: 400000001 cycles: 763574760 heartbeat IPC: 0.287962 cumulative IPC: 0.285426 (Simulation time: 0 hr 13 min 9 sec) 
Finished CPU 0 instructions: 200000000 cycles: 700708052 cumulative IPC: 0.285426 (Simulation time: 0 hr 13 min 9 sec) 

ChampSim completed all CPUs

Region of Interest Statistics

CPU 0 cumulative IPC: 0.285426 instructions: 200000000 cycles: 700708052
ITLB TOTAL     ACCESS:   21167681  HIT:   21167681  MISS:          0  HIT %:        100  MISS %:          0   MPKI: 0
ITLB LOAD TRANSLATION ACCESS:   21167681  HIT:   21167681  MISS:          0  HIT %:        100  MISS %:          0   MPKI: 0
ITLB PREFETCH  REQUESTED:          0  ISSUED:          0  USEFUL:          0  USELESS:          0
ITLB USEFUL LOAD PREFETCHES:          0 PREFETCH ISSUED TO LOWER LEVEL:          0  ACCURACY: -nan
ITLB TIMELY PREFETCHES:          0 LATE PREFETCHES: 0 DROPPED PREFETCHES: 0
ITLB PREFETCHES SAME FILL-ORIGIN LEVEL: 0 DIFFERENT FILL-ORIGIN LEVEL: 0
ITLB AVERAGE MISS LATENCY:       -nan cycles AVERAGE LOAD MISS LATENCY:       -nan cycles Load Miss          0
ITLB Average MSHR Occupancy: 2.51175e-07
ITLB RQ	ACCESS:   27231617	FORWARD:          0	MERGED:    6063936	TO_CACHE:   21167681

DTLB TOTAL     ACCESS:   36784804  HIT:   36258739  MISS:     526065  HIT %:    98.5699  MISS %:    1.43012   MPKI: 2.63033
DTLB LOAD TRANSLATION ACCESS:   36784804  HIT:   36258739  MISS:     526065  HIT %:    98.5699  MISS %:    1.43012   MPKI: 2.63033
DTLB PREFETCH  REQUESTED:          0  ISSUED:          0  USEFUL:          0  USELESS:          0
DTLB USEFUL LOAD PREFETCHES:          0 PREFETCH ISSUED TO LOWER LEVEL:          0  ACCURACY: -nan
DTLB TIMELY PREFETCHES:          0 LATE PREFETCHES: 0 DROPPED PREFETCHES: 0
DTLB PREFETCHES SAME FILL-ORIGIN LEVEL: 0 DIFFERENT FILL-ORIGIN LEVEL: 0
DTLB AVERAGE MISS LATENCY:    37.2394 cycles AVERAGE LOAD MISS LATENCY:       -nan cycles Load Miss          0
DTLB Average MSHR Occupancy:  0.0278445
DTLB RQ	ACCESS:   39072034	FORWARD:          0	MERGED:    2258366	TO_CACHE:   36813668

STLB TOTAL     ACCESS:     526065  HIT:     354123  MISS:     171942  HIT %:    67.3154  MISS %:    32.6846   MPKI: 0.85971
STLB LOAD TRANSLATION ACCESS:     526065  HIT:     354123  MISS:     171942  HIT %:    67.3154  MISS %:    32.6846   MPKI: 0.85971
STLB PREFETCH  REQUESTED:          0  ISSUED:          0  USEFUL:          0  USELESS:          0
STLB USEFUL LOAD PREFETCHES:          0 PREFETCH ISSUED TO LOWER LEVEL:          0  ACCURACY: -nan
STLB TIMELY PREFETCHES:          0 LATE PREFETCHES: 0 DROPPED PREFETCHES: 0
STLB PREFETCHES SAME FILL-ORIGIN LEVEL: 0 DIFFERENT FILL-ORIGIN LEVEL: 0
STLB AVERAGE MISS LATENCY:    86.1267 cycles AVERAGE LOAD MISS LATENCY:       -nan cycles Load Miss          0
STLB Average MSHR Occupancy:   0.021273
STLB RQ	ACCESS:     526065	FORWARD:          0	MERGED:          0	TO_CACHE:     526065

STLB Hit, L1D data hit: 0
STLB Hit, L2C data hit: 0
STLB Hit, LLC data hit: 0
STLB Hit, LLC data miss: 0
STLB STLB hints to L2: 0
L1D TOTAL     ACCESS:   38070412  HIT:   32139116  MISS:    5931296  HIT %:    84.4202  MISS %:    15.5798   MPKI: 29.6565
L1D LOAD      ACCESS:   31801215  HIT:   26137878  MISS:    5663337  HIT %:    82.1914  MISS %:    17.8086   MPKI: 28.3167
L1D RFO       ACCESS:    6269197  HIT:    6001238  MISS:     267959  HIT %:    95.7258  MISS %:    4.27422   MPKI: 1.3398
L1D PREFETCH  REQUESTED:          0  ISSUED:          0  USEFUL:          0  USELESS:          0
L1D USEFUL LOAD PREFETCHES:          0 PREFETCH ISSUED TO LOWER LEVEL:          0  ACCURACY: -nan
L1D TIMELY PREFETCHES:          0 LATE PREFETCHES: 0 DROPPED PREFETCHES: 0
L1D PREFETCHES SAME FILL-ORIGIN LEVEL: 0 DIFFERENT FILL-ORIGIN LEVEL: 0
L1D AVERAGE MISS LATENCY:    47.5971 cycles AVERAGE LOAD MISS LATENCY:     44.172 cycles Load Miss    5663337
L1D Average MSHR Occupancy:   0.409948
L1D RQ	ACCESS:   47902711	FORWARD:          0	MERGED:   15922645	TO_CACHE:   31956503
L1D WQ	ACCESS:    7223604	FORWARD:      23563	MERGED:     108073	TO_CACHE:    7115531

L1D UNIQUE REGIONS ACCESSED: 0
L1D REGIONS CONFLICTS: 0
L1D Cross Page Prefetch Requests: 0
L1D Same Page Prefetch Requests: 0
L1D ROI Sum of L1D PQ occupancy: 0
L1D PREFETCHES PUSHED FROM L2C: 0
L1I TOTAL     ACCESS:   25967224  HIT:      92963  MISS:   25874261  HIT %:   0.358001  MISS %:     99.642   MPKI: 129.371
L1I LOAD      ACCESS:   25967224  HIT:      92963  MISS:   25874261  HIT %:   0.358001  MISS %:     99.642   MPKI: 129.371
L1I PREFETCH  REQUESTED:          0  ISSUED:          0  USEFUL:          0  USELESS:          0
L1I USEFUL LOAD PREFETCHES:          0 PREFETCH ISSUED TO LOWER LEVEL:          0  ACCURACY: -nan
L1I TIMELY PREFETCHES:          0 LATE PREFETCHES: 0 DROPPED PREFETCHES: 0
L1I PREFETCHES SAME FILL-ORIGIN LEVEL: 0 DIFFERENT FILL-ORIGIN LEVEL: 0
L1I AVERAGE MISS LATENCY:    14.0082 cycles AVERAGE LOAD MISS LATENCY:    14.0082 cycles Load Miss   25874261
L1I Average MSHR Occupancy:   0.506392
L1I RQ	ACCESS:   55985397	FORWARD:          0	MERGED:   28753780	TO_CACHE:   27231617

BTB TOTAL     ACCESS:   40971557  HIT:   40971200  MISS:        357  HIT %:    99.9991  MISS %: 0.000871336   MPKI: 0.001785
BTB BRANCH_DIRECT_JUMP	ACCESS:      52747  HIT:      52702  MISS:         45
BTB BRANCH_INDIRECT	ACCESS:          3  HIT:          2  MISS:          1
BTB BRANCH_CONDITIONAL	ACCESS:   40918107  HIT:   40918003  MISS:        104
BTB BRANCH_DIRECT_CALL	ACCESS:        341  HIT:        297  MISS:         44
BTB BRANCH_INDIRECT_CALL	ACCESS:          9  HIT:          6  MISS:          3
BTB BRANCH_RETURN	ACCESS:        350  HIT:        190  MISS:        160
BTB BRANCH_OTHER ACCESS:          0  HIT:          0  MISS:          0

L2C TOTAL     ACCESS:   37284446  HIT:   32745104  MISS:    4539342  HIT %:    87.8251  MISS %:    12.1749   MPKI: 22.6967
L2C LOAD      ACCESS:   31537598  HIT:   30350544  MISS:    1187054  HIT %:    96.2361  MISS %:    3.76393   MPKI: 5.93527
L2C DATA LOAD MPKI: 5.92942
L2C INSTRUCTION LOAD MPKI: 0.00585
L2C RFO       ACCESS:     267959  HIT:      20092  MISS:     247867  HIT %:    7.49816  MISS %:    92.5018   MPKI: 1.23934
L2C PREFETCH  ACCESS:    4350854  HIT:    1282126  MISS:    3068728  HIT %:    29.4684  MISS %:    70.5316   MPKI: 15.3436
AGUS PREFETCH L1 MISS: 0
L2C DATA PREFETCH MPKI: 15.3436
L2C INSTRUCTION PREFETCH MPKI: 0
L2C WRITEBACK ACCESS:     955085  HIT:     954425  MISS:        660  HIT %:    99.9309  MISS %:  0.0691038   MPKI: 0.0033
L2C LOAD TRANSLATION ACCESS:     172950  HIT:     137917  MISS:      35033  HIT %:    79.7439  MISS %:    20.2561   MPKI: 0.175165
L2C PREFETCH  REQUESTED:    4671989  ISSUED:    4671965  USEFUL:    2195920  USELESS:     872814
L2C USEFUL LOAD PREFETCHES:    2195920 PREFETCH ISSUED TO LOWER LEVEL:    3335174  ACCURACY: 65.8412
L2C TIMELY PREFETCHES:    2195920 LATE PREFETCHES: 86037 DROPPED PREFETCHES: 0
L2C PREFETCHES SAME FILL-ORIGIN LEVEL: 3154767 DIFFERENT FILL-ORIGIN LEVEL: 180407
L2C AVERAGE MISS LATENCY:    149.148 cycles AVERAGE LOAD MISS LATENCY:     139.61 cycles Load Miss    1187054
L2C Average MSHR Occupancy:    0.97435
L2C RQ	ACCESS:   31978507	FORWARD:          0	MERGED:          0	TO_CACHE:   31978507
L2C WQ	ACCESS:     955085	FORWARD:          3	MERGED:          0	TO_CACHE:     955085
L2C PQ	ACCESS:    4671965	FORWARD:          0	MERGED:       6213	TO_CACHE:    4665749

L2C Instructions Evicting Data 1160
L2C Translations Evicting Data 34548
L2C Data Evicting Data 4466649
L2C Instructions Evicting Instructions 0
L2C Translations Evicting Instructions 2
L2C Data Evicting Instructions 1167
L2C Instructions Evicting Translations 10
L2C Translations Evicting Translations 483
L2C Data Evicting Translations 34663
L2C Dense regions hint from L2: 0
PSCL5 TOTAL     ACCESS:     171942  HIT:     171942  MISS:          0  HIT %:        100  MISS %:          0   MPKI: 0
PSCL5 LOAD TRANSLATION ACCESS:     171942  HIT:     171942  MISS:          0  HIT %:        100  MISS %:          0   MPKI: 0
PSCL5 PREFETCH  REQUESTED:          0  ISSUED:          0  USEFUL:          0  USELESS:          0
PSCL5 USEFUL LOAD PREFETCHES:          0 PREFETCH ISSUED TO LOWER LEVEL:          0  ACCURACY: -nan
PSCL5 TIMELY PREFETCHES:          0 LATE PREFETCHES: 0 DROPPED PREFETCHES: 0
PSCL5 PREFETCHES SAME FILL-ORIGIN LEVEL: 0 DIFFERENT FILL-ORIGIN LEVEL: 0

PSCL4 TOTAL     ACCESS:     171942  HIT:     171942  MISS:          0  HIT %:        100  MISS %:          0   MPKI: 0
PSCL4 LOAD TRANSLATION ACCESS:     171942  HIT:     171942  MISS:          0  HIT %:        100  MISS %:          0   MPKI: 0
PSCL4 PREFETCH  REQUESTED:          0  ISSUED:          0  USEFUL:          0  USELESS:          0
PSCL4 USEFUL LOAD PREFETCHES:          0 PREFETCH ISSUED TO LOWER LEVEL:          0  ACCURACY: -nan
PSCL4 TIMELY PREFETCHES:          0 LATE PREFETCHES: 0 DROPPED PREFETCHES: 0
PSCL4 PREFETCHES SAME FILL-ORIGIN LEVEL: 0 DIFFERENT FILL-ORIGIN LEVEL: 0

PSCL3 TOTAL     ACCESS:     171942  HIT:     171942  MISS:          0  HIT %:        100  MISS %:          0   MPKI: 0
PSCL3 LOAD TRANSLATION ACCESS:     171942  HIT:     171942  MISS:          0  HIT %:        100  MISS %:          0   MPKI: 0
PSCL3 PREFETCH  REQUESTED:          0  ISSUED:          0  USEFUL:          0  USELESS:          0
PSCL3 USEFUL LOAD PREFETCHES:          0 PREFETCH ISSUED TO LOWER LEVEL:          0  ACCURACY: -nan
PSCL3 TIMELY PREFETCHES:          0 LATE PREFETCHES: 0 DROPPED PREFETCHES: 0
PSCL3 PREFETCHES SAME FILL-ORIGIN LEVEL: 0 DIFFERENT FILL-ORIGIN LEVEL: 0

PSCL2 TOTAL     ACCESS:     171942  HIT:     170934  MISS:       1008  HIT %:    99.4138  MISS %:   0.586244   MPKI: 0.00504
PSCL2 LOAD TRANSLATION ACCESS:     171942  HIT:     170934  MISS:       1008  HIT %:    99.4138  MISS %:   0.586244   MPKI: 0.00504
PSCL2 PREFETCH  REQUESTED:          0  ISSUED:          0  USEFUL:          0  USELESS:          0
PSCL2 USEFUL LOAD PREFETCHES:          0 PREFETCH ISSUED TO LOWER LEVEL:          0  ACCURACY: -nan
PSCL2 TIMELY PREFETCHES:          0 LATE PREFETCHES: 0 DROPPED PREFETCHES: 0
PSCL2 PREFETCHES SAME FILL-ORIGIN LEVEL: 0 DIFFERENT FILL-ORIGIN LEVEL: 0

LLC TOTAL     ACCESS:    5452619  HIT:    1640341  MISS:    3812278  HIT %:    30.0835  MISS %:    69.9165   MPKI: 19.0614
LLC LOAD      ACCESS:    1101017  HIT:     388520  MISS:     712497  HIT %:    35.2874  MISS %:    64.7126   MPKI: 3.56249
LLC RFO       ACCESS:     247867  HIT:     131955  MISS:     115912  HIT %:    53.2362  MISS %:    46.7638   MPKI: 0.57956
LLC PREFETCH  ACCESS:    3327702  HIT:     678510  MISS:    2649192  HIT %:    20.3897  MISS %:    79.6103   MPKI: 13.246
AGUS PREFETCH L1 MISS: 0
LLC WRITEBACK ACCESS:     741000  HIT:     439958  MISS:     301042  HIT %:    59.3735  MISS %:    40.6265   MPKI: 1.50521
LLC LOAD TRANSLATION ACCESS:      35033  HIT:       1398  MISS:      33635  HIT %:    3.99052  MISS %:    96.0095   MPKI: 0.168175
LLC PREFETCH  REQUESTED:          0  ISSUED:          0  USEFUL:     134926  USELESS:     310775
LLC USEFUL LOAD PREFETCHES:     134926 PREFETCH ISSUED TO LOWER LEVEL:    2653054  ACCURACY: 5.08569
LLC TIMELY PREFETCHES:     134926 LATE PREFETCHES: 3860 DROPPED PREFETCHES: 0
LLC PREFETCHES SAME FILL-ORIGIN LEVEL: 81623 DIFFERENT FILL-ORIGIN LEVEL: 0
LLC AVERAGE MISS LATENCY:    129.245 cycles AVERAGE LOAD MISS LATENCY:     151.38 cycles Load Miss     712497
LLC Average MSHR Occupancy:   0.698255
LLC RQ	ACCESS:    1383917	FORWARD:          0	MERGED:          0	TO_CACHE:    1383917
LLC WQ	ACCESS:     741000	FORWARD:          0	MERGED:          0	TO_CACHE:     741000
LLC PQ	ACCESS:    3335174	FORWARD:          0	MERGED:       2059	TO_CACHE:    3333115

LLC Dense regions hint to LLC: 0

RAW hits: 118862
Loads Generated: 48021573
Loads sent to L1D: 47902711
Stores Generated: 7223604
Stores sent to L1D: 7223604
Major fault: 0 Minor fault: 29632
Allocated PAGES: 29632
------------------
Depth Distribution
------------------
depth 0: 4417408
depth 1: 3095684
depth 2: 937205
depth 3: 625197
depth 4: 926445
depth 5: 191377
depth 6: 89465
depth 7: 36040
depth 8: 70719
depth 9: 258857
depth 10: 90623
depth 11: 478408
depth 12: 372043
depth 13: 55386
depth 14: 623892
depth 15: 99715
depth 16: 77125
depth 17: 36107
depth 18: 22904
depth 19: 3338
depth 20: 421
depth 21: 104
depth 22: 19
depth 23: 0
depth 24: 16
depth 25: 5
depth 26: 0
depth 27: 3
depth 28: 0
depth 29: 1
Total: 12508507
------------------
ST read accesses: 5172797
ST write accesses: 490540
PT read accesses: 144889664
PT write accesses: 7472281
FILTER read accesses: 33895664
FILTER write accesses: 17418346
GHR read accesses: 14051988
GHR write accesses: 1870489
PERC read accesses: 937627578
PERC write accesses: 44349991
GHR counter read accesses: 11326674
GHR counter write accesses: 13204815
GHR ip read accesses: 33860415
GHR ip write accesses: 22653348
ST tag read accesses: 2437645788
ST tag write accesses: 166616770
================ Mockingjay (LLC) Pollution Stats ================
Total pollution count in LLC: 228494
==================================================================

DRAM Statistics
 CHANNEL 0
 RQ ROW_BUFFER_HIT:    1769828  ROW_BUFFER_MISS:    1741301
 DBUS_CONGESTED:       2116
 WQ ROW_BUFFER_HIT:     108600  ROW_BUFFER_MISS:     405220  FULL:        425

 AVG_CONGESTED_CYCLE: 4
 All warmup complete: 2
Channel 0 Bank busy for read cycles: 0
Channel 0 Bank busy for write cycles: 0
Channel 0
Rank 0
0banks busy for read cycles: 429487868
0banks busy for write cycles: 233346
1banks busy for read cycles: 133913177
1banks busy for write cycles: 36507270
2banks busy for read cycles: 49380268
2banks busy for write cycles: 9354966
3banks busy for read cycles: 19520337
3banks busy for write cycles: 4119351
4banks busy for read cycles: 7290101
4banks busy for write cycles: 2248980
5banks busy for read cycles: 2537556
5banks busy for write cycles: 1389505
6banks busy for read cycles: 1270827
6banks busy for write cycles: 939638
7banks busy for read cycles: 512445
7banks busy for write cycles: 683827
8banks busy for read cycles: 683854
8banks busy for write cycles: 634737

CPU 0 Branch Prediction Accuracy: 88.4599% MPKI: 24.4899 Average ROB Occupancy at Mispredict: 1.13272
Branch types
NOT_BRANCH: 157556826 78.7784%
BRANCH_DIRECT_JUMP: 52747 0.0263735%
BRANCH_INDIRECT: 3 1.5e-06%
BRANCH_CONDITIONAL: 42389662 21.1948%
BRANCH_DIRECT_CALL: 341 0.0001705%
BRANCH_INDIRECT_CALL: 9 4.5e-06%
BRANCH_RETURN: 350 0.000175%
BRANCH_OTHER: 0 0%

===================== LRU L1D STATS =====================
Total pollution count in L1D: 0
=========================================================
================ SRRIP (L2C) Pollution Stats ================
Total pollution count in L2c: 2561025
==================================================================
DRAM PAGES: 1048576
Allocated PAGES: 29632
