Initialize SIGNATURE TABLE
ST_SET: 1
ST_WAY: 256
ST_TAG_BIT: 16
ST_TAG_MASK: ffff

Initialize PATTERN TABLE
PT_SET: 512
PT_WAY: 4
SIG_DELTA_BIT: 7
C_SIG_BIT: 4
C_DELTA_BIT: 4

Initialize PREFETCH FILTER
FILTER_SET: 1024

Initialize PERCEPTRON
PERC_ENTRIES: 4096
PERC_FEATURES: 9

*** ChampSim Multicore Out-of-Order Simulator ***

Warmup Instructions: 200000000
Simulation Instructions: 200000000
Number of CPUs: 1
LLC sets: 4096
LLC ways: 12
Off-chip DRAM Size: 4096 MB Channels: 1 Width: 64-bit Data Rate: 6400 MT/s
CPU 0 runs /home1/sweta/traces/gaptraces/cc-5.trace.gz
.gz
BTB has LRU replacement policy
ITLB has LRU replacement policy
DTLB has LRU replacement policy
STLB has LRU replacement policy
L1I has LRU replacement policy
L1D has LRU replacement policy
PERC_ENTRIES: 4096
Initialize SRRIP state for L2C
Initialize Mockingjay state for LLC
Heartbeat CPU 0 instructions: 10000000 cycles: 2234828 heartbeat IPC: 4.47462 cumulative IPC: 4.47462 (Simulation time: 0 hr 0 min 21 sec) 
Heartbeat CPU 0 instructions: 20000004 cycles: 4505459 heartbeat IPC: 4.40406 cumulative IPC: 4.43906 (Simulation time: 0 hr 0 min 43 sec) 
Heartbeat CPU 0 instructions: 30000002 cycles: 6801284 heartbeat IPC: 4.35573 cumulative IPC: 4.41093 (Simulation time: 0 hr 1 min 6 sec) 
Heartbeat CPU 0 instructions: 40000004 cycles: 9114727 heartbeat IPC: 4.32256 cumulative IPC: 4.3885 (Simulation time: 0 hr 1 min 28 sec) 
Heartbeat CPU 0 instructions: 50000002 cycles: 11443056 heartbeat IPC: 4.29492 cumulative IPC: 4.36946 (Simulation time: 0 hr 1 min 50 sec) 
Heartbeat CPU 0 instructions: 60000005 cycles: 13789547 heartbeat IPC: 4.26168 cumulative IPC: 4.35112 (Simulation time: 0 hr 2 min 11 sec) 
Heartbeat CPU 0 instructions: 70000006 cycles: 16155231 heartbeat IPC: 4.22711 cumulative IPC: 4.33296 (Simulation time: 0 hr 2 min 32 sec) 
Heartbeat CPU 0 instructions: 80000004 cycles: 18532726 heartbeat IPC: 4.20611 cumulative IPC: 4.31669 (Simulation time: 0 hr 2 min 54 sec) 
Heartbeat CPU 0 instructions: 90000000 cycles: 20923482 heartbeat IPC: 4.18278 cumulative IPC: 4.30139 (Simulation time: 0 hr 3 min 15 sec) 
Heartbeat CPU 0 instructions: 100000004 cycles: 23318290 heartbeat IPC: 4.1757 cumulative IPC: 4.28848 (Simulation time: 0 hr 3 min 36 sec) 
Heartbeat CPU 0 instructions: 110000004 cycles: 25728787 heartbeat IPC: 4.14852 cumulative IPC: 4.27537 (Simulation time: 0 hr 3 min 56 sec) 
Heartbeat CPU 0 instructions: 120000001 cycles: 28146017 heartbeat IPC: 4.13697 cumulative IPC: 4.26348 (Simulation time: 0 hr 4 min 16 sec) 
Heartbeat CPU 0 instructions: 130000002 cycles: 30575155 heartbeat IPC: 4.11669 cumulative IPC: 4.25182 (Simulation time: 0 hr 4 min 36 sec) 
Heartbeat CPU 0 instructions: 140000000 cycles: 33010658 heartbeat IPC: 4.10593 cumulative IPC: 4.24105 (Simulation time: 0 hr 4 min 56 sec) 
Heartbeat CPU 0 instructions: 150000004 cycles: 35452097 heartbeat IPC: 4.09595 cumulative IPC: 4.23106 (Simulation time: 0 hr 5 min 16 sec) 
Heartbeat CPU 0 instructions: 160000001 cycles: 37903188 heartbeat IPC: 4.07981 cumulative IPC: 4.22128 (Simulation time: 0 hr 5 min 35 sec) 
Heartbeat CPU 0 instructions: 170000002 cycles: 40364143 heartbeat IPC: 4.06346 cumulative IPC: 4.21166 (Simulation time: 0 hr 5 min 55 sec) 
Heartbeat CPU 0 instructions: 180000000 cycles: 42822010 heartbeat IPC: 4.06857 cumulative IPC: 4.20345 (Simulation time: 0 hr 6 min 14 sec) 
Heartbeat CPU 0 instructions: 190000004 cycles: 45299683 heartbeat IPC: 4.03605 cumulative IPC: 4.19429 (Simulation time: 0 hr 6 min 34 sec) 
Heartbeat CPU 0 instructions: 200000004 cycles: 47776241 heartbeat IPC: 4.03786 cumulative IPC: 4.18618 (Simulation time: 0 hr 6 min 53 sec) 

Warmup complete CPU 0 instructions: 200000004 cycles: 47776241 (Simulation time: 0 hr 6 min 53 sec) 

Heartbeat CPU 0 instructions: 210000000 cycles: 71360991 heartbeat IPC: 0.424003 cumulative IPC: 0.424003 (Simulation time: 0 hr 7 min 25 sec) 
Heartbeat CPU 0 instructions: 220000003 cycles: 94481507 heartbeat IPC: 0.432516 cumulative IPC: 0.428217 (Simulation time: 0 hr 7 min 56 sec) 
Heartbeat CPU 0 instructions: 230000001 cycles: 117565150 heartbeat IPC: 0.433207 cumulative IPC: 0.429868 (Simulation time: 0 hr 8 min 27 sec) 
Heartbeat CPU 0 instructions: 240000005 cycles: 140445173 heartbeat IPC: 0.437063 cumulative IPC: 0.431644 (Simulation time: 0 hr 8 min 59 sec) 
Heartbeat CPU 0 instructions: 250000001 cycles: 162882067 heartbeat IPC: 0.445694 cumulative IPC: 0.434383 (Simulation time: 0 hr 9 min 32 sec) 
Heartbeat CPU 0 instructions: 260000001 cycles: 185041905 heartbeat IPC: 0.451267 cumulative IPC: 0.437109 (Simulation time: 0 hr 10 min 5 sec) 
Heartbeat CPU 0 instructions: 270000000 cycles: 207793646 heartbeat IPC: 0.439527 cumulative IPC: 0.437452 (Simulation time: 0 hr 10 min 38 sec) 
Heartbeat CPU 0 instructions: 280000003 cycles: 231314684 heartbeat IPC: 0.425151 cumulative IPC: 0.435876 (Simulation time: 0 hr 11 min 11 sec) 
Heartbeat CPU 0 instructions: 290000006 cycles: 254798325 heartbeat IPC: 0.425828 cumulative IPC: 0.434736 (Simulation time: 0 hr 11 min 43 sec) 
Heartbeat CPU 0 instructions: 300000000 cycles: 278311997 heartbeat IPC: 0.425284 cumulative IPC: 0.433772 (Simulation time: 0 hr 12 min 15 sec) 
Heartbeat CPU 0 instructions: 310000003 cycles: 301236430 heartbeat IPC: 0.436216 cumulative IPC: 0.433993 (Simulation time: 0 hr 12 min 46 sec) 
Heartbeat CPU 0 instructions: 320000000 cycles: 324292340 heartbeat IPC: 0.433728 cumulative IPC: 0.433971 (Simulation time: 0 hr 13 min 16 sec) 
Heartbeat CPU 0 instructions: 330000000 cycles: 348280380 heartbeat IPC: 0.416874 cumulative IPC: 0.432606 (Simulation time: 0 hr 13 min 46 sec) 
Heartbeat CPU 0 instructions: 340000002 cycles: 371407372 heartbeat IPC: 0.432395 cumulative IPC: 0.432591 (Simulation time: 0 hr 14 min 16 sec) 
Heartbeat CPU 0 instructions: 350000002 cycles: 393850380 heartbeat IPC: 0.445573 cumulative IPC: 0.433433 (Simulation time: 0 hr 14 min 46 sec) 
Heartbeat CPU 0 instructions: 360000000 cycles: 416866934 heartbeat IPC: 0.43447 cumulative IPC: 0.433498 (Simulation time: 0 hr 15 min 16 sec) 
Heartbeat CPU 0 instructions: 370000000 cycles: 439567445 heartbeat IPC: 0.440519 cumulative IPC: 0.433905 (Simulation time: 0 hr 15 min 46 sec) 
Heartbeat CPU 0 instructions: 380000004 cycles: 462677221 heartbeat IPC: 0.432717 cumulative IPC: 0.433838 (Simulation time: 0 hr 16 min 15 sec) 
Heartbeat CPU 0 instructions: 390000000 cycles: 485220342 heartbeat IPC: 0.443594 cumulative IPC: 0.434341 (Simulation time: 0 hr 16 min 45 sec) 
Heartbeat CPU 0 instructions: 400000000 cycles: 507813423 heartbeat IPC: 0.442613 cumulative IPC: 0.434747 (Simulation time: 0 hr 17 min 15 sec) 
Finished CPU 0 instructions: 200000000 cycles: 460037202 cumulative IPC: 0.434747 (Simulation time: 0 hr 17 min 15 sec) 

ChampSim completed all CPUs

Region of Interest Statistics

CPU 0 cumulative IPC: 0.434747 instructions: 200000000 cycles: 460037202
ITLB TOTAL     ACCESS:   19884135  HIT:   19884135  MISS:          0  HIT %:        100  MISS %:          0   MPKI: 0
ITLB LOAD TRANSLATION ACCESS:   19884135  HIT:   19884135  MISS:          0  HIT %:        100  MISS %:          0   MPKI: 0
ITLB PREFETCH  REQUESTED:          0  ISSUED:          0  USEFUL:          0  USELESS:          0
ITLB USEFUL LOAD PREFETCHES:          0 PREFETCH ISSUED TO LOWER LEVEL:          0  ACCURACY: -nan
ITLB TIMELY PREFETCHES:          0 LATE PREFETCHES: 0 DROPPED PREFETCHES: 0
ITLB PREFETCHES SAME FILL-ORIGIN LEVEL: 0 DIFFERENT FILL-ORIGIN LEVEL: 0
ITLB AVERAGE MISS LATENCY:       -nan cycles AVERAGE LOAD MISS LATENCY:       -nan cycles Load Miss          0
ITLB Average MSHR Occupancy: 4.32574e-07
ITLB RQ	ACCESS:   22057797	FORWARD:          0	MERGED:    2173663	TO_CACHE:   19884134

DTLB TOTAL     ACCESS:   34886041  HIT:   25360372  MISS:    9525669  HIT %:    72.6949  MISS %:    27.3051   MPKI: 47.6283
DTLB LOAD TRANSLATION ACCESS:   34886041  HIT:   25360372  MISS:    9525669  HIT %:    72.6949  MISS %:    27.3051   MPKI: 47.6283
DTLB PREFETCH  REQUESTED:          0  ISSUED:          0  USEFUL:          0  USELESS:          0
DTLB USEFUL LOAD PREFETCHES:          0 PREFETCH ISSUED TO LOWER LEVEL:          0  ACCURACY: -nan
DTLB TIMELY PREFETCHES:          0 LATE PREFETCHES: 0 DROPPED PREFETCHES: 0
DTLB PREFETCHES SAME FILL-ORIGIN LEVEL: 0 DIFFERENT FILL-ORIGIN LEVEL: 0
DTLB AVERAGE MISS LATENCY:    9.74191 cycles AVERAGE LOAD MISS LATENCY:       -nan cycles Load Miss          0
DTLB Average MSHR Occupancy:   0.182324
DTLB RQ	ACCESS:   37932778	FORWARD:          0	MERGED:    2981002	TO_CACHE:   34951776

STLB TOTAL     ACCESS:    9525669  HIT:    9511316  MISS:      14353  HIT %:    99.8493  MISS %:   0.150677   MPKI: 0.071765
STLB LOAD TRANSLATION ACCESS:    9525669  HIT:    9511316  MISS:      14353  HIT %:    99.8493  MISS %:   0.150677   MPKI: 0.071765
STLB PREFETCH  REQUESTED:          0  ISSUED:          0  USEFUL:          0  USELESS:          0
STLB USEFUL LOAD PREFETCHES:          0 PREFETCH ISSUED TO LOWER LEVEL:          0  ACCURACY: -nan
STLB TIMELY PREFETCHES:          0 LATE PREFETCHES: 0 DROPPED PREFETCHES: 0
STLB PREFETCHES SAME FILL-ORIGIN LEVEL: 0 DIFFERENT FILL-ORIGIN LEVEL: 0
STLB AVERAGE MISS LATENCY:    140.804 cycles AVERAGE LOAD MISS LATENCY:       -nan cycles Load Miss          0
STLB Average MSHR Occupancy: 0.00131537
STLB RQ	ACCESS:    9525669	FORWARD:          0	MERGED:          0	TO_CACHE:    9525669

STLB Hit, L1D data hit: 0
STLB Hit, L2C data hit: 0
STLB Hit, LLC data hit: 0
STLB Hit, LLC data miss: 0
STLB STLB hints to L2: 0
L1D TOTAL     ACCESS:   37595990  HIT:   22851930  MISS:   14744060  HIT %:    60.7829  MISS %:    39.2171   MPKI: 73.7203
L1D LOAD      ACCESS:   37529419  HIT:   22785359  MISS:   14744060  HIT %:    60.7133  MISS %:    39.2867   MPKI: 73.7203
L1D RFO       ACCESS:      66571  HIT:      66571  MISS:          0  HIT %:        100  MISS %:          0   MPKI: 0
L1D PREFETCH  REQUESTED:          0  ISSUED:          0  USEFUL:          0  USELESS:          0
L1D USEFUL LOAD PREFETCHES:          0 PREFETCH ISSUED TO LOWER LEVEL:          0  ACCURACY: -nan
L1D TIMELY PREFETCHES:          0 LATE PREFETCHES: 0 DROPPED PREFETCHES: 0
L1D PREFETCHES SAME FILL-ORIGIN LEVEL: 0 DIFFERENT FILL-ORIGIN LEVEL: 0
L1D AVERAGE MISS LATENCY:    33.9879 cycles AVERAGE LOAD MISS LATENCY:    33.9879 cycles Load Miss   14744060
L1D Average MSHR Occupancy:    1.06863
L1D RQ	ACCESS:   54638674	FORWARD:          0	MERGED:   16772467	TO_CACHE:   37866207
L1D WQ	ACCESS:      66571	FORWARD:          0	MERGED:          0	TO_CACHE:      66571

L1D UNIQUE REGIONS ACCESSED: 0
L1D REGIONS CONFLICTS: 0
L1D Cross Page Prefetch Requests: 0
L1D Same Page Prefetch Requests: 0
L1D ROI Sum of L1D PQ occupancy: 0
L1D PREFETCHES PUSHED FROM L2C: 0
L1I TOTAL     ACCESS:   22057798  HIT:   22057798  MISS:          0  HIT %:        100  MISS %:          0   MPKI: 0
L1I LOAD      ACCESS:   22057798  HIT:   22057798  MISS:          0  HIT %:        100  MISS %:          0   MPKI: 0
L1I PREFETCH  REQUESTED:          0  ISSUED:          0  USEFUL:          0  USELESS:          0
L1I USEFUL LOAD PREFETCHES:          0 PREFETCH ISSUED TO LOWER LEVEL:          0  ACCURACY: -nan
L1I TIMELY PREFETCHES:          0 LATE PREFETCHES: 0 DROPPED PREFETCHES: 0
L1I PREFETCHES SAME FILL-ORIGIN LEVEL: 0 DIFFERENT FILL-ORIGIN LEVEL: 0
L1I AVERAGE MISS LATENCY:       -nan cycles AVERAGE LOAD MISS LATENCY:       -nan cycles Load Miss          0
L1I Average MSHR Occupancy: 1.58465e-06
L1I RQ	ACCESS:   54120958	FORWARD:          0	MERGED:   32063161	TO_CACHE:   22057797

BTB TOTAL     ACCESS:   40222289  HIT:   40222284  MISS:          5  HIT %:        100  MISS %: 1.24309e-05   MPKI: 2.5e-05
BTB BRANCH_DIRECT_JUMP	ACCESS:          0  HIT:          0  MISS:          0
BTB BRANCH_INDIRECT	ACCESS:          0  HIT:          0  MISS:          0
BTB BRANCH_CONDITIONAL	ACCESS:   40222289  HIT:   40222284  MISS:          5
BTB BRANCH_DIRECT_CALL	ACCESS:          0  HIT:          0  MISS:          0
BTB BRANCH_INDIRECT_CALL	ACCESS:          0  HIT:          0  MISS:          0
BTB BRANCH_RETURN	ACCESS:          0  HIT:          0  MISS:          0
BTB BRANCH_OTHER ACCESS:          0  HIT:          0  MISS:          0

L2C TOTAL     ACCESS:   16681709  HIT:   11937318  MISS:    4744391  HIT %:    71.5593  MISS %:    28.4407   MPKI: 23.722
L2C LOAD      ACCESS:   14744059  HIT:   11209689  MISS:    3534370  HIT %:    76.0285  MISS %:    23.9715   MPKI: 17.6718
L2C DATA LOAD MPKI: 17.6718
L2C INSTRUCTION LOAD MPKI: 0
L2C PREFETCH  ACCESS:    1867620  HIT:     659449  MISS:    1208171  HIT %:    35.3096  MISS %:    64.6904   MPKI: 6.04085
AGUS PREFETCH L1 MISS: 0
L2C DATA PREFETCH MPKI: 6.04085
L2C INSTRUCTION PREFETCH MPKI: 0
L2C WRITEBACK ACCESS:      55676  HIT:      55672  MISS:          4  HIT %:    99.9928  MISS %: 0.00718442   MPKI: 2e-05
L2C LOAD TRANSLATION ACCESS:      14354  HIT:      12508  MISS:       1846  HIT %:    87.1395  MISS %:    12.8605   MPKI: 0.00923
L2C PREFETCH  REQUESTED:    2258844  ISSUED:    2258843  USEFUL:     959184  USELESS:     249371
L2C USEFUL LOAD PREFETCHES:     959184 PREFETCH ISSUED TO LOWER LEVEL:    1580711  ACCURACY: 60.6805
L2C TIMELY PREFETCHES:     959184 LATE PREFETCHES: 11064 DROPPED PREFETCHES: 0
L2C PREFETCHES SAME FILL-ORIGIN LEVEL: 1219235 DIFFERENT FILL-ORIGIN LEVEL: 361476
L2C AVERAGE MISS LATENCY:    99.5412 cycles AVERAGE LOAD MISS LATENCY:    78.2637 cycles Load Miss    3534370
L2C Average MSHR Occupancy:    1.01994
L2C RQ	ACCESS:   14758414	FORWARD:          0	MERGED:          0	TO_CACHE:   14758414
L2C WQ	ACCESS:      55676	FORWARD:          0	MERGED:          0	TO_CACHE:      55676
L2C PQ	ACCESS:    2258843	FORWARD:          0	MERGED:       2468	TO_CACHE:    2256375

L2C Instructions Evicting Data 0
L2C Translations Evicting Data 1846
L2C Data Evicting Data 4740693
L2C Instructions Evicting Instructions 0
L2C Translations Evicting Instructions 0
L2C Data Evicting Instructions 0
L2C Instructions Evicting Translations 0
L2C Translations Evicting Translations 0
L2C Data Evicting Translations 1848
L2C Dense regions hint from L2: 0
PSCL5 TOTAL     ACCESS:      14353  HIT:      14353  MISS:          0  HIT %:        100  MISS %:          0   MPKI: 0
PSCL5 LOAD TRANSLATION ACCESS:      14353  HIT:      14353  MISS:          0  HIT %:        100  MISS %:          0   MPKI: 0
PSCL5 PREFETCH  REQUESTED:          0  ISSUED:          0  USEFUL:          0  USELESS:          0
PSCL5 USEFUL LOAD PREFETCHES:          0 PREFETCH ISSUED TO LOWER LEVEL:          0  ACCURACY: -nan
PSCL5 TIMELY PREFETCHES:          0 LATE PREFETCHES: 0 DROPPED PREFETCHES: 0
PSCL5 PREFETCHES SAME FILL-ORIGIN LEVEL: 0 DIFFERENT FILL-ORIGIN LEVEL: 0

PSCL4 TOTAL     ACCESS:      14353  HIT:      14353  MISS:          0  HIT %:        100  MISS %:          0   MPKI: 0
PSCL4 LOAD TRANSLATION ACCESS:      14353  HIT:      14353  MISS:          0  HIT %:        100  MISS %:          0   MPKI: 0
PSCL4 PREFETCH  REQUESTED:          0  ISSUED:          0  USEFUL:          0  USELESS:          0
PSCL4 USEFUL LOAD PREFETCHES:          0 PREFETCH ISSUED TO LOWER LEVEL:          0  ACCURACY: -nan
PSCL4 TIMELY PREFETCHES:          0 LATE PREFETCHES: 0 DROPPED PREFETCHES: 0
PSCL4 PREFETCHES SAME FILL-ORIGIN LEVEL: 0 DIFFERENT FILL-ORIGIN LEVEL: 0

PSCL3 TOTAL     ACCESS:      14353  HIT:      14353  MISS:          0  HIT %:        100  MISS %:          0   MPKI: 0
PSCL3 LOAD TRANSLATION ACCESS:      14353  HIT:      14353  MISS:          0  HIT %:        100  MISS %:          0   MPKI: 0
PSCL3 PREFETCH  REQUESTED:          0  ISSUED:          0  USEFUL:          0  USELESS:          0
PSCL3 USEFUL LOAD PREFETCHES:          0 PREFETCH ISSUED TO LOWER LEVEL:          0  ACCURACY: -nan
PSCL3 TIMELY PREFETCHES:          0 LATE PREFETCHES: 0 DROPPED PREFETCHES: 0
PSCL3 PREFETCHES SAME FILL-ORIGIN LEVEL: 0 DIFFERENT FILL-ORIGIN LEVEL: 0

PSCL2 TOTAL     ACCESS:      14353  HIT:      14325  MISS:         28  HIT %:    99.8049  MISS %:   0.195081   MPKI: 0.00014
PSCL2 LOAD TRANSLATION ACCESS:      14353  HIT:      14325  MISS:         28  HIT %:    99.8049  MISS %:   0.195081   MPKI: 0.00014
PSCL2 PREFETCH  REQUESTED:          0  ISSUED:          0  USEFUL:          0  USELESS:          0
PSCL2 USEFUL LOAD PREFETCHES:          0 PREFETCH ISSUED TO LOWER LEVEL:          0  ACCURACY: -nan
PSCL2 TIMELY PREFETCHES:          0 LATE PREFETCHES: 0 DROPPED PREFETCHES: 0
PSCL2 PREFETCHES SAME FILL-ORIGIN LEVEL: 0 DIFFERENT FILL-ORIGIN LEVEL: 0

LLC TOTAL     ACCESS:    5158813  HIT:    3463786  MISS:    1695027  HIT %:    67.1431  MISS %:    32.8569   MPKI: 8.47513
LLC LOAD      ACCESS:    3523306  HIT:    2882353  MISS:     640953  HIT %:    81.8082  MISS %:    18.1918   MPKI: 3.20477
LLC PREFETCH  ACCESS:    1579109  HIT:     541992  MISS:    1037117  HIT %:    34.3226  MISS %:    65.6774   MPKI: 5.18558
AGUS PREFETCH L1 MISS: 0
LLC WRITEBACK ACCESS:      54552  HIT:      39441  MISS:      15111  HIT %:    72.2998  MISS %:    27.7002   MPKI: 0.075555
LLC LOAD TRANSLATION ACCESS:       1846  HIT:          0  MISS:       1846  HIT %:          0  MISS %:        100   MPKI: 0.00923
LLC PREFETCH  REQUESTED:          0  ISSUED:          0  USEFUL:      70698  USELESS:      40971
LLC USEFUL LOAD PREFETCHES:      70698 PREFETCH ISSUED TO LOWER LEVEL:    1037937  ACCURACY: 6.8114
LLC TIMELY PREFETCHES:      70698 LATE PREFETCHES: 820 DROPPED PREFETCHES: 0
LLC PREFETCHES SAME FILL-ORIGIN LEVEL: 74382 DIFFERENT FILL-ORIGIN LEVEL: 0
LLC AVERAGE MISS LATENCY:    160.519 cycles AVERAGE LOAD MISS LATENCY:    182.491 cycles Load Miss     640953
LLC Average MSHR Occupancy:   0.587796
LLC RQ	ACCESS:    3525153	FORWARD:          0	MERGED:          0	TO_CACHE:    3525153
LLC WQ	ACCESS:      54552	FORWARD:          0	MERGED:          0	TO_CACHE:      54552
LLC PQ	ACCESS:    1580711	FORWARD:          0	MERGED:        681	TO_CACHE:    1580030

LLC Dense regions hint to LLC: 0

RAW hits: 11
Loads Generated: 54638684
Loads sent to L1D: 54638674
Stores Generated: 66571
Stores sent to L1D: 66571
Major fault: 0 Minor fault: 29509
Allocated PAGES: 29509
------------------
Depth Distribution
------------------
depth 0: 23989860
depth 1: 3115462
depth 2: 246471
depth 3: 535692
depth 4: 709673
depth 5: 433542
depth 6: 59556
depth 7: 1473
depth 8: 19
depth 9: 17
depth 10: 0
depth 11: 0
depth 12: 0
depth 13: 0
depth 14: 0
depth 15: 0
depth 16: 0
depth 17: 0
depth 18: 0
depth 19: 0
depth 20: 0
depth 21: 0
depth 22: 0
depth 23: 0
depth 24: 0
depth 25: 0
depth 26: 0
depth 27: 0
depth 28: 0
depth 29: 0
Total: 29091765
------------------
ST read accesses: 6851122
ST write accesses: 7892938
PT read accesses: 114371149
PT write accesses: 6979389
FILTER read accesses: 41795244
FILTER write accesses: 16063794
GHR read accesses: 66165801
GHR write accesses: 307890
PERC read accesses: 727202709
PERC write accesses: 21498324
GHR counter read accesses: 29488120
GHR counter write accesses: 17753267
GHR ip read accesses: 60030681
GHR ip write accesses: 58976240
ST tag read accesses: 9710693558
ST tag write accesses: 2259642423
================ Mockingjay (LLC) Pollution Stats ================
Total pollution count in LLC: 287967
==================================================================

DRAM Statistics
 CHANNEL 0
 RQ ROW_BUFFER_HIT:     465999  ROW_BUFFER_MISS:    1213917
 DBUS_CONGESTED:        189
 WQ ROW_BUFFER_HIT:       9715  ROW_BUFFER_MISS:      43572  FULL:          0

 AVG_CONGESTED_CYCLE: 4
 All warmup complete: 2
Channel 0 Bank busy for read cycles: 0
Channel 0 Bank busy for write cycles: 0
Channel 0
Rank 0
0banks busy for read cycles: 295842503
0banks busy for write cycles: 50295
1banks busy for read cycles: 115722558
1banks busy for write cycles: 8398812
2banks busy for read cycles: 31330562
2banks busy for write cycles: 313666
3banks busy for read cycles: 6747512
3banks busy for write cycles: 24237
4banks busy for read cycles: 1292918
4banks busy for write cycles: 3154
5banks busy for read cycles: 273141
5banks busy for write cycles: 421
6banks busy for read cycles: 35943
6banks busy for write cycles: 147
7banks busy for read cycles: 1256
7banks busy for write cycles: 0
8banks busy for read cycles: 78
8banks busy for write cycles: 0

CPU 0 Branch Prediction Accuracy: 94.7401% MPKI: 10.6243 Average ROB Occupancy at Mispredict: 32.421
Branch types
NOT_BRANCH: 159601942 79.801%
BRANCH_DIRECT_JUMP: 0 0%
BRANCH_INDIRECT: 0 0%
BRANCH_CONDITIONAL: 40397810 20.1989%
BRANCH_DIRECT_CALL: 0 0%
BRANCH_INDIRECT_CALL: 0 0%
BRANCH_RETURN: 0 0%
BRANCH_OTHER: 0 0%

===================== LRU L1D STATS =====================
Total pollution count in L1D: 0
=========================================================
================ SRRIP (L2C) Pollution Stats ================
Total pollution count in L2c: 6971445
==================================================================
DRAM PAGES: 1048576
Allocated PAGES: 29509
