Initialize SIGNATURE TABLE
ST_SET: 1
ST_WAY: 256
ST_TAG_BIT: 16
ST_TAG_MASK: ffff

Initialize PATTERN TABLE
PT_SET: 512
PT_WAY: 4
SIG_DELTA_BIT: 7
C_SIG_BIT: 4
C_DELTA_BIT: 4

Initialize PREFETCH FILTER
FILTER_SET: 1024

Initialize PERCEPTRON
PERC_ENTRIES: 4096
PERC_FEATURES: 9

*** ChampSim Multicore Out-of-Order Simulator ***

Warmup Instructions: 200000000
Simulation Instructions: 200000000
Number of CPUs: 1
LLC sets: 4096
LLC ways: 12
Off-chip DRAM Size: 4096 MB Channels: 1 Width: 64-bit Data Rate: 6400 MT/s
CPU 0 runs /home1/sweta/traces/gaptraces/cc-6.trace.gz
.gz
BTB has LRU replacement policy
ITLB has LRU replacement policy
DTLB has LRU replacement policy
STLB has LRU replacement policy
L1I has LRU replacement policy
L1D has LRU replacement policy
PERC_ENTRIES: 4096
Initialize SRRIP state for L2C
Initialize Mockingjay state for LLC
Heartbeat CPU 0 instructions: 10000000 cycles: 3055758 heartbeat IPC: 3.27251 cumulative IPC: 3.27251 (Simulation time: 0 hr 0 min 14 sec) 
Heartbeat CPU 0 instructions: 20000000 cycles: 6377450 heartbeat IPC: 3.01051 cumulative IPC: 3.13605 (Simulation time: 0 hr 0 min 29 sec) 
Heartbeat CPU 0 instructions: 30000001 cycles: 9748495 heartbeat IPC: 2.96644 cumulative IPC: 3.0774 (Simulation time: 0 hr 0 min 44 sec) 
Heartbeat CPU 0 instructions: 40000001 cycles: 13147610 heartbeat IPC: 2.94194 cumulative IPC: 3.04238 (Simulation time: 0 hr 0 min 59 sec) 
Heartbeat CPU 0 instructions: 50000000 cycles: 16551707 heartbeat IPC: 2.93764 cumulative IPC: 3.02084 (Simulation time: 0 hr 1 min 13 sec) 
Heartbeat CPU 0 instructions: 60000003 cycles: 19973781 heartbeat IPC: 2.92221 cumulative IPC: 3.00394 (Simulation time: 0 hr 1 min 28 sec) 
Heartbeat CPU 0 instructions: 70000004 cycles: 23392899 heartbeat IPC: 2.92473 cumulative IPC: 2.99236 (Simulation time: 0 hr 1 min 43 sec) 
Heartbeat CPU 0 instructions: 80000000 cycles: 26817562 heartbeat IPC: 2.91999 cumulative IPC: 2.98312 (Simulation time: 0 hr 1 min 58 sec) 
Heartbeat CPU 0 instructions: 90000000 cycles: 30252235 heartbeat IPC: 2.91149 cumulative IPC: 2.97499 (Simulation time: 0 hr 2 min 13 sec) 
Heartbeat CPU 0 instructions: 100000000 cycles: 33686543 heartbeat IPC: 2.91179 cumulative IPC: 2.96854 (Simulation time: 0 hr 2 min 27 sec) 
Heartbeat CPU 0 instructions: 110000002 cycles: 37125995 heartbeat IPC: 2.90744 cumulative IPC: 2.96288 (Simulation time: 0 hr 2 min 42 sec) 
Heartbeat CPU 0 instructions: 120000002 cycles: 40570146 heartbeat IPC: 2.90347 cumulative IPC: 2.95784 (Simulation time: 0 hr 2 min 58 sec) 
Heartbeat CPU 0 instructions: 130000001 cycles: 44015572 heartbeat IPC: 2.9024 cumulative IPC: 2.9535 (Simulation time: 0 hr 3 min 13 sec) 
Heartbeat CPU 0 instructions: 140000002 cycles: 47460207 heartbeat IPC: 2.90307 cumulative IPC: 2.94984 (Simulation time: 0 hr 3 min 29 sec) 
Heartbeat CPU 0 instructions: 150000000 cycles: 50908492 heartbeat IPC: 2.89999 cumulative IPC: 2.94646 (Simulation time: 0 hr 3 min 45 sec) 
Heartbeat CPU 0 instructions: 160000001 cycles: 54351293 heartbeat IPC: 2.90461 cumulative IPC: 2.94381 (Simulation time: 0 hr 4 min 0 sec) 
Heartbeat CPU 0 instructions: 170000002 cycles: 57795978 heartbeat IPC: 2.90302 cumulative IPC: 2.94138 (Simulation time: 0 hr 4 min 16 sec) 
Heartbeat CPU 0 instructions: 180000000 cycles: 61246134 heartbeat IPC: 2.89842 cumulative IPC: 2.93896 (Simulation time: 0 hr 4 min 32 sec) 
Heartbeat CPU 0 instructions: 190000007 cycles: 64691183 heartbeat IPC: 2.90272 cumulative IPC: 2.93703 (Simulation time: 0 hr 4 min 49 sec) 
Heartbeat CPU 0 instructions: 200000002 cycles: 68140899 heartbeat IPC: 2.89879 cumulative IPC: 2.93509 (Simulation time: 0 hr 5 min 5 sec) 

Warmup complete CPU 0 instructions: 200000002 cycles: 68140899 (Simulation time: 0 hr 5 min 5 sec) 

Heartbeat CPU 0 instructions: 210000002 cycles: 108088733 heartbeat IPC: 0.250326 cumulative IPC: 0.250326 (Simulation time: 0 hr 5 min 36 sec) 
Heartbeat CPU 0 instructions: 220000002 cycles: 148123872 heartbeat IPC: 0.249781 cumulative IPC: 0.250053 (Simulation time: 0 hr 6 min 7 sec) 
Heartbeat CPU 0 instructions: 230000004 cycles: 188419358 heartbeat IPC: 0.248167 cumulative IPC: 0.249421 (Simulation time: 0 hr 6 min 37 sec) 
Heartbeat CPU 0 instructions: 240000001 cycles: 231297350 heartbeat IPC: 0.23322 cumulative IPC: 0.245163 (Simulation time: 0 hr 7 min 7 sec) 
Heartbeat CPU 0 instructions: 250000000 cycles: 274369923 heartbeat IPC: 0.232166 cumulative IPC: 0.242449 (Simulation time: 0 hr 7 min 36 sec) 
Heartbeat CPU 0 instructions: 260000003 cycles: 315849008 heartbeat IPC: 0.241085 cumulative IPC: 0.242221 (Simulation time: 0 hr 8 min 6 sec) 
Heartbeat CPU 0 instructions: 270000000 cycles: 357223613 heartbeat IPC: 0.241694 cumulative IPC: 0.242145 (Simulation time: 0 hr 8 min 36 sec) 
Heartbeat CPU 0 instructions: 280000000 cycles: 397432664 heartbeat IPC: 0.2487 cumulative IPC: 0.242946 (Simulation time: 0 hr 9 min 6 sec) 
Heartbeat CPU 0 instructions: 290000004 cycles: 436127135 heartbeat IPC: 0.258435 cumulative IPC: 0.244574 (Simulation time: 0 hr 9 min 37 sec) 
Heartbeat CPU 0 instructions: 300000002 cycles: 476410704 heartbeat IPC: 0.24824 cumulative IPC: 0.244936 (Simulation time: 0 hr 10 min 8 sec) 
Heartbeat CPU 0 instructions: 310000001 cycles: 516382151 heartbeat IPC: 0.250179 cumulative IPC: 0.245404 (Simulation time: 0 hr 10 min 39 sec) 
Heartbeat CPU 0 instructions: 320000001 cycles: 556971983 heartbeat IPC: 0.246367 cumulative IPC: 0.245484 (Simulation time: 0 hr 11 min 10 sec) 
Heartbeat CPU 0 instructions: 330000002 cycles: 598048923 heartbeat IPC: 0.243446 cumulative IPC: 0.245326 (Simulation time: 0 hr 11 min 40 sec) 
Heartbeat CPU 0 instructions: 340000001 cycles: 638311376 heartbeat IPC: 0.24837 cumulative IPC: 0.245541 (Simulation time: 0 hr 12 min 9 sec) 
Heartbeat CPU 0 instructions: 350000000 cycles: 679954320 heartbeat IPC: 0.240137 cumulative IPC: 0.245173 (Simulation time: 0 hr 12 min 40 sec) 
Heartbeat CPU 0 instructions: 360000000 cycles: 720239126 heartbeat IPC: 0.248233 cumulative IPC: 0.245362 (Simulation time: 0 hr 13 min 9 sec) 
Heartbeat CPU 0 instructions: 370000000 cycles: 760776858 heartbeat IPC: 0.246684 cumulative IPC: 0.245439 (Simulation time: 0 hr 13 min 37 sec) 
Heartbeat CPU 0 instructions: 380000000 cycles: 800832006 heartbeat IPC: 0.249656 cumulative IPC: 0.24567 (Simulation time: 0 hr 14 min 5 sec) 
Heartbeat CPU 0 instructions: 390000002 cycles: 841344566 heartbeat IPC: 0.246837 cumulative IPC: 0.245731 (Simulation time: 0 hr 14 min 33 sec) 
Heartbeat CPU 0 instructions: 400000006 cycles: 881601809 heartbeat IPC: 0.248403 cumulative IPC: 0.245863 (Simulation time: 0 hr 15 min 1 sec) 
Finished CPU 0 instructions: 200000004 cycles: 813460910 cumulative IPC: 0.245863 (Simulation time: 0 hr 15 min 1 sec) 

ChampSim completed all CPUs

Region of Interest Statistics

CPU 0 cumulative IPC: 0.245863 instructions: 200000004 cycles: 813460910
ITLB TOTAL     ACCESS:   18625402  HIT:   18625402  MISS:          0  HIT %:        100  MISS %:          0   MPKI: 0
ITLB LOAD TRANSLATION ACCESS:   18625402  HIT:   18625402  MISS:          0  HIT %:        100  MISS %:          0   MPKI: 0
ITLB PREFETCH  REQUESTED:          0  ISSUED:          0  USEFUL:          0  USELESS:          0
ITLB USEFUL LOAD PREFETCHES:          0 PREFETCH ISSUED TO LOWER LEVEL:          0  ACCURACY: -nan
ITLB TIMELY PREFETCHES:          0 LATE PREFETCHES: 0 DROPPED PREFETCHES: 0
ITLB PREFETCHES SAME FILL-ORIGIN LEVEL: 0 DIFFERENT FILL-ORIGIN LEVEL: 0
ITLB AVERAGE MISS LATENCY:       -nan cycles AVERAGE LOAD MISS LATENCY:       -nan cycles Load Miss          0
ITLB Average MSHR Occupancy: 2.39716e-07
ITLB RQ	ACCESS:   24202502	FORWARD:          0	MERGED:    5577100	TO_CACHE:   18625402

DTLB TOTAL     ACCESS:   41923967  HIT:   31105429  MISS:   10818538  HIT %:    74.1949  MISS %:    25.8051   MPKI: 54.0927
DTLB LOAD TRANSLATION ACCESS:   41923967  HIT:   31105429  MISS:   10818538  HIT %:    74.1949  MISS %:    25.8051   MPKI: 54.0927
DTLB PREFETCH  REQUESTED:          0  ISSUED:          0  USEFUL:          0  USELESS:          0
DTLB USEFUL LOAD PREFETCHES:          0 PREFETCH ISSUED TO LOWER LEVEL:          0  ACCURACY: -nan
DTLB TIMELY PREFETCHES:          0 LATE PREFETCHES: 0 DROPPED PREFETCHES: 0
DTLB PREFETCHES SAME FILL-ORIGIN LEVEL: 0 DIFFERENT FILL-ORIGIN LEVEL: 0
DTLB AVERAGE MISS LATENCY:    9.59073 cycles AVERAGE LOAD MISS LATENCY:       -nan cycles Load Miss          0
DTLB Average MSHR Occupancy:   0.112132
DTLB RQ	ACCESS:   44140240	FORWARD:          0	MERGED:    2181053	TO_CACHE:   41959187

STLB TOTAL     ACCESS:   10818538  HIT:   10802179  MISS:      16359  HIT %:    99.8488  MISS %:   0.151213   MPKI: 0.081795
STLB LOAD TRANSLATION ACCESS:   10818538  HIT:   10802179  MISS:      16359  HIT %:    99.8488  MISS %:   0.151213   MPKI: 0.081795
STLB PREFETCH  REQUESTED:          0  ISSUED:          0  USEFUL:          0  USELESS:          0
STLB USEFUL LOAD PREFETCHES:          0 PREFETCH ISSUED TO LOWER LEVEL:          0  ACCURACY: -nan
STLB TIMELY PREFETCHES:          0 LATE PREFETCHES: 0 DROPPED PREFETCHES: 0
STLB PREFETCHES SAME FILL-ORIGIN LEVEL: 0 DIFFERENT FILL-ORIGIN LEVEL: 0
STLB AVERAGE MISS LATENCY:    140.621 cycles AVERAGE LOAD MISS LATENCY:       -nan cycles Load Miss          0
STLB Average MSHR Occupancy: 0.00084719
STLB RQ	ACCESS:   10818538	FORWARD:          0	MERGED:          0	TO_CACHE:   10818538

STLB Hit, L1D data hit: 0
STLB Hit, L2C data hit: 0
STLB Hit, LLC data hit: 0
STLB Hit, LLC data miss: 0
STLB STLB hints to L2: 0
L1D TOTAL     ACCESS:   44074630  HIT:   27429984  MISS:   16644646  HIT %:    62.2353  MISS %:    37.7647   MPKI: 83.2232
L1D LOAD      ACCESS:   44019848  HIT:   27375202  MISS:   16644646  HIT %:    62.1883  MISS %:    37.8117   MPKI: 83.2232
L1D RFO       ACCESS:      54782  HIT:      54782  MISS:          0  HIT %:        100  MISS %:          0   MPKI: 0
L1D PREFETCH  REQUESTED:          0  ISSUED:          0  USEFUL:          0  USELESS:          0
L1D USEFUL LOAD PREFETCHES:          0 PREFETCH ISSUED TO LOWER LEVEL:          0  ACCURACY: -nan
L1D TIMELY PREFETCHES:          0 LATE PREFETCHES: 0 DROPPED PREFETCHES: 0
L1D PREFETCHES SAME FILL-ORIGIN LEVEL: 0 DIFFERENT FILL-ORIGIN LEVEL: 0
L1D AVERAGE MISS LATENCY:    34.0636 cycles AVERAGE LOAD MISS LATENCY:    34.0636 cycles Load Miss   16644646
L1D Average MSHR Occupancy:    0.69998
L1D RQ	ACCESS:   58289860	FORWARD:          0	MERGED:   14204401	TO_CACHE:   44085458
L1D WQ	ACCESS:      54782	FORWARD:          1	MERGED:          0	TO_CACHE:      54782

L1D UNIQUE REGIONS ACCESSED: 0
L1D REGIONS CONFLICTS: 0
L1D Cross Page Prefetch Requests: 0
L1D Same Page Prefetch Requests: 0
L1D ROI Sum of L1D PQ occupancy: 0
L1D PREFETCHES PUSHED FROM L2C: 0
L1I TOTAL     ACCESS:   21626846  HIT:          0  MISS:   21626846  HIT %:          0  MISS %:        100   MPKI: 108.134
L1I LOAD      ACCESS:   21626846  HIT:          0  MISS:   21626846  HIT %:          0  MISS %:        100   MPKI: 108.134
L1I PREFETCH  REQUESTED:          0  ISSUED:          0  USEFUL:          0  USELESS:          0
L1I USEFUL LOAD PREFETCHES:          0 PREFETCH ISSUED TO LOWER LEVEL:          0  ACCURACY: -nan
L1I TIMELY PREFETCHES:          0 LATE PREFETCHES: 0 DROPPED PREFETCHES: 0
L1I PREFETCHES SAME FILL-ORIGIN LEVEL: 0 DIFFERENT FILL-ORIGIN LEVEL: 0
L1I AVERAGE MISS LATENCY:    14.0354 cycles AVERAGE LOAD MISS LATENCY:    14.0354 cycles Load Miss   21626846
L1I Average MSHR Occupancy:    0.36344
L1I RQ	ACCESS:   53974517	FORWARD:          0	MERGED:   29772015	TO_CACHE:   24202502

BTB TOTAL     ACCESS:   41859936  HIT:   41859931  MISS:          5  HIT %:        100  MISS %: 1.19446e-05   MPKI: 2.5e-05
BTB BRANCH_DIRECT_JUMP	ACCESS:          0  HIT:          0  MISS:          0
BTB BRANCH_INDIRECT	ACCESS:          0  HIT:          0  MISS:          0
BTB BRANCH_CONDITIONAL	ACCESS:   41859936  HIT:   41859931  MISS:          5
BTB BRANCH_DIRECT_CALL	ACCESS:          0  HIT:          0  MISS:          0
BTB BRANCH_INDIRECT_CALL	ACCESS:          0  HIT:          0  MISS:          0
BTB BRANCH_RETURN	ACCESS:          0  HIT:          0  MISS:          0
BTB BRANCH_OTHER ACCESS:          0  HIT:          0  MISS:          0

L2C TOTAL     ACCESS:   40730780  HIT:   35215007  MISS:    5515773  HIT %:     86.458  MISS %:     13.542   MPKI: 27.5789
L2C LOAD      ACCESS:   38271491  HIT:   34264131  MISS:    4007360  HIT %:    89.5291  MISS %:    10.4709   MPKI: 20.0368
L2C DATA LOAD MPKI: 20.0368
L2C INSTRUCTION LOAD MPKI: 5e-06
L2C PREFETCH  ACCESS:    2396154  HIT:     889844  MISS:    1506310  HIT %:    37.1363  MISS %:    62.8637   MPKI: 7.53155
AGUS PREFETCH L1 MISS: 0
L2C DATA PREFETCH MPKI: 7.53155
L2C INSTRUCTION PREFETCH MPKI: 0
L2C WRITEBACK ACCESS:      46775  HIT:      46775  MISS:          0  HIT %:        100  MISS %:          0   MPKI: 0
L2C LOAD TRANSLATION ACCESS:      16360  HIT:      14257  MISS:       2103  HIT %:    87.1455  MISS %:    12.8545   MPKI: 0.010515
L2C PREFETCH  REQUESTED:    2934109  ISSUED:    2934109  USEFUL:    1142433  USELESS:     363610
L2C USEFUL LOAD PREFETCHES:    1142433 PREFETCH ISSUED TO LOWER LEVEL:    2018963  ACCURACY: 56.5851
L2C TIMELY PREFETCHES:    1142433 LATE PREFETCHES: 8874 DROPPED PREFETCHES: 0
L2C PREFETCHES SAME FILL-ORIGIN LEVEL: 1515186 DIFFERENT FILL-ORIGIN LEVEL: 503777
L2C AVERAGE MISS LATENCY:    99.2163 cycles AVERAGE LOAD MISS LATENCY:    78.5287 cycles Load Miss    4007360
L2C Average MSHR Occupancy:   0.668733
L2C RQ	ACCESS:   38287851	FORWARD:          0	MERGED:          0	TO_CACHE:   38287851
L2C WQ	ACCESS:      46775	FORWARD:          0	MERGED:          0	TO_CACHE:      46775
L2C PQ	ACCESS:    2934109	FORWARD:          0	MERGED:       3461	TO_CACHE:    2930648

L2C Instructions Evicting Data 1
L2C Translations Evicting Data 2103
L2C Data Evicting Data 5511565
L2C Instructions Evicting Instructions 0
L2C Translations Evicting Instructions 0
L2C Data Evicting Instructions 1
L2C Instructions Evicting Translations 0
L2C Translations Evicting Translations 0
L2C Data Evicting Translations 2103
L2C Dense regions hint from L2: 0
PSCL5 TOTAL     ACCESS:      16359  HIT:      16359  MISS:          0  HIT %:        100  MISS %:          0   MPKI: 0
PSCL5 LOAD TRANSLATION ACCESS:      16359  HIT:      16359  MISS:          0  HIT %:        100  MISS %:          0   MPKI: 0
PSCL5 PREFETCH  REQUESTED:          0  ISSUED:          0  USEFUL:          0  USELESS:          0
PSCL5 USEFUL LOAD PREFETCHES:          0 PREFETCH ISSUED TO LOWER LEVEL:          0  ACCURACY: -nan
PSCL5 TIMELY PREFETCHES:          0 LATE PREFETCHES: 0 DROPPED PREFETCHES: 0
PSCL5 PREFETCHES SAME FILL-ORIGIN LEVEL: 0 DIFFERENT FILL-ORIGIN LEVEL: 0

PSCL4 TOTAL     ACCESS:      16359  HIT:      16359  MISS:          0  HIT %:        100  MISS %:          0   MPKI: 0
PSCL4 LOAD TRANSLATION ACCESS:      16359  HIT:      16359  MISS:          0  HIT %:        100  MISS %:          0   MPKI: 0
PSCL4 PREFETCH  REQUESTED:          0  ISSUED:          0  USEFUL:          0  USELESS:          0
PSCL4 USEFUL LOAD PREFETCHES:          0 PREFETCH ISSUED TO LOWER LEVEL:          0  ACCURACY: -nan
PSCL4 TIMELY PREFETCHES:          0 LATE PREFETCHES: 0 DROPPED PREFETCHES: 0
PSCL4 PREFETCHES SAME FILL-ORIGIN LEVEL: 0 DIFFERENT FILL-ORIGIN LEVEL: 0

PSCL3 TOTAL     ACCESS:      16359  HIT:      16359  MISS:          0  HIT %:        100  MISS %:          0   MPKI: 0
PSCL3 LOAD TRANSLATION ACCESS:      16359  HIT:      16359  MISS:          0  HIT %:        100  MISS %:          0   MPKI: 0
PSCL3 PREFETCH  REQUESTED:          0  ISSUED:          0  USEFUL:          0  USELESS:          0
PSCL3 USEFUL LOAD PREFETCHES:          0 PREFETCH ISSUED TO LOWER LEVEL:          0  ACCURACY: -nan
PSCL3 TIMELY PREFETCHES:          0 LATE PREFETCHES: 0 DROPPED PREFETCHES: 0
PSCL3 PREFETCHES SAME FILL-ORIGIN LEVEL: 0 DIFFERENT FILL-ORIGIN LEVEL: 0

PSCL2 TOTAL     ACCESS:      16359  HIT:      16327  MISS:         32  HIT %:    99.8044  MISS %:   0.195611   MPKI: 0.00016
PSCL2 LOAD TRANSLATION ACCESS:      16359  HIT:      16327  MISS:         32  HIT %:    99.8044  MISS %:   0.195611   MPKI: 0.00016
PSCL2 PREFETCH  REQUESTED:          0  ISSUED:          0  USEFUL:          0  USELESS:          0
PSCL2 USEFUL LOAD PREFETCHES:          0 PREFETCH ISSUED TO LOWER LEVEL:          0  ACCURACY: -nan
PSCL2 TIMELY PREFETCHES:          0 LATE PREFETCHES: 0 DROPPED PREFETCHES: 0
PSCL2 PREFETCHES SAME FILL-ORIGIN LEVEL: 0 DIFFERENT FILL-ORIGIN LEVEL: 0

LLC TOTAL     ACCESS:    6064844  HIT:    4068658  MISS:    1996186  HIT %:    67.0859  MISS %:    32.9141   MPKI: 9.98093
LLC LOAD      ACCESS:    3998486  HIT:    3250050  MISS:     748436  HIT %:     81.282  MISS %:     18.718   MPKI: 3.74218
LLC PREFETCH  ACCESS:    2017230  HIT:     787148  MISS:    1230082  HIT %:    39.0212  MISS %:    60.9788   MPKI: 6.15041
AGUS PREFETCH L1 MISS: 0
LLC WRITEBACK ACCESS:      47025  HIT:      31460  MISS:      15565  HIT %:    66.9006  MISS %:    33.0994   MPKI: 0.077825
LLC LOAD TRANSLATION ACCESS:       2103  HIT:          0  MISS:       2103  HIT %:          0  MISS %:        100   MPKI: 0.010515
LLC PREFETCH  REQUESTED:          0  ISSUED:          0  USEFUL:      96582  USELESS:      63978
LLC USEFUL LOAD PREFETCHES:      96582 PREFETCH ISSUED TO LOWER LEVEL:    1231147  ACCURACY: 7.84488
LLC TIMELY PREFETCHES:      96582 LATE PREFETCHES: 1063 DROPPED PREFETCHES: 0
LLC PREFETCHES SAME FILL-ORIGIN LEVEL: 103816 DIFFERENT FILL-ORIGIN LEVEL: 0
LLC AVERAGE MISS LATENCY:    159.103 cycles AVERAGE LOAD MISS LATENCY:    178.988 cycles Load Miss     748436
LLC Average MSHR Occupancy:    0.38805
LLC RQ	ACCESS:    4000590	FORWARD:          0	MERGED:          0	TO_CACHE:    4000590
LLC WQ	ACCESS:      47025	FORWARD:          0	MERGED:          0	TO_CACHE:      47025
LLC PQ	ACCESS:    2018963	FORWARD:          0	MERGED:        457	TO_CACHE:    2018506

LLC Dense regions hint to LLC: 0

RAW hits: 39
Loads Generated: 58289902
Loads sent to L1D: 58289860
Stores Generated: 54782
Stores sent to L1D: 54782
Major fault: 0 Minor fault: 33218
Allocated PAGES: 33218
------------------
Depth Distribution
------------------
depth 0: 26513396
depth 1: 3917371
depth 2: 328956
depth 3: 659559
depth 4: 730876
depth 5: 418826
depth 6: 54290
depth 7: 1709
depth 8: 12
depth 9: 0
depth 10: 0
depth 11: 0
depth 12: 0
depth 13: 0
depth 14: 0
depth 15: 0
depth 16: 0
depth 17: 0
depth 18: 0
depth 19: 0
depth 20: 0
depth 21: 0
depth 22: 0
depth 23: 0
depth 24: 0
depth 25: 0
depth 26: 0
depth 27: 0
depth 28: 0
depth 29: 0
Total: 32624995
------------------
ST read accesses: 7670632
ST write accesses: 8974014
PT read accesses: 128965163
PT write accesses: 7790182
FILTER read accesses: 48715467
FILTER write accesses: 19826840
GHR read accesses: 75278234
GHR write accesses: 358650
PERC read accesses: 828734436
PERC write accesses: 27225191
GHR counter read accesses: 33289292
GHR counter write accesses: 20389142
GHR ip read accesses: 71605464
GHR ip write accesses: 66578584
ST tag read accesses: 10994306663
ST tag write accesses: 2564411043
================ Mockingjay (LLC) Pollution Stats ================
Total pollution count in LLC: 331537
==================================================================

DRAM Statistics
 CHANNEL 0
 RQ ROW_BUFFER_HIT:     538239  ROW_BUFFER_MISS:    1442381
 DBUS_CONGESTED:         84
 WQ ROW_BUFFER_HIT:       7146  ROW_BUFFER_MISS:      41269  FULL:          0

 AVG_CONGESTED_CYCLE: 4
 All warmup complete: 2
Channel 0 Bank busy for read cycles: 0
Channel 0 Bank busy for write cycles: 0
Channel 0
Rank 0
0banks busy for read cycles: 603290835
0banks busy for write cycles: 46754
1banks busy for read cycles: 168116790
1banks busy for write cycles: 7604561
2banks busy for read cycles: 28775055
2banks busy for write cycles: 175882
3banks busy for read cycles: 4408435
3banks busy for write cycles: 9081
4banks busy for read cycles: 809652
4banks busy for write cycles: 734
5banks busy for read cycles: 198858
5banks busy for write cycles: 280
6banks busy for read cycles: 23171
6banks busy for write cycles: 0
7banks busy for read cycles: 774
7banks busy for write cycles: 0
8banks busy for read cycles: 49
8banks busy for write cycles: 0

CPU 0 Branch Prediction Accuracy: 88.3761% MPKI: 24.4453 Average ROB Occupancy at Mispredict: 2.55585
Branch types
NOT_BRANCH: 157939612 78.9698%
BRANCH_DIRECT_JUMP: 0 0%
BRANCH_INDIRECT: 0 0%
BRANCH_CONDITIONAL: 42060421 21.0302%
BRANCH_DIRECT_CALL: 0 0%
BRANCH_INDIRECT_CALL: 0 0%
BRANCH_RETURN: 0 0%
BRANCH_OTHER: 0 0%

===================== LRU L1D STATS =====================
Total pollution count in L1D: 0
=========================================================
================ SRRIP (L2C) Pollution Stats ================
Total pollution count in L2c: 7861087
==================================================================
DRAM PAGES: 1048576
Allocated PAGES: 33218
