
*** ChampSim Multicore Out-of-Order Simulator ***

Warmup Instructions: 200000000
Simulation Instructions: 200000000
Number of CPUs: 1
LLC sets: 4096
LLC ways: 12
Off-chip DRAM Size: 4096 MB Channels: 1 Width: 64-bit Data Rate: 6400 MT/s
CPU 0 runs /home1/sweta/traces/qualcomm_traces/server_019.champsimtrace.xz
.xz
BTB has LRU replacement policy
ITLB has LRU replacement policy
DTLB has LRU replacement policy
STLB has LRU replacement policy
L1I has LRU replacement policy
L1D has LRU replacement policy
Bingo PHT WAYS: 16 and PHT_SIZE: 16384
Initialize SRRIP state for L2C
Initialize Mockingjay state for LLC
Heartbeat CPU 0 instructions: 10000007 cycles: 2307113 heartbeat IPC: 4.33442 cumulative IPC: 4.33442 (Simulation time: 0 hr 0 min 20 sec) 
Heartbeat CPU 0 instructions: 20000001 cycles: 4614596 heartbeat IPC: 4.33372 cumulative IPC: 4.33407 (Simulation time: 0 hr 0 min 39 sec) 
Heartbeat CPU 0 instructions: 30000002 cycles: 6915140 heartbeat IPC: 4.3468 cumulative IPC: 4.33831 (Simulation time: 0 hr 0 min 59 sec) 
Heartbeat CPU 0 instructions: 40000003 cycles: 9230301 heartbeat IPC: 4.31935 cumulative IPC: 4.33355 (Simulation time: 0 hr 1 min 20 sec) 
Heartbeat CPU 0 instructions: 50000001 cycles: 11525021 heartbeat IPC: 4.35783 cumulative IPC: 4.33839 (Simulation time: 0 hr 1 min 42 sec) 
Heartbeat CPU 0 instructions: 60000000 cycles: 13868215 heartbeat IPC: 4.26768 cumulative IPC: 4.32644 (Simulation time: 0 hr 2 min 4 sec) 
Heartbeat CPU 0 instructions: 70000002 cycles: 16168533 heartbeat IPC: 4.34723 cumulative IPC: 4.3294 (Simulation time: 0 hr 2 min 27 sec) 
Heartbeat CPU 0 instructions: 80000005 cycles: 18347285 heartbeat IPC: 4.58979 cumulative IPC: 4.36032 (Simulation time: 0 hr 2 min 50 sec) 
Heartbeat CPU 0 instructions: 90000000 cycles: 20647736 heartbeat IPC: 4.34697 cumulative IPC: 4.35883 (Simulation time: 0 hr 3 min 12 sec) 
Heartbeat CPU 0 instructions: 100000000 cycles: 22949004 heartbeat IPC: 4.34543 cumulative IPC: 4.35749 (Simulation time: 0 hr 3 min 35 sec) 
*** Reached end of trace for Core: 0 Repeating trace: /home1/sweta/traces/qualcomm_traces/server_019.champsimtrace.xz
Heartbeat CPU 0 instructions: 110000007 cycles: 25248835 heartbeat IPC: 4.34815 cumulative IPC: 4.35664 (Simulation time: 0 hr 3 min 58 sec) 
Heartbeat CPU 0 instructions: 120000005 cycles: 27552212 heartbeat IPC: 4.34145 cumulative IPC: 4.35537 (Simulation time: 0 hr 4 min 21 sec) 
Heartbeat CPU 0 instructions: 130000002 cycles: 29859139 heartbeat IPC: 4.33477 cumulative IPC: 4.35378 (Simulation time: 0 hr 4 min 45 sec) 
Heartbeat CPU 0 instructions: 140000002 cycles: 32165408 heartbeat IPC: 4.33601 cumulative IPC: 4.3525 (Simulation time: 0 hr 5 min 12 sec) 
Heartbeat CPU 0 instructions: 150000007 cycles: 34476540 heartbeat IPC: 4.32689 cumulative IPC: 4.35078 (Simulation time: 0 hr 5 min 39 sec) 
Heartbeat CPU 0 instructions: 160000004 cycles: 36774492 heartbeat IPC: 4.3517 cumulative IPC: 4.35084 (Simulation time: 0 hr 6 min 5 sec) 
Heartbeat CPU 0 instructions: 170000005 cycles: 39115264 heartbeat IPC: 4.2721 cumulative IPC: 4.34613 (Simulation time: 0 hr 6 min 33 sec) 
Heartbeat CPU 0 instructions: 180000000 cycles: 41393220 heartbeat IPC: 4.3899 cumulative IPC: 4.34854 (Simulation time: 0 hr 6 min 59 sec) 
Heartbeat CPU 0 instructions: 190000005 cycles: 43593983 heartbeat IPC: 4.54388 cumulative IPC: 4.3584 (Simulation time: 0 hr 7 min 25 sec) 
Heartbeat CPU 0 instructions: 200000004 cycles: 45894096 heartbeat IPC: 4.34761 cumulative IPC: 4.35786 (Simulation time: 0 hr 7 min 52 sec) 

Warmup complete CPU 0 instructions: 200000004 cycles: 45894096 (Simulation time: 0 hr 7 min 52 sec) 

Heartbeat CPU 0 instructions: 210000001 cycles: 59110037 heartbeat IPC: 0.756662 cumulative IPC: 0.756662 (Simulation time: 0 hr 8 min 28 sec) 
*** Reached end of trace for Core: 0 Repeating trace: /home1/sweta/traces/qualcomm_traces/server_019.champsimtrace.xz
Heartbeat CPU 0 instructions: 220000003 cycles: 71659133 heartbeat IPC: 0.79687 cumulative IPC: 0.776246 (Simulation time: 0 hr 9 min 3 sec) 
Heartbeat CPU 0 instructions: 230000000 cycles: 84025006 heartbeat IPC: 0.808677 cumulative IPC: 0.786763 (Simulation time: 0 hr 9 min 39 sec) 
Heartbeat CPU 0 instructions: 240000007 cycles: 96037414 heartbeat IPC: 0.832473 cumulative IPC: 0.797714 (Simulation time: 0 hr 10 min 14 sec) 
Heartbeat CPU 0 instructions: 250000000 cycles: 108185310 heartbeat IPC: 0.823187 cumulative IPC: 0.802681 (Simulation time: 0 hr 10 min 49 sec) 
Heartbeat CPU 0 instructions: 260000000 cycles: 120203181 heartbeat IPC: 0.832094 cumulative IPC: 0.807438 (Simulation time: 0 hr 11 min 24 sec) 
Heartbeat CPU 0 instructions: 270000000 cycles: 133214402 heartbeat IPC: 0.768567 cumulative IPC: 0.801646 (Simulation time: 0 hr 12 min 2 sec) 
Heartbeat CPU 0 instructions: 280000002 cycles: 147324513 heartbeat IPC: 0.708712 cumulative IPC: 0.788718 (Simulation time: 0 hr 12 min 44 sec) 
Heartbeat CPU 0 instructions: 290000000 cycles: 168546555 heartbeat IPC: 0.471208 cumulative IPC: 0.733781 (Simulation time: 0 hr 13 min 22 sec) 
Heartbeat CPU 0 instructions: 300000004 cycles: 184826024 heartbeat IPC: 0.614271 cumulative IPC: 0.719777 (Simulation time: 0 hr 13 min 59 sec) 
Heartbeat CPU 0 instructions: 310000001 cycles: 198032995 heartbeat IPC: 0.757176 cumulative IPC: 0.723023 (Simulation time: 0 hr 14 min 35 sec) 
Heartbeat CPU 0 instructions: 320000004 cycles: 211033695 heartbeat IPC: 0.76919 cumulative IPC: 0.726658 (Simulation time: 0 hr 15 min 10 sec) 
*** Reached end of trace for Core: 0 Repeating trace: /home1/sweta/traces/qualcomm_traces/server_019.champsimtrace.xz
Heartbeat CPU 0 instructions: 330000003 cycles: 223262272 heartbeat IPC: 0.817757 cumulative IPC: 0.732939 (Simulation time: 0 hr 15 min 46 sec) 
Heartbeat CPU 0 instructions: 340000002 cycles: 235496085 heartbeat IPC: 0.817407 cumulative IPC: 0.738389 (Simulation time: 0 hr 16 min 21 sec) 
Heartbeat CPU 0 instructions: 350000003 cycles: 247444709 heartbeat IPC: 0.836917 cumulative IPC: 0.74423 (Simulation time: 0 hr 16 min 57 sec) 
Heartbeat CPU 0 instructions: 360000000 cycles: 259513317 heartbeat IPC: 0.828596 cumulative IPC: 0.748996 (Simulation time: 0 hr 17 min 32 sec) 
Heartbeat CPU 0 instructions: 370000007 cycles: 271465856 heartbeat IPC: 0.836643 cumulative IPC: 0.75364 (Simulation time: 0 hr 18 min 7 sec) 
Heartbeat CPU 0 instructions: 380000004 cycles: 285457264 heartbeat IPC: 0.714724 cumulative IPC: 0.751368 (Simulation time: 0 hr 18 min 47 sec) 
Heartbeat CPU 0 instructions: 390000000 cycles: 298690288 heartbeat IPC: 0.755685 cumulative IPC: 0.751594 (Simulation time: 0 hr 19 min 22 sec) 
Heartbeat CPU 0 instructions: 400000001 cycles: 322845123 heartbeat IPC: 0.413996 cumulative IPC: 0.722149 (Simulation time: 0 hr 20 min 0 sec) 
Finished CPU 0 instructions: 200000001 cycles: 276951035 cumulative IPC: 0.722149 (Simulation time: 0 hr 20 min 0 sec) 

ChampSim completed all CPUs

Region of Interest Statistics

CPU 0 cumulative IPC: 0.722149 instructions: 200000001 cycles: 276951035
ITLB TOTAL     ACCESS:   20276508  HIT:   18843323  MISS:    1433185  HIT %:    92.9318  MISS %:     7.0682   MPKI: 7.16592
ITLB LOAD TRANSLATION ACCESS:   20276508  HIT:   18843323  MISS:    1433185  HIT %:    92.9318  MISS %:     7.0682   MPKI: 7.16592
ITLB PREFETCH  REQUESTED:          0  ISSUED:          0  USEFUL:          0  USELESS:          0
ITLB USEFUL LOAD PREFETCHES:          0 PREFETCH ISSUED TO LOWER LEVEL:          0  ACCURACY: -nan
ITLB TIMELY PREFETCHES:          0 LATE PREFETCHES: 0 DROPPED PREFETCHES: 0
ITLB PREFETCHES SAME FILL-ORIGIN LEVEL: 0 DIFFERENT FILL-ORIGIN LEVEL: 0
ITLB AVERAGE MISS LATENCY:     9.2118 cycles AVERAGE LOAD MISS LATENCY:       -nan cycles Load Miss          0
ITLB Average MSHR Occupancy:  0.0426104
ITLB RQ	ACCESS:   26794561	FORWARD:          0	MERGED:    4865527	TO_CACHE:   21929034

DTLB TOTAL     ACCESS:   32128350  HIT:   30537513  MISS:    1590837  HIT %:    95.0485  MISS %:    4.95151   MPKI: 7.95418
DTLB LOAD TRANSLATION ACCESS:   32128350  HIT:   30537513  MISS:    1590837  HIT %:    95.0485  MISS %:    4.95151   MPKI: 7.95418
DTLB PREFETCH  REQUESTED:          0  ISSUED:          0  USEFUL:          0  USELESS:          0
DTLB USEFUL LOAD PREFETCHES:          0 PREFETCH ISSUED TO LOWER LEVEL:          0  ACCURACY: -nan
DTLB TIMELY PREFETCHES:          0 LATE PREFETCHES: 0 DROPPED PREFETCHES: 0
DTLB PREFETCHES SAME FILL-ORIGIN LEVEL: 0 DIFFERENT FILL-ORIGIN LEVEL: 0
DTLB AVERAGE MISS LATENCY:    15.6853 cycles AVERAGE LOAD MISS LATENCY:       -nan cycles Load Miss          0
DTLB Average MSHR Occupancy:  0.0870169
DTLB RQ	ACCESS:   54934646	FORWARD:          0	MERGED:   22402254	TO_CACHE:   32532392

STLB TOTAL     ACCESS:    3024022  HIT:    2859410  MISS:     164612  HIT %:    94.5565  MISS %:    5.44348   MPKI: 0.82306
STLB LOAD TRANSLATION ACCESS:    3024022  HIT:    2859410  MISS:     164612  HIT %:    94.5565  MISS %:    5.44348   MPKI: 0.82306
STLB PREFETCH  REQUESTED:          0  ISSUED:          0  USEFUL:          0  USELESS:          0
STLB USEFUL LOAD PREFETCHES:          0 PREFETCH ISSUED TO LOWER LEVEL:          0  ACCURACY: -nan
STLB TIMELY PREFETCHES:          0 LATE PREFETCHES: 0 DROPPED PREFETCHES: 0
STLB PREFETCHES SAME FILL-ORIGIN LEVEL: 0 DIFFERENT FILL-ORIGIN LEVEL: 0
STLB AVERAGE MISS LATENCY:    66.1644 cycles AVERAGE LOAD MISS LATENCY:       -nan cycles Load Miss          0
STLB Average MSHR Occupancy:  0.0403746
STLB RQ	ACCESS:    3024022	FORWARD:          0	MERGED:          0	TO_CACHE:    3024022

STLB Hit, L1D data hit: 0
STLB Hit, L2C data hit: 0
STLB Hit, LLC data hit: 0
STLB Hit, LLC data miss: 0
STLB STLB hints to L2: 0
L1D TOTAL     ACCESS:   43869381  HIT:   37129603  MISS:    6739778  HIT %:    84.6367  MISS %:    15.3633   MPKI: 33.6989
L1D LOAD      ACCESS:   21833007  HIT:   18642464  MISS:    3190543  HIT %:    85.3866  MISS %:    14.6134   MPKI: 15.9527
L1D RFO       ACCESS:   22036374  HIT:   18487139  MISS:    3549235  HIT %:    83.8937  MISS %:    16.1063   MPKI: 17.7462
L1D PREFETCH  REQUESTED:          0  ISSUED:          0  USEFUL:          0  USELESS:          0
L1D USEFUL LOAD PREFETCHES:          0 PREFETCH ISSUED TO LOWER LEVEL:          0  ACCURACY: -nan
L1D TIMELY PREFETCHES:          0 LATE PREFETCHES: 0 DROPPED PREFETCHES: 0
L1D PREFETCHES SAME FILL-ORIGIN LEVEL: 0 DIFFERENT FILL-ORIGIN LEVEL: 0
L1D AVERAGE MISS LATENCY:    123.937 cycles AVERAGE LOAD MISS LATENCY:    37.2546 cycles Load Miss    3190543
L1D Average MSHR Occupancy:     3.0732
L1D RQ	ACCESS:   41317671	FORWARD:          0	MERGED:   18417064	TO_CACHE:   22668284
L1D WQ	ACCESS:   32667184	FORWARD:     232323	MERGED:     400822	TO_CACHE:   32266362

L1D UNIQUE REGIONS ACCESSED: 0
L1D REGIONS CONFLICTS: 0
L1D Cross Page Prefetch Requests: 0
L1D Same Page Prefetch Requests: 0
L1D ROI Sum of L1D PQ occupancy: 0
L1D PREFETCHES PUSHED FROM L2C: 0
L1I TOTAL     ACCESS:   25898229  HIT:   11690002  MISS:   14208227  HIT %:    45.1382  MISS %:    54.8618   MPKI: 71.0411
L1I LOAD      ACCESS:   25898229  HIT:   11690002  MISS:   14208227  HIT %:    45.1382  MISS %:    54.8618   MPKI: 71.0411
L1I PREFETCH  REQUESTED:          0  ISSUED:          0  USEFUL:          0  USELESS:          0
L1I USEFUL LOAD PREFETCHES:          0 PREFETCH ISSUED TO LOWER LEVEL:          0  ACCURACY: -nan
L1I TIMELY PREFETCHES:          0 LATE PREFETCHES: 0 DROPPED PREFETCHES: 0
L1I PREFETCHES SAME FILL-ORIGIN LEVEL: 0 DIFFERENT FILL-ORIGIN LEVEL: 0
L1I AVERAGE MISS LATENCY:    14.5982 cycles AVERAGE LOAD MISS LATENCY:    14.5982 cycles Load Miss   14208227
L1I Average MSHR Occupancy:   0.734444
L1I RQ	ACCESS:   50046240	FORWARD:          0	MERGED:   23251679	TO_CACHE:   26794561

BTB TOTAL     ACCESS:   25827671  HIT:   24204971  MISS:    1622700  HIT %:    93.7172  MISS %:     6.2828   MPKI: 8.1135
BTB BRANCH_DIRECT_JUMP	ACCESS:    1691066  HIT:    1680686  MISS:      10380
BTB BRANCH_INDIRECT	ACCESS:    9829948  HIT:    9197692  MISS:     632256
BTB BRANCH_CONDITIONAL	ACCESS:    7643159  HIT:    7628665  MISS:      14494
BTB BRANCH_DIRECT_CALL	ACCESS:    2646412  HIT:    2612394  MISS:      34018
BTB BRANCH_INDIRECT_CALL	ACCESS:     685333  HIT:     581809  MISS:     103524
BTB BRANCH_RETURN	ACCESS:    3331753  HIT:    2503725  MISS:     828028
BTB BRANCH_OTHER ACCESS:          0  HIT:          0  MISS:          0

L2C TOTAL     ACCESS:   28017684  HIT:   23186708  MISS:    4830976  HIT %:    82.7574  MISS %:    17.2426   MPKI: 24.1549
L2C LOAD      ACCESS:   17398731  HIT:   16793637  MISS:     605094  HIT %:    96.5222  MISS %:    3.47781   MPKI: 3.02547
L2C DATA LOAD MPKI: 2.73388
L2C INSTRUCTION LOAD MPKI: 0.291585
L2C RFO       ACCESS:    3549230  HIT:     725805  MISS:    2823425  HIT %:    20.4496  MISS %:    79.5504   MPKI: 14.1171
L2C PREFETCH  ACCESS:    2492891  HIT:    1152114  MISS:    1340777  HIT %:     46.216  MISS %:     53.784   MPKI: 6.70388
AGUS PREFETCH L1 MISS: 0
L2C DATA PREFETCH MPKI: 6.70388
L2C INSTRUCTION PREFETCH MPKI: 0
L2C WRITEBACK ACCESS:    4355038  HIT:    4345003  MISS:      10035  HIT %:    99.7696  MISS %:   0.230423   MPKI: 0.050175
L2C LOAD TRANSLATION ACCESS:     221794  HIT:     170149  MISS:      51645  HIT %:    76.7149  MISS %:    23.2851   MPKI: 0.258225
L2C PREFETCH  REQUESTED:    2699932  ISSUED:    2699932  USEFUL:    1161503  USELESS:     179123
L2C USEFUL LOAD PREFETCHES:    1161503 PREFETCH ISSUED TO LOWER LEVEL:    1447745  ACCURACY: 80.2284
L2C TIMELY PREFETCHES:    1161503 LATE PREFETCHES: 106968 DROPPED PREFETCHES: 0
L2C PREFETCHES SAME FILL-ORIGIN LEVEL: 1447745 DIFFERENT FILL-ORIGIN LEVEL: 0
L2C AVERAGE MISS LATENCY:    182.023 cycles AVERAGE LOAD MISS LATENCY:    127.113 cycles Load Miss     605094
L2C Average MSHR Occupancy:    3.18788
L2C RQ	ACCESS:   21169798	FORWARD:          0	MERGED:          0	TO_CACHE:   21169755
L2C WQ	ACCESS:    4355038	FORWARD:         43	MERGED:          0	TO_CACHE:    4355038
L2C PQ	ACCESS:    2699932	FORWARD:          0	MERGED:          0	TO_CACHE:    2699932

L2C Instructions Evicting Data 56082
L2C Translations Evicting Data 50258
L2C Data Evicting Data 4604709
L2C Instructions Evicting Instructions 1554
L2C Translations Evicting Instructions 694
L2C Data Evicting Instructions 56161
L2C Instructions Evicting Translations 681
L2C Translations Evicting Translations 693
L2C Data Evicting Translations 50109
L2C Dense regions hint from L2: 0
PSCL5 TOTAL     ACCESS:     164612  HIT:     164612  MISS:          0  HIT %:        100  MISS %:          0   MPKI: 0
PSCL5 LOAD TRANSLATION ACCESS:     164612  HIT:     164612  MISS:          0  HIT %:        100  MISS %:          0   MPKI: 0
PSCL5 PREFETCH  REQUESTED:          0  ISSUED:          0  USEFUL:          0  USELESS:          0
PSCL5 USEFUL LOAD PREFETCHES:          0 PREFETCH ISSUED TO LOWER LEVEL:          0  ACCURACY: -nan
PSCL5 TIMELY PREFETCHES:          0 LATE PREFETCHES: 0 DROPPED PREFETCHES: 0
PSCL5 PREFETCHES SAME FILL-ORIGIN LEVEL: 0 DIFFERENT FILL-ORIGIN LEVEL: 0

PSCL4 TOTAL     ACCESS:     161602  HIT:     161313  MISS:        289  HIT %:    99.8212  MISS %:   0.178834   MPKI: 0.001445
PSCL4 LOAD TRANSLATION ACCESS:     161602  HIT:     161313  MISS:        289  HIT %:    99.8212  MISS %:   0.178834   MPKI: 0.001445
PSCL4 PREFETCH  REQUESTED:          0  ISSUED:          0  USEFUL:          0  USELESS:          0
PSCL4 USEFUL LOAD PREFETCHES:          0 PREFETCH ISSUED TO LOWER LEVEL:          0  ACCURACY: -nan
PSCL4 TIMELY PREFETCHES:          0 LATE PREFETCHES: 0 DROPPED PREFETCHES: 0
PSCL4 PREFETCHES SAME FILL-ORIGIN LEVEL: 0 DIFFERENT FILL-ORIGIN LEVEL: 0

PSCL3 TOTAL     ACCESS:     160906  HIT:     159383  MISS:       1523  HIT %:    99.0535  MISS %:   0.946515   MPKI: 0.007615
PSCL3 LOAD TRANSLATION ACCESS:     160906  HIT:     159383  MISS:       1523  HIT %:    99.0535  MISS %:   0.946515   MPKI: 0.007615
PSCL3 PREFETCH  REQUESTED:          0  ISSUED:          0  USEFUL:          0  USELESS:          0
PSCL3 USEFUL LOAD PREFETCHES:          0 PREFETCH ISSUED TO LOWER LEVEL:          0  ACCURACY: -nan
PSCL3 TIMELY PREFETCHES:          0 LATE PREFETCHES: 0 DROPPED PREFETCHES: 0
PSCL3 PREFETCHES SAME FILL-ORIGIN LEVEL: 0 DIFFERENT FILL-ORIGIN LEVEL: 0

PSCL2 TOTAL     ACCESS:     164612  HIT:     109242  MISS:      55370  HIT %:    66.3633  MISS %:    33.6367   MPKI: 0.27685
PSCL2 LOAD TRANSLATION ACCESS:     164612  HIT:     109242  MISS:      55370  HIT %:    66.3633  MISS %:    33.6367   MPKI: 0.27685
PSCL2 PREFETCH  REQUESTED:          0  ISSUED:          0  USEFUL:          0  USELESS:          0
PSCL2 USEFUL LOAD PREFETCHES:          0 PREFETCH ISSUED TO LOWER LEVEL:          0  ACCURACY: -nan
PSCL2 TIMELY PREFETCHES:          0 LATE PREFETCHES: 0 DROPPED PREFETCHES: 0
PSCL2 PREFETCHES SAME FILL-ORIGIN LEVEL: 0 DIFFERENT FILL-ORIGIN LEVEL: 0

LLC TOTAL     ACCESS:    8052866  HIT:    2623154  MISS:    5429712  HIT %:    32.5742  MISS %:    67.4258   MPKI: 27.1486
LLC LOAD      ACCESS:     498376  HIT:     262703  MISS:     235673  HIT %:    52.7118  MISS %:    47.2882   MPKI: 1.17836
LLC RFO       ACCESS:    2823126  HIT:     511678  MISS:    2311448  HIT %:    18.1245  MISS %:    81.8755   MPKI: 11.5572
LLC PREFETCH  ACCESS:    1447745  HIT:    1050679  MISS:     397066  HIT %:    72.5735  MISS %:    27.4265   MPKI: 1.98533
AGUS PREFETCH L1 MISS: 0
LLC WRITEBACK ACCESS:    3231974  HIT:     766297  MISS:    2465677  HIT %:    23.7099  MISS %:    76.2901   MPKI: 12.3284
LLC LOAD TRANSLATION ACCESS:      51645  HIT:      31797  MISS:      19848  HIT %:    61.5684  MISS %:    38.4316   MPKI: 0.09924
LLC PREFETCH  REQUESTED:          0  ISSUED:          0  USEFUL:      16684  USELESS:     221568
LLC USEFUL LOAD PREFETCHES:      16684 PREFETCH ISSUED TO LOWER LEVEL:     397066  ACCURACY: 4.20182
LLC TIMELY PREFETCHES:      16684 LATE PREFETCHES: 0 DROPPED PREFETCHES: 0
LLC PREFETCHES SAME FILL-ORIGIN LEVEL: 0 DIFFERENT FILL-ORIGIN LEVEL: 0
LLC AVERAGE MISS LATENCY:    122.971 cycles AVERAGE LOAD MISS LATENCY:    190.494 cycles Load Miss     235673
LLC Average MSHR Occupancy:    2.40019
LLC RQ	ACCESS:    3373196	FORWARD:          0	MERGED:          0	TO_CACHE:    3373147
LLC WQ	ACCESS:    3231974	FORWARD:         49	MERGED:          0	TO_CACHE:    3231974
LLC PQ	ACCESS:    1447745	FORWARD:          0	MERGED:          0	TO_CACHE:    1447745

LLC Dense regions hint to LLC: 0

RAW hits: 5482603
Loads Generated: 46800270
Loads sent to L1D: 41317671
Stores Generated: 32667184
Stores sent to L1D: 32667184
Major fault: 0 Minor fault: 25901
Allocated PAGES: 25901
[Bingo] PHT Access: 477947
[Bingo] PHT Hit PC+Addr: 191068
[Bingo] PHT Hit PC+Offs: 230263
[Bingo] PHT Miss: 56616
[Bingo] Prefetch PC+Addr: 0
[Bingo] Prefetch PC+Offs: 0
[Bingo] Useful PC+Addr: 0
[Bingo] Useful PC+Offs: 0
[Bingo] Useless PC+Addr: 0
[Bingo] Useless PC+Offs: 0
[Bingo] L1 Prefetch per Region: 0
[Bingo] L2 Prefetch per Region: 7.74051
[Bingo] L3 Prefetch per Region: 0
[Bingo] No Prefetch per Region: 24.2595
[Bingo] Number of Voters Mean: 14.0794
[Bingo] Number of Voters SD: 15.3508
PHT read accesses: 5161221
PHT write accesses: 318884
AT read accesses: 2685447
AT write accesses: 2964360
FT read accesses: 1099995
FT write accesses: 477947
PS read accesses: 1015695
PS write accesses: 421331
PHT tag read accesses: 13149909
PHT tag write accesses: 509952
AT tag read accesses: 143351893
AT tag write accesses: 3004331
FT tag read accesses: 109031374
FT tag write accesses: 1191976
PS tag read accesses: 66363253
PS tag write accesses: 1426948
================ Mockingjay (LLC) Pollution Stats ================
Total pollution count in LLC: 34973
==================================================================

DRAM Statistics
 CHANNEL 0
 RQ ROW_BUFFER_HIT:    1679907  ROW_BUFFER_MISS:    1284122
 DBUS_CONGESTED:       1616
 WQ ROW_BUFFER_HIT:     670480  ROW_BUFFER_MISS:    1850127  FULL:     102448

 AVG_CONGESTED_CYCLE: 5
 All warmup complete: 2
Channel 0 Bank busy for read cycles: 0
Channel 0 Bank busy for write cycles: 0
Channel 0
Rank 0
0banks busy for read cycles: 118439904
0banks busy for write cycles: 182008
1banks busy for read cycles: 17856665
1banks busy for write cycles: 23199670
2banks busy for read cycles: 10334846
2banks busy for write cycles: 12716558
3banks busy for read cycles: 13175703
3banks busy for write cycles: 7753150
4banks busy for read cycles: 7036584
4banks busy for write cycles: 5043987
5banks busy for read cycles: 2304096
5banks busy for write cycles: 3915594
6banks busy for read cycles: 2275824
6banks busy for write cycles: 3859261
7banks busy for read cycles: 2771662
7banks busy for write cycles: 5893126
8banks busy for read cycles: 16200467
8banks busy for write cycles: 23991931

CPU 0 Branch Prediction Accuracy: 99.9463% MPKI: 0.083665 Average ROB Occupancy at Mispredict: 128.614
Branch types
NOT_BRANCH: 168863071 84.4315%
BRANCH_DIRECT_JUMP: 1691066 0.845533%
BRANCH_INDIRECT: 9829948 4.91497%
BRANCH_CONDITIONAL: 12952259 6.47613%
BRANCH_DIRECT_CALL: 2646412 1.32321%
BRANCH_INDIRECT_CALL: 685333 0.342666%
BRANCH_RETURN: 3331753 1.66588%
BRANCH_OTHER: 0 0%

===================== LRU L1D STATS =====================
Total pollution count in L1D: 0
=========================================================
================ SRRIP (L2C) Pollution Stats ================
Total pollution count in L2c: 1365429
==================================================================
DRAM PAGES: 1048576
Allocated PAGES: 25901
