
*** ChampSim Multicore Out-of-Order Simulator ***

Warmup Instructions: 200000000
Simulation Instructions: 200000000
Number of CPUs: 1
LLC sets: 4096
LLC ways: 12
Off-chip DRAM Size: 4096 MB Channels: 1 Width: 64-bit Data Rate: 6400 MT/s
CPU 0 runs /home1/sweta/traces/qualcomm_traces/server_018.champsimtrace.xz
.xz
BTB has LRU replacement policy
ITLB has LRU replacement policy
DTLB has LRU replacement policy
STLB has LRU replacement policy
L1I has LRU replacement policy
L1D has LRU replacement policy
Bingo PHT WAYS: 16 and PHT_SIZE: 16384
Initialize SRRIP state for L2C
Initialize Mockingjay state for LLC
Heartbeat CPU 0 instructions: 10000001 cycles: 2306572 heartbeat IPC: 4.33544 cumulative IPC: 4.33544 (Simulation time: 0 hr 0 min 20 sec) 
Heartbeat CPU 0 instructions: 20000000 cycles: 4612784 heartbeat IPC: 4.33611 cumulative IPC: 4.33578 (Simulation time: 0 hr 0 min 41 sec) 
Heartbeat CPU 0 instructions: 30000003 cycles: 6886635 heartbeat IPC: 4.39783 cumulative IPC: 4.35626 (Simulation time: 0 hr 1 min 2 sec) 
Heartbeat CPU 0 instructions: 40000002 cycles: 9052681 heartbeat IPC: 4.61671 cumulative IPC: 4.41858 (Simulation time: 0 hr 1 min 25 sec) 
Heartbeat CPU 0 instructions: 50000007 cycles: 11354605 heartbeat IPC: 4.34419 cumulative IPC: 4.4035 (Simulation time: 0 hr 1 min 48 sec) 
Heartbeat CPU 0 instructions: 60000001 cycles: 13660102 heartbeat IPC: 4.33746 cumulative IPC: 4.39235 (Simulation time: 0 hr 2 min 10 sec) 
Heartbeat CPU 0 instructions: 70000000 cycles: 15969656 heartbeat IPC: 4.32984 cumulative IPC: 4.38331 (Simulation time: 0 hr 2 min 33 sec) 
Heartbeat CPU 0 instructions: 80000006 cycles: 18279183 heartbeat IPC: 4.32989 cumulative IPC: 4.37656 (Simulation time: 0 hr 2 min 55 sec) 
Heartbeat CPU 0 instructions: 90000000 cycles: 20579244 heartbeat IPC: 4.34771 cumulative IPC: 4.37334 (Simulation time: 0 hr 3 min 18 sec) 
Heartbeat CPU 0 instructions: 100000006 cycles: 22888273 heartbeat IPC: 4.33083 cumulative IPC: 4.36905 (Simulation time: 0 hr 3 min 41 sec) 
*** Reached end of trace for Core: 0 Repeating trace: /home1/sweta/traces/qualcomm_traces/server_018.champsimtrace.xz
Heartbeat CPU 0 instructions: 110000007 cycles: 25196930 heartbeat IPC: 4.33152 cumulative IPC: 4.36561 (Simulation time: 0 hr 4 min 3 sec) 
Heartbeat CPU 0 instructions: 120000004 cycles: 27501633 heartbeat IPC: 4.33895 cumulative IPC: 4.36338 (Simulation time: 0 hr 4 min 25 sec) 
Heartbeat CPU 0 instructions: 130000007 cycles: 29805320 heartbeat IPC: 4.34087 cumulative IPC: 4.36164 (Simulation time: 0 hr 4 min 49 sec) 
Heartbeat CPU 0 instructions: 140000001 cycles: 31988186 heartbeat IPC: 4.58113 cumulative IPC: 4.37662 (Simulation time: 0 hr 5 min 15 sec) 
Heartbeat CPU 0 instructions: 150000002 cycles: 34246250 heartbeat IPC: 4.42857 cumulative IPC: 4.38004 (Simulation time: 0 hr 5 min 42 sec) 
Heartbeat CPU 0 instructions: 160000006 cycles: 36552489 heartbeat IPC: 4.33607 cumulative IPC: 4.37727 (Simulation time: 0 hr 6 min 9 sec) 
Heartbeat CPU 0 instructions: 170000004 cycles: 38859215 heartbeat IPC: 4.33515 cumulative IPC: 4.37477 (Simulation time: 0 hr 6 min 35 sec) 
Heartbeat CPU 0 instructions: 180000000 cycles: 41168676 heartbeat IPC: 4.33001 cumulative IPC: 4.37226 (Simulation time: 0 hr 7 min 2 sec) 
Heartbeat CPU 0 instructions: 190000001 cycles: 43469911 heartbeat IPC: 4.34549 cumulative IPC: 4.37084 (Simulation time: 0 hr 7 min 28 sec) 
Heartbeat CPU 0 instructions: 200000005 cycles: 45780031 heartbeat IPC: 4.32878 cumulative IPC: 4.36872 (Simulation time: 0 hr 7 min 55 sec) 

Warmup complete CPU 0 instructions: 200000005 cycles: 45780031 (Simulation time: 0 hr 7 min 55 sec) 

Heartbeat CPU 0 instructions: 210000002 cycles: 58239106 heartbeat IPC: 0.802628 cumulative IPC: 0.802628 (Simulation time: 0 hr 8 min 32 sec) 
*** Reached end of trace for Core: 0 Repeating trace: /home1/sweta/traces/qualcomm_traces/server_018.champsimtrace.xz
Heartbeat CPU 0 instructions: 220000001 cycles: 70733665 heartbeat IPC: 0.800348 cumulative IPC: 0.801486 (Simulation time: 0 hr 9 min 9 sec) 
Heartbeat CPU 0 instructions: 230000003 cycles: 83056362 heartbeat IPC: 0.811511 cumulative IPC: 0.8048 (Simulation time: 0 hr 9 min 46 sec) 
Heartbeat CPU 0 instructions: 240000000 cycles: 95394709 heartbeat IPC: 0.810481 cumulative IPC: 0.806213 (Simulation time: 0 hr 10 min 22 sec) 
Heartbeat CPU 0 instructions: 250000002 cycles: 117948505 heartbeat IPC: 0.443384 cumulative IPC: 0.692823 (Simulation time: 0 hr 11 min 0 sec) 
Heartbeat CPU 0 instructions: 260000002 cycles: 131070017 heartbeat IPC: 0.762107 cumulative IPC: 0.703482 (Simulation time: 0 hr 11 min 40 sec) 
Heartbeat CPU 0 instructions: 270000000 cycles: 143919064 heartbeat IPC: 0.778268 cumulative IPC: 0.713274 (Simulation time: 0 hr 12 min 18 sec) 
Heartbeat CPU 0 instructions: 280000000 cycles: 156528644 heartbeat IPC: 0.793048 cumulative IPC: 0.722357 (Simulation time: 0 hr 12 min 54 sec) 
Heartbeat CPU 0 instructions: 290000002 cycles: 169022413 heartbeat IPC: 0.800399 cumulative IPC: 0.730268 (Simulation time: 0 hr 13 min 30 sec) 
Heartbeat CPU 0 instructions: 300000001 cycles: 181665636 heartbeat IPC: 0.790937 cumulative IPC: 0.735913 (Simulation time: 0 hr 14 min 6 sec) 
Heartbeat CPU 0 instructions: 310000006 cycles: 194154205 heartbeat IPC: 0.800733 cumulative IPC: 0.741369 (Simulation time: 0 hr 14 min 42 sec) 
Heartbeat CPU 0 instructions: 320000003 cycles: 206545162 heartbeat IPC: 0.80704 cumulative IPC: 0.746431 (Simulation time: 0 hr 15 min 18 sec) 
*** Reached end of trace for Core: 0 Repeating trace: /home1/sweta/traces/qualcomm_traces/server_018.champsimtrace.xz
Heartbeat CPU 0 instructions: 330000000 cycles: 219112910 heartbeat IPC: 0.795687 cumulative IPC: 0.750002 (Simulation time: 0 hr 15 min 56 sec) 
Heartbeat CPU 0 instructions: 340000004 cycles: 231469082 heartbeat IPC: 0.809312 cumulative IPC: 0.753949 (Simulation time: 0 hr 16 min 32 sec) 
Heartbeat CPU 0 instructions: 350000003 cycles: 243904716 heartbeat IPC: 0.804141 cumulative IPC: 0.757099 (Simulation time: 0 hr 17 min 9 sec) 
Heartbeat CPU 0 instructions: 360000000 cycles: 266504233 heartbeat IPC: 0.442487 cumulative IPC: 0.724886 (Simulation time: 0 hr 17 min 49 sec) 
Heartbeat CPU 0 instructions: 370000003 cycles: 279509933 heartbeat IPC: 0.768894 cumulative IPC: 0.727335 (Simulation time: 0 hr 18 min 27 sec) 
Heartbeat CPU 0 instructions: 380000000 cycles: 292357185 heartbeat IPC: 0.778376 cumulative IPC: 0.729995 (Simulation time: 0 hr 19 min 5 sec) 
Heartbeat CPU 0 instructions: 390000001 cycles: 304894209 heartbeat IPC: 0.797638 cumulative IPC: 0.733267 (Simulation time: 0 hr 19 min 41 sec) 
Heartbeat CPU 0 instructions: 400000001 cycles: 317359826 heartbeat IPC: 0.802207 cumulative IPC: 0.736432 (Simulation time: 0 hr 20 min 16 sec) 
Finished CPU 0 instructions: 200000000 cycles: 271579797 cumulative IPC: 0.736432 (Simulation time: 0 hr 20 min 16 sec) 

ChampSim completed all CPUs

Region of Interest Statistics

CPU 0 cumulative IPC: 0.736432 instructions: 200000000 cycles: 271579797
ITLB TOTAL     ACCESS:   21260588  HIT:   19843408  MISS:    1417180  HIT %:    93.3342  MISS %:    6.66576   MPKI: 7.0859
ITLB LOAD TRANSLATION ACCESS:   21260588  HIT:   19843408  MISS:    1417180  HIT %:    93.3342  MISS %:    6.66576   MPKI: 7.0859
ITLB PREFETCH  REQUESTED:          0  ISSUED:          0  USEFUL:          0  USELESS:          0
ITLB USEFUL LOAD PREFETCHES:          0 PREFETCH ISSUED TO LOWER LEVEL:          0  ACCURACY: -nan
ITLB TIMELY PREFETCHES:          0 LATE PREFETCHES: 0 DROPPED PREFETCHES: 0
ITLB PREFETCHES SAME FILL-ORIGIN LEVEL: 0 DIFFERENT FILL-ORIGIN LEVEL: 0
ITLB AVERAGE MISS LATENCY:     9.2326 cycles AVERAGE LOAD MISS LATENCY:       -nan cycles Load Miss          0
ITLB Average MSHR Occupancy:  0.0430515
ITLB RQ	ACCESS:   26769019	FORWARD:          0	MERGED:    3914370	TO_CACHE:   22854649

DTLB TOTAL     ACCESS:   31526929  HIT:   29919300  MISS:    1607629  HIT %:    94.9008  MISS %:    5.09922   MPKI: 8.03815
DTLB LOAD TRANSLATION ACCESS:   31526929  HIT:   29919300  MISS:    1607629  HIT %:    94.9008  MISS %:    5.09922   MPKI: 8.03815
DTLB PREFETCH  REQUESTED:          0  ISSUED:          0  USEFUL:          0  USELESS:          0
DTLB USEFUL LOAD PREFETCHES:          0 PREFETCH ISSUED TO LOWER LEVEL:          0  ACCURACY: -nan
DTLB TIMELY PREFETCHES:          0 LATE PREFETCHES: 0 DROPPED PREFETCHES: 0
DTLB PREFETCHES SAME FILL-ORIGIN LEVEL: 0 DIFFERENT FILL-ORIGIN LEVEL: 0
DTLB AVERAGE MISS LATENCY:    14.3173 cycles AVERAGE LOAD MISS LATENCY:       -nan cycles Load Miss          0
DTLB Average MSHR Occupancy:  0.0811903
DTLB RQ	ACCESS:   54127055	FORWARD:          0	MERGED:   22159249	TO_CACHE:   31967806

STLB TOTAL     ACCESS:    3024809  HIT:    2877834  MISS:     146975  HIT %:     95.141  MISS %:    4.85898   MPKI: 0.734875
STLB LOAD TRANSLATION ACCESS:    3024809  HIT:    2877834  MISS:     146975  HIT %:     95.141  MISS %:    4.85898   MPKI: 0.734875
STLB PREFETCH  REQUESTED:          0  ISSUED:          0  USEFUL:          0  USELESS:          0
STLB USEFUL LOAD PREFETCHES:          0 PREFETCH ISSUED TO LOWER LEVEL:          0  ACCURACY: -nan
STLB TIMELY PREFETCHES:          0 LATE PREFETCHES: 0 DROPPED PREFETCHES: 0
STLB PREFETCHES SAME FILL-ORIGIN LEVEL: 0 DIFFERENT FILL-ORIGIN LEVEL: 0
STLB AVERAGE MISS LATENCY:    60.0197 cycles AVERAGE LOAD MISS LATENCY:       -nan cycles Load Miss          0
STLB Average MSHR Occupancy:  0.0332804
STLB RQ	ACCESS:    3024809	FORWARD:          0	MERGED:          0	TO_CACHE:    3024809

STLB Hit, L1D data hit: 0
STLB Hit, L2C data hit: 0
STLB Hit, LLC data hit: 0
STLB Hit, LLC data miss: 0
STLB STLB hints to L2: 0
L1D TOTAL     ACCESS:   42742392  HIT:   36139257  MISS:    6603135  HIT %:    84.5513  MISS %:    15.4487   MPKI: 33.0157
L1D LOAD      ACCESS:   21792273  HIT:   18590361  MISS:    3201912  HIT %:    85.3071  MISS %:    14.6929   MPKI: 16.0096
L1D RFO       ACCESS:   20950119  HIT:   17548896  MISS:    3401223  HIT %:    83.7651  MISS %:    16.2349   MPKI: 17.0061
L1D PREFETCH  REQUESTED:          0  ISSUED:          0  USEFUL:          0  USELESS:          0
L1D USEFUL LOAD PREFETCHES:          0 PREFETCH ISSUED TO LOWER LEVEL:          0  ACCURACY: -nan
L1D TIMELY PREFETCHES:          0 LATE PREFETCHES: 0 DROPPED PREFETCHES: 0
L1D PREFETCHES SAME FILL-ORIGIN LEVEL: 0 DIFFERENT FILL-ORIGIN LEVEL: 0
L1D AVERAGE MISS LATENCY:    118.052 cycles AVERAGE LOAD MISS LATENCY:    41.6977 cycles Load Miss    3201912
L1D Average MSHR Occupancy:    2.92261
L1D RQ	ACCESS:   41459986	FORWARD:          0	MERGED:   19155647	TO_CACHE:   22032540
L1D WQ	ACCESS:   32486427	FORWARD:     271799	MERGED:     391912	TO_CACHE:   32094515

L1D UNIQUE REGIONS ACCESSED: 0
L1D REGIONS CONFLICTS: 0
L1D Cross Page Prefetch Requests: 0
L1D Same Page Prefetch Requests: 0
L1D ROI Sum of L1D PQ occupancy: 0
L1D PREFETCHES PUSHED FROM L2C: 0
L1I TOTAL     ACCESS:   25735638  HIT:   11123529  MISS:   14612109  HIT %:    43.2223  MISS %:    56.7777   MPKI: 73.0605
L1I LOAD      ACCESS:   25735638  HIT:   11123529  MISS:   14612109  HIT %:    43.2223  MISS %:    56.7777   MPKI: 73.0605
L1I PREFETCH  REQUESTED:          0  ISSUED:          0  USEFUL:          0  USELESS:          0
L1I USEFUL LOAD PREFETCHES:          0 PREFETCH ISSUED TO LOWER LEVEL:          0  ACCURACY: -nan
L1I TIMELY PREFETCHES:          0 LATE PREFETCHES: 0 DROPPED PREFETCHES: 0
L1I PREFETCHES SAME FILL-ORIGIN LEVEL: 0 DIFFERENT FILL-ORIGIN LEVEL: 0
L1I AVERAGE MISS LATENCY:    14.5832 cycles AVERAGE LOAD MISS LATENCY:    14.5832 cycles Load Miss   14612109
L1I Average MSHR Occupancy:   0.770531
L1I RQ	ACCESS:   49618499	FORWARD:          0	MERGED:   22849480	TO_CACHE:   26769019

BTB TOTAL     ACCESS:   25686751  HIT:   24028394  MISS:    1658357  HIT %:    93.5439  MISS %:    6.45608   MPKI: 8.29179
BTB BRANCH_DIRECT_JUMP	ACCESS:    1726086  HIT:    1716439  MISS:       9647
BTB BRANCH_INDIRECT	ACCESS:    9828442  HIT:    9173666  MISS:     654776
BTB BRANCH_CONDITIONAL	ACCESS:    7482127  HIT:    7468962  MISS:      13165
BTB BRANCH_DIRECT_CALL	ACCESS:    2629120  HIT:    2597011  MISS:      32109
BTB BRANCH_INDIRECT_CALL	ACCESS:     695933  HIT:     593129  MISS:     102804
BTB BRANCH_RETURN	ACCESS:    3325043  HIT:    2479187  MISS:     845856
BTB BRANCH_OTHER ACCESS:          0  HIT:          0  MISS:          0

L2C TOTAL     ACCESS:   28058352  HIT:   23296738  MISS:    4761614  HIT %:    83.0296  MISS %:    16.9704   MPKI: 23.8081
L2C LOAD      ACCESS:   17813785  HIT:   17098255  MISS:     715530  HIT %:    95.9833  MISS %:    4.01672   MPKI: 3.57765
L2C DATA LOAD MPKI: 3.32149
L2C INSTRUCTION LOAD MPKI: 0.25616
L2C RFO       ACCESS:    3401207  HIT:     703671  MISS:    2697536  HIT %:    20.6889  MISS %:    79.3111   MPKI: 13.4877
L2C PREFETCH  ACCESS:    2452462  HIT:    1163697  MISS:    1288765  HIT %:    47.4502  MISS %:    52.5498   MPKI: 6.44383
AGUS PREFETCH L1 MISS: 0
L2C DATA PREFETCH MPKI: 6.44383
L2C INSTRUCTION PREFETCH MPKI: 0
L2C WRITEBACK ACCESS:    4216172  HIT:    4208718  MISS:       7454  HIT %:    99.8232  MISS %:   0.176795   MPKI: 0.03727
L2C LOAD TRANSLATION ACCESS:     174726  HIT:     122397  MISS:      52329  HIT %:    70.0508  MISS %:    29.9492   MPKI: 0.261645
L2C PREFETCH  REQUESTED:    2764534  ISSUED:    2764534  USEFUL:    1080537  USELESS:     208305
L2C USEFUL LOAD PREFETCHES:    1080537 PREFETCH ISSUED TO LOWER LEVEL:    1449980  ACCURACY: 74.5208
L2C TIMELY PREFETCHES:    1080537 LATE PREFETCHES: 161215 DROPPED PREFETCHES: 0
L2C PREFETCHES SAME FILL-ORIGIN LEVEL: 1449980 DIFFERENT FILL-ORIGIN LEVEL: 0
L2C AVERAGE MISS LATENCY:    176.554 cycles AVERAGE LOAD MISS LATENCY:    127.574 cycles Load Miss     715530
L2C Average MSHR Occupancy:    3.12497
L2C RQ	ACCESS:   21389985	FORWARD:          0	MERGED:          0	TO_CACHE:   21389734
L2C WQ	ACCESS:    4216174	FORWARD:        251	MERGED:          0	TO_CACHE:    4216174
L2C PQ	ACCESS:    2764534	FORWARD:          0	MERGED:          0	TO_CACHE:    2764534

L2C Instructions Evicting Data 49885
L2C Translations Evicting Data 51326
L2C Data Evicting Data 4550203
L2C Instructions Evicting Instructions 731
L2C Translations Evicting Instructions 567
L2C Data Evicting Instructions 49766
L2C Instructions Evicting Translations 616
L2C Translations Evicting Translations 436
L2C Data Evicting Translations 51251
L2C Dense regions hint from L2: 0
PSCL5 TOTAL     ACCESS:     146975  HIT:     146975  MISS:          0  HIT %:        100  MISS %:          0   MPKI: 0
PSCL5 LOAD TRANSLATION ACCESS:     146975  HIT:     146975  MISS:          0  HIT %:        100  MISS %:          0   MPKI: 0
PSCL5 PREFETCH  REQUESTED:          0  ISSUED:          0  USEFUL:          0  USELESS:          0
PSCL5 USEFUL LOAD PREFETCHES:          0 PREFETCH ISSUED TO LOWER LEVEL:          0  ACCURACY: -nan
PSCL5 TIMELY PREFETCHES:          0 LATE PREFETCHES: 0 DROPPED PREFETCHES: 0
PSCL5 PREFETCHES SAME FILL-ORIGIN LEVEL: 0 DIFFERENT FILL-ORIGIN LEVEL: 0

PSCL4 TOTAL     ACCESS:     139573  HIT:     139184  MISS:        389  HIT %:    99.7213  MISS %:   0.278707   MPKI: 0.001945
PSCL4 LOAD TRANSLATION ACCESS:     139573  HIT:     139184  MISS:        389  HIT %:    99.7213  MISS %:   0.278707   MPKI: 0.001945
PSCL4 PREFETCH  REQUESTED:          0  ISSUED:          0  USEFUL:          0  USELESS:          0
PSCL4 USEFUL LOAD PREFETCHES:          0 PREFETCH ISSUED TO LOWER LEVEL:          0  ACCURACY: -nan
PSCL4 TIMELY PREFETCHES:          0 LATE PREFETCHES: 0 DROPPED PREFETCHES: 0
PSCL4 PREFETCHES SAME FILL-ORIGIN LEVEL: 0 DIFFERENT FILL-ORIGIN LEVEL: 0

PSCL3 TOTAL     ACCESS:     146884  HIT:     146487  MISS:        397  HIT %:    99.7297  MISS %:   0.270281   MPKI: 0.001985
PSCL3 LOAD TRANSLATION ACCESS:     146884  HIT:     146487  MISS:        397  HIT %:    99.7297  MISS %:   0.270281   MPKI: 0.001985
PSCL3 PREFETCH  REQUESTED:          0  ISSUED:          0  USEFUL:          0  USELESS:          0
PSCL3 USEFUL LOAD PREFETCHES:          0 PREFETCH ISSUED TO LOWER LEVEL:          0  ACCURACY: -nan
PSCL3 TIMELY PREFETCHES:          0 LATE PREFETCHES: 0 DROPPED PREFETCHES: 0
PSCL3 PREFETCHES SAME FILL-ORIGIN LEVEL: 0 DIFFERENT FILL-ORIGIN LEVEL: 0

PSCL2 TOTAL     ACCESS:     146975  HIT:     120010  MISS:      26965  HIT %:    81.6533  MISS %:    18.3467   MPKI: 0.134825
PSCL2 LOAD TRANSLATION ACCESS:     146975  HIT:     120010  MISS:      26965  HIT %:    81.6533  MISS %:    18.3467   MPKI: 0.134825
PSCL2 PREFETCH  REQUESTED:          0  ISSUED:          0  USEFUL:          0  USELESS:          0
PSCL2 USEFUL LOAD PREFETCHES:          0 PREFETCH ISSUED TO LOWER LEVEL:          0  ACCURACY: -nan
PSCL2 TIMELY PREFETCHES:          0 LATE PREFETCHES: 0 DROPPED PREFETCHES: 0
PSCL2 PREFETCHES SAME FILL-ORIGIN LEVEL: 0 DIFFERENT FILL-ORIGIN LEVEL: 0

LLC TOTAL     ACCESS:    7880754  HIT:    2603820  MISS:    5276934  HIT %:    33.0402  MISS %:    66.9598   MPKI: 26.3847
LLC LOAD      ACCESS:     554645  HIT:     301416  MISS:     253229  HIT %:    54.3439  MISS %:    45.6561   MPKI: 1.26615
LLC RFO       ACCESS:    2697166  HIT:     522534  MISS:    2174632  HIT %:    19.3734  MISS %:    80.6266   MPKI: 10.8732
LLC PREFETCH  ACCESS:    1449980  HIT:     956776  MISS:     493204  HIT %:    65.9855  MISS %:    34.0145   MPKI: 2.46602
AGUS PREFETCH L1 MISS: 0
LLC WRITEBACK ACCESS:    3126634  HIT:     784740  MISS:    2341894  HIT %:    25.0986  MISS %:    74.9014   MPKI: 11.7095
LLC LOAD TRANSLATION ACCESS:      52329  HIT:      38354  MISS:      13975  HIT %:     73.294  MISS %:     26.706   MPKI: 0.069875
LLC PREFETCH  REQUESTED:          0  ISSUED:          0  USEFUL:      29204  USELESS:     212726
LLC USEFUL LOAD PREFETCHES:      29204 PREFETCH ISSUED TO LOWER LEVEL:     493204  ACCURACY: 5.92128
LLC TIMELY PREFETCHES:      29204 LATE PREFETCHES: 0 DROPPED PREFETCHES: 0
LLC PREFETCHES SAME FILL-ORIGIN LEVEL: 0 DIFFERENT FILL-ORIGIN LEVEL: 0
LLC AVERAGE MISS LATENCY:     120.58 cycles AVERAGE LOAD MISS LATENCY:    191.117 cycles Load Miss     253229
LLC Average MSHR Occupancy:    2.33214
LLC RQ	ACCESS:    3304194	FORWARD:          0	MERGED:          0	TO_CACHE:    3304153
LLC WQ	ACCESS:    3126634	FORWARD:         41	MERGED:          0	TO_CACHE:    3126634
LLC PQ	ACCESS:    1449980	FORWARD:          0	MERGED:          0	TO_CACHE:    1449980

LLC Dense regions hint to LLC: 0

RAW hits: 5408813
Loads Generated: 46868794
Loads sent to L1D: 41459986
Stores Generated: 32486403
Stores sent to L1D: 32486427
Major fault: 0 Minor fault: 22612
Allocated PAGES: 22612
[Bingo] PHT Access: 505523
[Bingo] PHT Hit PC+Addr: 192645
[Bingo] PHT Hit PC+Offs: 255530
[Bingo] PHT Miss: 57348
[Bingo] Prefetch PC+Addr: 0
[Bingo] Prefetch PC+Offs: 0
[Bingo] Useful PC+Addr: 0
[Bingo] Useful PC+Offs: 0
[Bingo] Useless PC+Addr: 0
[Bingo] Useless PC+Offs: 0
[Bingo] L1 Prefetch per Region: 0
[Bingo] L2 Prefetch per Region: 7.48283
[Bingo] L3 Prefetch per Region: 0
[Bingo] No Prefetch per Region: 24.5172
[Bingo] Number of Voters Mean: 13.6079
[Bingo] Number of Voters SD: 15.2385
PHT read accesses: 5467773
PHT write accesses: 331653
AT read accesses: 2681054
AT write accesses: 2969127
FT read accesses: 1124188
FT write accesses: 505523
PS read accesses: 1144616
PS write accesses: 448175
PHT tag read accesses: 13919770
PHT tag write accesses: 524298
AT tag read accesses: 143006265
AT tag write accesses: 3012703
FT tag read accesses: 109402776
FT tag write accesses: 1239387
PS tag read accesses: 67604543
PS tag write accesses: 1582886
================ Mockingjay (LLC) Pollution Stats ================
Total pollution count in LLC: 56753
==================================================================

DRAM Statistics
 CHANNEL 0
 RQ ROW_BUFFER_HIT:    1670006  ROW_BUFFER_MISS:    1265022
 DBUS_CONGESTED:       1442
 WQ ROW_BUFFER_HIT:     653781  ROW_BUFFER_MISS:    1762294  FULL:     245655

 AVG_CONGESTED_CYCLE: 6
 All warmup complete: 2
Channel 0 Bank busy for read cycles: 0
Channel 0 Bank busy for write cycles: 0
Channel 0
Rank 0
0banks busy for read cycles: 113280445
0banks busy for write cycles: 181710
1banks busy for read cycles: 17884680
1banks busy for write cycles: 22957711
2banks busy for read cycles: 11895012
2banks busy for write cycles: 13011691
3banks busy for read cycles: 13501649
3banks busy for write cycles: 8084556
4banks busy for read cycles: 7624873
4banks busy for write cycles: 4984965
5banks busy for read cycles: 2343682
5banks busy for write cycles: 3593220
6banks busy for read cycles: 2333052
6banks busy for write cycles: 3356502
7banks busy for read cycles: 2934704
7banks busy for write cycles: 5272324
8banks busy for read cycles: 14756311
8banks busy for write cycles: 23582711

CPU 0 Branch Prediction Accuracy: 99.9489% MPKI: 0.079625 Average ROB Occupancy at Mispredict: 172.231
Branch types
NOT_BRANCH: 168834823 84.4174%
BRANCH_DIRECT_JUMP: 1726086 0.863043%
BRANCH_INDIRECT: 9828442 4.91422%
BRANCH_CONDITIONAL: 12960218 6.48011%
BRANCH_DIRECT_CALL: 2629120 1.31456%
BRANCH_INDIRECT_CALL: 695933 0.347967%
BRANCH_RETURN: 3325043 1.66252%
BRANCH_OTHER: 0 0%

===================== LRU L1D STATS =====================
Total pollution count in L1D: 0
=========================================================
================ SRRIP (L2C) Pollution Stats ================
Total pollution count in L2c: 1191431
==================================================================
DRAM PAGES: 1048576
Allocated PAGES: 22612
