
*** ChampSim Multicore Out-of-Order Simulator ***

Warmup Instructions: 200000000
Simulation Instructions: 200000000
Number of CPUs: 1
LLC sets: 4096
LLC ways: 12
Off-chip DRAM Size: 4096 MB Channels: 1 Width: 64-bit Data Rate: 6400 MT/s
CPU 0 runs /home1/sweta/traces/qualcomm_traces/server_022.champsimtrace.xz
.xz
BTB has LRU replacement policy
ITLB has LRU replacement policy
DTLB has LRU replacement policy
STLB has LRU replacement policy
L1I has LRU replacement policy
L1D has LRU replacement policy
Bingo PHT WAYS: 16 and PHT_SIZE: 16384
Initialize SRRIP state for L2C
Initialize Mockingjay state for LLC
Heartbeat CPU 0 instructions: 10000001 cycles: 2316942 heartbeat IPC: 4.31603 cumulative IPC: 4.31603 (Simulation time: 0 hr 0 min 19 sec) 
Heartbeat CPU 0 instructions: 20000005 cycles: 4641300 heartbeat IPC: 4.30227 cumulative IPC: 4.30914 (Simulation time: 0 hr 0 min 38 sec) 
Heartbeat CPU 0 instructions: 30000000 cycles: 6952075 heartbeat IPC: 4.32755 cumulative IPC: 4.31526 (Simulation time: 0 hr 0 min 57 sec) 
Heartbeat CPU 0 instructions: 40000002 cycles: 9273317 heartbeat IPC: 4.30804 cumulative IPC: 4.31345 (Simulation time: 0 hr 1 min 18 sec) 
Heartbeat CPU 0 instructions: 50000001 cycles: 11589443 heartbeat IPC: 4.31755 cumulative IPC: 4.31427 (Simulation time: 0 hr 1 min 40 sec) 
Heartbeat CPU 0 instructions: 60000005 cycles: 13914898 heartbeat IPC: 4.30024 cumulative IPC: 4.31193 (Simulation time: 0 hr 2 min 2 sec) 
Heartbeat CPU 0 instructions: 70000001 cycles: 16223671 heartbeat IPC: 4.3313 cumulative IPC: 4.31468 (Simulation time: 0 hr 2 min 24 sec) 
Heartbeat CPU 0 instructions: 80000001 cycles: 18551299 heartbeat IPC: 4.29622 cumulative IPC: 4.31237 (Simulation time: 0 hr 2 min 45 sec) 
Heartbeat CPU 0 instructions: 90000000 cycles: 20860403 heartbeat IPC: 4.33068 cumulative IPC: 4.31439 (Simulation time: 0 hr 3 min 6 sec) 
Heartbeat CPU 0 instructions: 100000004 cycles: 23181963 heartbeat IPC: 4.30745 cumulative IPC: 4.3137 (Simulation time: 0 hr 3 min 28 sec) 
*** Reached end of trace for Core: 0 Repeating trace: /home1/sweta/traces/qualcomm_traces/server_022.champsimtrace.xz
Heartbeat CPU 0 instructions: 110000005 cycles: 25506048 heartbeat IPC: 4.30277 cumulative IPC: 4.3127 (Simulation time: 0 hr 3 min 50 sec) 
Heartbeat CPU 0 instructions: 120000005 cycles: 27816310 heartbeat IPC: 4.32851 cumulative IPC: 4.31402 (Simulation time: 0 hr 4 min 13 sec) 
Heartbeat CPU 0 instructions: 130000000 cycles: 30143645 heartbeat IPC: 4.29676 cumulative IPC: 4.31268 (Simulation time: 0 hr 4 min 36 sec) 
Heartbeat CPU 0 instructions: 140000003 cycles: 32453083 heartbeat IPC: 4.33006 cumulative IPC: 4.31392 (Simulation time: 0 hr 5 min 3 sec) 
Heartbeat CPU 0 instructions: 150000000 cycles: 34774372 heartbeat IPC: 4.30795 cumulative IPC: 4.31352 (Simulation time: 0 hr 5 min 30 sec) 
Heartbeat CPU 0 instructions: 160000004 cycles: 37093529 heartbeat IPC: 4.31191 cumulative IPC: 4.31342 (Simulation time: 0 hr 5 min 57 sec) 
Heartbeat CPU 0 instructions: 170000000 cycles: 39415177 heartbeat IPC: 4.30728 cumulative IPC: 4.31306 (Simulation time: 0 hr 6 min 25 sec) 
Heartbeat CPU 0 instructions: 180000000 cycles: 41729290 heartbeat IPC: 4.32131 cumulative IPC: 4.31352 (Simulation time: 0 hr 6 min 51 sec) 
Heartbeat CPU 0 instructions: 190000002 cycles: 44051397 heartbeat IPC: 4.30643 cumulative IPC: 4.31314 (Simulation time: 0 hr 7 min 18 sec) 
Heartbeat CPU 0 instructions: 200000000 cycles: 46361979 heartbeat IPC: 4.32791 cumulative IPC: 4.31388 (Simulation time: 0 hr 7 min 45 sec) 

Warmup complete CPU 0 instructions: 200000008 cycles: 46361980 (Simulation time: 0 hr 7 min 45 sec) 

Heartbeat CPU 0 instructions: 210000006 cycles: 59658134 heartbeat IPC: 0.752098 cumulative IPC: 0.752097 (Simulation time: 0 hr 8 min 23 sec) 
*** Reached end of trace for Core: 0 Repeating trace: /home1/sweta/traces/qualcomm_traces/server_022.champsimtrace.xz
Heartbeat CPU 0 instructions: 220000001 cycles: 72664341 heartbeat IPC: 0.768863 cumulative IPC: 0.760388 (Simulation time: 0 hr 9 min 0 sec) 
Heartbeat CPU 0 instructions: 230000005 cycles: 85558323 heartbeat IPC: 0.775556 cumulative IPC: 0.765377 (Simulation time: 0 hr 9 min 36 sec) 
Heartbeat CPU 0 instructions: 240000001 cycles: 98513648 heartbeat IPC: 0.771883 cumulative IPC: 0.766994 (Simulation time: 0 hr 10 min 11 sec) 
Heartbeat CPU 0 instructions: 250000005 cycles: 111472474 heartbeat IPC: 0.771675 cumulative IPC: 0.767925 (Simulation time: 0 hr 10 min 46 sec) 
Heartbeat CPU 0 instructions: 260000003 cycles: 124694317 heartbeat IPC: 0.756324 cumulative IPC: 0.765967 (Simulation time: 0 hr 11 min 21 sec) 
Heartbeat CPU 0 instructions: 270000000 cycles: 137958260 heartbeat IPC: 0.753923 cumulative IPC: 0.764223 (Simulation time: 0 hr 11 min 56 sec) 
Heartbeat CPU 0 instructions: 280000004 cycles: 150919207 heartbeat IPC: 0.771549 cumulative IPC: 0.765131 (Simulation time: 0 hr 12 min 31 sec) 
Heartbeat CPU 0 instructions: 290000007 cycles: 163924488 heartbeat IPC: 0.768919 cumulative IPC: 0.76555 (Simulation time: 0 hr 13 min 6 sec) 
Heartbeat CPU 0 instructions: 300000005 cycles: 176949500 heartbeat IPC: 0.767753 cumulative IPC: 0.76577 (Simulation time: 0 hr 13 min 42 sec) 
Heartbeat CPU 0 instructions: 310000003 cycles: 189900794 heartbeat IPC: 0.772123 cumulative IPC: 0.766343 (Simulation time: 0 hr 14 min 16 sec) 
Heartbeat CPU 0 instructions: 320000000 cycles: 203122109 heartbeat IPC: 0.756354 cumulative IPC: 0.765501 (Simulation time: 0 hr 14 min 51 sec) 
*** Reached end of trace for Core: 0 Repeating trace: /home1/sweta/traces/qualcomm_traces/server_022.champsimtrace.xz
Heartbeat CPU 0 instructions: 330000004 cycles: 216045763 heartbeat IPC: 0.773775 cumulative IPC: 0.766131 (Simulation time: 0 hr 15 min 26 sec) 
Heartbeat CPU 0 instructions: 340000001 cycles: 229019938 heartbeat IPC: 0.770762 cumulative IPC: 0.76646 (Simulation time: 0 hr 16 min 1 sec) 
Heartbeat CPU 0 instructions: 350000003 cycles: 241938817 heartbeat IPC: 0.774061 cumulative IPC: 0.766962 (Simulation time: 0 hr 16 min 36 sec) 
Heartbeat CPU 0 instructions: 360000000 cycles: 254919158 heartbeat IPC: 0.770396 cumulative IPC: 0.767176 (Simulation time: 0 hr 17 min 12 sec) 
Heartbeat CPU 0 instructions: 370000001 cycles: 268084636 heartbeat IPC: 0.759562 cumulative IPC: 0.766724 (Simulation time: 0 hr 17 min 46 sec) 
Heartbeat CPU 0 instructions: 380000005 cycles: 281314085 heartbeat IPC: 0.75589 cumulative IPC: 0.766114 (Simulation time: 0 hr 18 min 21 sec) 
Heartbeat CPU 0 instructions: 390000003 cycles: 294253589 heartbeat IPC: 0.772827 cumulative IPC: 0.766464 (Simulation time: 0 hr 18 min 56 sec) 
Heartbeat CPU 0 instructions: 400000001 cycles: 307330493 heartbeat IPC: 0.764707 cumulative IPC: 0.766376 (Simulation time: 0 hr 19 min 30 sec) 
Finished CPU 0 instructions: 200000001 cycles: 260968514 cumulative IPC: 0.766376 (Simulation time: 0 hr 19 min 30 sec) 

ChampSim completed all CPUs

Region of Interest Statistics

CPU 0 cumulative IPC: 0.766376 instructions: 200000001 cycles: 260968514
ITLB TOTAL     ACCESS:   20617595  HIT:   19076685  MISS:    1540910  HIT %:    92.5262  MISS %:    7.47376   MPKI: 7.70455
ITLB LOAD TRANSLATION ACCESS:   20617595  HIT:   19076685  MISS:    1540910  HIT %:    92.5262  MISS %:    7.47376   MPKI: 7.70455
ITLB PREFETCH  REQUESTED:          0  ISSUED:          0  USEFUL:          0  USELESS:          0
ITLB USEFUL LOAD PREFETCHES:          0 PREFETCH ISSUED TO LOWER LEVEL:          0  ACCURACY: -nan
ITLB TIMELY PREFETCHES:          0 LATE PREFETCHES: 0 DROPPED PREFETCHES: 0
ITLB PREFETCHES SAME FILL-ORIGIN LEVEL: 0 DIFFERENT FILL-ORIGIN LEVEL: 0
ITLB AVERAGE MISS LATENCY:     9.1035 cycles AVERAGE LOAD MISS LATENCY:       -nan cycles Load Miss          0
ITLB Average MSHR Occupancy:  0.0479243
ITLB RQ	ACCESS:   27357909	FORWARD:          0	MERGED:    5059528	TO_CACHE:   22298381

DTLB TOTAL     ACCESS:   33177359  HIT:   31653959  MISS:    1523400  HIT %:    95.4083  MISS %:    4.59169   MPKI: 7.617
DTLB LOAD TRANSLATION ACCESS:   33177359  HIT:   31653959  MISS:    1523400  HIT %:    95.4083  MISS %:    4.59169   MPKI: 7.617
DTLB PREFETCH  REQUESTED:          0  ISSUED:          0  USEFUL:          0  USELESS:          0
DTLB USEFUL LOAD PREFETCHES:          0 PREFETCH ISSUED TO LOWER LEVEL:          0  ACCURACY: -nan
DTLB TIMELY PREFETCHES:          0 LATE PREFETCHES: 0 DROPPED PREFETCHES: 0
DTLB PREFETCHES SAME FILL-ORIGIN LEVEL: 0 DIFFERENT FILL-ORIGIN LEVEL: 0
DTLB AVERAGE MISS LATENCY:    12.4535 cycles AVERAGE LOAD MISS LATENCY:       -nan cycles Load Miss          0
DTLB Average MSHR Occupancy:  0.0684532
DTLB RQ	ACCESS:   57590310	FORWARD:          0	MERGED:   24076126	TO_CACHE:   33514184

STLB TOTAL     ACCESS:    3064310  HIT:    2991162  MISS:      73148  HIT %:    97.6129  MISS %:     2.3871   MPKI: 0.36574
STLB LOAD TRANSLATION ACCESS:    3064310  HIT:    2991162  MISS:      73148  HIT %:    97.6129  MISS %:     2.3871   MPKI: 0.36574
STLB PREFETCH  REQUESTED:          0  ISSUED:          0  USEFUL:          0  USELESS:          0
STLB USEFUL LOAD PREFETCHES:          0 PREFETCH ISSUED TO LOWER LEVEL:          0  ACCURACY: -nan
STLB TIMELY PREFETCHES:          0 LATE PREFETCHES: 0 DROPPED PREFETCHES: 0
STLB PREFETCHES SAME FILL-ORIGIN LEVEL: 0 DIFFERENT FILL-ORIGIN LEVEL: 0
STLB AVERAGE MISS LATENCY:    73.3614 cycles AVERAGE LOAD MISS LATENCY:       -nan cycles Load Miss          0
STLB Average MSHR Occupancy:  0.0211059
STLB RQ	ACCESS:    3064310	FORWARD:          0	MERGED:          0	TO_CACHE:    3064310

STLB Hit, L1D data hit: 0
STLB Hit, L2C data hit: 0
STLB Hit, LLC data hit: 0
STLB Hit, LLC data miss: 0
STLB STLB hints to L2: 0
L1D TOTAL     ACCESS:   45794345  HIT:   39031149  MISS:    6763196  HIT %:    85.2314  MISS %:    14.7686   MPKI: 33.816
L1D LOAD      ACCESS:   22844142  HIT:   19770905  MISS:    3073237  HIT %:    86.5469  MISS %:    13.4531   MPKI: 15.3662
L1D RFO       ACCESS:   22950203  HIT:   19260244  MISS:    3689959  HIT %:    83.9219  MISS %:    16.0781   MPKI: 18.4498
L1D PREFETCH  REQUESTED:          0  ISSUED:          0  USEFUL:          0  USELESS:          0
L1D USEFUL LOAD PREFETCHES:          0 PREFETCH ISSUED TO LOWER LEVEL:          0  ACCURACY: -nan
L1D TIMELY PREFETCHES:          0 LATE PREFETCHES: 0 DROPPED PREFETCHES: 0
L1D PREFETCHES SAME FILL-ORIGIN LEVEL: 0 DIFFERENT FILL-ORIGIN LEVEL: 0
L1D AVERAGE MISS LATENCY:    112.756 cycles AVERAGE LOAD MISS LATENCY:    22.8699 cycles Load Miss    3073237
L1D Average MSHR Occupancy:    2.98478
L1D RQ	ACCESS:   41941812	FORWARD:          0	MERGED:   17940152	TO_CACHE:   23752470
L1D WQ	ACCESS:   34224464	FORWARD:     249190	MERGED:     386624	TO_CACHE:   33837840

L1D UNIQUE REGIONS ACCESSED: 0
L1D REGIONS CONFLICTS: 0
L1D Cross Page Prefetch Requests: 0
L1D Same Page Prefetch Requests: 0
L1D ROI Sum of L1D PQ occupancy: 0
L1D PREFETCHES PUSHED FROM L2C: 0
L1I TOTAL     ACCESS:   26430858  HIT:    8220042  MISS:   18210816  HIT %:    31.1002  MISS %:    68.8998   MPKI: 91.0541
L1I LOAD      ACCESS:   26430858  HIT:    8220042  MISS:   18210816  HIT %:    31.1002  MISS %:    68.8998   MPKI: 91.0541
L1I PREFETCH  REQUESTED:          0  ISSUED:          0  USEFUL:          0  USELESS:          0
L1I USEFUL LOAD PREFETCHES:          0 PREFETCH ISSUED TO LOWER LEVEL:          0  ACCURACY: -nan
L1I TIMELY PREFETCHES:          0 LATE PREFETCHES: 0 DROPPED PREFETCHES: 0
L1I PREFETCHES SAME FILL-ORIGIN LEVEL: 0 DIFFERENT FILL-ORIGIN LEVEL: 0
L1I AVERAGE MISS LATENCY:    14.3382 cycles AVERAGE LOAD MISS LATENCY:    14.3382 cycles Load Miss   18210816
L1I Average MSHR Occupancy:   0.978483
L1I RQ	ACCESS:   50526348	FORWARD:          0	MERGED:   23168439	TO_CACHE:   27357909

BTB TOTAL     ACCESS:   25708867  HIT:   24153115  MISS:    1555752  HIT %:    93.9486  MISS %:    6.05142   MPKI: 7.77876
BTB BRANCH_DIRECT_JUMP	ACCESS:    1659896  HIT:    1648664  MISS:      11232
BTB BRANCH_INDIRECT	ACCESS:    9961457  HIT:    9446950  MISS:     514507
BTB BRANCH_CONDITIONAL	ACCESS:    7253743  HIT:    7238098  MISS:      15645
BTB BRANCH_DIRECT_CALL	ACCESS:    2824137  HIT:    2787588  MISS:      36549
BTB BRANCH_INDIRECT_CALL	ACCESS:     592721  HIT:     481029  MISS:     111692
BTB BRANCH_RETURN	ACCESS:    3416913  HIT:    2550786  MISS:     866127
BTB BRANCH_OTHER ACCESS:          0  HIT:          0  MISS:          0

L2C TOTAL     ACCESS:   31869416  HIT:   27367521  MISS:    4501895  HIT %:    85.8739  MISS %:    14.1261   MPKI: 22.5095
L2C LOAD      ACCESS:   21284021  HIT:   20904541  MISS:     379480  HIT %:    98.2171  MISS %:    1.78293   MPKI: 1.8974
L2C DATA LOAD MPKI: 1.70324
L2C INSTRUCTION LOAD MPKI: 0.19416
L2C RFO       ACCESS:    3689934  HIT:     806275  MISS:    2883659  HIT %:    21.8507  MISS %:    78.1493   MPKI: 14.4183
L2C PREFETCH  ACCESS:    2458320  HIT:    1261404  MISS:    1196916  HIT %:    51.3116  MISS %:    48.6884   MPKI: 5.98458
AGUS PREFETCH L1 MISS: 0
L2C DATA PREFETCH MPKI: 5.98458
L2C INSTRUCTION PREFETCH MPKI: 0
L2C WRITEBACK ACCESS:    4355912  HIT:    4343308  MISS:      12604  HIT %:    99.7106  MISS %:   0.289354   MPKI: 0.06302
L2C LOAD TRANSLATION ACCESS:      81229  HIT:      51993  MISS:      29236  HIT %:    64.0079  MISS %:    35.9921   MPKI: 0.14618
L2C PREFETCH  REQUESTED:    2619416  ISSUED:    2619416  USEFUL:    1149054  USELESS:      47877
L2C USEFUL LOAD PREFETCHES:    1149054 PREFETCH ISSUED TO LOWER LEVEL:    1290767  ACCURACY: 89.021
L2C TIMELY PREFETCHES:    1149054 LATE PREFETCHES: 93851 DROPPED PREFETCHES: 0
L2C PREFETCHES SAME FILL-ORIGIN LEVEL: 1290767 DIFFERENT FILL-ORIGIN LEVEL: 0
L2C AVERAGE MISS LATENCY:    163.936 cycles AVERAGE LOAD MISS LATENCY:    71.9461 cycles Load Miss     379480
L2C Average MSHR Occupancy:    2.83103
L2C RQ	ACCESS:   25055241	FORWARD:          0	MERGED:          0	TO_CACHE:   25055185
L2C WQ	ACCESS:    4355912	FORWARD:         56	MERGED:          0	TO_CACHE:    4355912
L2C PQ	ACCESS:    2619416	FORWARD:          0	MERGED:          8	TO_CACHE:    2619408

L2C Instructions Evicting Data 38007
L2C Translations Evicting Data 28767
L2C Data Evicting Data 4354312
L2C Instructions Evicting Instructions 543
L2C Translations Evicting Instructions 294
L2C Data Evicting Instructions 38142
L2C Instructions Evicting Translations 282
L2C Translations Evicting Translations 175
L2C Data Evicting Translations 28769
L2C Dense regions hint from L2: 0
PSCL5 TOTAL     ACCESS:      73148  HIT:      73148  MISS:          0  HIT %:        100  MISS %:          0   MPKI: 0
PSCL5 LOAD TRANSLATION ACCESS:      73148  HIT:      73148  MISS:          0  HIT %:        100  MISS %:          0   MPKI: 0
PSCL5 PREFETCH  REQUESTED:          0  ISSUED:          0  USEFUL:          0  USELESS:          0
PSCL5 USEFUL LOAD PREFETCHES:          0 PREFETCH ISSUED TO LOWER LEVEL:          0  ACCURACY: -nan
PSCL5 TIMELY PREFETCHES:          0 LATE PREFETCHES: 0 DROPPED PREFETCHES: 0
PSCL5 PREFETCHES SAME FILL-ORIGIN LEVEL: 0 DIFFERENT FILL-ORIGIN LEVEL: 0

PSCL4 TOTAL     ACCESS:      64756  HIT:      64674  MISS:         82  HIT %:    99.8734  MISS %:   0.126629   MPKI: 0.00041
PSCL4 LOAD TRANSLATION ACCESS:      64756  HIT:      64674  MISS:         82  HIT %:    99.8734  MISS %:   0.126629   MPKI: 0.00041
PSCL4 PREFETCH  REQUESTED:          0  ISSUED:          0  USEFUL:          0  USELESS:          0
PSCL4 USEFUL LOAD PREFETCHES:          0 PREFETCH ISSUED TO LOWER LEVEL:          0  ACCURACY: -nan
PSCL4 TIMELY PREFETCHES:          0 LATE PREFETCHES: 0 DROPPED PREFETCHES: 0
PSCL4 PREFETCHES SAME FILL-ORIGIN LEVEL: 0 DIFFERENT FILL-ORIGIN LEVEL: 0

PSCL3 TOTAL     ACCESS:      73124  HIT:      72958  MISS:        166  HIT %:     99.773  MISS %:   0.227012   MPKI: 0.00083
PSCL3 LOAD TRANSLATION ACCESS:      73124  HIT:      72958  MISS:        166  HIT %:     99.773  MISS %:   0.227012   MPKI: 0.00083
PSCL3 PREFETCH  REQUESTED:          0  ISSUED:          0  USEFUL:          0  USELESS:          0
PSCL3 USEFUL LOAD PREFETCHES:          0 PREFETCH ISSUED TO LOWER LEVEL:          0  ACCURACY: -nan
PSCL3 TIMELY PREFETCHES:          0 LATE PREFETCHES: 0 DROPPED PREFETCHES: 0
PSCL3 PREFETCHES SAME FILL-ORIGIN LEVEL: 0 DIFFERENT FILL-ORIGIN LEVEL: 0

PSCL2 TOTAL     ACCESS:      73148  HIT:      65315  MISS:       7833  HIT %:    89.2916  MISS %:    10.7084   MPKI: 0.039165
PSCL2 LOAD TRANSLATION ACCESS:      73148  HIT:      65315  MISS:       7833  HIT %:    89.2916  MISS %:    10.7084   MPKI: 0.039165
PSCL2 PREFETCH  REQUESTED:          0  ISSUED:          0  USEFUL:          0  USELESS:          0
PSCL2 USEFUL LOAD PREFETCHES:          0 PREFETCH ISSUED TO LOWER LEVEL:          0  ACCURACY: -nan
PSCL2 TIMELY PREFETCHES:          0 LATE PREFETCHES: 0 DROPPED PREFETCHES: 0
PSCL2 PREFETCHES SAME FILL-ORIGIN LEVEL: 0 DIFFERENT FILL-ORIGIN LEVEL: 0

LLC TOTAL     ACCESS:    7610446  HIT:    2777782  MISS:    4832664  HIT %:    36.4996  MISS %:    63.5004   MPKI: 24.1633
LLC LOAD      ACCESS:     286159  HIT:     241024  MISS:      45135  HIT %:    84.2273  MISS %:    15.7727   MPKI: 0.225675
LLC RFO       ACCESS:    2883075  HIT:     546384  MISS:    2336691  HIT %:    18.9514  MISS %:    81.0486   MPKI: 11.6835
LLC PREFETCH  ACCESS:    1290767  HIT:    1184573  MISS:     106194  HIT %:    91.7728  MISS %:     8.2272   MPKI: 0.53097
AGUS PREFETCH L1 MISS: 0
LLC WRITEBACK ACCESS:    3121209  HIT:     785388  MISS:    2335821  HIT %:    25.1629  MISS %:    74.8371   MPKI: 11.6791
LLC LOAD TRANSLATION ACCESS:      29236  HIT:      20413  MISS:       8823  HIT %:    69.8215  MISS %:    30.1785   MPKI: 0.044115
LLC PREFETCH  REQUESTED:          0  ISSUED:          0  USEFUL:       1475  USELESS:      36878
LLC USEFUL LOAD PREFETCHES:       1475 PREFETCH ISSUED TO LOWER LEVEL:     106194  ACCURACY: 1.38897
LLC TIMELY PREFETCHES:       1475 LATE PREFETCHES: 0 DROPPED PREFETCHES: 0
LLC PREFETCHES SAME FILL-ORIGIN LEVEL: 0 DIFFERENT FILL-ORIGIN LEVEL: 0
LLC AVERAGE MISS LATENCY:    111.471 cycles AVERAGE LOAD MISS LATENCY:    185.331 cycles Load Miss      45135
LLC Average MSHR Occupancy:    2.05467
LLC RQ	ACCESS:    3198524	FORWARD:          0	MERGED:          0	TO_CACHE:    3198470
LLC WQ	ACCESS:    3121209	FORWARD:         54	MERGED:          0	TO_CACHE:    3121209
LLC PQ	ACCESS:    1290767	FORWARD:          0	MERGED:          0	TO_CACHE:    1290767

LLC Dense regions hint to LLC: 0

RAW hits: 5759334
Loads Generated: 47701149
Loads sent to L1D: 41941812
Stores Generated: 34224465
Stores sent to L1D: 34224464
Major fault: 0 Minor fault: 23678
Allocated PAGES: 23678
[Bingo] PHT Access: 352694
[Bingo] PHT Hit PC+Addr: 197377
[Bingo] PHT Hit PC+Offs: 102670
[Bingo] PHT Miss: 52647
[Bingo] Prefetch PC+Addr: 0
[Bingo] Prefetch PC+Offs: 0
[Bingo] Useful PC+Addr: 0
[Bingo] Useful PC+Offs: 0
[Bingo] Useless PC+Addr: 0
[Bingo] Useless PC+Offs: 0
[Bingo] L1 Prefetch per Region: 0
[Bingo] L2 Prefetch per Region: 10.2548
[Bingo] L3 Prefetch per Region: 0
[Bingo] No Prefetch per Region: 21.7452
[Bingo] Number of Voters Mean: 11.8775
[Bingo] Number of Voters SD: 14.676
PHT read accesses: 2894804
PHT write accesses: 236151
AT read accesses: 2692457
AT write accesses: 2893224
FT read accesses: 842388
FT write accesses: 352694
PS read accesses: 774450
PS write accesses: 300047
PHT tag read accesses: 8298737
PHT tag write accesses: 433528
AT tag read accesses: 132272667
AT tag write accesses: 2928608
FT tag read accesses: 95687093
FT tag write accesses: 895492
PS tag read accesses: 60085077
PS tag write accesses: 1063272
================ Mockingjay (LLC) Pollution Stats ================
Total pollution count in LLC: 3409
==================================================================

DRAM Statistics
 CHANNEL 0
 RQ ROW_BUFFER_HIT:    1600248  ROW_BUFFER_MISS:     896589
 DBUS_CONGESTED:        574
 WQ ROW_BUFFER_HIT:     648528  ROW_BUFFER_MISS:    1721650  FULL:      83428

 AVG_CONGESTED_CYCLE: 4
 All warmup complete: 2
Channel 0 Bank busy for read cycles: 0
Channel 0 Bank busy for write cycles: 0
Channel 0
Rank 0
0banks busy for read cycles: 126107341
0banks busy for write cycles: 151769
1banks busy for read cycles: 23491922
1banks busy for write cycles: 17733208
2banks busy for read cycles: 16465207
2banks busy for write cycles: 7751438
3banks busy for read cycles: 2753664
3banks busy for write cycles: 4654283
4banks busy for read cycles: 3247136
4banks busy for write cycles: 3615896
5banks busy for read cycles: 2271314
5banks busy for write cycles: 3277427
6banks busy for read cycles: 1572729
6banks busy for write cycles: 3567413
7banks busy for read cycles: 2171602
7banks busy for write cycles: 5753053
8banks busy for read cycles: 13058966
8banks busy for write cycles: 23324147

CPU 0 Branch Prediction Accuracy: 99.9493% MPKI: 0.07746 Average ROB Occupancy at Mispredict: 134.509
Branch types
NOT_BRANCH: 169458674 84.7293%
BRANCH_DIRECT_JUMP: 1659896 0.829948%
BRANCH_INDIRECT: 9961457 4.98073%
BRANCH_CONDITIONAL: 12086348 6.04317%
BRANCH_DIRECT_CALL: 2824137 1.41207%
BRANCH_INDIRECT_CALL: 592721 0.29636%
BRANCH_RETURN: 3416913 1.70846%
BRANCH_OTHER: 0 0%

===================== LRU L1D STATS =====================
Total pollution count in L1D: 0
=========================================================
================ SRRIP (L2C) Pollution Stats ================
Total pollution count in L2c: 1081966
==================================================================
DRAM PAGES: 1048576
Allocated PAGES: 23678
