
*** ChampSim Multicore Out-of-Order Simulator ***

Warmup Instructions: 200000000
Simulation Instructions: 200000000
Number of CPUs: 1
LLC sets: 4096
LLC ways: 12
Off-chip DRAM Size: 4096 MB Channels: 1 Width: 64-bit Data Rate: 6400 MT/s
CPU 0 runs /home1/sweta/traces/qualcomm_traces/server_030.champsimtrace.xz
.xz
BTB has LRU replacement policy
ITLB has LRU replacement policy
DTLB has LRU replacement policy
STLB has LRU replacement policy
L1I has LRU replacement policy
L1D has LRU replacement policy
Bingo PHT WAYS: 16 and PHT_SIZE: 16384
Initialize SRRIP state for L2C
Initialize Mockingjay state for LLC
Heartbeat CPU 0 instructions: 10000003 cycles: 2075177 heartbeat IPC: 4.81887 cumulative IPC: 4.81887 (Simulation time: 0 hr 0 min 20 sec) 
Heartbeat CPU 0 instructions: 20000007 cycles: 4144127 heartbeat IPC: 4.83337 cumulative IPC: 4.82611 (Simulation time: 0 hr 0 min 38 sec) 
Heartbeat CPU 0 instructions: 30000000 cycles: 6216172 heartbeat IPC: 4.82615 cumulative IPC: 4.82612 (Simulation time: 0 hr 0 min 56 sec) 
Heartbeat CPU 0 instructions: 40000004 cycles: 8288762 heartbeat IPC: 4.82488 cumulative IPC: 4.82581 (Simulation time: 0 hr 1 min 16 sec) 
Heartbeat CPU 0 instructions: 50000000 cycles: 10360598 heartbeat IPC: 4.82663 cumulative IPC: 4.82598 (Simulation time: 0 hr 1 min 37 sec) 
Heartbeat CPU 0 instructions: 60000000 cycles: 12429821 heartbeat IPC: 4.83273 cumulative IPC: 4.8271 (Simulation time: 0 hr 1 min 58 sec) 
Heartbeat CPU 0 instructions: 70000004 cycles: 14498326 heartbeat IPC: 4.83441 cumulative IPC: 4.82814 (Simulation time: 0 hr 2 min 20 sec) 
Heartbeat CPU 0 instructions: 80000000 cycles: 16567826 heartbeat IPC: 4.83208 cumulative IPC: 4.82864 (Simulation time: 0 hr 2 min 41 sec) 
*** Reached end of trace for Core: 0 Repeating trace: /home1/sweta/traces/qualcomm_traces/server_030.champsimtrace.xz
Heartbeat CPU 0 instructions: 90000000 cycles: 18636486 heartbeat IPC: 4.83405 cumulative IPC: 4.82924 (Simulation time: 0 hr 3 min 2 sec) 
Heartbeat CPU 0 instructions: 100000000 cycles: 20709403 heartbeat IPC: 4.82412 cumulative IPC: 4.82872 (Simulation time: 0 hr 3 min 24 sec) 
Heartbeat CPU 0 instructions: 110000002 cycles: 22778702 heartbeat IPC: 4.83256 cumulative IPC: 4.82907 (Simulation time: 0 hr 3 min 45 sec) 
Heartbeat CPU 0 instructions: 120000002 cycles: 24850259 heartbeat IPC: 4.82729 cumulative IPC: 4.82892 (Simulation time: 0 hr 4 min 6 sec) 
Heartbeat CPU 0 instructions: 130000002 cycles: 26922930 heartbeat IPC: 4.82469 cumulative IPC: 4.8286 (Simulation time: 0 hr 4 min 28 sec) 
Heartbeat CPU 0 instructions: 140000007 cycles: 28995205 heartbeat IPC: 4.82562 cumulative IPC: 4.82838 (Simulation time: 0 hr 4 min 51 sec) 
Heartbeat CPU 0 instructions: 150000000 cycles: 31064020 heartbeat IPC: 4.83368 cumulative IPC: 4.82874 (Simulation time: 0 hr 5 min 16 sec) 
Heartbeat CPU 0 instructions: 160000005 cycles: 33132178 heartbeat IPC: 4.83522 cumulative IPC: 4.82914 (Simulation time: 0 hr 5 min 40 sec) 
Heartbeat CPU 0 instructions: 170000001 cycles: 35201390 heartbeat IPC: 4.83276 cumulative IPC: 4.82935 (Simulation time: 0 hr 6 min 5 sec) 
*** Reached end of trace for Core: 0 Repeating trace: /home1/sweta/traces/qualcomm_traces/server_030.champsimtrace.xz
Heartbeat CPU 0 instructions: 180000000 cycles: 37268507 heartbeat IPC: 4.83766 cumulative IPC: 4.82982 (Simulation time: 0 hr 6 min 31 sec) 
Heartbeat CPU 0 instructions: 190000006 cycles: 39342524 heartbeat IPC: 4.82156 cumulative IPC: 4.82938 (Simulation time: 0 hr 6 min 56 sec) 
Heartbeat CPU 0 instructions: 200000004 cycles: 41413356 heartbeat IPC: 4.82898 cumulative IPC: 4.82936 (Simulation time: 0 hr 7 min 21 sec) 

Warmup complete CPU 0 instructions: 200000004 cycles: 41413356 (Simulation time: 0 hr 7 min 21 sec) 

Heartbeat CPU 0 instructions: 210000003 cycles: 71706742 heartbeat IPC: 0.330105 cumulative IPC: 0.330105 (Simulation time: 0 hr 7 min 55 sec) 
Heartbeat CPU 0 instructions: 220000001 cycles: 102008095 heartbeat IPC: 0.330018 cumulative IPC: 0.330062 (Simulation time: 0 hr 8 min 28 sec) 
Heartbeat CPU 0 instructions: 230000000 cycles: 132212143 heartbeat IPC: 0.331081 cumulative IPC: 0.330401 (Simulation time: 0 hr 9 min 1 sec) 
Heartbeat CPU 0 instructions: 240000005 cycles: 162388810 heartbeat IPC: 0.331382 cumulative IPC: 0.330646 (Simulation time: 0 hr 9 min 34 sec) 
Heartbeat CPU 0 instructions: 250000004 cycles: 192486263 heartbeat IPC: 0.332254 cumulative IPC: 0.330966 (Simulation time: 0 hr 10 min 7 sec) 
Heartbeat CPU 0 instructions: 260000001 cycles: 222665000 heartbeat IPC: 0.331359 cumulative IPC: 0.331031 (Simulation time: 0 hr 10 min 40 sec) 
*** Reached end of trace for Core: 0 Repeating trace: /home1/sweta/traces/qualcomm_traces/server_030.champsimtrace.xz
Heartbeat CPU 0 instructions: 270000000 cycles: 252739665 heartbeat IPC: 0.332506 cumulative IPC: 0.331241 (Simulation time: 0 hr 11 min 13 sec) 
Heartbeat CPU 0 instructions: 280000005 cycles: 283039017 heartbeat IPC: 0.33004 cumulative IPC: 0.331091 (Simulation time: 0 hr 11 min 47 sec) 
Heartbeat CPU 0 instructions: 290000003 cycles: 313180795 heartbeat IPC: 0.331765 cumulative IPC: 0.331165 (Simulation time: 0 hr 12 min 20 sec) 
Heartbeat CPU 0 instructions: 300000007 cycles: 343412078 heartbeat IPC: 0.330783 cumulative IPC: 0.331127 (Simulation time: 0 hr 12 min 53 sec) 
Heartbeat CPU 0 instructions: 310000000 cycles: 373706683 heartbeat IPC: 0.330092 cumulative IPC: 0.331033 (Simulation time: 0 hr 13 min 26 sec) 
Heartbeat CPU 0 instructions: 320000002 cycles: 403885068 heartbeat IPC: 0.331363 cumulative IPC: 0.33106 (Simulation time: 0 hr 13 min 59 sec) 
Heartbeat CPU 0 instructions: 330000000 cycles: 434081089 heartbeat IPC: 0.331169 cumulative IPC: 0.331069 (Simulation time: 0 hr 14 min 33 sec) 
Heartbeat CPU 0 instructions: 340000004 cycles: 464159085 heartbeat IPC: 0.332469 cumulative IPC: 0.331168 (Simulation time: 0 hr 15 min 6 sec) 
Heartbeat CPU 0 instructions: 350000000 cycles: 494332025 heartbeat IPC: 0.331423 cumulative IPC: 0.331185 (Simulation time: 0 hr 15 min 39 sec) 
*** Reached end of trace for Core: 0 Repeating trace: /home1/sweta/traces/qualcomm_traces/server_030.champsimtrace.xz
Heartbeat CPU 0 instructions: 360000000 cycles: 524388436 heartbeat IPC: 0.332708 cumulative IPC: 0.33128 (Simulation time: 0 hr 16 min 12 sec) 
Heartbeat CPU 0 instructions: 370000001 cycles: 554642103 heartbeat IPC: 0.330538 cumulative IPC: 0.331236 (Simulation time: 0 hr 16 min 45 sec) 
Heartbeat CPU 0 instructions: 380000000 cycles: 584797819 heartbeat IPC: 0.331612 cumulative IPC: 0.331257 (Simulation time: 0 hr 17 min 18 sec) 
Heartbeat CPU 0 instructions: 390000001 cycles: 615072903 heartbeat IPC: 0.330305 cumulative IPC: 0.331207 (Simulation time: 0 hr 17 min 52 sec) 
Heartbeat CPU 0 instructions: 400000002 cycles: 645355033 heartbeat IPC: 0.330228 cumulative IPC: 0.331158 (Simulation time: 0 hr 18 min 24 sec) 
Finished CPU 0 instructions: 200000000 cycles: 603941698 cumulative IPC: 0.331158 (Simulation time: 0 hr 18 min 24 sec) 

ChampSim completed all CPUs

Region of Interest Statistics

CPU 0 cumulative IPC: 0.331158 instructions: 200000000 cycles: 603941698
ITLB TOTAL     ACCESS:   26335778  HIT:   24104745  MISS:    2231033  HIT %:    91.5285  MISS %:    8.47149   MPKI: 11.1552
ITLB LOAD TRANSLATION ACCESS:   26335778  HIT:   24104745  MISS:    2231033  HIT %:    91.5285  MISS %:    8.47149   MPKI: 11.1552
ITLB PREFETCH  REQUESTED:          0  ISSUED:          0  USEFUL:          0  USELESS:          0
ITLB USEFUL LOAD PREFETCHES:          0 PREFETCH ISSUED TO LOWER LEVEL:          0  ACCURACY: -nan
ITLB TIMELY PREFETCHES:          0 LATE PREFETCHES: 0 DROPPED PREFETCHES: 0
ITLB PREFETCHES SAME FILL-ORIGIN LEVEL: 0 DIFFERENT FILL-ORIGIN LEVEL: 0
ITLB AVERAGE MISS LATENCY:     9.1256 cycles AVERAGE LOAD MISS LATENCY:       -nan cycles Load Miss          0
ITLB Average MSHR Occupancy:  0.0301348
ITLB RQ	ACCESS:   31904313	FORWARD:          0	MERGED:    4323017	TO_CACHE:   27581296

DTLB TOTAL     ACCESS:   40521696  HIT:   38497580  MISS:    2024116  HIT %:    95.0049  MISS %:    4.99514   MPKI: 10.1206
DTLB LOAD TRANSLATION ACCESS:   40521696  HIT:   38497580  MISS:    2024116  HIT %:    95.0049  MISS %:    4.99514   MPKI: 10.1206
DTLB PREFETCH  REQUESTED:          0  ISSUED:          0  USEFUL:          0  USELESS:          0
DTLB USEFUL LOAD PREFETCHES:          0 PREFETCH ISSUED TO LOWER LEVEL:          0  ACCURACY: -nan
DTLB TIMELY PREFETCHES:          0 LATE PREFETCHES: 0 DROPPED PREFETCHES: 0
DTLB PREFETCHES SAME FILL-ORIGIN LEVEL: 0 DIFFERENT FILL-ORIGIN LEVEL: 0
DTLB AVERAGE MISS LATENCY:    9.16622 cycles AVERAGE LOAD MISS LATENCY:       -nan cycles Load Miss          0
DTLB Average MSHR Occupancy:  0.0278472
DTLB RQ	ACCESS:   57005208	FORWARD:          0	MERGED:   16422014	TO_CACHE:   40583194

STLB TOTAL     ACCESS:    4255149  HIT:    4226659  MISS:      28490  HIT %:    99.3305  MISS %:   0.669542   MPKI: 0.14245
STLB LOAD TRANSLATION ACCESS:    4255149  HIT:    4226659  MISS:      28490  HIT %:    99.3305  MISS %:   0.669542   MPKI: 0.14245
STLB PREFETCH  REQUESTED:          0  ISSUED:          0  USEFUL:          0  USELESS:          0
STLB USEFUL LOAD PREFETCHES:          0 PREFETCH ISSUED TO LOWER LEVEL:          0  ACCURACY: -nan
STLB TIMELY PREFETCHES:          0 LATE PREFETCHES: 0 DROPPED PREFETCHES: 0
STLB PREFETCHES SAME FILL-ORIGIN LEVEL: 0 DIFFERENT FILL-ORIGIN LEVEL: 0
STLB AVERAGE MISS LATENCY:    19.7556 cycles AVERAGE LOAD MISS LATENCY:       -nan cycles Load Miss          0
STLB Average MSHR Occupancy: 0.000994174
STLB RQ	ACCESS:    4255149	FORWARD:          0	MERGED:          0	TO_CACHE:    4255149

STLB Hit, L1D data hit: 0
STLB Hit, L2C data hit: 0
STLB Hit, LLC data hit: 0
STLB Hit, LLC data miss: 0
STLB STLB hints to L2: 0
L1D TOTAL     ACCESS:   55216981  HIT:   49552928  MISS:    5664053  HIT %:    89.7422  MISS %:    10.2578   MPKI: 28.3203
L1D LOAD      ACCESS:   30791393  HIT:   26321534  MISS:    4469859  HIT %:    85.4834  MISS %:    14.5166   MPKI: 22.3493
L1D RFO       ACCESS:   24425588  HIT:   23231394  MISS:    1194194  HIT %:    95.1109  MISS %:    4.88911   MPKI: 5.97097
L1D PREFETCH  REQUESTED:          0  ISSUED:          0  USEFUL:          0  USELESS:          0
L1D USEFUL LOAD PREFETCHES:          0 PREFETCH ISSUED TO LOWER LEVEL:          0  ACCURACY: -nan
L1D TIMELY PREFETCHES:          0 LATE PREFETCHES: 0 DROPPED PREFETCHES: 0
L1D PREFETCHES SAME FILL-ORIGIN LEVEL: 0 DIFFERENT FILL-ORIGIN LEVEL: 0
L1D AVERAGE MISS LATENCY:    15.1286 cycles AVERAGE LOAD MISS LATENCY:    15.1144 cycles Load Miss    4469859
L1D Average MSHR Occupancy:   0.151131
L1D RQ	ACCESS:   43953173	FORWARD:          0	MERGED:   12924499	TO_CACHE:   30836478
L1D WQ	ACCESS:   26450564	FORWARD:     192196	MERGED:     281834	TO_CACHE:   26168730

L1D UNIQUE REGIONS ACCESSED: 0
L1D REGIONS CONFLICTS: 0
L1D Cross Page Prefetch Requests: 0
L1D Same Page Prefetch Requests: 0
L1D ROI Sum of L1D PQ occupancy: 0
L1D PREFETCHES PUSHED FROM L2C: 0
L1I TOTAL     ACCESS:   31731574  HIT:   12758390  MISS:   18973184  HIT %:    40.2072  MISS %:    59.7928   MPKI: 94.8659
L1I LOAD      ACCESS:   31731574  HIT:   12758390  MISS:   18973184  HIT %:    40.2072  MISS %:    59.7928   MPKI: 94.8659
L1I PREFETCH  REQUESTED:          0  ISSUED:          0  USEFUL:          0  USELESS:          0
L1I USEFUL LOAD PREFETCHES:          0 PREFETCH ISSUED TO LOWER LEVEL:          0  ACCURACY: -nan
L1I TIMELY PREFETCHES:          0 LATE PREFETCHES: 0 DROPPED PREFETCHES: 0
L1I PREFETCHES SAME FILL-ORIGIN LEVEL: 0 DIFFERENT FILL-ORIGIN LEVEL: 0
L1I AVERAGE MISS LATENCY:    14.1314 cycles AVERAGE LOAD MISS LATENCY:    14.1314 cycles Load Miss   18973184
L1I Average MSHR Occupancy:   0.435846
L1I RQ	ACCESS:   50905413	FORWARD:          0	MERGED:   19001100	TO_CACHE:   31904313

BTB TOTAL     ACCESS:   30347923  HIT:   17608890  MISS:   12739033  HIT %:    58.0234  MISS %:    41.9766   MPKI: 63.6952
BTB BRANCH_DIRECT_JUMP	ACCESS:    1882382  HIT:    1041749  MISS:     840633
BTB BRANCH_INDIRECT	ACCESS:   11971007  HIT:    7099396  MISS:    4871611
BTB BRANCH_CONDITIONAL	ACCESS:    7314145  HIT:    6009034  MISS:    1305111
BTB BRANCH_DIRECT_CALL	ACCESS:    3859196  HIT:    1772431  MISS:    2086765
BTB BRANCH_INDIRECT_CALL	ACCESS:     731000  HIT:     349102  MISS:     381898
BTB BRANCH_RETURN	ACCESS:    4590193  HIT:    1337178  MISS:    3253015
BTB BRANCH_OTHER ACCESS:          0  HIT:          0  MISS:          0

L2C TOTAL     ACCESS:   30166598  HIT:   30143384  MISS:      23214  HIT %:     99.923  MISS %:  0.0769527   MPKI: 0.11607
L2C LOAD      ACCESS:   23443043  HIT:   23436650  MISS:       6393  HIT %:    99.9727  MISS %:  0.0272704   MPKI: 0.031965
L2C DATA LOAD MPKI: 0.0288
L2C INSTRUCTION LOAD MPKI: 0.003165
L2C RFO       ACCESS:    1194194  HIT:    1190538  MISS:       3656  HIT %:    99.6939  MISS %:   0.306148   MPKI: 0.01828
L2C PREFETCH  ACCESS:    3189659  HIT:    3176688  MISS:      12971  HIT %:    99.5933  MISS %:   0.406658   MPKI: 0.064855
AGUS PREFETCH L1 MISS: 0
L2C DATA PREFETCH MPKI: 0.064855
L2C INSTRUCTION PREFETCH MPKI: 0
L2C WRITEBACK ACCESS:    2310101  HIT:    2310096  MISS:          5  HIT %:    99.9998  MISS %: 0.000216441   MPKI: 2.5e-05
L2C LOAD TRANSLATION ACCESS:      29601  HIT:      29412  MISS:        189  HIT %:    99.3615  MISS %:   0.638492   MPKI: 0.000945
L2C PREFETCH  REQUESTED:    3191434  ISSUED:    3191434  USEFUL:      10946  USELESS:       2236
L2C USEFUL LOAD PREFETCHES:      10946 PREFETCH ISSUED TO LOWER LEVEL:      14042  ACCURACY: 77.9519
L2C TIMELY PREFETCHES:      10946 LATE PREFETCHES: 1071 DROPPED PREFETCHES: 0
L2C PREFETCHES SAME FILL-ORIGIN LEVEL: 14042 DIFFERENT FILL-ORIGIN LEVEL: 0
L2C AVERAGE MISS LATENCY:    45.6499 cycles AVERAGE LOAD MISS LATENCY:    44.4323 cycles Load Miss       6393
L2C Average MSHR Occupancy: 0.00179457
L2C RQ	ACCESS:   24666838	FORWARD:          0	MERGED:          0	TO_CACHE:   24666838
L2C WQ	ACCESS:    2310101	FORWARD:          0	MERGED:          0	TO_CACHE:    2310101
L2C PQ	ACCESS:    3191434	FORWARD:          0	MERGED:          0	TO_CACHE:    3191434

L2C Instructions Evicting Data 555
L2C Translations Evicting Data 179
L2C Data Evicting Data 21701
L2C Instructions Evicting Instructions 74
L2C Translations Evicting Instructions 6
L2C Data Evicting Instructions 490
L2C Instructions Evicting Translations 4
L2C Translations Evicting Translations 4
L2C Data Evicting Translations 186
L2C Dense regions hint from L2: 0
PSCL5 TOTAL     ACCESS:      28490  HIT:      28490  MISS:          0  HIT %:        100  MISS %:          0   MPKI: 0
PSCL5 LOAD TRANSLATION ACCESS:      28490  HIT:      28490  MISS:          0  HIT %:        100  MISS %:          0   MPKI: 0
PSCL5 PREFETCH  REQUESTED:          0  ISSUED:          0  USEFUL:          0  USELESS:          0
PSCL5 USEFUL LOAD PREFETCHES:          0 PREFETCH ISSUED TO LOWER LEVEL:          0  ACCURACY: -nan
PSCL5 TIMELY PREFETCHES:          0 LATE PREFETCHES: 0 DROPPED PREFETCHES: 0
PSCL5 PREFETCHES SAME FILL-ORIGIN LEVEL: 0 DIFFERENT FILL-ORIGIN LEVEL: 0

PSCL4 TOTAL     ACCESS:      23632  HIT:      23565  MISS:         67  HIT %:    99.7165  MISS %:   0.283514   MPKI: 0.000335
PSCL4 LOAD TRANSLATION ACCESS:      23632  HIT:      23565  MISS:         67  HIT %:    99.7165  MISS %:   0.283514   MPKI: 0.000335
PSCL4 PREFETCH  REQUESTED:          0  ISSUED:          0  USEFUL:          0  USELESS:          0
PSCL4 USEFUL LOAD PREFETCHES:          0 PREFETCH ISSUED TO LOWER LEVEL:          0  ACCURACY: -nan
PSCL4 TIMELY PREFETCHES:          0 LATE PREFETCHES: 0 DROPPED PREFETCHES: 0
PSCL4 PREFETCHES SAME FILL-ORIGIN LEVEL: 0 DIFFERENT FILL-ORIGIN LEVEL: 0

PSCL3 TOTAL     ACCESS:      27543  HIT:      27470  MISS:         73  HIT %:     99.735  MISS %:    0.26504   MPKI: 0.000365
PSCL3 LOAD TRANSLATION ACCESS:      27543  HIT:      27470  MISS:         73  HIT %:     99.735  MISS %:    0.26504   MPKI: 0.000365
PSCL3 PREFETCH  REQUESTED:          0  ISSUED:          0  USEFUL:          0  USELESS:          0
PSCL3 USEFUL LOAD PREFETCHES:          0 PREFETCH ISSUED TO LOWER LEVEL:          0  ACCURACY: -nan
PSCL3 TIMELY PREFETCHES:          0 LATE PREFETCHES: 0 DROPPED PREFETCHES: 0
PSCL3 PREFETCHES SAME FILL-ORIGIN LEVEL: 0 DIFFERENT FILL-ORIGIN LEVEL: 0

PSCL2 TOTAL     ACCESS:      28490  HIT:      27519  MISS:        971  HIT %:    96.5918  MISS %:    3.40821   MPKI: 0.004855
PSCL2 LOAD TRANSLATION ACCESS:      28490  HIT:      27519  MISS:        971  HIT %:    96.5918  MISS %:    3.40821   MPKI: 0.004855
PSCL2 PREFETCH  REQUESTED:          0  ISSUED:          0  USEFUL:          0  USELESS:          0
PSCL2 USEFUL LOAD PREFETCHES:          0 PREFETCH ISSUED TO LOWER LEVEL:          0  ACCURACY: -nan
PSCL2 TIMELY PREFETCHES:          0 LATE PREFETCHES: 0 DROPPED PREFETCHES: 0
PSCL2 PREFETCHES SAME FILL-ORIGIN LEVEL: 0 DIFFERENT FILL-ORIGIN LEVEL: 0

LLC TOTAL     ACCESS:      27889  HIT:      27730  MISS:        159  HIT %:    99.4299  MISS %:   0.570117   MPKI: 0.000795
LLC LOAD      ACCESS:       5322  HIT:       5284  MISS:         38  HIT %:     99.286  MISS %:   0.714017   MPKI: 0.00019
LLC RFO       ACCESS:       3656  HIT:       3652  MISS:          4  HIT %:    99.8906  MISS %:   0.109409   MPKI: 2e-05
LLC PREFETCH  ACCESS:      14042  HIT:      13938  MISS:        104  HIT %:    99.2594  MISS %:   0.740635   MPKI: 0.00052
AGUS PREFETCH L1 MISS: 0
LLC WRITEBACK ACCESS:       4680  HIT:       4670  MISS:         10  HIT %:    99.7863  MISS %:   0.213675   MPKI: 5e-05
LLC LOAD TRANSLATION ACCESS:        189  HIT:        186  MISS:          3  HIT %:    98.4127  MISS %:     1.5873   MPKI: 1.5e-05
LLC PREFETCH  REQUESTED:          0  ISSUED:          0  USEFUL:         31  USELESS:         13
LLC USEFUL LOAD PREFETCHES:         31 PREFETCH ISSUED TO LOWER LEVEL:        104  ACCURACY: 29.8077
LLC TIMELY PREFETCHES:         31 LATE PREFETCHES: 0 DROPPED PREFETCHES: 0
LLC PREFETCHES SAME FILL-ORIGIN LEVEL: 0 DIFFERENT FILL-ORIGIN LEVEL: 0
LLC AVERAGE MISS LATENCY:     170.22 cycles AVERAGE LOAD MISS LATENCY:    179.737 cycles Load Miss         38
LLC Average MSHR Occupancy: 4.45672e-05
LLC RQ	ACCESS:       9167	FORWARD:          0	MERGED:          0	TO_CACHE:       9167
LLC WQ	ACCESS:       4680	FORWARD:          0	MERGED:          0	TO_CACHE:       4680
LLC PQ	ACCESS:      14042	FORWARD:          0	MERGED:          0	TO_CACHE:      14042

LLC Dense regions hint to LLC: 0

RAW hits: 3885414
Loads Generated: 47838581
Loads sent to L1D: 43953173
Stores Generated: 26450560
Stores sent to L1D: 26450564
Major fault: 0 Minor fault: 2136
Allocated PAGES: 2136
[Bingo] PHT Access: 1088932
[Bingo] PHT Hit PC+Addr: 673353
[Bingo] PHT Hit PC+Offs: 38863
[Bingo] PHT Miss: 376716
[Bingo] Prefetch PC+Addr: 0
[Bingo] Prefetch PC+Offs: 0
[Bingo] Useful PC+Addr: 0
[Bingo] Useful PC+Offs: 0
[Bingo] Useless PC+Addr: 0
[Bingo] Useless PC+Offs: 0
[Bingo] L1 Prefetch per Region: 0
[Bingo] L2 Prefetch per Region: 5.48654
[Bingo] L3 Prefetch per Region: 0
[Bingo] No Prefetch per Region: 26.5135
[Bingo] Number of Voters Mean: 6.65371
[Bingo] Number of Voters SD: 10.703
PHT read accesses: 3276394
PHT write accesses: 571938
AT read accesses: 3359919
AT write accesses: 3931741
FT read accesses: 1758143
FT write accesses: 1088932
PS read accesses: 1553879
PS write accesses: 712216
PHT tag read accesses: 17066045
PHT tag write accesses: 1245291
AT tag read accesses: 99341149
AT tag write accesses: 3931857
FT tag read accesses: 67013238
FT tag write accesses: 2254013
PS tag read accesses: 95076677
PS tag write accesses: 2265786
================ Mockingjay (LLC) Pollution Stats ================
Total pollution count in LLC: 59
==================================================================

DRAM Statistics
 CHANNEL 0
 RQ ROW_BUFFER_HIT:          5  ROW_BUFFER_MISS:        144
 DBUS_CONGESTED:          0
 WQ ROW_BUFFER_HIT:          0  ROW_BUFFER_MISS:         10  FULL:          0

 AVG_CONGESTED_CYCLE: -
 All warmup complete: 2
Channel 0 Bank busy for read cycles: 0
Channel 0 Bank busy for write cycles: 0
Channel 0
Rank 0
0banks busy for read cycles: 603924144
0banks busy for write cycles: 10
1banks busy for read cycles: 14966
1banks busy for write cycles: 1500
2banks busy for read cycles: 161
2banks busy for write cycles: 0
3banks busy for read cycles: 17
3banks busy for write cycles: 0
4banks busy for read cycles: 157
4banks busy for write cycles: 0
5banks busy for read cycles: 13
5banks busy for write cycles: 0
6banks busy for read cycles: 10
6banks busy for write cycles: 0
7banks busy for read cycles: 10
7banks busy for write cycles: 0
8banks busy for read cycles: 711
8banks busy for write cycles: 0

CPU 0 Branch Prediction Accuracy: 99.8954% MPKI: 0.1884 Average ROB Occupancy at Mispredict: 26.8784
Branch types
NOT_BRANCH: 163993674 81.9968%
BRANCH_DIRECT_JUMP: 1882382 0.941191%
BRANCH_INDIRECT: 11971007 5.9855%
BRANCH_CONDITIONAL: 12972058 6.48603%
BRANCH_DIRECT_CALL: 3859196 1.9296%
BRANCH_INDIRECT_CALL: 731000 0.3655%
BRANCH_RETURN: 4590193 2.2951%
BRANCH_OTHER: 0 0%

===================== LRU L1D STATS =====================
Total pollution count in L1D: 0
=========================================================
================ SRRIP (L2C) Pollution Stats ================
Total pollution count in L2c: 13148
==================================================================
DRAM PAGES: 1048576
Allocated PAGES: 2136
