
*** ChampSim Multicore Out-of-Order Simulator ***

Warmup Instructions: 200000000
Simulation Instructions: 200000000
Number of CPUs: 1
LLC sets: 4096
LLC ways: 12
Off-chip DRAM Size: 4096 MB Channels: 1 Width: 64-bit Data Rate: 6400 MT/s
CPU 0 runs /home1/sweta/traces/qualcomm_traces/server_028.champsimtrace.xz
.xz
BTB has LRU replacement policy
ITLB has LRU replacement policy
DTLB has LRU replacement policy
STLB has LRU replacement policy
L1I has LRU replacement policy
L1D has LRU replacement policy
Bingo PHT WAYS: 16 and PHT_SIZE: 16384
Initialize SRRIP state for L2C
Initialize Mockingjay state for LLC
Heartbeat CPU 0 instructions: 10000002 cycles: 2067420 heartbeat IPC: 4.83695 cumulative IPC: 4.83695 (Simulation time: 0 hr 0 min 19 sec) 
Heartbeat CPU 0 instructions: 20000002 cycles: 4133295 heartbeat IPC: 4.84056 cumulative IPC: 4.83876 (Simulation time: 0 hr 0 min 38 sec) 
Heartbeat CPU 0 instructions: 30000007 cycles: 6197639 heartbeat IPC: 4.84416 cumulative IPC: 4.84055 (Simulation time: 0 hr 0 min 56 sec) 
Heartbeat CPU 0 instructions: 40000006 cycles: 8262339 heartbeat IPC: 4.84332 cumulative IPC: 4.84124 (Simulation time: 0 hr 1 min 16 sec) 
Heartbeat CPU 0 instructions: 50000007 cycles: 10326796 heartbeat IPC: 4.84389 cumulative IPC: 4.84177 (Simulation time: 0 hr 1 min 36 sec) 
Heartbeat CPU 0 instructions: 60000004 cycles: 12391380 heartbeat IPC: 4.84359 cumulative IPC: 4.84208 (Simulation time: 0 hr 1 min 58 sec) 
Heartbeat CPU 0 instructions: 70000004 cycles: 14455531 heartbeat IPC: 4.84461 cumulative IPC: 4.84244 (Simulation time: 0 hr 2 min 20 sec) 
Heartbeat CPU 0 instructions: 80000002 cycles: 16517845 heartbeat IPC: 4.84892 cumulative IPC: 4.84325 (Simulation time: 0 hr 2 min 42 sec) 
*** Reached end of trace for Core: 0 Repeating trace: /home1/sweta/traces/qualcomm_traces/server_028.champsimtrace.xz
Heartbeat CPU 0 instructions: 90000000 cycles: 18582729 heartbeat IPC: 4.84289 cumulative IPC: 4.84321 (Simulation time: 0 hr 3 min 5 sec) 
Heartbeat CPU 0 instructions: 100000001 cycles: 20649558 heartbeat IPC: 4.83833 cumulative IPC: 4.84272 (Simulation time: 0 hr 3 min 26 sec) 
Heartbeat CPU 0 instructions: 110000002 cycles: 22715664 heartbeat IPC: 4.84002 cumulative IPC: 4.84247 (Simulation time: 0 hr 3 min 47 sec) 
Heartbeat CPU 0 instructions: 120000001 cycles: 24779494 heartbeat IPC: 4.84536 cumulative IPC: 4.84271 (Simulation time: 0 hr 4 min 8 sec) 
Heartbeat CPU 0 instructions: 130000002 cycles: 26845016 heartbeat IPC: 4.84139 cumulative IPC: 4.84261 (Simulation time: 0 hr 4 min 29 sec) 
Heartbeat CPU 0 instructions: 140000000 cycles: 28909437 heartbeat IPC: 4.84397 cumulative IPC: 4.84271 (Simulation time: 0 hr 4 min 53 sec) 
Heartbeat CPU 0 instructions: 150000006 cycles: 30973546 heartbeat IPC: 4.84471 cumulative IPC: 4.84284 (Simulation time: 0 hr 5 min 18 sec) 
Heartbeat CPU 0 instructions: 160000004 cycles: 33036419 heartbeat IPC: 4.84761 cumulative IPC: 4.84314 (Simulation time: 0 hr 5 min 43 sec) 
Heartbeat CPU 0 instructions: 170000002 cycles: 35100511 heartbeat IPC: 4.84474 cumulative IPC: 4.84323 (Simulation time: 0 hr 6 min 7 sec) 
*** Reached end of trace for Core: 0 Repeating trace: /home1/sweta/traces/qualcomm_traces/server_028.champsimtrace.xz
Heartbeat CPU 0 instructions: 180000000 cycles: 37164476 heartbeat IPC: 4.84504 cumulative IPC: 4.84333 (Simulation time: 0 hr 6 min 32 sec) 
Heartbeat CPU 0 instructions: 190000001 cycles: 39229416 heartbeat IPC: 4.84276 cumulative IPC: 4.8433 (Simulation time: 0 hr 6 min 56 sec) 
Heartbeat CPU 0 instructions: 200000002 cycles: 41293788 heartbeat IPC: 4.84409 cumulative IPC: 4.84334 (Simulation time: 0 hr 7 min 21 sec) 

Warmup complete CPU 0 instructions: 200000002 cycles: 41293788 (Simulation time: 0 hr 7 min 21 sec) 

Heartbeat CPU 0 instructions: 210000002 cycles: 71268113 heartbeat IPC: 0.333619 cumulative IPC: 0.333619 (Simulation time: 0 hr 7 min 53 sec) 
Heartbeat CPU 0 instructions: 220000000 cycles: 101151687 heartbeat IPC: 0.334632 cumulative IPC: 0.334125 (Simulation time: 0 hr 8 min 25 sec) 
Heartbeat CPU 0 instructions: 230000004 cycles: 130812569 heartbeat IPC: 0.337145 cumulative IPC: 0.335125 (Simulation time: 0 hr 8 min 57 sec) 
Heartbeat CPU 0 instructions: 240000000 cycles: 160532088 heartbeat IPC: 0.336479 cumulative IPC: 0.335463 (Simulation time: 0 hr 9 min 28 sec) 
Heartbeat CPU 0 instructions: 250000002 cycles: 190427108 heartbeat IPC: 0.334504 cumulative IPC: 0.33527 (Simulation time: 0 hr 10 min 1 sec) 
*** Reached end of trace for Core: 0 Repeating trace: /home1/sweta/traces/qualcomm_traces/server_028.champsimtrace.xz
Heartbeat CPU 0 instructions: 260000000 cycles: 220020437 heartbeat IPC: 0.337914 cumulative IPC: 0.335708 (Simulation time: 0 hr 10 min 32 sec) 
Heartbeat CPU 0 instructions: 270000000 cycles: 249681668 heartbeat IPC: 0.33714 cumulative IPC: 0.335912 (Simulation time: 0 hr 11 min 4 sec) 
Heartbeat CPU 0 instructions: 280000000 cycles: 279669043 heartbeat IPC: 0.333474 cumulative IPC: 0.335605 (Simulation time: 0 hr 11 min 39 sec) 
Heartbeat CPU 0 instructions: 290000000 cycles: 309218148 heartbeat IPC: 0.33842 cumulative IPC: 0.335916 (Simulation time: 0 hr 12 min 11 sec) 
Heartbeat CPU 0 instructions: 300000002 cycles: 339068090 heartbeat IPC: 0.335009 cumulative IPC: 0.335825 (Simulation time: 0 hr 12 min 42 sec) 
Heartbeat CPU 0 instructions: 310000001 cycles: 368936371 heartbeat IPC: 0.334803 cumulative IPC: 0.335732 (Simulation time: 0 hr 13 min 13 sec) 
Heartbeat CPU 0 instructions: 320000006 cycles: 398475901 heartbeat IPC: 0.33853 cumulative IPC: 0.335963 (Simulation time: 0 hr 13 min 45 sec) 
Heartbeat CPU 0 instructions: 330000001 cycles: 428245647 heartbeat IPC: 0.335911 cumulative IPC: 0.335959 (Simulation time: 0 hr 14 min 16 sec) 
Heartbeat CPU 0 instructions: 340000002 cycles: 457807406 heartbeat IPC: 0.338275 cumulative IPC: 0.336123 (Simulation time: 0 hr 14 min 47 sec) 
*** Reached end of trace for Core: 0 Repeating trace: /home1/sweta/traces/qualcomm_traces/server_028.champsimtrace.xz
Heartbeat CPU 0 instructions: 350000001 cycles: 487494698 heartbeat IPC: 0.336844 cumulative IPC: 0.336171 (Simulation time: 0 hr 15 min 22 sec) 
Heartbeat CPU 0 instructions: 360000000 cycles: 517195567 heartbeat IPC: 0.33669 cumulative IPC: 0.336204 (Simulation time: 0 hr 15 min 54 sec) 
Heartbeat CPU 0 instructions: 370000001 cycles: 547031470 heartbeat IPC: 0.335167 cumulative IPC: 0.336143 (Simulation time: 0 hr 16 min 25 sec) 
Heartbeat CPU 0 instructions: 380000001 cycles: 576733159 heartbeat IPC: 0.336681 cumulative IPC: 0.336173 (Simulation time: 0 hr 16 min 57 sec) 
Heartbeat CPU 0 instructions: 390000004 cycles: 606635325 heartbeat IPC: 0.334424 cumulative IPC: 0.33608 (Simulation time: 0 hr 17 min 28 sec) 
Heartbeat CPU 0 instructions: 400000007 cycles: 636165249 heartbeat IPC: 0.33864 cumulative IPC: 0.336207 (Simulation time: 0 hr 17 min 59 sec) 
Finished CPU 0 instructions: 200000005 cycles: 594871461 cumulative IPC: 0.336207 (Simulation time: 0 hr 17 min 59 sec) 

ChampSim completed all CPUs

Region of Interest Statistics

CPU 0 cumulative IPC: 0.336207 instructions: 200000005 cycles: 594871461
ITLB TOTAL     ACCESS:   26120686  HIT:   23931086  MISS:    2189600  HIT %:    91.6174  MISS %:    8.38263   MPKI: 10.948
ITLB LOAD TRANSLATION ACCESS:   26120686  HIT:   23931086  MISS:    2189600  HIT %:    91.6174  MISS %:    8.38263   MPKI: 10.948
ITLB PREFETCH  REQUESTED:          0  ISSUED:          0  USEFUL:          0  USELESS:          0
ITLB USEFUL LOAD PREFETCHES:          0 PREFETCH ISSUED TO LOWER LEVEL:          0  ACCURACY: -nan
ITLB TIMELY PREFETCHES:          0 LATE PREFETCHES: 0 DROPPED PREFETCHES: 0
ITLB PREFETCHES SAME FILL-ORIGIN LEVEL: 0 DIFFERENT FILL-ORIGIN LEVEL: 0
ITLB AVERAGE MISS LATENCY:    9.20036 cycles AVERAGE LOAD MISS LATENCY:       -nan cycles Load Miss          0
ITLB Average MSHR Occupancy:  0.0303346
ITLB RQ	ACCESS:   31617535	FORWARD:          0	MERGED:    4237120	TO_CACHE:   27380415

DTLB TOTAL     ACCESS:   39852191  HIT:   37772332  MISS:    2079859  HIT %:    94.7811  MISS %:    5.21893   MPKI: 10.3993
DTLB LOAD TRANSLATION ACCESS:   39852191  HIT:   37772332  MISS:    2079859  HIT %:    94.7811  MISS %:    5.21893   MPKI: 10.3993
DTLB PREFETCH  REQUESTED:          0  ISSUED:          0  USEFUL:          0  USELESS:          0
DTLB USEFUL LOAD PREFETCHES:          0 PREFETCH ISSUED TO LOWER LEVEL:          0  ACCURACY: -nan
DTLB TIMELY PREFETCHES:          0 LATE PREFETCHES: 0 DROPPED PREFETCHES: 0
DTLB PREFETCHES SAME FILL-ORIGIN LEVEL: 0 DIFFERENT FILL-ORIGIN LEVEL: 0
DTLB AVERAGE MISS LATENCY:    9.85786 cycles AVERAGE LOAD MISS LATENCY:       -nan cycles Load Miss          0
DTLB Average MSHR Occupancy:  0.0316997
DTLB RQ	ACCESS:   56294701	FORWARD:          0	MERGED:   16384993	TO_CACHE:   39909708

STLB TOTAL     ACCESS:    4269459  HIT:    4193267  MISS:      76192  HIT %:    98.2154  MISS %:    1.78458   MPKI: 0.38096
STLB LOAD TRANSLATION ACCESS:    4269459  HIT:    4193267  MISS:      76192  HIT %:    98.2154  MISS %:    1.78458   MPKI: 0.38096
STLB PREFETCH  REQUESTED:          0  ISSUED:          0  USEFUL:          0  USELESS:          0
STLB USEFUL LOAD PREFETCHES:          0 PREFETCH ISSUED TO LOWER LEVEL:          0  ACCURACY: -nan
STLB TIMELY PREFETCHES:          0 LATE PREFETCHES: 0 DROPPED PREFETCHES: 0
STLB PREFETCHES SAME FILL-ORIGIN LEVEL: 0 DIFFERENT FILL-ORIGIN LEVEL: 0
STLB AVERAGE MISS LATENCY:    28.5752 cycles AVERAGE LOAD MISS LATENCY:       -nan cycles Load Miss          0
STLB Average MSHR Occupancy: 0.00383844
STLB RQ	ACCESS:    4269459	FORWARD:          0	MERGED:          0	TO_CACHE:    4269459

STLB Hit, L1D data hit: 0
STLB Hit, L2C data hit: 0
STLB Hit, LLC data hit: 0
STLB Hit, LLC data miss: 0
STLB STLB hints to L2: 0
L1D TOTAL     ACCESS:   54332219  HIT:   48759864  MISS:    5572355  HIT %:    89.7439  MISS %:    10.2561   MPKI: 27.8618
L1D LOAD      ACCESS:   30310600  HIT:   25930274  MISS:    4380326  HIT %:    85.5485  MISS %:    14.4515   MPKI: 21.9016
L1D RFO       ACCESS:   24021619  HIT:   22829590  MISS:    1192029  HIT %:    95.0377  MISS %:    4.96232   MPKI: 5.96014
L1D PREFETCH  REQUESTED:          0  ISSUED:          0  USEFUL:          0  USELESS:          0
L1D USEFUL LOAD PREFETCHES:          0 PREFETCH ISSUED TO LOWER LEVEL:          0  ACCURACY: -nan
L1D TIMELY PREFETCHES:          0 LATE PREFETCHES: 0 DROPPED PREFETCHES: 0
L1D PREFETCHES SAME FILL-ORIGIN LEVEL: 0 DIFFERENT FILL-ORIGIN LEVEL: 0
L1D AVERAGE MISS LATENCY:    15.9431 cycles AVERAGE LOAD MISS LATENCY:    16.0282 cycles Load Miss    4380326
L1D Average MSHR Occupancy:   0.158787
L1D RQ	ACCESS:   43660441	FORWARD:          0	MERGED:   13139704	TO_CACHE:   30356927
L1D WQ	ACCESS:   26216864	FORWARD:     163810	MERGED:     279090	TO_CACHE:   25937774

L1D UNIQUE REGIONS ACCESSED: 0
L1D REGIONS CONFLICTS: 0
L1D Cross Page Prefetch Requests: 0
L1D Same Page Prefetch Requests: 0
L1D ROI Sum of L1D PQ occupancy: 0
L1D PREFETCHES PUSHED FROM L2C: 0
L1I TOTAL     ACCESS:   31383638  HIT:   11889693  MISS:   19493945  HIT %:     37.885  MISS %:     62.115   MPKI: 97.4697
L1I LOAD      ACCESS:   31383638  HIT:   11889693  MISS:   19493945  HIT %:     37.885  MISS %:     62.115   MPKI: 97.4697
L1I PREFETCH  REQUESTED:          0  ISSUED:          0  USEFUL:          0  USELESS:          0
L1I USEFUL LOAD PREFETCHES:          0 PREFETCH ISSUED TO LOWER LEVEL:          0  ACCURACY: -nan
L1I TIMELY PREFETCHES:          0 LATE PREFETCHES: 0 DROPPED PREFETCHES: 0
L1I PREFETCHES SAME FILL-ORIGIN LEVEL: 0 DIFFERENT FILL-ORIGIN LEVEL: 0
L1I AVERAGE MISS LATENCY:    14.1418 cycles AVERAGE LOAD MISS LATENCY:    14.1418 cycles Load Miss   19493945
L1I Average MSHR Occupancy:   0.455896
L1I RQ	ACCESS:   50732519	FORWARD:          0	MERGED:   19114984	TO_CACHE:   31617535

BTB TOTAL     ACCESS:   30542236  HIT:   18334067  MISS:   12208169  HIT %:    60.0286  MISS %:    39.9714   MPKI: 61.0408
BTB BRANCH_DIRECT_JUMP	ACCESS:    2009794  HIT:    1225026  MISS:     784768
BTB BRANCH_INDIRECT	ACCESS:   11931508  HIT:    7219236  MISS:    4712272
BTB BRANCH_CONDITIONAL	ACCESS:    7547583  HIT:    6325783  MISS:    1221800
BTB BRANCH_DIRECT_CALL	ACCESS:    3806491  HIT:    1828585  MISS:    1977906
BTB BRANCH_INDIRECT_CALL	ACCESS:     720163  HIT:     358912  MISS:     361251
BTB BRANCH_RETURN	ACCESS:    4526697  HIT:    1376525  MISS:    3150172
BTB BRANCH_OTHER ACCESS:          0  HIT:          0  MISS:          0

L2C TOTAL     ACCESS:   30619305  HIT:   30447478  MISS:     171827  HIT %:    99.4388  MISS %:   0.561172   MPKI: 0.859135
L2C LOAD      ACCESS:   23874265  HIT:   23808035  MISS:      66230  HIT %:    99.7226  MISS %:   0.277412   MPKI: 0.33115
L2C DATA LOAD MPKI: 0.32292
L2C INSTRUCTION LOAD MPKI: 0.00823
L2C RFO       ACCESS:    1192029  HIT:    1182512  MISS:       9517  HIT %:    99.2016  MISS %:   0.798387   MPKI: 0.047585
L2C PREFETCH  ACCESS:    3170959  HIT:    3081474  MISS:      89485  HIT %:     97.178  MISS %:    2.82202   MPKI: 0.447425
AGUS PREFETCH L1 MISS: 0
L2C DATA PREFETCH MPKI: 0.447425
L2C INSTRUCTION PREFETCH MPKI: 0
L2C WRITEBACK ACCESS:    2272356  HIT:    2272356  MISS:          0  HIT %:        100  MISS %:          0   MPKI: 0
L2C LOAD TRANSLATION ACCESS:     109696  HIT:     103101  MISS:       6595  HIT %:    93.9879  MISS %:    6.01207   MPKI: 0.032975
L2C PREFETCH  REQUESTED:    3184918  ISSUED:    3184918  USEFUL:      42006  USELESS:      47673
L2C USEFUL LOAD PREFETCHES:      42006 PREFETCH ISSUED TO LOWER LEVEL:      97326  ACCURACY: 43.1601
L2C TIMELY PREFETCHES:      42006 LATE PREFETCHES: 7841 DROPPED PREFETCHES: 0
L2C PREFETCHES SAME FILL-ORIGIN LEVEL: 97326 DIFFERENT FILL-ORIGIN LEVEL: 0
L2C AVERAGE MISS LATENCY:    93.6852 cycles AVERAGE LOAD MISS LATENCY:    66.3693 cycles Load Miss      66230
L2C Average MSHR Occupancy:  0.0275479
L2C RQ	ACCESS:   25175995	FORWARD:          0	MERGED:          0	TO_CACHE:   25175990
L2C WQ	ACCESS:    2272356	FORWARD:        516	MERGED:          0	TO_CACHE:    2272356
L2C PQ	ACCESS:    3184918	FORWARD:          0	MERGED:          0	TO_CACHE:    3184407

L2C Instructions Evicting Data 1583
L2C Translations Evicting Data 6272
L2C Data Evicting Data 155964
L2C Instructions Evicting Instructions 7
L2C Translations Evicting Instructions 57
L2C Data Evicting Instructions 1402
L2C Instructions Evicting Translations 56
L2C Translations Evicting Translations 266
L2C Data Evicting Translations 6220
L2C Dense regions hint from L2: 0
PSCL5 TOTAL     ACCESS:      76192  HIT:      76192  MISS:          0  HIT %:        100  MISS %:          0   MPKI: 0
PSCL5 LOAD TRANSLATION ACCESS:      76192  HIT:      76192  MISS:          0  HIT %:        100  MISS %:          0   MPKI: 0
PSCL5 PREFETCH  REQUESTED:          0  ISSUED:          0  USEFUL:          0  USELESS:          0
PSCL5 USEFUL LOAD PREFETCHES:          0 PREFETCH ISSUED TO LOWER LEVEL:          0  ACCURACY: -nan
PSCL5 TIMELY PREFETCHES:          0 LATE PREFETCHES: 0 DROPPED PREFETCHES: 0
PSCL5 PREFETCHES SAME FILL-ORIGIN LEVEL: 0 DIFFERENT FILL-ORIGIN LEVEL: 0

PSCL4 TOTAL     ACCESS:      74417  HIT:      73688  MISS:        729  HIT %:    99.0204  MISS %:   0.979615   MPKI: 0.003645
PSCL4 LOAD TRANSLATION ACCESS:      74417  HIT:      73688  MISS:        729  HIT %:    99.0204  MISS %:   0.979615   MPKI: 0.003645
PSCL4 PREFETCH  REQUESTED:          0  ISSUED:          0  USEFUL:          0  USELESS:          0
PSCL4 USEFUL LOAD PREFETCHES:          0 PREFETCH ISSUED TO LOWER LEVEL:          0  ACCURACY: -nan
PSCL4 TIMELY PREFETCHES:          0 LATE PREFETCHES: 0 DROPPED PREFETCHES: 0
PSCL4 PREFETCHES SAME FILL-ORIGIN LEVEL: 0 DIFFERENT FILL-ORIGIN LEVEL: 0

PSCL3 TOTAL     ACCESS:      75914  HIT:      75185  MISS:        729  HIT %:    99.0397  MISS %:   0.960297   MPKI: 0.003645
PSCL3 LOAD TRANSLATION ACCESS:      75914  HIT:      75185  MISS:        729  HIT %:    99.0397  MISS %:   0.960297   MPKI: 0.003645
PSCL3 PREFETCH  REQUESTED:          0  ISSUED:          0  USEFUL:          0  USELESS:          0
PSCL3 USEFUL LOAD PREFETCHES:          0 PREFETCH ISSUED TO LOWER LEVEL:          0  ACCURACY: -nan
PSCL3 TIMELY PREFETCHES:          0 LATE PREFETCHES: 0 DROPPED PREFETCHES: 0
PSCL3 PREFETCHES SAME FILL-ORIGIN LEVEL: 0 DIFFERENT FILL-ORIGIN LEVEL: 0

PSCL2 TOTAL     ACCESS:      76192  HIT:      44146  MISS:      32046  HIT %:    57.9405  MISS %:    42.0595   MPKI: 0.16023
PSCL2 LOAD TRANSLATION ACCESS:      76192  HIT:      44146  MISS:      32046  HIT %:    57.9405  MISS %:    42.0595   MPKI: 0.16023
PSCL2 PREFETCH  REQUESTED:          0  ISSUED:          0  USEFUL:          0  USELESS:          0
PSCL2 USEFUL LOAD PREFETCHES:          0 PREFETCH ISSUED TO LOWER LEVEL:          0  ACCURACY: -nan
PSCL2 TIMELY PREFETCHES:          0 LATE PREFETCHES: 0 DROPPED PREFETCHES: 0
PSCL2 PREFETCHES SAME FILL-ORIGIN LEVEL: 0 DIFFERENT FILL-ORIGIN LEVEL: 0

LLC TOTAL     ACCESS:     181292  HIT:     127277  MISS:      54015  HIT %:    70.2055  MISS %:    29.7945   MPKI: 0.270075
LLC LOAD      ACCESS:      58395  HIT:      53246  MISS:       5149  HIT %:    91.1825  MISS %:    8.81754   MPKI: 0.025745
LLC RFO       ACCESS:       9511  HIT:       7937  MISS:       1574  HIT %:    83.4507  MISS %:    16.5493   MPKI: 0.00787
LLC PREFETCH  ACCESS:      97326  HIT:      51348  MISS:      45978  HIT %:    52.7588  MISS %:    47.2412   MPKI: 0.22989
AGUS PREFETCH L1 MISS: 0
LLC WRITEBACK ACCESS:       9465  HIT:       8420  MISS:       1045  HIT %:    88.9593  MISS %:    11.0407   MPKI: 0.005225
LLC LOAD TRANSLATION ACCESS:       6595  HIT:       6326  MISS:        269  HIT %:    95.9212  MISS %:    4.07885   MPKI: 0.001345
LLC PREFETCH  REQUESTED:          0  ISSUED:          0  USEFUL:        121  USELESS:       8830
LLC USEFUL LOAD PREFETCHES:        121 PREFETCH ISSUED TO LOWER LEVEL:      45978  ACCURACY: 0.263169
LLC TIMELY PREFETCHES:        121 LATE PREFETCHES: 0 DROPPED PREFETCHES: 0
LLC PREFETCHES SAME FILL-ORIGIN LEVEL: 0 DIFFERENT FILL-ORIGIN LEVEL: 0
LLC AVERAGE MISS LATENCY:    160.781 cycles AVERAGE LOAD MISS LATENCY:    158.766 cycles Load Miss       5149
LLC Average MSHR Occupancy:  0.0145101
LLC RQ	ACCESS:      74501	FORWARD:          0	MERGED:          0	TO_CACHE:      74501
LLC WQ	ACCESS:       9465	FORWARD:          0	MERGED:          0	TO_CACHE:       9465
LLC PQ	ACCESS:      97326	FORWARD:          0	MERGED:          0	TO_CACHE:      97326

LLC Dense regions hint to LLC: 0

RAW hits: 3821167
Loads Generated: 47481599
Loads sent to L1D: 43660441
Stores Generated: 26216852
Stores sent to L1D: 26216864
Major fault: 0 Minor fault: 6256
Allocated PAGES: 6256
[Bingo] PHT Access: 1194839
[Bingo] PHT Hit PC+Addr: 712153
[Bingo] PHT Hit PC+Offs: 90148
[Bingo] PHT Miss: 392538
[Bingo] Prefetch PC+Addr: 0
[Bingo] Prefetch PC+Offs: 0
[Bingo] Useful PC+Addr: 0
[Bingo] Useful PC+Offs: 0
[Bingo] Useless PC+Addr: 0
[Bingo] Useless PC+Offs: 0
[Bingo] L1 Prefetch per Region: 0
[Bingo] L2 Prefetch per Region: 4.97887
[Bingo] L3 Prefetch per Region: 0
[Bingo] No Prefetch per Region: 27.0211
[Bingo] Number of Voters Mean: 10.9095
[Bingo] Number of Voters SD: 13.5556
PHT read accesses: 4014697
PHT write accesses: 573257
AT read accesses: 3169361
AT write accesses: 3742128
FT read accesses: 1753354
FT write accesses: 1194839
PS read accesses: 1721945
PS write accesses: 802301
PHT tag read accesses: 18477024
PHT tag write accesses: 1285410
AT tag read accesses: 100346992
AT tag write accesses: 3742618
FT tag read accesses: 74458988
FT tag write accesses: 2358325
PS tag read accesses: 98408859
PS tag write accesses: 2523512
================ Mockingjay (LLC) Pollution Stats ================
Total pollution count in LLC: 5886
==================================================================

DRAM Statistics
 CHANNEL 0
 RQ ROW_BUFFER_HIT:      18698  ROW_BUFFER_MISS:      34272
 DBUS_CONGESTED:          4
 WQ ROW_BUFFER_HIT:         68  ROW_BUFFER_MISS:       1256  FULL:          0

 AVG_CONGESTED_CYCLE: 4
 All warmup complete: 2
Channel 0 Bank busy for read cycles: 0
Channel 0 Bank busy for write cycles: 0
Channel 0
Rank 0
0banks busy for read cycles: 591463798
0banks busy for write cycles: 1127
1banks busy for read cycles: 1995910
1banks busy for write cycles: 163981
2banks busy for read cycles: 600746
2banks busy for write cycles: 13874
3banks busy for read cycles: 241496
3banks busy for write cycles: 3419
4banks busy for read cycles: 123337
4banks busy for write cycles: 1689
5banks busy for read cycles: 83370
5banks busy for write cycles: 236
6banks busy for read cycles: 64644
6banks busy for write cycles: 0
7banks busy for read cycles: 54875
7banks busy for write cycles: 0
8banks busy for read cycles: 58960
8banks busy for write cycles: 0

CPU 0 Branch Prediction Accuracy: 99.8019% MPKI: 0.358195 Average ROB Occupancy at Mispredict: 41.7559
Branch types
NOT_BRANCH: 163838143 81.9191%
BRANCH_DIRECT_JUMP: 2009794 1.0049%
BRANCH_INDIRECT: 11931508 5.96575%
BRANCH_CONDITIONAL: 13166613 6.58331%
BRANCH_DIRECT_CALL: 3806491 1.90325%
BRANCH_INDIRECT_CALL: 720163 0.360081%
BRANCH_RETURN: 4526697 2.26335%
BRANCH_OTHER: 0 0%

===================== LRU L1D STATS =====================
Total pollution count in L1D: 0
=========================================================
================ SRRIP (L2C) Pollution Stats ================
Total pollution count in L2c: 110357
==================================================================
DRAM PAGES: 1048576
Allocated PAGES: 6256
