
*** ChampSim Multicore Out-of-Order Simulator ***

Warmup Instructions: 200000000
Simulation Instructions: 200000000
Number of CPUs: 1
LLC sets: 4096
LLC ways: 12
Off-chip DRAM Size: 4096 MB Channels: 1 Width: 64-bit Data Rate: 6400 MT/s
CPU 0 runs /home1/sweta/traces/qualcomm_traces/server_013.champsimtrace.xz
.xz
BTB has LRU replacement policy
ITLB has LRU replacement policy
DTLB has LRU replacement policy
STLB has LRU replacement policy
L1I has LRU replacement policy
L1D has LRU replacement policy
Bingo PHT WAYS: 16 and PHT_SIZE: 16384
Initialize SRRIP state for L2C
Initialize Mockingjay state for LLC
Heartbeat CPU 0 instructions: 10000003 cycles: 1947036 heartbeat IPC: 5.13601 cumulative IPC: 5.13601 (Simulation time: 0 hr 0 min 19 sec) 
Heartbeat CPU 0 instructions: 20000004 cycles: 3879027 heartbeat IPC: 5.17601 cumulative IPC: 5.15593 (Simulation time: 0 hr 0 min 38 sec) 
Heartbeat CPU 0 instructions: 30000002 cycles: 5813098 heartbeat IPC: 5.17044 cumulative IPC: 5.16076 (Simulation time: 0 hr 0 min 57 sec) 
Heartbeat CPU 0 instructions: 40000001 cycles: 7744701 heartbeat IPC: 5.17705 cumulative IPC: 5.16482 (Simulation time: 0 hr 1 min 17 sec) 
Heartbeat CPU 0 instructions: 50000000 cycles: 9669427 heartbeat IPC: 5.19554 cumulative IPC: 5.17094 (Simulation time: 0 hr 1 min 37 sec) 
Heartbeat CPU 0 instructions: 60000003 cycles: 11610959 heartbeat IPC: 5.15057 cumulative IPC: 5.16753 (Simulation time: 0 hr 1 min 58 sec) 
Heartbeat CPU 0 instructions: 70000005 cycles: 13556428 heartbeat IPC: 5.14015 cumulative IPC: 5.1636 (Simulation time: 0 hr 2 min 19 sec) 
Heartbeat CPU 0 instructions: 80000003 cycles: 15479443 heartbeat IPC: 5.20017 cumulative IPC: 5.16814 (Simulation time: 0 hr 2 min 40 sec) 
Heartbeat CPU 0 instructions: 90000000 cycles: 17413736 heartbeat IPC: 5.16985 cumulative IPC: 5.16833 (Simulation time: 0 hr 3 min 1 sec) 
Heartbeat CPU 0 instructions: 100000000 cycles: 19336151 heartbeat IPC: 5.20179 cumulative IPC: 5.17166 (Simulation time: 0 hr 3 min 22 sec) 
*** Reached end of trace for Core: 0 Repeating trace: /home1/sweta/traces/qualcomm_traces/server_013.champsimtrace.xz
Heartbeat CPU 0 instructions: 110000003 cycles: 21284218 heartbeat IPC: 5.1333 cumulative IPC: 5.16815 (Simulation time: 0 hr 3 min 43 sec) 
Heartbeat CPU 0 instructions: 120000007 cycles: 23210461 heartbeat IPC: 5.19145 cumulative IPC: 5.17008 (Simulation time: 0 hr 4 min 4 sec) 
Heartbeat CPU 0 instructions: 130000001 cycles: 25151393 heartbeat IPC: 5.15216 cumulative IPC: 5.1687 (Simulation time: 0 hr 4 min 25 sec) 
Heartbeat CPU 0 instructions: 140000003 cycles: 27081218 heartbeat IPC: 5.18182 cumulative IPC: 5.16963 (Simulation time: 0 hr 4 min 47 sec) 
Heartbeat CPU 0 instructions: 150000003 cycles: 29005851 heartbeat IPC: 5.1958 cumulative IPC: 5.17137 (Simulation time: 0 hr 5 min 11 sec) 
Heartbeat CPU 0 instructions: 160000005 cycles: 30946548 heartbeat IPC: 5.15279 cumulative IPC: 5.17021 (Simulation time: 0 hr 5 min 39 sec) 
Heartbeat CPU 0 instructions: 170000000 cycles: 32874151 heartbeat IPC: 5.18779 cumulative IPC: 5.17124 (Simulation time: 0 hr 6 min 6 sec) 
Heartbeat CPU 0 instructions: 180000000 cycles: 34819221 heartbeat IPC: 5.1412 cumulative IPC: 5.16956 (Simulation time: 0 hr 6 min 34 sec) 
Heartbeat CPU 0 instructions: 190000007 cycles: 36751527 heartbeat IPC: 5.17517 cumulative IPC: 5.16985 (Simulation time: 0 hr 6 min 58 sec) 
Heartbeat CPU 0 instructions: 200000000 cycles: 38672162 heartbeat IPC: 5.20661 cumulative IPC: 5.17168 (Simulation time: 0 hr 7 min 23 sec) 

Warmup complete CPU 0 instructions: 200000008 cycles: 38672163 (Simulation time: 0 hr 7 min 23 sec) 

*** Reached end of trace for Core: 0 Repeating trace: /home1/sweta/traces/qualcomm_traces/server_013.champsimtrace.xz
Heartbeat CPU 0 instructions: 210000004 cycles: 56098455 heartbeat IPC: 0.573846 cumulative IPC: 0.573845 (Simulation time: 0 hr 7 min 56 sec) 
Heartbeat CPU 0 instructions: 220000004 cycles: 72599101 heartbeat IPC: 0.606037 cumulative IPC: 0.589502 (Simulation time: 0 hr 8 min 27 sec) 
Heartbeat CPU 0 instructions: 230000001 cycles: 89614170 heartbeat IPC: 0.587714 cumulative IPC: 0.588905 (Simulation time: 0 hr 8 min 58 sec) 
Heartbeat CPU 0 instructions: 240000000 cycles: 106417160 heartbeat IPC: 0.595132 cumulative IPC: 0.590449 (Simulation time: 0 hr 9 min 28 sec) 
Heartbeat CPU 0 instructions: 250000002 cycles: 123620757 heartbeat IPC: 0.581274 cumulative IPC: 0.588591 (Simulation time: 0 hr 9 min 59 sec) 
Heartbeat CPU 0 instructions: 260000005 cycles: 141271980 heartbeat IPC: 0.566533 cumulative IPC: 0.584796 (Simulation time: 0 hr 10 min 29 sec) 
Heartbeat CPU 0 instructions: 270000000 cycles: 158399689 heartbeat IPC: 0.583849 cumulative IPC: 0.584661 (Simulation time: 0 hr 11 min 0 sec) 
Heartbeat CPU 0 instructions: 280000004 cycles: 175698393 heartbeat IPC: 0.578078 cumulative IPC: 0.58383 (Simulation time: 0 hr 11 min 30 sec) 
Heartbeat CPU 0 instructions: 290000002 cycles: 192554099 heartbeat IPC: 0.593271 cumulative IPC: 0.584864 (Simulation time: 0 hr 12 min 1 sec) 
Heartbeat CPU 0 instructions: 300000002 cycles: 209477769 heartbeat IPC: 0.590888 cumulative IPC: 0.585461 (Simulation time: 0 hr 12 min 31 sec) 
*** Reached end of trace for Core: 0 Repeating trace: /home1/sweta/traces/qualcomm_traces/server_013.champsimtrace.xz
Heartbeat CPU 0 instructions: 310000005 cycles: 226582041 heartbeat IPC: 0.584649 cumulative IPC: 0.585387 (Simulation time: 0 hr 13 min 1 sec) 
Heartbeat CPU 0 instructions: 320000001 cycles: 243237281 heartbeat IPC: 0.600411 cumulative IPC: 0.58661 (Simulation time: 0 hr 13 min 32 sec) 
Heartbeat CPU 0 instructions: 330000000 cycles: 260304817 heartbeat IPC: 0.585908 cumulative IPC: 0.586556 (Simulation time: 0 hr 14 min 2 sec) 
Heartbeat CPU 0 instructions: 340000000 cycles: 277166823 heartbeat IPC: 0.593049 cumulative IPC: 0.587015 (Simulation time: 0 hr 14 min 32 sec) 
Heartbeat CPU 0 instructions: 350000001 cycles: 294015520 heartbeat IPC: 0.593518 cumulative IPC: 0.587444 (Simulation time: 0 hr 15 min 2 sec) 
Heartbeat CPU 0 instructions: 360000000 cycles: 311575829 heartbeat IPC: 0.569466 cumulative IPC: 0.586287 (Simulation time: 0 hr 15 min 38 sec) 
Heartbeat CPU 0 instructions: 370000001 cycles: 328861863 heartbeat IPC: 0.578502 cumulative IPC: 0.585824 (Simulation time: 0 hr 16 min 14 sec) 
Heartbeat CPU 0 instructions: 380000003 cycles: 346172894 heartbeat IPC: 0.577666 cumulative IPC: 0.585364 (Simulation time: 0 hr 16 min 44 sec) 
Heartbeat CPU 0 instructions: 390000000 cycles: 363016625 heartbeat IPC: 0.593693 cumulative IPC: 0.585797 (Simulation time: 0 hr 17 min 14 sec) 
Heartbeat CPU 0 instructions: 400000001 cycles: 379761907 heartbeat IPC: 0.597183 cumulative IPC: 0.586356 (Simulation time: 0 hr 17 min 44 sec) 
Finished CPU 0 instructions: 200000001 cycles: 341089768 cumulative IPC: 0.586356 (Simulation time: 0 hr 17 min 44 sec) 

ChampSim completed all CPUs

Region of Interest Statistics

CPU 0 cumulative IPC: 0.586356 instructions: 200000001 cycles: 341089768
ITLB TOTAL     ACCESS:   22097130  HIT:   21274169  MISS:     822961  HIT %:    96.2757  MISS %:    3.72429   MPKI: 4.1148
ITLB LOAD TRANSLATION ACCESS:   22097130  HIT:   21274169  MISS:     822961  HIT %:    96.2757  MISS %:    3.72429   MPKI: 4.1148
ITLB PREFETCH  REQUESTED:          0  ISSUED:          0  USEFUL:          0  USELESS:          0
ITLB USEFUL LOAD PREFETCHES:          0 PREFETCH ISSUED TO LOWER LEVEL:          0  ACCURACY: -nan
ITLB TIMELY PREFETCHES:          0 LATE PREFETCHES: 0 DROPPED PREFETCHES: 0
ITLB PREFETCHES SAME FILL-ORIGIN LEVEL: 0 DIFFERENT FILL-ORIGIN LEVEL: 0
ITLB AVERAGE MISS LATENCY:    13.5015 cycles AVERAGE LOAD MISS LATENCY:       -nan cycles Load Miss          0
ITLB Average MSHR Occupancy:  0.0318779
ITLB RQ	ACCESS:   25835809	FORWARD:          0	MERGED:    3105923	TO_CACHE:   22729886

DTLB TOTAL     ACCESS:   32854661  HIT:   30309989  MISS:    2544672  HIT %:    92.2548  MISS %:    7.74524   MPKI: 12.7234
DTLB LOAD TRANSLATION ACCESS:   32854661  HIT:   30309989  MISS:    2544672  HIT %:    92.2548  MISS %:    7.74524   MPKI: 12.7234
DTLB PREFETCH  REQUESTED:          0  ISSUED:          0  USEFUL:          0  USELESS:          0
DTLB USEFUL LOAD PREFETCHES:          0 PREFETCH ISSUED TO LOWER LEVEL:          0  ACCURACY: -nan
DTLB TIMELY PREFETCHES:          0 LATE PREFETCHES: 0 DROPPED PREFETCHES: 0
DTLB PREFETCHES SAME FILL-ORIGIN LEVEL: 0 DIFFERENT FILL-ORIGIN LEVEL: 0
DTLB AVERAGE MISS LATENCY:    12.0086 cycles AVERAGE LOAD MISS LATENCY:       -nan cycles Load Miss          0
DTLB Average MSHR Occupancy:  0.0864106
DTLB RQ	ACCESS:   44368179	FORWARD:          0	MERGED:   11332070	TO_CACHE:   33036109

STLB TOTAL     ACCESS:    3367633  HIT:    2902279  MISS:     465354  HIT %:    86.1816  MISS %:    13.8184   MPKI: 2.32677
STLB LOAD TRANSLATION ACCESS:    3367633  HIT:    2902279  MISS:     465354  HIT %:    86.1816  MISS %:    13.8184   MPKI: 2.32677
STLB PREFETCH  REQUESTED:          0  ISSUED:          0  USEFUL:          0  USELESS:          0
STLB USEFUL LOAD PREFETCHES:          0 PREFETCH ISSUED TO LOWER LEVEL:          0  ACCURACY: -nan
STLB TIMELY PREFETCHES:          0 LATE PREFETCHES: 0 DROPPED PREFETCHES: 0
STLB PREFETCHES SAME FILL-ORIGIN LEVEL: 0 DIFFERENT FILL-ORIGIN LEVEL: 0
STLB AVERAGE MISS LATENCY:    24.2108 cycles AVERAGE LOAD MISS LATENCY:       -nan cycles Load Miss          0
STLB Average MSHR Occupancy:  0.0355668
STLB RQ	ACCESS:    3367633	FORWARD:          0	MERGED:          0	TO_CACHE:    3367633

STLB Hit, L1D data hit: 0
STLB Hit, L2C data hit: 0
STLB Hit, LLC data hit: 0
STLB Hit, LLC data miss: 0
STLB STLB hints to L2: 0
L1D TOTAL     ACCESS:   43941908  HIT:   41413615  MISS:    2528293  HIT %:    94.2463  MISS %:    5.75372   MPKI: 12.6415
L1D LOAD      ACCESS:   24684604  HIT:   22508456  MISS:    2176148  HIT %:    91.1842  MISS %:    8.81581   MPKI: 10.8807
L1D RFO       ACCESS:   19257304  HIT:   18905159  MISS:     352145  HIT %:    98.1714  MISS %:    1.82863   MPKI: 1.76072
L1D PREFETCH  REQUESTED:          0  ISSUED:          0  USEFUL:          0  USELESS:          0
L1D USEFUL LOAD PREFETCHES:          0 PREFETCH ISSUED TO LOWER LEVEL:          0  ACCURACY: -nan
L1D TIMELY PREFETCHES:          0 LATE PREFETCHES: 0 DROPPED PREFETCHES: 0
L1D PREFETCHES SAME FILL-ORIGIN LEVEL: 0 DIFFERENT FILL-ORIGIN LEVEL: 0
L1D AVERAGE MISS LATENCY:    19.3286 cycles AVERAGE LOAD MISS LATENCY:    17.8772 cycles Load Miss    2176148
L1D Average MSHR Occupancy:   0.149893
L1D RQ	ACCESS:   40236686	FORWARD:          0	MERGED:   15178788	TO_CACHE:   24728442
L1D WQ	ACCESS:   20251098	FORWARD:     329456	MERGED:     611361	TO_CACHE:   19639737

L1D UNIQUE REGIONS ACCESSED: 0
L1D REGIONS CONFLICTS: 0
L1D Cross Page Prefetch Requests: 0
L1D Same Page Prefetch Requests: 0
L1D ROI Sum of L1D PQ occupancy: 0
L1D PREFETCHES PUSHED FROM L2C: 0
L1I TOTAL     ACCESS:   25433869  HIT:   11787269  MISS:   13646600  HIT %:    46.3448  MISS %:    53.6552   MPKI: 68.233
L1I LOAD      ACCESS:   25433869  HIT:   11787269  MISS:   13646600  HIT %:    46.3448  MISS %:    53.6552   MPKI: 68.233
L1I PREFETCH  REQUESTED:          0  ISSUED:          0  USEFUL:          0  USELESS:          0
L1I USEFUL LOAD PREFETCHES:          0 PREFETCH ISSUED TO LOWER LEVEL:          0  ACCURACY: -nan
L1I TIMELY PREFETCHES:          0 LATE PREFETCHES: 0 DROPPED PREFETCHES: 0
L1I PREFETCHES SAME FILL-ORIGIN LEVEL: 0 DIFFERENT FILL-ORIGIN LEVEL: 0
L1I AVERAGE MISS LATENCY:    14.2528 cycles AVERAGE LOAD MISS LATENCY:    14.2528 cycles Load Miss   13646600
L1I Average MSHR Occupancy:   0.555086
L1I RQ	ACCESS:   47441588	FORWARD:          0	MERGED:   21605779	TO_CACHE:   25835809

BTB TOTAL     ACCESS:   22842522  HIT:   17631046  MISS:    5211476  HIT %:    77.1852  MISS %:    22.8148   MPKI: 26.0574
BTB BRANCH_DIRECT_JUMP	ACCESS:    1802541  HIT:    1489078  MISS:     313463
BTB BRANCH_INDIRECT	ACCESS:    9656898  HIT:    7208076  MISS:    2448822
BTB BRANCH_CONDITIONAL	ACCESS:    4775905  HIT:    4279658  MISS:     496247
BTB BRANCH_DIRECT_CALL	ACCESS:    2594584  HIT:    1985093  MISS:     609491
BTB BRANCH_INDIRECT_CALL	ACCESS:     705121  HIT:     643251  MISS:      61870
BTB BRANCH_RETURN	ACCESS:    3307473  HIT:    2025890  MISS:    1281583
BTB BRANCH_OTHER ACCESS:          0  HIT:          0  MISS:          0

L2C TOTAL     ACCESS:   19267044  HIT:   18947289  MISS:     319755  HIT %:    98.3404  MISS %:     1.6596   MPKI: 1.59877
L2C LOAD      ACCESS:   15822689  HIT:   15742066  MISS:      80623  HIT %:    99.4905  MISS %:    0.50954   MPKI: 0.403115
L2C DATA LOAD MPKI: 0.268595
L2C INSTRUCTION LOAD MPKI: 0.13452
L2C RFO       ACCESS:     352133  HIT:     314823  MISS:      37310  HIT %:    89.4046  MISS %:    10.5954   MPKI: 0.18655
L2C PREFETCH  ACCESS:    1498649  HIT:    1305115  MISS:     193534  HIT %:    87.0861  MISS %:    12.9139   MPKI: 0.96767
AGUS PREFETCH L1 MISS: 0
L2C DATA PREFETCH MPKI: 0.96767
L2C INSTRUCTION PREFETCH MPKI: 0
L2C WRITEBACK ACCESS:    1003815  HIT:    1003530  MISS:        285  HIT %:    99.9716  MISS %:  0.0283917   MPKI: 0.001425
L2C LOAD TRANSLATION ACCESS:     589758  HIT:     581755  MISS:       8003  HIT %:     98.643  MISS %:      1.357   MPKI: 0.040015
L2C PREFETCH  REQUESTED:    1505540  ISSUED:    1505540  USEFUL:     179362  USELESS:      14184
L2C USEFUL LOAD PREFETCHES:     179362 PREFETCH ISSUED TO LOWER LEVEL:     196370  ACCURACY: 91.3388
L2C TIMELY PREFETCHES:     179362 LATE PREFETCHES: 2836 DROPPED PREFETCHES: 0
L2C PREFETCHES SAME FILL-ORIGIN LEVEL: 196370 DIFFERENT FILL-ORIGIN LEVEL: 0
L2C AVERAGE MISS LATENCY:    148.593 cycles AVERAGE LOAD MISS LATENCY:    99.5496 cycles Load Miss      80623
L2C Average MSHR Occupancy:   0.139888
L2C RQ	ACCESS:   16764650	FORWARD:          0	MERGED:          0	TO_CACHE:   16764580
L2C WQ	ACCESS:    1003815	FORWARD:         72	MERGED:          0	TO_CACHE:    1003815
L2C PQ	ACCESS:    1505540	FORWARD:          0	MERGED:          0	TO_CACHE:    1505538

L2C Instructions Evicting Data 21043
L2C Translations Evicting Data 6902
L2C Data Evicting Data 257055
L2C Instructions Evicting Instructions 4998
L2C Translations Evicting Instructions 864
L2C Data Evicting Instructions 20643
L2C Instructions Evicting Translations 863
L2C Translations Evicting Translations 237
L2C Data Evicting Translations 6865
L2C Dense regions hint from L2: 0
PSCL5 TOTAL     ACCESS:     465354  HIT:     465354  MISS:          0  HIT %:        100  MISS %:          0   MPKI: 0
PSCL5 LOAD TRANSLATION ACCESS:     465354  HIT:     465354  MISS:          0  HIT %:        100  MISS %:          0   MPKI: 0
PSCL5 PREFETCH  REQUESTED:          0  ISSUED:          0  USEFUL:          0  USELESS:          0
PSCL5 USEFUL LOAD PREFETCHES:          0 PREFETCH ISSUED TO LOWER LEVEL:          0  ACCURACY: -nan
PSCL5 TIMELY PREFETCHES:          0 LATE PREFETCHES: 0 DROPPED PREFETCHES: 0
PSCL5 PREFETCHES SAME FILL-ORIGIN LEVEL: 0 DIFFERENT FILL-ORIGIN LEVEL: 0

PSCL4 TOTAL     ACCESS:     438037  HIT:     436783  MISS:       1254  HIT %:    99.7137  MISS %:   0.286277   MPKI: 0.00627
PSCL4 LOAD TRANSLATION ACCESS:     438037  HIT:     436783  MISS:       1254  HIT %:    99.7137  MISS %:   0.286277   MPKI: 0.00627
PSCL4 PREFETCH  REQUESTED:          0  ISSUED:          0  USEFUL:          0  USELESS:          0
PSCL4 USEFUL LOAD PREFETCHES:          0 PREFETCH ISSUED TO LOWER LEVEL:          0  ACCURACY: -nan
PSCL4 TIMELY PREFETCHES:          0 LATE PREFETCHES: 0 DROPPED PREFETCHES: 0
PSCL4 PREFETCHES SAME FILL-ORIGIN LEVEL: 0 DIFFERENT FILL-ORIGIN LEVEL: 0

PSCL3 TOTAL     ACCESS:     462134  HIT:     458234  MISS:       3900  HIT %:    99.1561  MISS %:   0.843911   MPKI: 0.0195
PSCL3 LOAD TRANSLATION ACCESS:     462134  HIT:     458234  MISS:       3900  HIT %:    99.1561  MISS %:   0.843911   MPKI: 0.0195
PSCL3 PREFETCH  REQUESTED:          0  ISSUED:          0  USEFUL:          0  USELESS:          0
PSCL3 USEFUL LOAD PREFETCHES:          0 PREFETCH ISSUED TO LOWER LEVEL:          0  ACCURACY: -nan
PSCL3 TIMELY PREFETCHES:          0 LATE PREFETCHES: 0 DROPPED PREFETCHES: 0
PSCL3 PREFETCHES SAME FILL-ORIGIN LEVEL: 0 DIFFERENT FILL-ORIGIN LEVEL: 0

PSCL2 TOTAL     ACCESS:     465354  HIT:     346104  MISS:     119250  HIT %:    74.3743  MISS %:    25.6257   MPKI: 0.59625
PSCL2 LOAD TRANSLATION ACCESS:     465354  HIT:     346104  MISS:     119250  HIT %:    74.3743  MISS %:    25.6257   MPKI: 0.59625
PSCL2 PREFETCH  REQUESTED:          0  ISSUED:          0  USEFUL:          0  USELESS:          0
PSCL2 USEFUL LOAD PREFETCHES:          0 PREFETCH ISSUED TO LOWER LEVEL:          0  ACCURACY: -nan
PSCL2 TIMELY PREFETCHES:          0 LATE PREFETCHES: 0 DROPPED PREFETCHES: 0
PSCL2 PREFETCHES SAME FILL-ORIGIN LEVEL: 0 DIFFERENT FILL-ORIGIN LEVEL: 0

LLC TOTAL     ACCESS:     534620  HIT:     218701  MISS:     315919  HIT %:    40.9077  MISS %:    59.0923   MPKI: 1.57959
LLC LOAD      ACCESS:      77830  HIT:      54088  MISS:      23742  HIT %:    69.4951  MISS %:    30.5049   MPKI: 0.11871
LLC RFO       ACCESS:      37267  HIT:      22427  MISS:      14840  HIT %:    60.1792  MISS %:    39.8208   MPKI: 0.0742
LLC PREFETCH  ACCESS:     196370  HIT:      54765  MISS:     141605  HIT %:    27.8887  MISS %:    72.1113   MPKI: 0.708025
AGUS PREFETCH L1 MISS: 0
LLC WRITEBACK ACCESS:     215150  HIT:      80880  MISS:     134270  HIT %:    37.5924  MISS %:    62.4076   MPKI: 0.67135
LLC LOAD TRANSLATION ACCESS:       8003  HIT:       6541  MISS:       1462  HIT %:    81.7319  MISS %:    18.2681   MPKI: 0.00731
LLC PREFETCH  REQUESTED:          0  ISSUED:          0  USEFUL:        663  USELESS:      11083
LLC USEFUL LOAD PREFETCHES:        663 PREFETCH ISSUED TO LOWER LEVEL:     141605  ACCURACY: 0.468204
LLC TIMELY PREFETCHES:        663 LATE PREFETCHES: 0 DROPPED PREFETCHES: 0
LLC PREFETCHES SAME FILL-ORIGIN LEVEL: 0 DIFFERENT FILL-ORIGIN LEVEL: 0
LLC AVERAGE MISS LATENCY:    105.684 cycles AVERAGE LOAD MISS LATENCY:     175.93 cycles Load Miss      23742
LLC Average MSHR Occupancy:  0.0973523
LLC RQ	ACCESS:     123100	FORWARD:          0	MERGED:          0	TO_CACHE:     123100
LLC WQ	ACCESS:     215150	FORWARD:          0	MERGED:          0	TO_CACHE:     215150
LLC PQ	ACCESS:     196370	FORWARD:          0	MERGED:          0	TO_CACHE:     196370

LLC Dense regions hint to LLC: 0

RAW hits: 4583274
Loads Generated: 44819960
Loads sent to L1D: 40236686
Stores Generated: 20251090
Stores sent to L1D: 20251098
Major fault: 0 Minor fault: 6553
Allocated PAGES: 6553
[Bingo] PHT Access: 839510
[Bingo] PHT Hit PC+Addr: 407439
[Bingo] PHT Hit PC+Offs: 45544
[Bingo] PHT Miss: 386527
[Bingo] Prefetch PC+Addr: 0
[Bingo] Prefetch PC+Offs: 0
[Bingo] Useful PC+Addr: 0
[Bingo] Useful PC+Offs: 0
[Bingo] Useless PC+Addr: 0
[Bingo] Useless PC+Offs: 0
[Bingo] L1 Prefetch per Region: 0
[Bingo] L2 Prefetch per Region: 4.39028
[Bingo] L3 Prefetch per Region: 0
[Bingo] No Prefetch per Region: 27.6097
[Bingo] Number of Voters Mean: 3.19348
[Bingo] Number of Voters SD: 5.87014
PHT read accesses: 6835905
PHT write accesses: 327188
AT read accesses: 1333005
AT write accesses: 1658482
FT read accesses: 992645
FT write accesses: 839510
PS read accesses: 924678
PS write accesses: 452983
PHT tag read accesses: 13447468
PHT tag write accesses: 734627
AT tag read accesses: 55625807
AT tag write accesses: 1660193
FT tag read accesses: 53484535
FT tag write accesses: 1499681
PS tag read accesses: 50963126
PS tag write accesses: 1375257
================ Mockingjay (LLC) Pollution Stats ================
Total pollution count in LLC: 13405
==================================================================

DRAM Statistics
 CHANNEL 0
 RQ ROW_BUFFER_HIT:      81372  ROW_BUFFER_MISS:     100275
 DBUS_CONGESTED:        123
 WQ ROW_BUFFER_HIT:      12019  ROW_BUFFER_MISS:     137887  FULL:       5694

 AVG_CONGESTED_CYCLE: 5
 All warmup complete: 2
Channel 0 Bank busy for read cycles: 0
Channel 0 Bank busy for write cycles: 0
Channel 0
Rank 0
0banks busy for read cycles: 323799601
0banks busy for write cycles: 46345
1banks busy for read cycles: 3771044
1banks busy for write cycles: 5779834
2banks busy for read cycles: 775388
2banks busy for write cycles: 1709941
3banks busy for read cycles: 387508
3banks busy for write cycles: 866674
4banks busy for read cycles: 306505
4banks busy for write cycles: 583458
5banks busy for read cycles: 276831
5banks busy for write cycles: 455562
6banks busy for read cycles: 276831
6banks busy for write cycles: 369110
7banks busy for read cycles: 338987
7banks busy for write cycles: 307396
8banks busy for read cycles: 749126
8banks busy for write cycles: 289628

CPU 0 Branch Prediction Accuracy: 99.8175% MPKI: 0.329665 Average ROB Occupancy at Mispredict: 60.8905
Branch types
NOT_BRANCH: 163864847 81.9324%
BRANCH_DIRECT_JUMP: 1802541 0.90127%
BRANCH_INDIRECT: 9656898 4.82845%
BRANCH_CONDITIONAL: 18068407 9.0342%
BRANCH_DIRECT_CALL: 2594584 1.29729%
BRANCH_INDIRECT_CALL: 705121 0.35256%
BRANCH_RETURN: 3307473 1.65374%
BRANCH_OTHER: 0 0%

===================== LRU L1D STATS =====================
Total pollution count in L1D: 0
=========================================================
================ SRRIP (L2C) Pollution Stats ================
Total pollution count in L2c: 155676
==================================================================
DRAM PAGES: 1048576
Allocated PAGES: 6553
