
*** ChampSim Multicore Out-of-Order Simulator ***

Warmup Instructions: 200000000
Simulation Instructions: 200000000
Number of CPUs: 1
LLC sets: 4096
LLC ways: 12
Off-chip DRAM Size: 4096 MB Channels: 1 Width: 64-bit Data Rate: 6400 MT/s
CPU 0 runs /home1/sweta/traces/qualcomm_traces/srv_52.champsimtrace.xz
.xz
BTB has LRU replacement policy
ITLB has LRU replacement policy
DTLB has LRU replacement policy
STLB has LRU replacement policy
L1I has LRU replacement policy
L1D has LRU replacement policy
Bingo PHT WAYS: 16 and PHT_SIZE: 16384
Initialize SRRIP state for L2C
Initialize Mockingjay state for LLC
Heartbeat CPU 0 instructions: 10000000 cycles: 2264655 heartbeat IPC: 4.41568 cumulative IPC: 4.41568 (Simulation time: 0 hr 0 min 26 sec) 
Heartbeat CPU 0 instructions: 20000004 cycles: 4516008 heartbeat IPC: 4.44178 cumulative IPC: 4.42869 (Simulation time: 0 hr 0 min 52 sec) 
Heartbeat CPU 0 instructions: 30000002 cycles: 6744640 heartbeat IPC: 4.48706 cumulative IPC: 4.44798 (Simulation time: 0 hr 1 min 17 sec) 
*** Reached end of trace for Core: 0 Repeating trace: /home1/sweta/traces/qualcomm_traces/srv_52.champsimtrace.xz
Heartbeat CPU 0 instructions: 40000000 cycles: 9012396 heartbeat IPC: 4.40964 cumulative IPC: 4.43833 (Simulation time: 0 hr 1 min 43 sec) 
Heartbeat CPU 0 instructions: 50000005 cycles: 11263439 heartbeat IPC: 4.44239 cumulative IPC: 4.43914 (Simulation time: 0 hr 2 min 7 sec) 
Heartbeat CPU 0 instructions: 60000003 cycles: 13494978 heartbeat IPC: 4.48121 cumulative IPC: 4.4461 (Simulation time: 0 hr 2 min 34 sec) 
*** Reached end of trace for Core: 0 Repeating trace: /home1/sweta/traces/qualcomm_traces/srv_52.champsimtrace.xz
Heartbeat CPU 0 instructions: 70000000 cycles: 15755590 heartbeat IPC: 4.42358 cumulative IPC: 4.44287 (Simulation time: 0 hr 2 min 58 sec) 
Heartbeat CPU 0 instructions: 80000000 cycles: 18002825 heartbeat IPC: 4.44991 cumulative IPC: 4.44375 (Simulation time: 0 hr 3 min 21 sec) 
Heartbeat CPU 0 instructions: 90000000 cycles: 20238238 heartbeat IPC: 4.47345 cumulative IPC: 4.44703 (Simulation time: 0 hr 3 min 45 sec) 
*** Reached end of trace for Core: 0 Repeating trace: /home1/sweta/traces/qualcomm_traces/srv_52.champsimtrace.xz
Heartbeat CPU 0 instructions: 100000000 cycles: 22486102 heartbeat IPC: 4.44867 cumulative IPC: 4.44719 (Simulation time: 0 hr 4 min 8 sec) 
Heartbeat CPU 0 instructions: 110000007 cycles: 24747944 heartbeat IPC: 4.42118 cumulative IPC: 4.44481 (Simulation time: 0 hr 4 min 31 sec) 
Heartbeat CPU 0 instructions: 120000003 cycles: 26977891 heartbeat IPC: 4.48441 cumulative IPC: 4.44809 (Simulation time: 0 hr 4 min 54 sec) 
*** Reached end of trace for Core: 0 Repeating trace: /home1/sweta/traces/qualcomm_traces/srv_52.champsimtrace.xz
Heartbeat CPU 0 instructions: 130000006 cycles: 29234997 heartbeat IPC: 4.43045 cumulative IPC: 4.44673 (Simulation time: 0 hr 5 min 17 sec) 
Heartbeat CPU 0 instructions: 140000005 cycles: 31495262 heartbeat IPC: 4.42426 cumulative IPC: 4.44511 (Simulation time: 0 hr 5 min 41 sec) 
Heartbeat CPU 0 instructions: 150000006 cycles: 33727901 heartbeat IPC: 4.479 cumulative IPC: 4.44736 (Simulation time: 0 hr 6 min 4 sec) 
*** Reached end of trace for Core: 0 Repeating trace: /home1/sweta/traces/qualcomm_traces/srv_52.champsimtrace.xz
Heartbeat CPU 0 instructions: 160000004 cycles: 35979158 heartbeat IPC: 4.44196 cumulative IPC: 4.44702 (Simulation time: 0 hr 6 min 27 sec) 
Heartbeat CPU 0 instructions: 170000002 cycles: 38239025 heartbeat IPC: 4.42504 cumulative IPC: 4.44572 (Simulation time: 0 hr 6 min 50 sec) 
Heartbeat CPU 0 instructions: 180000000 cycles: 40476354 heartbeat IPC: 4.46961 cumulative IPC: 4.44704 (Simulation time: 0 hr 7 min 12 sec) 
*** Reached end of trace for Core: 0 Repeating trace: /home1/sweta/traces/qualcomm_traces/srv_52.champsimtrace.xz
Heartbeat CPU 0 instructions: 190000002 cycles: 42723147 heartbeat IPC: 4.45079 cumulative IPC: 4.44724 (Simulation time: 0 hr 7 min 35 sec) 
Heartbeat CPU 0 instructions: 200000000 cycles: 44982078 heartbeat IPC: 4.42687 cumulative IPC: 4.44622 (Simulation time: 0 hr 7 min 58 sec) 

Warmup complete CPU 0 instructions: 200000008 cycles: 44982079 (Simulation time: 0 hr 7 min 58 sec) 

Heartbeat CPU 0 instructions: 210000003 cycles: 73959210 heartbeat IPC: 0.3451 cumulative IPC: 0.3451 (Simulation time: 0 hr 8 min 28 sec) 
*** Reached end of trace for Core: 0 Repeating trace: /home1/sweta/traces/qualcomm_traces/srv_52.champsimtrace.xz
Heartbeat CPU 0 instructions: 220000004 cycles: 102279356 heartbeat IPC: 0.353106 cumulative IPC: 0.349057 (Simulation time: 0 hr 8 min 57 sec) 
Heartbeat CPU 0 instructions: 230000001 cycles: 131351833 heartbeat IPC: 0.343968 cumulative IPC: 0.347344 (Simulation time: 0 hr 9 min 25 sec) 
Heartbeat CPU 0 instructions: 240000000 cycles: 160003438 heartbeat IPC: 0.349021 cumulative IPC: 0.347761 (Simulation time: 0 hr 9 min 53 sec) 
*** Reached end of trace for Core: 0 Repeating trace: /home1/sweta/traces/qualcomm_traces/srv_52.champsimtrace.xz
Heartbeat CPU 0 instructions: 250000000 cycles: 188685301 heartbeat IPC: 0.348652 cumulative IPC: 0.347939 (Simulation time: 0 hr 10 min 22 sec) 
Heartbeat CPU 0 instructions: 260000004 cycles: 217504529 heartbeat IPC: 0.346991 cumulative IPC: 0.347781 (Simulation time: 0 hr 10 min 51 sec) 
Heartbeat CPU 0 instructions: 270000000 cycles: 247281758 heartbeat IPC: 0.335827 cumulative IPC: 0.346021 (Simulation time: 0 hr 11 min 19 sec) 
*** Reached end of trace for Core: 0 Repeating trace: /home1/sweta/traces/qualcomm_traces/srv_52.champsimtrace.xz
Heartbeat CPU 0 instructions: 280000006 cycles: 275081389 heartbeat IPC: 0.359717 cumulative IPC: 0.347676 (Simulation time: 0 hr 11 min 48 sec) 
Heartbeat CPU 0 instructions: 290000000 cycles: 303969210 heartbeat IPC: 0.346166 cumulative IPC: 0.347508 (Simulation time: 0 hr 12 min 16 sec) 
Heartbeat CPU 0 instructions: 300000005 cycles: 333395485 heartbeat IPC: 0.339833 cumulative IPC: 0.346725 (Simulation time: 0 hr 12 min 45 sec) 
Heartbeat CPU 0 instructions: 310000000 cycles: 362076165 heartbeat IPC: 0.348667 cumulative IPC: 0.3469 (Simulation time: 0 hr 13 min 14 sec) 
*** Reached end of trace for Core: 0 Repeating trace: /home1/sweta/traces/qualcomm_traces/srv_52.champsimtrace.xz
Heartbeat CPU 0 instructions: 320000001 cycles: 390231309 heartbeat IPC: 0.355175 cumulative IPC: 0.347575 (Simulation time: 0 hr 13 min 44 sec) 
Heartbeat CPU 0 instructions: 330000003 cycles: 419564643 heartbeat IPC: 0.340909 cumulative IPC: 0.347053 (Simulation time: 0 hr 14 min 12 sec) 
Heartbeat CPU 0 instructions: 340000001 cycles: 448227150 heartbeat IPC: 0.348888 cumulative IPC: 0.347183 (Simulation time: 0 hr 14 min 40 sec) 
*** Reached end of trace for Core: 0 Repeating trace: /home1/sweta/traces/qualcomm_traces/srv_52.champsimtrace.xz
Heartbeat CPU 0 instructions: 350000000 cycles: 476147763 heartbeat IPC: 0.358158 cumulative IPC: 0.347894 (Simulation time: 0 hr 15 min 8 sec) 
Heartbeat CPU 0 instructions: 360000000 cycles: 505647381 heartbeat IPC: 0.338987 cumulative IPC: 0.347324 (Simulation time: 0 hr 15 min 35 sec) 
Heartbeat CPU 0 instructions: 370000002 cycles: 534527317 heartbeat IPC: 0.346261 cumulative IPC: 0.347261 (Simulation time: 0 hr 16 min 1 sec) 
*** Reached end of trace for Core: 0 Repeating trace: /home1/sweta/traces/qualcomm_traces/srv_52.champsimtrace.xz
Heartbeat CPU 0 instructions: 380000007 cycles: 562635093 heartbeat IPC: 0.355774 cumulative IPC: 0.347723 (Simulation time: 0 hr 16 min 26 sec) 
Heartbeat CPU 0 instructions: 390000000 cycles: 591995401 heartbeat IPC: 0.340596 cumulative IPC: 0.347341 (Simulation time: 0 hr 16 min 52 sec) 
Heartbeat CPU 0 instructions: 400000003 cycles: 620816123 heartbeat IPC: 0.346973 cumulative IPC: 0.347322 (Simulation time: 0 hr 17 min 16 sec) 
Finished CPU 0 instructions: 200000003 cycles: 575834051 cumulative IPC: 0.347322 (Simulation time: 0 hr 17 min 16 sec) 

ChampSim completed all CPUs

Region of Interest Statistics

CPU 0 cumulative IPC: 0.347322 instructions: 200000003 cycles: 575834051
ITLB TOTAL     ACCESS:   26616640  HIT:   24974843  MISS:    1641797  HIT %:    93.8317  MISS %:    6.16831   MPKI: 8.20898
ITLB LOAD TRANSLATION ACCESS:   26616640  HIT:   24974843  MISS:    1641797  HIT %:    93.8317  MISS %:    6.16831   MPKI: 8.20898
ITLB PREFETCH  REQUESTED:          0  ISSUED:          0  USEFUL:          0  USELESS:          0
ITLB USEFUL LOAD PREFETCHES:          0 PREFETCH ISSUED TO LOWER LEVEL:          0  ACCURACY: -nan
ITLB TIMELY PREFETCHES:          0 LATE PREFETCHES: 0 DROPPED PREFETCHES: 0
ITLB PREFETCHES SAME FILL-ORIGIN LEVEL: 0 DIFFERENT FILL-ORIGIN LEVEL: 0
ITLB AVERAGE MISS LATENCY:    9.62019 cycles AVERAGE LOAD MISS LATENCY:       -nan cycles Load Miss          0
ITLB Average MSHR Occupancy:  0.0248822
ITLB RQ	ACCESS:   31411873	FORWARD:          0	MERGED:    3837096	TO_CACHE:   27574777

DTLB TOTAL     ACCESS:   39038144  HIT:   37343854  MISS:    1694290  HIT %:    95.6599  MISS %:    4.34009   MPKI: 8.47145
DTLB LOAD TRANSLATION ACCESS:   39038144  HIT:   37343854  MISS:    1694290  HIT %:    95.6599  MISS %:    4.34009   MPKI: 8.47145
DTLB PREFETCH  REQUESTED:          0  ISSUED:          0  USEFUL:          0  USELESS:          0
DTLB USEFUL LOAD PREFETCHES:          0 PREFETCH ISSUED TO LOWER LEVEL:          0  ACCURACY: -nan
DTLB TIMELY PREFETCHES:          0 LATE PREFETCHES: 0 DROPPED PREFETCHES: 0
DTLB PREFETCHES SAME FILL-ORIGIN LEVEL: 0 DIFFERENT FILL-ORIGIN LEVEL: 0
DTLB AVERAGE MISS LATENCY:    11.1217 cycles AVERAGE LOAD MISS LATENCY:       -nan cycles Load Miss          0
DTLB Average MSHR Occupancy:  0.0309216
DTLB RQ	ACCESS:   56431703	FORWARD:          0	MERGED:   17272357	TO_CACHE:   39159346

STLB TOTAL     ACCESS:    3336087  HIT:    3190677  MISS:     145410  HIT %:    95.6413  MISS %:     4.3587   MPKI: 0.72705
STLB LOAD TRANSLATION ACCESS:    3336087  HIT:    3190677  MISS:     145410  HIT %:    95.6413  MISS %:     4.3587   MPKI: 0.72705
STLB PREFETCH  REQUESTED:          0  ISSUED:          0  USEFUL:          0  USELESS:          0
STLB USEFUL LOAD PREFETCHES:          0 PREFETCH ISSUED TO LOWER LEVEL:          0  ACCURACY: -nan
STLB TIMELY PREFETCHES:          0 LATE PREFETCHES: 0 DROPPED PREFETCHES: 0
STLB PREFETCHES SAME FILL-ORIGIN LEVEL: 0 DIFFERENT FILL-ORIGIN LEVEL: 0
STLB AVERAGE MISS LATENCY:    31.4946 cycles AVERAGE LOAD MISS LATENCY:       -nan cycles Load Miss          0
STLB Average MSHR Occupancy: 0.00855257
STLB RQ	ACCESS:    3336087	FORWARD:          0	MERGED:          0	TO_CACHE:    3336087

STLB Hit, L1D data hit: 0
STLB Hit, L2C data hit: 0
STLB Hit, LLC data hit: 0
STLB Hit, LLC data miss: 0
STLB STLB hints to L2: 0
L1D TOTAL     ACCESS:   54673193  HIT:   50582884  MISS:    4090309  HIT %:    92.5186  MISS %:    7.48138   MPKI: 20.4515
L1D LOAD      ACCESS:   33060509  HIT:   30166502  MISS:    2894007  HIT %:    91.2463  MISS %:    8.75367   MPKI: 14.47
L1D RFO       ACCESS:   21612684  HIT:   20416382  MISS:    1196302  HIT %:    94.4648  MISS %:    5.53518   MPKI: 5.98151
L1D PREFETCH  REQUESTED:          0  ISSUED:          0  USEFUL:          0  USELESS:          0
L1D USEFUL LOAD PREFETCHES:          0 PREFETCH ISSUED TO LOWER LEVEL:          0  ACCURACY: -nan
L1D TIMELY PREFETCHES:          0 LATE PREFETCHES: 0 DROPPED PREFETCHES: 0
L1D PREFETCHES SAME FILL-ORIGIN LEVEL: 0 DIFFERENT FILL-ORIGIN LEVEL: 0
L1D AVERAGE MISS LATENCY:    18.3401 cycles AVERAGE LOAD MISS LATENCY:    16.7266 cycles Load Miss    2894007
L1D Average MSHR Occupancy:   0.140191
L1D RQ	ACCESS:   44537093	FORWARD:          0	MERGED:   11272230	TO_CACHE:   33127069
L1D WQ	ACCESS:   23602131	FORWARD:     137794	MERGED:     297497	TO_CACHE:   23304634

L1D UNIQUE REGIONS ACCESSED: 0
L1D REGIONS CONFLICTS: 0
L1D Cross Page Prefetch Requests: 0
L1D Same Page Prefetch Requests: 0
L1D ROI Sum of L1D PQ occupancy: 0
L1D PREFETCHES PUSHED FROM L2C: 0
L1I TOTAL     ACCESS:   30900508  HIT:   11398700  MISS:   19501808  HIT %:    36.8884  MISS %:    63.1116   MPKI: 97.509
L1I LOAD      ACCESS:   30900508  HIT:   11398700  MISS:   19501808  HIT %:    36.8884  MISS %:    63.1116   MPKI: 97.509
L1I PREFETCH  REQUESTED:          0  ISSUED:          0  USEFUL:          0  USELESS:          0
L1I USEFUL LOAD PREFETCHES:          0 PREFETCH ISSUED TO LOWER LEVEL:          0  ACCURACY: -nan
L1I TIMELY PREFETCHES:          0 LATE PREFETCHES: 0 DROPPED PREFETCHES: 0
L1I PREFETCHES SAME FILL-ORIGIN LEVEL: 0 DIFFERENT FILL-ORIGIN LEVEL: 0
L1I AVERAGE MISS LATENCY:     14.126 cycles AVERAGE LOAD MISS LATENCY:     14.126 cycles Load Miss   19501808
L1I Average MSHR Occupancy:   0.468056
L1I RQ	ACCESS:   53222740	FORWARD:          0	MERGED:   21810867	TO_CACHE:   31411873

BTB TOTAL     ACCESS:   30235326  HIT:   19389507  MISS:   10845819  HIT %:    64.1287  MISS %:    35.8713   MPKI: 54.2291
BTB BRANCH_DIRECT_JUMP	ACCESS:    1982837  HIT:    1215041  MISS:     767796
BTB BRANCH_INDIRECT	ACCESS:   12253880  HIT:    7828640  MISS:    4425240
BTB BRANCH_CONDITIONAL	ACCESS:    7044735  HIT:    6115358  MISS:     929377
BTB BRANCH_DIRECT_CALL	ACCESS:    3466817  HIT:    2012661  MISS:    1454156
BTB BRANCH_INDIRECT_CALL	ACCESS:    1010163  HIT:     528826  MISS:     481337
BTB BRANCH_RETURN	ACCESS:    4476894  HIT:    1688981  MISS:    2787913
BTB BRANCH_OTHER ACCESS:          0  HIT:          0  MISS:          0

L2C TOTAL     ACCESS:   27926992  HIT:   27525159  MISS:     401833  HIT %:    98.5611  MISS %:    1.43887   MPKI: 2.00916
L2C LOAD      ACCESS:   22395808  HIT:   22310164  MISS:      85644  HIT %:    99.6176  MISS %:   0.382411   MPKI: 0.42822
L2C DATA LOAD MPKI: 0.39493
L2C INSTRUCTION LOAD MPKI: 0.03329
L2C RFO       ACCESS:    1196264  HIT:    1048035  MISS:     148229  HIT %:     87.609  MISS %:     12.391   MPKI: 0.741145
L2C PREFETCH  ACCESS:    2007725  HIT:    1856385  MISS:     151340  HIT %:    92.4621  MISS %:    7.53788   MPKI: 0.7567
AGUS PREFETCH L1 MISS: 0
L2C DATA PREFETCH MPKI: 0.7567
L2C INSTRUCTION PREFETCH MPKI: 0
L2C WRITEBACK ACCESS:    2103544  HIT:    2103164  MISS:        380  HIT %:    99.9819  MISS %:  0.0180648   MPKI: 0.0019
L2C LOAD TRANSLATION ACCESS:     223651  HIT:     207411  MISS:      16240  HIT %:    92.7387  MISS %:    7.26131   MPKI: 0.0812
L2C PREFETCH  REQUESTED:    2028017  ISSUED:    2028017  USEFUL:     119126  USELESS:      32137
L2C USEFUL LOAD PREFETCHES:     119126 PREFETCH ISSUED TO LOWER LEVEL:     161235  ACCURACY: 73.8835
L2C TIMELY PREFETCHES:     119126 LATE PREFETCHES: 9895 DROPPED PREFETCHES: 0
L2C PREFETCHES SAME FILL-ORIGIN LEVEL: 161235 DIFFERENT FILL-ORIGIN LEVEL: 0
L2C AVERAGE MISS LATENCY:    66.6949 cycles AVERAGE LOAD MISS LATENCY:    61.1355 cycles Load Miss      85644
L2C Average MSHR Occupancy:   0.047205
L2C RQ	ACCESS:   23815768	FORWARD:          0	MERGED:          0	TO_CACHE:   23815723
L2C WQ	ACCESS:    2103544	FORWARD:         45	MERGED:          0	TO_CACHE:    2103544
L2C PQ	ACCESS:    2028017	FORWARD:          0	MERGED:          0	TO_CACHE:    2028017

L2C Instructions Evicting Data 6276
L2C Translations Evicting Data 15284
L2C Data Evicting Data 357282
L2C Instructions Evicting Instructions 121
L2C Translations Evicting Instructions 293
L2C Data Evicting Instructions 6092
L2C Instructions Evicting Translations 261
L2C Translations Evicting Translations 663
L2C Data Evicting Translations 15181
L2C Dense regions hint from L2: 0
PSCL5 TOTAL     ACCESS:     145410  HIT:     145410  MISS:          0  HIT %:        100  MISS %:          0   MPKI: 0
PSCL5 LOAD TRANSLATION ACCESS:     145410  HIT:     145410  MISS:          0  HIT %:        100  MISS %:          0   MPKI: 0
PSCL5 PREFETCH  REQUESTED:          0  ISSUED:          0  USEFUL:          0  USELESS:          0
PSCL5 USEFUL LOAD PREFETCHES:          0 PREFETCH ISSUED TO LOWER LEVEL:          0  ACCURACY: -nan
PSCL5 TIMELY PREFETCHES:          0 LATE PREFETCHES: 0 DROPPED PREFETCHES: 0
PSCL5 PREFETCHES SAME FILL-ORIGIN LEVEL: 0 DIFFERENT FILL-ORIGIN LEVEL: 0

PSCL4 TOTAL     ACCESS:     142250  HIT:     140969  MISS:       1281  HIT %:    99.0995  MISS %:   0.900527   MPKI: 0.006405
PSCL4 LOAD TRANSLATION ACCESS:     142250  HIT:     140969  MISS:       1281  HIT %:    99.0995  MISS %:   0.900527   MPKI: 0.006405
PSCL4 PREFETCH  REQUESTED:          0  ISSUED:          0  USEFUL:          0  USELESS:          0
PSCL4 USEFUL LOAD PREFETCHES:          0 PREFETCH ISSUED TO LOWER LEVEL:          0  ACCURACY: -nan
PSCL4 TIMELY PREFETCHES:          0 LATE PREFETCHES: 0 DROPPED PREFETCHES: 0
PSCL4 PREFETCHES SAME FILL-ORIGIN LEVEL: 0 DIFFERENT FILL-ORIGIN LEVEL: 0

PSCL3 TOTAL     ACCESS:     134434  HIT:     115244  MISS:      19190  HIT %:    85.7253  MISS %:    14.2747   MPKI: 0.09595
PSCL3 LOAD TRANSLATION ACCESS:     134434  HIT:     115244  MISS:      19190  HIT %:    85.7253  MISS %:    14.2747   MPKI: 0.09595
PSCL3 PREFETCH  REQUESTED:          0  ISSUED:          0  USEFUL:          0  USELESS:          0
PSCL3 USEFUL LOAD PREFETCHES:          0 PREFETCH ISSUED TO LOWER LEVEL:          0  ACCURACY: -nan
PSCL3 TIMELY PREFETCHES:          0 LATE PREFETCHES: 0 DROPPED PREFETCHES: 0
PSCL3 PREFETCHES SAME FILL-ORIGIN LEVEL: 0 DIFFERENT FILL-ORIGIN LEVEL: 0

PSCL2 TOTAL     ACCESS:     145410  HIT:      87640  MISS:      57770  HIT %:     60.271  MISS %:     39.729   MPKI: 0.28885
PSCL2 LOAD TRANSLATION ACCESS:     145410  HIT:      87640  MISS:      57770  HIT %:     60.271  MISS %:     39.729   MPKI: 0.28885
PSCL2 PREFETCH  REQUESTED:          0  ISSUED:          0  USEFUL:          0  USELESS:          0
PSCL2 USEFUL LOAD PREFETCHES:          0 PREFETCH ISSUED TO LOWER LEVEL:          0  ACCURACY: -nan
PSCL2 TIMELY PREFETCHES:          0 LATE PREFETCHES: 0 DROPPED PREFETCHES: 0
PSCL2 PREFETCHES SAME FILL-ORIGIN LEVEL: 0 DIFFERENT FILL-ORIGIN LEVEL: 0

LLC TOTAL     ACCESS:     630027  HIT:     557259  MISS:      72768  HIT %:      88.45  MISS %:      11.55   MPKI: 0.36384
LLC LOAD      ACCESS:      75766  HIT:      69248  MISS:       6518  HIT %:    91.3972  MISS %:     8.6028   MPKI: 0.03259
LLC RFO       ACCESS:     148212  HIT:     136919  MISS:      11293  HIT %:    92.3805  MISS %:    7.61949   MPKI: 0.056465
LLC PREFETCH  ACCESS:     161235  HIT:     125119  MISS:      36116  HIT %:    77.6004  MISS %:    22.3996   MPKI: 0.18058
AGUS PREFETCH L1 MISS: 0
LLC WRITEBACK ACCESS:     228574  HIT:     210675  MISS:      17899  HIT %:    92.1693  MISS %:    7.83072   MPKI: 0.089495
LLC LOAD TRANSLATION ACCESS:      16240  HIT:      15298  MISS:        942  HIT %:    94.1995  MISS %:    5.80049   MPKI: 0.00471
LLC PREFETCH  REQUESTED:          0  ISSUED:          0  USEFUL:        388  USELESS:      11585
LLC USEFUL LOAD PREFETCHES:        388 PREFETCH ISSUED TO LOWER LEVEL:      36116  ACCURACY: 1.07432
LLC TIMELY PREFETCHES:        388 LATE PREFETCHES: 0 DROPPED PREFETCHES: 0
LLC PREFETCHES SAME FILL-ORIGIN LEVEL: 0 DIFFERENT FILL-ORIGIN LEVEL: 0
LLC AVERAGE MISS LATENCY:    128.335 cycles AVERAGE LOAD MISS LATENCY:    169.752 cycles Load Miss       6518
LLC Average MSHR Occupancy:  0.0161224
LLC RQ	ACCESS:     240218	FORWARD:          0	MERGED:          0	TO_CACHE:     240218
LLC WQ	ACCESS:     228574	FORWARD:          0	MERGED:          0	TO_CACHE:     228574
LLC PQ	ACCESS:     161235	FORWARD:          0	MERGED:          0	TO_CACHE:     161235

LLC Dense regions hint to LLC: 0

RAW hits: 3441031
Loads Generated: 47978116
Loads sent to L1D: 44537093
Stores Generated: 23602118
Stores sent to L1D: 23602131
Major fault: 0 Minor fault: 5016
Allocated PAGES: 5016
[Bingo] PHT Access: 758965
[Bingo] PHT Hit PC+Addr: 464139
[Bingo] PHT Hit PC+Offs: 40614
[Bingo] PHT Miss: 254212
[Bingo] Prefetch PC+Addr: 0
[Bingo] Prefetch PC+Offs: 0
[Bingo] Useful PC+Addr: 0
[Bingo] Useful PC+Offs: 0
[Bingo] Useless PC+Addr: 0
[Bingo] Useless PC+Offs: 0
[Bingo] L1 Prefetch per Region: 0
[Bingo] L2 Prefetch per Region: 5.08188
[Bingo] L3 Prefetch per Region: 0
[Bingo] No Prefetch per Region: 26.9181
[Bingo] Number of Voters Mean: 4.88376
[Bingo] Number of Voters SD: 8.6906
PHT read accesses: 3941355
PHT write accesses: 397963
AT read accesses: 2121433
AT write accesses: 2517508
FT read accesses: 1225645
FT write accesses: 758965
PS read accesses: 1053307
PS write accesses: 504753
PHT tag read accesses: 12360793
PHT tag write accesses: 862102
AT tag read accesses: 71821306
AT tag write accesses: 2519396
FT tag read accesses: 52889543
FT tag write accesses: 1571157
PS tag read accesses: 63424817
PS tag write accesses: 1556110
================ Mockingjay (LLC) Pollution Stats ================
Total pollution count in LLC: 2586
==================================================================

DRAM Statistics
 CHANNEL 0
 RQ ROW_BUFFER_HIT:      17868  ROW_BUFFER_MISS:      37001
 DBUS_CONGESTED:         59
 WQ ROW_BUFFER_HIT:       1798  ROW_BUFFER_MISS:      22225  FULL:          0

 AVG_CONGESTED_CYCLE: 4
 All warmup complete: 2
Channel 0 Bank busy for read cycles: 0
Channel 0 Bank busy for write cycles: 0
Channel 0
Rank 0
0banks busy for read cycles: 569573910
0banks busy for write cycles: 13678
1banks busy for read cycles: 2439771
1banks busy for write cycles: 1887662
2banks busy for read cycles: 658727
2banks busy for write cycles: 309581
3banks busy for read cycles: 313039
3banks busy for write cycles: 100101
4banks busy for read cycles: 153111
4banks busy for write cycles: 49242
5banks busy for read cycles: 81519
5banks busy for write cycles: 30515
6banks busy for read cycles: 50818
6banks busy for write cycles: 25744
7banks busy for read cycles: 34594
7banks busy for write cycles: 31280
8banks busy for read cycles: 23604
8banks busy for write cycles: 57156

CPU 0 Branch Prediction Accuracy: 99.846% MPKI: 0.268715 Average ROB Occupancy at Mispredict: 32.6816
Branch types
NOT_BRANCH: 165111815 82.5559%
BRANCH_DIRECT_JUMP: 1982837 0.991418%
BRANCH_INDIRECT: 12253880 6.12694%
BRANCH_CONDITIONAL: 11697440 5.84872%
BRANCH_DIRECT_CALL: 3466817 1.73341%
BRANCH_INDIRECT_CALL: 1010163 0.505081%
BRANCH_RETURN: 4476894 2.23845%
BRANCH_OTHER: 0 0%

===================== LRU L1D STATS =====================
Total pollution count in L1D: 0
=========================================================
================ SRRIP (L2C) Pollution Stats ================
Total pollution count in L2c: 184333
==================================================================
DRAM PAGES: 1048576
Allocated PAGES: 5016
