
*** ChampSim Multicore Out-of-Order Simulator ***

Warmup Instructions: 200000000
Simulation Instructions: 200000000
Number of CPUs: 1
LLC sets: 4096
LLC ways: 12
Off-chip DRAM Size: 4096 MB Channels: 1 Width: 64-bit Data Rate: 6400 MT/s
CPU 0 runs /home1/sweta/traces/qualcomm_traces/srv_60.champsimtrace.xz
.xz
BTB has LRU replacement policy
ITLB has LRU replacement policy
DTLB has LRU replacement policy
STLB has LRU replacement policy
L1I has LRU replacement policy
L1D has LRU replacement policy
Bingo PHT WAYS: 16 and PHT_SIZE: 16384
Initialize SRRIP state for L2C
Initialize Mockingjay state for LLC
Heartbeat CPU 0 instructions: 10000001 cycles: 1937921 heartbeat IPC: 5.16017 cumulative IPC: 5.16017 (Simulation time: 0 hr 0 min 23 sec) 
Heartbeat CPU 0 instructions: 20000000 cycles: 3874295 heartbeat IPC: 5.16429 cumulative IPC: 5.16223 (Simulation time: 0 hr 0 min 47 sec) 
Heartbeat CPU 0 instructions: 30000002 cycles: 5813549 heartbeat IPC: 5.15662 cumulative IPC: 5.16036 (Simulation time: 0 hr 1 min 11 sec) 
*** Reached end of trace for Core: 0 Repeating trace: /home1/sweta/traces/qualcomm_traces/srv_60.champsimtrace.xz
Heartbeat CPU 0 instructions: 40000002 cycles: 7751059 heartbeat IPC: 5.16126 cumulative IPC: 5.16059 (Simulation time: 0 hr 1 min 36 sec) 
Heartbeat CPU 0 instructions: 50000006 cycles: 9687962 heartbeat IPC: 5.16288 cumulative IPC: 5.16104 (Simulation time: 0 hr 1 min 59 sec) 
Heartbeat CPU 0 instructions: 60000000 cycles: 11626841 heartbeat IPC: 5.15762 cumulative IPC: 5.16047 (Simulation time: 0 hr 2 min 23 sec) 
*** Reached end of trace for Core: 0 Repeating trace: /home1/sweta/traces/qualcomm_traces/srv_60.champsimtrace.xz
Heartbeat CPU 0 instructions: 70000004 cycles: 13564126 heartbeat IPC: 5.16187 cumulative IPC: 5.16067 (Simulation time: 0 hr 2 min 46 sec) 
Heartbeat CPU 0 instructions: 80000003 cycles: 15500841 heartbeat IPC: 5.16338 cumulative IPC: 5.16101 (Simulation time: 0 hr 3 min 8 sec) 
Heartbeat CPU 0 instructions: 90000000 cycles: 17441075 heartbeat IPC: 5.15402 cumulative IPC: 5.16023 (Simulation time: 0 hr 3 min 30 sec) 
*** Reached end of trace for Core: 0 Repeating trace: /home1/sweta/traces/qualcomm_traces/srv_60.champsimtrace.xz
Heartbeat CPU 0 instructions: 100000006 cycles: 19376900 heartbeat IPC: 5.16576 cumulative IPC: 5.16078 (Simulation time: 0 hr 3 min 51 sec) 
Heartbeat CPU 0 instructions: 110000003 cycles: 21311310 heartbeat IPC: 5.16953 cumulative IPC: 5.16158 (Simulation time: 0 hr 4 min 13 sec) 
Heartbeat CPU 0 instructions: 120000004 cycles: 23252691 heartbeat IPC: 5.15097 cumulative IPC: 5.16069 (Simulation time: 0 hr 4 min 34 sec) 
*** Reached end of trace for Core: 0 Repeating trace: /home1/sweta/traces/qualcomm_traces/srv_60.champsimtrace.xz
Heartbeat CPU 0 instructions: 130000000 cycles: 25189637 heartbeat IPC: 5.16276 cumulative IPC: 5.16085 (Simulation time: 0 hr 4 min 57 sec) 
Heartbeat CPU 0 instructions: 140000007 cycles: 27126224 heartbeat IPC: 5.16373 cumulative IPC: 5.16106 (Simulation time: 0 hr 5 min 21 sec) 
Heartbeat CPU 0 instructions: 150000003 cycles: 29065502 heartbeat IPC: 5.15656 cumulative IPC: 5.16076 (Simulation time: 0 hr 5 min 44 sec) 
*** Reached end of trace for Core: 0 Repeating trace: /home1/sweta/traces/qualcomm_traces/srv_60.champsimtrace.xz
Heartbeat CPU 0 instructions: 160000005 cycles: 31004994 heartbeat IPC: 5.15599 cumulative IPC: 5.16046 (Simulation time: 0 hr 6 min 7 sec) 
Heartbeat CPU 0 instructions: 170000002 cycles: 32939443 heartbeat IPC: 5.16943 cumulative IPC: 5.16099 (Simulation time: 0 hr 6 min 29 sec) 
Heartbeat CPU 0 instructions: 180000000 cycles: 34880348 heartbeat IPC: 5.15223 cumulative IPC: 5.1605 (Simulation time: 0 hr 6 min 51 sec) 
*** Reached end of trace for Core: 0 Repeating trace: /home1/sweta/traces/qualcomm_traces/srv_60.champsimtrace.xz
Heartbeat CPU 0 instructions: 190000000 cycles: 36813768 heartbeat IPC: 5.17218 cumulative IPC: 5.16111 (Simulation time: 0 hr 7 min 13 sec) 
Heartbeat CPU 0 instructions: 200000004 cycles: 38751423 heartbeat IPC: 5.16088 cumulative IPC: 5.1611 (Simulation time: 0 hr 7 min 34 sec) 

Warmup complete CPU 0 instructions: 200000004 cycles: 38751423 (Simulation time: 0 hr 7 min 34 sec) 

Heartbeat CPU 0 instructions: 210000001 cycles: 55859951 heartbeat IPC: 0.584504 cumulative IPC: 0.584504 (Simulation time: 0 hr 8 min 1 sec) 
*** Reached end of trace for Core: 0 Repeating trace: /home1/sweta/traces/qualcomm_traces/srv_60.champsimtrace.xz
Heartbeat CPU 0 instructions: 220000001 cycles: 72721999 heartbeat IPC: 0.593048 cumulative IPC: 0.588745 (Simulation time: 0 hr 8 min 27 sec) 
Heartbeat CPU 0 instructions: 230000004 cycles: 90293729 heartbeat IPC: 0.569096 cumulative IPC: 0.582046 (Simulation time: 0 hr 8 min 54 sec) 
Heartbeat CPU 0 instructions: 240000004 cycles: 107330639 heartbeat IPC: 0.586961 cumulative IPC: 0.583267 (Simulation time: 0 hr 9 min 22 sec) 
*** Reached end of trace for Core: 0 Repeating trace: /home1/sweta/traces/qualcomm_traces/srv_60.champsimtrace.xz
Heartbeat CPU 0 instructions: 250000004 cycles: 124399015 heartbeat IPC: 0.585879 cumulative IPC: 0.583788 (Simulation time: 0 hr 9 min 49 sec) 
Heartbeat CPU 0 instructions: 260000004 cycles: 141763699 heartbeat IPC: 0.575881 cumulative IPC: 0.582455 (Simulation time: 0 hr 10 min 16 sec) 
Heartbeat CPU 0 instructions: 270000000 cycles: 158784431 heartbeat IPC: 0.587519 cumulative IPC: 0.583173 (Simulation time: 0 hr 10 min 43 sec) 
*** Reached end of trace for Core: 0 Repeating trace: /home1/sweta/traces/qualcomm_traces/srv_60.champsimtrace.xz
Heartbeat CPU 0 instructions: 280000002 cycles: 175915892 heartbeat IPC: 0.583722 cumulative IPC: 0.583241 (Simulation time: 0 hr 11 min 11 sec) 
Heartbeat CPU 0 instructions: 290000003 cycles: 193340751 heartbeat IPC: 0.573893 cumulative IPC: 0.582188 (Simulation time: 0 hr 11 min 37 sec) 
Heartbeat CPU 0 instructions: 300000007 cycles: 210428364 heartbeat IPC: 0.58522 cumulative IPC: 0.582489 (Simulation time: 0 hr 12 min 2 sec) 
*** Reached end of trace for Core: 0 Repeating trace: /home1/sweta/traces/qualcomm_traces/srv_60.champsimtrace.xz
Heartbeat CPU 0 instructions: 310000002 cycles: 227339736 heartbeat IPC: 0.591318 cumulative IPC: 0.583281 (Simulation time: 0 hr 12 min 28 sec) 
Heartbeat CPU 0 instructions: 320000002 cycles: 244727425 heartbeat IPC: 0.57512 cumulative IPC: 0.582592 (Simulation time: 0 hr 12 min 55 sec) 
Heartbeat CPU 0 instructions: 330000000 cycles: 261681261 heartbeat IPC: 0.589837 cumulative IPC: 0.583143 (Simulation time: 0 hr 13 min 21 sec) 
*** Reached end of trace for Core: 0 Repeating trace: /home1/sweta/traces/qualcomm_traces/srv_60.champsimtrace.xz
Heartbeat CPU 0 instructions: 340000001 cycles: 278667295 heartbeat IPC: 0.588719 cumulative IPC: 0.583538 (Simulation time: 0 hr 13 min 46 sec) 
Heartbeat CPU 0 instructions: 350000000 cycles: 296016089 heartbeat IPC: 0.576409 cumulative IPC: 0.583057 (Simulation time: 0 hr 14 min 11 sec) 
Heartbeat CPU 0 instructions: 360000000 cycles: 313124553 heartbeat IPC: 0.584506 cumulative IPC: 0.583147 (Simulation time: 0 hr 14 min 36 sec) 
Heartbeat CPU 0 instructions: 370000007 cycles: 330250346 heartbeat IPC: 0.583915 cumulative IPC: 0.583193 (Simulation time: 0 hr 15 min 0 sec) 
*** Reached end of trace for Core: 0 Repeating trace: /home1/sweta/traces/qualcomm_traces/srv_60.champsimtrace.xz
Heartbeat CPU 0 instructions: 380000003 cycles: 347357327 heartbeat IPC: 0.584556 cumulative IPC: 0.583268 (Simulation time: 0 hr 15 min 23 sec) 
Heartbeat CPU 0 instructions: 390000000 cycles: 364704776 heartbeat IPC: 0.576453 cumulative IPC: 0.582905 (Simulation time: 0 hr 15 min 47 sec) 
Heartbeat CPU 0 instructions: 400000004 cycles: 381741467 heartbeat IPC: 0.586969 cumulative IPC: 0.583107 (Simulation time: 0 hr 16 min 10 sec) 
Finished CPU 0 instructions: 200000000 cycles: 342990044 cumulative IPC: 0.583107 (Simulation time: 0 hr 16 min 10 sec) 

ChampSim completed all CPUs

Region of Interest Statistics

CPU 0 cumulative IPC: 0.583107 instructions: 200000000 cycles: 342990044
ITLB TOTAL     ACCESS:   21941287  HIT:   21117238  MISS:     824049  HIT %:    96.2443  MISS %:     3.7557   MPKI: 4.12024
ITLB LOAD TRANSLATION ACCESS:   21941287  HIT:   21117238  MISS:     824049  HIT %:    96.2443  MISS %:     3.7557   MPKI: 4.12024
ITLB PREFETCH  REQUESTED:          0  ISSUED:          0  USEFUL:          0  USELESS:          0
ITLB USEFUL LOAD PREFETCHES:          0 PREFETCH ISSUED TO LOWER LEVEL:          0  ACCURACY: -nan
ITLB TIMELY PREFETCHES:          0 LATE PREFETCHES: 0 DROPPED PREFETCHES: 0
ITLB PREFETCHES SAME FILL-ORIGIN LEVEL: 0 DIFFERENT FILL-ORIGIN LEVEL: 0
ITLB AVERAGE MISS LATENCY:    13.5738 cycles AVERAGE LOAD MISS LATENCY:       -nan cycles Load Miss          0
ITLB Average MSHR Occupancy:  0.0319398
ITLB RQ	ACCESS:   25917057	FORWARD:          0	MERGED:    3343350	TO_CACHE:   22573707

DTLB TOTAL     ACCESS:   33091131  HIT:   30517990  MISS:    2573141  HIT %:    92.2241  MISS %:    7.77592   MPKI: 12.8657
DTLB LOAD TRANSLATION ACCESS:   33091131  HIT:   30517990  MISS:    2573141  HIT %:    92.2241  MISS %:    7.77592   MPKI: 12.8657
DTLB PREFETCH  REQUESTED:          0  ISSUED:          0  USEFUL:          0  USELESS:          0
DTLB USEFUL LOAD PREFETCHES:          0 PREFETCH ISSUED TO LOWER LEVEL:          0  ACCURACY: -nan
DTLB TIMELY PREFETCHES:          0 LATE PREFETCHES: 0 DROPPED PREFETCHES: 0
DTLB PREFETCHES SAME FILL-ORIGIN LEVEL: 0 DIFFERENT FILL-ORIGIN LEVEL: 0
DTLB AVERAGE MISS LATENCY:    12.1596 cycles AVERAGE LOAD MISS LATENCY:       -nan cycles Load Miss          0
DTLB Average MSHR Occupancy:  0.0882967
DTLB RQ	ACCESS:   44557626	FORWARD:          0	MERGED:   11294483	TO_CACHE:   33263143

STLB TOTAL     ACCESS:    3397190  HIT:    2890497  MISS:     506693  HIT %:    85.0849  MISS %:    14.9151   MPKI: 2.53347
STLB LOAD TRANSLATION ACCESS:    3397190  HIT:    2890497  MISS:     506693  HIT %:    85.0849  MISS %:    14.9151   MPKI: 2.53347
STLB PREFETCH  REQUESTED:          0  ISSUED:          0  USEFUL:          0  USELESS:          0
STLB USEFUL LOAD PREFETCHES:          0 PREFETCH ISSUED TO LOWER LEVEL:          0  ACCURACY: -nan
STLB TIMELY PREFETCHES:          0 LATE PREFETCHES: 0 DROPPED PREFETCHES: 0
STLB PREFETCHES SAME FILL-ORIGIN LEVEL: 0 DIFFERENT FILL-ORIGIN LEVEL: 0
STLB AVERAGE MISS LATENCY:    23.3237 cycles AVERAGE LOAD MISS LATENCY:       -nan cycles Load Miss          0
STLB Average MSHR Occupancy:  0.0370759
STLB RQ	ACCESS:    3397190	FORWARD:          0	MERGED:          0	TO_CACHE:    3397190

STLB Hit, L1D data hit: 0
STLB Hit, L2C data hit: 0
STLB Hit, LLC data hit: 0
STLB Hit, LLC data miss: 0
STLB STLB hints to L2: 0
L1D TOTAL     ACCESS:   44136157  HIT:   41461164  MISS:    2674993  HIT %:    93.9392  MISS %:    6.06077   MPKI: 13.375
L1D LOAD      ACCESS:   25014744  HIT:   22689685  MISS:    2325059  HIT %:    90.7052  MISS %:    9.29475   MPKI: 11.6253
L1D RFO       ACCESS:   19121413  HIT:   18771479  MISS:     349934  HIT %:    98.1699  MISS %:    1.83006   MPKI: 1.74967
L1D PREFETCH  REQUESTED:          0  ISSUED:          0  USEFUL:          0  USELESS:          0
L1D USEFUL LOAD PREFETCHES:          0 PREFETCH ISSUED TO LOWER LEVEL:          0  ACCURACY: -nan
L1D TIMELY PREFETCHES:          0 LATE PREFETCHES: 0 DROPPED PREFETCHES: 0
L1D PREFETCHES SAME FILL-ORIGIN LEVEL: 0 DIFFERENT FILL-ORIGIN LEVEL: 0
L1D AVERAGE MISS LATENCY:    16.5068 cycles AVERAGE LOAD MISS LATENCY:    15.9131 cycles Load Miss    2325059
L1D Average MSHR Occupancy:   0.134375
L1D RQ	ACCESS:   40722567	FORWARD:          0	MERGED:   15372209	TO_CACHE:   25056516
L1D WQ	ACCESS:   20103760	FORWARD:     293842	MERGED:     602650	TO_CACHE:   19501110

L1D UNIQUE REGIONS ACCESSED: 0
L1D REGIONS CONFLICTS: 0
L1D Cross Page Prefetch Requests: 0
L1D Same Page Prefetch Requests: 0
L1D ROI Sum of L1D PQ occupancy: 0
L1D PREFETCHES PUSHED FROM L2C: 0
L1I TOTAL     ACCESS:   25544571  HIT:   11013260  MISS:   14531311  HIT %:    43.1139  MISS %:    56.8861   MPKI: 72.6566
L1I LOAD      ACCESS:   25544571  HIT:   11013260  MISS:   14531311  HIT %:    43.1139  MISS %:    56.8861   MPKI: 72.6566
L1I PREFETCH  REQUESTED:          0  ISSUED:          0  USEFUL:          0  USELESS:          0
L1I USEFUL LOAD PREFETCHES:          0 PREFETCH ISSUED TO LOWER LEVEL:          0  ACCURACY: -nan
L1I TIMELY PREFETCHES:          0 LATE PREFETCHES: 0 DROPPED PREFETCHES: 0
L1I PREFETCHES SAME FILL-ORIGIN LEVEL: 0 DIFFERENT FILL-ORIGIN LEVEL: 0
L1I AVERAGE MISS LATENCY:    14.1632 cycles AVERAGE LOAD MISS LATENCY:    14.1632 cycles Load Miss   14531311
L1I Average MSHR Occupancy:   0.586094
L1I RQ	ACCESS:   47439449	FORWARD:          0	MERGED:   21522392	TO_CACHE:   25917057

BTB TOTAL     ACCESS:   22538776  HIT:   17318346  MISS:    5220430  HIT %:     76.838  MISS %:     23.162   MPKI: 26.1022
BTB BRANCH_DIRECT_JUMP	ACCESS:    1763992  HIT:    1444662  MISS:     319330
BTB BRANCH_INDIRECT	ACCESS:    9805517  HIT:    7276846  MISS:    2528671
BTB BRANCH_CONDITIONAL	ACCESS:    4517635  HIT:    4028133  MISS:     489502
BTB BRANCH_DIRECT_CALL	ACCESS:    2512311  HIT:    1922690  MISS:     589621
BTB BRANCH_INDIRECT_CALL	ACCESS:     702667  HIT:     646188  MISS:      56479
BTB BRANCH_RETURN	ACCESS:    3236654  HIT:    1999827  MISS:    1236827
BTB BRANCH_OTHER ACCESS:          0  HIT:          0  MISS:          0

L2C TOTAL     ACCESS:   20432742  HIT:   20146449  MISS:     286293  HIT %:    98.5989  MISS %:    1.40115   MPKI: 1.43146
L2C LOAD      ACCESS:   16856272  HIT:   16802008  MISS:      54264  HIT %:    99.6781  MISS %:   0.321922   MPKI: 0.27132
L2C DATA LOAD MPKI: 0.175255
L2C INSTRUCTION LOAD MPKI: 0.096065
L2C RFO       ACCESS:     349924  HIT:     311153  MISS:      38771  HIT %:    88.9202  MISS %:    11.0798   MPKI: 0.193855
L2C PREFETCH  ACCESS:    1545319  HIT:    1359310  MISS:     186009  HIT %:    87.9631  MISS %:    12.0369   MPKI: 0.930045
AGUS PREFETCH L1 MISS: 0
L2C DATA PREFETCH MPKI: 0.930045
L2C INSTRUCTION PREFETCH MPKI: 0
L2C WRITEBACK ACCESS:    1036508  HIT:    1036260  MISS:        248  HIT %:    99.9761  MISS %:  0.0239265   MPKI: 0.00124
L2C LOAD TRANSLATION ACCESS:     644719  HIT:     637718  MISS:       7001  HIT %:    98.9141  MISS %:     1.0859   MPKI: 0.035005
L2C PREFETCH  REQUESTED:    1549880  ISSUED:    1549880  USEFUL:     178779  USELESS:       7201
L2C USEFUL LOAD PREFETCHES:     178779 PREFETCH ISSUED TO LOWER LEVEL:     187132  ACCURACY: 95.5363
L2C TIMELY PREFETCHES:     178779 LATE PREFETCHES: 1123 DROPPED PREFETCHES: 0
L2C PREFETCHES SAME FILL-ORIGIN LEVEL: 187132 DIFFERENT FILL-ORIGIN LEVEL: 0
L2C AVERAGE MISS LATENCY:    51.8623 cycles AVERAGE LOAD MISS LATENCY:    53.8679 cycles Load Miss      54264
L2C Average MSHR Occupancy:  0.0428328
L2C RQ	ACCESS:   17851026	FORWARD:          0	MERGED:          0	TO_CACHE:   17850919
L2C WQ	ACCESS:    1036508	FORWARD:        109	MERGED:          0	TO_CACHE:    1036508
L2C PQ	ACCESS:    1549880	FORWARD:          0	MERGED:          0	TO_CACHE:    1549878

L2C Instructions Evicting Data 16166
L2C Translations Evicting Data 6274
L2C Data Evicting Data 237539
L2C Instructions Evicting Instructions 2576
L2C Translations Evicting Instructions 592
L2C Data Evicting Instructions 15950
L2C Instructions Evicting Translations 471
L2C Translations Evicting Translations 135
L2C Data Evicting Translations 6342
L2C Dense regions hint from L2: 0
PSCL5 TOTAL     ACCESS:     506693  HIT:     506693  MISS:          0  HIT %:        100  MISS %:          0   MPKI: 0
PSCL5 LOAD TRANSLATION ACCESS:     506693  HIT:     506693  MISS:          0  HIT %:        100  MISS %:          0   MPKI: 0
PSCL5 PREFETCH  REQUESTED:          0  ISSUED:          0  USEFUL:          0  USELESS:          0
PSCL5 USEFUL LOAD PREFETCHES:          0 PREFETCH ISSUED TO LOWER LEVEL:          0  ACCURACY: -nan
PSCL5 TIMELY PREFETCHES:          0 LATE PREFETCHES: 0 DROPPED PREFETCHES: 0
PSCL5 PREFETCHES SAME FILL-ORIGIN LEVEL: 0 DIFFERENT FILL-ORIGIN LEVEL: 0

PSCL4 TOTAL     ACCESS:     483737  HIT:     482183  MISS:       1554  HIT %:    99.6788  MISS %:   0.321249   MPKI: 0.00777
PSCL4 LOAD TRANSLATION ACCESS:     483737  HIT:     482183  MISS:       1554  HIT %:    99.6788  MISS %:   0.321249   MPKI: 0.00777
PSCL4 PREFETCH  REQUESTED:          0  ISSUED:          0  USEFUL:          0  USELESS:          0
PSCL4 USEFUL LOAD PREFETCHES:          0 PREFETCH ISSUED TO LOWER LEVEL:          0  ACCURACY: -nan
PSCL4 TIMELY PREFETCHES:          0 LATE PREFETCHES: 0 DROPPED PREFETCHES: 0
PSCL4 PREFETCHES SAME FILL-ORIGIN LEVEL: 0 DIFFERENT FILL-ORIGIN LEVEL: 0

PSCL3 TOTAL     ACCESS:     501819  HIT:     497536  MISS:       4283  HIT %:    99.1465  MISS %:   0.853495   MPKI: 0.021415
PSCL3 LOAD TRANSLATION ACCESS:     501819  HIT:     497536  MISS:       4283  HIT %:    99.1465  MISS %:   0.853495   MPKI: 0.021415
PSCL3 PREFETCH  REQUESTED:          0  ISSUED:          0  USEFUL:          0  USELESS:          0
PSCL3 USEFUL LOAD PREFETCHES:          0 PREFETCH ISSUED TO LOWER LEVEL:          0  ACCURACY: -nan
PSCL3 TIMELY PREFETCHES:          0 LATE PREFETCHES: 0 DROPPED PREFETCHES: 0
PSCL3 PREFETCHES SAME FILL-ORIGIN LEVEL: 0 DIFFERENT FILL-ORIGIN LEVEL: 0

PSCL2 TOTAL     ACCESS:     506693  HIT:     374504  MISS:     132189  HIT %:    73.9114  MISS %:    26.0886   MPKI: 0.660945
PSCL2 LOAD TRANSLATION ACCESS:     506693  HIT:     374504  MISS:     132189  HIT %:    73.9114  MISS %:    26.0886   MPKI: 0.660945
PSCL2 PREFETCH  REQUESTED:          0  ISSUED:          0  USEFUL:          0  USELESS:          0
PSCL2 USEFUL LOAD PREFETCHES:          0 PREFETCH ISSUED TO LOWER LEVEL:          0  ACCURACY: -nan
PSCL2 TIMELY PREFETCHES:          0 LATE PREFETCHES: 0 DROPPED PREFETCHES: 0
PSCL2 PREFETCHES SAME FILL-ORIGIN LEVEL: 0 DIFFERENT FILL-ORIGIN LEVEL: 0

LLC TOTAL     ACCESS:     494371  HIT:     476971  MISS:      17400  HIT %:    96.4804  MISS %:    3.51962   MPKI: 0.087
LLC LOAD      ACCESS:      53155  HIT:      50522  MISS:       2633  HIT %:    95.0466  MISS %:    4.95344   MPKI: 0.013165
LLC RFO       ACCESS:      38757  HIT:      37919  MISS:        838  HIT %:    97.8378  MISS %:    2.16219   MPKI: 0.00419
LLC PREFETCH  ACCESS:     187132  HIT:     179372  MISS:       7760  HIT %:    95.8532  MISS %:    4.14681   MPKI: 0.0388
AGUS PREFETCH L1 MISS: 0
LLC WRITEBACK ACCESS:     208326  HIT:     202423  MISS:       5903  HIT %:    97.1665  MISS %:    2.83354   MPKI: 0.029515
LLC LOAD TRANSLATION ACCESS:       7001  HIT:       6735  MISS:        266  HIT %:    96.2005  MISS %:    3.79946   MPKI: 0.00133
LLC PREFETCH  REQUESTED:          0  ISSUED:          0  USEFUL:        739  USELESS:       6381
LLC USEFUL LOAD PREFETCHES:        739 PREFETCH ISSUED TO LOWER LEVEL:       7760  ACCURACY: 9.5232
LLC TIMELY PREFETCHES:        739 LATE PREFETCHES: 0 DROPPED PREFETCHES: 0
LLC PREFETCHES SAME FILL-ORIGIN LEVEL: 0 DIFFERENT FILL-ORIGIN LEVEL: 0
LLC AVERAGE MISS LATENCY:    115.765 cycles AVERAGE LOAD MISS LATENCY:    178.959 cycles Load Miss       2633
LLC Average MSHR Occupancy: 0.00583928
LLC RQ	ACCESS:      98913	FORWARD:          0	MERGED:          0	TO_CACHE:      98913
LLC WQ	ACCESS:     208326	FORWARD:          0	MERGED:          0	TO_CACHE:     208326
LLC PQ	ACCESS:     187132	FORWARD:          0	MERGED:          0	TO_CACHE:     187132

LLC Dense regions hint to LLC: 0

RAW hits: 4528776
Loads Generated: 45251339
Loads sent to L1D: 40722567
Stores Generated: 20103760
Stores sent to L1D: 20103760
Major fault: 0 Minor fault: 4373
Allocated PAGES: 4373
[Bingo] PHT Access: 892394
[Bingo] PHT Hit PC+Addr: 433997
[Bingo] PHT Hit PC+Offs: 30646
[Bingo] PHT Miss: 427751
[Bingo] Prefetch PC+Addr: 0
[Bingo] Prefetch PC+Offs: 0
[Bingo] Useful PC+Addr: 0
[Bingo] Useful PC+Offs: 0
[Bingo] Useless PC+Addr: 0
[Bingo] Useless PC+Offs: 0
[Bingo] L1 Prefetch per Region: 0
[Bingo] L2 Prefetch per Region: 4.37003
[Bingo] L3 Prefetch per Region: 0
[Bingo] No Prefetch per Region: 27.63
[Bingo] Number of Voters Mean: 1.80497
[Bingo] Number of Voters SD: 3.62235
PHT read accesses: 4740816
PHT write accesses: 354479
AT read accesses: 1428855
AT write accesses: 1782066
FT read accesses: 1073790
FT write accesses: 892394
PS read accesses: 947020
PS write accesses: 464643
PHT tag read accesses: 14166835
PHT tag write accesses: 788476
AT tag read accesses: 58785551
AT tag write accesses: 1783335
FT tag read accesses: 56181212
FT tag write accesses: 1606722
PS tag read accesses: 52789912
PS tag write accesses: 1410423
================ Mockingjay (LLC) Pollution Stats ================
Total pollution count in LLC: 3248
==================================================================

DRAM Statistics
 CHANNEL 0
 RQ ROW_BUFFER_HIT:       1979  ROW_BUFFER_MISS:       9518
 DBUS_CONGESTED:          2
 WQ ROW_BUFFER_HIT:        300  ROW_BUFFER_MISS:       9161  FULL:          0

 AVG_CONGESTED_CYCLE: 5
 All warmup complete: 2
Channel 0 Bank busy for read cycles: 0
Channel 0 Bank busy for write cycles: 0
Channel 0
Rank 0
0banks busy for read cycles: 340902034
0banks busy for write cycles: 6084
1banks busy for read cycles: 819895
1banks busy for write cycles: 796541
2banks busy for read cycles: 126459
2banks busy for write cycles: 126119
3banks busy for read cycles: 50699
3banks busy for write cycles: 47174
4banks busy for read cycles: 30359
4banks busy for write cycles: 26557
5banks busy for read cycles: 17451
5banks busy for write cycles: 14535
6banks busy for read cycles: 10160
6banks busy for write cycles: 9067
7banks busy for read cycles: 4002
7banks busy for write cycles: 2134
8banks busy for read cycles: 511
8banks busy for write cycles: 264

CPU 0 Branch Prediction Accuracy: 99.8698% MPKI: 0.233875 Average ROB Occupancy at Mispredict: 79.6541
Branch types
NOT_BRANCH: 164063038 82.0315%
BRANCH_DIRECT_JUMP: 1763992 0.881996%
BRANCH_INDIRECT: 9805517 4.90276%
BRANCH_CONDITIONAL: 17916224 8.95811%
BRANCH_DIRECT_CALL: 2512311 1.25616%
BRANCH_INDIRECT_CALL: 702667 0.351334%
BRANCH_RETURN: 3236654 1.61833%
BRANCH_OTHER: 0 0%

===================== LRU L1D STATS =====================
Total pollution count in L1D: 0
=========================================================
================ SRRIP (L2C) Pollution Stats ================
Total pollution count in L2c: 118178
==================================================================
DRAM PAGES: 1048576
Allocated PAGES: 4373
