
*** ChampSim Multicore Out-of-Order Simulator ***

Warmup Instructions: 200000000
Simulation Instructions: 200000000
Number of CPUs: 1
LLC sets: 4096
LLC ways: 12
Off-chip DRAM Size: 4096 MB Channels: 1 Width: 64-bit Data Rate: 6400 MT/s
CPU 0 runs /home1/sweta/traces/qualcomm_traces/srv_26.champsimtrace.xz
.xz
BTB has LRU replacement policy
ITLB has LRU replacement policy
DTLB has LRU replacement policy
STLB has LRU replacement policy
L1I has LRU replacement policy
L1D has LRU replacement policy
Bingo PHT WAYS: 16 and PHT_SIZE: 16384
Initialize SRRIP state for L2C
Initialize Mockingjay state for LLC
Heartbeat CPU 0 instructions: 10000004 cycles: 2061425 heartbeat IPC: 4.85102 cumulative IPC: 4.85102 (Simulation time: 0 hr 0 min 19 sec) 
Heartbeat CPU 0 instructions: 20000000 cycles: 4125677 heartbeat IPC: 4.84437 cumulative IPC: 4.84769 (Simulation time: 0 hr 0 min 38 sec) 
Heartbeat CPU 0 instructions: 30000005 cycles: 6185941 heartbeat IPC: 4.85375 cumulative IPC: 4.84971 (Simulation time: 0 hr 0 min 57 sec) 
*** Reached end of trace for Core: 0 Repeating trace: /home1/sweta/traces/qualcomm_traces/srv_26.champsimtrace.xz
Heartbeat CPU 0 instructions: 40000006 cycles: 8246530 heartbeat IPC: 4.85298 cumulative IPC: 4.85053 (Simulation time: 0 hr 1 min 16 sec) 
Heartbeat CPU 0 instructions: 50000000 cycles: 10309121 heartbeat IPC: 4.84827 cumulative IPC: 4.85007 (Simulation time: 0 hr 1 min 37 sec) 
Heartbeat CPU 0 instructions: 60000005 cycles: 12369939 heartbeat IPC: 4.85244 cumulative IPC: 4.85047 (Simulation time: 0 hr 1 min 58 sec) 
*** Reached end of trace for Core: 0 Repeating trace: /home1/sweta/traces/qualcomm_traces/srv_26.champsimtrace.xz
Heartbeat CPU 0 instructions: 70000002 cycles: 14429875 heartbeat IPC: 4.85452 cumulative IPC: 4.85105 (Simulation time: 0 hr 2 min 20 sec) 
Heartbeat CPU 0 instructions: 80000000 cycles: 16493138 heartbeat IPC: 4.84669 cumulative IPC: 4.8505 (Simulation time: 0 hr 2 min 41 sec) 
Heartbeat CPU 0 instructions: 90000000 cycles: 18555329 heartbeat IPC: 4.84921 cumulative IPC: 4.85036 (Simulation time: 0 hr 3 min 2 sec) 
*** Reached end of trace for Core: 0 Repeating trace: /home1/sweta/traces/qualcomm_traces/srv_26.champsimtrace.xz
Heartbeat CPU 0 instructions: 100000002 cycles: 20615756 heartbeat IPC: 4.85336 cumulative IPC: 4.85066 (Simulation time: 0 hr 3 min 24 sec) 
Heartbeat CPU 0 instructions: 110000004 cycles: 22678229 heartbeat IPC: 4.84855 cumulative IPC: 4.85047 (Simulation time: 0 hr 3 min 46 sec) 
Heartbeat CPU 0 instructions: 120000002 cycles: 24739931 heartbeat IPC: 4.85036 cumulative IPC: 4.85046 (Simulation time: 0 hr 4 min 7 sec) 
*** Reached end of trace for Core: 0 Repeating trace: /home1/sweta/traces/qualcomm_traces/srv_26.champsimtrace.xz
Heartbeat CPU 0 instructions: 130000005 cycles: 26800429 heartbeat IPC: 4.8532 cumulative IPC: 4.85067 (Simulation time: 0 hr 4 min 30 sec) 
Heartbeat CPU 0 instructions: 140000000 cycles: 28862414 heartbeat IPC: 4.84969 cumulative IPC: 4.8506 (Simulation time: 0 hr 5 min 1 sec) 
Heartbeat CPU 0 instructions: 150000001 cycles: 30924444 heartbeat IPC: 4.84959 cumulative IPC: 4.85053 (Simulation time: 0 hr 5 min 32 sec) 
*** Reached end of trace for Core: 0 Repeating trace: /home1/sweta/traces/qualcomm_traces/srv_26.champsimtrace.xz
Heartbeat CPU 0 instructions: 160000001 cycles: 32984965 heartbeat IPC: 4.85314 cumulative IPC: 4.85069 (Simulation time: 0 hr 6 min 1 sec) 
Heartbeat CPU 0 instructions: 170000004 cycles: 35047194 heartbeat IPC: 4.84912 cumulative IPC: 4.8506 (Simulation time: 0 hr 6 min 26 sec) 
Heartbeat CPU 0 instructions: 180000000 cycles: 37108314 heartbeat IPC: 4.85173 cumulative IPC: 4.85067 (Simulation time: 0 hr 6 min 51 sec) 
*** Reached end of trace for Core: 0 Repeating trace: /home1/sweta/traces/qualcomm_traces/srv_26.champsimtrace.xz
Heartbeat CPU 0 instructions: 190000001 cycles: 39170010 heartbeat IPC: 4.85038 cumulative IPC: 4.85065 (Simulation time: 0 hr 7 min 17 sec) 
Heartbeat CPU 0 instructions: 200000002 cycles: 41229596 heartbeat IPC: 4.85535 cumulative IPC: 4.85088 (Simulation time: 0 hr 7 min 43 sec) 

Warmup complete CPU 0 instructions: 200000002 cycles: 41229596 (Simulation time: 0 hr 7 min 43 sec) 

Heartbeat CPU 0 instructions: 210000002 cycles: 71565222 heartbeat IPC: 0.329645 cumulative IPC: 0.329645 (Simulation time: 0 hr 8 min 16 sec) 
*** Reached end of trace for Core: 0 Repeating trace: /home1/sweta/traces/qualcomm_traces/srv_26.champsimtrace.xz
Heartbeat CPU 0 instructions: 220000000 cycles: 101962050 heartbeat IPC: 0.328982 cumulative IPC: 0.329313 (Simulation time: 0 hr 8 min 49 sec) 
Heartbeat CPU 0 instructions: 230000000 cycles: 132429543 heartbeat IPC: 0.328219 cumulative IPC: 0.328948 (Simulation time: 0 hr 9 min 22 sec) 
Heartbeat CPU 0 instructions: 240000000 cycles: 162743698 heartbeat IPC: 0.329879 cumulative IPC: 0.32918 (Simulation time: 0 hr 9 min 54 sec) 
*** Reached end of trace for Core: 0 Repeating trace: /home1/sweta/traces/qualcomm_traces/srv_26.champsimtrace.xz
Heartbeat CPU 0 instructions: 250000000 cycles: 193116183 heartbeat IPC: 0.329245 cumulative IPC: 0.329193 (Simulation time: 0 hr 10 min 28 sec) 
Heartbeat CPU 0 instructions: 260000006 cycles: 223617712 heartbeat IPC: 0.327853 cumulative IPC: 0.328969 (Simulation time: 0 hr 11 min 0 sec) 
Heartbeat CPU 0 instructions: 270000000 cycles: 253904353 heartbeat IPC: 0.330178 cumulative IPC: 0.329141 (Simulation time: 0 hr 11 min 33 sec) 
Heartbeat CPU 0 instructions: 280000002 cycles: 284248206 heartbeat IPC: 0.329556 cumulative IPC: 0.329193 (Simulation time: 0 hr 12 min 6 sec) 
*** Reached end of trace for Core: 0 Repeating trace: /home1/sweta/traces/qualcomm_traces/srv_26.champsimtrace.xz
Heartbeat CPU 0 instructions: 290000005 cycles: 314806376 heartbeat IPC: 0.327245 cumulative IPC: 0.328975 (Simulation time: 0 hr 12 min 40 sec) 
Heartbeat CPU 0 instructions: 300000000 cycles: 345108142 heartbeat IPC: 0.330014 cumulative IPC: 0.329079 (Simulation time: 0 hr 13 min 13 sec) 
Heartbeat CPU 0 instructions: 310000002 cycles: 375464933 heartbeat IPC: 0.329416 cumulative IPC: 0.329109 (Simulation time: 0 hr 13 min 46 sec) 
*** Reached end of trace for Core: 0 Repeating trace: /home1/sweta/traces/qualcomm_traces/srv_26.champsimtrace.xz
Heartbeat CPU 0 instructions: 320000007 cycles: 406002732 heartbeat IPC: 0.327463 cumulative IPC: 0.328972 (Simulation time: 0 hr 14 min 19 sec) 
Heartbeat CPU 0 instructions: 330000006 cycles: 436264969 heartbeat IPC: 0.330445 cumulative IPC: 0.329084 (Simulation time: 0 hr 14 min 52 sec) 
Heartbeat CPU 0 instructions: 340000001 cycles: 466634618 heartbeat IPC: 0.329276 cumulative IPC: 0.329098 (Simulation time: 0 hr 15 min 25 sec) 
*** Reached end of trace for Core: 0 Repeating trace: /home1/sweta/traces/qualcomm_traces/srv_26.champsimtrace.xz
Heartbeat CPU 0 instructions: 350000007 cycles: 497162849 heartbeat IPC: 0.327566 cumulative IPC: 0.328996 (Simulation time: 0 hr 15 min 57 sec) 
Heartbeat CPU 0 instructions: 360000000 cycles: 527431801 heartbeat IPC: 0.330371 cumulative IPC: 0.329081 (Simulation time: 0 hr 16 min 31 sec) 
Heartbeat CPU 0 instructions: 370000000 cycles: 557822046 heartbeat IPC: 0.329053 cumulative IPC: 0.32908 (Simulation time: 0 hr 17 min 3 sec) 
*** Reached end of trace for Core: 0 Repeating trace: /home1/sweta/traces/qualcomm_traces/srv_26.champsimtrace.xz
Heartbeat CPU 0 instructions: 380000007 cycles: 588315301 heartbeat IPC: 0.327942 cumulative IPC: 0.329016 (Simulation time: 0 hr 17 min 37 sec) 
Heartbeat CPU 0 instructions: 390000000 cycles: 618713360 heartbeat IPC: 0.328968 cumulative IPC: 0.329014 (Simulation time: 0 hr 18 min 9 sec) 
Heartbeat CPU 0 instructions: 400000000 cycles: 648977348 heartbeat IPC: 0.330426 cumulative IPC: 0.329084 (Simulation time: 0 hr 18 min 42 sec) 
Finished CPU 0 instructions: 200000002 cycles: 607747767 cumulative IPC: 0.329084 (Simulation time: 0 hr 18 min 42 sec) 

ChampSim completed all CPUs

Region of Interest Statistics

CPU 0 cumulative IPC: 0.329084 instructions: 200000002 cycles: 607747767
ITLB TOTAL     ACCESS:   25753395  HIT:   23704244  MISS:    2049151  HIT %:    92.0432  MISS %:    7.95682   MPKI: 10.2458
ITLB LOAD TRANSLATION ACCESS:   25753395  HIT:   23704244  MISS:    2049151  HIT %:    92.0432  MISS %:    7.95682   MPKI: 10.2458
ITLB PREFETCH  REQUESTED:          0  ISSUED:          0  USEFUL:          0  USELESS:          0
ITLB USEFUL LOAD PREFETCHES:          0 PREFETCH ISSUED TO LOWER LEVEL:          0  ACCURACY: -nan
ITLB TIMELY PREFETCHES:          0 LATE PREFETCHES: 0 DROPPED PREFETCHES: 0
ITLB PREFETCHES SAME FILL-ORIGIN LEVEL: 0 DIFFERENT FILL-ORIGIN LEVEL: 0
ITLB AVERAGE MISS LATENCY:    9.02803 cycles AVERAGE LOAD MISS LATENCY:       -nan cycles Load Miss          0
ITLB Average MSHR Occupancy:  0.0271164
ITLB RQ	ACCESS:   31171986	FORWARD:          0	MERGED:    4233365	TO_CACHE:   26938621

DTLB TOTAL     ACCESS:   42165217  HIT:   40318192  MISS:    1847025  HIT %:    95.6196  MISS %:    4.38045   MPKI: 9.23512
DTLB LOAD TRANSLATION ACCESS:   42165217  HIT:   40318192  MISS:    1847025  HIT %:    95.6196  MISS %:    4.38045   MPKI: 9.23512
DTLB PREFETCH  REQUESTED:          0  ISSUED:          0  USEFUL:          0  USELESS:          0
DTLB USEFUL LOAD PREFETCHES:          0 PREFETCH ISSUED TO LOWER LEVEL:          0  ACCURACY: -nan
DTLB TIMELY PREFETCHES:          0 LATE PREFETCHES: 0 DROPPED PREFETCHES: 0
DTLB PREFETCHES SAME FILL-ORIGIN LEVEL: 0 DIFFERENT FILL-ORIGIN LEVEL: 0
DTLB AVERAGE MISS LATENCY:    9.10304 cycles AVERAGE LOAD MISS LATENCY:       -nan cycles Load Miss          0
DTLB Average MSHR Occupancy:  0.0249812
DTLB RQ	ACCESS:   58329492	FORWARD:          0	MERGED:   16101825	TO_CACHE:   42227667

STLB TOTAL     ACCESS:    3896176  HIT:    3886175  MISS:      10001  HIT %:    99.7433  MISS %:   0.256688   MPKI: 0.050005
STLB LOAD TRANSLATION ACCESS:    3896176  HIT:    3886175  MISS:      10001  HIT %:    99.7433  MISS %:   0.256688   MPKI: 0.050005
STLB PREFETCH  REQUESTED:          0  ISSUED:          0  USEFUL:          0  USELESS:          0
STLB USEFUL LOAD PREFETCHES:          0 PREFETCH ISSUED TO LOWER LEVEL:          0  ACCURACY: -nan
STLB TIMELY PREFETCHES:          0 LATE PREFETCHES: 0 DROPPED PREFETCHES: 0
STLB PREFETCHES SAME FILL-ORIGIN LEVEL: 0 DIFFERENT FILL-ORIGIN LEVEL: 0
STLB AVERAGE MISS LATENCY:    21.0448 cycles AVERAGE LOAD MISS LATENCY:       -nan cycles Load Miss          0
STLB Average MSHR Occupancy: 0.000370135
STLB RQ	ACCESS:    3896176	FORWARD:          0	MERGED:          0	TO_CACHE:    3896176

STLB Hit, L1D data hit: 0
STLB Hit, L2C data hit: 0
STLB Hit, LLC data hit: 0
STLB Hit, LLC data miss: 0
STLB STLB hints to L2: 0
L1D TOTAL     ACCESS:   56487932  HIT:   52531444  MISS:    3956488  HIT %:    92.9959  MISS %:    7.00413   MPKI: 19.7824
L1D LOAD      ACCESS:   31534363  HIT:   28695560  MISS:    2838803  HIT %:    90.9977  MISS %:    9.00225   MPKI: 14.194
L1D RFO       ACCESS:   24953569  HIT:   23835884  MISS:    1117685  HIT %:    95.5209  MISS %:    4.47906   MPKI: 5.58842
L1D PREFETCH  REQUESTED:          0  ISSUED:          0  USEFUL:          0  USELESS:          0
L1D USEFUL LOAD PREFETCHES:          0 PREFETCH ISSUED TO LOWER LEVEL:          0  ACCURACY: -nan
L1D TIMELY PREFETCHES:          0 LATE PREFETCHES: 0 DROPPED PREFETCHES: 0
L1D PREFETCHES SAME FILL-ORIGIN LEVEL: 0 DIFFERENT FILL-ORIGIN LEVEL: 0
L1D AVERAGE MISS LATENCY:    15.1744 cycles AVERAGE LOAD MISS LATENCY:    15.1145 cycles Load Miss    2838803
L1D Average MSHR Occupancy:   0.107911
L1D RQ	ACCESS:   45099149	FORWARD:          0	MERGED:   13303241	TO_CACHE:   31598282
L1D WQ	ACCESS:   26995634	FORWARD:     197626	MERGED:     264424	TO_CACHE:   26731210

L1D UNIQUE REGIONS ACCESSED: 0
L1D REGIONS CONFLICTS: 0
L1D Cross Page Prefetch Requests: 0
L1D Same Page Prefetch Requests: 0
L1D ROI Sum of L1D PQ occupancy: 0
L1D PREFETCHES PUSHED FROM L2C: 0
L1I TOTAL     ACCESS:   30848747  HIT:    8960033  MISS:   21888714  HIT %:     29.045  MISS %:     70.955   MPKI: 109.444
L1I LOAD      ACCESS:   30848747  HIT:    8960033  MISS:   21888714  HIT %:     29.045  MISS %:     70.955   MPKI: 109.444
L1I PREFETCH  REQUESTED:          0  ISSUED:          0  USEFUL:          0  USELESS:          0
L1I USEFUL LOAD PREFETCHES:          0 PREFETCH ISSUED TO LOWER LEVEL:          0  ACCURACY: -nan
L1I TIMELY PREFETCHES:          0 LATE PREFETCHES: 0 DROPPED PREFETCHES: 0
L1I PREFETCHES SAME FILL-ORIGIN LEVEL: 0 DIFFERENT FILL-ORIGIN LEVEL: 0
L1I AVERAGE MISS LATENCY:    14.1222 cycles AVERAGE LOAD MISS LATENCY:    14.1222 cycles Load Miss   21888714
L1I Average MSHR Occupancy:   0.496961
L1I RQ	ACCESS:   48952436	FORWARD:          0	MERGED:   17780450	TO_CACHE:   31171986

BTB TOTAL     ACCESS:   30080245  HIT:   17305941  MISS:   12774304  HIT %:    57.5326  MISS %:    42.4674   MPKI: 63.8715
BTB BRANCH_DIRECT_JUMP	ACCESS:    2022458  HIT:    1132237  MISS:     890221
BTB BRANCH_INDIRECT	ACCESS:   11923904  HIT:    7075440  MISS:    4848464
BTB BRANCH_CONDITIONAL	ACCESS:    7514500  HIT:    6175108  MISS:    1339392
BTB BRANCH_DIRECT_CALL	ACCESS:    3634770  HIT:    1529521  MISS:    2105249
BTB BRANCH_INDIRECT_CALL	ACCESS:     674932  HIT:     268656  MISS:     406276
BTB BRANCH_RETURN	ACCESS:    4309681  HIT:    1124979  MISS:    3184702
BTB BRANCH_OTHER ACCESS:          0  HIT:          0  MISS:          0

L2C TOTAL     ACCESS:   29533386  HIT:   29514723  MISS:      18663  HIT %:    99.9368  MISS %:  0.0631929   MPKI: 0.093315
L2C LOAD      ACCESS:   24727516  HIT:   24723197  MISS:       4319  HIT %:    99.9825  MISS %:  0.0174664   MPKI: 0.021595
L2C DATA LOAD MPKI: 0.016475
L2C INSTRUCTION LOAD MPKI: 0.00512
L2C RFO       ACCESS:    1117680  HIT:    1110541  MISS:       7139  HIT %:    99.3613  MISS %:   0.638734   MPKI: 0.035695
L2C PREFETCH  ACCESS:    1706411  HIT:    1699490  MISS:       6921  HIT %:    99.5944  MISS %:   0.405588   MPKI: 0.034605
AGUS PREFETCH L1 MISS: 0
L2C DATA PREFETCH MPKI: 0.034605
L2C INSTRUCTION PREFETCH MPKI: 0
L2C WRITEBACK ACCESS:    1970976  HIT:    1970945  MISS:         31  HIT %:    99.9984  MISS %: 0.00157282   MPKI: 0.000155
L2C LOAD TRANSLATION ACCESS:      10803  HIT:      10550  MISS:        253  HIT %:    97.6581  MISS %:    2.34194   MPKI: 0.001265
L2C PREFETCH  REQUESTED:    1707319  ISSUED:    1707319  USEFUL:       5415  USELESS:       1527
L2C USEFUL LOAD PREFETCHES:       5415 PREFETCH ISSUED TO LOWER LEVEL:       7400  ACCURACY: 73.1757
L2C TIMELY PREFETCHES:       5415 LATE PREFETCHES: 479 DROPPED PREFETCHES: 0
L2C PREFETCHES SAME FILL-ORIGIN LEVEL: 7400 DIFFERENT FILL-ORIGIN LEVEL: 0
L2C AVERAGE MISS LATENCY:    45.5175 cycles AVERAGE LOAD MISS LATENCY:    43.7293 cycles Load Miss       4319
L2C Average MSHR Occupancy: 0.00142371
L2C RQ	ACCESS:   25856007	FORWARD:          0	MERGED:          0	TO_CACHE:   25855999
L2C WQ	ACCESS:    1970976	FORWARD:          8	MERGED:          0	TO_CACHE:    1970976
L2C PQ	ACCESS:    1707319	FORWARD:          0	MERGED:          0	TO_CACHE:    1707319

L2C Instructions Evicting Data 918
L2C Translations Evicting Data 233
L2C Data Evicting Data 16229
L2C Instructions Evicting Instructions 90
L2C Translations Evicting Instructions 20
L2C Data Evicting Instructions 836
L2C Instructions Evicting Translations 16
L2C Translations Evicting Translations 0
L2C Data Evicting Translations 229
L2C Dense regions hint from L2: 0
PSCL5 TOTAL     ACCESS:      10001  HIT:      10001  MISS:          0  HIT %:        100  MISS %:          0   MPKI: 0
PSCL5 LOAD TRANSLATION ACCESS:      10001  HIT:      10001  MISS:          0  HIT %:        100  MISS %:          0   MPKI: 0
PSCL5 PREFETCH  REQUESTED:          0  ISSUED:          0  USEFUL:          0  USELESS:          0
PSCL5 USEFUL LOAD PREFETCHES:          0 PREFETCH ISSUED TO LOWER LEVEL:          0  ACCURACY: -nan
PSCL5 TIMELY PREFETCHES:          0 LATE PREFETCHES: 0 DROPPED PREFETCHES: 0
PSCL5 PREFETCHES SAME FILL-ORIGIN LEVEL: 0 DIFFERENT FILL-ORIGIN LEVEL: 0

PSCL4 TOTAL     ACCESS:       9451  HIT:       9367  MISS:         84  HIT %:    99.1112  MISS %:   0.888795   MPKI: 0.00042
PSCL4 LOAD TRANSLATION ACCESS:       9451  HIT:       9367  MISS:         84  HIT %:    99.1112  MISS %:   0.888795   MPKI: 0.00042
PSCL4 PREFETCH  REQUESTED:          0  ISSUED:          0  USEFUL:          0  USELESS:          0
PSCL4 USEFUL LOAD PREFETCHES:          0 PREFETCH ISSUED TO LOWER LEVEL:          0  ACCURACY: -nan
PSCL4 TIMELY PREFETCHES:          0 LATE PREFETCHES: 0 DROPPED PREFETCHES: 0
PSCL4 PREFETCHES SAME FILL-ORIGIN LEVEL: 0 DIFFERENT FILL-ORIGIN LEVEL: 0

PSCL3 TOTAL     ACCESS:       9575  HIT:       9449  MISS:        126  HIT %:    98.6841  MISS %:    1.31593   MPKI: 0.00063
PSCL3 LOAD TRANSLATION ACCESS:       9575  HIT:       9449  MISS:        126  HIT %:    98.6841  MISS %:    1.31593   MPKI: 0.00063
PSCL3 PREFETCH  REQUESTED:          0  ISSUED:          0  USEFUL:          0  USELESS:          0
PSCL3 USEFUL LOAD PREFETCHES:          0 PREFETCH ISSUED TO LOWER LEVEL:          0  ACCURACY: -nan
PSCL3 TIMELY PREFETCHES:          0 LATE PREFETCHES: 0 DROPPED PREFETCHES: 0
PSCL3 PREFETCHES SAME FILL-ORIGIN LEVEL: 0 DIFFERENT FILL-ORIGIN LEVEL: 0

PSCL2 TOTAL     ACCESS:      10001  HIT:       9409  MISS:        592  HIT %:    94.0806  MISS %:    5.91941   MPKI: 0.00296
PSCL2 LOAD TRANSLATION ACCESS:      10001  HIT:       9409  MISS:        592  HIT %:    94.0806  MISS %:    5.91941   MPKI: 0.00296
PSCL2 PREFETCH  REQUESTED:          0  ISSUED:          0  USEFUL:          0  USELESS:          0
PSCL2 USEFUL LOAD PREFETCHES:          0 PREFETCH ISSUED TO LOWER LEVEL:          0  ACCURACY: -nan
PSCL2 TIMELY PREFETCHES:          0 LATE PREFETCHES: 0 DROPPED PREFETCHES: 0
PSCL2 PREFETCHES SAME FILL-ORIGIN LEVEL: 0 DIFFERENT FILL-ORIGIN LEVEL: 0

LLC TOTAL     ACCESS:      26212  HIT:      26115  MISS:         97  HIT %:    99.6299  MISS %:    0.37006   MPKI: 0.000485
LLC LOAD      ACCESS:       3840  HIT:       3837  MISS:          3  HIT %:    99.9219  MISS %:   0.078125   MPKI: 1.5e-05
LLC RFO       ACCESS:       7139  HIT:       7139  MISS:          0  HIT %:        100  MISS %:          0   MPKI: 0
LLC PREFETCH  ACCESS:       7400  HIT:       7306  MISS:         94  HIT %:    98.7297  MISS %:    1.27027   MPKI: 0.00047
AGUS PREFETCH L1 MISS: 0
LLC WRITEBACK ACCESS:       7580  HIT:       7580  MISS:          0  HIT %:        100  MISS %:          0   MPKI: 0
LLC LOAD TRANSLATION ACCESS:        253  HIT:        253  MISS:          0  HIT %:        100  MISS %:          0   MPKI: 0
LLC PREFETCH  REQUESTED:          0  ISSUED:          0  USEFUL:          5  USELESS:          1
LLC USEFUL LOAD PREFETCHES:          5 PREFETCH ISSUED TO LOWER LEVEL:         94  ACCURACY: 5.31915
LLC TIMELY PREFETCHES:          5 LATE PREFETCHES: 0 DROPPED PREFETCHES: 0
LLC PREFETCHES SAME FILL-ORIGIN LEVEL: 0 DIFFERENT FILL-ORIGIN LEVEL: 0
LLC AVERAGE MISS LATENCY:    176.258 cycles AVERAGE LOAD MISS LATENCY:        185 cycles Load Miss          3
LLC Average MSHR Occupancy: 2.79721e-05
LLC RQ	ACCESS:      11232	FORWARD:          0	MERGED:          0	TO_CACHE:      11232
LLC WQ	ACCESS:       7580	FORWARD:          0	MERGED:          0	TO_CACHE:       7580
LLC PQ	ACCESS:       7400	FORWARD:          0	MERGED:          0	TO_CACHE:       7400

LLC Dense regions hint to LLC: 0

RAW hits: 3805318
Loads Generated: 48904459
Loads sent to L1D: 45099149
Stores Generated: 26995633
Stores sent to L1D: 26995634
Major fault: 0 Minor fault: 2014
Allocated PAGES: 2014
[Bingo] PHT Access: 859274
[Bingo] PHT Hit PC+Addr: 522931
[Bingo] PHT Hit PC+Offs: 39553
[Bingo] PHT Miss: 296790
[Bingo] Prefetch PC+Addr: 0
[Bingo] Prefetch PC+Offs: 0
[Bingo] Useful PC+Addr: 0
[Bingo] Useful PC+Offs: 0
[Bingo] Useless PC+Addr: 0
[Bingo] Useless PC+Offs: 0
[Bingo] L1 Prefetch per Region: 0
[Bingo] L2 Prefetch per Region: 4.03932
[Bingo] L3 Prefetch per Region: 0
[Bingo] No Prefetch per Region: 27.9607
[Bingo] Number of Voters Mean: 5.13685
[Bingo] Number of Voters SD: 9.04265
PHT read accesses: 2239666
PHT write accesses: 434150
AT read accesses: 1966613
AT write accesses: 2400649
FT read accesses: 1328605
FT write accesses: 859274
PS read accesses: 1142039
PS write accesses: 562484
PHT tag read accesses: 13245666
PHT tag write accesses: 957081
AT tag read accesses: 66556763
AT tag write accesses: 2400763
FT tag read accesses: 52341948
FT tag write accesses: 1740700
PS tag read accesses: 63985732
PS tag write accesses: 1704506
================ Mockingjay (LLC) Pollution Stats ================
Total pollution count in LLC: 12
==================================================================

DRAM Statistics
 CHANNEL 0
 RQ ROW_BUFFER_HIT:         11  ROW_BUFFER_MISS:         86
 DBUS_CONGESTED:          0
 WQ ROW_BUFFER_HIT:          0  ROW_BUFFER_MISS:          0  FULL:          0

 AVG_CONGESTED_CYCLE: -
 All warmup complete: 2
Channel 0 Bank busy for read cycles: 0
Channel 0 Bank busy for write cycles: 0
Channel 0
Rank 0
0banks busy for read cycles: 607741408
0banks busy for write cycles: 0
1banks busy for read cycles: 4327
1banks busy for write cycles: 0
2banks busy for read cycles: 767
2banks busy for write cycles: 0
3banks busy for read cycles: 28
3banks busy for write cycles: 0
4banks busy for read cycles: 447
4banks busy for write cycles: 0
5banks busy for read cycles: 160
5banks busy for write cycles: 0
6banks busy for read cycles: 11
6banks busy for write cycles: 0
7banks busy for read cycles: 109
7banks busy for write cycles: 0
8banks busy for read cycles: 511
8banks busy for write cycles: 0

CPU 0 Branch Prediction Accuracy: 99.8981% MPKI: 0.17918 Average ROB Occupancy at Mispredict: 28.5315
Branch types
NOT_BRANCH: 164827884 82.4139%
BRANCH_DIRECT_JUMP: 2022458 1.01123%
BRANCH_INDIRECT: 11923904 5.96195%
BRANCH_CONDITIONAL: 12606184 6.30309%
BRANCH_DIRECT_CALL: 3634770 1.81738%
BRANCH_INDIRECT_CALL: 674932 0.337466%
BRANCH_RETURN: 4309681 2.15484%
BRANCH_OTHER: 0 0%

===================== LRU L1D STATS =====================
Total pollution count in L1D: 0
=========================================================
================ SRRIP (L2C) Pollution Stats ================
Total pollution count in L2c: 9377
==================================================================
DRAM PAGES: 1048576
Allocated PAGES: 2014
