
*** ChampSim Multicore Out-of-Order Simulator ***

Warmup Instructions: 200000000
Simulation Instructions: 200000000
Number of CPUs: 1
LLC sets: 4096
LLC ways: 12
Off-chip DRAM Size: 4096 MB Channels: 1 Width: 64-bit Data Rate: 6400 MT/s
CPU 0 runs /home1/sweta/traces/qualcomm_traces/srv_71.champsimtrace.xz
.xz
BTB has LRU replacement policy
ITLB has LRU replacement policy
DTLB has LRU replacement policy
STLB has LRU replacement policy
L1I has LRU replacement policy
L1D has LRU replacement policy
Bingo PHT WAYS: 16 and PHT_SIZE: 16384
Initialize SRRIP state for L2C
Initialize Mockingjay state for LLC
Heartbeat CPU 0 instructions: 10000000 cycles: 2134613 heartbeat IPC: 4.68469 cumulative IPC: 4.68469 (Simulation time: 0 hr 0 min 24 sec) 
Heartbeat CPU 0 instructions: 20000001 cycles: 4268769 heartbeat IPC: 4.68569 cumulative IPC: 4.68519 (Simulation time: 0 hr 0 min 48 sec) 
Heartbeat CPU 0 instructions: 30000006 cycles: 6397395 heartbeat IPC: 4.69787 cumulative IPC: 4.68941 (Simulation time: 0 hr 1 min 12 sec) 
*** Reached end of trace for Core: 0 Repeating trace: /home1/sweta/traces/qualcomm_traces/srv_71.champsimtrace.xz
Heartbeat CPU 0 instructions: 40000002 cycles: 8529815 heartbeat IPC: 4.68951 cumulative IPC: 4.68943 (Simulation time: 0 hr 1 min 35 sec) 
Heartbeat CPU 0 instructions: 50000006 cycles: 10665317 heartbeat IPC: 4.68274 cumulative IPC: 4.68809 (Simulation time: 0 hr 1 min 59 sec) 
Heartbeat CPU 0 instructions: 60000000 cycles: 12793296 heartbeat IPC: 4.69929 cumulative IPC: 4.68996 (Simulation time: 0 hr 2 min 22 sec) 
*** Reached end of trace for Core: 0 Repeating trace: /home1/sweta/traces/qualcomm_traces/srv_71.champsimtrace.xz
Heartbeat CPU 0 instructions: 70000005 cycles: 14927182 heartbeat IPC: 4.68629 cumulative IPC: 4.68943 (Simulation time: 0 hr 2 min 44 sec) 
Heartbeat CPU 0 instructions: 80000002 cycles: 17060313 heartbeat IPC: 4.68794 cumulative IPC: 4.68925 (Simulation time: 0 hr 3 min 7 sec) 
Heartbeat CPU 0 instructions: 90000000 cycles: 19189706 heartbeat IPC: 4.69617 cumulative IPC: 4.69001 (Simulation time: 0 hr 3 min 30 sec) 
*** Reached end of trace for Core: 0 Repeating trace: /home1/sweta/traces/qualcomm_traces/srv_71.champsimtrace.xz
Heartbeat CPU 0 instructions: 100000002 cycles: 21322975 heartbeat IPC: 4.68764 cumulative IPC: 4.68978 (Simulation time: 0 hr 3 min 52 sec) 
Heartbeat CPU 0 instructions: 110000001 cycles: 23454751 heartbeat IPC: 4.69092 cumulative IPC: 4.68988 (Simulation time: 0 hr 4 min 13 sec) 
Heartbeat CPU 0 instructions: 120000007 cycles: 25585033 heartbeat IPC: 4.69422 cumulative IPC: 4.69024 (Simulation time: 0 hr 4 min 34 sec) 
*** Reached end of trace for Core: 0 Repeating trace: /home1/sweta/traces/qualcomm_traces/srv_71.champsimtrace.xz
Heartbeat CPU 0 instructions: 130000006 cycles: 27716542 heartbeat IPC: 4.69151 cumulative IPC: 4.69034 (Simulation time: 0 hr 4 min 56 sec) 
Heartbeat CPU 0 instructions: 140000000 cycles: 29850332 heartbeat IPC: 4.68649 cumulative IPC: 4.69006 (Simulation time: 0 hr 5 min 18 sec) 
Heartbeat CPU 0 instructions: 150000002 cycles: 31979647 heartbeat IPC: 4.69635 cumulative IPC: 4.69048 (Simulation time: 0 hr 5 min 40 sec) 
*** Reached end of trace for Core: 0 Repeating trace: /home1/sweta/traces/qualcomm_traces/srv_71.champsimtrace.xz
Heartbeat CPU 0 instructions: 160000005 cycles: 34112110 heartbeat IPC: 4.68941 cumulative IPC: 4.69042 (Simulation time: 0 hr 6 min 2 sec) 
Heartbeat CPU 0 instructions: 170000002 cycles: 36245059 heartbeat IPC: 4.68834 cumulative IPC: 4.69029 (Simulation time: 0 hr 6 min 23 sec) 
Heartbeat CPU 0 instructions: 180000000 cycles: 38374600 heartbeat IPC: 4.69585 cumulative IPC: 4.6906 (Simulation time: 0 hr 6 min 45 sec) 
*** Reached end of trace for Core: 0 Repeating trace: /home1/sweta/traces/qualcomm_traces/srv_71.champsimtrace.xz
Heartbeat CPU 0 instructions: 190000000 cycles: 40507675 heartbeat IPC: 4.68807 cumulative IPC: 4.69047 (Simulation time: 0 hr 7 min 6 sec) 
Heartbeat CPU 0 instructions: 200000007 cycles: 42640193 heartbeat IPC: 4.6893 cumulative IPC: 4.69041 (Simulation time: 0 hr 7 min 27 sec) 

Warmup complete CPU 0 instructions: 200000007 cycles: 42640193 (Simulation time: 0 hr 7 min 27 sec) 

Heartbeat CPU 0 instructions: 210000001 cycles: 73895546 heartbeat IPC: 0.319945 cumulative IPC: 0.319945 (Simulation time: 0 hr 7 min 55 sec) 
*** Reached end of trace for Core: 0 Repeating trace: /home1/sweta/traces/qualcomm_traces/srv_71.champsimtrace.xz
Heartbeat CPU 0 instructions: 220000000 cycles: 105117092 heartbeat IPC: 0.320292 cumulative IPC: 0.320118 (Simulation time: 0 hr 8 min 24 sec) 
Heartbeat CPU 0 instructions: 230000000 cycles: 136462124 heartbeat IPC: 0.31903 cumulative IPC: 0.319755 (Simulation time: 0 hr 8 min 52 sec) 
Heartbeat CPU 0 instructions: 240000003 cycles: 167753740 heartbeat IPC: 0.319575 cumulative IPC: 0.31971 (Simulation time: 0 hr 9 min 20 sec) 
Heartbeat CPU 0 instructions: 250000003 cycles: 198914347 heartbeat IPC: 0.320918 cumulative IPC: 0.319951 (Simulation time: 0 hr 9 min 48 sec) 
*** Reached end of trace for Core: 0 Repeating trace: /home1/sweta/traces/qualcomm_traces/srv_71.champsimtrace.xz
Heartbeat CPU 0 instructions: 260000006 cycles: 230259454 heartbeat IPC: 0.319029 cumulative IPC: 0.319797 (Simulation time: 0 hr 10 min 16 sec) 
Heartbeat CPU 0 instructions: 270000000 cycles: 261519566 heartbeat IPC: 0.319896 cumulative IPC: 0.319811 (Simulation time: 0 hr 10 min 43 sec) 
Heartbeat CPU 0 instructions: 280000001 cycles: 292683323 heartbeat IPC: 0.320886 cumulative IPC: 0.319945 (Simulation time: 0 hr 11 min 12 sec) 
*** Reached end of trace for Core: 0 Repeating trace: /home1/sweta/traces/qualcomm_traces/srv_71.champsimtrace.xz
Heartbeat CPU 0 instructions: 290000006 cycles: 324013252 heartbeat IPC: 0.319184 cumulative IPC: 0.31986 (Simulation time: 0 hr 11 min 39 sec) 
Heartbeat CPU 0 instructions: 300000001 cycles: 355291641 heartbeat IPC: 0.319709 cumulative IPC: 0.319845 (Simulation time: 0 hr 12 min 7 sec) 
Heartbeat CPU 0 instructions: 310000001 cycles: 386524295 heartbeat IPC: 0.320178 cumulative IPC: 0.319875 (Simulation time: 0 hr 12 min 34 sec) 
*** Reached end of trace for Core: 0 Repeating trace: /home1/sweta/traces/qualcomm_traces/srv_71.champsimtrace.xz
Heartbeat CPU 0 instructions: 320000000 cycles: 417808555 heartbeat IPC: 0.31965 cumulative IPC: 0.319856 (Simulation time: 0 hr 13 min 1 sec) 
Heartbeat CPU 0 instructions: 330000002 cycles: 449040788 heartbeat IPC: 0.320182 cumulative IPC: 0.319881 (Simulation time: 0 hr 13 min 28 sec) 
Heartbeat CPU 0 instructions: 340000000 cycles: 480295625 heartbeat IPC: 0.31995 cumulative IPC: 0.319886 (Simulation time: 0 hr 13 min 54 sec) 
*** Reached end of trace for Core: 0 Repeating trace: /home1/sweta/traces/qualcomm_traces/srv_71.champsimtrace.xz
Heartbeat CPU 0 instructions: 350000003 cycles: 511588693 heartbeat IPC: 0.31956 cumulative IPC: 0.319865 (Simulation time: 0 hr 14 min 20 sec) 
Heartbeat CPU 0 instructions: 360000000 cycles: 542904844 heartbeat IPC: 0.319324 cumulative IPC: 0.319831 (Simulation time: 0 hr 14 min 44 sec) 
Heartbeat CPU 0 instructions: 370000000 cycles: 574073449 heartbeat IPC: 0.320836 cumulative IPC: 0.31989 (Simulation time: 0 hr 15 min 9 sec) 
*** Reached end of trace for Core: 0 Repeating trace: /home1/sweta/traces/qualcomm_traces/srv_71.champsimtrace.xz
Heartbeat CPU 0 instructions: 380000003 cycles: 605341924 heartbeat IPC: 0.319811 cumulative IPC: 0.319885 (Simulation time: 0 hr 15 min 33 sec) 
Heartbeat CPU 0 instructions: 390000000 cycles: 636690272 heartbeat IPC: 0.318996 cumulative IPC: 0.319838 (Simulation time: 0 hr 15 min 57 sec) 
Heartbeat CPU 0 instructions: 400000000 cycles: 667826715 heartbeat IPC: 0.321167 cumulative IPC: 0.319905 (Simulation time: 0 hr 16 min 22 sec) 
Finished CPU 0 instructions: 200000000 cycles: 625186540 cumulative IPC: 0.319905 (Simulation time: 0 hr 16 min 22 sec) 

ChampSim completed all CPUs

Region of Interest Statistics

CPU 0 cumulative IPC: 0.319905 instructions: 200000000 cycles: 625186540
ITLB TOTAL     ACCESS:   26412448  HIT:   24141062  MISS:    2271386  HIT %:    91.4003  MISS %:    8.59968   MPKI: 11.3569
ITLB LOAD TRANSLATION ACCESS:   26412448  HIT:   24141062  MISS:    2271386  HIT %:    91.4003  MISS %:    8.59968   MPKI: 11.3569
ITLB PREFETCH  REQUESTED:          0  ISSUED:          0  USEFUL:          0  USELESS:          0
ITLB USEFUL LOAD PREFETCHES:          0 PREFETCH ISSUED TO LOWER LEVEL:          0  ACCURACY: -nan
ITLB TIMELY PREFETCHES:          0 LATE PREFETCHES: 0 DROPPED PREFETCHES: 0
ITLB PREFETCHES SAME FILL-ORIGIN LEVEL: 0 DIFFERENT FILL-ORIGIN LEVEL: 0
ITLB AVERAGE MISS LATENCY:    9.11873 cycles AVERAGE LOAD MISS LATENCY:       -nan cycles Load Miss          0
ITLB Average MSHR Occupancy:  0.0296083
ITLB RQ	ACCESS:   32329507	FORWARD:          0	MERGED:    4639430	TO_CACHE:   27690077

DTLB TOTAL     ACCESS:   40858944  HIT:   38805290  MISS:    2053654  HIT %:    94.9738  MISS %:     5.0262   MPKI: 10.2683
DTLB LOAD TRANSLATION ACCESS:   40858944  HIT:   38805290  MISS:    2053654  HIT %:    94.9738  MISS %:     5.0262   MPKI: 10.2683
DTLB PREFETCH  REQUESTED:          0  ISSUED:          0  USEFUL:          0  USELESS:          0
DTLB USEFUL LOAD PREFETCHES:          0 PREFETCH ISSUED TO LOWER LEVEL:          0  ACCURACY: -nan
DTLB TIMELY PREFETCHES:          0 LATE PREFETCHES: 0 DROPPED PREFETCHES: 0
DTLB PREFETCHES SAME FILL-ORIGIN LEVEL: 0 DIFFERENT FILL-ORIGIN LEVEL: 0
DTLB AVERAGE MISS LATENCY:    9.17502 cycles AVERAGE LOAD MISS LATENCY:       -nan cycles Load Miss          0
DTLB Average MSHR Occupancy:  0.0273097
DTLB RQ	ACCESS:   57488520	FORWARD:          0	MERGED:   16579840	TO_CACHE:   40908680

STLB TOTAL     ACCESS:    4325040  HIT:    4296050  MISS:      28990  HIT %:    99.3297  MISS %:   0.670283   MPKI: 0.14495
STLB LOAD TRANSLATION ACCESS:    4325040  HIT:    4296050  MISS:      28990  HIT %:    99.3297  MISS %:   0.670283   MPKI: 0.14495
STLB PREFETCH  REQUESTED:          0  ISSUED:          0  USEFUL:          0  USELESS:          0
STLB USEFUL LOAD PREFETCHES:          0 PREFETCH ISSUED TO LOWER LEVEL:          0  ACCURACY: -nan
STLB TIMELY PREFETCHES:          0 LATE PREFETCHES: 0 DROPPED PREFETCHES: 0
STLB PREFETCHES SAME FILL-ORIGIN LEVEL: 0 DIFFERENT FILL-ORIGIN LEVEL: 0
STLB AVERAGE MISS LATENCY:    19.7488 cycles AVERAGE LOAD MISS LATENCY:       -nan cycles Load Miss          0
STLB Average MSHR Occupancy: 0.000972745
STLB RQ	ACCESS:    4325040	FORWARD:          0	MERGED:          0	TO_CACHE:    4325040

STLB Hit, L1D data hit: 0
STLB Hit, L2C data hit: 0
STLB Hit, LLC data hit: 0
STLB Hit, LLC data miss: 0
STLB STLB hints to L2: 0
L1D TOTAL     ACCESS:   55472004  HIT:   49829566  MISS:    5642438  HIT %:    89.8283  MISS %:    10.1717   MPKI: 28.2122
L1D LOAD      ACCESS:   31005580  HIT:   26587497  MISS:    4418083  HIT %:    85.7507  MISS %:    14.2493   MPKI: 22.0904
L1D RFO       ACCESS:   24466424  HIT:   23242069  MISS:    1224355  HIT %:    94.9958  MISS %:    5.00423   MPKI: 6.12178
L1D PREFETCH  REQUESTED:          0  ISSUED:          0  USEFUL:          0  USELESS:          0
L1D USEFUL LOAD PREFETCHES:          0 PREFETCH ISSUED TO LOWER LEVEL:          0  ACCURACY: -nan
L1D TIMELY PREFETCHES:          0 LATE PREFETCHES: 0 DROPPED PREFETCHES: 0
L1D PREFETCHES SAME FILL-ORIGIN LEVEL: 0 DIFFERENT FILL-ORIGIN LEVEL: 0
L1D AVERAGE MISS LATENCY:    15.0799 cycles AVERAGE LOAD MISS LATENCY:    15.0787 cycles Load Miss    4418083
L1D Average MSHR Occupancy:   0.147883
L1D RQ	ACCESS:   44196939	FORWARD:          0	MERGED:   12922480	TO_CACHE:   31059745
L1D WQ	ACCESS:   26690244	FORWARD:     214714	MERGED:     261469	TO_CACHE:   26428775

L1D UNIQUE REGIONS ACCESSED: 0
L1D REGIONS CONFLICTS: 0
L1D Cross Page Prefetch Requests: 0
L1D Same Page Prefetch Requests: 0
L1D ROI Sum of L1D PQ occupancy: 0
L1D PREFETCHES PUSHED FROM L2C: 0
L1I TOTAL     ACCESS:   31994817  HIT:    8085028  MISS:   23909789  HIT %:    25.2698  MISS %:    74.7302   MPKI: 119.549
L1I LOAD      ACCESS:   31994817  HIT:    8085028  MISS:   23909789  HIT %:    25.2698  MISS %:    74.7302   MPKI: 119.549
L1I PREFETCH  REQUESTED:          0  ISSUED:          0  USEFUL:          0  USELESS:          0
L1I USEFUL LOAD PREFETCHES:          0 PREFETCH ISSUED TO LOWER LEVEL:          0  ACCURACY: -nan
L1I TIMELY PREFETCHES:          0 LATE PREFETCHES: 0 DROPPED PREFETCHES: 0
L1I PREFETCHES SAME FILL-ORIGIN LEVEL: 0 DIFFERENT FILL-ORIGIN LEVEL: 0
L1I AVERAGE MISS LATENCY:    14.1233 cycles AVERAGE LOAD MISS LATENCY:    14.1233 cycles Load Miss   23909789
L1I Average MSHR Occupancy:    0.53281
L1I RQ	ACCESS:   51002377	FORWARD:          0	MERGED:   18672870	TO_CACHE:   32329507

BTB TOTAL     ACCESS:   30375121  HIT:   17583404  MISS:   12791717  HIT %:    57.8875  MISS %:    42.1125   MPKI: 63.9586
BTB BRANCH_DIRECT_JUMP	ACCESS:    1874123  HIT:    1039789  MISS:     834334
BTB BRANCH_INDIRECT	ACCESS:   12068949  HIT:    7179917  MISS:    4889032
BTB BRANCH_CONDITIONAL	ACCESS:    7198731  HIT:    5890672  MISS:    1308059
BTB BRANCH_DIRECT_CALL	ACCESS:    3893947  HIT:    1805382  MISS:    2088565
BTB BRANCH_INDIRECT_CALL	ACCESS:     722742  HIT:     337528  MISS:     385214
BTB BRANCH_RETURN	ACCESS:    4616629  HIT:    1330116  MISS:    3286513
BTB BRANCH_OTHER ACCESS:          0  HIT:          0  MISS:          0

L2C TOTAL     ACCESS:   34966308  HIT:   34957686  MISS:       8622  HIT %:    99.9753  MISS %:   0.024658   MPKI: 0.04311
L2C LOAD      ACCESS:   28327865  HIT:   28325001  MISS:       2864  HIT %:    99.9899  MISS %:  0.0101102   MPKI: 0.01432
L2C DATA LOAD MPKI: 0.0117
L2C INSTRUCTION LOAD MPKI: 0.00262
L2C RFO       ACCESS:    1224355  HIT:    1223260  MISS:       1095  HIT %:    99.9106  MISS %:  0.0894348   MPKI: 0.005475
L2C PREFETCH  ACCESS:    3025505  HIT:    3020957  MISS:       4548  HIT %:    99.8497  MISS %:   0.150322   MPKI: 0.02274
AGUS PREFETCH L1 MISS: 0
L2C DATA PREFETCH MPKI: 0.02274
L2C INSTRUCTION PREFETCH MPKI: 0
L2C WRITEBACK ACCESS:    2358133  HIT:    2358132  MISS:          1  HIT %:        100  MISS %: 4.24064e-05   MPKI: 5e-06
L2C LOAD TRANSLATION ACCESS:      30450  HIT:      30336  MISS:        114  HIT %:    99.6256  MISS %:   0.374384   MPKI: 0.00057
L2C PREFETCH  REQUESTED:    3026123  ISSUED:    3026123  USEFUL:       3741  USELESS:        805
L2C USEFUL LOAD PREFETCHES:       3741 PREFETCH ISSUED TO LOWER LEVEL:       4905  ACCURACY: 76.2691
L2C TIMELY PREFETCHES:       3741 LATE PREFETCHES: 357 DROPPED PREFETCHES: 0
L2C PREFETCHES SAME FILL-ORIGIN LEVEL: 4905 DIFFERENT FILL-ORIGIN LEVEL: 0
L2C AVERAGE MISS LATENCY:    45.9637 cycles AVERAGE LOAD MISS LATENCY:     43.589 cycles Load Miss       2864
L2C Average MSHR Occupancy: 0.000668385
L2C RQ	ACCESS:   29582675	FORWARD:          0	MERGED:          0	TO_CACHE:   29582669
L2C WQ	ACCESS:    2358133	FORWARD:          6	MERGED:          0	TO_CACHE:    2358133
L2C PQ	ACCESS:    3026123	FORWARD:          0	MERGED:          0	TO_CACHE:    3026123

L2C Instructions Evicting Data 440
L2C Translations Evicting Data 100
L2C Data Evicting Data 7422
L2C Instructions Evicting Instructions 66
L2C Translations Evicting Instructions 14
L2C Data Evicting Instructions 413
L2C Instructions Evicting Translations 18
L2C Translations Evicting Translations 0
L2C Data Evicting Translations 99
L2C Dense regions hint from L2: 0
PSCL5 TOTAL     ACCESS:      28990  HIT:      28990  MISS:          0  HIT %:        100  MISS %:          0   MPKI: 0
PSCL5 LOAD TRANSLATION ACCESS:      28990  HIT:      28990  MISS:          0  HIT %:        100  MISS %:          0   MPKI: 0
PSCL5 PREFETCH  REQUESTED:          0  ISSUED:          0  USEFUL:          0  USELESS:          0
PSCL5 USEFUL LOAD PREFETCHES:          0 PREFETCH ISSUED TO LOWER LEVEL:          0  ACCURACY: -nan
PSCL5 TIMELY PREFETCHES:          0 LATE PREFETCHES: 0 DROPPED PREFETCHES: 0
PSCL5 PREFETCHES SAME FILL-ORIGIN LEVEL: 0 DIFFERENT FILL-ORIGIN LEVEL: 0

PSCL4 TOTAL     ACCESS:      26074  HIT:      25912  MISS:        162  HIT %:    99.3787  MISS %:   0.621309   MPKI: 0.00081
PSCL4 LOAD TRANSLATION ACCESS:      26074  HIT:      25912  MISS:        162  HIT %:    99.3787  MISS %:   0.621309   MPKI: 0.00081
PSCL4 PREFETCH  REQUESTED:          0  ISSUED:          0  USEFUL:          0  USELESS:          0
PSCL4 USEFUL LOAD PREFETCHES:          0 PREFETCH ISSUED TO LOWER LEVEL:          0  ACCURACY: -nan
PSCL4 TIMELY PREFETCHES:          0 LATE PREFETCHES: 0 DROPPED PREFETCHES: 0
PSCL4 PREFETCHES SAME FILL-ORIGIN LEVEL: 0 DIFFERENT FILL-ORIGIN LEVEL: 0

PSCL3 TOTAL     ACCESS:      28158  HIT:      27996  MISS:        162  HIT %:    99.4247  MISS %:   0.575325   MPKI: 0.00081
PSCL3 LOAD TRANSLATION ACCESS:      28158  HIT:      27996  MISS:        162  HIT %:    99.4247  MISS %:   0.575325   MPKI: 0.00081
PSCL3 PREFETCH  REQUESTED:          0  ISSUED:          0  USEFUL:          0  USELESS:          0
PSCL3 USEFUL LOAD PREFETCHES:          0 PREFETCH ISSUED TO LOWER LEVEL:          0  ACCURACY: -nan
PSCL3 TIMELY PREFETCHES:          0 LATE PREFETCHES: 0 DROPPED PREFETCHES: 0
PSCL3 PREFETCHES SAME FILL-ORIGIN LEVEL: 0 DIFFERENT FILL-ORIGIN LEVEL: 0

PSCL2 TOTAL     ACCESS:      28990  HIT:      27854  MISS:       1136  HIT %:    96.0814  MISS %:    3.91859   MPKI: 0.00568
PSCL2 LOAD TRANSLATION ACCESS:      28990  HIT:      27854  MISS:       1136  HIT %:    96.0814  MISS %:    3.91859   MPKI: 0.00568
PSCL2 PREFETCH  REQUESTED:          0  ISSUED:          0  USEFUL:          0  USELESS:          0
PSCL2 USEFUL LOAD PREFETCHES:          0 PREFETCH ISSUED TO LOWER LEVEL:          0  ACCURACY: -nan
PSCL2 TIMELY PREFETCHES:          0 LATE PREFETCHES: 0 DROPPED PREFETCHES: 0
PSCL2 PREFETCHES SAME FILL-ORIGIN LEVEL: 0 DIFFERENT FILL-ORIGIN LEVEL: 0

LLC TOTAL     ACCESS:       9822  HIT:       9754  MISS:         68  HIT %:    99.3077  MISS %:   0.692323   MPKI: 0.00034
LLC LOAD      ACCESS:       2507  HIT:       2507  MISS:          0  HIT %:        100  MISS %:          0   MPKI: 0
LLC RFO       ACCESS:       1095  HIT:       1095  MISS:          0  HIT %:        100  MISS %:          0   MPKI: 0
LLC PREFETCH  ACCESS:       4905  HIT:       4838  MISS:         67  HIT %:     98.634  MISS %:    1.36595   MPKI: 0.000335
AGUS PREFETCH L1 MISS: 0
LLC WRITEBACK ACCESS:       1201  HIT:       1200  MISS:          1  HIT %:    99.9167  MISS %:  0.0832639   MPKI: 5e-06
LLC LOAD TRANSLATION ACCESS:        114  HIT:        114  MISS:          0  HIT %:        100  MISS %:          0   MPKI: 0
LLC PREFETCH  REQUESTED:          0  ISSUED:          0  USEFUL:          1  USELESS:          4
LLC USEFUL LOAD PREFETCHES:          1 PREFETCH ISSUED TO LOWER LEVEL:         67  ACCURACY: 1.49254
LLC TIMELY PREFETCHES:          1 LATE PREFETCHES: 0 DROPPED PREFETCHES: 0
LLC PREFETCHES SAME FILL-ORIGIN LEVEL: 0 DIFFERENT FILL-ORIGIN LEVEL: 0
LLC AVERAGE MISS LATENCY:    182.279 cycles AVERAGE LOAD MISS LATENCY:       -nan cycles Load Miss          0
LLC Average MSHR Occupancy: 1.97189e-05
LLC RQ	ACCESS:       3716	FORWARD:          0	MERGED:          0	TO_CACHE:       3716
LLC WQ	ACCESS:       1201	FORWARD:          0	MERGED:          0	TO_CACHE:       1201
LLC PQ	ACCESS:       4905	FORWARD:          0	MERGED:          0	TO_CACHE:       4905

LLC Dense regions hint to LLC: 0

RAW hits: 3792271
Loads Generated: 47989209
Loads sent to L1D: 44196939
Stores Generated: 26690243
Stores sent to L1D: 26690244
Major fault: 0 Minor fault: 1956
Allocated PAGES: 1956
[Bingo] PHT Access: 1094496
[Bingo] PHT Hit PC+Addr: 676958
[Bingo] PHT Hit PC+Offs: 39894
[Bingo] PHT Miss: 377644
[Bingo] Prefetch PC+Addr: 0
[Bingo] Prefetch PC+Offs: 0
[Bingo] Useful PC+Addr: 0
[Bingo] Useful PC+Offs: 0
[Bingo] Useless PC+Addr: 0
[Bingo] Useless PC+Offs: 0
[Bingo] L1 Prefetch per Region: 0
[Bingo] L2 Prefetch per Region: 5.22574
[Bingo] L3 Prefetch per Region: 0
[Bingo] No Prefetch per Region: 26.7743
[Bingo] Number of Voters Mean: 6.18584
[Bingo] Number of Voters SD: 10.3539
PHT read accesses: 3116556
PHT write accesses: 578815
AT read accesses: 3300737
AT write accesses: 3879492
FT read accesses: 1782288
FT write accesses: 1094496
PS read accesses: 1497042
PS write accesses: 716852
PHT tag read accesses: 17191879
PHT tag write accesses: 1255773
AT tag read accesses: 98609042
AT tag write accesses: 3879552
FT tag read accesses: 67239838
FT tag write accesses: 2275065
PS tag read accesses: 94358246
PS tag write accesses: 2213875
================ Mockingjay (LLC) Pollution Stats ================
Total pollution count in LLC: 4
==================================================================

DRAM Statistics
 CHANNEL 0
 RQ ROW_BUFFER_HIT:          0  ROW_BUFFER_MISS:         67
 DBUS_CONGESTED:          0
 WQ ROW_BUFFER_HIT:          0  ROW_BUFFER_MISS:          0  FULL:          0

 AVG_CONGESTED_CYCLE: -
 All warmup complete: 2
Channel 0 Bank busy for read cycles: 0
Channel 0 Bank busy for write cycles: 0
Channel 0
Rank 0
0banks busy for read cycles: 625181096
0banks busy for write cycles: 0
1banks busy for read cycles: 4372
1banks busy for write cycles: 0
2banks busy for read cycles: 454
2banks busy for write cycles: 0
3banks busy for read cycles: 10
3banks busy for write cycles: 0
4banks busy for read cycles: 18
4banks busy for write cycles: 0
5banks busy for read cycles: 10
5banks busy for write cycles: 0
6banks busy for read cycles: 10
6banks busy for write cycles: 0
7banks busy for read cycles: 10
7banks busy for write cycles: 0
8banks busy for read cycles: 561
8banks busy for write cycles: 0

CPU 0 Branch Prediction Accuracy: 99.9013% MPKI: 0.177405 Average ROB Occupancy at Mispredict: 18.0362
Branch types
NOT_BRANCH: 164069019 82.0345%
BRANCH_DIRECT_JUMP: 1874123 0.937061%
BRANCH_INDIRECT: 12068949 6.03447%
BRANCH_CONDITIONAL: 12754161 6.37708%
BRANCH_DIRECT_CALL: 3893947 1.94697%
BRANCH_INDIRECT_CALL: 722742 0.361371%
BRANCH_RETURN: 4616629 2.30831%
BRANCH_OTHER: 0 0%

===================== LRU L1D STATS =====================
Total pollution count in L1D: 0
=========================================================
================ SRRIP (L2C) Pollution Stats ================
Total pollution count in L2c: 6391
==================================================================
DRAM PAGES: 1048576
Allocated PAGES: 1956
