
*** ChampSim Multicore Out-of-Order Simulator ***

Warmup Instructions: 200000000
Simulation Instructions: 200000000
Number of CPUs: 1
LLC sets: 4096
LLC ways: 12
Off-chip DRAM Size: 4096 MB Channels: 1 Width: 64-bit Data Rate: 6400 MT/s
CPU 0 runs /home1/sweta/traces/qualcomm_traces/srv_70.champsimtrace.xz
.xz
BTB has LRU replacement policy
ITLB has LRU replacement policy
DTLB has LRU replacement policy
STLB has LRU replacement policy
L1I has LRU replacement policy
L1D has LRU replacement policy
Bingo PHT WAYS: 16 and PHT_SIZE: 16384
Initialize SRRIP state for L2C
Initialize Mockingjay state for LLC
Heartbeat CPU 0 instructions: 10000002 cycles: 2056401 heartbeat IPC: 4.86287 cumulative IPC: 4.86287 (Simulation time: 0 hr 0 min 23 sec) 
Heartbeat CPU 0 instructions: 20000002 cycles: 4118733 heartbeat IPC: 4.84888 cumulative IPC: 4.85586 (Simulation time: 0 hr 0 min 46 sec) 
Heartbeat CPU 0 instructions: 30000003 cycles: 6173644 heartbeat IPC: 4.86639 cumulative IPC: 4.85937 (Simulation time: 0 hr 1 min 8 sec) 
*** Reached end of trace for Core: 0 Repeating trace: /home1/sweta/traces/qualcomm_traces/srv_70.champsimtrace.xz
Heartbeat CPU 0 instructions: 40000007 cycles: 8229077 heartbeat IPC: 4.86516 cumulative IPC: 4.86081 (Simulation time: 0 hr 1 min 30 sec) 
Heartbeat CPU 0 instructions: 50000005 cycles: 10291491 heartbeat IPC: 4.84869 cumulative IPC: 4.85838 (Simulation time: 0 hr 1 min 51 sec) 
Heartbeat CPU 0 instructions: 60000002 cycles: 12346266 heartbeat IPC: 4.86671 cumulative IPC: 4.85977 (Simulation time: 0 hr 2 min 12 sec) 
*** Reached end of trace for Core: 0 Repeating trace: /home1/sweta/traces/qualcomm_traces/srv_70.champsimtrace.xz
Heartbeat CPU 0 instructions: 70000002 cycles: 14401759 heartbeat IPC: 4.86501 cumulative IPC: 4.86052 (Simulation time: 0 hr 2 min 34 sec) 
Heartbeat CPU 0 instructions: 80000005 cycles: 16463261 heartbeat IPC: 4.85083 cumulative IPC: 4.8593 (Simulation time: 0 hr 2 min 56 sec) 
Heartbeat CPU 0 instructions: 90000000 cycles: 18518258 heartbeat IPC: 4.86618 cumulative IPC: 4.86007 (Simulation time: 0 hr 3 min 18 sec) 
*** Reached end of trace for Core: 0 Repeating trace: /home1/sweta/traces/qualcomm_traces/srv_70.champsimtrace.xz
Heartbeat CPU 0 instructions: 100000006 cycles: 20573713 heartbeat IPC: 4.86511 cumulative IPC: 4.86057 (Simulation time: 0 hr 3 min 40 sec) 
Heartbeat CPU 0 instructions: 110000003 cycles: 22636596 heartbeat IPC: 4.84758 cumulative IPC: 4.85939 (Simulation time: 0 hr 4 min 2 sec) 
Heartbeat CPU 0 instructions: 120000003 cycles: 24691925 heartbeat IPC: 4.8654 cumulative IPC: 4.85989 (Simulation time: 0 hr 4 min 24 sec) 
*** Reached end of trace for Core: 0 Repeating trace: /home1/sweta/traces/qualcomm_traces/srv_70.champsimtrace.xz
Heartbeat CPU 0 instructions: 130000005 cycles: 26746541 heartbeat IPC: 4.86709 cumulative IPC: 4.86044 (Simulation time: 0 hr 4 min 46 sec) 
Heartbeat CPU 0 instructions: 140000005 cycles: 28808618 heartbeat IPC: 4.84948 cumulative IPC: 4.85966 (Simulation time: 0 hr 5 min 8 sec) 
Heartbeat CPU 0 instructions: 150000004 cycles: 30863632 heartbeat IPC: 4.86615 cumulative IPC: 4.86009 (Simulation time: 0 hr 5 min 29 sec) 
*** Reached end of trace for Core: 0 Repeating trace: /home1/sweta/traces/qualcomm_traces/srv_70.champsimtrace.xz
Heartbeat CPU 0 instructions: 160000004 cycles: 32918088 heartbeat IPC: 4.86747 cumulative IPC: 4.86055 (Simulation time: 0 hr 5 min 50 sec) 
Heartbeat CPU 0 instructions: 170000003 cycles: 34973569 heartbeat IPC: 4.86504 cumulative IPC: 4.86081 (Simulation time: 0 hr 6 min 10 sec) 
Heartbeat CPU 0 instructions: 180000000 cycles: 37035458 heartbeat IPC: 4.84992 cumulative IPC: 4.86021 (Simulation time: 0 hr 6 min 30 sec) 
*** Reached end of trace for Core: 0 Repeating trace: /home1/sweta/traces/qualcomm_traces/srv_70.champsimtrace.xz
Heartbeat CPU 0 instructions: 190000000 cycles: 39090891 heartbeat IPC: 4.86515 cumulative IPC: 4.86047 (Simulation time: 0 hr 6 min 51 sec) 
Heartbeat CPU 0 instructions: 200000001 cycles: 41146176 heartbeat IPC: 4.86551 cumulative IPC: 4.86072 (Simulation time: 0 hr 7 min 12 sec) 

Warmup complete CPU 0 instructions: 200000001 cycles: 41146176 (Simulation time: 0 hr 7 min 12 sec) 

Heartbeat CPU 0 instructions: 210000001 cycles: 69321103 heartbeat IPC: 0.354925 cumulative IPC: 0.354925 (Simulation time: 0 hr 7 min 39 sec) 
*** Reached end of trace for Core: 0 Repeating trace: /home1/sweta/traces/qualcomm_traces/srv_70.champsimtrace.xz
Heartbeat CPU 0 instructions: 220000000 cycles: 97299485 heartbeat IPC: 0.357419 cumulative IPC: 0.356168 (Simulation time: 0 hr 8 min 6 sec) 
Heartbeat CPU 0 instructions: 230000004 cycles: 124967076 heartbeat IPC: 0.361434 cumulative IPC: 0.357906 (Simulation time: 0 hr 8 min 32 sec) 
Heartbeat CPU 0 instructions: 240000005 cycles: 153124024 heartbeat IPC: 0.355152 cumulative IPC: 0.357214 (Simulation time: 0 hr 8 min 58 sec) 
*** Reached end of trace for Core: 0 Repeating trace: /home1/sweta/traces/qualcomm_traces/srv_70.champsimtrace.xz
Heartbeat CPU 0 instructions: 250000001 cycles: 181101975 heartbeat IPC: 0.357424 cumulative IPC: 0.357256 (Simulation time: 0 hr 9 min 23 sec) 
Heartbeat CPU 0 instructions: 260000004 cycles: 208789287 heartbeat IPC: 0.361176 cumulative IPC: 0.357903 (Simulation time: 0 hr 9 min 49 sec) 
Heartbeat CPU 0 instructions: 270000000 cycles: 236863671 heartbeat IPC: 0.356196 cumulative IPC: 0.357658 (Simulation time: 0 hr 10 min 15 sec) 
Heartbeat CPU 0 instructions: 280000002 cycles: 264982629 heartbeat IPC: 0.355632 cumulative IPC: 0.357404 (Simulation time: 0 hr 10 min 40 sec) 
*** Reached end of trace for Core: 0 Repeating trace: /home1/sweta/traces/qualcomm_traces/srv_70.champsimtrace.xz
Heartbeat CPU 0 instructions: 290000007 cycles: 292607884 heartbeat IPC: 0.361988 cumulative IPC: 0.357907 (Simulation time: 0 hr 11 min 8 sec) 
Heartbeat CPU 0 instructions: 300000001 cycles: 320661787 heartbeat IPC: 0.356456 cumulative IPC: 0.357762 (Simulation time: 0 hr 11 min 34 sec) 
Heartbeat CPU 0 instructions: 310000001 cycles: 348863837 heartbeat IPC: 0.354584 cumulative IPC: 0.357471 (Simulation time: 0 hr 12 min 1 sec) 
*** Reached end of trace for Core: 0 Repeating trace: /home1/sweta/traces/qualcomm_traces/srv_70.champsimtrace.xz
Heartbeat CPU 0 instructions: 320000000 cycles: 376624476 heartbeat IPC: 0.360222 cumulative IPC: 0.357698 (Simulation time: 0 hr 12 min 28 sec) 
Heartbeat CPU 0 instructions: 330000002 cycles: 404528237 heartbeat IPC: 0.358375 cumulative IPC: 0.35775 (Simulation time: 0 hr 12 min 54 sec) 
Heartbeat CPU 0 instructions: 340000000 cycles: 432658981 heartbeat IPC: 0.355483 cumulative IPC: 0.357587 (Simulation time: 0 hr 13 min 20 sec) 
*** Reached end of trace for Core: 0 Repeating trace: /home1/sweta/traces/qualcomm_traces/srv_70.champsimtrace.xz
Heartbeat CPU 0 instructions: 350000002 cycles: 460491040 heartbeat IPC: 0.359298 cumulative IPC: 0.357701 (Simulation time: 0 hr 13 min 47 sec) 
Heartbeat CPU 0 instructions: 360000000 cycles: 488625737 heartbeat IPC: 0.355433 cumulative IPC: 0.357558 (Simulation time: 0 hr 14 min 13 sec) 
Heartbeat CPU 0 instructions: 370000000 cycles: 516478438 heartbeat IPC: 0.359032 cumulative IPC: 0.357645 (Simulation time: 0 hr 14 min 38 sec) 
*** Reached end of trace for Core: 0 Repeating trace: /home1/sweta/traces/qualcomm_traces/srv_70.champsimtrace.xz
Heartbeat CPU 0 instructions: 380000004 cycles: 544452888 heartbeat IPC: 0.357469 cumulative IPC: 0.357635 (Simulation time: 0 hr 15 min 3 sec) 
Heartbeat CPU 0 instructions: 390000002 cycles: 572403630 heartbeat IPC: 0.357772 cumulative IPC: 0.357642 (Simulation time: 0 hr 15 min 27 sec) 
Heartbeat CPU 0 instructions: 400000001 cycles: 600365861 heartbeat IPC: 0.357625 cumulative IPC: 0.357641 (Simulation time: 0 hr 15 min 50 sec) 
Finished CPU 0 instructions: 200000000 cycles: 559219685 cumulative IPC: 0.357641 (Simulation time: 0 hr 15 min 50 sec) 

ChampSim completed all CPUs

Region of Interest Statistics

CPU 0 cumulative IPC: 0.357641 instructions: 200000000 cycles: 559219685
ITLB TOTAL     ACCESS:   25606353  HIT:   23757816  MISS:    1848537  HIT %:    92.7809  MISS %:    7.21906   MPKI: 9.24268
ITLB LOAD TRANSLATION ACCESS:   25606353  HIT:   23757816  MISS:    1848537  HIT %:    92.7809  MISS %:    7.21906   MPKI: 9.24268
ITLB PREFETCH  REQUESTED:          0  ISSUED:          0  USEFUL:          0  USELESS:          0
ITLB USEFUL LOAD PREFETCHES:          0 PREFETCH ISSUED TO LOWER LEVEL:          0  ACCURACY: -nan
ITLB TIMELY PREFETCHES:          0 LATE PREFETCHES: 0 DROPPED PREFETCHES: 0
ITLB PREFETCHES SAME FILL-ORIGIN LEVEL: 0 DIFFERENT FILL-ORIGIN LEVEL: 0
ITLB AVERAGE MISS LATENCY:    9.02221 cycles AVERAGE LOAD MISS LATENCY:       -nan cycles Load Miss          0
ITLB Average MSHR Occupancy:  0.0265617
ITLB RQ	ACCESS:   30584160	FORWARD:          0	MERGED:    3879723	TO_CACHE:   26704437

DTLB TOTAL     ACCESS:   41453695  HIT:   39662396  MISS:    1791299  HIT %:    95.6788  MISS %:     4.3212   MPKI: 8.9565
DTLB LOAD TRANSLATION ACCESS:   41453695  HIT:   39662396  MISS:    1791299  HIT %:    95.6788  MISS %:     4.3212   MPKI: 8.9565
DTLB PREFETCH  REQUESTED:          0  ISSUED:          0  USEFUL:          0  USELESS:          0
DTLB USEFUL LOAD PREFETCHES:          0 PREFETCH ISSUED TO LOWER LEVEL:          0  ACCURACY: -nan
DTLB TIMELY PREFETCHES:          0 LATE PREFETCHES: 0 DROPPED PREFETCHES: 0
DTLB PREFETCHES SAME FILL-ORIGIN LEVEL: 0 DIFFERENT FILL-ORIGIN LEVEL: 0
DTLB AVERAGE MISS LATENCY:    9.12736 cycles AVERAGE LOAD MISS LATENCY:       -nan cycles Load Miss          0
DTLB Average MSHR Occupancy:  0.0264067
DTLB RQ	ACCESS:   57193681	FORWARD:          0	MERGED:   15671907	TO_CACHE:   41521774

STLB TOTAL     ACCESS:    3639836  HIT:    3629861  MISS:       9975  HIT %:    99.7259  MISS %:   0.274051   MPKI: 0.049875
STLB LOAD TRANSLATION ACCESS:    3639836  HIT:    3629861  MISS:       9975  HIT %:    99.7259  MISS %:   0.274051   MPKI: 0.049875
STLB PREFETCH  REQUESTED:          0  ISSUED:          0  USEFUL:          0  USELESS:          0
STLB USEFUL LOAD PREFETCHES:          0 PREFETCH ISSUED TO LOWER LEVEL:          0  ACCURACY: -nan
STLB TIMELY PREFETCHES:          0 LATE PREFETCHES: 0 DROPPED PREFETCHES: 0
STLB PREFETCHES SAME FILL-ORIGIN LEVEL: 0 DIFFERENT FILL-ORIGIN LEVEL: 0
STLB AVERAGE MISS LATENCY:    22.3964 cycles AVERAGE LOAD MISS LATENCY:       -nan cycles Load Miss          0
STLB Average MSHR Occupancy: 0.000422263
STLB RQ	ACCESS:    3639836	FORWARD:          0	MERGED:          0	TO_CACHE:    3639836

STLB Hit, L1D data hit: 0
STLB Hit, L2C data hit: 0
STLB Hit, LLC data hit: 0
STLB Hit, LLC data miss: 0
STLB STLB hints to L2: 0
L1D TOTAL     ACCESS:   55562657  HIT:   51716424  MISS:    3846233  HIT %:    93.0777  MISS %:    6.92233   MPKI: 19.2312
L1D LOAD      ACCESS:   31105988  HIT:   28329794  MISS:    2776194  HIT %:     91.075  MISS %:    8.92495   MPKI: 13.881
L1D RFO       ACCESS:   24456669  HIT:   23386630  MISS:    1070039  HIT %:    95.6248  MISS %:    4.37524   MPKI: 5.3502
L1D PREFETCH  REQUESTED:          0  ISSUED:          0  USEFUL:          0  USELESS:          0
L1D USEFUL LOAD PREFETCHES:          0 PREFETCH ISSUED TO LOWER LEVEL:          0  ACCURACY: -nan
L1D TIMELY PREFETCHES:          0 LATE PREFETCHES: 0 DROPPED PREFETCHES: 0
L1D PREFETCHES SAME FILL-ORIGIN LEVEL: 0 DIFFERENT FILL-ORIGIN LEVEL: 0
L1D AVERAGE MISS LATENCY:    15.3242 cycles AVERAGE LOAD MISS LATENCY:    15.1451 cycles Load Miss    2776194
L1D Average MSHR Occupancy:   0.113441
L1D RQ	ACCESS:   44535588	FORWARD:          0	MERGED:   13194893	TO_CACHE:   31159390
L1D WQ	ACCESS:   26307227	FORWARD:     181305	MERGED:     272936	TO_CACHE:   26034291

L1D UNIQUE REGIONS ACCESSED: 0
L1D REGIONS CONFLICTS: 0
L1D Cross Page Prefetch Requests: 0
L1D Same Page Prefetch Requests: 0
L1D ROI Sum of L1D PQ occupancy: 0
L1D PREFETCHES PUSHED FROM L2C: 0
L1I TOTAL     ACCESS:   30292301  HIT:   10377096  MISS:   19915205  HIT %:    34.2565  MISS %:    65.7435   MPKI: 99.576
L1I LOAD      ACCESS:   30292301  HIT:   10377096  MISS:   19915205  HIT %:    34.2565  MISS %:    65.7435   MPKI: 99.576
L1I PREFETCH  REQUESTED:          0  ISSUED:          0  USEFUL:          0  USELESS:          0
L1I USEFUL LOAD PREFETCHES:          0 PREFETCH ISSUED TO LOWER LEVEL:          0  ACCURACY: -nan
L1I TIMELY PREFETCHES:          0 LATE PREFETCHES: 0 DROPPED PREFETCHES: 0
L1I PREFETCHES SAME FILL-ORIGIN LEVEL: 0 DIFFERENT FILL-ORIGIN LEVEL: 0
L1I AVERAGE MISS LATENCY:      14.12 cycles AVERAGE LOAD MISS LATENCY:      14.12 cycles Load Miss   19915205
L1I Average MSHR Occupancy:   0.487382
L1I RQ	ACCESS:   48415051	FORWARD:          0	MERGED:   17830891	TO_CACHE:   30584160

BTB TOTAL     ACCESS:   30324236  HIT:   18866421  MISS:   11457815  HIT %:    62.2157  MISS %:    37.7843   MPKI: 57.2891
BTB BRANCH_DIRECT_JUMP	ACCESS:    2183819  HIT:    1382497  MISS:     801322
BTB BRANCH_INDIRECT	ACCESS:   11402222  HIT:    7106360  MISS:    4295862
BTB BRANCH_CONDITIONAL	ACCESS:    8670311  HIT:    7511621  MISS:    1158690
BTB BRANCH_DIRECT_CALL	ACCESS:    3408575  HIT:    1528380  MISS:    1880195
BTB BRANCH_INDIRECT_CALL	ACCESS:     625372  HIT:     245928  MISS:     379444
BTB BRANCH_RETURN	ACCESS:    4033937  HIT:    1091635  MISS:    2942302
BTB BRANCH_OTHER ACCESS:          0  HIT:          0  MISS:          0

L2C TOTAL     ACCESS:   27323201  HIT:   27281561  MISS:      41640  HIT %:    99.8476  MISS %:   0.152398   MPKI: 0.2082
L2C LOAD      ACCESS:   22691372  HIT:   22684838  MISS:       6534  HIT %:    99.9712  MISS %:  0.0287951   MPKI: 0.03267
L2C DATA LOAD MPKI: 0.02646
L2C INSTRUCTION LOAD MPKI: 0.00621
L2C RFO       ACCESS:    1070039  HIT:    1052471  MISS:      17568  HIT %:    98.3582  MISS %:    1.64181   MPKI: 0.08784
L2C PREFETCH  ACCESS:    1746906  HIT:    1729884  MISS:      17022  HIT %:    99.0256  MISS %:   0.974408   MPKI: 0.08511
AGUS PREFETCH L1 MISS: 0
L2C DATA PREFETCH MPKI: 0.08511
L2C INSTRUCTION PREFETCH MPKI: 0
L2C WRITEBACK ACCESS:    1803892  HIT:    1803866  MISS:         26  HIT %:    99.9986  MISS %: 0.00144133   MPKI: 0.00013
L2C LOAD TRANSLATION ACCESS:      10992  HIT:      10502  MISS:        490  HIT %:    95.5422  MISS %:    4.45779   MPKI: 0.00245
L2C PREFETCH  REQUESTED:    1747559  ISSUED:    1747559  USEFUL:      11969  USELESS:       5161
L2C USEFUL LOAD PREFETCHES:      11969 PREFETCH ISSUED TO LOWER LEVEL:      17425  ACCURACY: 68.6887
L2C TIMELY PREFETCHES:      11969 LATE PREFETCHES: 403 DROPPED PREFETCHES: 0
L2C PREFETCHES SAME FILL-ORIGIN LEVEL: 17425 DIFFERENT FILL-ORIGIN LEVEL: 0
L2C AVERAGE MISS LATENCY:    45.2669 cycles AVERAGE LOAD MISS LATENCY:    44.2427 cycles Load Miss       6534
L2C Average MSHR Occupancy: 0.00336425
L2C RQ	ACCESS:   23772432	FORWARD:          0	MERGED:          0	TO_CACHE:   23772405
L2C WQ	ACCESS:    1803892	FORWARD:         27	MERGED:          0	TO_CACHE:    1803892
L2C PQ	ACCESS:    1747559	FORWARD:          0	MERGED:          0	TO_CACHE:    1747559

L2C Instructions Evicting Data 1167
L2C Translations Evicting Data 472
L2C Data Evicting Data 38267
L2C Instructions Evicting Instructions 66
L2C Translations Evicting Instructions 12
L2C Data Evicting Instructions 1089
L2C Instructions Evicting Translations 9
L2C Translations Evicting Translations 6
L2C Data Evicting Translations 478
L2C Dense regions hint from L2: 0
PSCL5 TOTAL     ACCESS:       9975  HIT:       9975  MISS:          0  HIT %:        100  MISS %:          0   MPKI: 0
PSCL5 LOAD TRANSLATION ACCESS:       9975  HIT:       9975  MISS:          0  HIT %:        100  MISS %:          0   MPKI: 0
PSCL5 PREFETCH  REQUESTED:          0  ISSUED:          0  USEFUL:          0  USELESS:          0
PSCL5 USEFUL LOAD PREFETCHES:          0 PREFETCH ISSUED TO LOWER LEVEL:          0  ACCURACY: -nan
PSCL5 TIMELY PREFETCHES:          0 LATE PREFETCHES: 0 DROPPED PREFETCHES: 0
PSCL5 PREFETCHES SAME FILL-ORIGIN LEVEL: 0 DIFFERENT FILL-ORIGIN LEVEL: 0

PSCL4 TOTAL     ACCESS:       9912  HIT:       9877  MISS:         35  HIT %:    99.6469  MISS %:   0.353107   MPKI: 0.000175
PSCL4 LOAD TRANSLATION ACCESS:       9912  HIT:       9877  MISS:         35  HIT %:    99.6469  MISS %:   0.353107   MPKI: 0.000175
PSCL4 PREFETCH  REQUESTED:          0  ISSUED:          0  USEFUL:          0  USELESS:          0
PSCL4 USEFUL LOAD PREFETCHES:          0 PREFETCH ISSUED TO LOWER LEVEL:          0  ACCURACY: -nan
PSCL4 TIMELY PREFETCHES:          0 LATE PREFETCHES: 0 DROPPED PREFETCHES: 0
PSCL4 PREFETCHES SAME FILL-ORIGIN LEVEL: 0 DIFFERENT FILL-ORIGIN LEVEL: 0

PSCL3 TOTAL     ACCESS:       9954  HIT:       9919  MISS:         35  HIT %:    99.6484  MISS %:   0.351617   MPKI: 0.000175
PSCL3 LOAD TRANSLATION ACCESS:       9954  HIT:       9919  MISS:         35  HIT %:    99.6484  MISS %:   0.351617   MPKI: 0.000175
PSCL3 PREFETCH  REQUESTED:          0  ISSUED:          0  USEFUL:          0  USELESS:          0
PSCL3 USEFUL LOAD PREFETCHES:          0 PREFETCH ISSUED TO LOWER LEVEL:          0  ACCURACY: -nan
PSCL3 TIMELY PREFETCHES:          0 LATE PREFETCHES: 0 DROPPED PREFETCHES: 0
PSCL3 PREFETCHES SAME FILL-ORIGIN LEVEL: 0 DIFFERENT FILL-ORIGIN LEVEL: 0

PSCL2 TOTAL     ACCESS:       9975  HIT:       9028  MISS:        947  HIT %:    90.5063  MISS %:    9.49373   MPKI: 0.004735
PSCL2 LOAD TRANSLATION ACCESS:       9975  HIT:       9028  MISS:        947  HIT %:    90.5063  MISS %:    9.49373   MPKI: 0.004735
PSCL2 PREFETCH  REQUESTED:          0  ISSUED:          0  USEFUL:          0  USELESS:          0
PSCL2 USEFUL LOAD PREFETCHES:          0 PREFETCH ISSUED TO LOWER LEVEL:          0  ACCURACY: -nan
PSCL2 TIMELY PREFETCHES:          0 LATE PREFETCHES: 0 DROPPED PREFETCHES: 0
PSCL2 PREFETCHES SAME FILL-ORIGIN LEVEL: 0 DIFFERENT FILL-ORIGIN LEVEL: 0

LLC TOTAL     ACCESS:      60209  HIT:      60115  MISS:         94  HIT %:    99.8439  MISS %:   0.156123   MPKI: 0.00047
LLC LOAD      ACCESS:       6131  HIT:       6129  MISS:          2  HIT %:    99.9674  MISS %:  0.0326211   MPKI: 1e-05
LLC RFO       ACCESS:      17568  HIT:      17568  MISS:          0  HIT %:        100  MISS %:          0   MPKI: 0
LLC PREFETCH  ACCESS:      17425  HIT:      17334  MISS:         91  HIT %:    99.4778  MISS %:   0.522238   MPKI: 0.000455
AGUS PREFETCH L1 MISS: 0
LLC WRITEBACK ACCESS:      18595  HIT:      18594  MISS:          1  HIT %:    99.9946  MISS %: 0.00537779   MPKI: 5e-06
LLC LOAD TRANSLATION ACCESS:        490  HIT:        490  MISS:          0  HIT %:        100  MISS %:          0   MPKI: 0
LLC PREFETCH  REQUESTED:          0  ISSUED:          0  USEFUL:         13  USELESS:          3
LLC USEFUL LOAD PREFETCHES:         13 PREFETCH ISSUED TO LOWER LEVEL:         91  ACCURACY: 14.2857
LLC TIMELY PREFETCHES:         13 LATE PREFETCHES: 0 DROPPED PREFETCHES: 0
LLC PREFETCHES SAME FILL-ORIGIN LEVEL: 0 DIFFERENT FILL-ORIGIN LEVEL: 0
LLC AVERAGE MISS LATENCY:    189.213 cycles AVERAGE LOAD MISS LATENCY:        185 cycles Load Miss          2
LLC Average MSHR Occupancy: 3.16387e-05
LLC RQ	ACCESS:      24189	FORWARD:          0	MERGED:          0	TO_CACHE:      24189
LLC WQ	ACCESS:      18595	FORWARD:          0	MERGED:          0	TO_CACHE:      18595
LLC PQ	ACCESS:      17425	FORWARD:          0	MERGED:          0	TO_CACHE:      17425

LLC Dense regions hint to LLC: 0

RAW hits: 3760341
Loads Generated: 48295925
Loads sent to L1D: 44535588
Stores Generated: 26307223
Stores sent to L1D: 26307227
Major fault: 0 Minor fault: 1865
Allocated PAGES: 1865
[Bingo] PHT Access: 800530
[Bingo] PHT Hit PC+Addr: 446280
[Bingo] PHT Hit PC+Offs: 65091
[Bingo] PHT Miss: 289159
[Bingo] Prefetch PC+Addr: 0
[Bingo] Prefetch PC+Offs: 0
[Bingo] Useful PC+Addr: 0
[Bingo] Useful PC+Offs: 0
[Bingo] Useless PC+Addr: 0
[Bingo] Useless PC+Offs: 0
[Bingo] L1 Prefetch per Region: 0
[Bingo] L2 Prefetch per Region: 4.4213
[Bingo] L3 Prefetch per Region: 0
[Bingo] No Prefetch per Region: 27.5787
[Bingo] Number of Voters Mean: 8.14962
[Bingo] Number of Voters SD: 11.5586
PHT read accesses: 2276996
PHT write accesses: 375722
AT read accesses: 1964128
AT write accesses: 2339524
FT read accesses: 1151089
FT write accesses: 800530
PS read accesses: 1060783
PS write accesses: 511371
PHT tag read accesses: 12598228
PHT tag write accesses: 822002
AT tag read accesses: 63116396
AT tag write accesses: 2339850
FT tag read accesses: 48443386
FT tag write accesses: 1564062
PS tag read accesses: 61466617
PS tag write accesses: 1571819
================ Mockingjay (LLC) Pollution Stats ================
Total pollution count in LLC: 8
==================================================================

DRAM Statistics
 CHANNEL 0
 RQ ROW_BUFFER_HIT:         11  ROW_BUFFER_MISS:         82
 DBUS_CONGESTED:          0
 WQ ROW_BUFFER_HIT:          0  ROW_BUFFER_MISS:          0  FULL:          0

 AVG_CONGESTED_CYCLE: -
 All warmup complete: 2
Channel 0 Bank busy for read cycles: 0
Channel 0 Bank busy for write cycles: 0
Channel 0
Rank 0
0banks busy for read cycles: 559213393
0banks busy for write cycles: 0
1banks busy for read cycles: 4822
1banks busy for write cycles: 0
2banks busy for read cycles: 316
2banks busy for write cycles: 0
3banks busy for read cycles: 345
3banks busy for write cycles: 0
4banks busy for read cycles: 12
4banks busy for write cycles: 0
5banks busy for read cycles: 10
5banks busy for write cycles: 0
6banks busy for read cycles: 10
6banks busy for write cycles: 0
7banks busy for read cycles: 21
7banks busy for write cycles: 0
8banks busy for read cycles: 757
8banks busy for write cycles: 0

CPU 0 Branch Prediction Accuracy: 99.8683% MPKI: 0.23256 Average ROB Occupancy at Mispredict: 74.4122
Branch types
NOT_BRANCH: 164672262 82.3361%
BRANCH_DIRECT_JUMP: 2183819 1.09191%
BRANCH_INDIRECT: 11402222 5.70111%
BRANCH_CONDITIONAL: 13673472 6.83674%
BRANCH_DIRECT_CALL: 3408575 1.70429%
BRANCH_INDIRECT_CALL: 625372 0.312686%
BRANCH_RETURN: 4033937 2.01697%
BRANCH_OTHER: 0 0%

===================== LRU L1D STATS =====================
Total pollution count in L1D: 0
=========================================================
================ SRRIP (L2C) Pollution Stats ================
Total pollution count in L2c: 15338
==================================================================
DRAM PAGES: 1048576
Allocated PAGES: 1865
