
*** ChampSim Multicore Out-of-Order Simulator ***

Warmup Instructions: 200000000
Simulation Instructions: 200000000
Number of CPUs: 1
LLC sets: 4096
LLC ways: 12
Off-chip DRAM Size: 4096 MB Channels: 1 Width: 64-bit Data Rate: 6400 MT/s
CPU 0 runs /home1/sweta/traces/DPC4-Traces/Google_Traces_v2/Google_Traces_v2/arizona/arizona_0000.champsim.gz
.gz
BTB has LRU replacement policy
ITLB has LRU replacement policy
DTLB has LRU replacement policy
STLB has LRU replacement policy
L1I has LRU replacement policy
History Sets: 8
History Ways: 16
BERTI Size: 16
BERTI Stride Size: 16
L1D has LRU replacement policy
Initialize SRRIP state for L2C
Initialize Mockingjay state for LLC
Heartbeat CPU 0 instructions: 10000007 cycles: 2420291 heartbeat IPC: 4.13174 cumulative IPC: 4.13174 (Simulation time: 0 hr 0 min 23 sec) 
Heartbeat CPU 0 instructions: 20000004 cycles: 4666975 heartbeat IPC: 4.451 cumulative IPC: 4.28543 (Simulation time: 0 hr 0 min 45 sec) 
Heartbeat CPU 0 instructions: 30000006 cycles: 7086331 heartbeat IPC: 4.13333 cumulative IPC: 4.2335 (Simulation time: 0 hr 1 min 9 sec) 
Heartbeat CPU 0 instructions: 40000004 cycles: 9506961 heartbeat IPC: 4.13116 cumulative IPC: 4.20744 (Simulation time: 0 hr 1 min 31 sec) 
Heartbeat CPU 0 instructions: 50000002 cycles: 11930403 heartbeat IPC: 4.12636 cumulative IPC: 4.19097 (Simulation time: 0 hr 1 min 54 sec) 
Heartbeat CPU 0 instructions: 60000004 cycles: 14223130 heartbeat IPC: 4.36162 cumulative IPC: 4.21848 (Simulation time: 0 hr 2 min 16 sec) 
Heartbeat CPU 0 instructions: 70000002 cycles: 16649704 heartbeat IPC: 4.12104 cumulative IPC: 4.20428 (Simulation time: 0 hr 2 min 39 sec) 
Heartbeat CPU 0 instructions: 80000000 cycles: 19080707 heartbeat IPC: 4.11353 cumulative IPC: 4.19272 (Simulation time: 0 hr 3 min 1 sec) 
Heartbeat CPU 0 instructions: 90000000 cycles: 21597722 heartbeat IPC: 3.97296 cumulative IPC: 4.16711 (Simulation time: 0 hr 3 min 24 sec) 
Heartbeat CPU 0 instructions: 100000001 cycles: 23890511 heartbeat IPC: 4.3615 cumulative IPC: 4.18576 (Simulation time: 0 hr 3 min 44 sec) 
Heartbeat CPU 0 instructions: 110000006 cycles: 26248510 heartbeat IPC: 4.24089 cumulative IPC: 4.19071 (Simulation time: 0 hr 4 min 7 sec) 
Heartbeat CPU 0 instructions: 120000004 cycles: 28207254 heartbeat IPC: 5.10531 cumulative IPC: 4.25422 (Simulation time: 0 hr 4 min 30 sec) 
Heartbeat CPU 0 instructions: 130000006 cycles: 30561748 heartbeat IPC: 4.2472 cumulative IPC: 4.25368 (Simulation time: 0 hr 4 min 52 sec) 
Heartbeat CPU 0 instructions: 140000005 cycles: 32544333 heartbeat IPC: 5.04392 cumulative IPC: 4.30182 (Simulation time: 0 hr 5 min 15 sec) 
Heartbeat CPU 0 instructions: 150000004 cycles: 34506949 heartbeat IPC: 5.09524 cumulative IPC: 4.34695 (Simulation time: 0 hr 5 min 37 sec) 
Heartbeat CPU 0 instructions: 160000006 cycles: 37014136 heartbeat IPC: 3.98853 cumulative IPC: 4.32267 (Simulation time: 0 hr 6 min 0 sec) 
Heartbeat CPU 0 instructions: 170000004 cycles: 39272701 heartbeat IPC: 4.42759 cumulative IPC: 4.32871 (Simulation time: 0 hr 6 min 22 sec) 
Heartbeat CPU 0 instructions: 180000000 cycles: 41436366 heartbeat IPC: 4.62179 cumulative IPC: 4.34401 (Simulation time: 0 hr 6 min 43 sec) 
Heartbeat CPU 0 instructions: 190000000 cycles: 43504811 heartbeat IPC: 4.83455 cumulative IPC: 4.36733 (Simulation time: 0 hr 7 min 4 sec) 
Heartbeat CPU 0 instructions: 200000004 cycles: 45763149 heartbeat IPC: 4.42804 cumulative IPC: 4.37033 (Simulation time: 0 hr 7 min 26 sec) 

Warmup complete CPU 0 instructions: 200000004 cycles: 45763149 (Simulation time: 0 hr 7 min 26 sec) 

Heartbeat CPU 0 instructions: 210000002 cycles: 58146387 heartbeat IPC: 0.807543 cumulative IPC: 0.807543 (Simulation time: 0 hr 8 min 3 sec) 
Heartbeat CPU 0 instructions: 220000001 cycles: 70731702 heartbeat IPC: 0.794577 cumulative IPC: 0.801007 (Simulation time: 0 hr 8 min 37 sec) 
Heartbeat CPU 0 instructions: 230000001 cycles: 82994368 heartbeat IPC: 0.815483 cumulative IPC: 0.805775 (Simulation time: 0 hr 9 min 12 sec) 
Heartbeat CPU 0 instructions: 240000004 cycles: 91579924 heartbeat IPC: 1.16475 cumulative IPC: 0.873043 (Simulation time: 0 hr 9 min 44 sec) 
Heartbeat CPU 0 instructions: 250000001 cycles: 103453377 heartbeat IPC: 0.842215 cumulative IPC: 0.866698 (Simulation time: 0 hr 10 min 19 sec) 
Heartbeat CPU 0 instructions: 260000004 cycles: 111592873 heartbeat IPC: 1.22858 cumulative IPC: 0.911442 (Simulation time: 0 hr 10 min 47 sec) 
Heartbeat CPU 0 instructions: 270000000 cycles: 120204546 heartbeat IPC: 1.16121 cumulative IPC: 0.940337 (Simulation time: 0 hr 11 min 12 sec) 
Heartbeat CPU 0 instructions: 280000003 cycles: 127265702 heartbeat IPC: 1.4162 cumulative IPC: 0.981564 (Simulation time: 0 hr 11 min 38 sec) 
Heartbeat CPU 0 instructions: 290000002 cycles: 138160069 heartbeat IPC: 0.917905 cumulative IPC: 0.974058 (Simulation time: 0 hr 12 min 8 sec) 
Heartbeat CPU 0 instructions: 300000002 cycles: 149221638 heartbeat IPC: 0.904031 cumulative IPC: 0.966571 (Simulation time: 0 hr 12 min 39 sec) 
Heartbeat CPU 0 instructions: 310000007 cycles: 158247564 heartbeat IPC: 1.10792 cumulative IPC: 0.977913 (Simulation time: 0 hr 13 min 5 sec) 
Heartbeat CPU 0 instructions: 320000005 cycles: 167538539 heartbeat IPC: 1.07631 cumulative IPC: 0.985421 (Simulation time: 0 hr 13 min 32 sec) 
Heartbeat CPU 0 instructions: 330000006 cycles: 179359455 heartbeat IPC: 0.845958 cumulative IPC: 0.973081 (Simulation time: 0 hr 14 min 7 sec) 
Heartbeat CPU 0 instructions: 340000002 cycles: 190757561 heartbeat IPC: 0.877338 cumulative IPC: 0.965554 (Simulation time: 0 hr 14 min 40 sec) 
Heartbeat CPU 0 instructions: 350000000 cycles: 200629713 heartbeat IPC: 1.01295 cumulative IPC: 0.968576 (Simulation time: 0 hr 15 min 9 sec) 
Heartbeat CPU 0 instructions: 360000000 cycles: 213420705 heartbeat IPC: 0.7818 cumulative IPC: 0.954326 (Simulation time: 0 hr 15 min 48 sec) 
Heartbeat CPU 0 instructions: 370000001 cycles: 224684475 heartbeat IPC: 0.887802 cumulative IPC: 0.950138 (Simulation time: 0 hr 16 min 21 sec) 
Heartbeat CPU 0 instructions: 380000002 cycles: 236577249 heartbeat IPC: 0.840847 cumulative IPC: 0.943327 (Simulation time: 0 hr 16 min 57 sec) 
Heartbeat CPU 0 instructions: 390000002 cycles: 250769565 heartbeat IPC: 0.704607 cumulative IPC: 0.9268 (Simulation time: 0 hr 17 min 32 sec) 
Heartbeat CPU 0 instructions: 400000002 cycles: 260377029 heartbeat IPC: 1.04086 cumulative IPC: 0.931906 (Simulation time: 0 hr 18 min 3 sec) 
Finished CPU 0 instructions: 200000006 cycles: 214613881 cumulative IPC: 0.931906 (Simulation time: 0 hr 18 min 3 sec) 

ChampSim completed all CPUs

Region of Interest Statistics

CPU 0 cumulative IPC: 0.931906 instructions: 200000006 cycles: 214613881
ITLB TOTAL     ACCESS:   20721028  HIT:   20714446  MISS:       6582  HIT %:    99.9682  MISS %:  0.0317648   MPKI: 0.03291
ITLB LOAD TRANSLATION ACCESS:   20721028  HIT:   20714446  MISS:       6582  HIT %:    99.9682  MISS %:  0.0317648   MPKI: 0.03291
ITLB PREFETCH  REQUESTED:          0  ISSUED:          0  USEFUL:          0  USELESS:          0
ITLB USEFUL LOAD PREFETCHES:          0 PREFETCH ISSUED TO LOWER LEVEL:          0  ACCURACY: -nan
ITLB TIMELY PREFETCHES:          0 LATE PREFETCHES: 0 DROPPED PREFETCHES: 0
ITLB PREFETCHES SAME FILL-ORIGIN LEVEL: 0 DIFFERENT FILL-ORIGIN LEVEL: 0
ITLB AVERAGE MISS LATENCY:    66.8453 cycles AVERAGE LOAD MISS LATENCY:       -nan cycles Load Miss          0
ITLB Average MSHR Occupancy: 0.00204418
ITLB RQ	ACCESS:   23389343	FORWARD:          0	MERGED:    2661796	TO_CACHE:   20727547

DTLB TOTAL     ACCESS:   34209405  HIT:   34058680  MISS:     150725  HIT %:    99.5594  MISS %:   0.440595   MPKI: 0.753625
DTLB LOAD TRANSLATION ACCESS:   34209405  HIT:   34058680  MISS:     150725  HIT %:    99.5594  MISS %:   0.440595   MPKI: 0.753625
DTLB PREFETCH  REQUESTED:          0  ISSUED:          0  USEFUL:          0  USELESS:          0
DTLB USEFUL LOAD PREFETCHES:          0 PREFETCH ISSUED TO LOWER LEVEL:          0  ACCURACY: -nan
DTLB TIMELY PREFETCHES:          0 LATE PREFETCHES: 0 DROPPED PREFETCHES: 0
DTLB PREFETCHES SAME FILL-ORIGIN LEVEL: 0 DIFFERENT FILL-ORIGIN LEVEL: 0
DTLB AVERAGE MISS LATENCY:    66.5771 cycles AVERAGE LOAD MISS LATENCY:       -nan cycles Load Miss          0
DTLB Average MSHR Occupancy:  0.0382806
DTLB RQ	ACCESS:   46968685	FORWARD:          0	MERGED:   12722879	TO_CACHE:   34245806

STLB TOTAL     ACCESS:    2959667  HIT:    2922584  MISS:      37083  HIT %:    98.7471  MISS %:    1.25295   MPKI: 0.185415
STLB LOAD TRANSLATION ACCESS:     157307  HIT:     123935  MISS:      33372  HIT %:    78.7854  MISS %:    21.2146   MPKI: 0.16686
STLB TRANSLATION FROM L1D PREFETCHER ACCESS:    2802360  HIT:    2798649  MISS:       3711  HIT %:    99.8676  MISS %:   0.132424   MPKI: 0.018555
STLB PREFETCH  REQUESTED:          0  ISSUED:          0  USEFUL:       3694  USELESS:         18
STLB USEFUL LOAD PREFETCHES:       3694 PREFETCH ISSUED TO LOWER LEVEL:          0  ACCURACY: inf
STLB TIMELY PREFETCHES:       3694 LATE PREFETCHES: 456 DROPPED PREFETCHES: 40549
STLB PREFETCHES SAME FILL-ORIGIN LEVEL: 0 DIFFERENT FILL-ORIGIN LEVEL: 0
STLB AVERAGE MISS LATENCY:    248.281 cycles AVERAGE LOAD MISS LATENCY:       -nan cycles Load Miss          0
STLB Average MSHR Occupancy:  0.0407016
STLB RQ	ACCESS:   14629267	FORWARD:          0	MERGED:   11627410	TO_CACHE:    3001857

STLB Hit, L1D data hit: 0
STLB Hit, L2C data hit: 0
STLB Hit, LLC data hit: 0
STLB Hit, LLC data miss: 0
STLB STLB hints to L2: 0
L1D TOTAL     ACCESS:   55237961  HIT:   53925780  MISS:    1312181  HIT %:    97.6245  MISS %:    2.37551   MPKI: 6.5609
L1D LOAD      ACCESS:   23859633  HIT:   23297948  MISS:     561685  HIT %:    97.6459  MISS %:    2.35412   MPKI: 2.80842
L1D RFO       ACCESS:   22010616  HIT:   21471350  MISS:     539266  HIT %:      97.55  MISS %:    2.45003   MPKI: 2.69633
L1D PREFETCH  ACCESS:    9367712  HIT:    9156482  MISS:     211230  HIT %:    97.7451  MISS %:    2.25487   MPKI: 1.05615
AGUS PREFETCH L1 MISS: 0
L1D PREFETCH  REQUESTED:   33831650  ISSUED:   28982498  USEFUL:     202951  USELESS:       8273
L1D USEFUL LOAD PREFETCHES:     202951 PREFETCH ISSUED TO LOWER LEVEL:    5100839  ACCURACY: 3.97878
L1D TIMELY PREFETCHES:     202951 LATE PREFETCHES: 3125 DROPPED PREFETCHES: 121289
L1D PREFETCHES SAME FILL-ORIGIN LEVEL: 214422 DIFFERENT FILL-ORIGIN LEVEL: 4886417
L1D AVERAGE MISS LATENCY:    181.029 cycles AVERAGE LOAD MISS LATENCY:    144.684 cycles Load Miss     561685
L1D Average MSHR Occupancy:    1.12404
L1D RQ	ACCESS:   43094315	FORWARD:          0	MERGED:   18763590	TO_CACHE:   23882691
L1D WQ	ACCESS:   24990947	FORWARD:     448066	MERGED:    1904953	TO_CACHE:   23085994
L1D PQ	ACCESS:   14510538	FORWARD:          0	MERGED:      38546	TO_CACHE:   14471960

L1D UNIQUE REGIONS ACCESSED: 0
L1D REGIONS CONFLICTS: 0
L1D Cross Page Prefetch Requests: 3506828
L1D Same Page Prefetch Requests: 27967911
L1D ROI Sum of L1D PQ occupancy: 263112617
L1D PREFETCHES PUSHED FROM L2C: 0
L1I TOTAL     ACCESS:   21972595  HIT:    1608963  MISS:   20363632  HIT %:    7.32259  MISS %:    92.6774   MPKI: 101.818
L1I LOAD      ACCESS:   21972595  HIT:    1608963  MISS:   20363632  HIT %:    7.32259  MISS %:    92.6774   MPKI: 101.818
L1I PREFETCH  REQUESTED:          0  ISSUED:          0  USEFUL:          0  USELESS:          0
L1I USEFUL LOAD PREFETCHES:          0 PREFETCH ISSUED TO LOWER LEVEL:          0  ACCURACY: -nan
L1I TIMELY PREFETCHES:          0 LATE PREFETCHES: 0 DROPPED PREFETCHES: 0
L1I PREFETCHES SAME FILL-ORIGIN LEVEL: 0 DIFFERENT FILL-ORIGIN LEVEL: 0
L1I AVERAGE MISS LATENCY:    14.2832 cycles AVERAGE LOAD MISS LATENCY:    14.2832 cycles Load Miss   20363632
L1I Average MSHR Occupancy:    1.30328
L1I RQ	ACCESS:   44148783	FORWARD:          0	MERGED:   20759440	TO_CACHE:   23389343

BTB TOTAL     ACCESS:   21405236  HIT:   21307822  MISS:      97414  HIT %:    99.5449  MISS %:   0.455094   MPKI: 0.48707
BTB BRANCH_DIRECT_JUMP	ACCESS:    2359469  HIT:    2356769  MISS:       2700
BTB BRANCH_INDIRECT	ACCESS:     614136  HIT:     563042  MISS:      51094
BTB BRANCH_CONDITIONAL	ACCESS:   17882625  HIT:   17877063  MISS:       5562
BTB BRANCH_DIRECT_CALL	ACCESS:     264833  HIT:     261288  MISS:       3545
BTB BRANCH_INDIRECT_CALL	ACCESS:       9315  HIT:       8147  MISS:       1168
BTB BRANCH_RETURN	ACCESS:     274606  HIT:     241294  MISS:      33312
BTB BRANCH_OTHER ACCESS:        252  HIT:        219  MISS:         33

L2C TOTAL     ACCESS:   27082124  HIT:   26053449  MISS:    1028675  HIT %:    96.2016  MISS %:    3.79835   MPKI: 5.14337
L2C LOAD      ACCESS:   20922175  HIT:   20638310  MISS:     283865  HIT %:    98.6432  MISS %:    1.35677   MPKI: 1.41932
L2C DATA LOAD MPKI: 1.23671
L2C INSTRUCTION LOAD MPKI: 0.182615
L2C RFO       ACCESS:     539195  HIT:      48044  MISS:     491151  HIT %:    8.91032  MISS %:    91.0897   MPKI: 2.45575
L2C PREFETCH  ACCESS:    4957972  HIT:    4727522  MISS:     230450  HIT %:    95.3519  MISS %:    4.64807   MPKI: 1.15225
AGUS PREFETCH L1 MISS: 0
L2C DATA PREFETCH MPKI: 1.15225
L2C INSTRUCTION PREFETCH MPKI: 0
L2C WRITEBACK ACCESS:     564002  HIT:     563402  MISS:        600  HIT %:    99.8936  MISS %:   0.106383   MPKI: 0.003
L2C LOAD TRANSLATION ACCESS:      48677  HIT:      26791  MISS:      21886  HIT %:    55.0383  MISS %:    44.9617   MPKI: 0.10943
L2C TRANSLATION FROM L1D PREFETCHER ACCESS:      50103  HIT:      49380  MISS:        723  HIT %:     98.557  MISS %:    1.44303   MPKI: 0.003615
L2C PREFETCH  REQUESTED:          0  ISSUED:          0  USEFUL:      71634  USELESS:     164809
L2C USEFUL LOAD PREFETCHES:      71634 PREFETCH ISSUED TO LOWER LEVEL:     241073  ACCURACY: 29.7147
L2C TIMELY PREFETCHES:      71634 LATE PREFETCHES: 10623 DROPPED PREFETCHES: 0
L2C PREFETCHES SAME FILL-ORIGIN LEVEL: 196048 DIFFERENT FILL-ORIGIN LEVEL: 0
L2C AVERAGE MISS LATENCY:    261.071 cycles AVERAGE LOAD MISS LATENCY:    273.801 cycles Load Miss     283865
L2C Average MSHR Occupancy:    1.24122
L2C RQ	ACCESS:   21560171	FORWARD:          0	MERGED:          0	TO_CACHE:   21560151
L2C WQ	ACCESS:     564002	FORWARD:         22	MERGED:          0	TO_CACHE:     564002
L2C PQ	ACCESS:    5100831	FORWARD:          0	MERGED:        153	TO_CACHE:    5100676

L2C Instructions Evicting Data 34370
L2C Translations Evicting Data 21390
L2C Data Evicting Data 913140
L2C Instructions Evicting Instructions 1319
L2C Translations Evicting Instructions 811
L2C Data Evicting Instructions 34578
L2C Instructions Evicting Translations 834
L2C Translations Evicting Translations 408
L2C Data Evicting Translations 21225
L2C Dense regions hint from L2: 0
PSCL5 TOTAL     ACCESS:      77883  HIT:      77883  MISS:          0  HIT %:        100  MISS %:          0   MPKI: 0
PSCL5 LOAD TRANSLATION ACCESS:      33167  HIT:      33167  MISS:          0  HIT %:        100  MISS %:          0   MPKI: 0
PSCL5 TRANSLATION FROM L1D PREFETCHER ACCESS:      44716  HIT:      44716  MISS:          0  HIT %:        100  MISS %:          0   MPKI: 0
PSCL5 PREFETCH  REQUESTED:          0  ISSUED:          0  USEFUL:          0  USELESS:          0
PSCL5 USEFUL LOAD PREFETCHES:          0 PREFETCH ISSUED TO LOWER LEVEL:          0  ACCURACY: -nan
PSCL5 TIMELY PREFETCHES:          0 LATE PREFETCHES: 0 DROPPED PREFETCHES: 0
PSCL5 PREFETCHES SAME FILL-ORIGIN LEVEL: 0 DIFFERENT FILL-ORIGIN LEVEL: 0

PSCL4 TOTAL     ACCESS:      76270  HIT:      76184  MISS:         86  HIT %:    99.8872  MISS %:   0.112757   MPKI: 0.00043
PSCL4 LOAD TRANSLATION ACCESS:      31589  HIT:      31503  MISS:         86  HIT %:    99.7278  MISS %:   0.272247   MPKI: 0.00043
PSCL4 TRANSLATION FROM L1D PREFETCHER ACCESS:      44681  HIT:      44681  MISS:          0  HIT %:        100  MISS %:          0   MPKI: 0
PSCL4 PREFETCH  REQUESTED:          0  ISSUED:          0  USEFUL:          0  USELESS:          0
PSCL4 USEFUL LOAD PREFETCHES:          0 PREFETCH ISSUED TO LOWER LEVEL:          0  ACCURACY: -nan
PSCL4 TIMELY PREFETCHES:          0 LATE PREFETCHES: 0 DROPPED PREFETCHES: 0
PSCL4 PREFETCHES SAME FILL-ORIGIN LEVEL: 0 DIFFERENT FILL-ORIGIN LEVEL: 0

PSCL3 TOTAL     ACCESS:      74050  HIT:      72900  MISS:       1150  HIT %:     98.447  MISS %:      1.553   MPKI: 0.00575
PSCL3 LOAD TRANSLATION ACCESS:      32490  HIT:      31340  MISS:       1150  HIT %:    96.4604  MISS %:    3.53955   MPKI: 0.00575
PSCL3 TRANSLATION FROM L1D PREFETCHER ACCESS:      41560  HIT:      41560  MISS:          0  HIT %:        100  MISS %:          0   MPKI: 0
PSCL3 PREFETCH  REQUESTED:          0  ISSUED:          0  USEFUL:          0  USELESS:          0
PSCL3 USEFUL LOAD PREFETCHES:          0 PREFETCH ISSUED TO LOWER LEVEL:          0  ACCURACY: -nan
PSCL3 TIMELY PREFETCHES:          0 LATE PREFETCHES: 0 DROPPED PREFETCHES: 0
PSCL3 PREFETCHES SAME FILL-ORIGIN LEVEL: 0 DIFFERENT FILL-ORIGIN LEVEL: 0

PSCL2 TOTAL     ACCESS:      72787  HIT:      58108  MISS:      14679  HIT %:    79.8329  MISS %:    20.1671   MPKI: 0.073395
PSCL2 LOAD TRANSLATION ACCESS:      33227  HIT:      18548  MISS:      14679  HIT %:    55.8221  MISS %:    44.1779   MPKI: 0.073395
PSCL2 TRANSLATION FROM L1D PREFETCHER ACCESS:      39560  HIT:      39560  MISS:          0  HIT %:        100  MISS %:          0   MPKI: 0
PSCL2 PREFETCH  REQUESTED:          0  ISSUED:          0  USEFUL:          0  USELESS:          0
PSCL2 USEFUL LOAD PREFETCHES:          0 PREFETCH ISSUED TO LOWER LEVEL:          0  ACCURACY: -nan
PSCL2 TIMELY PREFETCHES:          0 LATE PREFETCHES: 0 DROPPED PREFETCHES: 0
PSCL2 PREFETCHES SAME FILL-ORIGIN LEVEL: 0 DIFFERENT FILL-ORIGIN LEVEL: 0

LLC TOTAL     ACCESS:    1538861  HIT:     143844  MISS:    1395017  HIT %:    9.34743  MISS %:    90.6526   MPKI: 6.97508
LLC LOAD      ACCESS:     273838  HIT:      49052  MISS:     224786  HIT %:    17.9128  MISS %:    82.0872   MPKI: 1.12393
LLC RFO       ACCESS:     490555  HIT:       9170  MISS:     481385  HIT %:    1.86931  MISS %:    98.1307   MPKI: 2.40692
LLC PREFETCH  ACCESS:     241073  HIT:      16583  MISS:     224490  HIT %:    6.87883  MISS %:    93.1212   MPKI: 1.12245
AGUS PREFETCH L1 MISS: 0
LLC WRITEBACK ACCESS:     510786  HIT:      59991  MISS:     450795  HIT %:    11.7448  MISS %:    88.2552   MPKI: 2.25397
LLC LOAD TRANSLATION ACCESS:      21886  HIT:       8946  MISS:      12940  HIT %:    40.8754  MISS %:    59.1246   MPKI: 0.0647
LLC TRANSLATION FROM L1D PREFETCHER ACCESS:        723  HIT:        102  MISS:        621  HIT %:    14.1079  MISS %:    85.8921   MPKI: 0.003105
LLC PREFETCH  REQUESTED:          0  ISSUED:          0  USEFUL:       2005  USELESS:      23294
LLC USEFUL LOAD PREFETCHES:       2005 PREFETCH ISSUED TO LOWER LEVEL:     224490  ACCURACY: 0.893136
LLC TIMELY PREFETCHES:       2005 LATE PREFETCHES: 0 DROPPED PREFETCHES: 0
LLC PREFETCHES SAME FILL-ORIGIN LEVEL: 0 DIFFERENT FILL-ORIGIN LEVEL: 0
LLC AVERAGE MISS LATENCY:    160.464 cycles AVERAGE LOAD MISS LATENCY:    280.216 cycles Load Miss     224786
LLC Average MSHR Occupancy:    1.03864
LLC RQ	ACCESS:     787003	FORWARD:          0	MERGED:          0	TO_CACHE:     787003
LLC WQ	ACCESS:     510786	FORWARD:          0	MERGED:          0	TO_CACHE:     510786
LLC PQ	ACCESS:     241073	FORWARD:          0	MERGED:          0	TO_CACHE:     241073

LLC Dense regions hint to LLC: 0

RAW hits: 8804149
Loads Generated: 51898466
Loads sent to L1D: 43094315
Stores Generated: 24990948
Stores sent to L1D: 24990947
Major fault: 0 Minor fault: 32115
Allocated PAGES: 32115
================ Mockingjay (LLC) Pollution Stats ================
Total pollution count in LLC: 9724
==================================================================

DRAM Statistics
 CHANNEL 0
 RQ ROW_BUFFER_HIT:     348264  ROW_BUFFER_MISS:     595955
 DBUS_CONGESTED:        522
 WQ ROW_BUFFER_HIT:     107890  ROW_BUFFER_MISS:     392377  FULL:      12408

 AVG_CONGESTED_CYCLE: 5
 All warmup complete: 2
Channel 0 Bank busy for read cycles: 0
Channel 0 Bank busy for write cycles: 0
Channel 0
Rank 0
0banks busy for read cycles: 126561592
0banks busy for write cycles: 130806
1banks busy for read cycles: 34858908
1banks busy for write cycles: 19504555
2banks busy for read cycles: 7034468
2banks busy for write cycles: 6192847
3banks busy for read cycles: 2165379
3banks busy for write cycles: 2709612
4banks busy for read cycles: 1176358
4banks busy for write cycles: 1404263
5banks busy for read cycles: 1074972
5banks busy for write cycles: 813161
6banks busy for read cycles: 1213904
6banks busy for write cycles: 557282
7banks busy for read cycles: 1578471
7banks busy for write cycles: 706160
8banks busy for read cycles: 3382359
8banks busy for write cycles: 3548785

CPU 0 Branch Prediction Accuracy: 98.3463% MPKI: 2.54332 Average ROB Occupancy at Mispredict: 84.3199
Branch types
NOT_BRANCH: 169239774 84.6199%
BRANCH_DIRECT_JUMP: 2359469 1.17973%
BRANCH_INDIRECT: 614136 0.307068%
BRANCH_CONDITIONAL: 27237020 13.6185%
BRANCH_DIRECT_CALL: 264833 0.132416%
BRANCH_INDIRECT_CALL: 9315 0.0046575%
BRANCH_RETURN: 274606 0.137303%
BRANCH_OTHER: 252 0.000126%

===================== LRU L1D STATS =====================
Total pollution count in L1D: 153266
=========================================================
================ SRRIP (L2C) Pollution Stats ================
Total pollution count in L2c: 297180
==================================================================
DRAM PAGES: 1048576
Allocated PAGES: 32115
