
*** ChampSim Multicore Out-of-Order Simulator ***

Warmup Instructions: 200000000
Simulation Instructions: 200000000
Number of CPUs: 1
LLC sets: 4096
LLC ways: 12
Off-chip DRAM Size: 4096 MB Channels: 1 Width: 64-bit Data Rate: 6400 MT/s
CPU 0 runs /home1/sweta/traces/DPC4-Traces/Google_Traces_v2/Google_Traces_v2/sierra.a.3/sierra.a.3_0002.champsim.gz
.gz
BTB has LRU replacement policy
ITLB has LRU replacement policy
DTLB has LRU replacement policy
STLB has LRU replacement policy
L1I has LRU replacement policy
History Sets: 8
History Ways: 16
BERTI Size: 16
BERTI Stride Size: 16
L1D has LRU replacement policy
Initialize SRRIP state for L2C
Initialize Mockingjay state for LLC
Heartbeat CPU 0 instructions: 10000001 cycles: 2906063 heartbeat IPC: 3.44108 cumulative IPC: 3.44108 (Simulation time: 0 hr 0 min 16 sec) 
Heartbeat CPU 0 instructions: 20000001 cycles: 5824227 heartbeat IPC: 3.42681 cumulative IPC: 3.43393 (Simulation time: 0 hr 0 min 31 sec) 
Heartbeat CPU 0 instructions: 30000000 cycles: 8217730 heartbeat IPC: 4.17798 cumulative IPC: 3.65064 (Simulation time: 0 hr 0 min 56 sec) 
Heartbeat CPU 0 instructions: 40000004 cycles: 10674257 heartbeat IPC: 4.07079 cumulative IPC: 3.74733 (Simulation time: 0 hr 1 min 22 sec) 
Heartbeat CPU 0 instructions: 50000001 cycles: 13216730 heartbeat IPC: 3.93318 cumulative IPC: 3.78308 (Simulation time: 0 hr 1 min 49 sec) 
Heartbeat CPU 0 instructions: 60000007 cycles: 15807333 heartbeat IPC: 3.86011 cumulative IPC: 3.79571 (Simulation time: 0 hr 2 min 13 sec) 
Heartbeat CPU 0 instructions: 70000000 cycles: 18391299 heartbeat IPC: 3.87002 cumulative IPC: 3.80615 (Simulation time: 0 hr 2 min 38 sec) 
Heartbeat CPU 0 instructions: 80000000 cycles: 21003849 heartbeat IPC: 3.82768 cumulative IPC: 3.80883 (Simulation time: 0 hr 3 min 1 sec) 
Heartbeat CPU 0 instructions: 90000000 cycles: 23405392 heartbeat IPC: 4.16399 cumulative IPC: 3.84527 (Simulation time: 0 hr 3 min 27 sec) 
Heartbeat CPU 0 instructions: 100000005 cycles: 25859737 heartbeat IPC: 4.07441 cumulative IPC: 3.86702 (Simulation time: 0 hr 3 min 51 sec) 
Heartbeat CPU 0 instructions: 110000004 cycles: 28229771 heartbeat IPC: 4.21935 cumulative IPC: 3.8966 (Simulation time: 0 hr 4 min 15 sec) 
Heartbeat CPU 0 instructions: 120000004 cycles: 30563267 heartbeat IPC: 4.28542 cumulative IPC: 3.92628 (Simulation time: 0 hr 4 min 40 sec) 
Heartbeat CPU 0 instructions: 130000003 cycles: 33083587 heartbeat IPC: 3.96775 cumulative IPC: 3.92944 (Simulation time: 0 hr 5 min 5 sec) 
Heartbeat CPU 0 instructions: 140000003 cycles: 35633543 heartbeat IPC: 3.92164 cumulative IPC: 3.92888 (Simulation time: 0 hr 5 min 31 sec) 
Heartbeat CPU 0 instructions: 150000002 cycles: 38221307 heartbeat IPC: 3.86434 cumulative IPC: 3.92451 (Simulation time: 0 hr 5 min 53 sec) 
Heartbeat CPU 0 instructions: 160000001 cycles: 40801813 heartbeat IPC: 3.87521 cumulative IPC: 3.92139 (Simulation time: 0 hr 6 min 15 sec) 
Heartbeat CPU 0 instructions: 170000005 cycles: 43454239 heartbeat IPC: 3.77013 cumulative IPC: 3.91216 (Simulation time: 0 hr 6 min 37 sec) 
Heartbeat CPU 0 instructions: 180000000 cycles: 46045691 heartbeat IPC: 3.85884 cumulative IPC: 3.90916 (Simulation time: 0 hr 7 min 0 sec) 
Heartbeat CPU 0 instructions: 190000000 cycles: 48646022 heartbeat IPC: 3.84566 cumulative IPC: 3.90577 (Simulation time: 0 hr 7 min 26 sec) 
Heartbeat CPU 0 instructions: 200000006 cycles: 51213015 heartbeat IPC: 3.89561 cumulative IPC: 3.90526 (Simulation time: 0 hr 7 min 52 sec) 

Warmup complete CPU 0 instructions: 200000006 cycles: 51213015 (Simulation time: 0 hr 7 min 52 sec) 

Heartbeat CPU 0 instructions: 210000000 cycles: 82723692 heartbeat IPC: 0.317353 cumulative IPC: 0.317353 (Simulation time: 0 hr 8 min 25 sec) 
Heartbeat CPU 0 instructions: 220000001 cycles: 120768155 heartbeat IPC: 0.26285 cumulative IPC: 0.287542 (Simulation time: 0 hr 8 min 57 sec) 
Heartbeat CPU 0 instructions: 230000003 cycles: 149289136 heartbeat IPC: 0.350619 cumulative IPC: 0.305885 (Simulation time: 0 hr 9 min 26 sec) 
Heartbeat CPU 0 instructions: 240000002 cycles: 183315947 heartbeat IPC: 0.293886 cumulative IPC: 0.302794 (Simulation time: 0 hr 9 min 58 sec) 
Heartbeat CPU 0 instructions: 250000000 cycles: 202765706 heartbeat IPC: 0.514145 cumulative IPC: 0.329918 (Simulation time: 0 hr 10 min 27 sec) 
Heartbeat CPU 0 instructions: 260000000 cycles: 223104089 heartbeat IPC: 0.491681 cumulative IPC: 0.349058 (Simulation time: 0 hr 10 min 56 sec) 
Heartbeat CPU 0 instructions: 270000000 cycles: 259512159 heartbeat IPC: 0.274664 cumulative IPC: 0.336055 (Simulation time: 0 hr 11 min 29 sec) 
Heartbeat CPU 0 instructions: 280000000 cycles: 286366574 heartbeat IPC: 0.372378 cumulative IPC: 0.340203 (Simulation time: 0 hr 11 min 58 sec) 
Heartbeat CPU 0 instructions: 290000006 cycles: 311371773 heartbeat IPC: 0.399917 cumulative IPC: 0.345943 (Simulation time: 0 hr 12 min 27 sec) 
Heartbeat CPU 0 instructions: 300000001 cycles: 344305826 heartbeat IPC: 0.303637 cumulative IPC: 0.341189 (Simulation time: 0 hr 12 min 58 sec) 
Heartbeat CPU 0 instructions: 310000003 cycles: 377539614 heartbeat IPC: 0.300899 cumulative IPC: 0.337086 (Simulation time: 0 hr 13 min 29 sec) 
Heartbeat CPU 0 instructions: 320000001 cycles: 399145322 heartbeat IPC: 0.462841 cumulative IPC: 0.344895 (Simulation time: 0 hr 13 min 58 sec) 
Heartbeat CPU 0 instructions: 330000006 cycles: 431234750 heartbeat IPC: 0.311629 cumulative IPC: 0.342086 (Simulation time: 0 hr 14 min 33 sec) 
Heartbeat CPU 0 instructions: 340000003 cycles: 459177866 heartbeat IPC: 0.35787 cumulative IPC: 0.343167 (Simulation time: 0 hr 15 min 9 sec) 
Heartbeat CPU 0 instructions: 350000000 cycles: 483978732 heartbeat IPC: 0.403212 cumulative IPC: 0.346608 (Simulation time: 0 hr 15 min 38 sec) 
Heartbeat CPU 0 instructions: 360000000 cycles: 522980127 heartbeat IPC: 0.256401 cumulative IPC: 0.33915 (Simulation time: 0 hr 16 min 9 sec) 
Heartbeat CPU 0 instructions: 370000005 cycles: 555139877 heartbeat IPC: 0.310948 cumulative IPC: 0.337351 (Simulation time: 0 hr 16 min 40 sec) 
Heartbeat CPU 0 instructions: 380000000 cycles: 575275568 heartbeat IPC: 0.49663 cumulative IPC: 0.34347 (Simulation time: 0 hr 17 min 7 sec) 
Heartbeat CPU 0 instructions: 390000001 cycles: 614604752 heartbeat IPC: 0.254264 cumulative IPC: 0.337243 (Simulation time: 0 hr 17 min 38 sec) 
Heartbeat CPU 0 instructions: 400000000 cycles: 632110278 heartbeat IPC: 0.571248 cumulative IPC: 0.344295 (Simulation time: 0 hr 18 min 3 sec) 
Finished CPU 0 instructions: 200000001 cycles: 580897271 cumulative IPC: 0.344295 (Simulation time: 0 hr 18 min 3 sec) 

ChampSim completed all CPUs

Region of Interest Statistics

CPU 0 cumulative IPC: 0.344295 instructions: 200000001 cycles: 580897271
ITLB TOTAL     ACCESS:   21285528  HIT:   20852176  MISS:     433352  HIT %:    97.9641  MISS %:     2.0359   MPKI: 2.16676
ITLB LOAD TRANSLATION ACCESS:   21285528  HIT:   20852176  MISS:     433352  HIT %:    97.9641  MISS %:     2.0359   MPKI: 2.16676
ITLB PREFETCH  REQUESTED:          0  ISSUED:          0  USEFUL:          0  USELESS:          0
ITLB USEFUL LOAD PREFETCHES:          0 PREFETCH ISSUED TO LOWER LEVEL:          0  ACCURACY: -nan
ITLB TIMELY PREFETCHES:          0 LATE PREFETCHES: 0 DROPPED PREFETCHES: 0
ITLB PREFETCHES SAME FILL-ORIGIN LEVEL: 0 DIFFERENT FILL-ORIGIN LEVEL: 0
ITLB AVERAGE MISS LATENCY:    26.1526 cycles AVERAGE LOAD MISS LATENCY:       -nan cycles Load Miss          0
ITLB Average MSHR Occupancy:  0.0194384
ITLB RQ	ACCESS:   24809385	FORWARD:          0	MERGED:    3143992	TO_CACHE:   21665393

DTLB TOTAL     ACCESS:   38948153  HIT:   36743914  MISS:    2204239  HIT %:    94.3406  MISS %:    5.65942   MPKI: 11.0212
DTLB LOAD TRANSLATION ACCESS:   38948153  HIT:   36743914  MISS:    2204239  HIT %:    94.3406  MISS %:    5.65942   MPKI: 11.0212
DTLB PREFETCH  REQUESTED:          0  ISSUED:          0  USEFUL:          0  USELESS:          0
DTLB USEFUL LOAD PREFETCHES:          0 PREFETCH ISSUED TO LOWER LEVEL:          0  ACCURACY: -nan
DTLB TIMELY PREFETCHES:          0 LATE PREFETCHES: 0 DROPPED PREFETCHES: 0
DTLB PREFETCHES SAME FILL-ORIGIN LEVEL: 0 DIFFERENT FILL-ORIGIN LEVEL: 0
DTLB AVERAGE MISS LATENCY:    43.0533 cycles AVERAGE LOAD MISS LATENCY:       -nan cycles Load Miss          0
DTLB Average MSHR Occupancy:   0.155675
DTLB RQ	ACCESS:   52161619	FORWARD:          0	MERGED:   12887089	TO_CACHE:   39274530

STLB TOTAL     ACCESS:    3391567  HIT:    2829598  MISS:     561969  HIT %:    83.4304  MISS %:    16.5696   MPKI: 2.80984
STLB LOAD TRANSLATION ACCESS:    2637591  HIT:    2077162  MISS:     560429  HIT %:    78.7522  MISS %:    21.2478   MPKI: 2.80214
STLB TRANSLATION FROM L1D PREFETCHER ACCESS:     753976  HIT:     752436  MISS:       1540  HIT %:    99.7957  MISS %:   0.204251   MPKI: 0.0077
STLB PREFETCH  REQUESTED:          0  ISSUED:          0  USEFUL:        982  USELESS:        558
STLB USEFUL LOAD PREFETCHES:        982 PREFETCH ISSUED TO LOWER LEVEL:          0  ACCURACY: inf
STLB TIMELY PREFETCHES:        982 LATE PREFETCHES: 81 DROPPED PREFETCHES: 24423
STLB PREFETCHES SAME FILL-ORIGIN LEVEL: 0 DIFFERENT FILL-ORIGIN LEVEL: 0
STLB AVERAGE MISS LATENCY:    146.774 cycles AVERAGE LOAD MISS LATENCY:       -nan cycles Load Miss          0
STLB Average MSHR Occupancy:   0.138313
STLB RQ	ACCESS:    6815472	FORWARD:          0	MERGED:    3397946	TO_CACHE:    3417526

STLB Hit, L1D data hit: 0
STLB Hit, L2C data hit: 0
STLB Hit, LLC data hit: 0
STLB Hit, LLC data miss: 0
STLB STLB hints to L2: 0
L1D TOTAL     ACCESS:   52982808  HIT:   48772184  MISS:    4210624  HIT %:    92.0528  MISS %:    7.94715   MPKI: 21.0531
L1D LOAD      ACCESS:   28922026  HIT:   26626405  MISS:    2295621  HIT %:    92.0627  MISS %:    7.93728   MPKI: 11.4781
L1D RFO       ACCESS:   20920820  HIT:   19436340  MISS:    1484480  HIT %:    92.9043  MISS %:    7.09571   MPKI: 7.4224
L1D PREFETCH  ACCESS:    3139962  HIT:    2709439  MISS:     430523  HIT %:    86.2889  MISS %:    13.7111   MPKI: 2.15261
AGUS PREFETCH L1 MISS: 0
L1D PREFETCH  REQUESTED:   11656972  ISSUED:    8562636  USEFUL:     388387  USELESS:      42138
L1D USEFUL LOAD PREFETCHES:     388387 PREFETCH ISSUED TO LOWER LEVEL:    1296740  ACCURACY: 29.951
L1D TIMELY PREFETCHES:     388387 LATE PREFETCHES: 22620 DROPPED PREFETCHES: 67732
L1D PREFETCHES SAME FILL-ORIGIN LEVEL: 453627 DIFFERENT FILL-ORIGIN LEVEL: 843113
L1D AVERAGE MISS LATENCY:    83.7614 cycles AVERAGE LOAD MISS LATENCY:    84.1539 cycles Load Miss    2295621
L1D Average MSHR Occupancy:   0.617049
L1D RQ	ACCESS:   43980057	FORWARD:          0	MERGED:   14288644	TO_CACHE:   29066420
L1D WQ	ACCESS:   23599108	FORWARD:     625070	MERGED:     503909	TO_CACHE:   23095199
L1D PQ	ACCESS:    4384755	FORWARD:          0	MERGED:     206797	TO_CACHE:    4177881

L1D UNIQUE REGIONS ACCESSED: 0
L1D REGIONS CONFLICTS: 0
L1D Cross Page Prefetch Requests: 1371856
L1D Same Page Prefetch Requests: 13293611
L1D ROI Sum of L1D PQ occupancy: 73995817
L1D PREFETCHES PUSHED FROM L2C: 0
L1I TOTAL     ACCESS:   24069114  HIT:    9352662  MISS:   14716452  HIT %:    38.8575  MISS %:    61.1425   MPKI: 73.5823
L1I LOAD      ACCESS:   24069114  HIT:    9352662  MISS:   14716452  HIT %:    38.8575  MISS %:    61.1425   MPKI: 73.5823
L1I PREFETCH  REQUESTED:          0  ISSUED:          0  USEFUL:          0  USELESS:          0
L1I USEFUL LOAD PREFETCHES:          0 PREFETCH ISSUED TO LOWER LEVEL:          0  ACCURACY: -nan
L1I TIMELY PREFETCHES:          0 LATE PREFETCHES: 0 DROPPED PREFETCHES: 0
L1I PREFETCHES SAME FILL-ORIGIN LEVEL: 0 DIFFERENT FILL-ORIGIN LEVEL: 0
L1I AVERAGE MISS LATENCY:     24.372 cycles AVERAGE LOAD MISS LATENCY:     24.372 cycles Load Miss   14716452
L1I Average MSHR Occupancy:   0.606834
L1I RQ	ACCESS:   45679026	FORWARD:          0	MERGED:   20869641	TO_CACHE:   24809385

BTB TOTAL     ACCESS:   15204441  HIT:   12543893  MISS:    2660548  HIT %:    82.5015  MISS %:    17.4985   MPKI: 13.3027
BTB BRANCH_DIRECT_JUMP	ACCESS:    3360517  HIT:    2756082  MISS:     604435
BTB BRANCH_INDIRECT	ACCESS:     151394  HIT:      83374  MISS:      68020
BTB BRANCH_CONDITIONAL	ACCESS:    9231637  HIT:    8698298  MISS:     533339
BTB BRANCH_DIRECT_CALL	ACCESS:    1064067  HIT:     626893  MISS:     437174
BTB BRANCH_INDIRECT_CALL	ACCESS:     162175  HIT:      74227  MISS:      87948
BTB BRANCH_RETURN	ACCESS:    1230695  HIT:     303783  MISS:     926912
BTB BRANCH_OTHER ACCESS:       3956  HIT:       1236  MISS:       2720

L2C TOTAL     ACCESS:   22838088  HIT:   20213793  MISS:    2624295  HIT %:    88.5091  MISS %:    11.4909   MPKI: 13.1215
L2C LOAD      ACCESS:   16989247  HIT:   15300288  MISS:    1688959  HIT %:    90.0587  MISS %:    9.94134   MPKI: 8.44479
L2C DATA LOAD MPKI: 3.78252
L2C INSTRUCTION LOAD MPKI: 4.66227
L2C RFO       ACCESS:    1484352  HIT:     949015  MISS:     535337  HIT %:    63.9346  MISS %:    36.0654   MPKI: 2.67668
L2C PREFETCH  ACCESS:    1218346  HIT:    1092054  MISS:     126292  HIT %:    89.6341  MISS %:    10.3659   MPKI: 0.63146
AGUS PREFETCH L1 MISS: 0
L2C DATA PREFETCH MPKI: 0.63146
L2C INSTRUCTION PREFETCH MPKI: 0
L2C WRITEBACK ACCESS:    2184040  HIT:    2178383  MISS:       5657  HIT %:     99.741  MISS %:   0.259015   MPKI: 0.028285
L2C LOAD TRANSLATION ACCESS:     930137  HIT:     663026  MISS:     267111  HIT %:    71.2826  MISS %:    28.7174   MPKI: 1.33555
L2C TRANSLATION FROM L1D PREFETCHER ACCESS:      31966  HIT:      31027  MISS:        939  HIT %:    97.0625  MISS %:     2.9375   MPKI: 0.004695
L2C PREFETCH  REQUESTED:          0  ISSUED:          0  USEFUL:      29232  USELESS:      97816
L2C USEFUL LOAD PREFETCHES:      29232 PREFETCH ISSUED TO LOWER LEVEL:     130672  ACCURACY: 22.3705
L2C TIMELY PREFETCHES:      29232 LATE PREFETCHES: 4380 DROPPED PREFETCHES: 0
L2C PREFETCHES SAME FILL-ORIGIN LEVEL: 87018 DIFFERENT FILL-ORIGIN LEVEL: 0
L2C AVERAGE MISS LATENCY:    193.327 cycles AVERAGE LOAD MISS LATENCY:    183.276 cycles Load Miss    1688959
L2C Average MSHR Occupancy:   0.868815
L2C RQ	ACCESS:   19436009	FORWARD:          0	MERGED:          0	TO_CACHE:   19435704
L2C WQ	ACCESS:    2184040	FORWARD:        376	MERGED:          0	TO_CACHE:    2184040
L2C PQ	ACCESS:    1292140	FORWARD:          0	MERGED:      15176	TO_CACHE:    1276893

L2C Instructions Evicting Data 494470
L2C Translations Evicting Data 145189
L2C Data Evicting Data 783904
L2C Instructions Evicting Instructions 344410
L2C Translations Evicting Instructions 94074
L2C Data Evicting Instructions 488935
L2C Instructions Evicting Translations 93574
L2C Translations Evicting Translations 28787
L2C Data Evicting Translations 145295
L2C Dense regions hint from L2: 0
PSCL5 TOTAL     ACCESS:     586465  HIT:     586465  MISS:          0  HIT %:        100  MISS %:          0   MPKI: 0
PSCL5 LOAD TRANSLATION ACCESS:     560421  HIT:     560421  MISS:          0  HIT %:        100  MISS %:          0   MPKI: 0
PSCL5 TRANSLATION FROM L1D PREFETCHER ACCESS:      26044  HIT:      26044  MISS:          0  HIT %:        100  MISS %:          0   MPKI: 0
PSCL5 PREFETCH  REQUESTED:          0  ISSUED:          0  USEFUL:          0  USELESS:          0
PSCL5 USEFUL LOAD PREFETCHES:          0 PREFETCH ISSUED TO LOWER LEVEL:          0  ACCURACY: -nan
PSCL5 TIMELY PREFETCHES:          0 LATE PREFETCHES: 0 DROPPED PREFETCHES: 0
PSCL5 PREFETCHES SAME FILL-ORIGIN LEVEL: 0 DIFFERENT FILL-ORIGIN LEVEL: 0

PSCL4 TOTAL     ACCESS:     466043  HIT:     462411  MISS:       3632  HIT %:    99.2207  MISS %:   0.779327   MPKI: 0.01816
PSCL4 LOAD TRANSLATION ACCESS:     441586  HIT:     437954  MISS:       3632  HIT %:    99.1775  MISS %:    0.82249   MPKI: 0.01816
PSCL4 TRANSLATION FROM L1D PREFETCHER ACCESS:      24457  HIT:      24457  MISS:          0  HIT %:        100  MISS %:          0   MPKI: 0
PSCL4 PREFETCH  REQUESTED:          0  ISSUED:          0  USEFUL:          0  USELESS:          0
PSCL4 USEFUL LOAD PREFETCHES:          0 PREFETCH ISSUED TO LOWER LEVEL:          0  ACCURACY: -nan
PSCL4 TIMELY PREFETCHES:          0 LATE PREFETCHES: 0 DROPPED PREFETCHES: 0
PSCL4 PREFETCHES SAME FILL-ORIGIN LEVEL: 0 DIFFERENT FILL-ORIGIN LEVEL: 0

PSCL3 TOTAL     ACCESS:     583319  HIT:     568629  MISS:      14690  HIT %:    97.4817  MISS %:    2.51835   MPKI: 0.07345
PSCL3 LOAD TRANSLATION ACCESS:     557989  HIT:     543299  MISS:      14690  HIT %:    97.3673  MISS %:    2.63267   MPKI: 0.07345
PSCL3 TRANSLATION FROM L1D PREFETCHER ACCESS:      25330  HIT:      25330  MISS:          0  HIT %:        100  MISS %:          0   MPKI: 0
PSCL3 PREFETCH  REQUESTED:          0  ISSUED:          0  USEFUL:          0  USELESS:          0
PSCL3 USEFUL LOAD PREFETCHES:          0 PREFETCH ISSUED TO LOWER LEVEL:          0  ACCURACY: -nan
PSCL3 TIMELY PREFETCHES:          0 LATE PREFETCHES: 0 DROPPED PREFETCHES: 0
PSCL3 PREFETCHES SAME FILL-ORIGIN LEVEL: 0 DIFFERENT FILL-ORIGIN LEVEL: 0

PSCL2 TOTAL     ACCESS:     581342  HIT:     228469  MISS:     352873  HIT %:    39.3003  MISS %:    60.6997   MPKI: 1.76436
PSCL2 LOAD TRANSLATION ACCESS:     560852  HIT:     207979  MISS:     352873  HIT %:    37.0827  MISS %:    62.9173   MPKI: 1.76436
PSCL2 TRANSLATION FROM L1D PREFETCHER ACCESS:      20490  HIT:      20490  MISS:          0  HIT %:        100  MISS %:          0   MPKI: 0
PSCL2 PREFETCH  REQUESTED:          0  ISSUED:          0  USEFUL:          0  USELESS:          0
PSCL2 USEFUL LOAD PREFETCHES:          0 PREFETCH ISSUED TO LOWER LEVEL:          0  ACCURACY: -nan
PSCL2 TIMELY PREFETCHES:          0 LATE PREFETCHES: 0 DROPPED PREFETCHES: 0
PSCL2 PREFETCHES SAME FILL-ORIGIN LEVEL: 0 DIFFERENT FILL-ORIGIN LEVEL: 0

LLC TOTAL     ACCESS:    3446004  HIT:     671635  MISS:    2774369  HIT %:    19.4903  MISS %:    80.5097   MPKI: 13.8718
LLC LOAD      ACCESS:    1684695  HIT:     380383  MISS:    1304312  HIT %:    22.5787  MISS %:    77.4213   MPKI: 6.52156
LLC RFO       ACCESS:     535221  HIT:      25181  MISS:     510040  HIT %:    4.70479  MISS %:    95.2952   MPKI: 2.5502
LLC PREFETCH  ACCESS:     130672  HIT:       5455  MISS:     125217  HIT %:    4.17457  MISS %:    95.8254   MPKI: 0.626085
AGUS PREFETCH L1 MISS: 0
LLC WRITEBACK ACCESS:     827366  HIT:     197066  MISS:     630300  HIT %:    23.8185  MISS %:    76.1815   MPKI: 3.1515
LLC LOAD TRANSLATION ACCESS:     267111  HIT:      63438  MISS:     203673  HIT %:    23.7497  MISS %:    76.2503   MPKI: 1.01836
LLC TRANSLATION FROM L1D PREFETCHER ACCESS:        939  HIT:        112  MISS:        827  HIT %:    11.9276  MISS %:    88.0724   MPKI: 0.004135
LLC PREFETCH  REQUESTED:          0  ISSUED:          0  USEFUL:        929  USELESS:      23202
LLC USEFUL LOAD PREFETCHES:        929 PREFETCH ISSUED TO LOWER LEVEL:     125217  ACCURACY: 0.741912
LLC TIMELY PREFETCHES:        929 LATE PREFETCHES: 0 DROPPED PREFETCHES: 0
LLC PREFETCHES SAME FILL-ORIGIN LEVEL: 0 DIFFERENT FILL-ORIGIN LEVEL: 0
LLC AVERAGE MISS LATENCY:    140.194 cycles AVERAGE LOAD MISS LATENCY:     178.38 cycles Load Miss    1304312
LLC Average MSHR Occupancy:   0.665878
LLC RQ	ACCESS:    2487967	FORWARD:          0	MERGED:          0	TO_CACHE:    2487967
LLC WQ	ACCESS:     827366	FORWARD:          0	MERGED:          0	TO_CACHE:     827366
LLC PQ	ACCESS:     130672	FORWARD:          0	MERGED:          0	TO_CACHE:     130672

LLC Dense regions hint to LLC: 0

RAW hits: 2499461
Loads Generated: 46479518
Loads sent to L1D: 43980057
Stores Generated: 23599093
Stores sent to L1D: 23599108
Major fault: 0 Minor fault: 150119
Allocated PAGES: 150119
================ Mockingjay (LLC) Pollution Stats ================
Total pollution count in LLC: 34230
==================================================================

DRAM Statistics
 CHANNEL 0
 RQ ROW_BUFFER_HIT:     427459  ROW_BUFFER_MISS:    1716594
 DBUS_CONGESTED:       2167
 WQ ROW_BUFFER_HIT:     296619  ROW_BUFFER_MISS:     508461  FULL:       3246

 AVG_CONGESTED_CYCLE: 5
 All warmup complete: 2
Channel 0 Bank busy for read cycles: 0
Channel 0 Bank busy for write cycles: 0
Channel 0
Rank 0
0banks busy for read cycles: 309378174
0banks busy for write cycles: 319693
1banks busy for read cycles: 125724775
1banks busy for write cycles: 56570930
2banks busy for read cycles: 33582461
2banks busy for write cycles: 19727107
3banks busy for read cycles: 10225816
3banks busy for write cycles: 7108167
4banks busy for read cycles: 4075001
4banks busy for write cycles: 3107525
5banks busy for read cycles: 1846136
5banks busy for write cycles: 1594413
6banks busy for read cycles: 1233438
6banks busy for write cycles: 996374
7banks busy for read cycles: 1057686
7banks busy for write cycles: 797001
8banks busy for read cycles: 1943041
8banks busy for write cycles: 1609534

CPU 0 Branch Prediction Accuracy: 94.2496% MPKI: 8.80035 Average ROB Occupancy at Mispredict: 17.0539
Branch types
NOT_BRANCH: 169391680 84.6958%
BRANCH_DIRECT_JUMP: 3360517 1.68026%
BRANCH_INDIRECT: 151394 0.075697%
BRANCH_CONDITIONAL: 24634883 12.3174%
BRANCH_DIRECT_CALL: 1064067 0.532033%
BRANCH_INDIRECT_CALL: 162175 0.0810875%
BRANCH_RETURN: 1230695 0.615347%
BRANCH_OTHER: 3956 0.001978%

===================== LRU L1D STATS =====================
Total pollution count in L1D: 192375
=========================================================
================ SRRIP (L2C) Pollution Stats ================
Total pollution count in L2c: 2592042
==================================================================
DRAM PAGES: 1048576
Allocated PAGES: 150119
