
*** ChampSim Multicore Out-of-Order Simulator ***

Warmup Instructions: 200000000
Simulation Instructions: 200000000
Number of CPUs: 1
LLC sets: 4096
LLC ways: 12
Off-chip DRAM Size: 4096 MB Channels: 1 Width: 64-bit Data Rate: 6400 MT/s
CPU 0 runs /home1/sweta/traces/DPC4-Traces/Google_Traces_v2/Google_Traces_v2/sierra.a.4/sierra.a.4_0003.champsim.gz
.gz
BTB has LRU replacement policy
ITLB has LRU replacement policy
DTLB has LRU replacement policy
STLB has LRU replacement policy
L1I has LRU replacement policy
History Sets: 8
History Ways: 16
BERTI Size: 16
BERTI Stride Size: 16
L1D has LRU replacement policy
Initialize SRRIP state for L2C
Initialize Mockingjay state for LLC
Heartbeat CPU 0 instructions: 10000006 cycles: 2514222 heartbeat IPC: 3.97738 cumulative IPC: 3.97738 (Simulation time: 0 hr 0 min 24 sec) 
Heartbeat CPU 0 instructions: 20000002 cycles: 5106406 heartbeat IPC: 3.85775 cumulative IPC: 3.91665 (Simulation time: 0 hr 0 min 49 sec) 
Heartbeat CPU 0 instructions: 30000000 cycles: 7625958 heartbeat IPC: 3.96896 cumulative IPC: 3.93393 (Simulation time: 0 hr 1 min 14 sec) 
Heartbeat CPU 0 instructions: 40000002 cycles: 10215341 heartbeat IPC: 3.86192 cumulative IPC: 3.91568 (Simulation time: 0 hr 1 min 37 sec) 
Heartbeat CPU 0 instructions: 50000002 cycles: 12699988 heartbeat IPC: 4.02472 cumulative IPC: 3.93701 (Simulation time: 0 hr 2 min 2 sec) 
Heartbeat CPU 0 instructions: 60000004 cycles: 14920238 heartbeat IPC: 4.504 cumulative IPC: 4.02138 (Simulation time: 0 hr 2 min 25 sec) 
Heartbeat CPU 0 instructions: 70000004 cycles: 17331126 heartbeat IPC: 4.14785 cumulative IPC: 4.03898 (Simulation time: 0 hr 2 min 49 sec) 
Heartbeat CPU 0 instructions: 80000000 cycles: 19635346 heartbeat IPC: 4.33986 cumulative IPC: 4.07429 (Simulation time: 0 hr 3 min 13 sec) 
Heartbeat CPU 0 instructions: 90000000 cycles: 21800613 heartbeat IPC: 4.61837 cumulative IPC: 4.12832 (Simulation time: 0 hr 3 min 37 sec) 
Heartbeat CPU 0 instructions: 100000002 cycles: 24054591 heartbeat IPC: 4.4366 cumulative IPC: 4.15721 (Simulation time: 0 hr 4 min 0 sec) 
Heartbeat CPU 0 instructions: 110000004 cycles: 26223088 heartbeat IPC: 4.61149 cumulative IPC: 4.19478 (Simulation time: 0 hr 4 min 24 sec) 
Heartbeat CPU 0 instructions: 120000002 cycles: 28810547 heartbeat IPC: 3.86479 cumulative IPC: 4.16514 (Simulation time: 0 hr 4 min 49 sec) 
Heartbeat CPU 0 instructions: 130000004 cycles: 31513274 heartbeat IPC: 3.69997 cumulative IPC: 4.12525 (Simulation time: 0 hr 5 min 14 sec) 
Heartbeat CPU 0 instructions: 140000006 cycles: 34199897 heartbeat IPC: 3.72215 cumulative IPC: 4.09358 (Simulation time: 0 hr 5 min 39 sec) 
Heartbeat CPU 0 instructions: 150000002 cycles: 36932335 heartbeat IPC: 3.65973 cumulative IPC: 4.06148 (Simulation time: 0 hr 6 min 7 sec) 
Heartbeat CPU 0 instructions: 160000007 cycles: 39572236 heartbeat IPC: 3.78802 cumulative IPC: 4.04324 (Simulation time: 0 hr 6 min 33 sec) 
Heartbeat CPU 0 instructions: 170000001 cycles: 42223212 heartbeat IPC: 3.77219 cumulative IPC: 4.02622 (Simulation time: 0 hr 7 min 1 sec) 
Heartbeat CPU 0 instructions: 180000000 cycles: 44890555 heartbeat IPC: 3.74905 cumulative IPC: 4.00975 (Simulation time: 0 hr 7 min 25 sec) 
Heartbeat CPU 0 instructions: 190000000 cycles: 47535363 heartbeat IPC: 3.78099 cumulative IPC: 3.99702 (Simulation time: 0 hr 7 min 49 sec) 
Heartbeat CPU 0 instructions: 200000001 cycles: 50131687 heartbeat IPC: 3.8516 cumulative IPC: 3.98949 (Simulation time: 0 hr 8 min 13 sec) 

Warmup complete CPU 0 instructions: 200000001 cycles: 50131687 (Simulation time: 0 hr 8 min 13 sec) 

Heartbeat CPU 0 instructions: 210000000 cycles: 88529573 heartbeat IPC: 0.260431 cumulative IPC: 0.260431 (Simulation time: 0 hr 8 min 45 sec) 
Heartbeat CPU 0 instructions: 220000000 cycles: 126831383 heartbeat IPC: 0.261084 cumulative IPC: 0.260757 (Simulation time: 0 hr 9 min 18 sec) 
Heartbeat CPU 0 instructions: 230000001 cycles: 176502056 heartbeat IPC: 0.201326 cumulative IPC: 0.237397 (Simulation time: 0 hr 9 min 53 sec) 
Heartbeat CPU 0 instructions: 240000000 cycles: 222318569 heartbeat IPC: 0.218262 cumulative IPC: 0.232306 (Simulation time: 0 hr 10 min 28 sec) 
Heartbeat CPU 0 instructions: 250000004 cycles: 268507372 heartbeat IPC: 0.216503 cumulative IPC: 0.228963 (Simulation time: 0 hr 11 min 2 sec) 
Heartbeat CPU 0 instructions: 260000007 cycles: 304943939 heartbeat IPC: 0.27445 cumulative IPC: 0.235468 (Simulation time: 0 hr 11 min 34 sec) 
Heartbeat CPU 0 instructions: 270000000 cycles: 332101681 heartbeat IPC: 0.368219 cumulative IPC: 0.248253 (Simulation time: 0 hr 12 min 5 sec) 
Heartbeat CPU 0 instructions: 280000007 cycles: 367073148 heartbeat IPC: 0.285948 cumulative IPC: 0.252413 (Simulation time: 0 hr 12 min 43 sec) 
Heartbeat CPU 0 instructions: 290000000 cycles: 407604349 heartbeat IPC: 0.246723 cumulative IPC: 0.251768 (Simulation time: 0 hr 13 min 16 sec) 
Heartbeat CPU 0 instructions: 300000000 cycles: 447355639 heartbeat IPC: 0.251564 cumulative IPC: 0.251747 (Simulation time: 0 hr 13 min 49 sec) 
Heartbeat CPU 0 instructions: 310000000 cycles: 483457855 heartbeat IPC: 0.276991 cumulative IPC: 0.25385 (Simulation time: 0 hr 14 min 22 sec) 
Heartbeat CPU 0 instructions: 320000003 cycles: 515637321 heartbeat IPC: 0.310757 cumulative IPC: 0.257784 (Simulation time: 0 hr 14 min 52 sec) 
Heartbeat CPU 0 instructions: 330000000 cycles: 565792572 heartbeat IPC: 0.199381 cumulative IPC: 0.252104 (Simulation time: 0 hr 15 min 29 sec) 
Heartbeat CPU 0 instructions: 340000000 cycles: 606410182 heartbeat IPC: 0.246199 cumulative IPC: 0.251673 (Simulation time: 0 hr 16 min 8 sec) 
Heartbeat CPU 0 instructions: 350000001 cycles: 652184135 heartbeat IPC: 0.218465 cumulative IPC: 0.249148 (Simulation time: 0 hr 16 min 42 sec) 
Heartbeat CPU 0 instructions: 360000000 cycles: 694245288 heartbeat IPC: 0.237749 cumulative IPC: 0.248403 (Simulation time: 0 hr 17 min 15 sec) 
Heartbeat CPU 0 instructions: 370000003 cycles: 741031195 heartbeat IPC: 0.21374 cumulative IPC: 0.246056 (Simulation time: 0 hr 17 min 48 sec) 
Heartbeat CPU 0 instructions: 380000001 cycles: 779829774 heartbeat IPC: 0.257741 cumulative IPC: 0.246677 (Simulation time: 0 hr 18 min 21 sec) 
Heartbeat CPU 0 instructions: 390000005 cycles: 816065074 heartbeat IPC: 0.275974 cumulative IPC: 0.248063 (Simulation time: 0 hr 18 min 53 sec) 
Heartbeat CPU 0 instructions: 400000001 cycles: 848114751 heartbeat IPC: 0.312016 cumulative IPC: 0.250632 (Simulation time: 0 hr 19 min 25 sec) 
Finished CPU 0 instructions: 200000000 cycles: 797983064 cumulative IPC: 0.250632 (Simulation time: 0 hr 19 min 25 sec) 

ChampSim completed all CPUs

Region of Interest Statistics

CPU 0 cumulative IPC: 0.250632 instructions: 200000000 cycles: 797983064
ITLB TOTAL     ACCESS:   22195943  HIT:   21713502  MISS:     482441  HIT %:    97.8264  MISS %:    2.17355   MPKI: 2.41221
ITLB LOAD TRANSLATION ACCESS:   22195943  HIT:   21713502  MISS:     482441  HIT %:    97.8264  MISS %:    2.17355   MPKI: 2.41221
ITLB PREFETCH  REQUESTED:          0  ISSUED:          0  USEFUL:          0  USELESS:          0
ITLB USEFUL LOAD PREFETCHES:          0 PREFETCH ISSUED TO LOWER LEVEL:          0  ACCURACY: -nan
ITLB TIMELY PREFETCHES:          0 LATE PREFETCHES: 0 DROPPED PREFETCHES: 0
ITLB PREFETCHES SAME FILL-ORIGIN LEVEL: 0 DIFFERENT FILL-ORIGIN LEVEL: 0
ITLB AVERAGE MISS LATENCY:    31.9332 cycles AVERAGE LOAD MISS LATENCY:       -nan cycles Load Miss          0
ITLB Average MSHR Occupancy:  0.0191298
ITLB RQ	ACCESS:   26097251	FORWARD:          0	MERGED:    3508807	TO_CACHE:   22588444

DTLB TOTAL     ACCESS:   42290601  HIT:   40088741  MISS:    2201860  HIT %:    94.7935  MISS %:     5.2065   MPKI: 11.0093
DTLB LOAD TRANSLATION ACCESS:   42290601  HIT:   40088741  MISS:    2201860  HIT %:    94.7935  MISS %:     5.2065   MPKI: 11.0093
DTLB PREFETCH  REQUESTED:          0  ISSUED:          0  USEFUL:          0  USELESS:          0
DTLB USEFUL LOAD PREFETCHES:          0 PREFETCH ISSUED TO LOWER LEVEL:          0  ACCURACY: -nan
DTLB TIMELY PREFETCHES:          0 LATE PREFETCHES: 0 DROPPED PREFETCHES: 0
DTLB PREFETCHES SAME FILL-ORIGIN LEVEL: 0 DIFFERENT FILL-ORIGIN LEVEL: 0
DTLB AVERAGE MISS LATENCY:    61.7914 cycles AVERAGE LOAD MISS LATENCY:       -nan cycles Load Miss          0
DTLB Average MSHR Occupancy:   0.163633
DTLB RQ	ACCESS:   55888751	FORWARD:          0	MERGED:   13197905	TO_CACHE:   42690846

STLB TOTAL     ACCESS:    3875893  HIT:    3095336  MISS:     780557  HIT %:    79.8612  MISS %:    20.1388   MPKI: 3.90279
STLB LOAD TRANSLATION ACCESS:    2684301  HIT:    1905301  MISS:     779000  HIT %:    70.9794  MISS %:    29.0206   MPKI: 3.895
STLB TRANSLATION FROM L1D PREFETCHER ACCESS:    1191592  HIT:    1190035  MISS:       1557  HIT %:    99.8693  MISS %:   0.130666   MPKI: 0.007785
STLB PREFETCH  REQUESTED:          0  ISSUED:          0  USEFUL:        860  USELESS:        698
STLB USEFUL LOAD PREFETCHES:        860 PREFETCH ISSUED TO LOWER LEVEL:          0  ACCURACY: inf
STLB TIMELY PREFETCHES:        860 LATE PREFETCHES: 58 DROPPED PREFETCHES: 33408
STLB PREFETCHES SAME FILL-ORIGIN LEVEL: 0 DIFFERENT FILL-ORIGIN LEVEL: 0
STLB AVERAGE MISS LATENCY:    163.069 cycles AVERAGE LOAD MISS LATENCY:       -nan cycles Load Miss          0
STLB Average MSHR Occupancy:   0.155282
STLB RQ	ACCESS:    9329507	FORWARD:          0	MERGED:    5417420	TO_CACHE:    3912087

STLB Hit, L1D data hit: 0
STLB Hit, L2C data hit: 0
STLB Hit, LLC data hit: 0
STLB Hit, LLC data miss: 0
STLB STLB hints to L2: 0
L1D TOTAL     ACCESS:   58511951  HIT:   53356192  MISS:    5155759  HIT %:    91.1885  MISS %:    8.81146   MPKI: 25.7788
L1D LOAD      ACCESS:   31332536  HIT:   28731699  MISS:    2600837  HIT %:    91.6992  MISS %:    8.30075   MPKI: 13.0042
L1D RFO       ACCESS:   21771875  HIT:   19912932  MISS:    1858943  HIT %:    91.4617  MISS %:    8.53828   MPKI: 9.29472
L1D PREFETCH  ACCESS:    5407540  HIT:    4711561  MISS:     695979  HIT %:    87.1295  MISS %:    12.8705   MPKI: 3.47989
AGUS PREFETCH L1 MISS: 0
L1D PREFETCH  REQUESTED:   17463149  ISSUED:   13496838  USEFUL:     643134  USELESS:      52850
L1D USEFUL LOAD PREFETCHES:     643134 PREFETCH ISSUED TO LOWER LEVEL:    1717074  ACCURACY: 37.4552
L1D TIMELY PREFETCHES:     643134 LATE PREFETCHES: 11404 DROPPED PREFETCHES: 87356
L1D PREFETCHES SAME FILL-ORIGIN LEVEL: 707409 DIFFERENT FILL-ORIGIN LEVEL: 1009665
L1D AVERAGE MISS LATENCY:    100.138 cycles AVERAGE LOAD MISS LATENCY:    98.9849 cycles Load Miss    2600837
L1D Average MSHR Occupancy:   0.661667
L1D RQ	ACCESS:   45749680	FORWARD:          0	MERGED:   13665041	TO_CACHE:   31514629
L1D WQ	ACCESS:   24868033	FORWARD:     570111	MERGED:     493911	TO_CACHE:   24374122
L1D PQ	ACCESS:    6851632	FORWARD:          0	MERGED:     206325	TO_CACHE:    6645206

L1D UNIQUE REGIONS ACCESSED: 0
L1D REGIONS CONFLICTS: 0
L1D Cross Page Prefetch Requests: 1189725
L1D Same Page Prefetch Requests: 9593635
L1D ROI Sum of L1D PQ occupancy: 119885757
L1D PREFETCHES PUSHED FROM L2C: 0
L1I TOTAL     ACCESS:   25745991  HIT:   10154071  MISS:   15591920  HIT %:    39.4394  MISS %:    60.5606   MPKI: 77.9596
L1I LOAD      ACCESS:   25745991  HIT:   10154071  MISS:   15591920  HIT %:    39.4394  MISS %:    60.5606   MPKI: 77.9596
L1I PREFETCH  REQUESTED:          0  ISSUED:          0  USEFUL:          0  USELESS:          0
L1I USEFUL LOAD PREFETCHES:          0 PREFETCH ISSUED TO LOWER LEVEL:          0  ACCURACY: -nan
L1I TIMELY PREFETCHES:          0 LATE PREFETCHES: 0 DROPPED PREFETCHES: 0
L1I PREFETCHES SAME FILL-ORIGIN LEVEL: 0 DIFFERENT FILL-ORIGIN LEVEL: 0
L1I AVERAGE MISS LATENCY:    30.6428 cycles AVERAGE LOAD MISS LATENCY:    30.6428 cycles Load Miss   15591920
L1I Average MSHR Occupancy:   0.590711
L1I RQ	ACCESS:   45632142	FORWARD:          0	MERGED:   19534891	TO_CACHE:   26097251

BTB TOTAL     ACCESS:   15498748  HIT:   12331720  MISS:    3167028  HIT %:    79.5659  MISS %:    20.4341   MPKI: 15.8351
BTB BRANCH_DIRECT_JUMP	ACCESS:    2796739  HIT:    2077609  MISS:     719130
BTB BRANCH_INDIRECT	ACCESS:     158939  HIT:      89652  MISS:      69287
BTB BRANCH_CONDITIONAL	ACCESS:    9801845  HIT:    9141339  MISS:     660506
BTB BRANCH_DIRECT_CALL	ACCESS:    1180700  HIT:     626010  MISS:     554690
BTB BRANCH_INDIRECT_CALL	ACCESS:     185590  HIT:      77716  MISS:     107874
BTB BRANCH_RETURN	ACCESS:    1370873  HIT:     318222  MISS:    1052651
BTB BRANCH_OTHER ACCESS:       4062  HIT:       1172  MISS:       2890

L2C TOTAL     ACCESS:   25643236  HIT:   21139155  MISS:    4504081  HIT %:    82.4356  MISS %:    17.5644   MPKI: 22.5204
L2C LOAD      ACCESS:   18181179  HIT:   15246169  MISS:    2935010  HIT %:    83.8569  MISS %:    16.1431   MPKI: 14.6751
L2C DATA LOAD MPKI: 5.30061
L2C INSTRUCTION LOAD MPKI: 9.37444
L2C RFO       ACCESS:    1858900  HIT:     899309  MISS:     959591  HIT %:    48.3786  MISS %:    51.6214   MPKI: 4.79795
L2C PREFETCH  ACCESS:    1619070  HIT:    1437472  MISS:     181598  HIT %:    88.7838  MISS %:    11.2162   MPKI: 0.90799
AGUS PREFETCH L1 MISS: 0
L2C DATA PREFETCH MPKI: 0.90799
L2C INSTRUCTION PREFETCH MPKI: 0
L2C WRITEBACK ACCESS:    2621718  HIT:    2615859  MISS:       5859  HIT %:    99.7765  MISS %:   0.223479   MPKI: 0.029295
L2C LOAD TRANSLATION ACCESS:    1314658  HIT:     893967  MISS:     420691  HIT %:         68  MISS %:         32   MPKI: 2.10345
L2C TRANSLATION FROM L1D PREFETCHER ACCESS:      47711  HIT:      46379  MISS:       1332  HIT %:    97.2082  MISS %:    2.79181   MPKI: 0.00666
L2C PREFETCH  REQUESTED:          0  ISSUED:          0  USEFUL:      40895  USELESS:     142242
L2C USEFUL LOAD PREFETCHES:      40895 PREFETCH ISSUED TO LOWER LEVEL:     188506  ACCURACY: 21.6943
L2C TIMELY PREFETCHES:      40895 LATE PREFETCHES: 6908 DROPPED PREFETCHES: 0
L2C PREFETCHES SAME FILL-ORIGIN LEVEL: 124863 DIFFERENT FILL-ORIGIN LEVEL: 0
L2C AVERAGE MISS LATENCY:    177.971 cycles AVERAGE LOAD MISS LATENCY:    161.937 cycles Load Miss    2935010
L2C Average MSHR Occupancy:   0.996137
L2C RQ	ACCESS:   21402638	FORWARD:          0	MERGED:          0	TO_CACHE:   21402447
L2C WQ	ACCESS:    2621718	FORWARD:        295	MERGED:          0	TO_CACHE:    2621718
L2C PQ	ACCESS:    1717073	FORWARD:          0	MERGED:        717	TO_CACHE:    1716252

L2C Instructions Evicting Data 904255
L2C Translations Evicting Data 205604
L2C Data Evicting Data 1095850
L2C Instructions Evicting Instructions 793533
L2C Translations Evicting Instructions 175095
L2C Data Evicting Instructions 902420
L2C Instructions Evicting Translations 177101
L2C Translations Evicting Translations 41324
L2C Data Evicting Translations 203040
L2C Dense regions hint from L2: 0
PSCL5 TOTAL     ACCESS:     814002  HIT:     814002  MISS:          0  HIT %:        100  MISS %:          0   MPKI: 0
PSCL5 LOAD TRANSLATION ACCESS:     778979  HIT:     778979  MISS:          0  HIT %:        100  MISS %:          0   MPKI: 0
PSCL5 TRANSLATION FROM L1D PREFETCHER ACCESS:      35023  HIT:      35023  MISS:          0  HIT %:        100  MISS %:          0   MPKI: 0
PSCL5 PREFETCH  REQUESTED:          0  ISSUED:          0  USEFUL:          0  USELESS:          0
PSCL5 USEFUL LOAD PREFETCHES:          0 PREFETCH ISSUED TO LOWER LEVEL:          0  ACCURACY: -nan
PSCL5 TIMELY PREFETCHES:          0 LATE PREFETCHES: 0 DROPPED PREFETCHES: 0
PSCL5 PREFETCHES SAME FILL-ORIGIN LEVEL: 0 DIFFERENT FILL-ORIGIN LEVEL: 0

PSCL4 TOTAL     ACCESS:     605728  HIT:     595587  MISS:      10141  HIT %:    98.3258  MISS %:    1.67418   MPKI: 0.050705
PSCL4 LOAD TRANSLATION ACCESS:     578849  HIT:     568708  MISS:      10141  HIT %:    98.2481  MISS %:    1.75192   MPKI: 0.050705
PSCL4 TRANSLATION FROM L1D PREFETCHER ACCESS:      26879  HIT:      26879  MISS:          0  HIT %:        100  MISS %:          0   MPKI: 0
PSCL4 PREFETCH  REQUESTED:          0  ISSUED:          0  USEFUL:          0  USELESS:          0
PSCL4 USEFUL LOAD PREFETCHES:          0 PREFETCH ISSUED TO LOWER LEVEL:          0  ACCURACY: -nan
PSCL4 TIMELY PREFETCHES:          0 LATE PREFETCHES: 0 DROPPED PREFETCHES: 0
PSCL4 PREFETCHES SAME FILL-ORIGIN LEVEL: 0 DIFFERENT FILL-ORIGIN LEVEL: 0

PSCL3 TOTAL     ACCESS:     806691  HIT:     782379  MISS:      24312  HIT %:    96.9862  MISS %:    3.01379   MPKI: 0.12156
PSCL3 LOAD TRANSLATION ACCESS:     773205  HIT:     748893  MISS:      24312  HIT %:    96.8557  MISS %:    3.14431   MPKI: 0.12156
PSCL3 TRANSLATION FROM L1D PREFETCHER ACCESS:      33486  HIT:      33486  MISS:          0  HIT %:        100  MISS %:          0   MPKI: 0
PSCL3 PREFETCH  REQUESTED:          0  ISSUED:          0  USEFUL:          0  USELESS:          0
PSCL3 USEFUL LOAD PREFETCHES:          0 PREFETCH ISSUED TO LOWER LEVEL:          0  ACCURACY: -nan
PSCL3 TIMELY PREFETCHES:          0 LATE PREFETCHES: 0 DROPPED PREFETCHES: 0
PSCL3 PREFETCHES SAME FILL-ORIGIN LEVEL: 0 DIFFERENT FILL-ORIGIN LEVEL: 0

PSCL2 TOTAL     ACCESS:     803747  HIT:     300693  MISS:     503054  HIT %:    37.4114  MISS %:    62.5886   MPKI: 2.51527
PSCL2 LOAD TRANSLATION ACCESS:     779469  HIT:     276415  MISS:     503054  HIT %:     35.462  MISS %:     64.538   MPKI: 2.51527
PSCL2 TRANSLATION FROM L1D PREFETCHER ACCESS:      24278  HIT:      24278  MISS:          0  HIT %:        100  MISS %:          0   MPKI: 0
PSCL2 PREFETCH  REQUESTED:          0  ISSUED:          0  USEFUL:          0  USELESS:          0
PSCL2 USEFUL LOAD PREFETCHES:          0 PREFETCH ISSUED TO LOWER LEVEL:          0  ACCURACY: -nan
PSCL2 TIMELY PREFETCHES:          0 LATE PREFETCHES: 0 DROPPED PREFETCHES: 0
PSCL2 PREFETCHES SAME FILL-ORIGIN LEVEL: 0 DIFFERENT FILL-ORIGIN LEVEL: 0

LLC TOTAL     ACCESS:    5814391  HIT:    1362353  MISS:    4452038  HIT %:    23.4307  MISS %:    76.5693   MPKI: 22.2602
LLC LOAD      ACCESS:    2928181  HIT:    1012184  MISS:    1915997  HIT %:     34.567  MISS %:     65.433   MPKI: 9.57999
LLC RFO       ACCESS:     959512  HIT:      26564  MISS:     932948  HIT %:    2.76849  MISS %:    97.2315   MPKI: 4.66474
LLC PREFETCH  ACCESS:     188506  HIT:       8871  MISS:     179635  HIT %:    4.70595  MISS %:     95.294   MPKI: 0.898175
AGUS PREFETCH L1 MISS: 0
LLC WRITEBACK ACCESS:    1316169  HIT:     227815  MISS:    1088354  HIT %:    17.3089  MISS %:    82.6911   MPKI: 5.44177
LLC LOAD TRANSLATION ACCESS:     420691  HIT:      86780  MISS:     333911  HIT %:     20.628  MISS %:     79.372   MPKI: 1.66955
LLC TRANSLATION FROM L1D PREFETCHER ACCESS:       1332  HIT:        139  MISS:       1193  HIT %:    10.4354  MISS %:    89.5646   MPKI: 0.005965
LLC PREFETCH  REQUESTED:          0  ISSUED:          0  USEFUL:        904  USELESS:      47602
LLC USEFUL LOAD PREFETCHES:        904 PREFETCH ISSUED TO LOWER LEVEL:     179635  ACCURACY: 0.503243
LLC TIMELY PREFETCHES:        904 LATE PREFETCHES: 0 DROPPED PREFETCHES: 0
LLC PREFETCHES SAME FILL-ORIGIN LEVEL: 0 DIFFERENT FILL-ORIGIN LEVEL: 0
LLC AVERAGE MISS LATENCY:    134.339 cycles AVERAGE LOAD MISS LATENCY:    178.442 cycles Load Miss    1915997
LLC Average MSHR Occupancy:    0.74528
LLC RQ	ACCESS:    4309715	FORWARD:          0	MERGED:          0	TO_CACHE:    4309715
LLC WQ	ACCESS:    1316169	FORWARD:          0	MERGED:          0	TO_CACHE:    1316169
LLC PQ	ACCESS:     188506	FORWARD:          0	MERGED:          0	TO_CACHE:     188506

LLC Dense regions hint to LLC: 0

RAW hits: 2309979
Loads Generated: 48059659
Loads sent to L1D: 45749680
Stores Generated: 24868032
Stores sent to L1D: 24868033
Major fault: 0 Minor fault: 214974
Allocated PAGES: 214974
================ Mockingjay (LLC) Pollution Stats ================
Total pollution count in LLC: 42151
==================================================================

DRAM Statistics
 CHANNEL 0
 RQ ROW_BUFFER_HIT:     762122  ROW_BUFFER_MISS:    2601555
 DBUS_CONGESTED:       2704
 WQ ROW_BUFFER_HIT:     476573  ROW_BUFFER_MISS:     815332  FULL:       2150

 AVG_CONGESTED_CYCLE: 4
 All warmup complete: 2
Channel 0 Bank busy for read cycles: 0
Channel 0 Bank busy for write cycles: 0
Channel 0
Rank 0
0banks busy for read cycles: 375748750
0banks busy for write cycles: 497327
1banks busy for read cycles: 197821031
1banks busy for write cycles: 87867535
2banks busy for read cycles: 50653412
2banks busy for write cycles: 31067096
3banks busy for read cycles: 14260422
3banks busy for write cycles: 11232562
4banks busy for read cycles: 5714014
4banks busy for write cycles: 4933707
5banks busy for read cycles: 2737459
5banks busy for write cycles: 2603136
6banks busy for read cycles: 1979668
6banks busy for write cycles: 1614395
7banks busy for read cycles: 1546584
7banks busy for write cycles: 1286331
8banks busy for read cycles: 3477166
8banks busy for write cycles: 2942470

CPU 0 Branch Prediction Accuracy: 90.6424% MPKI: 14.8795 Average ROB Occupancy at Mispredict: 12.9839
Branch types
NOT_BRANCH: 168197441 84.0987%
BRANCH_DIRECT_JUMP: 2796739 1.39837%
BRANCH_INDIRECT: 158939 0.0794695%
BRANCH_CONDITIONAL: 26105015 13.0525%
BRANCH_DIRECT_CALL: 1180700 0.59035%
BRANCH_INDIRECT_CALL: 185590 0.092795%
BRANCH_RETURN: 1370873 0.685437%
BRANCH_OTHER: 4062 0.002031%

===================== LRU L1D STATS =====================
Total pollution count in L1D: 259417
=========================================================
================ SRRIP (L2C) Pollution Stats ================
Total pollution count in L2c: 4265253
==================================================================
DRAM PAGES: 1048576
Allocated PAGES: 214974
