
*** ChampSim Multicore Out-of-Order Simulator ***

Warmup Instructions: 200000000
Simulation Instructions: 200000000
Number of CPUs: 1
LLC sets: 4096
LLC ways: 12
Off-chip DRAM Size: 4096 MB Channels: 1 Width: 64-bit Data Rate: 6400 MT/s
CPU 0 runs /home1/sweta/traces/DPC4-Traces/Google_Traces_v2/Google_Traces_v2/sierra.a.4/sierra.a.4_0001.champsim.gz
.gz
BTB has LRU replacement policy
ITLB has LRU replacement policy
DTLB has LRU replacement policy
STLB has LRU replacement policy
L1I has LRU replacement policy
History Sets: 8
History Ways: 16
BERTI Size: 16
BERTI Stride Size: 16
L1D has LRU replacement policy
Initialize SRRIP state for L2C
Initialize Mockingjay state for LLC
Heartbeat CPU 0 instructions: 10000005 cycles: 2537536 heartbeat IPC: 3.94083 cumulative IPC: 3.94083 (Simulation time: 0 hr 0 min 27 sec) 
Heartbeat CPU 0 instructions: 20000001 cycles: 5083117 heartbeat IPC: 3.92837 cumulative IPC: 3.93459 (Simulation time: 0 hr 0 min 52 sec) 
Heartbeat CPU 0 instructions: 30000007 cycles: 7564593 heartbeat IPC: 4.02986 cumulative IPC: 3.96585 (Simulation time: 0 hr 1 min 18 sec) 
Heartbeat CPU 0 instructions: 40000004 cycles: 10104572 heartbeat IPC: 3.93704 cumulative IPC: 3.9586 (Simulation time: 0 hr 1 min 44 sec) 
Heartbeat CPU 0 instructions: 50000007 cycles: 12638422 heartbeat IPC: 3.94656 cumulative IPC: 3.95619 (Simulation time: 0 hr 2 min 9 sec) 
Heartbeat CPU 0 instructions: 60000003 cycles: 15242727 heartbeat IPC: 3.83979 cumulative IPC: 3.9363 (Simulation time: 0 hr 2 min 36 sec) 
Heartbeat CPU 0 instructions: 70000007 cycles: 17807354 heartbeat IPC: 3.8992 cumulative IPC: 3.93096 (Simulation time: 0 hr 3 min 2 sec) 
Heartbeat CPU 0 instructions: 80000007 cycles: 20321390 heartbeat IPC: 3.97767 cumulative IPC: 3.93674 (Simulation time: 0 hr 3 min 27 sec) 
Heartbeat CPU 0 instructions: 90000000 cycles: 22943605 heartbeat IPC: 3.81357 cumulative IPC: 3.92266 (Simulation time: 0 hr 3 min 54 sec) 
Heartbeat CPU 0 instructions: 100000000 cycles: 25477482 heartbeat IPC: 3.94652 cumulative IPC: 3.92503 (Simulation time: 0 hr 4 min 20 sec) 
Heartbeat CPU 0 instructions: 110000007 cycles: 28077888 heartbeat IPC: 3.84556 cumulative IPC: 3.91767 (Simulation time: 0 hr 4 min 48 sec) 
Heartbeat CPU 0 instructions: 120000000 cycles: 30677723 heartbeat IPC: 3.8464 cumulative IPC: 3.91163 (Simulation time: 0 hr 5 min 15 sec) 
Heartbeat CPU 0 instructions: 130000007 cycles: 33296950 heartbeat IPC: 3.81792 cumulative IPC: 3.90426 (Simulation time: 0 hr 5 min 39 sec) 
Heartbeat CPU 0 instructions: 140000004 cycles: 35905187 heartbeat IPC: 3.83401 cumulative IPC: 3.89916 (Simulation time: 0 hr 6 min 5 sec) 
Heartbeat CPU 0 instructions: 150000004 cycles: 38640357 heartbeat IPC: 3.65608 cumulative IPC: 3.88195 (Simulation time: 0 hr 6 min 32 sec) 
Heartbeat CPU 0 instructions: 160000000 cycles: 41191932 heartbeat IPC: 3.91915 cumulative IPC: 3.88426 (Simulation time: 0 hr 6 min 57 sec) 
Heartbeat CPU 0 instructions: 170000007 cycles: 43986447 heartbeat IPC: 3.57844 cumulative IPC: 3.86483 (Simulation time: 0 hr 7 min 24 sec) 
Heartbeat CPU 0 instructions: 180000000 cycles: 46562987 heartbeat IPC: 3.88117 cumulative IPC: 3.86573 (Simulation time: 0 hr 7 min 49 sec) 
Heartbeat CPU 0 instructions: 190000006 cycles: 49187124 heartbeat IPC: 3.81078 cumulative IPC: 3.8628 (Simulation time: 0 hr 8 min 14 sec) 
Heartbeat CPU 0 instructions: 200000005 cycles: 51741704 heartbeat IPC: 3.91454 cumulative IPC: 3.86535 (Simulation time: 0 hr 8 min 39 sec) 

Warmup complete CPU 0 instructions: 200000005 cycles: 51741704 (Simulation time: 0 hr 8 min 39 sec) 

Heartbeat CPU 0 instructions: 210000003 cycles: 93732962 heartbeat IPC: 0.238145 cumulative IPC: 0.238145 (Simulation time: 0 hr 9 min 13 sec) 
Heartbeat CPU 0 instructions: 220000004 cycles: 141666493 heartbeat IPC: 0.208622 cumulative IPC: 0.222408 (Simulation time: 0 hr 9 min 48 sec) 
Heartbeat CPU 0 instructions: 230000001 cycles: 186841122 heartbeat IPC: 0.221363 cumulative IPC: 0.222059 (Simulation time: 0 hr 10 min 26 sec) 
Heartbeat CPU 0 instructions: 240000001 cycles: 230712415 heartbeat IPC: 0.227939 cumulative IPC: 0.2235 (Simulation time: 0 hr 11 min 1 sec) 
Heartbeat CPU 0 instructions: 250000004 cycles: 275196603 heartbeat IPC: 0.224799 cumulative IPC: 0.223759 (Simulation time: 0 hr 11 min 34 sec) 
Heartbeat CPU 0 instructions: 260000003 cycles: 311110399 heartbeat IPC: 0.278444 cumulative IPC: 0.231331 (Simulation time: 0 hr 12 min 6 sec) 
Heartbeat CPU 0 instructions: 270000000 cycles: 356623482 heartbeat IPC: 0.219717 cumulative IPC: 0.229597 (Simulation time: 0 hr 12 min 42 sec) 
Heartbeat CPU 0 instructions: 280000004 cycles: 398294490 heartbeat IPC: 0.239975 cumulative IPC: 0.230845 (Simulation time: 0 hr 13 min 19 sec) 
Heartbeat CPU 0 instructions: 290000002 cycles: 429588575 heartbeat IPC: 0.319549 cumulative IPC: 0.238192 (Simulation time: 0 hr 13 min 54 sec) 
Heartbeat CPU 0 instructions: 300000006 cycles: 461453296 heartbeat IPC: 0.313827 cumulative IPC: 0.244074 (Simulation time: 0 hr 14 min 29 sec) 
Heartbeat CPU 0 instructions: 310000006 cycles: 500337445 heartbeat IPC: 0.257174 cumulative IPC: 0.24521 (Simulation time: 0 hr 15 min 5 sec) 
Heartbeat CPU 0 instructions: 320000000 cycles: 530765861 heartbeat IPC: 0.32864 cumulative IPC: 0.250509 (Simulation time: 0 hr 15 min 39 sec) 
Heartbeat CPU 0 instructions: 330000004 cycles: 572137726 heartbeat IPC: 0.24171 cumulative IPC: 0.24981 (Simulation time: 0 hr 16 min 15 sec) 
Heartbeat CPU 0 instructions: 340000006 cycles: 618119866 heartbeat IPC: 0.217476 cumulative IPC: 0.247185 (Simulation time: 0 hr 16 min 51 sec) 
Heartbeat CPU 0 instructions: 350000000 cycles: 654425269 heartbeat IPC: 0.275441 cumulative IPC: 0.248887 (Simulation time: 0 hr 17 min 22 sec) 
Heartbeat CPU 0 instructions: 360000000 cycles: 676898460 heartbeat IPC: 0.444975 cumulative IPC: 0.255936 (Simulation time: 0 hr 17 min 57 sec) 
Heartbeat CPU 0 instructions: 370000000 cycles: 696946710 heartbeat IPC: 0.498797 cumulative IPC: 0.263482 (Simulation time: 0 hr 18 min 28 sec) 
Heartbeat CPU 0 instructions: 380000002 cycles: 745353066 heartbeat IPC: 0.206584 cumulative IPC: 0.259511 (Simulation time: 0 hr 19 min 0 sec) 
Heartbeat CPU 0 instructions: 390000001 cycles: 791839773 heartbeat IPC: 0.215115 cumulative IPC: 0.256723 (Simulation time: 0 hr 19 min 31 sec) 
Heartbeat CPU 0 instructions: 400000002 cycles: 826994341 heartbeat IPC: 0.284458 cumulative IPC: 0.25798 (Simulation time: 0 hr 20 min 1 sec) 
Finished CPU 0 instructions: 200000001 cycles: 775252643 cumulative IPC: 0.25798 (Simulation time: 0 hr 20 min 1 sec) 

ChampSim completed all CPUs

Region of Interest Statistics

CPU 0 cumulative IPC: 0.25798 instructions: 200000001 cycles: 775252643
ITLB TOTAL     ACCESS:   21895145  HIT:   21404222  MISS:     490923  HIT %:    97.7578  MISS %:    2.24215   MPKI: 2.45461
ITLB LOAD TRANSLATION ACCESS:   21895145  HIT:   21404222  MISS:     490923  HIT %:    97.7578  MISS %:    2.24215   MPKI: 2.45461
ITLB PREFETCH  REQUESTED:          0  ISSUED:          0  USEFUL:          0  USELESS:          0
ITLB USEFUL LOAD PREFETCHES:          0 PREFETCH ISSUED TO LOWER LEVEL:          0  ACCURACY: -nan
ITLB TIMELY PREFETCHES:          0 LATE PREFETCHES: 0 DROPPED PREFETCHES: 0
ITLB PREFETCHES SAME FILL-ORIGIN LEVEL: 0 DIFFERENT FILL-ORIGIN LEVEL: 0
ITLB AVERAGE MISS LATENCY:    31.3821 cycles AVERAGE LOAD MISS LATENCY:       -nan cycles Load Miss          0
ITLB Average MSHR Occupancy:  0.0200277
ITLB RQ	ACCESS:   25937187	FORWARD:          0	MERGED:    3634681	TO_CACHE:   22302506

DTLB TOTAL     ACCESS:   42988682  HIT:   40810907  MISS:    2177775  HIT %:    94.9341  MISS %:    5.06593   MPKI: 10.8889
DTLB LOAD TRANSLATION ACCESS:   42988682  HIT:   40810907  MISS:    2177775  HIT %:    94.9341  MISS %:    5.06593   MPKI: 10.8889
DTLB PREFETCH  REQUESTED:          0  ISSUED:          0  USEFUL:          0  USELESS:          0
DTLB USEFUL LOAD PREFETCHES:          0 PREFETCH ISSUED TO LOWER LEVEL:          0  ACCURACY: -nan
DTLB TIMELY PREFETCHES:          0 LATE PREFETCHES: 0 DROPPED PREFETCHES: 0
DTLB PREFETCHES SAME FILL-ORIGIN LEVEL: 0 DIFFERENT FILL-ORIGIN LEVEL: 0
DTLB AVERAGE MISS LATENCY:    61.3568 cycles AVERAGE LOAD MISS LATENCY:       -nan cycles Load Miss          0
DTLB Average MSHR Occupancy:   0.166658
DTLB RQ	ACCESS:   56977612	FORWARD:          0	MERGED:   13563657	TO_CACHE:   43413955

STLB TOTAL     ACCESS:    3756739  HIT:    2967031  MISS:     789708  HIT %:    78.9789  MISS %:    21.0211   MPKI: 3.94854
STLB LOAD TRANSLATION ACCESS:    2668698  HIT:    1880379  MISS:     788319  HIT %:    70.4605  MISS %:    29.5395   MPKI: 3.94159
STLB TRANSLATION FROM L1D PREFETCHER ACCESS:    1088041  HIT:    1086652  MISS:       1389  HIT %:    99.8723  MISS %:   0.127661   MPKI: 0.006945
STLB PREFETCH  REQUESTED:          0  ISSUED:          0  USEFUL:        812  USELESS:        578
STLB USEFUL LOAD PREFETCHES:        812 PREFETCH ISSUED TO LOWER LEVEL:          0  ACCURACY: inf
STLB TIMELY PREFETCHES:        812 LATE PREFETCHES: 135 DROPPED PREFETCHES: 43058
STLB PREFETCHES SAME FILL-ORIGIN LEVEL: 0 DIFFERENT FILL-ORIGIN LEVEL: 0
STLB AVERAGE MISS LATENCY:    158.296 cycles AVERAGE LOAD MISS LATENCY:       -nan cycles Load Miss          0
STLB Average MSHR Occupancy:    0.15904
STLB RQ	ACCESS:    8352374	FORWARD:          0	MERGED:    4544086	TO_CACHE:    3808288

STLB Hit, L1D data hit: 0
STLB Hit, L2C data hit: 0
STLB Hit, LLC data hit: 0
STLB Hit, LLC data miss: 0
STLB STLB hints to L2: 0
L1D TOTAL     ACCESS:   58000585  HIT:   52646781  MISS:    5353804  HIT %:    90.7694  MISS %:     9.2306   MPKI: 26.769
L1D LOAD      ACCESS:   31659402  HIT:   28839442  MISS:    2819960  HIT %:    91.0928  MISS %:    8.90718   MPKI: 14.0998
L1D RFO       ACCESS:   22293952  HIT:   20291879  MISS:    2002073  HIT %:    91.0197  MISS %:    8.98034   MPKI: 10.0104
L1D PREFETCH  ACCESS:    4047231  HIT:    3515460  MISS:     531771  HIT %:    86.8609  MISS %:    13.1391   MPKI: 2.65885
AGUS PREFETCH L1 MISS: 0
L1D PREFETCH  REQUESTED:   18018912  ISSUED:   11871400  USEFUL:     487010  USELESS:      44766
L1D USEFUL LOAD PREFETCHES:     487010 PREFETCH ISSUED TO LOWER LEVEL:    1773883  ACCURACY: 27.4545
L1D TIMELY PREFETCHES:     487010 LATE PREFETCHES: 34711 DROPPED PREFETCHES: 133342
L1D PREFETCHES SAME FILL-ORIGIN LEVEL: 567273 DIFFERENT FILL-ORIGIN LEVEL: 1206610
L1D AVERAGE MISS LATENCY:    99.1739 cycles AVERAGE LOAD MISS LATENCY:    88.3462 cycles Load Miss    2819960
L1D Average MSHR Occupancy:   0.702576
L1D RQ	ACCESS:   46984151	FORWARD:          0	MERGED:   14560164	TO_CACHE:   31838565
L1D WQ	ACCESS:   25670608	FORWARD:     585500	MERGED:     531561	TO_CACHE:   25139047
L1D PQ	ACCESS:    6187724	FORWARD:          0	MERGED:     503970	TO_CACHE:    5683676

L1D UNIQUE REGIONS ACCESSED: 0
L1D REGIONS CONFLICTS: 0
L1D Cross Page Prefetch Requests: 1481091
L1D Same Page Prefetch Requests: 11111677
L1D ROI Sum of L1D PQ occupancy: 122011647
L1D PREFETCHES PUSHED FROM L2C: 0
L1I TOTAL     ACCESS:   25622523  HIT:   11834512  MISS:   13788011  HIT %:    46.1879  MISS %:    53.8121   MPKI: 68.9401
L1I LOAD      ACCESS:   25622523  HIT:   11834512  MISS:   13788011  HIT %:    46.1879  MISS %:    53.8121   MPKI: 68.9401
L1I PREFETCH  REQUESTED:          0  ISSUED:          0  USEFUL:          0  USELESS:          0
L1I USEFUL LOAD PREFETCHES:          0 PREFETCH ISSUED TO LOWER LEVEL:          0  ACCURACY: -nan
L1I TIMELY PREFETCHES:          0 LATE PREFETCHES: 0 DROPPED PREFETCHES: 0
L1I PREFETCHES SAME FILL-ORIGIN LEVEL: 0 DIFFERENT FILL-ORIGIN LEVEL: 0
L1I AVERAGE MISS LATENCY:    31.7916 cycles AVERAGE LOAD MISS LATENCY:    31.7916 cycles Load Miss   13788011
L1I Average MSHR Occupancy:    0.56303
L1I RQ	ACCESS:   45400335	FORWARD:          0	MERGED:   19463148	TO_CACHE:   25937187

BTB TOTAL     ACCESS:   15495315  HIT:   12145176  MISS:    3350139  HIT %:    78.3797  MISS %:    21.6203   MPKI: 16.7507
BTB BRANCH_DIRECT_JUMP	ACCESS:    2785661  HIT:    2035965  MISS:     749696
BTB BRANCH_INDIRECT	ACCESS:     161849  HIT:      90618  MISS:      71231
BTB BRANCH_CONDITIONAL	ACCESS:    9647556  HIT:    8957320  MISS:     690236
BTB BRANCH_DIRECT_CALL	ACCESS:    1259179  HIT:     656148  MISS:     603031
BTB BRANCH_INDIRECT_CALL	ACCESS:     186566  HIT:      79343  MISS:     107223
BTB BRANCH_RETURN	ACCESS:    1450437  HIT:     324559  MISS:    1125878
BTB BRANCH_OTHER ACCESS:       4067  HIT:       1223  MISS:       2844

L2C TOTAL     ACCESS:   24348177  HIT:   19896173  MISS:    4452004  HIT %:    81.7152  MISS %:    18.2848   MPKI: 22.26
L2C LOAD      ACCESS:   16572955  HIT:   13735436  MISS:    2837519  HIT %:    82.8786  MISS %:    17.1214   MPKI: 14.1876
L2C DATA LOAD MPKI: 5.01267
L2C INSTRUCTION LOAD MPKI: 9.17492
L2C RFO       ACCESS:    2002003  HIT:     995671  MISS:    1006332  HIT %:    49.7337  MISS %:    50.2663   MPKI: 5.03166
L2C PREFETCH  ACCESS:    1573606  HIT:    1388165  MISS:     185441  HIT %:    88.2155  MISS %:    11.7845   MPKI: 0.927205
AGUS PREFETCH L1 MISS: 0
L2C DATA PREFETCH MPKI: 0.927205
L2C INSTRUCTION PREFETCH MPKI: 0
L2C WRITEBACK ACCESS:    2793697  HIT:    2787560  MISS:       6137  HIT %:    99.7803  MISS %:   0.219673   MPKI: 0.030685
L2C LOAD TRANSLATION ACCESS:    1333898  HIT:     918787  MISS:     415111  HIT %:    68.8799  MISS %:    31.1201   MPKI: 2.07555
L2C TRANSLATION FROM L1D PREFETCHER ACCESS:      72018  HIT:      70554  MISS:       1464  HIT %:    97.9672  MISS %:    2.03283   MPKI: 0.00732
L2C PREFETCH  REQUESTED:          0  ISSUED:          0  USEFUL:      44651  USELESS:     143754
L2C USEFUL LOAD PREFETCHES:      44651 PREFETCH ISSUED TO LOWER LEVEL:     196831  ACCURACY: 22.6849
L2C TIMELY PREFETCHES:      44651 LATE PREFETCHES: 11390 DROPPED PREFETCHES: 0
L2C PREFETCHES SAME FILL-ORIGIN LEVEL: 141981 DIFFERENT FILL-ORIGIN LEVEL: 0
L2C AVERAGE MISS LATENCY:    179.679 cycles AVERAGE LOAD MISS LATENCY:    158.754 cycles Load Miss    2837519
L2C Average MSHR Occupancy:    1.02441
L2C RQ	ACCESS:   19981229	FORWARD:          0	MERGED:          0	TO_CACHE:   19980875
L2C WQ	ACCESS:    2793697	FORWARD:        533	MERGED:          0	TO_CACHE:    2793697
L2C PQ	ACCESS:    1766750	FORWARD:          0	MERGED:      20887	TO_CACHE:    1745684

L2C Instructions Evicting Data 887141
L2C Translations Evicting Data 203338
L2C Data Evicting Data 1118355
L2C Instructions Evicting Instructions 774957
L2C Translations Evicting Instructions 172379
L2C Data Evicting Instructions 875367
L2C Instructions Evicting Translations 172887
L2C Translations Evicting Translations 40858
L2C Data Evicting Translations 200585
L2C Dense regions hint from L2: 0
PSCL5 TOTAL     ACCESS:     832882  HIT:     832882  MISS:          0  HIT %:        100  MISS %:          0   MPKI: 0
PSCL5 LOAD TRANSLATION ACCESS:     788300  HIT:     788300  MISS:          0  HIT %:        100  MISS %:          0   MPKI: 0
PSCL5 TRANSLATION FROM L1D PREFETCHER ACCESS:      44582  HIT:      44582  MISS:          0  HIT %:        100  MISS %:          0   MPKI: 0
PSCL5 PREFETCH  REQUESTED:          0  ISSUED:          0  USEFUL:          0  USELESS:          0
PSCL5 USEFUL LOAD PREFETCHES:          0 PREFETCH ISSUED TO LOWER LEVEL:          0  ACCURACY: -nan
PSCL5 TIMELY PREFETCHES:          0 LATE PREFETCHES: 0 DROPPED PREFETCHES: 0
PSCL5 PREFETCHES SAME FILL-ORIGIN LEVEL: 0 DIFFERENT FILL-ORIGIN LEVEL: 0

PSCL4 TOTAL     ACCESS:     619798  HIT:     609951  MISS:       9847  HIT %:    98.4113  MISS %:    1.58874   MPKI: 0.049235
PSCL4 LOAD TRANSLATION ACCESS:     583388  HIT:     573541  MISS:       9847  HIT %:    98.3121  MISS %:     1.6879   MPKI: 0.049235
PSCL4 TRANSLATION FROM L1D PREFETCHER ACCESS:      36410  HIT:      36410  MISS:          0  HIT %:        100  MISS %:          0   MPKI: 0
PSCL4 PREFETCH  REQUESTED:          0  ISSUED:          0  USEFUL:          0  USELESS:          0
PSCL4 USEFUL LOAD PREFETCHES:          0 PREFETCH ISSUED TO LOWER LEVEL:          0  ACCURACY: -nan
PSCL4 TIMELY PREFETCHES:          0 LATE PREFETCHES: 0 DROPPED PREFETCHES: 0
PSCL4 PREFETCHES SAME FILL-ORIGIN LEVEL: 0 DIFFERENT FILL-ORIGIN LEVEL: 0

PSCL3 TOTAL     ACCESS:     826246  HIT:     803139  MISS:      23107  HIT %:    97.2034  MISS %:    2.79662   MPKI: 0.115535
PSCL3 LOAD TRANSLATION ACCESS:     783048  HIT:     759941  MISS:      23107  HIT %:    97.0491  MISS %:     2.9509   MPKI: 0.115535
PSCL3 TRANSLATION FROM L1D PREFETCHER ACCESS:      43198  HIT:      43198  MISS:          0  HIT %:        100  MISS %:          0   MPKI: 0
PSCL3 PREFETCH  REQUESTED:          0  ISSUED:          0  USEFUL:          0  USELESS:          0
PSCL3 USEFUL LOAD PREFETCHES:          0 PREFETCH ISSUED TO LOWER LEVEL:          0  ACCURACY: -nan
PSCL3 TIMELY PREFETCHES:          0 LATE PREFETCHES: 0 DROPPED PREFETCHES: 0
PSCL3 PREFETCHES SAME FILL-ORIGIN LEVEL: 0 DIFFERENT FILL-ORIGIN LEVEL: 0

PSCL2 TOTAL     ACCESS:     807596  HIT:     293698  MISS:     513898  HIT %:    36.3669  MISS %:    63.6331   MPKI: 2.56949
PSCL2 LOAD TRANSLATION ACCESS:     788785  HIT:     274887  MISS:     513898  HIT %:    34.8494  MISS %:    65.1506   MPKI: 2.56949
PSCL2 TRANSLATION FROM L1D PREFETCHER ACCESS:      18811  HIT:      18811  MISS:          0  HIT %:        100  MISS %:          0   MPKI: 0
PSCL2 PREFETCH  REQUESTED:          0  ISSUED:          0  USEFUL:          0  USELESS:          0
PSCL2 USEFUL LOAD PREFETCHES:          0 PREFETCH ISSUED TO LOWER LEVEL:          0  ACCURACY: -nan
PSCL2 TIMELY PREFETCHES:          0 LATE PREFETCHES: 0 DROPPED PREFETCHES: 0
PSCL2 PREFETCHES SAME FILL-ORIGIN LEVEL: 0 DIFFERENT FILL-ORIGIN LEVEL: 0

LLC TOTAL     ACCESS:    5809775  HIT:    1362913  MISS:    4446862  HIT %:     23.459  MISS %:     76.541   MPKI: 22.2343
LLC LOAD      ACCESS:    2826187  HIT:    1018988  MISS:    1807199  HIT %:    36.0552  MISS %:    63.9448   MPKI: 9.03599
LLC RFO       ACCESS:    1006272  HIT:      21770  MISS:     984502  HIT %:    2.16343  MISS %:    97.8366   MPKI: 4.92251
LLC PREFETCH  ACCESS:     196831  HIT:       3006  MISS:     193825  HIT %:     1.5272  MISS %:    98.4728   MPKI: 0.969125
AGUS PREFETCH L1 MISS: 0
LLC WRITEBACK ACCESS:    1363910  HIT:     231129  MISS:    1132781  HIT %:    16.9461  MISS %:    83.0539   MPKI: 5.6639
LLC LOAD TRANSLATION ACCESS:     415111  HIT:      87896  MISS:     327215  HIT %:    21.1741  MISS %:    78.8259   MPKI: 1.63607
LLC TRANSLATION FROM L1D PREFETCHER ACCESS:       1464  HIT:        124  MISS:       1340  HIT %:    8.46995  MISS %:    91.5301   MPKI: 0.0067
LLC PREFETCH  REQUESTED:          0  ISSUED:          0  USEFUL:        908  USELESS:      47627
LLC USEFUL LOAD PREFETCHES:        908 PREFETCH ISSUED TO LOWER LEVEL:     193825  ACCURACY: 0.468464
LLC TIMELY PREFETCHES:        908 LATE PREFETCHES: 0 DROPPED PREFETCHES: 0
LLC PREFETCHES SAME FILL-ORIGIN LEVEL: 0 DIFFERENT FILL-ORIGIN LEVEL: 0
LLC AVERAGE MISS LATENCY:    134.718 cycles AVERAGE LOAD MISS LATENCY:    177.863 cycles Load Miss    1807199
LLC Average MSHR Occupancy:   0.768472
LLC RQ	ACCESS:    4249037	FORWARD:          0	MERGED:          0	TO_CACHE:    4249035
LLC WQ	ACCESS:    1363910	FORWARD:          2	MERGED:          0	TO_CACHE:    1363910
LLC PQ	ACCESS:     196831	FORWARD:          0	MERGED:          0	TO_CACHE:     196831

LLC Dense regions hint to LLC: 0

RAW hits: 2144964
Loads Generated: 49129113
Loads sent to L1D: 46984151
Stores Generated: 25670608
Stores sent to L1D: 25670608
Major fault: 0 Minor fault: 214731
Allocated PAGES: 214731
================ Mockingjay (LLC) Pollution Stats ================
Total pollution count in LLC: 40540
==================================================================

DRAM Statistics
 CHANNEL 0
 RQ ROW_BUFFER_HIT:     797597  ROW_BUFFER_MISS:    2516473
 DBUS_CONGESTED:       2775
 WQ ROW_BUFFER_HIT:     474788  ROW_BUFFER_MISS:     872389  FULL:       2645

 AVG_CONGESTED_CYCLE: 5
 All warmup complete: 2
Channel 0 Bank busy for read cycles: 0
Channel 0 Bank busy for write cycles: 0
Channel 0
Rank 0
0banks busy for read cycles: 361852636
0banks busy for write cycles: 505922
1banks busy for read cycles: 191384429
1banks busy for write cycles: 88276200
2banks busy for read cycles: 46448825
2banks busy for write cycles: 31714842
3banks busy for read cycles: 13234426
3banks busy for write cycles: 11546154
4banks busy for read cycles: 5712338
4banks busy for write cycles: 5117751
5banks busy for read cycles: 2598514
5banks busy for write cycles: 2673947
6banks busy for read cycles: 2033713
6banks busy for write cycles: 1666656
7banks busy for read cycles: 1800796
7banks busy for write cycles: 1376161
8banks busy for read cycles: 4166002
8banks busy for write cycles: 3143332

CPU 0 Branch Prediction Accuracy: 91.0511% MPKI: 14.0686 Average ROB Occupancy at Mispredict: 13.2844
Branch types
NOT_BRANCH: 168557379 84.2787%
BRANCH_DIRECT_JUMP: 2785661 1.39283%
BRANCH_INDIRECT: 161849 0.0809245%
BRANCH_CONDITIONAL: 25594239 12.7971%
BRANCH_DIRECT_CALL: 1259179 0.629589%
BRANCH_INDIRECT_CALL: 186566 0.093283%
BRANCH_RETURN: 1450437 0.725218%
BRANCH_OTHER: 4067 0.0020335%

===================== LRU L1D STATS =====================
Total pollution count in L1D: 309157
=========================================================
================ SRRIP (L2C) Pollution Stats ================
Total pollution count in L2c: 4719614
==================================================================
DRAM PAGES: 1048576
Allocated PAGES: 214731
