
*** ChampSim Multicore Out-of-Order Simulator ***

Warmup Instructions: 200000000
Simulation Instructions: 200000000
Number of CPUs: 1
LLC sets: 4096
LLC ways: 12
Off-chip DRAM Size: 4096 MB Channels: 1 Width: 64-bit Data Rate: 6400 MT/s
CPU 0 runs /home1/sweta/traces/DPC4-Traces/Google_Traces_v2/Google_Traces_v2/sierra.a.6/sierra.a.6_0000.champsim.gz
.gz
BTB has LRU replacement policy
ITLB has LRU replacement policy
DTLB has LRU replacement policy
STLB has LRU replacement policy
L1I has LRU replacement policy
History Sets: 8
History Ways: 16
BERTI Size: 16
BERTI Stride Size: 16
L1D has LRU replacement policy
Initialize SRRIP state for L2C
Initialize Mockingjay state for LLC
Heartbeat CPU 0 instructions: 10000000 cycles: 2517450 heartbeat IPC: 3.97227 cumulative IPC: 3.97227 (Simulation time: 0 hr 0 min 25 sec) 
Heartbeat CPU 0 instructions: 20000007 cycles: 4956830 heartbeat IPC: 4.09941 cumulative IPC: 4.03484 (Simulation time: 0 hr 0 min 52 sec) 
Heartbeat CPU 0 instructions: 30000004 cycles: 7498186 heartbeat IPC: 3.93491 cumulative IPC: 4.00097 (Simulation time: 0 hr 1 min 17 sec) 
Heartbeat CPU 0 instructions: 40000000 cycles: 10043529 heartbeat IPC: 3.92874 cumulative IPC: 3.98266 (Simulation time: 0 hr 1 min 44 sec) 
Heartbeat CPU 0 instructions: 50000002 cycles: 12519454 heartbeat IPC: 4.0389 cumulative IPC: 3.99378 (Simulation time: 0 hr 2 min 8 sec) 
Heartbeat CPU 0 instructions: 60000000 cycles: 15033312 heartbeat IPC: 3.97795 cumulative IPC: 3.99114 (Simulation time: 0 hr 2 min 33 sec) 
Heartbeat CPU 0 instructions: 70000005 cycles: 17545853 heartbeat IPC: 3.98004 cumulative IPC: 3.98955 (Simulation time: 0 hr 3 min 0 sec) 
Heartbeat CPU 0 instructions: 80000002 cycles: 20063109 heartbeat IPC: 3.97258 cumulative IPC: 3.98742 (Simulation time: 0 hr 3 min 26 sec) 
Heartbeat CPU 0 instructions: 90000000 cycles: 22489735 heartbeat IPC: 4.12095 cumulative IPC: 4.00183 (Simulation time: 0 hr 3 min 50 sec) 
Heartbeat CPU 0 instructions: 100000001 cycles: 25077238 heartbeat IPC: 3.86473 cumulative IPC: 3.98768 (Simulation time: 0 hr 4 min 17 sec) 
Heartbeat CPU 0 instructions: 110000005 cycles: 27574504 heartbeat IPC: 4.00438 cumulative IPC: 3.98919 (Simulation time: 0 hr 4 min 45 sec) 
Heartbeat CPU 0 instructions: 120000000 cycles: 30135126 heartbeat IPC: 3.9053 cumulative IPC: 3.98206 (Simulation time: 0 hr 5 min 11 sec) 
Heartbeat CPU 0 instructions: 130000006 cycles: 32747042 heartbeat IPC: 3.82861 cumulative IPC: 3.96982 (Simulation time: 0 hr 5 min 38 sec) 
Heartbeat CPU 0 instructions: 140000003 cycles: 35363693 heartbeat IPC: 3.82168 cumulative IPC: 3.95886 (Simulation time: 0 hr 6 min 5 sec) 
Heartbeat CPU 0 instructions: 150000006 cycles: 37970730 heartbeat IPC: 3.83577 cumulative IPC: 3.95041 (Simulation time: 0 hr 6 min 31 sec) 
Heartbeat CPU 0 instructions: 160000001 cycles: 40659868 heartbeat IPC: 3.71866 cumulative IPC: 3.93508 (Simulation time: 0 hr 6 min 56 sec) 
Heartbeat CPU 0 instructions: 170000000 cycles: 43167113 heartbeat IPC: 3.98844 cumulative IPC: 3.93818 (Simulation time: 0 hr 7 min 21 sec) 
Heartbeat CPU 0 instructions: 180000000 cycles: 45621567 heartbeat IPC: 4.07423 cumulative IPC: 3.9455 (Simulation time: 0 hr 7 min 46 sec) 
Heartbeat CPU 0 instructions: 190000002 cycles: 48176975 heartbeat IPC: 3.91327 cumulative IPC: 3.94379 (Simulation time: 0 hr 8 min 9 sec) 
Heartbeat CPU 0 instructions: 200000003 cycles: 50672598 heartbeat IPC: 4.00702 cumulative IPC: 3.94691 (Simulation time: 0 hr 8 min 33 sec) 

Warmup complete CPU 0 instructions: 200000003 cycles: 50672598 (Simulation time: 0 hr 8 min 33 sec) 

Heartbeat CPU 0 instructions: 210000001 cycles: 82941330 heartbeat IPC: 0.309897 cumulative IPC: 0.309897 (Simulation time: 0 hr 9 min 6 sec) 
Heartbeat CPU 0 instructions: 220000004 cycles: 111905384 heartbeat IPC: 0.345256 cumulative IPC: 0.326622 (Simulation time: 0 hr 9 min 37 sec) 
Heartbeat CPU 0 instructions: 230000000 cycles: 144605065 heartbeat IPC: 0.305813 cumulative IPC: 0.319378 (Simulation time: 0 hr 10 min 8 sec) 
Heartbeat CPU 0 instructions: 240000000 cycles: 171777831 heartbeat IPC: 0.368016 cumulative IPC: 0.330291 (Simulation time: 0 hr 10 min 39 sec) 
Heartbeat CPU 0 instructions: 250000000 cycles: 201138174 heartbeat IPC: 0.340595 cumulative IPC: 0.332302 (Simulation time: 0 hr 11 min 11 sec) 
Heartbeat CPU 0 instructions: 260000001 cycles: 232553071 heartbeat IPC: 0.31832 cumulative IPC: 0.329887 (Simulation time: 0 hr 11 min 42 sec) 
Heartbeat CPU 0 instructions: 270000000 cycles: 269262848 heartbeat IPC: 0.272407 cumulative IPC: 0.320234 (Simulation time: 0 hr 12 min 15 sec) 
Heartbeat CPU 0 instructions: 280000002 cycles: 300843253 heartbeat IPC: 0.316652 cumulative IPC: 0.319782 (Simulation time: 0 hr 12 min 47 sec) 
Heartbeat CPU 0 instructions: 290000003 cycles: 334179034 heartbeat IPC: 0.299978 cumulative IPC: 0.317453 (Simulation time: 0 hr 13 min 19 sec) 
Heartbeat CPU 0 instructions: 300000003 cycles: 368270294 heartbeat IPC: 0.29333 cumulative IPC: 0.314864 (Simulation time: 0 hr 13 min 52 sec) 
Heartbeat CPU 0 instructions: 310000001 cycles: 398706769 heartbeat IPC: 0.328553 cumulative IPC: 0.316061 (Simulation time: 0 hr 14 min 25 sec) 
Heartbeat CPU 0 instructions: 320000006 cycles: 430026841 heartbeat IPC: 0.319284 cumulative IPC: 0.316327 (Simulation time: 0 hr 15 min 0 sec) 
Heartbeat CPU 0 instructions: 330000000 cycles: 459894640 heartbeat IPC: 0.334809 cumulative IPC: 0.317676 (Simulation time: 0 hr 15 min 32 sec) 
Heartbeat CPU 0 instructions: 340000000 cycles: 489801796 heartbeat IPC: 0.334368 cumulative IPC: 0.318813 (Simulation time: 0 hr 16 min 4 sec) 
Heartbeat CPU 0 instructions: 350000006 cycles: 516991773 heartbeat IPC: 0.367783 cumulative IPC: 0.321668 (Simulation time: 0 hr 16 min 34 sec) 
Heartbeat CPU 0 instructions: 360000000 cycles: 552585034 heartbeat IPC: 0.280952 cumulative IPC: 0.318781 (Simulation time: 0 hr 17 min 6 sec) 
Heartbeat CPU 0 instructions: 370000000 cycles: 587505051 heartbeat IPC: 0.286369 cumulative IPC: 0.316672 (Simulation time: 0 hr 17 min 37 sec) 
Heartbeat CPU 0 instructions: 380000002 cycles: 616345659 heartbeat IPC: 0.346733 cumulative IPC: 0.318205 (Simulation time: 0 hr 18 min 7 sec) 
Heartbeat CPU 0 instructions: 390000004 cycles: 646584455 heartbeat IPC: 0.330701 cumulative IPC: 0.318839 (Simulation time: 0 hr 18 min 37 sec) 
Heartbeat CPU 0 instructions: 400000004 cycles: 680444485 heartbeat IPC: 0.295333 cumulative IPC: 0.317575 (Simulation time: 0 hr 19 min 6 sec) 
Finished CPU 0 instructions: 200000001 cycles: 629771887 cumulative IPC: 0.317575 (Simulation time: 0 hr 19 min 6 sec) 

ChampSim completed all CPUs

Region of Interest Statistics

CPU 0 cumulative IPC: 0.317575 instructions: 200000001 cycles: 629771887
ITLB TOTAL     ACCESS:   20785919  HIT:   20118798  MISS:     667121  HIT %:    96.7905  MISS %:    3.20949   MPKI: 3.3356
ITLB LOAD TRANSLATION ACCESS:   20785919  HIT:   20118798  MISS:     667121  HIT %:    96.7905  MISS %:    3.20949   MPKI: 3.3356
ITLB PREFETCH  REQUESTED:          0  ISSUED:          0  USEFUL:          0  USELESS:          0
ITLB USEFUL LOAD PREFETCHES:          0 PREFETCH ISSUED TO LOWER LEVEL:          0  ACCURACY: -nan
ITLB TIMELY PREFETCHES:          0 LATE PREFETCHES: 0 DROPPED PREFETCHES: 0
ITLB PREFETCHES SAME FILL-ORIGIN LEVEL: 0 DIFFERENT FILL-ORIGIN LEVEL: 0
ITLB AVERAGE MISS LATENCY:    20.0271 cycles AVERAGE LOAD MISS LATENCY:       -nan cycles Load Miss          0
ITLB Average MSHR Occupancy:  0.0207955
ITLB RQ	ACCESS:   24545877	FORWARD:          0	MERGED:    3107934	TO_CACHE:   21437943

DTLB TOTAL     ACCESS:   42294145  HIT:   38986779  MISS:    3307366  HIT %:    92.1801  MISS %:    7.81991   MPKI: 16.5368
DTLB LOAD TRANSLATION ACCESS:   42294145  HIT:   38986779  MISS:    3307366  HIT %:    92.1801  MISS %:    7.81991   MPKI: 16.5368
DTLB PREFETCH  REQUESTED:          0  ISSUED:          0  USEFUL:          0  USELESS:          0
DTLB USEFUL LOAD PREFETCHES:          0 PREFETCH ISSUED TO LOWER LEVEL:          0  ACCURACY: -nan
DTLB TIMELY PREFETCHES:          0 LATE PREFETCHES: 0 DROPPED PREFETCHES: 0
DTLB PREFETCHES SAME FILL-ORIGIN LEVEL: 0 DIFFERENT FILL-ORIGIN LEVEL: 0
DTLB AVERAGE MISS LATENCY:    38.3587 cycles AVERAGE LOAD MISS LATENCY:       -nan cycles Load Miss          0
DTLB Average MSHR Occupancy:   0.197267
DTLB RQ	ACCESS:   55993299	FORWARD:          0	MERGED:   13196809	TO_CACHE:   42796490

STLB TOTAL     ACCESS:    3998202  HIT:    3112387  MISS:     885815  HIT %:    77.8447  MISS %:    22.1553   MPKI: 4.42907
STLB LOAD TRANSLATION ACCESS:    3974487  HIT:    3089249  MISS:     885238  HIT %:     77.727  MISS %:     22.273   MPKI: 4.42619
STLB TRANSLATION FROM L1D PREFETCHER ACCESS:      23715  HIT:      23138  MISS:        577  HIT %:    97.5669  MISS %:    2.43306   MPKI: 0.002885
STLB PREFETCH  REQUESTED:          0  ISSUED:          0  USEFUL:        399  USELESS:        182
STLB USEFUL LOAD PREFETCHES:        399 PREFETCH ISSUED TO LOWER LEVEL:          0  ACCURACY: inf
STLB TIMELY PREFETCHES:        399 LATE PREFETCHES: 7 DROPPED PREFETCHES: 911
STLB PREFETCHES SAME FILL-ORIGIN LEVEL: 0 DIFFERENT FILL-ORIGIN LEVEL: 0
STLB AVERAGE MISS LATENCY:    117.759 cycles AVERAGE LOAD MISS LATENCY:       -nan cycles Load Miss          0
STLB Average MSHR Occupancy:    0.16454
STLB RQ	ACCESS:    4051921	FORWARD:          0	MERGED:      52727	TO_CACHE:    3999194

STLB Hit, L1D data hit: 0
STLB Hit, L2C data hit: 0
STLB Hit, LLC data hit: 0
STLB Hit, LLC data miss: 0
STLB STLB hints to L2: 0
L1D TOTAL     ACCESS:   53593757  HIT:   49555069  MISS:    4038688  HIT %:    92.4643  MISS %:    7.53574   MPKI: 20.1934
L1D LOAD      ACCESS:   30231845  HIT:   27219060  MISS:    3012785  HIT %:    90.0344  MISS %:     9.9656   MPKI: 15.0639
L1D RFO       ACCESS:   23324926  HIT:   22301702  MISS:    1023224  HIT %:    95.6132  MISS %:    4.38683   MPKI: 5.11612
L1D PREFETCH  ACCESS:      36986  HIT:      34307  MISS:       2679  HIT %:    92.7567  MISS %:    7.24328   MPKI: 0.013395
AGUS PREFETCH L1 MISS: 0
L1D PREFETCH  REQUESTED:     175886  ISSUED:     160223  USEFUL:       2101  USELESS:        578
L1D USEFUL LOAD PREFETCHES:       2101 PREFETCH ISSUED TO LOWER LEVEL:      40246  ACCURACY: 5.22039
L1D TIMELY PREFETCHES:       2101 LATE PREFETCHES: 137 DROPPED PREFETCHES: 1541
L1D PREFETCHES SAME FILL-ORIGIN LEVEL: 2817 DIFFERENT FILL-ORIGIN LEVEL: 37429
L1D AVERAGE MISS LATENCY:      97.22 cycles AVERAGE LOAD MISS LATENCY:    88.4935 cycles Load Miss    3012785
L1D Average MSHR Occupancy:   0.628757
L1D RQ	ACCESS:   44708182	FORWARD:          0	MERGED:   13322078	TO_CACHE:   30435416
L1D WQ	ACCESS:   26347530	FORWARD:     950693	MERGED:     789647	TO_CACHE:   25557883
L1D PQ	ACCESS:      82789	FORWARD:          0	MERGED:       5350	TO_CACHE:      77434

L1D UNIQUE REGIONS ACCESSED: 0
L1D REGIONS CONFLICTS: 0
L1D Cross Page Prefetch Requests: 112126
L1D Same Page Prefetch Requests: 230271
L1D ROI Sum of L1D PQ occupancy: 1362837
L1D PREFETCHES PUSHED FROM L2C: 0
L1I TOTAL     ACCESS:   24012301  HIT:    5354132  MISS:   18658169  HIT %:    22.2975  MISS %:    77.7025   MPKI: 93.2908
L1I LOAD      ACCESS:   24012301  HIT:    5354132  MISS:   18658169  HIT %:    22.2975  MISS %:    77.7025   MPKI: 93.2908
L1I PREFETCH  REQUESTED:          0  ISSUED:          0  USEFUL:          0  USELESS:          0
L1I USEFUL LOAD PREFETCHES:          0 PREFETCH ISSUED TO LOWER LEVEL:          0  ACCURACY: -nan
L1I TIMELY PREFETCHES:          0 LATE PREFETCHES: 0 DROPPED PREFETCHES: 0
L1I PREFETCHES SAME FILL-ORIGIN LEVEL: 0 DIFFERENT FILL-ORIGIN LEVEL: 0
L1I AVERAGE MISS LATENCY:    19.5378 cycles AVERAGE LOAD MISS LATENCY:    19.5378 cycles Load Miss   18658169
L1I Average MSHR Occupancy:   0.566825
L1I RQ	ACCESS:   44472517	FORWARD:          0	MERGED:   19926640	TO_CACHE:   24545877

BTB TOTAL     ACCESS:   18148953  HIT:   14227514  MISS:    3921439  HIT %:     78.393  MISS %:     21.607   MPKI: 19.6072
BTB BRANCH_DIRECT_JUMP	ACCESS:    3032173  HIT:    2075780  MISS:     956393
BTB BRANCH_INDIRECT	ACCESS:     240104  HIT:     133585  MISS:     106519
BTB BRANCH_CONDITIONAL	ACCESS:   11284756  HIT:   10547978  MISS:     736778
BTB BRANCH_DIRECT_CALL	ACCESS:    1608879  HIT:    1010027  MISS:     598852
BTB BRANCH_INDIRECT_CALL	ACCESS:     181424  HIT:      78787  MISS:     102637
BTB BRANCH_RETURN	ACCESS:    1796385  HIT:     379329  MISS:    1417056
BTB BRANCH_OTHER ACCESS:       5232  HIT:       2028  MISS:       3204

L2C TOTAL     ACCESS:   26102939  HIT:   23503946  MISS:    2598993  HIT %:    90.0433  MISS %:    9.95671   MPKI: 12.995
L2C LOAD      ACCESS:   21670635  HIT:   19943968  MISS:    1726667  HIT %:    92.0322  MISS %:    7.96777   MPKI: 8.63333
L2C DATA LOAD MPKI: 5.23735
L2C INSTRUCTION LOAD MPKI: 3.39598
L2C RFO       ACCESS:    1023195  HIT:     520939  MISS:     502256  HIT %:     50.913  MISS %:     49.087   MPKI: 2.51128
L2C PREFETCH  ACCESS:      28239  HIT:      13934  MISS:      14305  HIT %:    49.3431  MISS %:    50.6569   MPKI: 0.071525
AGUS PREFETCH L1 MISS: 0
L2C DATA PREFETCH MPKI: 0.071525
L2C INSTRUCTION PREFETCH MPKI: 0
L2C WRITEBACK ACCESS:    1883981  HIT:    1877598  MISS:       6383  HIT %:    99.6612  MISS %:   0.338804   MPKI: 0.031915
L2C LOAD TRANSLATION ACCESS:    1494936  HIT:    1145770  MISS:     349166  HIT %:    76.6434  MISS %:    23.3566   MPKI: 1.74583
L2C TRANSLATION FROM L1D PREFETCHER ACCESS:       1953  HIT:       1737  MISS:        216  HIT %:    88.9401  MISS %:    11.0599   MPKI: 0.00108
L2C PREFETCH  REQUESTED:          0  ISSUED:          0  USEFUL:       4656  USELESS:       9938
L2C USEFUL LOAD PREFETCHES:       4656 PREFETCH ISSUED TO LOWER LEVEL:      16339  ACCURACY: 28.4962
L2C TIMELY PREFETCHES:       4656 LATE PREFETCHES: 2034 DROPPED PREFETCHES: 0
L2C PREFETCHES SAME FILL-ORIGIN LEVEL: 15229 DIFFERENT FILL-ORIGIN LEVEL: 0
L2C AVERAGE MISS LATENCY:    190.716 cycles AVERAGE LOAD MISS LATENCY:    186.397 cycles Load Miss    1726667
L2C Average MSHR Occupancy:   0.784314
L2C RQ	ACCESS:   24190929	FORWARD:          0	MERGED:          0	TO_CACHE:   24190719
L2C WQ	ACCESS:    1883981	FORWARD:        210	MERGED:          0	TO_CACHE:    1883981
L2C PQ	ACCESS:      40246	FORWARD:          0	MERGED:          1	TO_CACHE:      40245

L2C Instructions Evicting Data 387658
L2C Translations Evicting Data 211433
L2C Data Evicting Data 966091
L2C Instructions Evicting Instructions 201781
L2C Translations Evicting Instructions 89982
L2C Data Evicting Instructions 387243
L2C Instructions Evicting Translations 89758
L2C Translations Evicting Translations 47967
L2C Data Evicting Translations 210697
L2C Dense regions hint from L2: 0
PSCL5 TOTAL     ACCESS:     886729  HIT:     886729  MISS:          0  HIT %:        100  MISS %:          0   MPKI: 0
PSCL5 LOAD TRANSLATION ACCESS:     885234  HIT:     885234  MISS:          0  HIT %:        100  MISS %:          0   MPKI: 0
PSCL5 TRANSLATION FROM L1D PREFETCHER ACCESS:       1495  HIT:       1495  MISS:          0  HIT %:        100  MISS %:          0   MPKI: 0
PSCL5 PREFETCH  REQUESTED:          0  ISSUED:          0  USEFUL:          0  USELESS:          0
PSCL5 USEFUL LOAD PREFETCHES:          0 PREFETCH ISSUED TO LOWER LEVEL:          0  ACCURACY: -nan
PSCL5 TIMELY PREFETCHES:          0 LATE PREFETCHES: 0 DROPPED PREFETCHES: 0
PSCL5 PREFETCHES SAME FILL-ORIGIN LEVEL: 0 DIFFERENT FILL-ORIGIN LEVEL: 0

PSCL4 TOTAL     ACCESS:     779996  HIT:     776197  MISS:       3799  HIT %:    99.5129  MISS %:   0.487054   MPKI: 0.018995
PSCL4 LOAD TRANSLATION ACCESS:     778819  HIT:     775020  MISS:       3799  HIT %:    99.5122  MISS %:    0.48779   MPKI: 0.018995
PSCL4 TRANSLATION FROM L1D PREFETCHER ACCESS:       1177  HIT:       1177  MISS:          0  HIT %:        100  MISS %:          0   MPKI: 0
PSCL4 PREFETCH  REQUESTED:          0  ISSUED:          0  USEFUL:          0  USELESS:          0
PSCL4 USEFUL LOAD PREFETCHES:          0 PREFETCH ISSUED TO LOWER LEVEL:          0  ACCURACY: -nan
PSCL4 TIMELY PREFETCHES:          0 LATE PREFETCHES: 0 DROPPED PREFETCHES: 0
PSCL4 PREFETCHES SAME FILL-ORIGIN LEVEL: 0 DIFFERENT FILL-ORIGIN LEVEL: 0

PSCL3 TOTAL     ACCESS:     882519  HIT:     865555  MISS:      16964  HIT %:    98.0778  MISS %:    1.92222   MPKI: 0.08482
PSCL3 LOAD TRANSLATION ACCESS:     881055  HIT:     864091  MISS:      16964  HIT %:    98.0746  MISS %:    1.92542   MPKI: 0.08482
PSCL3 TRANSLATION FROM L1D PREFETCHER ACCESS:       1464  HIT:       1464  MISS:          0  HIT %:        100  MISS %:          0   MPKI: 0
PSCL3 PREFETCH  REQUESTED:          0  ISSUED:          0  USEFUL:          0  USELESS:          0
PSCL3 USEFUL LOAD PREFETCHES:          0 PREFETCH ISSUED TO LOWER LEVEL:          0  ACCURACY: -nan
PSCL3 TIMELY PREFETCHES:          0 LATE PREFETCHES: 0 DROPPED PREFETCHES: 0
PSCL3 PREFETCHES SAME FILL-ORIGIN LEVEL: 0 DIFFERENT FILL-ORIGIN LEVEL: 0

PSCL2 TOTAL     ACCESS:     886398  HIT:     297174  MISS:     589224  HIT %:     33.526  MISS %:     66.474   MPKI: 2.94612
PSCL2 LOAD TRANSLATION ACCESS:     885313  HIT:     296089  MISS:     589224  HIT %:    33.4446  MISS %:    66.5554   MPKI: 2.94612
PSCL2 TRANSLATION FROM L1D PREFETCHER ACCESS:       1085  HIT:       1085  MISS:          0  HIT %:        100  MISS %:          0   MPKI: 0
PSCL2 PREFETCH  REQUESTED:          0  ISSUED:          0  USEFUL:          0  USELESS:          0
PSCL2 USEFUL LOAD PREFETCHES:          0 PREFETCH ISSUED TO LOWER LEVEL:          0  ACCURACY: -nan
PSCL2 TIMELY PREFETCHES:          0 LATE PREFETCHES: 0 DROPPED PREFETCHES: 0
PSCL2 PREFETCHES SAME FILL-ORIGIN LEVEL: 0 DIFFERENT FILL-ORIGIN LEVEL: 0

LLC TOTAL     ACCESS:    3587991  HIT:     866630  MISS:    2721361  HIT %:    24.1536  MISS %:    75.8464   MPKI: 13.6068
LLC LOAD      ACCESS:    1724641  HIT:     393232  MISS:    1331409  HIT %:    22.8008  MISS %:    77.1992   MPKI: 6.65704
LLC RFO       ACCESS:     502248  HIT:      31696  MISS:     470552  HIT %:    6.31083  MISS %:    93.6892   MPKI: 2.35276
LLC PREFETCH  ACCESS:      16339  HIT:        211  MISS:      16128  HIT %:    1.29139  MISS %:    98.7086   MPKI: 0.08064
AGUS PREFETCH L1 MISS: 0
LLC WRITEBACK ACCESS:     995381  HIT:     327519  MISS:     667862  HIT %:    32.9039  MISS %:    67.0961   MPKI: 3.33931
LLC LOAD TRANSLATION ACCESS:     349166  HIT:     113956  MISS:     235210  HIT %:    32.6366  MISS %:    67.3634   MPKI: 1.17605
LLC TRANSLATION FROM L1D PREFETCHER ACCESS:        216  HIT:         16  MISS:        200  HIT %:    7.40741  MISS %:    92.5926   MPKI: 0.001
LLC PREFETCH  REQUESTED:          0  ISSUED:          0  USEFUL:        105  USELESS:       2157
LLC USEFUL LOAD PREFETCHES:        105 PREFETCH ISSUED TO LOWER LEVEL:      16128  ACCURACY: 0.651042
LLC TIMELY PREFETCHES:        105 LATE PREFETCHES: 0 DROPPED PREFETCHES: 0
LLC PREFETCHES SAME FILL-ORIGIN LEVEL: 0 DIFFERENT FILL-ORIGIN LEVEL: 0
LLC AVERAGE MISS LATENCY:    139.177 cycles AVERAGE LOAD MISS LATENCY:    183.008 cycles Load Miss    1331409
LLC Average MSHR Occupancy:   0.598148
LLC RQ	ACCESS:    2576271	FORWARD:          0	MERGED:          0	TO_CACHE:    2576271
LLC WQ	ACCESS:     995381	FORWARD:          0	MERGED:          0	TO_CACHE:     995381
LLC PQ	ACCESS:      16339	FORWARD:          0	MERGED:          0	TO_CACHE:      16339

LLC Dense regions hint to LLC: 0

RAW hits: 3004547
Loads Generated: 47712729
Loads sent to L1D: 44708182
Stores Generated: 26347530
Stores sent to L1D: 26347530
Major fault: 0 Minor fault: 102042
Allocated PAGES: 102042
================ Mockingjay (LLC) Pollution Stats ================
Total pollution count in LLC: 3018
==================================================================

DRAM Statistics
 CHANNEL 0
 RQ ROW_BUFFER_HIT:     143499  ROW_BUFFER_MISS:    1909994
 DBUS_CONGESTED:        390
 WQ ROW_BUFFER_HIT:     341596  ROW_BUFFER_MISS:     618905  FULL:          0

 AVG_CONGESTED_CYCLE: 4
 All warmup complete: 2
Channel 0 Bank busy for read cycles: 0
Channel 0 Bank busy for write cycles: 0
Channel 0
Rank 0
0banks busy for read cycles: 322236272
0banks busy for write cycles: 388511
1banks busy for read cycles: 135552459
1banks busy for write cycles: 66922154
2banks busy for read cycles: 38638943
2banks busy for write cycles: 26441012
3banks busy for read cycles: 12223904
3banks busy for write cycles: 9991190
4banks busy for read cycles: 4938382
4banks busy for write cycles: 4266071
5banks busy for read cycles: 1925406
5banks busy for write cycles: 2079414
6banks busy for read cycles: 1060951
6banks busy for write cycles: 1061111
7banks busy for read cycles: 648167
7banks busy for write cycles: 564145
8banks busy for read cycles: 487117
8banks busy for write cycles: 346679

CPU 0 Branch Prediction Accuracy: 97.621% MPKI: 4.88127 Average ROB Occupancy at Mispredict: 18.026
Branch types
NOT_BRANCH: 158963195 79.4816%
BRANCH_DIRECT_JUMP: 3032173 1.51609%
BRANCH_INDIRECT: 240104 0.120052%
BRANCH_CONDITIONAL: 34171957 17.086%
BRANCH_DIRECT_CALL: 1608879 0.804439%
BRANCH_INDIRECT_CALL: 181424 0.090712%
BRANCH_RETURN: 1796385 0.898192%
BRANCH_OTHER: 5232 0.002616%

===================== LRU L1D STATS =====================
Total pollution count in L1D: 8057
=========================================================
================ SRRIP (L2C) Pollution Stats ================
Total pollution count in L2c: 2353061
==================================================================
DRAM PAGES: 1048576
Allocated PAGES: 102042
