
*** ChampSim Multicore Out-of-Order Simulator ***

Warmup Instructions: 200000000
Simulation Instructions: 200000000
Number of CPUs: 1
LLC sets: 4096
LLC ways: 12
Off-chip DRAM Size: 4096 MB Channels: 1 Width: 64-bit Data Rate: 6400 MT/s
CPU 0 runs /home1/sweta/traces/DPC4-Traces/AI_ML/biogpt.cpp-ggml-model-tocilizumab.2.champsimtrace.gz
.gz
BTB has LRU replacement policy
ITLB has LRU replacement policy
DTLB has LRU replacement policy
STLB has LRU replacement policy
L1I has LRU replacement policy
L1D has LRU replacement policy
Initialize SRRIP state for L2C
Initialize Mockingjay state for LLC
Heartbeat CPU 0 instructions: 10000001 cycles: 3521106 heartbeat IPC: 2.84002 cumulative IPC: 2.84002 (Simulation time: 0 hr 0 min 32 sec) 
Heartbeat CPU 0 instructions: 20000000 cycles: 7070872 heartbeat IPC: 2.81709 cumulative IPC: 2.82851 (Simulation time: 0 hr 1 min 5 sec) 
Heartbeat CPU 0 instructions: 30000006 cycles: 10576828 heartbeat IPC: 2.85229 cumulative IPC: 2.83639 (Simulation time: 0 hr 1 min 38 sec) 
Heartbeat CPU 0 instructions: 40000002 cycles: 14079405 heartbeat IPC: 2.85504 cumulative IPC: 2.84103 (Simulation time: 0 hr 2 min 12 sec) 
Heartbeat CPU 0 instructions: 50000003 cycles: 17618963 heartbeat IPC: 2.82521 cumulative IPC: 2.83785 (Simulation time: 0 hr 2 min 46 sec) 
Heartbeat CPU 0 instructions: 60000003 cycles: 21140200 heartbeat IPC: 2.83991 cumulative IPC: 2.83819 (Simulation time: 0 hr 3 min 21 sec) 
Heartbeat CPU 0 instructions: 70000001 cycles: 25229350 heartbeat IPC: 2.4455 cumulative IPC: 2.77455 (Simulation time: 0 hr 3 min 55 sec) 
Heartbeat CPU 0 instructions: 80000001 cycles: 29146525 heartbeat IPC: 2.55286 cumulative IPC: 2.74475 (Simulation time: 0 hr 4 min 27 sec) 
Read request from CPU 0 merging with Read request from CPU 1
