Initialize SIGNATURE TABLE
ST_SET: 1
ST_WAY: 256
ST_TAG_BIT: 16
ST_TAG_MASK: ffff

Initialize PATTERN TABLE
PT_SET: 512
PT_WAY: 4
SIG_DELTA_BIT: 7
C_SIG_BIT: 4
C_DELTA_BIT: 4

Initialize PREFETCH FILTER
FILTER_SET: 1024

*** ChampSim Multicore Out-of-Order Simulator ***

Warmup Instructions: 200000000
Simulation Instructions: 200000000
Number of CPUs: 1
LLC sets: 4096
LLC ways: 12
Off-chip DRAM Size: 4096 MB Channels: 1 Width: 64-bit Data Rate: 6400 MT/s
CPU 0 runs /home1/sweta/traces/qualcomm_traces/server_009.champsimtrace.xz
.xz
BTB has LRU replacement policy
ITLB has LRU replacement policy
DTLB has LRU replacement policy
STLB has LRU replacement policy
L1I has LRU replacement policy
L1D has LRU replacement policy
ST_WAYS: 256
PT_SETS: 512
Initialize SRRIP state for L2C
Initialize Mockingjay state for LLC
Heartbeat CPU 0 instructions: 10000003 cycles: 1928459 heartbeat IPC: 5.18549 cumulative IPC: 5.18549 (Simulation time: 0 hr 0 min 18 sec) 
Heartbeat CPU 0 instructions: 20000002 cycles: 3852331 heartbeat IPC: 5.19785 cumulative IPC: 5.19166 (Simulation time: 0 hr 0 min 35 sec) 
Heartbeat CPU 0 instructions: 30000006 cycles: 5795275 heartbeat IPC: 5.14683 cumulative IPC: 5.17663 (Simulation time: 0 hr 0 min 53 sec) 
Heartbeat CPU 0 instructions: 40000002 cycles: 7724232 heartbeat IPC: 5.18415 cumulative IPC: 5.17851 (Simulation time: 0 hr 1 min 11 sec) 
Heartbeat CPU 0 instructions: 50000005 cycles: 9670808 heartbeat IPC: 5.13723 cumulative IPC: 5.1702 (Simulation time: 0 hr 1 min 28 sec) 
Heartbeat CPU 0 instructions: 60000000 cycles: 12202338 heartbeat IPC: 3.95018 cumulative IPC: 4.91709 (Simulation time: 0 hr 1 min 49 sec) 
Heartbeat CPU 0 instructions: 70000005 cycles: 16309268 heartbeat IPC: 2.43491 cumulative IPC: 4.29204 (Simulation time: 0 hr 2 min 18 sec) 
Heartbeat CPU 0 instructions: 80000004 cycles: 18234596 heartbeat IPC: 5.19392 cumulative IPC: 4.38726 (Simulation time: 0 hr 2 min 39 sec) 
Heartbeat CPU 0 instructions: 90000000 cycles: 20165791 heartbeat IPC: 5.17814 cumulative IPC: 4.463 (Simulation time: 0 hr 3 min 0 sec) 
Heartbeat CPU 0 instructions: 100000001 cycles: 22090446 heartbeat IPC: 5.19574 cumulative IPC: 4.52684 (Simulation time: 0 hr 3 min 21 sec) 
*** Reached end of trace for Core: 0 Repeating trace: /home1/sweta/traces/qualcomm_traces/server_009.champsimtrace.xz
Heartbeat CPU 0 instructions: 110000003 cycles: 24016589 heartbeat IPC: 5.19172 cumulative IPC: 4.58017 (Simulation time: 0 hr 3 min 41 sec) 
Heartbeat CPU 0 instructions: 120000007 cycles: 25941509 heartbeat IPC: 5.19502 cumulative IPC: 4.62579 (Simulation time: 0 hr 4 min 2 sec) 
Heartbeat CPU 0 instructions: 130000003 cycles: 27883720 heartbeat IPC: 5.14877 cumulative IPC: 4.66222 (Simulation time: 0 hr 4 min 23 sec) 
Heartbeat CPU 0 instructions: 140000007 cycles: 29812887 heartbeat IPC: 5.18359 cumulative IPC: 4.69596 (Simulation time: 0 hr 4 min 44 sec) 
Heartbeat CPU 0 instructions: 150000001 cycles: 31744677 heartbeat IPC: 5.17654 cumulative IPC: 4.7252 (Simulation time: 0 hr 5 min 4 sec) 
Heartbeat CPU 0 instructions: 160000002 cycles: 33710285 heartbeat IPC: 5.08748 cumulative IPC: 4.74633 (Simulation time: 0 hr 5 min 25 sec) 
Heartbeat CPU 0 instructions: 170000001 cycles: 37892081 heartbeat IPC: 2.39132 cumulative IPC: 4.48643 (Simulation time: 0 hr 6 min 1 sec) 
Heartbeat CPU 0 instructions: 180000000 cycles: 40321031 heartbeat IPC: 4.117 cumulative IPC: 4.46417 (Simulation time: 0 hr 6 min 29 sec) 
Heartbeat CPU 0 instructions: 190000000 cycles: 42245266 heartbeat IPC: 5.19687 cumulative IPC: 4.49755 (Simulation time: 0 hr 6 min 53 sec) 
Heartbeat CPU 0 instructions: 200000003 cycles: 44175032 heartbeat IPC: 5.18198 cumulative IPC: 4.52744 (Simulation time: 0 hr 7 min 18 sec) 

Warmup complete CPU 0 instructions: 200000003 cycles: 44175032 (Simulation time: 0 hr 7 min 18 sec) 

*** Reached end of trace for Core: 0 Repeating trace: /home1/sweta/traces/qualcomm_traces/server_009.champsimtrace.xz
Heartbeat CPU 0 instructions: 210000004 cycles: 60773886 heartbeat IPC: 0.602451 cumulative IPC: 0.602451 (Simulation time: 0 hr 7 min 50 sec) 
Heartbeat CPU 0 instructions: 220000000 cycles: 77346632 heartbeat IPC: 0.6034 cumulative IPC: 0.602925 (Simulation time: 0 hr 8 min 19 sec) 
Heartbeat CPU 0 instructions: 230000000 cycles: 94748818 heartbeat IPC: 0.57464 cumulative IPC: 0.593193 (Simulation time: 0 hr 8 min 51 sec) 
Heartbeat CPU 0 instructions: 240000001 cycles: 111902297 heartbeat IPC: 0.582972 cumulative IPC: 0.590604 (Simulation time: 0 hr 9 min 21 sec) 
Heartbeat CPU 0 instructions: 250000004 cycles: 128862489 heartbeat IPC: 0.589616 cumulative IPC: 0.590406 (Simulation time: 0 hr 9 min 53 sec) 
Heartbeat CPU 0 instructions: 260000001 cycles: 146912025 heartbeat IPC: 0.554031 cumulative IPC: 0.584015 (Simulation time: 0 hr 10 min 24 sec) 
Heartbeat CPU 0 instructions: 270000000 cycles: 179007604 heartbeat IPC: 0.311569 cumulative IPC: 0.519162 (Simulation time: 0 hr 11 min 4 sec) 
Heartbeat CPU 0 instructions: 280000002 cycles: 207427488 heartbeat IPC: 0.351866 cumulative IPC: 0.490039 (Simulation time: 0 hr 11 min 41 sec) 
Heartbeat CPU 0 instructions: 290000003 cycles: 224251282 heartbeat IPC: 0.594396 cumulative IPC: 0.499788 (Simulation time: 0 hr 12 min 11 sec) 
Heartbeat CPU 0 instructions: 300000006 cycles: 241122676 heartbeat IPC: 0.592719 cumulative IPC: 0.507749 (Simulation time: 0 hr 12 min 41 sec) 
*** Reached end of trace for Core: 0 Repeating trace: /home1/sweta/traces/qualcomm_traces/server_009.champsimtrace.xz
Heartbeat CPU 0 instructions: 310000006 cycles: 257946945 heartbeat IPC: 0.594379 cumulative IPC: 0.514567 (Simulation time: 0 hr 13 min 11 sec) 
Heartbeat CPU 0 instructions: 320000000 cycles: 274460776 heartbeat IPC: 0.605553 cumulative IPC: 0.521092 (Simulation time: 0 hr 13 min 41 sec) 
Heartbeat CPU 0 instructions: 330000000 cycles: 291337209 heartbeat IPC: 0.592542 cumulative IPC: 0.52597 (Simulation time: 0 hr 14 min 12 sec) 
Heartbeat CPU 0 instructions: 340000002 cycles: 308664415 heartbeat IPC: 0.577127 cumulative IPC: 0.529322 (Simulation time: 0 hr 14 min 43 sec) 
Heartbeat CPU 0 instructions: 350000006 cycles: 325922116 heartbeat IPC: 0.579452 cumulative IPC: 0.532392 (Simulation time: 0 hr 15 min 12 sec) 
Heartbeat CPU 0 instructions: 360000000 cycles: 343924804 heartbeat IPC: 0.555472 cumulative IPC: 0.533779 (Simulation time: 0 hr 15 min 43 sec) 
Heartbeat CPU 0 instructions: 370000000 cycles: 369795518 heartbeat IPC: 0.386537 cumulative IPC: 0.52208 (Simulation time: 0 hr 16 min 19 sec) 
Heartbeat CPU 0 instructions: 380000004 cycles: 404318606 heartbeat IPC: 0.289661 cumulative IPC: 0.499801 (Simulation time: 0 hr 17 min 0 sec) 
Heartbeat CPU 0 instructions: 390000001 cycles: 420993063 heartbeat IPC: 0.59972 cumulative IPC: 0.504222 (Simulation time: 0 hr 17 min 30 sec) 
Heartbeat CPU 0 instructions: 400000007 cycles: 438179542 heartbeat IPC: 0.581853 cumulative IPC: 0.507608 (Simulation time: 0 hr 18 min 1 sec) 
Finished CPU 0 instructions: 200000004 cycles: 394004510 cumulative IPC: 0.507608 (Simulation time: 0 hr 18 min 1 sec) 

ChampSim completed all CPUs

Region of Interest Statistics

CPU 0 cumulative IPC: 0.507608 instructions: 200000004 cycles: 394004510
ITLB TOTAL     ACCESS:   23150191  HIT:   22439896  MISS:     710295  HIT %:    96.9318  MISS %:     3.0682   MPKI: 3.55147
ITLB LOAD TRANSLATION ACCESS:   23150191  HIT:   22439896  MISS:     710295  HIT %:    96.9318  MISS %:     3.0682   MPKI: 3.55147
ITLB PREFETCH  REQUESTED:          0  ISSUED:          0  USEFUL:          0  USELESS:          0
ITLB USEFUL LOAD PREFETCHES:          0 PREFETCH ISSUED TO LOWER LEVEL:          0  ACCURACY: -nan
ITLB TIMELY PREFETCHES:          0 LATE PREFETCHES: 0 DROPPED PREFETCHES: 0
ITLB PREFETCHES SAME FILL-ORIGIN LEVEL: 0 DIFFERENT FILL-ORIGIN LEVEL: 0
ITLB AVERAGE MISS LATENCY:    13.5967 cycles AVERAGE LOAD MISS LATENCY:       -nan cycles Load Miss          0
ITLB Average MSHR Occupancy:  0.0240225
ITLB RQ	ACCESS:   26985955	FORWARD:          0	MERGED:    3286622	TO_CACHE:   23699333

DTLB TOTAL     ACCESS:   35071329  HIT:   30372651  MISS:    4698678  HIT %:    86.6025  MISS %:    13.3975   MPKI: 23.4934
DTLB LOAD TRANSLATION ACCESS:   35071329  HIT:   30372651  MISS:    4698678  HIT %:    86.6025  MISS %:    13.3975   MPKI: 23.4934
DTLB PREFETCH  REQUESTED:          0  ISSUED:          0  USEFUL:          0  USELESS:          0
DTLB USEFUL LOAD PREFETCHES:          0 PREFETCH ISSUED TO LOWER LEVEL:          0  ACCURACY: -nan
DTLB TIMELY PREFETCHES:          0 LATE PREFETCHES: 0 DROPPED PREFETCHES: 0
DTLB PREFETCHES SAME FILL-ORIGIN LEVEL: 0 DIFFERENT FILL-ORIGIN LEVEL: 0
DTLB AVERAGE MISS LATENCY:    10.5534 cycles AVERAGE LOAD MISS LATENCY:       -nan cycles Load Miss          0
DTLB Average MSHR Occupancy:   0.117447
DTLB RQ	ACCESS:   48269241	FORWARD:          0	MERGED:   13012107	TO_CACHE:   35257134

STLB TOTAL     ACCESS:    5408973  HIT:    4998805  MISS:     410168  HIT %:    92.4169  MISS %:     7.5831   MPKI: 2.05084
STLB LOAD TRANSLATION ACCESS:    5408973  HIT:    4998805  MISS:     410168  HIT %:    92.4169  MISS %:     7.5831   MPKI: 2.05084
STLB PREFETCH  REQUESTED:          0  ISSUED:          0  USEFUL:          0  USELESS:          0
STLB USEFUL LOAD PREFETCHES:          0 PREFETCH ISSUED TO LOWER LEVEL:          0  ACCURACY: -nan
STLB TIMELY PREFETCHES:          0 LATE PREFETCHES: 0 DROPPED PREFETCHES: 0
STLB PREFETCHES SAME FILL-ORIGIN LEVEL: 0 DIFFERENT FILL-ORIGIN LEVEL: 0
STLB AVERAGE MISS LATENCY:     25.537 cycles AVERAGE LOAD MISS LATENCY:       -nan cycles Load Miss          0
STLB Average MSHR Occupancy:  0.0286195
STLB RQ	ACCESS:    5408973	FORWARD:          0	MERGED:          0	TO_CACHE:    5408973

STLB Hit, L1D data hit: 0
STLB Hit, L2C data hit: 0
STLB Hit, LLC data hit: 0
STLB Hit, LLC data miss: 0
STLB STLB hints to L2: 0
L1D TOTAL     ACCESS:   47852486  HIT:   42055401  MISS:    5797085  HIT %:    87.8855  MISS %:    12.1145   MPKI: 28.9854
L1D LOAD      ACCESS:   29231429  HIT:   23793211  MISS:    5438218  HIT %:     81.396  MISS %:     18.604   MPKI: 27.1911
L1D RFO       ACCESS:   18621057  HIT:   18262190  MISS:     358867  HIT %:    98.0728  MISS %:    1.92721   MPKI: 1.79433
L1D PREFETCH  REQUESTED:          0  ISSUED:          0  USEFUL:          0  USELESS:          0
L1D USEFUL LOAD PREFETCHES:          0 PREFETCH ISSUED TO LOWER LEVEL:          0  ACCURACY: -nan
L1D TIMELY PREFETCHES:          0 LATE PREFETCHES: 0 DROPPED PREFETCHES: 0
L1D PREFETCHES SAME FILL-ORIGIN LEVEL: 0 DIFFERENT FILL-ORIGIN LEVEL: 0
L1D AVERAGE MISS LATENCY:     19.399 cycles AVERAGE LOAD MISS LATENCY:     18.568 cycles Load Miss    5438218
L1D Average MSHR Occupancy:   0.290395
L1D RQ	ACCESS:   44354065	FORWARD:          0	MERGED:   14794474	TO_CACHE:   29284592
L1D WQ	ACCESS:   19533284	FORWARD:     274999	MERGED:     548635	TO_CACHE:   18984649

L1D UNIQUE REGIONS ACCESSED: 0
L1D REGIONS CONFLICTS: 0
L1D Cross Page Prefetch Requests: 0
L1D Same Page Prefetch Requests: 0
L1D ROI Sum of L1D PQ occupancy: 0
L1D PREFETCHES PUSHED FROM L2C: 0
L1I TOTAL     ACCESS:   26265792  HIT:   10132038  MISS:   16133754  HIT %:     38.575  MISS %:     61.425   MPKI: 80.6688
L1I LOAD      ACCESS:   26265792  HIT:   10132038  MISS:   16133754  HIT %:     38.575  MISS %:     61.425   MPKI: 80.6688
L1I PREFETCH  REQUESTED:          0  ISSUED:          0  USEFUL:          0  USELESS:          0
L1I USEFUL LOAD PREFETCHES:          0 PREFETCH ISSUED TO LOWER LEVEL:          0  ACCURACY: -nan
L1I TIMELY PREFETCHES:          0 LATE PREFETCHES: 0 DROPPED PREFETCHES: 0
L1I PREFETCHES SAME FILL-ORIGIN LEVEL: 0 DIFFERENT FILL-ORIGIN LEVEL: 0
L1I AVERAGE MISS LATENCY:    14.3054 cycles AVERAGE LOAD MISS LATENCY:    14.3054 cycles Load Miss   16133754
L1I Average MSHR Occupancy:   0.576101
L1I RQ	ACCESS:   49646892	FORWARD:          0	MERGED:   22660937	TO_CACHE:   26985955

BTB TOTAL     ACCESS:   26465272  HIT:   21648362  MISS:    4816910  HIT %:    81.7991  MISS %:    18.2009   MPKI: 24.0845
BTB BRANCH_DIRECT_JUMP	ACCESS:    1784863  HIT:    1523042  MISS:     261821
BTB BRANCH_INDIRECT	ACCESS:   13095709  HIT:   10737648  MISS:    2358061
BTB BRANCH_CONDITIONAL	ACCESS:    4689163  HIT:    4276557  MISS:     412606
BTB BRANCH_DIRECT_CALL	ACCESS:    2725912  HIT:    2215930  MISS:     509982
BTB BRANCH_INDIRECT_CALL	ACCESS:     715274  HIT:     660872  MISS:      54402
BTB BRANCH_RETURN	ACCESS:    3454351  HIT:    2234313  MISS:    1220038
BTB BRANCH_OTHER ACCESS:          0  HIT:          0  MISS:          0

L2C TOTAL     ACCESS:   24832525  HIT:   24564008  MISS:     268517  HIT %:    98.9187  MISS %:    1.08131   MPKI: 1.34258
L2C LOAD      ACCESS:   21571892  HIT:   21373665  MISS:     198227  HIT %:    99.0811  MISS %:   0.918913   MPKI: 0.991135
L2C DATA LOAD MPKI: 0.86508
L2C INSTRUCTION LOAD MPKI: 0.126055
L2C RFO       ACCESS:     358863  HIT:     319436  MISS:      39427  HIT %:    89.0134  MISS %:    10.9866   MPKI: 0.197135
L2C PREFETCH  ACCESS:    1453759  HIT:    1429697  MISS:      24062  HIT %:    98.3448  MISS %:    1.65516   MPKI: 0.12031
AGUS PREFETCH L1 MISS: 0
L2C DATA PREFETCH MPKI: 0.12031
L2C INSTRUCTION PREFETCH MPKI: 0
L2C WRITEBACK ACCESS:     928472  HIT:     927965  MISS:        507  HIT %:    99.9454  MISS %:  0.0546058   MPKI: 0.002535
L2C LOAD TRANSLATION ACCESS:     519539  HIT:     513245  MISS:       6294  HIT %:    98.7885  MISS %:    1.21146   MPKI: 0.03147
L2C PREFETCH  REQUESTED:    3138360  ISSUED:    3138346  USEFUL:      23591  USELESS:        484
L2C USEFUL LOAD PREFETCHES:      23591 PREFETCH ISSUED TO LOWER LEVEL:    1165524  ACCURACY: 2.02407
L2C TIMELY PREFETCHES:      23591 LATE PREFETCHES: 1863 DROPPED PREFETCHES: 0
L2C PREFETCHES SAME FILL-ORIGIN LEVEL: 25925 DIFFERENT FILL-ORIGIN LEVEL: 1139599
L2C AVERAGE MISS LATENCY:    110.213 cycles AVERAGE LOAD MISS LATENCY:    107.611 cycles Load Miss     198227
L2C Average MSHR Occupancy:  0.0748444
L2C RQ	ACCESS:   22450378	FORWARD:          0	MERGED:          0	TO_CACHE:   22450294
L2C WQ	ACCESS:     928472	FORWARD:         88	MERGED:          0	TO_CACHE:     928472
L2C PQ	ACCESS:    3138346	FORWARD:          0	MERGED:     531956	TO_CACHE:    2606386

L2C Instructions Evicting Data 19485
L2C Translations Evicting Data 5347
L2C Data Evicting Data 211804
L2C Instructions Evicting Instructions 5003
L2C Translations Evicting Instructions 747
L2C Data Evicting Instructions 19361
L2C Instructions Evicting Translations 723
L2C Translations Evicting Translations 200
L2C Data Evicting Translations 5340
L2C Dense regions hint from L2: 0
PSCL5 TOTAL     ACCESS:     410168  HIT:     410168  MISS:          0  HIT %:        100  MISS %:          0   MPKI: 0
PSCL5 LOAD TRANSLATION ACCESS:     410168  HIT:     410168  MISS:          0  HIT %:        100  MISS %:          0   MPKI: 0
PSCL5 PREFETCH  REQUESTED:          0  ISSUED:          0  USEFUL:          0  USELESS:          0
PSCL5 USEFUL LOAD PREFETCHES:          0 PREFETCH ISSUED TO LOWER LEVEL:          0  ACCURACY: -nan
PSCL5 TIMELY PREFETCHES:          0 LATE PREFETCHES: 0 DROPPED PREFETCHES: 0
PSCL5 PREFETCHES SAME FILL-ORIGIN LEVEL: 0 DIFFERENT FILL-ORIGIN LEVEL: 0

PSCL4 TOTAL     ACCESS:     379705  HIT:     378476  MISS:       1229  HIT %:    99.6763  MISS %:   0.323672   MPKI: 0.006145
PSCL4 LOAD TRANSLATION ACCESS:     379705  HIT:     378476  MISS:       1229  HIT %:    99.6763  MISS %:   0.323672   MPKI: 0.006145
PSCL4 PREFETCH  REQUESTED:          0  ISSUED:          0  USEFUL:          0  USELESS:          0
PSCL4 USEFUL LOAD PREFETCHES:          0 PREFETCH ISSUED TO LOWER LEVEL:          0  ACCURACY: -nan
PSCL4 TIMELY PREFETCHES:          0 LATE PREFETCHES: 0 DROPPED PREFETCHES: 0
PSCL4 PREFETCHES SAME FILL-ORIGIN LEVEL: 0 DIFFERENT FILL-ORIGIN LEVEL: 0

PSCL3 TOTAL     ACCESS:     406909  HIT:     403570  MISS:       3339  HIT %:    99.1794  MISS %:   0.820577   MPKI: 0.016695
PSCL3 LOAD TRANSLATION ACCESS:     406909  HIT:     403570  MISS:       3339  HIT %:    99.1794  MISS %:   0.820577   MPKI: 0.016695
PSCL3 PREFETCH  REQUESTED:          0  ISSUED:          0  USEFUL:          0  USELESS:          0
PSCL3 USEFUL LOAD PREFETCHES:          0 PREFETCH ISSUED TO LOWER LEVEL:          0  ACCURACY: -nan
PSCL3 TIMELY PREFETCHES:          0 LATE PREFETCHES: 0 DROPPED PREFETCHES: 0
PSCL3 PREFETCHES SAME FILL-ORIGIN LEVEL: 0 DIFFERENT FILL-ORIGIN LEVEL: 0

PSCL2 TOTAL     ACCESS:     410168  HIT:     305365  MISS:     104803  HIT %:    74.4488  MISS %:    25.5512   MPKI: 0.524015
PSCL2 LOAD TRANSLATION ACCESS:     410168  HIT:     305365  MISS:     104803  HIT %:    74.4488  MISS %:    25.5512   MPKI: 0.524015
PSCL2 PREFETCH  REQUESTED:          0  ISSUED:          0  USEFUL:          0  USELESS:          0
PSCL2 USEFUL LOAD PREFETCHES:          0 PREFETCH ISSUED TO LOWER LEVEL:          0  ACCURACY: -nan
PSCL2 TIMELY PREFETCHES:          0 LATE PREFETCHES: 0 DROPPED PREFETCHES: 0
PSCL2 PREFETCHES SAME FILL-ORIGIN LEVEL: 0 DIFFERENT FILL-ORIGIN LEVEL: 0

LLC TOTAL     ACCESS:    1537565  HIT:    1178442  MISS:     359123  HIT %:    76.6434  MISS %:    23.3566   MPKI: 1.79561
LLC LOAD      ACCESS:     196367  HIT:     125890  MISS:      70477  HIT %:    64.1095  MISS %:    35.8905   MPKI: 0.352385
LLC RFO       ACCESS:      39424  HIT:      11209  MISS:      28215  HIT %:    28.4319  MISS %:    71.5681   MPKI: 0.141075
LLC PREFETCH  ACCESS:    1110769  HIT:     909070  MISS:     201699  HIT %:    81.8415  MISS %:    18.1585   MPKI: 1.00849
AGUS PREFETCH L1 MISS: 0
LLC WRITEBACK ACCESS:     184711  HIT:     129853  MISS:      54858  HIT %:    70.3006  MISS %:    29.6994   MPKI: 0.27429
LLC LOAD TRANSLATION ACCESS:       6294  HIT:       2420  MISS:       3874  HIT %:    38.4493  MISS %:    61.5507   MPKI: 0.01937
LLC PREFETCH  REQUESTED:          0  ISSUED:          0  USEFUL:      99645  USELESS:      62307
LLC USEFUL LOAD PREFETCHES:      99645 PREFETCH ISSUED TO LOWER LEVEL:     207161  ACCURACY: 48.1003
LLC TIMELY PREFETCHES:      99645 LATE PREFETCHES: 5462 DROPPED PREFETCHES: 0
LLC PREFETCHES SAME FILL-ORIGIN LEVEL: 206356 DIFFERENT FILL-ORIGIN LEVEL: 0
LLC AVERAGE MISS LATENCY:    142.425 cycles AVERAGE LOAD MISS LATENCY:    177.309 cycles Load Miss      70477
LLC Average MSHR Occupancy:   0.129822
LLC RQ	ACCESS:     242085	FORWARD:          0	MERGED:          0	TO_CACHE:     242085
LLC WQ	ACCESS:     184711	FORWARD:          0	MERGED:          0	TO_CACHE:     184711
LLC PQ	ACCESS:    1165524	FORWARD:          0	MERGED:      33556	TO_CACHE:    1131968

LLC Dense regions hint to LLC: 0

RAW hits: 4437930
Loads Generated: 48791995
Loads sent to L1D: 44354065
Stores Generated: 19533280
Stores sent to L1D: 19533284
Major fault: 0 Minor fault: 6724
Allocated PAGES: 6724
 All Calls: 10884423
 Critical Calls: 10884423
------------------
Depth Distribution
------------------
depth 0: 0
depth 1: 4445206
depth 2: 1232424
depth 3: 393471
depth 4: 188180
depth 5: 67789
depth 6: 4411
depth 7: 263
depth 8: 47
depth 9: 19
depth 10: 4
depth 11: 2
depth 12: 2
depth 13: 0
depth 14: 0
depth 15: 0
depth 16: 0
depth 17: 0
depth 18: 0
depth 19: 0
depth 20: 0
depth 21: 0
depth 22: 0
depth 23: 0
depth 24: 0
depth 25: 0
depth 26: 0
depth 27: 0
depth 28: 0
depth 29: 0
Total: 6331818
-----------------------------
-----------------------------
	Captured at Filter
-----------------------------
depth 0: 0
depth 1: 5291261
depth 2: 4721110
depth 3: 2677162
depth 4: 701401
depth 5: 76569
depth 6: 2398
depth 7: 52
depth 8: 0
depth 9: 0
depth 10: 0
depth 11: 0
depth 12: 0
depth 13: 0
depth 14: 0
depth 15: 0
depth 16: 0
depth 17: 0
depth 18: 0
depth 19: 0
depth 20: 0
depth 21: 0
depth 22: 0
depth 23: 0
depth 24: 0
depth 25: 0
depth 26: 0
depth 27: 0
depth 28: 0
depth 29: 0
-----------------------------
-----------------------------
		Lost at Page
-----------------------------
depth 0: 0
depth 1: 583155
depth 2: 66653
depth 3: 28013
depth 4: 11588
depth 5: 6137
depth 6: 509
depth 7: 36
depth 8: 6
depth 9: 4
depth 10: 0
depth 11: 0
depth 12: 0
depth 13: 0
depth 14: 0
depth 15: 0
depth 16: 0
depth 17: 0
depth 18: 0
depth 19: 0
depth 20: 0
depth 21: 0
depth 22: 0
depth 23: 0
depth 24: 0
depth 25: 0
depth 26: 0
depth 27: 0
depth 28: 0
depth 29: 0
-----------------------------
-----------------------------
	Lost due to PQ Size
-----------------------------
444941
-----------------------------
ST read accesses: 4832224
ST write accesses: 605914
PT read accesses: 86034128
PT write accesses: 6395436
FILTER read accesses: 16626418
FILTER write accesses: 625889
GHR read accesses: 5897421
GHR write accesses: 178208
GHR counter read accesses: 74797668
GHR counter write accesses: 5786980
ST tag read accesses: 2385048954
ST tag write accesses: 269955267
================ Mockingjay (LLC) Pollution Stats ================
Total pollution count in LLC: 57348
==================================================================

DRAM Statistics
 CHANNEL 0
 RQ ROW_BUFFER_HIT:      67515  ROW_BUFFER_MISS:     236750
 DBUS_CONGESTED:        282
 WQ ROW_BUFFER_HIT:      20108  ROW_BUFFER_MISS:     155519  FULL:         99

 AVG_CONGESTED_CYCLE: 4
 All warmup complete: 2
Channel 0 Bank busy for read cycles: 0
Channel 0 Bank busy for write cycles: 0
Channel 0
Rank 0
0banks busy for read cycles: 347726382
0banks busy for write cycles: 93120
1banks busy for read cycles: 20570414
1banks busy for write cycles: 11889191
2banks busy for read cycles: 5184270
2banks busy for write cycles: 3869317
3banks busy for read cycles: 1336333
3banks busy for write cycles: 1420536
4banks busy for read cycles: 427497
4banks busy for write cycles: 569177
5banks busy for read cycles: 167689
5banks busy for write cycles: 245671
6banks busy for read cycles: 89189
6banks busy for write cycles: 126147
7banks busy for read cycles: 44285
7banks busy for write cycles: 67359
8banks busy for read cycles: 72771
8banks busy for write cycles: 105163

CPU 0 Branch Prediction Accuracy: 99.796% MPKI: 0.39376 Average ROB Occupancy at Mispredict: 57.8438
Branch types
NOT_BRANCH: 161401859 80.7009%
BRANCH_DIRECT_JUMP: 1784863 0.892431%
BRANCH_INDIRECT: 13095709 6.54785%
BRANCH_CONDITIONAL: 16821533 8.41077%
BRANCH_DIRECT_CALL: 2725912 1.36296%
BRANCH_INDIRECT_CALL: 715274 0.357637%
BRANCH_RETURN: 3454351 1.72718%
BRANCH_OTHER: 0 0%

===================== LRU L1D STATS =====================
Total pollution count in L1D: 0
=========================================================
================ SRRIP (L2C) Pollution Stats ================
Total pollution count in L2c: 323048
==================================================================
DRAM PAGES: 1048576
Allocated PAGES: 6724
