Initialize SIGNATURE TABLE
ST_SET: 1
ST_WAY: 256
ST_TAG_BIT: 16
ST_TAG_MASK: ffff

Initialize PATTERN TABLE
PT_SET: 512
PT_WAY: 4
SIG_DELTA_BIT: 7
C_SIG_BIT: 4
C_DELTA_BIT: 4

Initialize PREFETCH FILTER
FILTER_SET: 1024

*** ChampSim Multicore Out-of-Order Simulator ***

Warmup Instructions: 200000000
Simulation Instructions: 200000000
Number of CPUs: 1
LLC sets: 4096
LLC ways: 12
Off-chip DRAM Size: 4096 MB Channels: 1 Width: 64-bit Data Rate: 6400 MT/s
CPU 0 runs /home1/sweta/traces/qualcomm_traces/server_038.champsimtrace.xz
.xz
BTB has LRU replacement policy
ITLB has LRU replacement policy
DTLB has LRU replacement policy
STLB has LRU replacement policy
L1I has LRU replacement policy
L1D has LRU replacement policy
ST_WAYS: 256
PT_SETS: 512
Initialize SRRIP state for L2C
Initialize Mockingjay state for LLC
Heartbeat CPU 0 instructions: 10000007 cycles: 1983365 heartbeat IPC: 5.04194 cumulative IPC: 5.04194 (Simulation time: 0 hr 0 min 14 sec) 
Heartbeat CPU 0 instructions: 20000004 cycles: 3967277 heartbeat IPC: 5.04054 cumulative IPC: 5.04124 (Simulation time: 0 hr 0 min 28 sec) 
Heartbeat CPU 0 instructions: 30000007 cycles: 5948947 heartbeat IPC: 5.04625 cumulative IPC: 5.04291 (Simulation time: 0 hr 0 min 42 sec) 
Heartbeat CPU 0 instructions: 40000004 cycles: 7931659 heartbeat IPC: 5.0436 cumulative IPC: 5.04308 (Simulation time: 0 hr 0 min 56 sec) 
Heartbeat CPU 0 instructions: 50000004 cycles: 9915619 heartbeat IPC: 5.04042 cumulative IPC: 5.04255 (Simulation time: 0 hr 1 min 10 sec) 
Heartbeat CPU 0 instructions: 60000003 cycles: 11899286 heartbeat IPC: 5.04117 cumulative IPC: 5.04232 (Simulation time: 0 hr 1 min 25 sec) 
Heartbeat CPU 0 instructions: 70000001 cycles: 13881513 heartbeat IPC: 5.04483 cumulative IPC: 5.04268 (Simulation time: 0 hr 1 min 39 sec) 
Heartbeat CPU 0 instructions: 80000004 cycles: 15864543 heartbeat IPC: 5.04279 cumulative IPC: 5.04269 (Simulation time: 0 hr 1 min 53 sec) 
Heartbeat CPU 0 instructions: 90000000 cycles: 17846489 heartbeat IPC: 5.04554 cumulative IPC: 5.04301 (Simulation time: 0 hr 2 min 8 sec) 
Heartbeat CPU 0 instructions: 100000000 cycles: 19830250 heartbeat IPC: 5.04093 cumulative IPC: 5.0428 (Simulation time: 0 hr 2 min 25 sec) 
*** Reached end of trace for Core: 0 Repeating trace: /home1/sweta/traces/qualcomm_traces/server_038.champsimtrace.xz
Heartbeat CPU 0 instructions: 110000003 cycles: 21813334 heartbeat IPC: 5.04265 cumulative IPC: 5.04279 (Simulation time: 0 hr 2 min 41 sec) 
Heartbeat CPU 0 instructions: 120000005 cycles: 23797367 heartbeat IPC: 5.04024 cumulative IPC: 5.04257 (Simulation time: 0 hr 2 min 58 sec) 
Heartbeat CPU 0 instructions: 130000003 cycles: 25779045 heartbeat IPC: 5.04623 cumulative IPC: 5.04286 (Simulation time: 0 hr 3 min 14 sec) 
Heartbeat CPU 0 instructions: 140000007 cycles: 27761711 heartbeat IPC: 5.04372 cumulative IPC: 5.04292 (Simulation time: 0 hr 3 min 31 sec) 
Heartbeat CPU 0 instructions: 150000004 cycles: 29745324 heartbeat IPC: 5.0413 cumulative IPC: 5.04281 (Simulation time: 0 hr 3 min 47 sec) 
Heartbeat CPU 0 instructions: 160000000 cycles: 31728987 heartbeat IPC: 5.04118 cumulative IPC: 5.04271 (Simulation time: 0 hr 4 min 5 sec) 
Heartbeat CPU 0 instructions: 170000003 cycles: 33711312 heartbeat IPC: 5.04458 cumulative IPC: 5.04282 (Simulation time: 0 hr 4 min 21 sec) 
Heartbeat CPU 0 instructions: 180000000 cycles: 35694737 heartbeat IPC: 5.04178 cumulative IPC: 5.04276 (Simulation time: 0 hr 4 min 38 sec) 
Heartbeat CPU 0 instructions: 190000006 cycles: 37676368 heartbeat IPC: 5.04635 cumulative IPC: 5.04295 (Simulation time: 0 hr 4 min 54 sec) 
Heartbeat CPU 0 instructions: 200000003 cycles: 39660128 heartbeat IPC: 5.04093 cumulative IPC: 5.04285 (Simulation time: 0 hr 5 min 10 sec) 

Warmup complete CPU 0 instructions: 200000003 cycles: 39660128 (Simulation time: 0 hr 5 min 10 sec) 

*** Reached end of trace for Core: 0 Repeating trace: /home1/sweta/traces/qualcomm_traces/server_038.champsimtrace.xz
Heartbeat CPU 0 instructions: 210000003 cycles: 53676541 heartbeat IPC: 0.713449 cumulative IPC: 0.713449 (Simulation time: 0 hr 5 min 35 sec) 
Heartbeat CPU 0 instructions: 220000004 cycles: 67607363 heartbeat IPC: 0.717833 cumulative IPC: 0.715634 (Simulation time: 0 hr 6 min 2 sec) 
Heartbeat CPU 0 instructions: 230000005 cycles: 81401728 heartbeat IPC: 0.724934 cumulative IPC: 0.718708 (Simulation time: 0 hr 6 min 31 sec) 
Heartbeat CPU 0 instructions: 240000002 cycles: 95246151 heartbeat IPC: 0.722312 cumulative IPC: 0.719605 (Simulation time: 0 hr 7 min 3 sec) 
Heartbeat CPU 0 instructions: 250000001 cycles: 109068861 heartbeat IPC: 0.723447 cumulative IPC: 0.72037 (Simulation time: 0 hr 7 min 33 sec) 
Heartbeat CPU 0 instructions: 260000003 cycles: 122933344 heartbeat IPC: 0.721268 cumulative IPC: 0.72052 (Simulation time: 0 hr 8 min 1 sec) 
Heartbeat CPU 0 instructions: 270000000 cycles: 136701291 heartbeat IPC: 0.726324 cumulative IPC: 0.721343 (Simulation time: 0 hr 8 min 29 sec) 
Heartbeat CPU 0 instructions: 280000001 cycles: 150441607 heartbeat IPC: 0.727785 cumulative IPC: 0.722142 (Simulation time: 0 hr 8 min 56 sec) 
Heartbeat CPU 0 instructions: 290000006 cycles: 164186239 heartbeat IPC: 0.727557 cumulative IPC: 0.72274 (Simulation time: 0 hr 9 min 24 sec) 
Heartbeat CPU 0 instructions: 300000003 cycles: 177936256 heartbeat IPC: 0.727272 cumulative IPC: 0.723191 (Simulation time: 0 hr 9 min 52 sec) 
*** Reached end of trace for Core: 0 Repeating trace: /home1/sweta/traces/qualcomm_traces/server_038.champsimtrace.xz
Heartbeat CPU 0 instructions: 310000001 cycles: 191823808 heartbeat IPC: 0.720069 cumulative IPC: 0.722906 (Simulation time: 0 hr 10 min 20 sec) 
Heartbeat CPU 0 instructions: 320000001 cycles: 205712868 heartbeat IPC: 0.719991 cumulative IPC: 0.722662 (Simulation time: 0 hr 10 min 47 sec) 
Heartbeat CPU 0 instructions: 330000001 cycles: 219523648 heartbeat IPC: 0.724072 cumulative IPC: 0.72277 (Simulation time: 0 hr 11 min 15 sec) 
Heartbeat CPU 0 instructions: 340000001 cycles: 233338366 heartbeat IPC: 0.723866 cumulative IPC: 0.722848 (Simulation time: 0 hr 11 min 42 sec) 
Heartbeat CPU 0 instructions: 350000001 cycles: 247167612 heartbeat IPC: 0.723105 cumulative IPC: 0.722865 (Simulation time: 0 hr 12 min 11 sec) 
Heartbeat CPU 0 instructions: 360000000 cycles: 260986610 heartbeat IPC: 0.723641 cumulative IPC: 0.722914 (Simulation time: 0 hr 12 min 38 sec) 
Heartbeat CPU 0 instructions: 370000003 cycles: 274751592 heartbeat IPC: 0.726481 cumulative IPC: 0.723123 (Simulation time: 0 hr 13 min 6 sec) 
Heartbeat CPU 0 instructions: 380000001 cycles: 288481765 heartbeat IPC: 0.728323 cumulative IPC: 0.72341 (Simulation time: 0 hr 13 min 33 sec) 
Heartbeat CPU 0 instructions: 390000001 cycles: 302229137 heartbeat IPC: 0.727412 cumulative IPC: 0.723619 (Simulation time: 0 hr 14 min 0 sec) 
Heartbeat CPU 0 instructions: 400000002 cycles: 315966494 heartbeat IPC: 0.727942 cumulative IPC: 0.723834 (Simulation time: 0 hr 14 min 28 sec) 
Finished CPU 0 instructions: 200000002 cycles: 276306376 cumulative IPC: 0.723834 (Simulation time: 0 hr 14 min 28 sec) 

ChampSim completed all CPUs

Region of Interest Statistics

CPU 0 cumulative IPC: 0.723834 instructions: 200000002 cycles: 276306376
ITLB TOTAL     ACCESS:   22147815  HIT:   19655007  MISS:    2492808  HIT %:    88.7447  MISS %:    11.2553   MPKI: 12.464
ITLB LOAD TRANSLATION ACCESS:   22147815  HIT:   19655007  MISS:    2492808  HIT %:    88.7447  MISS %:    11.2553   MPKI: 12.464
ITLB PREFETCH  REQUESTED:          0  ISSUED:          0  USEFUL:          0  USELESS:          0
ITLB USEFUL LOAD PREFETCHES:          0 PREFETCH ISSUED TO LOWER LEVEL:          0  ACCURACY: -nan
ITLB TIMELY PREFETCHES:          0 LATE PREFETCHES: 0 DROPPED PREFETCHES: 0
ITLB PREFETCHES SAME FILL-ORIGIN LEVEL: 0 DIFFERENT FILL-ORIGIN LEVEL: 0
ITLB AVERAGE MISS LATENCY:    9.00773 cycles AVERAGE LOAD MISS LATENCY:       -nan cycles Load Miss          0
ITLB Average MSHR Occupancy:  0.0723611
ITLB RQ	ACCESS:   28644884	FORWARD:          0	MERGED:    4087421	TO_CACHE:   24557463

DTLB TOTAL     ACCESS:   32084097  HIT:   30096943  MISS:    1987154  HIT %:    93.8064  MISS %:    6.19358   MPKI: 9.93577
DTLB LOAD TRANSLATION ACCESS:   32084097  HIT:   30096943  MISS:    1987154  HIT %:    93.8064  MISS %:    6.19358   MPKI: 9.93577
DTLB PREFETCH  REQUESTED:          0  ISSUED:          0  USEFUL:          0  USELESS:          0
DTLB USEFUL LOAD PREFETCHES:          0 PREFETCH ISSUED TO LOWER LEVEL:          0  ACCURACY: -nan
DTLB TIMELY PREFETCHES:          0 LATE PREFETCHES: 0 DROPPED PREFETCHES: 0
DTLB PREFETCHES SAME FILL-ORIGIN LEVEL: 0 DIFFERENT FILL-ORIGIN LEVEL: 0
DTLB AVERAGE MISS LATENCY:    9.30714 cycles AVERAGE LOAD MISS LATENCY:       -nan cycles Load Miss          0
DTLB Average MSHR Occupancy:  0.0608204
DTLB RQ	ACCESS:   50120169	FORWARD:          0	MERGED:   17839764	TO_CACHE:   32280405

STLB TOTAL     ACCESS:    4479962  HIT:    4457153  MISS:      22809  HIT %:    99.4909  MISS %:   0.509134   MPKI: 0.114045
STLB LOAD TRANSLATION ACCESS:    4479962  HIT:    4457153  MISS:      22809  HIT %:    99.4909  MISS %:   0.509134   MPKI: 0.114045
STLB PREFETCH  REQUESTED:          0  ISSUED:          0  USEFUL:          0  USELESS:          0
STLB USEFUL LOAD PREFETCHES:          0 PREFETCH ISSUED TO LOWER LEVEL:          0  ACCURACY: -nan
STLB TIMELY PREFETCHES:          0 LATE PREFETCHES: 0 DROPPED PREFETCHES: 0
STLB PREFETCHES SAME FILL-ORIGIN LEVEL: 0 DIFFERENT FILL-ORIGIN LEVEL: 0
STLB AVERAGE MISS LATENCY:    26.4111 cycles AVERAGE LOAD MISS LATENCY:       -nan cycles Load Miss          0
STLB Average MSHR Occupancy: 0.00226588
STLB RQ	ACCESS:    4479963	FORWARD:          0	MERGED:          0	TO_CACHE:    4479963

STLB Hit, L1D data hit: 0
STLB Hit, L2C data hit: 0
STLB Hit, LLC data hit: 0
STLB Hit, LLC data miss: 0
STLB STLB hints to L2: 0
L1D TOTAL     ACCESS:   49781873  HIT:   48089212  MISS:    1692661  HIT %:    96.5998  MISS %:    3.40016   MPKI: 8.4633
L1D LOAD      ACCESS:   25739500  HIT:   24280648  MISS:    1458852  HIT %:    94.3322  MISS %:    5.66776   MPKI: 7.29426
L1D RFO       ACCESS:   24042373  HIT:   23808564  MISS:     233809  HIT %:    99.0275  MISS %:   0.972487   MPKI: 1.16904
L1D PREFETCH  REQUESTED:          0  ISSUED:          0  USEFUL:          0  USELESS:          0
L1D USEFUL LOAD PREFETCHES:          0 PREFETCH ISSUED TO LOWER LEVEL:          0  ACCURACY: -nan
L1D TIMELY PREFETCHES:          0 LATE PREFETCHES: 0 DROPPED PREFETCHES: 0
L1D PREFETCHES SAME FILL-ORIGIN LEVEL: 0 DIFFERENT FILL-ORIGIN LEVEL: 0
L1D AVERAGE MISS LATENCY:    19.4766 cycles AVERAGE LOAD MISS LATENCY:    18.7418 cycles Load Miss    1458852
L1D Average MSHR Occupancy:   0.122258
L1D RQ	ACCESS:   42020820	FORWARD:          0	MERGED:   15981177	TO_CACHE:   25777173
L1D WQ	ACCESS:   24698006	FORWARD:     262470	MERGED:     355010	TO_CACHE:   24342996

L1D UNIQUE REGIONS ACCESSED: 0
L1D REGIONS CONFLICTS: 0
L1D Cross Page Prefetch Requests: 0
L1D Same Page Prefetch Requests: 0
L1D ROI Sum of L1D PQ occupancy: 0
L1D PREFETCHES PUSHED FROM L2C: 0
L1I TOTAL     ACCESS:   27666524  HIT:    7066455  MISS:   20600069  HIT %:    25.5415  MISS %:    74.4585   MPKI: 103
L1I LOAD      ACCESS:   27666524  HIT:    7066455  MISS:   20600069  HIT %:    25.5415  MISS %:    74.4585   MPKI: 103
L1I PREFETCH  REQUESTED:          0  ISSUED:          0  USEFUL:          0  USELESS:          0
L1I USEFUL LOAD PREFETCHES:          0 PREFETCH ISSUED TO LOWER LEVEL:          0  ACCURACY: -nan
L1I TIMELY PREFETCHES:          0 LATE PREFETCHES: 0 DROPPED PREFETCHES: 0
L1I PREFETCHES SAME FILL-ORIGIN LEVEL: 0 DIFFERENT FILL-ORIGIN LEVEL: 0
L1I AVERAGE MISS LATENCY:    14.3215 cycles AVERAGE LOAD MISS LATENCY:    14.3215 cycles Load Miss   20600069
L1I Average MSHR Occupancy:    1.02645
L1I RQ	ACCESS:   51263389	FORWARD:          0	MERGED:   22618505	TO_CACHE:   28644884

BTB TOTAL     ACCESS:   28057751  HIT:   24475634  MISS:    3582117  HIT %:    87.2331  MISS %:    12.7669   MPKI: 17.9106
BTB BRANCH_DIRECT_JUMP	ACCESS:    2068638  HIT:    1958879  MISS:     109759
BTB BRANCH_INDIRECT	ACCESS:   12589172  HIT:   11339405  MISS:    1249767
BTB BRANCH_CONDITIONAL	ACCESS:    3940336  HIT:    3824469  MISS:     115867
BTB BRANCH_DIRECT_CALL	ACCESS:    3834377  HIT:    3580706  MISS:     253671
BTB BRANCH_INDIRECT_CALL	ACCESS:     895428  HIT:     719731  MISS:     175697
BTB BRANCH_RETURN	ACCESS:    4729800  HIT:    3052444  MISS:    1677356
BTB BRANCH_OTHER ACCESS:          0  HIT:          0  MISS:          0

L2C TOTAL     ACCESS:   24711695  HIT:   24639825  MISS:      71870  HIT %:    99.7092  MISS %:   0.290834   MPKI: 0.35935
L2C LOAD      ACCESS:   22058716  HIT:   22004888  MISS:      53828  HIT %:     99.756  MISS %:   0.244021   MPKI: 0.26914
L2C DATA LOAD MPKI: 0.265065
L2C INSTRUCTION LOAD MPKI: 0.004075
L2C RFO       ACCESS:     233809  HIT:     217177  MISS:      16632  HIT %:    92.8865  MISS %:     7.1135   MPKI: 0.08316
L2C PREFETCH  ACCESS:    1491382  HIT:    1490782  MISS:        600  HIT %:    99.9598  MISS %:  0.0402311   MPKI: 0.003
AGUS PREFETCH L1 MISS: 0
L2C DATA PREFETCH MPKI: 0.003
L2C INSTRUCTION PREFETCH MPKI: 0
L2C WRITEBACK ACCESS:     896284  HIT:     896272  MISS:         12  HIT %:    99.9987  MISS %: 0.00133886   MPKI: 6e-05
L2C LOAD TRANSLATION ACCESS:      31504  HIT:      30706  MISS:        798  HIT %:     97.467  MISS %:    2.53301   MPKI: 0.00399
L2C PREFETCH  REQUESTED:    1865118  ISSUED:    1864899  USEFUL:        213  USELESS:        530
L2C USEFUL LOAD PREFETCHES:        213 PREFETCH ISSUED TO LOWER LEVEL:     255809  ACCURACY: 0.0832652
L2C TIMELY PREFETCHES:        213 LATE PREFETCHES: 1205 DROPPED PREFETCHES: 0
L2C PREFETCHES SAME FILL-ORIGIN LEVEL: 1805 DIFFERENT FILL-ORIGIN LEVEL: 254004
L2C AVERAGE MISS LATENCY:    102.032 cycles AVERAGE LOAD MISS LATENCY:    95.2207 cycles Load Miss      53828
L2C Average MSHR Occupancy:  0.0265332
L2C RQ	ACCESS:   22324233	FORWARD:          0	MERGED:          0	TO_CACHE:   22324029
L2C WQ	ACCESS:     896284	FORWARD:        204	MERGED:          0	TO_CACHE:     896284
L2C PQ	ACCESS:    1864899	FORWARD:          0	MERGED:     115380	TO_CACHE:    1749519

L2C Instructions Evicting Data 791
L2C Translations Evicting Data 756
L2C Data Evicting Data 68696
L2C Instructions Evicting Instructions 14
L2C Translations Evicting Instructions 18
L2C Data Evicting Instructions 769
L2C Instructions Evicting Translations 10
L2C Translations Evicting Translations 24
L2C Data Evicting Translations 768
L2C Dense regions hint from L2: 0
PSCL5 TOTAL     ACCESS:      22809  HIT:      22809  MISS:          0  HIT %:        100  MISS %:          0   MPKI: 0
PSCL5 LOAD TRANSLATION ACCESS:      22809  HIT:      22809  MISS:          0  HIT %:        100  MISS %:          0   MPKI: 0
PSCL5 PREFETCH  REQUESTED:          0  ISSUED:          0  USEFUL:          0  USELESS:          0
PSCL5 USEFUL LOAD PREFETCHES:          0 PREFETCH ISSUED TO LOWER LEVEL:          0  ACCURACY: -nan
PSCL5 TIMELY PREFETCHES:          0 LATE PREFETCHES: 0 DROPPED PREFETCHES: 0
PSCL5 PREFETCHES SAME FILL-ORIGIN LEVEL: 0 DIFFERENT FILL-ORIGIN LEVEL: 0

PSCL4 TOTAL     ACCESS:      22270  HIT:      22260  MISS:         10  HIT %:    99.9551  MISS %:  0.0449035   MPKI: 5e-05
PSCL4 LOAD TRANSLATION ACCESS:      22270  HIT:      22260  MISS:         10  HIT %:    99.9551  MISS %:  0.0449035   MPKI: 5e-05
PSCL4 PREFETCH  REQUESTED:          0  ISSUED:          0  USEFUL:          0  USELESS:          0
PSCL4 USEFUL LOAD PREFETCHES:          0 PREFETCH ISSUED TO LOWER LEVEL:          0  ACCURACY: -nan
PSCL4 TIMELY PREFETCHES:          0 LATE PREFETCHES: 0 DROPPED PREFETCHES: 0
PSCL4 PREFETCHES SAME FILL-ORIGIN LEVEL: 0 DIFFERENT FILL-ORIGIN LEVEL: 0

PSCL3 TOTAL     ACCESS:      22738  HIT:      22663  MISS:         75  HIT %:    99.6702  MISS %:   0.329844   MPKI: 0.000375
PSCL3 LOAD TRANSLATION ACCESS:      22738  HIT:      22663  MISS:         75  HIT %:    99.6702  MISS %:   0.329844   MPKI: 0.000375
PSCL3 PREFETCH  REQUESTED:          0  ISSUED:          0  USEFUL:          0  USELESS:          0
PSCL3 USEFUL LOAD PREFETCHES:          0 PREFETCH ISSUED TO LOWER LEVEL:          0  ACCURACY: -nan
PSCL3 TIMELY PREFETCHES:          0 LATE PREFETCHES: 0 DROPPED PREFETCHES: 0
PSCL3 PREFETCHES SAME FILL-ORIGIN LEVEL: 0 DIFFERENT FILL-ORIGIN LEVEL: 0

PSCL2 TOTAL     ACCESS:      22809  HIT:      14199  MISS:       8610  HIT %:    62.2517  MISS %:    37.7483   MPKI: 0.04305
PSCL2 LOAD TRANSLATION ACCESS:      22809  HIT:      14199  MISS:       8610  HIT %:    62.2517  MISS %:    37.7483   MPKI: 0.04305
PSCL2 PREFETCH  REQUESTED:          0  ISSUED:          0  USEFUL:          0  USELESS:          0
PSCL2 USEFUL LOAD PREFETCHES:          0 PREFETCH ISSUED TO LOWER LEVEL:          0  ACCURACY: -nan
PSCL2 TIMELY PREFETCHES:          0 LATE PREFETCHES: 0 DROPPED PREFETCHES: 0
PSCL2 PREFETCHES SAME FILL-ORIGIN LEVEL: 0 DIFFERENT FILL-ORIGIN LEVEL: 0

LLC TOTAL     ACCESS:     346660  HIT:     271041  MISS:      75619  HIT %:    78.1864  MISS %:    21.8136   MPKI: 0.378095
LLC LOAD      ACCESS:      52623  HIT:      36018  MISS:      16605  HIT %:    68.4454  MISS %:    31.5546   MPKI: 0.083025
LLC RFO       ACCESS:      16631  HIT:       8272  MISS:       8359  HIT %:    49.7384  MISS %:    50.2616   MPKI: 0.041795
LLC PREFETCH  ACCESS:     248307  HIT:     213407  MISS:      34900  HIT %:    85.9448  MISS %:    14.0552   MPKI: 0.1745
AGUS PREFETCH L1 MISS: 0
LLC WRITEBACK ACCESS:      28301  HIT:      12726  MISS:      15575  HIT %:    44.9666  MISS %:    55.0334   MPKI: 0.077875
LLC LOAD TRANSLATION ACCESS:        798  HIT:        618  MISS:        180  HIT %:    77.4436  MISS %:    22.5564   MPKI: 0.0009
LLC PREFETCH  REQUESTED:          0  ISSUED:          0  USEFUL:       4207  USELESS:      11572
LLC USEFUL LOAD PREFETCHES:       4207 PREFETCH ISSUED TO LOWER LEVEL:      37940  ACCURACY: 11.0886
LLC TIMELY PREFETCHES:       4207 LATE PREFETCHES: 3040 DROPPED PREFETCHES: 0
LLC PREFETCHES SAME FILL-ORIGIN LEVEL: 37534 DIFFERENT FILL-ORIGIN LEVEL: 0
LLC AVERAGE MISS LATENCY:    134.741 cycles AVERAGE LOAD MISS LATENCY:     166.06 cycles Load Miss      16605
LLC Average MSHR Occupancy:  0.0367097
LLC RQ	ACCESS:      70053	FORWARD:          0	MERGED:          0	TO_CACHE:      70052
LLC WQ	ACCESS:      28301	FORWARD:          1	MERGED:          0	TO_CACHE:      28301
LLC PQ	ACCESS:     255809	FORWARD:          0	MERGED:       3359	TO_CACHE:     252450

LLC Dense regions hint to LLC: 0

RAW hits: 6079272
Loads Generated: 48100090
Loads sent to L1D: 42020820
Stores Generated: 24698004
Stores sent to L1D: 24698006
Major fault: 0 Minor fault: 5748
Allocated PAGES: 5748
 All Calls: 2921219
 Critical Calls: 2921219
------------------
Depth Distribution
------------------
depth 0: 0
depth 1: 2468204
depth 2: 793372
depth 3: 288672
depth 4: 105033
depth 5: 26370
depth 6: 6931
depth 7: 3003
depth 8: 1233
depth 9: 93
depth 10: 28
depth 11: 0
depth 12: 0
depth 13: 0
depth 14: 0
depth 15: 0
depth 16: 0
depth 17: 0
depth 18: 0
depth 19: 0
depth 20: 0
depth 21: 0
depth 22: 0
depth 23: 0
depth 24: 0
depth 25: 0
depth 26: 0
depth 27: 0
depth 28: 0
depth 29: 0
Total: 3692939
-----------------------------
-----------------------------
	Captured at Filter
-----------------------------
depth 0: 0
depth 1: 228873
depth 2: 109409
depth 3: 59168
depth 4: 27133
depth 5: 6933
depth 6: 729
depth 7: 31
depth 8: 10
depth 9: 1
depth 10: 0
depth 11: 0
depth 12: 0
depth 13: 0
depth 14: 0
depth 15: 0
depth 16: 0
depth 17: 0
depth 18: 0
depth 19: 0
depth 20: 0
depth 21: 0
depth 22: 0
depth 23: 0
depth 24: 0
depth 25: 0
depth 26: 0
depth 27: 0
depth 28: 0
depth 29: 0
-----------------------------
-----------------------------
		Lost at Page
-----------------------------
depth 0: 0
depth 1: 384735
depth 2: 86585
depth 3: 17429
depth 4: 4374
depth 5: 819
depth 6: 588
depth 7: 387
depth 8: 205
depth 9: 22
depth 10: 11
depth 11: 2
depth 12: 0
depth 13: 0
depth 14: 0
depth 15: 0
depth 16: 0
depth 17: 0
depth 18: 0
depth 19: 0
depth 20: 0
depth 21: 0
depth 22: 0
depth 23: 0
depth 24: 0
depth 25: 0
depth 26: 0
depth 27: 0
depth 28: 0
depth 29: 0
-----------------------------
-----------------------------
	Lost due to PQ Size
-----------------------------
4521
-----------------------------
ST read accesses: 1323240
ST write accesses: 135408
PT read accesses: 19486447
PT write accesses: 1636846
FILTER read accesses: 3571371
FILTER write accesses: 164274
GHR read accesses: 3143228
GHR write accesses: 304191
GHR counter read accesses: 16992980
GHR counter write accesses: 1547960
ST tag read accesses: 624235514
ST tag write accesses: 68364120
================ Mockingjay (LLC) Pollution Stats ================
Total pollution count in LLC: 9034
==================================================================

DRAM Statistics
 CHANNEL 0
 RQ ROW_BUFFER_HIT:      11265  ROW_BUFFER_MISS:      48779
 DBUS_CONGESTED:         19
 WQ ROW_BUFFER_HIT:       1571  ROW_BUFFER_MISS:      18391  FULL:          0

 AVG_CONGESTED_CYCLE: 4
 All warmup complete: 2
Channel 0 Bank busy for read cycles: 0
Channel 0 Bank busy for write cycles: 0
Channel 0
Rank 0
0banks busy for read cycles: 267555381
0banks busy for write cycles: 15178
1banks busy for read cycles: 4616835
1banks busy for write cycles: 2302071
2banks busy for read cycles: 1105087
2banks busy for write cycles: 312961
3banks busy for read cycles: 247567
3banks busy for write cycles: 34449
4banks busy for read cycles: 47009
4banks busy for write cycles: 38828
5banks busy for read cycles: 13838
5banks busy for write cycles: 6352
6banks busy for read cycles: 5658
6banks busy for write cycles: 1780
7banks busy for read cycles: 2164
7banks busy for write cycles: 696
8banks busy for read cycles: 523
8banks busy for write cycles: 0

CPU 0 Branch Prediction Accuracy: 99.9797% MPKI: 0.034825 Average ROB Occupancy at Mispredict: 26.5516
Branch types
NOT_BRANCH: 165656966 82.8285%
BRANCH_DIRECT_JUMP: 2068638 1.03432%
BRANCH_INDIRECT: 12589172 6.29459%
BRANCH_CONDITIONAL: 10225460 5.11273%
BRANCH_DIRECT_CALL: 3834377 1.91719%
BRANCH_INDIRECT_CALL: 895428 0.447714%
BRANCH_RETURN: 4729800 2.3649%
BRANCH_OTHER: 0 0%

===================== LRU L1D STATS =====================
Total pollution count in L1D: 0
=========================================================
================ SRRIP (L2C) Pollution Stats ================
Total pollution count in L2c: 81334
==================================================================
DRAM PAGES: 1048576
Allocated PAGES: 5748
