Initialize SIGNATURE TABLE
ST_SET: 1
ST_WAY: 256
ST_TAG_BIT: 16
ST_TAG_MASK: ffff

Initialize PATTERN TABLE
PT_SET: 512
PT_WAY: 4
SIG_DELTA_BIT: 7
C_SIG_BIT: 4
C_DELTA_BIT: 4

Initialize PREFETCH FILTER
FILTER_SET: 1024

*** ChampSim Multicore Out-of-Order Simulator ***

Warmup Instructions: 200000000
Simulation Instructions: 200000000
Number of CPUs: 1
LLC sets: 4096
LLC ways: 12
Off-chip DRAM Size: 4096 MB Channels: 1 Width: 64-bit Data Rate: 6400 MT/s
CPU 0 runs /home1/sweta/traces/qualcomm_traces/server_015.champsimtrace.xz
.xz
BTB has LRU replacement policy
ITLB has LRU replacement policy
DTLB has LRU replacement policy
STLB has LRU replacement policy
L1I has LRU replacement policy
L1D has LRU replacement policy
ST_WAYS: 256
PT_SETS: 512
Initialize SRRIP state for L2C
Initialize Mockingjay state for LLC
Heartbeat CPU 0 instructions: 10000002 cycles: 2081887 heartbeat IPC: 4.80334 cumulative IPC: 4.80334 (Simulation time: 0 hr 0 min 13 sec) 
Heartbeat CPU 0 instructions: 20000000 cycles: 4176349 heartbeat IPC: 4.77449 cumulative IPC: 4.78887 (Simulation time: 0 hr 0 min 25 sec) 
Heartbeat CPU 0 instructions: 30000006 cycles: 6236414 heartbeat IPC: 4.85422 cumulative IPC: 4.81046 (Simulation time: 0 hr 0 min 37 sec) 
Heartbeat CPU 0 instructions: 40000003 cycles: 8297988 heartbeat IPC: 4.85066 cumulative IPC: 4.82045 (Simulation time: 0 hr 0 min 50 sec) 
Heartbeat CPU 0 instructions: 50000001 cycles: 10357309 heartbeat IPC: 4.85597 cumulative IPC: 4.82751 (Simulation time: 0 hr 1 min 2 sec) 
Heartbeat CPU 0 instructions: 60000005 cycles: 12416711 heartbeat IPC: 4.85578 cumulative IPC: 4.8322 (Simulation time: 0 hr 1 min 15 sec) 
Heartbeat CPU 0 instructions: 70000004 cycles: 14476154 heartbeat IPC: 4.85568 cumulative IPC: 4.83554 (Simulation time: 0 hr 1 min 27 sec) 
Heartbeat CPU 0 instructions: 80000001 cycles: 16535537 heartbeat IPC: 4.85582 cumulative IPC: 4.83806 (Simulation time: 0 hr 1 min 40 sec) 
Heartbeat CPU 0 instructions: 90000000 cycles: 18595010 heartbeat IPC: 4.85561 cumulative IPC: 4.84001 (Simulation time: 0 hr 1 min 52 sec) 
Heartbeat CPU 0 instructions: 100000002 cycles: 20654214 heartbeat IPC: 4.85625 cumulative IPC: 4.84163 (Simulation time: 0 hr 2 min 6 sec) 
Heartbeat CPU 0 instructions: 110000003 cycles: 22713509 heartbeat IPC: 4.85603 cumulative IPC: 4.84293 (Simulation time: 0 hr 2 min 21 sec) 
Heartbeat CPU 0 instructions: 120000004 cycles: 24772736 heartbeat IPC: 4.85619 cumulative IPC: 4.84404 (Simulation time: 0 hr 2 min 35 sec) 
Heartbeat CPU 0 instructions: 130000000 cycles: 26832099 heartbeat IPC: 4.85587 cumulative IPC: 4.84494 (Simulation time: 0 hr 2 min 50 sec) 
Heartbeat CPU 0 instructions: 140000002 cycles: 28891679 heartbeat IPC: 4.85536 cumulative IPC: 4.84569 (Simulation time: 0 hr 3 min 5 sec) 
Heartbeat CPU 0 instructions: 150000001 cycles: 30951659 heartbeat IPC: 4.85442 cumulative IPC: 4.84627 (Simulation time: 0 hr 3 min 20 sec) 
Heartbeat CPU 0 instructions: 160000007 cycles: 33011023 heartbeat IPC: 4.85587 cumulative IPC: 4.84687 (Simulation time: 0 hr 3 min 35 sec) 
Heartbeat CPU 0 instructions: 170000000 cycles: 35070419 heartbeat IPC: 4.85579 cumulative IPC: 4.84739 (Simulation time: 0 hr 3 min 49 sec) 
Heartbeat CPU 0 instructions: 180000000 cycles: 37130869 heartbeat IPC: 4.85331 cumulative IPC: 4.84772 (Simulation time: 0 hr 4 min 4 sec) 
Heartbeat CPU 0 instructions: 190000004 cycles: 39190792 heartbeat IPC: 4.85455 cumulative IPC: 4.84808 (Simulation time: 0 hr 4 min 18 sec) 
Heartbeat CPU 0 instructions: 200000001 cycles: 41251190 heartbeat IPC: 4.85343 cumulative IPC: 4.84834 (Simulation time: 0 hr 4 min 32 sec) 

Warmup complete CPU 0 instructions: 200000001 cycles: 41251190 (Simulation time: 0 hr 4 min 32 sec) 

Heartbeat CPU 0 instructions: 210000005 cycles: 52955286 heartbeat IPC: 0.854402 cumulative IPC: 0.854402 (Simulation time: 0 hr 4 min 55 sec) 
Heartbeat CPU 0 instructions: 220000004 cycles: 64693017 heartbeat IPC: 0.851953 cumulative IPC: 0.853176 (Simulation time: 0 hr 5 min 19 sec) 
Heartbeat CPU 0 instructions: 230000007 cycles: 76373709 heartbeat IPC: 0.856114 cumulative IPC: 0.854153 (Simulation time: 0 hr 5 min 43 sec) 
Heartbeat CPU 0 instructions: 240000004 cycles: 88038486 heartbeat IPC: 0.857281 cumulative IPC: 0.854933 (Simulation time: 0 hr 6 min 10 sec) 
Heartbeat CPU 0 instructions: 250000000 cycles: 99757403 heartbeat IPC: 0.853321 cumulative IPC: 0.85461 (Simulation time: 0 hr 6 min 37 sec) 
Heartbeat CPU 0 instructions: 260000005 cycles: 111426892 heartbeat IPC: 0.856936 cumulative IPC: 0.854997 (Simulation time: 0 hr 7 min 4 sec) 
Heartbeat CPU 0 instructions: 270000000 cycles: 123082925 heartbeat IPC: 0.857924 cumulative IPC: 0.855414 (Simulation time: 0 hr 7 min 31 sec) 
Heartbeat CPU 0 instructions: 280000001 cycles: 134749975 heartbeat IPC: 0.857115 cumulative IPC: 0.855626 (Simulation time: 0 hr 7 min 58 sec) 
Heartbeat CPU 0 instructions: 290000006 cycles: 146455377 heartbeat IPC: 0.854307 cumulative IPC: 0.855479 (Simulation time: 0 hr 8 min 25 sec) 
Heartbeat CPU 0 instructions: 300000001 cycles: 158194481 heartbeat IPC: 0.851853 cumulative IPC: 0.855115 (Simulation time: 0 hr 8 min 52 sec) 
Heartbeat CPU 0 instructions: 310000005 cycles: 169891800 heartbeat IPC: 0.854897 cumulative IPC: 0.855096 (Simulation time: 0 hr 9 min 19 sec) 
Heartbeat CPU 0 instructions: 320000004 cycles: 181597751 heartbeat IPC: 0.854266 cumulative IPC: 0.855026 (Simulation time: 0 hr 9 min 45 sec) 
Heartbeat CPU 0 instructions: 330000000 cycles: 193287816 heartbeat IPC: 0.855427 cumulative IPC: 0.855057 (Simulation time: 0 hr 10 min 11 sec) 
Heartbeat CPU 0 instructions: 340000000 cycles: 205033395 heartbeat IPC: 0.851384 cumulative IPC: 0.854794 (Simulation time: 0 hr 10 min 37 sec) 
Heartbeat CPU 0 instructions: 350000002 cycles: 216702384 heartbeat IPC: 0.856972 cumulative IPC: 0.854939 (Simulation time: 0 hr 11 min 3 sec) 
Heartbeat CPU 0 instructions: 360000000 cycles: 228458708 heartbeat IPC: 0.850606 cumulative IPC: 0.854667 (Simulation time: 0 hr 11 min 29 sec) 
Heartbeat CPU 0 instructions: 370000005 cycles: 240152061 heartbeat IPC: 0.855187 cumulative IPC: 0.854697 (Simulation time: 0 hr 11 min 56 sec) 
*** Reached end of trace for Core: 0 Repeating trace: /home1/sweta/traces/qualcomm_traces/server_015.champsimtrace.xz
Heartbeat CPU 0 instructions: 380000001 cycles: 252619445 heartbeat IPC: 0.802093 cumulative IPC: 0.851594 (Simulation time: 0 hr 12 min 22 sec) 
Heartbeat CPU 0 instructions: 390000006 cycles: 266130143 heartbeat IPC: 0.740155 cumulative IPC: 0.844899 (Simulation time: 0 hr 12 min 50 sec) 
Heartbeat CPU 0 instructions: 400000007 cycles: 277836703 heartbeat IPC: 0.854222 cumulative IPC: 0.84536 (Simulation time: 0 hr 13 min 16 sec) 
Finished CPU 0 instructions: 200000006 cycles: 236585513 cumulative IPC: 0.84536 (Simulation time: 0 hr 13 min 16 sec) 

ChampSim completed all CPUs

Region of Interest Statistics

CPU 0 cumulative IPC: 0.84536 instructions: 200000006 cycles: 236585513
ITLB TOTAL     ACCESS:   22614004  HIT:   20953538  MISS:    1660466  HIT %:    92.6574  MISS %:    7.34264   MPKI: 8.30233
ITLB LOAD TRANSLATION ACCESS:   22614004  HIT:   20953538  MISS:    1660466  HIT %:    92.6574  MISS %:    7.34264   MPKI: 8.30233
ITLB PREFETCH  REQUESTED:          0  ISSUED:          0  USEFUL:          0  USELESS:          0
ITLB USEFUL LOAD PREFETCHES:          0 PREFETCH ISSUED TO LOWER LEVEL:          0  ACCURACY: -nan
ITLB TIMELY PREFETCHES:          0 LATE PREFETCHES: 0 DROPPED PREFETCHES: 0
ITLB PREFETCHES SAME FILL-ORIGIN LEVEL: 0 DIFFERENT FILL-ORIGIN LEVEL: 0
ITLB AVERAGE MISS LATENCY:    9.00994 cycles AVERAGE LOAD MISS LATENCY:       -nan cycles Load Miss          0
ITLB Average MSHR Occupancy:  0.0562427
ITLB RQ	ACCESS:   28293950	FORWARD:          0	MERGED:    3993195	TO_CACHE:   24300755

DTLB TOTAL     ACCESS:   33207820  HIT:   32444122  MISS:     763698  HIT %:    97.7002  MISS %:    2.29975   MPKI: 3.81849
DTLB LOAD TRANSLATION ACCESS:   33207820  HIT:   32444122  MISS:     763698  HIT %:    97.7002  MISS %:    2.29975   MPKI: 3.81849
DTLB PREFETCH  REQUESTED:          0  ISSUED:          0  USEFUL:          0  USELESS:          0
DTLB USEFUL LOAD PREFETCHES:          0 PREFETCH ISSUED TO LOWER LEVEL:          0  ACCURACY: -nan
DTLB TIMELY PREFETCHES:          0 LATE PREFETCHES: 0 DROPPED PREFETCHES: 0
DTLB PREFETCHES SAME FILL-ORIGIN LEVEL: 0 DIFFERENT FILL-ORIGIN LEVEL: 0
DTLB AVERAGE MISS LATENCY:    9.09382 cycles AVERAGE LOAD MISS LATENCY:       -nan cycles Load Miss          0
DTLB Average MSHR Occupancy:  0.0262603
DTLB RQ	ACCESS:   54802204	FORWARD:          0	MERGED:   21434552	TO_CACHE:   33367652

STLB TOTAL     ACCESS:    2424164  HIT:    2423152  MISS:       1012  HIT %:    99.9583  MISS %:  0.0417464   MPKI: 0.00506
STLB LOAD TRANSLATION ACCESS:    2424164  HIT:    2423152  MISS:       1012  HIT %:    99.9583  MISS %:  0.0417464   MPKI: 0.00506
STLB PREFETCH  REQUESTED:          0  ISSUED:          0  USEFUL:          0  USELESS:          0
STLB USEFUL LOAD PREFETCHES:          0 PREFETCH ISSUED TO LOWER LEVEL:          0  ACCURACY: -nan
STLB TIMELY PREFETCHES:          0 LATE PREFETCHES: 0 DROPPED PREFETCHES: 0
STLB PREFETCHES SAME FILL-ORIGIN LEVEL: 0 DIFFERENT FILL-ORIGIN LEVEL: 0
STLB AVERAGE MISS LATENCY:    64.3172 cycles AVERAGE LOAD MISS LATENCY:       -nan cycles Load Miss          0
STLB Average MSHR Occupancy: 0.000288745
STLB RQ	ACCESS:    2424164	FORWARD:          0	MERGED:          0	TO_CACHE:    2424164

STLB Hit, L1D data hit: 0
STLB Hit, L2C data hit: 0
STLB Hit, LLC data hit: 0
STLB Hit, LLC data miss: 0
STLB STLB hints to L2: 0
L1D TOTAL     ACCESS:   54744995  HIT:   54686616  MISS:      58379  HIT %:    99.8934  MISS %:   0.106638   MPKI: 0.291895
L1D LOAD      ACCESS:   23041329  HIT:   23014963  MISS:      26366  HIT %:    99.8856  MISS %:   0.114429   MPKI: 0.13183
L1D RFO       ACCESS:   31703666  HIT:   31671653  MISS:      32013  HIT %:     99.899  MISS %:   0.100976   MPKI: 0.160065
L1D PREFETCH  REQUESTED:          0  ISSUED:          0  USEFUL:          0  USELESS:          0
L1D USEFUL LOAD PREFETCHES:          0 PREFETCH ISSUED TO LOWER LEVEL:          0  ACCURACY: -nan
L1D TIMELY PREFETCHES:          0 LATE PREFETCHES: 0 DROPPED PREFETCHES: 0
L1D PREFETCHES SAME FILL-ORIGIN LEVEL: 0 DIFFERENT FILL-ORIGIN LEVEL: 0
L1D AVERAGE MISS LATENCY:    73.7245 cycles AVERAGE LOAD MISS LATENCY:    48.7864 cycles Load Miss      26366
L1D Average MSHR Occupancy:  0.0190565
L1D RQ	ACCESS:   41192116	FORWARD:          0	MERGED:   17945756	TO_CACHE:   23050275
L1D WQ	ACCESS:   32630291	FORWARD:     196085	MERGED:     878362	TO_CACHE:   31751929

L1D UNIQUE REGIONS ACCESSED: 0
L1D REGIONS CONFLICTS: 0
L1D Cross Page Prefetch Requests: 0
L1D Same Page Prefetch Requests: 0
L1D ROI Sum of L1D PQ occupancy: 0
L1D PREFETCHES PUSHED FROM L2C: 0
L1I TOTAL     ACCESS:   27738447  HIT:   13723569  MISS:   14014878  HIT %:    49.4749  MISS %:    50.5251   MPKI: 70.0744
L1I LOAD      ACCESS:   27738447  HIT:   13723569  MISS:   14014878  HIT %:    49.4749  MISS %:    50.5251   MPKI: 70.0744
L1I PREFETCH  REQUESTED:          0  ISSUED:          0  USEFUL:          0  USELESS:          0
L1I USEFUL LOAD PREFETCHES:          0 PREFETCH ISSUED TO LOWER LEVEL:          0  ACCURACY: -nan
L1I TIMELY PREFETCHES:          0 LATE PREFETCHES: 0 DROPPED PREFETCHES: 0
L1I PREFETCHES SAME FILL-ORIGIN LEVEL: 0 DIFFERENT FILL-ORIGIN LEVEL: 0
L1I AVERAGE MISS LATENCY:    14.2201 cycles AVERAGE LOAD MISS LATENCY:    14.2201 cycles Load Miss   14014878
L1I Average MSHR Occupancy:   0.799571
L1I RQ	ACCESS:   50037058	FORWARD:          0	MERGED:   21743108	TO_CACHE:   28293950

BTB TOTAL     ACCESS:   27660755  HIT:   25168116  MISS:    2492639  HIT %:    90.9885  MISS %:    9.01146   MPKI: 12.4632
BTB BRANCH_DIRECT_JUMP	ACCESS:    1638768  HIT:    1637370  MISS:       1398
BTB BRANCH_INDIRECT	ACCESS:   12430303  HIT:   11611252  MISS:     819051
BTB BRANCH_CONDITIONAL	ACCESS:    3944825  HIT:    3942865  MISS:       1960
BTB BRANCH_DIRECT_CALL	ACCESS:    4365940  HIT:    4362265  MISS:       3675
BTB BRANCH_INDIRECT_CALL	ACCESS:     457500  HIT:     405505  MISS:      51995
BTB BRANCH_RETURN	ACCESS:    4823419  HIT:    3208859  MISS:    1614560
BTB BRANCH_OTHER ACCESS:          0  HIT:          0  MISS:          0

L2C TOTAL     ACCESS:   14142020  HIT:   14097302  MISS:      44718  HIT %:    99.6838  MISS %:   0.316207   MPKI: 0.22359
L2C LOAD      ACCESS:   14041246  HIT:   14020959  MISS:      20287  HIT %:    99.8555  MISS %:   0.144481   MPKI: 0.101435
L2C DATA LOAD MPKI: 0.07297
L2C INSTRUCTION LOAD MPKI: 0.028465
L2C RFO       ACCESS:      32013  HIT:       8586  MISS:      23427  HIT %:    26.8204  MISS %:    73.1796   MPKI: 0.117135
L2C PREFETCH  ACCESS:      31096  HIT:      30505  MISS:        591  HIT %:    98.0994  MISS %:    1.90057   MPKI: 0.002955
AGUS PREFETCH L1 MISS: 0
L2C DATA PREFETCH MPKI: 0.002955
L2C INSTRUCTION PREFETCH MPKI: 0
L2C WRITEBACK ACCESS:      36520  HIT:      36492  MISS:         28  HIT %:    99.9233  MISS %:  0.0766703   MPKI: 0.00014
L2C LOAD TRANSLATION ACCESS:       1145  HIT:        760  MISS:        385  HIT %:    66.3755  MISS %:    33.6245   MPKI: 0.001925
L2C PREFETCH  REQUESTED:     133877  ISSUED:     133152  USEFUL:        578  USELESS:         13
L2C USEFUL LOAD PREFETCHES:        578 PREFETCH ISSUED TO LOWER LEVEL:      57995  ACCURACY: 0.996638
L2C TIMELY PREFETCHES:        578 LATE PREFETCHES: 5628 DROPPED PREFETCHES: 0
L2C PREFETCHES SAME FILL-ORIGIN LEVEL: 6219 DIFFERENT FILL-ORIGIN LEVEL: 51776
L2C AVERAGE MISS LATENCY:    92.8876 cycles AVERAGE LOAD MISS LATENCY:    76.3848 cycles Load Miss      20287
L2C Average MSHR Occupancy:  0.0176739
L2C RQ	ACCESS:   14074407	FORWARD:          0	MERGED:          0	TO_CACHE:   14074407
L2C WQ	ACCESS:      36520	FORWARD:          0	MERGED:          0	TO_CACHE:      36520
L2C PQ	ACCESS:     133152	FORWARD:          0	MERGED:      43289	TO_CACHE:      89863

L2C Instructions Evicting Data 4904
L2C Translations Evicting Data 331
L2C Data Evicting Data 33324
L2C Instructions Evicting Instructions 736
L2C Translations Evicting Instructions 50
L2C Data Evicting Instructions 4813
L2C Instructions Evicting Translations 53
L2C Translations Evicting Translations 4
L2C Data Evicting Translations 475
L2C Dense regions hint from L2: 0
PSCL5 TOTAL     ACCESS:       1012  HIT:       1012  MISS:          0  HIT %:        100  MISS %:          0   MPKI: 0
PSCL5 LOAD TRANSLATION ACCESS:       1012  HIT:       1012  MISS:          0  HIT %:        100  MISS %:          0   MPKI: 0
PSCL5 PREFETCH  REQUESTED:          0  ISSUED:          0  USEFUL:          0  USELESS:          0
PSCL5 USEFUL LOAD PREFETCHES:          0 PREFETCH ISSUED TO LOWER LEVEL:          0  ACCURACY: -nan
PSCL5 TIMELY PREFETCHES:          0 LATE PREFETCHES: 0 DROPPED PREFETCHES: 0
PSCL5 PREFETCHES SAME FILL-ORIGIN LEVEL: 0 DIFFERENT FILL-ORIGIN LEVEL: 0

PSCL4 TOTAL     ACCESS:        616  HIT:        611  MISS:          5  HIT %:    99.1883  MISS %:   0.811688   MPKI: 2.5e-05
PSCL4 LOAD TRANSLATION ACCESS:        616  HIT:        611  MISS:          5  HIT %:    99.1883  MISS %:   0.811688   MPKI: 2.5e-05
PSCL4 PREFETCH  REQUESTED:          0  ISSUED:          0  USEFUL:          0  USELESS:          0
PSCL4 USEFUL LOAD PREFETCHES:          0 PREFETCH ISSUED TO LOWER LEVEL:          0  ACCURACY: -nan
PSCL4 TIMELY PREFETCHES:          0 LATE PREFETCHES: 0 DROPPED PREFETCHES: 0
PSCL4 PREFETCHES SAME FILL-ORIGIN LEVEL: 0 DIFFERENT FILL-ORIGIN LEVEL: 0

PSCL3 TOTAL     ACCESS:        898  HIT:        893  MISS:          5  HIT %:    99.4432  MISS %:   0.556793   MPKI: 2.5e-05
PSCL3 LOAD TRANSLATION ACCESS:        898  HIT:        893  MISS:          5  HIT %:    99.4432  MISS %:   0.556793   MPKI: 2.5e-05
PSCL3 PREFETCH  REQUESTED:          0  ISSUED:          0  USEFUL:          0  USELESS:          0
PSCL3 USEFUL LOAD PREFETCHES:          0 PREFETCH ISSUED TO LOWER LEVEL:          0  ACCURACY: -nan
PSCL3 TIMELY PREFETCHES:          0 LATE PREFETCHES: 0 DROPPED PREFETCHES: 0
PSCL3 PREFETCHES SAME FILL-ORIGIN LEVEL: 0 DIFFERENT FILL-ORIGIN LEVEL: 0

PSCL2 TOTAL     ACCESS:       1012  HIT:        889  MISS:        123  HIT %:    87.8458  MISS %:    12.1542   MPKI: 0.000615
PSCL2 LOAD TRANSLATION ACCESS:       1012  HIT:        889  MISS:        123  HIT %:    87.8458  MISS %:    12.1542   MPKI: 0.000615
PSCL2 PREFETCH  REQUESTED:          0  ISSUED:          0  USEFUL:          0  USELESS:          0
PSCL2 USEFUL LOAD PREFETCHES:          0 PREFETCH ISSUED TO LOWER LEVEL:          0  ACCURACY: -nan
PSCL2 TIMELY PREFETCHES:          0 LATE PREFETCHES: 0 DROPPED PREFETCHES: 0
PSCL2 PREFETCHES SAME FILL-ORIGIN LEVEL: 0 DIFFERENT FILL-ORIGIN LEVEL: 0

LLC TOTAL     ACCESS:     104927  HIT:      87966  MISS:      16961  HIT %:    83.8354  MISS %:    16.1646   MPKI: 0.084805
LLC LOAD      ACCESS:      14659  HIT:      10994  MISS:       3665  HIT %:    74.9983  MISS %:    25.0017   MPKI: 0.018325
LLC RFO       ACCESS:      23426  HIT:      16343  MISS:       7083  HIT %:    69.7644  MISS %:    30.2356   MPKI: 0.035415
LLC PREFETCH  ACCESS:      42255  HIT:      39604  MISS:       2651  HIT %:    93.7262  MISS %:    6.27381   MPKI: 0.013255
AGUS PREFETCH L1 MISS: 0
LLC WRITEBACK ACCESS:      24202  HIT:      20768  MISS:       3434  HIT %:    85.8111  MISS %:    14.1889   MPKI: 0.01717
LLC LOAD TRANSLATION ACCESS:        385  HIT:        257  MISS:        128  HIT %:    66.7532  MISS %:    33.2468   MPKI: 0.00064
LLC PREFETCH  REQUESTED:          0  ISSUED:          0  USEFUL:        915  USELESS:        385
LLC USEFUL LOAD PREFETCHES:        915 PREFETCH ISSUED TO LOWER LEVEL:       3063  ACCURACY: 29.8727
LLC TIMELY PREFETCHES:        915 LATE PREFETCHES: 412 DROPPED PREFETCHES: 0
LLC PREFETCHES SAME FILL-ORIGIN LEVEL: 3010 DIFFERENT FILL-ORIGIN LEVEL: 0
LLC AVERAGE MISS LATENCY:    155.724 cycles AVERAGE LOAD MISS LATENCY:    178.387 cycles Load Miss       3665
LLC Average MSHR Occupancy:  0.0112539
LLC RQ	ACCESS:      38471	FORWARD:          0	MERGED:          0	TO_CACHE:      38470
LLC WQ	ACCESS:      24202	FORWARD:          1	MERGED:          0	TO_CACHE:      24202
LLC PQ	ACCESS:      57995	FORWARD:          0	MERGED:      11238	TO_CACHE:      46757

LLC Dense regions hint to LLC: 0

RAW hits: 6869755
Loads Generated: 48061871
Loads sent to L1D: 41192116
Stores Generated: 32630297
Stores sent to L1D: 32630291
Major fault: 0 Minor fault: 2023
Allocated PAGES: 2023
 All Calls: 55406
 Critical Calls: 55406
------------------
Depth Distribution
------------------
depth 0: 0
depth 1: 24420
depth 2: 15733
depth 3: 14446
depth 4: 13669
depth 5: 12894
depth 6: 12081
depth 7: 11060
depth 8: 9904
depth 9: 8092
depth 10: 6928
depth 11: 5239
depth 12: 3411
depth 13: 1861
depth 14: 287
depth 15: 280
depth 16: 0
depth 17: 0
depth 18: 0
depth 19: 0
depth 20: 0
depth 21: 0
depth 22: 0
depth 23: 0
depth 24: 0
depth 25: 0
depth 26: 0
depth 27: 0
depth 28: 0
depth 29: 0
Total: 140305
-----------------------------
-----------------------------
	Captured at Filter
-----------------------------
depth 0: 0
depth 1: 260
depth 2: 71
depth 3: 65
depth 4: 61
depth 5: 54
depth 6: 53
depth 7: 51
depth 8: 50
depth 9: 42
depth 10: 37
depth 11: 33
depth 12: 22
depth 13: 7
depth 14: 2
depth 15: 2
depth 16: 0
depth 17: 0
depth 18: 0
depth 19: 0
depth 20: 0
depth 21: 0
depth 22: 0
depth 23: 0
depth 24: 0
depth 25: 0
depth 26: 0
depth 27: 0
depth 28: 0
depth 29: 0
-----------------------------
-----------------------------
		Lost at Page
-----------------------------
depth 0: 0
depth 1: 897
depth 2: 546
depth 3: 742
depth 4: 935
depth 5: 1134
depth 6: 1314
depth 7: 1476
depth 8: 1580
depth 9: 1507
depth 10: 1478
depth 11: 1290
depth 12: 957
depth 13: 568
depth 14: 97
depth 15: 104
depth 16: 0
depth 17: 0
depth 18: 0
depth 19: 0
depth 20: 0
depth 21: 0
depth 22: 0
depth 23: 0
depth 24: 0
depth 25: 0
depth 26: 0
depth 27: 0
depth 28: 0
depth 29: 0
-----------------------------
-----------------------------
	Lost due to PQ Size
-----------------------------
12302
-----------------------------
ST read accesses: 25278
ST write accesses: 1088
PT read accesses: 918934
PT write accesses: 35755
FILTER read accesses: 205663
FILTER write accesses: 65485
GHR read accesses: 93840
GHR write accesses: 14134
GHR counter read accesses: 752724
GHR counter write accesses: 47012
ST tag read accesses: 10751256
ST tag write accesses: 549949
================ Mockingjay (LLC) Pollution Stats ================
Total pollution count in LLC: 331
==================================================================

DRAM Statistics
 CHANNEL 0
 RQ ROW_BUFFER_HIT:       5400  ROW_BUFFER_MISS:       8124
 DBUS_CONGESTED:         19
 WQ ROW_BUFFER_HIT:       1866  ROW_BUFFER_MISS:       5448  FULL:          0

 AVG_CONGESTED_CYCLE: 6
 All warmup complete: 2
Channel 0 Bank busy for read cycles: 0
Channel 0 Bank busy for write cycles: 0
Channel 0
Rank 0
0banks busy for read cycles: 235262325
0banks busy for write cycles: 1993
1banks busy for read cycles: 526043
1banks busy for write cycles: 307735
2banks busy for read cycles: 128596
2banks busy for write cycles: 75289
3banks busy for read cycles: 49461
3banks busy for write cycles: 24557
4banks busy for read cycles: 32654
4banks busy for write cycles: 14858
5banks busy for read cycles: 21674
5banks busy for write cycles: 12158
6banks busy for read cycles: 16301
6banks busy for write cycles: 9183
7banks busy for read cycles: 15638
7banks busy for write cycles: 15765
8banks busy for read cycles: 16416
8banks busy for write cycles: 54868

CPU 0 Branch Prediction Accuracy: 99.8994% MPKI: 0.158085 Average ROB Occupancy at Mispredict: 10.5831
Branch types
NOT_BRANCH: 168559305 84.2796%
BRANCH_DIRECT_JUMP: 1638768 0.819384%
BRANCH_INDIRECT: 12430303 6.21515%
BRANCH_CONDITIONAL: 7724810 3.8624%
BRANCH_DIRECT_CALL: 4365940 2.18297%
BRANCH_INDIRECT_CALL: 457500 0.22875%
BRANCH_RETURN: 4823419 2.41171%
BRANCH_OTHER: 0 0%

===================== LRU L1D STATS =====================
Total pollution count in L1D: 0
=========================================================
================ SRRIP (L2C) Pollution Stats ================
Total pollution count in L2c: 21785
==================================================================
DRAM PAGES: 1048576
Allocated PAGES: 2023
