Initialize SIGNATURE TABLE
ST_SET: 1
ST_WAY: 256
ST_TAG_BIT: 16
ST_TAG_MASK: ffff

Initialize PATTERN TABLE
PT_SET: 512
PT_WAY: 4
SIG_DELTA_BIT: 7
C_SIG_BIT: 4
C_DELTA_BIT: 4

Initialize PREFETCH FILTER
FILTER_SET: 1024

*** ChampSim Multicore Out-of-Order Simulator ***

Warmup Instructions: 200000000
Simulation Instructions: 200000000
Number of CPUs: 1
LLC sets: 4096
LLC ways: 12
Off-chip DRAM Size: 4096 MB Channels: 1 Width: 64-bit Data Rate: 6400 MT/s
CPU 0 runs /home1/sweta/traces/qualcomm_traces/server_002.champsimtrace.xz
.xz
BTB has LRU replacement policy
ITLB has LRU replacement policy
DTLB has LRU replacement policy
STLB has LRU replacement policy
L1I has LRU replacement policy
L1D has LRU replacement policy
ST_WAYS: 256
PT_SETS: 512
Initialize SRRIP state for L2C
Initialize Mockingjay state for LLC
Heartbeat CPU 0 instructions: 10000003 cycles: 2013187 heartbeat IPC: 4.96725 cumulative IPC: 4.96725 (Simulation time: 0 hr 0 min 13 sec) 
Heartbeat CPU 0 instructions: 20000002 cycles: 4053364 heartbeat IPC: 4.90154 cumulative IPC: 4.93417 (Simulation time: 0 hr 0 min 26 sec) 
Heartbeat CPU 0 instructions: 30000000 cycles: 6062258 heartbeat IPC: 4.97786 cumulative IPC: 4.94865 (Simulation time: 0 hr 0 min 39 sec) 
Heartbeat CPU 0 instructions: 40000000 cycles: 8074147 heartbeat IPC: 4.97045 cumulative IPC: 4.95408 (Simulation time: 0 hr 0 min 52 sec) 
Heartbeat CPU 0 instructions: 50000007 cycles: 10083250 heartbeat IPC: 4.97735 cumulative IPC: 4.95872 (Simulation time: 0 hr 1 min 4 sec) 
Heartbeat CPU 0 instructions: 60000000 cycles: 12092751 heartbeat IPC: 4.97636 cumulative IPC: 4.96165 (Simulation time: 0 hr 1 min 17 sec) 
Heartbeat CPU 0 instructions: 70000003 cycles: 14102076 heartbeat IPC: 4.9768 cumulative IPC: 4.96381 (Simulation time: 0 hr 1 min 30 sec) 
Heartbeat CPU 0 instructions: 80000002 cycles: 16111022 heartbeat IPC: 4.97773 cumulative IPC: 4.96554 (Simulation time: 0 hr 1 min 43 sec) 
Heartbeat CPU 0 instructions: 90000000 cycles: 18119643 heartbeat IPC: 4.97854 cumulative IPC: 4.96699 (Simulation time: 0 hr 1 min 56 sec) 
Heartbeat CPU 0 instructions: 100000005 cycles: 20128823 heartbeat IPC: 4.97716 cumulative IPC: 4.968 (Simulation time: 0 hr 2 min 9 sec) 
Heartbeat CPU 0 instructions: 110000000 cycles: 22138193 heartbeat IPC: 4.97668 cumulative IPC: 4.96879 (Simulation time: 0 hr 2 min 23 sec) 
Heartbeat CPU 0 instructions: 120000006 cycles: 24147038 heartbeat IPC: 4.97799 cumulative IPC: 4.96955 (Simulation time: 0 hr 2 min 39 sec) 
*** Reached end of trace for Core: 0 Repeating trace: /home1/sweta/traces/qualcomm_traces/server_002.champsimtrace.xz
Heartbeat CPU 0 instructions: 130000007 cycles: 26160993 heartbeat IPC: 4.96535 cumulative IPC: 4.96923 (Simulation time: 0 hr 2 min 54 sec) 
Heartbeat CPU 0 instructions: 140000003 cycles: 28201567 heartbeat IPC: 4.90058 cumulative IPC: 4.96426 (Simulation time: 0 hr 3 min 9 sec) 
Heartbeat CPU 0 instructions: 150000000 cycles: 30210381 heartbeat IPC: 4.97806 cumulative IPC: 4.96518 (Simulation time: 0 hr 3 min 23 sec) 
Heartbeat CPU 0 instructions: 160000003 cycles: 32222100 heartbeat IPC: 4.97087 cumulative IPC: 4.96554 (Simulation time: 0 hr 3 min 38 sec) 
Heartbeat CPU 0 instructions: 170000000 cycles: 34231202 heartbeat IPC: 4.97735 cumulative IPC: 4.96623 (Simulation time: 0 hr 3 min 52 sec) 
Heartbeat CPU 0 instructions: 180000000 cycles: 36240537 heartbeat IPC: 4.97677 cumulative IPC: 4.96681 (Simulation time: 0 hr 4 min 6 sec) 
Heartbeat CPU 0 instructions: 190000006 cycles: 38250101 heartbeat IPC: 4.97621 cumulative IPC: 4.96731 (Simulation time: 0 hr 4 min 21 sec) 
Heartbeat CPU 0 instructions: 200000002 cycles: 40259168 heartbeat IPC: 4.97743 cumulative IPC: 4.96781 (Simulation time: 0 hr 4 min 36 sec) 

Warmup complete CPU 0 instructions: 200000002 cycles: 40259168 (Simulation time: 0 hr 4 min 36 sec) 

Heartbeat CPU 0 instructions: 210000003 cycles: 51910054 heartbeat IPC: 0.858304 cumulative IPC: 0.858304 (Simulation time: 0 hr 4 min 58 sec) 
Heartbeat CPU 0 instructions: 220000002 cycles: 63550459 heartbeat IPC: 0.859077 cumulative IPC: 0.85869 (Simulation time: 0 hr 5 min 20 sec) 
Heartbeat CPU 0 instructions: 230000000 cycles: 75178172 heartbeat IPC: 0.860014 cumulative IPC: 0.859131 (Simulation time: 0 hr 5 min 44 sec) 
Heartbeat CPU 0 instructions: 240000006 cycles: 86804133 heartbeat IPC: 0.860144 cumulative IPC: 0.859384 (Simulation time: 0 hr 6 min 11 sec) 
*** Reached end of trace for Core: 0 Repeating trace: /home1/sweta/traces/qualcomm_traces/server_002.champsimtrace.xz
Heartbeat CPU 0 instructions: 250000000 cycles: 98496695 heartbeat IPC: 0.855244 cumulative IPC: 0.858553 (Simulation time: 0 hr 6 min 37 sec) 
Heartbeat CPU 0 instructions: 260000006 cycles: 110800804 heartbeat IPC: 0.812737 cumulative IPC: 0.850562 (Simulation time: 0 hr 7 min 4 sec) 
Heartbeat CPU 0 instructions: 270000000 cycles: 122441881 heartbeat IPC: 0.859027 cumulative IPC: 0.851761 (Simulation time: 0 hr 7 min 30 sec) 
Heartbeat CPU 0 instructions: 280000000 cycles: 134225414 heartbeat IPC: 0.848642 cumulative IPC: 0.85137 (Simulation time: 0 hr 7 min 55 sec) 
Heartbeat CPU 0 instructions: 290000002 cycles: 145873080 heartbeat IPC: 0.858541 cumulative IPC: 0.85216 (Simulation time: 0 hr 8 min 21 sec) 
Heartbeat CPU 0 instructions: 300000006 cycles: 157515847 heartbeat IPC: 0.858903 cumulative IPC: 0.85283 (Simulation time: 0 hr 8 min 49 sec) 
Heartbeat CPU 0 instructions: 310000004 cycles: 169150835 heartbeat IPC: 0.859476 cumulative IPC: 0.85343 (Simulation time: 0 hr 9 min 15 sec) 
Heartbeat CPU 0 instructions: 320000006 cycles: 180759838 heartbeat IPC: 0.861401 cumulative IPC: 0.854088 (Simulation time: 0 hr 9 min 40 sec) 
Heartbeat CPU 0 instructions: 330000003 cycles: 192384637 heartbeat IPC: 0.86023 cumulative IPC: 0.854558 (Simulation time: 0 hr 10 min 6 sec) 
Heartbeat CPU 0 instructions: 340000007 cycles: 204018674 heartbeat IPC: 0.859547 cumulative IPC: 0.854912 (Simulation time: 0 hr 10 min 31 sec) 
Heartbeat CPU 0 instructions: 350000004 cycles: 215655658 heartbeat IPC: 0.859329 cumulative IPC: 0.855205 (Simulation time: 0 hr 10 min 56 sec) 
Heartbeat CPU 0 instructions: 360000000 cycles: 227288983 heartbeat IPC: 0.859599 cumulative IPC: 0.855479 (Simulation time: 0 hr 11 min 21 sec) 
*** Reached end of trace for Core: 0 Repeating trace: /home1/sweta/traces/qualcomm_traces/server_002.champsimtrace.xz
Heartbeat CPU 0 instructions: 370000002 cycles: 238971438 heartbeat IPC: 0.855985 cumulative IPC: 0.855508 (Simulation time: 0 hr 11 min 47 sec) 
Heartbeat CPU 0 instructions: 380000004 cycles: 250768350 heartbeat IPC: 0.84768 cumulative IPC: 0.85507 (Simulation time: 0 hr 12 min 13 sec) 
Heartbeat CPU 0 instructions: 390000000 cycles: 262777312 heartbeat IPC: 0.832711 cumulative IPC: 0.853863 (Simulation time: 0 hr 12 min 38 sec) 
Heartbeat CPU 0 instructions: 400000007 cycles: 274535504 heartbeat IPC: 0.850471 cumulative IPC: 0.853693 (Simulation time: 0 hr 13 min 3 sec) 
Finished CPU 0 instructions: 200000005 cycles: 234276336 cumulative IPC: 0.853693 (Simulation time: 0 hr 13 min 3 sec) 

ChampSim completed all CPUs

Region of Interest Statistics

CPU 0 cumulative IPC: 0.853693 instructions: 200000005 cycles: 234276336
ITLB TOTAL     ACCESS:   23715885  HIT:   22738179  MISS:     977706  HIT %:    95.8774  MISS %:    4.12258   MPKI: 4.88853
ITLB LOAD TRANSLATION ACCESS:   23715885  HIT:   22738179  MISS:     977706  HIT %:    95.8774  MISS %:    4.12258   MPKI: 4.88853
ITLB PREFETCH  REQUESTED:          0  ISSUED:          0  USEFUL:          0  USELESS:          0
ITLB USEFUL LOAD PREFETCHES:          0 PREFETCH ISSUED TO LOWER LEVEL:          0  ACCURACY: -nan
ITLB TIMELY PREFETCHES:          0 LATE PREFETCHES: 0 DROPPED PREFETCHES: 0
ITLB PREFETCHES SAME FILL-ORIGIN LEVEL: 0 DIFFERENT FILL-ORIGIN LEVEL: 0
ITLB AVERAGE MISS LATENCY:     9.0298 cycles AVERAGE LOAD MISS LATENCY:       -nan cycles Load Miss          0
ITLB Average MSHR Occupancy:  0.0335276
ITLB RQ	ACCESS:   28439080	FORWARD:          0	MERGED:    3657423	TO_CACHE:   24781657

DTLB TOTAL     ACCESS:   31780038  HIT:   30863414  MISS:     916624  HIT %:    97.1157  MISS %:    2.88428   MPKI: 4.58312
DTLB LOAD TRANSLATION ACCESS:   31780038  HIT:   30863414  MISS:     916624  HIT %:    97.1157  MISS %:    2.88428   MPKI: 4.58312
DTLB PREFETCH  REQUESTED:          0  ISSUED:          0  USEFUL:          0  USELESS:          0
DTLB USEFUL LOAD PREFETCHES:          0 PREFETCH ISSUED TO LOWER LEVEL:          0  ACCURACY: -nan
DTLB TIMELY PREFETCHES:          0 LATE PREFETCHES: 0 DROPPED PREFETCHES: 0
DTLB PREFETCHES SAME FILL-ORIGIN LEVEL: 0 DIFFERENT FILL-ORIGIN LEVEL: 0
DTLB AVERAGE MISS LATENCY:    9.19448 cycles AVERAGE LOAD MISS LATENCY:       -nan cycles Load Miss          0
DTLB Average MSHR Occupancy:  0.0322405
DTLB RQ	ACCESS:   53717764	FORWARD:          0	MERGED:   21784948	TO_CACHE:   31932816

STLB TOTAL     ACCESS:    1894330  HIT:    1891935  MISS:       2395  HIT %:    99.8736  MISS %:    0.12643   MPKI: 0.011975
STLB LOAD TRANSLATION ACCESS:    1894330  HIT:    1891935  MISS:       2395  HIT %:    99.8736  MISS %:    0.12643   MPKI: 0.011975
STLB PREFETCH  REQUESTED:          0  ISSUED:          0  USEFUL:          0  USELESS:          0
STLB USEFUL LOAD PREFETCHES:          0 PREFETCH ISSUED TO LOWER LEVEL:          0  ACCURACY: -nan
STLB TIMELY PREFETCHES:          0 LATE PREFETCHES: 0 DROPPED PREFETCHES: 0
STLB PREFETCHES SAME FILL-ORIGIN LEVEL: 0 DIFFERENT FILL-ORIGIN LEVEL: 0
STLB AVERAGE MISS LATENCY:    74.4509 cycles AVERAGE LOAD MISS LATENCY:       -nan cycles Load Miss          0
STLB Average MSHR Occupancy: 0.000793042
STLB RQ	ACCESS:    1894330	FORWARD:          0	MERGED:          0	TO_CACHE:    1894330

STLB Hit, L1D data hit: 0
STLB Hit, L2C data hit: 0
STLB Hit, LLC data hit: 0
STLB Hit, LLC data miss: 0
STLB STLB hints to L2: 0
L1D TOTAL     ACCESS:   53608263  HIT:   53485730  MISS:     122533  HIT %:    99.7714  MISS %:   0.228571   MPKI: 0.612665
L1D LOAD      ACCESS:   22261431  HIT:   22203679  MISS:      57752  HIT %:    99.7406  MISS %:   0.259426   MPKI: 0.28876
L1D RFO       ACCESS:   31346832  HIT:   31282051  MISS:      64781  HIT %:    99.7933  MISS %:   0.206659   MPKI: 0.323905
L1D PREFETCH  REQUESTED:          0  ISSUED:          0  USEFUL:          0  USELESS:          0
L1D USEFUL LOAD PREFETCHES:          0 PREFETCH ISSUED TO LOWER LEVEL:          0  ACCURACY: -nan
L1D TIMELY PREFETCHES:          0 LATE PREFETCHES: 0 DROPPED PREFETCHES: 0
L1D PREFETCHES SAME FILL-ORIGIN LEVEL: 0 DIFFERENT FILL-ORIGIN LEVEL: 0
L1D AVERAGE MISS LATENCY:    56.9378 cycles AVERAGE LOAD MISS LATENCY:    50.0945 cycles Load Miss      57752
L1D Average MSHR Occupancy:  0.0312266
L1D RQ	ACCESS:   41526704	FORWARD:          0	MERGED:   19003667	TO_CACHE:   22264221
L1D WQ	ACCESS:   31947486	FORWARD:     258816	MERGED:     493943	TO_CACHE:   31453543

L1D UNIQUE REGIONS ACCESSED: 0
L1D REGIONS CONFLICTS: 0
L1D Cross Page Prefetch Requests: 0
L1D Same Page Prefetch Requests: 0
L1D ROI Sum of L1D PQ occupancy: 0
L1D PREFETCHES PUSHED FROM L2C: 0
L1I TOTAL     ACCESS:   27841400  HIT:   16058479  MISS:   11782921  HIT %:    57.6784  MISS %:    42.3216   MPKI: 58.9146
L1I LOAD      ACCESS:   27841400  HIT:   16058479  MISS:   11782921  HIT %:    57.6784  MISS %:    42.3216   MPKI: 58.9146
L1I PREFETCH  REQUESTED:          0  ISSUED:          0  USEFUL:          0  USELESS:          0
L1I USEFUL LOAD PREFETCHES:          0 PREFETCH ISSUED TO LOWER LEVEL:          0  ACCURACY: -nan
L1I TIMELY PREFETCHES:          0 LATE PREFETCHES: 0 DROPPED PREFETCHES: 0
L1I PREFETCHES SAME FILL-ORIGIN LEVEL: 0 DIFFERENT FILL-ORIGIN LEVEL: 0
L1I AVERAGE MISS LATENCY:    14.3234 cycles AVERAGE LOAD MISS LATENCY:    14.3234 cycles Load Miss   11782921
L1I Average MSHR Occupancy:   0.691364
L1I RQ	ACCESS:   48939976	FORWARD:          0	MERGED:   20500896	TO_CACHE:   28439080

BTB TOTAL     ACCESS:   27354791  HIT:   24454937  MISS:    2899854  HIT %:    89.3991  MISS %:    10.6009   MPKI: 14.4993
BTB BRANCH_DIRECT_JUMP	ACCESS:    1712960  HIT:    1681492  MISS:      31468
BTB BRANCH_INDIRECT	ACCESS:   11559092  HIT:   10517483  MISS:    1041609
BTB BRANCH_CONDITIONAL	ACCESS:    4600664  HIT:    4596832  MISS:       3832
BTB BRANCH_DIRECT_CALL	ACCESS:    4320086  HIT:    4253363  MISS:      66723
BTB BRANCH_INDIRECT_CALL	ACCESS:     420971  HIT:     357985  MISS:      62986
BTB BRANCH_RETURN	ACCESS:    4741018  HIT:    3047782  MISS:    1693236
BTB BRANCH_OTHER ACCESS:          0  HIT:          0  MISS:          0

L2C TOTAL     ACCESS:   12029358  HIT:   11940419  MISS:      88939  HIT %:    99.2607  MISS %:    0.73935   MPKI: 0.444695
L2C LOAD      ACCESS:   11840671  HIT:   11797626  MISS:      43045  HIT %:    99.6365  MISS %:   0.363535   MPKI: 0.215225
L2C DATA LOAD MPKI: 0.15785
L2C INSTRUCTION LOAD MPKI: 0.057375
L2C RFO       ACCESS:      64781  HIT:      20875  MISS:      43906  HIT %:     32.224  MISS %:     67.776   MPKI: 0.21953
L2C PREFETCH  ACCESS:      45606  HIT:      44691  MISS:        915  HIT %:    97.9937  MISS %:    2.00631   MPKI: 0.004575
AGUS PREFETCH L1 MISS: 0
L2C DATA PREFETCH MPKI: 0.004575
L2C INSTRUCTION PREFETCH MPKI: 0
L2C WRITEBACK ACCESS:      75588  HIT:      75559  MISS:         29  HIT %:    99.9616  MISS %:  0.0383659   MPKI: 0.000145
L2C LOAD TRANSLATION ACCESS:       2712  HIT:       1668  MISS:       1044  HIT %:    61.5044  MISS %:    38.4956   MPKI: 0.00522
L2C PREFETCH  REQUESTED:     279940  ISSUED:     275148  USEFUL:        892  USELESS:         24
L2C USEFUL LOAD PREFETCHES:        892 PREFETCH ISSUED TO LOWER LEVEL:      56747  ACCURACY: 1.57189
L2C TIMELY PREFETCHES:        892 LATE PREFETCHES: 4097 DROPPED PREFETCHES: 0
L2C PREFETCHES SAME FILL-ORIGIN LEVEL: 5012 DIFFERENT FILL-ORIGIN LEVEL: 51735
L2C AVERAGE MISS LATENCY:    71.7751 cycles AVERAGE LOAD MISS LATENCY:    72.9877 cycles Load Miss      43045
L2C Average MSHR Occupancy:    0.02718
L2C RQ	ACCESS:   11908166	FORWARD:          0	MERGED:          0	TO_CACHE:   11908164
L2C WQ	ACCESS:      75588	FORWARD:          2	MERGED:          0	TO_CACHE:      75588
L2C PQ	ACCESS:     275148	FORWARD:          0	MERGED:     161328	TO_CACHE:     113820

L2C Instructions Evicting Data 10071
L2C Translations Evicting Data 933
L2C Data Evicting Data 65686
L2C Instructions Evicting Instructions 1292
L2C Translations Evicting Instructions 103
L2C Data Evicting Instructions 9791
L2C Instructions Evicting Translations 112
L2C Translations Evicting Translations 8
L2C Data Evicting Translations 914
L2C Dense regions hint from L2: 0
PSCL5 TOTAL     ACCESS:       2395  HIT:       2395  MISS:          0  HIT %:        100  MISS %:          0   MPKI: 0
PSCL5 LOAD TRANSLATION ACCESS:       2395  HIT:       2395  MISS:          0  HIT %:        100  MISS %:          0   MPKI: 0
PSCL5 PREFETCH  REQUESTED:          0  ISSUED:          0  USEFUL:          0  USELESS:          0
PSCL5 USEFUL LOAD PREFETCHES:          0 PREFETCH ISSUED TO LOWER LEVEL:          0  ACCURACY: -nan
PSCL5 TIMELY PREFETCHES:          0 LATE PREFETCHES: 0 DROPPED PREFETCHES: 0
PSCL5 PREFETCHES SAME FILL-ORIGIN LEVEL: 0 DIFFERENT FILL-ORIGIN LEVEL: 0

PSCL4 TOTAL     ACCESS:       1373  HIT:       1363  MISS:         10  HIT %:    99.2717  MISS %:   0.728332   MPKI: 5e-05
PSCL4 LOAD TRANSLATION ACCESS:       1373  HIT:       1363  MISS:         10  HIT %:    99.2717  MISS %:   0.728332   MPKI: 5e-05
PSCL4 PREFETCH  REQUESTED:          0  ISSUED:          0  USEFUL:          0  USELESS:          0
PSCL4 USEFUL LOAD PREFETCHES:          0 PREFETCH ISSUED TO LOWER LEVEL:          0  ACCURACY: -nan
PSCL4 TIMELY PREFETCHES:          0 LATE PREFETCHES: 0 DROPPED PREFETCHES: 0
PSCL4 PREFETCHES SAME FILL-ORIGIN LEVEL: 0 DIFFERENT FILL-ORIGIN LEVEL: 0

PSCL3 TOTAL     ACCESS:       2171  HIT:       2161  MISS:         10  HIT %:    99.5394  MISS %:   0.460617   MPKI: 5e-05
PSCL3 LOAD TRANSLATION ACCESS:       2171  HIT:       2161  MISS:         10  HIT %:    99.5394  MISS %:   0.460617   MPKI: 5e-05
PSCL3 PREFETCH  REQUESTED:          0  ISSUED:          0  USEFUL:          0  USELESS:          0
PSCL3 USEFUL LOAD PREFETCHES:          0 PREFETCH ISSUED TO LOWER LEVEL:          0  ACCURACY: -nan
PSCL3 TIMELY PREFETCHES:          0 LATE PREFETCHES: 0 DROPPED PREFETCHES: 0
PSCL3 PREFETCHES SAME FILL-ORIGIN LEVEL: 0 DIFFERENT FILL-ORIGIN LEVEL: 0

PSCL2 TOTAL     ACCESS:       2395  HIT:       2098  MISS:        297  HIT %:    87.5992  MISS %:    12.4008   MPKI: 0.001485
PSCL2 LOAD TRANSLATION ACCESS:       2395  HIT:       2098  MISS:        297  HIT %:    87.5992  MISS %:    12.4008   MPKI: 0.001485
PSCL2 PREFETCH  REQUESTED:          0  ISSUED:          0  USEFUL:          0  USELESS:          0
PSCL2 USEFUL LOAD PREFETCHES:          0 PREFETCH ISSUED TO LOWER LEVEL:          0  ACCURACY: -nan
PSCL2 TIMELY PREFETCHES:          0 LATE PREFETCHES: 0 DROPPED PREFETCHES: 0
PSCL2 PREFETCHES SAME FILL-ORIGIN LEVEL: 0 DIFFERENT FILL-ORIGIN LEVEL: 0

LLC TOTAL     ACCESS:     168402  HIT:     147336  MISS:      21066  HIT %:    87.4906  MISS %:    12.5094   MPKI: 0.10533
LLC LOAD      ACCESS:      38948  HIT:      31965  MISS:       6983  HIT %:     82.071  MISS %:     17.929   MPKI: 0.034915
LLC RFO       ACCESS:      43905  HIT:      37680  MISS:       6225  HIT %:    85.8217  MISS %:    14.1783   MPKI: 0.031125
LLC PREFETCH  ACCESS:      38379  HIT:      35308  MISS:       3071  HIT %:    91.9982  MISS %:    8.00177   MPKI: 0.015355
AGUS PREFETCH L1 MISS: 0
LLC WRITEBACK ACCESS:      46126  HIT:      41606  MISS:       4520  HIT %:    90.2008  MISS %:    9.79925   MPKI: 0.0226
LLC LOAD TRANSLATION ACCESS:       1044  HIT:        777  MISS:        267  HIT %:    74.4253  MISS %:    25.5747   MPKI: 0.001335
LLC PREFETCH  REQUESTED:          0  ISSUED:          0  USEFUL:       1470  USELESS:       1219
LLC USEFUL LOAD PREFETCHES:       1470 PREFETCH ISSUED TO LOWER LEVEL:       4144  ACCURACY: 35.473
LLC TIMELY PREFETCHES:       1470 LATE PREFETCHES: 1073 DROPPED PREFETCHES: 0
LLC PREFETCHES SAME FILL-ORIGIN LEVEL: 4014 DIFFERENT FILL-ORIGIN LEVEL: 0
LLC AVERAGE MISS LATENCY:    138.898 cycles AVERAGE LOAD MISS LATENCY:    173.668 cycles Load Miss       6983
LLC Average MSHR Occupancy:  0.0126026
LLC RQ	ACCESS:      83898	FORWARD:          0	MERGED:          0	TO_CACHE:      83897
LLC WQ	ACCESS:      46126	FORWARD:          1	MERGED:          0	TO_CACHE:      46126
LLC PQ	ACCESS:      56747	FORWARD:          0	MERGED:      15304	TO_CACHE:      41443

LLC Dense regions hint to LLC: 0

RAW hits: 6546458
Loads Generated: 48073162
Loads sent to L1D: 41526704
Stores Generated: 31947483
Stores sent to L1D: 31947486
Major fault: 0 Minor fault: 2002
Allocated PAGES: 2002
 All Calls: 115654
 Critical Calls: 115654
------------------
Depth Distribution
------------------
depth 0: 0
depth 1: 71027
depth 2: 55073
depth 3: 50671
depth 4: 47141
depth 5: 41922
depth 6: 29872
depth 7: 25108
depth 8: 22174
depth 9: 18898
depth 10: 15143
depth 11: 10224
depth 12: 5838
depth 13: 2432
depth 14: 9
depth 15: 7
depth 16: 0
depth 17: 0
depth 18: 0
depth 19: 0
depth 20: 0
depth 21: 0
depth 22: 0
depth 23: 0
depth 24: 0
depth 25: 0
depth 26: 0
depth 27: 0
depth 28: 0
depth 29: 0
Total: 395539
-----------------------------
-----------------------------
	Captured at Filter
-----------------------------
depth 0: 0
depth 1: 463
depth 2: 344
depth 3: 308
depth 4: 305
depth 5: 259
depth 6: 135
depth 7: 109
depth 8: 97
depth 9: 73
depth 10: 72
depth 11: 48
depth 12: 25
depth 13: 11
depth 14: 0
depth 15: 0
depth 16: 0
depth 17: 0
depth 18: 0
depth 19: 0
depth 20: 0
depth 21: 0
depth 22: 0
depth 23: 0
depth 24: 0
depth 25: 0
depth 26: 0
depth 27: 0
depth 28: 0
depth 29: 0
-----------------------------
-----------------------------
		Lost at Page
-----------------------------
depth 0: 0
depth 1: 2036
depth 2: 2136
depth 3: 3021
depth 4: 3910
depth 5: 4536
depth 6: 3605
depth 7: 3403
depth 8: 3540
depth 9: 3487
depth 10: 3188
depth 11: 2489
depth 12: 1630
depth 13: 735
depth 14: 4
depth 15: 6
depth 16: 0
depth 17: 0
depth 18: 0
depth 19: 0
depth 20: 0
depth 21: 0
depth 22: 0
depth 23: 0
depth 24: 0
depth 25: 0
depth 26: 0
depth 27: 0
depth 28: 0
depth 29: 0
-----------------------------
-----------------------------
	Lost due to PQ Size
-----------------------------
40834
-----------------------------
ST read accesses: 55064
ST write accesses: 2686
PT read accesses: 1938480
PT write accesses: 77314
FILTER read accesses: 427864
FILTER write accesses: 130138
GHR read accesses: 182725
GHR write accesses: 29208
GHR counter read accesses: 1586704
GHR counter write accesses: 98842
ST tag read accesses: 23534464
ST tag write accesses: 1358772
================ Mockingjay (LLC) Pollution Stats ================
Total pollution count in LLC: 1390
==================================================================

DRAM Statistics
 CHANNEL 0
 RQ ROW_BUFFER_HIT:       5098  ROW_BUFFER_MISS:      11446
 DBUS_CONGESTED:         17
 WQ ROW_BUFFER_HIT:       2160  ROW_BUFFER_MISS:       8146  FULL:          0

 AVG_CONGESTED_CYCLE: 5
 All warmup complete: 2
Channel 0 Bank busy for read cycles: 0
Channel 0 Bank busy for write cycles: 0
Channel 0
Rank 0
0banks busy for read cycles: 232163128
0banks busy for write cycles: 3596
1banks busy for read cycles: 908143
1banks busy for write cycles: 551921
2banks busy for read cycles: 182588
2banks busy for write cycles: 117395
3banks busy for read cycles: 68845
3banks busy for write cycles: 39777
4banks busy for read cycles: 41625
4banks busy for write cycles: 26476
5banks busy for read cycles: 28275
5banks busy for write cycles: 21871
6banks busy for read cycles: 17247
6banks busy for write cycles: 18275
7banks busy for read cycles: 8621
7banks busy for write cycles: 27149
8banks busy for read cycles: 3528
8banks busy for write cycles: 47877

CPU 0 Branch Prediction Accuracy: 99.8607% MPKI: 0.21692 Average ROB Occupancy at Mispredict: 11.8486
Branch types
NOT_BRANCH: 168855070 84.4275%
BRANCH_DIRECT_JUMP: 1712960 0.85648%
BRANCH_INDIRECT: 11559092 5.77955%
BRANCH_CONDITIONAL: 8390525 4.19526%
BRANCH_DIRECT_CALL: 4320086 2.16004%
BRANCH_INDIRECT_CALL: 420971 0.210485%
BRANCH_RETURN: 4741018 2.37051%
BRANCH_OTHER: 0 0%

===================== LRU L1D STATS =====================
Total pollution count in L1D: 0
=========================================================
================ SRRIP (L2C) Pollution Stats ================
Total pollution count in L2c: 66762
==================================================================
DRAM PAGES: 1048576
Allocated PAGES: 2002
