Initialize SIGNATURE TABLE
ST_SET: 1
ST_WAY: 256
ST_TAG_BIT: 16
ST_TAG_MASK: ffff

Initialize PATTERN TABLE
PT_SET: 512
PT_WAY: 4
SIG_DELTA_BIT: 7
C_SIG_BIT: 4
C_DELTA_BIT: 4

Initialize PREFETCH FILTER
FILTER_SET: 1024

*** ChampSim Multicore Out-of-Order Simulator ***

Warmup Instructions: 200000000
Simulation Instructions: 200000000
Number of CPUs: 1
LLC sets: 4096
LLC ways: 12
Off-chip DRAM Size: 4096 MB Channels: 1 Width: 64-bit Data Rate: 6400 MT/s
CPU 0 runs /home1/sweta/traces/qualcomm_traces/server_032.champsimtrace.xz
.xz
BTB has LRU replacement policy
ITLB has LRU replacement policy
DTLB has LRU replacement policy
STLB has LRU replacement policy
L1I has LRU replacement policy
L1D has LRU replacement policy
ST_WAYS: 256
PT_SETS: 512
Initialize SRRIP state for L2C
Initialize Mockingjay state for LLC
Heartbeat CPU 0 instructions: 10000004 cycles: 2049630 heartbeat IPC: 4.87893 cumulative IPC: 4.87893 (Simulation time: 0 hr 0 min 18 sec) 
Heartbeat CPU 0 instructions: 20000001 cycles: 4097170 heartbeat IPC: 4.88391 cumulative IPC: 4.88142 (Simulation time: 0 hr 0 min 36 sec) 
Heartbeat CPU 0 instructions: 30000002 cycles: 6145343 heartbeat IPC: 4.8824 cumulative IPC: 4.88175 (Simulation time: 0 hr 0 min 54 sec) 
Heartbeat CPU 0 instructions: 40000005 cycles: 8192584 heartbeat IPC: 4.88462 cumulative IPC: 4.88246 (Simulation time: 0 hr 1 min 12 sec) 
Heartbeat CPU 0 instructions: 50000002 cycles: 10240093 heartbeat IPC: 4.88398 cumulative IPC: 4.88277 (Simulation time: 0 hr 1 min 30 sec) 
Heartbeat CPU 0 instructions: 60000002 cycles: 12286504 heartbeat IPC: 4.8866 cumulative IPC: 4.88341 (Simulation time: 0 hr 1 min 48 sec) 
Heartbeat CPU 0 instructions: 70000000 cycles: 14333618 heartbeat IPC: 4.88492 cumulative IPC: 4.88362 (Simulation time: 0 hr 2 min 6 sec) 
Heartbeat CPU 0 instructions: 80000004 cycles: 16380319 heartbeat IPC: 4.88591 cumulative IPC: 4.88391 (Simulation time: 0 hr 2 min 27 sec) 
*** Reached end of trace for Core: 0 Repeating trace: /home1/sweta/traces/qualcomm_traces/server_032.champsimtrace.xz
Heartbeat CPU 0 instructions: 90000000 cycles: 18427169 heartbeat IPC: 4.88555 cumulative IPC: 4.88409 (Simulation time: 0 hr 2 min 48 sec) 
Heartbeat CPU 0 instructions: 100000006 cycles: 20474120 heartbeat IPC: 4.88532 cumulative IPC: 4.88421 (Simulation time: 0 hr 3 min 9 sec) 
Heartbeat CPU 0 instructions: 110000001 cycles: 22521001 heartbeat IPC: 4.88548 cumulative IPC: 4.88433 (Simulation time: 0 hr 3 min 31 sec) 
Heartbeat CPU 0 instructions: 120000000 cycles: 24568172 heartbeat IPC: 4.88479 cumulative IPC: 4.88437 (Simulation time: 0 hr 3 min 52 sec) 
Heartbeat CPU 0 instructions: 130000001 cycles: 26615984 heartbeat IPC: 4.88326 cumulative IPC: 4.88428 (Simulation time: 0 hr 4 min 13 sec) 
Heartbeat CPU 0 instructions: 140000000 cycles: 28663675 heartbeat IPC: 4.88355 cumulative IPC: 4.88423 (Simulation time: 0 hr 4 min 34 sec) 
Heartbeat CPU 0 instructions: 150000001 cycles: 30710592 heartbeat IPC: 4.8854 cumulative IPC: 4.88431 (Simulation time: 0 hr 4 min 55 sec) 
Heartbeat CPU 0 instructions: 160000007 cycles: 32758387 heartbeat IPC: 4.8833 cumulative IPC: 4.88425 (Simulation time: 0 hr 5 min 16 sec) 
*** Reached end of trace for Core: 0 Repeating trace: /home1/sweta/traces/qualcomm_traces/server_032.champsimtrace.xz
Heartbeat CPU 0 instructions: 170000006 cycles: 34806654 heartbeat IPC: 4.88218 cumulative IPC: 4.88412 (Simulation time: 0 hr 5 min 37 sec) 
Heartbeat CPU 0 instructions: 180000000 cycles: 36853800 heartbeat IPC: 4.88485 cumulative IPC: 4.88416 (Simulation time: 0 hr 6 min 2 sec) 
Heartbeat CPU 0 instructions: 190000005 cycles: 38901566 heartbeat IPC: 4.88337 cumulative IPC: 4.88412 (Simulation time: 0 hr 6 min 28 sec) 
Heartbeat CPU 0 instructions: 200000006 cycles: 40949714 heartbeat IPC: 4.88246 cumulative IPC: 4.88404 (Simulation time: 0 hr 6 min 53 sec) 

Warmup complete CPU 0 instructions: 200000006 cycles: 40949714 (Simulation time: 0 hr 6 min 53 sec) 

Heartbeat CPU 0 instructions: 210000003 cycles: 72595508 heartbeat IPC: 0.315998 cumulative IPC: 0.315998 (Simulation time: 0 hr 7 min 26 sec) 
Heartbeat CPU 0 instructions: 220000006 cycles: 104198246 heartbeat IPC: 0.316428 cumulative IPC: 0.316213 (Simulation time: 0 hr 7 min 59 sec) 
Heartbeat CPU 0 instructions: 230000002 cycles: 135783657 heartbeat IPC: 0.316602 cumulative IPC: 0.316342 (Simulation time: 0 hr 8 min 31 sec) 
Heartbeat CPU 0 instructions: 240000000 cycles: 167365647 heartbeat IPC: 0.316636 cumulative IPC: 0.316416 (Simulation time: 0 hr 9 min 3 sec) 
*** Reached end of trace for Core: 0 Repeating trace: /home1/sweta/traces/qualcomm_traces/server_032.champsimtrace.xz
Heartbeat CPU 0 instructions: 250000001 cycles: 198915858 heartbeat IPC: 0.316955 cumulative IPC: 0.316523 (Simulation time: 0 hr 9 min 35 sec) 
Heartbeat CPU 0 instructions: 260000005 cycles: 230509554 heartbeat IPC: 0.316519 cumulative IPC: 0.316523 (Simulation time: 0 hr 10 min 6 sec) 
Heartbeat CPU 0 instructions: 270000000 cycles: 262098808 heartbeat IPC: 0.316563 cumulative IPC: 0.316528 (Simulation time: 0 hr 10 min 38 sec) 
Heartbeat CPU 0 instructions: 280000000 cycles: 293673723 heartbeat IPC: 0.316707 cumulative IPC: 0.316551 (Simulation time: 0 hr 11 min 9 sec) 
Heartbeat CPU 0 instructions: 290000003 cycles: 325259610 heartbeat IPC: 0.316597 cumulative IPC: 0.316556 (Simulation time: 0 hr 11 min 40 sec) 
Heartbeat CPU 0 instructions: 300000000 cycles: 356862199 heartbeat IPC: 0.31643 cumulative IPC: 0.316543 (Simulation time: 0 hr 12 min 12 sec) 
Heartbeat CPU 0 instructions: 310000001 cycles: 388446970 heartbeat IPC: 0.316608 cumulative IPC: 0.316549 (Simulation time: 0 hr 12 min 43 sec) 
Heartbeat CPU 0 instructions: 320000000 cycles: 420020967 heartbeat IPC: 0.316716 cumulative IPC: 0.316563 (Simulation time: 0 hr 13 min 14 sec) 
*** Reached end of trace for Core: 0 Repeating trace: /home1/sweta/traces/qualcomm_traces/server_032.champsimtrace.xz
Heartbeat CPU 0 instructions: 330000002 cycles: 451585540 heartbeat IPC: 0.316811 cumulative IPC: 0.316582 (Simulation time: 0 hr 13 min 45 sec) 
Heartbeat CPU 0 instructions: 340000001 cycles: 483173097 heartbeat IPC: 0.31658 cumulative IPC: 0.316582 (Simulation time: 0 hr 14 min 15 sec) 
Heartbeat CPU 0 instructions: 350000001 cycles: 514764352 heartbeat IPC: 0.316543 cumulative IPC: 0.316579 (Simulation time: 0 hr 14 min 46 sec) 
Heartbeat CPU 0 instructions: 360000000 cycles: 546340334 heartbeat IPC: 0.316696 cumulative IPC: 0.316587 (Simulation time: 0 hr 15 min 17 sec) 
Heartbeat CPU 0 instructions: 370000000 cycles: 577917483 heartbeat IPC: 0.316685 cumulative IPC: 0.316593 (Simulation time: 0 hr 15 min 49 sec) 
Heartbeat CPU 0 instructions: 380000000 cycles: 609512610 heartbeat IPC: 0.316505 cumulative IPC: 0.316588 (Simulation time: 0 hr 16 min 20 sec) 
Heartbeat CPU 0 instructions: 390000001 cycles: 641093646 heartbeat IPC: 0.316646 cumulative IPC: 0.316591 (Simulation time: 0 hr 16 min 51 sec) 
Heartbeat CPU 0 instructions: 400000002 cycles: 672678940 heartbeat IPC: 0.316603 cumulative IPC: 0.316591 (Simulation time: 0 hr 17 min 22 sec) 
Finished CPU 0 instructions: 200000000 cycles: 631729309 cumulative IPC: 0.316591 (Simulation time: 0 hr 17 min 22 sec) 

ChampSim completed all CPUs

Region of Interest Statistics

CPU 0 cumulative IPC: 0.316591 instructions: 200000000 cycles: 631729309
ITLB TOTAL     ACCESS:   25894580  HIT:   23480339  MISS:    2414241  HIT %:    90.6767  MISS %:    9.32334   MPKI: 12.0712
ITLB LOAD TRANSLATION ACCESS:   25894580  HIT:   23480339  MISS:    2414241  HIT %:    90.6767  MISS %:    9.32334   MPKI: 12.0712
ITLB PREFETCH  REQUESTED:          0  ISSUED:          0  USEFUL:          0  USELESS:          0
ITLB USEFUL LOAD PREFETCHES:          0 PREFETCH ISSUED TO LOWER LEVEL:          0  ACCURACY: -nan
ITLB TIMELY PREFETCHES:          0 LATE PREFETCHES: 0 DROPPED PREFETCHES: 0
ITLB PREFETCHES SAME FILL-ORIGIN LEVEL: 0 DIFFERENT FILL-ORIGIN LEVEL: 0
ITLB AVERAGE MISS LATENCY:    9.00296 cycles AVERAGE LOAD MISS LATENCY:       -nan cycles Load Miss          0
ITLB Average MSHR Occupancy:  0.0306385
ITLB RQ	ACCESS:   31805620	FORWARD:          0	MERGED:    4573479	TO_CACHE:   27232141

DTLB TOTAL     ACCESS:   41948174  HIT:   39991643  MISS:    1956531  HIT %:    95.3358  MISS %:    4.66416   MPKI: 9.78266
DTLB LOAD TRANSLATION ACCESS:   41948174  HIT:   39991643  MISS:    1956531  HIT %:    95.3358  MISS %:    4.66416   MPKI: 9.78266
DTLB PREFETCH  REQUESTED:          0  ISSUED:          0  USEFUL:          0  USELESS:          0
DTLB USEFUL LOAD PREFETCHES:          0 PREFETCH ISSUED TO LOWER LEVEL:          0  ACCURACY: -nan
DTLB TIMELY PREFETCHES:          0 LATE PREFETCHES: 0 DROPPED PREFETCHES: 0
DTLB PREFETCHES SAME FILL-ORIGIN LEVEL: 0 DIFFERENT FILL-ORIGIN LEVEL: 0
DTLB AVERAGE MISS LATENCY:    9.03261 cycles AVERAGE LOAD MISS LATENCY:       -nan cycles Load Miss          0
DTLB Average MSHR Occupancy:  0.0252672
DTLB RQ	ACCESS:   59000811	FORWARD:          0	MERGED:   17005313	TO_CACHE:   41995498

STLB TOTAL     ACCESS:    4370772  HIT:    4369574  MISS:       1198  HIT %:    99.9726  MISS %:  0.0274093   MPKI: 0.00599
STLB LOAD TRANSLATION ACCESS:    4370772  HIT:    4369574  MISS:       1198  HIT %:    99.9726  MISS %:  0.0274093   MPKI: 0.00599
STLB PREFETCH  REQUESTED:          0  ISSUED:          0  USEFUL:          0  USELESS:          0
STLB USEFUL LOAD PREFETCHES:          0 PREFETCH ISSUED TO LOWER LEVEL:          0  ACCURACY: -nan
STLB TIMELY PREFETCHES:          0 LATE PREFETCHES: 0 DROPPED PREFETCHES: 0
STLB PREFETCHES SAME FILL-ORIGIN LEVEL: 0 DIFFERENT FILL-ORIGIN LEVEL: 0
STLB AVERAGE MISS LATENCY:    19.0501 cycles AVERAGE LOAD MISS LATENCY:       -nan cycles Load Miss          0
STLB Average MSHR Occupancy: 4.3172e-05
STLB RQ	ACCESS:    4370772	FORWARD:          0	MERGED:          0	TO_CACHE:    4370772

STLB Hit, L1D data hit: 0
STLB Hit, L2C data hit: 0
STLB Hit, LLC data hit: 0
STLB Hit, LLC data miss: 0
STLB STLB hints to L2: 0
L1D TOTAL     ACCESS:   57191411  HIT:   52824475  MISS:    4366936  HIT %:    92.3643  MISS %:    7.63565   MPKI: 21.8347
L1D LOAD      ACCESS:   31259556  HIT:   28054491  MISS:    3205065  HIT %:    89.7469  MISS %:    10.2531   MPKI: 16.0253
L1D RFO       ACCESS:   25931855  HIT:   24769984  MISS:    1161871  HIT %:    95.5195  MISS %:    4.48048   MPKI: 5.80936
L1D PREFETCH  REQUESTED:          0  ISSUED:          0  USEFUL:          0  USELESS:          0
L1D USEFUL LOAD PREFETCHES:          0 PREFETCH ISSUED TO LOWER LEVEL:          0  ACCURACY: -nan
L1D TIMELY PREFETCHES:          0 LATE PREFETCHES: 0 DROPPED PREFETCHES: 0
L1D PREFETCHES SAME FILL-ORIGIN LEVEL: 0 DIFFERENT FILL-ORIGIN LEVEL: 0
L1D AVERAGE MISS LATENCY:    15.0676 cycles AVERAGE LOAD MISS LATENCY:     15.072 cycles Load Miss    3205065
L1D Average MSHR Occupancy:   0.111458
L1D RQ	ACCESS:   44488403	FORWARD:          0	MERGED:   12986092	TO_CACHE:   31315107
L1D WQ	ACCESS:   27955660	FORWARD:     187204	MERGED:     269956	TO_CACHE:   27685704

L1D UNIQUE REGIONS ACCESSED: 0
L1D REGIONS CONFLICTS: 0
L1D Cross Page Prefetch Requests: 0
L1D Same Page Prefetch Requests: 0
L1D ROI Sum of L1D PQ occupancy: 0
L1D PREFETCHES PUSHED FROM L2C: 0
L1I TOTAL     ACCESS:   31525733  HIT:   10188341  MISS:   21337392  HIT %:    32.3175  MISS %:    67.6825   MPKI: 106.687
L1I LOAD      ACCESS:   31525733  HIT:   10188341  MISS:   21337392  HIT %:    32.3175  MISS %:    67.6825   MPKI: 106.687
L1I PREFETCH  REQUESTED:          0  ISSUED:          0  USEFUL:          0  USELESS:          0
L1I USEFUL LOAD PREFETCHES:          0 PREFETCH ISSUED TO LOWER LEVEL:          0  ACCURACY: -nan
L1I TIMELY PREFETCHES:          0 LATE PREFETCHES: 0 DROPPED PREFETCHES: 0
L1I PREFETCHES SAME FILL-ORIGIN LEVEL: 0 DIFFERENT FILL-ORIGIN LEVEL: 0
L1I AVERAGE MISS LATENCY:    14.1263 cycles AVERAGE LOAD MISS LATENCY:    14.1263 cycles Load Miss   21337392
L1I Average MSHR Occupancy:   0.466222
L1I RQ	ACCESS:   50346804	FORWARD:          0	MERGED:   18541184	TO_CACHE:   31805620

BTB TOTAL     ACCESS:   30252186  HIT:   16787605  MISS:   13464581  HIT %:    55.4922  MISS %:    44.5078   MPKI: 67.3229
BTB BRANCH_DIRECT_JUMP	ACCESS:    1947549  HIT:    1081150  MISS:     866399
BTB BRANCH_INDIRECT	ACCESS:   12727032  HIT:    7595356  MISS:    5131676
BTB BRANCH_CONDITIONAL	ACCESS:    5682609  HIT:    4306942  MISS:    1375667
BTB BRANCH_DIRECT_CALL	ACCESS:    4158473  HIT:    1954726  MISS:    2203747
BTB BRANCH_INDIRECT_CALL	ACCESS:     789037  HIT:     387619  MISS:     401418
BTB BRANCH_RETURN	ACCESS:    4947486  HIT:    1461812  MISS:    3485674
BTB BRANCH_OTHER ACCESS:          0  HIT:          0  MISS:          0

L2C TOTAL     ACCESS:   29822339  HIT:   29821636  MISS:        703  HIT %:    99.9976  MISS %: 0.00235729   MPKI: 0.003515
L2C LOAD      ACCESS:   24542456  HIT:   24542147  MISS:        309  HIT %:    99.9987  MISS %: 0.00125904   MPKI: 0.001545
L2C DATA LOAD MPKI: 0.00147
L2C INSTRUCTION LOAD MPKI: 7.5e-05
L2C RFO       ACCESS:    1161871  HIT:    1161867  MISS:          4  HIT %:    99.9997  MISS %: 0.000344272   MPKI: 2e-05
L2C PREFETCH  ACCESS:    1850597  HIT:    1850209  MISS:        388  HIT %:     99.979  MISS %:  0.0209662   MPKI: 0.00194
AGUS PREFETCH L1 MISS: 0
L2C DATA PREFETCH MPKI: 0.00194
L2C INSTRUCTION PREFETCH MPKI: 0
L2C WRITEBACK ACCESS:    2266217  HIT:    2266216  MISS:          1  HIT %:        100  MISS %: 4.41264e-05   MPKI: 5e-06
L2C LOAD TRANSLATION ACCESS:       1198  HIT:       1197  MISS:          1  HIT %:    99.9165  MISS %:  0.0834725   MPKI: 5e-06
L2C PREFETCH  REQUESTED:    3694382  ISSUED:    3694377  USEFUL:         13  USELESS:          7
L2C USEFUL LOAD PREFETCHES:         13 PREFETCH ISSUED TO LOWER LEVEL:    1791704  ACCURACY: 0.000725566
L2C TIMELY PREFETCHES:         13 LATE PREFETCHES: 19 DROPPED PREFETCHES: 0
L2C PREFETCHES SAME FILL-ORIGIN LEVEL: 407 DIFFERENT FILL-ORIGIN LEVEL: 1791297
L2C AVERAGE MISS LATENCY:    53.8094 cycles AVERAGE LOAD MISS LATENCY:    47.2039 cycles Load Miss        309
L2C Average MSHR Occupancy: 8.98581e-05
L2C RQ	ACCESS:   25705525	FORWARD:          0	MERGED:          0	TO_CACHE:   25705525
L2C WQ	ACCESS:    2266218	FORWARD:          6	MERGED:          0	TO_CACHE:    2266218
L2C PQ	ACCESS:    3694377	FORWARD:          0	MERGED:      52428	TO_CACHE:    3641943

L2C Instructions Evicting Data 9
L2C Translations Evicting Data 1
L2C Data Evicting Data 312
L2C Instructions Evicting Instructions 5
L2C Translations Evicting Instructions 0
L2C Data Evicting Instructions 10
L2C Instructions Evicting Translations 1
L2C Translations Evicting Translations 0
L2C Data Evicting Translations 2
L2C Dense regions hint from L2: 0
PSCL5 TOTAL     ACCESS:       1198  HIT:       1198  MISS:          0  HIT %:        100  MISS %:          0   MPKI: 0
PSCL5 LOAD TRANSLATION ACCESS:       1198  HIT:       1198  MISS:          0  HIT %:        100  MISS %:          0   MPKI: 0
PSCL5 PREFETCH  REQUESTED:          0  ISSUED:          0  USEFUL:          0  USELESS:          0
PSCL5 USEFUL LOAD PREFETCHES:          0 PREFETCH ISSUED TO LOWER LEVEL:          0  ACCURACY: -nan
PSCL5 TIMELY PREFETCHES:          0 LATE PREFETCHES: 0 DROPPED PREFETCHES: 0
PSCL5 PREFETCHES SAME FILL-ORIGIN LEVEL: 0 DIFFERENT FILL-ORIGIN LEVEL: 0

PSCL4 TOTAL     ACCESS:       1198  HIT:       1198  MISS:          0  HIT %:        100  MISS %:          0   MPKI: 0
PSCL4 LOAD TRANSLATION ACCESS:       1198  HIT:       1198  MISS:          0  HIT %:        100  MISS %:          0   MPKI: 0
PSCL4 PREFETCH  REQUESTED:          0  ISSUED:          0  USEFUL:          0  USELESS:          0
PSCL4 USEFUL LOAD PREFETCHES:          0 PREFETCH ISSUED TO LOWER LEVEL:          0  ACCURACY: -nan
PSCL4 TIMELY PREFETCHES:          0 LATE PREFETCHES: 0 DROPPED PREFETCHES: 0
PSCL4 PREFETCHES SAME FILL-ORIGIN LEVEL: 0 DIFFERENT FILL-ORIGIN LEVEL: 0

PSCL3 TOTAL     ACCESS:       1198  HIT:       1198  MISS:          0  HIT %:        100  MISS %:          0   MPKI: 0
PSCL3 LOAD TRANSLATION ACCESS:       1198  HIT:       1198  MISS:          0  HIT %:        100  MISS %:          0   MPKI: 0
PSCL3 PREFETCH  REQUESTED:          0  ISSUED:          0  USEFUL:          0  USELESS:          0
PSCL3 USEFUL LOAD PREFETCHES:          0 PREFETCH ISSUED TO LOWER LEVEL:          0  ACCURACY: -nan
PSCL3 TIMELY PREFETCHES:          0 LATE PREFETCHES: 0 DROPPED PREFETCHES: 0
PSCL3 PREFETCHES SAME FILL-ORIGIN LEVEL: 0 DIFFERENT FILL-ORIGIN LEVEL: 0

PSCL2 TOTAL     ACCESS:       1198  HIT:       1198  MISS:          0  HIT %:        100  MISS %:          0   MPKI: 0
PSCL2 LOAD TRANSLATION ACCESS:       1198  HIT:       1198  MISS:          0  HIT %:        100  MISS %:          0   MPKI: 0
PSCL2 PREFETCH  REQUESTED:          0  ISSUED:          0  USEFUL:          0  USELESS:          0
PSCL2 USEFUL LOAD PREFETCHES:          0 PREFETCH ISSUED TO LOWER LEVEL:          0  ACCURACY: -nan
PSCL2 TIMELY PREFETCHES:          0 LATE PREFETCHES: 0 DROPPED PREFETCHES: 0
PSCL2 PREFETCHES SAME FILL-ORIGIN LEVEL: 0 DIFFERENT FILL-ORIGIN LEVEL: 0

LLC TOTAL     ACCESS:    1790123  HIT:    1787247  MISS:       2876  HIT %:    99.8393  MISS %:   0.160659   MPKI: 0.01438
LLC LOAD      ACCESS:        290  HIT:        285  MISS:          5  HIT %:    98.2759  MISS %:    1.72414   MPKI: 2.5e-05
LLC RFO       ACCESS:          4  HIT:          4  MISS:          0  HIT %:        100  MISS %:          0   MPKI: 0
LLC PREFETCH  ACCESS:    1789823  HIT:    1786952  MISS:       2871  HIT %:    99.8396  MISS %:   0.160407   MPKI: 0.014355
AGUS PREFETCH L1 MISS: 0
LLC WRITEBACK ACCESS:          5  HIT:          5  MISS:          0  HIT %:        100  MISS %:          0   MPKI: 0
LLC LOAD TRANSLATION ACCESS:          1  HIT:          1  MISS:          0  HIT %:        100  MISS %:          0   MPKI: 0
LLC PREFETCH  REQUESTED:          0  ISSUED:          0  USEFUL:          0  USELESS:         31
LLC USEFUL LOAD PREFETCHES:          0 PREFETCH ISSUED TO LOWER LEVEL:       2872  ACCURACY: 0
LLC TIMELY PREFETCHES:          0 LATE PREFETCHES: 1 DROPPED PREFETCHES: 0
LLC PREFETCHES SAME FILL-ORIGIN LEVEL: 2839 DIFFERENT FILL-ORIGIN LEVEL: 0
LLC AVERAGE MISS LATENCY:    183.386 cycles AVERAGE LOAD MISS LATENCY:      172.8 cycles Load Miss          5
LLC Average MSHR Occupancy: 0.000830422
LLC RQ	ACCESS:        295	FORWARD:          0	MERGED:          0	TO_CACHE:        295
LLC WQ	ACCESS:          5	FORWARD:          0	MERGED:          0	TO_CACHE:          5
LLC PQ	ACCESS:    1791704	FORWARD:          0	MERGED:       1865	TO_CACHE:    1789839

LLC Dense regions hint to LLC: 0

RAW hits: 4162773
Loads Generated: 48651176
Loads sent to L1D: 44488403
Stores Generated: 27955659
Stores sent to L1D: 27955660
Major fault: 0 Minor fault: 1263
Allocated PAGES: 1263
 All Calls: 6436233
 Critical Calls: 6436233
------------------
Depth Distribution
------------------
depth 0: 0
depth 1: 6120982
depth 2: 554615
depth 3: 76854
depth 4: 28377
depth 5: 5649
depth 6: 123
depth 7: 0
depth 8: 0
depth 9: 0
depth 10: 0
depth 11: 0
depth 12: 0
depth 13: 0
depth 14: 0
depth 15: 0
depth 16: 0
depth 17: 0
depth 18: 0
depth 19: 0
depth 20: 0
depth 21: 0
depth 22: 0
depth 23: 0
depth 24: 0
depth 25: 0
depth 26: 0
depth 27: 0
depth 28: 0
depth 29: 0
Total: 6786600
-----------------------------
-----------------------------
	Captured at Filter
-----------------------------
depth 0: 0
depth 1: 1054062
depth 2: 214793
depth 3: 31983
depth 4: 11849
depth 5: 5368
depth 6: 132
depth 7: 0
depth 8: 0
depth 9: 0
depth 10: 0
depth 11: 0
depth 12: 0
depth 13: 0
depth 14: 0
depth 15: 0
depth 16: 0
depth 17: 0
depth 18: 0
depth 19: 0
depth 20: 0
depth 21: 0
depth 22: 0
depth 23: 0
depth 24: 0
depth 25: 0
depth 26: 0
depth 27: 0
depth 28: 0
depth 29: 0
-----------------------------
-----------------------------
		Lost at Page
-----------------------------
depth 0: 0
depth 1: 1157170
depth 2: 106205
depth 3: 6536
depth 4: 2229
depth 5: 859
depth 6: 20
depth 7: 0
depth 8: 0
depth 9: 0
depth 10: 0
depth 11: 0
depth 12: 0
depth 13: 0
depth 14: 0
depth 15: 0
depth 16: 0
depth 17: 0
depth 18: 0
depth 19: 0
depth 20: 0
depth 21: 0
depth 22: 0
depth 23: 0
depth 24: 0
depth 25: 0
depth 26: 0
depth 27: 0
depth 28: 0
depth 29: 0
-----------------------------
-----------------------------
	Lost due to PQ Size
-----------------------------
229529
-----------------------------
ST read accesses: 2494787
ST write accesses: 710278
PT read accesses: 36964432
PT write accesses: 3197337
FILTER read accesses: 7668220
FILTER write accesses: 36580
GHR read accesses: 11014555
GHR write accesses: 708960
GHR counter read accesses: 33759658
GHR counter write accesses: 3240996
ST tag read accesses: 1574027768
ST tag write accesses: 270243198
================ Mockingjay (LLC) Pollution Stats ================
Total pollution count in LLC: 2
==================================================================

DRAM Statistics
 CHANNEL 0
 RQ ROW_BUFFER_HIT:        136  ROW_BUFFER_MISS:       2740
 DBUS_CONGESTED:          0
 WQ ROW_BUFFER_HIT:          0  ROW_BUFFER_MISS:          0  FULL:          0

 AVG_CONGESTED_CYCLE: -
 All warmup complete: 2
Channel 0 Bank busy for read cycles: 0
Channel 0 Bank busy for write cycles: 0
Channel 0
Rank 0
0banks busy for read cycles: 631345278
0banks busy for write cycles: 0
1banks busy for read cycles: 352979
1banks busy for write cycles: 0
2banks busy for read cycles: 28503
2banks busy for write cycles: 0
3banks busy for read cycles: 2385
3banks busy for write cycles: 0
4banks busy for read cycles: 165
4banks busy for write cycles: 0
5banks busy for read cycles: 0
5banks busy for write cycles: 0
6banks busy for read cycles: 0
6banks busy for write cycles: 0
7banks busy for read cycles: 0
7banks busy for write cycles: 0
8banks busy for read cycles: 0
8banks busy for write cycles: 0

CPU 0 Branch Prediction Accuracy: 99.9106% MPKI: 0.158655 Average ROB Occupancy at Mispredict: 23.2547
Branch types
NOT_BRANCH: 164500104 82.2501%
BRANCH_DIRECT_JUMP: 1947549 0.973774%
BRANCH_INDIRECT: 12727032 6.36352%
BRANCH_CONDITIONAL: 10930287 5.46514%
BRANCH_DIRECT_CALL: 4158473 2.07924%
BRANCH_INDIRECT_CALL: 789037 0.394518%
BRANCH_RETURN: 4947486 2.47374%
BRANCH_OTHER: 0 0%

===================== LRU L1D STATS =====================
Total pollution count in L1D: 0
=========================================================
================ SRRIP (L2C) Pollution Stats ================
Total pollution count in L2c: 639
==================================================================
DRAM PAGES: 1048576
Allocated PAGES: 1263
