Initialize SIGNATURE TABLE
ST_SET: 1
ST_WAY: 256
ST_TAG_BIT: 16
ST_TAG_MASK: ffff

Initialize PATTERN TABLE
PT_SET: 512
PT_WAY: 4
SIG_DELTA_BIT: 7
C_SIG_BIT: 4
C_DELTA_BIT: 4

Initialize PREFETCH FILTER
FILTER_SET: 1024

*** ChampSim Multicore Out-of-Order Simulator ***

Warmup Instructions: 200000000
Simulation Instructions: 200000000
Number of CPUs: 1
LLC sets: 4096
LLC ways: 12
Off-chip DRAM Size: 4096 MB Channels: 1 Width: 64-bit Data Rate: 6400 MT/s
CPU 0 runs /home1/sweta/traces/qualcomm_traces/server_004.champsimtrace.xz
.xz
BTB has LRU replacement policy
ITLB has LRU replacement policy
DTLB has LRU replacement policy
STLB has LRU replacement policy
L1I has LRU replacement policy
L1D has LRU replacement policy
ST_WAYS: 256
PT_SETS: 512
Initialize SRRIP state for L2C
Initialize Mockingjay state for LLC
Heartbeat CPU 0 instructions: 10000001 cycles: 1960116 heartbeat IPC: 5.10174 cumulative IPC: 5.10174 (Simulation time: 0 hr 0 min 18 sec) 
Heartbeat CPU 0 instructions: 20000003 cycles: 3972618 heartbeat IPC: 4.96894 cumulative IPC: 5.03446 (Simulation time: 0 hr 0 min 36 sec) 
Heartbeat CPU 0 instructions: 30000002 cycles: 7529711 heartbeat IPC: 2.81128 cumulative IPC: 3.98422 (Simulation time: 0 hr 1 min 0 sec) 
Heartbeat CPU 0 instructions: 40000004 cycles: 10112591 heartbeat IPC: 3.87165 cumulative IPC: 3.95547 (Simulation time: 0 hr 1 min 20 sec) 
Heartbeat CPU 0 instructions: 50000004 cycles: 12074000 heartbeat IPC: 5.09838 cumulative IPC: 4.14113 (Simulation time: 0 hr 1 min 38 sec) 
Heartbeat CPU 0 instructions: 60000006 cycles: 14050881 heartbeat IPC: 5.05847 cumulative IPC: 4.2702 (Simulation time: 0 hr 1 min 56 sec) 
Heartbeat CPU 0 instructions: 70000006 cycles: 16011441 heartbeat IPC: 5.10058 cumulative IPC: 4.37187 (Simulation time: 0 hr 2 min 16 sec) 
Heartbeat CPU 0 instructions: 80000004 cycles: 19018446 heartbeat IPC: 3.32557 cumulative IPC: 4.20644 (Simulation time: 0 hr 2 min 42 sec) 
Heartbeat CPU 0 instructions: 90000000 cycles: 22113204 heartbeat IPC: 3.23127 cumulative IPC: 4.06997 (Simulation time: 0 hr 3 min 9 sec) 
Heartbeat CPU 0 instructions: 100000002 cycles: 24142313 heartbeat IPC: 4.92827 cumulative IPC: 4.14211 (Simulation time: 0 hr 3 min 29 sec) 
*** Reached end of trace for Core: 0 Repeating trace: /home1/sweta/traces/qualcomm_traces/server_004.champsimtrace.xz
Heartbeat CPU 0 instructions: 110000002 cycles: 26101041 heartbeat IPC: 5.10535 cumulative IPC: 4.21439 (Simulation time: 0 hr 3 min 49 sec) 
Heartbeat CPU 0 instructions: 120000001 cycles: 28057696 heartbeat IPC: 5.11076 cumulative IPC: 4.2769 (Simulation time: 0 hr 4 min 10 sec) 
Heartbeat CPU 0 instructions: 130000000 cycles: 31126888 heartbeat IPC: 3.25819 cumulative IPC: 4.17645 (Simulation time: 0 hr 4 min 35 sec) 
Heartbeat CPU 0 instructions: 140000003 cycles: 34254345 heartbeat IPC: 3.19749 cumulative IPC: 4.08707 (Simulation time: 0 hr 5 min 2 sec) 
Heartbeat CPU 0 instructions: 150000007 cycles: 36216721 heartbeat IPC: 5.09587 cumulative IPC: 4.14173 (Simulation time: 0 hr 5 min 22 sec) 
Heartbeat CPU 0 instructions: 160000004 cycles: 38193339 heartbeat IPC: 5.05914 cumulative IPC: 4.18921 (Simulation time: 0 hr 5 min 43 sec) 
Heartbeat CPU 0 instructions: 170000005 cycles: 40153217 heartbeat IPC: 5.10236 cumulative IPC: 4.23378 (Simulation time: 0 hr 6 min 10 sec) 
Heartbeat CPU 0 instructions: 180000000 cycles: 42621515 heartbeat IPC: 4.05137 cumulative IPC: 4.22322 (Simulation time: 0 hr 6 min 37 sec) 
Heartbeat CPU 0 instructions: 190000004 cycles: 46178775 heartbeat IPC: 2.81115 cumulative IPC: 4.11444 (Simulation time: 0 hr 7 min 11 sec) 
Heartbeat CPU 0 instructions: 200000000 cycles: 48284904 heartbeat IPC: 4.74805 cumulative IPC: 4.14208 (Simulation time: 0 hr 7 min 35 sec) 

Warmup complete CPU 0 instructions: 200000003 cycles: 48284905 (Simulation time: 0 hr 7 min 35 sec) 

*** Reached end of trace for Core: 0 Repeating trace: /home1/sweta/traces/qualcomm_traces/server_004.champsimtrace.xz
Heartbeat CPU 0 instructions: 210000000 cycles: 66894638 heartbeat IPC: 0.537353 cumulative IPC: 0.537353 (Simulation time: 0 hr 8 min 6 sec) 
Heartbeat CPU 0 instructions: 220000007 cycles: 85194617 heartbeat IPC: 0.546449 cumulative IPC: 0.541863 (Simulation time: 0 hr 8 min 36 sec) 
Heartbeat CPU 0 instructions: 230000000 cycles: 113472423 heartbeat IPC: 0.353634 cumulative IPC: 0.460211 (Simulation time: 0 hr 9 min 9 sec) 
Heartbeat CPU 0 instructions: 240000006 cycles: 147920912 heartbeat IPC: 0.290289 cumulative IPC: 0.401461 (Simulation time: 0 hr 9 min 52 sec) 
Heartbeat CPU 0 instructions: 250000001 cycles: 166681590 heartbeat IPC: 0.533029 cumulative IPC: 0.422309 (Simulation time: 0 hr 10 min 22 sec) 
Heartbeat CPU 0 instructions: 260000004 cycles: 185159266 heartbeat IPC: 0.541194 cumulative IPC: 0.438358 (Simulation time: 0 hr 10 min 53 sec) 
Heartbeat CPU 0 instructions: 270000000 cycles: 203361385 heartbeat IPC: 0.549386 cumulative IPC: 0.45139 (Simulation time: 0 hr 11 min 23 sec) 
Heartbeat CPU 0 instructions: 280000000 cycles: 222202304 heartbeat IPC: 0.53076 cumulative IPC: 0.459988 (Simulation time: 0 hr 11 min 53 sec) 
Heartbeat CPU 0 instructions: 290000002 cycles: 259183866 heartbeat IPC: 0.270405 cumulative IPC: 0.426745 (Simulation time: 0 hr 12 min 36 sec) 
Heartbeat CPU 0 instructions: 300000007 cycles: 286865291 heartbeat IPC: 0.361253 cumulative IPC: 0.419146 (Simulation time: 0 hr 13 min 7 sec) 
*** Reached end of trace for Core: 0 Repeating trace: /home1/sweta/traces/qualcomm_traces/server_004.champsimtrace.xz
Heartbeat CPU 0 instructions: 310000000 cycles: 305596506 heartbeat IPC: 0.533868 cumulative IPC: 0.427497 (Simulation time: 0 hr 13 min 37 sec) 
Heartbeat CPU 0 instructions: 320000000 cycles: 323777901 heartbeat IPC: 0.550013 cumulative IPC: 0.435583 (Simulation time: 0 hr 14 min 6 sec) 
Heartbeat CPU 0 instructions: 330000005 cycles: 344742159 heartbeat IPC: 0.477003 cumulative IPC: 0.438512 (Simulation time: 0 hr 14 min 37 sec) 
Heartbeat CPU 0 instructions: 340000000 cycles: 383511436 heartbeat IPC: 0.257936 cumulative IPC: 0.417628 (Simulation time: 0 hr 15 min 22 sec) 
Heartbeat CPU 0 instructions: 350000000 cycles: 404897786 heartbeat IPC: 0.467588 cumulative IPC: 0.420624 (Simulation time: 0 hr 15 min 54 sec) 
Heartbeat CPU 0 instructions: 360000000 cycles: 422871960 heartbeat IPC: 0.556354 cumulative IPC: 0.427137 (Simulation time: 0 hr 16 min 24 sec) 
Heartbeat CPU 0 instructions: 370000000 cycles: 441840890 heartbeat IPC: 0.527178 cumulative IPC: 0.431959 (Simulation time: 0 hr 16 min 55 sec) 
Heartbeat CPU 0 instructions: 380000001 cycles: 460327583 heartbeat IPC: 0.54093 cumulative IPC: 0.436848 (Simulation time: 0 hr 17 min 25 sec) 
Heartbeat CPU 0 instructions: 390000000 cycles: 492563287 heartbeat IPC: 0.310215 cumulative IPC: 0.42766 (Simulation time: 0 hr 18 min 6 sec) 
Heartbeat CPU 0 instructions: 400000001 cycles: 523242628 heartbeat IPC: 0.325952 cumulative IPC: 0.42109 (Simulation time: 0 hr 18 min 42 sec) 
Finished CPU 0 instructions: 200000002 cycles: 474957763 cumulative IPC: 0.42109 (Simulation time: 0 hr 18 min 42 sec) 

ChampSim completed all CPUs

Region of Interest Statistics

CPU 0 cumulative IPC: 0.42109 instructions: 200000002 cycles: 474957763
ITLB TOTAL     ACCESS:   25152534  HIT:   24497412  MISS:     655122  HIT %:    97.3954  MISS %:     2.6046   MPKI: 3.27561
ITLB LOAD TRANSLATION ACCESS:   25152534  HIT:   24497412  MISS:     655122  HIT %:    97.3954  MISS %:     2.6046   MPKI: 3.27561
ITLB PREFETCH  REQUESTED:          0  ISSUED:          0  USEFUL:          0  USELESS:          0
ITLB USEFUL LOAD PREFETCHES:          0 PREFETCH ISSUED TO LOWER LEVEL:          0  ACCURACY: -nan
ITLB TIMELY PREFETCHES:          0 LATE PREFETCHES: 0 DROPPED PREFETCHES: 0
ITLB PREFETCHES SAME FILL-ORIGIN LEVEL: 0 DIFFERENT FILL-ORIGIN LEVEL: 0
ITLB AVERAGE MISS LATENCY:    14.0337 cycles AVERAGE LOAD MISS LATENCY:       -nan cycles Load Miss          0
ITLB Average MSHR Occupancy:  0.0190662
ITLB RQ	ACCESS:   28895671	FORWARD:          0	MERGED:    3279785	TO_CACHE:   25615886

DTLB TOTAL     ACCESS:   38417824  HIT:   32348746  MISS:    6069078  HIT %:    84.2024  MISS %:    15.7976   MPKI: 30.3454
DTLB LOAD TRANSLATION ACCESS:   38417824  HIT:   32348746  MISS:    6069078  HIT %:    84.2024  MISS %:    15.7976   MPKI: 30.3454
DTLB PREFETCH  REQUESTED:          0  ISSUED:          0  USEFUL:          0  USELESS:          0
DTLB USEFUL LOAD PREFETCHES:          0 PREFETCH ISSUED TO LOWER LEVEL:          0  ACCURACY: -nan
DTLB TIMELY PREFETCHES:          0 LATE PREFETCHES: 0 DROPPED PREFETCHES: 0
DTLB PREFETCHES SAME FILL-ORIGIN LEVEL: 0 DIFFERENT FILL-ORIGIN LEVEL: 0
DTLB AVERAGE MISS LATENCY:    10.2946 cycles AVERAGE LOAD MISS LATENCY:       -nan cycles Load Miss          0
DTLB Average MSHR Occupancy:   0.121714
DTLB RQ	ACCESS:   52574541	FORWARD:          0	MERGED:   13982172	TO_CACHE:   38592369

STLB TOTAL     ACCESS:    6724200  HIT:    6318583  MISS:     405617  HIT %:    93.9678  MISS %:     6.0322   MPKI: 2.02808
STLB LOAD TRANSLATION ACCESS:    6724200  HIT:    6318583  MISS:     405617  HIT %:    93.9678  MISS %:     6.0322   MPKI: 2.02808
STLB PREFETCH  REQUESTED:          0  ISSUED:          0  USEFUL:          0  USELESS:          0
STLB USEFUL LOAD PREFETCHES:          0 PREFETCH ISSUED TO LOWER LEVEL:          0  ACCURACY: -nan
STLB TIMELY PREFETCHES:          0 LATE PREFETCHES: 0 DROPPED PREFETCHES: 0
STLB PREFETCHES SAME FILL-ORIGIN LEVEL: 0 DIFFERENT FILL-ORIGIN LEVEL: 0
STLB AVERAGE MISS LATENCY:    27.2919 cycles AVERAGE LOAD MISS LATENCY:       -nan cycles Load Miss          0
STLB Average MSHR Occupancy:  0.0250393
STLB RQ	ACCESS:    6724200	FORWARD:          0	MERGED:          0	TO_CACHE:    6724200

STLB Hit, L1D data hit: 0
STLB Hit, L2C data hit: 0
STLB Hit, LLC data hit: 0
STLB Hit, LLC data miss: 0
STLB STLB hints to L2: 0
L1D TOTAL     ACCESS:   52148454  HIT:   44001780  MISS:    8146674  HIT %:    84.3779  MISS %:    15.6221   MPKI: 40.7334
L1D LOAD      ACCESS:   33947636  HIT:   26181465  MISS:    7766171  HIT %:    77.1231  MISS %:    22.8769   MPKI: 38.8309
L1D RFO       ACCESS:   18200818  HIT:   17820315  MISS:     380503  HIT %:    97.9094  MISS %:    2.09058   MPKI: 1.90251
L1D PREFETCH  REQUESTED:          0  ISSUED:          0  USEFUL:          0  USELESS:          0
L1D USEFUL LOAD PREFETCHES:          0 PREFETCH ISSUED TO LOWER LEVEL:          0  ACCURACY: -nan
L1D TIMELY PREFETCHES:          0 LATE PREFETCHES: 0 DROPPED PREFETCHES: 0
L1D PREFETCHES SAME FILL-ORIGIN LEVEL: 0 DIFFERENT FILL-ORIGIN LEVEL: 0
L1D AVERAGE MISS LATENCY:    19.1414 cycles AVERAGE LOAD MISS LATENCY:    18.1615 cycles Load Miss    7766171
L1D Average MSHR Occupancy:   0.327566
L1D RQ	ACCESS:   48751573	FORWARD:          0	MERGED:   14464414	TO_CACHE:   33996091
L1D WQ	ACCESS:   19206465	FORWARD:     291068	MERGED:     628015	TO_CACHE:   18578450

L1D UNIQUE REGIONS ACCESSED: 0
L1D REGIONS CONFLICTS: 0
L1D Cross Page Prefetch Requests: 0
L1D Same Page Prefetch Requests: 0
L1D ROI Sum of L1D PQ occupancy: 0
L1D PREFETCHES PUSHED FROM L2C: 0
L1I TOTAL     ACCESS:   28326280  HIT:   15104035  MISS:   13222245  HIT %:    53.3216  MISS %:    46.6784   MPKI: 66.1112
L1I LOAD      ACCESS:   28326280  HIT:   15104035  MISS:   13222245  HIT %:    53.3216  MISS %:    46.6784   MPKI: 66.1112
L1I PREFETCH  REQUESTED:          0  ISSUED:          0  USEFUL:          0  USELESS:          0
L1I USEFUL LOAD PREFETCHES:          0 PREFETCH ISSUED TO LOWER LEVEL:          0  ACCURACY: -nan
L1I TIMELY PREFETCHES:          0 LATE PREFETCHES: 0 DROPPED PREFETCHES: 0
L1I PREFETCHES SAME FILL-ORIGIN LEVEL: 0 DIFFERENT FILL-ORIGIN LEVEL: 0
L1I AVERAGE MISS LATENCY:    15.1786 cycles AVERAGE LOAD MISS LATENCY:    15.1786 cycles Load Miss   13222245
L1I Average MSHR Occupancy:   0.413799
L1I RQ	ACCESS:   51813267	FORWARD:          0	MERGED:   22917596	TO_CACHE:   28895671

BTB TOTAL     ACCESS:   31131087  HIT:   26150981  MISS:    4980106  HIT %:    84.0028  MISS %:    15.9972   MPKI: 24.9005
BTB BRANCH_DIRECT_JUMP	ACCESS:    2108111  HIT:    1850467  MISS:     257644
BTB BRANCH_INDIRECT	ACCESS:   15495011  HIT:   13160989  MISS:    2334022
BTB BRANCH_CONDITIONAL	ACCESS:    5908018  HIT:    5533890  MISS:     374128
BTB BRANCH_DIRECT_CALL	ACCESS:    3023134  HIT:    2531245  MISS:     491889
BTB BRANCH_INDIRECT_CALL	ACCESS:     780893  HIT:     658210  MISS:     122683
BTB BRANCH_RETURN	ACCESS:    3815920  HIT:    2416180  MISS:    1399740
BTB BRANCH_OTHER ACCESS:          0  HIT:          0  MISS:          0

L2C TOTAL     ACCESS:   24436198  HIT:   24075910  MISS:     360288  HIT %:    98.5256  MISS %:     1.4744   MPKI: 1.80144
L2C LOAD      ACCESS:   20988359  HIT:   20708945  MISS:     279414  HIT %:    98.6687  MISS %:    1.33128   MPKI: 1.39707
L2C DATA LOAD MPKI: 0.964265
L2C INSTRUCTION LOAD MPKI: 0.432805
L2C RFO       ACCESS:     380499  HIT:     323641  MISS:      56858  HIT %:     85.057  MISS %:     14.943   MPKI: 0.28429
L2C PREFETCH  ACCESS:    1723421  HIT:    1710569  MISS:      12852  HIT %:    99.2543  MISS %:   0.745726   MPKI: 0.06426
AGUS PREFETCH L1 MISS: 0
L2C DATA PREFETCH MPKI: 0.06426
L2C INSTRUCTION PREFETCH MPKI: 0
L2C WRITEBACK ACCESS:     828869  HIT:     827991  MISS:        878  HIT %:    99.8941  MISS %:   0.105927   MPKI: 0.00439
L2C LOAD TRANSLATION ACCESS:     515050  HIT:     504764  MISS:      10286  HIT %:    98.0029  MISS %:    1.99709   MPKI: 0.05143
L2C PREFETCH  REQUESTED:    3323089  ISSUED:    3323067  USEFUL:      12323  USELESS:        552
L2C USEFUL LOAD PREFETCHES:      12323 PREFETCH ISSUED TO LOWER LEVEL:     950719  ACCURACY: 1.29618
L2C TIMELY PREFETCHES:      12323 LATE PREFETCHES: 1512 DROPPED PREFETCHES: 0
L2C PREFETCHES SAME FILL-ORIGIN LEVEL: 14364 DIFFERENT FILL-ORIGIN LEVEL: 936355
L2C AVERAGE MISS LATENCY:    134.345 cycles AVERAGE LOAD MISS LATENCY:    132.041 cycles Load Miss     279414
L2C Average MSHR Occupancy:   0.101742
L2C RQ	ACCESS:   21883967	FORWARD:          0	MERGED:          0	TO_CACHE:   21883907
L2C WQ	ACCESS:     828869	FORWARD:         62	MERGED:          0	TO_CACHE:     828869
L2C PQ	ACCESS:    3323067	FORWARD:          0	MERGED:     647484	TO_CACHE:    2675581

L2C Instructions Evicting Data 58850
L2C Translations Evicting Data 7222
L2C Data Evicting Data 197247
L2C Instructions Evicting Instructions 24994
L2C Translations Evicting Instructions 2784
L2C Data Evicting Instructions 57943
L2C Instructions Evicting Translations 2717
L2C Translations Evicting Translations 280
L2C Data Evicting Translations 7373
L2C Dense regions hint from L2: 0
PSCL5 TOTAL     ACCESS:     405617  HIT:     405617  MISS:          0  HIT %:        100  MISS %:          0   MPKI: 0
PSCL5 LOAD TRANSLATION ACCESS:     405617  HIT:     405617  MISS:          0  HIT %:        100  MISS %:          0   MPKI: 0
PSCL5 PREFETCH  REQUESTED:          0  ISSUED:          0  USEFUL:          0  USELESS:          0
PSCL5 USEFUL LOAD PREFETCHES:          0 PREFETCH ISSUED TO LOWER LEVEL:          0  ACCURACY: -nan
PSCL5 TIMELY PREFETCHES:          0 LATE PREFETCHES: 0 DROPPED PREFETCHES: 0
PSCL5 PREFETCHES SAME FILL-ORIGIN LEVEL: 0 DIFFERENT FILL-ORIGIN LEVEL: 0

PSCL4 TOTAL     ACCESS:     388594  HIT:     387672  MISS:        922  HIT %:    99.7627  MISS %:   0.237266   MPKI: 0.00461
PSCL4 LOAD TRANSLATION ACCESS:     388594  HIT:     387672  MISS:        922  HIT %:    99.7627  MISS %:   0.237266   MPKI: 0.00461
PSCL4 PREFETCH  REQUESTED:          0  ISSUED:          0  USEFUL:          0  USELESS:          0
PSCL4 USEFUL LOAD PREFETCHES:          0 PREFETCH ISSUED TO LOWER LEVEL:          0  ACCURACY: -nan
PSCL4 TIMELY PREFETCHES:          0 LATE PREFETCHES: 0 DROPPED PREFETCHES: 0
PSCL4 PREFETCHES SAME FILL-ORIGIN LEVEL: 0 DIFFERENT FILL-ORIGIN LEVEL: 0

PSCL3 TOTAL     ACCESS:     403476  HIT:     400992  MISS:       2484  HIT %:    99.3843  MISS %:    0.61565   MPKI: 0.01242
PSCL3 LOAD TRANSLATION ACCESS:     403476  HIT:     400992  MISS:       2484  HIT %:    99.3843  MISS %:    0.61565   MPKI: 0.01242
PSCL3 PREFETCH  REQUESTED:          0  ISSUED:          0  USEFUL:          0  USELESS:          0
PSCL3 USEFUL LOAD PREFETCHES:          0 PREFETCH ISSUED TO LOWER LEVEL:          0  ACCURACY: -nan
PSCL3 TIMELY PREFETCHES:          0 LATE PREFETCHES: 0 DROPPED PREFETCHES: 0
PSCL3 PREFETCHES SAME FILL-ORIGIN LEVEL: 0 DIFFERENT FILL-ORIGIN LEVEL: 0

PSCL2 TOTAL     ACCESS:     405617  HIT:     299590  MISS:     106027  HIT %:    73.8603  MISS %:    26.1397   MPKI: 0.530135
PSCL2 LOAD TRANSLATION ACCESS:     405617  HIT:     299590  MISS:     106027  HIT %:    73.8603  MISS %:    26.1397   MPKI: 0.530135
PSCL2 PREFETCH  REQUESTED:          0  ISSUED:          0  USEFUL:          0  USELESS:          0
PSCL2 USEFUL LOAD PREFETCHES:          0 PREFETCH ISSUED TO LOWER LEVEL:          0  ACCURACY: -nan
PSCL2 TIMELY PREFETCHES:          0 LATE PREFETCHES: 0 DROPPED PREFETCHES: 0
PSCL2 PREFETCHES SAME FILL-ORIGIN LEVEL: 0 DIFFERENT FILL-ORIGIN LEVEL: 0

LLC TOTAL     ACCESS:    1435876  HIT:     931220  MISS:     504656  HIT %:    64.8538  MISS %:    35.1462   MPKI: 2.52328
LLC LOAD      ACCESS:     277903  HIT:     133678  MISS:     144225  HIT %:    48.1024  MISS %:    51.8976   MPKI: 0.721125
LLC RFO       ACCESS:      56857  HIT:      16138  MISS:      40719  HIT %:    28.3835  MISS %:    71.6165   MPKI: 0.203595
LLC PREFETCH  ACCESS:     922965  HIT:     683347  MISS:     239618  HIT %:    74.0382  MISS %:    25.9618   MPKI: 1.19809
AGUS PREFETCH L1 MISS: 0
LLC WRITEBACK ACCESS:     167865  HIT:      94363  MISS:      73502  HIT %:    56.2136  MISS %:    43.7864   MPKI: 0.36751
LLC LOAD TRANSLATION ACCESS:      10286  HIT:       3694  MISS:       6592  HIT %:    35.9129  MISS %:    64.0871   MPKI: 0.03296
LLC PREFETCH  REQUESTED:          0  ISSUED:          0  USEFUL:      76949  USELESS:      53686
LLC USEFUL LOAD PREFETCHES:      76949 PREFETCH ISSUED TO LOWER LEVEL:     244987  ACCURACY: 31.4094
LLC TIMELY PREFETCHES:      76949 LATE PREFETCHES: 5369 DROPPED PREFETCHES: 0
LLC PREFETCHES SAME FILL-ORIGIN LEVEL: 244126 DIFFERENT FILL-ORIGIN LEVEL: 0
LLC AVERAGE MISS LATENCY:    136.841 cycles AVERAGE LOAD MISS LATENCY:    169.359 cycles Load Miss     144225
LLC Average MSHR Occupancy:   0.145002
LLC RQ	ACCESS:     345046	FORWARD:          0	MERGED:          0	TO_CACHE:     345046
LLC WQ	ACCESS:     167865	FORWARD:          0	MERGED:          0	TO_CACHE:     167865
LLC PQ	ACCESS:     950719	FORWARD:          0	MERGED:      12889	TO_CACHE:     937830

LLC Dense regions hint to LLC: 0

RAW hits: 4007417
Loads Generated: 52758990
Loads sent to L1D: 48751573
Stores Generated: 19206419
Stores sent to L1D: 19206465
Major fault: 0 Minor fault: 7943
Allocated PAGES: 7943
 All Calls: 15531938
 Critical Calls: 15531938
------------------
Depth Distribution
------------------
depth 0: 0
depth 1: 5183370
depth 2: 1598411
depth 3: 203348
depth 4: 55077
depth 5: 31394
depth 6: 14349
depth 7: 2780
depth 8: 527
depth 9: 50
depth 10: 38
depth 11: 17
depth 12: 11
depth 13: 0
depth 14: 0
depth 15: 0
depth 16: 0
depth 17: 0
depth 18: 0
depth 19: 0
depth 20: 0
depth 21: 0
depth 22: 0
depth 23: 0
depth 24: 0
depth 25: 0
depth 26: 0
depth 27: 0
depth 28: 0
depth 29: 0
Total: 7089372
-----------------------------
-----------------------------
	Captured at Filter
-----------------------------
depth 0: 0
depth 1: 9176049
depth 2: 7832127
depth 3: 2269741
depth 4: 46937
depth 5: 21576
depth 6: 10065
depth 7: 2751
depth 8: 164
depth 9: 0
depth 10: 0
depth 11: 0
depth 12: 0
depth 13: 0
depth 14: 0
depth 15: 0
depth 16: 0
depth 17: 0
depth 18: 0
depth 19: 0
depth 20: 0
depth 21: 0
depth 22: 0
depth 23: 0
depth 24: 0
depth 25: 0
depth 26: 0
depth 27: 0
depth 28: 0
depth 29: 0
-----------------------------
-----------------------------
		Lost at Page
-----------------------------
depth 0: 0
depth 1: 794950
depth 2: 82869
depth 3: 7497
depth 4: 3585
depth 5: 2748
depth 6: 1464
depth 7: 394
depth 8: 86
depth 9: 7
depth 10: 7
depth 11: 5
depth 12: 3
depth 13: 0
depth 14: 0
depth 15: 0
depth 16: 0
depth 17: 0
depth 18: 0
depth 19: 0
depth 20: 0
depth 21: 0
depth 22: 0
depth 23: 0
depth 24: 0
depth 25: 0
depth 26: 0
depth 27: 0
depth 28: 0
depth 29: 0
-----------------------------
-----------------------------
	Lost due to PQ Size
-----------------------------
195222
-----------------------------
ST read accesses: 7254134
ST write accesses: 511981
PT read accesses: 105750213
PT write accesses: 9813879
FILTER read accesses: 20277370
FILTER write accesses: 699318
GHR read accesses: 5204816
GHR write accesses: 178573
GHR counter read accesses: 92996490
GHR counter write accesses: 8092877
ST tag read accesses: 3276731340
ST tag write accesses: 297208291
================ Mockingjay (LLC) Pollution Stats ================
Total pollution count in LLC: 76912
==================================================================

DRAM Statistics
 CHANNEL 0
 RQ ROW_BUFFER_HIT:     126146  ROW_BUFFER_MISS:     305006
 DBUS_CONGESTED:        227
 WQ ROW_BUFFER_HIT:      25221  ROW_BUFFER_MISS:     127427  FULL:          0

 AVG_CONGESTED_CYCLE: 4
 All warmup complete: 2
Channel 0 Bank busy for read cycles: 0
Channel 0 Bank busy for write cycles: 0
Channel 0
Rank 0
0banks busy for read cycles: 416284007
0banks busy for write cycles: 92839
1banks busy for read cycles: 31799422
1banks busy for write cycles: 13721798
2banks busy for read cycles: 6209385
2banks busy for write cycles: 3264734
3banks busy for read cycles: 1338156
3banks busy for write cycles: 833370
4banks busy for read cycles: 410204
4banks busy for write cycles: 272717
5banks busy for read cycles: 158148
5banks busy for write cycles: 113560
6banks busy for read cycles: 82446
6banks busy for write cycles: 60614
7banks busy for read cycles: 59671
7banks busy for write cycles: 58485
8banks busy for read cycles: 65414
8banks busy for write cycles: 132794

CPU 0 Branch Prediction Accuracy: 98.9677% MPKI: 2.13099 Average ROB Occupancy at Mispredict: 17.0002
Branch types
NOT_BRANCH: 158713355 79.3567%
BRANCH_DIRECT_JUMP: 2108111 1.05406%
BRANCH_INDIRECT: 15495011 7.74751%
BRANCH_CONDITIONAL: 16062974 8.03149%
BRANCH_DIRECT_CALL: 3023134 1.51157%
BRANCH_INDIRECT_CALL: 780893 0.390446%
BRANCH_RETURN: 3815920 1.90796%
BRANCH_OTHER: 0 0%

===================== LRU L1D STATS =====================
Total pollution count in L1D: 0
=========================================================
================ SRRIP (L2C) Pollution Stats ================
Total pollution count in L2c: 490868
==================================================================
DRAM PAGES: 1048576
Allocated PAGES: 7943
