Initialize SIGNATURE TABLE
ST_SET: 1
ST_WAY: 256
ST_TAG_BIT: 16
ST_TAG_MASK: ffff

Initialize PATTERN TABLE
PT_SET: 512
PT_WAY: 4
SIG_DELTA_BIT: 7
C_SIG_BIT: 4
C_DELTA_BIT: 4

Initialize PREFETCH FILTER
FILTER_SET: 1024

*** ChampSim Multicore Out-of-Order Simulator ***

Warmup Instructions: 200000000
Simulation Instructions: 200000000
Number of CPUs: 1
LLC sets: 4096
LLC ways: 12
Off-chip DRAM Size: 4096 MB Channels: 1 Width: 64-bit Data Rate: 6400 MT/s
CPU 0 runs /home1/sweta/traces/qualcomm_traces/srv_39.champsimtrace.xz
.xz
BTB has LRU replacement policy
ITLB has LRU replacement policy
DTLB has LRU replacement policy
STLB has LRU replacement policy
L1I has LRU replacement policy
L1D has LRU replacement policy
ST_WAYS: 256
PT_SETS: 512
Initialize SRRIP state for L2C
Initialize Mockingjay state for LLC
Heartbeat CPU 0 instructions: 10000001 cycles: 2297083 heartbeat IPC: 4.35335 cumulative IPC: 4.35335 (Simulation time: 0 hr 0 min 24 sec) 
Heartbeat CPU 0 instructions: 20000001 cycles: 4581091 heartbeat IPC: 4.37827 cumulative IPC: 4.36577 (Simulation time: 0 hr 0 min 52 sec) 
Heartbeat CPU 0 instructions: 30000003 cycles: 6877548 heartbeat IPC: 4.35453 cumulative IPC: 4.36202 (Simulation time: 0 hr 1 min 18 sec) 
*** Reached end of trace for Core: 0 Repeating trace: /home1/sweta/traces/qualcomm_traces/srv_39.champsimtrace.xz
Heartbeat CPU 0 instructions: 40000000 cycles: 9169981 heartbeat IPC: 4.36218 cumulative IPC: 4.36206 (Simulation time: 0 hr 1 min 51 sec) 
Heartbeat CPU 0 instructions: 50000000 cycles: 11452171 heartbeat IPC: 4.38176 cumulative IPC: 4.36598 (Simulation time: 0 hr 2 min 16 sec) 
Heartbeat CPU 0 instructions: 60000006 cycles: 13749343 heartbeat IPC: 4.35318 cumulative IPC: 4.36385 (Simulation time: 0 hr 2 min 41 sec) 
*** Reached end of trace for Core: 0 Repeating trace: /home1/sweta/traces/qualcomm_traces/srv_39.champsimtrace.xz
Heartbeat CPU 0 instructions: 70000000 cycles: 16036046 heartbeat IPC: 4.37311 cumulative IPC: 4.36517 (Simulation time: 0 hr 3 min 7 sec) 
Heartbeat CPU 0 instructions: 80000002 cycles: 18327751 heartbeat IPC: 4.36356 cumulative IPC: 4.36497 (Simulation time: 0 hr 3 min 31 sec) 
Heartbeat CPU 0 instructions: 90000000 cycles: 20616646 heartbeat IPC: 4.36892 cumulative IPC: 4.3654 (Simulation time: 0 hr 3 min 54 sec) 
*** Reached end of trace for Core: 0 Repeating trace: /home1/sweta/traces/qualcomm_traces/srv_39.champsimtrace.xz
Heartbeat CPU 0 instructions: 100000000 cycles: 22903111 heartbeat IPC: 4.37356 cumulative IPC: 4.36622 (Simulation time: 0 hr 4 min 19 sec) 
Heartbeat CPU 0 instructions: 110000000 cycles: 25201192 heartbeat IPC: 4.35146 cumulative IPC: 4.36487 (Simulation time: 0 hr 4 min 42 sec) 
Heartbeat CPU 0 instructions: 120000004 cycles: 27482752 heartbeat IPC: 4.38297 cumulative IPC: 4.36637 (Simulation time: 0 hr 5 min 6 sec) 
*** Reached end of trace for Core: 0 Repeating trace: /home1/sweta/traces/qualcomm_traces/srv_39.champsimtrace.xz
Heartbeat CPU 0 instructions: 130000005 cycles: 29774776 heartbeat IPC: 4.36296 cumulative IPC: 4.36611 (Simulation time: 0 hr 5 min 30 sec) 
Heartbeat CPU 0 instructions: 140000007 cycles: 32068620 heartbeat IPC: 4.3595 cumulative IPC: 4.36564 (Simulation time: 0 hr 5 min 54 sec) 
Heartbeat CPU 0 instructions: 150000005 cycles: 34358431 heartbeat IPC: 4.36717 cumulative IPC: 4.36574 (Simulation time: 0 hr 6 min 18 sec) 
Heartbeat CPU 0 instructions: 160000000 cycles: 36651188 heartbeat IPC: 4.36156 cumulative IPC: 4.36548 (Simulation time: 0 hr 6 min 42 sec) 
*** Reached end of trace for Core: 0 Repeating trace: /home1/sweta/traces/qualcomm_traces/srv_39.champsimtrace.xz
Heartbeat CPU 0 instructions: 170000005 cycles: 38937383 heartbeat IPC: 4.37408 cumulative IPC: 4.36598 (Simulation time: 0 hr 7 min 5 sec) 
Heartbeat CPU 0 instructions: 180000000 cycles: 41234725 heartbeat IPC: 4.35285 cumulative IPC: 4.36525 (Simulation time: 0 hr 7 min 29 sec) 
Heartbeat CPU 0 instructions: 190000003 cycles: 43519320 heartbeat IPC: 4.37714 cumulative IPC: 4.36588 (Simulation time: 0 hr 7 min 51 sec) 
*** Reached end of trace for Core: 0 Repeating trace: /home1/sweta/traces/qualcomm_traces/srv_39.champsimtrace.xz
Heartbeat CPU 0 instructions: 200000001 cycles: 45805487 heartbeat IPC: 4.37413 cumulative IPC: 4.36629 (Simulation time: 0 hr 8 min 14 sec) 

Warmup complete CPU 0 instructions: 200000001 cycles: 45805487 (Simulation time: 0 hr 8 min 14 sec) 

Heartbeat CPU 0 instructions: 210000000 cycles: 59357455 heartbeat IPC: 0.7379 cumulative IPC: 0.7379 (Simulation time: 0 hr 8 min 50 sec) 
Heartbeat CPU 0 instructions: 220000000 cycles: 72669209 heartbeat IPC: 0.751216 cumulative IPC: 0.744498 (Simulation time: 0 hr 9 min 25 sec) 
*** Reached end of trace for Core: 0 Repeating trace: /home1/sweta/traces/qualcomm_traces/srv_39.champsimtrace.xz
Heartbeat CPU 0 instructions: 230000004 cycles: 86007900 heartbeat IPC: 0.749699 cumulative IPC: 0.746224 (Simulation time: 0 hr 9 min 58 sec) 
Heartbeat CPU 0 instructions: 240000005 cycles: 99337781 heartbeat IPC: 0.750194 cumulative IPC: 0.747213 (Simulation time: 0 hr 10 min 31 sec) 
Heartbeat CPU 0 instructions: 250000005 cycles: 112672870 heartbeat IPC: 0.749901 cumulative IPC: 0.747749 (Simulation time: 0 hr 11 min 3 sec) 
*** Reached end of trace for Core: 0 Repeating trace: /home1/sweta/traces/qualcomm_traces/srv_39.champsimtrace.xz
Heartbeat CPU 0 instructions: 260000006 cycles: 126009667 heartbeat IPC: 0.749805 cumulative IPC: 0.748091 (Simulation time: 0 hr 11 min 36 sec) 
Heartbeat CPU 0 instructions: 270000000 cycles: 139327530 heartbeat IPC: 0.750871 cumulative IPC: 0.748487 (Simulation time: 0 hr 12 min 10 sec) 
Heartbeat CPU 0 instructions: 280000004 cycles: 152686170 heartbeat IPC: 0.74858 cumulative IPC: 0.748498 (Simulation time: 0 hr 12 min 43 sec) 
*** Reached end of trace for Core: 0 Repeating trace: /home1/sweta/traces/qualcomm_traces/srv_39.champsimtrace.xz
Heartbeat CPU 0 instructions: 290000000 cycles: 165968840 heartbeat IPC: 0.75286 cumulative IPC: 0.74898 (Simulation time: 0 hr 13 min 16 sec) 
Heartbeat CPU 0 instructions: 300000001 cycles: 179364508 heartbeat IPC: 0.74651 cumulative IPC: 0.748733 (Simulation time: 0 hr 13 min 49 sec) 
Heartbeat CPU 0 instructions: 310000000 cycles: 192612747 heartbeat IPC: 0.754817 cumulative IPC: 0.749282 (Simulation time: 0 hr 14 min 21 sec) 
Heartbeat CPU 0 instructions: 320000001 cycles: 205899994 heartbeat IPC: 0.752601 cumulative IPC: 0.749557 (Simulation time: 0 hr 14 min 53 sec) 
*** Reached end of trace for Core: 0 Repeating trace: /home1/sweta/traces/qualcomm_traces/srv_39.champsimtrace.xz
Heartbeat CPU 0 instructions: 330000000 cycles: 219250850 heartbeat IPC: 0.749016 cumulative IPC: 0.749516 (Simulation time: 0 hr 15 min 25 sec) 
Heartbeat CPU 0 instructions: 340000005 cycles: 232597542 heartbeat IPC: 0.74925 cumulative IPC: 0.749497 (Simulation time: 0 hr 15 min 58 sec) 
Heartbeat CPU 0 instructions: 350000002 cycles: 245981224 heartbeat IPC: 0.747178 cumulative IPC: 0.749342 (Simulation time: 0 hr 16 min 29 sec) 
*** Reached end of trace for Core: 0 Repeating trace: /home1/sweta/traces/qualcomm_traces/srv_39.champsimtrace.xz
Heartbeat CPU 0 instructions: 360000000 cycles: 259276711 heartbeat IPC: 0.752135 cumulative IPC: 0.749516 (Simulation time: 0 hr 17 min 1 sec) 
Heartbeat CPU 0 instructions: 370000001 cycles: 272622738 heartbeat IPC: 0.749287 cumulative IPC: 0.749502 (Simulation time: 0 hr 17 min 34 sec) 
Heartbeat CPU 0 instructions: 380000002 cycles: 285915861 heartbeat IPC: 0.752269 cumulative IPC: 0.749655 (Simulation time: 0 hr 18 min 5 sec) 
*** Reached end of trace for Core: 0 Repeating trace: /home1/sweta/traces/qualcomm_traces/srv_39.champsimtrace.xz
Heartbeat CPU 0 instructions: 390000007 cycles: 299191009 heartbeat IPC: 0.753288 cumulative IPC: 0.749846 (Simulation time: 0 hr 18 min 39 sec) 
Heartbeat CPU 0 instructions: 400000002 cycles: 312583111 heartbeat IPC: 0.746708 cumulative IPC: 0.749688 (Simulation time: 0 hr 19 min 9 sec) 
Finished CPU 0 instructions: 200000001 cycles: 266777624 cumulative IPC: 0.749688 (Simulation time: 0 hr 19 min 9 sec) 

ChampSim completed all CPUs

Region of Interest Statistics

CPU 0 cumulative IPC: 0.749688 instructions: 200000001 cycles: 266777624
ITLB TOTAL     ACCESS:   20815142  HIT:   19275497  MISS:    1539645  HIT %:    92.6032  MISS %:    7.39675   MPKI: 7.69822
ITLB LOAD TRANSLATION ACCESS:   20815142  HIT:   19275497  MISS:    1539645  HIT %:    92.6032  MISS %:    7.39675   MPKI: 7.69822
ITLB PREFETCH  REQUESTED:          0  ISSUED:          0  USEFUL:          0  USELESS:          0
ITLB USEFUL LOAD PREFETCHES:          0 PREFETCH ISSUED TO LOWER LEVEL:          0  ACCURACY: -nan
ITLB TIMELY PREFETCHES:          0 LATE PREFETCHES: 0 DROPPED PREFETCHES: 0
ITLB PREFETCHES SAME FILL-ORIGIN LEVEL: 0 DIFFERENT FILL-ORIGIN LEVEL: 0
ITLB AVERAGE MISS LATENCY:    9.12418 cycles AVERAGE LOAD MISS LATENCY:       -nan cycles Load Miss          0
ITLB Average MSHR Occupancy:  0.0469591
ITLB RQ	ACCESS:   27630255	FORWARD:          0	MERGED:    5049295	TO_CACHE:   22580960

DTLB TOTAL     ACCESS:   32908444  HIT:   31389562  MISS:    1518882  HIT %:    95.3845  MISS %:    4.61548   MPKI: 7.59441
DTLB LOAD TRANSLATION ACCESS:   32908444  HIT:   31389562  MISS:    1518882  HIT %:    95.3845  MISS %:    4.61548   MPKI: 7.59441
DTLB PREFETCH  REQUESTED:          0  ISSUED:          0  USEFUL:          0  USELESS:          0
DTLB USEFUL LOAD PREFETCHES:          0 PREFETCH ISSUED TO LOWER LEVEL:          0  ACCURACY: -nan
DTLB TIMELY PREFETCHES:          0 LATE PREFETCHES: 0 DROPPED PREFETCHES: 0
DTLB PREFETCHES SAME FILL-ORIGIN LEVEL: 0 DIFFERENT FILL-ORIGIN LEVEL: 0
DTLB AVERAGE MISS LATENCY:    12.3162 cycles AVERAGE LOAD MISS LATENCY:       -nan cycles Load Miss          0
DTLB Average MSHR Occupancy:  0.0660166
DTLB RQ	ACCESS:   57338131	FORWARD:          0	MERGED:   24051704	TO_CACHE:   33286427

STLB TOTAL     ACCESS:    3058527  HIT:    2980288  MISS:      78239  HIT %:    97.4419  MISS %:    2.55806   MPKI: 0.391195
STLB LOAD TRANSLATION ACCESS:    3058527  HIT:    2980288  MISS:      78239  HIT %:    97.4419  MISS %:    2.55806   MPKI: 0.391195
STLB PREFETCH  REQUESTED:          0  ISSUED:          0  USEFUL:          0  USELESS:          0
STLB USEFUL LOAD PREFETCHES:          0 PREFETCH ISSUED TO LOWER LEVEL:          0  ACCURACY: -nan
STLB TIMELY PREFETCHES:          0 LATE PREFETCHES: 0 DROPPED PREFETCHES: 0
STLB PREFETCHES SAME FILL-ORIGIN LEVEL: 0 DIFFERENT FILL-ORIGIN LEVEL: 0
STLB AVERAGE MISS LATENCY:    65.9448 cycles AVERAGE LOAD MISS LATENCY:       -nan cycles Load Miss          0
STLB Average MSHR Occupancy:  0.0198463
STLB RQ	ACCESS:    3058527	FORWARD:          0	MERGED:          0	TO_CACHE:    3058527

STLB Hit, L1D data hit: 0
STLB Hit, L2C data hit: 0
STLB Hit, LLC data hit: 0
STLB Hit, LLC data miss: 0
STLB STLB hints to L2: 0
L1D TOTAL     ACCESS:   45437421  HIT:   38683297  MISS:    6754124  HIT %:    85.1353  MISS %:    14.8647   MPKI: 33.7706
L1D LOAD      ACCESS:   22747482  HIT:   19680208  MISS:    3067274  HIT %:     86.516  MISS %:     13.484   MPKI: 15.3364
L1D RFO       ACCESS:   22689939  HIT:   19003089  MISS:    3686850  HIT %:    83.7512  MISS %:    16.2488   MPKI: 18.4342
L1D PREFETCH  REQUESTED:          0  ISSUED:          0  USEFUL:          0  USELESS:          0
L1D USEFUL LOAD PREFETCHES:          0 PREFETCH ISSUED TO LOWER LEVEL:          0  ACCURACY: -nan
L1D TIMELY PREFETCHES:          0 LATE PREFETCHES: 0 DROPPED PREFETCHES: 0
L1D PREFETCHES SAME FILL-ORIGIN LEVEL: 0 DIFFERENT FILL-ORIGIN LEVEL: 0
L1D AVERAGE MISS LATENCY:    119.729 cycles AVERAGE LOAD MISS LATENCY:    37.3069 cycles Load Miss    3067274
L1D Average MSHR Occupancy:    3.10208
L1D RQ	ACCESS:   42077907	FORWARD:          0	MERGED:   18214736	TO_CACHE:   23568298
L1D WQ	ACCESS:   34181743	FORWARD:     294873	MERGED:     411910	TO_CACHE:   33769833

L1D UNIQUE REGIONS ACCESSED: 0
L1D REGIONS CONFLICTS: 0
L1D Cross Page Prefetch Requests: 0
L1D Same Page Prefetch Requests: 0
L1D ROI Sum of L1D PQ occupancy: 0
L1D PREFETCHES PUSHED FROM L2C: 0
L1I TOTAL     ACCESS:   26582435  HIT:    6871863  MISS:   19710572  HIT %:    25.8511  MISS %:    74.1489   MPKI: 98.5529
L1I LOAD      ACCESS:   26582435  HIT:    6871863  MISS:   19710572  HIT %:    25.8511  MISS %:    74.1489   MPKI: 98.5529
L1I PREFETCH  REQUESTED:          0  ISSUED:          0  USEFUL:          0  USELESS:          0
L1I USEFUL LOAD PREFETCHES:          0 PREFETCH ISSUED TO LOWER LEVEL:          0  ACCURACY: -nan
L1I TIMELY PREFETCHES:          0 LATE PREFETCHES: 0 DROPPED PREFETCHES: 0
L1I PREFETCHES SAME FILL-ORIGIN LEVEL: 0 DIFFERENT FILL-ORIGIN LEVEL: 0
L1I AVERAGE MISS LATENCY:    14.2798 cycles AVERAGE LOAD MISS LATENCY:    14.2798 cycles Load Miss   19710572
L1I Average MSHR Occupancy:    1.03701
L1I RQ	ACCESS:   51046901	FORWARD:          0	MERGED:   23416646	TO_CACHE:   27630255

BTB TOTAL     ACCESS:   25656820  HIT:   24105042  MISS:    1551778  HIT %:    93.9518  MISS %:    6.04821   MPKI: 7.75889
BTB BRANCH_DIRECT_JUMP	ACCESS:    1660372  HIT:    1650818  MISS:       9554
BTB BRANCH_INDIRECT	ACCESS:   10005343  HIT:    9484663  MISS:     520680
BTB BRANCH_CONDITIONAL	ACCESS:    7145003  HIT:    7131581  MISS:      13422
BTB BRANCH_DIRECT_CALL	ACCESS:    2826726  HIT:    2793350  MISS:      33376
BTB BRANCH_INDIRECT_CALL	ACCESS:     596348  HIT:     485054  MISS:     111294
BTB BRANCH_RETURN	ACCESS:    3423028  HIT:    2559576  MISS:     863452
BTB BRANCH_OTHER ACCESS:          0  HIT:          0  MISS:          0

L2C TOTAL     ACCESS:   33084553  HIT:   28749352  MISS:    4335201  HIT %:    86.8966  MISS %:    13.1034   MPKI: 21.676
L2C LOAD      ACCESS:   22777662  HIT:   21381768  MISS:    1395894  HIT %:    93.8717  MISS %:    6.12835   MPKI: 6.97947
L2C DATA LOAD MPKI: 6.88015
L2C INSTRUCTION LOAD MPKI: 0.099315
L2C RFO       ACCESS:    3686841  HIT:     843240  MISS:    2843601  HIT %:    22.8716  MISS %:    77.1284   MPKI: 14.218
L2C PREFETCH  ACCESS:    2188498  HIT:    2123339  MISS:      65159  HIT %:    97.0227  MISS %:    2.97734   MPKI: 0.325795
AGUS PREFETCH L1 MISS: 0
L2C DATA PREFETCH MPKI: 0.325795
L2C INSTRUCTION PREFETCH MPKI: 0
L2C WRITEBACK ACCESS:    4344349  HIT:    4343242  MISS:       1107  HIT %:    99.9745  MISS %:  0.0254814   MPKI: 0.005535
L2C LOAD TRANSLATION ACCESS:      87203  HIT:      57763  MISS:      29440  HIT %:    66.2397  MISS %:    33.7603   MPKI: 0.1472
L2C PREFETCH  REQUESTED:   11114353  ISSUED:   11113210  USEFUL:      53198  USELESS:      11970
L2C USEFUL LOAD PREFETCHES:      53198 PREFETCH ISSUED TO LOWER LEVEL:    6439915  ACCURACY: 0.826067
L2C TIMELY PREFETCHES:      53198 LATE PREFETCHES: 482824 DROPPED PREFETCHES: 0
L2C PREFETCHES SAME FILL-ORIGIN LEVEL: 547983 DIFFERENT FILL-ORIGIN LEVEL: 5891932
L2C AVERAGE MISS LATENCY:    165.711 cycles AVERAGE LOAD MISS LATENCY:    53.0951 cycles Load Miss    1395894
L2C Average MSHR Occupancy:    2.68527
L2C RQ	ACCESS:   26551906	FORWARD:          0	MERGED:          0	TO_CACHE:   26551714
L2C WQ	ACCESS:    4344349	FORWARD:        196	MERGED:          0	TO_CACHE:    4344349
L2C PQ	ACCESS:   11113210	FORWARD:          0	MERGED:    2256692	TO_CACHE:    8856514

L2C Instructions Evicting Data 19638
L2C Translations Evicting Data 29105
L2C Data Evicting Data 4236126
L2C Instructions Evicting Instructions 51
L2C Translations Evicting Instructions 141
L2C Data Evicting Instructions 19637
L2C Instructions Evicting Translations 174
L2C Translations Evicting Translations 194
L2C Data Evicting Translations 29028
L2C Dense regions hint from L2: 0
PSCL5 TOTAL     ACCESS:      78239  HIT:      78239  MISS:          0  HIT %:        100  MISS %:          0   MPKI: 0
PSCL5 LOAD TRANSLATION ACCESS:      78239  HIT:      78239  MISS:          0  HIT %:        100  MISS %:          0   MPKI: 0
PSCL5 PREFETCH  REQUESTED:          0  ISSUED:          0  USEFUL:          0  USELESS:          0
PSCL5 USEFUL LOAD PREFETCHES:          0 PREFETCH ISSUED TO LOWER LEVEL:          0  ACCURACY: -nan
PSCL5 TIMELY PREFETCHES:          0 LATE PREFETCHES: 0 DROPPED PREFETCHES: 0
PSCL5 PREFETCHES SAME FILL-ORIGIN LEVEL: 0 DIFFERENT FILL-ORIGIN LEVEL: 0

PSCL4 TOTAL     ACCESS:      74349  HIT:      74163  MISS:        186  HIT %:    99.7498  MISS %:   0.250171   MPKI: 0.00093
PSCL4 LOAD TRANSLATION ACCESS:      74349  HIT:      74163  MISS:        186  HIT %:    99.7498  MISS %:   0.250171   MPKI: 0.00093
PSCL4 PREFETCH  REQUESTED:          0  ISSUED:          0  USEFUL:          0  USELESS:          0
PSCL4 USEFUL LOAD PREFETCHES:          0 PREFETCH ISSUED TO LOWER LEVEL:          0  ACCURACY: -nan
PSCL4 TIMELY PREFETCHES:          0 LATE PREFETCHES: 0 DROPPED PREFETCHES: 0
PSCL4 PREFETCHES SAME FILL-ORIGIN LEVEL: 0 DIFFERENT FILL-ORIGIN LEVEL: 0

PSCL3 TOTAL     ACCESS:      78207  HIT:      78021  MISS:        186  HIT %:    99.7622  MISS %:    0.23783   MPKI: 0.00093
PSCL3 LOAD TRANSLATION ACCESS:      78207  HIT:      78021  MISS:        186  HIT %:    99.7622  MISS %:    0.23783   MPKI: 0.00093
PSCL3 PREFETCH  REQUESTED:          0  ISSUED:          0  USEFUL:          0  USELESS:          0
PSCL3 USEFUL LOAD PREFETCHES:          0 PREFETCH ISSUED TO LOWER LEVEL:          0  ACCURACY: -nan
PSCL3 TIMELY PREFETCHES:          0 LATE PREFETCHES: 0 DROPPED PREFETCHES: 0
PSCL3 PREFETCHES SAME FILL-ORIGIN LEVEL: 0 DIFFERENT FILL-ORIGIN LEVEL: 0

PSCL2 TOTAL     ACCESS:      78239  HIT:      69647  MISS:       8592  HIT %:    89.0183  MISS %:    10.9817   MPKI: 0.04296
PSCL2 LOAD TRANSLATION ACCESS:      78239  HIT:      69647  MISS:       8592  HIT %:    89.0183  MISS %:    10.9817   MPKI: 0.04296
PSCL2 PREFETCH  REQUESTED:          0  ISSUED:          0  USEFUL:          0  USELESS:          0
PSCL2 USEFUL LOAD PREFETCHES:          0 PREFETCH ISSUED TO LOWER LEVEL:          0  ACCURACY: -nan
PSCL2 TIMELY PREFETCHES:          0 LATE PREFETCHES: 0 DROPPED PREFETCHES: 0
PSCL2 PREFETCHES SAME FILL-ORIGIN LEVEL: 0 DIFFERENT FILL-ORIGIN LEVEL: 0

LLC TOTAL     ACCESS:   10714623  HIT:    5890467  MISS:    4824156  HIT %:     54.976  MISS %:     45.024   MPKI: 24.1208
LLC LOAD      ACCESS:     913089  HIT:     834333  MISS:      78756  HIT %:    91.3748  MISS %:    8.62523   MPKI: 0.39378
LLC RFO       ACCESS:    2843567  HIT:     519284  MISS:    2324283  HIT %:    18.2617  MISS %:    81.7383   MPKI: 11.6214
LLC PREFETCH  ACCESS:    3962707  HIT:    3860512  MISS:     102195  HIT %:    97.4211  MISS %:    2.57892   MPKI: 0.510975
AGUS PREFETCH L1 MISS: 0
LLC WRITEBACK ACCESS:    2965820  HIT:     654083  MISS:    2311737  HIT %:     22.054  MISS %:     77.946   MPKI: 11.5587
LLC LOAD TRANSLATION ACCESS:      29440  HIT:      22255  MISS:       7185  HIT %:    75.5944  MISS %:    24.4056   MPKI: 0.035925
LLC PREFETCH  REQUESTED:          0  ISSUED:          0  USEFUL:      32982  USELESS:      35435
LLC USEFUL LOAD PREFETCHES:      32982 PREFETCH ISSUED TO LOWER LEVEL:     121815  ACCURACY: 27.0755
LLC TIMELY PREFETCHES:      32982 LATE PREFETCHES: 19620 DROPPED PREFETCHES: 0
LLC PREFETCHES SAME FILL-ORIGIN LEVEL: 119109 DIFFERENT FILL-ORIGIN LEVEL: 0
LLC AVERAGE MISS LATENCY:    113.372 cycles AVERAGE LOAD MISS LATENCY:    180.739 cycles Load Miss      78756
LLC Average MSHR Occupancy:    2.04442
LLC RQ	ACCESS:    3786111	FORWARD:          0	MERGED:          0	TO_CACHE:    3786096
LLC WQ	ACCESS:    2965820	FORWARD:         16	MERGED:          0	TO_CACHE:    2965820
LLC PQ	ACCESS:    6439915	FORWARD:          0	MERGED:    2387329	TO_CACHE:    4052585

LLC Dense regions hint to LLC: 0

RAW hits: 5700201
Loads Generated: 47778108
Loads sent to L1D: 42077907
Stores Generated: 34181740
Stores sent to L1D: 34181743
Major fault: 0 Minor fault: 8494
Allocated PAGES: 8494
 All Calls: 6139671
 Critical Calls: 6139671
------------------
Depth Distribution
------------------
depth 0: 0
depth 1: 4625285
depth 2: 2583411
depth 3: 2089553
depth 4: 1489921
depth 5: 1125262
depth 6: 1060958
depth 7: 983874
depth 8: 736459
depth 9: 565148
depth 10: 210035
depth 11: 44674
depth 12: 1176
depth 13: 1
depth 14: 0
depth 15: 0
depth 16: 0
depth 17: 0
depth 18: 0
depth 19: 0
depth 20: 0
depth 21: 0
depth 22: 0
depth 23: 0
depth 24: 0
depth 25: 0
depth 26: 0
depth 27: 0
depth 28: 0
depth 29: 0
Total: 15515757
-----------------------------
-----------------------------
	Captured at Filter
-----------------------------
depth 0: 0
depth 1: 21460
depth 2: 9479
depth 3: 6992
depth 4: 4839
depth 5: 4000
depth 6: 4700
depth 7: 5351
depth 8: 4718
depth 9: 4213
depth 10: 1671
depth 11: 280
depth 12: 10
depth 13: 0
depth 14: 0
depth 15: 0
depth 16: 0
depth 17: 0
depth 18: 0
depth 19: 0
depth 20: 0
depth 21: 0
depth 22: 0
depth 23: 0
depth 24: 0
depth 25: 0
depth 26: 0
depth 27: 0
depth 28: 0
depth 29: 0
-----------------------------
-----------------------------
		Lost at Page
-----------------------------
depth 0: 0
depth 1: 240867
depth 2: 94306
depth 3: 95647
depth 4: 87478
depth 5: 78350
depth 6: 97628
depth 7: 117626
depth 8: 108366
depth 9: 99152
depth 10: 44122
depth 11: 10975
depth 12: 318
depth 13: 0
depth 14: 0
depth 15: 0
depth 16: 0
depth 17: 0
depth 18: 0
depth 19: 0
depth 20: 0
depth 21: 0
depth 22: 0
depth 23: 0
depth 24: 0
depth 25: 0
depth 26: 0
depth 27: 0
depth 28: 0
depth 29: 0
-----------------------------
-----------------------------
	Lost due to PQ Size
-----------------------------
1302677
-----------------------------
ST read accesses: 2897902
ST write accesses: 169189
PT read accesses: 80182632
PT write accesses: 4013366
FILTER read accesses: 18566288
FILTER write accesses: 5953925
GHR read accesses: 6228457
GHR write accesses: 831174
GHR counter read accesses: 65748018
GHR counter write accesses: 4679557
ST tag read accesses: 1264979385
ST tag write accesses: 85302690
================ Mockingjay (LLC) Pollution Stats ================
Total pollution count in LLC: 8536
==================================================================

DRAM Statistics
 CHANNEL 0
 RQ ROW_BUFFER_HIT:    1578688  ROW_BUFFER_MISS:     933689
 DBUS_CONGESTED:        711
 WQ ROW_BUFFER_HIT:     605878  ROW_BUFFER_MISS:    1747746  FULL:     116259

 AVG_CONGESTED_CYCLE: 4
 All warmup complete: 2
Channel 0 Bank busy for read cycles: 0
Channel 0 Bank busy for write cycles: 0
Channel 0
Rank 0
0banks busy for read cycles: 120259171
0banks busy for write cycles: 165490
1banks busy for read cycles: 28551364
1banks busy for write cycles: 22128941
2banks busy for read cycles: 15924439
2banks busy for write cycles: 8328225
3banks busy for read cycles: 3033520
3banks busy for write cycles: 4837076
4banks busy for read cycles: 3644843
4banks busy for write cycles: 4160349
5banks busy for read cycles: 2377288
5banks busy for write cycles: 4104431
6banks busy for read cycles: 1800817
6banks busy for write cycles: 4307585
7banks busy for read cycles: 2611520
7banks busy for write cycles: 5846181
8banks busy for read cycles: 12341664
8banks busy for write cycles: 22354721

CPU 0 Branch Prediction Accuracy: 99.9539% MPKI: 0.070365 Average ROB Occupancy at Mispredict: 154.653
Branch types
NOT_BRANCH: 169466883 84.7334%
BRANCH_DIRECT_JUMP: 1660372 0.830186%
BRANCH_INDIRECT: 10005343 5.00267%
BRANCH_CONDITIONAL: 12021270 6.01063%
BRANCH_DIRECT_CALL: 2826726 1.41336%
BRANCH_INDIRECT_CALL: 596348 0.298174%
BRANCH_RETURN: 3423028 1.71151%
BRANCH_OTHER: 0 0%

===================== LRU L1D STATS =====================
Total pollution count in L1D: 0
=========================================================
================ SRRIP (L2C) Pollution Stats ================
Total pollution count in L2c: 2663158
==================================================================
DRAM PAGES: 1048576
Allocated PAGES: 8494
