Initialize SIGNATURE TABLE
ST_SET: 1
ST_WAY: 256
ST_TAG_BIT: 16
ST_TAG_MASK: ffff

Initialize PATTERN TABLE
PT_SET: 512
PT_WAY: 4
SIG_DELTA_BIT: 7
C_SIG_BIT: 4
C_DELTA_BIT: 4

Initialize PREFETCH FILTER
FILTER_SET: 1024

*** ChampSim Multicore Out-of-Order Simulator ***

Warmup Instructions: 200000000
Simulation Instructions: 200000000
Number of CPUs: 1
LLC sets: 4096
LLC ways: 12
Off-chip DRAM Size: 4096 MB Channels: 1 Width: 64-bit Data Rate: 6400 MT/s
CPU 0 runs /home1/sweta/traces/qualcomm_traces/srv_76.champsimtrace.xz
.xz
BTB has LRU replacement policy
ITLB has LRU replacement policy
DTLB has LRU replacement policy
STLB has LRU replacement policy
L1I has LRU replacement policy
L1D has LRU replacement policy
ST_WAYS: 256
PT_SETS: 512
Initialize SRRIP state for L2C
Initialize Mockingjay state for LLC
Heartbeat CPU 0 instructions: 10000001 cycles: 2330561 heartbeat IPC: 4.29081 cumulative IPC: 4.29081 (Simulation time: 0 hr 0 min 24 sec) 
Heartbeat CPU 0 instructions: 20000006 cycles: 4643213 heartbeat IPC: 4.32404 cumulative IPC: 4.30736 (Simulation time: 0 hr 0 min 49 sec) 
Heartbeat CPU 0 instructions: 30000005 cycles: 6972658 heartbeat IPC: 4.29287 cumulative IPC: 4.30252 (Simulation time: 0 hr 1 min 13 sec) 
*** Reached end of trace for Core: 0 Repeating trace: /home1/sweta/traces/qualcomm_traces/srv_76.champsimtrace.xz
Heartbeat CPU 0 instructions: 40000006 cycles: 9300450 heartbeat IPC: 4.29592 cumulative IPC: 4.30087 (Simulation time: 0 hr 1 min 37 sec) 
Heartbeat CPU 0 instructions: 50000005 cycles: 11613496 heartbeat IPC: 4.3233 cumulative IPC: 4.30534 (Simulation time: 0 hr 2 min 1 sec) 
Heartbeat CPU 0 instructions: 60000007 cycles: 13941675 heartbeat IPC: 4.2952 cumulative IPC: 4.30364 (Simulation time: 0 hr 2 min 24 sec) 
*** Reached end of trace for Core: 0 Repeating trace: /home1/sweta/traces/qualcomm_traces/srv_76.champsimtrace.xz
Heartbeat CPU 0 instructions: 70000002 cycles: 16267632 heartbeat IPC: 4.2993 cumulative IPC: 4.30302 (Simulation time: 0 hr 2 min 47 sec) 
Heartbeat CPU 0 instructions: 80000000 cycles: 18589955 heartbeat IPC: 4.30603 cumulative IPC: 4.3034 (Simulation time: 0 hr 3 min 10 sec) 
Heartbeat CPU 0 instructions: 90000000 cycles: 20907765 heartbeat IPC: 4.31442 cumulative IPC: 4.30462 (Simulation time: 0 hr 3 min 34 sec) 
*** Reached end of trace for Core: 0 Repeating trace: /home1/sweta/traces/qualcomm_traces/srv_76.champsimtrace.xz
Heartbeat CPU 0 instructions: 100000000 cycles: 23236513 heartbeat IPC: 4.29415 cumulative IPC: 4.30357 (Simulation time: 0 hr 3 min 57 sec) 
Heartbeat CPU 0 instructions: 110000000 cycles: 25566779 heartbeat IPC: 4.29136 cumulative IPC: 4.30246 (Simulation time: 0 hr 4 min 19 sec) 
Heartbeat CPU 0 instructions: 120000003 cycles: 27878084 heartbeat IPC: 4.32656 cumulative IPC: 4.30446 (Simulation time: 0 hr 4 min 42 sec) 
*** Reached end of trace for Core: 0 Repeating trace: /home1/sweta/traces/qualcomm_traces/srv_76.champsimtrace.xz
Heartbeat CPU 0 instructions: 130000007 cycles: 30215409 heartbeat IPC: 4.2784 cumulative IPC: 4.30244 (Simulation time: 0 hr 5 min 4 sec) 
Heartbeat CPU 0 instructions: 140000005 cycles: 32536151 heartbeat IPC: 4.30897 cumulative IPC: 4.30291 (Simulation time: 0 hr 5 min 27 sec) 
Heartbeat CPU 0 instructions: 150000006 cycles: 34852632 heartbeat IPC: 4.31689 cumulative IPC: 4.30384 (Simulation time: 0 hr 5 min 49 sec) 
Heartbeat CPU 0 instructions: 160000000 cycles: 37176171 heartbeat IPC: 4.30378 cumulative IPC: 4.30383 (Simulation time: 0 hr 6 min 11 sec) 
*** Reached end of trace for Core: 0 Repeating trace: /home1/sweta/traces/qualcomm_traces/srv_76.champsimtrace.xz
Heartbeat CPU 0 instructions: 170000000 cycles: 39502743 heartbeat IPC: 4.29817 cumulative IPC: 4.3035 (Simulation time: 0 hr 6 min 33 sec) 
Heartbeat CPU 0 instructions: 180000000 cycles: 41828802 heartbeat IPC: 4.29912 cumulative IPC: 4.30326 (Simulation time: 0 hr 6 min 54 sec) 
Heartbeat CPU 0 instructions: 190000000 cycles: 44151074 heartbeat IPC: 4.30613 cumulative IPC: 4.30341 (Simulation time: 0 hr 7 min 16 sec) 
*** Reached end of trace for Core: 0 Repeating trace: /home1/sweta/traces/qualcomm_traces/srv_76.champsimtrace.xz
Heartbeat CPU 0 instructions: 200000003 cycles: 46473677 heartbeat IPC: 4.30552 cumulative IPC: 4.30351 (Simulation time: 0 hr 7 min 38 sec) 

Warmup complete CPU 0 instructions: 200000003 cycles: 46473677 (Simulation time: 0 hr 7 min 38 sec) 

Heartbeat CPU 0 instructions: 210000003 cycles: 59456413 heartbeat IPC: 0.770254 cumulative IPC: 0.770254 (Simulation time: 0 hr 8 min 11 sec) 
Heartbeat CPU 0 instructions: 220000002 cycles: 72464927 heartbeat IPC: 0.768727 cumulative IPC: 0.76949 (Simulation time: 0 hr 8 min 43 sec) 
*** Reached end of trace for Core: 0 Repeating trace: /home1/sweta/traces/qualcomm_traces/srv_76.champsimtrace.xz
Heartbeat CPU 0 instructions: 230000004 cycles: 85596862 heartbeat IPC: 0.761503 cumulative IPC: 0.766809 (Simulation time: 0 hr 9 min 17 sec) 
Heartbeat CPU 0 instructions: 240000003 cycles: 98468541 heartbeat IPC: 0.776899 cumulative IPC: 0.769307 (Simulation time: 0 hr 9 min 48 sec) 
Heartbeat CPU 0 instructions: 250000002 cycles: 111464198 heartbeat IPC: 0.769488 cumulative IPC: 0.769343 (Simulation time: 0 hr 10 min 20 sec) 
*** Reached end of trace for Core: 0 Repeating trace: /home1/sweta/traces/qualcomm_traces/srv_76.champsimtrace.xz
Heartbeat CPU 0 instructions: 260000005 cycles: 124600815 heartbeat IPC: 0.761231 cumulative IPC: 0.767979 (Simulation time: 0 hr 10 min 52 sec) 
Heartbeat CPU 0 instructions: 270000000 cycles: 137487116 heartbeat IPC: 0.776017 cumulative IPC: 0.769117 (Simulation time: 0 hr 11 min 23 sec) 
Heartbeat CPU 0 instructions: 280000003 cycles: 150449302 heartbeat IPC: 0.771475 cumulative IPC: 0.769411 (Simulation time: 0 hr 11 min 55 sec) 
*** Reached end of trace for Core: 0 Repeating trace: /home1/sweta/traces/qualcomm_traces/srv_76.champsimtrace.xz
Heartbeat CPU 0 instructions: 290000006 cycles: 163558662 heartbeat IPC: 0.762814 cumulative IPC: 0.768672 (Simulation time: 0 hr 12 min 26 sec) 
Heartbeat CPU 0 instructions: 300000004 cycles: 176557687 heartbeat IPC: 0.769288 cumulative IPC: 0.768734 (Simulation time: 0 hr 12 min 58 sec) 
Heartbeat CPU 0 instructions: 310000000 cycles: 189478776 heartbeat IPC: 0.773928 cumulative IPC: 0.769203 (Simulation time: 0 hr 13 min 30 sec) 
Heartbeat CPU 0 instructions: 320000000 cycles: 202577593 heartbeat IPC: 0.763428 cumulative IPC: 0.768719 (Simulation time: 0 hr 14 min 1 sec) 
*** Reached end of trace for Core: 0 Repeating trace: /home1/sweta/traces/qualcomm_traces/srv_76.champsimtrace.xz
Heartbeat CPU 0 instructions: 330000005 cycles: 215660128 heartbeat IPC: 0.764378 cumulative IPC: 0.768383 (Simulation time: 0 hr 14 min 32 sec) 
Heartbeat CPU 0 instructions: 340000004 cycles: 228521447 heartbeat IPC: 0.777525 cumulative IPC: 0.769029 (Simulation time: 0 hr 15 min 3 sec) 
Heartbeat CPU 0 instructions: 350000005 cycles: 241612447 heartbeat IPC: 0.763884 cumulative IPC: 0.768684 (Simulation time: 0 hr 15 min 33 sec) 
*** Reached end of trace for Core: 0 Repeating trace: /home1/sweta/traces/qualcomm_traces/srv_76.champsimtrace.xz
Heartbeat CPU 0 instructions: 360000000 cycles: 254719580 heartbeat IPC: 0.762943 cumulative IPC: 0.768322 (Simulation time: 0 hr 16 min 2 sec) 
Heartbeat CPU 0 instructions: 370000003 cycles: 267571189 heartbeat IPC: 0.778113 cumulative IPC: 0.768892 (Simulation time: 0 hr 16 min 30 sec) 
Heartbeat CPU 0 instructions: 380000002 cycles: 280600537 heartbeat IPC: 0.767498 cumulative IPC: 0.768814 (Simulation time: 0 hr 16 min 59 sec) 
*** Reached end of trace for Core: 0 Repeating trace: /home1/sweta/traces/qualcomm_traces/srv_76.champsimtrace.xz
Heartbeat CPU 0 instructions: 390000005 cycles: 293726208 heartbeat IPC: 0.761866 cumulative IPC: 0.768445 (Simulation time: 0 hr 17 min 27 sec) 
Heartbeat CPU 0 instructions: 400000005 cycles: 306671319 heartbeat IPC: 0.772492 cumulative IPC: 0.768646 (Simulation time: 0 hr 17 min 55 sec) 
Finished CPU 0 instructions: 200000002 cycles: 260197642 cumulative IPC: 0.768646 (Simulation time: 0 hr 17 min 55 sec) 

ChampSim completed all CPUs

Region of Interest Statistics

CPU 0 cumulative IPC: 0.768646 instructions: 200000002 cycles: 260197642
ITLB TOTAL     ACCESS:   21721403  HIT:   20190028  MISS:    1531375  HIT %:    92.9499  MISS %:    7.05007   MPKI: 7.65687
ITLB LOAD TRANSLATION ACCESS:   21721403  HIT:   20190028  MISS:    1531375  HIT %:    92.9499  MISS %:    7.05007   MPKI: 7.65687
ITLB PREFETCH  REQUESTED:          0  ISSUED:          0  USEFUL:          0  USELESS:          0
ITLB USEFUL LOAD PREFETCHES:          0 PREFETCH ISSUED TO LOWER LEVEL:          0  ACCURACY: -nan
ITLB TIMELY PREFETCHES:          0 LATE PREFETCHES: 0 DROPPED PREFETCHES: 0
ITLB PREFETCHES SAME FILL-ORIGIN LEVEL: 0 DIFFERENT FILL-ORIGIN LEVEL: 0
ITLB AVERAGE MISS LATENCY:    9.15764 cycles AVERAGE LOAD MISS LATENCY:       -nan cycles Load Miss          0
ITLB Average MSHR Occupancy:  0.0480806
ITLB RQ	ACCESS:   27444261	FORWARD:          0	MERGED:    4016725	TO_CACHE:   23427536

DTLB TOTAL     ACCESS:   32359608  HIT:   30838604  MISS:    1521004  HIT %:    95.2997  MISS %:    4.70032   MPKI: 7.60502
DTLB LOAD TRANSLATION ACCESS:   32359608  HIT:   30838604  MISS:    1521004  HIT %:    95.2997  MISS %:    4.70032   MPKI: 7.60502
DTLB PREFETCH  REQUESTED:          0  ISSUED:          0  USEFUL:          0  USELESS:          0
DTLB USEFUL LOAD PREFETCHES:          0 PREFETCH ISSUED TO LOWER LEVEL:          0  ACCURACY: -nan
DTLB TIMELY PREFETCHES:          0 LATE PREFETCHES: 0 DROPPED PREFETCHES: 0
DTLB PREFETCHES SAME FILL-ORIGIN LEVEL: 0 DIFFERENT FILL-ORIGIN LEVEL: 0
DTLB AVERAGE MISS LATENCY:    13.3184 cycles AVERAGE LOAD MISS LATENCY:       -nan cycles Load Miss          0
DTLB Average MSHR Occupancy:  0.0737266
DTLB RQ	ACCESS:   56703106	FORWARD:          0	MERGED:   23951885	TO_CACHE:   32751221

STLB TOTAL     ACCESS:    3052379  HIT:    2974202  MISS:      78177  HIT %:    97.4388  MISS %:    2.56118   MPKI: 0.390885
STLB LOAD TRANSLATION ACCESS:    3052379  HIT:    2974202  MISS:      78177  HIT %:    97.4388  MISS %:    2.56118   MPKI: 0.390885
STLB PREFETCH  REQUESTED:          0  ISSUED:          0  USEFUL:          0  USELESS:          0
STLB USEFUL LOAD PREFETCHES:          0 PREFETCH ISSUED TO LOWER LEVEL:          0  ACCURACY: -nan
STLB TIMELY PREFETCHES:          0 LATE PREFETCHES: 0 DROPPED PREFETCHES: 0
STLB PREFETCHES SAME FILL-ORIGIN LEVEL: 0 DIFFERENT FILL-ORIGIN LEVEL: 0
STLB AVERAGE MISS LATENCY:    86.3366 cycles AVERAGE LOAD MISS LATENCY:       -nan cycles Load Miss          0
STLB Average MSHR Occupancy:   0.026531
STLB RQ	ACCESS:    3052379	FORWARD:          0	MERGED:          0	TO_CACHE:    3052379

STLB Hit, L1D data hit: 0
STLB Hit, L2C data hit: 0
STLB Hit, LLC data hit: 0
STLB Hit, LLC data miss: 0
STLB STLB hints to L2: 0
L1D TOTAL     ACCESS:   44719535  HIT:   37921401  MISS:    6798134  HIT %:    84.7983  MISS %:    15.2017   MPKI: 33.9907
L1D LOAD      ACCESS:   22637841  HIT:   19545505  MISS:    3092336  HIT %:      86.34  MISS %:      13.66   MPKI: 15.4617
L1D RFO       ACCESS:   22081694  HIT:   18375896  MISS:    3705798  HIT %:    83.2178  MISS %:    16.7822   MPKI: 18.529
L1D PREFETCH  REQUESTED:          0  ISSUED:          0  USEFUL:          0  USELESS:          0
L1D USEFUL LOAD PREFETCHES:          0 PREFETCH ISSUED TO LOWER LEVEL:          0  ACCURACY: -nan
L1D TIMELY PREFETCHES:          0 LATE PREFETCHES: 0 DROPPED PREFETCHES: 0
L1D PREFETCHES SAME FILL-ORIGIN LEVEL: 0 DIFFERENT FILL-ORIGIN LEVEL: 0
L1D AVERAGE MISS LATENCY:    120.413 cycles AVERAGE LOAD MISS LATENCY:    37.7467 cycles Load Miss    3092336
L1D Average MSHR Occupancy:    3.20455
L1D RQ	ACCESS:   41897177	FORWARD:          0	MERGED:   18740510	TO_CACHE:   22920741
L1D WQ	ACCESS:   34202455	FORWARD:     235926	MERGED:     420090	TO_CACHE:   33782365

L1D UNIQUE REGIONS ACCESSED: 0
L1D REGIONS CONFLICTS: 0
L1D Cross Page Prefetch Requests: 0
L1D Same Page Prefetch Requests: 0
L1D ROI Sum of L1D PQ occupancy: 0
L1D PREFETCHES PUSHED FROM L2C: 0
L1I TOTAL     ACCESS:   26586598  HIT:   11081288  MISS:   15505310  HIT %:      41.68  MISS %:      58.32   MPKI: 77.5265
L1I LOAD      ACCESS:   26586598  HIT:   11081288  MISS:   15505310  HIT %:      41.68  MISS %:      58.32   MPKI: 77.5265
L1I PREFETCH  REQUESTED:          0  ISSUED:          0  USEFUL:          0  USELESS:          0
L1I USEFUL LOAD PREFETCHES:          0 PREFETCH ISSUED TO LOWER LEVEL:          0  ACCURACY: -nan
L1I TIMELY PREFETCHES:          0 LATE PREFETCHES: 0 DROPPED PREFETCHES: 0
L1I PREFETCHES SAME FILL-ORIGIN LEVEL: 0 DIFFERENT FILL-ORIGIN LEVEL: 0
L1I AVERAGE MISS LATENCY:     14.344 cycles AVERAGE LOAD MISS LATENCY:     14.344 cycles Load Miss   15505310
L1I Average MSHR Occupancy:   0.829638
L1I RQ	ACCESS:   49560932	FORWARD:          0	MERGED:   22116671	TO_CACHE:   27444261

BTB TOTAL     ACCESS:   25728809  HIT:   24177377  MISS:    1551432  HIT %:    93.9701  MISS %:    6.02994   MPKI: 7.75716
BTB BRANCH_DIRECT_JUMP	ACCESS:    1656352  HIT:    1645375  MISS:      10977
BTB BRANCH_INDIRECT	ACCESS:    9938378  HIT:    9422822  MISS:     515556
BTB BRANCH_CONDITIONAL	ACCESS:    7324606  HIT:    7309295  MISS:      15311
BTB BRANCH_DIRECT_CALL	ACCESS:    2813286  HIT:    2777698  MISS:      35588
BTB BRANCH_INDIRECT_CALL	ACCESS:     591514  HIT:     480326  MISS:     111188
BTB BRANCH_RETURN	ACCESS:    3404673  HIT:    2541861  MISS:     862812
BTB BRANCH_OTHER ACCESS:          0  HIT:          0  MISS:          0

L2C TOTAL     ACCESS:   29009024  HIT:   24655726  MISS:    4353298  HIT %:    84.9933  MISS %:    15.0067   MPKI: 21.7665
L2C LOAD      ACCESS:   18597584  HIT:   17207963  MISS:    1389621  HIT %:    92.5279  MISS %:    7.47205   MPKI: 6.9481
L2C DATA LOAD MPKI: 6.82707
L2C INSTRUCTION LOAD MPKI: 0.121035
L2C RFO       ACCESS:    3705796  HIT:     860128  MISS:    2845668  HIT %:    23.2103  MISS %:    76.7897   MPKI: 14.2283
L2C PREFETCH  ACCESS:    2246178  HIT:    2163924  MISS:      82254  HIT %:     96.338  MISS %:    3.66195   MPKI: 0.41127
AGUS PREFETCH L1 MISS: 0
L2C DATA PREFETCH MPKI: 0.41127
L2C INSTRUCTION PREFETCH MPKI: 0
L2C WRITEBACK ACCESS:    4369197  HIT:    4367359  MISS:       1838  HIT %:    99.9579  MISS %:  0.0420672   MPKI: 0.00919
L2C LOAD TRANSLATION ACCESS:      90269  HIT:      56352  MISS:      33917  HIT %:    62.4267  MISS %:    37.5733   MPKI: 0.169585
L2C PREFETCH  REQUESTED:   11355656  ISSUED:   11352810  USEFUL:      70688  USELESS:      11560
L2C USEFUL LOAD PREFETCHES:      70688 PREFETCH ISSUED TO LOWER LEVEL:    4021473  ACCURACY: 1.75776
L2C TIMELY PREFETCHES:      70688 LATE PREFETCHES: 259501 DROPPED PREFETCHES: 0
L2C PREFETCHES SAME FILL-ORIGIN LEVEL: 341755 DIFFERENT FILL-ORIGIN LEVEL: 3679718
L2C AVERAGE MISS LATENCY:    167.159 cycles AVERAGE LOAD MISS LATENCY:    53.5405 cycles Load Miss    1389621
L2C Average MSHR Occupancy:    2.78584
L2C RQ	ACCESS:   22393712	FORWARD:          0	MERGED:          0	TO_CACHE:   22393649
L2C WQ	ACCESS:    4369197	FORWARD:         64	MERGED:          0	TO_CACHE:    4369197
L2C PQ	ACCESS:   11352810	FORWARD:          0	MERGED:    4566335	TO_CACHE:    6786474

L2C Instructions Evicting Data 23883
L2C Translations Evicting Data 33460
L2C Data Evicting Data 4236007
L2C Instructions Evicting Instructions 165
L2C Translations Evicting Instructions 137
L2C Data Evicting Instructions 23909
L2C Instructions Evicting Translations 159
L2C Translations Evicting Translations 320
L2C Data Evicting Translations 33420
L2C Dense regions hint from L2: 0
PSCL5 TOTAL     ACCESS:      78177  HIT:      78177  MISS:          0  HIT %:        100  MISS %:          0   MPKI: 0
PSCL5 LOAD TRANSLATION ACCESS:      78177  HIT:      78177  MISS:          0  HIT %:        100  MISS %:          0   MPKI: 0
PSCL5 PREFETCH  REQUESTED:          0  ISSUED:          0  USEFUL:          0  USELESS:          0
PSCL5 USEFUL LOAD PREFETCHES:          0 PREFETCH ISSUED TO LOWER LEVEL:          0  ACCURACY: -nan
PSCL5 TIMELY PREFETCHES:          0 LATE PREFETCHES: 0 DROPPED PREFETCHES: 0
PSCL5 PREFETCHES SAME FILL-ORIGIN LEVEL: 0 DIFFERENT FILL-ORIGIN LEVEL: 0

PSCL4 TOTAL     ACCESS:      75480  HIT:      75258  MISS:        222  HIT %:    99.7059  MISS %:   0.294118   MPKI: 0.00111
PSCL4 LOAD TRANSLATION ACCESS:      75480  HIT:      75258  MISS:        222  HIT %:    99.7059  MISS %:   0.294118   MPKI: 0.00111
PSCL4 PREFETCH  REQUESTED:          0  ISSUED:          0  USEFUL:          0  USELESS:          0
PSCL4 USEFUL LOAD PREFETCHES:          0 PREFETCH ISSUED TO LOWER LEVEL:          0  ACCURACY: -nan
PSCL4 TIMELY PREFETCHES:          0 LATE PREFETCHES: 0 DROPPED PREFETCHES: 0
PSCL4 PREFETCHES SAME FILL-ORIGIN LEVEL: 0 DIFFERENT FILL-ORIGIN LEVEL: 0

PSCL3 TOTAL     ACCESS:      72403  HIT:      71052  MISS:       1351  HIT %:    98.1341  MISS %:    1.86594   MPKI: 0.006755
PSCL3 LOAD TRANSLATION ACCESS:      72403  HIT:      71052  MISS:       1351  HIT %:    98.1341  MISS %:    1.86594   MPKI: 0.006755
PSCL3 PREFETCH  REQUESTED:          0  ISSUED:          0  USEFUL:          0  USELESS:          0
PSCL3 USEFUL LOAD PREFETCHES:          0 PREFETCH ISSUED TO LOWER LEVEL:          0  ACCURACY: -nan
PSCL3 TIMELY PREFETCHES:          0 LATE PREFETCHES: 0 DROPPED PREFETCHES: 0
PSCL3 PREFETCHES SAME FILL-ORIGIN LEVEL: 0 DIFFERENT FILL-ORIGIN LEVEL: 0

PSCL2 TOTAL     ACCESS:      78177  HIT:      67658  MISS:      10519  HIT %:    86.5446  MISS %:    13.4554   MPKI: 0.052595
PSCL2 LOAD TRANSLATION ACCESS:      78177  HIT:      67658  MISS:      10519  HIT %:    86.5446  MISS %:    13.4554   MPKI: 0.052595
PSCL2 PREFETCH  REQUESTED:          0  ISSUED:          0  USEFUL:          0  USELESS:          0
PSCL2 USEFUL LOAD PREFETCHES:          0 PREFETCH ISSUED TO LOWER LEVEL:          0  ACCURACY: -nan
PSCL2 TIMELY PREFETCHES:          0 LATE PREFETCHES: 0 DROPPED PREFETCHES: 0
PSCL2 PREFETCHES SAME FILL-ORIGIN LEVEL: 0 DIFFERENT FILL-ORIGIN LEVEL: 0

LLC TOTAL     ACCESS:    9732437  HIT:    4902530  MISS:    4829907  HIT %:    50.3731  MISS %:    49.6269   MPKI: 24.1495
LLC LOAD      ACCESS:    1130130  HIT:    1056491  MISS:      73639  HIT %:     93.484  MISS %:    6.51598   MPKI: 0.368195
LLC RFO       ACCESS:    2845626  HIT:     516948  MISS:    2328678  HIT %:    18.1664  MISS %:    81.8336   MPKI: 11.6434
LLC PREFETCH  ACCESS:    2746252  HIT:    2668966  MISS:      77286  HIT %:    97.1858  MISS %:    2.81424   MPKI: 0.38643
AGUS PREFETCH L1 MISS: 0
LLC WRITEBACK ACCESS:    2976512  HIT:     640649  MISS:    2335863  HIT %:    21.5235  MISS %:    78.4765   MPKI: 11.6793
LLC LOAD TRANSLATION ACCESS:      33917  HIT:      19476  MISS:      14441  HIT %:    57.4225  MISS %:    42.5775   MPKI: 0.072205
LLC PREFETCH  REQUESTED:          0  ISSUED:          0  USEFUL:      17547  USELESS:      28852
LLC USEFUL LOAD PREFETCHES:      17547 PREFETCH ISSUED TO LOWER LEVEL:      90657  ACCURACY: 19.3554
LLC TIMELY PREFETCHES:      17547 LATE PREFETCHES: 13371 DROPPED PREFETCHES: 0
LLC PREFETCHES SAME FILL-ORIGIN LEVEL: 88888 DIFFERENT FILL-ORIGIN LEVEL: 0
LLC AVERAGE MISS LATENCY:     113.68 cycles AVERAGE LOAD MISS LATENCY:    179.725 cycles Load Miss      73639
LLC Average MSHR Occupancy:    2.10287
LLC RQ	ACCESS:    4009705	FORWARD:          0	MERGED:          0	TO_CACHE:    4009673
LLC WQ	ACCESS:    2976512	FORWARD:         32	MERGED:          0	TO_CACHE:    2976512
LLC PQ	ACCESS:    4021473	FORWARD:          0	MERGED:    1238906	TO_CACHE:    2782567

LLC Dense regions hint to LLC: 0

RAW hits: 5726782
Loads Generated: 47623957
Loads sent to L1D: 41897177
Stores Generated: 34202440
Stores sent to L1D: 34202455
Major fault: 0 Minor fault: 9169
Allocated PAGES: 9169
 All Calls: 6190132
 Critical Calls: 6190132
------------------
Depth Distribution
------------------
depth 0: 0
depth 1: 4917502
depth 2: 2980304
depth 3: 2507329
depth 4: 2286452
depth 5: 2104428
depth 6: 1692380
depth 7: 1254066
depth 8: 855844
depth 9: 601830
depth 10: 244181
depth 11: 63803
depth 12: 3035
depth 13: 1
depth 14: 0
depth 15: 0
depth 16: 0
depth 17: 0
depth 18: 0
depth 19: 0
depth 20: 0
depth 21: 0
depth 22: 0
depth 23: 0
depth 24: 0
depth 25: 0
depth 26: 0
depth 27: 0
depth 28: 0
depth 29: 0
Total: 19511155
-----------------------------
-----------------------------
	Captured at Filter
-----------------------------
depth 0: 0
depth 1: 21542
depth 2: 11056
depth 3: 7562
depth 4: 6685
depth 5: 6992
depth 6: 7121
depth 7: 6251
depth 8: 4787
depth 9: 3869
depth 10: 1607
depth 11: 376
depth 12: 12
depth 13: 0
depth 14: 0
depth 15: 0
depth 16: 0
depth 17: 0
depth 18: 0
depth 19: 0
depth 20: 0
depth 21: 0
depth 22: 0
depth 23: 0
depth 24: 0
depth 25: 0
depth 26: 0
depth 27: 0
depth 28: 0
depth 29: 0
-----------------------------
-----------------------------
		Lost at Page
-----------------------------
depth 0: 0
depth 1: 233849
depth 2: 106275
depth 3: 103278
depth 4: 128976
depth 5: 156310
depth 6: 161489
depth 7: 149866
depth 8: 124795
depth 9: 104420
depth 10: 50303
depth 11: 15315
depth 12: 782
depth 13: 0
depth 14: 0
depth 15: 0
depth 16: 0
depth 17: 0
depth 18: 0
depth 19: 0
depth 20: 0
depth 21: 0
depth 22: 0
depth 23: 0
depth 24: 0
depth 25: 0
depth 26: 0
depth 27: 0
depth 28: 0
depth 29: 0
-----------------------------
-----------------------------
	Lost due to PQ Size
-----------------------------
660252
-----------------------------
ST read accesses: 2924574
ST write accesses: 167701
PT read accesses: 82605003
PT write accesses: 4053162
FILTER read accesses: 18848575
FILTER write accesses: 6004619
GHR read accesses: 6539353
GHR write accesses: 852304
GHR counter read accesses: 67092542
GHR counter write accesses: 4732980
ST tag read accesses: 1273318529
ST tag write accesses: 86553913
================ Mockingjay (LLC) Pollution Stats ================
Total pollution count in LLC: 6576
==================================================================

DRAM Statistics
 CHANNEL 0
 RQ ROW_BUFFER_HIT:    1570294  ROW_BUFFER_MISS:     923743
 DBUS_CONGESTED:        695
 WQ ROW_BUFFER_HIT:     614302  ROW_BUFFER_MISS:    1750464  FULL:     103056

 AVG_CONGESTED_CYCLE: 4
 All warmup complete: 2
Channel 0 Bank busy for read cycles: 0
Channel 0 Bank busy for write cycles: 0
Channel 0
Rank 0
0banks busy for read cycles: 115923378
0banks busy for write cycles: 161060
1banks busy for read cycles: 29655854
1banks busy for write cycles: 21708561
2banks busy for read cycles: 15469625
2banks busy for write cycles: 7564610
3banks busy for read cycles: 2918450
3banks busy for write cycles: 3910264
4banks busy for read cycles: 3557695
4banks busy for write cycles: 3207517
5banks busy for read cycles: 2338955
5banks busy for write cycles: 3396393
6banks busy for read cycles: 1557648
6banks busy for write cycles: 3964782
7banks busy for read cycles: 2607130
7banks busy for write cycles: 6143675
8banks busy for read cycles: 12383149
8banks busy for write cycles: 23728897

CPU 0 Branch Prediction Accuracy: 99.9529% MPKI: 0.072045 Average ROB Occupancy at Mispredict: 213.611
Branch types
NOT_BRANCH: 169417489 84.7087%
BRANCH_DIRECT_JUMP: 1656352 0.828176%
BRANCH_INDIRECT: 9938378 4.96919%
BRANCH_CONDITIONAL: 12178077 6.08904%
BRANCH_DIRECT_CALL: 2813286 1.40664%
BRANCH_INDIRECT_CALL: 591514 0.295757%
BRANCH_RETURN: 3404673 1.70234%
BRANCH_OTHER: 0 0%

===================== LRU L1D STATS =====================
Total pollution count in L1D: 0
=========================================================
================ SRRIP (L2C) Pollution Stats ================
Total pollution count in L2c: 2373149
==================================================================
DRAM PAGES: 1048576
Allocated PAGES: 9169
