Initialize SIGNATURE TABLE
ST_SET: 1
ST_WAY: 256
ST_TAG_BIT: 16
ST_TAG_MASK: ffff

Initialize PATTERN TABLE
PT_SET: 512
PT_WAY: 4
SIG_DELTA_BIT: 7
C_SIG_BIT: 4
C_DELTA_BIT: 4

Initialize PREFETCH FILTER
FILTER_SET: 1024

*** ChampSim Multicore Out-of-Order Simulator ***

Warmup Instructions: 200000000
Simulation Instructions: 200000000
Number of CPUs: 1
LLC sets: 4096
LLC ways: 12
Off-chip DRAM Size: 4096 MB Channels: 1 Width: 64-bit Data Rate: 6400 MT/s
CPU 0 runs /home1/sweta/traces/qualcomm_traces/srv_69.champsimtrace.xz
.xz
BTB has LRU replacement policy
ITLB has LRU replacement policy
DTLB has LRU replacement policy
STLB has LRU replacement policy
L1I has LRU replacement policy
L1D has LRU replacement policy
ST_WAYS: 256
PT_SETS: 512
Initialize SRRIP state for L2C
Initialize Mockingjay state for LLC
Heartbeat CPU 0 instructions: 10000001 cycles: 1922367 heartbeat IPC: 5.20192 cumulative IPC: 5.20192 (Simulation time: 0 hr 0 min 24 sec) 
Heartbeat CPU 0 instructions: 20000003 cycles: 3913666 heartbeat IPC: 5.02185 cumulative IPC: 5.1103 (Simulation time: 0 hr 0 min 47 sec) 
Heartbeat CPU 0 instructions: 30000003 cycles: 5835270 heartbeat IPC: 5.20399 cumulative IPC: 5.14115 (Simulation time: 0 hr 1 min 10 sec) 
*** Reached end of trace for Core: 0 Repeating trace: /home1/sweta/traces/qualcomm_traces/srv_69.champsimtrace.xz
Heartbeat CPU 0 instructions: 40000000 cycles: 7761547 heartbeat IPC: 5.19136 cumulative IPC: 5.15361 (Simulation time: 0 hr 1 min 36 sec) 
Heartbeat CPU 0 instructions: 50000006 cycles: 9754859 heartbeat IPC: 5.01678 cumulative IPC: 5.12565 (Simulation time: 0 hr 2 min 0 sec) 
Heartbeat CPU 0 instructions: 60000002 cycles: 11677464 heartbeat IPC: 5.20127 cumulative IPC: 5.1381 (Simulation time: 0 hr 2 min 24 sec) 
*** Reached end of trace for Core: 0 Repeating trace: /home1/sweta/traces/qualcomm_traces/srv_69.champsimtrace.xz
Heartbeat CPU 0 instructions: 70000003 cycles: 13604024 heartbeat IPC: 5.1906 cumulative IPC: 5.14554 (Simulation time: 0 hr 2 min 47 sec) 
Heartbeat CPU 0 instructions: 80000000 cycles: 15577885 heartbeat IPC: 5.06621 cumulative IPC: 5.13549 (Simulation time: 0 hr 3 min 11 sec) 
Heartbeat CPU 0 instructions: 90000000 cycles: 17515275 heartbeat IPC: 5.16158 cumulative IPC: 5.13837 (Simulation time: 0 hr 3 min 34 sec) 
*** Reached end of trace for Core: 0 Repeating trace: /home1/sweta/traces/qualcomm_traces/srv_69.champsimtrace.xz
Heartbeat CPU 0 instructions: 100000007 cycles: 19441227 heartbeat IPC: 5.19224 cumulative IPC: 5.14371 (Simulation time: 0 hr 3 min 56 sec) 
Heartbeat CPU 0 instructions: 110000004 cycles: 21389404 heartbeat IPC: 5.133 cumulative IPC: 5.14273 (Simulation time: 0 hr 4 min 17 sec) 
Heartbeat CPU 0 instructions: 120000006 cycles: 23354834 heartbeat IPC: 5.08795 cumulative IPC: 5.13812 (Simulation time: 0 hr 4 min 39 sec) 
*** Reached end of trace for Core: 0 Repeating trace: /home1/sweta/traces/qualcomm_traces/srv_69.champsimtrace.xz
Heartbeat CPU 0 instructions: 130000007 cycles: 25282157 heartbeat IPC: 5.18854 cumulative IPC: 5.14197 (Simulation time: 0 hr 5 min 1 sec) 
Heartbeat CPU 0 instructions: 140000003 cycles: 27213261 heartbeat IPC: 5.17838 cumulative IPC: 5.14455 (Simulation time: 0 hr 5 min 22 sec) 
Heartbeat CPU 0 instructions: 150000000 cycles: 29193613 heartbeat IPC: 5.04961 cumulative IPC: 5.13811 (Simulation time: 0 hr 5 min 43 sec) 
*** Reached end of trace for Core: 0 Repeating trace: /home1/sweta/traces/qualcomm_traces/srv_69.champsimtrace.xz
Heartbeat CPU 0 instructions: 160000005 cycles: 31120123 heartbeat IPC: 5.19074 cumulative IPC: 5.14137 (Simulation time: 0 hr 6 min 3 sec) 
Heartbeat CPU 0 instructions: 170000006 cycles: 33045600 heartbeat IPC: 5.19352 cumulative IPC: 5.14441 (Simulation time: 0 hr 6 min 24 sec) 
Heartbeat CPU 0 instructions: 180000000 cycles: 35033439 heartbeat IPC: 5.03059 cumulative IPC: 5.13795 (Simulation time: 0 hr 6 min 45 sec) 
*** Reached end of trace for Core: 0 Repeating trace: /home1/sweta/traces/qualcomm_traces/srv_69.champsimtrace.xz
Heartbeat CPU 0 instructions: 190000000 cycles: 36961019 heartbeat IPC: 5.18785 cumulative IPC: 5.14055 (Simulation time: 0 hr 7 min 5 sec) 
Heartbeat CPU 0 instructions: 200000000 cycles: 38885107 heartbeat IPC: 5.19727 cumulative IPC: 5.14336 (Simulation time: 0 hr 7 min 26 sec) 

Warmup complete CPU 0 instructions: 200000008 cycles: 38885108 (Simulation time: 0 hr 7 min 26 sec) 

Heartbeat CPU 0 instructions: 210000002 cycles: 57116571 heartbeat IPC: 0.548502 cumulative IPC: 0.548502 (Simulation time: 0 hr 7 min 53 sec) 
*** Reached end of trace for Core: 0 Repeating trace: /home1/sweta/traces/qualcomm_traces/srv_69.champsimtrace.xz
Heartbeat CPU 0 instructions: 220000003 cycles: 73691007 heartbeat IPC: 0.603339 cumulative IPC: 0.574615 (Simulation time: 0 hr 8 min 19 sec) 
Heartbeat CPU 0 instructions: 230000003 cycles: 90795795 heartbeat IPC: 0.584632 cumulative IPC: 0.577916 (Simulation time: 0 hr 8 min 46 sec) 
Heartbeat CPU 0 instructions: 240000000 cycles: 108955336 heartbeat IPC: 0.550675 cumulative IPC: 0.570856 (Simulation time: 0 hr 9 min 13 sec) 
*** Reached end of trace for Core: 0 Repeating trace: /home1/sweta/traces/qualcomm_traces/srv_69.champsimtrace.xz
Heartbeat CPU 0 instructions: 250000001 cycles: 125406849 heartbeat IPC: 0.607847 cumulative IPC: 0.577889 (Simulation time: 0 hr 9 min 38 sec) 
Heartbeat CPU 0 instructions: 260000000 cycles: 142411441 heartbeat IPC: 0.588076 cumulative IPC: 0.579563 (Simulation time: 0 hr 10 min 4 sec) 
Heartbeat CPU 0 instructions: 270000000 cycles: 160582426 heartbeat IPC: 0.550328 cumulative IPC: 0.575198 (Simulation time: 0 hr 10 min 30 sec) 
*** Reached end of trace for Core: 0 Repeating trace: /home1/sweta/traces/qualcomm_traces/srv_69.champsimtrace.xz
Heartbeat CPU 0 instructions: 280000002 cycles: 177103972 heartbeat IPC: 0.60527 cumulative IPC: 0.578792 (Simulation time: 0 hr 10 min 55 sec) 
Heartbeat CPU 0 instructions: 290000000 cycles: 194044740 heartbeat IPC: 0.590292 cumulative IPC: 0.580048 (Simulation time: 0 hr 11 min 22 sec) 
Heartbeat CPU 0 instructions: 300000000 cycles: 212247964 heartbeat IPC: 0.549353 cumulative IPC: 0.576825 (Simulation time: 0 hr 11 min 49 sec) 
*** Reached end of trace for Core: 0 Repeating trace: /home1/sweta/traces/qualcomm_traces/srv_69.champsimtrace.xz
Heartbeat CPU 0 instructions: 310000001 cycles: 228713130 heartbeat IPC: 0.607343 cumulative IPC: 0.579472 (Simulation time: 0 hr 12 min 14 sec) 
Heartbeat CPU 0 instructions: 320000004 cycles: 245537642 heartbeat IPC: 0.594371 cumulative IPC: 0.580685 (Simulation time: 0 hr 12 min 41 sec) 
Heartbeat CPU 0 instructions: 330000001 cycles: 263787350 heartbeat IPC: 0.547954 cumulative IPC: 0.578029 (Simulation time: 0 hr 13 min 7 sec) 
*** Reached end of trace for Core: 0 Repeating trace: /home1/sweta/traces/qualcomm_traces/srv_69.champsimtrace.xz
Heartbeat CPU 0 instructions: 340000006 cycles: 280299157 heartbeat IPC: 0.605628 cumulative IPC: 0.579917 (Simulation time: 0 hr 13 min 34 sec) 
Heartbeat CPU 0 instructions: 350000001 cycles: 296814993 heartbeat IPC: 0.605479 cumulative IPC: 0.581553 (Simulation time: 0 hr 14 min 2 sec) 
Heartbeat CPU 0 instructions: 360000000 cycles: 315300032 heartbeat IPC: 0.540978 cumulative IPC: 0.57884 (Simulation time: 0 hr 14 min 29 sec) 
Heartbeat CPU 0 instructions: 370000001 cycles: 331772220 heartbeat IPC: 0.607084 cumulative IPC: 0.580428 (Simulation time: 0 hr 14 min 54 sec) 
*** Reached end of trace for Core: 0 Repeating trace: /home1/sweta/traces/qualcomm_traces/srv_69.champsimtrace.xz
Heartbeat CPU 0 instructions: 380000007 cycles: 348405975 heartbeat IPC: 0.601188 cumulative IPC: 0.581544 (Simulation time: 0 hr 15 min 20 sec) 
Heartbeat CPU 0 instructions: 390000007 cycles: 366809359 heartbeat IPC: 0.543378 cumulative IPC: 0.579402 (Simulation time: 0 hr 15 min 45 sec) 
Heartbeat CPU 0 instructions: 400000006 cycles: 383342715 heartbeat IPC: 0.604838 cumulative IPC: 0.580623 (Simulation time: 0 hr 16 min 10 sec) 
Finished CPU 0 instructions: 200000005 cycles: 344457609 cumulative IPC: 0.580623 (Simulation time: 0 hr 16 min 10 sec) 

ChampSim completed all CPUs

Region of Interest Statistics

CPU 0 cumulative IPC: 0.580623 instructions: 200000005 cycles: 344457609
ITLB TOTAL     ACCESS:   22445919  HIT:   21629695  MISS:     816224  HIT %:    96.3636  MISS %:     3.6364   MPKI: 4.08112
ITLB LOAD TRANSLATION ACCESS:   22445919  HIT:   21629695  MISS:     816224  HIT %:    96.3636  MISS %:     3.6364   MPKI: 4.08112
ITLB PREFETCH  REQUESTED:          0  ISSUED:          0  USEFUL:          0  USELESS:          0
ITLB USEFUL LOAD PREFETCHES:          0 PREFETCH ISSUED TO LOWER LEVEL:          0  ACCURACY: -nan
ITLB TIMELY PREFETCHES:          0 LATE PREFETCHES: 0 DROPPED PREFETCHES: 0
ITLB PREFETCHES SAME FILL-ORIGIN LEVEL: 0 DIFFERENT FILL-ORIGIN LEVEL: 0
ITLB AVERAGE MISS LATENCY:    13.3577 cycles AVERAGE LOAD MISS LATENCY:       -nan cycles Load Miss          0
ITLB Average MSHR Occupancy:   0.030884
ITLB RQ	ACCESS:   26428347	FORWARD:          0	MERGED:    3352346	TO_CACHE:   23076001

DTLB TOTAL     ACCESS:   33486273  HIT:   31026271  MISS:    2460002  HIT %:    92.6537  MISS %:     7.3463   MPKI: 12.3
DTLB LOAD TRANSLATION ACCESS:   33486273  HIT:   31026271  MISS:    2460002  HIT %:    92.6537  MISS %:     7.3463   MPKI: 12.3
DTLB PREFETCH  REQUESTED:          0  ISSUED:          0  USEFUL:          0  USELESS:          0
DTLB USEFUL LOAD PREFETCHES:          0 PREFETCH ISSUED TO LOWER LEVEL:          0  ACCURACY: -nan
DTLB TIMELY PREFETCHES:          0 LATE PREFETCHES: 0 DROPPED PREFETCHES: 0
DTLB PREFETCHES SAME FILL-ORIGIN LEVEL: 0 DIFFERENT FILL-ORIGIN LEVEL: 0
DTLB AVERAGE MISS LATENCY:    12.3035 cycles AVERAGE LOAD MISS LATENCY:       -nan cycles Load Miss          0
DTLB Average MSHR Occupancy:  0.0848531
DTLB RQ	ACCESS:   44927687	FORWARD:          0	MERGED:   11286104	TO_CACHE:   33641583

STLB TOTAL     ACCESS:    3276226  HIT:    2825675  MISS:     450551  HIT %:    86.2479  MISS %:    13.7521   MPKI: 2.25275
STLB LOAD TRANSLATION ACCESS:    3276226  HIT:    2825675  MISS:     450551  HIT %:    86.2479  MISS %:    13.7521   MPKI: 2.25275
STLB PREFETCH  REQUESTED:          0  ISSUED:          0  USEFUL:          0  USELESS:          0
STLB USEFUL LOAD PREFETCHES:          0 PREFETCH ISSUED TO LOWER LEVEL:          0  ACCURACY: -nan
STLB TIMELY PREFETCHES:          0 LATE PREFETCHES: 0 DROPPED PREFETCHES: 0
STLB PREFETCHES SAME FILL-ORIGIN LEVEL: 0 DIFFERENT FILL-ORIGIN LEVEL: 0
STLB AVERAGE MISS LATENCY:    25.7681 cycles AVERAGE LOAD MISS LATENCY:       -nan cycles Load Miss          0
STLB Average MSHR Occupancy:  0.0361327
STLB RQ	ACCESS:    3276227	FORWARD:          0	MERGED:          0	TO_CACHE:    3276227

STLB Hit, L1D data hit: 0
STLB Hit, L2C data hit: 0
STLB Hit, LLC data hit: 0
STLB Hit, LLC data miss: 0
STLB STLB hints to L2: 0
L1D TOTAL     ACCESS:   44494239  HIT:   42056901  MISS:    2437338  HIT %:    94.5221  MISS %:    5.47787   MPKI: 12.1867
L1D LOAD      ACCESS:   25243711  HIT:   23145181  MISS:    2098530  HIT %:    91.6869  MISS %:    8.31308   MPKI: 10.4926
L1D RFO       ACCESS:   19250528  HIT:   18911720  MISS:     338808  HIT %:      98.24  MISS %:    1.75999   MPKI: 1.69404
L1D PREFETCH  REQUESTED:          0  ISSUED:          0  USEFUL:          0  USELESS:          0
L1D USEFUL LOAD PREFETCHES:          0 PREFETCH ISSUED TO LOWER LEVEL:          0  ACCURACY: -nan
L1D TIMELY PREFETCHES:          0 LATE PREFETCHES: 0 DROPPED PREFETCHES: 0
L1D PREFETCHES SAME FILL-ORIGIN LEVEL: 0 DIFFERENT FILL-ORIGIN LEVEL: 0
L1D AVERAGE MISS LATENCY:    23.7558 cycles AVERAGE LOAD MISS LATENCY:    22.9865 cycles Load Miss    2098530
L1D Average MSHR Occupancy:   0.174381
L1D RQ	ACCESS:   40961978	FORWARD:          0	MERGED:   15309374	TO_CACHE:   25294482
L1D WQ	ACCESS:   20261400	FORWARD:     358122	MERGED:     628195	TO_CACHE:   19633205

L1D UNIQUE REGIONS ACCESSED: 0
L1D REGIONS CONFLICTS: 0
L1D Cross Page Prefetch Requests: 0
L1D Same Page Prefetch Requests: 0
L1D ROI Sum of L1D PQ occupancy: 0
L1D PREFETCHES PUSHED FROM L2C: 0
L1I TOTAL     ACCESS:   25758192  HIT:   10307126  MISS:   15451066  HIT %:    40.0149  MISS %:    59.9851   MPKI: 77.2553
L1I LOAD      ACCESS:   25758192  HIT:   10307126  MISS:   15451066  HIT %:    40.0149  MISS %:    59.9851   MPKI: 77.2553
L1I PREFETCH  REQUESTED:          0  ISSUED:          0  USEFUL:          0  USELESS:          0
L1I USEFUL LOAD PREFETCHES:          0 PREFETCH ISSUED TO LOWER LEVEL:          0  ACCURACY: -nan
L1I TIMELY PREFETCHES:          0 LATE PREFETCHES: 0 DROPPED PREFETCHES: 0
L1I PREFETCHES SAME FILL-ORIGIN LEVEL: 0 DIFFERENT FILL-ORIGIN LEVEL: 0
L1I AVERAGE MISS LATENCY:    14.3137 cycles AVERAGE LOAD MISS LATENCY:    14.3137 cycles Load Miss   15451066
L1I Average MSHR Occupancy:   0.627175
L1I RQ	ACCESS:   47835628	FORWARD:          0	MERGED:   21407281	TO_CACHE:   26428347

BTB TOTAL     ACCESS:   23247349  HIT:   18248540  MISS:    4998809  HIT %:    78.4973  MISS %:    21.5027   MPKI: 24.994
BTB BRANCH_DIRECT_JUMP	ACCESS:    1939891  HIT:    1657043  MISS:     282848
BTB BRANCH_INDIRECT	ACCESS:    9774694  HIT:    7393388  MISS:    2381306
BTB BRANCH_CONDITIONAL	ACCESS:    4795879  HIT:    4352053  MISS:     443826
BTB BRANCH_DIRECT_CALL	ACCESS:    2659457  HIT:    2113484  MISS:     545973
BTB BRANCH_INDIRECT_CALL	ACCESS:     693525  HIT:     626776  MISS:      66749
BTB BRANCH_RETURN	ACCESS:    3383903  HIT:    2105796  MISS:    1278107
BTB BRANCH_OTHER ACCESS:          0  HIT:          0  MISS:          0

L2C TOTAL     ACCESS:   20079486  HIT:   19748168  MISS:     331318  HIT %:      98.35  MISS %:    1.65003   MPKI: 1.65659
L2C LOAD      ACCESS:   17549519  HIT:   17298713  MISS:     250806  HIT %:    98.5709  MISS %:    1.42913   MPKI: 1.25403
L2C DATA LOAD MPKI: 1.09761
L2C INSTRUCTION LOAD MPKI: 0.156415
L2C RFO       ACCESS:     338807  HIT:     292681  MISS:      46126  HIT %:    86.3858  MISS %:    13.6142   MPKI: 0.23063
L2C PREFETCH  ACCESS:     665077  HIT:     641595  MISS:      23482  HIT %:    96.4693  MISS %:    3.53072   MPKI: 0.11741
AGUS PREFETCH L1 MISS: 0
L2C DATA PREFETCH MPKI: 0.11741
L2C INSTRUCTION PREFETCH MPKI: 0
L2C WRITEBACK ACCESS:     955886  HIT:     955266  MISS:        620  HIT %:    99.9351  MISS %:  0.0648613   MPKI: 0.0031
L2C LOAD TRANSLATION ACCESS:     570197  HIT:     559913  MISS:      10284  HIT %:    98.1964  MISS %:    1.80359   MPKI: 0.05142
L2C PREFETCH  REQUESTED:    1583559  ISSUED:    1583559  USEFUL:      23065  USELESS:        407
L2C USEFUL LOAD PREFETCHES:      23065 PREFETCH ISSUED TO LOWER LEVEL:     892489  ACCURACY: 2.58435
L2C TIMELY PREFETCHES:      23065 LATE PREFETCHES: 1300 DROPPED PREFETCHES: 0
L2C PREFETCHES SAME FILL-ORIGIN LEVEL: 24782 DIFFERENT FILL-ORIGIN LEVEL: 867707
L2C AVERAGE MISS LATENCY:    80.4051 cycles AVERAGE LOAD MISS LATENCY:    79.2472 cycles Load Miss     250806
L2C Average MSHR Occupancy:  0.0768169
L2C RQ	ACCESS:   18458599	FORWARD:          0	MERGED:          0	TO_CACHE:   18458522
L2C WQ	ACCESS:     955886	FORWARD:         77	MERGED:          0	TO_CACHE:     955886
L2C PQ	ACCESS:    1583559	FORWARD:          0	MERGED:      39069	TO_CACHE:    1544490

L2C Instructions Evicting Data 25945
L2C Translations Evicting Data 8705
L2C Data Evicting Data 254856
L2C Instructions Evicting Instructions 4178
L2C Translations Evicting Instructions 1172
L2C Data Evicting Instructions 25596
L2C Instructions Evicting Translations 1160
L2C Translations Evicting Translations 407
L2C Data Evicting Translations 8679
L2C Dense regions hint from L2: 0
PSCL5 TOTAL     ACCESS:     450551  HIT:     450551  MISS:          0  HIT %:        100  MISS %:          0   MPKI: 0
PSCL5 LOAD TRANSLATION ACCESS:     450551  HIT:     450551  MISS:          0  HIT %:        100  MISS %:          0   MPKI: 0
PSCL5 PREFETCH  REQUESTED:          0  ISSUED:          0  USEFUL:          0  USELESS:          0
PSCL5 USEFUL LOAD PREFETCHES:          0 PREFETCH ISSUED TO LOWER LEVEL:          0  ACCURACY: -nan
PSCL5 TIMELY PREFETCHES:          0 LATE PREFETCHES: 0 DROPPED PREFETCHES: 0
PSCL5 PREFETCHES SAME FILL-ORIGIN LEVEL: 0 DIFFERENT FILL-ORIGIN LEVEL: 0

PSCL4 TOTAL     ACCESS:     419091  HIT:     417746  MISS:       1345  HIT %:    99.6791  MISS %:   0.320933   MPKI: 0.006725
PSCL4 LOAD TRANSLATION ACCESS:     419091  HIT:     417746  MISS:       1345  HIT %:    99.6791  MISS %:   0.320933   MPKI: 0.006725
PSCL4 PREFETCH  REQUESTED:          0  ISSUED:          0  USEFUL:          0  USELESS:          0
PSCL4 USEFUL LOAD PREFETCHES:          0 PREFETCH ISSUED TO LOWER LEVEL:          0  ACCURACY: -nan
PSCL4 TIMELY PREFETCHES:          0 LATE PREFETCHES: 0 DROPPED PREFETCHES: 0
PSCL4 PREFETCHES SAME FILL-ORIGIN LEVEL: 0 DIFFERENT FILL-ORIGIN LEVEL: 0

PSCL3 TOTAL     ACCESS:     446904  HIT:     443201  MISS:       3703  HIT %:    99.1714  MISS %:    0.82859   MPKI: 0.018515
PSCL3 LOAD TRANSLATION ACCESS:     446904  HIT:     443201  MISS:       3703  HIT %:    99.1714  MISS %:    0.82859   MPKI: 0.018515
PSCL3 PREFETCH  REQUESTED:          0  ISSUED:          0  USEFUL:          0  USELESS:          0
PSCL3 USEFUL LOAD PREFETCHES:          0 PREFETCH ISSUED TO LOWER LEVEL:          0  ACCURACY: -nan
PSCL3 TIMELY PREFETCHES:          0 LATE PREFETCHES: 0 DROPPED PREFETCHES: 0
PSCL3 PREFETCHES SAME FILL-ORIGIN LEVEL: 0 DIFFERENT FILL-ORIGIN LEVEL: 0

PSCL2 TOTAL     ACCESS:     450551  HIT:     335953  MISS:     114598  HIT %:    74.5649  MISS %:    25.4351   MPKI: 0.57299
PSCL2 LOAD TRANSLATION ACCESS:     450551  HIT:     335953  MISS:     114598  HIT %:    74.5649  MISS %:    25.4351   MPKI: 0.57299
PSCL2 PREFETCH  REQUESTED:          0  ISSUED:          0  USEFUL:          0  USELESS:          0
PSCL2 USEFUL LOAD PREFETCHES:          0 PREFETCH ISSUED TO LOWER LEVEL:          0  ACCURACY: -nan
PSCL2 TIMELY PREFETCHES:          0 LATE PREFETCHES: 0 DROPPED PREFETCHES: 0
PSCL2 PREFETCHES SAME FILL-ORIGIN LEVEL: 0 DIFFERENT FILL-ORIGIN LEVEL: 0

LLC TOTAL     ACCESS:    1388793  HIT:    1157482  MISS:     231311  HIT %:    83.3445  MISS %:    16.6555   MPKI: 1.15655
LLC LOAD      ACCESS:     249506  HIT:     198333  MISS:      51173  HIT %:    79.4903  MISS %:    20.5097   MPKI: 0.255865
LLC RFO       ACCESS:      46126  HIT:      28856  MISS:      17270  HIT %:    62.5591  MISS %:    37.4409   MPKI: 0.08635
LLC PREFETCH  ACCESS:     873872  HIT:     759533  MISS:     114339  HIT %:    86.9158  MISS %:    13.0842   MPKI: 0.571695
AGUS PREFETCH L1 MISS: 0
LLC WRITEBACK ACCESS:     209005  HIT:     164055  MISS:      44950  HIT %:    78.4933  MISS %:    21.5067   MPKI: 0.22475
LLC LOAD TRANSLATION ACCESS:      10284  HIT:       6705  MISS:       3579  HIT %:    65.1984  MISS %:    34.8016   MPKI: 0.017895
LLC PREFETCH  REQUESTED:          0  ISSUED:          0  USEFUL:      44578  USELESS:      36894
LLC USEFUL LOAD PREFETCHES:      44578 PREFETCH ISSUED TO LOWER LEVEL:     117239  ACCURACY: 38.0232
LLC TIMELY PREFETCHES:      44578 LATE PREFETCHES: 2900 DROPPED PREFETCHES: 0
LLC PREFETCHES SAME FILL-ORIGIN LEVEL: 116958 DIFFERENT FILL-ORIGIN LEVEL: 0
LLC AVERAGE MISS LATENCY:    134.095 cycles AVERAGE LOAD MISS LATENCY:    169.818 cycles Load Miss      51173
LLC Average MSHR Occupancy:  0.0898914
LLC RQ	ACCESS:     305916	FORWARD:          0	MERGED:          0	TO_CACHE:     305916
LLC WQ	ACCESS:     209005	FORWARD:          0	MERGED:          0	TO_CACHE:     209005
LLC PQ	ACCESS:     892489	FORWARD:          0	MERGED:       9672	TO_CACHE:     882817

LLC Dense regions hint to LLC: 0

RAW hits: 4521804
Loads Generated: 45483787
Loads sent to L1D: 40961978
Stores Generated: 20261401
Stores sent to L1D: 20261400
Major fault: 0 Minor fault: 5460
Allocated PAGES: 5460
 All Calls: 4222134
 Critical Calls: 4222134
------------------
Depth Distribution
------------------
depth 0: 0
depth 1: 2527220
depth 2: 378853
depth 3: 213690
depth 4: 88709
depth 5: 52733
depth 6: 12527
depth 7: 253
depth 8: 21
depth 9: 8
depth 10: 2
depth 11: 1
depth 12: 1
depth 13: 0
depth 14: 0
depth 15: 0
depth 16: 0
depth 17: 0
depth 18: 0
depth 19: 0
depth 20: 0
depth 21: 0
depth 22: 0
depth 23: 0
depth 24: 0
depth 25: 0
depth 26: 0
depth 27: 0
depth 28: 0
depth 29: 0
Total: 3274018
-----------------------------
-----------------------------
	Captured at Filter
-----------------------------
depth 0: 0
depth 1: 41842
depth 2: 13175
depth 3: 8366
depth 4: 5576
depth 5: 4188
depth 6: 1101
depth 7: 24
depth 8: 0
depth 9: 0
depth 10: 0
depth 11: 0
depth 12: 0
depth 13: 0
depth 14: 0
depth 15: 0
depth 16: 0
depth 17: 0
depth 18: 0
depth 19: 0
depth 20: 0
depth 21: 0
depth 22: 0
depth 23: 0
depth 24: 0
depth 25: 0
depth 26: 0
depth 27: 0
depth 28: 0
depth 29: 0
-----------------------------
-----------------------------
		Lost at Page
-----------------------------
depth 0: 0
depth 1: 211848
depth 2: 15462
depth 3: 12652
depth 4: 6123
depth 5: 4571
depth 6: 1441
depth 7: 51
depth 8: 4
depth 9: 0
depth 10: 0
depth 11: 0
depth 12: 0
depth 13: 0
depth 14: 0
depth 15: 0
depth 16: 0
depth 17: 0
depth 18: 0
depth 19: 0
depth 20: 0
depth 21: 0
depth 22: 0
depth 23: 0
depth 24: 0
depth 25: 0
depth 26: 0
depth 27: 0
depth 28: 0
depth 29: 0
-----------------------------
-----------------------------
	Lost due to PQ Size
-----------------------------
251498
-----------------------------
ST read accesses: 1453293
ST write accesses: 645161
PT read accesses: 21620283
PT write accesses: 1712694
FILTER read accesses: 4058346
FILTER write accesses: 423157
GHR read accesses: 5784456
GHR write accesses: 82977
GHR counter read accesses: 19150160
GHR counter write accesses: 2180050
ST tag read accesses: 1137091011
ST tag write accesses: 204880282
================ Mockingjay (LLC) Pollution Stats ================
Total pollution count in LLC: 43238
==================================================================

DRAM Statistics
 CHANNEL 0
 RQ ROW_BUFFER_HIT:      36170  ROW_BUFFER_MISS:     150191
 DBUS_CONGESTED:        160
 WQ ROW_BUFFER_HIT:       8486  ROW_BUFFER_MISS:      82025  FULL:          0

 AVG_CONGESTED_CYCLE: 4
 All warmup complete: 2
Channel 0 Bank busy for read cycles: 0
Channel 0 Bank busy for write cycles: 0
Channel 0
Rank 0
0banks busy for read cycles: 313220404
0banks busy for write cycles: 64206
1banks busy for read cycles: 16233176
1banks busy for write cycles: 9176428
2banks busy for read cycles: 2668387
2banks busy for write cycles: 1698668
3banks busy for read cycles: 542619
3banks busy for write cycles: 411315
4banks busy for read cycles: 167837
4banks busy for write cycles: 120393
5banks busy for read cycles: 53098
5banks busy for write cycles: 41542
6banks busy for read cycles: 19522
6banks busy for write cycles: 19477
7banks busy for read cycles: 7426
7banks busy for write cycles: 7137
8banks busy for read cycles: 4263
8banks busy for write cycles: 1712

CPU 0 Branch Prediction Accuracy: 99.7997% MPKI: 0.36097 Average ROB Occupancy at Mispredict: 64.5686
Branch types
NOT_BRANCH: 163957660 81.9788%
BRANCH_DIRECT_JUMP: 1939891 0.969945%
BRANCH_INDIRECT: 9774694 4.88735%
BRANCH_CONDITIONAL: 17590745 8.79537%
BRANCH_DIRECT_CALL: 2659457 1.32973%
BRANCH_INDIRECT_CALL: 693525 0.346762%
BRANCH_RETURN: 3383903 1.69195%
BRANCH_OTHER: 0 0%

===================== LRU L1D STATS =====================
Total pollution count in L1D: 0
=========================================================
================ SRRIP (L2C) Pollution Stats ================
Total pollution count in L2c: 462641
==================================================================
DRAM PAGES: 1048576
Allocated PAGES: 5460
