Initialize SIGNATURE TABLE
ST_SET: 1
ST_WAY: 256
ST_TAG_BIT: 16
ST_TAG_MASK: ffff

Initialize PATTERN TABLE
PT_SET: 512
PT_WAY: 4
SIG_DELTA_BIT: 7
C_SIG_BIT: 4
C_DELTA_BIT: 4

Initialize PREFETCH FILTER
FILTER_SET: 1024

*** ChampSim Multicore Out-of-Order Simulator ***

Warmup Instructions: 200000000
Simulation Instructions: 200000000
Number of CPUs: 1
LLC sets: 4096
LLC ways: 12
Off-chip DRAM Size: 4096 MB Channels: 1 Width: 64-bit Data Rate: 6400 MT/s
CPU 0 runs /home1/sweta/traces/qualcomm_traces/srv_42.champsimtrace.xz
.xz
BTB has LRU replacement policy
ITLB has LRU replacement policy
DTLB has LRU replacement policy
STLB has LRU replacement policy
L1I has LRU replacement policy
L1D has LRU replacement policy
ST_WAYS: 256
PT_SETS: 512
Initialize SRRIP state for L2C
Initialize Mockingjay state for LLC
Heartbeat CPU 0 instructions: 10000003 cycles: 2216158 heartbeat IPC: 4.51231 cumulative IPC: 4.51231 (Simulation time: 0 hr 0 min 24 sec) 
Heartbeat CPU 0 instructions: 20000003 cycles: 4429468 heartbeat IPC: 4.51812 cumulative IPC: 4.51522 (Simulation time: 0 hr 0 min 50 sec) 
Heartbeat CPU 0 instructions: 30000006 cycles: 6647209 heartbeat IPC: 4.50909 cumulative IPC: 4.51317 (Simulation time: 0 hr 1 min 15 sec) 
*** Reached end of trace for Core: 0 Repeating trace: /home1/sweta/traces/qualcomm_traces/srv_42.champsimtrace.xz
Heartbeat CPU 0 instructions: 40000003 cycles: 8860814 heartbeat IPC: 4.51752 cumulative IPC: 4.51426 (Simulation time: 0 hr 1 min 39 sec) 
Heartbeat CPU 0 instructions: 50000003 cycles: 11075153 heartbeat IPC: 4.51602 cumulative IPC: 4.51461 (Simulation time: 0 hr 2 min 4 sec) 
Heartbeat CPU 0 instructions: 60000002 cycles: 13289199 heartbeat IPC: 4.51662 cumulative IPC: 4.51495 (Simulation time: 0 hr 2 min 28 sec) 
*** Reached end of trace for Core: 0 Repeating trace: /home1/sweta/traces/qualcomm_traces/srv_42.champsimtrace.xz
Heartbeat CPU 0 instructions: 70000006 cycles: 15503138 heartbeat IPC: 4.51684 cumulative IPC: 4.51522 (Simulation time: 0 hr 2 min 52 sec) 
Heartbeat CPU 0 instructions: 80000002 cycles: 17718169 heartbeat IPC: 4.51461 cumulative IPC: 4.51514 (Simulation time: 0 hr 3 min 19 sec) 
Heartbeat CPU 0 instructions: 90000000 cycles: 19932306 heartbeat IPC: 4.51643 cumulative IPC: 4.51528 (Simulation time: 0 hr 3 min 44 sec) 
*** Reached end of trace for Core: 0 Repeating trace: /home1/sweta/traces/qualcomm_traces/srv_42.champsimtrace.xz
Heartbeat CPU 0 instructions: 100000003 cycles: 22146440 heartbeat IPC: 4.51644 cumulative IPC: 4.5154 (Simulation time: 0 hr 4 min 9 sec) 
Heartbeat CPU 0 instructions: 110000004 cycles: 24359331 heartbeat IPC: 4.51898 cumulative IPC: 4.51572 (Simulation time: 0 hr 4 min 34 sec) 
Heartbeat CPU 0 instructions: 120000006 cycles: 26574216 heartbeat IPC: 4.51491 cumulative IPC: 4.51566 (Simulation time: 0 hr 4 min 58 sec) 
*** Reached end of trace for Core: 0 Repeating trace: /home1/sweta/traces/qualcomm_traces/srv_42.champsimtrace.xz
Heartbeat CPU 0 instructions: 130000004 cycles: 28791326 heartbeat IPC: 4.51038 cumulative IPC: 4.51525 (Simulation time: 0 hr 5 min 23 sec) 
Heartbeat CPU 0 instructions: 140000002 cycles: 31004062 heartbeat IPC: 4.51929 cumulative IPC: 4.51554 (Simulation time: 0 hr 5 min 48 sec) 
Heartbeat CPU 0 instructions: 150000000 cycles: 33218589 heartbeat IPC: 4.51564 cumulative IPC: 4.51554 (Simulation time: 0 hr 6 min 12 sec) 
*** Reached end of trace for Core: 0 Repeating trace: /home1/sweta/traces/qualcomm_traces/srv_42.champsimtrace.xz
Heartbeat CPU 0 instructions: 160000000 cycles: 35432989 heartbeat IPC: 4.5159 cumulative IPC: 4.51557 (Simulation time: 0 hr 6 min 36 sec) 
Heartbeat CPU 0 instructions: 170000000 cycles: 37646456 heartbeat IPC: 4.5178 cumulative IPC: 4.5157 (Simulation time: 0 hr 7 min 0 sec) 
Heartbeat CPU 0 instructions: 180000000 cycles: 39862655 heartbeat IPC: 4.51223 cumulative IPC: 4.5155 (Simulation time: 0 hr 7 min 24 sec) 
*** Reached end of trace for Core: 0 Repeating trace: /home1/sweta/traces/qualcomm_traces/srv_42.champsimtrace.xz
Heartbeat CPU 0 instructions: 190000006 cycles: 42076158 heartbeat IPC: 4.51773 cumulative IPC: 4.51562 (Simulation time: 0 hr 7 min 47 sec) 
Heartbeat CPU 0 instructions: 200000001 cycles: 44289073 heartbeat IPC: 4.51892 cumulative IPC: 4.51579 (Simulation time: 0 hr 8 min 11 sec) 

Warmup complete CPU 0 instructions: 200000001 cycles: 44289073 (Simulation time: 0 hr 8 min 11 sec) 

Heartbeat CPU 0 instructions: 210000002 cycles: 70784153 heartbeat IPC: 0.377429 cumulative IPC: 0.377429 (Simulation time: 0 hr 8 min 40 sec) 
*** Reached end of trace for Core: 0 Repeating trace: /home1/sweta/traces/qualcomm_traces/srv_42.champsimtrace.xz
Heartbeat CPU 0 instructions: 220000007 cycles: 97215667 heartbeat IPC: 0.378336 cumulative IPC: 0.377882 (Simulation time: 0 hr 9 min 9 sec) 
Heartbeat CPU 0 instructions: 230000000 cycles: 123595062 heartbeat IPC: 0.379083 cumulative IPC: 0.378282 (Simulation time: 0 hr 9 min 38 sec) 
Heartbeat CPU 0 instructions: 240000001 cycles: 150009957 heartbeat IPC: 0.378574 cumulative IPC: 0.378355 (Simulation time: 0 hr 10 min 8 sec) 
*** Reached end of trace for Core: 0 Repeating trace: /home1/sweta/traces/qualcomm_traces/srv_42.champsimtrace.xz
Heartbeat CPU 0 instructions: 250000002 cycles: 176465806 heartbeat IPC: 0.377988 cumulative IPC: 0.378281 (Simulation time: 0 hr 10 min 37 sec) 
Heartbeat CPU 0 instructions: 260000000 cycles: 202913113 heartbeat IPC: 0.37811 cumulative IPC: 0.378253 (Simulation time: 0 hr 11 min 5 sec) 
Heartbeat CPU 0 instructions: 270000000 cycles: 229284266 heartbeat IPC: 0.379202 cumulative IPC: 0.378388 (Simulation time: 0 hr 11 min 34 sec) 
*** Reached end of trace for Core: 0 Repeating trace: /home1/sweta/traces/qualcomm_traces/srv_42.champsimtrace.xz
Heartbeat CPU 0 instructions: 280000001 cycles: 255684161 heartbeat IPC: 0.378789 cumulative IPC: 0.378438 (Simulation time: 0 hr 12 min 2 sec) 
Heartbeat CPU 0 instructions: 290000007 cycles: 282136778 heartbeat IPC: 0.378035 cumulative IPC: 0.378393 (Simulation time: 0 hr 12 min 31 sec) 
Heartbeat CPU 0 instructions: 300000001 cycles: 308555171 heartbeat IPC: 0.378524 cumulative IPC: 0.378406 (Simulation time: 0 hr 13 min 0 sec) 
Heartbeat CPU 0 instructions: 310000003 cycles: 334978224 heartbeat IPC: 0.378457 cumulative IPC: 0.378411 (Simulation time: 0 hr 13 min 28 sec) 
*** Reached end of trace for Core: 0 Repeating trace: /home1/sweta/traces/qualcomm_traces/srv_42.champsimtrace.xz
Heartbeat CPU 0 instructions: 320000007 cycles: 361359432 heartbeat IPC: 0.379058 cumulative IPC: 0.378465 (Simulation time: 0 hr 13 min 56 sec) 
Heartbeat CPU 0 instructions: 330000006 cycles: 387779850 heartbeat IPC: 0.378495 cumulative IPC: 0.378467 (Simulation time: 0 hr 14 min 24 sec) 
Heartbeat CPU 0 instructions: 340000000 cycles: 414260151 heartbeat IPC: 0.377639 cumulative IPC: 0.378408 (Simulation time: 0 hr 14 min 52 sec) 
*** Reached end of trace for Core: 0 Repeating trace: /home1/sweta/traces/qualcomm_traces/srv_42.champsimtrace.xz
Heartbeat CPU 0 instructions: 350000002 cycles: 440625983 heartbeat IPC: 0.379279 cumulative IPC: 0.378466 (Simulation time: 0 hr 15 min 20 sec) 
Heartbeat CPU 0 instructions: 360000000 cycles: 466997140 heartbeat IPC: 0.379202 cumulative IPC: 0.378512 (Simulation time: 0 hr 15 min 48 sec) 
Heartbeat CPU 0 instructions: 370000005 cycles: 493476457 heartbeat IPC: 0.377653 cumulative IPC: 0.378461 (Simulation time: 0 hr 16 min 16 sec) 
*** Reached end of trace for Core: 0 Repeating trace: /home1/sweta/traces/qualcomm_traces/srv_42.champsimtrace.xz
Heartbeat CPU 0 instructions: 380000007 cycles: 519830678 heartbeat IPC: 0.379446 cumulative IPC: 0.378516 (Simulation time: 0 hr 16 min 44 sec) 
Heartbeat CPU 0 instructions: 390000004 cycles: 546270067 heartbeat IPC: 0.378223 cumulative IPC: 0.3785 (Simulation time: 0 hr 17 min 12 sec) 
Heartbeat CPU 0 instructions: 400000000 cycles: 572691174 heartbeat IPC: 0.378485 cumulative IPC: 0.3785 (Simulation time: 0 hr 17 min 39 sec) 
Finished CPU 0 instructions: 200000003 cycles: 528402103 cumulative IPC: 0.3785 (Simulation time: 0 hr 17 min 39 sec) 

ChampSim completed all CPUs

Region of Interest Statistics

CPU 0 cumulative IPC: 0.3785 instructions: 200000003 cycles: 528402103
ITLB TOTAL     ACCESS:   26692286  HIT:   25043363  MISS:    1648923  HIT %:    93.8225  MISS %:    6.17753   MPKI: 8.24461
ITLB LOAD TRANSLATION ACCESS:   26692286  HIT:   25043363  MISS:    1648923  HIT %:    93.8225  MISS %:    6.17753   MPKI: 8.24461
ITLB PREFETCH  REQUESTED:          0  ISSUED:          0  USEFUL:          0  USELESS:          0
ITLB USEFUL LOAD PREFETCHES:          0 PREFETCH ISSUED TO LOWER LEVEL:          0  ACCURACY: -nan
ITLB TIMELY PREFETCHES:          0 LATE PREFETCHES: 0 DROPPED PREFETCHES: 0
ITLB PREFETCHES SAME FILL-ORIGIN LEVEL: 0 DIFFERENT FILL-ORIGIN LEVEL: 0
ITLB AVERAGE MISS LATENCY:    9.48714 cycles AVERAGE LOAD MISS LATENCY:       -nan cycles Load Miss          0
ITLB Average MSHR Occupancy:  0.0267639
ITLB RQ	ACCESS:   31253589	FORWARD:          0	MERGED:    3574794	TO_CACHE:   27678795

DTLB TOTAL     ACCESS:   41340089  HIT:   39525221  MISS:    1814868  HIT %:    95.6099  MISS %:    4.39009   MPKI: 9.07434
DTLB LOAD TRANSLATION ACCESS:   41340089  HIT:   39525221  MISS:    1814868  HIT %:    95.6099  MISS %:    4.39009   MPKI: 9.07434
DTLB PREFETCH  REQUESTED:          0  ISSUED:          0  USEFUL:          0  USELESS:          0
DTLB USEFUL LOAD PREFETCHES:          0 PREFETCH ISSUED TO LOWER LEVEL:          0  ACCURACY: -nan
DTLB TIMELY PREFETCHES:          0 LATE PREFETCHES: 0 DROPPED PREFETCHES: 0
DTLB PREFETCHES SAME FILL-ORIGIN LEVEL: 0 DIFFERENT FILL-ORIGIN LEVEL: 0
DTLB AVERAGE MISS LATENCY:    10.5488 cycles AVERAGE LOAD MISS LATENCY:       -nan cycles Load Miss          0
DTLB Average MSHR Occupancy:  0.0339537
DTLB RQ	ACCESS:   58623931	FORWARD:          0	MERGED:   17173704	TO_CACHE:   41450227

STLB TOTAL     ACCESS:    3463791  HIT:    3344817  MISS:     118974  HIT %:    96.5652  MISS %:    3.43479   MPKI: 0.59487
STLB LOAD TRANSLATION ACCESS:    3463791  HIT:    3344817  MISS:     118974  HIT %:    96.5652  MISS %:    3.43479   MPKI: 0.59487
STLB PREFETCH  REQUESTED:          0  ISSUED:          0  USEFUL:          0  USELESS:          0
STLB USEFUL LOAD PREFETCHES:          0 PREFETCH ISSUED TO LOWER LEVEL:          0  ACCURACY: -nan
STLB TIMELY PREFETCHES:          0 LATE PREFETCHES: 0 DROPPED PREFETCHES: 0
STLB PREFETCHES SAME FILL-ORIGIN LEVEL: 0 DIFFERENT FILL-ORIGIN LEVEL: 0
STLB AVERAGE MISS LATENCY:    29.8877 cycles AVERAGE LOAD MISS LATENCY:       -nan cycles Load Miss          0
STLB Average MSHR Occupancy: 0.00730493
STLB RQ	ACCESS:    3463791	FORWARD:          0	MERGED:          0	TO_CACHE:    3463791

STLB Hit, L1D data hit: 0
STLB Hit, L2C data hit: 0
STLB Hit, LLC data hit: 0
STLB Hit, LLC data miss: 0
STLB STLB hints to L2: 0
L1D TOTAL     ACCESS:   56723061  HIT:   52203326  MISS:    4519735  HIT %:    92.0319  MISS %:    7.96807   MPKI: 22.5987
L1D LOAD      ACCESS:   33069701  HIT:   29859675  MISS:    3210026  HIT %:    90.2932  MISS %:    9.70685   MPKI: 16.0501
L1D RFO       ACCESS:   23653360  HIT:   22343651  MISS:    1309709  HIT %:    94.4629  MISS %:    5.53709   MPKI: 6.54854
L1D PREFETCH  REQUESTED:          0  ISSUED:          0  USEFUL:          0  USELESS:          0
L1D USEFUL LOAD PREFETCHES:          0 PREFETCH ISSUED TO LOWER LEVEL:          0  ACCURACY: -nan
L1D TIMELY PREFETCHES:          0 LATE PREFETCHES: 0 DROPPED PREFETCHES: 0
L1D PREFETCHES SAME FILL-ORIGIN LEVEL: 0 DIFFERENT FILL-ORIGIN LEVEL: 0
L1D AVERAGE MISS LATENCY:    16.2872 cycles AVERAGE LOAD MISS LATENCY:    16.3075 cycles Load Miss    3210026
L1D Average MSHR Occupancy:   0.150679
L1D RQ	ACCESS:   45188319	FORWARD:          0	MERGED:   11898111	TO_CACHE:   33132950
L1D WQ	ACCESS:   25938630	FORWARD:     157258	MERGED:     447649	TO_CACHE:   25490981

L1D UNIQUE REGIONS ACCESSED: 0
L1D REGIONS CONFLICTS: 0
L1D Cross Page Prefetch Requests: 0
L1D Same Page Prefetch Requests: 0
L1D ROI Sum of L1D PQ occupancy: 0
L1D PREFETCHES PUSHED FROM L2C: 0
L1I TOTAL     ACCESS:   30683139  HIT:   12126178  MISS:   18556961  HIT %:    39.5207  MISS %:    60.4793   MPKI: 92.7848
L1I LOAD      ACCESS:   30683139  HIT:   12126178  MISS:   18556961  HIT %:    39.5207  MISS %:    60.4793   MPKI: 92.7848
L1I PREFETCH  REQUESTED:          0  ISSUED:          0  USEFUL:          0  USELESS:          0
L1I USEFUL LOAD PREFETCHES:          0 PREFETCH ISSUED TO LOWER LEVEL:          0  ACCURACY: -nan
L1I TIMELY PREFETCHES:          0 LATE PREFETCHES: 0 DROPPED PREFETCHES: 0
L1I PREFETCHES SAME FILL-ORIGIN LEVEL: 0 DIFFERENT FILL-ORIGIN LEVEL: 0
L1I AVERAGE MISS LATENCY:    14.1158 cycles AVERAGE LOAD MISS LATENCY:    14.1158 cycles Load Miss   18556961
L1I Average MSHR Occupancy:   0.487262
L1I RQ	ACCESS:   50986139	FORWARD:          0	MERGED:   19732550	TO_CACHE:   31253589

BTB TOTAL     ACCESS:   29849779  HIT:   19883079  MISS:    9966700  HIT %:    66.6105  MISS %:    33.3895   MPKI: 49.8335
BTB BRANCH_DIRECT_JUMP	ACCESS:    2604497  HIT:    1779219  MISS:     825278
BTB BRANCH_INDIRECT	ACCESS:   12506406  HIT:    8342476  MISS:    4163930
BTB BRANCH_CONDITIONAL	ACCESS:    6653752  HIT:    5758831  MISS:     894921
BTB BRANCH_DIRECT_CALL	ACCESS:    3088107  HIT:    1613315  MISS:    1474792
BTB BRANCH_INDIRECT_CALL	ACCESS:     954460  HIT:     670919  MISS:     283541
BTB BRANCH_RETURN	ACCESS:    4042557  HIT:    1718319  MISS:    2324238
BTB BRANCH_OTHER ACCESS:          0  HIT:          0  MISS:          0

L2C TOTAL     ACCESS:   26348621  HIT:   26258903  MISS:      89718  HIT %:    99.6595  MISS %:   0.340504   MPKI: 0.44859
L2C LOAD      ACCESS:   21766975  HIT:   21708395  MISS:      58580  HIT %:    99.7309  MISS %:   0.269123   MPKI: 0.2929
L2C DATA LOAD MPKI: 0.27654
L2C INSTRUCTION LOAD MPKI: 0.01636
L2C RFO       ACCESS:    1309704  HIT:    1283464  MISS:      26240  HIT %:    97.9965  MISS %:    2.00351   MPKI: 0.1312
L2C PREFETCH  ACCESS:     986660  HIT:     986608  MISS:         52  HIT %:    99.9947  MISS %: 0.00527031   MPKI: 0.00026
AGUS PREFETCH L1 MISS: 0
L2C DATA PREFETCH MPKI: 0.00026
L2C INSTRUCTION PREFETCH MPKI: 0
L2C WRITEBACK ACCESS:    2075974  HIT:    2075881  MISS:         93  HIT %:    99.9955  MISS %: 0.00447982   MPKI: 0.000465
L2C LOAD TRANSLATION ACCESS:     209308  HIT:     204555  MISS:       4753  HIT %:    97.7292  MISS %:    2.27082   MPKI: 0.023765
L2C PREFETCH  REQUESTED:    1693780  ISSUED:    1693780  USEFUL:          0  USELESS:         45
L2C USEFUL LOAD PREFETCHES:          0 PREFETCH ISSUED TO LOWER LEVEL:     701098  ACCURACY: 0
L2C TIMELY PREFETCHES:          0 LATE PREFETCHES: 0 DROPPED PREFETCHES: 0
L2C PREFETCHES SAME FILL-ORIGIN LEVEL: 52 DIFFERENT FILL-ORIGIN LEVEL: 701046
L2C AVERAGE MISS LATENCY:    65.7685 cycles AVERAGE LOAD MISS LATENCY:    69.3752 cycles Load Miss      58580
L2C Average MSHR Occupancy:  0.0110939
L2C RQ	ACCESS:   23286005	FORWARD:          0	MERGED:          0	TO_CACHE:   23285987
L2C WQ	ACCESS:    2075974	FORWARD:         47	MERGED:          0	TO_CACHE:    2075974
L2C PQ	ACCESS:    1693780	FORWARD:          0	MERGED:       5440	TO_CACHE:    1688311

L2C Instructions Evicting Data 2958
L2C Translations Evicting Data 4337
L2C Data Evicting Data 74424
L2C Instructions Evicting Instructions 165
L2C Translations Evicting Instructions 151
L2C Data Evicting Instructions 2836
L2C Instructions Evicting Translations 149
L2C Translations Evicting Translations 265
L2C Data Evicting Translations 4333
L2C Dense regions hint from L2: 0
PSCL5 TOTAL     ACCESS:     118974  HIT:     118974  MISS:          0  HIT %:        100  MISS %:          0   MPKI: 0
PSCL5 LOAD TRANSLATION ACCESS:     118974  HIT:     118974  MISS:          0  HIT %:        100  MISS %:          0   MPKI: 0
PSCL5 PREFETCH  REQUESTED:          0  ISSUED:          0  USEFUL:          0  USELESS:          0
PSCL5 USEFUL LOAD PREFETCHES:          0 PREFETCH ISSUED TO LOWER LEVEL:          0  ACCURACY: -nan
PSCL5 TIMELY PREFETCHES:          0 LATE PREFETCHES: 0 DROPPED PREFETCHES: 0
PSCL5 PREFETCHES SAME FILL-ORIGIN LEVEL: 0 DIFFERENT FILL-ORIGIN LEVEL: 0

PSCL4 TOTAL     ACCESS:     113528  HIT:     110053  MISS:       3475  HIT %:    96.9391  MISS %:    3.06092   MPKI: 0.017375
PSCL4 LOAD TRANSLATION ACCESS:     113528  HIT:     110053  MISS:       3475  HIT %:    96.9391  MISS %:    3.06092   MPKI: 0.017375
PSCL4 PREFETCH  REQUESTED:          0  ISSUED:          0  USEFUL:          0  USELESS:          0
PSCL4 USEFUL LOAD PREFETCHES:          0 PREFETCH ISSUED TO LOWER LEVEL:          0  ACCURACY: -nan
PSCL4 TIMELY PREFETCHES:          0 LATE PREFETCHES: 0 DROPPED PREFETCHES: 0
PSCL4 PREFETCHES SAME FILL-ORIGIN LEVEL: 0 DIFFERENT FILL-ORIGIN LEVEL: 0

PSCL3 TOTAL     ACCESS:     112615  HIT:      89189  MISS:      23426  HIT %:    79.1982  MISS %:    20.8018   MPKI: 0.11713
PSCL3 LOAD TRANSLATION ACCESS:     112615  HIT:      89189  MISS:      23426  HIT %:    79.1982  MISS %:    20.8018   MPKI: 0.11713
PSCL3 PREFETCH  REQUESTED:          0  ISSUED:          0  USEFUL:          0  USELESS:          0
PSCL3 USEFUL LOAD PREFETCHES:          0 PREFETCH ISSUED TO LOWER LEVEL:          0  ACCURACY: -nan
PSCL3 TIMELY PREFETCHES:          0 LATE PREFETCHES: 0 DROPPED PREFETCHES: 0
PSCL3 PREFETCHES SAME FILL-ORIGIN LEVEL: 0 DIFFERENT FILL-ORIGIN LEVEL: 0

PSCL2 TOTAL     ACCESS:     118974  HIT:      55541  MISS:      63433  HIT %:    46.6833  MISS %:    53.3167   MPKI: 0.317165
PSCL2 LOAD TRANSLATION ACCESS:     118974  HIT:      55541  MISS:      63433  HIT %:    46.6833  MISS %:    53.3167   MPKI: 0.317165
PSCL2 PREFETCH  REQUESTED:          0  ISSUED:          0  USEFUL:          0  USELESS:          0
PSCL2 USEFUL LOAD PREFETCHES:          0 PREFETCH ISSUED TO LOWER LEVEL:          0  ACCURACY: -nan
PSCL2 TIMELY PREFETCHES:          0 LATE PREFETCHES: 0 DROPPED PREFETCHES: 0
PSCL2 PREFETCHES SAME FILL-ORIGIN LEVEL: 0 DIFFERENT FILL-ORIGIN LEVEL: 0

LLC TOTAL     ACCESS:     837050  HIT:     800972  MISS:      36078  HIT %:    95.6899  MISS %:    4.31014   MPKI: 0.18039
LLC LOAD      ACCESS:      58580  HIT:      50079  MISS:       8501  HIT %:    85.4882  MISS %:    14.5118   MPKI: 0.042505
LLC RFO       ACCESS:      26239  HIT:      23986  MISS:       2253  HIT %:    91.4135  MISS %:    8.58646   MPKI: 0.011265
LLC PREFETCH  ACCESS:     700863  HIT:     678888  MISS:      21975  HIT %:    96.8646  MISS %:    3.13542   MPKI: 0.109875
AGUS PREFETCH L1 MISS: 0
LLC WRITEBACK ACCESS:      46615  HIT:      43696  MISS:       2919  HIT %:    93.7381  MISS %:    6.26193   MPKI: 0.014595
LLC LOAD TRANSLATION ACCESS:       4753  HIT:       4323  MISS:        430  HIT %:    90.9531  MISS %:    9.04692   MPKI: 0.00215
LLC PREFETCH  REQUESTED:          0  ISSUED:          0  USEFUL:        355  USELESS:       7332
LLC USEFUL LOAD PREFETCHES:        355 PREFETCH ISSUED TO LOWER LEVEL:      22057  ACCURACY: 1.60947
LLC TIMELY PREFETCHES:        355 LATE PREFETCHES: 82 DROPPED PREFETCHES: 0
LLC PREFETCHES SAME FILL-ORIGIN LEVEL: 22051 DIFFERENT FILL-ORIGIN LEVEL: 0
LLC AVERAGE MISS LATENCY:    160.121 cycles AVERAGE LOAD MISS LATENCY:    168.257 cycles Load Miss       8501
LLC Average MSHR Occupancy:  0.0108757
LLC RQ	ACCESS:      89573	FORWARD:          0	MERGED:          0	TO_CACHE:      89572
LLC WQ	ACCESS:      46615	FORWARD:          1	MERGED:          0	TO_CACHE:      46615
LLC PQ	ACCESS:     701098	FORWARD:          0	MERGED:        119	TO_CACHE:     700979

LLC Dense regions hint to LLC: 0

RAW hits: 4607731
Loads Generated: 49796047
Loads sent to L1D: 45188319
Stores Generated: 25938620
Stores sent to L1D: 25938630
Major fault: 0 Minor fault: 4280
Allocated PAGES: 4280
 All Calls: 6479771
 Critical Calls: 6479771
------------------
Depth Distribution
------------------
depth 0: 0
depth 1: 3363126
depth 2: 26354
depth 3: 328
depth 4: 0
depth 5: 0
depth 6: 0
depth 7: 0
depth 8: 0
depth 9: 0
depth 10: 0
depth 11: 0
depth 12: 0
depth 13: 0
depth 14: 0
depth 15: 0
depth 16: 0
depth 17: 0
depth 18: 0
depth 19: 0
depth 20: 0
depth 21: 0
depth 22: 0
depth 23: 0
depth 24: 0
depth 25: 0
depth 26: 0
depth 27: 0
depth 28: 0
depth 29: 0
Total: 3389808
-----------------------------
-----------------------------
	Captured at Filter
-----------------------------
depth 0: 0
depth 1: 44401
depth 2: 881
depth 3: 1
depth 4: 0
depth 5: 0
depth 6: 0
depth 7: 0
depth 8: 0
depth 9: 0
depth 10: 0
depth 11: 0
depth 12: 0
depth 13: 0
depth 14: 0
depth 15: 0
depth 16: 0
depth 17: 0
depth 18: 0
depth 19: 0
depth 20: 0
depth 21: 0
depth 22: 0
depth 23: 0
depth 24: 0
depth 25: 0
depth 26: 0
depth 27: 0
depth 28: 0
depth 29: 0
-----------------------------
-----------------------------
		Lost at Page
-----------------------------
depth 0: 0
depth 1: 495469
depth 2: 2720
depth 3: 128
depth 4: 0
depth 5: 0
depth 6: 0
depth 7: 0
depth 8: 0
depth 9: 0
depth 10: 0
depth 11: 0
depth 12: 0
depth 13: 0
depth 14: 0
depth 15: 0
depth 16: 0
depth 17: 0
depth 18: 0
depth 19: 0
depth 20: 0
depth 21: 0
depth 22: 0
depth 23: 0
depth 24: 0
depth 25: 0
depth 26: 0
depth 27: 0
depth 28: 0
depth 29: 0
-----------------------------
-----------------------------
	Lost due to PQ Size
-----------------------------
35200
-----------------------------
ST read accesses: 2586026
ST write accesses: 623987
PT read accesses: 31114925
PT write accesses: 3309272
FILTER read accesses: 5015762
FILTER write accesses: 98174
GHR read accesses: 6978442
GHR write accesses: 254076
GHR counter read accesses: 26015162
GHR counter write accesses: 3210877
ST tag read accesses: 1538499072
ST tag write accesses: 242689752
================ Mockingjay (LLC) Pollution Stats ================
Total pollution count in LLC: 3941
==================================================================

DRAM Statistics
 CHANNEL 0
 RQ ROW_BUFFER_HIT:       3836  ROW_BUFFER_MISS:      29323
 DBUS_CONGESTED:          2
 WQ ROW_BUFFER_HIT:        540  ROW_BUFFER_MISS:       5308  FULL:          0

 AVG_CONGESTED_CYCLE: 4
 All warmup complete: 2
Channel 0 Bank busy for read cycles: 0
Channel 0 Bank busy for write cycles: 0
Channel 0
Rank 0
0banks busy for read cycles: 523297800
0banks busy for write cycles: 5304
1banks busy for read cycles: 3911131
1banks busy for write cycles: 809293
2banks busy for read cycles: 299117
2banks busy for write cycles: 48872
3banks busy for read cycles: 22906
3banks busy for write cycles: 3571
4banks busy for read cycles: 2683
4banks busy for write cycles: 711
5banks busy for read cycles: 279
5banks busy for write cycles: 284
6banks busy for read cycles: 8
6banks busy for write cycles: 145
7banks busy for read cycles: 0
7banks busy for write cycles: 0
8banks busy for read cycles: 0
8banks busy for write cycles: 0

CPU 0 Branch Prediction Accuracy: 99.8405% MPKI: 0.28344 Average ROB Occupancy at Mispredict: 72.0954
Branch types
NOT_BRANCH: 164463028 82.2315%
BRANCH_DIRECT_JUMP: 2604497 1.30225%
BRANCH_INDIRECT: 12506406 6.2532%
BRANCH_CONDITIONAL: 12341204 6.1706%
BRANCH_DIRECT_CALL: 3088107 1.54405%
BRANCH_INDIRECT_CALL: 954460 0.47723%
BRANCH_RETURN: 4042557 2.02128%
BRANCH_OTHER: 0 0%

===================== LRU L1D STATS =====================
Total pollution count in L1D: 0
=========================================================
================ SRRIP (L2C) Pollution Stats ================
Total pollution count in L2c: 112172
==================================================================
DRAM PAGES: 1048576
Allocated PAGES: 4280
