Initialize SIGNATURE TABLE
ST_SET: 1
ST_WAY: 256
ST_TAG_BIT: 16
ST_TAG_MASK: ffff

Initialize PATTERN TABLE
PT_SET: 512
PT_WAY: 4
SIG_DELTA_BIT: 7
C_SIG_BIT: 4
C_DELTA_BIT: 4

Initialize PREFETCH FILTER
FILTER_SET: 1024

*** ChampSim Multicore Out-of-Order Simulator ***

Warmup Instructions: 200000000
Simulation Instructions: 200000000
Number of CPUs: 1
LLC sets: 4096
LLC ways: 12
Off-chip DRAM Size: 4096 MB Channels: 1 Width: 64-bit Data Rate: 6400 MT/s
CPU 0 runs /home1/sweta/traces/qualcomm_traces/srv_18.champsimtrace.xz
.xz
BTB has LRU replacement policy
ITLB has LRU replacement policy
DTLB has LRU replacement policy
STLB has LRU replacement policy
L1I has LRU replacement policy
L1D has LRU replacement policy
ST_WAYS: 256
PT_SETS: 512
Initialize SRRIP state for L2C
Initialize Mockingjay state for LLC
Heartbeat CPU 0 instructions: 10000007 cycles: 2078226 heartbeat IPC: 4.8118 cumulative IPC: 4.8118 (Simulation time: 0 hr 0 min 18 sec) 
Heartbeat CPU 0 instructions: 20000002 cycles: 4155041 heartbeat IPC: 4.81506 cumulative IPC: 4.81343 (Simulation time: 0 hr 0 min 35 sec) 
Heartbeat CPU 0 instructions: 30000005 cycles: 6233389 heartbeat IPC: 4.81152 cumulative IPC: 4.81279 (Simulation time: 0 hr 0 min 52 sec) 
*** Reached end of trace for Core: 0 Repeating trace: /home1/sweta/traces/qualcomm_traces/srv_18.champsimtrace.xz
Heartbeat CPU 0 instructions: 40000000 cycles: 8308712 heartbeat IPC: 4.81852 cumulative IPC: 4.81422 (Simulation time: 0 hr 1 min 10 sec) 
Heartbeat CPU 0 instructions: 50000007 cycles: 10382936 heartbeat IPC: 4.82108 cumulative IPC: 4.81559 (Simulation time: 0 hr 1 min 27 sec) 
Heartbeat CPU 0 instructions: 60000004 cycles: 12459732 heartbeat IPC: 4.81511 cumulative IPC: 4.81551 (Simulation time: 0 hr 1 min 45 sec) 
*** Reached end of trace for Core: 0 Repeating trace: /home1/sweta/traces/qualcomm_traces/srv_18.champsimtrace.xz
Heartbeat CPU 0 instructions: 70000005 cycles: 14535023 heartbeat IPC: 4.8186 cumulative IPC: 4.81595 (Simulation time: 0 hr 2 min 3 sec) 
Heartbeat CPU 0 instructions: 80000000 cycles: 16609213 heartbeat IPC: 4.82116 cumulative IPC: 4.8166 (Simulation time: 0 hr 2 min 25 sec) 
Heartbeat CPU 0 instructions: 90000000 cycles: 18685935 heartbeat IPC: 4.81528 cumulative IPC: 4.81646 (Simulation time: 0 hr 2 min 47 sec) 
*** Reached end of trace for Core: 0 Repeating trace: /home1/sweta/traces/qualcomm_traces/srv_18.champsimtrace.xz
Heartbeat CPU 0 instructions: 100000001 cycles: 20760872 heartbeat IPC: 4.81942 cumulative IPC: 4.81675 (Simulation time: 0 hr 3 min 7 sec) 
Heartbeat CPU 0 instructions: 110000001 cycles: 22835423 heartbeat IPC: 4.82032 cumulative IPC: 4.81708 (Simulation time: 0 hr 3 min 28 sec) 
Heartbeat CPU 0 instructions: 120000000 cycles: 24911729 heartbeat IPC: 4.81625 cumulative IPC: 4.81701 (Simulation time: 0 hr 3 min 49 sec) 
*** Reached end of trace for Core: 0 Repeating trace: /home1/sweta/traces/qualcomm_traces/srv_18.champsimtrace.xz
Heartbeat CPU 0 instructions: 130000001 cycles: 26986238 heartbeat IPC: 4.82042 cumulative IPC: 4.81727 (Simulation time: 0 hr 4 min 9 sec) 
Heartbeat CPU 0 instructions: 140000007 cycles: 29061877 heartbeat IPC: 4.8178 cumulative IPC: 4.81731 (Simulation time: 0 hr 4 min 30 sec) 
Heartbeat CPU 0 instructions: 150000003 cycles: 31138427 heartbeat IPC: 4.81568 cumulative IPC: 4.8172 (Simulation time: 0 hr 4 min 51 sec) 
*** Reached end of trace for Core: 0 Repeating trace: /home1/sweta/traces/qualcomm_traces/srv_18.champsimtrace.xz
Heartbeat CPU 0 instructions: 160000003 cycles: 33212737 heartbeat IPC: 4.82088 cumulative IPC: 4.81743 (Simulation time: 0 hr 5 min 11 sec) 
Heartbeat CPU 0 instructions: 170000003 cycles: 35288411 heartbeat IPC: 4.81771 cumulative IPC: 4.81745 (Simulation time: 0 hr 5 min 31 sec) 
Heartbeat CPU 0 instructions: 180000000 cycles: 37364883 heartbeat IPC: 4.81586 cumulative IPC: 4.81736 (Simulation time: 0 hr 5 min 54 sec) 
*** Reached end of trace for Core: 0 Repeating trace: /home1/sweta/traces/qualcomm_traces/srv_18.champsimtrace.xz
Heartbeat CPU 0 instructions: 190000004 cycles: 39439108 heartbeat IPC: 4.82108 cumulative IPC: 4.81755 (Simulation time: 0 hr 6 min 18 sec) 
Heartbeat CPU 0 instructions: 200000002 cycles: 41515019 heartbeat IPC: 4.81716 cumulative IPC: 4.81753 (Simulation time: 0 hr 6 min 42 sec) 

Warmup complete CPU 0 instructions: 200000002 cycles: 41515019 (Simulation time: 0 hr 6 min 42 sec) 

Heartbeat CPU 0 instructions: 210000004 cycles: 72177423 heartbeat IPC: 0.326132 cumulative IPC: 0.326132 (Simulation time: 0 hr 7 min 14 sec) 
*** Reached end of trace for Core: 0 Repeating trace: /home1/sweta/traces/qualcomm_traces/srv_18.champsimtrace.xz
Heartbeat CPU 0 instructions: 220000007 cycles: 102165022 heartbeat IPC: 0.333471 cumulative IPC: 0.329761 (Simulation time: 0 hr 7 min 45 sec) 
Heartbeat CPU 0 instructions: 230000007 cycles: 132002895 heartbeat IPC: 0.335145 cumulative IPC: 0.331536 (Simulation time: 0 hr 8 min 17 sec) 
Heartbeat CPU 0 instructions: 240000001 cycles: 162507146 heartbeat IPC: 0.327823 cumulative IPC: 0.3306 (Simulation time: 0 hr 8 min 49 sec) 
*** Reached end of trace for Core: 0 Repeating trace: /home1/sweta/traces/qualcomm_traces/srv_18.champsimtrace.xz
Heartbeat CPU 0 instructions: 250000005 cycles: 192578929 heartbeat IPC: 0.332538 cumulative IPC: 0.330986 (Simulation time: 0 hr 9 min 20 sec) 
Heartbeat CPU 0 instructions: 260000006 cycles: 222375277 heartbeat IPC: 0.335612 cumulative IPC: 0.331748 (Simulation time: 0 hr 9 min 51 sec) 
Heartbeat CPU 0 instructions: 270000000 cycles: 252815047 heartbeat IPC: 0.328517 cumulative IPC: 0.331282 (Simulation time: 0 hr 10 min 22 sec) 
Heartbeat CPU 0 instructions: 280000001 cycles: 282959242 heartbeat IPC: 0.331739 cumulative IPC: 0.331339 (Simulation time: 0 hr 10 min 53 sec) 
*** Reached end of trace for Core: 0 Repeating trace: /home1/sweta/traces/qualcomm_traces/srv_18.champsimtrace.xz
Heartbeat CPU 0 instructions: 290000001 cycles: 312841121 heartbeat IPC: 0.334651 cumulative IPC: 0.331704 (Simulation time: 0 hr 11 min 26 sec) 
Heartbeat CPU 0 instructions: 300000001 cycles: 343081016 heartbeat IPC: 0.330689 cumulative IPC: 0.331602 (Simulation time: 0 hr 11 min 57 sec) 
Heartbeat CPU 0 instructions: 310000006 cycles: 373391166 heartbeat IPC: 0.329923 cumulative IPC: 0.331449 (Simulation time: 0 hr 12 min 27 sec) 
*** Reached end of trace for Core: 0 Repeating trace: /home1/sweta/traces/qualcomm_traces/srv_18.champsimtrace.xz
Heartbeat CPU 0 instructions: 320000000 cycles: 403181078 heartbeat IPC: 0.335684 cumulative IPC: 0.331798 (Simulation time: 0 hr 12 min 59 sec) 
Heartbeat CPU 0 instructions: 330000004 cycles: 433334886 heartbeat IPC: 0.331633 cumulative IPC: 0.331785 (Simulation time: 0 hr 13 min 30 sec) 
Heartbeat CPU 0 instructions: 340000000 cycles: 463780179 heartbeat IPC: 0.328458 cumulative IPC: 0.331545 (Simulation time: 0 hr 14 min 1 sec) 
*** Reached end of trace for Core: 0 Repeating trace: /home1/sweta/traces/qualcomm_traces/srv_18.champsimtrace.xz
Heartbeat CPU 0 instructions: 350000000 cycles: 493611364 heartbeat IPC: 0.33522 cumulative IPC: 0.331788 (Simulation time: 0 hr 14 min 35 sec) 
Heartbeat CPU 0 instructions: 360000000 cycles: 523645192 heartbeat IPC: 0.332958 cumulative IPC: 0.331861 (Simulation time: 0 hr 15 min 6 sec) 
Heartbeat CPU 0 instructions: 370000004 cycles: 554130985 heartbeat IPC: 0.328022 cumulative IPC: 0.331632 (Simulation time: 0 hr 15 min 41 sec) 
*** Reached end of trace for Core: 0 Repeating trace: /home1/sweta/traces/qualcomm_traces/srv_18.champsimtrace.xz
Heartbeat CPU 0 instructions: 380000001 cycles: 583919516 heartbeat IPC: 0.3357 cumulative IPC: 0.331856 (Simulation time: 0 hr 16 min 12 sec) 
Heartbeat CPU 0 instructions: 390000002 cycles: 613944840 heartbeat IPC: 0.333052 cumulative IPC: 0.331918 (Simulation time: 0 hr 16 min 44 sec) 
Heartbeat CPU 0 instructions: 400000001 cycles: 644346290 heartbeat IPC: 0.328932 cumulative IPC: 0.331768 (Simulation time: 0 hr 17 min 15 sec) 
Finished CPU 0 instructions: 200000001 cycles: 602831272 cumulative IPC: 0.331768 (Simulation time: 0 hr 17 min 15 sec) 

ChampSim completed all CPUs

Region of Interest Statistics

CPU 0 cumulative IPC: 0.331768 instructions: 200000001 cycles: 602831272
ITLB TOTAL     ACCESS:   26325319  HIT:   24136878  MISS:    2188441  HIT %:    91.6869  MISS %:    8.31307   MPKI: 10.9422
ITLB LOAD TRANSLATION ACCESS:   26325319  HIT:   24136878  MISS:    2188441  HIT %:    91.6869  MISS %:    8.31307   MPKI: 10.9422
ITLB PREFETCH  REQUESTED:          0  ISSUED:          0  USEFUL:          0  USELESS:          0
ITLB USEFUL LOAD PREFETCHES:          0 PREFETCH ISSUED TO LOWER LEVEL:          0  ACCURACY: -nan
ITLB TIMELY PREFETCHES:          0 LATE PREFETCHES: 0 DROPPED PREFETCHES: 0
ITLB PREFETCHES SAME FILL-ORIGIN LEVEL: 0 DIFFERENT FILL-ORIGIN LEVEL: 0
ITLB AVERAGE MISS LATENCY:    9.09436 cycles AVERAGE LOAD MISS LATENCY:       -nan cycles Load Miss          0
ITLB Average MSHR Occupancy:  0.0294807
ITLB RQ	ACCESS:   31801547	FORWARD:          0	MERGED:    4233389	TO_CACHE:   27568158

DTLB TOTAL     ACCESS:   40267383  HIT:   38201422  MISS:    2065961  HIT %:    94.8694  MISS %:    5.13061   MPKI: 10.3298
DTLB LOAD TRANSLATION ACCESS:   40267383  HIT:   38201422  MISS:    2065961  HIT %:    94.8694  MISS %:    5.13061   MPKI: 10.3298
DTLB PREFETCH  REQUESTED:          0  ISSUED:          0  USEFUL:          0  USELESS:          0
DTLB USEFUL LOAD PREFETCHES:          0 PREFETCH ISSUED TO LOWER LEVEL:          0  ACCURACY: -nan
DTLB TIMELY PREFETCHES:          0 LATE PREFETCHES: 0 DROPPED PREFETCHES: 0
DTLB PREFETCHES SAME FILL-ORIGIN LEVEL: 0 DIFFERENT FILL-ORIGIN LEVEL: 0
DTLB AVERAGE MISS LATENCY:    9.67475 cycles AVERAGE LOAD MISS LATENCY:       -nan cycles Load Miss          0
DTLB Average MSHR Occupancy:  0.0304417
DTLB RQ	ACCESS:   56642747	FORWARD:          0	MERGED:   16315042	TO_CACHE:   40327705

STLB TOTAL     ACCESS:    4254402  HIT:    4199259  MISS:      55143  HIT %:    98.7039  MISS %:    1.29614   MPKI: 0.275715
STLB LOAD TRANSLATION ACCESS:    4254402  HIT:    4199259  MISS:      55143  HIT %:    98.7039  MISS %:    1.29614   MPKI: 0.275715
STLB PREFETCH  REQUESTED:          0  ISSUED:          0  USEFUL:          0  USELESS:          0
STLB USEFUL LOAD PREFETCHES:          0 PREFETCH ISSUED TO LOWER LEVEL:          0  ACCURACY: -nan
STLB TIMELY PREFETCHES:          0 LATE PREFETCHES: 0 DROPPED PREFETCHES: 0
STLB PREFETCHES SAME FILL-ORIGIN LEVEL: 0 DIFFERENT FILL-ORIGIN LEVEL: 0
STLB AVERAGE MISS LATENCY:    28.1391 cycles AVERAGE LOAD MISS LATENCY:       -nan cycles Load Miss          0
STLB Average MSHR Occupancy: 0.00277804
STLB RQ	ACCESS:    4254402	FORWARD:          0	MERGED:          0	TO_CACHE:    4254402

STLB Hit, L1D data hit: 0
STLB Hit, L2C data hit: 0
STLB Hit, LLC data hit: 0
STLB Hit, LLC data miss: 0
STLB STLB hints to L2: 0
L1D TOTAL     ACCESS:   54788730  HIT:   49070592  MISS:    5718138  HIT %:    89.5633  MISS %:    10.4367   MPKI: 28.5907
L1D LOAD      ACCESS:   30676479  HIT:   26161848  MISS:    4514631  HIT %:    85.2831  MISS %:    14.7169   MPKI: 22.5732
L1D RFO       ACCESS:   24112251  HIT:   22908744  MISS:    1203507  HIT %:    95.0087  MISS %:    4.99127   MPKI: 6.01753
L1D PREFETCH  REQUESTED:          0  ISSUED:          0  USEFUL:          0  USELESS:          0
L1D USEFUL LOAD PREFETCHES:          0 PREFETCH ISSUED TO LOWER LEVEL:          0  ACCURACY: -nan
L1D TIMELY PREFETCHES:          0 LATE PREFETCHES: 0 DROPPED PREFETCHES: 0
L1D PREFETCHES SAME FILL-ORIGIN LEVEL: 0 DIFFERENT FILL-ORIGIN LEVEL: 0
L1D AVERAGE MISS LATENCY:    15.4946 cycles AVERAGE LOAD MISS LATENCY:    15.5848 cycles Load Miss    4514631
L1D Average MSHR Occupancy:    0.15806
L1D RQ	ACCESS:   43665000	FORWARD:          0	MERGED:   12765421	TO_CACHE:   30755731
L1D WQ	ACCESS:   26158673	FORWARD:     143848	MERGED:     271657	TO_CACHE:   25887016

L1D UNIQUE REGIONS ACCESSED: 0
L1D REGIONS CONFLICTS: 0
L1D Cross Page Prefetch Requests: 0
L1D Same Page Prefetch Requests: 0
L1D ROI Sum of L1D PQ occupancy: 0
L1D PREFETCHES PUSHED FROM L2C: 0
L1I TOTAL     ACCESS:   31493750  HIT:   10215972  MISS:   21277778  HIT %:    32.4381  MISS %:    67.5619   MPKI: 106.389
L1I LOAD      ACCESS:   31493750  HIT:   10215972  MISS:   21277778  HIT %:    32.4381  MISS %:    67.5619   MPKI: 106.389
L1I PREFETCH  REQUESTED:          0  ISSUED:          0  USEFUL:          0  USELESS:          0
L1I USEFUL LOAD PREFETCHES:          0 PREFETCH ISSUED TO LOWER LEVEL:          0  ACCURACY: -nan
L1I TIMELY PREFETCHES:          0 LATE PREFETCHES: 0 DROPPED PREFETCHES: 0
L1I PREFETCHES SAME FILL-ORIGIN LEVEL: 0 DIFFERENT FILL-ORIGIN LEVEL: 0
L1I AVERAGE MISS LATENCY:    14.1353 cycles AVERAGE LOAD MISS LATENCY:    14.1353 cycles Load Miss   21277778
L1I Average MSHR Occupancy:    0.49179
L1I RQ	ACCESS:   50897611	FORWARD:          0	MERGED:   19096064	TO_CACHE:   31801547

BTB TOTAL     ACCESS:   30556930  HIT:   18194958  MISS:   12361972  HIT %:    59.5445  MISS %:    40.4555   MPKI: 61.8099
BTB BRANCH_DIRECT_JUMP	ACCESS:    2019194  HIT:    1215037  MISS:     804157
BTB BRANCH_INDIRECT	ACCESS:   11898827  HIT:    7117330  MISS:    4781497
BTB BRANCH_CONDITIONAL	ACCESS:    7689953  HIT:    6427272  MISS:    1262681
BTB BRANCH_DIRECT_CALL	ACCESS:    3773051  HIT:    1770034  MISS:    2003017
BTB BRANCH_INDIRECT_CALL	ACCESS:     701453  HIT:     340710  MISS:     360743
BTB BRANCH_RETURN	ACCESS:    4474452  HIT:    1324575  MISS:    3149877
BTB BRANCH_OTHER ACCESS:          0  HIT:          0  MISS:          0

L2C TOTAL     ACCESS:   33084797  HIT:   33038308  MISS:      46489  HIT %:    99.8595  MISS %:   0.140515   MPKI: 0.232445
L2C LOAD      ACCESS:   25792409  HIT:   25752182  MISS:      40227  HIT %:     99.844  MISS %:   0.155964   MPKI: 0.201135
L2C DATA LOAD MPKI: 0.19744
L2C INSTRUCTION LOAD MPKI: 0.003695
L2C RFO       ACCESS:    1203507  HIT:    1201451  MISS:       2056  HIT %:    99.8292  MISS %:   0.170834   MPKI: 0.01028
L2C PREFETCH  ACCESS:    3707428  HIT:    3706402  MISS:       1026  HIT %:    99.9723  MISS %:  0.0276742   MPKI: 0.00513
AGUS PREFETCH L1 MISS: 0
L2C DATA PREFETCH MPKI: 0.00513
L2C INSTRUCTION PREFETCH MPKI: 0
L2C WRITEBACK ACCESS:    2297528  HIT:    2297525  MISS:          3  HIT %:    99.9999  MISS %: 0.000130575   MPKI: 1.5e-05
L2C LOAD TRANSLATION ACCESS:      83925  HIT:      80748  MISS:       3177  HIT %:    96.2145  MISS %:    3.78552   MPKI: 0.015885
L2C PREFETCH  REQUESTED:    6232790  ISSUED:    6232790  USEFUL:        143  USELESS:        405
L2C USEFUL LOAD PREFETCHES:        143 PREFETCH ISSUED TO LOWER LEVEL:    1667291  ACCURACY: 0.00857679
L2C TIMELY PREFETCHES:        143 LATE PREFETCHES: 354 DROPPED PREFETCHES: 0
L2C PREFETCHES SAME FILL-ORIGIN LEVEL: 1380 DIFFERENT FILL-ORIGIN LEVEL: 1665911
L2C AVERAGE MISS LATENCY:    59.6651 cycles AVERAGE LOAD MISS LATENCY:    60.0841 cycles Load Miss      40227
L2C Average MSHR Occupancy:   0.004593
L2C RQ	ACCESS:   27079841	FORWARD:          0	MERGED:          0	TO_CACHE:   27079841
L2C WQ	ACCESS:    2297528	FORWARD:          0	MERGED:          0	TO_CACHE:    2297528
L2C PQ	ACCESS:    6232790	FORWARD:          0	MERGED:     855241	TO_CACHE:    5377549

L2C Instructions Evicting Data 661
L2C Translations Evicting Data 2871
L2C Data Evicting Data 38840
L2C Instructions Evicting Instructions 25
L2C Translations Evicting Instructions 54
L2C Data Evicting Instructions 597
L2C Instructions Evicting Translations 53
L2C Translations Evicting Translations 252
L2C Data Evicting Translations 2832
L2C Dense regions hint from L2: 0
PSCL5 TOTAL     ACCESS:      55143  HIT:      55143  MISS:          0  HIT %:        100  MISS %:          0   MPKI: 0
PSCL5 LOAD TRANSLATION ACCESS:      55143  HIT:      55143  MISS:          0  HIT %:        100  MISS %:          0   MPKI: 0
PSCL5 PREFETCH  REQUESTED:          0  ISSUED:          0  USEFUL:          0  USELESS:          0
PSCL5 USEFUL LOAD PREFETCHES:          0 PREFETCH ISSUED TO LOWER LEVEL:          0  ACCURACY: -nan
PSCL5 TIMELY PREFETCHES:          0 LATE PREFETCHES: 0 DROPPED PREFETCHES: 0
PSCL5 PREFETCHES SAME FILL-ORIGIN LEVEL: 0 DIFFERENT FILL-ORIGIN LEVEL: 0

PSCL4 TOTAL     ACCESS:      52758  HIT:      52060  MISS:        698  HIT %:     98.677  MISS %:    1.32302   MPKI: 0.00349
PSCL4 LOAD TRANSLATION ACCESS:      52758  HIT:      52060  MISS:        698  HIT %:     98.677  MISS %:    1.32302   MPKI: 0.00349
PSCL4 PREFETCH  REQUESTED:          0  ISSUED:          0  USEFUL:          0  USELESS:          0
PSCL4 USEFUL LOAD PREFETCHES:          0 PREFETCH ISSUED TO LOWER LEVEL:          0  ACCURACY: -nan
PSCL4 TIMELY PREFETCHES:          0 LATE PREFETCHES: 0 DROPPED PREFETCHES: 0
PSCL4 PREFETCHES SAME FILL-ORIGIN LEVEL: 0 DIFFERENT FILL-ORIGIN LEVEL: 0

PSCL3 TOTAL     ACCESS:      55025  HIT:      54327  MISS:        698  HIT %:    98.7315  MISS %:    1.26851   MPKI: 0.00349
PSCL3 LOAD TRANSLATION ACCESS:      55025  HIT:      54327  MISS:        698  HIT %:    98.7315  MISS %:    1.26851   MPKI: 0.00349
PSCL3 PREFETCH  REQUESTED:          0  ISSUED:          0  USEFUL:          0  USELESS:          0
PSCL3 USEFUL LOAD PREFETCHES:          0 PREFETCH ISSUED TO LOWER LEVEL:          0  ACCURACY: -nan
PSCL3 TIMELY PREFETCHES:          0 LATE PREFETCHES: 0 DROPPED PREFETCHES: 0
PSCL3 PREFETCHES SAME FILL-ORIGIN LEVEL: 0 DIFFERENT FILL-ORIGIN LEVEL: 0

PSCL2 TOTAL     ACCESS:      55143  HIT:      27757  MISS:      27386  HIT %:    50.3364  MISS %:    49.6636   MPKI: 0.13693
PSCL2 LOAD TRANSLATION ACCESS:      55143  HIT:      27757  MISS:      27386  HIT %:    50.3364  MISS %:    49.6636   MPKI: 0.13693
PSCL2 PREFETCH  REQUESTED:          0  ISSUED:          0  USEFUL:          0  USELESS:          0
PSCL2 USEFUL LOAD PREFETCHES:          0 PREFETCH ISSUED TO LOWER LEVEL:          0  ACCURACY: -nan
PSCL2 TIMELY PREFETCHES:          0 LATE PREFETCHES: 0 DROPPED PREFETCHES: 0
PSCL2 PREFETCHES SAME FILL-ORIGIN LEVEL: 0 DIFFERENT FILL-ORIGIN LEVEL: 0

LLC TOTAL     ACCESS:    1690963  HIT:    1668072  MISS:      22891  HIT %:    98.6463  MISS %:    1.35373   MPKI: 0.114455
LLC LOAD      ACCESS:      39873  HIT:      35415  MISS:       4458  HIT %:    88.8195  MISS %:    11.1805   MPKI: 0.02229
LLC RFO       ACCESS:       2056  HIT:       1911  MISS:        145  HIT %:    92.9475  MISS %:    7.05253   MPKI: 0.000725
LLC PREFETCH  ACCESS:    1643751  HIT:    1625948  MISS:      17803  HIT %:    98.9169  MISS %:    1.08307   MPKI: 0.089015
AGUS PREFETCH L1 MISS: 0
LLC WRITEBACK ACCESS:       2106  HIT:       1808  MISS:        298  HIT %:      85.85  MISS %:      14.15   MPKI: 0.00149
LLC LOAD TRANSLATION ACCESS:       3177  HIT:       2990  MISS:        187  HIT %:    94.1139  MISS %:    5.88606   MPKI: 0.000935
LLC PREFETCH  REQUESTED:          0  ISSUED:          0  USEFUL:        842  USELESS:       7542
LLC USEFUL LOAD PREFETCHES:        842 PREFETCH ISSUED TO LOWER LEVEL:      19698  ACCURACY: 4.27455
LLC TIMELY PREFETCHES:        842 LATE PREFETCHES: 1895 DROPPED PREFETCHES: 0
LLC PREFETCHES SAME FILL-ORIGIN LEVEL: 19587 DIFFERENT FILL-ORIGIN LEVEL: 0
LLC AVERAGE MISS LATENCY:    164.029 cycles AVERAGE LOAD MISS LATENCY:    150.904 cycles Load Miss       4458
LLC Average MSHR Occupancy: 0.00633815
LLC RQ	ACCESS:      45106	FORWARD:          0	MERGED:          0	TO_CACHE:      45106
LLC WQ	ACCESS:       2106	FORWARD:          0	MERGED:          0	TO_CACHE:       2106
LLC PQ	ACCESS:    1667291	FORWARD:          0	MERGED:      19259	TO_CACHE:    1648032

LLC Dense regions hint to LLC: 0

RAW hits: 3795836
Loads Generated: 47460839
Loads sent to L1D: 43665000
Stores Generated: 26158675
Stores sent to L1D: 26158673
Major fault: 0 Minor fault: 4194
Allocated PAGES: 4194
 All Calls: 9038397
 Critical Calls: 9038397
------------------
Depth Distribution
------------------
depth 0: 0
depth 1: 6920367
depth 2: 1433596
depth 3: 755420
depth 4: 625132
depth 5: 544739
depth 6: 484683
depth 7: 369744
depth 8: 228206
depth 9: 83668
depth 10: 14658
depth 11: 2257
depth 12: 215
depth 13: 22
depth 14: 0
depth 15: 0
depth 16: 0
depth 17: 0
depth 18: 0
depth 19: 0
depth 20: 0
depth 21: 0
depth 22: 0
depth 23: 0
depth 24: 0
depth 25: 0
depth 26: 0
depth 27: 0
depth 28: 0
depth 29: 0
Total: 11462707
-----------------------------
-----------------------------
	Captured at Filter
-----------------------------
depth 0: 0
depth 1: 1924513
depth 2: 1529724
depth 3: 1405001
depth 4: 1341569
depth 5: 1270888
depth 6: 1185657
depth 7: 958325
depth 8: 602767
depth 9: 227273
depth 10: 39845
depth 11: 5641
depth 12: 427
depth 13: 46
depth 14: 0
depth 15: 0
depth 16: 0
depth 17: 0
depth 18: 0
depth 19: 0
depth 20: 0
depth 21: 0
depth 22: 0
depth 23: 0
depth 24: 0
depth 25: 0
depth 26: 0
depth 27: 0
depth 28: 0
depth 29: 0
-----------------------------
-----------------------------
		Lost at Page
-----------------------------
depth 0: 0
depth 1: 456542
depth 2: 155060
depth 3: 107322
depth 4: 125897
depth 5: 154672
depth 6: 180641
depth 7: 177619
depth 8: 134883
depth 9: 59893
depth 10: 12256
depth 11: 1921
depth 12: 168
depth 13: 15
depth 14: 0
depth 15: 0
depth 16: 0
depth 17: 0
depth 18: 0
depth 19: 0
depth 20: 0
depth 21: 0
depth 22: 0
depth 23: 0
depth 24: 0
depth 25: 0
depth 26: 0
depth 27: 0
depth 28: 0
depth 29: 0
-----------------------------
-----------------------------
	Lost due to PQ Size
-----------------------------
838774
-----------------------------
ST read accesses: 3730347
ST write accesses: 784284
PT read accesses: 81433202
PT write accesses: 4880879
FILTER read accesses: 15720963
FILTER write accesses: 358977
GHR read accesses: 11111968
GHR write accesses: 736469
GHR counter read accesses: 70030318
GHR counter write accesses: 4827503
ST tag read accesses: 2123985960
ST tag write accesses: 301623859
================ Mockingjay (LLC) Pollution Stats ================
Total pollution count in LLC: 3356
==================================================================

DRAM Statistics
 CHANNEL 0
 RQ ROW_BUFFER_HIT:       3887  ROW_BUFFER_MISS:      18706
 DBUS_CONGESTED:          2
 WQ ROW_BUFFER_HIT:         44  ROW_BUFFER_MISS:        548  FULL:          0

 AVG_CONGESTED_CYCLE: 5
 All warmup complete: 2
Channel 0 Bank busy for read cycles: 0
Channel 0 Bank busy for write cycles: 0
Channel 0
Rank 0
0banks busy for read cycles: 600350948
0banks busy for write cycles: 551
1banks busy for read cycles: 1927191
1banks busy for write cycles: 84805
2banks busy for read cycles: 353589
2banks busy for write cycles: 4555
3banks busy for read cycles: 81715
3banks busy for write cycles: 444
4banks busy for read cycles: 19504
4banks busy for write cycles: 0
5banks busy for read cycles: 5720
5banks busy for write cycles: 0
6banks busy for read cycles: 1692
6banks busy for write cycles: 0
7banks busy for read cycles: 487
7banks busy for write cycles: 0
8banks busy for read cycles: 72
8banks busy for write cycles: 0

CPU 0 Branch Prediction Accuracy: 99.8598% MPKI: 0.25379 Average ROB Occupancy at Mispredict: 34.1966
Branch types
NOT_BRANCH: 163784638 81.8923%
BRANCH_DIRECT_JUMP: 2019194 1.0096%
BRANCH_INDIRECT: 11898827 5.94941%
BRANCH_CONDITIONAL: 13348247 6.67412%
BRANCH_DIRECT_CALL: 3773051 1.88653%
BRANCH_INDIRECT_CALL: 701453 0.350726%
BRANCH_RETURN: 4474452 2.23723%
BRANCH_OTHER: 0 0%

===================== LRU L1D STATS =====================
Total pollution count in L1D: 0
=========================================================
================ SRRIP (L2C) Pollution Stats ================
Total pollution count in L2c: 77842
==================================================================
DRAM PAGES: 1048576
Allocated PAGES: 4194
