Initialize SIGNATURE TABLE
ST_SET: 1
ST_WAY: 256
ST_TAG_BIT: 16
ST_TAG_MASK: ffff

Initialize PATTERN TABLE
PT_SET: 512
PT_WAY: 4
SIG_DELTA_BIT: 7
C_SIG_BIT: 4
C_DELTA_BIT: 4

Initialize PREFETCH FILTER
FILTER_SET: 1024

*** ChampSim Multicore Out-of-Order Simulator ***

Warmup Instructions: 200000000
Simulation Instructions: 200000000
Number of CPUs: 1
LLC sets: 4096
LLC ways: 12
Off-chip DRAM Size: 4096 MB Channels: 1 Width: 64-bit Data Rate: 6400 MT/s
CPU 0 runs /home1/sweta/traces/qualcomm_traces/srv_24.champsimtrace.xz
.xz
BTB has LRU replacement policy
ITLB has LRU replacement policy
DTLB has LRU replacement policy
STLB has LRU replacement policy
L1I has LRU replacement policy
L1D has LRU replacement policy
ST_WAYS: 256
PT_SETS: 512
Initialize SRRIP state for L2C
Initialize Mockingjay state for LLC
Heartbeat CPU 0 instructions: 10000000 cycles: 2045922 heartbeat IPC: 4.88777 cumulative IPC: 4.88777 (Simulation time: 0 hr 0 min 18 sec) 
Heartbeat CPU 0 instructions: 20000000 cycles: 4090219 heartbeat IPC: 4.89166 cumulative IPC: 4.88971 (Simulation time: 0 hr 0 min 36 sec) 
Heartbeat CPU 0 instructions: 30000000 cycles: 6135112 heartbeat IPC: 4.89023 cumulative IPC: 4.88989 (Simulation time: 0 hr 0 min 54 sec) 
*** Reached end of trace for Core: 0 Repeating trace: /home1/sweta/traces/qualcomm_traces/srv_24.champsimtrace.xz
Heartbeat CPU 0 instructions: 40000007 cycles: 8178740 heartbeat IPC: 4.89326 cumulative IPC: 4.89073 (Simulation time: 0 hr 1 min 13 sec) 
Heartbeat CPU 0 instructions: 50000004 cycles: 10222942 heartbeat IPC: 4.89188 cumulative IPC: 4.89096 (Simulation time: 0 hr 1 min 31 sec) 
Heartbeat CPU 0 instructions: 60000004 cycles: 12266685 heartbeat IPC: 4.89298 cumulative IPC: 4.8913 (Simulation time: 0 hr 1 min 51 sec) 
*** Reached end of trace for Core: 0 Repeating trace: /home1/sweta/traces/qualcomm_traces/srv_24.champsimtrace.xz
Heartbeat CPU 0 instructions: 70000002 cycles: 14310238 heartbeat IPC: 4.89344 cumulative IPC: 4.8916 (Simulation time: 0 hr 2 min 12 sec) 
Heartbeat CPU 0 instructions: 80000000 cycles: 16354710 heartbeat IPC: 4.89124 cumulative IPC: 4.89156 (Simulation time: 0 hr 2 min 35 sec) 
Heartbeat CPU 0 instructions: 90000000 cycles: 18399131 heartbeat IPC: 4.89136 cumulative IPC: 4.89154 (Simulation time: 0 hr 2 min 57 sec) 
*** Reached end of trace for Core: 0 Repeating trace: /home1/sweta/traces/qualcomm_traces/srv_24.champsimtrace.xz
Heartbeat CPU 0 instructions: 100000001 cycles: 20443305 heartbeat IPC: 4.89195 cumulative IPC: 4.89158 (Simulation time: 0 hr 3 min 20 sec) 
Heartbeat CPU 0 instructions: 110000001 cycles: 22486808 heartbeat IPC: 4.89356 cumulative IPC: 4.89176 (Simulation time: 0 hr 3 min 42 sec) 
Heartbeat CPU 0 instructions: 120000000 cycles: 24530282 heartbeat IPC: 4.89363 cumulative IPC: 4.89191 (Simulation time: 0 hr 4 min 4 sec) 
*** Reached end of trace for Core: 0 Repeating trace: /home1/sweta/traces/qualcomm_traces/srv_24.champsimtrace.xz
Heartbeat CPU 0 instructions: 130000002 cycles: 26574215 heartbeat IPC: 4.89253 cumulative IPC: 4.89196 (Simulation time: 0 hr 4 min 25 sec) 
Heartbeat CPU 0 instructions: 140000004 cycles: 28617805 heartbeat IPC: 4.89335 cumulative IPC: 4.89206 (Simulation time: 0 hr 4 min 48 sec) 
Heartbeat CPU 0 instructions: 150000001 cycles: 30661610 heartbeat IPC: 4.89283 cumulative IPC: 4.89211 (Simulation time: 0 hr 5 min 11 sec) 
*** Reached end of trace for Core: 0 Repeating trace: /home1/sweta/traces/qualcomm_traces/srv_24.champsimtrace.xz
Heartbeat CPU 0 instructions: 160000005 cycles: 32705471 heartbeat IPC: 4.8927 cumulative IPC: 4.89215 (Simulation time: 0 hr 5 min 33 sec) 
Heartbeat CPU 0 instructions: 170000001 cycles: 34750360 heartbeat IPC: 4.89024 cumulative IPC: 4.89204 (Simulation time: 0 hr 5 min 59 sec) 
Heartbeat CPU 0 instructions: 180000000 cycles: 36794926 heartbeat IPC: 4.89101 cumulative IPC: 4.89198 (Simulation time: 0 hr 6 min 26 sec) 
*** Reached end of trace for Core: 0 Repeating trace: /home1/sweta/traces/qualcomm_traces/srv_24.champsimtrace.xz
Heartbeat CPU 0 instructions: 190000007 cycles: 38838843 heartbeat IPC: 4.89257 cumulative IPC: 4.89201 (Simulation time: 0 hr 6 min 53 sec) 
Heartbeat CPU 0 instructions: 200000004 cycles: 40882662 heartbeat IPC: 4.8928 cumulative IPC: 4.89205 (Simulation time: 0 hr 7 min 19 sec) 

Warmup complete CPU 0 instructions: 200000004 cycles: 40882662 (Simulation time: 0 hr 7 min 19 sec) 

Heartbeat CPU 0 instructions: 210000001 cycles: 72554364 heartbeat IPC: 0.315739 cumulative IPC: 0.315739 (Simulation time: 0 hr 7 min 53 sec) 
*** Reached end of trace for Core: 0 Repeating trace: /home1/sweta/traces/qualcomm_traces/srv_24.champsimtrace.xz
Heartbeat CPU 0 instructions: 220000000 cycles: 104189426 heartbeat IPC: 0.316105 cumulative IPC: 0.315922 (Simulation time: 0 hr 8 min 26 sec) 
Heartbeat CPU 0 instructions: 230000001 cycles: 135841983 heartbeat IPC: 0.31593 cumulative IPC: 0.315925 (Simulation time: 0 hr 8 min 59 sec) 
Heartbeat CPU 0 instructions: 240000007 cycles: 167455763 heartbeat IPC: 0.316318 cumulative IPC: 0.316023 (Simulation time: 0 hr 9 min 31 sec) 
Heartbeat CPU 0 instructions: 250000000 cycles: 199091412 heartbeat IPC: 0.316099 cumulative IPC: 0.316038 (Simulation time: 0 hr 10 min 3 sec) 
*** Reached end of trace for Core: 0 Repeating trace: /home1/sweta/traces/qualcomm_traces/srv_24.champsimtrace.xz
Heartbeat CPU 0 instructions: 260000000 cycles: 230739348 heartbeat IPC: 0.315976 cumulative IPC: 0.316028 (Simulation time: 0 hr 10 min 36 sec) 
Heartbeat CPU 0 instructions: 270000000 cycles: 262356430 heartbeat IPC: 0.316285 cumulative IPC: 0.316065 (Simulation time: 0 hr 11 min 8 sec) 
Heartbeat CPU 0 instructions: 280000000 cycles: 293990504 heartbeat IPC: 0.316115 cumulative IPC: 0.316071 (Simulation time: 0 hr 11 min 45 sec) 
*** Reached end of trace for Core: 0 Repeating trace: /home1/sweta/traces/qualcomm_traces/srv_24.champsimtrace.xz
Heartbeat CPU 0 instructions: 290000004 cycles: 325640596 heartbeat IPC: 0.315955 cumulative IPC: 0.316058 (Simulation time: 0 hr 12 min 26 sec) 
Heartbeat CPU 0 instructions: 300000005 cycles: 357249864 heartbeat IPC: 0.316363 cumulative IPC: 0.316088 (Simulation time: 0 hr 13 min 0 sec) 
Heartbeat CPU 0 instructions: 310000003 cycles: 388877819 heartbeat IPC: 0.316176 cumulative IPC: 0.316096 (Simulation time: 0 hr 13 min 34 sec) 
*** Reached end of trace for Core: 0 Repeating trace: /home1/sweta/traces/qualcomm_traces/srv_24.champsimtrace.xz
Heartbeat CPU 0 instructions: 320000003 cycles: 420525089 heartbeat IPC: 0.315983 cumulative IPC: 0.316087 (Simulation time: 0 hr 14 min 13 sec) 
Heartbeat CPU 0 instructions: 330000003 cycles: 452136110 heartbeat IPC: 0.316345 cumulative IPC: 0.316107 (Simulation time: 0 hr 14 min 48 sec) 
Heartbeat CPU 0 instructions: 340000003 cycles: 483773309 heartbeat IPC: 0.316084 cumulative IPC: 0.316105 (Simulation time: 0 hr 15 min 21 sec) 
*** Reached end of trace for Core: 0 Repeating trace: /home1/sweta/traces/qualcomm_traces/srv_24.champsimtrace.xz
Heartbeat CPU 0 instructions: 350000000 cycles: 515427042 heartbeat IPC: 0.315918 cumulative IPC: 0.316093 (Simulation time: 0 hr 15 min 53 sec) 
Heartbeat CPU 0 instructions: 360000000 cycles: 547040811 heartbeat IPC: 0.316318 cumulative IPC: 0.316107 (Simulation time: 0 hr 16 min 25 sec) 
Heartbeat CPU 0 instructions: 370000005 cycles: 578662422 heartbeat IPC: 0.31624 cumulative IPC: 0.316115 (Simulation time: 0 hr 16 min 56 sec) 
*** Reached end of trace for Core: 0 Repeating trace: /home1/sweta/traces/qualcomm_traces/srv_24.champsimtrace.xz
Heartbeat CPU 0 instructions: 380000004 cycles: 610309980 heartbeat IPC: 0.31598 cumulative IPC: 0.316107 (Simulation time: 0 hr 17 min 27 sec) 
Heartbeat CPU 0 instructions: 390000001 cycles: 641921285 heartbeat IPC: 0.316342 cumulative IPC: 0.316119 (Simulation time: 0 hr 17 min 59 sec) 
Heartbeat CPU 0 instructions: 400000000 cycles: 673545799 heartbeat IPC: 0.31621 cumulative IPC: 0.316124 (Simulation time: 0 hr 18 min 30 sec) 
Finished CPU 0 instructions: 200000000 cycles: 632663139 cumulative IPC: 0.316124 (Simulation time: 0 hr 18 min 30 sec) 

ChampSim completed all CPUs

Region of Interest Statistics

CPU 0 cumulative IPC: 0.316124 instructions: 200000000 cycles: 632663139
ITLB TOTAL     ACCESS:   25882119  HIT:   23451349  MISS:    2430770  HIT %:    90.6083  MISS %:     9.3917   MPKI: 12.1539
ITLB LOAD TRANSLATION ACCESS:   25882119  HIT:   23451349  MISS:    2430770  HIT %:    90.6083  MISS %:     9.3917   MPKI: 12.1539
ITLB PREFETCH  REQUESTED:          0  ISSUED:          0  USEFUL:          0  USELESS:          0
ITLB USEFUL LOAD PREFETCHES:          0 PREFETCH ISSUED TO LOWER LEVEL:          0  ACCURACY: -nan
ITLB TIMELY PREFETCHES:          0 LATE PREFETCHES: 0 DROPPED PREFETCHES: 0
ITLB PREFETCHES SAME FILL-ORIGIN LEVEL: 0 DIFFERENT FILL-ORIGIN LEVEL: 0
ITLB AVERAGE MISS LATENCY:     9.0017 cycles AVERAGE LOAD MISS LATENCY:       -nan cycles Load Miss          0
ITLB Average MSHR Occupancy:  0.0307962
ITLB RQ	ACCESS:   31768457	FORWARD:          0	MERGED:    4562325	TO_CACHE:   27206132

DTLB TOTAL     ACCESS:   42083059  HIT:   40097026  MISS:    1986033  HIT %:    95.2807  MISS %:    4.71932   MPKI: 9.93017
DTLB LOAD TRANSLATION ACCESS:   42083059  HIT:   40097026  MISS:    1986033  HIT %:    95.2807  MISS %:    4.71932   MPKI: 9.93017
DTLB PREFETCH  REQUESTED:          0  ISSUED:          0  USEFUL:          0  USELESS:          0
DTLB USEFUL LOAD PREFETCHES:          0 PREFETCH ISSUED TO LOWER LEVEL:          0  ACCURACY: -nan
DTLB TIMELY PREFETCHES:          0 LATE PREFETCHES: 0 DROPPED PREFETCHES: 0
DTLB PREFETCHES SAME FILL-ORIGIN LEVEL: 0 DIFFERENT FILL-ORIGIN LEVEL: 0
DTLB AVERAGE MISS LATENCY:    9.03071 cycles AVERAGE LOAD MISS LATENCY:       -nan cycles Load Miss          0
DTLB Average MSHR Occupancy:  0.0256184
DTLB RQ	ACCESS:   59182691	FORWARD:          0	MERGED:   17054971	TO_CACHE:   42127720

STLB TOTAL     ACCESS:    4416803  HIT:    4415583  MISS:       1220  HIT %:    99.9724  MISS %:  0.0276218   MPKI: 0.0061
STLB LOAD TRANSLATION ACCESS:    4416803  HIT:    4415583  MISS:       1220  HIT %:    99.9724  MISS %:  0.0276218   MPKI: 0.0061
STLB PREFETCH  REQUESTED:          0  ISSUED:          0  USEFUL:          0  USELESS:          0
STLB USEFUL LOAD PREFETCHES:          0 PREFETCH ISSUED TO LOWER LEVEL:          0  ACCURACY: -nan
STLB TIMELY PREFETCHES:          0 LATE PREFETCHES: 0 DROPPED PREFETCHES: 0
STLB PREFETCHES SAME FILL-ORIGIN LEVEL: 0 DIFFERENT FILL-ORIGIN LEVEL: 0
STLB AVERAGE MISS LATENCY:         19 cycles AVERAGE LOAD MISS LATENCY:       -nan cycles Load Miss          0
STLB Average MSHR Occupancy: 4.40898e-05
STLB RQ	ACCESS:    4416803	FORWARD:          0	MERGED:          0	TO_CACHE:    4416803

STLB Hit, L1D data hit: 0
STLB Hit, L2C data hit: 0
STLB Hit, LLC data hit: 0
STLB Hit, LLC data miss: 0
STLB STLB hints to L2: 0
L1D TOTAL     ACCESS:   57294318  HIT:   52879484  MISS:    4414834  HIT %:    92.2945  MISS %:    7.70554   MPKI: 22.0742
L1D LOAD      ACCESS:   31369035  HIT:   28122032  MISS:    3247003  HIT %:     89.649  MISS %:     10.351   MPKI: 16.235
L1D RFO       ACCESS:   25925283  HIT:   24757452  MISS:    1167831  HIT %:    95.4954  MISS %:     4.5046   MPKI: 5.83915
L1D PREFETCH  REQUESTED:          0  ISSUED:          0  USEFUL:          0  USELESS:          0
L1D USEFUL LOAD PREFETCHES:          0 PREFETCH ISSUED TO LOWER LEVEL:          0  ACCURACY: -nan
L1D TIMELY PREFETCHES:          0 LATE PREFETCHES: 0 DROPPED PREFETCHES: 0
L1D PREFETCHES SAME FILL-ORIGIN LEVEL: 0 DIFFERENT FILL-ORIGIN LEVEL: 0
L1D AVERAGE MISS LATENCY:    15.0634 cycles AVERAGE LOAD MISS LATENCY:     15.071 cycles Load Miss    3247003
L1D Average MSHR Occupancy:    0.11152
L1D RQ	ACCESS:   44688004	FORWARD:          0	MERGED:   13079806	TO_CACHE:   31429868
L1D WQ	ACCESS:   28028861	FORWARD:     178330	MERGED:     276038	TO_CACHE:   27752823

L1D UNIQUE REGIONS ACCESSED: 0
L1D REGIONS CONFLICTS: 0
L1D Cross Page Prefetch Requests: 0
L1D Same Page Prefetch Requests: 0
L1D ROI Sum of L1D PQ occupancy: 0
L1D PREFETCHES PUSHED FROM L2C: 0
L1I TOTAL     ACCESS:   31546625  HIT:   11063583  MISS:   20483042  HIT %:    35.0706  MISS %:    64.9294   MPKI: 102.415
L1I LOAD      ACCESS:   31546625  HIT:   11063583  MISS:   20483042  HIT %:    35.0706  MISS %:    64.9294   MPKI: 102.415
L1I PREFETCH  REQUESTED:          0  ISSUED:          0  USEFUL:          0  USELESS:          0
L1I USEFUL LOAD PREFETCHES:          0 PREFETCH ISSUED TO LOWER LEVEL:          0  ACCURACY: -nan
L1I TIMELY PREFETCHES:          0 LATE PREFETCHES: 0 DROPPED PREFETCHES: 0
L1I PREFETCHES SAME FILL-ORIGIN LEVEL: 0 DIFFERENT FILL-ORIGIN LEVEL: 0
L1I AVERAGE MISS LATENCY:    14.1281 cycles AVERAGE LOAD MISS LATENCY:    14.1281 cycles Load Miss   20483042
L1I Average MSHR Occupancy:   0.445052
L1I RQ	ACCESS:   50307953	FORWARD:          0	MERGED:   18539496	TO_CACHE:   31768457

BTB TOTAL     ACCESS:   30232125  HIT:   16633064  MISS:   13599061  HIT %:    55.0178  MISS %:    44.9822   MPKI: 67.9953
BTB BRANCH_DIRECT_JUMP	ACCESS:    1953122  HIT:    1075594  MISS:     877528
BTB BRANCH_INDIRECT	ACCESS:   12762839  HIT:    7577267  MISS:    5185572
BTB BRANCH_CONDITIONAL	ACCESS:    5680396  HIT:    4279046  MISS:    1401350
BTB BRANCH_DIRECT_CALL	ACCESS:    4143772  HIT:    1916340  MISS:    2227432
BTB BRANCH_INDIRECT_CALL	ACCESS:     774109  HIT:     369951  MISS:     404158
BTB BRANCH_RETURN	ACCESS:    4917887  HIT:    1414866  MISS:    3503021
BTB BRANCH_OTHER ACCESS:          0  HIT:          0  MISS:          0

L2C TOTAL     ACCESS:   28713192  HIT:   28712889  MISS:        303  HIT %:    99.9989  MISS %: 0.00105526   MPKI: 0.001515
L2C LOAD      ACCESS:   23729361  HIT:   23729361  MISS:          0  HIT %:        100  MISS %:          0   MPKI: 0
L2C DATA LOAD MPKI: 0
L2C INSTRUCTION LOAD MPKI: 0
L2C RFO       ACCESS:    1167831  HIT:    1167831  MISS:          0  HIT %:        100  MISS %:          0   MPKI: 0
L2C PREFETCH  ACCESS:    1522497  HIT:    1522194  MISS:        303  HIT %:    99.9801  MISS %:  0.0199015   MPKI: 0.001515
AGUS PREFETCH L1 MISS: 0
L2C DATA PREFETCH MPKI: 0.001515
L2C INSTRUCTION PREFETCH MPKI: 0
L2C WRITEBACK ACCESS:    2292283  HIT:    2292283  MISS:          0  HIT %:        100  MISS %:          0   MPKI: 0
L2C LOAD TRANSLATION ACCESS:       1220  HIT:       1220  MISS:          0  HIT %:        100  MISS %:          0   MPKI: 0
L2C PREFETCH  REQUESTED:    3325644  ISSUED:    3325644  USEFUL:          0  USELESS:          0
L2C USEFUL LOAD PREFETCHES:          0 PREFETCH ISSUED TO LOWER LEVEL:    1754341  ACCURACY: 0
L2C TIMELY PREFETCHES:          0 LATE PREFETCHES: 0 DROPPED PREFETCHES: 0
L2C PREFETCHES SAME FILL-ORIGIN LEVEL: 303 DIFFERENT FILL-ORIGIN LEVEL: 1754038
L2C AVERAGE MISS LATENCY:    68.6205 cycles AVERAGE LOAD MISS LATENCY:       -nan cycles Load Miss          0
L2C Average MSHR Occupancy: 5.45978e-05
L2C RQ	ACCESS:   24899096	FORWARD:          0	MERGED:          0	TO_CACHE:   24898413
L2C WQ	ACCESS:    2292283	FORWARD:        683	MERGED:          0	TO_CACHE:    2292283
L2C PQ	ACCESS:    3325644	FORWARD:          0	MERGED:      49110	TO_CACHE:    3276534

L2C Instructions Evicting Data 0
L2C Translations Evicting Data 0
L2C Data Evicting Data 0
L2C Instructions Evicting Instructions 0
L2C Translations Evicting Instructions 0
L2C Data Evicting Instructions 0
L2C Instructions Evicting Translations 0
L2C Translations Evicting Translations 0
L2C Data Evicting Translations 0
L2C Dense regions hint from L2: 0
PSCL5 TOTAL     ACCESS:       1220  HIT:       1220  MISS:          0  HIT %:        100  MISS %:          0   MPKI: 0
PSCL5 LOAD TRANSLATION ACCESS:       1220  HIT:       1220  MISS:          0  HIT %:        100  MISS %:          0   MPKI: 0
PSCL5 PREFETCH  REQUESTED:          0  ISSUED:          0  USEFUL:          0  USELESS:          0
PSCL5 USEFUL LOAD PREFETCHES:          0 PREFETCH ISSUED TO LOWER LEVEL:          0  ACCURACY: -nan
PSCL5 TIMELY PREFETCHES:          0 LATE PREFETCHES: 0 DROPPED PREFETCHES: 0
PSCL5 PREFETCHES SAME FILL-ORIGIN LEVEL: 0 DIFFERENT FILL-ORIGIN LEVEL: 0

PSCL4 TOTAL     ACCESS:       1213  HIT:       1213  MISS:          0  HIT %:        100  MISS %:          0   MPKI: 0
PSCL4 LOAD TRANSLATION ACCESS:       1213  HIT:       1213  MISS:          0  HIT %:        100  MISS %:          0   MPKI: 0
PSCL4 PREFETCH  REQUESTED:          0  ISSUED:          0  USEFUL:          0  USELESS:          0
PSCL4 USEFUL LOAD PREFETCHES:          0 PREFETCH ISSUED TO LOWER LEVEL:          0  ACCURACY: -nan
PSCL4 TIMELY PREFETCHES:          0 LATE PREFETCHES: 0 DROPPED PREFETCHES: 0
PSCL4 PREFETCHES SAME FILL-ORIGIN LEVEL: 0 DIFFERENT FILL-ORIGIN LEVEL: 0

PSCL3 TOTAL     ACCESS:       1213  HIT:       1213  MISS:          0  HIT %:        100  MISS %:          0   MPKI: 0
PSCL3 LOAD TRANSLATION ACCESS:       1213  HIT:       1213  MISS:          0  HIT %:        100  MISS %:          0   MPKI: 0
PSCL3 PREFETCH  REQUESTED:          0  ISSUED:          0  USEFUL:          0  USELESS:          0
PSCL3 USEFUL LOAD PREFETCHES:          0 PREFETCH ISSUED TO LOWER LEVEL:          0  ACCURACY: -nan
PSCL3 TIMELY PREFETCHES:          0 LATE PREFETCHES: 0 DROPPED PREFETCHES: 0
PSCL3 PREFETCHES SAME FILL-ORIGIN LEVEL: 0 DIFFERENT FILL-ORIGIN LEVEL: 0

PSCL2 TOTAL     ACCESS:       1220  HIT:       1220  MISS:          0  HIT %:        100  MISS %:          0   MPKI: 0
PSCL2 LOAD TRANSLATION ACCESS:       1220  HIT:       1220  MISS:          0  HIT %:        100  MISS %:          0   MPKI: 0
PSCL2 PREFETCH  REQUESTED:          0  ISSUED:          0  USEFUL:          0  USELESS:          0
PSCL2 USEFUL LOAD PREFETCHES:          0 PREFETCH ISSUED TO LOWER LEVEL:          0  ACCURACY: -nan
PSCL2 TIMELY PREFETCHES:          0 LATE PREFETCHES: 0 DROPPED PREFETCHES: 0
PSCL2 PREFETCHES SAME FILL-ORIGIN LEVEL: 0 DIFFERENT FILL-ORIGIN LEVEL: 0

LLC TOTAL     ACCESS:    1751461  HIT:    1748977  MISS:       2484  HIT %:    99.8582  MISS %:   0.141824   MPKI: 0.01242
LLC PREFETCH  ACCESS:    1751461  HIT:    1748977  MISS:       2484  HIT %:    99.8582  MISS %:   0.141824   MPKI: 0.01242
AGUS PREFETCH L1 MISS: 0
LLC PREFETCH  REQUESTED:          0  ISSUED:          0  USEFUL:          0  USELESS:          5
LLC USEFUL LOAD PREFETCHES:          0 PREFETCH ISSUED TO LOWER LEVEL:       2484  ACCURACY: 0
LLC TIMELY PREFETCHES:          0 LATE PREFETCHES: 0 DROPPED PREFETCHES: 0
LLC PREFETCHES SAME FILL-ORIGIN LEVEL: 2443 DIFFERENT FILL-ORIGIN LEVEL: 0
LLC AVERAGE MISS LATENCY:    183.009 cycles AVERAGE LOAD MISS LATENCY:       -nan cycles Load Miss          0
LLC Average MSHR Occupancy: 0.000714614
LLC PQ	ACCESS:    1754341	FORWARD:          0	MERGED:       2876	TO_CACHE:    1751465

LLC Dense regions hint to LLC: 0

RAW hits: 4044639
Loads Generated: 48732643
Loads sent to L1D: 44688004
Stores Generated: 28028861
Stores sent to L1D: 28028861
Major fault: 0 Minor fault: 1251
Allocated PAGES: 1251
 All Calls: 6517916
 Critical Calls: 6517916
------------------
Depth Distribution
------------------
depth 0: 0
depth 1: 5918980
depth 2: 349178
depth 3: 14653
depth 4: 168
depth 5: 0
depth 6: 0
depth 7: 0
depth 8: 0
depth 9: 0
depth 10: 0
depth 11: 0
depth 12: 0
depth 13: 0
depth 14: 0
depth 15: 0
depth 16: 0
depth 17: 0
depth 18: 0
depth 19: 0
depth 20: 0
depth 21: 0
depth 22: 0
depth 23: 0
depth 24: 0
depth 25: 0
depth 26: 0
depth 27: 0
depth 28: 0
depth 29: 0
Total: 6282979
-----------------------------
-----------------------------
	Captured at Filter
-----------------------------
depth 0: 0
depth 1: 1260884
depth 2: 157616
depth 3: 7787
depth 4: 31
depth 5: 0
depth 6: 0
depth 7: 0
depth 8: 0
depth 9: 0
depth 10: 0
depth 11: 0
depth 12: 0
depth 13: 0
depth 14: 0
depth 15: 0
depth 16: 0
depth 17: 0
depth 18: 0
depth 19: 0
depth 20: 0
depth 21: 0
depth 22: 0
depth 23: 0
depth 24: 0
depth 25: 0
depth 26: 0
depth 27: 0
depth 28: 0
depth 29: 0
-----------------------------
-----------------------------
		Lost at Page
-----------------------------
depth 0: 0
depth 1: 1120452
depth 2: 71391
depth 3: 2324
depth 4: 19
depth 5: 0
depth 6: 0
depth 7: 0
depth 8: 0
depth 9: 0
depth 10: 0
depth 11: 0
depth 12: 0
depth 13: 0
depth 14: 0
depth 15: 0
depth 16: 0
depth 17: 0
depth 18: 0
depth 19: 0
depth 20: 0
depth 21: 0
depth 22: 0
depth 23: 0
depth 24: 0
depth 25: 0
depth 26: 0
depth 27: 0
depth 28: 0
depth 29: 0
-----------------------------
-----------------------------
	Lost due to PQ Size
-----------------------------
177043
-----------------------------
ST read accesses: 2524119
ST write accesses: 722200
PT read accesses: 35726687
PT write accesses: 3219749
FILTER read accesses: 7386367
FILTER write accesses: 17528
GHR read accesses: 10699323
GHR write accesses: 661001
GHR counter read accesses: 32794130
GHR counter write accesses: 3263605
ST tag read accesses: 1589510920
ST tag write accesses: 274551452
================ Mockingjay (LLC) Pollution Stats ================
Total pollution count in LLC: 0
==================================================================

DRAM Statistics
 CHANNEL 0
 RQ ROW_BUFFER_HIT:        118  ROW_BUFFER_MISS:       2366
 DBUS_CONGESTED:          0
 WQ ROW_BUFFER_HIT:          0  ROW_BUFFER_MISS:          0  FULL:          0

 AVG_CONGESTED_CYCLE: -
 All warmup complete: 2
Channel 0 Bank busy for read cycles: 0
Channel 0 Bank busy for write cycles: 0
Channel 0
Rank 0
0banks busy for read cycles: 632331129
0banks busy for write cycles: 0
1banks busy for read cycles: 304953
1banks busy for write cycles: 0
2banks busy for read cycles: 25398
2banks busy for write cycles: 0
3banks busy for read cycles: 1589
3banks busy for write cycles: 0
4banks busy for read cycles: 71
4banks busy for write cycles: 0
5banks busy for read cycles: 0
5banks busy for write cycles: 0
6banks busy for read cycles: 0
6banks busy for write cycles: 0
7banks busy for read cycles: 0
7banks busy for write cycles: 0
8banks busy for read cycles: 0
8banks busy for write cycles: 0

CPU 0 Branch Prediction Accuracy: 99.9217% MPKI: 0.13905 Average ROB Occupancy at Mispredict: 24.6898
Branch types
NOT_BRANCH: 164496836 82.2484%
BRANCH_DIRECT_JUMP: 1953122 0.976561%
BRANCH_INDIRECT: 12762839 6.38142%
BRANCH_CONDITIONAL: 10951476 5.47574%
BRANCH_DIRECT_CALL: 4143772 2.07189%
BRANCH_INDIRECT_CALL: 774109 0.387055%
BRANCH_RETURN: 4917887 2.45894%
BRANCH_OTHER: 0 0%

===================== LRU L1D STATS =====================
Total pollution count in L1D: 0
=========================================================
================ SRRIP (L2C) Pollution Stats ================
Total pollution count in L2c: 0
==================================================================
DRAM PAGES: 1048576
Allocated PAGES: 1251
