Initialize SIGNATURE TABLE
ST_SET: 1
ST_WAY: 256
ST_TAG_BIT: 16
ST_TAG_MASK: ffff

Initialize PATTERN TABLE
PT_SET: 512
PT_WAY: 4
SIG_DELTA_BIT: 7
C_SIG_BIT: 4
C_DELTA_BIT: 4

Initialize PREFETCH FILTER
FILTER_SET: 1024

*** ChampSim Multicore Out-of-Order Simulator ***

Warmup Instructions: 200000000
Simulation Instructions: 200000000
Number of CPUs: 1
LLC sets: 4096
LLC ways: 12
Off-chip DRAM Size: 4096 MB Channels: 1 Width: 64-bit Data Rate: 6400 MT/s
CPU 0 runs /home1/sweta/traces/qualcomm_traces/srv_52.champsimtrace.xz
.xz
BTB has LRU replacement policy
ITLB has LRU replacement policy
DTLB has LRU replacement policy
STLB has LRU replacement policy
L1I has LRU replacement policy
L1D has LRU replacement policy
ST_WAYS: 256
PT_SETS: 512
Initialize SRRIP state for L2C
Initialize Mockingjay state for LLC
Heartbeat CPU 0 instructions: 10000000 cycles: 2264906 heartbeat IPC: 4.41519 cumulative IPC: 4.41519 (Simulation time: 0 hr 0 min 25 sec) 
Heartbeat CPU 0 instructions: 20000004 cycles: 4516472 heartbeat IPC: 4.44136 cumulative IPC: 4.42824 (Simulation time: 0 hr 0 min 50 sec) 
Heartbeat CPU 0 instructions: 30000002 cycles: 6745230 heartbeat IPC: 4.4868 cumulative IPC: 4.44759 (Simulation time: 0 hr 1 min 14 sec) 
*** Reached end of trace for Core: 0 Repeating trace: /home1/sweta/traces/qualcomm_traces/srv_52.champsimtrace.xz
Heartbeat CPU 0 instructions: 40000000 cycles: 9013234 heartbeat IPC: 4.40916 cumulative IPC: 4.43792 (Simulation time: 0 hr 1 min 41 sec) 
Heartbeat CPU 0 instructions: 50000005 cycles: 11264536 heartbeat IPC: 4.44188 cumulative IPC: 4.43871 (Simulation time: 0 hr 2 min 7 sec) 
Heartbeat CPU 0 instructions: 60000003 cycles: 13496280 heartbeat IPC: 4.4808 cumulative IPC: 4.44567 (Simulation time: 0 hr 2 min 33 sec) 
*** Reached end of trace for Core: 0 Repeating trace: /home1/sweta/traces/qualcomm_traces/srv_52.champsimtrace.xz
Heartbeat CPU 0 instructions: 70000000 cycles: 15757299 heartbeat IPC: 4.42278 cumulative IPC: 4.44239 (Simulation time: 0 hr 2 min 57 sec) 
Heartbeat CPU 0 instructions: 80000000 cycles: 18005031 heartbeat IPC: 4.44893 cumulative IPC: 4.4432 (Simulation time: 0 hr 3 min 21 sec) 
Heartbeat CPU 0 instructions: 90000000 cycles: 20240755 heartbeat IPC: 4.47282 cumulative IPC: 4.44647 (Simulation time: 0 hr 3 min 44 sec) 
*** Reached end of trace for Core: 0 Repeating trace: /home1/sweta/traces/qualcomm_traces/srv_52.champsimtrace.xz
Heartbeat CPU 0 instructions: 100000000 cycles: 22489075 heartbeat IPC: 4.44777 cumulative IPC: 4.4466 (Simulation time: 0 hr 4 min 8 sec) 
Heartbeat CPU 0 instructions: 110000007 cycles: 24751330 heartbeat IPC: 4.42037 cumulative IPC: 4.44421 (Simulation time: 0 hr 4 min 31 sec) 
Heartbeat CPU 0 instructions: 120000003 cycles: 26981966 heartbeat IPC: 4.48302 cumulative IPC: 4.44741 (Simulation time: 0 hr 4 min 55 sec) 
*** Reached end of trace for Core: 0 Repeating trace: /home1/sweta/traces/qualcomm_traces/srv_52.champsimtrace.xz
Heartbeat CPU 0 instructions: 130000006 cycles: 29239299 heartbeat IPC: 4.43001 cumulative IPC: 4.44607 (Simulation time: 0 hr 5 min 17 sec) 
Heartbeat CPU 0 instructions: 140000005 cycles: 31500095 heartbeat IPC: 4.42322 cumulative IPC: 4.44443 (Simulation time: 0 hr 5 min 39 sec) 
Heartbeat CPU 0 instructions: 150000006 cycles: 33733363 heartbeat IPC: 4.47774 cumulative IPC: 4.44664 (Simulation time: 0 hr 6 min 2 sec) 
*** Reached end of trace for Core: 0 Repeating trace: /home1/sweta/traces/qualcomm_traces/srv_52.champsimtrace.xz
Heartbeat CPU 0 instructions: 160000004 cycles: 35984933 heartbeat IPC: 4.44134 cumulative IPC: 4.44631 (Simulation time: 0 hr 6 min 24 sec) 
Heartbeat CPU 0 instructions: 170000002 cycles: 38245232 heartbeat IPC: 4.42419 cumulative IPC: 4.445 (Simulation time: 0 hr 6 min 48 sec) 
Heartbeat CPU 0 instructions: 180000000 cycles: 40483090 heartbeat IPC: 4.46856 cumulative IPC: 4.4463 (Simulation time: 0 hr 7 min 11 sec) 
*** Reached end of trace for Core: 0 Repeating trace: /home1/sweta/traces/qualcomm_traces/srv_52.champsimtrace.xz
Heartbeat CPU 0 instructions: 190000002 cycles: 42730222 heartbeat IPC: 4.45012 cumulative IPC: 4.4465 (Simulation time: 0 hr 7 min 35 sec) 
Heartbeat CPU 0 instructions: 200000000 cycles: 44989391 heartbeat IPC: 4.42641 cumulative IPC: 4.44549 (Simulation time: 0 hr 7 min 58 sec) 

Warmup complete CPU 0 instructions: 200000008 cycles: 44989392 (Simulation time: 0 hr 7 min 58 sec) 

Heartbeat CPU 0 instructions: 210000003 cycles: 74295754 heartbeat IPC: 0.341223 cumulative IPC: 0.341223 (Simulation time: 0 hr 8 min 27 sec) 
*** Reached end of trace for Core: 0 Repeating trace: /home1/sweta/traces/qualcomm_traces/srv_52.champsimtrace.xz
Heartbeat CPU 0 instructions: 220000004 cycles: 102898568 heartbeat IPC: 0.349616 cumulative IPC: 0.345368 (Simulation time: 0 hr 8 min 56 sec) 
Heartbeat CPU 0 instructions: 230000001 cycles: 132241482 heartbeat IPC: 0.340798 cumulative IPC: 0.343831 (Simulation time: 0 hr 9 min 24 sec) 
Heartbeat CPU 0 instructions: 240000000 cycles: 161185635 heartbeat IPC: 0.345493 cumulative IPC: 0.344245 (Simulation time: 0 hr 9 min 53 sec) 
*** Reached end of trace for Core: 0 Repeating trace: /home1/sweta/traces/qualcomm_traces/srv_52.champsimtrace.xz
Heartbeat CPU 0 instructions: 250000000 cycles: 190131011 heartbeat IPC: 0.345478 cumulative IPC: 0.344491 (Simulation time: 0 hr 10 min 21 sec) 
Heartbeat CPU 0 instructions: 260000004 cycles: 219211476 heartbeat IPC: 0.343874 cumulative IPC: 0.344388 (Simulation time: 0 hr 10 min 49 sec) 
Heartbeat CPU 0 instructions: 270000000 cycles: 249266573 heartbeat IPC: 0.332722 cumulative IPC: 0.342672 (Simulation time: 0 hr 11 min 18 sec) 
*** Reached end of trace for Core: 0 Repeating trace: /home1/sweta/traces/qualcomm_traces/srv_52.champsimtrace.xz
Heartbeat CPU 0 instructions: 280000006 cycles: 277307922 heartbeat IPC: 0.356616 cumulative IPC: 0.344355 (Simulation time: 0 hr 11 min 45 sec) 
Heartbeat CPU 0 instructions: 290000000 cycles: 306449114 heartbeat IPC: 0.343157 cumulative IPC: 0.344221 (Simulation time: 0 hr 12 min 14 sec) 
Heartbeat CPU 0 instructions: 300000005 cycles: 336160534 heartbeat IPC: 0.336571 cumulative IPC: 0.343441 (Simulation time: 0 hr 12 min 42 sec) 
Heartbeat CPU 0 instructions: 310000000 cycles: 365078618 heartbeat IPC: 0.345804 cumulative IPC: 0.343654 (Simulation time: 0 hr 13 min 10 sec) 
*** Reached end of trace for Core: 0 Repeating trace: /home1/sweta/traces/qualcomm_traces/srv_52.champsimtrace.xz
Heartbeat CPU 0 instructions: 320000001 cycles: 393509404 heartbeat IPC: 0.351731 cumulative IPC: 0.344313 (Simulation time: 0 hr 13 min 38 sec) 
Heartbeat CPU 0 instructions: 330000003 cycles: 423106981 heartbeat IPC: 0.337866 cumulative IPC: 0.343808 (Simulation time: 0 hr 14 min 7 sec) 
Heartbeat CPU 0 instructions: 340000001 cycles: 452007326 heartbeat IPC: 0.346017 cumulative IPC: 0.343965 (Simulation time: 0 hr 14 min 36 sec) 
*** Reached end of trace for Core: 0 Repeating trace: /home1/sweta/traces/qualcomm_traces/srv_52.champsimtrace.xz
Heartbeat CPU 0 instructions: 350000000 cycles: 480203387 heartbeat IPC: 0.354659 cumulative IPC: 0.344658 (Simulation time: 0 hr 15 min 4 sec) 
Heartbeat CPU 0 instructions: 360000000 cycles: 509979647 heartbeat IPC: 0.335838 cumulative IPC: 0.344093 (Simulation time: 0 hr 15 min 33 sec) 
Heartbeat CPU 0 instructions: 370000002 cycles: 539108024 heartbeat IPC: 0.343308 cumulative IPC: 0.344047 (Simulation time: 0 hr 15 min 59 sec) 
*** Reached end of trace for Core: 0 Repeating trace: /home1/sweta/traces/qualcomm_traces/srv_52.champsimtrace.xz
Heartbeat CPU 0 instructions: 380000007 cycles: 567466139 heartbeat IPC: 0.352633 cumulative IPC: 0.344513 (Simulation time: 0 hr 16 min 27 sec) 
Heartbeat CPU 0 instructions: 390000000 cycles: 597105058 heartbeat IPC: 0.337394 cumulative IPC: 0.344131 (Simulation time: 0 hr 16 min 56 sec) 
Heartbeat CPU 0 instructions: 400000003 cycles: 626184833 heartbeat IPC: 0.343882 cumulative IPC: 0.344118 (Simulation time: 0 hr 17 min 22 sec) 
Finished CPU 0 instructions: 200000003 cycles: 581195448 cumulative IPC: 0.344118 (Simulation time: 0 hr 17 min 22 sec) 

ChampSim completed all CPUs

Region of Interest Statistics

CPU 0 cumulative IPC: 0.344118 instructions: 200000003 cycles: 581195448
ITLB TOTAL     ACCESS:   26624390  HIT:   24982593  MISS:    1641797  HIT %:    93.8335  MISS %:    6.16651   MPKI: 8.20898
ITLB LOAD TRANSLATION ACCESS:   26624390  HIT:   24982593  MISS:    1641797  HIT %:    93.8335  MISS %:    6.16651   MPKI: 8.20898
ITLB PREFETCH  REQUESTED:          0  ISSUED:          0  USEFUL:          0  USELESS:          0
ITLB USEFUL LOAD PREFETCHES:          0 PREFETCH ISSUED TO LOWER LEVEL:          0  ACCURACY: -nan
ITLB TIMELY PREFETCHES:          0 LATE PREFETCHES: 0 DROPPED PREFETCHES: 0
ITLB PREFETCHES SAME FILL-ORIGIN LEVEL: 0 DIFFERENT FILL-ORIGIN LEVEL: 0
ITLB AVERAGE MISS LATENCY:    9.63021 cycles AVERAGE LOAD MISS LATENCY:       -nan cycles Load Miss          0
ITLB Average MSHR Occupancy:  0.0246814
ITLB RQ	ACCESS:   31422706	FORWARD:          0	MERGED:    3840179	TO_CACHE:   27582527

DTLB TOTAL     ACCESS:   39029746  HIT:   37335428  MISS:    1694318  HIT %:    95.6589  MISS %:    4.34109   MPKI: 8.47159
DTLB LOAD TRANSLATION ACCESS:   39029746  HIT:   37335428  MISS:    1694318  HIT %:    95.6589  MISS %:    4.34109   MPKI: 8.47159
DTLB PREFETCH  REQUESTED:          0  ISSUED:          0  USEFUL:          0  USELESS:          0
DTLB USEFUL LOAD PREFETCHES:          0 PREFETCH ISSUED TO LOWER LEVEL:          0  ACCURACY: -nan
DTLB TIMELY PREFETCHES:          0 LATE PREFETCHES: 0 DROPPED PREFETCHES: 0
DTLB PREFETCHES SAME FILL-ORIGIN LEVEL: 0 DIFFERENT FILL-ORIGIN LEVEL: 0
DTLB AVERAGE MISS LATENCY:    11.2631 cycles AVERAGE LOAD MISS LATENCY:       -nan cycles Load Miss          0
DTLB Average MSHR Occupancy:  0.0310496
DTLB RQ	ACCESS:   56428704	FORWARD:          0	MERGED:   17279651	TO_CACHE:   39149053

STLB TOTAL     ACCESS:    3336115  HIT:    3190706  MISS:     145409  HIT %:    95.6414  MISS %:    4.35863   MPKI: 0.727045
STLB LOAD TRANSLATION ACCESS:    3336115  HIT:    3190706  MISS:     145409  HIT %:    95.6414  MISS %:    4.35863   MPKI: 0.727045
STLB PREFETCH  REQUESTED:          0  ISSUED:          0  USEFUL:          0  USELESS:          0
STLB USEFUL LOAD PREFETCHES:          0 PREFETCH ISSUED TO LOWER LEVEL:          0  ACCURACY: -nan
STLB TIMELY PREFETCHES:          0 LATE PREFETCHES: 0 DROPPED PREFETCHES: 0
STLB PREFETCHES SAME FILL-ORIGIN LEVEL: 0 DIFFERENT FILL-ORIGIN LEVEL: 0
STLB AVERAGE MISS LATENCY:    33.2559 cycles AVERAGE LOAD MISS LATENCY:       -nan cycles Load Miss          0
STLB Average MSHR Occupancy: 0.00891524
STLB RQ	ACCESS:    3336115	FORWARD:          0	MERGED:          0	TO_CACHE:    3336115

STLB Hit, L1D data hit: 0
STLB Hit, L2C data hit: 0
STLB Hit, LLC data hit: 0
STLB Hit, LLC data miss: 0
STLB STLB hints to L2: 0
L1D TOTAL     ACCESS:   54665485  HIT:   50575173  MISS:    4090312  HIT %:    92.5176  MISS %:    7.48244   MPKI: 20.4516
L1D LOAD      ACCESS:   33047682  HIT:   30153250  MISS:    2894432  HIT %:    91.2416  MISS %:    8.75835   MPKI: 14.4722
L1D RFO       ACCESS:   21617803  HIT:   20421923  MISS:    1195880  HIT %:    94.4681  MISS %:    5.53192   MPKI: 5.9794
L1D PREFETCH  REQUESTED:          0  ISSUED:          0  USEFUL:          0  USELESS:          0
L1D USEFUL LOAD PREFETCHES:          0 PREFETCH ISSUED TO LOWER LEVEL:          0  ACCURACY: -nan
L1D TIMELY PREFETCHES:          0 LATE PREFETCHES: 0 DROPPED PREFETCHES: 0
L1D PREFETCHES SAME FILL-ORIGIN LEVEL: 0 DIFFERENT FILL-ORIGIN LEVEL: 0
L1D AVERAGE MISS LATENCY:    21.6442 cycles AVERAGE LOAD MISS LATENCY:    19.8303 cycles Load Miss    2894432
L1D Average MSHR Occupancy:   0.162348
L1D RQ	ACCESS:   44530034	FORWARD:          0	MERGED:   11267403	TO_CACHE:   33124878
L1D WQ	ACCESS:   23602131	FORWARD:     137753	MERGED:     298305	TO_CACHE:   23303826

L1D UNIQUE REGIONS ACCESSED: 0
L1D REGIONS CONFLICTS: 0
L1D Cross Page Prefetch Requests: 0
L1D Same Page Prefetch Requests: 0
L1D ROI Sum of L1D PQ occupancy: 0
L1D PREFETCHES PUSHED FROM L2C: 0
L1I TOTAL     ACCESS:   30911362  HIT:   11409607  MISS:   19501755  HIT %:    36.9107  MISS %:    63.0893   MPKI: 97.5088
L1I LOAD      ACCESS:   30911362  HIT:   11409607  MISS:   19501755  HIT %:    36.9107  MISS %:    63.0893   MPKI: 97.5088
L1I PREFETCH  REQUESTED:          0  ISSUED:          0  USEFUL:          0  USELESS:          0
L1I USEFUL LOAD PREFETCHES:          0 PREFETCH ISSUED TO LOWER LEVEL:          0  ACCURACY: -nan
L1I TIMELY PREFETCHES:          0 LATE PREFETCHES: 0 DROPPED PREFETCHES: 0
L1I PREFETCHES SAME FILL-ORIGIN LEVEL: 0 DIFFERENT FILL-ORIGIN LEVEL: 0
L1I AVERAGE MISS LATENCY:    14.1303 cycles AVERAGE LOAD MISS LATENCY:    14.1303 cycles Load Miss   19501755
L1I Average MSHR Occupancy:   0.463865
L1I RQ	ACCESS:   53238872	FORWARD:          0	MERGED:   21816166	TO_CACHE:   31422706

BTB TOTAL     ACCESS:   30235326  HIT:   19389507  MISS:   10845819  HIT %:    64.1287  MISS %:    35.8713   MPKI: 54.2291
BTB BRANCH_DIRECT_JUMP	ACCESS:    1982837  HIT:    1215041  MISS:     767796
BTB BRANCH_INDIRECT	ACCESS:   12253880  HIT:    7828640  MISS:    4425240
BTB BRANCH_CONDITIONAL	ACCESS:    7044735  HIT:    6115358  MISS:     929377
BTB BRANCH_DIRECT_CALL	ACCESS:    3466817  HIT:    2012661  MISS:    1454156
BTB BRANCH_INDIRECT_CALL	ACCESS:    1010163  HIT:     528826  MISS:     481337
BTB BRANCH_RETURN	ACCESS:    4476894  HIT:    1688981  MISS:    2787913
BTB BRANCH_OTHER ACCESS:          0  HIT:          0  MISS:          0

L2C TOTAL     ACCESS:   26497495  HIT:   26146357  MISS:     351138  HIT %:    98.6748  MISS %:    1.32517   MPKI: 1.75569
L2C LOAD      ACCESS:   22396180  HIT:   22203242  MISS:     192938  HIT %:    99.1385  MISS %:   0.861477   MPKI: 0.96469
L2C DATA LOAD MPKI: 0.93624
L2C INSTRUCTION LOAD MPKI: 0.02845
L2C RFO       ACCESS:    1195840  HIT:    1054832  MISS:     141008  HIT %:    88.2085  MISS %:    11.7915   MPKI: 0.70504
L2C PREFETCH  ACCESS:     578502  HIT:     575915  MISS:       2587  HIT %:    99.5528  MISS %:   0.447189   MPKI: 0.012935
AGUS PREFETCH L1 MISS: 0
L2C DATA PREFETCH MPKI: 0.012935
L2C INSTRUCTION PREFETCH MPKI: 0
L2C WRITEBACK ACCESS:    2103323  HIT:    2103098  MISS:        225  HIT %:    99.9893  MISS %:  0.0106974   MPKI: 0.001125
L2C LOAD TRANSLATION ACCESS:     223650  HIT:     209270  MISS:      14380  HIT %:    93.5703  MISS %:    6.42969   MPKI: 0.0719
L2C PREFETCH  REQUESTED:    1280780  ISSUED:    1280420  USEFUL:       2519  USELESS:         64
L2C USEFUL LOAD PREFETCHES:       2519 PREFETCH ISSUED TO LOWER LEVEL:     492516  ACCURACY: 0.511455
L2C TIMELY PREFETCHES:       2519 LATE PREFETCHES: 9774 DROPPED PREFETCHES: 0
L2C PREFETCHES SAME FILL-ORIGIN LEVEL: 12361 DIFFERENT FILL-ORIGIN LEVEL: 480155
L2C AVERAGE MISS LATENCY:    81.6385 cycles AVERAGE LOAD MISS LATENCY:    74.1451 cycles Load Miss     192938
L2C Average MSHR Occupancy:  0.0490479
L2C RQ	ACCESS:   23815717	FORWARD:          0	MERGED:          0	TO_CACHE:   23815670
L2C WQ	ACCESS:    2103323	FORWARD:         47	MERGED:          0	TO_CACHE:    2103323
L2C PQ	ACCESS:    1280420	FORWARD:          0	MERGED:     187565	TO_CACHE:    1092855

L2C Instructions Evicting Data 5267
L2C Translations Evicting Data 13497
L2C Data Evicting Data 312419
L2C Instructions Evicting Instructions 164
L2C Translations Evicting Instructions 277
L2C Data Evicting Instructions 5106
L2C Instructions Evicting Translations 259
L2C Translations Evicting Translations 606
L2C Data Evicting Translations 13318
L2C Dense regions hint from L2: 0
PSCL5 TOTAL     ACCESS:     145409  HIT:     145409  MISS:          0  HIT %:        100  MISS %:          0   MPKI: 0
PSCL5 LOAD TRANSLATION ACCESS:     145409  HIT:     145409  MISS:          0  HIT %:        100  MISS %:          0   MPKI: 0
PSCL5 PREFETCH  REQUESTED:          0  ISSUED:          0  USEFUL:          0  USELESS:          0
PSCL5 USEFUL LOAD PREFETCHES:          0 PREFETCH ISSUED TO LOWER LEVEL:          0  ACCURACY: -nan
PSCL5 TIMELY PREFETCHES:          0 LATE PREFETCHES: 0 DROPPED PREFETCHES: 0
PSCL5 PREFETCHES SAME FILL-ORIGIN LEVEL: 0 DIFFERENT FILL-ORIGIN LEVEL: 0

PSCL4 TOTAL     ACCESS:     142249  HIT:     140968  MISS:       1281  HIT %:    99.0995  MISS %:   0.900534   MPKI: 0.006405
PSCL4 LOAD TRANSLATION ACCESS:     142249  HIT:     140968  MISS:       1281  HIT %:    99.0995  MISS %:   0.900534   MPKI: 0.006405
PSCL4 PREFETCH  REQUESTED:          0  ISSUED:          0  USEFUL:          0  USELESS:          0
PSCL4 USEFUL LOAD PREFETCHES:          0 PREFETCH ISSUED TO LOWER LEVEL:          0  ACCURACY: -nan
PSCL4 TIMELY PREFETCHES:          0 LATE PREFETCHES: 0 DROPPED PREFETCHES: 0
PSCL4 PREFETCHES SAME FILL-ORIGIN LEVEL: 0 DIFFERENT FILL-ORIGIN LEVEL: 0

PSCL3 TOTAL     ACCESS:     134433  HIT:     115243  MISS:      19190  HIT %:    85.7252  MISS %:    14.2748   MPKI: 0.09595
PSCL3 LOAD TRANSLATION ACCESS:     134433  HIT:     115243  MISS:      19190  HIT %:    85.7252  MISS %:    14.2748   MPKI: 0.09595
PSCL3 PREFETCH  REQUESTED:          0  ISSUED:          0  USEFUL:          0  USELESS:          0
PSCL3 USEFUL LOAD PREFETCHES:          0 PREFETCH ISSUED TO LOWER LEVEL:          0  ACCURACY: -nan
PSCL3 TIMELY PREFETCHES:          0 LATE PREFETCHES: 0 DROPPED PREFETCHES: 0
PSCL3 PREFETCHES SAME FILL-ORIGIN LEVEL: 0 DIFFERENT FILL-ORIGIN LEVEL: 0

PSCL2 TOTAL     ACCESS:     145409  HIT:      87639  MISS:      57770  HIT %:    60.2707  MISS %:    39.7293   MPKI: 0.28885
PSCL2 LOAD TRANSLATION ACCESS:     145409  HIT:      87639  MISS:      57770  HIT %:    60.2707  MISS %:    39.7293   MPKI: 0.28885
PSCL2 PREFETCH  REQUESTED:          0  ISSUED:          0  USEFUL:          0  USELESS:          0
PSCL2 USEFUL LOAD PREFETCHES:          0 PREFETCH ISSUED TO LOWER LEVEL:          0  ACCURACY: -nan
PSCL2 TIMELY PREFETCHES:          0 LATE PREFETCHES: 0 DROPPED PREFETCHES: 0
PSCL2 PREFETCHES SAME FILL-ORIGIN LEVEL: 0 DIFFERENT FILL-ORIGIN LEVEL: 0

LLC TOTAL     ACCESS:     974375  HIT:     830372  MISS:     144003  HIT %:     85.221  MISS %:     14.779   MPKI: 0.720015
LLC LOAD      ACCESS:     183164  HIT:     150474  MISS:      32690  HIT %:    82.1526  MISS %:    17.8474   MPKI: 0.16345
LLC RFO       ACCESS:     141008  HIT:     107580  MISS:      33428  HIT %:    76.2935  MISS %:    23.7065   MPKI: 0.16714
LLC PREFETCH  ACCESS:     425642  HIT:     386830  MISS:      38812  HIT %:    90.8815  MISS %:    9.11846   MPKI: 0.19406
AGUS PREFETCH L1 MISS: 0
LLC WRITEBACK ACCESS:     210181  HIT:     173770  MISS:      36411  HIT %:    82.6764  MISS %:    17.3236   MPKI: 0.182055
LLC LOAD TRANSLATION ACCESS:      14380  HIT:      11718  MISS:       2662  HIT %:    81.4882  MISS %:    18.5118   MPKI: 0.01331
LLC PREFETCH  REQUESTED:          0  ISSUED:          0  USEFUL:      12038  USELESS:      19248
LLC USEFUL LOAD PREFETCHES:      12038 PREFETCH ISSUED TO LOWER LEVEL:      43719  ACCURACY: 27.5349
LLC TIMELY PREFETCHES:      12038 LATE PREFETCHES: 4907 DROPPED PREFETCHES: 0
LLC PREFETCHES SAME FILL-ORIGIN LEVEL: 43428 DIFFERENT FILL-ORIGIN LEVEL: 0
LLC AVERAGE MISS LATENCY:    138.274 cycles AVERAGE LOAD MISS LATENCY:    171.376 cycles Load Miss      32690
LLC Average MSHR Occupancy:  0.0345628
LLC RQ	ACCESS:     338552	FORWARD:          0	MERGED:          0	TO_CACHE:     338552
LLC WQ	ACCESS:     210181	FORWARD:          0	MERGED:          0	TO_CACHE:     210181
LLC PQ	ACCESS:     492516	FORWARD:          0	MERGED:      48903	TO_CACHE:     443613

LLC Dense regions hint to LLC: 0

RAW hits: 3448090
Loads Generated: 47978116
Loads sent to L1D: 44530034
Stores Generated: 23602118
Stores sent to L1D: 23602131
Major fault: 0 Minor fault: 5016
Allocated PAGES: 5016
 All Calls: 5837487
 Critical Calls: 5837487
------------------
Depth Distribution
------------------
depth 0: 0
depth 1: 2012147
depth 2: 160687
depth 3: 97001
depth 4: 81889
depth 5: 76317
depth 6: 72630
depth 7: 69194
depth 8: 58258
depth 9: 48449
depth 10: 32358
depth 11: 17618
depth 12: 7091
depth 13: 2428
depth 14: 7
depth 15: 7
depth 16: 0
depth 17: 0
depth 18: 0
depth 19: 0
depth 20: 0
depth 21: 0
depth 22: 0
depth 23: 0
depth 24: 0
depth 25: 0
depth 26: 0
depth 27: 0
depth 28: 0
depth 29: 0
Total: 2736081
-----------------------------
-----------------------------
	Captured at Filter
-----------------------------
depth 0: 0
depth 1: 17068
depth 2: 720
depth 3: 204
depth 4: 176
depth 5: 162
depth 6: 154
depth 7: 139
depth 8: 129
depth 9: 104
depth 10: 64
depth 11: 42
depth 12: 18
depth 13: 8
depth 14: 0
depth 15: 0
depth 16: 0
depth 17: 0
depth 18: 0
depth 19: 0
depth 20: 0
depth 21: 0
depth 22: 0
depth 23: 0
depth 24: 0
depth 25: 0
depth 26: 0
depth 27: 0
depth 28: 0
depth 29: 0
-----------------------------
-----------------------------
		Lost at Page
-----------------------------
depth 0: 0
depth 1: 201200
depth 2: 7277
depth 3: 5570
depth 4: 6153
depth 5: 7326
depth 6: 8608
depth 7: 9890
depth 8: 9866
depth 9: 9469
depth 10: 7273
depth 11: 4643
depth 12: 2158
depth 13: 821
depth 14: 4
depth 15: 4
depth 16: 0
depth 17: 0
depth 18: 0
depth 19: 0
depth 20: 0
depth 21: 0
depth 22: 0
depth 23: 0
depth 24: 0
depth 25: 0
depth 26: 0
depth 27: 0
depth 28: 0
depth 29: 0
-----------------------------
-----------------------------
	Lost due to PQ Size
-----------------------------
23868
-----------------------------
ST read accesses: 2374403
ST write accesses: 520022
PT read accesses: 29344534
PT write accesses: 3077191
FILTER read accesses: 4535938
FILTER write accesses: 420355
GHR read accesses: 5131540
GHR write accesses: 132169
GHR counter read accesses: 22782426
GHR counter write accesses: 2949978
ST tag read accesses: 1381584479
ST tag write accesses: 207167808
================ Mockingjay (LLC) Pollution Stats ================
Total pollution count in LLC: 18583
==================================================================

DRAM Statistics
 CHANNEL 0
 RQ ROW_BUFFER_HIT:      31393  ROW_BUFFER_MISS:      76199
 DBUS_CONGESTED:        112
 WQ ROW_BUFFER_HIT:       5680  ROW_BUFFER_MISS:      50564  FULL:          0

 AVG_CONGESTED_CYCLE: 4
 All warmup complete: 2
Channel 0 Bank busy for read cycles: 0
Channel 0 Bank busy for write cycles: 0
Channel 0
Rank 0
0banks busy for read cycles: 566307403
0banks busy for write cycles: 31137
1banks busy for read cycles: 7545794
1banks busy for write cycles: 4608144
2banks busy for read cycles: 838469
2banks busy for write cycles: 443835
3banks busy for read cycles: 248976
3banks busy for write cycles: 102343
4banks busy for read cycles: 152642
4banks busy for write cycles: 50697
5banks busy for read cycles: 122890
5banks busy for write cycles: 47229
6banks busy for read cycles: 103889
6banks busy for write cycles: 51269
7banks busy for read cycles: 87391
7banks busy for write cycles: 87360
8banks busy for read cycles: 79496
8banks busy for write cycles: 286485

CPU 0 Branch Prediction Accuracy: 99.846% MPKI: 0.268715 Average ROB Occupancy at Mispredict: 33.3514
Branch types
NOT_BRANCH: 165111815 82.5559%
BRANCH_DIRECT_JUMP: 1982837 0.991418%
BRANCH_INDIRECT: 12253880 6.12694%
BRANCH_CONDITIONAL: 11697440 5.84872%
BRANCH_DIRECT_CALL: 3466817 1.73341%
BRANCH_INDIRECT_CALL: 1010163 0.505081%
BRANCH_RETURN: 4476894 2.23845%
BRANCH_OTHER: 0 0%

===================== LRU L1D STATS =====================
Total pollution count in L1D: 0
=========================================================
================ SRRIP (L2C) Pollution Stats ================
Total pollution count in L2c: 369444
==================================================================
DRAM PAGES: 1048576
Allocated PAGES: 5016
