Initialize SIGNATURE TABLE
ST_SET: 1
ST_WAY: 256
ST_TAG_BIT: 16
ST_TAG_MASK: ffff

Initialize PATTERN TABLE
PT_SET: 512
PT_WAY: 4
SIG_DELTA_BIT: 7
C_SIG_BIT: 4
C_DELTA_BIT: 4

Initialize PREFETCH FILTER
FILTER_SET: 1024

*** ChampSim Multicore Out-of-Order Simulator ***

Warmup Instructions: 200000000
Simulation Instructions: 200000000
Number of CPUs: 1
LLC sets: 4096
LLC ways: 12
Off-chip DRAM Size: 4096 MB Channels: 1 Width: 64-bit Data Rate: 6400 MT/s
CPU 0 runs /home1/sweta/traces/qualcomm_traces/srv_20.champsimtrace.xz
.xz
BTB has LRU replacement policy
ITLB has LRU replacement policy
DTLB has LRU replacement policy
STLB has LRU replacement policy
L1I has LRU replacement policy
L1D has LRU replacement policy
ST_WAYS: 256
PT_SETS: 512
Initialize SRRIP state for L2C
Initialize Mockingjay state for LLC
Heartbeat CPU 0 instructions: 10000001 cycles: 2068201 heartbeat IPC: 4.83512 cumulative IPC: 4.83512 (Simulation time: 0 hr 0 min 18 sec) 
Heartbeat CPU 0 instructions: 20000000 cycles: 4129214 heartbeat IPC: 4.85198 cumulative IPC: 4.84354 (Simulation time: 0 hr 0 min 35 sec) 
Heartbeat CPU 0 instructions: 30000007 cycles: 6197357 heartbeat IPC: 4.83526 cumulative IPC: 4.84077 (Simulation time: 0 hr 0 min 53 sec) 
*** Reached end of trace for Core: 0 Repeating trace: /home1/sweta/traces/qualcomm_traces/srv_20.champsimtrace.xz
Heartbeat CPU 0 instructions: 40000004 cycles: 8265166 heartbeat IPC: 4.83604 cumulative IPC: 4.83959 (Simulation time: 0 hr 1 min 11 sec) 
Heartbeat CPU 0 instructions: 50000007 cycles: 10325899 heartbeat IPC: 4.85264 cumulative IPC: 4.84219 (Simulation time: 0 hr 1 min 30 sec) 
Heartbeat CPU 0 instructions: 60000000 cycles: 12393693 heartbeat IPC: 4.83607 cumulative IPC: 4.84117 (Simulation time: 0 hr 1 min 48 sec) 
*** Reached end of trace for Core: 0 Repeating trace: /home1/sweta/traces/qualcomm_traces/srv_20.champsimtrace.xz
Heartbeat CPU 0 instructions: 70000000 cycles: 14460993 heartbeat IPC: 4.83723 cumulative IPC: 4.84061 (Simulation time: 0 hr 2 min 8 sec) 
Heartbeat CPU 0 instructions: 80000006 cycles: 16521781 heartbeat IPC: 4.85252 cumulative IPC: 4.84209 (Simulation time: 0 hr 2 min 29 sec) 
Heartbeat CPU 0 instructions: 90000000 cycles: 18589442 heartbeat IPC: 4.83638 cumulative IPC: 4.84146 (Simulation time: 0 hr 2 min 51 sec) 
*** Reached end of trace for Core: 0 Repeating trace: /home1/sweta/traces/qualcomm_traces/srv_20.champsimtrace.xz
Heartbeat CPU 0 instructions: 100000002 cycles: 20656845 heartbeat IPC: 4.83699 cumulative IPC: 4.84101 (Simulation time: 0 hr 3 min 12 sec) 
Heartbeat CPU 0 instructions: 110000000 cycles: 22717794 heartbeat IPC: 4.85213 cumulative IPC: 4.84202 (Simulation time: 0 hr 3 min 33 sec) 
Heartbeat CPU 0 instructions: 120000006 cycles: 24786161 heartbeat IPC: 4.83473 cumulative IPC: 4.84141 (Simulation time: 0 hr 3 min 53 sec) 
*** Reached end of trace for Core: 0 Repeating trace: /home1/sweta/traces/qualcomm_traces/srv_20.champsimtrace.xz
Heartbeat CPU 0 instructions: 130000000 cycles: 26853673 heartbeat IPC: 4.83673 cumulative IPC: 4.84105 (Simulation time: 0 hr 4 min 14 sec) 
Heartbeat CPU 0 instructions: 140000003 cycles: 28914608 heartbeat IPC: 4.85217 cumulative IPC: 4.84184 (Simulation time: 0 hr 4 min 35 sec) 
Heartbeat CPU 0 instructions: 150000000 cycles: 30982404 heartbeat IPC: 4.83607 cumulative IPC: 4.84146 (Simulation time: 0 hr 4 min 56 sec) 
*** Reached end of trace for Core: 0 Repeating trace: /home1/sweta/traces/qualcomm_traces/srv_20.champsimtrace.xz
Heartbeat CPU 0 instructions: 160000007 cycles: 33050313 heartbeat IPC: 4.83581 cumulative IPC: 4.8411 (Simulation time: 0 hr 5 min 16 sec) 
Heartbeat CPU 0 instructions: 170000006 cycles: 35110595 heartbeat IPC: 4.8537 cumulative IPC: 4.84184 (Simulation time: 0 hr 5 min 37 sec) 
Heartbeat CPU 0 instructions: 180000000 cycles: 37178578 heartbeat IPC: 4.83563 cumulative IPC: 4.8415 (Simulation time: 0 hr 6 min 2 sec) 
*** Reached end of trace for Core: 0 Repeating trace: /home1/sweta/traces/qualcomm_traces/srv_20.champsimtrace.xz
Heartbeat CPU 0 instructions: 190000005 cycles: 39246514 heartbeat IPC: 4.83574 cumulative IPC: 4.84119 (Simulation time: 0 hr 6 min 29 sec) 
Heartbeat CPU 0 instructions: 200000002 cycles: 41306598 heartbeat IPC: 4.85417 cumulative IPC: 4.84184 (Simulation time: 0 hr 6 min 53 sec) 

Warmup complete CPU 0 instructions: 200000002 cycles: 41306598 (Simulation time: 0 hr 6 min 53 sec) 

Heartbeat CPU 0 instructions: 210000002 cycles: 71523709 heartbeat IPC: 0.330938 cumulative IPC: 0.330938 (Simulation time: 0 hr 7 min 25 sec) 
*** Reached end of trace for Core: 0 Repeating trace: /home1/sweta/traces/qualcomm_traces/srv_20.champsimtrace.xz
Heartbeat CPU 0 instructions: 220000000 cycles: 101774406 heartbeat IPC: 0.330571 cumulative IPC: 0.330754 (Simulation time: 0 hr 7 min 57 sec) 
Heartbeat CPU 0 instructions: 230000000 cycles: 132132965 heartbeat IPC: 0.329396 cumulative IPC: 0.330301 (Simulation time: 0 hr 8 min 30 sec) 
Heartbeat CPU 0 instructions: 240000000 cycles: 162395409 heartbeat IPC: 0.330443 cumulative IPC: 0.330336 (Simulation time: 0 hr 9 min 3 sec) 
*** Reached end of trace for Core: 0 Repeating trace: /home1/sweta/traces/qualcomm_traces/srv_20.champsimtrace.xz
Heartbeat CPU 0 instructions: 250000002 cycles: 192700901 heartbeat IPC: 0.329973 cumulative IPC: 0.330263 (Simulation time: 0 hr 9 min 36 sec) 
Heartbeat CPU 0 instructions: 260000000 cycles: 223005067 heartbeat IPC: 0.329988 cumulative IPC: 0.330217 (Simulation time: 0 hr 10 min 9 sec) 
Heartbeat CPU 0 instructions: 270000000 cycles: 253185668 heartbeat IPC: 0.331339 cumulative IPC: 0.330377 (Simulation time: 0 hr 10 min 42 sec) 
Heartbeat CPU 0 instructions: 280000001 cycles: 283506867 heartbeat IPC: 0.329802 cumulative IPC: 0.330305 (Simulation time: 0 hr 11 min 16 sec) 
*** Reached end of trace for Core: 0 Repeating trace: /home1/sweta/traces/qualcomm_traces/srv_20.champsimtrace.xz
Heartbeat CPU 0 instructions: 290000003 cycles: 313772067 heartbeat IPC: 0.330413 cumulative IPC: 0.330317 (Simulation time: 0 hr 11 min 47 sec) 
Heartbeat CPU 0 instructions: 300000001 cycles: 343994025 heartbeat IPC: 0.330885 cumulative IPC: 0.330374 (Simulation time: 0 hr 12 min 19 sec) 
Heartbeat CPU 0 instructions: 310000003 cycles: 374313745 heartbeat IPC: 0.329818 cumulative IPC: 0.330323 (Simulation time: 0 hr 12 min 50 sec) 
*** Reached end of trace for Core: 0 Repeating trace: /home1/sweta/traces/qualcomm_traces/srv_20.champsimtrace.xz
Heartbeat CPU 0 instructions: 320000000 cycles: 404562987 heartbeat IPC: 0.330587 cumulative IPC: 0.330345 (Simulation time: 0 hr 13 min 22 sec) 
Heartbeat CPU 0 instructions: 330000004 cycles: 434814948 heartbeat IPC: 0.330557 cumulative IPC: 0.330361 (Simulation time: 0 hr 13 min 55 sec) 
Heartbeat CPU 0 instructions: 340000000 cycles: 465074575 heartbeat IPC: 0.330473 cumulative IPC: 0.330369 (Simulation time: 0 hr 14 min 28 sec) 
*** Reached end of trace for Core: 0 Repeating trace: /home1/sweta/traces/qualcomm_traces/srv_20.champsimtrace.xz
Heartbeat CPU 0 instructions: 350000005 cycles: 495356998 heartbeat IPC: 0.330225 cumulative IPC: 0.33036 (Simulation time: 0 hr 15 min 9 sec) 
Heartbeat CPU 0 instructions: 360000000 cycles: 525642489 heartbeat IPC: 0.330191 cumulative IPC: 0.330349 (Simulation time: 0 hr 15 min 43 sec) 
Heartbeat CPU 0 instructions: 370000001 cycles: 555864034 heartbeat IPC: 0.33089 cumulative IPC: 0.330381 (Simulation time: 0 hr 16 min 16 sec) 
*** Reached end of trace for Core: 0 Repeating trace: /home1/sweta/traces/qualcomm_traces/srv_20.champsimtrace.xz
Heartbeat CPU 0 instructions: 380000001 cycles: 586139980 heartbeat IPC: 0.330295 cumulative IPC: 0.330376 (Simulation time: 0 hr 16 min 48 sec) 
Heartbeat CPU 0 instructions: 390000002 cycles: 616508619 heartbeat IPC: 0.329287 cumulative IPC: 0.330319 (Simulation time: 0 hr 17 min 21 sec) 
Heartbeat CPU 0 instructions: 400000002 cycles: 646732712 heartbeat IPC: 0.330862 cumulative IPC: 0.330346 (Simulation time: 0 hr 17 min 53 sec) 
Finished CPU 0 instructions: 200000000 cycles: 605426114 cumulative IPC: 0.330346 (Simulation time: 0 hr 17 min 53 sec) 

ChampSim completed all CPUs

Region of Interest Statistics

CPU 0 cumulative IPC: 0.330346 instructions: 200000000 cycles: 605426114
ITLB TOTAL     ACCESS:   25774744  HIT:   23741951  MISS:    2032793  HIT %:    92.1132  MISS %:    7.88676   MPKI: 10.164
ITLB LOAD TRANSLATION ACCESS:   25774744  HIT:   23741951  MISS:    2032793  HIT %:    92.1132  MISS %:    7.88676   MPKI: 10.164
ITLB PREFETCH  REQUESTED:          0  ISSUED:          0  USEFUL:          0  USELESS:          0
ITLB USEFUL LOAD PREFETCHES:          0 PREFETCH ISSUED TO LOWER LEVEL:          0  ACCURACY: -nan
ITLB TIMELY PREFETCHES:          0 LATE PREFETCHES: 0 DROPPED PREFETCHES: 0
ITLB PREFETCHES SAME FILL-ORIGIN LEVEL: 0 DIFFERENT FILL-ORIGIN LEVEL: 0
ITLB AVERAGE MISS LATENCY:    9.01995 cycles AVERAGE LOAD MISS LATENCY:       -nan cycles Load Miss          0
ITLB Average MSHR Occupancy:  0.0269714
ITLB RQ	ACCESS:   31186729	FORWARD:          0	MERGED:    4226468	TO_CACHE:   26960261

DTLB TOTAL     ACCESS:   42172586  HIT:   40332224  MISS:    1840362  HIT %:    95.6361  MISS %:    4.36388   MPKI: 9.20181
DTLB LOAD TRANSLATION ACCESS:   42172586  HIT:   40332224  MISS:    1840362  HIT %:    95.6361  MISS %:    4.36388   MPKI: 9.20181
DTLB PREFETCH  REQUESTED:          0  ISSUED:          0  USEFUL:          0  USELESS:          0
DTLB USEFUL LOAD PREFETCHES:          0 PREFETCH ISSUED TO LOWER LEVEL:          0  ACCURACY: -nan
DTLB TIMELY PREFETCHES:          0 LATE PREFETCHES: 0 DROPPED PREFETCHES: 0
DTLB PREFETCHES SAME FILL-ORIGIN LEVEL: 0 DIFFERENT FILL-ORIGIN LEVEL: 0
DTLB AVERAGE MISS LATENCY:    9.09926 cycles AVERAGE LOAD MISS LATENCY:       -nan cycles Load Miss          0
DTLB Average MSHR Occupancy:  0.0249676
DTLB RQ	ACCESS:   58271488	FORWARD:          0	MERGED:   16034742	TO_CACHE:   42236746

STLB TOTAL     ACCESS:    3873155  HIT:    3864877  MISS:       8278  HIT %:    99.7863  MISS %:   0.213728   MPKI: 0.04139
STLB LOAD TRANSLATION ACCESS:    3873155  HIT:    3864877  MISS:       8278  HIT %:    99.7863  MISS %:   0.213728   MPKI: 0.04139
STLB PREFETCH  REQUESTED:          0  ISSUED:          0  USEFUL:          0  USELESS:          0
STLB USEFUL LOAD PREFETCHES:          0 PREFETCH ISSUED TO LOWER LEVEL:          0  ACCURACY: -nan
STLB TIMELY PREFETCHES:          0 LATE PREFETCHES: 0 DROPPED PREFETCHES: 0
STLB PREFETCHES SAME FILL-ORIGIN LEVEL: 0 DIFFERENT FILL-ORIGIN LEVEL: 0
STLB AVERAGE MISS LATENCY:    21.4748 cycles AVERAGE LOAD MISS LATENCY:       -nan cycles Load Miss          0
STLB Average MSHR Occupancy: 0.000315594
STLB RQ	ACCESS:    3873155	FORWARD:          0	MERGED:          0	TO_CACHE:    3873155

STLB Hit, L1D data hit: 0
STLB Hit, L2C data hit: 0
STLB Hit, LLC data hit: 0
STLB Hit, LLC data miss: 0
STLB STLB hints to L2: 0
L1D TOTAL     ACCESS:   56450879  HIT:   52491348  MISS:    3959531  HIT %:    92.9859  MISS %:    7.01412   MPKI: 19.7977
L1D LOAD      ACCESS:   31538828  HIT:   28703738  MISS:    2835090  HIT %:    91.0108  MISS %:    8.98921   MPKI: 14.1754
L1D RFO       ACCESS:   24912051  HIT:   23787610  MISS:    1124441  HIT %:    95.4864  MISS %:    4.51364   MPKI: 5.62221
L1D PREFETCH  REQUESTED:          0  ISSUED:          0  USEFUL:          0  USELESS:          0
L1D USEFUL LOAD PREFETCHES:          0 PREFETCH ISSUED TO LOWER LEVEL:          0  ACCURACY: -nan
L1D TIMELY PREFETCHES:          0 LATE PREFETCHES: 0 DROPPED PREFETCHES: 0
L1D PREFETCHES SAME FILL-ORIGIN LEVEL: 0 DIFFERENT FILL-ORIGIN LEVEL: 0
L1D AVERAGE MISS LATENCY:    15.2243 cycles AVERAGE LOAD MISS LATENCY:    15.1859 cycles Load Miss    2835090
L1D Average MSHR Occupancy:   0.109175
L1D RQ	ACCESS:   45133939	FORWARD:          0	MERGED:   13376692	TO_CACHE:   31594396
L1D WQ	ACCESS:   26958067	FORWARD:     162851	MERGED:     280975	TO_CACHE:   26677092

L1D UNIQUE REGIONS ACCESSED: 0
L1D REGIONS CONFLICTS: 0
L1D Cross Page Prefetch Requests: 0
L1D Same Page Prefetch Requests: 0
L1D ROI Sum of L1D PQ occupancy: 0
L1D PREFETCHES PUSHED FROM L2C: 0
L1I TOTAL     ACCESS:   30824107  HIT:    8238857  MISS:   22585250  HIT %:    26.7286  MISS %:    73.2714   MPKI: 112.926
L1I LOAD      ACCESS:   30824107  HIT:    8238857  MISS:   22585250  HIT %:    26.7286  MISS %:    73.2714   MPKI: 112.926
L1I PREFETCH  REQUESTED:          0  ISSUED:          0  USEFUL:          0  USELESS:          0
L1I USEFUL LOAD PREFETCHES:          0 PREFETCH ISSUED TO LOWER LEVEL:          0  ACCURACY: -nan
L1I TIMELY PREFETCHES:          0 LATE PREFETCHES: 0 DROPPED PREFETCHES: 0
L1I PREFETCHES SAME FILL-ORIGIN LEVEL: 0 DIFFERENT FILL-ORIGIN LEVEL: 0
L1I AVERAGE MISS LATENCY:    14.1241 cycles AVERAGE LOAD MISS LATENCY:    14.1241 cycles Load Miss   22585250
L1I Average MSHR Occupancy:   0.515212
L1I RQ	ACCESS:   48950840	FORWARD:          0	MERGED:   17764111	TO_CACHE:   31186729

BTB TOTAL     ACCESS:   29992893  HIT:   17275111  MISS:   12717782  HIT %:    57.5973  MISS %:    42.4027   MPKI: 63.5889
BTB BRANCH_DIRECT_JUMP	ACCESS:    2026108  HIT:    1135342  MISS:     890766
BTB BRANCH_INDIRECT	ACCESS:   11874425  HIT:    7044944  MISS:    4829481
BTB BRANCH_CONDITIONAL	ACCESS:    7554286  HIT:    6217347  MISS:    1336939
BTB BRANCH_DIRECT_CALL	ACCESS:    3601374  HIT:    1506777  MISS:    2094597
BTB BRANCH_INDIRECT_CALL	ACCESS:     667693  HIT:     262149  MISS:     405544
BTB BRANCH_RETURN	ACCESS:    4269007  HIT:    1108552  MISS:    3160455
BTB BRANCH_OTHER ACCESS:          0  HIT:          0  MISS:          0

L2C TOTAL     ACCESS:   30056819  HIT:   30041140  MISS:      15679  HIT %:    99.9478  MISS %:  0.0521645   MPKI: 0.078395
L2C LOAD      ACCESS:   25420327  HIT:   25412008  MISS:       8319  HIT %:    99.9673  MISS %:  0.0327258   MPKI: 0.041595
L2C DATA LOAD MPKI: 0.037995
L2C INSTRUCTION LOAD MPKI: 0.0036
L2C RFO       ACCESS:    1124412  HIT:    1117874  MISS:       6538  HIT %:    99.4185  MISS %:   0.581459   MPKI: 0.03269
L2C PREFETCH  ACCESS:    1537714  HIT:    1537082  MISS:        632  HIT %:    99.9589  MISS %:     0.0411   MPKI: 0.00316
AGUS PREFETCH L1 MISS: 0
L2C DATA PREFETCH MPKI: 0.00316
L2C INSTRUCTION PREFETCH MPKI: 0
L2C WRITEBACK ACCESS:    1965181  HIT:    1965177  MISS:          4  HIT %:    99.9998  MISS %: 0.000203544   MPKI: 2e-05
L2C LOAD TRANSLATION ACCESS:       9185  HIT:       8999  MISS:        186  HIT %:     97.975  MISS %:    2.02504   MPKI: 0.00093
L2C PREFETCH  REQUESTED:    2603076  ISSUED:    2603076  USEFUL:        494  USELESS:         45
L2C USEFUL LOAD PREFETCHES:        494 PREFETCH ISSUED TO LOWER LEVEL:     927060  ACCURACY: 0.0532867
L2C TIMELY PREFETCHES:        494 LATE PREFETCHES: 474 DROPPED PREFETCHES: 0
L2C PREFETCHES SAME FILL-ORIGIN LEVEL: 1106 DIFFERENT FILL-ORIGIN LEVEL: 925954
L2C AVERAGE MISS LATENCY:    45.5215 cycles AVERAGE LOAD MISS LATENCY:    45.2426 cycles Load Miss       8319
L2C Average MSHR Occupancy: 0.00122038
L2C RQ	ACCESS:   26553965	FORWARD:          0	MERGED:          0	TO_CACHE:   26553924
L2C WQ	ACCESS:    1965181	FORWARD:         43	MERGED:          0	TO_CACHE:    1965181
L2C PQ	ACCESS:    2603076	FORWARD:          0	MERGED:     136467	TO_CACHE:    2466607

L2C Instructions Evicting Data 667
L2C Translations Evicting Data 165
L2C Data Evicting Data 13903
L2C Instructions Evicting Instructions 50
L2C Translations Evicting Instructions 6
L2C Data Evicting Instructions 615
L2C Instructions Evicting Translations 3
L2C Translations Evicting Translations 15
L2C Data Evicting Translations 163
L2C Dense regions hint from L2: 0
PSCL5 TOTAL     ACCESS:       8278  HIT:       8278  MISS:          0  HIT %:        100  MISS %:          0   MPKI: 0
PSCL5 LOAD TRANSLATION ACCESS:       8278  HIT:       8278  MISS:          0  HIT %:        100  MISS %:          0   MPKI: 0
PSCL5 PREFETCH  REQUESTED:          0  ISSUED:          0  USEFUL:          0  USELESS:          0
PSCL5 USEFUL LOAD PREFETCHES:          0 PREFETCH ISSUED TO LOWER LEVEL:          0  ACCURACY: -nan
PSCL5 TIMELY PREFETCHES:          0 LATE PREFETCHES: 0 DROPPED PREFETCHES: 0
PSCL5 PREFETCHES SAME FILL-ORIGIN LEVEL: 0 DIFFERENT FILL-ORIGIN LEVEL: 0

PSCL4 TOTAL     ACCESS:       7659  HIT:       7552  MISS:        107  HIT %:     98.603  MISS %:    1.39705   MPKI: 0.000535
PSCL4 LOAD TRANSLATION ACCESS:       7659  HIT:       7552  MISS:        107  HIT %:     98.603  MISS %:    1.39705   MPKI: 0.000535
PSCL4 PREFETCH  REQUESTED:          0  ISSUED:          0  USEFUL:          0  USELESS:          0
PSCL4 USEFUL LOAD PREFETCHES:          0 PREFETCH ISSUED TO LOWER LEVEL:          0  ACCURACY: -nan
PSCL4 TIMELY PREFETCHES:          0 LATE PREFETCHES: 0 DROPPED PREFETCHES: 0
PSCL4 PREFETCHES SAME FILL-ORIGIN LEVEL: 0 DIFFERENT FILL-ORIGIN LEVEL: 0

PSCL3 TOTAL     ACCESS:       7891  HIT:       7784  MISS:        107  HIT %:     98.644  MISS %:    1.35598   MPKI: 0.000535
PSCL3 LOAD TRANSLATION ACCESS:       7891  HIT:       7784  MISS:        107  HIT %:     98.644  MISS %:    1.35598   MPKI: 0.000535
PSCL3 PREFETCH  REQUESTED:          0  ISSUED:          0  USEFUL:          0  USELESS:          0
PSCL3 USEFUL LOAD PREFETCHES:          0 PREFETCH ISSUED TO LOWER LEVEL:          0  ACCURACY: -nan
PSCL3 TIMELY PREFETCHES:          0 LATE PREFETCHES: 0 DROPPED PREFETCHES: 0
PSCL3 PREFETCHES SAME FILL-ORIGIN LEVEL: 0 DIFFERENT FILL-ORIGIN LEVEL: 0

PSCL2 TOTAL     ACCESS:       8278  HIT:       7585  MISS:        693  HIT %:    91.6284  MISS %:    8.37159   MPKI: 0.003465
PSCL2 LOAD TRANSLATION ACCESS:       8278  HIT:       7585  MISS:        693  HIT %:    91.6284  MISS %:    8.37159   MPKI: 0.003465
PSCL2 PREFETCH  REQUESTED:          0  ISSUED:          0  USEFUL:          0  USELESS:          0
PSCL2 USEFUL LOAD PREFETCHES:          0 PREFETCH ISSUED TO LOWER LEVEL:          0  ACCURACY: -nan
PSCL2 TIMELY PREFETCHES:          0 LATE PREFETCHES: 0 DROPPED PREFETCHES: 0
PSCL2 PREFETCHES SAME FILL-ORIGIN LEVEL: 0 DIFFERENT FILL-ORIGIN LEVEL: 0

LLC TOTAL     ACCESS:     943690  HIT:     939812  MISS:       3878  HIT %:    99.5891  MISS %:    0.41094   MPKI: 0.01939
LLC LOAD      ACCESS:       7845  HIT:       7751  MISS:         94  HIT %:    98.8018  MISS %:    1.19822   MPKI: 0.00047
LLC RFO       ACCESS:       6538  HIT:       6510  MISS:         28  HIT %:    99.5717  MISS %:   0.428266   MPKI: 0.00014
LLC PREFETCH  ACCESS:     922242  HIT:     918527  MISS:       3715  HIT %:    99.5972  MISS %:   0.402823   MPKI: 0.018575
AGUS PREFETCH L1 MISS: 0
LLC WRITEBACK ACCESS:       6879  HIT:       6845  MISS:         34  HIT %:    99.5057  MISS %:   0.494258   MPKI: 0.00017
LLC LOAD TRANSLATION ACCESS:        186  HIT:        179  MISS:          7  HIT %:    96.2366  MISS %:    3.76344   MPKI: 3.5e-05
LLC PREFETCH  REQUESTED:          0  ISSUED:          0  USEFUL:          5  USELESS:        245
LLC USEFUL LOAD PREFETCHES:          5 PREFETCH ISSUED TO LOWER LEVEL:       3745  ACCURACY: 0.133511
LLC TIMELY PREFETCHES:          5 LATE PREFETCHES: 30 DROPPED PREFETCHES: 0
LLC PREFETCHES SAME FILL-ORIGIN LEVEL: 3737 DIFFERENT FILL-ORIGIN LEVEL: 0
LLC AVERAGE MISS LATENCY:     177.21 cycles AVERAGE LOAD MISS LATENCY:    177.883 cycles Load Miss         94
LLC Average MSHR Occupancy: 0.00112903
LLC RQ	ACCESS:      14569	FORWARD:          0	MERGED:          0	TO_CACHE:      14569
LLC WQ	ACCESS:       6879	FORWARD:          0	MERGED:          0	TO_CACHE:       6879
LLC PQ	ACCESS:     927060	FORWARD:          0	MERGED:       4713	TO_CACHE:     922347

LLC Dense regions hint to LLC: 0

RAW hits: 3805029
Loads Generated: 48938963
Loads sent to L1D: 45133939
Stores Generated: 26958054
Stores sent to L1D: 26958067
Major fault: 0 Minor fault: 1949
Allocated PAGES: 1949
 All Calls: 5697432
 Critical Calls: 5697432
------------------
Depth Distribution
------------------
depth 0: 0
depth 1: 3750952
depth 2: 354626
depth 3: 181687
depth 4: 107875
depth 5: 67707
depth 6: 47731
depth 7: 34112
depth 8: 24231
depth 9: 16252
depth 10: 9181
depth 11: 5272
depth 12: 2735
depth 13: 954
depth 14: 21
depth 15: 22
depth 16: 0
depth 17: 0
depth 18: 0
depth 19: 0
depth 20: 0
depth 21: 0
depth 22: 0
depth 23: 0
depth 24: 0
depth 25: 0
depth 26: 0
depth 27: 0
depth 28: 0
depth 29: 0
Total: 4603358
-----------------------------
-----------------------------
	Captured at Filter
-----------------------------
depth 0: 0
depth 1: 323355
depth 2: 178114
depth 3: 123777
depth 4: 44437
depth 5: 13463
depth 6: 3679
depth 7: 1366
depth 8: 563
depth 9: 294
depth 10: 160
depth 11: 91
depth 12: 40
depth 13: 25
depth 14: 1
depth 15: 0
depth 16: 0
depth 17: 0
depth 18: 0
depth 19: 0
depth 20: 0
depth 21: 0
depth 22: 0
depth 23: 0
depth 24: 0
depth 25: 0
depth 26: 0
depth 27: 0
depth 28: 0
depth 29: 0
-----------------------------
-----------------------------
		Lost at Page
-----------------------------
depth 0: 0
depth 1: 319830
depth 2: 19916
depth 3: 13373
depth 4: 7908
depth 5: 6310
depth 6: 5150
depth 7: 4404
depth 8: 3552
depth 9: 2719
depth 10: 1744
depth 11: 1123
depth 12: 657
depth 13: 271
depth 14: 8
depth 15: 8
depth 16: 0
depth 17: 0
depth 18: 0
depth 19: 0
depth 20: 0
depth 21: 0
depth 22: 0
depth 23: 0
depth 24: 0
depth 25: 0
depth 26: 0
depth 27: 0
depth 28: 0
depth 29: 0
-----------------------------
-----------------------------
	Lost due to PQ Size
-----------------------------
104204
-----------------------------
ST read accesses: 2356997
ST write accesses: 478081
PT read accesses: 33190758
PT write accesses: 3030958
FILTER read accesses: 5723556
FILTER write accesses: 61080
GHR read accesses: 5476881
GHR write accesses: 220311
GHR counter read accesses: 28142752
GHR counter write accesses: 2879897
ST tag read accesses: 1314622122
ST tag write accesses: 221135313
================ Mockingjay (LLC) Pollution Stats ================
Total pollution count in LLC: 71
==================================================================

DRAM Statistics
 CHANNEL 0
 RQ ROW_BUFFER_HIT:        276  ROW_BUFFER_MISS:       3568
 DBUS_CONGESTED:          0
 WQ ROW_BUFFER_HIT:          0  ROW_BUFFER_MISS:         91  FULL:          0

 AVG_CONGESTED_CYCLE: -
 All warmup complete: 2
Channel 0 Bank busy for read cycles: 0
Channel 0 Bank busy for write cycles: 0
Channel 0
Rank 0
0banks busy for read cycles: 604935724
0banks busy for write cycles: 91
1banks busy for read cycles: 428388
1banks busy for write cycles: 13734
2banks busy for read cycles: 33561
2banks busy for write cycles: 0
3banks busy for read cycles: 8873
3banks busy for write cycles: 0
4banks busy for read cycles: 3345
4banks busy for write cycles: 0
5banks busy for read cycles: 1433
5banks busy for write cycles: 0
6banks busy for read cycles: 559
6banks busy for write cycles: 0
7banks busy for read cycles: 284
7banks busy for write cycles: 0
8banks busy for read cycles: 123
8banks busy for write cycles: 0

CPU 0 Branch Prediction Accuracy: 99.8989% MPKI: 0.177575 Average ROB Occupancy at Mispredict: 27.3973
Branch types
NOT_BRANCH: 164868108 82.4341%
BRANCH_DIRECT_JUMP: 2026108 1.01305%
BRANCH_INDIRECT: 11874425 5.93721%
BRANCH_CONDITIONAL: 12692793 6.3464%
BRANCH_DIRECT_CALL: 3601374 1.80069%
BRANCH_INDIRECT_CALL: 667693 0.333846%
BRANCH_RETURN: 4269007 2.1345%
BRANCH_OTHER: 0 0%

===================== LRU L1D STATS =====================
Total pollution count in L1D: 0
=========================================================
================ SRRIP (L2C) Pollution Stats ================
Total pollution count in L2c: 18228
==================================================================
DRAM PAGES: 1048576
Allocated PAGES: 1949
