Initialize SIGNATURE TABLE
ST_SET: 1
ST_WAY: 256
ST_TAG_BIT: 16
ST_TAG_MASK: ffff

Initialize PATTERN TABLE
PT_SET: 512
PT_WAY: 4
SIG_DELTA_BIT: 7
C_SIG_BIT: 4
C_DELTA_BIT: 4

Initialize PREFETCH FILTER
FILTER_SET: 1024

*** ChampSim Multicore Out-of-Order Simulator ***

Warmup Instructions: 200000000
Simulation Instructions: 200000000
Number of CPUs: 1
LLC sets: 4096
LLC ways: 12
Off-chip DRAM Size: 4096 MB Channels: 1 Width: 64-bit Data Rate: 6400 MT/s
CPU 0 runs /home1/sweta/traces/qualcomm_traces/srv_11.champsimtrace.xz
.xz
BTB has LRU replacement policy
ITLB has LRU replacement policy
DTLB has LRU replacement policy
STLB has LRU replacement policy
L1I has LRU replacement policy
L1D has LRU replacement policy
ST_WAYS: 256
PT_SETS: 512
Initialize SRRIP state for L2C
Initialize Mockingjay state for LLC
Heartbeat CPU 0 instructions: 10000002 cycles: 2549338 heartbeat IPC: 3.92259 cumulative IPC: 3.92259 (Simulation time: 0 hr 0 min 20 sec) 
Heartbeat CPU 0 instructions: 20000000 cycles: 6473878 heartbeat IPC: 2.54807 cumulative IPC: 3.08934 (Simulation time: 0 hr 0 min 47 sec) 
Heartbeat CPU 0 instructions: 30000000 cycles: 8390575 heartbeat IPC: 5.21731 cumulative IPC: 3.57544 (Simulation time: 0 hr 1 min 4 sec) 
*** Reached end of trace for Core: 0 Repeating trace: /home1/sweta/traces/qualcomm_traces/srv_11.champsimtrace.xz
Heartbeat CPU 0 instructions: 40000001 cycles: 10743722 heartbeat IPC: 4.24963 cumulative IPC: 3.7231 (Simulation time: 0 hr 1 min 24 sec) 
Heartbeat CPU 0 instructions: 50000002 cycles: 14854266 heartbeat IPC: 2.43277 cumulative IPC: 3.36604 (Simulation time: 0 hr 1 min 54 sec) 
Heartbeat CPU 0 instructions: 60000000 cycles: 16779672 heartbeat IPC: 5.19371 cumulative IPC: 3.57576 (Simulation time: 0 hr 2 min 13 sec) 
*** Reached end of trace for Core: 0 Repeating trace: /home1/sweta/traces/qualcomm_traces/srv_11.champsimtrace.xz
Heartbeat CPU 0 instructions: 70000003 cycles: 18701009 heartbeat IPC: 5.20471 cumulative IPC: 3.74311 (Simulation time: 0 hr 2 min 34 sec) 
Heartbeat CPU 0 instructions: 80000002 cycles: 23091196 heartbeat IPC: 2.27781 cumulative IPC: 3.46452 (Simulation time: 0 hr 3 min 9 sec) 
Heartbeat CPU 0 instructions: 90000000 cycles: 25171644 heartbeat IPC: 4.80666 cumulative IPC: 3.57545 (Simulation time: 0 hr 3 min 31 sec) 
*** Reached end of trace for Core: 0 Repeating trace: /home1/sweta/traces/qualcomm_traces/srv_11.champsimtrace.xz
Heartbeat CPU 0 instructions: 100000004 cycles: 27090971 heartbeat IPC: 5.21016 cumulative IPC: 3.69127 (Simulation time: 0 hr 3 min 52 sec) 
Heartbeat CPU 0 instructions: 110000007 cycles: 31301803 heartbeat IPC: 2.37483 cumulative IPC: 3.51417 (Simulation time: 0 hr 4 min 25 sec) 
Heartbeat CPU 0 instructions: 120000000 cycles: 33563560 heartbeat IPC: 4.42134 cumulative IPC: 3.57531 (Simulation time: 0 hr 4 min 48 sec) 
*** Reached end of trace for Core: 0 Repeating trace: /home1/sweta/traces/qualcomm_traces/srv_11.champsimtrace.xz
Heartbeat CPU 0 instructions: 130000005 cycles: 35483303 heartbeat IPC: 5.20903 cumulative IPC: 3.6637 (Simulation time: 0 hr 5 min 9 sec) 
Heartbeat CPU 0 instructions: 140000002 cycles: 39513453 heartbeat IPC: 2.4813 cumulative IPC: 3.5431 (Simulation time: 0 hr 5 min 41 sec) 
Heartbeat CPU 0 instructions: 150000004 cycles: 41955187 heartbeat IPC: 4.09545 cumulative IPC: 3.57524 (Simulation time: 0 hr 6 min 8 sec) 
*** Reached end of trace for Core: 0 Repeating trace: /home1/sweta/traces/qualcomm_traces/srv_11.champsimtrace.xz
Heartbeat CPU 0 instructions: 160000000 cycles: 43874335 heartbeat IPC: 5.21064 cumulative IPC: 3.64678 (Simulation time: 0 hr 6 min 34 sec) 
Heartbeat CPU 0 instructions: 170000000 cycles: 47723988 heartbeat IPC: 2.59764 cumulative IPC: 3.56215 (Simulation time: 0 hr 7 min 10 sec) 
Heartbeat CPU 0 instructions: 180000000 cycles: 50346981 heartbeat IPC: 3.81244 cumulative IPC: 3.57519 (Simulation time: 0 hr 7 min 39 sec) 
*** Reached end of trace for Core: 0 Repeating trace: /home1/sweta/traces/qualcomm_traces/srv_11.champsimtrace.xz
Heartbeat CPU 0 instructions: 190000004 cycles: 52266295 heartbeat IPC: 5.2102 cumulative IPC: 3.63523 (Simulation time: 0 hr 8 min 3 sec) 
Heartbeat CPU 0 instructions: 200000000 cycles: 55935833 heartbeat IPC: 2.72514 cumulative IPC: 3.57553 (Simulation time: 0 hr 8 min 35 sec) 

Warmup complete CPU 0 instructions: 200000001 cycles: 55935834 (Simulation time: 0 hr 8 min 35 sec) 

Heartbeat CPU 0 instructions: 210000001 cycles: 81145356 heartbeat IPC: 0.396676 cumulative IPC: 0.396675 (Simulation time: 0 hr 9 min 12 sec) 
*** Reached end of trace for Core: 0 Repeating trace: /home1/sweta/traces/qualcomm_traces/srv_11.champsimtrace.xz
Heartbeat CPU 0 instructions: 220000004 cycles: 97660326 heartbeat IPC: 0.605511 cumulative IPC: 0.479335 (Simulation time: 0 hr 9 min 42 sec) 
Heartbeat CPU 0 instructions: 230000000 cycles: 129638035 heartbeat IPC: 0.312718 cumulative IPC: 0.407043 (Simulation time: 0 hr 10 min 22 sec) 
Heartbeat CPU 0 instructions: 240000002 cycles: 156606567 heartbeat IPC: 0.370803 cumulative IPC: 0.397335 (Simulation time: 0 hr 10 min 59 sec) 
*** Reached end of trace for Core: 0 Repeating trace: /home1/sweta/traces/qualcomm_traces/srv_11.champsimtrace.xz
Heartbeat CPU 0 instructions: 250000007 cycles: 173090708 heartbeat IPC: 0.606644 cumulative IPC: 0.426786 (Simulation time: 0 hr 11 min 29 sec) 
Heartbeat CPU 0 instructions: 260000000 cycles: 203282987 heartbeat IPC: 0.33121 cumulative IPC: 0.407202 (Simulation time: 0 hr 12 min 10 sec) 
Heartbeat CPU 0 instructions: 270000000 cycles: 232058209 heartbeat IPC: 0.347521 cumulative IPC: 0.397451 (Simulation time: 0 hr 12 min 51 sec) 
*** Reached end of trace for Core: 0 Repeating trace: /home1/sweta/traces/qualcomm_traces/srv_11.champsimtrace.xz
Heartbeat CPU 0 instructions: 280000002 cycles: 248427886 heartbeat IPC: 0.610886 cumulative IPC: 0.415602 (Simulation time: 0 hr 13 min 22 sec) 
Heartbeat CPU 0 instructions: 290000000 cycles: 276882846 heartbeat IPC: 0.351433 cumulative IPC: 0.407337 (Simulation time: 0 hr 14 min 2 sec) 
Heartbeat CPU 0 instructions: 300000000 cycles: 307346622 heartbeat IPC: 0.328259 cumulative IPC: 0.397755 (Simulation time: 0 hr 14 min 43 sec) 
*** Reached end of trace for Core: 0 Repeating trace: /home1/sweta/traces/qualcomm_traces/srv_11.champsimtrace.xz
Heartbeat CPU 0 instructions: 310000001 cycles: 323836418 heartbeat IPC: 0.606436 cumulative IPC: 0.4106 (Simulation time: 0 hr 15 min 14 sec) 
Heartbeat CPU 0 instructions: 320000004 cycles: 350454688 heartbeat IPC: 0.375682 cumulative IPC: 0.407444 (Simulation time: 0 hr 15 min 52 sec) 
Heartbeat CPU 0 instructions: 330000000 cycles: 382759140 heartbeat IPC: 0.309555 cumulative IPC: 0.397768 (Simulation time: 0 hr 16 min 34 sec) 
*** Reached end of trace for Core: 0 Repeating trace: /home1/sweta/traces/qualcomm_traces/srv_11.champsimtrace.xz
Heartbeat CPU 0 instructions: 340000006 cycles: 398943405 heartbeat IPC: 0.617884 cumulative IPC: 0.408154 (Simulation time: 0 hr 17 min 4 sec) 
Heartbeat CPU 0 instructions: 350000005 cycles: 424001747 heartbeat IPC: 0.399069 cumulative IPC: 0.407536 (Simulation time: 0 hr 17 min 42 sec) 
Heartbeat CPU 0 instructions: 360000000 cycles: 458006242 heartbeat IPC: 0.294079 cumulative IPC: 0.39794 (Simulation time: 0 hr 18 min 25 sec) 
*** Reached end of trace for Core: 0 Repeating trace: /home1/sweta/traces/qualcomm_traces/srv_11.champsimtrace.xz
Heartbeat CPU 0 instructions: 370000001 cycles: 474289417 heartbeat IPC: 0.614131 cumulative IPC: 0.406355 (Simulation time: 0 hr 18 min 56 sec) 
Heartbeat CPU 0 instructions: 380000002 cycles: 497542753 heartbeat IPC: 0.430046 cumulative IPC: 0.407602 (Simulation time: 0 hr 19 min 31 sec) 
Heartbeat CPU 0 instructions: 390000001 cycles: 533328269 heartbeat IPC: 0.279443 cumulative IPC: 0.397995 (Simulation time: 0 hr 20 min 15 sec) 
Heartbeat CPU 0 instructions: 400000006 cycles: 549717270 heartbeat IPC: 0.610166 cumulative IPC: 0.405038 (Simulation time: 0 hr 20 min 47 sec) 
Finished CPU 0 instructions: 200000005 cycles: 493781436 cumulative IPC: 0.405037 (Simulation time: 0 hr 20 min 47 sec) 

ChampSim completed all CPUs

Region of Interest Statistics

CPU 0 cumulative IPC: 0.405037 instructions: 200000005 cycles: 493781436
ITLB TOTAL     ACCESS:   25843584  HIT:   25320880  MISS:     522704  HIT %:    97.9774  MISS %:    2.02257   MPKI: 2.61352
ITLB LOAD TRANSLATION ACCESS:   25843584  HIT:   25320880  MISS:     522704  HIT %:    97.9774  MISS %:    2.02257   MPKI: 2.61352
ITLB PREFETCH  REQUESTED:          0  ISSUED:          0  USEFUL:          0  USELESS:          0
ITLB USEFUL LOAD PREFETCHES:          0 PREFETCH ISSUED TO LOWER LEVEL:          0  ACCURACY: -nan
ITLB TIMELY PREFETCHES:          0 LATE PREFETCHES: 0 DROPPED PREFETCHES: 0
ITLB PREFETCHES SAME FILL-ORIGIN LEVEL: 0 DIFFERENT FILL-ORIGIN LEVEL: 0
ITLB AVERAGE MISS LATENCY:    13.5492 cycles AVERAGE LOAD MISS LATENCY:       -nan cycles Load Miss          0
ITLB Average MSHR Occupancy:  0.0140242
ITLB RQ	ACCESS:   29228884	FORWARD:          0	MERGED:    2978182	TO_CACHE:   26250702

DTLB TOTAL     ACCESS:   40355938  HIT:   30993350  MISS:    9362588  HIT %:       76.8  MISS %:       23.2   MPKI: 46.8129
DTLB LOAD TRANSLATION ACCESS:   40355938  HIT:   30993350  MISS:    9362588  HIT %:       76.8  MISS %:       23.2   MPKI: 46.8129
DTLB PREFETCH  REQUESTED:          0  ISSUED:          0  USEFUL:          0  USELESS:          0
DTLB USEFUL LOAD PREFETCHES:          0 PREFETCH ISSUED TO LOWER LEVEL:          0  ACCURACY: -nan
DTLB TIMELY PREFETCHES:          0 LATE PREFETCHES: 0 DROPPED PREFETCHES: 0
DTLB PREFETCHES SAME FILL-ORIGIN LEVEL: 0 DIFFERENT FILL-ORIGIN LEVEL: 0
DTLB AVERAGE MISS LATENCY:     9.5447 cycles AVERAGE LOAD MISS LATENCY:       -nan cycles Load Miss          0
DTLB Average MSHR Occupancy:    0.16433
DTLB RQ	ACCESS:   56614159	FORWARD:          0	MERGED:   16035964	TO_CACHE:   40578195

STLB TOTAL     ACCESS:    9885292  HIT:    9580441  MISS:     304851  HIT %:    96.9161  MISS %:    3.08388   MPKI: 1.52425
STLB LOAD TRANSLATION ACCESS:    9885292  HIT:    9580441  MISS:     304851  HIT %:    96.9161  MISS %:    3.08388   MPKI: 1.52425
STLB PREFETCH  REQUESTED:          0  ISSUED:          0  USEFUL:          0  USELESS:          0
STLB USEFUL LOAD PREFETCHES:          0 PREFETCH ISSUED TO LOWER LEVEL:          0  ACCURACY: -nan
STLB TIMELY PREFETCHES:          0 LATE PREFETCHES: 0 DROPPED PREFETCHES: 0
STLB PREFETCHES SAME FILL-ORIGIN LEVEL: 0 DIFFERENT FILL-ORIGIN LEVEL: 0
STLB AVERAGE MISS LATENCY:    24.3641 cycles AVERAGE LOAD MISS LATENCY:       -nan cycles Load Miss          0
STLB Average MSHR Occupancy:  0.0161074
STLB RQ	ACCESS:    9885292	FORWARD:          0	MERGED:          0	TO_CACHE:    9885292

STLB Hit, L1D data hit: 0
STLB Hit, L2C data hit: 0
STLB Hit, LLC data hit: 0
STLB Hit, LLC data miss: 0
STLB STLB hints to L2: 0
L1D TOTAL     ACCESS:   56296546  HIT:   43393237  MISS:   12903309  HIT %:    77.0798  MISS %:    22.9202   MPKI: 64.5165
L1D LOAD      ACCESS:   39056490  HIT:   26523574  MISS:   12532916  HIT %:    67.9108  MISS %:    32.0892   MPKI: 62.6646
L1D RFO       ACCESS:   17240056  HIT:   16869663  MISS:     370393  HIT %:    97.8516  MISS %:    2.14844   MPKI: 1.85196
L1D PREFETCH  REQUESTED:          0  ISSUED:          0  USEFUL:          0  USELESS:          0
L1D USEFUL LOAD PREFETCHES:          0 PREFETCH ISSUED TO LOWER LEVEL:          0  ACCURACY: -nan
L1D TIMELY PREFETCHES:          0 LATE PREFETCHES: 0 DROPPED PREFETCHES: 0
L1D PREFETCHES SAME FILL-ORIGIN LEVEL: 0 DIFFERENT FILL-ORIGIN LEVEL: 0
L1D AVERAGE MISS LATENCY:    16.0411 cycles AVERAGE LOAD MISS LATENCY:    15.9326 cycles Load Miss   12532916
L1D Average MSHR Occupancy:   0.419254
L1D RQ	ACCESS:   53162708	FORWARD:          0	MERGED:   13787619	TO_CACHE:   39093876
L1D WQ	ACCESS:   17954184	FORWARD:     281213	MERGED:     433901	TO_CACHE:   17520283

L1D UNIQUE REGIONS ACCESSED: 0
L1D REGIONS CONFLICTS: 0
L1D Cross Page Prefetch Requests: 0
L1D Same Page Prefetch Requests: 0
L1D ROI Sum of L1D PQ occupancy: 0
L1D PREFETCHES PUSHED FROM L2C: 0
L1I TOTAL     ACCESS:   28342568  HIT:   13317478  MISS:   15025090  HIT %:    46.9875  MISS %:    53.0125   MPKI: 75.1254
L1I LOAD      ACCESS:   28342568  HIT:   13317478  MISS:   15025090  HIT %:    46.9875  MISS %:    53.0125   MPKI: 75.1254
L1I PREFETCH  REQUESTED:          0  ISSUED:          0  USEFUL:          0  USELESS:          0
L1I USEFUL LOAD PREFETCHES:          0 PREFETCH ISSUED TO LOWER LEVEL:          0  ACCURACY: -nan
L1I TIMELY PREFETCHES:          0 LATE PREFETCHES: 0 DROPPED PREFETCHES: 0
L1I PREFETCHES SAME FILL-ORIGIN LEVEL: 0 DIFFERENT FILL-ORIGIN LEVEL: 0
L1I AVERAGE MISS LATENCY:    14.1921 cycles AVERAGE LOAD MISS LATENCY:    14.1921 cycles Load Miss   15025090
L1I Average MSHR Occupancy:   0.422446
L1I RQ	ACCESS:   54354811	FORWARD:          0	MERGED:   25125927	TO_CACHE:   29228884

BTB TOTAL     ACCESS:   34180216  HIT:   29709697  MISS:    4470519  HIT %:    86.9207  MISS %:    13.0793   MPKI: 22.3526
BTB BRANCH_DIRECT_JUMP	ACCESS:    1684879  HIT:    1489339  MISS:     195540
BTB BRANCH_INDIRECT	ACCESS:   20409141  HIT:   18057259  MISS:    2351882
BTB BRANCH_CONDITIONAL	ACCESS:    4581943  HIT:    4271541  MISS:     310402
BTB BRANCH_DIRECT_CALL	ACCESS:    3024207  HIT:    2641469  MISS:     382738
BTB BRANCH_INDIRECT_CALL	ACCESS:     725566  HIT:     684411  MISS:      41155
BTB BRANCH_RETURN	ACCESS:    3754480  HIT:    2565678  MISS:    1188802
BTB BRANCH_OTHER ACCESS:          0  HIT:          0  MISS:          0

L2C TOTAL     ACCESS:   31878446  HIT:   31666740  MISS:     211706  HIT %:    99.3359  MISS %:   0.664104   MPKI: 1.05853
L2C LOAD      ACCESS:   27557951  HIT:   27399504  MISS:     158447  HIT %:     99.425  MISS %:   0.574959   MPKI: 0.792235
L2C DATA LOAD MPKI: 0.68376
L2C INSTRUCTION LOAD MPKI: 0.108475
L2C RFO       ACCESS:     370387  HIT:     341684  MISS:      28703  HIT %:    92.2505  MISS %:    7.74946   MPKI: 0.143515
L2C PREFETCH  ACCESS:    2768423  HIT:    2749723  MISS:      18700  HIT %:    99.3245  MISS %:   0.675475   MPKI: 0.0935
AGUS PREFETCH L1 MISS: 0
L2C DATA PREFETCH MPKI: 0.0935
L2C INSTRUCTION PREFETCH MPKI: 0
L2C WRITEBACK ACCESS:     795252  HIT:     794853  MISS:        399  HIT %:    99.9498  MISS %:  0.0501728   MPKI: 0.001995
L2C LOAD TRANSLATION ACCESS:     386433  HIT:     380976  MISS:       5457  HIT %:    98.5879  MISS %:    1.41215   MPKI: 0.027285
L2C PREFETCH  REQUESTED:    6019701  ISSUED:    6019701  USEFUL:      18045  USELESS:        642
L2C USEFUL LOAD PREFETCHES:      18045 PREFETCH ISSUED TO LOWER LEVEL:    2458137  ACCURACY: 0.734093
L2C TIMELY PREFETCHES:      18045 LATE PREFETCHES: 2660 DROPPED PREFETCHES: 0
L2C PREFETCHES SAME FILL-ORIGIN LEVEL: 21360 DIFFERENT FILL-ORIGIN LEVEL: 2436777
L2C AVERAGE MISS LATENCY:    59.7007 cycles AVERAGE LOAD MISS LATENCY:    60.8938 cycles Load Miss     158447
L2C Average MSHR Occupancy:  0.0253613
L2C RQ	ACCESS:   28314831	FORWARD:          0	MERGED:          0	TO_CACHE:   28314771
L2C WQ	ACCESS:     795252	FORWARD:         63	MERGED:          0	TO_CACHE:     795252
L2C PQ	ACCESS:    6019701	FORWARD:          0	MERGED:     799647	TO_CACHE:    5220051

L2C Instructions Evicting Data 17775
L2C Translations Evicting Data 4726
L2C Data Evicting Data 161625
L2C Instructions Evicting Instructions 3304
L2C Translations Evicting Instructions 576
L2C Data Evicting Instructions 17842
L2C Instructions Evicting Translations 616
L2C Translations Evicting Translations 155
L2C Data Evicting Translations 4687
L2C Dense regions hint from L2: 0
PSCL5 TOTAL     ACCESS:     304851  HIT:     304851  MISS:          0  HIT %:        100  MISS %:          0   MPKI: 0
PSCL5 LOAD TRANSLATION ACCESS:     304851  HIT:     304851  MISS:          0  HIT %:        100  MISS %:          0   MPKI: 0
PSCL5 PREFETCH  REQUESTED:          0  ISSUED:          0  USEFUL:          0  USELESS:          0
PSCL5 USEFUL LOAD PREFETCHES:          0 PREFETCH ISSUED TO LOWER LEVEL:          0  ACCURACY: -nan
PSCL5 TIMELY PREFETCHES:          0 LATE PREFETCHES: 0 DROPPED PREFETCHES: 0
PSCL5 PREFETCHES SAME FILL-ORIGIN LEVEL: 0 DIFFERENT FILL-ORIGIN LEVEL: 0

PSCL4 TOTAL     ACCESS:     285726  HIT:     284993  MISS:        733  HIT %:    99.7435  MISS %:   0.256539   MPKI: 0.003665
PSCL4 LOAD TRANSLATION ACCESS:     285726  HIT:     284993  MISS:        733  HIT %:    99.7435  MISS %:   0.256539   MPKI: 0.003665
PSCL4 PREFETCH  REQUESTED:          0  ISSUED:          0  USEFUL:          0  USELESS:          0
PSCL4 USEFUL LOAD PREFETCHES:          0 PREFETCH ISSUED TO LOWER LEVEL:          0  ACCURACY: -nan
PSCL4 TIMELY PREFETCHES:          0 LATE PREFETCHES: 0 DROPPED PREFETCHES: 0
PSCL4 PREFETCHES SAME FILL-ORIGIN LEVEL: 0 DIFFERENT FILL-ORIGIN LEVEL: 0

PSCL3 TOTAL     ACCESS:     302655  HIT:     300321  MISS:       2334  HIT %:    99.2288  MISS %:   0.771175   MPKI: 0.01167
PSCL3 LOAD TRANSLATION ACCESS:     302655  HIT:     300321  MISS:       2334  HIT %:    99.2288  MISS %:   0.771175   MPKI: 0.01167
PSCL3 PREFETCH  REQUESTED:          0  ISSUED:          0  USEFUL:          0  USELESS:          0
PSCL3 USEFUL LOAD PREFETCHES:          0 PREFETCH ISSUED TO LOWER LEVEL:          0  ACCURACY: -nan
PSCL3 TIMELY PREFETCHES:          0 LATE PREFETCHES: 0 DROPPED PREFETCHES: 0
PSCL3 PREFETCHES SAME FILL-ORIGIN LEVEL: 0 DIFFERENT FILL-ORIGIN LEVEL: 0

PSCL2 TOTAL     ACCESS:     304851  HIT:     226336  MISS:      78515  HIT %:    74.2448  MISS %:    25.7552   MPKI: 0.392575
PSCL2 LOAD TRANSLATION ACCESS:     304851  HIT:     226336  MISS:      78515  HIT %:    74.2448  MISS %:    25.7552   MPKI: 0.392575
PSCL2 PREFETCH  REQUESTED:          0  ISSUED:          0  USEFUL:          0  USELESS:          0
PSCL2 USEFUL LOAD PREFETCHES:          0 PREFETCH ISSUED TO LOWER LEVEL:          0  ACCURACY: -nan
PSCL2 TIMELY PREFETCHES:          0 LATE PREFETCHES: 0 DROPPED PREFETCHES: 0
PSCL2 PREFETCHES SAME FILL-ORIGIN LEVEL: 0 DIFFERENT FILL-ORIGIN LEVEL: 0

LLC TOTAL     ACCESS:    2698237  HIT:    2632565  MISS:      65672  HIT %:    97.5661  MISS %:    2.43389   MPKI: 0.32836
LLC LOAD      ACCESS:     155787  HIT:     140508  MISS:      15279  HIT %:    90.1924  MISS %:    9.80762   MPKI: 0.076395
LLC RFO       ACCESS:      28703  HIT:      25963  MISS:       2740  HIT %:     90.454  MISS %:    9.54604   MPKI: 0.0137
LLC PREFETCH  ACCESS:    2376186  HIT:    2337206  MISS:      38980  HIT %:    98.3596  MISS %:    1.64044   MPKI: 0.1949
AGUS PREFETCH L1 MISS: 0
LLC WRITEBACK ACCESS:     132104  HIT:     124391  MISS:       7713  HIT %:    94.1614  MISS %:    5.83858   MPKI: 0.038565
LLC LOAD TRANSLATION ACCESS:       5457  HIT:       4497  MISS:        960  HIT %:    82.4079  MISS %:    17.5921   MPKI: 0.0048
LLC PREFETCH  REQUESTED:          0  ISSUED:          0  USEFUL:      13731  USELESS:      15389
LLC USEFUL LOAD PREFETCHES:      13731 PREFETCH ISSUED TO LOWER LEVEL:      40110  ACCURACY: 34.2334
LLC TIMELY PREFETCHES:      13731 LATE PREFETCHES: 1130 DROPPED PREFETCHES: 0
LLC PREFETCHES SAME FILL-ORIGIN LEVEL: 39839 DIFFERENT FILL-ORIGIN LEVEL: 0
LLC AVERAGE MISS LATENCY:    148.846 cycles AVERAGE LOAD MISS LATENCY:    166.188 cycles Load Miss      15279
LLC Average MSHR Occupancy:  0.0197586
LLC RQ	ACCESS:     189947	FORWARD:          0	MERGED:          0	TO_CACHE:     189947
LLC WQ	ACCESS:     132104	FORWARD:          0	MERGED:          0	TO_CACHE:     132104
LLC PQ	ACCESS:    2458137	FORWARD:          0	MERGED:      78145	TO_CACHE:    2379992

LLC Dense regions hint to LLC: 0

RAW hits: 3785419
Loads Generated: 56948127
Loads sent to L1D: 53162708
Stores Generated: 17954184
Stores sent to L1D: 17954184
Major fault: 0 Minor fault: 4241
Allocated PAGES: 4241
 All Calls: 25606521
 Critical Calls: 25606521
------------------
Depth Distribution
------------------
depth 0: 0
depth 1: 8767421
depth 2: 2131070
depth 3: 197035
depth 4: 69455
depth 5: 33587
depth 6: 8959
depth 7: 426
depth 8: 7
depth 9: 2
depth 10: 1
depth 11: 0
depth 12: 0
depth 13: 0
depth 14: 0
depth 15: 0
depth 16: 0
depth 17: 0
depth 18: 0
depth 19: 0
depth 20: 0
depth 21: 0
depth 22: 0
depth 23: 0
depth 24: 0
depth 25: 0
depth 26: 0
depth 27: 0
depth 28: 0
depth 29: 0
Total: 11207963
-----------------------------
-----------------------------
	Captured at Filter
-----------------------------
depth 0: 0
depth 1: 17559294
depth 2: 13638572
depth 3: 3553188
depth 4: 142417
depth 5: 71545
depth 6: 33043
depth 7: 8924
depth 8: 731
depth 9: 0
depth 10: 0
depth 11: 0
depth 12: 0
depth 13: 0
depth 14: 0
depth 15: 0
depth 16: 0
depth 17: 0
depth 18: 0
depth 19: 0
depth 20: 0
depth 21: 0
depth 22: 0
depth 23: 0
depth 24: 0
depth 25: 0
depth 26: 0
depth 27: 0
depth 28: 0
depth 29: 0
-----------------------------
-----------------------------
		Lost at Page
-----------------------------
depth 0: 0
depth 1: 1625085
depth 2: 87392
depth 3: 11055
depth 4: 4741
depth 5: 2755
depth 6: 838
depth 7: 63
depth 8: 1
depth 9: 0
depth 10: 1
depth 11: 1
depth 12: 1
depth 13: 0
depth 14: 0
depth 15: 0
depth 16: 0
depth 17: 0
depth 18: 0
depth 19: 0
depth 20: 0
depth 21: 0
depth 22: 0
depth 23: 0
depth 24: 0
depth 25: 0
depth 26: 0
depth 27: 0
depth 28: 0
depth 29: 0
-----------------------------
-----------------------------
	Lost due to PQ Size
-----------------------------
839639
-----------------------------
ST read accesses: 12088086
ST write accesses: 444776
PT read accesses: 196025815
PT write accesses: 16476806
FILTER read accesses: 39171846
FILTER write accesses: 556423
GHR read accesses: 6458162
GHR write accesses: 470467
GHR counter read accesses: 175491824
GHR counter write accesses: 12871415
ST tag read accesses: 5100177734
ST tag write accesses: 392655576
================ Mockingjay (LLC) Pollution Stats ================
Total pollution count in LLC: 15997
==================================================================

DRAM Statistics
 CHANNEL 0
 RQ ROW_BUFFER_HIT:      10281  ROW_BUFFER_MISS:      47678
 DBUS_CONGESTED:         18
 WQ ROW_BUFFER_HIT:       1562  ROW_BUFFER_MISS:      22200  FULL:          0

 AVG_CONGESTED_CYCLE: 5
 All warmup complete: 2
Channel 0 Bank busy for read cycles: 0
Channel 0 Bank busy for write cycles: 0
Channel 0
Rank 0
0banks busy for read cycles: 484191484
0banks busy for write cycles: 18543
1banks busy for read cycles: 5560858
1banks busy for write cycles: 2660494
2banks busy for read cycles: 708035
2banks busy for write cycles: 319899
3banks busy for read cycles: 138314
3banks busy for write cycles: 68580
4banks busy for read cycles: 39958
4banks busy for write cycles: 24186
5banks busy for read cycles: 13841
5banks busy for write cycles: 11954
6banks busy for read cycles: 5130
6banks busy for write cycles: 8699
7banks busy for read cycles: 1467
7banks busy for write cycles: 6838
8banks busy for read cycles: 488
8banks busy for write cycles: 2669

CPU 0 Branch Prediction Accuracy: 99.8742% MPKI: 0.277615 Average ROB Occupancy at Mispredict: 57.9411
Branch types
NOT_BRANCH: 155858578 77.9293%
BRANCH_DIRECT_JUMP: 1684879 0.842439%
BRANCH_INDIRECT: 20409141 10.2046%
BRANCH_CONDITIONAL: 14542621 7.27131%
BRANCH_DIRECT_CALL: 3024207 1.5121%
BRANCH_INDIRECT_CALL: 725566 0.362783%
BRANCH_RETURN: 3754480 1.87724%
BRANCH_OTHER: 0 0%

===================== LRU L1D STATS =====================
Total pollution count in L1D: 0
=========================================================
================ SRRIP (L2C) Pollution Stats ================
Total pollution count in L2c: 293401
==================================================================
DRAM PAGES: 1048576
Allocated PAGES: 4241
