Initialize SIGNATURE TABLE
ST_SET: 1
ST_WAY: 256
ST_TAG_BIT: 16
ST_TAG_MASK: ffff

Initialize PATTERN TABLE
PT_SET: 512
PT_WAY: 4
SIG_DELTA_BIT: 7
C_SIG_BIT: 4
C_DELTA_BIT: 4

Initialize PREFETCH FILTER
FILTER_SET: 1024

Initialize PERCEPTRON
PERC_ENTRIES: 4096
PERC_FEATURES: 9

*** ChampSim Multicore Out-of-Order Simulator ***

Warmup Instructions: 200000000
Simulation Instructions: 200000000
Number of CPUs: 1
LLC sets: 4096
LLC ways: 12
Off-chip DRAM Size: 4096 MB Channels: 1 Width: 64-bit Data Rate: 6400 MT/s
CPU 0 runs /home1/sweta/traces/qualcomm_traces/server_020.champsimtrace.xz
.xz
BTB has LRU replacement policy
ITLB has LRU replacement policy
DTLB has LRU replacement policy
STLB has LRU replacement policy
L1I has LRU replacement policy
L1D has LRU replacement policy
PERC_ENTRIES: 4096
Initialize SRRIP state for L2C
Initialize Mockingjay state for LLC
Heartbeat CPU 0 instructions: 10000000 cycles: 2272630 heartbeat IPC: 4.40019 cumulative IPC: 4.40019 (Simulation time: 0 hr 0 min 24 sec) 
Heartbeat CPU 0 instructions: 20000004 cycles: 4542702 heartbeat IPC: 4.40515 cumulative IPC: 4.40267 (Simulation time: 0 hr 0 min 49 sec) 
Heartbeat CPU 0 instructions: 30000001 cycles: 6813827 heartbeat IPC: 4.4031 cumulative IPC: 4.40281 (Simulation time: 0 hr 1 min 14 sec) 
Heartbeat CPU 0 instructions: 40000000 cycles: 9084432 heartbeat IPC: 4.40411 cumulative IPC: 4.40314 (Simulation time: 0 hr 1 min 38 sec) 
Heartbeat CPU 0 instructions: 50000004 cycles: 11350156 heartbeat IPC: 4.4136 cumulative IPC: 4.40523 (Simulation time: 0 hr 2 min 1 sec) 
Heartbeat CPU 0 instructions: 60000002 cycles: 13624017 heartbeat IPC: 4.39781 cumulative IPC: 4.40399 (Simulation time: 0 hr 2 min 24 sec) 
Heartbeat CPU 0 instructions: 70000001 cycles: 15896337 heartbeat IPC: 4.40079 cumulative IPC: 4.40353 (Simulation time: 0 hr 2 min 47 sec) 
Heartbeat CPU 0 instructions: 80000003 cycles: 18167712 heartbeat IPC: 4.40262 cumulative IPC: 4.40342 (Simulation time: 0 hr 3 min 10 sec) 
Heartbeat CPU 0 instructions: 90000000 cycles: 20440318 heartbeat IPC: 4.40023 cumulative IPC: 4.40306 (Simulation time: 0 hr 3 min 32 sec) 
Heartbeat CPU 0 instructions: 100000006 cycles: 22705904 heartbeat IPC: 4.41387 cumulative IPC: 4.40414 (Simulation time: 0 hr 3 min 59 sec) 
*** Reached end of trace for Core: 0 Repeating trace: /home1/sweta/traces/qualcomm_traces/server_020.champsimtrace.xz
Heartbeat CPU 0 instructions: 110000001 cycles: 24974420 heartbeat IPC: 4.40817 cumulative IPC: 4.40451 (Simulation time: 0 hr 4 min 28 sec) 
Heartbeat CPU 0 instructions: 120000001 cycles: 27242495 heartbeat IPC: 4.40903 cumulative IPC: 4.40488 (Simulation time: 0 hr 4 min 57 sec) 
Heartbeat CPU 0 instructions: 130000000 cycles: 29515592 heartbeat IPC: 4.39928 cumulative IPC: 4.40445 (Simulation time: 0 hr 5 min 25 sec) 
Heartbeat CPU 0 instructions: 140000000 cycles: 31783239 heartbeat IPC: 4.40986 cumulative IPC: 4.40484 (Simulation time: 0 hr 5 min 54 sec) 
Heartbeat CPU 0 instructions: 150000001 cycles: 34054293 heartbeat IPC: 4.40324 cumulative IPC: 4.40473 (Simulation time: 0 hr 6 min 23 sec) 
Heartbeat CPU 0 instructions: 160000001 cycles: 36322985 heartbeat IPC: 4.40783 cumulative IPC: 4.40492 (Simulation time: 0 hr 6 min 51 sec) 
Heartbeat CPU 0 instructions: 170000002 cycles: 38594243 heartbeat IPC: 4.40285 cumulative IPC: 4.4048 (Simulation time: 0 hr 7 min 20 sec) 
Heartbeat CPU 0 instructions: 180000000 cycles: 40866371 heartbeat IPC: 4.40116 cumulative IPC: 4.4046 (Simulation time: 0 hr 7 min 49 sec) 
Heartbeat CPU 0 instructions: 190000001 cycles: 43138188 heartbeat IPC: 4.40176 cumulative IPC: 4.40445 (Simulation time: 0 hr 8 min 17 sec) 
Heartbeat CPU 0 instructions: 200000003 cycles: 45411162 heartbeat IPC: 4.39952 cumulative IPC: 4.4042 (Simulation time: 0 hr 8 min 45 sec) 

Warmup complete CPU 0 instructions: 200000003 cycles: 45411162 (Simulation time: 0 hr 8 min 45 sec) 

Heartbeat CPU 0 instructions: 210000002 cycles: 58629439 heartbeat IPC: 0.756528 cumulative IPC: 0.756528 (Simulation time: 0 hr 9 min 23 sec) 
*** Reached end of trace for Core: 0 Repeating trace: /home1/sweta/traces/qualcomm_traces/server_020.champsimtrace.xz
Heartbeat CPU 0 instructions: 220000007 cycles: 71747510 heartbeat IPC: 0.762308 cumulative IPC: 0.759407 (Simulation time: 0 hr 10 min 10 sec) 
Heartbeat CPU 0 instructions: 230000001 cycles: 84727613 heartbeat IPC: 0.770409 cumulative IPC: 0.763039 (Simulation time: 0 hr 10 min 49 sec) 
Heartbeat CPU 0 instructions: 240000001 cycles: 97955901 heartbeat IPC: 0.755956 cumulative IPC: 0.761256 (Simulation time: 0 hr 11 min 25 sec) 
Heartbeat CPU 0 instructions: 250000003 cycles: 110999990 heartbeat IPC: 0.766631 cumulative IPC: 0.762325 (Simulation time: 0 hr 12 min 2 sec) 
Heartbeat CPU 0 instructions: 260000001 cycles: 123967433 heartbeat IPC: 0.771162 cumulative IPC: 0.763784 (Simulation time: 0 hr 12 min 38 sec) 
Heartbeat CPU 0 instructions: 270000000 cycles: 137513937 heartbeat IPC: 0.738198 cumulative IPC: 0.76002 (Simulation time: 0 hr 13 min 14 sec) 
Heartbeat CPU 0 instructions: 280000005 cycles: 150507025 heartbeat IPC: 0.76964 cumulative IPC: 0.76121 (Simulation time: 0 hr 13 min 50 sec) 
Heartbeat CPU 0 instructions: 290000002 cycles: 163539609 heartbeat IPC: 0.767307 cumulative IPC: 0.761883 (Simulation time: 0 hr 14 min 27 sec) 
Heartbeat CPU 0 instructions: 300000006 cycles: 176510511 heartbeat IPC: 0.770957 cumulative IPC: 0.76278 (Simulation time: 0 hr 15 min 3 sec) 
Heartbeat CPU 0 instructions: 310000003 cycles: 189468698 heartbeat IPC: 0.771713 cumulative IPC: 0.763584 (Simulation time: 0 hr 15 min 40 sec) 
Heartbeat CPU 0 instructions: 320000007 cycles: 202519815 heartbeat IPC: 0.766218 cumulative IPC: 0.763803 (Simulation time: 0 hr 16 min 16 sec) 
*** Reached end of trace for Core: 0 Repeating trace: /home1/sweta/traces/qualcomm_traces/server_020.champsimtrace.xz
Heartbeat CPU 0 instructions: 330000000 cycles: 215598445 heartbeat IPC: 0.764606 cumulative IPC: 0.763864 (Simulation time: 0 hr 16 min 53 sec) 
Heartbeat CPU 0 instructions: 340000007 cycles: 228596867 heartbeat IPC: 0.769325 cumulative IPC: 0.764252 (Simulation time: 0 hr 17 min 31 sec) 
Heartbeat CPU 0 instructions: 350000000 cycles: 241798171 heartbeat IPC: 0.7575 cumulative IPC: 0.763798 (Simulation time: 0 hr 18 min 8 sec) 
Heartbeat CPU 0 instructions: 360000000 cycles: 254752206 heartbeat IPC: 0.77196 cumulative IPC: 0.764303 (Simulation time: 0 hr 18 min 45 sec) 
Heartbeat CPU 0 instructions: 370000001 cycles: 268134446 heartbeat IPC: 0.747259 cumulative IPC: 0.763279 (Simulation time: 0 hr 19 min 21 sec) 
Heartbeat CPU 0 instructions: 380000002 cycles: 281167136 heartbeat IPC: 0.767301 cumulative IPC: 0.763501 (Simulation time: 0 hr 19 min 57 sec) 
Heartbeat CPU 0 instructions: 390000001 cycles: 294109362 heartbeat IPC: 0.772665 cumulative IPC: 0.763978 (Simulation time: 0 hr 20 min 30 sec) 
Heartbeat CPU 0 instructions: 400000000 cycles: 307104262 heartbeat IPC: 0.769533 cumulative IPC: 0.764254 (Simulation time: 0 hr 21 min 2 sec) 
Finished CPU 0 instructions: 200000003 cycles: 261693102 cumulative IPC: 0.764254 (Simulation time: 0 hr 21 min 2 sec) 

ChampSim completed all CPUs

Region of Interest Statistics

CPU 0 cumulative IPC: 0.764254 instructions: 200000003 cycles: 261693102
ITLB TOTAL     ACCESS:   20489228  HIT:   18996616  MISS:    1492612  HIT %:    92.7151  MISS %:    7.28486   MPKI: 7.46306
ITLB LOAD TRANSLATION ACCESS:   20489228  HIT:   18996616  MISS:    1492612  HIT %:    92.7151  MISS %:    7.28486   MPKI: 7.46306
ITLB PREFETCH  REQUESTED:          0  ISSUED:          0  USEFUL:          0  USELESS:          0
ITLB USEFUL LOAD PREFETCHES:          0 PREFETCH ISSUED TO LOWER LEVEL:          0  ACCURACY: -nan
ITLB TIMELY PREFETCHES:          0 LATE PREFETCHES: 0 DROPPED PREFETCHES: 0
ITLB PREFETCHES SAME FILL-ORIGIN LEVEL: 0 DIFFERENT FILL-ORIGIN LEVEL: 0
ITLB AVERAGE MISS LATENCY:    9.19786 cycles AVERAGE LOAD MISS LATENCY:       -nan cycles Load Miss          0
ITLB Average MSHR Occupancy:  0.0468563
ITLB RQ	ACCESS:   27055371	FORWARD:          0	MERGED:    4888598	TO_CACHE:   22166773

DTLB TOTAL     ACCESS:   32146659  HIT:   30577189  MISS:    1569470  HIT %:    95.1178  MISS %:    4.88222   MPKI: 7.84735
DTLB LOAD TRANSLATION ACCESS:   32146659  HIT:   30577189  MISS:    1569470  HIT %:    95.1178  MISS %:    4.88222   MPKI: 7.84735
DTLB PREFETCH  REQUESTED:          0  ISSUED:          0  USEFUL:          0  USELESS:          0
DTLB USEFUL LOAD PREFETCHES:          0 PREFETCH ISSUED TO LOWER LEVEL:          0  ACCURACY: -nan
DTLB TIMELY PREFETCHES:          0 LATE PREFETCHES: 0 DROPPED PREFETCHES: 0
DTLB PREFETCHES SAME FILL-ORIGIN LEVEL: 0 DIFFERENT FILL-ORIGIN LEVEL: 0
DTLB AVERAGE MISS LATENCY:    13.6804 cycles AVERAGE LOAD MISS LATENCY:       -nan cycles Load Miss          0
DTLB Average MSHR Occupancy:  0.0780985
DTLB RQ	ACCESS:   55805905	FORWARD:          0	MERGED:   23204781	TO_CACHE:   32601124

STLB TOTAL     ACCESS:    3062082  HIT:    2939731  MISS:     122351  HIT %:    96.0043  MISS %:    3.99568   MPKI: 0.611755
STLB LOAD TRANSLATION ACCESS:    3062082  HIT:    2939731  MISS:     122351  HIT %:    96.0043  MISS %:    3.99568   MPKI: 0.611755
STLB PREFETCH  REQUESTED:          0  ISSUED:          0  USEFUL:          0  USELESS:          0
STLB USEFUL LOAD PREFETCHES:          0 PREFETCH ISSUED TO LOWER LEVEL:          0  ACCURACY: -nan
STLB TIMELY PREFETCHES:          0 LATE PREFETCHES: 0 DROPPED PREFETCHES: 0
STLB PREFETCHES SAME FILL-ORIGIN LEVEL: 0 DIFFERENT FILL-ORIGIN LEVEL: 0
STLB AVERAGE MISS LATENCY:    62.0338 cycles AVERAGE LOAD MISS LATENCY:       -nan cycles Load Miss          0
STLB Average MSHR Occupancy:  0.0296254
STLB RQ	ACCESS:    3062082	FORWARD:          0	MERGED:          0	TO_CACHE:    3062082

STLB Hit, L1D data hit: 0
STLB Hit, L2C data hit: 0
STLB Hit, LLC data hit: 0
STLB Hit, LLC data miss: 0
STLB STLB hints to L2: 0
L1D TOTAL     ACCESS:   43972845  HIT:   37287798  MISS:    6685047  HIT %:    84.7973  MISS %:    15.2027   MPKI: 33.4252
L1D LOAD      ACCESS:   21941211  HIT:   18832549  MISS:    3108662  HIT %:    85.8319  MISS %:    14.1681   MPKI: 15.5433
L1D RFO       ACCESS:   22031634  HIT:   18455249  MISS:    3576385  HIT %:     83.767  MISS %:     16.233   MPKI: 17.8819
L1D PREFETCH  REQUESTED:          0  ISSUED:          0  USEFUL:          0  USELESS:          0
L1D USEFUL LOAD PREFETCHES:          0 PREFETCH ISSUED TO LOWER LEVEL:          0  ACCURACY: -nan
L1D TIMELY PREFETCHES:          0 LATE PREFETCHES: 0 DROPPED PREFETCHES: 0
L1D PREFETCHES SAME FILL-ORIGIN LEVEL: 0 DIFFERENT FILL-ORIGIN LEVEL: 0
L1D AVERAGE MISS LATENCY:    114.548 cycles AVERAGE LOAD MISS LATENCY:    34.5949 cycles Load Miss    3108662
L1D Average MSHR Occupancy:    2.98728
L1D RQ	ACCESS:   41850193	FORWARD:          0	MERGED:   18916467	TO_CACHE:   22663284
L1D WQ	ACCESS:   33557195	FORWARD:     270442	MERGED:     414574	TO_CACHE:   33142621

L1D UNIQUE REGIONS ACCESSED: 0
L1D REGIONS CONFLICTS: 0
L1D Cross Page Prefetch Requests: 0
L1D Same Page Prefetch Requests: 0
L1D ROI Sum of L1D PQ occupancy: 0
L1D PREFETCHES PUSHED FROM L2C: 0
L1I TOTAL     ACCESS:   26276011  HIT:   12548409  MISS:   13727602  HIT %:    47.7561  MISS %:    52.2439   MPKI: 68.638
L1I LOAD      ACCESS:   26276011  HIT:   12548409  MISS:   13727602  HIT %:    47.7561  MISS %:    52.2439   MPKI: 68.638
L1I PREFETCH  REQUESTED:          0  ISSUED:          0  USEFUL:          0  USELESS:          0
L1I USEFUL LOAD PREFETCHES:          0 PREFETCH ISSUED TO LOWER LEVEL:          0  ACCURACY: -nan
L1I TIMELY PREFETCHES:          0 LATE PREFETCHES: 0 DROPPED PREFETCHES: 0
L1I PREFETCHES SAME FILL-ORIGIN LEVEL: 0 DIFFERENT FILL-ORIGIN LEVEL: 0
L1I AVERAGE MISS LATENCY:    14.5671 cycles AVERAGE LOAD MISS LATENCY:    14.5671 cycles Load Miss   13727602
L1I Average MSHR Occupancy:   0.749993
L1I RQ	ACCESS:   50277108	FORWARD:          0	MERGED:   23221737	TO_CACHE:   27055371

BTB TOTAL     ACCESS:   25768754  HIT:   24126545  MISS:    1642209  HIT %:    93.6271  MISS %:    6.37287   MPKI: 8.21104
BTB BRANCH_DIRECT_JUMP	ACCESS:    1704466  HIT:    1694161  MISS:      10305
BTB BRANCH_INDIRECT	ACCESS:    9968679  HIT:    9385606  MISS:     583073
BTB BRANCH_CONDITIONAL	ACCESS:    7301544  HIT:    7287437  MISS:      14107
BTB BRANCH_DIRECT_CALL	ACCESS:    2773359  HIT:    2739216  MISS:      34143
BTB BRANCH_INDIRECT_CALL	ACCESS:     623674  HIT:     515508  MISS:     108166
BTB BRANCH_RETURN	ACCESS:    3397032  HIT:    2504617  MISS:     892415
BTB BRANCH_OTHER ACCESS:          0  HIT:          0  MISS:          0

L2C TOTAL     ACCESS:   28034650  HIT:   23102996  MISS:    4931654  HIT %:    82.4087  MISS %:    17.5913   MPKI: 24.6583
L2C LOAD      ACCESS:   16836217  HIT:   16168160  MISS:     668057  HIT %:     96.032  MISS %:    3.96798   MPKI: 3.34028
L2C DATA LOAD MPKI: 3.10426
L2C INSTRUCTION LOAD MPKI: 0.23602
L2C RFO       ACCESS:    3576374  HIT:     674509  MISS:    2901865  HIT %:    18.8601  MISS %:    81.1399   MPKI: 14.5093
L2C PREFETCH  ACCESS:    3201458  HIT:    1884768  MISS:    1316690  HIT %:    58.8722  MISS %:    41.1278   MPKI: 6.58345
AGUS PREFETCH L1 MISS: 0
L2C DATA PREFETCH MPKI: 6.58345
L2C INSTRUCTION PREFETCH MPKI: 0
L2C WRITEBACK ACCESS:    4285038  HIT:    4279500  MISS:       5538  HIT %:    99.8708  MISS %:    0.12924   MPKI: 0.02769
L2C LOAD TRANSLATION ACCESS:     135563  HIT:      96059  MISS:      39504  HIT %:    70.8593  MISS %:    29.1407   MPKI: 0.19752
L2C PREFETCH  REQUESTED:    3777545  ISSUED:    3771874  USEFUL:     899570  USELESS:     416809
L2C USEFUL LOAD PREFETCHES:     899570 PREFETCH ISSUED TO LOWER LEVEL:    1761089  ACCURACY: 51.0803
L2C TIMELY PREFETCHES:     899570 LATE PREFETCHES: 269140 DROPPED PREFETCHES: 0
L2C PREFETCHES SAME FILL-ORIGIN LEVEL: 1585831 DIFFERENT FILL-ORIGIN LEVEL: 175258
L2C AVERAGE MISS LATENCY:    155.887 cycles AVERAGE LOAD MISS LATENCY:    101.162 cycles Load Miss     668057
L2C Average MSHR Occupancy:    2.95804
L2C RQ	ACCESS:   20548211	FORWARD:          0	MERGED:          0	TO_CACHE:   20548154
L2C WQ	ACCESS:    4285038	FORWARD:         59	MERGED:          0	TO_CACHE:    4285038
L2C PQ	ACCESS:    3771874	FORWARD:          0	MERGED:      16835	TO_CACHE:    3755037

L2C Instructions Evicting Data 45976
L2C Translations Evicting Data 38791
L2C Data Evicting Data 4754731
L2C Instructions Evicting Instructions 800
L2C Translations Evicting Instructions 406
L2C Data Evicting Instructions 45963
L2C Instructions Evicting Translations 428
L2C Translations Evicting Translations 307
L2C Data Evicting Translations 38714
L2C Dense regions hint from L2: 0
PSCL5 TOTAL     ACCESS:     122351  HIT:     122351  MISS:          0  HIT %:        100  MISS %:          0   MPKI: 0
PSCL5 LOAD TRANSLATION ACCESS:     122351  HIT:     122351  MISS:          0  HIT %:        100  MISS %:          0   MPKI: 0
PSCL5 PREFETCH  REQUESTED:          0  ISSUED:          0  USEFUL:          0  USELESS:          0
PSCL5 USEFUL LOAD PREFETCHES:          0 PREFETCH ISSUED TO LOWER LEVEL:          0  ACCURACY: -nan
PSCL5 TIMELY PREFETCHES:          0 LATE PREFETCHES: 0 DROPPED PREFETCHES: 0
PSCL5 PREFETCHES SAME FILL-ORIGIN LEVEL: 0 DIFFERENT FILL-ORIGIN LEVEL: 0

PSCL4 TOTAL     ACCESS:     120001  HIT:     119591  MISS:        410  HIT %:    99.6583  MISS %:   0.341664   MPKI: 0.00205
PSCL4 LOAD TRANSLATION ACCESS:     120001  HIT:     119591  MISS:        410  HIT %:    99.6583  MISS %:   0.341664   MPKI: 0.00205
PSCL4 PREFETCH  REQUESTED:          0  ISSUED:          0  USEFUL:          0  USELESS:          0
PSCL4 USEFUL LOAD PREFETCHES:          0 PREFETCH ISSUED TO LOWER LEVEL:          0  ACCURACY: -nan
PSCL4 TIMELY PREFETCHES:          0 LATE PREFETCHES: 0 DROPPED PREFETCHES: 0
PSCL4 PREFETCHES SAME FILL-ORIGIN LEVEL: 0 DIFFERENT FILL-ORIGIN LEVEL: 0

PSCL3 TOTAL     ACCESS:     121385  HIT:     120975  MISS:        410  HIT %:    99.6622  MISS %:   0.337768   MPKI: 0.00205
PSCL3 LOAD TRANSLATION ACCESS:     121385  HIT:     120975  MISS:        410  HIT %:    99.6622  MISS %:   0.337768   MPKI: 0.00205
PSCL3 PREFETCH  REQUESTED:          0  ISSUED:          0  USEFUL:          0  USELESS:          0
PSCL3 USEFUL LOAD PREFETCHES:          0 PREFETCH ISSUED TO LOWER LEVEL:          0  ACCURACY: -nan
PSCL3 TIMELY PREFETCHES:          0 LATE PREFETCHES: 0 DROPPED PREFETCHES: 0
PSCL3 PREFETCHES SAME FILL-ORIGIN LEVEL: 0 DIFFERENT FILL-ORIGIN LEVEL: 0

PSCL2 TOTAL     ACCESS:     122351  HIT:     109959  MISS:      12392  HIT %:    89.8718  MISS %:    10.1282   MPKI: 0.06196
PSCL2 LOAD TRANSLATION ACCESS:     122351  HIT:     109959  MISS:      12392  HIT %:    89.8718  MISS %:    10.1282   MPKI: 0.06196
PSCL2 PREFETCH  REQUESTED:          0  ISSUED:          0  USEFUL:          0  USELESS:          0
PSCL2 USEFUL LOAD PREFETCHES:          0 PREFETCH ISSUED TO LOWER LEVEL:          0  ACCURACY: -nan
PSCL2 TIMELY PREFETCHES:          0 LATE PREFETCHES: 0 DROPPED PREFETCHES: 0
PSCL2 PREFETCHES SAME FILL-ORIGIN LEVEL: 0 DIFFERENT FILL-ORIGIN LEVEL: 0

LLC TOTAL     ACCESS:    8241767  HIT:    3150039  MISS:    5091728  HIT %:    38.2204  MISS %:    61.7796   MPKI: 25.4586
LLC LOAD      ACCESS:     399762  HIT:     247055  MISS:     152707  HIT %:    61.8005  MISS %:    38.1995   MPKI: 0.763535
LLC RFO       ACCESS:    2900992  HIT:     624685  MISS:    2276307  HIT %:    21.5335  MISS %:    78.4665   MPKI: 11.3815
LLC PREFETCH  ACCESS:    1760230  HIT:    1439197  MISS:     321033  HIT %:    81.7619  MISS %:    18.2381   MPKI: 1.60516
AGUS PREFETCH L1 MISS: 0
LLC WRITEBACK ACCESS:    3141279  HIT:     813933  MISS:    2327346  HIT %:    25.9109  MISS %:    74.0891   MPKI: 11.6367
LLC LOAD TRANSLATION ACCESS:      39504  HIT:      25169  MISS:      14335  HIT %:    63.7125  MISS %:    36.2875   MPKI: 0.071675
LLC PREFETCH  REQUESTED:          0  ISSUED:          0  USEFUL:      26466  USELESS:     200807
LLC USEFUL LOAD PREFETCHES:      26466 PREFETCH ISSUED TO LOWER LEVEL:     321288  ACCURACY: 8.23747
LLC TIMELY PREFETCHES:      26466 LATE PREFETCHES: 255 DROPPED PREFETCHES: 0
LLC PREFETCHES SAME FILL-ORIGIN LEVEL: 69940 DIFFERENT FILL-ORIGIN LEVEL: 0
LLC AVERAGE MISS LATENCY:    111.551 cycles AVERAGE LOAD MISS LATENCY:    186.345 cycles Load Miss     152707
LLC Average MSHR Occupancy:     2.1599
LLC RQ	ACCESS:    3340286	FORWARD:          0	MERGED:          0	TO_CACHE:    3340258
LLC WQ	ACCESS:    3141279	FORWARD:         28	MERGED:          0	TO_CACHE:    3141279
LLC PQ	ACCESS:    1761089	FORWARD:          0	MERGED:        252	TO_CACHE:    1760837

LLC Dense regions hint to LLC: 0

RAW hits: 5647223
Loads Generated: 47497411
Loads sent to L1D: 41850193
Stores Generated: 33557193
Stores sent to L1D: 33557195
Major fault: 0 Minor fault: 22230
Allocated PAGES: 22230
------------------
Depth Distribution
------------------
depth 0: 1143128
depth 1: 844435
depth 2: 1405470
depth 3: 733051
depth 4: 415984
depth 5: 855554
depth 6: 753048
depth 7: 69365
depth 8: 999
depth 9: 1828
depth 10: 111
depth 11: 126
depth 12: 4
depth 13: 0
depth 14: 0
depth 15: 0
depth 16: 1
depth 17: 0
depth 18: 0
depth 19: 0
depth 20: 0
depth 21: 0
depth 22: 0
depth 23: 0
depth 24: 0
depth 25: 0
depth 26: 0
depth 27: 0
depth 28: 0
depth 29: 0
Total: 6223104
------------------
ST read accesses: 2889294
ST write accesses: 219322
PT read accesses: 66811852
PT write accesses: 3942946
FILTER read accesses: 21054202
FILTER write accesses: 16840982
GHR read accesses: 7360828
GHR write accesses: 832613
PERC read accesses: 450032931
PERC write accesses: 35005855
GHR counter read accesses: 6217232
GHR counter write accesses: 9160331
GHR ip read accesses: 24127821
GHR ip write accesses: 12434464
ST tag read accesses: 1307584170
ST tag write accesses: 103100712
================ Mockingjay (LLC) Pollution Stats ================
Total pollution count in LLC: 16136
==================================================================

DRAM Statistics
 CHANNEL 0
 RQ ROW_BUFFER_HIT:    1681585  ROW_BUFFER_MISS:    1082781
 DBUS_CONGESTED:        907
 WQ ROW_BUFFER_HIT:     643574  ROW_BUFFER_MISS:    1731734  FULL:      43864

 AVG_CONGESTED_CYCLE: 4
 All warmup complete: 2
Channel 0 Bank busy for read cycles: 0
Channel 0 Bank busy for write cycles: 0
Channel 0
Rank 0
0banks busy for read cycles: 103556324
0banks busy for write cycles: 196707
1banks busy for read cycles: 26154624
1banks busy for write cycles: 24668390
2banks busy for read cycles: 9338410
2banks busy for write cycles: 12833625
3banks busy for read cycles: 7292193
3banks busy for write cycles: 8136396
4banks busy for read cycles: 7937463
4banks busy for write cycles: 5720617
5banks busy for read cycles: 2314208
5banks busy for write cycles: 4634956
6banks busy for read cycles: 2213575
6banks busy for write cycles: 4376574
7banks busy for read cycles: 2497292
7banks busy for write cycles: 5793936
8banks busy for read cycles: 13582718
8banks busy for write cycles: 20445095

CPU 0 Branch Prediction Accuracy: 99.9479% MPKI: 0.08046 Average ROB Occupancy at Mispredict: 145.666
Branch types
NOT_BRANCH: 169122595 84.5613%
BRANCH_DIRECT_JUMP: 1704466 0.852233%
BRANCH_INDIRECT: 9968679 4.98434%
BRANCH_CONDITIONAL: 12409738 6.20487%
BRANCH_DIRECT_CALL: 2773359 1.38668%
BRANCH_INDIRECT_CALL: 623674 0.311837%
BRANCH_RETURN: 3397032 1.69852%
BRANCH_OTHER: 0 0%

===================== LRU L1D STATS =====================
Total pollution count in L1D: 0
=========================================================
================ SRRIP (L2C) Pollution Stats ================
Total pollution count in L2c: 1453685
==================================================================
DRAM PAGES: 1048576
Allocated PAGES: 22230
