Initialize SIGNATURE TABLE
ST_SET: 1
ST_WAY: 256
ST_TAG_BIT: 16
ST_TAG_MASK: ffff

Initialize PATTERN TABLE
PT_SET: 512
PT_WAY: 4
SIG_DELTA_BIT: 7
C_SIG_BIT: 4
C_DELTA_BIT: 4

Initialize PREFETCH FILTER
FILTER_SET: 1024

Initialize PERCEPTRON
PERC_ENTRIES: 4096
PERC_FEATURES: 9

*** ChampSim Multicore Out-of-Order Simulator ***

Warmup Instructions: 200000000
Simulation Instructions: 200000000
Number of CPUs: 1
LLC sets: 4096
LLC ways: 12
Off-chip DRAM Size: 4096 MB Channels: 1 Width: 64-bit Data Rate: 6400 MT/s
CPU 0 runs /home1/sweta/traces/qualcomm_traces/server_030.champsimtrace.xz
.xz
BTB has LRU replacement policy
ITLB has LRU replacement policy
DTLB has LRU replacement policy
STLB has LRU replacement policy
L1I has LRU replacement policy
L1D has LRU replacement policy
PERC_ENTRIES: 4096
Initialize SRRIP state for L2C
Initialize Mockingjay state for LLC
Heartbeat CPU 0 instructions: 10000003 cycles: 2075095 heartbeat IPC: 4.81906 cumulative IPC: 4.81906 (Simulation time: 0 hr 0 min 22 sec) 
Heartbeat CPU 0 instructions: 20000007 cycles: 4144067 heartbeat IPC: 4.83332 cumulative IPC: 4.82618 (Simulation time: 0 hr 0 min 44 sec) 
Heartbeat CPU 0 instructions: 30000000 cycles: 6216003 heartbeat IPC: 4.8264 cumulative IPC: 4.82625 (Simulation time: 0 hr 1 min 6 sec) 
Heartbeat CPU 0 instructions: 40000004 cycles: 8288672 heartbeat IPC: 4.8247 cumulative IPC: 4.82586 (Simulation time: 0 hr 1 min 29 sec) 
Heartbeat CPU 0 instructions: 50000000 cycles: 10360653 heartbeat IPC: 4.8263 cumulative IPC: 4.82595 (Simulation time: 0 hr 1 min 52 sec) 
Heartbeat CPU 0 instructions: 60000000 cycles: 12429925 heartbeat IPC: 4.83262 cumulative IPC: 4.82706 (Simulation time: 0 hr 2 min 14 sec) 
Heartbeat CPU 0 instructions: 70000004 cycles: 14498642 heartbeat IPC: 4.83392 cumulative IPC: 4.82804 (Simulation time: 0 hr 2 min 36 sec) 
Heartbeat CPU 0 instructions: 80000000 cycles: 16568272 heartbeat IPC: 4.83178 cumulative IPC: 4.82851 (Simulation time: 0 hr 2 min 59 sec) 
*** Reached end of trace for Core: 0 Repeating trace: /home1/sweta/traces/qualcomm_traces/server_030.champsimtrace.xz
Heartbeat CPU 0 instructions: 90000000 cycles: 18637003 heartbeat IPC: 4.83388 cumulative IPC: 4.8291 (Simulation time: 0 hr 3 min 22 sec) 
Heartbeat CPU 0 instructions: 100000000 cycles: 20710048 heartbeat IPC: 4.82382 cumulative IPC: 4.82857 (Simulation time: 0 hr 3 min 46 sec) 
Heartbeat CPU 0 instructions: 110000002 cycles: 22779586 heartbeat IPC: 4.832 cumulative IPC: 4.82889 (Simulation time: 0 hr 4 min 14 sec) 
Heartbeat CPU 0 instructions: 120000002 cycles: 24851302 heartbeat IPC: 4.82692 cumulative IPC: 4.82872 (Simulation time: 0 hr 4 min 40 sec) 
Heartbeat CPU 0 instructions: 130000002 cycles: 26924079 heartbeat IPC: 4.82445 cumulative IPC: 4.82839 (Simulation time: 0 hr 5 min 9 sec) 
Heartbeat CPU 0 instructions: 140000007 cycles: 28996540 heartbeat IPC: 4.82518 cumulative IPC: 4.82816 (Simulation time: 0 hr 5 min 35 sec) 
Heartbeat CPU 0 instructions: 150000000 cycles: 31065481 heartbeat IPC: 4.83339 cumulative IPC: 4.82851 (Simulation time: 0 hr 6 min 1 sec) 
Heartbeat CPU 0 instructions: 160000005 cycles: 33133771 heartbeat IPC: 4.83491 cumulative IPC: 4.82891 (Simulation time: 0 hr 6 min 27 sec) 
Heartbeat CPU 0 instructions: 170000001 cycles: 35203212 heartbeat IPC: 4.83222 cumulative IPC: 4.8291 (Simulation time: 0 hr 6 min 53 sec) 
*** Reached end of trace for Core: 0 Repeating trace: /home1/sweta/traces/qualcomm_traces/server_030.champsimtrace.xz
Heartbeat CPU 0 instructions: 180000000 cycles: 37270490 heartbeat IPC: 4.83728 cumulative IPC: 4.82956 (Simulation time: 0 hr 7 min 19 sec) 
Heartbeat CPU 0 instructions: 190000006 cycles: 39344645 heartbeat IPC: 4.82124 cumulative IPC: 4.82912 (Simulation time: 0 hr 7 min 45 sec) 
Heartbeat CPU 0 instructions: 200000004 cycles: 41415560 heartbeat IPC: 4.82878 cumulative IPC: 4.8291 (Simulation time: 0 hr 8 min 11 sec) 

Warmup complete CPU 0 instructions: 200000004 cycles: 41415560 (Simulation time: 0 hr 8 min 11 sec) 

Heartbeat CPU 0 instructions: 210000003 cycles: 71739408 heartbeat IPC: 0.329773 cumulative IPC: 0.329773 (Simulation time: 0 hr 8 min 45 sec) 
Heartbeat CPU 0 instructions: 220000001 cycles: 102056785 heartbeat IPC: 0.329844 cumulative IPC: 0.329809 (Simulation time: 0 hr 9 min 19 sec) 
Heartbeat CPU 0 instructions: 230000000 cycles: 132287234 heartbeat IPC: 0.330792 cumulative IPC: 0.330136 (Simulation time: 0 hr 9 min 53 sec) 
Heartbeat CPU 0 instructions: 240000005 cycles: 162481006 heartbeat IPC: 0.331194 cumulative IPC: 0.3304 (Simulation time: 0 hr 10 min 26 sec) 
Heartbeat CPU 0 instructions: 250000004 cycles: 192597476 heartbeat IPC: 0.332044 cumulative IPC: 0.330727 (Simulation time: 0 hr 11 min 0 sec) 
Heartbeat CPU 0 instructions: 260000001 cycles: 222791576 heartbeat IPC: 0.33119 cumulative IPC: 0.330804 (Simulation time: 0 hr 11 min 34 sec) 
*** Reached end of trace for Core: 0 Repeating trace: /home1/sweta/traces/qualcomm_traces/server_030.champsimtrace.xz
Heartbeat CPU 0 instructions: 270000000 cycles: 252884956 heartbeat IPC: 0.332299 cumulative IPC: 0.331017 (Simulation time: 0 hr 12 min 10 sec) 
Heartbeat CPU 0 instructions: 280000005 cycles: 283199845 heartbeat IPC: 0.329871 cumulative IPC: 0.330873 (Simulation time: 0 hr 12 min 44 sec) 
Heartbeat CPU 0 instructions: 290000003 cycles: 313356883 heartbeat IPC: 0.331597 cumulative IPC: 0.330954 (Simulation time: 0 hr 13 min 15 sec) 
Heartbeat CPU 0 instructions: 300000007 cycles: 343611778 heartbeat IPC: 0.330525 cumulative IPC: 0.330911 (Simulation time: 0 hr 13 min 46 sec) 
Heartbeat CPU 0 instructions: 310000000 cycles: 373920621 heartbeat IPC: 0.329936 cumulative IPC: 0.330822 (Simulation time: 0 hr 14 min 18 sec) 
Heartbeat CPU 0 instructions: 320000002 cycles: 404118575 heartbeat IPC: 0.331148 cumulative IPC: 0.330849 (Simulation time: 0 hr 14 min 49 sec) 
Heartbeat CPU 0 instructions: 330000000 cycles: 434331341 heartbeat IPC: 0.330986 cumulative IPC: 0.33086 (Simulation time: 0 hr 15 min 21 sec) 
Heartbeat CPU 0 instructions: 340000004 cycles: 464428423 heartbeat IPC: 0.332258 cumulative IPC: 0.330959 (Simulation time: 0 hr 15 min 52 sec) 
Heartbeat CPU 0 instructions: 350000000 cycles: 494615056 heartbeat IPC: 0.331272 cumulative IPC: 0.33098 (Simulation time: 0 hr 16 min 25 sec) 
*** Reached end of trace for Core: 0 Repeating trace: /home1/sweta/traces/qualcomm_traces/server_030.champsimtrace.xz
Heartbeat CPU 0 instructions: 360000000 cycles: 524685501 heartbeat IPC: 0.332552 cumulative IPC: 0.331078 (Simulation time: 0 hr 16 min 56 sec) 
Heartbeat CPU 0 instructions: 370000001 cycles: 554951828 heartbeat IPC: 0.3304 cumulative IPC: 0.331038 (Simulation time: 0 hr 17 min 27 sec) 
Heartbeat CPU 0 instructions: 380000000 cycles: 585122786 heartbeat IPC: 0.331445 cumulative IPC: 0.331061 (Simulation time: 0 hr 17 min 57 sec) 
Heartbeat CPU 0 instructions: 390000001 cycles: 615417190 heartbeat IPC: 0.330094 cumulative IPC: 0.33101 (Simulation time: 0 hr 18 min 28 sec) 
Heartbeat CPU 0 instructions: 400000002 cycles: 645709839 heartbeat IPC: 0.330113 cumulative IPC: 0.330965 (Simulation time: 0 hr 18 min 58 sec) 
Finished CPU 0 instructions: 200000000 cycles: 604294300 cumulative IPC: 0.330965 (Simulation time: 0 hr 18 min 58 sec) 

ChampSim completed all CPUs

Region of Interest Statistics

CPU 0 cumulative IPC: 0.330965 instructions: 200000000 cycles: 604294300
ITLB TOTAL     ACCESS:   26335778  HIT:   24104745  MISS:    2231033  HIT %:    91.5285  MISS %:    8.47149   MPKI: 11.1552
ITLB LOAD TRANSLATION ACCESS:   26335778  HIT:   24104745  MISS:    2231033  HIT %:    91.5285  MISS %:    8.47149   MPKI: 11.1552
ITLB PREFETCH  REQUESTED:          0  ISSUED:          0  USEFUL:          0  USELESS:          0
ITLB USEFUL LOAD PREFETCHES:          0 PREFETCH ISSUED TO LOWER LEVEL:          0  ACCURACY: -nan
ITLB TIMELY PREFETCHES:          0 LATE PREFETCHES: 0 DROPPED PREFETCHES: 0
ITLB PREFETCHES SAME FILL-ORIGIN LEVEL: 0 DIFFERENT FILL-ORIGIN LEVEL: 0
ITLB AVERAGE MISS LATENCY:    9.12703 cycles AVERAGE LOAD MISS LATENCY:       -nan cycles Load Miss          0
ITLB Average MSHR Occupancy:  0.0301227
ITLB RQ	ACCESS:   31904311	FORWARD:          0	MERGED:    4323015	TO_CACHE:   27581296

DTLB TOTAL     ACCESS:   40510465  HIT:   38486349  MISS:    2024116  HIT %:    95.0035  MISS %:    4.99653   MPKI: 10.1206
DTLB LOAD TRANSLATION ACCESS:   40510465  HIT:   38486349  MISS:    2024116  HIT %:    95.0035  MISS %:    4.99653   MPKI: 10.1206
DTLB PREFETCH  REQUESTED:          0  ISSUED:          0  USEFUL:          0  USELESS:          0
DTLB USEFUL LOAD PREFETCHES:          0 PREFETCH ISSUED TO LOWER LEVEL:          0  ACCURACY: -nan
DTLB TIMELY PREFETCHES:          0 LATE PREFETCHES: 0 DROPPED PREFETCHES: 0
DTLB PREFETCHES SAME FILL-ORIGIN LEVEL: 0 DIFFERENT FILL-ORIGIN LEVEL: 0
DTLB AVERAGE MISS LATENCY:    9.17609 cycles AVERAGE LOAD MISS LATENCY:       -nan cycles Load Miss          0
DTLB Average MSHR Occupancy:   0.027865
DTLB RQ	ACCESS:   57004860	FORWARD:          0	MERGED:   16432830	TO_CACHE:   40572030

STLB TOTAL     ACCESS:    4255149  HIT:    4226659  MISS:      28490  HIT %:    99.3305  MISS %:   0.669542   MPKI: 0.14245
STLB LOAD TRANSLATION ACCESS:    4255149  HIT:    4226659  MISS:      28490  HIT %:    99.3305  MISS %:   0.669542   MPKI: 0.14245
STLB PREFETCH  REQUESTED:          0  ISSUED:          0  USEFUL:          0  USELESS:          0
STLB USEFUL LOAD PREFETCHES:          0 PREFETCH ISSUED TO LOWER LEVEL:          0  ACCURACY: -nan
STLB TIMELY PREFETCHES:          0 LATE PREFETCHES: 0 DROPPED PREFETCHES: 0
STLB PREFETCHES SAME FILL-ORIGIN LEVEL: 0 DIFFERENT FILL-ORIGIN LEVEL: 0
STLB AVERAGE MISS LATENCY:    20.5681 cycles AVERAGE LOAD MISS LATENCY:       -nan cycles Load Miss          0
STLB Average MSHR Occupancy: 0.00103263
STLB RQ	ACCESS:    4255149	FORWARD:          0	MERGED:          0	TO_CACHE:    4255149

STLB Hit, L1D data hit: 0
STLB Hit, L2C data hit: 0
STLB Hit, LLC data hit: 0
STLB Hit, LLC data miss: 0
STLB STLB hints to L2: 0
L1D TOTAL     ACCESS:   55205352  HIT:   49541300  MISS:    5664052  HIT %:      89.74  MISS %:      10.26   MPKI: 28.3203
L1D LOAD      ACCESS:   30784436  HIT:   26314578  MISS:    4469858  HIT %:    85.4801  MISS %:    14.5199   MPKI: 22.3493
L1D RFO       ACCESS:   24420916  HIT:   23226722  MISS:    1194194  HIT %:      95.11  MISS %:    4.89005   MPKI: 5.97097
L1D PREFETCH  REQUESTED:          0  ISSUED:          0  USEFUL:          0  USELESS:          0
L1D USEFUL LOAD PREFETCHES:          0 PREFETCH ISSUED TO LOWER LEVEL:          0  ACCURACY: -nan
L1D TIMELY PREFETCHES:          0 LATE PREFETCHES: 0 DROPPED PREFETCHES: 0
L1D PREFETCHES SAME FILL-ORIGIN LEVEL: 0 DIFFERENT FILL-ORIGIN LEVEL: 0
L1D AVERAGE MISS LATENCY:    15.3862 cycles AVERAGE LOAD MISS LATENCY:    15.3752 cycles Load Miss    4469858
L1D Average MSHR Occupancy:   0.153537
L1D RQ	ACCESS:   43952949	FORWARD:          0	MERGED:   12925058	TO_CACHE:   30835665
L1D WQ	ACCESS:   26450564	FORWARD:     192226	MERGED:     281369	TO_CACHE:   26169195

L1D UNIQUE REGIONS ACCESSED: 0
L1D REGIONS CONFLICTS: 0
L1D Cross Page Prefetch Requests: 0
L1D Same Page Prefetch Requests: 0
L1D ROI Sum of L1D PQ occupancy: 0
L1D PREFETCHES PUSHED FROM L2C: 0
L1I TOTAL     ACCESS:   31731573  HIT:   12758390  MISS:   18973183  HIT %:    40.2072  MISS %:    59.7928   MPKI: 94.8659
L1I LOAD      ACCESS:   31731573  HIT:   12758390  MISS:   18973183  HIT %:    40.2072  MISS %:    59.7928   MPKI: 94.8659
L1I PREFETCH  REQUESTED:          0  ISSUED:          0  USEFUL:          0  USELESS:          0
L1I USEFUL LOAD PREFETCHES:          0 PREFETCH ISSUED TO LOWER LEVEL:          0  ACCURACY: -nan
L1I TIMELY PREFETCHES:          0 LATE PREFETCHES: 0 DROPPED PREFETCHES: 0
L1I PREFETCHES SAME FILL-ORIGIN LEVEL: 0 DIFFERENT FILL-ORIGIN LEVEL: 0
L1I AVERAGE MISS LATENCY:    14.1351 cycles AVERAGE LOAD MISS LATENCY:    14.1351 cycles Load Miss   18973183
L1I Average MSHR Occupancy:   0.435707
L1I RQ	ACCESS:   50905413	FORWARD:          0	MERGED:   19001102	TO_CACHE:   31904311

BTB TOTAL     ACCESS:   30347923  HIT:   17608890  MISS:   12739033  HIT %:    58.0234  MISS %:    41.9766   MPKI: 63.6952
BTB BRANCH_DIRECT_JUMP	ACCESS:    1882382  HIT:    1041749  MISS:     840633
BTB BRANCH_INDIRECT	ACCESS:   11971007  HIT:    7099396  MISS:    4871611
BTB BRANCH_CONDITIONAL	ACCESS:    7314145  HIT:    6009034  MISS:    1305111
BTB BRANCH_DIRECT_CALL	ACCESS:    3859196  HIT:    1772431  MISS:    2086765
BTB BRANCH_INDIRECT_CALL	ACCESS:     731000  HIT:     349102  MISS:     381898
BTB BRANCH_RETURN	ACCESS:    4590193  HIT:    1337178  MISS:    3253015
BTB BRANCH_OTHER ACCESS:          0  HIT:          0  MISS:          0

L2C TOTAL     ACCESS:   34854745  HIT:   34753859  MISS:     100886  HIT %:    99.7106  MISS %:   0.289447   MPKI: 0.50443
L2C LOAD      ACCESS:   23443040  HIT:   23404731  MISS:      38309  HIT %:    99.8366  MISS %:   0.163413   MPKI: 0.191545
L2C DATA LOAD MPKI: 0.184395
L2C INSTRUCTION LOAD MPKI: 0.00715
L2C RFO       ACCESS:    1194194  HIT:    1186310  MISS:       7884  HIT %:    99.3398  MISS %:   0.660194   MPKI: 0.03942
L2C PREFETCH  ACCESS:    7877809  HIT:    7823717  MISS:      54092  HIT %:    99.3134  MISS %:   0.686638   MPKI: 0.27046
AGUS PREFETCH L1 MISS: 0
L2C DATA PREFETCH MPKI: 0.27046
L2C INSTRUCTION PREFETCH MPKI: 0
L2C WRITEBACK ACCESS:    2310101  HIT:    2310093  MISS:          8  HIT %:    99.9997  MISS %: 0.000346305   MPKI: 4e-05
L2C LOAD TRANSLATION ACCESS:      29601  HIT:      29008  MISS:        593  HIT %:    97.9967  MISS %:    2.00331   MPKI: 0.002965
L2C PREFETCH  REQUESTED:    7923350  ISSUED:    7923308  USEFUL:       7453  USELESS:      45627
L2C USEFUL LOAD PREFETCHES:       7453 PREFETCH ISSUED TO LOWER LEVEL:      81024  ACCURACY: 9.19851
L2C TIMELY PREFETCHES:       7453 LATE PREFETCHES: 24204 DROPPED PREFETCHES: 0
L2C PREFETCHES SAME FILL-ORIGIN LEVEL: 78296 DIFFERENT FILL-ORIGIN LEVEL: 2728
L2C AVERAGE MISS LATENCY:    67.8954 cycles AVERAGE LOAD MISS LATENCY:    45.6917 cycles Load Miss      38309
L2C Average MSHR Occupancy:  0.0118994
L2C RQ	ACCESS:   24666836	FORWARD:          0	MERGED:          0	TO_CACHE:   24666835
L2C WQ	ACCESS:    2310101	FORWARD:          2	MERGED:          0	TO_CACHE:    2310101
L2C PQ	ACCESS:    7923308	FORWARD:          0	MERGED:      13274	TO_CACHE:    7910033

L2C Instructions Evicting Data 1349
L2C Translations Evicting Data 576
L2C Data Evicting Data 97005
L2C Instructions Evicting Instructions 64
L2C Translations Evicting Instructions 14
L2C Data Evicting Instructions 1245
L2C Instructions Evicting Translations 17
L2C Translations Evicting Translations 3
L2C Data Evicting Translations 562
L2C Dense regions hint from L2: 0
PSCL5 TOTAL     ACCESS:      28490  HIT:      28490  MISS:          0  HIT %:        100  MISS %:          0   MPKI: 0
PSCL5 LOAD TRANSLATION ACCESS:      28490  HIT:      28490  MISS:          0  HIT %:        100  MISS %:          0   MPKI: 0
PSCL5 PREFETCH  REQUESTED:          0  ISSUED:          0  USEFUL:          0  USELESS:          0
PSCL5 USEFUL LOAD PREFETCHES:          0 PREFETCH ISSUED TO LOWER LEVEL:          0  ACCURACY: -nan
PSCL5 TIMELY PREFETCHES:          0 LATE PREFETCHES: 0 DROPPED PREFETCHES: 0
PSCL5 PREFETCHES SAME FILL-ORIGIN LEVEL: 0 DIFFERENT FILL-ORIGIN LEVEL: 0

PSCL4 TOTAL     ACCESS:      23632  HIT:      23565  MISS:         67  HIT %:    99.7165  MISS %:   0.283514   MPKI: 0.000335
PSCL4 LOAD TRANSLATION ACCESS:      23632  HIT:      23565  MISS:         67  HIT %:    99.7165  MISS %:   0.283514   MPKI: 0.000335
PSCL4 PREFETCH  REQUESTED:          0  ISSUED:          0  USEFUL:          0  USELESS:          0
PSCL4 USEFUL LOAD PREFETCHES:          0 PREFETCH ISSUED TO LOWER LEVEL:          0  ACCURACY: -nan
PSCL4 TIMELY PREFETCHES:          0 LATE PREFETCHES: 0 DROPPED PREFETCHES: 0
PSCL4 PREFETCHES SAME FILL-ORIGIN LEVEL: 0 DIFFERENT FILL-ORIGIN LEVEL: 0

PSCL3 TOTAL     ACCESS:      27543  HIT:      27470  MISS:         73  HIT %:     99.735  MISS %:    0.26504   MPKI: 0.000365
PSCL3 LOAD TRANSLATION ACCESS:      27543  HIT:      27470  MISS:         73  HIT %:     99.735  MISS %:    0.26504   MPKI: 0.000365
PSCL3 PREFETCH  REQUESTED:          0  ISSUED:          0  USEFUL:          0  USELESS:          0
PSCL3 USEFUL LOAD PREFETCHES:          0 PREFETCH ISSUED TO LOWER LEVEL:          0  ACCURACY: -nan
PSCL3 TIMELY PREFETCHES:          0 LATE PREFETCHES: 0 DROPPED PREFETCHES: 0
PSCL3 PREFETCHES SAME FILL-ORIGIN LEVEL: 0 DIFFERENT FILL-ORIGIN LEVEL: 0

PSCL2 TOTAL     ACCESS:      28490  HIT:      27519  MISS:        971  HIT %:    96.5918  MISS %:    3.40821   MPKI: 0.004855
PSCL2 LOAD TRANSLATION ACCESS:      28490  HIT:      27519  MISS:        971  HIT %:    96.5918  MISS %:    3.40821   MPKI: 0.004855
PSCL2 PREFETCH  REQUESTED:          0  ISSUED:          0  USEFUL:          0  USELESS:          0
PSCL2 USEFUL LOAD PREFETCHES:          0 PREFETCH ISSUED TO LOWER LEVEL:          0  ACCURACY: -nan
PSCL2 TIMELY PREFETCHES:          0 LATE PREFETCHES: 0 DROPPED PREFETCHES: 0
PSCL2 PREFETCHES SAME FILL-ORIGIN LEVEL: 0 DIFFERENT FILL-ORIGIN LEVEL: 0

LLC TOTAL     ACCESS:     113310  HIT:      97617  MISS:      15693  HIT %:    86.1504  MISS %:    13.8496   MPKI: 0.078465
LLC LOAD      ACCESS:      14106  HIT:      13061  MISS:       1045  HIT %:    92.5918  MISS %:     7.4082   MPKI: 0.005225
LLC RFO       ACCESS:       7883  HIT:       7199  MISS:        684  HIT %:    91.3231  MISS %:     8.6769   MPKI: 0.00342
LLC PREFETCH  ACCESS:      81020  HIT:      67255  MISS:      13765  HIT %:    83.0104  MISS %:    16.9896   MPKI: 0.068825
AGUS PREFETCH L1 MISS: 0
LLC WRITEBACK ACCESS:       9708  HIT:       9537  MISS:        171  HIT %:    98.2386  MISS %:    1.76143   MPKI: 0.000855
LLC LOAD TRANSLATION ACCESS:        593  HIT:        565  MISS:         28  HIT %:    95.2782  MISS %:    4.72175   MPKI: 0.00014
LLC PREFETCH  REQUESTED:          0  ISSUED:          0  USEFUL:        371  USELESS:       8242
LLC USEFUL LOAD PREFETCHES:        371 PREFETCH ISSUED TO LOWER LEVEL:      13765  ACCURACY: 2.69524
LLC TIMELY PREFETCHES:        371 LATE PREFETCHES: 0 DROPPED PREFETCHES: 0
LLC PREFETCHES SAME FILL-ORIGIN LEVEL: 293 DIFFERENT FILL-ORIGIN LEVEL: 0
LLC AVERAGE MISS LATENCY:    174.479 cycles AVERAGE LOAD MISS LATENCY:    174.376 cycles Load Miss       1045
LLC Average MSHR Occupancy: 0.00450538
LLC RQ	ACCESS:      22582	FORWARD:          0	MERGED:          0	TO_CACHE:      22582
LLC WQ	ACCESS:       9708	FORWARD:          0	MERGED:          0	TO_CACHE:       9708
LLC PQ	ACCESS:      81024	FORWARD:          0	MERGED:          3	TO_CACHE:      81021

LLC Dense regions hint to LLC: 0

RAW hits: 3885638
Loads Generated: 47838581
Loads sent to L1D: 43952949
Stores Generated: 26450560
Stores sent to L1D: 26450564
Major fault: 0 Minor fault: 2136
Allocated PAGES: 2136
------------------
Depth Distribution
------------------
depth 0: 1108773
depth 1: 444319
depth 2: 4555371
depth 3: 1181730
depth 4: 797925
depth 5: 799371
depth 6: 66085
depth 7: 1154
depth 8: 92
depth 9: 61
depth 10: 4
depth 11: 1
depth 12: 0
depth 13: 0
depth 14: 0
depth 15: 0
depth 16: 0
depth 17: 0
depth 18: 0
depth 19: 0
depth 20: 0
depth 21: 0
depth 22: 0
depth 23: 0
depth 24: 0
depth 25: 0
depth 26: 0
depth 27: 0
depth 28: 0
depth 29: 0
Total: 8954886
------------------
ST read accesses: 3823562
ST write accesses: 646295
PT read accesses: 86235718
PT write accesses: 5120488
FILTER read accesses: 22676415
FILTER write accesses: 10784517
GHR read accesses: 23709661
GHR write accesses: 2580798
PERC read accesses: 582806961
PERC write accesses: 23767700
GHR counter read accesses: 8939714
GHR counter write accesses: 14743134
GHR ip read accesses: 37793484
GHR ip write accesses: 17879428
ST tag read accesses: 2030492110
ST tag write accesses: 269741379
================ Mockingjay (LLC) Pollution Stats ================
Total pollution count in LLC: 2271
==================================================================

DRAM Statistics
 CHANNEL 0
 RQ ROW_BUFFER_HIT:       2106  ROW_BUFFER_MISS:      13416
 DBUS_CONGESTED:          0
 WQ ROW_BUFFER_HIT:         36  ROW_BUFFER_MISS:        968  FULL:          0

 AVG_CONGESTED_CYCLE: -
 All warmup complete: 2
Channel 0 Bank busy for read cycles: 0
Channel 0 Bank busy for write cycles: 0
Channel 0
Rank 0
0banks busy for read cycles: 602565535
0banks busy for write cycles: 898
1banks busy for read cycles: 1229905
1banks busy for write cycles: 129541
2banks busy for read cycles: 234259
2banks busy for write cycles: 10974
3banks busy for read cycles: 82198
3banks busy for write cycles: 1418
4banks busy for read cycles: 27511
4banks busy for write cycles: 311
5banks busy for read cycles: 8397
5banks busy for write cycles: 0
6banks busy for read cycles: 2898
6banks busy for write cycles: 0
7banks busy for read cycles: 373
7banks busy for write cycles: 0
8banks busy for read cycles: 83
8banks busy for write cycles: 0

CPU 0 Branch Prediction Accuracy: 99.8954% MPKI: 0.1884 Average ROB Occupancy at Mispredict: 26.9359
Branch types
NOT_BRANCH: 163993674 81.9968%
BRANCH_DIRECT_JUMP: 1882382 0.941191%
BRANCH_INDIRECT: 11971007 5.9855%
BRANCH_CONDITIONAL: 12972058 6.48603%
BRANCH_DIRECT_CALL: 3859196 1.9296%
BRANCH_INDIRECT_CALL: 731000 0.3655%
BRANCH_RETURN: 4590193 2.2951%
BRANCH_OTHER: 0 0%

===================== LRU L1D STATS =====================
Total pollution count in L1D: 0
=========================================================
================ SRRIP (L2C) Pollution Stats ================
Total pollution count in L2c: 65930
==================================================================
DRAM PAGES: 1048576
Allocated PAGES: 2136
