Initialize SIGNATURE TABLE
ST_SET: 1
ST_WAY: 256
ST_TAG_BIT: 16
ST_TAG_MASK: ffff

Initialize PATTERN TABLE
PT_SET: 512
PT_WAY: 4
SIG_DELTA_BIT: 7
C_SIG_BIT: 4
C_DELTA_BIT: 4

Initialize PREFETCH FILTER
FILTER_SET: 1024

Initialize PERCEPTRON
PERC_ENTRIES: 4096
PERC_FEATURES: 9

*** ChampSim Multicore Out-of-Order Simulator ***

Warmup Instructions: 200000000
Simulation Instructions: 200000000
Number of CPUs: 1
LLC sets: 4096
LLC ways: 12
Off-chip DRAM Size: 4096 MB Channels: 1 Width: 64-bit Data Rate: 6400 MT/s
CPU 0 runs /home1/sweta/traces/qualcomm_traces/server_002.champsimtrace.xz
.xz
BTB has LRU replacement policy
ITLB has LRU replacement policy
DTLB has LRU replacement policy
STLB has LRU replacement policy
L1I has LRU replacement policy
L1D has LRU replacement policy
PERC_ENTRIES: 4096
Initialize SRRIP state for L2C
Initialize Mockingjay state for LLC
Heartbeat CPU 0 instructions: 10000003 cycles: 2013181 heartbeat IPC: 4.96726 cumulative IPC: 4.96726 (Simulation time: 0 hr 0 min 16 sec) 
Heartbeat CPU 0 instructions: 20000002 cycles: 4053361 heartbeat IPC: 4.90153 cumulative IPC: 4.93418 (Simulation time: 0 hr 0 min 32 sec) 
Heartbeat CPU 0 instructions: 30000000 cycles: 6062255 heartbeat IPC: 4.97786 cumulative IPC: 4.94865 (Simulation time: 0 hr 0 min 48 sec) 
Heartbeat CPU 0 instructions: 40000000 cycles: 8074140 heartbeat IPC: 4.97046 cumulative IPC: 4.95409 (Simulation time: 0 hr 1 min 4 sec) 
Heartbeat CPU 0 instructions: 50000007 cycles: 10083243 heartbeat IPC: 4.97735 cumulative IPC: 4.95872 (Simulation time: 0 hr 1 min 20 sec) 
Heartbeat CPU 0 instructions: 60000000 cycles: 12092744 heartbeat IPC: 4.97636 cumulative IPC: 4.96165 (Simulation time: 0 hr 1 min 35 sec) 
Heartbeat CPU 0 instructions: 70000003 cycles: 14102069 heartbeat IPC: 4.9768 cumulative IPC: 4.96381 (Simulation time: 0 hr 1 min 51 sec) 
Heartbeat CPU 0 instructions: 80000002 cycles: 16111015 heartbeat IPC: 4.97773 cumulative IPC: 4.96555 (Simulation time: 0 hr 2 min 6 sec) 
Heartbeat CPU 0 instructions: 90000000 cycles: 18119636 heartbeat IPC: 4.97854 cumulative IPC: 4.96699 (Simulation time: 0 hr 2 min 22 sec) 
Heartbeat CPU 0 instructions: 100000005 cycles: 20128816 heartbeat IPC: 4.97716 cumulative IPC: 4.968 (Simulation time: 0 hr 2 min 37 sec) 
Heartbeat CPU 0 instructions: 110000000 cycles: 22138186 heartbeat IPC: 4.97668 cumulative IPC: 4.96879 (Simulation time: 0 hr 2 min 53 sec) 
Heartbeat CPU 0 instructions: 120000006 cycles: 24147031 heartbeat IPC: 4.97799 cumulative IPC: 4.96956 (Simulation time: 0 hr 3 min 9 sec) 
*** Reached end of trace for Core: 0 Repeating trace: /home1/sweta/traces/qualcomm_traces/server_002.champsimtrace.xz
Heartbeat CPU 0 instructions: 130000007 cycles: 26160976 heartbeat IPC: 4.96538 cumulative IPC: 4.96923 (Simulation time: 0 hr 3 min 25 sec) 
Heartbeat CPU 0 instructions: 140000003 cycles: 28201541 heartbeat IPC: 4.9006 cumulative IPC: 4.96427 (Simulation time: 0 hr 3 min 41 sec) 
Heartbeat CPU 0 instructions: 150000000 cycles: 30210355 heartbeat IPC: 4.97806 cumulative IPC: 4.96519 (Simulation time: 0 hr 3 min 59 sec) 
Heartbeat CPU 0 instructions: 160000003 cycles: 32222090 heartbeat IPC: 4.97084 cumulative IPC: 4.96554 (Simulation time: 0 hr 4 min 16 sec) 
Heartbeat CPU 0 instructions: 170000000 cycles: 34231192 heartbeat IPC: 4.97735 cumulative IPC: 4.96623 (Simulation time: 0 hr 4 min 34 sec) 
Heartbeat CPU 0 instructions: 180000000 cycles: 36240527 heartbeat IPC: 4.97677 cumulative IPC: 4.96681 (Simulation time: 0 hr 4 min 52 sec) 
Heartbeat CPU 0 instructions: 190000006 cycles: 38250091 heartbeat IPC: 4.97621 cumulative IPC: 4.96731 (Simulation time: 0 hr 5 min 11 sec) 
Heartbeat CPU 0 instructions: 200000002 cycles: 40259158 heartbeat IPC: 4.97743 cumulative IPC: 4.96781 (Simulation time: 0 hr 5 min 36 sec) 

Warmup complete CPU 0 instructions: 200000002 cycles: 40259158 (Simulation time: 0 hr 5 min 36 sec) 

Heartbeat CPU 0 instructions: 210000003 cycles: 51909859 heartbeat IPC: 0.858318 cumulative IPC: 0.858318 (Simulation time: 0 hr 6 min 3 sec) 
Heartbeat CPU 0 instructions: 220000002 cycles: 63550264 heartbeat IPC: 0.859077 cumulative IPC: 0.858697 (Simulation time: 0 hr 6 min 28 sec) 
Heartbeat CPU 0 instructions: 230000000 cycles: 75177977 heartbeat IPC: 0.860014 cumulative IPC: 0.859136 (Simulation time: 0 hr 6 min 53 sec) 
Heartbeat CPU 0 instructions: 240000006 cycles: 86803938 heartbeat IPC: 0.860144 cumulative IPC: 0.859388 (Simulation time: 0 hr 7 min 19 sec) 
*** Reached end of trace for Core: 0 Repeating trace: /home1/sweta/traces/qualcomm_traces/server_002.champsimtrace.xz
Heartbeat CPU 0 instructions: 250000000 cycles: 98478032 heartbeat IPC: 0.856597 cumulative IPC: 0.858828 (Simulation time: 0 hr 7 min 45 sec) 
Heartbeat CPU 0 instructions: 260000006 cycles: 110834861 heartbeat IPC: 0.80927 cumulative IPC: 0.850151 (Simulation time: 0 hr 8 min 11 sec) 
Heartbeat CPU 0 instructions: 270000000 cycles: 122476058 heartbeat IPC: 0.859018 cumulative IPC: 0.851406 (Simulation time: 0 hr 8 min 36 sec) 
Heartbeat CPU 0 instructions: 280000000 cycles: 134246800 heartbeat IPC: 0.849564 cumulative IPC: 0.851176 (Simulation time: 0 hr 9 min 1 sec) 
Heartbeat CPU 0 instructions: 290000002 cycles: 145894281 heartbeat IPC: 0.858555 cumulative IPC: 0.851989 (Simulation time: 0 hr 9 min 27 sec) 
Heartbeat CPU 0 instructions: 300000006 cycles: 157537048 heartbeat IPC: 0.858903 cumulative IPC: 0.852676 (Simulation time: 0 hr 9 min 52 sec) 
Heartbeat CPU 0 instructions: 310000004 cycles: 169171891 heartbeat IPC: 0.859487 cumulative IPC: 0.85329 (Simulation time: 0 hr 10 min 17 sec) 
Heartbeat CPU 0 instructions: 320000006 cycles: 180780894 heartbeat IPC: 0.861401 cumulative IPC: 0.85396 (Simulation time: 0 hr 10 min 42 sec) 
Heartbeat CPU 0 instructions: 330000003 cycles: 192405693 heartbeat IPC: 0.86023 cumulative IPC: 0.854439 (Simulation time: 0 hr 11 min 7 sec) 
Heartbeat CPU 0 instructions: 340000007 cycles: 204039604 heartbeat IPC: 0.859556 cumulative IPC: 0.854803 (Simulation time: 0 hr 11 min 32 sec) 
Heartbeat CPU 0 instructions: 350000004 cycles: 215676588 heartbeat IPC: 0.859329 cumulative IPC: 0.855103 (Simulation time: 0 hr 11 min 57 sec) 
Heartbeat CPU 0 instructions: 360000000 cycles: 227309913 heartbeat IPC: 0.859599 cumulative IPC: 0.855383 (Simulation time: 0 hr 12 min 22 sec) 
*** Reached end of trace for Core: 0 Repeating trace: /home1/sweta/traces/qualcomm_traces/server_002.champsimtrace.xz
Heartbeat CPU 0 instructions: 370000002 cycles: 239001464 heartbeat IPC: 0.855319 cumulative IPC: 0.855379 (Simulation time: 0 hr 12 min 48 sec) 
Heartbeat CPU 0 instructions: 380000004 cycles: 250812425 heartbeat IPC: 0.846671 cumulative IPC: 0.854891 (Simulation time: 0 hr 13 min 14 sec) 
Heartbeat CPU 0 instructions: 390000000 cycles: 262834837 heartbeat IPC: 0.83178 cumulative IPC: 0.853642 (Simulation time: 0 hr 13 min 39 sec) 
Heartbeat CPU 0 instructions: 400000007 cycles: 274582322 heartbeat IPC: 0.851247 cumulative IPC: 0.853522 (Simulation time: 0 hr 14 min 4 sec) 
Finished CPU 0 instructions: 200000005 cycles: 234323164 cumulative IPC: 0.853522 (Simulation time: 0 hr 14 min 4 sec) 

ChampSim completed all CPUs

Region of Interest Statistics

CPU 0 cumulative IPC: 0.853522 instructions: 200000005 cycles: 234323164
ITLB TOTAL     ACCESS:   23715365  HIT:   22737659  MISS:     977706  HIT %:    95.8773  MISS %:    4.12267   MPKI: 4.88853
ITLB LOAD TRANSLATION ACCESS:   23715365  HIT:   22737659  MISS:     977706  HIT %:    95.8773  MISS %:    4.12267   MPKI: 4.88853
ITLB PREFETCH  REQUESTED:          0  ISSUED:          0  USEFUL:          0  USELESS:          0
ITLB USEFUL LOAD PREFETCHES:          0 PREFETCH ISSUED TO LOWER LEVEL:          0  ACCURACY: -nan
ITLB TIMELY PREFETCHES:          0 LATE PREFETCHES: 0 DROPPED PREFETCHES: 0
ITLB PREFETCHES SAME FILL-ORIGIN LEVEL: 0 DIFFERENT FILL-ORIGIN LEVEL: 0
ITLB AVERAGE MISS LATENCY:    9.03138 cycles AVERAGE LOAD MISS LATENCY:       -nan cycles Load Miss          0
ITLB Average MSHR Occupancy:  0.0335274
ITLB RQ	ACCESS:   28438614	FORWARD:          0	MERGED:    3657483	TO_CACHE:   24781131

DTLB TOTAL     ACCESS:   31780445  HIT:   30863821  MISS:     916624  HIT %:    97.1158  MISS %:    2.88424   MPKI: 4.58312
DTLB LOAD TRANSLATION ACCESS:   31780445  HIT:   30863821  MISS:     916624  HIT %:    97.1158  MISS %:    2.88424   MPKI: 4.58312
DTLB PREFETCH  REQUESTED:          0  ISSUED:          0  USEFUL:          0  USELESS:          0
DTLB USEFUL LOAD PREFETCHES:          0 PREFETCH ISSUED TO LOWER LEVEL:          0  ACCURACY: -nan
DTLB TIMELY PREFETCHES:          0 LATE PREFETCHES: 0 DROPPED PREFETCHES: 0
DTLB PREFETCHES SAME FILL-ORIGIN LEVEL: 0 DIFFERENT FILL-ORIGIN LEVEL: 0
DTLB AVERAGE MISS LATENCY:    9.19051 cycles AVERAGE LOAD MISS LATENCY:       -nan cycles Load Miss          0
DTLB Average MSHR Occupancy:  0.0322184
DTLB RQ	ACCESS:   53718060	FORWARD:          0	MERGED:   21784113	TO_CACHE:   31933947

STLB TOTAL     ACCESS:    1894330  HIT:    1891935  MISS:       2395  HIT %:    99.8736  MISS %:    0.12643   MPKI: 0.011975
STLB LOAD TRANSLATION ACCESS:    1894330  HIT:    1891935  MISS:       2395  HIT %:    99.8736  MISS %:    0.12643   MPKI: 0.011975
STLB PREFETCH  REQUESTED:          0  ISSUED:          0  USEFUL:          0  USELESS:          0
STLB USEFUL LOAD PREFETCHES:          0 PREFETCH ISSUED TO LOWER LEVEL:          0  ACCURACY: -nan
STLB TIMELY PREFETCHES:          0 LATE PREFETCHES: 0 DROPPED PREFETCHES: 0
STLB PREFETCHES SAME FILL-ORIGIN LEVEL: 0 DIFFERENT FILL-ORIGIN LEVEL: 0
STLB AVERAGE MISS LATENCY:    73.5862 cycles AVERAGE LOAD MISS LATENCY:       -nan cycles Load Miss          0
STLB Average MSHR Occupancy: 0.000783836
STLB RQ	ACCESS:    1894330	FORWARD:          0	MERGED:          0	TO_CACHE:    1894330

STLB Hit, L1D data hit: 0
STLB Hit, L2C data hit: 0
STLB Hit, LLC data hit: 0
STLB Hit, LLC data miss: 0
STLB STLB hints to L2: 0
L1D TOTAL     ACCESS:   53608492  HIT:   53485961  MISS:     122531  HIT %:    99.7714  MISS %:   0.228566   MPKI: 0.612655
L1D LOAD      ACCESS:   22262131  HIT:   22204382  MISS:      57749  HIT %:    99.7406  MISS %:   0.259405   MPKI: 0.288745
L1D RFO       ACCESS:   31346361  HIT:   31281579  MISS:      64782  HIT %:    99.7933  MISS %:   0.206665   MPKI: 0.32391
L1D PREFETCH  REQUESTED:          0  ISSUED:          0  USEFUL:          0  USELESS:          0
L1D USEFUL LOAD PREFETCHES:          0 PREFETCH ISSUED TO LOWER LEVEL:          0  ACCURACY: -nan
L1D TIMELY PREFETCHES:          0 LATE PREFETCHES: 0 DROPPED PREFETCHES: 0
L1D PREFETCHES SAME FILL-ORIGIN LEVEL: 0 DIFFERENT FILL-ORIGIN LEVEL: 0
L1D AVERAGE MISS LATENCY:    58.5919 cycles AVERAGE LOAD MISS LATENCY:    43.1686 cycles Load Miss      57749
L1D Average MSHR Occupancy:  0.0320189
L1D RQ	ACCESS:   41527147	FORWARD:          0	MERGED:   19004029	TO_CACHE:   22264279
L1D WQ	ACCESS:   31947486	FORWARD:     258839	MERGED:     493705	TO_CACHE:   31453781

L1D UNIQUE REGIONS ACCESSED: 0
L1D REGIONS CONFLICTS: 0
L1D Cross Page Prefetch Requests: 0
L1D Same Page Prefetch Requests: 0
L1D ROI Sum of L1D PQ occupancy: 0
L1D PREFETCHES PUSHED FROM L2C: 0
L1I TOTAL     ACCESS:   27841831  HIT:   16066072  MISS:   11775759  HIT %:    57.7048  MISS %:    42.2952   MPKI: 58.8788
L1I LOAD      ACCESS:   27841831  HIT:   16066072  MISS:   11775759  HIT %:    57.7048  MISS %:    42.2952   MPKI: 58.8788
L1I PREFETCH  REQUESTED:          0  ISSUED:          0  USEFUL:          0  USELESS:          0
L1I USEFUL LOAD PREFETCHES:          0 PREFETCH ISSUED TO LOWER LEVEL:          0  ACCURACY: -nan
L1I TIMELY PREFETCHES:          0 LATE PREFETCHES: 0 DROPPED PREFETCHES: 0
L1I PREFETCHES SAME FILL-ORIGIN LEVEL: 0 DIFFERENT FILL-ORIGIN LEVEL: 0
L1I AVERAGE MISS LATENCY:    14.3355 cycles AVERAGE LOAD MISS LATENCY:    14.3355 cycles Load Miss   11775759
L1I Average MSHR Occupancy:   0.691386
L1I RQ	ACCESS:   48939458	FORWARD:          0	MERGED:   20500844	TO_CACHE:   28438614

BTB TOTAL     ACCESS:   27354791  HIT:   24454937  MISS:    2899854  HIT %:    89.3991  MISS %:    10.6009   MPKI: 14.4993
BTB BRANCH_DIRECT_JUMP	ACCESS:    1712960  HIT:    1681492  MISS:      31468
BTB BRANCH_INDIRECT	ACCESS:   11559092  HIT:   10517483  MISS:    1041609
BTB BRANCH_CONDITIONAL	ACCESS:    4600664  HIT:    4596832  MISS:       3832
BTB BRANCH_DIRECT_CALL	ACCESS:    4320086  HIT:    4253363  MISS:      66723
BTB BRANCH_INDIRECT_CALL	ACCESS:     420971  HIT:     357985  MISS:      62986
BTB BRANCH_RETURN	ACCESS:    4741018  HIT:    3047782  MISS:    1693236
BTB BRANCH_OTHER ACCESS:          0  HIT:          0  MISS:          0

L2C TOTAL     ACCESS:   12017139  HIT:   11917483  MISS:      99656  HIT %:    99.1707  MISS %:   0.829282   MPKI: 0.49828
L2C LOAD      ACCESS:   11833508  HIT:   11800646  MISS:      32862  HIT %:    99.7223  MISS %:   0.277703   MPKI: 0.16431
L2C DATA LOAD MPKI: 0.10294
L2C INSTRUCTION LOAD MPKI: 0.06137
L2C RFO       ACCESS:      64782  HIT:      18573  MISS:      46209  HIT %:      28.67  MISS %:      71.33   MPKI: 0.231045
L2C PREFETCH  ACCESS:      40552  HIT:      21101  MISS:      19451  HIT %:    52.0344  MISS %:    47.9656   MPKI: 0.097255
AGUS PREFETCH L1 MISS: 0
L2C DATA PREFETCH MPKI: 0.097255
L2C INSTRUCTION PREFETCH MPKI: 0
L2C WRITEBACK ACCESS:      75586  HIT:      75521  MISS:         65  HIT %:     99.914  MISS %:  0.0859948   MPKI: 0.000325
L2C LOAD TRANSLATION ACCESS:       2711  HIT:       1642  MISS:       1069  HIT %:    60.5681  MISS %:    39.4319   MPKI: 0.005345
L2C PREFETCH  REQUESTED:      55623  ISSUED:      55621  USEFUL:      13863  USELESS:       5477
L2C USEFUL LOAD PREFETCHES:      13863 PREFETCH ISSUED TO LOWER LEVEL:      30260  ACCURACY: 45.813
L2C TIMELY PREFETCHES:      13863 LATE PREFETCHES: 8855 DROPPED PREFETCHES: 0
L2C PREFETCHES SAME FILL-ORIGIN LEVEL: 28306 DIFFERENT FILL-ORIGIN LEVEL: 1954
L2C AVERAGE MISS LATENCY:    84.3586 cycles AVERAGE LOAD MISS LATENCY:    89.1422 cycles Load Miss      32862
L2C Average MSHR Occupancy:  0.0370388
L2C RQ	ACCESS:   11901001	FORWARD:          0	MERGED:          0	TO_CACHE:   11901001
L2C WQ	ACCESS:      75586	FORWARD:          0	MERGED:          0	TO_CACHE:      75586
L2C PQ	ACCESS:      55621	FORWARD:          0	MERGED:       1064	TO_CACHE:      54557

L2C Instructions Evicting Data 10750
L2C Translations Evicting Data 961
L2C Data Evicting Data 74705
L2C Instructions Evicting Instructions 1399
L2C Translations Evicting Instructions 101
L2C Data Evicting Instructions 10610
L2C Instructions Evicting Translations 125
L2C Translations Evicting Translations 7
L2C Data Evicting Translations 933
L2C Dense regions hint from L2: 0
PSCL5 TOTAL     ACCESS:       2395  HIT:       2395  MISS:          0  HIT %:        100  MISS %:          0   MPKI: 0
PSCL5 LOAD TRANSLATION ACCESS:       2395  HIT:       2395  MISS:          0  HIT %:        100  MISS %:          0   MPKI: 0
PSCL5 PREFETCH  REQUESTED:          0  ISSUED:          0  USEFUL:          0  USELESS:          0
PSCL5 USEFUL LOAD PREFETCHES:          0 PREFETCH ISSUED TO LOWER LEVEL:          0  ACCURACY: -nan
PSCL5 TIMELY PREFETCHES:          0 LATE PREFETCHES: 0 DROPPED PREFETCHES: 0
PSCL5 PREFETCHES SAME FILL-ORIGIN LEVEL: 0 DIFFERENT FILL-ORIGIN LEVEL: 0

PSCL4 TOTAL     ACCESS:       1373  HIT:       1363  MISS:         10  HIT %:    99.2717  MISS %:   0.728332   MPKI: 5e-05
PSCL4 LOAD TRANSLATION ACCESS:       1373  HIT:       1363  MISS:         10  HIT %:    99.2717  MISS %:   0.728332   MPKI: 5e-05
PSCL4 PREFETCH  REQUESTED:          0  ISSUED:          0  USEFUL:          0  USELESS:          0
PSCL4 USEFUL LOAD PREFETCHES:          0 PREFETCH ISSUED TO LOWER LEVEL:          0  ACCURACY: -nan
PSCL4 TIMELY PREFETCHES:          0 LATE PREFETCHES: 0 DROPPED PREFETCHES: 0
PSCL4 PREFETCHES SAME FILL-ORIGIN LEVEL: 0 DIFFERENT FILL-ORIGIN LEVEL: 0

PSCL3 TOTAL     ACCESS:       2171  HIT:       2161  MISS:         10  HIT %:    99.5394  MISS %:   0.460617   MPKI: 5e-05
PSCL3 LOAD TRANSLATION ACCESS:       2171  HIT:       2161  MISS:         10  HIT %:    99.5394  MISS %:   0.460617   MPKI: 5e-05
PSCL3 PREFETCH  REQUESTED:          0  ISSUED:          0  USEFUL:          0  USELESS:          0
PSCL3 USEFUL LOAD PREFETCHES:          0 PREFETCH ISSUED TO LOWER LEVEL:          0  ACCURACY: -nan
PSCL3 TIMELY PREFETCHES:          0 LATE PREFETCHES: 0 DROPPED PREFETCHES: 0
PSCL3 PREFETCHES SAME FILL-ORIGIN LEVEL: 0 DIFFERENT FILL-ORIGIN LEVEL: 0

PSCL2 TOTAL     ACCESS:       2395  HIT:       2099  MISS:        296  HIT %:    87.6409  MISS %:    12.3591   MPKI: 0.00148
PSCL2 LOAD TRANSLATION ACCESS:       2395  HIT:       2099  MISS:        296  HIT %:    87.6409  MISS %:    12.3591   MPKI: 0.00148
PSCL2 PREFETCH  REQUESTED:          0  ISSUED:          0  USEFUL:          0  USELESS:          0
PSCL2 USEFUL LOAD PREFETCHES:          0 PREFETCH ISSUED TO LOWER LEVEL:          0  ACCURACY: -nan
PSCL2 TIMELY PREFETCHES:          0 LATE PREFETCHES: 0 DROPPED PREFETCHES: 0
PSCL2 PREFETCHES SAME FILL-ORIGIN LEVEL: 0 DIFFERENT FILL-ORIGIN LEVEL: 0

LLC TOTAL     ACCESS:     153152  HIT:     123296  MISS:      29856  HIT %:    80.5056  MISS %:    19.4944   MPKI: 0.14928
LLC LOAD      ACCESS:      24015  HIT:      17593  MISS:       6422  HIT %:    73.2584  MISS %:    26.7416   MPKI: 0.03211
LLC RFO       ACCESS:      46199  HIT:      38152  MISS:       8047  HIT %:    82.5819  MISS %:    17.4181   MPKI: 0.040235
LLC PREFETCH  ACCESS:      30244  HIT:      22260  MISS:       7984  HIT %:    73.6014  MISS %:    26.3986   MPKI: 0.03992
AGUS PREFETCH L1 MISS: 0
LLC WRITEBACK ACCESS:      51625  HIT:      44507  MISS:       7118  HIT %:    86.2121  MISS %:    13.7879   MPKI: 0.03559
LLC LOAD TRANSLATION ACCESS:       1069  HIT:        784  MISS:        285  HIT %:    73.3396  MISS %:    26.6604   MPKI: 0.001425
LLC PREFETCH  REQUESTED:          0  ISSUED:          0  USEFUL:       1105  USELESS:       4536
LLC USEFUL LOAD PREFETCHES:       1105 PREFETCH ISSUED TO LOWER LEVEL:       7991  ACCURACY: 13.8281
LLC TIMELY PREFETCHES:       1105 LATE PREFETCHES: 7 DROPPED PREFETCHES: 0
LLC PREFETCHES SAME FILL-ORIGIN LEVEL: 867 DIFFERENT FILL-ORIGIN LEVEL: 0
LLC AVERAGE MISS LATENCY:    146.342 cycles AVERAGE LOAD MISS LATENCY:    176.147 cycles Load Miss       6422
LLC Average MSHR Occupancy:  0.0185499
LLC RQ	ACCESS:      71285	FORWARD:          0	MERGED:          0	TO_CACHE:      71283
LLC WQ	ACCESS:      51625	FORWARD:          2	MERGED:          0	TO_CACHE:      51625
LLC PQ	ACCESS:      30260	FORWARD:          0	MERGED:          6	TO_CACHE:      30254

LLC Dense regions hint to LLC: 0

RAW hits: 6546015
Loads Generated: 48073162
Loads sent to L1D: 41527147
Stores Generated: 31947483
Stores sent to L1D: 31947486
Major fault: 0 Minor fault: 2002
Allocated PAGES: 2002
------------------
Depth Distribution
------------------
depth 0: 24972
depth 1: 20633
depth 2: 10516
depth 3: 4396
depth 4: 2728
depth 5: 3813
depth 6: 2998
depth 7: 4663
depth 8: 6279
depth 9: 6847
depth 10: 1920
depth 11: 9364
depth 12: 7401
depth 13: 1767
depth 14: 6384
depth 15: 524
depth 16: 291
depth 17: 118
depth 18: 34
depth 19: 0
depth 20: 0
depth 21: 0
depth 22: 0
depth 23: 0
depth 24: 0
depth 25: 0
depth 26: 0
depth 27: 0
depth 28: 0
depth 29: 0
Total: 115648
------------------
ST read accesses: 55065
ST write accesses: 2684
PT read accesses: 1869422
PT write accesses: 77250
FILTER read accesses: 465734
FILTER write accesses: 298796
GHR read accesses: 198844
GHR write accesses: 29070
PERC read accesses: 12908259
PERC write accesses: 571337
GHR counter read accesses: 115498
GHR counter write accesses: 153917
GHR ip read accesses: 359130
GHR ip write accesses: 230996
ST tag read accesses: 23450576
ST tag write accesses: 1359584
================ Mockingjay (LLC) Pollution Stats ================
Total pollution count in LLC: 2273
==================================================================

DRAM Statistics
 CHANNEL 0
 RQ ROW_BUFFER_HIT:       7716  ROW_BUFFER_MISS:      15022
 DBUS_CONGESTED:         18
 WQ ROW_BUFFER_HIT:       2735  ROW_BUFFER_MISS:      10119  FULL:         20

 AVG_CONGESTED_CYCLE: 4
 All warmup complete: 2
Channel 0 Bank busy for read cycles: 0
Channel 0 Bank busy for write cycles: 0
Channel 0
Rank 0
0banks busy for read cycles: 231730255
0banks busy for write cycles: 4178
1banks busy for read cycles: 1022055
1banks busy for write cycles: 630328
2banks busy for read cycles: 276708
2banks busy for write cycles: 178823
3banks busy for read cycles: 105036
3banks busy for write cycles: 57559
4banks busy for read cycles: 56736
4banks busy for write cycles: 32977
5banks busy for read cycles: 37061
5banks busy for write cycles: 22387
6banks busy for read cycles: 27266
6banks busy for write cycles: 22272
7banks busy for read cycles: 16360
7banks busy for write cycles: 35146
8banks busy for read cycles: 9722
8banks busy for write cycles: 58296

CPU 0 Branch Prediction Accuracy: 99.8607% MPKI: 0.21692 Average ROB Occupancy at Mispredict: 11.8012
Branch types
NOT_BRANCH: 168855070 84.4275%
BRANCH_DIRECT_JUMP: 1712960 0.85648%
BRANCH_INDIRECT: 11559092 5.77955%
BRANCH_CONDITIONAL: 8390525 4.19526%
BRANCH_DIRECT_CALL: 4320086 2.16004%
BRANCH_INDIRECT_CALL: 420971 0.210485%
BRANCH_RETURN: 4741018 2.37051%
BRANCH_OTHER: 0 0%

===================== LRU L1D STATS =====================
Total pollution count in L1D: 0
=========================================================
================ SRRIP (L2C) Pollution Stats ================
Total pollution count in L2c: 52496
==================================================================
DRAM PAGES: 1048576
Allocated PAGES: 2002
