Initialize SIGNATURE TABLE
ST_SET: 1
ST_WAY: 256
ST_TAG_BIT: 16
ST_TAG_MASK: ffff

Initialize PATTERN TABLE
PT_SET: 512
PT_WAY: 4
SIG_DELTA_BIT: 7
C_SIG_BIT: 4
C_DELTA_BIT: 4

Initialize PREFETCH FILTER
FILTER_SET: 1024

Initialize PERCEPTRON
PERC_ENTRIES: 4096
PERC_FEATURES: 9

*** ChampSim Multicore Out-of-Order Simulator ***

Warmup Instructions: 200000000
Simulation Instructions: 200000000
Number of CPUs: 1
LLC sets: 4096
LLC ways: 12
Off-chip DRAM Size: 4096 MB Channels: 1 Width: 64-bit Data Rate: 6400 MT/s
CPU 0 runs /home1/sweta/traces/qualcomm_traces/srv_7.champsimtrace.xz
.xz
BTB has LRU replacement policy
ITLB has LRU replacement policy
DTLB has LRU replacement policy
STLB has LRU replacement policy
L1I has LRU replacement policy
L1D has LRU replacement policy
PERC_ENTRIES: 4096
Initialize SRRIP state for L2C
Initialize Mockingjay state for LLC
Heartbeat CPU 0 instructions: 10000001 cycles: 1925267 heartbeat IPC: 5.19409 cumulative IPC: 5.19409 (Simulation time: 0 hr 0 min 24 sec) 
Heartbeat CPU 0 instructions: 20000001 cycles: 3843918 heartbeat IPC: 5.212 cumulative IPC: 5.20302 (Simulation time: 0 hr 0 min 49 sec) 
Heartbeat CPU 0 instructions: 30000006 cycles: 5766372 heartbeat IPC: 5.20169 cumulative IPC: 5.20258 (Simulation time: 0 hr 1 min 11 sec) 
*** Reached end of trace for Core: 0 Repeating trace: /home1/sweta/traces/qualcomm_traces/srv_7.champsimtrace.xz
Heartbeat CPU 0 instructions: 40000005 cycles: 7692038 heartbeat IPC: 5.19301 cumulative IPC: 5.20018 (Simulation time: 0 hr 1 min 34 sec) 
Heartbeat CPU 0 instructions: 50000000 cycles: 9610640 heartbeat IPC: 5.21213 cumulative IPC: 5.20257 (Simulation time: 0 hr 1 min 57 sec) 
Heartbeat CPU 0 instructions: 60000005 cycles: 11532616 heartbeat IPC: 5.20298 cumulative IPC: 5.20264 (Simulation time: 0 hr 2 min 19 sec) 
*** Reached end of trace for Core: 0 Repeating trace: /home1/sweta/traces/qualcomm_traces/srv_7.champsimtrace.xz
Heartbeat CPU 0 instructions: 70000000 cycles: 13458366 heartbeat IPC: 5.19278 cumulative IPC: 5.20123 (Simulation time: 0 hr 2 min 41 sec) 
Heartbeat CPU 0 instructions: 80000003 cycles: 15377538 heartbeat IPC: 5.21058 cumulative IPC: 5.20239 (Simulation time: 0 hr 3 min 3 sec) 
Heartbeat CPU 0 instructions: 90000000 cycles: 17299548 heartbeat IPC: 5.20289 cumulative IPC: 5.20245 (Simulation time: 0 hr 3 min 25 sec) 
*** Reached end of trace for Core: 0 Repeating trace: /home1/sweta/traces/qualcomm_traces/srv_7.champsimtrace.xz
Heartbeat CPU 0 instructions: 100000002 cycles: 19220813 heartbeat IPC: 5.20491 cumulative IPC: 5.20269 (Simulation time: 0 hr 3 min 47 sec) 
Heartbeat CPU 0 instructions: 110000002 cycles: 21144287 heartbeat IPC: 5.19893 cumulative IPC: 5.20235 (Simulation time: 0 hr 4 min 10 sec) 
Heartbeat CPU 0 instructions: 120000003 cycles: 23066502 heartbeat IPC: 5.20233 cumulative IPC: 5.20235 (Simulation time: 0 hr 4 min 31 sec) 
*** Reached end of trace for Core: 0 Repeating trace: /home1/sweta/traces/qualcomm_traces/srv_7.champsimtrace.xz
Heartbeat CPU 0 instructions: 130000002 cycles: 24987110 heartbeat IPC: 5.20668 cumulative IPC: 5.20268 (Simulation time: 0 hr 4 min 53 sec) 
Heartbeat CPU 0 instructions: 140000003 cycles: 26912109 heartbeat IPC: 5.19481 cumulative IPC: 5.20212 (Simulation time: 0 hr 5 min 15 sec) 
Heartbeat CPU 0 instructions: 150000003 cycles: 28835390 heartbeat IPC: 5.19945 cumulative IPC: 5.20194 (Simulation time: 0 hr 5 min 37 sec) 
*** Reached end of trace for Core: 0 Repeating trace: /home1/sweta/traces/qualcomm_traces/srv_7.champsimtrace.xz
Heartbeat CPU 0 instructions: 160000002 cycles: 30755409 heartbeat IPC: 5.20828 cumulative IPC: 5.20234 (Simulation time: 0 hr 5 min 59 sec) 
Heartbeat CPU 0 instructions: 170000003 cycles: 32680955 heartbeat IPC: 5.19333 cumulative IPC: 5.20181 (Simulation time: 0 hr 6 min 20 sec) 
Heartbeat CPU 0 instructions: 180000000 cycles: 34604022 heartbeat IPC: 5.20003 cumulative IPC: 5.20171 (Simulation time: 0 hr 6 min 42 sec) 
*** Reached end of trace for Core: 0 Repeating trace: /home1/sweta/traces/qualcomm_traces/srv_7.champsimtrace.xz
Heartbeat CPU 0 instructions: 190000000 cycles: 36523957 heartbeat IPC: 5.20851 cumulative IPC: 5.20206 (Simulation time: 0 hr 7 min 3 sec) 
Heartbeat CPU 0 instructions: 200000002 cycles: 38449657 heartbeat IPC: 5.19292 cumulative IPC: 5.20161 (Simulation time: 0 hr 7 min 24 sec) 

Warmup complete CPU 0 instructions: 200000002 cycles: 38449657 (Simulation time: 0 hr 7 min 24 sec) 

Heartbeat CPU 0 instructions: 210000007 cycles: 54907714 heartbeat IPC: 0.607605 cumulative IPC: 0.607605 (Simulation time: 0 hr 7 min 52 sec) 
*** Reached end of trace for Core: 0 Repeating trace: /home1/sweta/traces/qualcomm_traces/srv_7.champsimtrace.xz
Heartbeat CPU 0 instructions: 220000000 cycles: 71177106 heartbeat IPC: 0.614651 cumulative IPC: 0.611108 (Simulation time: 0 hr 8 min 19 sec) 
Heartbeat CPU 0 instructions: 230000000 cycles: 87687708 heartbeat IPC: 0.605671 cumulative IPC: 0.609285 (Simulation time: 0 hr 8 min 46 sec) 
Heartbeat CPU 0 instructions: 240000005 cycles: 103924189 heartbeat IPC: 0.615897 cumulative IPC: 0.610925 (Simulation time: 0 hr 9 min 14 sec) 
*** Reached end of trace for Core: 0 Repeating trace: /home1/sweta/traces/qualcomm_traces/srv_7.champsimtrace.xz
Heartbeat CPU 0 instructions: 250000001 cycles: 120341010 heartbeat IPC: 0.609131 cumulative IPC: 0.610565 (Simulation time: 0 hr 9 min 41 sec) 
Heartbeat CPU 0 instructions: 260000000 cycles: 136732922 heartbeat IPC: 0.610057 cumulative IPC: 0.61048 (Simulation time: 0 hr 10 min 8 sec) 
Heartbeat CPU 0 instructions: 270000000 cycles: 152988589 heartbeat IPC: 0.61517 cumulative IPC: 0.611146 (Simulation time: 0 hr 10 min 34 sec) 
*** Reached end of trace for Core: 0 Repeating trace: /home1/sweta/traces/qualcomm_traces/srv_7.champsimtrace.xz
Heartbeat CPU 0 instructions: 280000002 cycles: 169347426 heartbeat IPC: 0.611291 cumulative IPC: 0.611164 (Simulation time: 0 hr 11 min 0 sec) 
Heartbeat CPU 0 instructions: 290000000 cycles: 185796404 heartbeat IPC: 0.60794 cumulative IPC: 0.610804 (Simulation time: 0 hr 11 min 26 sec) 
Heartbeat CPU 0 instructions: 300000001 cycles: 201863281 heartbeat IPC: 0.622399 cumulative IPC: 0.611944 (Simulation time: 0 hr 11 min 51 sec) 
*** Reached end of trace for Core: 0 Repeating trace: /home1/sweta/traces/qualcomm_traces/srv_7.champsimtrace.xz
Heartbeat CPU 0 instructions: 310000005 cycles: 218370330 heartbeat IPC: 0.605802 cumulative IPC: 0.611381 (Simulation time: 0 hr 12 min 17 sec) 
Heartbeat CPU 0 instructions: 320000004 cycles: 234648447 heartbeat IPC: 0.614322 cumulative IPC: 0.611625 (Simulation time: 0 hr 12 min 42 sec) 
Heartbeat CPU 0 instructions: 330000004 cycles: 250936093 heartbeat IPC: 0.613962 cumulative IPC: 0.611804 (Simulation time: 0 hr 13 min 6 sec) 
*** Reached end of trace for Core: 0 Repeating trace: /home1/sweta/traces/qualcomm_traces/srv_7.champsimtrace.xz
Heartbeat CPU 0 instructions: 340000006 cycles: 267405285 heartbeat IPC: 0.607194 cumulative IPC: 0.611472 (Simulation time: 0 hr 13 min 31 sec) 
Heartbeat CPU 0 instructions: 350000003 cycles: 283713816 heartbeat IPC: 0.613176 cumulative IPC: 0.611585 (Simulation time: 0 hr 13 min 55 sec) 
Heartbeat CPU 0 instructions: 360000000 cycles: 300084122 heartbeat IPC: 0.610862 cumulative IPC: 0.61154 (Simulation time: 0 hr 14 min 19 sec) 
Heartbeat CPU 0 instructions: 370000002 cycles: 316350272 heartbeat IPC: 0.614774 cumulative IPC: 0.61173 (Simulation time: 0 hr 14 min 43 sec) 
*** Reached end of trace for Core: 0 Repeating trace: /home1/sweta/traces/qualcomm_traces/srv_7.champsimtrace.xz
Heartbeat CPU 0 instructions: 380000004 cycles: 332779260 heartbeat IPC: 0.60868 cumulative IPC: 0.611559 (Simulation time: 0 hr 15 min 7 sec) 
Heartbeat CPU 0 instructions: 390000002 cycles: 348969221 heartbeat IPC: 0.617667 cumulative IPC: 0.611878 (Simulation time: 0 hr 15 min 31 sec) 
Heartbeat CPU 0 instructions: 400000000 cycles: 365127889 heartbeat IPC: 0.618863 cumulative IPC: 0.612223 (Simulation time: 0 hr 15 min 55 sec) 
Finished CPU 0 instructions: 200000001 cycles: 326678234 cumulative IPC: 0.612223 (Simulation time: 0 hr 15 min 55 sec) 

ChampSim completed all CPUs

Region of Interest Statistics

CPU 0 cumulative IPC: 0.612223 instructions: 200000001 cycles: 326678234
ITLB TOTAL     ACCESS:   22163537  HIT:   21347726  MISS:     815811  HIT %:    96.3191  MISS %:    3.68087   MPKI: 4.07905
ITLB LOAD TRANSLATION ACCESS:   22163537  HIT:   21347726  MISS:     815811  HIT %:    96.3191  MISS %:    3.68087   MPKI: 4.07905
ITLB PREFETCH  REQUESTED:          0  ISSUED:          0  USEFUL:          0  USELESS:          0
ITLB USEFUL LOAD PREFETCHES:          0 PREFETCH ISSUED TO LOWER LEVEL:          0  ACCURACY: -nan
ITLB TIMELY PREFETCHES:          0 LATE PREFETCHES: 0 DROPPED PREFETCHES: 0
ITLB PREFETCHES SAME FILL-ORIGIN LEVEL: 0 DIFFERENT FILL-ORIGIN LEVEL: 0
ITLB AVERAGE MISS LATENCY:    13.2618 cycles AVERAGE LOAD MISS LATENCY:       -nan cycles Load Miss          0
ITLB Average MSHR Occupancy:  0.0322919
ITLB RQ	ACCESS:   25715085	FORWARD:          0	MERGED:    2939570	TO_CACHE:   22775515

DTLB TOTAL     ACCESS:   32209920  HIT:   29852216  MISS:    2357704  HIT %:    92.6802  MISS %:    7.31981   MPKI: 11.7885
DTLB LOAD TRANSLATION ACCESS:   32209920  HIT:   29852216  MISS:    2357704  HIT %:    92.6802  MISS %:    7.31981   MPKI: 11.7885
DTLB PREFETCH  REQUESTED:          0  ISSUED:          0  USEFUL:          0  USELESS:          0
DTLB USEFUL LOAD PREFETCHES:          0 PREFETCH ISSUED TO LOWER LEVEL:          0  ACCURACY: -nan
DTLB TIMELY PREFETCHES:          0 LATE PREFETCHES: 0 DROPPED PREFETCHES: 0
DTLB PREFETCHES SAME FILL-ORIGIN LEVEL: 0 DIFFERENT FILL-ORIGIN LEVEL: 0
DTLB AVERAGE MISS LATENCY:    12.7746 cycles AVERAGE LOAD MISS LATENCY:       -nan cycles Load Miss          0
DTLB Average MSHR Occupancy:  0.0892115
DTLB RQ	ACCESS:   43955483	FORWARD:          0	MERGED:   11585542	TO_CACHE:   32369941

STLB TOTAL     ACCESS:    3173515  HIT:    2748520  MISS:     424995  HIT %:    86.6081  MISS %:    13.3919   MPKI: 2.12497
STLB LOAD TRANSLATION ACCESS:    3173515  HIT:    2748520  MISS:     424995  HIT %:    86.6081  MISS %:    13.3919   MPKI: 2.12497
STLB PREFETCH  REQUESTED:          0  ISSUED:          0  USEFUL:          0  USELESS:          0
STLB USEFUL LOAD PREFETCHES:          0 PREFETCH ISSUED TO LOWER LEVEL:          0  ACCURACY: -nan
STLB TIMELY PREFETCHES:          0 LATE PREFETCHES: 0 DROPPED PREFETCHES: 0
STLB PREFETCHES SAME FILL-ORIGIN LEVEL: 0 DIFFERENT FILL-ORIGIN LEVEL: 0
STLB AVERAGE MISS LATENCY:     28.962 cycles AVERAGE LOAD MISS LATENCY:       -nan cycles Load Miss          0
STLB Average MSHR Occupancy:  0.0402445
STLB RQ	ACCESS:    3173515	FORWARD:          0	MERGED:          0	TO_CACHE:    3173515

STLB Hit, L1D data hit: 0
STLB Hit, L2C data hit: 0
STLB Hit, LLC data hit: 0
STLB Hit, LLC data miss: 0
STLB STLB hints to L2: 0
L1D TOTAL     ACCESS:   43488762  HIT:   41015110  MISS:    2473652  HIT %:     94.312  MISS %:    5.68803   MPKI: 12.3683
L1D LOAD      ACCESS:   24177270  HIT:   22056051  MISS:    2121219  HIT %:    91.2264  MISS %:    8.77361   MPKI: 10.6061
L1D RFO       ACCESS:   19311492  HIT:   18959059  MISS:     352433  HIT %:     98.175  MISS %:    1.82499   MPKI: 1.76216
L1D PREFETCH  REQUESTED:          0  ISSUED:          0  USEFUL:          0  USELESS:          0
L1D USEFUL LOAD PREFETCHES:          0 PREFETCH ISSUED TO LOWER LEVEL:          0  ACCURACY: -nan
L1D TIMELY PREFETCHES:          0 LATE PREFETCHES: 0 DROPPED PREFETCHES: 0
L1D PREFETCHES SAME FILL-ORIGIN LEVEL: 0 DIFFERENT FILL-ORIGIN LEVEL: 0
L1D AVERAGE MISS LATENCY:    20.7369 cycles AVERAGE LOAD MISS LATENCY:    19.7539 cycles Load Miss    2121219
L1D Average MSHR Occupancy:   0.164169
L1D RQ	ACCESS:   40059677	FORWARD:          0	MERGED:   15497611	TO_CACHE:   24227083
L1D WQ	ACCESS:   20433965	FORWARD:     334983	MERGED:     705565	TO_CACHE:   19728400

L1D UNIQUE REGIONS ACCESSED: 0
L1D REGIONS CONFLICTS: 0
L1D Cross Page Prefetch Requests: 0
L1D Same Page Prefetch Requests: 0
L1D ROI Sum of L1D PQ occupancy: 0
L1D PREFETCHES PUSHED FROM L2C: 0
L1I TOTAL     ACCESS:   24992082  HIT:   10035918  MISS:   14956164  HIT %:    40.1564  MISS %:    59.8436   MPKI: 74.7808
L1I LOAD      ACCESS:   24992082  HIT:   10035918  MISS:   14956164  HIT %:    40.1564  MISS %:    59.8436   MPKI: 74.7808
L1I PREFETCH  REQUESTED:          0  ISSUED:          0  USEFUL:          0  USELESS:          0
L1I USEFUL LOAD PREFETCHES:          0 PREFETCH ISSUED TO LOWER LEVEL:          0  ACCURACY: -nan
L1I TIMELY PREFETCHES:          0 LATE PREFETCHES: 0 DROPPED PREFETCHES: 0
L1I PREFETCHES SAME FILL-ORIGIN LEVEL: 0 DIFFERENT FILL-ORIGIN LEVEL: 0
L1I AVERAGE MISS LATENCY:    14.5892 cycles AVERAGE LOAD MISS LATENCY:    14.5892 cycles Load Miss   14956164
L1I Average MSHR Occupancy:   0.649667
L1I RQ	ACCESS:   47839628	FORWARD:          0	MERGED:   22124543	TO_CACHE:   25715085

BTB TOTAL     ACCESS:   22368649  HIT:   17722412  MISS:    4646237  HIT %:    79.2288  MISS %:    20.7712   MPKI: 23.2312
BTB BRANCH_DIRECT_JUMP	ACCESS:    1867873  HIT:    1583477  MISS:     284396
BTB BRANCH_INDIRECT	ACCESS:    9382679  HIT:    7211518  MISS:    2171161
BTB BRANCH_CONDITIONAL	ACCESS:    4611392  HIT:    4178222  MISS:     433170
BTB BRANCH_DIRECT_CALL	ACCESS:    2586302  HIT:    2042119  MISS:     544183
BTB BRANCH_INDIRECT_CALL	ACCESS:     666399  HIT:     608100  MISS:      58299
BTB BRANCH_RETURN	ACCESS:    3254004  HIT:    2098976  MISS:    1155028
BTB BRANCH_OTHER ACCESS:          0  HIT:          0  MISS:          0

L2C TOTAL     ACCESS:   22022528  HIT:   21374915  MISS:     647613  HIT %:    97.0593  MISS %:    2.94068   MPKI: 3.23806
L2C LOAD      ACCESS:   17077285  HIT:   16910539  MISS:     166746  HIT %:    99.0236  MISS %:    0.97642   MPKI: 0.83373
L2C DATA LOAD MPKI: 0.494885
L2C INSTRUCTION LOAD MPKI: 0.338845
L2C RFO       ACCESS:     352433  HIT:     307925  MISS:      44508  HIT %:    87.3712  MISS %:    12.6288   MPKI: 0.22254
L2C PREFETCH  ACCESS:    3019873  HIT:    2611365  MISS:     408508  HIT %:    86.4727  MISS %:    13.5273   MPKI: 2.04254
AGUS PREFETCH L1 MISS: 0
L2C DATA PREFETCH MPKI: 2.04254
L2C INSTRUCTION PREFETCH MPKI: 0
L2C WRITEBACK ACCESS:    1015732  HIT:    1015398  MISS:        334  HIT %:    99.9671  MISS %:  0.0328827   MPKI: 0.00167
L2C LOAD TRANSLATION ACCESS:     557205  HIT:     529688  MISS:      27517  HIT %:    95.0616  MISS %:     4.9384   MPKI: 0.137585
L2C PREFETCH  REQUESTED:    3100967  ISSUED:    3100879  USEFUL:     175917  USELESS:     231126
L2C USEFUL LOAD PREFETCHES:     175917 PREFETCH ISSUED TO LOWER LEVEL:     477794  ACCURACY: 36.8186
L2C TIMELY PREFETCHES:     175917 LATE PREFETCHES: 10312 DROPPED PREFETCHES: 0
L2C PREFETCHES SAME FILL-ORIGIN LEVEL: 418820 DIFFERENT FILL-ORIGIN LEVEL: 58974
L2C AVERAGE MISS LATENCY:    119.456 cycles AVERAGE LOAD MISS LATENCY:    102.134 cycles Load Miss     166746
L2C Average MSHR Occupancy:   0.238571
L2C RQ	ACCESS:   17987021	FORWARD:          0	MERGED:          0	TO_CACHE:   17986923
L2C WQ	ACCESS:    1015732	FORWARD:        105	MERGED:          0	TO_CACHE:    1015732
L2C PQ	ACCESS:    3100879	FORWARD:          0	MERGED:       3390	TO_CACHE:    3097482

L2C Instructions Evicting Data 57570
L2C Translations Evicting Data 23363
L2C Data Evicting Data 470795
L2C Instructions Evicting Instructions 7344
L2C Translations Evicting Instructions 2969
L2C Data Evicting Instructions 57711
L2C Instructions Evicting Translations 2855
L2C Translations Evicting Translations 1185
L2C Data Evicting Translations 23487
L2C Dense regions hint from L2: 0
PSCL5 TOTAL     ACCESS:     424995  HIT:     424995  MISS:          0  HIT %:        100  MISS %:          0   MPKI: 0
PSCL5 LOAD TRANSLATION ACCESS:     424995  HIT:     424995  MISS:          0  HIT %:        100  MISS %:          0   MPKI: 0
PSCL5 PREFETCH  REQUESTED:          0  ISSUED:          0  USEFUL:          0  USELESS:          0
PSCL5 USEFUL LOAD PREFETCHES:          0 PREFETCH ISSUED TO LOWER LEVEL:          0  ACCURACY: -nan
PSCL5 TIMELY PREFETCHES:          0 LATE PREFETCHES: 0 DROPPED PREFETCHES: 0
PSCL5 PREFETCHES SAME FILL-ORIGIN LEVEL: 0 DIFFERENT FILL-ORIGIN LEVEL: 0

PSCL4 TOTAL     ACCESS:     410831  HIT:     409213  MISS:       1618  HIT %:    99.6062  MISS %:   0.393836   MPKI: 0.00809
PSCL4 LOAD TRANSLATION ACCESS:     410831  HIT:     409213  MISS:       1618  HIT %:    99.6062  MISS %:   0.393836   MPKI: 0.00809
PSCL4 PREFETCH  REQUESTED:          0  ISSUED:          0  USEFUL:          0  USELESS:          0
PSCL4 USEFUL LOAD PREFETCHES:          0 PREFETCH ISSUED TO LOWER LEVEL:          0  ACCURACY: -nan
PSCL4 TIMELY PREFETCHES:          0 LATE PREFETCHES: 0 DROPPED PREFETCHES: 0
PSCL4 PREFETCHES SAME FILL-ORIGIN LEVEL: 0 DIFFERENT FILL-ORIGIN LEVEL: 0

PSCL3 TOTAL     ACCESS:     421255  HIT:     419607  MISS:       1648  HIT %:    99.6088  MISS %:   0.391212   MPKI: 0.00824
PSCL3 LOAD TRANSLATION ACCESS:     421255  HIT:     419607  MISS:       1648  HIT %:    99.6088  MISS %:   0.391212   MPKI: 0.00824
PSCL3 PREFETCH  REQUESTED:          0  ISSUED:          0  USEFUL:          0  USELESS:          0
PSCL3 USEFUL LOAD PREFETCHES:          0 PREFETCH ISSUED TO LOWER LEVEL:          0  ACCURACY: -nan
PSCL3 TIMELY PREFETCHES:          0 LATE PREFETCHES: 0 DROPPED PREFETCHES: 0
PSCL3 PREFETCHES SAME FILL-ORIGIN LEVEL: 0 DIFFERENT FILL-ORIGIN LEVEL: 0

PSCL2 TOTAL     ACCESS:     424995  HIT:     296051  MISS:     128944  HIT %:    69.6599  MISS %:    30.3401   MPKI: 0.64472
PSCL2 LOAD TRANSLATION ACCESS:     424995  HIT:     296051  MISS:     128944  HIT %:    69.6599  MISS %:    30.3401   MPKI: 0.64472
PSCL2 PREFETCH  REQUESTED:          0  ISSUED:          0  USEFUL:          0  USELESS:          0
PSCL2 USEFUL LOAD PREFETCHES:          0 PREFETCH ISSUED TO LOWER LEVEL:          0  ACCURACY: -nan
PSCL2 TIMELY PREFETCHES:          0 LATE PREFETCHES: 0 DROPPED PREFETCHES: 0
PSCL2 PREFETCHES SAME FILL-ORIGIN LEVEL: 0 DIFFERENT FILL-ORIGIN LEVEL: 0

LLC TOTAL     ACCESS:     934491  HIT:     520290  MISS:     414201  HIT %:    55.6763  MISS %:    44.3237   MPKI: 2.071
LLC LOAD      ACCESS:     157100  HIT:     104305  MISS:      52795  HIT %:     66.394  MISS %:     33.606   MPKI: 0.263975
LLC RFO       ACCESS:      43842  HIT:      30767  MISS:      13075  HIT %:     70.177  MISS %:     29.823   MPKI: 0.065375
LLC PREFETCH  ACCESS:     477514  HIT:     226023  MISS:     251491  HIT %:    47.3333  MISS %:    52.6667   MPKI: 1.25745
AGUS PREFETCH L1 MISS: 0
LLC WRITEBACK ACCESS:     228518  HIT:     137120  MISS:      91398  HIT %:     60.004  MISS %:     39.996   MPKI: 0.45699
LLC LOAD TRANSLATION ACCESS:      27517  HIT:      22075  MISS:       5442  HIT %:    80.2231  MISS %:    19.7769   MPKI: 0.02721
LLC PREFETCH  REQUESTED:          0  ISSUED:          0  USEFUL:       2971  USELESS:     145182
LLC USEFUL LOAD PREFETCHES:       2971 PREFETCH ISSUED TO LOWER LEVEL:     251547  ACCURACY: 1.18109
LLC TIMELY PREFETCHES:       2971 LATE PREFETCHES: 56 DROPPED PREFETCHES: 0
LLC PREFETCHES SAME FILL-ORIGIN LEVEL: 26617 DIFFERENT FILL-ORIGIN LEVEL: 0
LLC AVERAGE MISS LATENCY:    129.904 cycles AVERAGE LOAD MISS LATENCY:    168.775 cycles Load Miss      52795
LLC Average MSHR Occupancy:    0.16373
LLC RQ	ACCESS:     228459	FORWARD:          0	MERGED:          0	TO_CACHE:     228459
LLC WQ	ACCESS:     228518	FORWARD:          0	MERGED:          0	TO_CACHE:     228518
LLC PQ	ACCESS:     477794	FORWARD:          0	MERGED:         41	TO_CACHE:     477753

LLC Dense regions hint to LLC: 0

RAW hits: 4826351
Loads Generated: 44886031
Loads sent to L1D: 40059677
Stores Generated: 20433963
Stores sent to L1D: 20433965
Major fault: 0 Minor fault: 6471
Allocated PAGES: 6471
------------------
Depth Distribution
------------------
depth 0: 851358
depth 1: 1771286
depth 2: 1498894
depth 3: 135255
depth 4: 14
depth 5: 0
depth 6: 1
depth 7: 0
depth 8: 0
depth 9: 0
depth 10: 0
depth 11: 0
depth 12: 0
depth 13: 0
depth 14: 0
depth 15: 0
depth 16: 0
depth 17: 0
depth 18: 0
depth 19: 0
depth 20: 0
depth 21: 0
depth 22: 0
depth 23: 0
depth 24: 0
depth 25: 0
depth 26: 0
depth 27: 0
depth 28: 0
depth 29: 0
Total: 4256808
------------------
ST read accesses: 1426954
ST write accesses: 694167
PT read accesses: 27722374
PT write accesses: 1649632
FILTER read accesses: 9511839
FILTER write accesses: 5776516
GHR read accesses: 8226973
GHR write accesses: 373100
PERC read accesses: 188484957
PERC write accesses: 15614479
GHR counter read accesses: 4242242
GHR counter write accesses: 6017483
GHR ip read accesses: 17560158
GHR ip write accesses: 8484484
ST tag read accesses: 1170841558
ST tag write accesses: 215995389
================ Mockingjay (LLC) Pollution Stats ================
Total pollution count in LLC: 36111
==================================================================

DRAM Statistics
 CHANNEL 0
 RQ ROW_BUFFER_HIT:      70482  ROW_BUFFER_MISS:     252321
 DBUS_CONGESTED:        577
 WQ ROW_BUFFER_HIT:      18376  ROW_BUFFER_MISS:     118132  FULL:          0

 AVG_CONGESTED_CYCLE: 3
 All warmup complete: 2
Channel 0 Bank busy for read cycles: 0
Channel 0 Bank busy for write cycles: 0
Channel 0
Rank 0
0banks busy for read cycles: 279513027
0banks busy for write cycles: 84248
1banks busy for read cycles: 23368891
1banks busy for write cycles: 12103372
2banks busy for read cycles: 5298751
2banks busy for write cycles: 2472735
3banks busy for read cycles: 1541116
3banks busy for write cycles: 837041
4banks busy for read cycles: 461477
4banks busy for write cycles: 401906
5banks busy for read cycles: 130945
5banks busy for write cycles: 207628
6banks busy for read cycles: 35765
6banks busy for write cycles: 121303
7banks busy for read cycles: 8154
7banks busy for write cycles: 62578
8banks busy for read cycles: 1782
8banks busy for write cycles: 27516

CPU 0 Branch Prediction Accuracy: 99.8755% MPKI: 0.2237 Average ROB Occupancy at Mispredict: 109.276
Branch types
NOT_BRANCH: 164068743 82.0344%
BRANCH_DIRECT_JUMP: 1867873 0.933936%
BRANCH_INDIRECT: 9382679 4.69134%
BRANCH_CONDITIONAL: 18173444 9.08672%
BRANCH_DIRECT_CALL: 2586302 1.29315%
BRANCH_INDIRECT_CALL: 666399 0.333199%
BRANCH_RETURN: 3254004 1.627%
BRANCH_OTHER: 0 0%

===================== LRU L1D STATS =====================
Total pollution count in L1D: 0
=========================================================
================ SRRIP (L2C) Pollution Stats ================
Total pollution count in L2c: 318842
==================================================================
DRAM PAGES: 1048576
Allocated PAGES: 6471
