Initialize SIGNATURE TABLE
ST_SET: 1
ST_WAY: 256
ST_TAG_BIT: 16
ST_TAG_MASK: ffff

Initialize PATTERN TABLE
PT_SET: 512
PT_WAY: 4
SIG_DELTA_BIT: 7
C_SIG_BIT: 4
C_DELTA_BIT: 4

Initialize PREFETCH FILTER
FILTER_SET: 1024

Initialize PERCEPTRON
PERC_ENTRIES: 4096
PERC_FEATURES: 9

*** ChampSim Multicore Out-of-Order Simulator ***

Warmup Instructions: 200000000
Simulation Instructions: 200000000
Number of CPUs: 1
LLC sets: 4096
LLC ways: 12
Off-chip DRAM Size: 4096 MB Channels: 1 Width: 64-bit Data Rate: 6400 MT/s
CPU 0 runs /home1/sweta/traces/qualcomm_traces/srv_39.champsimtrace.xz
.xz
BTB has LRU replacement policy
ITLB has LRU replacement policy
DTLB has LRU replacement policy
STLB has LRU replacement policy
L1I has LRU replacement policy
L1D has LRU replacement policy
PERC_ENTRIES: 4096
Initialize SRRIP state for L2C
Initialize Mockingjay state for LLC
Heartbeat CPU 0 instructions: 10000001 cycles: 2296299 heartbeat IPC: 4.35483 cumulative IPC: 4.35483 (Simulation time: 0 hr 0 min 27 sec) 
Heartbeat CPU 0 instructions: 20000001 cycles: 4580332 heartbeat IPC: 4.37822 cumulative IPC: 4.3665 (Simulation time: 0 hr 0 min 52 sec) 
Heartbeat CPU 0 instructions: 30000003 cycles: 6876599 heartbeat IPC: 4.3549 cumulative IPC: 4.36262 (Simulation time: 0 hr 1 min 18 sec) 
*** Reached end of trace for Core: 0 Repeating trace: /home1/sweta/traces/qualcomm_traces/srv_39.champsimtrace.xz
Heartbeat CPU 0 instructions: 40000000 cycles: 9168252 heartbeat IPC: 4.36366 cumulative IPC: 4.36288 (Simulation time: 0 hr 1 min 44 sec) 
Heartbeat CPU 0 instructions: 50000000 cycles: 11450681 heartbeat IPC: 4.3813 cumulative IPC: 4.36655 (Simulation time: 0 hr 2 min 11 sec) 
Heartbeat CPU 0 instructions: 60000006 cycles: 13747969 heartbeat IPC: 4.35296 cumulative IPC: 4.36428 (Simulation time: 0 hr 2 min 38 sec) 
*** Reached end of trace for Core: 0 Repeating trace: /home1/sweta/traces/qualcomm_traces/srv_39.champsimtrace.xz
Heartbeat CPU 0 instructions: 70000000 cycles: 16034479 heartbeat IPC: 4.37348 cumulative IPC: 4.36559 (Simulation time: 0 hr 3 min 4 sec) 
Heartbeat CPU 0 instructions: 80000002 cycles: 18325997 heartbeat IPC: 4.36392 cumulative IPC: 4.36538 (Simulation time: 0 hr 3 min 30 sec) 
Heartbeat CPU 0 instructions: 90000000 cycles: 20614857 heartbeat IPC: 4.36899 cumulative IPC: 4.36578 (Simulation time: 0 hr 3 min 56 sec) 
*** Reached end of trace for Core: 0 Repeating trace: /home1/sweta/traces/qualcomm_traces/srv_39.champsimtrace.xz
Heartbeat CPU 0 instructions: 100000000 cycles: 22901927 heartbeat IPC: 4.37241 cumulative IPC: 4.36644 (Simulation time: 0 hr 4 min 21 sec) 
Heartbeat CPU 0 instructions: 110000000 cycles: 25200308 heartbeat IPC: 4.35089 cumulative IPC: 4.36503 (Simulation time: 0 hr 4 min 46 sec) 
Heartbeat CPU 0 instructions: 120000004 cycles: 27481594 heartbeat IPC: 4.38349 cumulative IPC: 4.36656 (Simulation time: 0 hr 5 min 10 sec) 
*** Reached end of trace for Core: 0 Repeating trace: /home1/sweta/traces/qualcomm_traces/srv_39.champsimtrace.xz
Heartbeat CPU 0 instructions: 130000005 cycles: 29773365 heartbeat IPC: 4.36344 cumulative IPC: 4.36632 (Simulation time: 0 hr 5 min 35 sec) 
Heartbeat CPU 0 instructions: 140000007 cycles: 32066948 heartbeat IPC: 4.35999 cumulative IPC: 4.36587 (Simulation time: 0 hr 5 min 59 sec) 
Heartbeat CPU 0 instructions: 150000005 cycles: 34356955 heartbeat IPC: 4.3668 cumulative IPC: 4.36593 (Simulation time: 0 hr 6 min 24 sec) 
Heartbeat CPU 0 instructions: 160000000 cycles: 36649683 heartbeat IPC: 4.36161 cumulative IPC: 4.36566 (Simulation time: 0 hr 6 min 48 sec) 
*** Reached end of trace for Core: 0 Repeating trace: /home1/sweta/traces/qualcomm_traces/srv_39.champsimtrace.xz
Heartbeat CPU 0 instructions: 170000005 cycles: 38935935 heartbeat IPC: 4.37397 cumulative IPC: 4.36615 (Simulation time: 0 hr 7 min 12 sec) 
Heartbeat CPU 0 instructions: 180000000 cycles: 41233401 heartbeat IPC: 4.35262 cumulative IPC: 4.36539 (Simulation time: 0 hr 7 min 36 sec) 
Heartbeat CPU 0 instructions: 190000003 cycles: 43517928 heartbeat IPC: 4.37727 cumulative IPC: 4.36602 (Simulation time: 0 hr 7 min 59 sec) 
*** Reached end of trace for Core: 0 Repeating trace: /home1/sweta/traces/qualcomm_traces/srv_39.champsimtrace.xz
Heartbeat CPU 0 instructions: 200000001 cycles: 45804405 heartbeat IPC: 4.37354 cumulative IPC: 4.36639 (Simulation time: 0 hr 8 min 23 sec) 

Warmup complete CPU 0 instructions: 200000001 cycles: 45804405 (Simulation time: 0 hr 8 min 23 sec) 

Heartbeat CPU 0 instructions: 210000000 cycles: 59232252 heartbeat IPC: 0.744721 cumulative IPC: 0.744721 (Simulation time: 0 hr 8 min 57 sec) 
Heartbeat CPU 0 instructions: 220000000 cycles: 72352069 heartbeat IPC: 0.762206 cumulative IPC: 0.753362 (Simulation time: 0 hr 9 min 30 sec) 
*** Reached end of trace for Core: 0 Repeating trace: /home1/sweta/traces/qualcomm_traces/srv_39.champsimtrace.xz
Heartbeat CPU 0 instructions: 230000004 cycles: 85517601 heartbeat IPC: 0.759559 cumulative IPC: 0.755417 (Simulation time: 0 hr 10 min 2 sec) 
Heartbeat CPU 0 instructions: 240000005 cycles: 98742254 heartbeat IPC: 0.756164 cumulative IPC: 0.755603 (Simulation time: 0 hr 10 min 35 sec) 
Heartbeat CPU 0 instructions: 250000005 cycles: 111918270 heartbeat IPC: 0.758955 cumulative IPC: 0.756271 (Simulation time: 0 hr 11 min 7 sec) 
*** Reached end of trace for Core: 0 Repeating trace: /home1/sweta/traces/qualcomm_traces/srv_39.champsimtrace.xz
Heartbeat CPU 0 instructions: 260000006 cycles: 125107260 heartbeat IPC: 0.758208 cumulative IPC: 0.756593 (Simulation time: 0 hr 11 min 40 sec) 
Heartbeat CPU 0 instructions: 270000000 cycles: 138295589 heartbeat IPC: 0.758246 cumulative IPC: 0.756829 (Simulation time: 0 hr 12 min 10 sec) 
Heartbeat CPU 0 instructions: 280000004 cycles: 151509517 heartbeat IPC: 0.756778 cumulative IPC: 0.756822 (Simulation time: 0 hr 12 min 42 sec) 
*** Reached end of trace for Core: 0 Repeating trace: /home1/sweta/traces/qualcomm_traces/srv_39.champsimtrace.xz
Heartbeat CPU 0 instructions: 290000000 cycles: 164611577 heartbeat IPC: 0.763238 cumulative IPC: 0.75753 (Simulation time: 0 hr 13 min 12 sec) 
Heartbeat CPU 0 instructions: 300000001 cycles: 177870885 heartbeat IPC: 0.754187 cumulative IPC: 0.757194 (Simulation time: 0 hr 13 min 43 sec) 
Heartbeat CPU 0 instructions: 310000002 cycles: 190965144 heartbeat IPC: 0.763694 cumulative IPC: 0.757781 (Simulation time: 0 hr 14 min 13 sec) 
Heartbeat CPU 0 instructions: 320000001 cycles: 204066299 heartbeat IPC: 0.763291 cumulative IPC: 0.758237 (Simulation time: 0 hr 14 min 43 sec) 
*** Reached end of trace for Core: 0 Repeating trace: /home1/sweta/traces/qualcomm_traces/srv_39.champsimtrace.xz
Heartbeat CPU 0 instructions: 330000000 cycles: 217242025 heartbeat IPC: 0.758971 cumulative IPC: 0.758293 (Simulation time: 0 hr 15 min 15 sec) 
Heartbeat CPU 0 instructions: 340000005 cycles: 230448896 heartbeat IPC: 0.757182 cumulative IPC: 0.758214 (Simulation time: 0 hr 15 min 47 sec) 
Heartbeat CPU 0 instructions: 350000002 cycles: 243656648 heartbeat IPC: 0.757131 cumulative IPC: 0.758142 (Simulation time: 0 hr 16 min 18 sec) 
*** Reached end of trace for Core: 0 Repeating trace: /home1/sweta/traces/qualcomm_traces/srv_39.champsimtrace.xz
Heartbeat CPU 0 instructions: 360000000 cycles: 256762555 heartbeat IPC: 0.763015 cumulative IPC: 0.758444 (Simulation time: 0 hr 16 min 49 sec) 
Heartbeat CPU 0 instructions: 370000001 cycles: 269980101 heartbeat IPC: 0.75657 cumulative IPC: 0.758334 (Simulation time: 0 hr 17 min 20 sec) 
Heartbeat CPU 0 instructions: 380000002 cycles: 283096404 heartbeat IPC: 0.76241 cumulative IPC: 0.758559 (Simulation time: 0 hr 17 min 48 sec) 
*** Reached end of trace for Core: 0 Repeating trace: /home1/sweta/traces/qualcomm_traces/srv_39.champsimtrace.xz
Heartbeat CPU 0 instructions: 390000007 cycles: 296217277 heartbeat IPC: 0.762145 cumulative IPC: 0.758747 (Simulation time: 0 hr 18 min 16 sec) 
Heartbeat CPU 0 instructions: 400000002 cycles: 309474450 heartbeat IPC: 0.754308 cumulative IPC: 0.758524 (Simulation time: 0 hr 18 min 44 sec) 
Finished CPU 0 instructions: 200000001 cycles: 263670045 cumulative IPC: 0.758524 (Simulation time: 0 hr 18 min 44 sec) 

ChampSim completed all CPUs

Region of Interest Statistics

CPU 0 cumulative IPC: 0.758524 instructions: 200000001 cycles: 263670045
ITLB TOTAL     ACCESS:   20816496  HIT:   19276851  MISS:    1539645  HIT %:    92.6037  MISS %:    7.39627   MPKI: 7.69822
ITLB LOAD TRANSLATION ACCESS:   20816496  HIT:   19276851  MISS:    1539645  HIT %:    92.6037  MISS %:    7.39627   MPKI: 7.69822
ITLB PREFETCH  REQUESTED:          0  ISSUED:          0  USEFUL:          0  USELESS:          0
ITLB USEFUL LOAD PREFETCHES:          0 PREFETCH ISSUED TO LOWER LEVEL:          0  ACCURACY: -nan
ITLB TIMELY PREFETCHES:          0 LATE PREFETCHES: 0 DROPPED PREFETCHES: 0
ITLB PREFETCHES SAME FILL-ORIGIN LEVEL: 0 DIFFERENT FILL-ORIGIN LEVEL: 0
ITLB AVERAGE MISS LATENCY:    9.13396 cycles AVERAGE LOAD MISS LATENCY:       -nan cycles Load Miss          0
ITLB Average MSHR Occupancy:  0.0475708
ITLB RQ	ACCESS:   27631516	FORWARD:          0	MERGED:    5050160	TO_CACHE:   22581356

DTLB TOTAL     ACCESS:   32982080  HIT:   31463240  MISS:    1518840  HIT %:     95.395  MISS %:    4.60505   MPKI: 7.5942
DTLB LOAD TRANSLATION ACCESS:   32982080  HIT:   31463240  MISS:    1518840  HIT %:     95.395  MISS %:    4.60505   MPKI: 7.5942
DTLB PREFETCH  REQUESTED:          0  ISSUED:          0  USEFUL:          0  USELESS:          0
DTLB USEFUL LOAD PREFETCHES:          0 PREFETCH ISSUED TO LOWER LEVEL:          0  ACCURACY: -nan
DTLB TIMELY PREFETCHES:          0 LATE PREFETCHES: 0 DROPPED PREFETCHES: 0
DTLB PREFETCHES SAME FILL-ORIGIN LEVEL: 0 DIFFERENT FILL-ORIGIN LEVEL: 0
DTLB AVERAGE MISS LATENCY:    12.2766 cycles AVERAGE LOAD MISS LATENCY:       -nan cycles Load Miss          0
DTLB Average MSHR Occupancy:  0.0665658
DTLB RQ	ACCESS:   57436998	FORWARD:          0	MERGED:   24077221	TO_CACHE:   33359777

STLB TOTAL     ACCESS:    3058485  HIT:    2980246  MISS:      78239  HIT %:    97.4419  MISS %:     2.5581   MPKI: 0.391195
STLB LOAD TRANSLATION ACCESS:    3058485  HIT:    2980246  MISS:      78239  HIT %:    97.4419  MISS %:     2.5581   MPKI: 0.391195
STLB PREFETCH  REQUESTED:          0  ISSUED:          0  USEFUL:          0  USELESS:          0
STLB USEFUL LOAD PREFETCHES:          0 PREFETCH ISSUED TO LOWER LEVEL:          0  ACCURACY: -nan
STLB TIMELY PREFETCHES:          0 LATE PREFETCHES: 0 DROPPED PREFETCHES: 0
STLB PREFETCHES SAME FILL-ORIGIN LEVEL: 0 DIFFERENT FILL-ORIGIN LEVEL: 0
STLB AVERAGE MISS LATENCY:    65.3784 cycles AVERAGE LOAD MISS LATENCY:       -nan cycles Load Miss          0
STLB Average MSHR Occupancy:  0.0199175
STLB RQ	ACCESS:    3058485	FORWARD:          0	MERGED:          0	TO_CACHE:    3058485

STLB Hit, L1D data hit: 0
STLB Hit, L2C data hit: 0
STLB Hit, LLC data hit: 0
STLB Hit, LLC data miss: 0
STLB STLB hints to L2: 0
L1D TOTAL     ACCESS:   45327564  HIT:   38573284  MISS:    6754280  HIT %:     85.099  MISS %:     14.901   MPKI: 33.7714
L1D LOAD      ACCESS:   22853199  HIT:   19785678  MISS:    3067521  HIT %:    86.5773  MISS %:    13.4227   MPKI: 15.3376
L1D RFO       ACCESS:   22474365  HIT:   18787606  MISS:    3686759  HIT %:    83.5957  MISS %:    16.4043   MPKI: 18.4338
L1D PREFETCH  REQUESTED:          0  ISSUED:          0  USEFUL:          0  USELESS:          0
L1D USEFUL LOAD PREFETCHES:          0 PREFETCH ISSUED TO LOWER LEVEL:          0  ACCURACY: -nan
L1D TIMELY PREFETCHES:          0 LATE PREFETCHES: 0 DROPPED PREFETCHES: 0
L1D PREFETCHES SAME FILL-ORIGIN LEVEL: 0 DIFFERENT FILL-ORIGIN LEVEL: 0
L1D AVERAGE MISS LATENCY:    110.727 cycles AVERAGE LOAD MISS LATENCY:    26.5664 cycles Load Miss    3067521
L1D Average MSHR Occupancy:    2.90651
L1D RQ	ACCESS:   42091032	FORWARD:          0	MERGED:   18137572	TO_CACHE:   23657258
L1D WQ	ACCESS:   34181743	FORWARD:     296202	MERGED:     402003	TO_CACHE:   33779740

L1D UNIQUE REGIONS ACCESSED: 0
L1D REGIONS CONFLICTS: 0
L1D Cross Page Prefetch Requests: 0
L1D Same Page Prefetch Requests: 0
L1D ROI Sum of L1D PQ occupancy: 0
L1D PREFETCHES PUSHED FROM L2C: 0
L1I TOTAL     ACCESS:   26584981  HIT:    6871948  MISS:   19713033  HIT %:     25.849  MISS %:     74.151   MPKI: 98.5652
L1I LOAD      ACCESS:   26584981  HIT:    6871948  MISS:   19713033  HIT %:     25.849  MISS %:     74.151   MPKI: 98.5652
L1I PREFETCH  REQUESTED:          0  ISSUED:          0  USEFUL:          0  USELESS:          0
L1I USEFUL LOAD PREFETCHES:          0 PREFETCH ISSUED TO LOWER LEVEL:          0  ACCURACY: -nan
L1I TIMELY PREFETCHES:          0 LATE PREFETCHES: 0 DROPPED PREFETCHES: 0
L1I PREFETCHES SAME FILL-ORIGIN LEVEL: 0 DIFFERENT FILL-ORIGIN LEVEL: 0
L1I AVERAGE MISS LATENCY:    14.3496 cycles AVERAGE LOAD MISS LATENCY:    14.3496 cycles Load Miss   19713033
L1I Average MSHR Occupancy:    1.05463
L1I RQ	ACCESS:   51046437	FORWARD:          0	MERGED:   23414921	TO_CACHE:   27631516

BTB TOTAL     ACCESS:   25656820  HIT:   24105042  MISS:    1551778  HIT %:    93.9518  MISS %:    6.04821   MPKI: 7.75889
BTB BRANCH_DIRECT_JUMP	ACCESS:    1660372  HIT:    1650818  MISS:       9554
BTB BRANCH_INDIRECT	ACCESS:   10005343  HIT:    9484663  MISS:     520680
BTB BRANCH_CONDITIONAL	ACCESS:    7145003  HIT:    7131581  MISS:      13422
BTB BRANCH_DIRECT_CALL	ACCESS:    2826726  HIT:    2793350  MISS:      33376
BTB BRANCH_INDIRECT_CALL	ACCESS:     596348  HIT:     485054  MISS:     111294
BTB BRANCH_RETURN	ACCESS:    3423028  HIT:    2559576  MISS:     863452
BTB BRANCH_OTHER ACCESS:          0  HIT:          0  MISS:          0

L2C TOTAL     ACCESS:   34180856  HIT:   29300672  MISS:    4880184  HIT %:    85.7225  MISS %:    14.2775   MPKI: 24.4009
L2C LOAD      ACCESS:   22780361  HIT:   22264684  MISS:     515677  HIT %:    97.7363  MISS %:    2.26369   MPKI: 2.57838
L2C DATA LOAD MPKI: 2.40859
L2C INSTRUCTION LOAD MPKI: 0.169795
L2C RFO       ACCESS:    3686753  HIT:     713580  MISS:    2973173  HIT %:    19.3552  MISS %:    80.6448   MPKI: 14.8659
L2C PREFETCH  ACCESS:    3282904  HIT:    1929934  MISS:    1352970  HIT %:    58.7874  MISS %:    41.2126   MPKI: 6.76485
AGUS PREFETCH L1 MISS: 0
L2C DATA PREFETCH MPKI: 6.76485
L2C INSTRUCTION PREFETCH MPKI: 0
L2C WRITEBACK ACCESS:    4343635  HIT:    4337103  MISS:       6532  HIT %:    99.8496  MISS %:   0.150381   MPKI: 0.03266
L2C LOAD TRANSLATION ACCESS:      87203  HIT:      55371  MISS:      31832  HIT %:    63.4967  MISS %:    36.5033   MPKI: 0.15916
L2C PREFETCH  REQUESTED:    3767584  ISSUED:    3760884  USEFUL:     970057  USELESS:     382762
L2C USEFUL LOAD PREFETCHES:     970057 PREFETCH ISSUED TO LOWER LEVEL:    1713543  ACCURACY: 56.6112
L2C TIMELY PREFETCHES:     970057 LATE PREFETCHES: 218903 DROPPED PREFETCHES: 0
L2C PREFETCHES SAME FILL-ORIGIN LEVEL: 1571873 DIFFERENT FILL-ORIGIN LEVEL: 141670
L2C AVERAGE MISS LATENCY:    150.692 cycles AVERAGE LOAD MISS LATENCY:    77.4159 cycles Load Miss     515677
L2C Average MSHR Occupancy:    2.80617
L2C RQ	ACCESS:   26554523	FORWARD:          0	MERGED:          0	TO_CACHE:   26554325
L2C WQ	ACCESS:    4343635	FORWARD:        201	MERGED:          0	TO_CACHE:    4343635
L2C PQ	ACCESS:    3760884	FORWARD:          0	MERGED:      15484	TO_CACHE:    3745397

L2C Instructions Evicting Data 33448
L2C Translations Evicting Data 31279
L2C Data Evicting Data 4743238
L2C Instructions Evicting Instructions 221
L2C Translations Evicting Instructions 311
L2C Data Evicting Instructions 33376
L2C Instructions Evicting Translations 290
L2C Translations Evicting Translations 242
L2C Data Evicting Translations 31247
L2C Dense regions hint from L2: 0
PSCL5 TOTAL     ACCESS:      78239  HIT:      78239  MISS:          0  HIT %:        100  MISS %:          0   MPKI: 0
PSCL5 LOAD TRANSLATION ACCESS:      78239  HIT:      78239  MISS:          0  HIT %:        100  MISS %:          0   MPKI: 0
PSCL5 PREFETCH  REQUESTED:          0  ISSUED:          0  USEFUL:          0  USELESS:          0
PSCL5 USEFUL LOAD PREFETCHES:          0 PREFETCH ISSUED TO LOWER LEVEL:          0  ACCURACY: -nan
PSCL5 TIMELY PREFETCHES:          0 LATE PREFETCHES: 0 DROPPED PREFETCHES: 0
PSCL5 PREFETCHES SAME FILL-ORIGIN LEVEL: 0 DIFFERENT FILL-ORIGIN LEVEL: 0

PSCL4 TOTAL     ACCESS:      74349  HIT:      74163  MISS:        186  HIT %:    99.7498  MISS %:   0.250171   MPKI: 0.00093
PSCL4 LOAD TRANSLATION ACCESS:      74349  HIT:      74163  MISS:        186  HIT %:    99.7498  MISS %:   0.250171   MPKI: 0.00093
PSCL4 PREFETCH  REQUESTED:          0  ISSUED:          0  USEFUL:          0  USELESS:          0
PSCL4 USEFUL LOAD PREFETCHES:          0 PREFETCH ISSUED TO LOWER LEVEL:          0  ACCURACY: -nan
PSCL4 TIMELY PREFETCHES:          0 LATE PREFETCHES: 0 DROPPED PREFETCHES: 0
PSCL4 PREFETCHES SAME FILL-ORIGIN LEVEL: 0 DIFFERENT FILL-ORIGIN LEVEL: 0

PSCL3 TOTAL     ACCESS:      78207  HIT:      78021  MISS:        186  HIT %:    99.7622  MISS %:    0.23783   MPKI: 0.00093
PSCL3 LOAD TRANSLATION ACCESS:      78207  HIT:      78021  MISS:        186  HIT %:    99.7622  MISS %:    0.23783   MPKI: 0.00093
PSCL3 PREFETCH  REQUESTED:          0  ISSUED:          0  USEFUL:          0  USELESS:          0
PSCL3 USEFUL LOAD PREFETCHES:          0 PREFETCH ISSUED TO LOWER LEVEL:          0  ACCURACY: -nan
PSCL3 TIMELY PREFETCHES:          0 LATE PREFETCHES: 0 DROPPED PREFETCHES: 0
PSCL3 PREFETCHES SAME FILL-ORIGIN LEVEL: 0 DIFFERENT FILL-ORIGIN LEVEL: 0

PSCL2 TOTAL     ACCESS:      78239  HIT:      69647  MISS:       8592  HIT %:    89.0183  MISS %:    10.9817   MPKI: 0.04296
PSCL2 LOAD TRANSLATION ACCESS:      78239  HIT:      69647  MISS:       8592  HIT %:    89.0183  MISS %:    10.9817   MPKI: 0.04296
PSCL2 PREFETCH  REQUESTED:          0  ISSUED:          0  USEFUL:          0  USELESS:          0
PSCL2 USEFUL LOAD PREFETCHES:          0 PREFETCH ISSUED TO LOWER LEVEL:          0  ACCURACY: -nan
PSCL2 TIMELY PREFETCHES:          0 LATE PREFETCHES: 0 DROPPED PREFETCHES: 0
PSCL2 PREFETCHES SAME FILL-ORIGIN LEVEL: 0 DIFFERENT FILL-ORIGIN LEVEL: 0

LLC TOTAL     ACCESS:    8170638  HIT:    3228038  MISS:    4942600  HIT %:    39.5078  MISS %:    60.4922   MPKI: 24.713
LLC LOAD      ACCESS:     297408  HIT:     245810  MISS:      51598  HIT %:    82.6508  MISS %:    17.3492   MPKI: 0.25799
LLC RFO       ACCESS:    2972536  HIT:     636586  MISS:    2335950  HIT %:    21.4156  MISS %:    78.5844   MPKI: 11.6797
LLC PREFETCH  ACCESS:    1712913  HIT:    1494489  MISS:     218424  HIT %:    87.2484  MISS %:    12.7516   MPKI: 1.09212
AGUS PREFETCH L1 MISS: 0
LLC WRITEBACK ACCESS:    3155949  HIT:     826889  MISS:    2329060  HIT %:     26.201  MISS %:     73.799   MPKI: 11.6453
LLC LOAD TRANSLATION ACCESS:      31832  HIT:      24264  MISS:       7568  HIT %:    76.2252  MISS %:    23.7748   MPKI: 0.03784
LLC PREFETCH  REQUESTED:          0  ISSUED:          0  USEFUL:      11936  USELESS:     135259
LLC USEFUL LOAD PREFETCHES:      11936 PREFETCH ISSUED TO LOWER LEVEL:     218577  ACCURACY: 5.46078
LLC TIMELY PREFETCHES:      11936 LATE PREFETCHES: 153 DROPPED PREFETCHES: 0
LLC PREFETCHES SAME FILL-ORIGIN LEVEL: 41572 DIFFERENT FILL-ORIGIN LEVEL: 0
LLC AVERAGE MISS LATENCY:    107.355 cycles AVERAGE LOAD MISS LATENCY:    186.276 cycles Load Miss      51598
LLC Average MSHR Occupancy:    2.00253
LLC RQ	ACCESS:    3301779	FORWARD:          0	MERGED:          0	TO_CACHE:    3301776
LLC WQ	ACCESS:    3155949	FORWARD:          3	MERGED:          0	TO_CACHE:    3155949
LLC PQ	ACCESS:    1713543	FORWARD:          0	MERGED:        356	TO_CACHE:    1713187

LLC Dense regions hint to LLC: 0

RAW hits: 5687076
Loads Generated: 47778108
Loads sent to L1D: 42091032
Stores Generated: 34181740
Stores sent to L1D: 34181743
Major fault: 0 Minor fault: 8494
Allocated PAGES: 8494
------------------
Depth Distribution
------------------
depth 0: 1336244
depth 1: 780720
depth 2: 1375333
depth 3: 669458
depth 4: 378785
depth 5: 566317
depth 6: 828113
depth 7: 200713
depth 8: 2672
depth 9: 575
depth 10: 168
depth 11: 757
depth 12: 107
depth 13: 3
depth 14: 2
depth 15: 0
depth 16: 0
depth 17: 0
depth 18: 0
depth 19: 0
depth 20: 0
depth 21: 0
depth 22: 0
depth 23: 0
depth 24: 0
depth 25: 0
depth 26: 0
depth 27: 0
depth 28: 0
depth 29: 0
Total: 6139967
------------------
ST read accesses: 2898141
ST write accesses: 169188
PT read accesses: 68264566
PT write accesses: 4007645
FILTER read accesses: 21225740
FILTER write accesses: 16626468
GHR read accesses: 7329695
GHR write accesses: 891501
PERC read accesses: 466829397
PERC write accesses: 34494578
GHR counter read accesses: 6134658
GHR counter write accesses: 9149057
GHR ip read accesses: 23591568
GHR ip write accesses: 12269316
ST tag read accesses: 1265854442
ST tag write accesses: 85304530
================ Mockingjay (LLC) Pollution Stats ================
Total pollution count in LLC: 9409
==================================================================

DRAM Statistics
 CHANNEL 0
 RQ ROW_BUFFER_HIT:    1659575  ROW_BUFFER_MISS:     953953
 DBUS_CONGESTED:        901
 WQ ROW_BUFFER_HIT:     638628  ROW_BUFFER_MISS:    1730854  FULL:      66568

 AVG_CONGESTED_CYCLE: 4
 All warmup complete: 2
Channel 0 Bank busy for read cycles: 0
Channel 0 Bank busy for write cycles: 0
Channel 0
Rank 0
0banks busy for read cycles: 106772005
0banks busy for write cycles: 179885
1banks busy for read cycles: 32203300
1banks busy for write cycles: 21952322
2banks busy for read cycles: 18688118
2banks busy for write cycles: 10573431
3banks busy for read cycles: 4066697
3banks busy for write cycles: 6674829
4banks busy for read cycles: 3900369
4banks busy for write cycles: 4994530
5banks busy for read cycles: 2424189
5banks busy for write cycles: 4312168
6banks busy for read cycles: 1788107
6banks busy for write cycles: 4329611
7banks busy for read cycles: 2279325
7banks busy for write cycles: 5933791
8banks busy for read cycles: 11676496
8banks busy for write cycles: 20920873

CPU 0 Branch Prediction Accuracy: 99.9539% MPKI: 0.070365 Average ROB Occupancy at Mispredict: 152.465
Branch types
NOT_BRANCH: 169466883 84.7334%
BRANCH_DIRECT_JUMP: 1660372 0.830186%
BRANCH_INDIRECT: 10005343 5.00267%
BRANCH_CONDITIONAL: 12021270 6.01063%
BRANCH_DIRECT_CALL: 2826726 1.41336%
BRANCH_INDIRECT_CALL: 596348 0.298174%
BRANCH_RETURN: 3423028 1.71151%
BRANCH_OTHER: 0 0%

===================== LRU L1D STATS =====================
Total pollution count in L1D: 0
=========================================================
================ SRRIP (L2C) Pollution Stats ================
Total pollution count in L2c: 1318207
==================================================================
DRAM PAGES: 1048576
Allocated PAGES: 8494
