Initialize SIGNATURE TABLE
ST_SET: 1
ST_WAY: 256
ST_TAG_BIT: 16
ST_TAG_MASK: ffff

Initialize PATTERN TABLE
PT_SET: 512
PT_WAY: 4
SIG_DELTA_BIT: 7
C_SIG_BIT: 4
C_DELTA_BIT: 4

Initialize PREFETCH FILTER
FILTER_SET: 1024

Initialize PERCEPTRON
PERC_ENTRIES: 4096
PERC_FEATURES: 9

*** ChampSim Multicore Out-of-Order Simulator ***

Warmup Instructions: 200000000
Simulation Instructions: 200000000
Number of CPUs: 1
LLC sets: 4096
LLC ways: 12
Off-chip DRAM Size: 4096 MB Channels: 1 Width: 64-bit Data Rate: 6400 MT/s
CPU 0 runs /home1/sweta/traces/qualcomm_traces/srv_51.champsimtrace.xz
.xz
BTB has LRU replacement policy
ITLB has LRU replacement policy
DTLB has LRU replacement policy
STLB has LRU replacement policy
L1I has LRU replacement policy
L1D has LRU replacement policy
PERC_ENTRIES: 4096
Initialize SRRIP state for L2C
Initialize Mockingjay state for LLC
Heartbeat CPU 0 instructions: 10000000 cycles: 2099359 heartbeat IPC: 4.76336 cumulative IPC: 4.76336 (Simulation time: 0 hr 0 min 24 sec) 
Heartbeat CPU 0 instructions: 20000004 cycles: 4142040 heartbeat IPC: 4.89553 cumulative IPC: 4.82854 (Simulation time: 0 hr 0 min 43 sec) 
Heartbeat CPU 0 instructions: 30000004 cycles: 6261284 heartbeat IPC: 4.71866 cumulative IPC: 4.79135 (Simulation time: 0 hr 1 min 8 sec) 
*** Reached end of trace for Core: 0 Repeating trace: /home1/sweta/traces/qualcomm_traces/srv_51.champsimtrace.xz
Heartbeat CPU 0 instructions: 40000003 cycles: 8354260 heartbeat IPC: 4.77788 cumulative IPC: 4.78798 (Simulation time: 0 hr 1 min 32 sec) 
Heartbeat CPU 0 instructions: 50000001 cycles: 10395190 heartbeat IPC: 4.89973 cumulative IPC: 4.80992 (Simulation time: 0 hr 1 min 50 sec) 
Heartbeat CPU 0 instructions: 60000000 cycles: 12512905 heartbeat IPC: 4.72207 cumulative IPC: 4.79505 (Simulation time: 0 hr 2 min 14 sec) 
*** Reached end of trace for Core: 0 Repeating trace: /home1/sweta/traces/qualcomm_traces/srv_51.champsimtrace.xz
Heartbeat CPU 0 instructions: 70000006 cycles: 14600650 heartbeat IPC: 4.78986 cumulative IPC: 4.79431 (Simulation time: 0 hr 2 min 35 sec) 
Heartbeat CPU 0 instructions: 80000003 cycles: 16638102 heartbeat IPC: 4.90809 cumulative IPC: 4.80824 (Simulation time: 0 hr 2 min 53 sec) 
Heartbeat CPU 0 instructions: 90000000 cycles: 18770998 heartbeat IPC: 4.68846 cumulative IPC: 4.79463 (Simulation time: 0 hr 3 min 17 sec) 
*** Reached end of trace for Core: 0 Repeating trace: /home1/sweta/traces/qualcomm_traces/srv_51.champsimtrace.xz
Heartbeat CPU 0 instructions: 100000003 cycles: 20847623 heartbeat IPC: 4.81551 cumulative IPC: 4.79671 (Simulation time: 0 hr 3 min 38 sec) 
Heartbeat CPU 0 instructions: 110000001 cycles: 22870433 heartbeat IPC: 4.94362 cumulative IPC: 4.8097 (Simulation time: 0 hr 3 min 56 sec) 
Heartbeat CPU 0 instructions: 120000001 cycles: 25016932 heartbeat IPC: 4.65875 cumulative IPC: 4.79675 (Simulation time: 0 hr 4 min 20 sec) 
*** Reached end of trace for Core: 0 Repeating trace: /home1/sweta/traces/qualcomm_traces/srv_51.champsimtrace.xz
Heartbeat CPU 0 instructions: 130000005 cycles: 27100331 heartbeat IPC: 4.79985 cumulative IPC: 4.79699 (Simulation time: 0 hr 4 min 41 sec) 
Heartbeat CPU 0 instructions: 140000004 cycles: 29138679 heartbeat IPC: 4.90593 cumulative IPC: 4.80461 (Simulation time: 0 hr 5 min 0 sec) 
Heartbeat CPU 0 instructions: 150000000 cycles: 31262381 heartbeat IPC: 4.70876 cumulative IPC: 4.7981 (Simulation time: 0 hr 5 min 23 sec) 
*** Reached end of trace for Core: 0 Repeating trace: /home1/sweta/traces/qualcomm_traces/srv_51.champsimtrace.xz
Heartbeat CPU 0 instructions: 160000006 cycles: 33347556 heartbeat IPC: 4.79576 cumulative IPC: 4.79795 (Simulation time: 0 hr 5 min 44 sec) 
Heartbeat CPU 0 instructions: 170000005 cycles: 35390025 heartbeat IPC: 4.89603 cumulative IPC: 4.80361 (Simulation time: 0 hr 6 min 2 sec) 
Heartbeat CPU 0 instructions: 180000000 cycles: 37515844 heartbeat IPC: 4.70407 cumulative IPC: 4.79797 (Simulation time: 0 hr 6 min 24 sec) 
*** Reached end of trace for Core: 0 Repeating trace: /home1/sweta/traces/qualcomm_traces/srv_51.champsimtrace.xz
Heartbeat CPU 0 instructions: 190000004 cycles: 39591662 heartbeat IPC: 4.81738 cumulative IPC: 4.79899 (Simulation time: 0 hr 6 min 43 sec) 
Heartbeat CPU 0 instructions: 200000003 cycles: 41640543 heartbeat IPC: 4.88071 cumulative IPC: 4.80301 (Simulation time: 0 hr 7 min 1 sec) 

Warmup complete CPU 0 instructions: 200000003 cycles: 41640543 (Simulation time: 0 hr 7 min 1 sec) 

Heartbeat CPU 0 instructions: 210000000 cycles: 61315255 heartbeat IPC: 0.508267 cumulative IPC: 0.508267 (Simulation time: 0 hr 7 min 28 sec) 
*** Reached end of trace for Core: 0 Repeating trace: /home1/sweta/traces/qualcomm_traces/srv_51.champsimtrace.xz
Heartbeat CPU 0 instructions: 220000002 cycles: 80845183 heartbeat IPC: 0.512035 cumulative IPC: 0.510144 (Simulation time: 0 hr 7 min 55 sec) 
Heartbeat CPU 0 instructions: 230000000 cycles: 100704599 heartbeat IPC: 0.503539 cumulative IPC: 0.507923 (Simulation time: 0 hr 8 min 23 sec) 
Heartbeat CPU 0 instructions: 240000001 cycles: 119946694 heartbeat IPC: 0.519694 cumulative IPC: 0.510816 (Simulation time: 0 hr 8 min 50 sec) 
*** Reached end of trace for Core: 0 Repeating trace: /home1/sweta/traces/qualcomm_traces/srv_51.champsimtrace.xz
Heartbeat CPU 0 instructions: 250000007 cycles: 139160698 heartbeat IPC: 0.520454 cumulative IPC: 0.512715 (Simulation time: 0 hr 9 min 17 sec) 
Heartbeat CPU 0 instructions: 260000002 cycles: 159686212 heartbeat IPC: 0.487198 cumulative IPC: 0.508278 (Simulation time: 0 hr 9 min 43 sec) 
Heartbeat CPU 0 instructions: 270000000 cycles: 177987038 heartbeat IPC: 0.546423 cumulative IPC: 0.513398 (Simulation time: 0 hr 10 min 9 sec) 
*** Reached end of trace for Core: 0 Repeating trace: /home1/sweta/traces/qualcomm_traces/srv_51.champsimtrace.xz
Heartbeat CPU 0 instructions: 280000001 cycles: 196152989 heartbeat IPC: 0.55048 cumulative IPC: 0.517758 (Simulation time: 0 hr 10 min 35 sec) 
Heartbeat CPU 0 instructions: 290000000 cycles: 218636915 heartbeat IPC: 0.444762 cumulative IPC: 0.508485 (Simulation time: 0 hr 11 min 3 sec) 
Heartbeat CPU 0 instructions: 300000003 cycles: 235642803 heartbeat IPC: 0.588032 cumulative IPC: 0.515458 (Simulation time: 0 hr 11 min 30 sec) 
*** Reached end of trace for Core: 0 Repeating trace: /home1/sweta/traces/qualcomm_traces/srv_51.champsimtrace.xz
Heartbeat CPU 0 instructions: 310000000 cycles: 254165025 heartbeat IPC: 0.539892 cumulative IPC: 0.517587 (Simulation time: 0 hr 11 min 56 sec) 
Heartbeat CPU 0 instructions: 320000000 cycles: 277669843 heartbeat IPC: 0.425445 cumulative IPC: 0.508411 (Simulation time: 0 hr 12 min 23 sec) 
Heartbeat CPU 0 instructions: 330000000 cycles: 292656132 heartbeat IPC: 0.667277 cumulative IPC: 0.517896 (Simulation time: 0 hr 12 min 48 sec) 
*** Reached end of trace for Core: 0 Repeating trace: /home1/sweta/traces/qualcomm_traces/srv_51.champsimtrace.xz
Heartbeat CPU 0 instructions: 340000003 cycles: 312069982 heartbeat IPC: 0.515096 cumulative IPC: 0.517695 (Simulation time: 0 hr 13 min 14 sec) 
Heartbeat CPU 0 instructions: 350000003 cycles: 335991774 heartbeat IPC: 0.418029 cumulative IPC: 0.509595 (Simulation time: 0 hr 13 min 41 sec) 
Heartbeat CPU 0 instructions: 360000000 cycles: 349341934 heartbeat IPC: 0.749054 cumulative IPC: 0.519985 (Simulation time: 0 hr 14 min 7 sec) 
Heartbeat CPU 0 instructions: 370000004 cycles: 370010291 heartbeat IPC: 0.483832 cumulative IPC: 0.517709 (Simulation time: 0 hr 14 min 32 sec) 
*** Reached end of trace for Core: 0 Repeating trace: /home1/sweta/traces/qualcomm_traces/srv_51.champsimtrace.xz
Heartbeat CPU 0 instructions: 380000001 cycles: 394106768 heartbeat IPC: 0.414998 cumulative IPC: 0.510687 (Simulation time: 0 hr 14 min 58 sec) 
Heartbeat CPU 0 instructions: 390000000 cycles: 407222641 heartbeat IPC: 0.762435 cumulative IPC: 0.519719 (Simulation time: 0 hr 15 min 21 sec) 
Heartbeat CPU 0 instructions: 400000000 cycles: 428455091 heartbeat IPC: 0.470977 cumulative IPC: 0.517044 (Simulation time: 0 hr 15 min 45 sec) 
Finished CPU 0 instructions: 200000000 cycles: 386814579 cumulative IPC: 0.517044 (Simulation time: 0 hr 15 min 45 sec) 

ChampSim completed all CPUs

Region of Interest Statistics

CPU 0 cumulative IPC: 0.517044 instructions: 200000000 cycles: 386814579
ITLB TOTAL     ACCESS:   25052134  HIT:   24173260  MISS:     878874  HIT %:    96.4918  MISS %:    3.50818   MPKI: 4.39437
ITLB LOAD TRANSLATION ACCESS:   25052134  HIT:   24173260  MISS:     878874  HIT %:    96.4918  MISS %:    3.50818   MPKI: 4.39437
ITLB PREFETCH  REQUESTED:          0  ISSUED:          0  USEFUL:          0  USELESS:          0
ITLB USEFUL LOAD PREFETCHES:          0 PREFETCH ISSUED TO LOWER LEVEL:          0  ACCURACY: -nan
ITLB TIMELY PREFETCHES:          0 LATE PREFETCHES: 0 DROPPED PREFETCHES: 0
ITLB PREFETCHES SAME FILL-ORIGIN LEVEL: 0 DIFFERENT FILL-ORIGIN LEVEL: 0
ITLB AVERAGE MISS LATENCY:    9.75418 cycles AVERAGE LOAD MISS LATENCY:       -nan cycles Load Miss          0
ITLB Average MSHR Occupancy:  0.0201098
ITLB RQ	ACCESS:   29350132	FORWARD:          0	MERGED:    3801030	TO_CACHE:   25549102

DTLB TOTAL     ACCESS:   35723455  HIT:   34683367  MISS:    1040088  HIT %:    97.0885  MISS %:     2.9115   MPKI: 5.20044
DTLB LOAD TRANSLATION ACCESS:   35723455  HIT:   34683367  MISS:    1040088  HIT %:    97.0885  MISS %:     2.9115   MPKI: 5.20044
DTLB PREFETCH  REQUESTED:          0  ISSUED:          0  USEFUL:          0  USELESS:          0
DTLB USEFUL LOAD PREFETCHES:          0 PREFETCH ISSUED TO LOWER LEVEL:          0  ACCURACY: -nan
DTLB TIMELY PREFETCHES:          0 LATE PREFETCHES: 0 DROPPED PREFETCHES: 0
DTLB PREFETCHES SAME FILL-ORIGIN LEVEL: 0 DIFFERENT FILL-ORIGIN LEVEL: 0
DTLB AVERAGE MISS LATENCY:    13.5429 cycles AVERAGE LOAD MISS LATENCY:       -nan cycles Load Miss          0
DTLB Average MSHR Occupancy:  0.0348092
DTLB RQ	ACCESS:   50284810	FORWARD:          0	MERGED:   14492052	TO_CACHE:   35792758

STLB TOTAL     ACCESS:    1918962  HIT:    1834415  MISS:      84547  HIT %:    95.5941  MISS %:    4.40587   MPKI: 0.422735
STLB LOAD TRANSLATION ACCESS:    1918962  HIT:    1834415  MISS:      84547  HIT %:    95.5941  MISS %:    4.40587   MPKI: 0.422735
STLB PREFETCH  REQUESTED:          0  ISSUED:          0  USEFUL:          0  USELESS:          0
STLB USEFUL LOAD PREFETCHES:          0 PREFETCH ISSUED TO LOWER LEVEL:          0  ACCURACY: -nan
STLB TIMELY PREFETCHES:          0 LATE PREFETCHES: 0 DROPPED PREFETCHES: 0
STLB PREFETCHES SAME FILL-ORIGIN LEVEL: 0 DIFFERENT FILL-ORIGIN LEVEL: 0
STLB AVERAGE MISS LATENCY:    63.5466 cycles AVERAGE LOAD MISS LATENCY:       -nan cycles Load Miss          0
STLB Average MSHR Occupancy:  0.0144806
STLB RQ	ACCESS:    1918962	FORWARD:          0	MERGED:          0	TO_CACHE:    1918962

STLB Hit, L1D data hit: 0
STLB Hit, L2C data hit: 0
STLB Hit, LLC data hit: 0
STLB Hit, LLC data miss: 0
STLB STLB hints to L2: 0
L1D TOTAL     ACCESS:   49280873  HIT:   46877067  MISS:    2403806  HIT %:    95.1222  MISS %:    4.87777   MPKI: 12.019
L1D LOAD      ACCESS:   29437440  HIT:   27769367  MISS:    1668073  HIT %:    94.3335  MISS %:     5.6665   MPKI: 8.34037
L1D RFO       ACCESS:   19843433  HIT:   19107700  MISS:     735733  HIT %:    96.2923  MISS %:    3.70769   MPKI: 3.67867
L1D PREFETCH  REQUESTED:          0  ISSUED:          0  USEFUL:          0  USELESS:          0
L1D USEFUL LOAD PREFETCHES:          0 PREFETCH ISSUED TO LOWER LEVEL:          0  ACCURACY: -nan
L1D TIMELY PREFETCHES:          0 LATE PREFETCHES: 0 DROPPED PREFETCHES: 0
L1D PREFETCHES SAME FILL-ORIGIN LEVEL: 0 DIFFERENT FILL-ORIGIN LEVEL: 0
L1D AVERAGE MISS LATENCY:    31.7116 cycles AVERAGE LOAD MISS LATENCY:    28.3286 cycles Load Miss    1668073
L1D Average MSHR Occupancy:    0.20642
L1D RQ	ACCESS:   43812666	FORWARD:          0	MERGED:   14118392	TO_CACHE:   29503106
L1D WQ	ACCESS:   21212508	FORWARD:     191168	MERGED:     430804	TO_CACHE:   20781704

L1D UNIQUE REGIONS ACCESSED: 0
L1D REGIONS CONFLICTS: 0
L1D Cross Page Prefetch Requests: 0
L1D Same Page Prefetch Requests: 0
L1D ROI Sum of L1D PQ occupancy: 0
L1D PREFETCHES PUSHED FROM L2C: 0
L1I TOTAL     ACCESS:   27957020  HIT:   10352696  MISS:   17604324  HIT %:    37.0308  MISS %:    62.9692   MPKI: 88.0216
L1I LOAD      ACCESS:   27957020  HIT:   10352696  MISS:   17604324  HIT %:    37.0308  MISS %:    62.9692   MPKI: 88.0216
L1I PREFETCH  REQUESTED:          0  ISSUED:          0  USEFUL:          0  USELESS:          0
L1I USEFUL LOAD PREFETCHES:          0 PREFETCH ISSUED TO LOWER LEVEL:          0  ACCURACY: -nan
L1I TIMELY PREFETCHES:          0 LATE PREFETCHES: 0 DROPPED PREFETCHES: 0
L1I PREFETCHES SAME FILL-ORIGIN LEVEL: 0 DIFFERENT FILL-ORIGIN LEVEL: 0
L1I AVERAGE MISS LATENCY:    14.2732 cycles AVERAGE LOAD MISS LATENCY:    14.2732 cycles Load Miss   17604324
L1I Average MSHR Occupancy:   0.633104
L1I RQ	ACCESS:   51944253	FORWARD:          0	MERGED:   22594121	TO_CACHE:   29350132

BTB TOTAL     ACCESS:   30728997  HIT:   24273264  MISS:    6455733  HIT %:    78.9914  MISS %:    21.0086   MPKI: 32.2787
BTB BRANCH_DIRECT_JUMP	ACCESS:    3642009  HIT:    3179112  MISS:     462897
BTB BRANCH_INDIRECT	ACCESS:   11988441  HIT:    9544848  MISS:    2443593
BTB BRANCH_CONDITIONAL	ACCESS:    8614164  HIT:    8069248  MISS:     544916
BTB BRANCH_DIRECT_CALL	ACCESS:    2654062  HIT:    1825649  MISS:     828413
BTB BRANCH_INDIRECT_CALL	ACCESS:     588191  HIT:     318071  MISS:     270120
BTB BRANCH_RETURN	ACCESS:    3242130  HIT:    1336336  MISS:    1905794
BTB BRANCH_OTHER ACCESS:          0  HIT:          0  MISS:          0

L2C TOTAL     ACCESS:   23202726  HIT:   22506433  MISS:     696293  HIT %:    96.9991  MISS %:    3.00091   MPKI: 3.48147
L2C LOAD      ACCESS:   19272364  HIT:   19063818  MISS:     208546  HIT %:    98.9179  MISS %:     1.0821   MPKI: 1.04273
L2C DATA LOAD MPKI: 0.921885
L2C INSTRUCTION LOAD MPKI: 0.120845
L2C RFO       ACCESS:     735722  HIT:     583110  MISS:     152612  HIT %:    79.2568  MISS %:    20.7432   MPKI: 0.76306
L2C PREFETCH  ACCESS:    1848742  HIT:    1541480  MISS:     307262  HIT %:    83.3799  MISS %:    16.6201   MPKI: 1.53631
AGUS PREFETCH L1 MISS: 0
L2C DATA PREFETCH MPKI: 1.53631
L2C INSTRUCTION PREFETCH MPKI: 0
L2C WRITEBACK ACCESS:    1212791  HIT:    1212303  MISS:        488  HIT %:    99.9598  MISS %:  0.0402378   MPKI: 0.00244
L2C LOAD TRANSLATION ACCESS:     133107  HIT:     105722  MISS:      27385  HIT %:    79.4263  MISS %:    20.5737   MPKI: 0.136925
L2C PREFETCH  REQUESTED:    1925620  ISSUED:    1925608  USEFUL:      85727  USELESS:     220318
L2C USEFUL LOAD PREFETCHES:      85727 PREFETCH ISSUED TO LOWER LEVEL:     361738  ACCURACY: 23.6986
L2C TIMELY PREFETCHES:      85727 LATE PREFETCHES: 18623 DROPPED PREFETCHES: 0
L2C PREFETCHES SAME FILL-ORIGIN LEVEL: 325885 DIFFERENT FILL-ORIGIN LEVEL: 35853
L2C AVERAGE MISS LATENCY:    126.755 cycles AVERAGE LOAD MISS LATENCY:    121.899 cycles Load Miss     208546
L2C Average MSHR Occupancy:   0.229844
L2C RQ	ACCESS:   20141239	FORWARD:          0	MERGED:          0	TO_CACHE:   20141196
L2C WQ	ACCESS:    1212791	FORWARD:         53	MERGED:          0	TO_CACHE:    1212791
L2C PQ	ACCESS:    1925608	FORWARD:          0	MERGED:        820	TO_CACHE:    1924778

L2C Instructions Evicting Data 21823
L2C Translations Evicting Data 25392
L2C Data Evicting Data 597311
L2C Instructions Evicting Instructions 1357
L2C Translations Evicting Instructions 1002
L2C Data Evicting Instructions 21665
L2C Instructions Evicting Translations 989
L2C Translations Evicting Translations 991
L2C Data Evicting Translations 25275
L2C Dense regions hint from L2: 0
PSCL5 TOTAL     ACCESS:      84547  HIT:      84547  MISS:          0  HIT %:        100  MISS %:          0   MPKI: 0
PSCL5 LOAD TRANSLATION ACCESS:      84547  HIT:      84547  MISS:          0  HIT %:        100  MISS %:          0   MPKI: 0
PSCL5 PREFETCH  REQUESTED:          0  ISSUED:          0  USEFUL:          0  USELESS:          0
PSCL5 USEFUL LOAD PREFETCHES:          0 PREFETCH ISSUED TO LOWER LEVEL:          0  ACCURACY: -nan
PSCL5 TIMELY PREFETCHES:          0 LATE PREFETCHES: 0 DROPPED PREFETCHES: 0
PSCL5 PREFETCHES SAME FILL-ORIGIN LEVEL: 0 DIFFERENT FILL-ORIGIN LEVEL: 0

PSCL4 TOTAL     ACCESS:      83893  HIT:      83453  MISS:        440  HIT %:    99.4755  MISS %:   0.524478   MPKI: 0.0022
PSCL4 LOAD TRANSLATION ACCESS:      83893  HIT:      83453  MISS:        440  HIT %:    99.4755  MISS %:   0.524478   MPKI: 0.0022
PSCL4 PREFETCH  REQUESTED:          0  ISSUED:          0  USEFUL:          0  USELESS:          0
PSCL4 USEFUL LOAD PREFETCHES:          0 PREFETCH ISSUED TO LOWER LEVEL:          0  ACCURACY: -nan
PSCL4 TIMELY PREFETCHES:          0 LATE PREFETCHES: 0 DROPPED PREFETCHES: 0
PSCL4 PREFETCHES SAME FILL-ORIGIN LEVEL: 0 DIFFERENT FILL-ORIGIN LEVEL: 0

PSCL3 TOTAL     ACCESS:      78734  HIT:      65509  MISS:      13225  HIT %:    83.2029  MISS %:    16.7971   MPKI: 0.066125
PSCL3 LOAD TRANSLATION ACCESS:      78734  HIT:      65509  MISS:      13225  HIT %:    83.2029  MISS %:    16.7971   MPKI: 0.066125
PSCL3 PREFETCH  REQUESTED:          0  ISSUED:          0  USEFUL:          0  USELESS:          0
PSCL3 USEFUL LOAD PREFETCHES:          0 PREFETCH ISSUED TO LOWER LEVEL:          0  ACCURACY: -nan
PSCL3 TIMELY PREFETCHES:          0 LATE PREFETCHES: 0 DROPPED PREFETCHES: 0
PSCL3 PREFETCHES SAME FILL-ORIGIN LEVEL: 0 DIFFERENT FILL-ORIGIN LEVEL: 0

PSCL2 TOTAL     ACCESS:      84547  HIT:      49652  MISS:      34895  HIT %:    58.7271  MISS %:    41.2729   MPKI: 0.174475
PSCL2 LOAD TRANSLATION ACCESS:      84547  HIT:      49652  MISS:      34895  HIT %:    58.7271  MISS %:    41.2729   MPKI: 0.174475
PSCL2 PREFETCH  REQUESTED:          0  ISSUED:          0  USEFUL:          0  USELESS:          0
PSCL2 USEFUL LOAD PREFETCHES:          0 PREFETCH ISSUED TO LOWER LEVEL:          0  ACCURACY: -nan
PSCL2 TIMELY PREFETCHES:          0 LATE PREFETCHES: 0 DROPPED PREFETCHES: 0
PSCL2 PREFETCHES SAME FILL-ORIGIN LEVEL: 0 DIFFERENT FILL-ORIGIN LEVEL: 0

LLC TOTAL     ACCESS:     997141  HIT:     536168  MISS:     460973  HIT %:    53.7705  MISS %:    46.2295   MPKI: 2.30486
LLC LOAD      ACCESS:     190694  HIT:     103390  MISS:      87304  HIT %:    54.2178  MISS %:    45.7822   MPKI: 0.43652
LLC RFO       ACCESS:     151840  HIT:      88972  MISS:      62868  HIT %:    58.5959  MISS %:    41.4041   MPKI: 0.31434
LLC PREFETCH  ACCESS:     361547  HIT:     156999  MISS:     204548  HIT %:    43.4242  MISS %:    56.5758   MPKI: 1.02274
AGUS PREFETCH L1 MISS: 0
LLC WRITEBACK ACCESS:     265675  HIT:     168949  MISS:      96726  HIT %:    63.5924  MISS %:    36.4076   MPKI: 0.48363
LLC LOAD TRANSLATION ACCESS:      27385  HIT:      17858  MISS:       9527  HIT %:    65.2109  MISS %:    34.7891   MPKI: 0.047635
LLC PREFETCH  REQUESTED:          0  ISSUED:          0  USEFUL:       5833  USELESS:     110914
LLC USEFUL LOAD PREFETCHES:       5833 PREFETCH ISSUED TO LOWER LEVEL:     204632  ACCURACY: 2.85048
LLC TIMELY PREFETCHES:       5833 LATE PREFETCHES: 84 DROPPED PREFETCHES: 0
LLC PREFETCHES SAME FILL-ORIGIN LEVEL: 18572 DIFFERENT FILL-ORIGIN LEVEL: 0
LLC AVERAGE MISS LATENCY:    132.381 cycles AVERAGE LOAD MISS LATENCY:    164.317 cycles Load Miss      87304
LLC Average MSHR Occupancy:   0.156828
LLC RQ	ACCESS:     369920	FORWARD:          0	MERGED:          0	TO_CACHE:     369919
LLC WQ	ACCESS:     265675	FORWARD:          1	MERGED:          0	TO_CACHE:     265675
LLC PQ	ACCESS:     361738	FORWARD:          0	MERGED:         37	TO_CACHE:     361701

LLC Dense regions hint to LLC: 0

RAW hits: 4509355
Loads Generated: 48322022
Loads sent to L1D: 43812666
Stores Generated: 21212508
Stores sent to L1D: 21212508
Major fault: 0 Minor fault: 6400
Allocated PAGES: 6400
------------------
Depth Distribution
------------------
depth 0: 551868
depth 1: 2258617
depth 2: 502055
depth 3: 44147
depth 4: 4646
depth 5: 2868
depth 6: 3934
depth 7: 6987
depth 8: 1664
depth 9: 18
depth 10: 0
depth 11: 0
depth 12: 0
depth 13: 0
depth 14: 0
depth 15: 0
depth 16: 0
depth 17: 0
depth 18: 0
depth 19: 0
depth 20: 0
depth 21: 0
depth 22: 0
depth 23: 0
depth 24: 0
depth 25: 0
depth 26: 0
depth 27: 0
depth 28: 0
depth 29: 0
Total: 3376804
------------------
ST read accesses: 1385331
ST write accesses: 282710
PT read accesses: 22032890
PT write accesses: 1787827
FILTER read accesses: 6419897
FILTER write accesses: 4123685
GHR read accesses: 5787362
GHR write accesses: 471060
PERC read accesses: 131681736
PERC write accesses: 13082297
GHR counter read accesses: 3336082
GHR counter write accesses: 4309006
GHR ip read accesses: 11494359
GHR ip write accesses: 6672164
ST tag read accesses: 784990382
ST tag write accesses: 115597325
================ Mockingjay (LLC) Pollution Stats ================
Total pollution count in LLC: 45443
==================================================================

DRAM Statistics
 CHANNEL 0
 RQ ROW_BUFFER_HIT:     108629  ROW_BUFFER_MISS:     255618
 DBUS_CONGESTED:        566
 WQ ROW_BUFFER_HIT:      19673  ROW_BUFFER_MISS:     122408  FULL:          0

 AVG_CONGESTED_CYCLE: 4
 All warmup complete: 2
Channel 0 Bank busy for read cycles: 0
Channel 0 Bank busy for write cycles: 0
Channel 0
Rank 0
0banks busy for read cycles: 341049917
0banks busy for write cycles: 81177
1banks busy for read cycles: 21140111
1banks busy for write cycles: 11743259
2banks busy for read cycles: 5591030
2banks busy for write cycles: 2592184
3banks busy for read cycles: 1728091
3banks busy for write cycles: 754394
4banks busy for read cycles: 562814
4banks busy for write cycles: 255909
5banks busy for read cycles: 246058
5banks busy for write cycles: 121913
6banks busy for read cycles: 162431
6banks busy for write cycles: 87531
7banks busy for read cycles: 127024
7banks busy for write cycles: 116145
8banks busy for read cycles: 124341
8banks busy for write cycles: 330251

CPU 0 Branch Prediction Accuracy: 99.7254% MPKI: 0.49067 Average ROB Occupancy at Mispredict: 77.0425
Branch types
NOT_BRANCH: 164262612 82.1313%
BRANCH_DIRECT_JUMP: 3642009 1.821%
BRANCH_INDIRECT: 11988441 5.99422%
BRANCH_CONDITIONAL: 13622591 6.8113%
BRANCH_DIRECT_CALL: 2654062 1.32703%
BRANCH_INDIRECT_CALL: 588191 0.294096%
BRANCH_RETURN: 3242130 1.62106%
BRANCH_OTHER: 0 0%

===================== LRU L1D STATS =====================
Total pollution count in L1D: 0
=========================================================
================ SRRIP (L2C) Pollution Stats ================
Total pollution count in L2c: 399732
==================================================================
DRAM PAGES: 1048576
Allocated PAGES: 6400
