Initialize SIGNATURE TABLE
ST_SET: 1
ST_WAY: 256
ST_TAG_BIT: 16
ST_TAG_MASK: ffff

Initialize PATTERN TABLE
PT_SET: 512
PT_WAY: 4
SIG_DELTA_BIT: 7
C_SIG_BIT: 4
C_DELTA_BIT: 4

Initialize PREFETCH FILTER
FILTER_SET: 1024

Initialize PERCEPTRON
PERC_ENTRIES: 4096
PERC_FEATURES: 9

*** ChampSim Multicore Out-of-Order Simulator ***

Warmup Instructions: 200000000
Simulation Instructions: 200000000
Number of CPUs: 1
LLC sets: 4096
LLC ways: 12
Off-chip DRAM Size: 4096 MB Channels: 1 Width: 64-bit Data Rate: 6400 MT/s
CPU 0 runs /home1/sweta/traces/qualcomm_traces/srv_17.champsimtrace.xz
.xz
BTB has LRU replacement policy
ITLB has LRU replacement policy
DTLB has LRU replacement policy
STLB has LRU replacement policy
L1I has LRU replacement policy
L1D has LRU replacement policy
PERC_ENTRIES: 4096
Initialize SRRIP state for L2C
Initialize Mockingjay state for LLC
Heartbeat CPU 0 instructions: 10000004 cycles: 2051912 heartbeat IPC: 4.87351 cumulative IPC: 4.87351 (Simulation time: 0 hr 0 min 21 sec) 
Heartbeat CPU 0 instructions: 20000004 cycles: 4102607 heartbeat IPC: 4.8764 cumulative IPC: 4.87495 (Simulation time: 0 hr 0 min 42 sec) 
Heartbeat CPU 0 instructions: 30000007 cycles: 6153994 heartbeat IPC: 4.87475 cumulative IPC: 4.87488 (Simulation time: 0 hr 1 min 3 sec) 
*** Reached end of trace for Core: 0 Repeating trace: /home1/sweta/traces/qualcomm_traces/srv_17.champsimtrace.xz
Heartbeat CPU 0 instructions: 40000000 cycles: 8203289 heartbeat IPC: 4.87972 cumulative IPC: 4.87609 (Simulation time: 0 hr 1 min 26 sec) 
Heartbeat CPU 0 instructions: 50000005 cycles: 10253663 heartbeat IPC: 4.87716 cumulative IPC: 4.87631 (Simulation time: 0 hr 1 min 48 sec) 
Heartbeat CPU 0 instructions: 60000003 cycles: 12304502 heartbeat IPC: 4.87605 cumulative IPC: 4.87626 (Simulation time: 0 hr 2 min 9 sec) 
*** Reached end of trace for Core: 0 Repeating trace: /home1/sweta/traces/qualcomm_traces/srv_17.champsimtrace.xz
Heartbeat CPU 0 instructions: 70000000 cycles: 14354353 heartbeat IPC: 4.8784 cumulative IPC: 4.87657 (Simulation time: 0 hr 2 min 31 sec) 
Heartbeat CPU 0 instructions: 80000007 cycles: 16405454 heartbeat IPC: 4.87543 cumulative IPC: 4.87643 (Simulation time: 0 hr 2 min 53 sec) 
Heartbeat CPU 0 instructions: 90000000 cycles: 18456302 heartbeat IPC: 4.87603 cumulative IPC: 4.87638 (Simulation time: 0 hr 3 min 15 sec) 
*** Reached end of trace for Core: 0 Repeating trace: /home1/sweta/traces/qualcomm_traces/srv_17.champsimtrace.xz
Heartbeat CPU 0 instructions: 100000005 cycles: 20506200 heartbeat IPC: 4.87829 cumulative IPC: 4.87657 (Simulation time: 0 hr 3 min 37 sec) 
Heartbeat CPU 0 instructions: 110000001 cycles: 22558482 heartbeat IPC: 4.87262 cumulative IPC: 4.87621 (Simulation time: 0 hr 4 min 2 sec) 
Heartbeat CPU 0 instructions: 120000006 cycles: 24609478 heartbeat IPC: 4.87568 cumulative IPC: 4.87617 (Simulation time: 0 hr 4 min 30 sec) 
*** Reached end of trace for Core: 0 Repeating trace: /home1/sweta/traces/qualcomm_traces/srv_17.champsimtrace.xz
Heartbeat CPU 0 instructions: 130000006 cycles: 26659729 heartbeat IPC: 4.87745 cumulative IPC: 4.87627 (Simulation time: 0 hr 4 min 55 sec) 
Heartbeat CPU 0 instructions: 140000007 cycles: 28710520 heartbeat IPC: 4.87617 cumulative IPC: 4.87626 (Simulation time: 0 hr 5 min 20 sec) 
Heartbeat CPU 0 instructions: 150000002 cycles: 30761311 heartbeat IPC: 4.87616 cumulative IPC: 4.87626 (Simulation time: 0 hr 5 min 45 sec) 
*** Reached end of trace for Core: 0 Repeating trace: /home1/sweta/traces/qualcomm_traces/srv_17.champsimtrace.xz
Heartbeat CPU 0 instructions: 160000004 cycles: 32811712 heartbeat IPC: 4.8771 cumulative IPC: 4.87631 (Simulation time: 0 hr 6 min 11 sec) 
Heartbeat CPU 0 instructions: 170000004 cycles: 34861914 heartbeat IPC: 4.87757 cumulative IPC: 4.87638 (Simulation time: 0 hr 6 min 35 sec) 
Heartbeat CPU 0 instructions: 180000000 cycles: 36912165 heartbeat IPC: 4.87745 cumulative IPC: 4.87644 (Simulation time: 0 hr 7 min 0 sec) 
*** Reached end of trace for Core: 0 Repeating trace: /home1/sweta/traces/qualcomm_traces/srv_17.champsimtrace.xz
Heartbeat CPU 0 instructions: 190000007 cycles: 38963278 heartbeat IPC: 4.87541 cumulative IPC: 4.87639 (Simulation time: 0 hr 7 min 24 sec) 
Heartbeat CPU 0 instructions: 200000005 cycles: 41013165 heartbeat IPC: 4.87832 cumulative IPC: 4.87648 (Simulation time: 0 hr 7 min 51 sec) 

Warmup complete CPU 0 instructions: 200000005 cycles: 41013165 (Simulation time: 0 hr 7 min 51 sec) 

Heartbeat CPU 0 instructions: 210000001 cycles: 72408203 heartbeat IPC: 0.318522 cumulative IPC: 0.318522 (Simulation time: 0 hr 8 min 23 sec) 
*** Reached end of trace for Core: 0 Repeating trace: /home1/sweta/traces/qualcomm_traces/srv_17.champsimtrace.xz
Heartbeat CPU 0 instructions: 220000007 cycles: 103740449 heartbeat IPC: 0.31916 cumulative IPC: 0.318841 (Simulation time: 0 hr 8 min 55 sec) 
Heartbeat CPU 0 instructions: 230000000 cycles: 135084260 heartbeat IPC: 0.319042 cumulative IPC: 0.318908 (Simulation time: 0 hr 9 min 26 sec) 
Heartbeat CPU 0 instructions: 240000005 cycles: 166431603 heartbeat IPC: 0.319006 cumulative IPC: 0.318932 (Simulation time: 0 hr 9 min 57 sec) 
Heartbeat CPU 0 instructions: 250000006 cycles: 197776085 heartbeat IPC: 0.319035 cumulative IPC: 0.318953 (Simulation time: 0 hr 10 min 28 sec) 
*** Reached end of trace for Core: 0 Repeating trace: /home1/sweta/traces/qualcomm_traces/srv_17.champsimtrace.xz
Heartbeat CPU 0 instructions: 260000000 cycles: 229104135 heartbeat IPC: 0.319203 cumulative IPC: 0.318995 (Simulation time: 0 hr 11 min 0 sec) 
Heartbeat CPU 0 instructions: 270000000 cycles: 260439653 heartbeat IPC: 0.319127 cumulative IPC: 0.319013 (Simulation time: 0 hr 11 min 36 sec) 
Heartbeat CPU 0 instructions: 280000002 cycles: 291779171 heartbeat IPC: 0.319086 cumulative IPC: 0.319023 (Simulation time: 0 hr 12 min 7 sec) 
*** Reached end of trace for Core: 0 Repeating trace: /home1/sweta/traces/qualcomm_traces/srv_17.champsimtrace.xz
Heartbeat CPU 0 instructions: 290000002 cycles: 323098049 heartbeat IPC: 0.319296 cumulative IPC: 0.319053 (Simulation time: 0 hr 12 min 38 sec) 
Heartbeat CPU 0 instructions: 300000000 cycles: 354441205 heartbeat IPC: 0.319049 cumulative IPC: 0.319052 (Simulation time: 0 hr 13 min 10 sec) 
Heartbeat CPU 0 instructions: 310000001 cycles: 385780876 heartbeat IPC: 0.319084 cumulative IPC: 0.319055 (Simulation time: 0 hr 13 min 42 sec) 
*** Reached end of trace for Core: 0 Repeating trace: /home1/sweta/traces/qualcomm_traces/srv_17.champsimtrace.xz
Heartbeat CPU 0 instructions: 320000000 cycles: 417111941 heartbeat IPC: 0.319172 cumulative IPC: 0.319065 (Simulation time: 0 hr 14 min 15 sec) 
Heartbeat CPU 0 instructions: 330000001 cycles: 448439723 heartbeat IPC: 0.319206 cumulative IPC: 0.319076 (Simulation time: 0 hr 14 min 47 sec) 
Heartbeat CPU 0 instructions: 340000001 cycles: 479790288 heartbeat IPC: 0.318974 cumulative IPC: 0.319069 (Simulation time: 0 hr 15 min 18 sec) 
*** Reached end of trace for Core: 0 Repeating trace: /home1/sweta/traces/qualcomm_traces/srv_17.champsimtrace.xz
Heartbeat CPU 0 instructions: 350000003 cycles: 511104937 heartbeat IPC: 0.319339 cumulative IPC: 0.319087 (Simulation time: 0 hr 15 min 50 sec) 
Heartbeat CPU 0 instructions: 360000000 cycles: 542434395 heartbeat IPC: 0.319188 cumulative IPC: 0.319093 (Simulation time: 0 hr 16 min 22 sec) 
Heartbeat CPU 0 instructions: 370000001 cycles: 573776079 heartbeat IPC: 0.319064 cumulative IPC: 0.319091 (Simulation time: 0 hr 16 min 54 sec) 
*** Reached end of trace for Core: 0 Repeating trace: /home1/sweta/traces/qualcomm_traces/srv_17.champsimtrace.xz
Heartbeat CPU 0 instructions: 380000000 cycles: 605094977 heartbeat IPC: 0.319296 cumulative IPC: 0.319103 (Simulation time: 0 hr 17 min 26 sec) 
Heartbeat CPU 0 instructions: 390000002 cycles: 636431122 heartbeat IPC: 0.31912 cumulative IPC: 0.319104 (Simulation time: 0 hr 17 min 57 sec) 
Heartbeat CPU 0 instructions: 400000004 cycles: 667762717 heartbeat IPC: 0.319167 cumulative IPC: 0.319107 (Simulation time: 0 hr 18 min 28 sec) 
Finished CPU 0 instructions: 200000005 cycles: 626749553 cumulative IPC: 0.319107 (Simulation time: 0 hr 18 min 28 sec) 

ChampSim completed all CPUs

Region of Interest Statistics

CPU 0 cumulative IPC: 0.319107 instructions: 200000005 cycles: 626749553
ITLB TOTAL     ACCESS:   25899293  HIT:   23483039  MISS:    2416254  HIT %:    90.6706  MISS %:    9.32942   MPKI: 12.0813
ITLB LOAD TRANSLATION ACCESS:   25899293  HIT:   23483039  MISS:    2416254  HIT %:    90.6706  MISS %:    9.32942   MPKI: 12.0813
ITLB PREFETCH  REQUESTED:          0  ISSUED:          0  USEFUL:          0  USELESS:          0
ITLB USEFUL LOAD PREFETCHES:          0 PREFETCH ISSUED TO LOWER LEVEL:          0  ACCURACY: -nan
ITLB TIMELY PREFETCHES:          0 LATE PREFETCHES: 0 DROPPED PREFETCHES: 0
ITLB PREFETCHES SAME FILL-ORIGIN LEVEL: 0 DIFFERENT FILL-ORIGIN LEVEL: 0
ITLB AVERAGE MISS LATENCY:    9.00375 cycles AVERAGE LOAD MISS LATENCY:       -nan cycles Load Miss          0
ITLB Average MSHR Occupancy:  0.0309097
ITLB RQ	ACCESS:   31773989	FORWARD:          0	MERGED:    4537369	TO_CACHE:   27236620

DTLB TOTAL     ACCESS:   41852625  HIT:   39888932  MISS:    1963693  HIT %:    95.3081  MISS %:    4.69192   MPKI: 9.81846
DTLB LOAD TRANSLATION ACCESS:   41852625  HIT:   39888932  MISS:    1963693  HIT %:    95.3081  MISS %:    4.69192   MPKI: 9.81846
DTLB PREFETCH  REQUESTED:          0  ISSUED:          0  USEFUL:          0  USELESS:          0
DTLB USEFUL LOAD PREFETCHES:          0 PREFETCH ISSUED TO LOWER LEVEL:          0  ACCURACY: -nan
DTLB TIMELY PREFETCHES:          0 LATE PREFETCHES: 0 DROPPED PREFETCHES: 0
DTLB PREFETCHES SAME FILL-ORIGIN LEVEL: 0 DIFFERENT FILL-ORIGIN LEVEL: 0
DTLB AVERAGE MISS LATENCY:       9.04 cycles AVERAGE LOAD MISS LATENCY:       -nan cycles Load Miss          0
DTLB Average MSHR Occupancy:  0.0255934
DTLB RQ	ACCESS:   59007614	FORWARD:          0	MERGED:   17105228	TO_CACHE:   41902386

STLB TOTAL     ACCESS:    4379947  HIT:    4378455  MISS:       1492  HIT %:    99.9659  MISS %:  0.0340643   MPKI: 0.00746
STLB LOAD TRANSLATION ACCESS:    4379947  HIT:    4378455  MISS:       1492  HIT %:    99.9659  MISS %:  0.0340643   MPKI: 0.00746
STLB PREFETCH  REQUESTED:          0  ISSUED:          0  USEFUL:          0  USELESS:          0
STLB USEFUL LOAD PREFETCHES:          0 PREFETCH ISSUED TO LOWER LEVEL:          0  ACCURACY: -nan
STLB TIMELY PREFETCHES:          0 LATE PREFETCHES: 0 DROPPED PREFETCHES: 0
STLB PREFETCHES SAME FILL-ORIGIN LEVEL: 0 DIFFERENT FILL-ORIGIN LEVEL: 0
STLB AVERAGE MISS LATENCY:    20.2969 cycles AVERAGE LOAD MISS LATENCY:       -nan cycles Load Miss          0
STLB Average MSHR Occupancy: 5.59809e-05
STLB RQ	ACCESS:    4379947	FORWARD:          0	MERGED:          0	TO_CACHE:    4379947

STLB Hit, L1D data hit: 0
STLB Hit, L2C data hit: 0
STLB Hit, LLC data hit: 0
STLB Hit, LLC data miss: 0
STLB STLB hints to L2: 0
L1D TOTAL     ACCESS:   57040602  HIT:   52658384  MISS:    4382218  HIT %:    92.3174  MISS %:    7.68263   MPKI: 21.9111
L1D LOAD      ACCESS:   31272152  HIT:   28054552  MISS:    3217600  HIT %:     89.711  MISS %:     10.289   MPKI: 16.088
L1D RFO       ACCESS:   25768450  HIT:   24603832  MISS:    1164618  HIT %:    95.4804  MISS %:    4.51955   MPKI: 5.82309
L1D PREFETCH  REQUESTED:          0  ISSUED:          0  USEFUL:          0  USELESS:          0
L1D USEFUL LOAD PREFETCHES:          0 PREFETCH ISSUED TO LOWER LEVEL:          0  ACCURACY: -nan
L1D TIMELY PREFETCHES:          0 LATE PREFETCHES: 0 DROPPED PREFETCHES: 0
L1D PREFETCHES SAME FILL-ORIGIN LEVEL: 0 DIFFERENT FILL-ORIGIN LEVEL: 0
L1D AVERAGE MISS LATENCY:    15.0881 cycles AVERAGE LOAD MISS LATENCY:    15.0977 cycles Load Miss    3217600
L1D Average MSHR Occupancy:   0.113377
L1D RQ	ACCESS:   44514909	FORWARD:          0	MERGED:   13012528	TO_CACHE:   31336306
L1D WQ	ACCESS:   27962363	FORWARD:     166075	MERGED:     291055	TO_CACHE:   27671308

L1D UNIQUE REGIONS ACCESSED: 0
L1D REGIONS CONFLICTS: 0
L1D Cross Page Prefetch Requests: 0
L1D Same Page Prefetch Requests: 0
L1D ROI Sum of L1D PQ occupancy: 0
L1D PREFETCHES PUSHED FROM L2C: 0
L1I TOTAL     ACCESS:   31528685  HIT:   10560050  MISS:   20968635  HIT %:    33.4935  MISS %:    66.5065   MPKI: 104.843
L1I LOAD      ACCESS:   31528685  HIT:   10560050  MISS:   20968635  HIT %:    33.4935  MISS %:    66.5065   MPKI: 104.843
L1I PREFETCH  REQUESTED:          0  ISSUED:          0  USEFUL:          0  USELESS:          0
L1I USEFUL LOAD PREFETCHES:          0 PREFETCH ISSUED TO LOWER LEVEL:          0  ACCURACY: -nan
L1I TIMELY PREFETCHES:          0 LATE PREFETCHES: 0 DROPPED PREFETCHES: 0
L1I PREFETCHES SAME FILL-ORIGIN LEVEL: 0 DIFFERENT FILL-ORIGIN LEVEL: 0
L1I AVERAGE MISS LATENCY:    14.1353 cycles AVERAGE LOAD MISS LATENCY:    14.1353 cycles Load Miss   20968635
L1I Average MSHR Occupancy:   0.464065
L1I RQ	ACCESS:   50306283	FORWARD:          0	MERGED:   18532294	TO_CACHE:   31773989

BTB TOTAL     ACCESS:   30221647  HIT:   16757120  MISS:   13464527  HIT %:    55.4474  MISS %:    44.5526   MPKI: 67.3226
BTB BRANCH_DIRECT_JUMP	ACCESS:    1952561  HIT:    1081660  MISS:     870901
BTB BRANCH_INDIRECT	ACCESS:   12737396  HIT:    7604768  MISS:    5132628
BTB BRANCH_CONDITIONAL	ACCESS:    5645357  HIT:    4272707  MISS:    1372650
BTB BRANCH_DIRECT_CALL	ACCESS:    4153530  HIT:    1949632  MISS:    2203898
BTB BRANCH_INDIRECT_CALL	ACCESS:     789658  HIT:     387855  MISS:     401803
BTB BRANCH_RETURN	ACCESS:    4943145  HIT:    1460498  MISS:    3482647
BTB BRANCH_OTHER ACCESS:          0  HIT:          0  MISS:          0

L2C TOTAL     ACCESS:   34128380  HIT:   34116159  MISS:      12221  HIT %:    99.9642  MISS %:  0.0358089   MPKI: 0.061105
L2C LOAD      ACCESS:   24186234  HIT:   24183258  MISS:       2976  HIT %:    99.9877  MISS %:  0.0123045   MPKI: 0.01488
L2C DATA LOAD MPKI: 0.012755
L2C INSTRUCTION LOAD MPKI: 0.002125
L2C RFO       ACCESS:    1164618  HIT:    1164570  MISS:         48  HIT %:    99.9959  MISS %: 0.00412152   MPKI: 0.00024
L2C PREFETCH  ACCESS:    6503770  HIT:    6494633  MISS:       9137  HIT %:    99.8595  MISS %:   0.140488   MPKI: 0.045685
AGUS PREFETCH L1 MISS: 0
L2C DATA PREFETCH MPKI: 0.045685
L2C INSTRUCTION PREFETCH MPKI: 0
L2C WRITEBACK ACCESS:    2272266  HIT:    2272249  MISS:         17  HIT %:    99.9993  MISS %: 0.000748152   MPKI: 8.5e-05
L2C LOAD TRANSLATION ACCESS:       1492  HIT:       1449  MISS:         43  HIT %:     97.118  MISS %:    2.88204   MPKI: 0.000215
L2C PREFETCH  REQUESTED:    6505881  ISSUED:    6505787  USEFUL:        624  USELESS:       6505
L2C USEFUL LOAD PREFETCHES:        624 PREFETCH ISSUED TO LOWER LEVEL:      10496  ACCURACY: 5.94512
L2C TIMELY PREFETCHES:        624 LATE PREFETCHES: 1354 DROPPED PREFETCHES: 0
L2C PREFETCHES SAME FILL-ORIGIN LEVEL: 10491 DIFFERENT FILL-ORIGIN LEVEL: 5
L2C AVERAGE MISS LATENCY:    98.8309 cycles AVERAGE LOAD MISS LATENCY:    40.1415 cycles Load Miss       2976
L2C Average MSHR Occupancy:  0.0019833
L2C RQ	ACCESS:   25352345	FORWARD:          0	MERGED:          0	TO_CACHE:   25352345
L2C WQ	ACCESS:    2272266	FORWARD:         10	MERGED:          0	TO_CACHE:    2272266
L2C PQ	ACCESS:    6505787	FORWARD:          0	MERGED:        123	TO_CACHE:    6505654

L2C Instructions Evicting Data 282
L2C Translations Evicting Data 42
L2C Data Evicting Data 9499
L2C Instructions Evicting Instructions 137
L2C Translations Evicting Instructions 1
L2C Data Evicting Instructions 286
L2C Instructions Evicting Translations 6
L2C Translations Evicting Translations 0
L2C Data Evicting Translations 137
L2C Dense regions hint from L2: 0
PSCL5 TOTAL     ACCESS:       1492  HIT:       1492  MISS:          0  HIT %:        100  MISS %:          0   MPKI: 0
PSCL5 LOAD TRANSLATION ACCESS:       1492  HIT:       1492  MISS:          0  HIT %:        100  MISS %:          0   MPKI: 0
PSCL5 PREFETCH  REQUESTED:          0  ISSUED:          0  USEFUL:          0  USELESS:          0
PSCL5 USEFUL LOAD PREFETCHES:          0 PREFETCH ISSUED TO LOWER LEVEL:          0  ACCURACY: -nan
PSCL5 TIMELY PREFETCHES:          0 LATE PREFETCHES: 0 DROPPED PREFETCHES: 0
PSCL5 PREFETCHES SAME FILL-ORIGIN LEVEL: 0 DIFFERENT FILL-ORIGIN LEVEL: 0

PSCL4 TOTAL     ACCESS:       1486  HIT:       1486  MISS:          0  HIT %:        100  MISS %:          0   MPKI: 0
PSCL4 LOAD TRANSLATION ACCESS:       1486  HIT:       1486  MISS:          0  HIT %:        100  MISS %:          0   MPKI: 0
PSCL4 PREFETCH  REQUESTED:          0  ISSUED:          0  USEFUL:          0  USELESS:          0
PSCL4 USEFUL LOAD PREFETCHES:          0 PREFETCH ISSUED TO LOWER LEVEL:          0  ACCURACY: -nan
PSCL4 TIMELY PREFETCHES:          0 LATE PREFETCHES: 0 DROPPED PREFETCHES: 0
PSCL4 PREFETCHES SAME FILL-ORIGIN LEVEL: 0 DIFFERENT FILL-ORIGIN LEVEL: 0

PSCL3 TOTAL     ACCESS:       1486  HIT:       1486  MISS:          0  HIT %:        100  MISS %:          0   MPKI: 0
PSCL3 LOAD TRANSLATION ACCESS:       1486  HIT:       1486  MISS:          0  HIT %:        100  MISS %:          0   MPKI: 0
PSCL3 PREFETCH  REQUESTED:          0  ISSUED:          0  USEFUL:          0  USELESS:          0
PSCL3 USEFUL LOAD PREFETCHES:          0 PREFETCH ISSUED TO LOWER LEVEL:          0  ACCURACY: -nan
PSCL3 TIMELY PREFETCHES:          0 LATE PREFETCHES: 0 DROPPED PREFETCHES: 0
PSCL3 PREFETCHES SAME FILL-ORIGIN LEVEL: 0 DIFFERENT FILL-ORIGIN LEVEL: 0

PSCL2 TOTAL     ACCESS:       1492  HIT:       1492  MISS:          0  HIT %:        100  MISS %:          0   MPKI: 0
PSCL2 LOAD TRANSLATION ACCESS:       1492  HIT:       1492  MISS:          0  HIT %:        100  MISS %:          0   MPKI: 0
PSCL2 PREFETCH  REQUESTED:          0  ISSUED:          0  USEFUL:          0  USELESS:          0
PSCL2 USEFUL LOAD PREFETCHES:          0 PREFETCH ISSUED TO LOWER LEVEL:          0  ACCURACY: -nan
PSCL2 TIMELY PREFETCHES:          0 LATE PREFETCHES: 0 DROPPED PREFETCHES: 0
PSCL2 PREFETCHES SAME FILL-ORIGIN LEVEL: 0 DIFFERENT FILL-ORIGIN LEVEL: 0

LLC TOTAL     ACCESS:      12306  HIT:       8581  MISS:       3725  HIT %:    69.7302  MISS %:    30.2698   MPKI: 0.018625
LLC LOAD      ACCESS:       1623  HIT:       1616  MISS:          7  HIT %:    99.5687  MISS %:     0.4313   MPKI: 3.5e-05
LLC RFO       ACCESS:         47  HIT:         47  MISS:          0  HIT %:        100  MISS %:          0   MPKI: 0
LLC PREFETCH  ACCESS:      10496  HIT:       6778  MISS:       3718  HIT %:     64.577  MISS %:     35.423   MPKI: 0.01859
AGUS PREFETCH L1 MISS: 0
LLC WRITEBACK ACCESS:         97  HIT:         97  MISS:          0  HIT %:        100  MISS %:          0   MPKI: 0
LLC LOAD TRANSLATION ACCESS:         43  HIT:         43  MISS:          0  HIT %:        100  MISS %:          0   MPKI: 0
LLC PREFETCH  REQUESTED:          0  ISSUED:          0  USEFUL:         58  USELESS:        108
LLC USEFUL LOAD PREFETCHES:         58 PREFETCH ISSUED TO LOWER LEVEL:       3718  ACCURACY: 1.55998
LLC TIMELY PREFETCHES:         58 LATE PREFETCHES: 0 DROPPED PREFETCHES: 0
LLC PREFETCHES SAME FILL-ORIGIN LEVEL: 0 DIFFERENT FILL-ORIGIN LEVEL: 0
LLC AVERAGE MISS LATENCY:    181.223 cycles AVERAGE LOAD MISS LATENCY:        185 cycles Load Miss          7
LLC Average MSHR Occupancy: 0.00107113
LLC RQ	ACCESS:       1713	FORWARD:          0	MERGED:          0	TO_CACHE:       1713
LLC WQ	ACCESS:         97	FORWARD:          0	MERGED:          0	TO_CACHE:         97
LLC PQ	ACCESS:      10496	FORWARD:          0	MERGED:          0	TO_CACHE:      10496

LLC Dense regions hint to LLC: 0

RAW hits: 4148420
Loads Generated: 48663327
Loads sent to L1D: 44514909
Stores Generated: 27962362
Stores sent to L1D: 27962363
Major fault: 0 Minor fault: 1253
Allocated PAGES: 1253
------------------
Depth Distribution
------------------
depth 0: 834995
depth 1: 545307
depth 2: 4758178
depth 3: 322328
depth 4: 119
depth 5: 4
depth 6: 0
depth 7: 0
depth 8: 0
depth 9: 0
depth 10: 0
depth 11: 0
depth 12: 0
depth 13: 0
depth 14: 0
depth 15: 0
depth 16: 0
depth 17: 0
depth 18: 0
depth 19: 0
depth 20: 0
depth 21: 0
depth 22: 0
depth 23: 0
depth 24: 0
depth 25: 0
depth 26: 0
depth 27: 0
depth 28: 0
depth 29: 0
Total: 6460931
------------------
ST read accesses: 2507386
ST write accesses: 710214
PT read accesses: 50972245
PT write accesses: 3212380
FILTER read accesses: 15014254
FILTER write accesses: 7913913
GHR read accesses: 20431428
GHR write accesses: 2015004
PERC read accesses: 346861134
PERC write accesses: 12627861
GHR counter read accesses: 6435200
GHR counter write accesses: 11090085
GHR ip read accesses: 29190228
GHR ip write accesses: 12870400
ST tag read accesses: 1574867057
ST tag write accesses: 272133638
================ Mockingjay (LLC) Pollution Stats ================
Total pollution count in LLC: 12
==================================================================

DRAM Statistics
 CHANNEL 0
 RQ ROW_BUFFER_HIT:        235  ROW_BUFFER_MISS:       3490
 DBUS_CONGESTED:          0
 WQ ROW_BUFFER_HIT:          0  ROW_BUFFER_MISS:          1  FULL:          0

 AVG_CONGESTED_CYCLE: -
 All warmup complete: 2
Channel 0 Bank busy for read cycles: 0
Channel 0 Bank busy for write cycles: 0
Channel 0
Rank 0
0banks busy for read cycles: 626297036
0banks busy for write cycles: 1
1banks busy for read cycles: 390470
1banks busy for write cycles: 150
2banks busy for read cycles: 47166
2banks busy for write cycles: 0
3banks busy for read cycles: 10103
3banks busy for write cycles: 0
4banks busy for read cycles: 3123
4banks busy for write cycles: 0
5banks busy for read cycles: 1383
5banks busy for write cycles: 0
6banks busy for read cycles: 122
6banks busy for write cycles: 0
7banks busy for read cycles: 0
7banks busy for write cycles: 0
8banks busy for read cycles: 0
8banks busy for write cycles: 0

CPU 0 Branch Prediction Accuracy: 99.9226% MPKI: 0.13739 Average ROB Occupancy at Mispredict: 17.3056
Branch types
NOT_BRANCH: 164491914 82.246%
BRANCH_DIRECT_JUMP: 1952561 0.97628%
BRANCH_INDIRECT: 12737396 6.3687%
BRANCH_CONDITIONAL: 10931335 5.46567%
BRANCH_DIRECT_CALL: 4153530 2.07676%
BRANCH_INDIRECT_CALL: 789658 0.394829%
BRANCH_RETURN: 4943145 2.47157%
BRANCH_OTHER: 0 0%

===================== LRU L1D STATS =====================
Total pollution count in L1D: 0
=========================================================
================ SRRIP (L2C) Pollution Stats ================
Total pollution count in L2c: 5153
==================================================================
DRAM PAGES: 1048576
Allocated PAGES: 1253
