Initialize SIGNATURE TABLE
ST_SET: 1
ST_WAY: 256
ST_TAG_BIT: 16
ST_TAG_MASK: ffff

Initialize PATTERN TABLE
PT_SET: 512
PT_WAY: 4
SIG_DELTA_BIT: 7
C_SIG_BIT: 4
C_DELTA_BIT: 4

Initialize PREFETCH FILTER
FILTER_SET: 1024

Initialize PERCEPTRON
PERC_ENTRIES: 4096
PERC_FEATURES: 9

*** ChampSim Multicore Out-of-Order Simulator ***

Warmup Instructions: 200000000
Simulation Instructions: 200000000
Number of CPUs: 1
LLC sets: 4096
LLC ways: 12
Off-chip DRAM Size: 4096 MB Channels: 1 Width: 64-bit Data Rate: 6400 MT/s
CPU 0 runs /home1/sweta/traces/qualcomm_traces/srv_66.champsimtrace.xz
.xz
BTB has LRU replacement policy
ITLB has LRU replacement policy
DTLB has LRU replacement policy
STLB has LRU replacement policy
L1I has LRU replacement policy
L1D has LRU replacement policy
PERC_ENTRIES: 4096
Initialize SRRIP state for L2C
Initialize Mockingjay state for LLC
Heartbeat CPU 0 instructions: 10000000 cycles: 1916841 heartbeat IPC: 5.21692 cumulative IPC: 5.21692 (Simulation time: 0 hr 0 min 25 sec) 
Heartbeat CPU 0 instructions: 20000003 cycles: 3827940 heartbeat IPC: 5.23259 cumulative IPC: 5.22474 (Simulation time: 0 hr 0 min 47 sec) 
Heartbeat CPU 0 instructions: 30000006 cycles: 5740847 heartbeat IPC: 5.22765 cumulative IPC: 5.22571 (Simulation time: 0 hr 1 min 10 sec) 
*** Reached end of trace for Core: 0 Repeating trace: /home1/sweta/traces/qualcomm_traces/srv_66.champsimtrace.xz
Heartbeat CPU 0 instructions: 40000001 cycles: 7657685 heartbeat IPC: 5.21692 cumulative IPC: 5.22351 (Simulation time: 0 hr 1 min 33 sec) 
Heartbeat CPU 0 instructions: 50000005 cycles: 9568484 heartbeat IPC: 5.23342 cumulative IPC: 5.22549 (Simulation time: 0 hr 1 min 55 sec) 
Heartbeat CPU 0 instructions: 60000004 cycles: 11482343 heartbeat IPC: 5.22504 cumulative IPC: 5.22541 (Simulation time: 0 hr 2 min 17 sec) 
*** Reached end of trace for Core: 0 Repeating trace: /home1/sweta/traces/qualcomm_traces/srv_66.champsimtrace.xz
Heartbeat CPU 0 instructions: 70000001 cycles: 13398187 heartbeat IPC: 5.21963 cumulative IPC: 5.22459 (Simulation time: 0 hr 2 min 39 sec) 
Heartbeat CPU 0 instructions: 80000003 cycles: 15309489 heartbeat IPC: 5.23204 cumulative IPC: 5.22552 (Simulation time: 0 hr 3 min 0 sec) 
Heartbeat CPU 0 instructions: 90000000 cycles: 17223484 heartbeat IPC: 5.22467 cumulative IPC: 5.22542 (Simulation time: 0 hr 3 min 22 sec) 
*** Reached end of trace for Core: 0 Repeating trace: /home1/sweta/traces/qualcomm_traces/srv_66.champsimtrace.xz
Heartbeat CPU 0 instructions: 100000001 cycles: 19140167 heartbeat IPC: 5.21735 cumulative IPC: 5.22462 (Simulation time: 0 hr 3 min 43 sec) 
Heartbeat CPU 0 instructions: 110000000 cycles: 21051649 heartbeat IPC: 5.23154 cumulative IPC: 5.22524 (Simulation time: 0 hr 4 min 5 sec) 
Heartbeat CPU 0 instructions: 120000007 cycles: 22964325 heartbeat IPC: 5.22828 cumulative IPC: 5.2255 (Simulation time: 0 hr 4 min 27 sec) 
*** Reached end of trace for Core: 0 Repeating trace: /home1/sweta/traces/qualcomm_traces/srv_66.champsimtrace.xz
Heartbeat CPU 0 instructions: 130000006 cycles: 24879242 heartbeat IPC: 5.22216 cumulative IPC: 5.22524 (Simulation time: 0 hr 4 min 49 sec) 
Heartbeat CPU 0 instructions: 140000005 cycles: 26792015 heartbeat IPC: 5.22801 cumulative IPC: 5.22544 (Simulation time: 0 hr 5 min 10 sec) 
Heartbeat CPU 0 instructions: 150000003 cycles: 28704914 heartbeat IPC: 5.22767 cumulative IPC: 5.22559 (Simulation time: 0 hr 5 min 31 sec) 
*** Reached end of trace for Core: 0 Repeating trace: /home1/sweta/traces/qualcomm_traces/srv_66.champsimtrace.xz
Heartbeat CPU 0 instructions: 160000005 cycles: 30617638 heartbeat IPC: 5.22815 cumulative IPC: 5.22575 (Simulation time: 0 hr 5 min 53 sec) 
Heartbeat CPU 0 instructions: 170000005 cycles: 32533040 heartbeat IPC: 5.22084 cumulative IPC: 5.22546 (Simulation time: 0 hr 6 min 14 sec) 
Heartbeat CPU 0 instructions: 180000000 cycles: 34445859 heartbeat IPC: 5.22788 cumulative IPC: 5.22559 (Simulation time: 0 hr 6 min 35 sec) 
*** Reached end of trace for Core: 0 Repeating trace: /home1/sweta/traces/qualcomm_traces/srv_66.champsimtrace.xz
Heartbeat CPU 0 instructions: 190000004 cycles: 36358252 heartbeat IPC: 5.22905 cumulative IPC: 5.22577 (Simulation time: 0 hr 6 min 56 sec) 
Heartbeat CPU 0 instructions: 200000004 cycles: 38273855 heartbeat IPC: 5.22029 cumulative IPC: 5.2255 (Simulation time: 0 hr 7 min 17 sec) 

Warmup complete CPU 0 instructions: 200000004 cycles: 38273855 (Simulation time: 0 hr 7 min 17 sec) 

Heartbeat CPU 0 instructions: 210000007 cycles: 53501572 heartbeat IPC: 0.656697 cumulative IPC: 0.656697 (Simulation time: 0 hr 7 min 44 sec) 
*** Reached end of trace for Core: 0 Repeating trace: /home1/sweta/traces/qualcomm_traces/srv_66.champsimtrace.xz
Heartbeat CPU 0 instructions: 220000001 cycles: 68640180 heartbeat IPC: 0.660562 cumulative IPC: 0.658624 (Simulation time: 0 hr 8 min 10 sec) 
Heartbeat CPU 0 instructions: 230000004 cycles: 83708514 heartbeat IPC: 0.663644 cumulative IPC: 0.660289 (Simulation time: 0 hr 8 min 37 sec) 
Heartbeat CPU 0 instructions: 240000001 cycles: 98856483 heartbeat IPC: 0.660154 cumulative IPC: 0.660255 (Simulation time: 0 hr 9 min 3 sec) 
*** Reached end of trace for Core: 0 Repeating trace: /home1/sweta/traces/qualcomm_traces/srv_66.champsimtrace.xz
Heartbeat CPU 0 instructions: 250000000 cycles: 113824504 heartbeat IPC: 0.668091 cumulative IPC: 0.661808 (Simulation time: 0 hr 9 min 30 sec) 
Heartbeat CPU 0 instructions: 260000006 cycles: 129107313 heartbeat IPC: 0.65433 cumulative IPC: 0.66055 (Simulation time: 0 hr 9 min 57 sec) 
Heartbeat CPU 0 instructions: 270000000 cycles: 143936323 heartbeat IPC: 0.674353 cumulative IPC: 0.662487 (Simulation time: 0 hr 10 min 23 sec) 
*** Reached end of trace for Core: 0 Repeating trace: /home1/sweta/traces/qualcomm_traces/srv_66.champsimtrace.xz
Heartbeat CPU 0 instructions: 280000001 cycles: 159107735 heartbeat IPC: 0.659135 cumulative IPC: 0.662066 (Simulation time: 0 hr 10 min 49 sec) 
Heartbeat CPU 0 instructions: 290000001 cycles: 174313445 heartbeat IPC: 0.657648 cumulative IPC: 0.661572 (Simulation time: 0 hr 11 min 15 sec) 
Heartbeat CPU 0 instructions: 300000002 cycles: 189239242 heartbeat IPC: 0.669981 cumulative IPC: 0.662403 (Simulation time: 0 hr 11 min 41 sec) 
*** Reached end of trace for Core: 0 Repeating trace: /home1/sweta/traces/qualcomm_traces/srv_66.champsimtrace.xz
Heartbeat CPU 0 instructions: 310000001 cycles: 204042050 heartbeat IPC: 0.675547 cumulative IPC: 0.663577 (Simulation time: 0 hr 12 min 8 sec) 
Heartbeat CPU 0 instructions: 320000000 cycles: 219504838 heartbeat IPC: 0.646714 cumulative IPC: 0.662138 (Simulation time: 0 hr 12 min 34 sec) 
Heartbeat CPU 0 instructions: 330000001 cycles: 234342319 heartbeat IPC: 0.673969 cumulative IPC: 0.663034 (Simulation time: 0 hr 12 min 59 sec) 
*** Reached end of trace for Core: 0 Repeating trace: /home1/sweta/traces/qualcomm_traces/srv_66.champsimtrace.xz
Heartbeat CPU 0 instructions: 340000003 cycles: 249305264 heartbeat IPC: 0.668318 cumulative IPC: 0.663408 (Simulation time: 0 hr 13 min 23 sec) 
Heartbeat CPU 0 instructions: 350000003 cycles: 264709973 heartbeat IPC: 0.649152 cumulative IPC: 0.662439 (Simulation time: 0 hr 13 min 47 sec) 
Heartbeat CPU 0 instructions: 360000000 cycles: 279528207 heartbeat IPC: 0.674844 cumulative IPC: 0.6632 (Simulation time: 0 hr 14 min 10 sec) 
Heartbeat CPU 0 instructions: 370000000 cycles: 294586864 heartbeat IPC: 0.66407 cumulative IPC: 0.663252 (Simulation time: 0 hr 14 min 34 sec) 
*** Reached end of trace for Core: 0 Repeating trace: /home1/sweta/traces/qualcomm_traces/srv_66.champsimtrace.xz
Heartbeat CPU 0 instructions: 380000000 cycles: 309917592 heartbeat IPC: 0.652285 cumulative IPC: 0.662633 (Simulation time: 0 hr 14 min 58 sec) 
Heartbeat CPU 0 instructions: 390000002 cycles: 324722510 heartbeat IPC: 0.675451 cumulative IPC: 0.663295 (Simulation time: 0 hr 15 min 21 sec) 
Heartbeat CPU 0 instructions: 400000000 cycles: 339513148 heartbeat IPC: 0.676103 cumulative IPC: 0.663924 (Simulation time: 0 hr 15 min 45 sec) 
Finished CPU 0 instructions: 200000001 cycles: 301239294 cumulative IPC: 0.663924 (Simulation time: 0 hr 15 min 45 sec) 

ChampSim completed all CPUs

Region of Interest Statistics

CPU 0 cumulative IPC: 0.663924 instructions: 200000001 cycles: 301239294
ITLB TOTAL     ACCESS:   21745765  HIT:   20954306  MISS:     791459  HIT %:    96.3604  MISS %:     3.6396   MPKI: 3.95729
ITLB LOAD TRANSLATION ACCESS:   21745765  HIT:   20954306  MISS:     791459  HIT %:    96.3604  MISS %:     3.6396   MPKI: 3.95729
ITLB PREFETCH  REQUESTED:          0  ISSUED:          0  USEFUL:          0  USELESS:          0
ITLB USEFUL LOAD PREFETCHES:          0 PREFETCH ISSUED TO LOWER LEVEL:          0  ACCURACY: -nan
ITLB TIMELY PREFETCHES:          0 LATE PREFETCHES: 0 DROPPED PREFETCHES: 0
ITLB PREFETCHES SAME FILL-ORIGIN LEVEL: 0 DIFFERENT FILL-ORIGIN LEVEL: 0
ITLB AVERAGE MISS LATENCY:    12.4663 cycles AVERAGE LOAD MISS LATENCY:       -nan cycles Load Miss          0
ITLB Average MSHR Occupancy:  0.0314886
ITLB RQ	ACCESS:   25246993	FORWARD:          0	MERGED:    2862079	TO_CACHE:   22384914

DTLB TOTAL     ACCESS:   31887260  HIT:   29291064  MISS:    2596196  HIT %:    91.8582  MISS %:     8.1418   MPKI: 12.981
DTLB LOAD TRANSLATION ACCESS:   31887260  HIT:   29291064  MISS:    2596196  HIT %:    91.8582  MISS %:     8.1418   MPKI: 12.981
DTLB PREFETCH  REQUESTED:          0  ISSUED:          0  USEFUL:          0  USELESS:          0
DTLB USEFUL LOAD PREFETCHES:          0 PREFETCH ISSUED TO LOWER LEVEL:          0  ACCURACY: -nan
DTLB TIMELY PREFETCHES:          0 LATE PREFETCHES: 0 DROPPED PREFETCHES: 0
DTLB PREFETCHES SAME FILL-ORIGIN LEVEL: 0 DIFFERENT FILL-ORIGIN LEVEL: 0
DTLB AVERAGE MISS LATENCY:    12.0531 cycles AVERAGE LOAD MISS LATENCY:       -nan cycles Load Miss          0
DTLB Average MSHR Occupancy:  0.0991811
DTLB RQ	ACCESS:   43578437	FORWARD:          0	MERGED:   11510449	TO_CACHE:   32067988

STLB TOTAL     ACCESS:    3387655  HIT:    3045307  MISS:     342348  HIT %:    89.8942  MISS %:    10.1058   MPKI: 1.71174
STLB LOAD TRANSLATION ACCESS:    3387655  HIT:    3045307  MISS:     342348  HIT %:    89.8942  MISS %:    10.1058   MPKI: 1.71174
STLB PREFETCH  REQUESTED:          0  ISSUED:          0  USEFUL:          0  USELESS:          0
STLB USEFUL LOAD PREFETCHES:          0 PREFETCH ISSUED TO LOWER LEVEL:          0  ACCURACY: -nan
STLB TIMELY PREFETCHES:          0 LATE PREFETCHES: 0 DROPPED PREFETCHES: 0
STLB PREFETCHES SAME FILL-ORIGIN LEVEL: 0 DIFFERENT FILL-ORIGIN LEVEL: 0
STLB AVERAGE MISS LATENCY:     30.877 cycles AVERAGE LOAD MISS LATENCY:       -nan cycles Load Miss          0
STLB Average MSHR Occupancy:  0.0372527
STLB RQ	ACCESS:    3387655	FORWARD:          0	MERGED:          0	TO_CACHE:    3387655

STLB Hit, L1D data hit: 0
STLB Hit, L2C data hit: 0
STLB Hit, LLC data hit: 0
STLB Hit, LLC data miss: 0
STLB STLB hints to L2: 0
L1D TOTAL     ACCESS:   43124255  HIT:   40691173  MISS:    2433082  HIT %:     94.358  MISS %:    5.64203   MPKI: 12.1654
L1D LOAD      ACCESS:   23893744  HIT:   21789409  MISS:    2104335  HIT %:    91.1929  MISS %:    8.80705   MPKI: 10.5217
L1D RFO       ACCESS:   19230511  HIT:   18901764  MISS:     328747  HIT %:    98.2905  MISS %:    1.70951   MPKI: 1.64373
L1D PREFETCH  REQUESTED:          0  ISSUED:          0  USEFUL:          0  USELESS:          0
L1D USEFUL LOAD PREFETCHES:          0 PREFETCH ISSUED TO LOWER LEVEL:          0  ACCURACY: -nan
L1D TIMELY PREFETCHES:          0 LATE PREFETCHES: 0 DROPPED PREFETCHES: 0
L1D PREFETCHES SAME FILL-ORIGIN LEVEL: 0 DIFFERENT FILL-ORIGIN LEVEL: 0
L1D AVERAGE MISS LATENCY:    20.1205 cycles AVERAGE LOAD MISS LATENCY:    19.3217 cycles Load Miss    2104335
L1D Average MSHR Occupancy:   0.169374
L1D RQ	ACCESS:   40019204	FORWARD:          0	MERGED:   15736051	TO_CACHE:   23947079
L1D WQ	ACCESS:   20282906	FORWARD:     336074	MERGED:     651548	TO_CACHE:   19631358

L1D UNIQUE REGIONS ACCESSED: 0
L1D REGIONS CONFLICTS: 0
L1D Cross Page Prefetch Requests: 0
L1D Same Page Prefetch Requests: 0
L1D ROI Sum of L1D PQ occupancy: 0
L1D PREFETCHES PUSHED FROM L2C: 0
L1I TOTAL     ACCESS:   24673125  HIT:   10526384  MISS:   14146741  HIT %:    42.6634  MISS %:    57.3366   MPKI: 70.7337
L1I LOAD      ACCESS:   24673125  HIT:   10526384  MISS:   14146741  HIT %:    42.6634  MISS %:    57.3366   MPKI: 70.7337
L1I PREFETCH  REQUESTED:          0  ISSUED:          0  USEFUL:          0  USELESS:          0
L1I USEFUL LOAD PREFETCHES:          0 PREFETCH ISSUED TO LOWER LEVEL:          0  ACCURACY: -nan
L1I TIMELY PREFETCHES:          0 LATE PREFETCHES: 0 DROPPED PREFETCHES: 0
L1I PREFETCHES SAME FILL-ORIGIN LEVEL: 0 DIFFERENT FILL-ORIGIN LEVEL: 0
L1I AVERAGE MISS LATENCY:    14.4307 cycles AVERAGE LOAD MISS LATENCY:    14.4307 cycles Load Miss   14146741
L1I Average MSHR Occupancy:   0.658304
L1I RQ	ACCESS:   47961395	FORWARD:          0	MERGED:   22714402	TO_CACHE:   25246993

BTB TOTAL     ACCESS:   22229564  HIT:   18071858  MISS:    4157706  HIT %:    81.2965  MISS %:    18.7035   MPKI: 20.7885
BTB BRANCH_DIRECT_JUMP	ACCESS:    1718936  HIT:    1474776  MISS:     244160
BTB BRANCH_INDIRECT	ACCESS:    9438877  HIT:    7436718  MISS:    2002159
BTB BRANCH_CONDITIONAL	ACCESS:    4754695  HIT:    4375035  MISS:     379660
BTB BRANCH_DIRECT_CALL	ACCESS:    2480822  HIT:    2032895  MISS:     447927
BTB BRANCH_INDIRECT_CALL	ACCESS:     677290  HIT:     637610  MISS:      39680
BTB BRANCH_RETURN	ACCESS:    3158944  HIT:    2114824  MISS:    1044120
BTB BRANCH_OTHER ACCESS:          0  HIT:          0  MISS:          0

L2C TOTAL     ACCESS:   21071169  HIT:   20495684  MISS:     575485  HIT %:    97.2689  MISS %:    2.73115   MPKI: 2.87742
L2C LOAD      ACCESS:   16251015  HIT:   16117191  MISS:     133824  HIT %:    99.1765  MISS %:   0.823481   MPKI: 0.66912
L2C DATA LOAD MPKI: 0.455955
L2C INSTRUCTION LOAD MPKI: 0.213165
L2C RFO       ACCESS:     328747  HIT:     293042  MISS:      35705  HIT %:    89.1391  MISS %:    10.8609   MPKI: 0.178525
L2C PREFETCH  ACCESS:    3031306  HIT:    2650188  MISS:     381118  HIT %:    87.4273  MISS %:    12.5727   MPKI: 1.90559
AGUS PREFETCH L1 MISS: 0
L2C DATA PREFETCH MPKI: 1.90559
L2C INSTRUCTION PREFETCH MPKI: 0
L2C WRITEBACK ACCESS:    1005679  HIT:    1005522  MISS:        157  HIT %:    99.9844  MISS %:  0.0156113   MPKI: 0.000785
L2C LOAD TRANSLATION ACCESS:     454422  HIT:     429741  MISS:      24681  HIT %:    94.5687  MISS %:     5.4313   MPKI: 0.123405
L2C PREFETCH  REQUESTED:    3104422  ISSUED:    3104377  USEFUL:     180235  USELESS:     199801
L2C USEFUL LOAD PREFETCHES:     180235 PREFETCH ISSUED TO LOWER LEVEL:     443100  ACCURACY: 40.6759
L2C TIMELY PREFETCHES:     180235 LATE PREFETCHES: 9754 DROPPED PREFETCHES: 0
L2C PREFETCHES SAME FILL-ORIGIN LEVEL: 390872 DIFFERENT FILL-ORIGIN LEVEL: 52228
L2C AVERAGE MISS LATENCY:    118.003 cycles AVERAGE LOAD MISS LATENCY:    99.9746 cycles Load Miss     133824
L2C Average MSHR Occupancy:   0.227096
L2C RQ	ACCESS:   17034246	FORWARD:          0	MERGED:          0	TO_CACHE:   17034184
L2C WQ	ACCESS:    1005679	FORWARD:         79	MERGED:          0	TO_CACHE:    1005679
L2C PQ	ACCESS:    3104377	FORWARD:          0	MERGED:       2091	TO_CACHE:    3102269

L2C Instructions Evicting Data 37250
L2C Translations Evicting Data 21902
L2C Data Evicting Data 448845
L2C Instructions Evicting Instructions 3634
L2C Translations Evicting Instructions 1783
L2C Data Evicting Instructions 37208
L2C Instructions Evicting Translations 1749
L2C Translations Evicting Translations 996
L2C Data Evicting Translations 21961
L2C Dense regions hint from L2: 0
PSCL5 TOTAL     ACCESS:     342348  HIT:     342348  MISS:          0  HIT %:        100  MISS %:          0   MPKI: 0
PSCL5 LOAD TRANSLATION ACCESS:     342348  HIT:     342348  MISS:          0  HIT %:        100  MISS %:          0   MPKI: 0
PSCL5 PREFETCH  REQUESTED:          0  ISSUED:          0  USEFUL:          0  USELESS:          0
PSCL5 USEFUL LOAD PREFETCHES:          0 PREFETCH ISSUED TO LOWER LEVEL:          0  ACCURACY: -nan
PSCL5 TIMELY PREFETCHES:          0 LATE PREFETCHES: 0 DROPPED PREFETCHES: 0
PSCL5 PREFETCHES SAME FILL-ORIGIN LEVEL: 0 DIFFERENT FILL-ORIGIN LEVEL: 0

PSCL4 TOTAL     ACCESS:     333249  HIT:     331984  MISS:       1265  HIT %:    99.6204  MISS %:   0.379596   MPKI: 0.006325
PSCL4 LOAD TRANSLATION ACCESS:     333249  HIT:     331984  MISS:       1265  HIT %:    99.6204  MISS %:   0.379596   MPKI: 0.006325
PSCL4 PREFETCH  REQUESTED:          0  ISSUED:          0  USEFUL:          0  USELESS:          0
PSCL4 USEFUL LOAD PREFETCHES:          0 PREFETCH ISSUED TO LOWER LEVEL:          0  ACCURACY: -nan
PSCL4 TIMELY PREFETCHES:          0 LATE PREFETCHES: 0 DROPPED PREFETCHES: 0
PSCL4 PREFETCHES SAME FILL-ORIGIN LEVEL: 0 DIFFERENT FILL-ORIGIN LEVEL: 0

PSCL3 TOTAL     ACCESS:     339789  HIT:     338524  MISS:       1265  HIT %:    99.6277  MISS %:    0.37229   MPKI: 0.006325
PSCL3 LOAD TRANSLATION ACCESS:     339789  HIT:     338524  MISS:       1265  HIT %:    99.6277  MISS %:    0.37229   MPKI: 0.006325
PSCL3 PREFETCH  REQUESTED:          0  ISSUED:          0  USEFUL:          0  USELESS:          0
PSCL3 USEFUL LOAD PREFETCHES:          0 PREFETCH ISSUED TO LOWER LEVEL:          0  ACCURACY: -nan
PSCL3 TIMELY PREFETCHES:          0 LATE PREFETCHES: 0 DROPPED PREFETCHES: 0
PSCL3 PREFETCHES SAME FILL-ORIGIN LEVEL: 0 DIFFERENT FILL-ORIGIN LEVEL: 0

PSCL2 TOTAL     ACCESS:     342348  HIT:     232804  MISS:     109544  HIT %:    68.0021  MISS %:    31.9979   MPKI: 0.54772
PSCL2 LOAD TRANSLATION ACCESS:     342348  HIT:     232804  MISS:     109544  HIT %:    68.0021  MISS %:    31.9979   MPKI: 0.54772
PSCL2 PREFETCH  REQUESTED:          0  ISSUED:          0  USEFUL:          0  USELESS:          0
PSCL2 USEFUL LOAD PREFETCHES:          0 PREFETCH ISSUED TO LOWER LEVEL:          0  ACCURACY: -nan
PSCL2 TIMELY PREFETCHES:          0 LATE PREFETCHES: 0 DROPPED PREFETCHES: 0
PSCL2 PREFETCHES SAME FILL-ORIGIN LEVEL: 0 DIFFERENT FILL-ORIGIN LEVEL: 0

LLC TOTAL     ACCESS:     852116  HIT:     475625  MISS:     376491  HIT %:    55.8169  MISS %:    44.1831   MPKI: 1.88245
LLC LOAD      ACCESS:     125182  HIT:      84555  MISS:      40627  HIT %:    67.5457  MISS %:    32.4543   MPKI: 0.203135
LLC RFO       ACCESS:      34592  HIT:      23800  MISS:      10792  HIT %:     68.802  MISS %:     31.198   MPKI: 0.05396
LLC PREFETCH  ACCESS:     442895  HIT:     217988  MISS:     224907  HIT %:    49.2189  MISS %:    50.7811   MPKI: 1.12453
AGUS PREFETCH L1 MISS: 0
LLC WRITEBACK ACCESS:     224766  HIT:     131125  MISS:      93641  HIT %:    58.3384  MISS %:    41.6616   MPKI: 0.468205
LLC LOAD TRANSLATION ACCESS:      24681  HIT:      18157  MISS:       6524  HIT %:    73.5667  MISS %:    26.4333   MPKI: 0.03262
LLC PREFETCH  REQUESTED:          0  ISSUED:          0  USEFUL:       2691  USELESS:     139329
LLC USEFUL LOAD PREFETCHES:       2691 PREFETCH ISSUED TO LOWER LEVEL:     224978  ACCURACY: 1.19612
LLC TIMELY PREFETCHES:       2691 LATE PREFETCHES: 71 DROPPED PREFETCHES: 0
LLC PREFETCHES SAME FILL-ORIGIN LEVEL: 22388 DIFFERENT FILL-ORIGIN LEVEL: 0
LLC AVERAGE MISS LATENCY:    123.979 cycles AVERAGE LOAD MISS LATENCY:    167.798 cycles Load Miss      40627
LLC Average MSHR Occupancy:   0.154021
LLC RQ	ACCESS:     184456	FORWARD:          0	MERGED:          0	TO_CACHE:     184455
LLC WQ	ACCESS:     224766	FORWARD:          1	MERGED:          0	TO_CACHE:     224766
LLC PQ	ACCESS:     443100	FORWARD:          0	MERGED:         33	TO_CACHE:     443067

LLC Dense regions hint to LLC: 0

RAW hits: 4947909
Loads Generated: 44967119
Loads sent to L1D: 40019204
Stores Generated: 20282870
Stores sent to L1D: 20282906
Major fault: 0 Minor fault: 6269
Allocated PAGES: 6269
------------------
Depth Distribution
------------------
depth 0: 800147
depth 1: 1800405
depth 2: 1455530
depth 3: 162416
depth 4: 397
depth 5: 207
depth 6: 0
depth 7: 0
depth 8: 0
depth 9: 0
depth 10: 0
depth 11: 0
depth 12: 0
depth 13: 0
depth 14: 0
depth 15: 0
depth 16: 0
depth 17: 0
depth 18: 0
depth 19: 0
depth 20: 0
depth 21: 0
depth 22: 0
depth 23: 0
depth 24: 0
depth 25: 0
depth 26: 0
depth 27: 0
depth 28: 0
depth 29: 0
Total: 4219102
------------------
ST read accesses: 1406908
ST write accesses: 697366
PT read accesses: 26899130
PT write accesses: 1617639
FILTER read accesses: 9590359
FILTER write accesses: 5803923
GHR read accesses: 9089220
GHR write accesses: 482408
PERC read accesses: 184045905
PERC write accesses: 14833307
GHR counter read accesses: 4208548
GHR counter write accesses: 5942081
GHR ip read accesses: 18070377
GHR ip write accesses: 8417096
ST tag read accesses: 1166428426
ST tag write accesses: 215915690
================ Mockingjay (LLC) Pollution Stats ================
Total pollution count in LLC: 33337
==================================================================

DRAM Statistics
 CHANNEL 0
 RQ ROW_BUFFER_HIT:      65895  ROW_BUFFER_MISS:     216955
 DBUS_CONGESTED:        368
 WQ ROW_BUFFER_HIT:      18381  ROW_BUFFER_MISS:     117104  FULL:          0

 AVG_CONGESTED_CYCLE: 4
 All warmup complete: 2
Channel 0 Bank busy for read cycles: 0
Channel 0 Bank busy for write cycles: 0
Channel 0
Rank 0
0banks busy for read cycles: 258919106
0banks busy for write cycles: 81414
1banks busy for read cycles: 19816131
1banks busy for write cycles: 11609148
2banks busy for read cycles: 4555334
2banks busy for write cycles: 2490230
3banks busy for read cycles: 1455310
3banks busy for write cycles: 878098
4banks busy for read cycles: 443221
4banks busy for write cycles: 420908
5banks busy for read cycles: 119797
5banks busy for write cycles: 225412
6banks busy for read cycles: 24718
6banks busy for write cycles: 115250
7banks busy for read cycles: 3572
7banks busy for write cycles: 58159
8banks busy for read cycles: 258
8banks busy for write cycles: 23229

CPU 0 Branch Prediction Accuracy: 99.8831% MPKI: 0.20925 Average ROB Occupancy at Mispredict: 115.417
Branch types
NOT_BRANCH: 164197700 82.0988%
BRANCH_DIRECT_JUMP: 1718936 0.859468%
BRANCH_INDIRECT: 9438877 4.71944%
BRANCH_CONDITIONAL: 18327443 9.16372%
BRANCH_DIRECT_CALL: 2480822 1.24041%
BRANCH_INDIRECT_CALL: 677290 0.338645%
BRANCH_RETURN: 3158944 1.57947%
BRANCH_OTHER: 0 0%

===================== LRU L1D STATS =====================
Total pollution count in L1D: 0
=========================================================
================ SRRIP (L2C) Pollution Stats ================
Total pollution count in L2c: 255719
==================================================================
DRAM PAGES: 1048576
Allocated PAGES: 6269
