Initialize SIGNATURE TABLE
ST_SET: 1
ST_WAY: 256
ST_TAG_BIT: 16
ST_TAG_MASK: ffff

Initialize PATTERN TABLE
PT_SET: 512
PT_WAY: 4
SIG_DELTA_BIT: 7
C_SIG_BIT: 4
C_DELTA_BIT: 4

Initialize PREFETCH FILTER
FILTER_SET: 1024

Initialize PERCEPTRON
PERC_ENTRIES: 4096
PERC_FEATURES: 9

*** ChampSim Multicore Out-of-Order Simulator ***

Warmup Instructions: 200000000
Simulation Instructions: 200000000
Number of CPUs: 1
LLC sets: 4096
LLC ways: 12
Off-chip DRAM Size: 4096 MB Channels: 1 Width: 64-bit Data Rate: 6400 MT/s
CPU 0 runs /home1/sweta/traces/qualcomm_traces/srv_69.champsimtrace.xz
.xz
BTB has LRU replacement policy
ITLB has LRU replacement policy
DTLB has LRU replacement policy
STLB has LRU replacement policy
L1I has LRU replacement policy
L1D has LRU replacement policy
PERC_ENTRIES: 4096
Initialize SRRIP state for L2C
Initialize Mockingjay state for LLC
Heartbeat CPU 0 instructions: 10000001 cycles: 1923071 heartbeat IPC: 5.20002 cumulative IPC: 5.20002 (Simulation time: 0 hr 0 min 24 sec) 
Heartbeat CPU 0 instructions: 20000003 cycles: 3915139 heartbeat IPC: 5.01991 cumulative IPC: 5.10838 (Simulation time: 0 hr 0 min 49 sec) 
Heartbeat CPU 0 instructions: 30000003 cycles: 5837488 heartbeat IPC: 5.20197 cumulative IPC: 5.1392 (Simulation time: 0 hr 1 min 12 sec) 
*** Reached end of trace for Core: 0 Repeating trace: /home1/sweta/traces/qualcomm_traces/srv_69.champsimtrace.xz
Heartbeat CPU 0 instructions: 40000000 cycles: 7764576 heartbeat IPC: 5.18918 cumulative IPC: 5.1516 (Simulation time: 0 hr 1 min 35 sec) 
Heartbeat CPU 0 instructions: 50000006 cycles: 9758690 heartbeat IPC: 5.01476 cumulative IPC: 5.12364 (Simulation time: 0 hr 1 min 58 sec) 
Heartbeat CPU 0 instructions: 60000002 cycles: 11682095 heartbeat IPC: 5.19911 cumulative IPC: 5.13607 (Simulation time: 0 hr 2 min 19 sec) 
*** Reached end of trace for Core: 0 Repeating trace: /home1/sweta/traces/qualcomm_traces/srv_69.champsimtrace.xz
Heartbeat CPU 0 instructions: 70000003 cycles: 13609513 heartbeat IPC: 5.18829 cumulative IPC: 5.14346 (Simulation time: 0 hr 2 min 40 sec) 
Heartbeat CPU 0 instructions: 80000000 cycles: 15584214 heartbeat IPC: 5.06406 cumulative IPC: 5.1334 (Simulation time: 0 hr 3 min 3 sec) 
Heartbeat CPU 0 instructions: 90000000 cycles: 17522849 heartbeat IPC: 5.15827 cumulative IPC: 5.13615 (Simulation time: 0 hr 3 min 26 sec) 
*** Reached end of trace for Core: 0 Repeating trace: /home1/sweta/traces/qualcomm_traces/srv_69.champsimtrace.xz
Heartbeat CPU 0 instructions: 100000007 cycles: 19449828 heartbeat IPC: 5.18947 cumulative IPC: 5.14143 (Simulation time: 0 hr 3 min 48 sec) 
Heartbeat CPU 0 instructions: 110000004 cycles: 21398910 heartbeat IPC: 5.13062 cumulative IPC: 5.14045 (Simulation time: 0 hr 4 min 11 sec) 
Heartbeat CPU 0 instructions: 120000006 cycles: 23365296 heartbeat IPC: 5.08547 cumulative IPC: 5.13582 (Simulation time: 0 hr 4 min 33 sec) 
*** Reached end of trace for Core: 0 Repeating trace: /home1/sweta/traces/qualcomm_traces/srv_69.champsimtrace.xz
Heartbeat CPU 0 instructions: 130000007 cycles: 25293429 heartbeat IPC: 5.18636 cumulative IPC: 5.13968 (Simulation time: 0 hr 4 min 55 sec) 
Heartbeat CPU 0 instructions: 140000003 cycles: 27225575 heartbeat IPC: 5.17559 cumulative IPC: 5.14222 (Simulation time: 0 hr 5 min 18 sec) 
Heartbeat CPU 0 instructions: 150000000 cycles: 29207073 heartbeat IPC: 5.04669 cumulative IPC: 5.13574 (Simulation time: 0 hr 5 min 40 sec) 
*** Reached end of trace for Core: 0 Repeating trace: /home1/sweta/traces/qualcomm_traces/srv_69.champsimtrace.xz
Heartbeat CPU 0 instructions: 160000005 cycles: 31134146 heartbeat IPC: 5.18922 cumulative IPC: 5.13905 (Simulation time: 0 hr 6 min 1 sec) 
Heartbeat CPU 0 instructions: 170000006 cycles: 33060653 heartbeat IPC: 5.19074 cumulative IPC: 5.14206 (Simulation time: 0 hr 6 min 22 sec) 
Heartbeat CPU 0 instructions: 180000000 cycles: 35049822 heartbeat IPC: 5.02722 cumulative IPC: 5.13555 (Simulation time: 0 hr 6 min 45 sec) 
*** Reached end of trace for Core: 0 Repeating trace: /home1/sweta/traces/qualcomm_traces/srv_69.champsimtrace.xz
Heartbeat CPU 0 instructions: 190000000 cycles: 36978300 heartbeat IPC: 5.18544 cumulative IPC: 5.13815 (Simulation time: 0 hr 7 min 5 sec) 
Heartbeat CPU 0 instructions: 200000000 cycles: 38903269 heartbeat IPC: 5.19489 cumulative IPC: 5.14096 (Simulation time: 0 hr 7 min 27 sec) 

Warmup complete CPU 0 instructions: 200000008 cycles: 38903270 (Simulation time: 0 hr 7 min 27 sec) 

Heartbeat CPU 0 instructions: 210000002 cycles: 57670198 heartbeat IPC: 0.532852 cumulative IPC: 0.532852 (Simulation time: 0 hr 7 min 55 sec) 
*** Reached end of trace for Core: 0 Repeating trace: /home1/sweta/traces/qualcomm_traces/srv_69.champsimtrace.xz
Heartbeat CPU 0 instructions: 220000003 cycles: 74466649 heartbeat IPC: 0.595364 cumulative IPC: 0.562376 (Simulation time: 0 hr 8 min 23 sec) 
Heartbeat CPU 0 instructions: 230000003 cycles: 91827468 heartbeat IPC: 0.57601 cumulative IPC: 0.566848 (Simulation time: 0 hr 8 min 50 sec) 
Heartbeat CPU 0 instructions: 240000000 cycles: 110622455 heartbeat IPC: 0.532057 cumulative IPC: 0.557731 (Simulation time: 0 hr 9 min 17 sec) 
*** Reached end of trace for Core: 0 Repeating trace: /home1/sweta/traces/qualcomm_traces/srv_69.champsimtrace.xz
Heartbeat CPU 0 instructions: 250000001 cycles: 127329721 heartbeat IPC: 0.598542 cumulative IPC: 0.565442 (Simulation time: 0 hr 9 min 45 sec) 
Heartbeat CPU 0 instructions: 260000000 cycles: 144603468 heartbeat IPC: 0.578913 cumulative IPC: 0.567643 (Simulation time: 0 hr 10 min 11 sec) 
Heartbeat CPU 0 instructions: 270000000 cycles: 163422876 heartbeat IPC: 0.531366 cumulative IPC: 0.56216 (Simulation time: 0 hr 10 min 40 sec) 
*** Reached end of trace for Core: 0 Repeating trace: /home1/sweta/traces/qualcomm_traces/srv_69.champsimtrace.xz
Heartbeat CPU 0 instructions: 280000002 cycles: 180179493 heartbeat IPC: 0.596779 cumulative IPC: 0.566267 (Simulation time: 0 hr 11 min 6 sec) 
Heartbeat CPU 0 instructions: 290000000 cycles: 197343445 heartbeat IPC: 0.582616 cumulative IPC: 0.568038 (Simulation time: 0 hr 11 min 32 sec) 
Heartbeat CPU 0 instructions: 300000000 cycles: 216092683 heartbeat IPC: 0.533355 cumulative IPC: 0.564368 (Simulation time: 0 hr 11 min 59 sec) 
*** Reached end of trace for Core: 0 Repeating trace: /home1/sweta/traces/qualcomm_traces/srv_69.champsimtrace.xz
Heartbeat CPU 0 instructions: 310000007 cycles: 232796144 heartbeat IPC: 0.598679 cumulative IPC: 0.567324 (Simulation time: 0 hr 12 min 25 sec) 
Heartbeat CPU 0 instructions: 320000004 cycles: 249857987 heartbeat IPC: 0.586103 cumulative IPC: 0.568842 (Simulation time: 0 hr 12 min 49 sec) 
Heartbeat CPU 0 instructions: 330000001 cycles: 268712031 heartbeat IPC: 0.53039 cumulative IPC: 0.565688 (Simulation time: 0 hr 13 min 14 sec) 
*** Reached end of trace for Core: 0 Repeating trace: /home1/sweta/traces/qualcomm_traces/srv_69.champsimtrace.xz
Heartbeat CPU 0 instructions: 340000001 cycles: 285478771 heartbeat IPC: 0.596419 cumulative IPC: 0.567777 (Simulation time: 0 hr 13 min 38 sec) 
Heartbeat CPU 0 instructions: 350000001 cycles: 302144013 heartbeat IPC: 0.600051 cumulative IPC: 0.569821 (Simulation time: 0 hr 14 min 2 sec) 
Heartbeat CPU 0 instructions: 360000000 cycles: 321199864 heartbeat IPC: 0.524773 cumulative IPC: 0.56678 (Simulation time: 0 hr 14 min 26 sec) 
Heartbeat CPU 0 instructions: 370000001 cycles: 337828539 heartbeat IPC: 0.601371 cumulative IPC: 0.568704 (Simulation time: 0 hr 14 min 49 sec) 
*** Reached end of trace for Core: 0 Repeating trace: /home1/sweta/traces/qualcomm_traces/srv_69.champsimtrace.xz
Heartbeat CPU 0 instructions: 380000007 cycles: 354687464 heartbeat IPC: 0.593158 cumulative IPC: 0.57001 (Simulation time: 0 hr 15 min 13 sec) 
Heartbeat CPU 0 instructions: 390000007 cycles: 373658279 heartbeat IPC: 0.527125 cumulative IPC: 0.567579 (Simulation time: 0 hr 15 min 36 sec) 
Heartbeat CPU 0 instructions: 400000006 cycles: 390491877 heartbeat IPC: 0.59405 cumulative IPC: 0.568847 (Simulation time: 0 hr 16 min 0 sec) 
Finished CPU 0 instructions: 200000005 cycles: 351588609 cumulative IPC: 0.568847 (Simulation time: 0 hr 16 min 0 sec) 

ChampSim completed all CPUs

Region of Interest Statistics

CPU 0 cumulative IPC: 0.568847 instructions: 200000005 cycles: 351588609
ITLB TOTAL     ACCESS:   22487859  HIT:   21671635  MISS:     816224  HIT %:    96.3704  MISS %:    3.62962   MPKI: 4.08112
ITLB LOAD TRANSLATION ACCESS:   22487859  HIT:   21671635  MISS:     816224  HIT %:    96.3704  MISS %:    3.62962   MPKI: 4.08112
ITLB PREFETCH  REQUESTED:          0  ISSUED:          0  USEFUL:          0  USELESS:          0
ITLB USEFUL LOAD PREFETCHES:          0 PREFETCH ISSUED TO LOWER LEVEL:          0  ACCURACY: -nan
ITLB TIMELY PREFETCHES:          0 LATE PREFETCHES: 0 DROPPED PREFETCHES: 0
ITLB PREFETCHES SAME FILL-ORIGIN LEVEL: 0 DIFFERENT FILL-ORIGIN LEVEL: 0
ITLB AVERAGE MISS LATENCY:    13.5566 cycles AVERAGE LOAD MISS LATENCY:       -nan cycles Load Miss          0
ITLB Average MSHR Occupancy:  0.0307253
ITLB RQ	ACCESS:   26486828	FORWARD:          0	MERGED:    3369049	TO_CACHE:   23117779

DTLB TOTAL     ACCESS:   33543554  HIT:   31083496  MISS:    2460058  HIT %:    92.6661  MISS %:    7.33392   MPKI: 12.3003
DTLB LOAD TRANSLATION ACCESS:   33543554  HIT:   31083496  MISS:    2460058  HIT %:    92.6661  MISS %:    7.33392   MPKI: 12.3003
DTLB PREFETCH  REQUESTED:          0  ISSUED:          0  USEFUL:          0  USELESS:          0
DTLB USEFUL LOAD PREFETCHES:          0 PREFETCH ISSUED TO LOWER LEVEL:          0  ACCURACY: -nan
DTLB TIMELY PREFETCHES:          0 LATE PREFETCHES: 0 DROPPED PREFETCHES: 0
DTLB PREFETCHES SAME FILL-ORIGIN LEVEL: 0 DIFFERENT FILL-ORIGIN LEVEL: 0
DTLB AVERAGE MISS LATENCY:    12.7317 cycles AVERAGE LOAD MISS LATENCY:       -nan cycles Load Miss          0
DTLB Average MSHR Occupancy:  0.0861781
DTLB RQ	ACCESS:   44936288	FORWARD:          0	MERGED:   11236779	TO_CACHE:   33699509

STLB TOTAL     ACCESS:    3276282  HIT:    2825726  MISS:     450556  HIT %:    86.2479  MISS %:    13.7521   MPKI: 2.25278
STLB LOAD TRANSLATION ACCESS:    3276282  HIT:    2825726  MISS:     450556  HIT %:    86.2479  MISS %:    13.7521   MPKI: 2.25278
STLB PREFETCH  REQUESTED:          0  ISSUED:          0  USEFUL:          0  USELESS:          0
STLB USEFUL LOAD PREFETCHES:          0 PREFETCH ISSUED TO LOWER LEVEL:          0  ACCURACY: -nan
STLB TIMELY PREFETCHES:          0 LATE PREFETCHES: 0 DROPPED PREFETCHES: 0
STLB PREFETCHES SAME FILL-ORIGIN LEVEL: 0 DIFFERENT FILL-ORIGIN LEVEL: 0
STLB AVERAGE MISS LATENCY:    28.4676 cycles AVERAGE LOAD MISS LATENCY:       -nan cycles Load Miss          0
STLB Average MSHR Occupancy:  0.0389136
STLB RQ	ACCESS:    3276283	FORWARD:          0	MERGED:          0	TO_CACHE:    3276283

STLB Hit, L1D data hit: 0
STLB Hit, L2C data hit: 0
STLB Hit, LLC data hit: 0
STLB Hit, LLC data miss: 0
STLB STLB hints to L2: 0
L1D TOTAL     ACCESS:   44507833  HIT:   42070554  MISS:    2437279  HIT %:    94.5239  MISS %:    5.47607   MPKI: 12.1864
L1D LOAD      ACCESS:   25276406  HIT:   23177861  MISS:    2098545  HIT %:    91.6976  MISS %:    8.30239   MPKI: 10.4927
L1D RFO       ACCESS:   19231427  HIT:   18892693  MISS:     338734  HIT %:    98.2386  MISS %:    1.76136   MPKI: 1.69367
L1D PREFETCH  REQUESTED:          0  ISSUED:          0  USEFUL:          0  USELESS:          0
L1D USEFUL LOAD PREFETCHES:          0 PREFETCH ISSUED TO LOWER LEVEL:          0  ACCURACY: -nan
L1D TIMELY PREFETCHES:          0 LATE PREFETCHES: 0 DROPPED PREFETCHES: 0
L1D PREFETCHES SAME FILL-ORIGIN LEVEL: 0 DIFFERENT FILL-ORIGIN LEVEL: 0
L1D AVERAGE MISS LATENCY:    22.5018 cycles AVERAGE LOAD MISS LATENCY:    21.4376 cycles Load Miss    2098545
L1D Average MSHR Occupancy:   0.162092
L1D RQ	ACCESS:   40983913	FORWARD:          0	MERGED:   15305764	TO_CACHE:   25319191
L1D WQ	ACCESS:   20261400	FORWARD:     358958	MERGED:     644303	TO_CACHE:   19617097

L1D UNIQUE REGIONS ACCESSED: 0
L1D REGIONS CONFLICTS: 0
L1D Cross Page Prefetch Requests: 0
L1D Same Page Prefetch Requests: 0
L1D ROI Sum of L1D PQ occupancy: 0
L1D PREFETCHES PUSHED FROM L2C: 0
L1I TOTAL     ACCESS:   25762540  HIT:    9769085  MISS:   15993455  HIT %:    37.9197  MISS %:    62.0803   MPKI: 79.9673
L1I LOAD      ACCESS:   25762540  HIT:    9769085  MISS:   15993455  HIT %:    37.9197  MISS %:    62.0803   MPKI: 79.9673
L1I PREFETCH  REQUESTED:          0  ISSUED:          0  USEFUL:          0  USELESS:          0
L1I USEFUL LOAD PREFETCHES:          0 PREFETCH ISSUED TO LOWER LEVEL:          0  ACCURACY: -nan
L1I TIMELY PREFETCHES:          0 LATE PREFETCHES: 0 DROPPED PREFETCHES: 0
L1I PREFETCHES SAME FILL-ORIGIN LEVEL: 0 DIFFERENT FILL-ORIGIN LEVEL: 0
L1I AVERAGE MISS LATENCY:    14.6603 cycles AVERAGE LOAD MISS LATENCY:    14.6603 cycles Load Miss   15993455
L1I Average MSHR Occupancy:    0.65215
L1I RQ	ACCESS:   47888166	FORWARD:          0	MERGED:   21401338	TO_CACHE:   26486828

BTB TOTAL     ACCESS:   23247349  HIT:   18248540  MISS:    4998809  HIT %:    78.4973  MISS %:    21.5027   MPKI: 24.994
BTB BRANCH_DIRECT_JUMP	ACCESS:    1939891  HIT:    1657043  MISS:     282848
BTB BRANCH_INDIRECT	ACCESS:    9774694  HIT:    7393388  MISS:    2381306
BTB BRANCH_CONDITIONAL	ACCESS:    4795879  HIT:    4352053  MISS:     443826
BTB BRANCH_DIRECT_CALL	ACCESS:    2659457  HIT:    2113484  MISS:     545973
BTB BRANCH_INDIRECT_CALL	ACCESS:     693525  HIT:     626776  MISS:      66749
BTB BRANCH_RETURN	ACCESS:    3383903  HIT:    2105796  MISS:    1278107
BTB BRANCH_OTHER ACCESS:          0  HIT:          0  MISS:          0

L2C TOTAL     ACCESS:   22618056  HIT:   21929425  MISS:     688631  HIT %:    96.9554  MISS %:    3.04461   MPKI: 3.44315
L2C LOAD      ACCESS:   18091925  HIT:   17901443  MISS:     190482  HIT %:    98.9471  MISS %:    1.05286   MPKI: 0.95241
L2C DATA LOAD MPKI: 0.55497
L2C INSTRUCTION LOAD MPKI: 0.39744
L2C RFO       ACCESS:     338733  HIT:     292337  MISS:      46396  HIT %:    86.3031  MISS %:    13.6969   MPKI: 0.23198
L2C PREFETCH  ACCESS:    2661317  HIT:    2228099  MISS:     433218  HIT %:    83.7217  MISS %:    16.2783   MPKI: 2.16609
AGUS PREFETCH L1 MISS: 0
L2C DATA PREFETCH MPKI: 2.16609
L2C INSTRUCTION PREFETCH MPKI: 0
L2C WRITEBACK ACCESS:     955884  HIT:     955068  MISS:        816  HIT %:    99.9146  MISS %:   0.085366   MPKI: 0.00408
L2C LOAD TRANSLATION ACCESS:     570197  HIT:     552478  MISS:      17719  HIT %:    96.8925  MISS %:    3.10752   MPKI: 0.088595
L2C PREFETCH  REQUESTED:    2759448  ISSUED:    2759439  USEFUL:     168308  USELESS:     264158
L2C USEFUL LOAD PREFETCHES:     168308 PREFETCH ISSUED TO LOWER LEVEL:     518752  ACCURACY: 32.4448
L2C TIMELY PREFETCHES:     168308 LATE PREFETCHES: 8465 DROPPED PREFETCHES: 0
L2C PREFETCHES SAME FILL-ORIGIN LEVEL: 441683 DIFFERENT FILL-ORIGIN LEVEL: 77069
L2C AVERAGE MISS LATENCY:    123.042 cycles AVERAGE LOAD MISS LATENCY:    117.398 cycles Load Miss     190482
L2C Average MSHR Occupancy:    0.24203
L2C RQ	ACCESS:   19000929	FORWARD:          0	MERGED:          0	TO_CACHE:   19000854
L2C WQ	ACCESS:     955884	FORWARD:         87	MERGED:          0	TO_CACHE:     955884
L2C PQ	ACCESS:    2759439	FORWARD:          0	MERGED:       1977	TO_CACHE:    2757450

L2C Instructions Evicting Data 63685
L2C Translations Evicting Data 14699
L2C Data Evicting Data 511981
L2C Instructions Evicting Instructions 13427
L2C Translations Evicting Instructions 2421
L2C Data Evicting Instructions 63815
L2C Instructions Evicting Translations 2376
L2C Translations Evicting Translations 599
L2C Data Evicting Translations 14812
L2C Dense regions hint from L2: 0
PSCL5 TOTAL     ACCESS:     450556  HIT:     450556  MISS:          0  HIT %:        100  MISS %:          0   MPKI: 0
PSCL5 LOAD TRANSLATION ACCESS:     450556  HIT:     450556  MISS:          0  HIT %:        100  MISS %:          0   MPKI: 0
PSCL5 PREFETCH  REQUESTED:          0  ISSUED:          0  USEFUL:          0  USELESS:          0
PSCL5 USEFUL LOAD PREFETCHES:          0 PREFETCH ISSUED TO LOWER LEVEL:          0  ACCURACY: -nan
PSCL5 TIMELY PREFETCHES:          0 LATE PREFETCHES: 0 DROPPED PREFETCHES: 0
PSCL5 PREFETCHES SAME FILL-ORIGIN LEVEL: 0 DIFFERENT FILL-ORIGIN LEVEL: 0

PSCL4 TOTAL     ACCESS:     419096  HIT:     417751  MISS:       1345  HIT %:    99.6791  MISS %:   0.320929   MPKI: 0.006725
PSCL4 LOAD TRANSLATION ACCESS:     419096  HIT:     417751  MISS:       1345  HIT %:    99.6791  MISS %:   0.320929   MPKI: 0.006725
PSCL4 PREFETCH  REQUESTED:          0  ISSUED:          0  USEFUL:          0  USELESS:          0
PSCL4 USEFUL LOAD PREFETCHES:          0 PREFETCH ISSUED TO LOWER LEVEL:          0  ACCURACY: -nan
PSCL4 TIMELY PREFETCHES:          0 LATE PREFETCHES: 0 DROPPED PREFETCHES: 0
PSCL4 PREFETCHES SAME FILL-ORIGIN LEVEL: 0 DIFFERENT FILL-ORIGIN LEVEL: 0

PSCL3 TOTAL     ACCESS:     446909  HIT:     443206  MISS:       3703  HIT %:    99.1714  MISS %:    0.82858   MPKI: 0.018515
PSCL3 LOAD TRANSLATION ACCESS:     446909  HIT:     443206  MISS:       3703  HIT %:    99.1714  MISS %:    0.82858   MPKI: 0.018515
PSCL3 PREFETCH  REQUESTED:          0  ISSUED:          0  USEFUL:          0  USELESS:          0
PSCL3 USEFUL LOAD PREFETCHES:          0 PREFETCH ISSUED TO LOWER LEVEL:          0  ACCURACY: -nan
PSCL3 TIMELY PREFETCHES:          0 LATE PREFETCHES: 0 DROPPED PREFETCHES: 0
PSCL3 PREFETCHES SAME FILL-ORIGIN LEVEL: 0 DIFFERENT FILL-ORIGIN LEVEL: 0

PSCL2 TOTAL     ACCESS:     450556  HIT:     335963  MISS:     114593  HIT %:    74.5663  MISS %:    25.4337   MPKI: 0.572965
PSCL2 LOAD TRANSLATION ACCESS:     450556  HIT:     335963  MISS:     114593  HIT %:    74.5663  MISS %:    25.4337   MPKI: 0.572965
PSCL2 PREFETCH  REQUESTED:          0  ISSUED:          0  USEFUL:          0  USELESS:          0
PSCL2 USEFUL LOAD PREFETCHES:          0 PREFETCH ISSUED TO LOWER LEVEL:          0  ACCURACY: -nan
PSCL2 TIMELY PREFETCHES:          0 LATE PREFETCHES: 0 DROPPED PREFETCHES: 0
PSCL2 PREFETCHES SAME FILL-ORIGIN LEVEL: 0 DIFFERENT FILL-ORIGIN LEVEL: 0

LLC TOTAL     ACCESS:     991393  HIT:     550747  MISS:     440646  HIT %:    55.5528  MISS %:    44.4472   MPKI: 2.20323
LLC LOAD      ACCESS:     182897  HIT:     104967  MISS:      77930  HIT %:    57.3913  MISS %:    42.6087   MPKI: 0.38965
LLC RFO       ACCESS:      45516  HIT:      27989  MISS:      17527  HIT %:    61.4927  MISS %:    38.5073   MPKI: 0.087635
LLC PREFETCH  ACCESS:     518515  HIT:     268030  MISS:     250485  HIT %:    51.6919  MISS %:    48.3081   MPKI: 1.25242
AGUS PREFETCH L1 MISS: 0
LLC WRITEBACK ACCESS:     226746  HIT:     139344  MISS:      87402  HIT %:    61.4538  MISS %:    38.5462   MPKI: 0.43701
LLC LOAD TRANSLATION ACCESS:      17719  HIT:      10417  MISS:       7302  HIT %:      58.79  MISS %:      41.21   MPKI: 0.03651
LLC PREFETCH  REQUESTED:          0  ISSUED:          0  USEFUL:       4019  USELESS:     145530
LLC USEFUL LOAD PREFETCHES:       4019 PREFETCH ISSUED TO LOWER LEVEL:     250602  ACCURACY: 1.60374
LLC TIMELY PREFETCHES:       4019 LATE PREFETCHES: 117 DROPPED PREFETCHES: 0
LLC PREFETCHES SAME FILL-ORIGIN LEVEL: 31441 DIFFERENT FILL-ORIGIN LEVEL: 0
LLC AVERAGE MISS LATENCY:    136.375 cycles AVERAGE LOAD MISS LATENCY:    170.807 cycles Load Miss      77930
LLC Average MSHR Occupancy:   0.169933
LLC RQ	ACCESS:     246132	FORWARD:          0	MERGED:          0	TO_CACHE:     246132
LLC WQ	ACCESS:     226746	FORWARD:          0	MERGED:          0	TO_CACHE:     226746
LLC PQ	ACCESS:     518752	FORWARD:          0	MERGED:         55	TO_CACHE:     518697

LLC Dense regions hint to LLC: 0

RAW hits: 4499869
Loads Generated: 45483787
Loads sent to L1D: 40983913
Stores Generated: 20261401
Stores sent to L1D: 20261400
Major fault: 0 Minor fault: 5460
Allocated PAGES: 5460
------------------
Depth Distribution
------------------
depth 0: 876140
depth 1: 2032736
depth 2: 1177328
depth 3: 133504
depth 4: 2253
depth 5: 213
depth 6: 0
depth 7: 0
depth 8: 0
depth 9: 0
depth 10: 0
depth 11: 0
depth 12: 0
depth 13: 0
depth 14: 0
depth 15: 0
depth 16: 0
depth 17: 0
depth 18: 0
depth 19: 0
depth 20: 0
depth 21: 0
depth 22: 0
depth 23: 0
depth 24: 0
depth 25: 0
depth 26: 0
depth 27: 0
depth 28: 0
depth 29: 0
Total: 4222174
------------------
ST read accesses: 1453309
ST write accesses: 645162
PT read accesses: 26527775
PT write accesses: 1710720
FILTER read accesses: 9062383
FILTER write accesses: 5567792
GHR read accesses: 7600034
GHR write accesses: 336349
PERC read accesses: 176451201
PERC write accesses: 15417322
GHR counter read accesses: 4196942
GHR counter write accesses: 5630889
GHR ip read accesses: 16716042
GHR ip write accesses: 8393884
ST tag read accesses: 1137314956
ST tag write accesses: 204878795
================ Mockingjay (LLC) Pollution Stats ================
Total pollution count in LLC: 55794
==================================================================

DRAM Statistics
 CHANNEL 0
 RQ ROW_BUFFER_HIT:      64469  ROW_BUFFER_MISS:     288774
 DBUS_CONGESTED:        275
 WQ ROW_BUFFER_HIT:      16507  ROW_BUFFER_MISS:     119717  FULL:          0

 AVG_CONGESTED_CYCLE: 4
 All warmup complete: 2
Channel 0 Bank busy for read cycles: 0
Channel 0 Bank busy for write cycles: 0
Channel 0
Rank 0
0banks busy for read cycles: 298918194
0banks busy for write cycles: 92973
1banks busy for read cycles: 27109378
1banks busy for write cycles: 13582232
2banks busy for read cycles: 5986215
2banks busy for write cycles: 2522161
3banks busy for read cycles: 1624236
3banks busy for write cycles: 719559
4banks busy for read cycles: 449973
4banks busy for write cycles: 260916
5banks busy for read cycles: 113707
5banks busy for write cycles: 103866
6banks busy for read cycles: 25606
6banks busy for write cycles: 44541
7banks busy for read cycles: 6996
7banks busy for write cycles: 18343
8banks busy for read cycles: 1919
8banks busy for write cycles: 7795

CPU 0 Branch Prediction Accuracy: 99.7997% MPKI: 0.36097 Average ROB Occupancy at Mispredict: 62.4104
Branch types
NOT_BRANCH: 163957660 81.9788%
BRANCH_DIRECT_JUMP: 1939891 0.969945%
BRANCH_INDIRECT: 9774694 4.88735%
BRANCH_CONDITIONAL: 17590745 8.79537%
BRANCH_DIRECT_CALL: 2659457 1.32973%
BRANCH_INDIRECT_CALL: 693525 0.346762%
BRANCH_RETURN: 3383903 1.69195%
BRANCH_OTHER: 0 0%

===================== LRU L1D STATS =====================
Total pollution count in L1D: 0
=========================================================
================ SRRIP (L2C) Pollution Stats ================
Total pollution count in L2c: 365123
==================================================================
DRAM PAGES: 1048576
Allocated PAGES: 5460
