Initialize SIGNATURE TABLE
ST_SET: 1
ST_WAY: 256
ST_TAG_BIT: 16
ST_TAG_MASK: ffff

Initialize PATTERN TABLE
PT_SET: 512
PT_WAY: 4
SIG_DELTA_BIT: 7
C_SIG_BIT: 4
C_DELTA_BIT: 4

Initialize PREFETCH FILTER
FILTER_SET: 1024

Initialize PERCEPTRON
PERC_ENTRIES: 4096
PERC_FEATURES: 9

*** ChampSim Multicore Out-of-Order Simulator ***

Warmup Instructions: 200000000
Simulation Instructions: 200000000
Number of CPUs: 1
LLC sets: 4096
LLC ways: 12
Off-chip DRAM Size: 4096 MB Channels: 1 Width: 64-bit Data Rate: 6400 MT/s
CPU 0 runs /home1/sweta/traces/qualcomm_traces/srv_25.champsimtrace.xz
.xz
BTB has LRU replacement policy
ITLB has LRU replacement policy
DTLB has LRU replacement policy
STLB has LRU replacement policy
L1I has LRU replacement policy
L1D has LRU replacement policy
PERC_ENTRIES: 4096
Initialize SRRIP state for L2C
Initialize Mockingjay state for LLC
Heartbeat CPU 0 instructions: 10000004 cycles: 2074686 heartbeat IPC: 4.82001 cumulative IPC: 4.82001 (Simulation time: 0 hr 0 min 22 sec) 
Heartbeat CPU 0 instructions: 20000002 cycles: 4148319 heartbeat IPC: 4.82245 cumulative IPC: 4.82123 (Simulation time: 0 hr 0 min 44 sec) 
Heartbeat CPU 0 instructions: 30000003 cycles: 6221087 heartbeat IPC: 4.82447 cumulative IPC: 4.82231 (Simulation time: 0 hr 1 min 7 sec) 
*** Reached end of trace for Core: 0 Repeating trace: /home1/sweta/traces/qualcomm_traces/srv_25.champsimtrace.xz
Heartbeat CPU 0 instructions: 40000006 cycles: 8293877 heartbeat IPC: 4.82442 cumulative IPC: 4.82284 (Simulation time: 0 hr 1 min 30 sec) 
Heartbeat CPU 0 instructions: 50000001 cycles: 10365966 heartbeat IPC: 4.82605 cumulative IPC: 4.82348 (Simulation time: 0 hr 1 min 53 sec) 
Heartbeat CPU 0 instructions: 60000003 cycles: 12437352 heartbeat IPC: 4.82769 cumulative IPC: 4.82418 (Simulation time: 0 hr 2 min 15 sec) 
*** Reached end of trace for Core: 0 Repeating trace: /home1/sweta/traces/qualcomm_traces/srv_25.champsimtrace.xz
Heartbeat CPU 0 instructions: 70000001 cycles: 14509740 heartbeat IPC: 4.82535 cumulative IPC: 4.82435 (Simulation time: 0 hr 2 min 36 sec) 
Heartbeat CPU 0 instructions: 80000006 cycles: 16581368 heartbeat IPC: 4.82712 cumulative IPC: 4.82469 (Simulation time: 0 hr 2 min 57 sec) 
Heartbeat CPU 0 instructions: 90000000 cycles: 18651943 heartbeat IPC: 4.82957 cumulative IPC: 4.82523 (Simulation time: 0 hr 3 min 19 sec) 
*** Reached end of trace for Core: 0 Repeating trace: /home1/sweta/traces/qualcomm_traces/srv_25.champsimtrace.xz
Heartbeat CPU 0 instructions: 100000000 cycles: 20723432 heartbeat IPC: 4.82745 cumulative IPC: 4.82546 (Simulation time: 0 hr 3 min 42 sec) 
Heartbeat CPU 0 instructions: 110000001 cycles: 22795810 heartbeat IPC: 4.82538 cumulative IPC: 4.82545 (Simulation time: 0 hr 4 min 7 sec) 
Heartbeat CPU 0 instructions: 120000003 cycles: 24867152 heartbeat IPC: 4.82779 cumulative IPC: 4.82564 (Simulation time: 0 hr 4 min 33 sec) 
*** Reached end of trace for Core: 0 Repeating trace: /home1/sweta/traces/qualcomm_traces/srv_25.champsimtrace.xz
Heartbeat CPU 0 instructions: 130000002 cycles: 26939415 heartbeat IPC: 4.82564 cumulative IPC: 4.82564 (Simulation time: 0 hr 4 min 59 sec) 
Heartbeat CPU 0 instructions: 140000000 cycles: 29012734 heartbeat IPC: 4.82318 cumulative IPC: 4.82547 (Simulation time: 0 hr 5 min 25 sec) 
Heartbeat CPU 0 instructions: 150000006 cycles: 31083844 heartbeat IPC: 4.82833 cumulative IPC: 4.82566 (Simulation time: 0 hr 5 min 51 sec) 
*** Reached end of trace for Core: 0 Repeating trace: /home1/sweta/traces/qualcomm_traces/srv_25.champsimtrace.xz
Heartbeat CPU 0 instructions: 160000000 cycles: 33154426 heartbeat IPC: 4.82956 cumulative IPC: 4.8259 (Simulation time: 0 hr 6 min 17 sec) 
Heartbeat CPU 0 instructions: 170000005 cycles: 35227213 heartbeat IPC: 4.82442 cumulative IPC: 4.82581 (Simulation time: 0 hr 6 min 42 sec) 
Heartbeat CPU 0 instructions: 180000000 cycles: 37297722 heartbeat IPC: 4.82973 cumulative IPC: 4.82603 (Simulation time: 0 hr 7 min 7 sec) 
*** Reached end of trace for Core: 0 Repeating trace: /home1/sweta/traces/qualcomm_traces/srv_25.champsimtrace.xz
Heartbeat CPU 0 instructions: 190000002 cycles: 39368767 heartbeat IPC: 4.82848 cumulative IPC: 4.82616 (Simulation time: 0 hr 7 min 32 sec) 
Heartbeat CPU 0 instructions: 200000000 cycles: 41440914 heartbeat IPC: 4.82591 cumulative IPC: 4.82615 (Simulation time: 0 hr 7 min 57 sec) 

Warmup complete CPU 0 instructions: 200000008 cycles: 41440915 (Simulation time: 0 hr 7 min 57 sec) 

Heartbeat CPU 0 instructions: 210000000 cycles: 72837630 heartbeat IPC: 0.318505 cumulative IPC: 0.318504 (Simulation time: 0 hr 8 min 30 sec) 
*** Reached end of trace for Core: 0 Repeating trace: /home1/sweta/traces/qualcomm_traces/srv_25.champsimtrace.xz
Heartbeat CPU 0 instructions: 220000003 cycles: 103721713 heartbeat IPC: 0.323791 cumulative IPC: 0.321126 (Simulation time: 0 hr 9 min 2 sec) 
Heartbeat CPU 0 instructions: 230000000 cycles: 134776982 heartbeat IPC: 0.322006 cumulative IPC: 0.321419 (Simulation time: 0 hr 9 min 43 sec) 
Heartbeat CPU 0 instructions: 240000004 cycles: 166194810 heartbeat IPC: 0.318291 cumulative IPC: 0.320631 (Simulation time: 0 hr 10 min 18 sec) 
Heartbeat CPU 0 instructions: 250000001 cycles: 196976360 heartbeat IPC: 0.32487 cumulative IPC: 0.32147 (Simulation time: 0 hr 10 min 52 sec) 
*** Reached end of trace for Core: 0 Repeating trace: /home1/sweta/traces/qualcomm_traces/srv_25.champsimtrace.xz
Heartbeat CPU 0 instructions: 260000005 cycles: 228038492 heartbeat IPC: 0.321936 cumulative IPC: 0.321548 (Simulation time: 0 hr 11 min 26 sec) 
Heartbeat CPU 0 instructions: 270000000 cycles: 259434303 heartbeat IPC: 0.318514 cumulative IPC: 0.321111 (Simulation time: 0 hr 12 min 2 sec) 
Heartbeat CPU 0 instructions: 280000000 cycles: 290319374 heartbeat IPC: 0.323781 cumulative IPC: 0.321442 (Simulation time: 0 hr 12 min 36 sec) 
*** Reached end of trace for Core: 0 Repeating trace: /home1/sweta/traces/qualcomm_traces/srv_25.champsimtrace.xz
Heartbeat CPU 0 instructions: 290000003 cycles: 321227856 heartbeat IPC: 0.323536 cumulative IPC: 0.321673 (Simulation time: 0 hr 13 min 9 sec) 
Heartbeat CPU 0 instructions: 300000002 cycles: 352573142 heartbeat IPC: 0.319027 cumulative IPC: 0.321407 (Simulation time: 0 hr 13 min 41 sec) 
Heartbeat CPU 0 instructions: 310000000 cycles: 383469336 heartbeat IPC: 0.323664 cumulative IPC: 0.321611 (Simulation time: 0 hr 14 min 13 sec) 
*** Reached end of trace for Core: 0 Repeating trace: /home1/sweta/traces/qualcomm_traces/srv_25.champsimtrace.xz
Heartbeat CPU 0 instructions: 320000002 cycles: 414480858 heartbeat IPC: 0.322461 cumulative IPC: 0.321681 (Simulation time: 0 hr 14 min 46 sec) 
Heartbeat CPU 0 instructions: 330000000 cycles: 445665024 heartbeat IPC: 0.320675 cumulative IPC: 0.321604 (Simulation time: 0 hr 15 min 20 sec) 
Heartbeat CPU 0 instructions: 340000004 cycles: 476657761 heartbeat IPC: 0.322656 cumulative IPC: 0.321679 (Simulation time: 0 hr 15 min 55 sec) 
*** Reached end of trace for Core: 0 Repeating trace: /home1/sweta/traces/qualcomm_traces/srv_25.champsimtrace.xz
Heartbeat CPU 0 instructions: 350000000 cycles: 507638291 heartbeat IPC: 0.322783 cumulative IPC: 0.321752 (Simulation time: 0 hr 16 min 27 sec) 
Heartbeat CPU 0 instructions: 360000000 cycles: 538746632 heartbeat IPC: 0.321457 cumulative IPC: 0.321734 (Simulation time: 0 hr 16 min 59 sec) 
Heartbeat CPU 0 instructions: 370000001 cycles: 569789350 heartbeat IPC: 0.322137 cumulative IPC: 0.321757 (Simulation time: 0 hr 17 min 31 sec) 
*** Reached end of trace for Core: 0 Repeating trace: /home1/sweta/traces/qualcomm_traces/srv_25.champsimtrace.xz
Heartbeat CPU 0 instructions: 380000007 cycles: 600766202 heartbeat IPC: 0.322822 cumulative IPC: 0.321816 (Simulation time: 0 hr 18 min 3 sec) 
Heartbeat CPU 0 instructions: 390000001 cycles: 631882469 heartbeat IPC: 0.321375 cumulative IPC: 0.321793 (Simulation time: 0 hr 18 min 37 sec) 
Heartbeat CPU 0 instructions: 400000000 cycles: 662937121 heartbeat IPC: 0.322013 cumulative IPC: 0.321804 (Simulation time: 0 hr 19 min 9 sec) 
Finished CPU 0 instructions: 200000003 cycles: 621496210 cumulative IPC: 0.321804 (Simulation time: 0 hr 19 min 9 sec) 

ChampSim completed all CPUs

Region of Interest Statistics

CPU 0 cumulative IPC: 0.321804 instructions: 200000003 cycles: 621496210
ITLB TOTAL     ACCESS:   25943788  HIT:   23678776  MISS:    2265012  HIT %:    91.2695  MISS %:    8.73046   MPKI: 11.3251
ITLB LOAD TRANSLATION ACCESS:   25943788  HIT:   23678776  MISS:    2265012  HIT %:    91.2695  MISS %:    8.73046   MPKI: 11.3251
ITLB PREFETCH  REQUESTED:          0  ISSUED:          0  USEFUL:          0  USELESS:          0
ITLB USEFUL LOAD PREFETCHES:          0 PREFETCH ISSUED TO LOWER LEVEL:          0  ACCURACY: -nan
ITLB TIMELY PREFETCHES:          0 LATE PREFETCHES: 0 DROPPED PREFETCHES: 0
ITLB PREFETCHES SAME FILL-ORIGIN LEVEL: 0 DIFFERENT FILL-ORIGIN LEVEL: 0
ITLB AVERAGE MISS LATENCY:    9.08162 cycles AVERAGE LOAD MISS LATENCY:       -nan cycles Load Miss          0
ITLB Average MSHR Occupancy:  0.0295352
ITLB RQ	ACCESS:   31724806	FORWARD:          0	MERGED:    4495383	TO_CACHE:   27229423

DTLB TOTAL     ACCESS:   41131657  HIT:   38975085  MISS:    2156572  HIT %:    94.7569  MISS %:     5.2431   MPKI: 10.7829
DTLB LOAD TRANSLATION ACCESS:   41131657  HIT:   38975085  MISS:    2156572  HIT %:    94.7569  MISS %:     5.2431   MPKI: 10.7829
DTLB PREFETCH  REQUESTED:          0  ISSUED:          0  USEFUL:          0  USELESS:          0
DTLB USEFUL LOAD PREFETCHES:          0 PREFETCH ISSUED TO LOWER LEVEL:          0  ACCURACY: -nan
DTLB TIMELY PREFETCHES:          0 LATE PREFETCHES: 0 DROPPED PREFETCHES: 0
DTLB PREFETCHES SAME FILL-ORIGIN LEVEL: 0 DIFFERENT FILL-ORIGIN LEVEL: 0
DTLB AVERAGE MISS LATENCY:    9.86416 cycles AVERAGE LOAD MISS LATENCY:       -nan cycles Load Miss          0
DTLB Average MSHR Occupancy:  0.0314761
DTLB RQ	ACCESS:   57670965	FORWARD:          0	MERGED:   16482715	TO_CACHE:   41188250

STLB TOTAL     ACCESS:    4421584  HIT:    4366741  MISS:      54843  HIT %:    98.7597  MISS %:    1.24035   MPKI: 0.274215
STLB LOAD TRANSLATION ACCESS:    4421584  HIT:    4366741  MISS:      54843  HIT %:    98.7597  MISS %:    1.24035   MPKI: 0.274215
STLB PREFETCH  REQUESTED:          0  ISSUED:          0  USEFUL:          0  USELESS:          0
STLB USEFUL LOAD PREFETCHES:          0 PREFETCH ISSUED TO LOWER LEVEL:          0  ACCURACY: -nan
STLB TIMELY PREFETCHES:          0 LATE PREFETCHES: 0 DROPPED PREFETCHES: 0
STLB PREFETCHES SAME FILL-ORIGIN LEVEL: 0 DIFFERENT FILL-ORIGIN LEVEL: 0
STLB AVERAGE MISS LATENCY:    36.5798 cycles AVERAGE LOAD MISS LATENCY:       -nan cycles Load Miss          0
STLB Average MSHR Occupancy: 0.00340446
STLB RQ	ACCESS:    4421584	FORWARD:          0	MERGED:          0	TO_CACHE:    4421584

STLB Hit, L1D data hit: 0
STLB Hit, L2C data hit: 0
STLB Hit, LLC data hit: 0
STLB Hit, LLC data miss: 0
STLB STLB hints to L2: 0
L1D TOTAL     ACCESS:   55855298  HIT:   50920863  MISS:    4934435  HIT %:    91.1657  MISS %:    8.83432   MPKI: 24.6722
L1D LOAD      ACCESS:   30885705  HIT:   27143532  MISS:    3742173  HIT %:    87.8838  MISS %:    12.1162   MPKI: 18.7109
L1D RFO       ACCESS:   24969593  HIT:   23777331  MISS:    1192262  HIT %:    95.2251  MISS %:    4.77486   MPKI: 5.96131
L1D PREFETCH  REQUESTED:          0  ISSUED:          0  USEFUL:          0  USELESS:          0
L1D USEFUL LOAD PREFETCHES:          0 PREFETCH ISSUED TO LOWER LEVEL:          0  ACCURACY: -nan
L1D TIMELY PREFETCHES:          0 LATE PREFETCHES: 0 DROPPED PREFETCHES: 0
L1D PREFETCHES SAME FILL-ORIGIN LEVEL: 0 DIFFERENT FILL-ORIGIN LEVEL: 0
L1D AVERAGE MISS LATENCY:    16.1297 cycles AVERAGE LOAD MISS LATENCY:    16.3386 cycles Load Miss    3742173
L1D Average MSHR Occupancy:   0.138937
L1D RQ	ACCESS:   44212882	FORWARD:          0	MERGED:   13072424	TO_CACHE:   30950445
L1D WQ	ACCESS:   27004760	FORWARD:     190013	MERGED:     284240	TO_CACHE:   26720520

L1D UNIQUE REGIONS ACCESSED: 0
L1D REGIONS CONFLICTS: 0
L1D Cross Page Prefetch Requests: 0
L1D Same Page Prefetch Requests: 0
L1D ROI Sum of L1D PQ occupancy: 0
L1D PREFETCHES PUSHED FROM L2C: 0
L1I TOTAL     ACCESS:   31409116  HIT:    9082800  MISS:   22326316  HIT %:    28.9177  MISS %:    71.0823   MPKI: 111.632
L1I LOAD      ACCESS:   31409116  HIT:    9082800  MISS:   22326316  HIT %:    28.9177  MISS %:    71.0823   MPKI: 111.632
L1I PREFETCH  REQUESTED:          0  ISSUED:          0  USEFUL:          0  USELESS:          0
L1I USEFUL LOAD PREFETCHES:          0 PREFETCH ISSUED TO LOWER LEVEL:          0  ACCURACY: -nan
L1I TIMELY PREFETCHES:          0 LATE PREFETCHES: 0 DROPPED PREFETCHES: 0
L1I PREFETCHES SAME FILL-ORIGIN LEVEL: 0 DIFFERENT FILL-ORIGIN LEVEL: 0
L1I AVERAGE MISS LATENCY:    14.1253 cycles AVERAGE LOAD MISS LATENCY:    14.1253 cycles Load Miss   22326316
L1I Average MSHR Occupancy:   0.497055
L1I RQ	ACCESS:   50401106	FORWARD:          0	MERGED:   18676300	TO_CACHE:   31724806

BTB TOTAL     ACCESS:   30552703  HIT:   17839145  MISS:   12713558  HIT %:    58.3881  MISS %:    41.6119   MPKI: 63.5678
BTB BRANCH_DIRECT_JUMP	ACCESS:    2073307  HIT:    1255697  MISS:     817610
BTB BRANCH_INDIRECT	ACCESS:   12281811  HIT:    7368894  MISS:    4912917
BTB BRANCH_CONDITIONAL	ACCESS:    6942312  HIT:    5651176  MISS:    1291136
BTB BRANCH_DIRECT_CALL	ACCESS:    3901323  HIT:    1843282  MISS:    2058041
BTB BRANCH_INDIRECT_CALL	ACCESS:     726328  HIT:     351861  MISS:     374467
BTB BRANCH_RETURN	ACCESS:    4627622  HIT:    1368235  MISS:    3259387
BTB BRANCH_OTHER ACCESS:          0  HIT:          0  MISS:          0

L2C TOTAL     ACCESS:   36215851  HIT:   35906570  MISS:     309281  HIT %:     99.146  MISS %:   0.853993   MPKI: 1.5464
L2C LOAD      ACCESS:   26068436  HIT:   25970722  MISS:      97714  HIT %:    99.6252  MISS %:   0.374836   MPKI: 0.48857
L2C DATA LOAD MPKI: 0.474475
L2C INSTRUCTION LOAD MPKI: 0.014095
L2C RFO       ACCESS:    1192262  HIT:    1181475  MISS:      10787  HIT %:    99.0952  MISS %:   0.904751   MPKI: 0.053935
L2C PREFETCH  ACCESS:    6611779  HIT:    6422933  MISS:     188846  HIT %:    97.1438  MISS %:    2.85621   MPKI: 0.94423
AGUS PREFETCH L1 MISS: 0
L2C DATA PREFETCH MPKI: 0.94423
L2C INSTRUCTION PREFETCH MPKI: 0
L2C WRITEBACK ACCESS:    2259989  HIT:    2259987  MISS:          2  HIT %:    99.9999  MISS %: 8.8496e-05   MPKI: 1e-05
L2C LOAD TRANSLATION ACCESS:      83385  HIT:      71453  MISS:      11932  HIT %:    85.6905  MISS %:    14.3095   MPKI: 0.05966
L2C PREFETCH  REQUESTED:    6678179  ISSUED:    6678156  USEFUL:      19720  USELESS:     166543
L2C USEFUL LOAD PREFETCHES:      19720 PREFETCH ISSUED TO LOWER LEVEL:     226522  ACCURACY: 8.70556
L2C TIMELY PREFETCHES:      19720 LATE PREFETCHES: 29348 DROPPED PREFETCHES: 0
L2C PREFETCHES SAME FILL-ORIGIN LEVEL: 218194 DIFFERENT FILL-ORIGIN LEVEL: 8328
L2C AVERAGE MISS LATENCY:    92.0108 cycles AVERAGE LOAD MISS LATENCY:    53.5401 cycles Load Miss      97714
L2C Average MSHR Occupancy:  0.0463211
L2C RQ	ACCESS:   27344136	FORWARD:          0	MERGED:          0	TO_CACHE:   27344083
L2C WQ	ACCESS:    2259989	FORWARD:         57	MERGED:          0	TO_CACHE:    2259989
L2C PQ	ACCESS:    6678156	FORWARD:          0	MERGED:      11125	TO_CACHE:    6667027

L2C Instructions Evicting Data 2675
L2C Translations Evicting Data 11342
L2C Data Evicting Data 280474
L2C Instructions Evicting Instructions 34
L2C Translations Evicting Instructions 103
L2C Data Evicting Instructions 2674
L2C Instructions Evicting Translations 110
L2C Translations Evicting Translations 487
L2C Data Evicting Translations 11380
L2C Dense regions hint from L2: 0
PSCL5 TOTAL     ACCESS:      54843  HIT:      54843  MISS:          0  HIT %:        100  MISS %:          0   MPKI: 0
PSCL5 LOAD TRANSLATION ACCESS:      54843  HIT:      54843  MISS:          0  HIT %:        100  MISS %:          0   MPKI: 0
PSCL5 PREFETCH  REQUESTED:          0  ISSUED:          0  USEFUL:          0  USELESS:          0
PSCL5 USEFUL LOAD PREFETCHES:          0 PREFETCH ISSUED TO LOWER LEVEL:          0  ACCURACY: -nan
PSCL5 TIMELY PREFETCHES:          0 LATE PREFETCHES: 0 DROPPED PREFETCHES: 0
PSCL5 PREFETCHES SAME FILL-ORIGIN LEVEL: 0 DIFFERENT FILL-ORIGIN LEVEL: 0

PSCL4 TOTAL     ACCESS:      53628  HIT:      52943  MISS:        685  HIT %:    98.7227  MISS %:    1.27732   MPKI: 0.003425
PSCL4 LOAD TRANSLATION ACCESS:      53628  HIT:      52943  MISS:        685  HIT %:    98.7227  MISS %:    1.27732   MPKI: 0.003425
PSCL4 PREFETCH  REQUESTED:          0  ISSUED:          0  USEFUL:          0  USELESS:          0
PSCL4 USEFUL LOAD PREFETCHES:          0 PREFETCH ISSUED TO LOWER LEVEL:          0  ACCURACY: -nan
PSCL4 TIMELY PREFETCHES:          0 LATE PREFETCHES: 0 DROPPED PREFETCHES: 0
PSCL4 PREFETCHES SAME FILL-ORIGIN LEVEL: 0 DIFFERENT FILL-ORIGIN LEVEL: 0

PSCL3 TOTAL     ACCESS:      54682  HIT:      53997  MISS:        685  HIT %:    98.7473  MISS %:     1.2527   MPKI: 0.003425
PSCL3 LOAD TRANSLATION ACCESS:      54682  HIT:      53997  MISS:        685  HIT %:    98.7473  MISS %:     1.2527   MPKI: 0.003425
PSCL3 PREFETCH  REQUESTED:          0  ISSUED:          0  USEFUL:          0  USELESS:          0
PSCL3 USEFUL LOAD PREFETCHES:          0 PREFETCH ISSUED TO LOWER LEVEL:          0  ACCURACY: -nan
PSCL3 TIMELY PREFETCHES:          0 LATE PREFETCHES: 0 DROPPED PREFETCHES: 0
PSCL3 PREFETCHES SAME FILL-ORIGIN LEVEL: 0 DIFFERENT FILL-ORIGIN LEVEL: 0

PSCL2 TOTAL     ACCESS:      54843  HIT:      27671  MISS:      27172  HIT %:    50.4549  MISS %:    49.5451   MPKI: 0.13586
PSCL2 LOAD TRANSLATION ACCESS:      54843  HIT:      27671  MISS:      27172  HIT %:    50.4549  MISS %:    49.5451   MPKI: 0.13586
PSCL2 PREFETCH  REQUESTED:          0  ISSUED:          0  USEFUL:          0  USELESS:          0
PSCL2 USEFUL LOAD PREFETCHES:          0 PREFETCH ISSUED TO LOWER LEVEL:          0  ACCURACY: -nan
PSCL2 TIMELY PREFETCHES:          0 LATE PREFETCHES: 0 DROPPED PREFETCHES: 0
PSCL2 PREFETCHES SAME FILL-ORIGIN LEVEL: 0 DIFFERENT FILL-ORIGIN LEVEL: 0

LLC TOTAL     ACCESS:     330150  HIT:     236661  MISS:      93489  HIT %:    71.6829  MISS %:    28.3171   MPKI: 0.467445
LLC LOAD      ACCESS:      68390  HIT:      64965  MISS:       3425  HIT %:     94.992  MISS %:    5.00804   MPKI: 0.017125
LLC RFO       ACCESS:      10763  HIT:      10531  MISS:        232  HIT %:    97.8445  MISS %:    2.15553   MPKI: 0.00116
LLC PREFETCH  ACCESS:     226504  HIT:     137708  MISS:      88796  HIT %:    60.7972  MISS %:    39.2028   MPKI: 0.44398
AGUS PREFETCH L1 MISS: 0
LLC WRITEBACK ACCESS:      12561  HIT:      11985  MISS:        576  HIT %:    95.4144  MISS %:    4.58562   MPKI: 0.00288
LLC LOAD TRANSLATION ACCESS:      11932  HIT:      11472  MISS:        460  HIT %:    96.1448  MISS %:    3.85518   MPKI: 0.0023
LLC PREFETCH  REQUESTED:          0  ISSUED:          0  USEFUL:        733  USELESS:      32880
LLC USEFUL LOAD PREFETCHES:        733 PREFETCH ISSUED TO LOWER LEVEL:      88796  ACCURACY: 0.825488
LLC TIMELY PREFETCHES:        733 LATE PREFETCHES: 0 DROPPED PREFETCHES: 0
LLC PREFETCHES SAME FILL-ORIGIN LEVEL: 2649 DIFFERENT FILL-ORIGIN LEVEL: 0
LLC AVERAGE MISS LATENCY:    166.118 cycles AVERAGE LOAD MISS LATENCY:    165.474 cycles Load Miss       3425
LLC Average MSHR Occupancy:  0.0248389
LLC RQ	ACCESS:      91085	FORWARD:          0	MERGED:          0	TO_CACHE:      91085
LLC WQ	ACCESS:      12561	FORWARD:          0	MERGED:          0	TO_CACHE:      12561
LLC PQ	ACCESS:     226522	FORWARD:          0	MERGED:         14	TO_CACHE:     226508

LLC Dense regions hint to LLC: 0

RAW hits: 3785239
Loads Generated: 47998111
Loads sent to L1D: 44212882
Stores Generated: 27004757
Stores sent to L1D: 27004760
Major fault: 0 Minor fault: 4375
Allocated PAGES: 4375
------------------
Depth Distribution
------------------
depth 0: 1173461
depth 1: 846352
depth 2: 4559043
depth 3: 714198
depth 4: 211248
depth 5: 1149
depth 6: 8
depth 7: 4
depth 8: 1
depth 9: 0
depth 10: 0
depth 11: 0
depth 12: 0
depth 13: 0
depth 14: 0
depth 15: 0
depth 16: 0
depth 17: 0
depth 18: 0
depth 19: 0
depth 20: 0
depth 21: 0
depth 22: 0
depth 23: 0
depth 24: 0
depth 25: 0
depth 26: 0
depth 27: 0
depth 28: 0
depth 29: 0
Total: 7505464
------------------
ST read accesses: 2920687
ST write accesses: 821433
PT read accesses: 62112667
PT write accesses: 3690881
FILTER read accesses: 18315726
FILTER write accesses: 9470637
GHR read accesses: 21085002
GHR write accesses: 1956377
PERC read accesses: 423706347
PERC write accesses: 21272867
GHR counter read accesses: 7484240
GHR counter write accesses: 12137416
GHR ip read accesses: 32359821
GHR ip write accesses: 14968480
ST tag read accesses: 1839730022
ST tag write accesses: 299811468
================ Mockingjay (LLC) Pollution Stats ================
Total pollution count in LLC: 8632
==================================================================

DRAM Statistics
 CHANNEL 0
 RQ ROW_BUFFER_HIT:      23100  ROW_BUFFER_MISS:      69813
 DBUS_CONGESTED:         23
 WQ ROW_BUFFER_HIT:         92  ROW_BUFFER_MISS:        756  FULL:          0

 AVG_CONGESTED_CYCLE: 4
 All warmup complete: 2
Channel 0 Bank busy for read cycles: 0
Channel 0 Bank busy for write cycles: 0
Channel 0
Rank 0
0banks busy for read cycles: 613946412
0banks busy for write cycles: 795
1banks busy for read cycles: 4586681
1banks busy for write cycles: 137408
2banks busy for read cycles: 1814517
2banks busy for write cycles: 8255
3banks busy for read cycles: 700973
3banks busy for write cycles: 462
4banks busy for read cycles: 216151
4banks busy for write cycles: 0
5banks busy for read cycles: 66552
5banks busy for write cycles: 0
6banks busy for read cycles: 15023
6banks busy for write cycles: 0
7banks busy for read cycles: 2755
7banks busy for write cycles: 0
8banks busy for read cycles: 227
8banks busy for write cycles: 0

CPU 0 Branch Prediction Accuracy: 99.8508% MPKI: 0.26783 Average ROB Occupancy at Mispredict: 36.8198
Branch types
NOT_BRANCH: 164097074 82.0485%
BRANCH_DIRECT_JUMP: 2073307 1.03665%
BRANCH_INDIRECT: 12281811 6.14091%
BRANCH_CONDITIONAL: 12292246 6.14612%
BRANCH_DIRECT_CALL: 3901323 1.95066%
BRANCH_INDIRECT_CALL: 726328 0.363164%
BRANCH_RETURN: 4627622 2.31381%
BRANCH_OTHER: 0 0%

===================== LRU L1D STATS =====================
Total pollution count in L1D: 0
=========================================================
================ SRRIP (L2C) Pollution Stats ================
Total pollution count in L2c: 187728
==================================================================
DRAM PAGES: 1048576
Allocated PAGES: 4375
