Initialize SIGNATURE TABLE
ST_SET: 1
ST_WAY: 256
ST_TAG_BIT: 16
ST_TAG_MASK: ffff

Initialize PATTERN TABLE
PT_SET: 512
PT_WAY: 4
SIG_DELTA_BIT: 7
C_SIG_BIT: 4
C_DELTA_BIT: 4

Initialize PREFETCH FILTER
FILTER_SET: 1024

Initialize PERCEPTRON
PERC_ENTRIES: 4096
PERC_FEATURES: 9

*** ChampSim Multicore Out-of-Order Simulator ***

Warmup Instructions: 200000000
Simulation Instructions: 200000000
Number of CPUs: 1
LLC sets: 4096
LLC ways: 12
Off-chip DRAM Size: 4096 MB Channels: 1 Width: 64-bit Data Rate: 6400 MT/s
CPU 0 runs /home1/sweta/traces/qualcomm_traces/srv_35.champsimtrace.xz
.xz
BTB has LRU replacement policy
ITLB has LRU replacement policy
DTLB has LRU replacement policy
STLB has LRU replacement policy
L1I has LRU replacement policy
L1D has LRU replacement policy
PERC_ENTRIES: 4096
Initialize SRRIP state for L2C
Initialize Mockingjay state for LLC
Heartbeat CPU 0 instructions: 10000002 cycles: 2283227 heartbeat IPC: 4.37977 cumulative IPC: 4.37977 (Simulation time: 0 hr 0 min 23 sec) 
Heartbeat CPU 0 instructions: 20000000 cycles: 4573333 heartbeat IPC: 4.36661 cumulative IPC: 4.37318 (Simulation time: 0 hr 0 min 45 sec) 
Heartbeat CPU 0 instructions: 30000005 cycles: 6868431 heartbeat IPC: 4.35711 cumulative IPC: 4.36781 (Simulation time: 0 hr 1 min 7 sec) 
*** Reached end of trace for Core: 0 Repeating trace: /home1/sweta/traces/qualcomm_traces/srv_35.champsimtrace.xz
Heartbeat CPU 0 instructions: 40000001 cycles: 9147463 heartbeat IPC: 4.38783 cumulative IPC: 4.3728 (Simulation time: 0 hr 1 min 30 sec) 
Heartbeat CPU 0 instructions: 50000006 cycles: 11434674 heartbeat IPC: 4.37214 cumulative IPC: 4.37267 (Simulation time: 0 hr 1 min 52 sec) 
Heartbeat CPU 0 instructions: 60000002 cycles: 13726567 heartbeat IPC: 4.3632 cumulative IPC: 4.37109 (Simulation time: 0 hr 2 min 14 sec) 
*** Reached end of trace for Core: 0 Repeating trace: /home1/sweta/traces/qualcomm_traces/srv_35.champsimtrace.xz
Heartbeat CPU 0 instructions: 70000006 cycles: 16009066 heartbeat IPC: 4.38116 cumulative IPC: 4.37252 (Simulation time: 0 hr 2 min 36 sec) 
Heartbeat CPU 0 instructions: 80000001 cycles: 18300675 heartbeat IPC: 4.36374 cumulative IPC: 4.37142 (Simulation time: 0 hr 2 min 57 sec) 
Heartbeat CPU 0 instructions: 90000000 cycles: 20584013 heartbeat IPC: 4.37955 cumulative IPC: 4.37233 (Simulation time: 0 hr 3 min 18 sec) 
*** Reached end of trace for Core: 0 Repeating trace: /home1/sweta/traces/qualcomm_traces/srv_35.champsimtrace.xz
Heartbeat CPU 0 instructions: 100000000 cycles: 22874950 heartbeat IPC: 4.36503 cumulative IPC: 4.37159 (Simulation time: 0 hr 3 min 41 sec) 
Heartbeat CPU 0 instructions: 110000003 cycles: 25155017 heartbeat IPC: 4.38584 cumulative IPC: 4.37289 (Simulation time: 0 hr 4 min 7 sec) 
Heartbeat CPU 0 instructions: 120000006 cycles: 27442858 heartbeat IPC: 4.37093 cumulative IPC: 4.37272 (Simulation time: 0 hr 4 min 32 sec) 
*** Reached end of trace for Core: 0 Repeating trace: /home1/sweta/traces/qualcomm_traces/srv_35.champsimtrace.xz
Heartbeat CPU 0 instructions: 130000003 cycles: 29737607 heartbeat IPC: 4.35777 cumulative IPC: 4.37157 (Simulation time: 0 hr 4 min 58 sec) 
Heartbeat CPU 0 instructions: 140000002 cycles: 32020957 heartbeat IPC: 4.37953 cumulative IPC: 4.37214 (Simulation time: 0 hr 5 min 23 sec) 
Heartbeat CPU 0 instructions: 150000004 cycles: 34308637 heartbeat IPC: 4.37124 cumulative IPC: 4.37208 (Simulation time: 0 hr 5 min 49 sec) 
Heartbeat CPU 0 instructions: 160000001 cycles: 36596070 heartbeat IPC: 4.37171 cumulative IPC: 4.37205 (Simulation time: 0 hr 6 min 14 sec) 
*** Reached end of trace for Core: 0 Repeating trace: /home1/sweta/traces/qualcomm_traces/srv_35.champsimtrace.xz
Heartbeat CPU 0 instructions: 170000001 cycles: 38882703 heartbeat IPC: 4.37324 cumulative IPC: 4.37212 (Simulation time: 0 hr 6 min 49 sec) 
Heartbeat CPU 0 instructions: 180000000 cycles: 41176048 heartbeat IPC: 4.36044 cumulative IPC: 4.37147 (Simulation time: 0 hr 7 min 20 sec) 
Heartbeat CPU 0 instructions: 190000000 cycles: 43453803 heartbeat IPC: 4.39029 cumulative IPC: 4.37246 (Simulation time: 0 hr 7 min 49 sec) 
*** Reached end of trace for Core: 0 Repeating trace: /home1/sweta/traces/qualcomm_traces/srv_35.champsimtrace.xz
Heartbeat CPU 0 instructions: 200000007 cycles: 45749681 heartbeat IPC: 4.35564 cumulative IPC: 4.37162 (Simulation time: 0 hr 8 min 15 sec) 

Warmup complete CPU 0 instructions: 200000007 cycles: 45749681 (Simulation time: 0 hr 8 min 15 sec) 

Heartbeat CPU 0 instructions: 210000003 cycles: 59152983 heartbeat IPC: 0.746085 cumulative IPC: 0.746085 (Simulation time: 0 hr 8 min 51 sec) 
Heartbeat CPU 0 instructions: 220000003 cycles: 72369188 heartbeat IPC: 0.756647 cumulative IPC: 0.751329 (Simulation time: 0 hr 9 min 28 sec) 
*** Reached end of trace for Core: 0 Repeating trace: /home1/sweta/traces/qualcomm_traces/srv_35.champsimtrace.xz
Heartbeat CPU 0 instructions: 230000000 cycles: 85376960 heartbeat IPC: 0.768771 cumulative IPC: 0.757054 (Simulation time: 0 hr 10 min 5 sec) 
Heartbeat CPU 0 instructions: 240000001 cycles: 98644226 heartbeat IPC: 0.753735 cumulative IPC: 0.756222 (Simulation time: 0 hr 10 min 41 sec) 
Heartbeat CPU 0 instructions: 250000005 cycles: 111919620 heartbeat IPC: 0.753274 cumulative IPC: 0.75563 (Simulation time: 0 hr 11 min 18 sec) 
*** Reached end of trace for Core: 0 Repeating trace: /home1/sweta/traces/qualcomm_traces/srv_35.champsimtrace.xz
Heartbeat CPU 0 instructions: 260000001 cycles: 124821298 heartbeat IPC: 0.775093 cumulative IPC: 0.758806 (Simulation time: 0 hr 11 min 54 sec) 
Heartbeat CPU 0 instructions: 270000000 cycles: 138120401 heartbeat IPC: 0.75193 cumulative IPC: 0.757816 (Simulation time: 0 hr 12 min 30 sec) 
Heartbeat CPU 0 instructions: 280000006 cycles: 151343873 heartbeat IPC: 0.756231 cumulative IPC: 0.757617 (Simulation time: 0 hr 13 min 6 sec) 
*** Reached end of trace for Core: 0 Repeating trace: /home1/sweta/traces/qualcomm_traces/srv_35.champsimtrace.xz
Heartbeat CPU 0 instructions: 290000000 cycles: 164190986 heartbeat IPC: 0.778385 cumulative IPC: 0.75987 (Simulation time: 0 hr 13 min 42 sec) 
Heartbeat CPU 0 instructions: 300000001 cycles: 177314025 heartbeat IPC: 0.762019 cumulative IPC: 0.760084 (Simulation time: 0 hr 14 min 18 sec) 
Heartbeat CPU 0 instructions: 310000000 cycles: 190677051 heartbeat IPC: 0.748333 cumulative IPC: 0.759001 (Simulation time: 0 hr 14 min 55 sec) 
Heartbeat CPU 0 instructions: 320000002 cycles: 203676235 heartbeat IPC: 0.769279 cumulative IPC: 0.759847 (Simulation time: 0 hr 15 min 32 sec) 
*** Reached end of trace for Core: 0 Repeating trace: /home1/sweta/traces/qualcomm_traces/srv_35.champsimtrace.xz
Heartbeat CPU 0 instructions: 330000002 cycles: 216593983 heartbeat IPC: 0.774129 cumulative IPC: 0.760927 (Simulation time: 0 hr 16 min 9 sec) 
Heartbeat CPU 0 instructions: 340000004 cycles: 229887870 heartbeat IPC: 0.752226 cumulative IPC: 0.760299 (Simulation time: 0 hr 16 min 46 sec) 
Heartbeat CPU 0 instructions: 350000003 cycles: 243087213 heartbeat IPC: 0.757613 cumulative IPC: 0.760119 (Simulation time: 0 hr 17 min 23 sec) 
*** Reached end of trace for Core: 0 Repeating trace: /home1/sweta/traces/qualcomm_traces/srv_35.champsimtrace.xz
Heartbeat CPU 0 instructions: 360000000 cycles: 255952461 heartbeat IPC: 0.777288 cumulative IPC: 0.76117 (Simulation time: 0 hr 18 min 0 sec) 
Heartbeat CPU 0 instructions: 370000000 cycles: 269239106 heartbeat IPC: 0.752635 cumulative IPC: 0.760662 (Simulation time: 0 hr 18 min 39 sec) 
Heartbeat CPU 0 instructions: 380000000 cycles: 282469131 heartbeat IPC: 0.755856 cumulative IPC: 0.760394 (Simulation time: 0 hr 19 min 15 sec) 
*** Reached end of trace for Core: 0 Repeating trace: /home1/sweta/traces/qualcomm_traces/srv_35.champsimtrace.xz
Heartbeat CPU 0 instructions: 390000004 cycles: 295371846 heartbeat IPC: 0.775031 cumulative IPC: 0.76115 (Simulation time: 0 hr 19 min 50 sec) 
Heartbeat CPU 0 instructions: 400000002 cycles: 308664529 heartbeat IPC: 0.752293 cumulative IPC: 0.760703 (Simulation time: 0 hr 20 min 25 sec) 
Finished CPU 0 instructions: 200000002 cycles: 262914849 cumulative IPC: 0.760703 (Simulation time: 0 hr 20 min 25 sec) 

ChampSim completed all CPUs

Region of Interest Statistics

CPU 0 cumulative IPC: 0.760703 instructions: 200000002 cycles: 262914849
ITLB TOTAL     ACCESS:   21787541  HIT:   20248268  MISS:    1539273  HIT %:    92.9351  MISS %:    7.06492   MPKI: 7.69636
ITLB LOAD TRANSLATION ACCESS:   21787541  HIT:   20248268  MISS:    1539273  HIT %:    92.9351  MISS %:    7.06492   MPKI: 7.69636
ITLB PREFETCH  REQUESTED:          0  ISSUED:          0  USEFUL:          0  USELESS:          0
ITLB USEFUL LOAD PREFETCHES:          0 PREFETCH ISSUED TO LOWER LEVEL:          0  ACCURACY: -nan
ITLB TIMELY PREFETCHES:          0 LATE PREFETCHES: 0 DROPPED PREFETCHES: 0
ITLB PREFETCHES SAME FILL-ORIGIN LEVEL: 0 DIFFERENT FILL-ORIGIN LEVEL: 0
ITLB AVERAGE MISS LATENCY:    9.17382 cycles AVERAGE LOAD MISS LATENCY:       -nan cycles Load Miss          0
ITLB Average MSHR Occupancy:  0.0479365
ITLB RQ	ACCESS:   27496198	FORWARD:          0	MERGED:    4011047	TO_CACHE:   23485151

DTLB TOTAL     ACCESS:   32374765  HIT:   30842015  MISS:    1532750  HIT %:    95.2656  MISS %:     4.7344   MPKI: 7.66375
DTLB LOAD TRANSLATION ACCESS:   32374765  HIT:   30842015  MISS:    1532750  HIT %:    95.2656  MISS %:     4.7344   MPKI: 7.66375
DTLB PREFETCH  REQUESTED:          0  ISSUED:          0  USEFUL:          0  USELESS:          0
DTLB USEFUL LOAD PREFETCHES:          0 PREFETCH ISSUED TO LOWER LEVEL:          0  ACCURACY: -nan
DTLB TIMELY PREFETCHES:          0 LATE PREFETCHES: 0 DROPPED PREFETCHES: 0
DTLB PREFETCHES SAME FILL-ORIGIN LEVEL: 0 DIFFERENT FILL-ORIGIN LEVEL: 0
DTLB AVERAGE MISS LATENCY:    12.6739 cycles AVERAGE LOAD MISS LATENCY:       -nan cycles Load Miss          0
DTLB Average MSHR Occupancy:  0.0697225
DTLB RQ	ACCESS:   56700935	FORWARD:          0	MERGED:   23909186	TO_CACHE:   32791749

STLB TOTAL     ACCESS:    3072023  HIT:    2994201  MISS:      77822  HIT %:    97.4668  MISS %:    2.53325   MPKI: 0.38911
STLB LOAD TRANSLATION ACCESS:    3072023  HIT:    2994201  MISS:      77822  HIT %:    97.4668  MISS %:    2.53325   MPKI: 0.38911
STLB PREFETCH  REQUESTED:          0  ISSUED:          0  USEFUL:          0  USELESS:          0
STLB USEFUL LOAD PREFETCHES:          0 PREFETCH ISSUED TO LOWER LEVEL:          0  ACCURACY: -nan
STLB TIMELY PREFETCHES:          0 LATE PREFETCHES: 0 DROPPED PREFETCHES: 0
STLB PREFETCHES SAME FILL-ORIGIN LEVEL: 0 DIFFERENT FILL-ORIGIN LEVEL: 0
STLB AVERAGE MISS LATENCY:    75.1795 cycles AVERAGE LOAD MISS LATENCY:       -nan cycles Load Miss          0
STLB Average MSHR Occupancy:  0.0227953
STLB RQ	ACCESS:    3072024	FORWARD:          0	MERGED:          0	TO_CACHE:    3072024

STLB Hit, L1D data hit: 0
STLB Hit, L2C data hit: 0
STLB Hit, LLC data hit: 0
STLB Hit, LLC data miss: 0
STLB STLB hints to L2: 0
L1D TOTAL     ACCESS:   44534456  HIT:   37783846  MISS:    6750610  HIT %:    84.8418  MISS %:    15.1582   MPKI: 33.753
L1D LOAD      ACCESS:   22760045  HIT:   19676698  MISS:    3083347  HIT %:    86.4528  MISS %:    13.5472   MPKI: 15.4167
L1D RFO       ACCESS:   21774411  HIT:   18107148  MISS:    3667263  HIT %:    83.1579  MISS %:    16.8421   MPKI: 18.3363
L1D PREFETCH  REQUESTED:          0  ISSUED:          0  USEFUL:          0  USELESS:          0
L1D USEFUL LOAD PREFETCHES:          0 PREFETCH ISSUED TO LOWER LEVEL:          0  ACCURACY: -nan
L1D TIMELY PREFETCHES:          0 LATE PREFETCHES: 0 DROPPED PREFETCHES: 0
L1D PREFETCHES SAME FILL-ORIGIN LEVEL: 0 DIFFERENT FILL-ORIGIN LEVEL: 0
L1D AVERAGE MISS LATENCY:    111.964 cycles AVERAGE LOAD MISS LATENCY:    30.1797 cycles Load Miss    3083347
L1D Average MSHR Occupancy:    2.93447
L1D RQ	ACCESS:   42079805	FORWARD:          0	MERGED:   18811594	TO_CACHE:   22995362
L1D WQ	ACCESS:   34109208	FORWARD:     272849	MERGED:     403635	TO_CACHE:   33705573

L1D UNIQUE REGIONS ACCESSED: 0
L1D REGIONS CONFLICTS: 0
L1D Cross Page Prefetch Requests: 0
L1D Same Page Prefetch Requests: 0
L1D ROI Sum of L1D PQ occupancy: 0
L1D PREFETCHES PUSHED FROM L2C: 0
L1I TOTAL     ACCESS:   26516614  HIT:    9696950  MISS:   16819664  HIT %:    36.5693  MISS %:    63.4307   MPKI: 84.0983
L1I LOAD      ACCESS:   26516614  HIT:    9696950  MISS:   16819664  HIT %:    36.5693  MISS %:    63.4307   MPKI: 84.0983
L1I PREFETCH  REQUESTED:          0  ISSUED:          0  USEFUL:          0  USELESS:          0
L1I USEFUL LOAD PREFETCHES:          0 PREFETCH ISSUED TO LOWER LEVEL:          0  ACCURACY: -nan
L1I TIMELY PREFETCHES:          0 LATE PREFETCHES: 0 DROPPED PREFETCHES: 0
L1I PREFETCHES SAME FILL-ORIGIN LEVEL: 0 DIFFERENT FILL-ORIGIN LEVEL: 0
L1I AVERAGE MISS LATENCY:    14.4855 cycles AVERAGE LOAD MISS LATENCY:    14.4855 cycles Load Miss   16819664
L1I Average MSHR Occupancy:   0.906945
L1I RQ	ACCESS:   49826059	FORWARD:          0	MERGED:   22329861	TO_CACHE:   27496198

BTB TOTAL     ACCESS:   25738208  HIT:   24150550  MISS:    1587658  HIT %:    93.8315  MISS %:    6.16849   MPKI: 7.93829
BTB BRANCH_DIRECT_JUMP	ACCESS:    1658874  HIT:    1646058  MISS:      12816
BTB BRANCH_INDIRECT	ACCESS:    9992427  HIT:    9459035  MISS:     533392
BTB BRANCH_CONDITIONAL	ACCESS:    7239673  HIT:    7222027  MISS:      17646
BTB BRANCH_DIRECT_CALL	ACCESS:    2825028  HIT:    2785183  MISS:      39845
BTB BRANCH_INDIRECT_CALL	ACCESS:     598610  HIT:     486641  MISS:     111969
BTB BRANCH_RETURN	ACCESS:    3423596  HIT:    2551606  MISS:     871990
BTB BRANCH_OTHER ACCESS:          0  HIT:          0  MISS:          0

L2C TOTAL     ACCESS:   30934299  HIT:   26173851  MISS:    4760448  HIT %:    84.6111  MISS %:    15.3889   MPKI: 23.8022
L2C LOAD      ACCESS:   19902899  HIT:   19073576  MISS:     829323  HIT %:    95.8332  MISS %:    4.16685   MPKI: 4.14661
L2C DATA LOAD MPKI: 3.95671
L2C INSTRUCTION LOAD MPKI: 0.189905
L2C RFO       ACCESS:    3667216  HIT:     760019  MISS:    2907197  HIT %:    20.7247  MISS %:    79.2753   MPKI: 14.536
L2C PREFETCH  ACCESS:    2950941  HIT:    1966308  MISS:     984633  HIT %:    66.6333  MISS %:    33.3667   MPKI: 4.92316
AGUS PREFETCH L1 MISS: 0
L2C DATA PREFETCH MPKI: 4.92316
L2C INSTRUCTION PREFETCH MPKI: 0
L2C WRITEBACK ACCESS:    4322816  HIT:    4318414  MISS:       4402  HIT %:    99.8982  MISS %:   0.101832   MPKI: 0.02201
L2C LOAD TRANSLATION ACCESS:      90427  HIT:      55534  MISS:      34893  HIT %:    61.4131  MISS %:    38.5869   MPKI: 0.174465
L2C PREFETCH  REQUESTED:    3743413  ISSUED:    3736504  USEFUL:     626132  USELESS:     357995
L2C USEFUL LOAD PREFETCHES:     626132 PREFETCH ISSUED TO LOWER LEVEL:    1614734  ACCURACY: 38.7762
L2C TIMELY PREFETCHES:     626132 LATE PREFETCHES: 494804 DROPPED PREFETCHES: 0
L2C PREFETCHES SAME FILL-ORIGIN LEVEL: 1479437 DIFFERENT FILL-ORIGIN LEVEL: 135297
L2C AVERAGE MISS LATENCY:    153.339 cycles AVERAGE LOAD MISS LATENCY:    66.3745 cycles Load Miss     829323
L2C Average MSHR Occupancy:    2.80437
L2C RQ	ACCESS:   23660702	FORWARD:          0	MERGED:          0	TO_CACHE:   23660544
L2C WQ	ACCESS:    4322817	FORWARD:        165	MERGED:          0	TO_CACHE:    4322817
L2C PQ	ACCESS:    3736504	FORWARD:          0	MERGED:      22404	TO_CACHE:    3714093

L2C Instructions Evicting Data 37440
L2C Translations Evicting Data 34195
L2C Data Evicting Data 4611563
L2C Instructions Evicting Instructions 238
L2C Translations Evicting Instructions 329
L2C Data Evicting Instructions 37430
L2C Instructions Evicting Translations 303
L2C Translations Evicting Translations 369
L2C Data Evicting Translations 34179
L2C Dense regions hint from L2: 0
PSCL5 TOTAL     ACCESS:      77823  HIT:      77823  MISS:          0  HIT %:        100  MISS %:          0   MPKI: 0
PSCL5 LOAD TRANSLATION ACCESS:      77823  HIT:      77823  MISS:          0  HIT %:        100  MISS %:          0   MPKI: 0
PSCL5 PREFETCH  REQUESTED:          0  ISSUED:          0  USEFUL:          0  USELESS:          0
PSCL5 USEFUL LOAD PREFETCHES:          0 PREFETCH ISSUED TO LOWER LEVEL:          0  ACCURACY: -nan
PSCL5 TIMELY PREFETCHES:          0 LATE PREFETCHES: 0 DROPPED PREFETCHES: 0
PSCL5 PREFETCHES SAME FILL-ORIGIN LEVEL: 0 DIFFERENT FILL-ORIGIN LEVEL: 0

PSCL4 TOTAL     ACCESS:      76200  HIT:      76046  MISS:        154  HIT %:    99.7979  MISS %:     0.2021   MPKI: 0.00077
PSCL4 LOAD TRANSLATION ACCESS:      76200  HIT:      76046  MISS:        154  HIT %:    99.7979  MISS %:     0.2021   MPKI: 0.00077
PSCL4 PREFETCH  REQUESTED:          0  ISSUED:          0  USEFUL:          0  USELESS:          0
PSCL4 USEFUL LOAD PREFETCHES:          0 PREFETCH ISSUED TO LOWER LEVEL:          0  ACCURACY: -nan
PSCL4 TIMELY PREFETCHES:          0 LATE PREFETCHES: 0 DROPPED PREFETCHES: 0
PSCL4 PREFETCHES SAME FILL-ORIGIN LEVEL: 0 DIFFERENT FILL-ORIGIN LEVEL: 0

PSCL3 TOTAL     ACCESS:      69716  HIT:      68517  MISS:       1199  HIT %:    98.2802  MISS %:    1.71983   MPKI: 0.005995
PSCL3 LOAD TRANSLATION ACCESS:      69716  HIT:      68517  MISS:       1199  HIT %:    98.2802  MISS %:    1.71983   MPKI: 0.005995
PSCL3 PREFETCH  REQUESTED:          0  ISSUED:          0  USEFUL:          0  USELESS:          0
PSCL3 USEFUL LOAD PREFETCHES:          0 PREFETCH ISSUED TO LOWER LEVEL:          0  ACCURACY: -nan
PSCL3 TIMELY PREFETCHES:          0 LATE PREFETCHES: 0 DROPPED PREFETCHES: 0
PSCL3 PREFETCHES SAME FILL-ORIGIN LEVEL: 0 DIFFERENT FILL-ORIGIN LEVEL: 0

PSCL2 TOTAL     ACCESS:      77823  HIT:      66571  MISS:      11252  HIT %:    85.5415  MISS %:    14.4585   MPKI: 0.05626
PSCL2 LOAD TRANSLATION ACCESS:      77823  HIT:      66571  MISS:      11252  HIT %:    85.5415  MISS %:    14.4585   MPKI: 0.05626
PSCL2 PREFETCH  REQUESTED:          0  ISSUED:          0  USEFUL:          0  USELESS:          0
PSCL2 USEFUL LOAD PREFETCHES:          0 PREFETCH ISSUED TO LOWER LEVEL:          0  ACCURACY: -nan
PSCL2 TIMELY PREFETCHES:          0 LATE PREFETCHES: 0 DROPPED PREFETCHES: 0
PSCL2 PREFETCHES SAME FILL-ORIGIN LEVEL: 0 DIFFERENT FILL-ORIGIN LEVEL: 0

LLC TOTAL     ACCESS:    7973830  HIT:    3061552  MISS:    4912278  HIT %:     38.395  MISS %:     61.605   MPKI: 24.5614
LLC LOAD      ACCESS:     335405  HIT:     266283  MISS:      69122  HIT %:    79.3915  MISS %:    20.6085   MPKI: 0.34561
LLC RFO       ACCESS:    2906236  HIT:     592349  MISS:    2313887  HIT %:     20.382  MISS %:     79.618   MPKI: 11.5694
LLC PREFETCH  ACCESS:    1614071  HIT:    1412927  MISS:     201144  HIT %:    87.5381  MISS %:    12.4619   MPKI: 1.00572
AGUS PREFETCH L1 MISS: 0
LLC WRITEBACK ACCESS:    3083225  HIT:     765594  MISS:    2317631  HIT %:    24.8309  MISS %:    75.1691   MPKI: 11.5882
LLC LOAD TRANSLATION ACCESS:      34893  HIT:      24399  MISS:      10494  HIT %:    69.9252  MISS %:    30.0748   MPKI: 0.05247
LLC PREFETCH  REQUESTED:          0  ISSUED:          0  USEFUL:      13463  USELESS:     142086
LLC USEFUL LOAD PREFETCHES:      13463 PREFETCH ISSUED TO LOWER LEVEL:     201332  ACCURACY: 6.68696
LLC TIMELY PREFETCHES:      13463 LATE PREFETCHES: 188 DROPPED PREFETCHES: 0
LLC PREFETCHES SAME FILL-ORIGIN LEVEL: 32546 DIFFERENT FILL-ORIGIN LEVEL: 0
LLC AVERAGE MISS LATENCY:    108.183 cycles AVERAGE LOAD MISS LATENCY:     186.25 cycles Load Miss      69122
LLC Average MSHR Occupancy:    2.01143
LLC RQ	ACCESS:    3276609	FORWARD:          0	MERGED:          0	TO_CACHE:    3276534
LLC WQ	ACCESS:    3083225	FORWARD:         76	MERGED:          0	TO_CACHE:    3083225
LLC PQ	ACCESS:    1614734	FORWARD:          0	MERGED:        277	TO_CACHE:    1614456

LLC Dense regions hint to LLC: 0

RAW hits: 5629996
Loads Generated: 47709791
Loads sent to L1D: 42079805
Stores Generated: 34109218
Stores sent to L1D: 34109208
Major fault: 0 Minor fault: 9063
Allocated PAGES: 9063
------------------
Depth Distribution
------------------
depth 0: 1042528
depth 1: 750450
depth 2: 1352417
depth 3: 695780
depth 4: 478985
depth 5: 587949
depth 6: 928479
depth 7: 332321
depth 8: 6195
depth 9: 1231
depth 10: 14
depth 11: 6
depth 12: 0
depth 13: 0
depth 14: 0
depth 15: 0
depth 16: 0
depth 17: 0
depth 18: 0
depth 19: 0
depth 20: 0
depth 21: 0
depth 22: 0
depth 23: 0
depth 24: 0
depth 25: 0
depth 26: 0
depth 27: 0
depth 28: 0
depth 29: 0
Total: 6176355
------------------
ST read accesses: 2912435
ST write accesses: 170801
PT read accesses: 69381580
PT write accesses: 4016641
FILTER read accesses: 20946184
FILTER write accesses: 16299246
GHR read accesses: 6943270
GHR write accesses: 830011
PERC read accesses: 464881212
PERC write accesses: 34368148
GHR counter read accesses: 6166472
GHR counter write accesses: 9137218
GHR ip read accesses: 23388354
GHR ip write accesses: 12332944
ST tag read accesses: 1272292269
ST tag write accesses: 87884427
================ Mockingjay (LLC) Pollution Stats ================
Total pollution count in LLC: 9306
==================================================================

DRAM Statistics
 CHANNEL 0
 RQ ROW_BUFFER_HIT:    1641292  ROW_BUFFER_MISS:     953341
 DBUS_CONGESTED:        665
 WQ ROW_BUFFER_HIT:     657340  ROW_BUFFER_MISS:    1699704  FULL:      86279

 AVG_CONGESTED_CYCLE: 4
 All warmup complete: 2
Channel 0 Bank busy for read cycles: 0
Channel 0 Bank busy for write cycles: 0
Channel 0
Rank 0
0banks busy for read cycles: 107466540
0banks busy for write cycles: 175588
1banks busy for read cycles: 33150971
1banks busy for write cycles: 21865975
2banks busy for read cycles: 18538377
2banks busy for write cycles: 10167863
3banks busy for read cycles: 4039542
3banks busy for write cycles: 5828337
4banks busy for read cycles: 3921595
4banks busy for write cycles: 3928663
5banks busy for read cycles: 2478292
5banks busy for write cycles: 3270707
6banks busy for read cycles: 1817973
6banks busy for write cycles: 3451019
7banks busy for read cycles: 2347543
7banks busy for write cycles: 5743334
8banks busy for read cycles: 11394070
8banks busy for write cycles: 23328461

CPU 0 Branch Prediction Accuracy: 99.9505% MPKI: 0.075685 Average ROB Occupancy at Mispredict: 202.339
Branch types
NOT_BRANCH: 169414897 84.7074%
BRANCH_DIRECT_JUMP: 1658874 0.829437%
BRANCH_INDIRECT: 9992427 4.99621%
BRANCH_CONDITIONAL: 12086588 6.04329%
BRANCH_DIRECT_CALL: 2825028 1.41251%
BRANCH_INDIRECT_CALL: 598610 0.299305%
BRANCH_RETURN: 3423596 1.7118%
BRANCH_OTHER: 0 0%

===================== LRU L1D STATS =====================
Total pollution count in L1D: 0
=========================================================
================ SRRIP (L2C) Pollution Stats ================
Total pollution count in L2c: 1197738
==================================================================
DRAM PAGES: 1048576
Allocated PAGES: 9063
