Initialize SIGNATURE TABLE
ST_SET: 1
ST_WAY: 256
ST_TAG_BIT: 16
ST_TAG_MASK: ffff

Initialize PATTERN TABLE
PT_SET: 512
PT_WAY: 4
SIG_DELTA_BIT: 7
C_SIG_BIT: 4
C_DELTA_BIT: 4

Initialize PREFETCH FILTER
FILTER_SET: 1024

*** ChampSim Multicore Out-of-Order Simulator ***

Warmup Instructions: 200000000
Simulation Instructions: 200000000
Number of CPUs: 1
LLC sets: 4096
LLC ways: 12
Off-chip DRAM Size: 4096 MB Channels: 1 Width: 64-bit Data Rate: 6400 MT/s
CPU 0 runs /home1/sweta/traces/gaptraces/sssp-10.trace.gz
.gz
BTB has LRU replacement policy
ITLB has LRU replacement policy
DTLB has LRU replacement policy
STLB has LRU replacement policy
L1I has LRU replacement policy
L1D has LRU replacement policy
ST_WAYS: 256
PT_SETS: 512
Initialize SRRIP state for L2C
Initialize Mockingjay state for LLC
Heartbeat CPU 0 instructions: 10000007 cycles: 2488798 heartbeat IPC: 4.01801 cumulative IPC: 4.01801 (Simulation time: 0 hr 0 min 20 sec) 
Heartbeat CPU 0 instructions: 20000005 cycles: 4971731 heartbeat IPC: 4.02749 cumulative IPC: 4.02274 (Simulation time: 0 hr 0 min 37 sec) 
Heartbeat CPU 0 instructions: 30000003 cycles: 7520695 heartbeat IPC: 3.92316 cumulative IPC: 3.98899 (Simulation time: 0 hr 0 min 54 sec) 
Heartbeat CPU 0 instructions: 40000004 cycles: 10123333 heartbeat IPC: 3.84226 cumulative IPC: 3.95127 (Simulation time: 0 hr 1 min 9 sec) 
Heartbeat CPU 0 instructions: 50000002 cycles: 12760129 heartbeat IPC: 3.79248 cumulative IPC: 3.91846 (Simulation time: 0 hr 1 min 24 sec) 
Heartbeat CPU 0 instructions: 60000000 cycles: 15436199 heartbeat IPC: 3.73682 cumulative IPC: 3.88697 (Simulation time: 0 hr 1 min 38 sec) 
Heartbeat CPU 0 instructions: 70000001 cycles: 18141448 heartbeat IPC: 3.69652 cumulative IPC: 3.85857 (Simulation time: 0 hr 1 min 52 sec) 
Heartbeat CPU 0 instructions: 80000002 cycles: 20871281 heartbeat IPC: 3.66323 cumulative IPC: 3.83302 (Simulation time: 0 hr 2 min 7 sec) 
Heartbeat CPU 0 instructions: 90000000 cycles: 23584529 heartbeat IPC: 3.68562 cumulative IPC: 3.81606 (Simulation time: 0 hr 2 min 21 sec) 
Heartbeat CPU 0 instructions: 100000003 cycles: 26350203 heartbeat IPC: 3.61576 cumulative IPC: 3.79504 (Simulation time: 0 hr 2 min 34 sec) 
Heartbeat CPU 0 instructions: 110000004 cycles: 29128563 heartbeat IPC: 3.59925 cumulative IPC: 3.77636 (Simulation time: 0 hr 2 min 48 sec) 
Heartbeat CPU 0 instructions: 120000000 cycles: 31908990 heartbeat IPC: 3.59657 cumulative IPC: 3.7607 (Simulation time: 0 hr 3 min 1 sec) 
Heartbeat CPU 0 instructions: 130000003 cycles: 34712618 heartbeat IPC: 3.56681 cumulative IPC: 3.74504 (Simulation time: 0 hr 3 min 14 sec) 
Heartbeat CPU 0 instructions: 140000002 cycles: 37523195 heartbeat IPC: 3.55799 cumulative IPC: 3.73103 (Simulation time: 0 hr 3 min 27 sec) 
Heartbeat CPU 0 instructions: 150000001 cycles: 40330426 heartbeat IPC: 3.56223 cumulative IPC: 3.71928 (Simulation time: 0 hr 3 min 40 sec) 
Heartbeat CPU 0 instructions: 160000002 cycles: 43158693 heartbeat IPC: 3.53573 cumulative IPC: 3.70725 (Simulation time: 0 hr 3 min 53 sec) 
Heartbeat CPU 0 instructions: 170000003 cycles: 45989722 heartbeat IPC: 3.53228 cumulative IPC: 3.69648 (Simulation time: 0 hr 4 min 6 sec) 
Heartbeat CPU 0 instructions: 180000000 cycles: 48820963 heartbeat IPC: 3.53202 cumulative IPC: 3.68694 (Simulation time: 0 hr 4 min 19 sec) 
Heartbeat CPU 0 instructions: 190000002 cycles: 51660516 heartbeat IPC: 3.52168 cumulative IPC: 3.67786 (Simulation time: 0 hr 4 min 32 sec) 
Heartbeat CPU 0 instructions: 200000000 cycles: 54520539 heartbeat IPC: 3.49647 cumulative IPC: 3.66834 (Simulation time: 0 hr 4 min 44 sec) 

Warmup complete CPU 0 instructions: 200000007 cycles: 54520540 (Simulation time: 0 hr 4 min 44 sec) 

Heartbeat CPU 0 instructions: 210000006 cycles: 80431140 heartbeat IPC: 0.385943 cumulative IPC: 0.385942 (Simulation time: 0 hr 5 min 17 sec) 
Heartbeat CPU 0 instructions: 220000003 cycles: 106226792 heartbeat IPC: 0.387662 cumulative IPC: 0.3868 (Simulation time: 0 hr 5 min 50 sec) 
Heartbeat CPU 0 instructions: 230000001 cycles: 131774950 heartbeat IPC: 0.391418 cumulative IPC: 0.388327 (Simulation time: 0 hr 6 min 22 sec) 
Heartbeat CPU 0 instructions: 240000001 cycles: 157408675 heartbeat IPC: 0.390111 cumulative IPC: 0.388772 (Simulation time: 0 hr 6 min 55 sec) 
Heartbeat CPU 0 instructions: 250000001 cycles: 183042854 heartbeat IPC: 0.390104 cumulative IPC: 0.389037 (Simulation time: 0 hr 7 min 27 sec) 
Heartbeat CPU 0 instructions: 260000002 cycles: 208664152 heartbeat IPC: 0.3903 cumulative IPC: 0.389247 (Simulation time: 0 hr 7 min 58 sec) 
Heartbeat CPU 0 instructions: 270000000 cycles: 234342096 heartbeat IPC: 0.389439 cumulative IPC: 0.389275 (Simulation time: 0 hr 8 min 30 sec) 
Heartbeat CPU 0 instructions: 280000001 cycles: 259883561 heartbeat IPC: 0.39152 cumulative IPC: 0.389554 (Simulation time: 0 hr 9 min 1 sec) 
Heartbeat CPU 0 instructions: 290000004 cycles: 285519805 heartbeat IPC: 0.390073 cumulative IPC: 0.389612 (Simulation time: 0 hr 9 min 34 sec) 
Heartbeat CPU 0 instructions: 300000006 cycles: 311157257 heartbeat IPC: 0.390054 cumulative IPC: 0.389656 (Simulation time: 0 hr 10 min 7 sec) 
Heartbeat CPU 0 instructions: 310000000 cycles: 336636943 heartbeat IPC: 0.392469 cumulative IPC: 0.38991 (Simulation time: 0 hr 10 min 38 sec) 
Heartbeat CPU 0 instructions: 320000004 cycles: 362248641 heartbeat IPC: 0.390447 cumulative IPC: 0.389955 (Simulation time: 0 hr 11 min 11 sec) 
Heartbeat CPU 0 instructions: 330000003 cycles: 387864216 heartbeat IPC: 0.390387 cumulative IPC: 0.389988 (Simulation time: 0 hr 11 min 43 sec) 
Heartbeat CPU 0 instructions: 340000002 cycles: 413575044 heartbeat IPC: 0.388941 cumulative IPC: 0.389913 (Simulation time: 0 hr 12 min 15 sec) 
Heartbeat CPU 0 instructions: 350000002 cycles: 439239464 heartbeat IPC: 0.389645 cumulative IPC: 0.389895 (Simulation time: 0 hr 12 min 47 sec) 
Heartbeat CPU 0 instructions: 360000000 cycles: 464845659 heartbeat IPC: 0.39053 cumulative IPC: 0.389935 (Simulation time: 0 hr 13 min 20 sec) 
Heartbeat CPU 0 instructions: 370000001 cycles: 490590594 heartbeat IPC: 0.388426 cumulative IPC: 0.389846 (Simulation time: 0 hr 13 min 52 sec) 
Heartbeat CPU 0 instructions: 380000005 cycles: 516426048 heartbeat IPC: 0.387065 cumulative IPC: 0.38969 (Simulation time: 0 hr 14 min 24 sec) 
Heartbeat CPU 0 instructions: 390000005 cycles: 541934235 heartbeat IPC: 0.392031 cumulative IPC: 0.389813 (Simulation time: 0 hr 14 min 55 sec) 
Heartbeat CPU 0 instructions: 400000000 cycles: 567275323 heartbeat IPC: 0.394616 cumulative IPC: 0.39005 (Simulation time: 0 hr 15 min 26 sec) 
Finished CPU 0 instructions: 200000001 cycles: 512754784 cumulative IPC: 0.39005 (Simulation time: 0 hr 15 min 26 sec) 

ChampSim completed all CPUs

Region of Interest Statistics

CPU 0 cumulative IPC: 0.39005 instructions: 200000001 cycles: 512754784
ITLB TOTAL     ACCESS:   23136382  HIT:   23136382  MISS:          0  HIT %:        100  MISS %:          0   MPKI: 0
ITLB LOAD TRANSLATION ACCESS:   23136382  HIT:   23136382  MISS:          0  HIT %:        100  MISS %:          0   MPKI: 0
ITLB PREFETCH  REQUESTED:          0  ISSUED:          0  USEFUL:          0  USELESS:          0
ITLB USEFUL LOAD PREFETCHES:          0 PREFETCH ISSUED TO LOWER LEVEL:          0  ACCURACY: -nan
ITLB TIMELY PREFETCHES:          0 LATE PREFETCHES: 0 DROPPED PREFETCHES: 0
ITLB PREFETCHES SAME FILL-ORIGIN LEVEL: 0 DIFFERENT FILL-ORIGIN LEVEL: 0
ITLB AVERAGE MISS LATENCY:       -nan cycles AVERAGE LOAD MISS LATENCY:       -nan cycles Load Miss          0
ITLB Average MSHR Occupancy: 3.95901e-07
ITLB RQ	ACCESS:   23138479	FORWARD:          0	MERGED:       2097	TO_CACHE:   23136382

DTLB TOTAL     ACCESS:   53015995  HIT:   46518208  MISS:    6497787  HIT %:    87.7437  MISS %:    12.2563   MPKI: 32.4889
DTLB LOAD TRANSLATION ACCESS:   53015995  HIT:   46518208  MISS:    6497787  HIT %:    87.7437  MISS %:    12.2563   MPKI: 32.4889
DTLB PREFETCH  REQUESTED:          0  ISSUED:          0  USEFUL:          0  USELESS:          0
DTLB USEFUL LOAD PREFETCHES:          0 PREFETCH ISSUED TO LOWER LEVEL:          0  ACCURACY: -nan
DTLB TIMELY PREFETCHES:          0 LATE PREFETCHES: 0 DROPPED PREFETCHES: 0
DTLB PREFETCHES SAME FILL-ORIGIN LEVEL: 0 DIFFERENT FILL-ORIGIN LEVEL: 0
DTLB AVERAGE MISS LATENCY:    11.7031 cycles AVERAGE LOAD MISS LATENCY:       -nan cycles Load Miss          0
DTLB Average MSHR Occupancy:   0.130508
DTLB RQ	ACCESS:   57676437	FORWARD:          0	MERGED:    4627569	TO_CACHE:   53048868

STLB TOTAL     ACCESS:    6497787  HIT:    6403994  MISS:      93793  HIT %:    98.5565  MISS %:    1.44346   MPKI: 0.468965
STLB LOAD TRANSLATION ACCESS:    6497787  HIT:    6403994  MISS:      93793  HIT %:    98.5565  MISS %:    1.44346   MPKI: 0.468965
STLB PREFETCH  REQUESTED:          0  ISSUED:          0  USEFUL:          0  USELESS:          0
STLB USEFUL LOAD PREFETCHES:          0 PREFETCH ISSUED TO LOWER LEVEL:          0  ACCURACY: -nan
STLB TIMELY PREFETCHES:          0 LATE PREFETCHES: 0 DROPPED PREFETCHES: 0
STLB PREFETCHES SAME FILL-ORIGIN LEVEL: 0 DIFFERENT FILL-ORIGIN LEVEL: 0
STLB AVERAGE MISS LATENCY:    177.436 cycles AVERAGE LOAD MISS LATENCY:       -nan cycles Load Miss          0
STLB Average MSHR Occupancy:  0.0269659
STLB RQ	ACCESS:    6497787	FORWARD:          0	MERGED:          0	TO_CACHE:    6497787

STLB Hit, L1D data hit: 0
STLB Hit, L2C data hit: 0
STLB Hit, LLC data hit: 0
STLB Hit, LLC data miss: 0
STLB STLB hints to L2: 0
L1D TOTAL     ACCESS:   55546040  HIT:   44516802  MISS:   11029238  HIT %:     80.144  MISS %:     19.856   MPKI: 55.1462
L1D LOAD      ACCESS:   54489518  HIT:   43732322  MISS:   10757196  HIT %:    80.2582  MISS %:    19.7418   MPKI: 53.786
L1D RFO       ACCESS:    1056522  HIT:     784480  MISS:     272042  HIT %:    74.2512  MISS %:    25.7488   MPKI: 1.36021
L1D PREFETCH  REQUESTED:          0  ISSUED:          0  USEFUL:          0  USELESS:          0
L1D USEFUL LOAD PREFETCHES:          0 PREFETCH ISSUED TO LOWER LEVEL:          0  ACCURACY: -nan
L1D TIMELY PREFETCHES:          0 LATE PREFETCHES: 0 DROPPED PREFETCHES: 0
L1D PREFETCHES SAME FILL-ORIGIN LEVEL: 0 DIFFERENT FILL-ORIGIN LEVEL: 0
L1D AVERAGE MISS LATENCY:    46.7947 cycles AVERAGE LOAD MISS LATENCY:    46.4178 cycles Load Miss   10757196
L1D Average MSHR Occupancy:    1.00639
L1D RQ	ACCESS:   78220985	FORWARD:          0	MERGED:   21661698	TO_CACHE:   56526804
L1D WQ	ACCESS:    1149866	FORWARD:      32483	MERGED:        233	TO_CACHE:    1149633

L1D UNIQUE REGIONS ACCESSED: 0
L1D REGIONS CONFLICTS: 0
L1D Cross Page Prefetch Requests: 0
L1D Same Page Prefetch Requests: 0
L1D ROI Sum of L1D PQ occupancy: 0
L1D PREFETCHES PUSHED FROM L2C: 0
L1I TOTAL     ACCESS:   22829358  HIT:      56284  MISS:   22773074  HIT %:   0.246542  MISS %:    99.7535   MPKI: 113.865
L1I LOAD      ACCESS:   22829358  HIT:      56284  MISS:   22773074  HIT %:   0.246542  MISS %:    99.7535   MPKI: 113.865
L1I PREFETCH  REQUESTED:          0  ISSUED:          0  USEFUL:          0  USELESS:          0
L1I USEFUL LOAD PREFETCHES:          0 PREFETCH ISSUED TO LOWER LEVEL:          0  ACCURACY: -nan
L1I TIMELY PREFETCHES:          0 LATE PREFETCHES: 0 DROPPED PREFETCHES: 0
L1I PREFETCHES SAME FILL-ORIGIN LEVEL: 0 DIFFERENT FILL-ORIGIN LEVEL: 0
L1I AVERAGE MISS LATENCY:    14.0751 cycles AVERAGE LOAD MISS LATENCY:    14.0751 cycles Load Miss   22773074
L1I Average MSHR Occupancy:   0.586372
L1I RQ	ACCESS:   30607493	FORWARD:          0	MERGED:    7469014	TO_CACHE:   23138479

BTB TOTAL     ACCESS:   29465144  HIT:   29465020  MISS:        124  HIT %:    99.9996  MISS %: 0.000420836   MPKI: 0.00062
BTB BRANCH_DIRECT_JUMP	ACCESS:    9569635  HIT:    9569600  MISS:         35
BTB BRANCH_INDIRECT	ACCESS:          0  HIT:          0  MISS:          0
BTB BRANCH_CONDITIONAL	ACCESS:   19894673  HIT:   19894599  MISS:         74
BTB BRANCH_DIRECT_CALL	ACCESS:        418  HIT:        412  MISS:          6
BTB BRANCH_INDIRECT_CALL	ACCESS:          0  HIT:          0  MISS:          0
BTB BRANCH_RETURN	ACCESS:        418  HIT:        409  MISS:          9
BTB BRANCH_OTHER ACCESS:          0  HIT:          0  MISS:          0

L2C TOTAL     ACCESS:   35496340  HIT:   31590981  MISS:    3905359  HIT %:    88.9979  MISS %:    11.0021   MPKI: 19.5268
L2C LOAD      ACCESS:   33530269  HIT:   29945820  MISS:    3584449  HIT %:    89.3098  MISS %:    10.6902   MPKI: 17.9222
L2C DATA LOAD MPKI: 17.909
L2C INSTRUCTION LOAD MPKI: 0.013195
L2C RFO       ACCESS:     272042  HIT:     218705  MISS:      53337  HIT %:    80.3938  MISS %:    19.6062   MPKI: 0.266685
L2C PREFETCH  ACCESS:     816525  HIT:     600984  MISS:     215541  HIT %:    73.6026  MISS %:    26.3974   MPKI: 1.0777
AGUS PREFETCH L1 MISS: 0
L2C DATA PREFETCH MPKI: 1.0777
L2C INSTRUCTION PREFETCH MPKI: 0
L2C WRITEBACK ACCESS:     756194  HIT:     756135  MISS:         59  HIT %:    99.9922  MISS %: 0.00780223   MPKI: 0.000295
L2C LOAD TRANSLATION ACCESS:     121310  HIT:      69337  MISS:      51973  HIT %:    57.1569  MISS %:    42.8431   MPKI: 0.259865
L2C PREFETCH  REQUESTED:    3394162  ISSUED:    3394156  USEFUL:     192550  USELESS:      22904
L2C USEFUL LOAD PREFETCHES:     192550 PREFETCH ISSUED TO LOWER LEVEL:    2735299  ACCURACY: 7.03945
L2C TIMELY PREFETCHES:     192550 LATE PREFETCHES: 9719 DROPPED PREFETCHES: 0
L2C PREFETCHES SAME FILL-ORIGIN LEVEL: 225260 DIFFERENT FILL-ORIGIN LEVEL: 2510039
L2C AVERAGE MISS LATENCY:    95.4733 cycles AVERAGE LOAD MISS LATENCY:    93.9436 cycles Load Miss    3584449
L2C Average MSHR Occupancy:   0.720779
L2C RQ	ACCESS:   33923623	FORWARD:          0	MERGED:          0	TO_CACHE:   33923622
L2C WQ	ACCESS:     756194	FORWARD:          1	MERGED:          0	TO_CACHE:     756194
L2C PQ	ACCESS:    3394156	FORWARD:          0	MERGED:      40684	TO_CACHE:    3353472

L2C Instructions Evicting Data 2598
L2C Translations Evicting Data 51315
L2C Data Evicting Data 3797045
L2C Instructions Evicting Instructions 0
L2C Translations Evicting Instructions 30
L2C Data Evicting Instructions 2594
L2C Instructions Evicting Translations 41
L2C Translations Evicting Translations 628
L2C Data Evicting Translations 51049
L2C Dense regions hint from L2: 0
PSCL5 TOTAL     ACCESS:      93793  HIT:      93793  MISS:          0  HIT %:        100  MISS %:          0   MPKI: 0
PSCL5 LOAD TRANSLATION ACCESS:      93793  HIT:      93793  MISS:          0  HIT %:        100  MISS %:          0   MPKI: 0
PSCL5 PREFETCH  REQUESTED:          0  ISSUED:          0  USEFUL:          0  USELESS:          0
PSCL5 USEFUL LOAD PREFETCHES:          0 PREFETCH ISSUED TO LOWER LEVEL:          0  ACCURACY: -nan
PSCL5 TIMELY PREFETCHES:          0 LATE PREFETCHES: 0 DROPPED PREFETCHES: 0
PSCL5 PREFETCHES SAME FILL-ORIGIN LEVEL: 0 DIFFERENT FILL-ORIGIN LEVEL: 0

PSCL4 TOTAL     ACCESS:      93793  HIT:      93793  MISS:          0  HIT %:        100  MISS %:          0   MPKI: 0
PSCL4 LOAD TRANSLATION ACCESS:      93793  HIT:      93793  MISS:          0  HIT %:        100  MISS %:          0   MPKI: 0
PSCL4 PREFETCH  REQUESTED:          0  ISSUED:          0  USEFUL:          0  USELESS:          0
PSCL4 USEFUL LOAD PREFETCHES:          0 PREFETCH ISSUED TO LOWER LEVEL:          0  ACCURACY: -nan
PSCL4 TIMELY PREFETCHES:          0 LATE PREFETCHES: 0 DROPPED PREFETCHES: 0
PSCL4 PREFETCHES SAME FILL-ORIGIN LEVEL: 0 DIFFERENT FILL-ORIGIN LEVEL: 0

PSCL3 TOTAL     ACCESS:      93793  HIT:      93793  MISS:          0  HIT %:        100  MISS %:          0   MPKI: 0
PSCL3 LOAD TRANSLATION ACCESS:      93793  HIT:      93793  MISS:          0  HIT %:        100  MISS %:          0   MPKI: 0
PSCL3 PREFETCH  REQUESTED:          0  ISSUED:          0  USEFUL:          0  USELESS:          0
PSCL3 USEFUL LOAD PREFETCHES:          0 PREFETCH ISSUED TO LOWER LEVEL:          0  ACCURACY: -nan
PSCL3 TIMELY PREFETCHES:          0 LATE PREFETCHES: 0 DROPPED PREFETCHES: 0
PSCL3 PREFETCHES SAME FILL-ORIGIN LEVEL: 0 DIFFERENT FILL-ORIGIN LEVEL: 0

PSCL2 TOTAL     ACCESS:      93793  HIT:      66275  MISS:      27518  HIT %:    70.6609  MISS %:    29.3391   MPKI: 0.13759
PSCL2 LOAD TRANSLATION ACCESS:      93793  HIT:      66275  MISS:      27518  HIT %:    70.6609  MISS %:    29.3391   MPKI: 0.13759
PSCL2 PREFETCH  REQUESTED:          0  ISSUED:          0  USEFUL:          0  USELESS:          0
PSCL2 USEFUL LOAD PREFETCHES:          0 PREFETCH ISSUED TO LOWER LEVEL:          0  ACCURACY: -nan
PSCL2 TIMELY PREFETCHES:          0 LATE PREFETCHES: 0 DROPPED PREFETCHES: 0
PSCL2 PREFETCHES SAME FILL-ORIGIN LEVEL: 0 DIFFERENT FILL-ORIGIN LEVEL: 0

LLC TOTAL     ACCESS:    6704173  HIT:    4187172  MISS:    2517001  HIT %:    62.4562  MISS %:    37.5438   MPKI: 12.585
LLC LOAD      ACCESS:    3574730  HIT:    2605826  MISS:     968904  HIT %:    72.8957  MISS %:    27.1043   MPKI: 4.84452
LLC RFO       ACCESS:      53337  HIT:       2316  MISS:      51021  HIT %:     4.3422  MISS %:    95.6578   MPKI: 0.255105
LLC PREFETCH  ACCESS:    2680746  HIT:    1390650  MISS:    1290096  HIT %:    51.8755  MISS %:    48.1245   MPKI: 6.45048
AGUS PREFETCH L1 MISS: 0
LLC WRITEBACK ACCESS:     343387  HIT:     187603  MISS:     155784  HIT %:    54.6331  MISS %:    45.3669   MPKI: 0.77892
LLC LOAD TRANSLATION ACCESS:      51973  HIT:        777  MISS:      51196  HIT %:    1.49501  MISS %:     98.505   MPKI: 0.25598
LLC PREFETCH  REQUESTED:          0  ISSUED:          0  USEFUL:    1000502  USELESS:     280771
LLC USEFUL LOAD PREFETCHES:    1000502 PREFETCH ISSUED TO LOWER LEVEL:    1313438  ACCURACY: 76.1743
LLC TIMELY PREFETCHES:    1000502 LATE PREFETCHES: 23341 DROPPED PREFETCHES: 0
LLC PREFETCHES SAME FILL-ORIGIN LEVEL: 1298231 DIFFERENT FILL-ORIGIN LEVEL: 0
LLC AVERAGE MISS LATENCY:    157.178 cycles AVERAGE LOAD MISS LATENCY:    180.254 cycles Load Miss     968904
LLC Average MSHR Occupancy:   0.770072
LLC RQ	ACCESS:    3680040	FORWARD:          0	MERGED:          0	TO_CACHE:    3680040
LLC WQ	ACCESS:     343387	FORWARD:          0	MERGED:          0	TO_CACHE:     343387
LLC PQ	ACCESS:    2735299	FORWARD:          0	MERGED:       7948	TO_CACHE:    2727351

LLC Dense regions hint to LLC: 0

RAW hits: 164274
Loads Generated: 78385260
Loads sent to L1D: 78220985
Stores Generated: 1149866
Stores sent to L1D: 1149866
Major fault: 0 Minor fault: 58221
Allocated PAGES: 58221
 All Calls: 20528927
 Critical Calls: 20528927
------------------
Depth Distribution
------------------
depth 0: 0
depth 1: 4243438
depth 2: 2663267
depth 3: 457068
depth 4: 46037
depth 5: 10462
depth 6: 4477
depth 7: 2196
depth 8: 1197
depth 9: 403
depth 10: 115
depth 11: 31
depth 12: 0
depth 13: 0
depth 14: 0
depth 15: 0
depth 16: 0
depth 17: 0
depth 18: 0
depth 19: 0
depth 20: 0
depth 21: 0
depth 22: 0
depth 23: 0
depth 24: 0
depth 25: 0
depth 26: 0
depth 27: 0
depth 28: 0
depth 29: 0
Total: 7428691
-----------------------------
-----------------------------
	Captured at Filter
-----------------------------
depth 0: 0
depth 1: 14431
depth 2: 5167
depth 3: 813
depth 4: 129
depth 5: 28
depth 6: 15
depth 7: 10
depth 8: 4
depth 9: 1
depth 10: 1
depth 11: 0
depth 12: 0
depth 13: 0
depth 14: 0
depth 15: 0
depth 16: 0
depth 17: 0
depth 18: 0
depth 19: 0
depth 20: 0
depth 21: 0
depth 22: 0
depth 23: 0
depth 24: 0
depth 25: 0
depth 26: 0
depth 27: 0
depth 28: 0
depth 29: 0
-----------------------------
-----------------------------
		Lost at Page
-----------------------------
depth 0: 0
depth 1: 108472
depth 2: 67587
depth 3: 20463
depth 4: 3240
depth 5: 955
depth 6: 540
depth 7: 316
depth 8: 198
depth 9: 76
depth 10: 25
depth 11: 8
depth 12: 0
depth 13: 0
depth 14: 0
depth 15: 0
depth 16: 0
depth 17: 0
depth 18: 0
depth 19: 0
depth 20: 0
depth 21: 0
depth 22: 0
depth 23: 0
depth 24: 0
depth 25: 0
depth 26: 0
depth 27: 0
depth 28: 0
depth 29: 0
-----------------------------
-----------------------------
	Lost due to PQ Size
-----------------------------
34908
-----------------------------
ST read accesses: 5130095
ST write accesses: 5627100
PT read accesses: 77687488
PT write accesses: 5054397
FILTER read accesses: 18069114
FILTER write accesses: 4534194
GHR read accesses: 46475260
GHR write accesses: 106059
GHR counter read accesses: 78590442
GHR counter write accesses: 11293895
ST tag read accesses: 7017490688
ST tag write accesses: 1521057726
================ Mockingjay (LLC) Pollution Stats ================
Total pollution count in LLC: 944735
==================================================================

DRAM Statistics
 CHANNEL 0
 RQ ROW_BUFFER_HIT:     519028  ROW_BUFFER_MISS:    1842176
 DBUS_CONGESTED:        574
 WQ ROW_BUFFER_HIT:      61650  ROW_BUFFER_MISS:     232280  FULL:          0

 AVG_CONGESTED_CYCLE: 5
 All warmup complete: 2
Channel 0 Bank busy for read cycles: 0
Channel 0 Bank busy for write cycles: 0
Channel 0
Rank 0
0banks busy for read cycles: 234614322
0banks busy for write cycles: 233953
1banks busy for read cycles: 178525446
1banks busy for write cycles: 39437262
2banks busy for read cycles: 42174807
2banks busy for write cycles: 5386165
3banks busy for read cycles: 9364442
3banks busy for write cycles: 738032
4banks busy for read cycles: 1108843
4banks busy for write cycles: 108440
5banks busy for read cycles: 173388
5banks busy for write cycles: 22253
6banks busy for read cycles: 112948
6banks busy for write cycles: 9612
7banks busy for read cycles: 183473
7banks busy for write cycles: 11639
8banks busy for read cycles: 510722
8banks busy for write cycles: 39038

CPU 0 Branch Prediction Accuracy: 98.8277% MPKI: 1.7496 Average ROB Occupancy at Mispredict: 52.494
Branch types
NOT_BRANCH: 170150034 85.075%
BRANCH_DIRECT_JUMP: 9569635 4.78482%
BRANCH_INDIRECT: 0 0%
BRANCH_CONDITIONAL: 20279683 10.1398%
BRANCH_DIRECT_CALL: 418 0.000209%
BRANCH_INDIRECT_CALL: 0 0%
BRANCH_RETURN: 418 0.000209%
BRANCH_OTHER: 0 0%

===================== LRU L1D STATS =====================
Total pollution count in L1D: 0
=========================================================
================ SRRIP (L2C) Pollution Stats ================
Total pollution count in L2c: 5211891
==================================================================
DRAM PAGES: 1048576
Allocated PAGES: 58221
