
*** ChampSim Multicore Out-of-Order Simulator ***

Warmup Instructions: 200000000
Simulation Instructions: 200000000
Number of CPUs: 1
LLC sets: 4096
LLC ways: 12
Off-chip DRAM Size: 4096 MB Channels: 1 Width: 64-bit Data Rate: 6400 MT/s
CPU 0 runs /home1/sweta/traces/DPC4-Traces/Google_Traces_v2/Google_Traces_v2/sierra.a.3/sierra.a.3_0000.champsim.gz
.gz
BTB has LRU replacement policy
ITLB has LRU replacement policy
DTLB has LRU replacement policy
STLB has LRU replacement policy
L1I has LRU replacement policy
CPU 0 L1D IP-based stride prefetcher
L1D has LRU replacement policy
Initialize SRRIP state for L2C
Initialize Mockingjay state for LLC
Heartbeat CPU 0 instructions: 10000000 cycles: 2676065 heartbeat IPC: 3.73683 cumulative IPC: 3.73683 (Simulation time: 0 hr 0 min 22 sec) 
Heartbeat CPU 0 instructions: 20000001 cycles: 5201817 heartbeat IPC: 3.95922 cumulative IPC: 3.84481 (Simulation time: 0 hr 0 min 47 sec) 
Heartbeat CPU 0 instructions: 30000001 cycles: 7697678 heartbeat IPC: 4.00663 cumulative IPC: 3.89728 (Simulation time: 0 hr 1 min 12 sec) 
Heartbeat CPU 0 instructions: 40000006 cycles: 10249192 heartbeat IPC: 3.91924 cumulative IPC: 3.90275 (Simulation time: 0 hr 1 min 36 sec) 
Heartbeat CPU 0 instructions: 50000002 cycles: 12797246 heartbeat IPC: 3.92456 cumulative IPC: 3.90709 (Simulation time: 0 hr 2 min 1 sec) 
Heartbeat CPU 0 instructions: 60000007 cycles: 15419541 heartbeat IPC: 3.81346 cumulative IPC: 3.89117 (Simulation time: 0 hr 2 min 27 sec) 
Heartbeat CPU 0 instructions: 70000002 cycles: 17982682 heartbeat IPC: 3.90146 cumulative IPC: 3.89263 (Simulation time: 0 hr 2 min 52 sec) 
Heartbeat CPU 0 instructions: 80000000 cycles: 20531727 heartbeat IPC: 3.92304 cumulative IPC: 3.89641 (Simulation time: 0 hr 3 min 18 sec) 
Heartbeat CPU 0 instructions: 90000000 cycles: 23012373 heartbeat IPC: 4.03121 cumulative IPC: 3.91094 (Simulation time: 0 hr 3 min 42 sec) 
Heartbeat CPU 0 instructions: 100000000 cycles: 25559170 heartbeat IPC: 3.9265 cumulative IPC: 3.91249 (Simulation time: 0 hr 4 min 7 sec) 
Heartbeat CPU 0 instructions: 110000002 cycles: 28085907 heartbeat IPC: 3.95767 cumulative IPC: 3.91656 (Simulation time: 0 hr 4 min 31 sec) 
Heartbeat CPU 0 instructions: 120000007 cycles: 30704771 heartbeat IPC: 3.81845 cumulative IPC: 3.90819 (Simulation time: 0 hr 4 min 57 sec) 
Heartbeat CPU 0 instructions: 130000000 cycles: 33281166 heartbeat IPC: 3.88139 cumulative IPC: 3.90611 (Simulation time: 0 hr 5 min 22 sec) 
Heartbeat CPU 0 instructions: 140000004 cycles: 35928633 heartbeat IPC: 3.7772 cumulative IPC: 3.89661 (Simulation time: 0 hr 5 min 45 sec) 
Heartbeat CPU 0 instructions: 150000002 cycles: 38276928 heartbeat IPC: 4.25841 cumulative IPC: 3.91881 (Simulation time: 0 hr 6 min 9 sec) 
Heartbeat CPU 0 instructions: 160000003 cycles: 40798767 heartbeat IPC: 3.96536 cumulative IPC: 3.92169 (Simulation time: 0 hr 6 min 34 sec) 
Heartbeat CPU 0 instructions: 170000005 cycles: 43399078 heartbeat IPC: 3.84569 cumulative IPC: 3.91713 (Simulation time: 0 hr 6 min 59 sec) 
Heartbeat CPU 0 instructions: 180000000 cycles: 45725973 heartbeat IPC: 4.29757 cumulative IPC: 3.93649 (Simulation time: 0 hr 7 min 21 sec) 
Heartbeat CPU 0 instructions: 190000000 cycles: 48247577 heartbeat IPC: 3.96573 cumulative IPC: 3.93802 (Simulation time: 0 hr 7 min 45 sec) 
Heartbeat CPU 0 instructions: 200000004 cycles: 50784577 heartbeat IPC: 3.94166 cumulative IPC: 3.9382 (Simulation time: 0 hr 8 min 11 sec) 

Warmup complete CPU 0 instructions: 200000004 cycles: 50784577 (Simulation time: 0 hr 8 min 11 sec) 

Heartbeat CPU 0 instructions: 210000005 cycles: 69737272 heartbeat IPC: 0.527629 cumulative IPC: 0.527629 (Simulation time: 0 hr 8 min 37 sec) 
Heartbeat CPU 0 instructions: 220000002 cycles: 98704529 heartbeat IPC: 0.345217 cumulative IPC: 0.417363 (Simulation time: 0 hr 9 min 6 sec) 
Heartbeat CPU 0 instructions: 230000000 cycles: 131384462 heartbeat IPC: 0.305998 cumulative IPC: 0.372209 (Simulation time: 0 hr 9 min 37 sec) 
Heartbeat CPU 0 instructions: 240000002 cycles: 175897110 heartbeat IPC: 0.224655 cumulative IPC: 0.319712 (Simulation time: 0 hr 10 min 9 sec) 
Heartbeat CPU 0 instructions: 250000005 cycles: 213574203 heartbeat IPC: 0.265413 cumulative IPC: 0.307145 (Simulation time: 0 hr 10 min 40 sec) 
Heartbeat CPU 0 instructions: 260000001 cycles: 250814854 heartbeat IPC: 0.268524 cumulative IPC: 0.299955 (Simulation time: 0 hr 11 min 11 sec) 
Heartbeat CPU 0 instructions: 270000000 cycles: 280292543 heartbeat IPC: 0.33924 cumulative IPC: 0.305 (Simulation time: 0 hr 11 min 42 sec) 
Heartbeat CPU 0 instructions: 280000006 cycles: 303772629 heartbeat IPC: 0.425893 cumulative IPC: 0.31622 (Simulation time: 0 hr 12 min 13 sec) 
Heartbeat CPU 0 instructions: 290000002 cycles: 338100091 heartbeat IPC: 0.291312 cumulative IPC: 0.313244 (Simulation time: 0 hr 12 min 44 sec) 
Heartbeat CPU 0 instructions: 300000004 cycles: 379729802 heartbeat IPC: 0.240213 cumulative IPC: 0.304002 (Simulation time: 0 hr 13 min 16 sec) 
Heartbeat CPU 0 instructions: 310000005 cycles: 402590968 heartbeat IPC: 0.437423 cumulative IPC: 0.312672 (Simulation time: 0 hr 13 min 44 sec) 
Heartbeat CPU 0 instructions: 320000001 cycles: 434763545 heartbeat IPC: 0.310824 cumulative IPC: 0.312517 (Simulation time: 0 hr 14 min 19 sec) 
Heartbeat CPU 0 instructions: 330000001 cycles: 462508884 heartbeat IPC: 0.360421 cumulative IPC: 0.315745 (Simulation time: 0 hr 14 min 48 sec) 
Heartbeat CPU 0 instructions: 340000000 cycles: 500771854 heartbeat IPC: 0.261349 cumulative IPC: 0.31112 (Simulation time: 0 hr 15 min 21 sec) 
Heartbeat CPU 0 instructions: 350000003 cycles: 525685466 heartbeat IPC: 0.401387 cumulative IPC: 0.315855 (Simulation time: 0 hr 15 min 47 sec) 
Heartbeat CPU 0 instructions: 360000000 cycles: 550844561 heartbeat IPC: 0.39747 cumulative IPC: 0.319962 (Simulation time: 0 hr 16 min 15 sec) 
Heartbeat CPU 0 instructions: 370000001 cycles: 563430761 heartbeat IPC: 0.794521 cumulative IPC: 0.331613 (Simulation time: 0 hr 16 min 38 sec) 
Heartbeat CPU 0 instructions: 380000002 cycles: 576721270 heartbeat IPC: 0.752417 cumulative IPC: 0.342247 (Simulation time: 0 hr 17 min 3 sec) 
Heartbeat CPU 0 instructions: 390000004 cycles: 612215860 heartbeat IPC: 0.281733 cumulative IPC: 0.338421 (Simulation time: 0 hr 17 min 32 sec) 
Heartbeat CPU 0 instructions: 400000002 cycles: 644947941 heartbeat IPC: 0.305511 cumulative IPC: 0.336608 (Simulation time: 0 hr 18 min 1 sec) 
Finished CPU 0 instructions: 200000000 cycles: 594163365 cumulative IPC: 0.336608 (Simulation time: 0 hr 18 min 1 sec) 

ChampSim completed all CPUs

Region of Interest Statistics

CPU 0 cumulative IPC: 0.336608 instructions: 200000000 cycles: 594163365
ITLB TOTAL     ACCESS:   20996271  HIT:   20539013  MISS:     457258  HIT %:    97.8222  MISS %:    2.17781   MPKI: 2.28629
ITLB LOAD TRANSLATION ACCESS:   20996271  HIT:   20539013  MISS:     457258  HIT %:    97.8222  MISS %:    2.17781   MPKI: 2.28629
ITLB PREFETCH  REQUESTED:          0  ISSUED:          0  USEFUL:          0  USELESS:          0
ITLB USEFUL LOAD PREFETCHES:          0 PREFETCH ISSUED TO LOWER LEVEL:          0  ACCURACY: -nan
ITLB TIMELY PREFETCHES:          0 LATE PREFETCHES: 0 DROPPED PREFETCHES: 0
ITLB PREFETCHES SAME FILL-ORIGIN LEVEL: 0 DIFFERENT FILL-ORIGIN LEVEL: 0
ITLB AVERAGE MISS LATENCY:    25.1154 cycles AVERAGE LOAD MISS LATENCY:       -nan cycles Load Miss          0
ITLB Average MSHR Occupancy:  0.0195826
ITLB RQ	ACCESS:   24720975	FORWARD:          0	MERGED:    3311837	TO_CACHE:   21409138

DTLB TOTAL     ACCESS:   39355020  HIT:   36946871  MISS:    2408149  HIT %:     93.881  MISS %:    6.11904   MPKI: 12.0407
DTLB LOAD TRANSLATION ACCESS:   39355020  HIT:   36946871  MISS:    2408149  HIT %:     93.881  MISS %:    6.11904   MPKI: 12.0407
DTLB PREFETCH  REQUESTED:          0  ISSUED:          0  USEFUL:          0  USELESS:          0
DTLB USEFUL LOAD PREFETCHES:          0 PREFETCH ISSUED TO LOWER LEVEL:          0  ACCURACY: -nan
DTLB TIMELY PREFETCHES:          0 LATE PREFETCHES: 0 DROPPED PREFETCHES: 0
DTLB PREFETCHES SAME FILL-ORIGIN LEVEL: 0 DIFFERENT FILL-ORIGIN LEVEL: 0
DTLB AVERAGE MISS LATENCY:    43.1576 cycles AVERAGE LOAD MISS LATENCY:       -nan cycles Load Miss          0
DTLB Average MSHR Occupancy:   0.168413
DTLB RQ	ACCESS:   52450068	FORWARD:          0	MERGED:   12746825	TO_CACHE:   39703243

STLB TOTAL     ACCESS:    3792273  HIT:    3181027  MISS:     611246  HIT %:    83.8818  MISS %:    16.1182   MPKI: 3.05623
STLB LOAD TRANSLATION ACCESS:    2865407  HIT:    2254161  MISS:     611246  HIT %:    78.6681  MISS %:    21.3319   MPKI: 3.05623
STLB TRANSLATION FROM L1D PREFETCHER ACCESS:     926866  HIT:     926866  MISS:          0  HIT %:        100  MISS %:          0   MPKI: 0
STLB PREFETCH  REQUESTED:          0  ISSUED:          0  USEFUL:          0  USELESS:          0
STLB USEFUL LOAD PREFETCHES:          0 PREFETCH ISSUED TO LOWER LEVEL:          0  ACCURACY: -nan
STLB TIMELY PREFETCHES:          0 LATE PREFETCHES: 0 DROPPED PREFETCHES: 0
STLB PREFETCHES SAME FILL-ORIGIN LEVEL: 0 DIFFERENT FILL-ORIGIN LEVEL: 0
STLB AVERAGE MISS LATENCY:     146.37 cycles AVERAGE LOAD MISS LATENCY:       -nan cycles Load Miss          0
STLB Average MSHR Occupancy:   0.146484
STLB RQ	ACCESS:    6023701	FORWARD:          0	MERGED:    2231428	TO_CACHE:    3792273

STLB Hit, L1D data hit: 0
STLB Hit, L2C data hit: 0
STLB Hit, LLC data hit: 0
STLB Hit, LLC data miss: 0
STLB STLB hints to L2: 0
L1D TOTAL     ACCESS:   53225534  HIT:   49298239  MISS:    3927295  HIT %:    92.6214  MISS %:    7.37859   MPKI: 19.6365
L1D LOAD      ACCESS:   29187700  HIT:   26782209  MISS:    2405491  HIT %:    91.7585  MISS %:    8.24145   MPKI: 12.0275
L1D RFO       ACCESS:   21220182  HIT:   20047983  MISS:    1172199  HIT %:     94.476  MISS %:    5.52398   MPKI: 5.86099
L1D PREFETCH  ACCESS:    2817652  HIT:    2468047  MISS:     349605  HIT %:    87.5923  MISS %:    12.4077   MPKI: 1.74802
AGUS PREFETCH L1 MISS: 0
L1D PREFETCH  REQUESTED:    6820886  ISSUED:    6679828  USEFUL:     279649  USELESS:      69952
L1D USEFUL LOAD PREFETCHES:     279649 PREFETCH ISSUED TO LOWER LEVEL:     448665  ACCURACY: 62.3291
L1D TIMELY PREFETCHES:     279649 LATE PREFETCHES: 53967 DROPPED PREFETCHES: 0
L1D PREFETCHES SAME FILL-ORIGIN LEVEL: 403676 DIFFERENT FILL-ORIGIN LEVEL: 44989
L1D AVERAGE MISS LATENCY:    98.8088 cycles AVERAGE LOAD MISS LATENCY:    93.7408 cycles Load Miss    2405491
L1D Average MSHR Occupancy:   0.676048
L1D RQ	ACCESS:   43869144	FORWARD:          0	MERGED:   13879300	TO_CACHE:   29349242
L1D WQ	ACCESS:   23673893	FORWARD:     640742	MERGED:     573067	TO_CACHE:   23100826
L1D PQ	ACCESS:    3521534	FORWARD:          0	MERGED:     363100	TO_CACHE:    3158294

L1D UNIQUE REGIONS ACCESSED: 0
L1D REGIONS CONFLICTS: 0
L1D Cross Page Prefetch Requests: 0
L1D Same Page Prefetch Requests: 5093716
L1D ROI Sum of L1D PQ occupancy: 47194238
L1D PREFETCHES PUSHED FROM L2C: 0
L1I TOTAL     ACCESS:   24113776  HIT:    8832626  MISS:   15281150  HIT %:     36.629  MISS %:     63.371   MPKI: 76.4057
L1I LOAD      ACCESS:   24113776  HIT:    8832626  MISS:   15281150  HIT %:     36.629  MISS %:     63.371   MPKI: 76.4057
L1I PREFETCH  REQUESTED:          0  ISSUED:          0  USEFUL:          0  USELESS:          0
L1I USEFUL LOAD PREFETCHES:          0 PREFETCH ISSUED TO LOWER LEVEL:          0  ACCURACY: -nan
L1I TIMELY PREFETCHES:          0 LATE PREFETCHES: 0 DROPPED PREFETCHES: 0
L1I PREFETCHES SAME FILL-ORIGIN LEVEL: 0 DIFFERENT FILL-ORIGIN LEVEL: 0
L1I AVERAGE MISS LATENCY:     23.321 cycles AVERAGE LOAD MISS LATENCY:     23.321 cycles Load Miss   15281150
L1I Average MSHR Occupancy:   0.591158
L1I RQ	ACCESS:   46624737	FORWARD:          0	MERGED:   21903762	TO_CACHE:   24720975

BTB TOTAL     ACCESS:   15656845  HIT:   12871251  MISS:    2785594  HIT %:    82.2085  MISS %:    17.7915   MPKI: 13.928
BTB BRANCH_DIRECT_JUMP	ACCESS:    3483626  HIT:    2834517  MISS:     649109
BTB BRANCH_INDIRECT	ACCESS:     155549  HIT:      81831  MISS:      73718
BTB BRANCH_CONDITIONAL	ACCESS:    9474908  HIT:    8918783  MISS:     556125
BTB BRANCH_DIRECT_CALL	ACCESS:    1109919  HIT:     659846  MISS:     450073
BTB BRANCH_INDIRECT_CALL	ACCESS:     157020  HIT:      67323  MISS:      89697
BTB BRANCH_RETURN	ACCESS:    1271613  HIT:     307572  MISS:     964041
BTB BRANCH_OTHER ACCESS:       4210  HIT:       1379  MISS:       2831

L2C TOTAL     ACCESS:   22149068  HIT:   19345543  MISS:    2803525  HIT %:    87.3425  MISS %:    12.6575   MPKI: 14.0176
L2C LOAD      ACCESS:   17632340  HIT:   15795991  MISS:    1836349  HIT %:    89.5853  MISS %:    10.4147   MPKI: 9.18174
L2C DATA LOAD MPKI: 4.53142
L2C INSTRUCTION LOAD MPKI: 4.65032
L2C RFO       ACCESS:    1172061  HIT:     673672  MISS:     498389  HIT %:    57.4776  MISS %:    42.5224   MPKI: 2.49194
L2C PREFETCH  ACCESS:     437046  HIT:     259334  MISS:     177712  HIT %:    59.3379  MISS %:    40.6621   MPKI: 0.88856
AGUS PREFETCH L1 MISS: 0
L2C DATA PREFETCH MPKI: 0.88856
L2C INSTRUCTION PREFETCH MPKI: 0
L2C WRITEBACK ACCESS:    1892726  HIT:    1887377  MISS:       5349  HIT %:    99.7174  MISS %:   0.282608   MPKI: 0.026745
L2C LOAD TRANSLATION ACCESS:    1014895  HIT:     729169  MISS:     285726  HIT %:    71.8467  MISS %:    28.1533   MPKI: 1.42863
L2C PREFETCH  REQUESTED:          0  ISSUED:          0  USEFUL:      17078  USELESS:     160498
L2C USEFUL LOAD PREFETCHES:      17078 PREFETCH ISSUED TO LOWER LEVEL:     184055  ACCURACY: 9.27875
L2C TIMELY PREFETCHES:      17078 LATE PREFETCHES: 6343 DROPPED PREFETCHES: 0
L2C PREFETCHES SAME FILL-ORIGIN LEVEL: 20549 DIFFERENT FILL-ORIGIN LEVEL: 0
L2C AVERAGE MISS LATENCY:    190.635 cycles AVERAGE LOAD MISS LATENCY:    179.839 cycles Load Miss    1836349
L2C Average MSHR Occupancy:   0.893783
L2C RQ	ACCESS:   19819667	FORWARD:          0	MERGED:          0	TO_CACHE:   19819298
L2C WQ	ACCESS:    1892726	FORWARD:        390	MERGED:          0	TO_CACHE:    1892726
L2C PQ	ACCESS:     448665	FORWARD:          0	MERGED:         60	TO_CACHE:     448584

L2C Instructions Evicting Data 482089
L2C Translations Evicting Data 155577
L2C Data Evicting Data 942982
L2C Instructions Evicting Instructions 351368
L2C Translations Evicting Instructions 97822
L2C Data Evicting Instructions 483656
L2C Instructions Evicting Translations 96607
L2C Translations Evicting Translations 32327
L2C Data Evicting Translations 155748
L2C Dense regions hint from L2: 0
PSCL5 TOTAL     ACCESS:     611246  HIT:     611246  MISS:          0  HIT %:        100  MISS %:          0   MPKI: 0
PSCL5 LOAD TRANSLATION ACCESS:     611246  HIT:     611246  MISS:          0  HIT %:        100  MISS %:          0   MPKI: 0
PSCL5 PREFETCH  REQUESTED:          0  ISSUED:          0  USEFUL:          0  USELESS:          0
PSCL5 USEFUL LOAD PREFETCHES:          0 PREFETCH ISSUED TO LOWER LEVEL:          0  ACCURACY: -nan
PSCL5 TIMELY PREFETCHES:          0 LATE PREFETCHES: 0 DROPPED PREFETCHES: 0
PSCL5 PREFETCHES SAME FILL-ORIGIN LEVEL: 0 DIFFERENT FILL-ORIGIN LEVEL: 0

PSCL4 TOTAL     ACCESS:     483087  HIT:     479244  MISS:       3843  HIT %:    99.2045  MISS %:   0.795509   MPKI: 0.019215
PSCL4 LOAD TRANSLATION ACCESS:     483087  HIT:     479244  MISS:       3843  HIT %:    99.2045  MISS %:   0.795509   MPKI: 0.019215
PSCL4 PREFETCH  REQUESTED:          0  ISSUED:          0  USEFUL:          0  USELESS:          0
PSCL4 USEFUL LOAD PREFETCHES:          0 PREFETCH ISSUED TO LOWER LEVEL:          0  ACCURACY: -nan
PSCL4 TIMELY PREFETCHES:          0 LATE PREFETCHES: 0 DROPPED PREFETCHES: 0
PSCL4 PREFETCHES SAME FILL-ORIGIN LEVEL: 0 DIFFERENT FILL-ORIGIN LEVEL: 0

PSCL3 TOTAL     ACCESS:     608912  HIT:     593995  MISS:      14917  HIT %:    97.5502  MISS %:    2.44978   MPKI: 0.074585
PSCL3 LOAD TRANSLATION ACCESS:     608912  HIT:     593995  MISS:      14917  HIT %:    97.5502  MISS %:    2.44978   MPKI: 0.074585
PSCL3 PREFETCH  REQUESTED:          0  ISSUED:          0  USEFUL:          0  USELESS:          0
PSCL3 USEFUL LOAD PREFETCHES:          0 PREFETCH ISSUED TO LOWER LEVEL:          0  ACCURACY: -nan
PSCL3 TIMELY PREFETCHES:          0 LATE PREFETCHES: 0 DROPPED PREFETCHES: 0
PSCL3 PREFETCHES SAME FILL-ORIGIN LEVEL: 0 DIFFERENT FILL-ORIGIN LEVEL: 0

PSCL2 TOTAL     ACCESS:     611246  HIT:     225359  MISS:     385887  HIT %:    36.8688  MISS %:    63.1312   MPKI: 1.92944
PSCL2 LOAD TRANSLATION ACCESS:     611246  HIT:     225359  MISS:     385887  HIT %:    36.8688  MISS %:    63.1312   MPKI: 1.92944
PSCL2 PREFETCH  REQUESTED:          0  ISSUED:          0  USEFUL:          0  USELESS:          0
PSCL2 USEFUL LOAD PREFETCHES:          0 PREFETCH ISSUED TO LOWER LEVEL:          0  ACCURACY: -nan
PSCL2 TIMELY PREFETCHES:          0 LATE PREFETCHES: 0 DROPPED PREFETCHES: 0
PSCL2 PREFETCHES SAME FILL-ORIGIN LEVEL: 0 DIFFERENT FILL-ORIGIN LEVEL: 0

LLC TOTAL     ACCESS:    3625597  HIT:     722660  MISS:    2902937  HIT %:    19.9322  MISS %:    80.0678   MPKI: 14.5147
LLC LOAD      ACCESS:    1830005  HIT:     434446  MISS:    1395559  HIT %:    23.7402  MISS %:    76.2598   MPKI: 6.9778
LLC RFO       ACCESS:     498388  HIT:      22257  MISS:     476131  HIT %:     4.4658  MISS %:    95.5342   MPKI: 2.38065
LLC PREFETCH  ACCESS:     184055  HIT:       3314  MISS:     180741  HIT %:    1.80055  MISS %:    98.1995   MPKI: 0.903705
AGUS PREFETCH L1 MISS: 0
LLC WRITEBACK ACCESS:     827423  HIT:     196123  MISS:     631300  HIT %:    23.7029  MISS %:    76.2971   MPKI: 3.1565
LLC LOAD TRANSLATION ACCESS:     285726  HIT:      66520  MISS:     219206  HIT %:     23.281  MISS %:     76.719   MPKI: 1.09603
LLC PREFETCH  REQUESTED:          0  ISSUED:          0  USEFUL:        401  USELESS:      83849
LLC USEFUL LOAD PREFETCHES:        401 PREFETCH ISSUED TO LOWER LEVEL:     180741  ACCURACY: 0.221864
LLC TIMELY PREFETCHES:        401 LATE PREFETCHES: 0 DROPPED PREFETCHES: 0
LLC PREFETCHES SAME FILL-ORIGIN LEVEL: 0 DIFFERENT FILL-ORIGIN LEVEL: 0
LLC AVERAGE MISS LATENCY:    140.585 cycles AVERAGE LOAD MISS LATENCY:    176.615 cycles Load Miss    1395559
LLC Average MSHR Occupancy:   0.683039
LLC RQ	ACCESS:    2614121	FORWARD:          0	MERGED:          0	TO_CACHE:    2614119
LLC WQ	ACCESS:     827423	FORWARD:          2	MERGED:          0	TO_CACHE:     827423
LLC PQ	ACCESS:     184055	FORWARD:          0	MERGED:          0	TO_CACHE:     184055

LLC Dense regions hint to LLC: 0

RAW hits: 2508425
Loads Generated: 46377569
Loads sent to L1D: 43869144
Stores Generated: 23673870
Stores sent to L1D: 23673893
Major fault: 0 Minor fault: 143861
Allocated PAGES: 143861
CPU 0 L1D PC-based stride prefetcher final stats
Degree: 3
================ Mockingjay (LLC) Pollution Stats ================
Total pollution count in LLC: 26443
==================================================================

DRAM Statistics
 CHANNEL 0
 RQ ROW_BUFFER_HIT:     482642  ROW_BUFFER_MISS:    1788985
 DBUS_CONGESTED:       1897
 WQ ROW_BUFFER_HIT:     294064  ROW_BUFFER_MISS:     516768  FULL:       3740

 AVG_CONGESTED_CYCLE: 4
 All warmup complete: 2
Channel 0 Bank busy for read cycles: 0
Channel 0 Bank busy for write cycles: 0
Channel 0
Rank 0
0banks busy for read cycles: 311940821
0banks busy for write cycles: 327432
1banks busy for read cycles: 131215783
1banks busy for write cycles: 57923777
2banks busy for read cycles: 35466377
2banks busy for write cycles: 19979155
3banks busy for read cycles: 11137378
3banks busy for write cycles: 7173690
4banks busy for read cycles: 4675198
4banks busy for write cycles: 3135112
5banks busy for read cycles: 2152593
5banks busy for write cycles: 1677028
6banks busy for read cycles: 1321479
6banks busy for write cycles: 1059911
7banks busy for read cycles: 997598
7banks busy for write cycles: 873845
8banks busy for read cycles: 1659161
8banks busy for write cycles: 1447028

CPU 0 Branch Prediction Accuracy: 94.4881% MPKI: 8.67361 Average ROB Occupancy at Mispredict: 16.7835
Branch types
NOT_BRANCH: 168527050 84.2635%
BRANCH_DIRECT_JUMP: 3483626 1.74181%
BRANCH_INDIRECT: 155549 0.0777745%
BRANCH_CONDITIONAL: 25290430 12.6452%
BRANCH_DIRECT_CALL: 1109919 0.55496%
BRANCH_INDIRECT_CALL: 157020 0.07851%
BRANCH_RETURN: 1271613 0.635807%
BRANCH_OTHER: 4210 0.002105%

===================== LRU L1D STATS =====================
Total pollution count in L1D: 181457
=========================================================
================ SRRIP (L2C) Pollution Stats ================
Total pollution count in L2c: 2976361
==================================================================
DRAM PAGES: 1048576
Allocated PAGES: 143861
