
*** ChampSim Multicore Out-of-Order Simulator ***

Warmup Instructions: 200000000
Simulation Instructions: 200000000
Number of CPUs: 1
LLC sets: 4096
LLC ways: 12
Off-chip DRAM Size: 4096 MB Channels: 1 Width: 64-bit Data Rate: 6400 MT/s
CPU 0 runs /home1/sweta/traces/DPC4-Traces/Google_Traces_v2/Google_Traces_v2/tahoe/tahoe_0000.champsim.gz
.gz
BTB has LRU replacement policy
ITLB has LRU replacement policy
DTLB has LRU replacement policy
STLB has LRU replacement policy
L1I has LRU replacement policy
CPU 0 L1D IP-based stride prefetcher
L1D has LRU replacement policy
Initialize SRRIP state for L2C
Initialize Mockingjay state for LLC
Heartbeat CPU 0 instructions: 10000001 cycles: 2613526 heartbeat IPC: 3.82625 cumulative IPC: 3.82625 (Simulation time: 0 hr 0 min 22 sec) 
Heartbeat CPU 0 instructions: 20000000 cycles: 5143024 heartbeat IPC: 3.95335 cumulative IPC: 3.88876 (Simulation time: 0 hr 0 min 46 sec) 
Heartbeat CPU 0 instructions: 30000001 cycles: 7549777 heartbeat IPC: 4.15498 cumulative IPC: 3.97363 (Simulation time: 0 hr 1 min 9 sec) 
Heartbeat CPU 0 instructions: 40000003 cycles: 10006549 heartbeat IPC: 4.07038 cumulative IPC: 3.99738 (Simulation time: 0 hr 1 min 33 sec) 
Heartbeat CPU 0 instructions: 50000006 cycles: 12398900 heartbeat IPC: 4.17999 cumulative IPC: 4.03262 (Simulation time: 0 hr 1 min 55 sec) 
Heartbeat CPU 0 instructions: 60000006 cycles: 14516379 heartbeat IPC: 4.7226 cumulative IPC: 4.13326 (Simulation time: 0 hr 2 min 14 sec) 
Heartbeat CPU 0 instructions: 70000006 cycles: 17005017 heartbeat IPC: 4.01826 cumulative IPC: 4.11643 (Simulation time: 0 hr 2 min 37 sec) 
Heartbeat CPU 0 instructions: 80000004 cycles: 19512212 heartbeat IPC: 3.98852 cumulative IPC: 4.1 (Simulation time: 0 hr 3 min 0 sec) 
Heartbeat CPU 0 instructions: 90000000 cycles: 21980400 heartbeat IPC: 4.05155 cumulative IPC: 4.09456 (Simulation time: 0 hr 3 min 23 sec) 
Heartbeat CPU 0 instructions: 100000002 cycles: 24607562 heartbeat IPC: 3.80639 cumulative IPC: 4.06379 (Simulation time: 0 hr 3 min 47 sec) 
Heartbeat CPU 0 instructions: 110000007 cycles: 27194420 heartbeat IPC: 3.8657 cumulative IPC: 4.04495 (Simulation time: 0 hr 4 min 11 sec) 
Heartbeat CPU 0 instructions: 120000004 cycles: 29652231 heartbeat IPC: 4.06866 cumulative IPC: 4.04691 (Simulation time: 0 hr 4 min 33 sec) 
Heartbeat CPU 0 instructions: 130000003 cycles: 32099881 heartbeat IPC: 4.08555 cumulative IPC: 4.04986 (Simulation time: 0 hr 4 min 56 sec) 
Heartbeat CPU 0 instructions: 140000000 cycles: 34572926 heartbeat IPC: 4.0436 cumulative IPC: 4.04941 (Simulation time: 0 hr 5 min 19 sec) 
Heartbeat CPU 0 instructions: 150000002 cycles: 37070828 heartbeat IPC: 4.00336 cumulative IPC: 4.04631 (Simulation time: 0 hr 5 min 43 sec) 
Heartbeat CPU 0 instructions: 160000000 cycles: 39593791 heartbeat IPC: 3.96359 cumulative IPC: 4.04104 (Simulation time: 0 hr 6 min 8 sec) 
Heartbeat CPU 0 instructions: 170000003 cycles: 42136117 heartbeat IPC: 3.93341 cumulative IPC: 4.03454 (Simulation time: 0 hr 6 min 31 sec) 
Heartbeat CPU 0 instructions: 180000000 cycles: 44780739 heartbeat IPC: 3.78126 cumulative IPC: 4.01959 (Simulation time: 0 hr 6 min 56 sec) 
Heartbeat CPU 0 instructions: 190000001 cycles: 47474714 heartbeat IPC: 3.71199 cumulative IPC: 4.00213 (Simulation time: 0 hr 7 min 19 sec) 
Heartbeat CPU 0 instructions: 200000003 cycles: 50071311 heartbeat IPC: 3.8512 cumulative IPC: 3.9943 (Simulation time: 0 hr 7 min 42 sec) 

Warmup complete CPU 0 instructions: 200000003 cycles: 50071311 (Simulation time: 0 hr 7 min 42 sec) 

Heartbeat CPU 0 instructions: 210000000 cycles: 82387548 heartbeat IPC: 0.309442 cumulative IPC: 0.309442 (Simulation time: 0 hr 8 min 14 sec) 
Heartbeat CPU 0 instructions: 220000000 cycles: 102969509 heartbeat IPC: 0.485862 cumulative IPC: 0.378085 (Simulation time: 0 hr 8 min 40 sec) 
Heartbeat CPU 0 instructions: 230000001 cycles: 122807246 heartbeat IPC: 0.50409 cumulative IPC: 0.412451 (Simulation time: 0 hr 9 min 6 sec) 
Heartbeat CPU 0 instructions: 240000003 cycles: 142361055 heartbeat IPC: 0.511409 cumulative IPC: 0.433418 (Simulation time: 0 hr 9 min 33 sec) 
Heartbeat CPU 0 instructions: 250000000 cycles: 161563717 heartbeat IPC: 0.520761 cumulative IPC: 0.448461 (Simulation time: 0 hr 10 min 0 sec) 
Heartbeat CPU 0 instructions: 260000002 cycles: 181625509 heartbeat IPC: 0.49846 cumulative IPC: 0.456086 (Simulation time: 0 hr 10 min 27 sec) 
Heartbeat CPU 0 instructions: 270000000 cycles: 200891071 heartbeat IPC: 0.519061 cumulative IPC: 0.46413 (Simulation time: 0 hr 10 min 54 sec) 
Heartbeat CPU 0 instructions: 280000001 cycles: 226570218 heartbeat IPC: 0.389421 cumulative IPC: 0.453261 (Simulation time: 0 hr 11 min 25 sec) 
Heartbeat CPU 0 instructions: 290000004 cycles: 248785967 heartbeat IPC: 0.450131 cumulative IPC: 0.452911 (Simulation time: 0 hr 11 min 52 sec) 
Heartbeat CPU 0 instructions: 300000004 cycles: 277565800 heartbeat IPC: 0.347466 cumulative IPC: 0.439571 (Simulation time: 0 hr 12 min 22 sec) 
Heartbeat CPU 0 instructions: 310000000 cycles: 311330569 heartbeat IPC: 0.296167 cumulative IPC: 0.421038 (Simulation time: 0 hr 12 min 54 sec) 
Heartbeat CPU 0 instructions: 320000001 cycles: 342837647 heartbeat IPC: 0.317389 cumulative IPC: 0.409883 (Simulation time: 0 hr 13 min 24 sec) 
Heartbeat CPU 0 instructions: 330000000 cycles: 379986039 heartbeat IPC: 0.269191 cumulative IPC: 0.394041 (Simulation time: 0 hr 13 min 57 sec) 
Heartbeat CPU 0 instructions: 340000001 cycles: 412569496 heartbeat IPC: 0.306904 cumulative IPC: 0.386209 (Simulation time: 0 hr 14 min 30 sec) 
Heartbeat CPU 0 instructions: 350000001 cycles: 434364066 heartbeat IPC: 0.45883 cumulative IPC: 0.390327 (Simulation time: 0 hr 14 min 59 sec) 
Heartbeat CPU 0 instructions: 360000000 cycles: 466118047 heartbeat IPC: 0.314921 cumulative IPC: 0.384572 (Simulation time: 0 hr 15 min 30 sec) 
Heartbeat CPU 0 instructions: 370000002 cycles: 499531020 heartbeat IPC: 0.299285 cumulative IPC: 0.378232 (Simulation time: 0 hr 16 min 2 sec) 
Heartbeat CPU 0 instructions: 380000003 cycles: 539131259 heartbeat IPC: 0.252524 cumulative IPC: 0.368053 (Simulation time: 0 hr 16 min 36 sec) 
Heartbeat CPU 0 instructions: 390000001 cycles: 573114752 heartbeat IPC: 0.29426 cumulative IPC: 0.363259 (Simulation time: 0 hr 17 min 8 sec) 
Heartbeat CPU 0 instructions: 400000001 cycles: 606100698 heartbeat IPC: 0.303159 cumulative IPC: 0.359693 (Simulation time: 0 hr 17 min 36 sec) 
Finished CPU 0 instructions: 200000002 cycles: 556029396 cumulative IPC: 0.359693 (Simulation time: 0 hr 17 min 36 sec) 

ChampSim completed all CPUs

Region of Interest Statistics

CPU 0 cumulative IPC: 0.359693 instructions: 200000002 cycles: 556029396
ITLB TOTAL     ACCESS:   22102865  HIT:   21886624  MISS:     216241  HIT %:    99.0217  MISS %:   0.978339   MPKI: 1.0812
ITLB LOAD TRANSLATION ACCESS:   22102865  HIT:   21886624  MISS:     216241  HIT %:    99.0217  MISS %:   0.978339   MPKI: 1.0812
ITLB PREFETCH  REQUESTED:          0  ISSUED:          0  USEFUL:          0  USELESS:          0
ITLB USEFUL LOAD PREFETCHES:          0 PREFETCH ISSUED TO LOWER LEVEL:          0  ACCURACY: -nan
ITLB TIMELY PREFETCHES:          0 LATE PREFETCHES: 0 DROPPED PREFETCHES: 0
ITLB PREFETCHES SAME FILL-ORIGIN LEVEL: 0 DIFFERENT FILL-ORIGIN LEVEL: 0
ITLB AVERAGE MISS LATENCY:    31.5442 cycles AVERAGE LOAD MISS LATENCY:       -nan cycles Load Miss          0
ITLB Average MSHR Occupancy:  0.0123889
ITLB RQ	ACCESS:   25215218	FORWARD:          0	MERGED:    2925733	TO_CACHE:   22289485

DTLB TOTAL     ACCESS:   45666188  HIT:   44339793  MISS:    1326395  HIT %:    97.0955  MISS %:    2.90455   MPKI: 6.63197
DTLB LOAD TRANSLATION ACCESS:   45666188  HIT:   44339793  MISS:    1326395  HIT %:    97.0955  MISS %:    2.90455   MPKI: 6.63197
DTLB PREFETCH  REQUESTED:          0  ISSUED:          0  USEFUL:          0  USELESS:          0
DTLB USEFUL LOAD PREFETCHES:          0 PREFETCH ISSUED TO LOWER LEVEL:          0  ACCURACY: -nan
DTLB TIMELY PREFETCHES:          0 LATE PREFETCHES: 0 DROPPED PREFETCHES: 0
DTLB PREFETCHES SAME FILL-ORIGIN LEVEL: 0 DIFFERENT FILL-ORIGIN LEVEL: 0
DTLB AVERAGE MISS LATENCY:     44.202 cycles AVERAGE LOAD MISS LATENCY:       -nan cycles Load Miss          0
DTLB Average MSHR Occupancy:   0.101086
DTLB RQ	ACCESS:   56901917	FORWARD:          0	MERGED:   11018687	TO_CACHE:   45883230

STLB TOTAL     ACCESS:    1982440  HIT:    1575111  MISS:     407329  HIT %:    79.4531  MISS %:    20.5469   MPKI: 2.03664
STLB LOAD TRANSLATION ACCESS:    1542636  HIT:    1135310  MISS:     407326  HIT %:    73.5955  MISS %:    26.4045   MPKI: 2.03663
STLB TRANSLATION FROM L1D PREFETCHER ACCESS:     439804  HIT:     439801  MISS:          3  HIT %:    99.9993  MISS %: 0.000682122   MPKI: 1.5e-05
STLB PREFETCH  REQUESTED:          0  ISSUED:          0  USEFUL:          3  USELESS:          0
STLB USEFUL LOAD PREFETCHES:          3 PREFETCH ISSUED TO LOWER LEVEL:          0  ACCURACY: inf
STLB TIMELY PREFETCHES:          3 LATE PREFETCHES: 0 DROPPED PREFETCHES: 0
STLB PREFETCHES SAME FILL-ORIGIN LEVEL: 0 DIFFERENT FILL-ORIGIN LEVEL: 0
STLB AVERAGE MISS LATENCY:    126.399 cycles AVERAGE LOAD MISS LATENCY:       -nan cycles Load Miss          0
STLB Average MSHR Occupancy:  0.0889915
STLB RQ	ACCESS:    2865570	FORWARD:          0	MERGED:     883130	TO_CACHE:    1982440

STLB Hit, L1D data hit: 0
STLB Hit, L2C data hit: 0
STLB Hit, LLC data hit: 0
STLB Hit, LLC data miss: 0
STLB STLB hints to L2: 0
L1D TOTAL     ACCESS:   56850500  HIT:   54998282  MISS:    1852218  HIT %:    96.7419  MISS %:    3.25805   MPKI: 9.26109
L1D LOAD      ACCESS:   35431296  HIT:   34133085  MISS:    1298211  HIT %:     96.336  MISS %:    3.66402   MPKI: 6.49105
L1D RFO       ACCESS:   20370533  HIT:   19935998  MISS:     434535  HIT %:    97.8668  MISS %:    2.13315   MPKI: 2.17267
L1D PREFETCH  ACCESS:    1048671  HIT:     929199  MISS:     119472  HIT %:    88.6073  MISS %:    11.3927   MPKI: 0.59736
AGUS PREFETCH L1 MISS: 0
L1D PREFETCH  REQUESTED:    2879592  ISSUED:    2811439  USEFUL:      75225  USELESS:      44248
L1D USEFUL LOAD PREFETCHES:      75225 PREFETCH ISSUED TO LOWER LEVEL:     183926  ACCURACY: 40.8996
L1D TIMELY PREFETCHES:      75225 LATE PREFETCHES: 52357 DROPPED PREFETCHES: 0
L1D PREFETCHES SAME FILL-ORIGIN LEVEL: 171896 DIFFERENT FILL-ORIGIN LEVEL: 12030
L1D AVERAGE MISS LATENCY:    125.847 cycles AVERAGE LOAD MISS LATENCY:    105.969 cycles Load Miss    1298211
L1D Average MSHR Occupancy:    0.44658
L1D RQ	ACCESS:   54747057	FORWARD:          0	MERGED:   18068082	TO_CACHE:   35559507
L1D WQ	ACCESS:   22017491	FORWARD:    1119521	MERGED:     675081	TO_CACHE:   21342410
L1D PQ	ACCESS:    1488504	FORWARD:          0	MERGED:     165516	TO_CACHE:    1322935

L1D UNIQUE REGIONS ACCESSED: 0
L1D REGIONS CONFLICTS: 0
L1D Cross Page Prefetch Requests: 0
L1D Same Page Prefetch Requests: 4344367
L1D ROI Sum of L1D PQ occupancy: 20255179
L1D PREFETCHES PUSHED FROM L2C: 0
L1I TOTAL     ACCESS:   23908275  HIT:    7522613  MISS:   16385662  HIT %:    31.4645  MISS %:    68.5355   MPKI: 81.9283
L1I LOAD      ACCESS:   23908275  HIT:    7522613  MISS:   16385662  HIT %:    31.4645  MISS %:    68.5355   MPKI: 81.9283
L1I PREFETCH  REQUESTED:          0  ISSUED:          0  USEFUL:          0  USELESS:          0
L1I USEFUL LOAD PREFETCHES:          0 PREFETCH ISSUED TO LOWER LEVEL:          0  ACCURACY: -nan
L1I TIMELY PREFETCHES:          0 LATE PREFETCHES: 0 DROPPED PREFETCHES: 0
L1I PREFETCHES SAME FILL-ORIGIN LEVEL: 0 DIFFERENT FILL-ORIGIN LEVEL: 0
L1I AVERAGE MISS LATENCY:    19.6265 cycles AVERAGE LOAD MISS LATENCY:    19.6265 cycles Load Miss   16385662
L1I Average MSHR Occupancy:   0.562866
L1I RQ	ACCESS:   45777495	FORWARD:          0	MERGED:   20562277	TO_CACHE:   25215218

BTB TOTAL     ACCESS:   25889643  HIT:   24352886  MISS:    1536757  HIT %:    94.0642  MISS %:     5.9358   MPKI: 7.68378
BTB BRANCH_DIRECT_JUMP	ACCESS:    2530954  HIT:    2404599  MISS:     126355
BTB BRANCH_INDIRECT	ACCESS:     210558  HIT:     152399  MISS:      58159
BTB BRANCH_CONDITIONAL	ACCESS:   19529232  HIT:   19231181  MISS:     298051
BTB BRANCH_DIRECT_CALL	ACCESS:    1065885  HIT:     872238  MISS:     193647
BTB BRANCH_INDIRECT_CALL	ACCESS:     742429  HIT:     509113  MISS:     233316
BTB BRANCH_RETURN	ACCESS:    1809719  HIT:    1182639  MISS:     627080
BTB BRANCH_OTHER ACCESS:        866  HIT:        717  MISS:        149

L2C TOTAL     ACCESS:   19578566  HIT:   17764279  MISS:    1814287  HIT %:    90.7333  MISS %:     9.2667   MPKI: 9.07143
L2C LOAD      ACCESS:   17631502  HIT:   16460641  MISS:    1170861  HIT %:    93.3593  MISS %:    6.64073   MPKI: 5.8543
L2C DATA LOAD MPKI: 3.0305
L2C INSTRUCTION LOAD MPKI: 2.8238
L2C RFO       ACCESS:     434455  HIT:      97684  MISS:     336771  HIT %:    22.4843  MISS %:    77.5157   MPKI: 1.68385
L2C PREFETCH  ACCESS:     178972  HIT:      47004  MISS:     131968  HIT %:    26.2633  MISS %:    73.7367   MPKI: 0.65984
AGUS PREFETCH L1 MISS: 0
L2C DATA PREFETCH MPKI: 0.65984
L2C INSTRUCTION PREFETCH MPKI: 0
L2C WRITEBACK ACCESS:     674626  HIT:     673326  MISS:       1300  HIT %:    99.8073  MISS %:   0.192699   MPKI: 0.0065
L2C LOAD TRANSLATION ACCESS:     659002  HIT:     485615  MISS:     173387  HIT %:    73.6895  MISS %:    26.3105   MPKI: 0.866935
L2C TRANSLATION FROM L1D PREFETCHER ACCESS:          9  HIT:          9  MISS:          0  HIT %:        100  MISS %:          0   MPKI: 0
L2C PREFETCH  REQUESTED:          0  ISSUED:          0  USEFUL:       4377  USELESS:     127909
L2C USEFUL LOAD PREFETCHES:       4377 PREFETCH ISSUED TO LOWER LEVEL:     134666  ACCURACY: 3.25026
L2C TIMELY PREFETCHES:       4377 LATE PREFETCHES: 2698 DROPPED PREFETCHES: 0
L2C PREFETCHES SAME FILL-ORIGIN LEVEL: 8405 DIFFERENT FILL-ORIGIN LEVEL: 0
L2C AVERAGE MISS LATENCY:    186.599 cycles AVERAGE LOAD MISS LATENCY:     178.87 cycles Load Miss    1170861
L2C Average MSHR Occupancy:   0.606362
L2C RQ	ACCESS:   18724995	FORWARD:          0	MERGED:          0	TO_CACHE:   18724967
L2C WQ	ACCESS:     674626	FORWARD:         28	MERGED:          0	TO_CACHE:     674626
L2C PQ	ACCESS:     183926	FORWARD:          0	MERGED:         29	TO_CACHE:     183897

L2C Instructions Evicting Data 328671
L2C Translations Evicting Data 102648
L2C Data Evicting Data 641492
L2C Instructions Evicting Instructions 181750
L2C Translations Evicting Instructions 54182
L2C Data Evicting Instructions 330010
L2C Instructions Evicting Translations 54339
L2C Translations Evicting Translations 16557
L2C Data Evicting Translations 103338
L2C Dense regions hint from L2: 0
PSCL5 TOTAL     ACCESS:     407328  HIT:     407328  MISS:          0  HIT %:        100  MISS %:          0   MPKI: 0
PSCL5 LOAD TRANSLATION ACCESS:     407325  HIT:     407325  MISS:          0  HIT %:        100  MISS %:          0   MPKI: 0
PSCL5 TRANSLATION FROM L1D PREFETCHER ACCESS:          3  HIT:          3  MISS:          0  HIT %:        100  MISS %:          0   MPKI: 0
PSCL5 PREFETCH  REQUESTED:          0  ISSUED:          0  USEFUL:          0  USELESS:          0
PSCL5 USEFUL LOAD PREFETCHES:          0 PREFETCH ISSUED TO LOWER LEVEL:          0  ACCURACY: -nan
PSCL5 TIMELY PREFETCHES:          0 LATE PREFETCHES: 0 DROPPED PREFETCHES: 0
PSCL5 PREFETCHES SAME FILL-ORIGIN LEVEL: 0 DIFFERENT FILL-ORIGIN LEVEL: 0

PSCL4 TOTAL     ACCESS:     347687  HIT:     345474  MISS:       2213  HIT %:    99.3635  MISS %:   0.636492   MPKI: 0.011065
PSCL4 LOAD TRANSLATION ACCESS:     347684  HIT:     345471  MISS:       2213  HIT %:    99.3635  MISS %:   0.636498   MPKI: 0.011065
PSCL4 TRANSLATION FROM L1D PREFETCHER ACCESS:          3  HIT:          3  MISS:          0  HIT %:        100  MISS %:          0   MPKI: 0
PSCL4 PREFETCH  REQUESTED:          0  ISSUED:          0  USEFUL:          0  USELESS:          0
PSCL4 USEFUL LOAD PREFETCHES:          0 PREFETCH ISSUED TO LOWER LEVEL:          0  ACCURACY: -nan
PSCL4 TIMELY PREFETCHES:          0 LATE PREFETCHES: 0 DROPPED PREFETCHES: 0
PSCL4 PREFETCHES SAME FILL-ORIGIN LEVEL: 0 DIFFERENT FILL-ORIGIN LEVEL: 0

PSCL3 TOTAL     ACCESS:     402236  HIT:     384095  MISS:      18141  HIT %:      95.49  MISS %:    4.51004   MPKI: 0.090705
PSCL3 LOAD TRANSLATION ACCESS:     402236  HIT:     384095  MISS:      18141  HIT %:      95.49  MISS %:    4.51004   MPKI: 0.090705
PSCL3 PREFETCH  REQUESTED:          0  ISSUED:          0  USEFUL:          0  USELESS:          0
PSCL3 USEFUL LOAD PREFETCHES:          0 PREFETCH ISSUED TO LOWER LEVEL:          0  ACCURACY: -nan
PSCL3 TIMELY PREFETCHES:          0 LATE PREFETCHES: 0 DROPPED PREFETCHES: 0
PSCL3 PREFETCHES SAME FILL-ORIGIN LEVEL: 0 DIFFERENT FILL-ORIGIN LEVEL: 0

PSCL2 TOTAL     ACCESS:     407328  HIT:     173793  MISS:     233535  HIT %:    42.6666  MISS %:    57.3334   MPKI: 1.16767
PSCL2 LOAD TRANSLATION ACCESS:     407328  HIT:     173793  MISS:     233535  HIT %:    42.6666  MISS %:    57.3334   MPKI: 1.16767
PSCL2 PREFETCH  REQUESTED:          0  ISSUED:          0  USEFUL:          0  USELESS:          0
PSCL2 USEFUL LOAD PREFETCHES:          0 PREFETCH ISSUED TO LOWER LEVEL:          0  ACCURACY: -nan
PSCL2 TIMELY PREFETCHES:          0 LATE PREFETCHES: 0 DROPPED PREFETCHES: 0
PSCL2 PREFETCHES SAME FILL-ORIGIN LEVEL: 0 DIFFERENT FILL-ORIGIN LEVEL: 0

LLC TOTAL     ACCESS:    2279521  HIT:     446681  MISS:    1832840  HIT %:    19.5954  MISS %:    80.4046   MPKI: 9.1642
LLC LOAD      ACCESS:    1168163  HIT:     263261  MISS:     904902  HIT %:    22.5363  MISS %:    77.4637   MPKI: 4.52451
LLC RFO       ACCESS:     336771  HIT:       7626  MISS:     329145  HIT %:    2.26445  MISS %:    97.7356   MPKI: 1.64572
LLC PREFETCH  ACCESS:     134666  HIT:       5751  MISS:     128915  HIT %:    4.27057  MISS %:    95.7294   MPKI: 0.644575
AGUS PREFETCH L1 MISS: 0
LLC WRITEBACK ACCESS:     466534  HIT:     124464  MISS:     342070  HIT %:    26.6784  MISS %:    73.3216   MPKI: 1.71035
LLC LOAD TRANSLATION ACCESS:     173387  HIT:      45579  MISS:     127808  HIT %:    26.2874  MISS %:    73.7126   MPKI: 0.63904
LLC PREFETCH  REQUESTED:          0  ISSUED:          0  USEFUL:        457  USELESS:      19861
LLC USEFUL LOAD PREFETCHES:        457 PREFETCH ISSUED TO LOWER LEVEL:     128915  ACCURACY: 0.354497
LLC TIMELY PREFETCHES:        457 LATE PREFETCHES: 0 DROPPED PREFETCHES: 0
LLC PREFETCHES SAME FILL-ORIGIN LEVEL: 0 DIFFERENT FILL-ORIGIN LEVEL: 0
LLC AVERAGE MISS LATENCY:    139.955 cycles AVERAGE LOAD MISS LATENCY:    172.513 cycles Load Miss     904902
LLC Average MSHR Occupancy:   0.458653
LLC RQ	ACCESS:    1678321	FORWARD:          0	MERGED:          0	TO_CACHE:    1678321
LLC WQ	ACCESS:     466534	FORWARD:          0	MERGED:          0	TO_CACHE:     466534
LLC PQ	ACCESS:     134666	FORWARD:          0	MERGED:          0	TO_CACHE:     134666

LLC Dense regions hint to LLC: 0

RAW hits: 3573666
Loads Generated: 58320721
Loads sent to L1D: 54747057
Stores Generated: 22017488
Stores sent to L1D: 22017491
Major fault: 0 Minor fault: 149944
Allocated PAGES: 149944
CPU 0 L1D PC-based stride prefetcher final stats
Degree: 3
================ Mockingjay (LLC) Pollution Stats ================
Total pollution count in LLC: 29868
==================================================================

DRAM Statistics
 CHANNEL 0
 RQ ROW_BUFFER_HIT:     307702  ROW_BUFFER_MISS:    1183064
 DBUS_CONGESTED:       1055
 WQ ROW_BUFFER_HIT:     149075  ROW_BUFFER_MISS:     308097  FULL:        298

 AVG_CONGESTED_CYCLE: 4
 All warmup complete: 2
Channel 0 Bank busy for read cycles: 0
Channel 0 Bank busy for write cycles: 0
Channel 0
Rank 0
0banks busy for read cycles: 363327069
0banks busy for write cycles: 237054
1banks busy for read cycles: 98600429
1banks busy for write cycles: 41075854
2banks busy for read cycles: 22993082
2banks busy for write cycles: 11107004
3banks busy for read cycles: 6776427
3banks busy for write cycles: 3372942
4banks busy for read cycles: 2541719
4banks busy for write cycles: 1293477
5banks busy for read cycles: 1082874
5banks busy for write cycles: 625371
6banks busy for read cycles: 655169
6banks busy for write cycles: 355729
7banks busy for read cycles: 445096
7banks busy for write cycles: 291131
8banks busy for read cycles: 673139
8banks busy for write cycles: 575831

CPU 0 Branch Prediction Accuracy: 95.4644% MPKI: 9.4377 Average ROB Occupancy at Mispredict: 22.4221
Branch types
NOT_BRANCH: 158383241 79.1916%
BRANCH_DIRECT_JUMP: 2530954 1.26548%
BRANCH_INDIRECT: 210558 0.105279%
BRANCH_CONDITIONAL: 35255746 17.6279%
BRANCH_DIRECT_CALL: 1065885 0.532942%
BRANCH_INDIRECT_CALL: 742429 0.371214%
BRANCH_RETURN: 1809719 0.904859%
BRANCH_OTHER: 866 0.000433%

===================== LRU L1D STATS =====================
Total pollution count in L1D: 159899
=========================================================
================ SRRIP (L2C) Pollution Stats ================
Total pollution count in L2c: 2105288
==================================================================
DRAM PAGES: 1048576
Allocated PAGES: 149944
