
*** ChampSim Multicore Out-of-Order Simulator ***

Warmup Instructions: 200000000
Simulation Instructions: 200000000
Number of CPUs: 1
LLC sets: 4096
LLC ways: 12
Off-chip DRAM Size: 4096 MB Channels: 1 Width: 64-bit Data Rate: 6400 MT/s
CPU 0 runs /home1/sweta/traces/DPC4-Traces/Google_Traces_v2/Google_Traces_v2/merced/merced_0002.champsim.gz
.gz
BTB has LRU replacement policy
ITLB has LRU replacement policy
DTLB has LRU replacement policy
STLB has LRU replacement policy
L1I has LRU replacement policy
L1D has LRU replacement policy
CPU 0 L2C IP-based stride prefetcher
Initialize SRRIP state for L2C
Initialize Mockingjay state for LLC
Heartbeat CPU 0 instructions: 10000002 cycles: 2560917 heartbeat IPC: 3.90485 cumulative IPC: 3.90485 (Simulation time: 0 hr 0 min 23 sec) 
Heartbeat CPU 0 instructions: 20000001 cycles: 5021438 heartbeat IPC: 4.06418 cumulative IPC: 3.98292 (Simulation time: 0 hr 0 min 43 sec) 
Heartbeat CPU 0 instructions: 30000001 cycles: 7507024 heartbeat IPC: 4.0232 cumulative IPC: 3.99626 (Simulation time: 0 hr 1 min 4 sec) 
Heartbeat CPU 0 instructions: 40000003 cycles: 10047270 heartbeat IPC: 3.93663 cumulative IPC: 3.98118 (Simulation time: 0 hr 1 min 25 sec) 
Heartbeat CPU 0 instructions: 50000002 cycles: 12533657 heartbeat IPC: 4.0219 cumulative IPC: 3.98926 (Simulation time: 0 hr 1 min 47 sec) 
Heartbeat CPU 0 instructions: 60000005 cycles: 14917706 heartbeat IPC: 4.19455 cumulative IPC: 4.02207 (Simulation time: 0 hr 2 min 5 sec) 
Heartbeat CPU 0 instructions: 70000000 cycles: 17272523 heartbeat IPC: 4.24661 cumulative IPC: 4.05268 (Simulation time: 0 hr 2 min 26 sec) 
Heartbeat CPU 0 instructions: 80000000 cycles: 19802101 heartbeat IPC: 3.95323 cumulative IPC: 4.03998 (Simulation time: 0 hr 2 min 49 sec) 
Heartbeat CPU 0 instructions: 90000000 cycles: 22234172 heartbeat IPC: 4.11172 cumulative IPC: 4.04782 (Simulation time: 0 hr 3 min 11 sec) 
Heartbeat CPU 0 instructions: 100000001 cycles: 24697552 heartbeat IPC: 4.05946 cumulative IPC: 4.04898 (Simulation time: 0 hr 3 min 35 sec) 
Heartbeat CPU 0 instructions: 110000007 cycles: 27128505 heartbeat IPC: 4.11362 cumulative IPC: 4.05478 (Simulation time: 0 hr 3 min 54 sec) 
Heartbeat CPU 0 instructions: 120000007 cycles: 29408361 heartbeat IPC: 4.38624 cumulative IPC: 4.08047 (Simulation time: 0 hr 4 min 13 sec) 
Heartbeat CPU 0 instructions: 130000006 cycles: 31851387 heartbeat IPC: 4.09328 cumulative IPC: 4.08146 (Simulation time: 0 hr 4 min 31 sec) 
Heartbeat CPU 0 instructions: 140000002 cycles: 34523869 heartbeat IPC: 3.74184 cumulative IPC: 4.05517 (Simulation time: 0 hr 4 min 52 sec) 
Heartbeat CPU 0 instructions: 150000000 cycles: 36965849 heartbeat IPC: 4.09504 cumulative IPC: 4.0578 (Simulation time: 0 hr 5 min 11 sec) 
Heartbeat CPU 0 instructions: 160000007 cycles: 39555497 heartbeat IPC: 3.86153 cumulative IPC: 4.04495 (Simulation time: 0 hr 5 min 34 sec) 
Heartbeat CPU 0 instructions: 170000001 cycles: 42114026 heartbeat IPC: 3.90849 cumulative IPC: 4.03666 (Simulation time: 0 hr 5 min 57 sec) 
Heartbeat CPU 0 instructions: 180000000 cycles: 44525929 heartbeat IPC: 4.1461 cumulative IPC: 4.04259 (Simulation time: 0 hr 6 min 18 sec) 
Heartbeat CPU 0 instructions: 190000002 cycles: 46861804 heartbeat IPC: 4.28105 cumulative IPC: 4.05447 (Simulation time: 0 hr 6 min 39 sec) 
Heartbeat CPU 0 instructions: 200000006 cycles: 49438215 heartbeat IPC: 3.88137 cumulative IPC: 4.04545 (Simulation time: 0 hr 7 min 1 sec) 

Warmup complete CPU 0 instructions: 200000006 cycles: 49438215 (Simulation time: 0 hr 7 min 1 sec) 

Heartbeat CPU 0 instructions: 210000002 cycles: 70997359 heartbeat IPC: 0.46384 cumulative IPC: 0.46384 (Simulation time: 0 hr 7 min 23 sec) 
Heartbeat CPU 0 instructions: 220000004 cycles: 100939692 heartbeat IPC: 0.333975 cumulative IPC: 0.388338 (Simulation time: 0 hr 7 min 51 sec) 
Heartbeat CPU 0 instructions: 230000000 cycles: 120772254 heartbeat IPC: 0.504221 cumulative IPC: 0.420557 (Simulation time: 0 hr 8 min 18 sec) 
Heartbeat CPU 0 instructions: 240000004 cycles: 148905437 heartbeat IPC: 0.355452 cumulative IPC: 0.402142 (Simulation time: 0 hr 8 min 43 sec) 
Heartbeat CPU 0 instructions: 250000003 cycles: 187578914 heartbeat IPC: 0.258575 cumulative IPC: 0.36195 (Simulation time: 0 hr 9 min 15 sec) 
Heartbeat CPU 0 instructions: 260000007 cycles: 220347631 heartbeat IPC: 0.305169 cumulative IPC: 0.351063 (Simulation time: 0 hr 9 min 47 sec) 
Heartbeat CPU 0 instructions: 270000000 cycles: 247922430 heartbeat IPC: 0.36265 cumulative IPC: 0.352673 (Simulation time: 0 hr 10 min 15 sec) 
Heartbeat CPU 0 instructions: 280000004 cycles: 268439995 heartbeat IPC: 0.487387 cumulative IPC: 0.365294 (Simulation time: 0 hr 10 min 38 sec) 
Heartbeat CPU 0 instructions: 290000000 cycles: 304214225 heartbeat IPC: 0.279531 cumulative IPC: 0.353251 (Simulation time: 0 hr 11 min 8 sec) 
Heartbeat CPU 0 instructions: 300000001 cycles: 341982545 heartbeat IPC: 0.264772 cumulative IPC: 0.341829 (Simulation time: 0 hr 11 min 38 sec) 
Heartbeat CPU 0 instructions: 310000002 cycles: 371045245 heartbeat IPC: 0.344084 cumulative IPC: 0.342032 (Simulation time: 0 hr 12 min 8 sec) 
Heartbeat CPU 0 instructions: 320000006 cycles: 400215132 heartbeat IPC: 0.342819 cumulative IPC: 0.342098 (Simulation time: 0 hr 12 min 38 sec) 
Heartbeat CPU 0 instructions: 330000000 cycles: 436034278 heartbeat IPC: 0.27918 cumulative IPC: 0.336268 (Simulation time: 0 hr 13 min 8 sec) 
Heartbeat CPU 0 instructions: 340000000 cycles: 464054850 heartbeat IPC: 0.356881 cumulative IPC: 0.337661 (Simulation time: 0 hr 13 min 36 sec) 
Heartbeat CPU 0 instructions: 350000004 cycles: 478613690 heartbeat IPC: 0.686868 cumulative IPC: 0.349507 (Simulation time: 0 hr 13 min 59 sec) 
Heartbeat CPU 0 instructions: 360000000 cycles: 508952500 heartbeat IPC: 0.329611 cumulative IPC: 0.348194 (Simulation time: 0 hr 14 min 28 sec) 
Heartbeat CPU 0 instructions: 370000001 cycles: 540299072 heartbeat IPC: 0.319014 cumulative IPC: 0.34633 (Simulation time: 0 hr 14 min 57 sec) 
Heartbeat CPU 0 instructions: 380000001 cycles: 568218642 heartbeat IPC: 0.358172 cumulative IPC: 0.346968 (Simulation time: 0 hr 15 min 25 sec) 
Heartbeat CPU 0 instructions: 390000002 cycles: 601002924 heartbeat IPC: 0.305024 cumulative IPC: 0.344475 (Simulation time: 0 hr 15 min 54 sec) 
Heartbeat CPU 0 instructions: 400000002 cycles: 628903642 heartbeat IPC: 0.358414 cumulative IPC: 0.345146 (Simulation time: 0 hr 16 min 19 sec) 
Finished CPU 0 instructions: 200000000 cycles: 579465429 cumulative IPC: 0.345146 (Simulation time: 0 hr 16 min 19 sec) 

ChampSim completed all CPUs

Region of Interest Statistics

CPU 0 cumulative IPC: 0.345146 instructions: 200000000 cycles: 579465429
ITLB TOTAL     ACCESS:   19917571  HIT:   19788478  MISS:     129093  HIT %:    99.3519  MISS %:   0.648136   MPKI: 0.645465
ITLB LOAD TRANSLATION ACCESS:   19917571  HIT:   19788478  MISS:     129093  HIT %:    99.3519  MISS %:   0.648136   MPKI: 0.645465
ITLB PREFETCH  REQUESTED:          0  ISSUED:          0  USEFUL:          0  USELESS:          0
ITLB USEFUL LOAD PREFETCHES:          0 PREFETCH ISSUED TO LOWER LEVEL:          0  ACCURACY: -nan
ITLB TIMELY PREFETCHES:          0 LATE PREFETCHES: 0 DROPPED PREFETCHES: 0
ITLB PREFETCHES SAME FILL-ORIGIN LEVEL: 0 DIFFERENT FILL-ORIGIN LEVEL: 0
ITLB AVERAGE MISS LATENCY:    33.5065 cycles AVERAGE LOAD MISS LATENCY:       -nan cycles Load Miss          0
ITLB Average MSHR Occupancy: 0.00739935
ITLB RQ	ACCESS:   23055024	FORWARD:          0	MERGED:    3006066	TO_CACHE:   20048958

DTLB TOTAL     ACCESS:   35155842  HIT:   33567418  MISS:    1588424  HIT %:    95.4818  MISS %:    4.51824   MPKI: 7.94212
DTLB LOAD TRANSLATION ACCESS:   35155842  HIT:   33567418  MISS:    1588424  HIT %:    95.4818  MISS %:    4.51824   MPKI: 7.94212
DTLB PREFETCH  REQUESTED:          0  ISSUED:          0  USEFUL:          0  USELESS:          0
DTLB USEFUL LOAD PREFETCHES:          0 PREFETCH ISSUED TO LOWER LEVEL:          0  ACCURACY: -nan
DTLB TIMELY PREFETCHES:          0 LATE PREFETCHES: 0 DROPPED PREFETCHES: 0
DTLB PREFETCHES SAME FILL-ORIGIN LEVEL: 0 DIFFERENT FILL-ORIGIN LEVEL: 0
DTLB AVERAGE MISS LATENCY:    53.0949 cycles AVERAGE LOAD MISS LATENCY:       -nan cycles Load Miss          0
DTLB Average MSHR Occupancy:   0.127171
DTLB RQ	ACCESS:   45060972	FORWARD:          0	MERGED:    9643364	TO_CACHE:   35417608

STLB TOTAL     ACCESS:    1717517  HIT:    1270078  MISS:     447439  HIT %:    73.9485  MISS %:    26.0515   MPKI: 2.23719
STLB LOAD TRANSLATION ACCESS:    1717517  HIT:    1270078  MISS:     447439  HIT %:    73.9485  MISS %:    26.0515   MPKI: 2.23719
STLB PREFETCH  REQUESTED:          0  ISSUED:          0  USEFUL:          0  USELESS:          0
STLB USEFUL LOAD PREFETCHES:          0 PREFETCH ISSUED TO LOWER LEVEL:          0  ACCURACY: -nan
STLB TIMELY PREFETCHES:          0 LATE PREFETCHES: 0 DROPPED PREFETCHES: 0
STLB PREFETCHES SAME FILL-ORIGIN LEVEL: 0 DIFFERENT FILL-ORIGIN LEVEL: 0
STLB AVERAGE MISS LATENCY:     163.24 cycles AVERAGE LOAD MISS LATENCY:       -nan cycles Load Miss          0
STLB Average MSHR Occupancy:   0.109182
STLB RQ	ACCESS:    1717517	FORWARD:          0	MERGED:          0	TO_CACHE:    1717517

STLB Hit, L1D data hit: 0
STLB Hit, L2C data hit: 0
STLB Hit, LLC data hit: 0
STLB Hit, LLC data miss: 0
STLB STLB hints to L2: 0
L1D TOTAL     ACCESS:   43185975  HIT:   40049799  MISS:    3136176  HIT %:     92.738  MISS %:    7.26202   MPKI: 15.6809
L1D LOAD      ACCESS:   26872790  HIT:   24518826  MISS:    2353964  HIT %:    91.2403  MISS %:    8.75966   MPKI: 11.7698
L1D RFO       ACCESS:   16313185  HIT:   15530973  MISS:     782212  HIT %:     95.205  MISS %:    4.79497   MPKI: 3.91106
L1D PREFETCH  REQUESTED:          0  ISSUED:          0  USEFUL:          0  USELESS:          0
L1D USEFUL LOAD PREFETCHES:          0 PREFETCH ISSUED TO LOWER LEVEL:          0  ACCURACY: -nan
L1D TIMELY PREFETCHES:          0 LATE PREFETCHES: 0 DROPPED PREFETCHES: 0
L1D PREFETCHES SAME FILL-ORIGIN LEVEL: 0 DIFFERENT FILL-ORIGIN LEVEL: 0
L1D AVERAGE MISS LATENCY:     111.28 cycles AVERAGE LOAD MISS LATENCY:     88.635 cycles Load Miss    2353964
L1D Average MSHR Occupancy:   0.595925
L1D RQ	ACCESS:   40231733	FORWARD:          0	MERGED:   12651858	TO_CACHE:   27050241
L1D WQ	ACCESS:   18485813	FORWARD:     529634	MERGED:     475082	TO_CACHE:   18010731

L1D UNIQUE REGIONS ACCESSED: 0
L1D REGIONS CONFLICTS: 0
L1D Cross Page Prefetch Requests: 0
L1D Same Page Prefetch Requests: 0
L1D ROI Sum of L1D PQ occupancy: 0
L1D PREFETCHES PUSHED FROM L2C: 0
L1I TOTAL     ACCESS:   22709552  HIT:   11037751  MISS:   11671801  HIT %:     48.604  MISS %:     51.396   MPKI: 58.359
L1I LOAD      ACCESS:   22709552  HIT:   11037751  MISS:   11671801  HIT %:     48.604  MISS %:     51.396   MPKI: 58.359
L1I PREFETCH  REQUESTED:          0  ISSUED:          0  USEFUL:          0  USELESS:          0
L1I USEFUL LOAD PREFETCHES:          0 PREFETCH ISSUED TO LOWER LEVEL:          0  ACCURACY: -nan
L1I TIMELY PREFETCHES:          0 LATE PREFETCHES: 0 DROPPED PREFETCHES: 0
L1I PREFETCHES SAME FILL-ORIGIN LEVEL: 0 DIFFERENT FILL-ORIGIN LEVEL: 0
L1I AVERAGE MISS LATENCY:    24.5698 cycles AVERAGE LOAD MISS LATENCY:    24.5698 cycles Load Miss   11671801
L1I Average MSHR Occupancy:   0.482974
L1I RQ	ACCESS:   42324553	FORWARD:          0	MERGED:   19269529	TO_CACHE:   23055024

BTB TOTAL     ACCESS:   18832390  HIT:   17439903  MISS:    1392487  HIT %:    92.6059  MISS %:    7.39411   MPKI: 6.96244
BTB BRANCH_DIRECT_JUMP	ACCESS:     953047  HIT:     832467  MISS:     120580
BTB BRANCH_INDIRECT	ACCESS:     203832  HIT:     128471  MISS:      75361
BTB BRANCH_CONDITIONAL	ACCESS:   15447856  HIT:   15163788  MISS:     284068
BTB BRANCH_DIRECT_CALL	ACCESS:     943043  HIT:     723786  MISS:     219257
BTB BRANCH_INDIRECT_CALL	ACCESS:     170384  HIT:      99895  MISS:      70489
BTB BRANCH_RETURN	ACCESS:    1114104  HIT:     491473  MISS:     622631
BTB BRANCH_OTHER ACCESS:        124  HIT:         23  MISS:        101

L2C TOTAL     ACCESS:   17327085  HIT:   14659977  MISS:    2667108  HIT %:    84.6073  MISS %:    15.3927   MPKI: 13.3355
L2C LOAD      ACCESS:   14025723  HIT:   12359695  MISS:    1666028  HIT %:    88.1216  MISS %:    11.8784   MPKI: 8.33014
L2C DATA LOAD MPKI: 4.39368
L2C INSTRUCTION LOAD MPKI: 3.93646
L2C RFO       ACCESS:     782191  HIT:     214308  MISS:     567883  HIT %:    27.3984  MISS %:    72.6016   MPKI: 2.83941
L2C PREFETCH  ACCESS:     711635  HIT:     494895  MISS:     216740  HIT %:    69.5434  MISS %:    30.4566   MPKI: 1.0837
AGUS PREFETCH L1 MISS: 0
L2C DATA PREFETCH MPKI: 1.0837
L2C INSTRUCTION PREFETCH MPKI: 0
L2C WRITEBACK ACCESS:    1079734  HIT:    1078193  MISS:       1541  HIT %:    99.8573  MISS %:    0.14272   MPKI: 0.007705
L2C LOAD TRANSLATION ACCESS:     727802  HIT:     512886  MISS:     214916  HIT %:    70.4705  MISS %:    29.5295   MPKI: 1.07458
L2C PREFETCH  REQUESTED:     993785  ISSUED:     990722  USEFUL:     182686  USELESS:      33575
L2C USEFUL LOAD PREFETCHES:     182686 PREFETCH ISSUED TO LOWER LEVEL:     291982  ACCURACY: 62.5676
L2C TIMELY PREFETCHES:     182686 LATE PREFETCHES: 44849 DROPPED PREFETCHES: 0
L2C PREFETCHES SAME FILL-ORIGIN LEVEL: 261589 DIFFERENT FILL-ORIGIN LEVEL: 30393
L2C AVERAGE MISS LATENCY:    188.269 cycles AVERAGE LOAD MISS LATENCY:    176.782 cycles Load Miss    1666028
L2C Average MSHR Occupancy:   0.861966
L2C RQ	ACCESS:   15535780	FORWARD:          0	MERGED:          0	TO_CACHE:   15535717
L2C WQ	ACCESS:    1079734	FORWARD:         65	MERGED:          0	TO_CACHE:    1079734
L2C PQ	ACCESS:     990722	FORWARD:          0	MERGED:      68161	TO_CACHE:     922559

L2C Instructions Evicting Data 466160
L2C Translations Evicting Data 130654
L2C Data Evicting Data 1063030
L2C Instructions Evicting Instructions 258367
L2C Translations Evicting Instructions 66299
L2C Data Evicting Instructions 465950
L2C Instructions Evicting Translations 62765
L2C Translations Evicting Translations 17963
L2C Data Evicting Translations 134379
L2C Dense regions hint from L2: 0
PSCL5 TOTAL     ACCESS:     447439  HIT:     447439  MISS:          0  HIT %:        100  MISS %:          0   MPKI: 0
PSCL5 LOAD TRANSLATION ACCESS:     447439  HIT:     447439  MISS:          0  HIT %:        100  MISS %:          0   MPKI: 0
PSCL5 PREFETCH  REQUESTED:          0  ISSUED:          0  USEFUL:          0  USELESS:          0
PSCL5 USEFUL LOAD PREFETCHES:          0 PREFETCH ISSUED TO LOWER LEVEL:          0  ACCURACY: -nan
PSCL5 TIMELY PREFETCHES:          0 LATE PREFETCHES: 0 DROPPED PREFETCHES: 0
PSCL5 PREFETCHES SAME FILL-ORIGIN LEVEL: 0 DIFFERENT FILL-ORIGIN LEVEL: 0

PSCL4 TOTAL     ACCESS:     403271  HIT:     393465  MISS:       9806  HIT %:    97.5684  MISS %:    2.43162   MPKI: 0.04903
PSCL4 LOAD TRANSLATION ACCESS:     403271  HIT:     393465  MISS:       9806  HIT %:    97.5684  MISS %:    2.43162   MPKI: 0.04903
PSCL4 PREFETCH  REQUESTED:          0  ISSUED:          0  USEFUL:          0  USELESS:          0
PSCL4 USEFUL LOAD PREFETCHES:          0 PREFETCH ISSUED TO LOWER LEVEL:          0  ACCURACY: -nan
PSCL4 TIMELY PREFETCHES:          0 LATE PREFETCHES: 0 DROPPED PREFETCHES: 0
PSCL4 PREFETCHES SAME FILL-ORIGIN LEVEL: 0 DIFFERENT FILL-ORIGIN LEVEL: 0

PSCL3 TOTAL     ACCESS:     437327  HIT:     403758  MISS:      33569  HIT %:    92.3241  MISS %:    7.67595   MPKI: 0.167845
PSCL3 LOAD TRANSLATION ACCESS:     437327  HIT:     403758  MISS:      33569  HIT %:    92.3241  MISS %:    7.67595   MPKI: 0.167845
PSCL3 PREFETCH  REQUESTED:          0  ISSUED:          0  USEFUL:          0  USELESS:          0
PSCL3 USEFUL LOAD PREFETCHES:          0 PREFETCH ISSUED TO LOWER LEVEL:          0  ACCURACY: -nan
PSCL3 TIMELY PREFETCHES:          0 LATE PREFETCHES: 0 DROPPED PREFETCHES: 0
PSCL3 PREFETCHES SAME FILL-ORIGIN LEVEL: 0 DIFFERENT FILL-ORIGIN LEVEL: 0

PSCL2 TOTAL     ACCESS:     447439  HIT:     205854  MISS:     241585  HIT %:    46.0072  MISS %:    53.9928   MPKI: 1.20792
PSCL2 LOAD TRANSLATION ACCESS:     447439  HIT:     205854  MISS:     241585  HIT %:    46.0072  MISS %:    53.9928   MPKI: 1.20792
PSCL2 PREFETCH  REQUESTED:          0  ISSUED:          0  USEFUL:          0  USELESS:          0
PSCL2 USEFUL LOAD PREFETCHES:          0 PREFETCH ISSUED TO LOWER LEVEL:          0  ACCURACY: -nan
PSCL2 TIMELY PREFETCHES:          0 LATE PREFETCHES: 0 DROPPED PREFETCHES: 0
PSCL2 PREFETCHES SAME FILL-ORIGIN LEVEL: 0 DIFFERENT FILL-ORIGIN LEVEL: 0

LLC TOTAL     ACCESS:    3370791  HIT:     611853  MISS:    2758938  HIT %:    18.1516  MISS %:    81.8484   MPKI: 13.7947
LLC LOAD      ACCESS:    1621454  HIT:     384783  MISS:    1236671  HIT %:    23.7307  MISS %:    76.2693   MPKI: 6.18335
LLC RFO       ACCESS:     567607  HIT:       6256  MISS:     561351  HIT %:    1.10217  MISS %:    98.8978   MPKI: 2.80675
LLC PREFETCH  ACCESS:     271834  HIT:      12456  MISS:     259378  HIT %:    4.58221  MISS %:    95.4178   MPKI: 1.29689
AGUS PREFETCH L1 MISS: 0
LLC WRITEBACK ACCESS:     694980  HIT:     167177  MISS:     527803  HIT %:    24.0549  MISS %:    75.9451   MPKI: 2.63902
LLC LOAD TRANSLATION ACCESS:     214916  HIT:      41181  MISS:     173735  HIT %:    19.1614  MISS %:    80.8386   MPKI: 0.868675
LLC PREFETCH  REQUESTED:          0  ISSUED:          0  USEFUL:       3066  USELESS:      38557
LLC USEFUL LOAD PREFETCHES:       3066 PREFETCH ISSUED TO LOWER LEVEL:     265706  ACCURACY: 1.15391
LLC TIMELY PREFETCHES:       3066 LATE PREFETCHES: 6328 DROPPED PREFETCHES: 0
LLC PREFETCHES SAME FILL-ORIGIN LEVEL: 20579 DIFFERENT FILL-ORIGIN LEVEL: 0
LLC AVERAGE MISS LATENCY:    140.689 cycles AVERAGE LOAD MISS LATENCY:    173.305 cycles Load Miss    1236671
LLC Average MSHR Occupancy:   0.666963
LLC RQ	ACCESS:    2403979	FORWARD:          0	MERGED:          0	TO_CACHE:    2403978
LLC WQ	ACCESS:     694980	FORWARD:          1	MERGED:          0	TO_CACHE:     694980
LLC PQ	ACCESS:     291982	FORWARD:          0	MERGED:       3059	TO_CACHE:     288923

LLC Dense regions hint to LLC: 0

RAW hits: 2246517
Loads Generated: 42478250
Loads sent to L1D: 40231733
Stores Generated: 18485808
Stores sent to L1D: 18485813
Major fault: 0 Minor fault: 228114
Allocated PAGES: 228114
CPU 0 L2C PC-based stride prefetcher final stats
================ Mockingjay (LLC) Pollution Stats ================
Total pollution count in LLC: 29206
==================================================================

DRAM Statistics
 CHANNEL 0
 RQ ROW_BUFFER_HIT:     623001  ROW_BUFFER_MISS:    1608129
 DBUS_CONGESTED:       2082
 WQ ROW_BUFFER_HIT:     222560  ROW_BUFFER_MISS:     463935  FULL:      13400

 AVG_CONGESTED_CYCLE: 4
 All warmup complete: 2
Channel 0 Bank busy for read cycles: 0
Channel 0 Bank busy for write cycles: 0
Channel 0
Rank 0
0banks busy for read cycles: 312242300
0banks busy for write cycles: 327277
1banks busy for read cycles: 134710806
1banks busy for write cycles: 56956384
2banks busy for read cycles: 30951624
2banks busy for write cycles: 15722973
3banks busy for read cycles: 8826020
3banks busy for write cycles: 5040037
4banks busy for read cycles: 4025039
4banks busy for write cycles: 2000523
5banks busy for read cycles: 1577406
5banks busy for write cycles: 972824
6banks busy for read cycles: 972140
6banks busy for write cycles: 557713
7banks busy for read cycles: 811584
7banks busy for write cycles: 474896
8banks busy for read cycles: 1804067
8banks busy for write cycles: 1491817

CPU 0 Branch Prediction Accuracy: 93.2375% MPKI: 11.9005 Average ROB Occupancy at Mispredict: 17.4091
Branch types
NOT_BRANCH: 164803993 82.402%
BRANCH_DIRECT_JUMP: 953047 0.476523%
BRANCH_INDIRECT: 203832 0.101916%
BRANCH_CONDITIONAL: 31810875 15.9054%
BRANCH_DIRECT_CALL: 943043 0.471521%
BRANCH_INDIRECT_CALL: 170384 0.085192%
BRANCH_RETURN: 1114104 0.557052%
BRANCH_OTHER: 124 6.2e-05%

===================== LRU L1D STATS =====================
Total pollution count in L1D: 0
=========================================================
================ SRRIP (L2C) Pollution Stats ================
Total pollution count in L2c: 2343824
==================================================================
DRAM PAGES: 1048576
Allocated PAGES: 228114
