
*** ChampSim Multicore Out-of-Order Simulator ***

Warmup Instructions: 200000000
Simulation Instructions: 200000000
Number of CPUs: 1
LLC sets: 4096
LLC ways: 12
Off-chip DRAM Size: 4096 MB Channels: 1 Width: 64-bit Data Rate: 6400 MT/s
CPU 0 runs /home1/sweta/traces/DPC4-Traces/Google_Traces_v2/Google_Traces_v2/merced/merced_0000.champsim.gz
.gz
BTB has LRU replacement policy
ITLB has LRU replacement policy
DTLB has LRU replacement policy
STLB has LRU replacement policy
L1I has LRU replacement policy
L1D has LRU replacement policy
CPU 0 L2C IP-based stride prefetcher
Initialize SRRIP state for L2C
Initialize Mockingjay state for LLC
Heartbeat CPU 0 instructions: 10000000 cycles: 2435581 heartbeat IPC: 4.1058 cumulative IPC: 4.1058 (Simulation time: 0 hr 0 min 22 sec) 
Heartbeat CPU 0 instructions: 20000006 cycles: 5058200 heartbeat IPC: 3.81298 cumulative IPC: 3.95398 (Simulation time: 0 hr 0 min 46 sec) 
Heartbeat CPU 0 instructions: 30000002 cycles: 7681643 heartbeat IPC: 3.81178 cumulative IPC: 3.90541 (Simulation time: 0 hr 1 min 9 sec) 
Heartbeat CPU 0 instructions: 40000002 cycles: 10224902 heartbeat IPC: 3.93196 cumulative IPC: 3.91202 (Simulation time: 0 hr 1 min 30 sec) 
Heartbeat CPU 0 instructions: 50000003 cycles: 12684999 heartbeat IPC: 4.06488 cumulative IPC: 3.94166 (Simulation time: 0 hr 1 min 50 sec) 
Heartbeat CPU 0 instructions: 60000003 cycles: 15076623 heartbeat IPC: 4.18126 cumulative IPC: 3.97967 (Simulation time: 0 hr 2 min 12 sec) 
Heartbeat CPU 0 instructions: 70000001 cycles: 17472462 heartbeat IPC: 4.1739 cumulative IPC: 4.0063 (Simulation time: 0 hr 2 min 31 sec) 
Heartbeat CPU 0 instructions: 80000004 cycles: 19993805 heartbeat IPC: 3.96614 cumulative IPC: 4.00124 (Simulation time: 0 hr 2 min 54 sec) 
Heartbeat CPU 0 instructions: 90000000 cycles: 22527901 heartbeat IPC: 3.94618 cumulative IPC: 3.99505 (Simulation time: 0 hr 3 min 12 sec) 
Heartbeat CPU 0 instructions: 100000003 cycles: 25115111 heartbeat IPC: 3.86517 cumulative IPC: 3.98167 (Simulation time: 0 hr 3 min 36 sec) 
Heartbeat CPU 0 instructions: 110000001 cycles: 27634904 heartbeat IPC: 3.96858 cumulative IPC: 3.98047 (Simulation time: 0 hr 3 min 57 sec) 
Heartbeat CPU 0 instructions: 120000007 cycles: 30415251 heartbeat IPC: 3.59668 cumulative IPC: 3.94539 (Simulation time: 0 hr 4 min 20 sec) 
Heartbeat CPU 0 instructions: 130000006 cycles: 32979446 heartbeat IPC: 3.89986 cumulative IPC: 3.94185 (Simulation time: 0 hr 4 min 45 sec) 
Heartbeat CPU 0 instructions: 140000007 cycles: 35305060 heartbeat IPC: 4.29994 cumulative IPC: 3.96544 (Simulation time: 0 hr 5 min 6 sec) 
Heartbeat CPU 0 instructions: 150000000 cycles: 37613381 heartbeat IPC: 4.33215 cumulative IPC: 3.98794 (Simulation time: 0 hr 5 min 26 sec) 
Heartbeat CPU 0 instructions: 160000007 cycles: 39923696 heartbeat IPC: 4.32842 cumulative IPC: 4.00765 (Simulation time: 0 hr 5 min 45 sec) 
Heartbeat CPU 0 instructions: 170000007 cycles: 42238068 heartbeat IPC: 4.32083 cumulative IPC: 4.02481 (Simulation time: 0 hr 6 min 5 sec) 
Heartbeat CPU 0 instructions: 180000000 cycles: 44541835 heartbeat IPC: 4.34071 cumulative IPC: 4.04114 (Simulation time: 0 hr 6 min 25 sec) 
Heartbeat CPU 0 instructions: 190000007 cycles: 46847672 heartbeat IPC: 4.33682 cumulative IPC: 4.0557 (Simulation time: 0 hr 6 min 45 sec) 
Heartbeat CPU 0 instructions: 200000006 cycles: 49153246 heartbeat IPC: 4.33731 cumulative IPC: 4.06891 (Simulation time: 0 hr 7 min 5 sec) 

Warmup complete CPU 0 instructions: 200000006 cycles: 49153246 (Simulation time: 0 hr 7 min 5 sec) 

Heartbeat CPU 0 instructions: 210000000 cycles: 71794752 heartbeat IPC: 0.441666 cumulative IPC: 0.441666 (Simulation time: 0 hr 7 min 27 sec) 
Heartbeat CPU 0 instructions: 220000004 cycles: 101952620 heartbeat IPC: 0.331589 cumulative IPC: 0.378792 (Simulation time: 0 hr 7 min 51 sec) 
Heartbeat CPU 0 instructions: 230000000 cycles: 133524077 heartbeat IPC: 0.316742 cumulative IPC: 0.355573 (Simulation time: 0 hr 8 min 16 sec) 
Heartbeat CPU 0 instructions: 240000002 cycles: 165462281 heartbeat IPC: 0.313105 cumulative IPC: 0.343911 (Simulation time: 0 hr 8 min 46 sec) 
Heartbeat CPU 0 instructions: 250000000 cycles: 196004934 heartbeat IPC: 0.327411 cumulative IPC: 0.34048 (Simulation time: 0 hr 9 min 15 sec) 
Heartbeat CPU 0 instructions: 260000003 cycles: 227890114 heartbeat IPC: 0.313625 cumulative IPC: 0.335689 (Simulation time: 0 hr 9 min 42 sec) 
Heartbeat CPU 0 instructions: 270000000 cycles: 262915690 heartbeat IPC: 0.285506 cumulative IPC: 0.327466 (Simulation time: 0 hr 10 min 9 sec) 
Heartbeat CPU 0 instructions: 280000001 cycles: 291505205 heartbeat IPC: 0.349779 cumulative IPC: 0.330098 (Simulation time: 0 hr 10 min 36 sec) 
Heartbeat CPU 0 instructions: 290000001 cycles: 320133825 heartbeat IPC: 0.349301 cumulative IPC: 0.332127 (Simulation time: 0 hr 11 min 2 sec) 
Heartbeat CPU 0 instructions: 300000001 cycles: 347344667 heartbeat IPC: 0.367501 cumulative IPC: 0.335355 (Simulation time: 0 hr 11 min 27 sec) 
Heartbeat CPU 0 instructions: 310000006 cycles: 373140455 heartbeat IPC: 0.38766 cumulative IPC: 0.33952 (Simulation time: 0 hr 11 min 51 sec) 
Heartbeat CPU 0 instructions: 320000002 cycles: 403276145 heartbeat IPC: 0.331832 cumulative IPC: 0.338865 (Simulation time: 0 hr 12 min 18 sec) 
Heartbeat CPU 0 instructions: 330000000 cycles: 437531669 heartbeat IPC: 0.291924 cumulative IPC: 0.334725 (Simulation time: 0 hr 12 min 48 sec) 
Heartbeat CPU 0 instructions: 340000002 cycles: 465157849 heartbeat IPC: 0.361976 cumulative IPC: 0.336535 (Simulation time: 0 hr 13 min 13 sec) 
Heartbeat CPU 0 instructions: 350000000 cycles: 495447860 heartbeat IPC: 0.330142 cumulative IPC: 0.336101 (Simulation time: 0 hr 13 min 41 sec) 
Heartbeat CPU 0 instructions: 360000000 cycles: 525850981 heartbeat IPC: 0.328914 cumulative IPC: 0.335642 (Simulation time: 0 hr 14 min 7 sec) 
Heartbeat CPU 0 instructions: 370000001 cycles: 553582529 heartbeat IPC: 0.3606 cumulative IPC: 0.337015 (Simulation time: 0 hr 14 min 32 sec) 
Heartbeat CPU 0 instructions: 380000001 cycles: 587256192 heartbeat IPC: 0.296968 cumulative IPC: 0.334508 (Simulation time: 0 hr 15 min 2 sec) 
Heartbeat CPU 0 instructions: 390000002 cycles: 610054886 heartbeat IPC: 0.438622 cumulative IPC: 0.33874 (Simulation time: 0 hr 15 min 31 sec) 
Heartbeat CPU 0 instructions: 400000007 cycles: 636827542 heartbeat IPC: 0.373516 cumulative IPC: 0.340325 (Simulation time: 0 hr 15 min 55 sec) 
Finished CPU 0 instructions: 200000001 cycles: 587674296 cumulative IPC: 0.340325 (Simulation time: 0 hr 15 min 55 sec) 

ChampSim completed all CPUs

Region of Interest Statistics

CPU 0 cumulative IPC: 0.340325 instructions: 200000001 cycles: 587674296
ITLB TOTAL     ACCESS:   19943732  HIT:   19822308  MISS:     121424  HIT %:    99.3912  MISS %:   0.608833   MPKI: 0.60712
ITLB LOAD TRANSLATION ACCESS:   19943732  HIT:   19822308  MISS:     121424  HIT %:    99.3912  MISS %:   0.608833   MPKI: 0.60712
ITLB PREFETCH  REQUESTED:          0  ISSUED:          0  USEFUL:          0  USELESS:          0
ITLB USEFUL LOAD PREFETCHES:          0 PREFETCH ISSUED TO LOWER LEVEL:          0  ACCURACY: -nan
ITLB TIMELY PREFETCHES:          0 LATE PREFETCHES: 0 DROPPED PREFETCHES: 0
ITLB PREFETCHES SAME FILL-ORIGIN LEVEL: 0 DIFFERENT FILL-ORIGIN LEVEL: 0
ITLB AVERAGE MISS LATENCY:    34.3532 cycles AVERAGE LOAD MISS LATENCY:       -nan cycles Load Miss          0
ITLB Average MSHR Occupancy: 0.00692303
ITLB RQ	ACCESS:   23233893	FORWARD:          0	MERGED:    3165328	TO_CACHE:   20068565

DTLB TOTAL     ACCESS:   35002507  HIT:   33327163  MISS:    1675344  HIT %:    95.2136  MISS %:    4.78635   MPKI: 8.37672
DTLB LOAD TRANSLATION ACCESS:   35002507  HIT:   33327163  MISS:    1675344  HIT %:    95.2136  MISS %:    4.78635   MPKI: 8.37672
DTLB PREFETCH  REQUESTED:          0  ISSUED:          0  USEFUL:          0  USELESS:          0
DTLB USEFUL LOAD PREFETCHES:          0 PREFETCH ISSUED TO LOWER LEVEL:          0  ACCURACY: -nan
DTLB TIMELY PREFETCHES:          0 LATE PREFETCHES: 0 DROPPED PREFETCHES: 0
DTLB PREFETCHES SAME FILL-ORIGIN LEVEL: 0 DIFFERENT FILL-ORIGIN LEVEL: 0
DTLB AVERAGE MISS LATENCY:    50.5019 cycles AVERAGE LOAD MISS LATENCY:       -nan cycles Load Miss          0
DTLB Average MSHR Occupancy:   0.126344
DTLB RQ	ACCESS:   44543464	FORWARD:          0	MERGED:    9287137	TO_CACHE:   35256327

STLB TOTAL     ACCESS:    1796768  HIT:    1365706  MISS:     431062  HIT %:     76.009  MISS %:     23.991   MPKI: 2.15531
STLB LOAD TRANSLATION ACCESS:    1796768  HIT:    1365706  MISS:     431062  HIT %:     76.009  MISS %:     23.991   MPKI: 2.15531
STLB PREFETCH  REQUESTED:          0  ISSUED:          0  USEFUL:          0  USELESS:          0
STLB USEFUL LOAD PREFETCHES:          0 PREFETCH ISSUED TO LOWER LEVEL:          0  ACCURACY: -nan
STLB TIMELY PREFETCHES:          0 LATE PREFETCHES: 0 DROPPED PREFETCHES: 0
STLB PREFETCHES SAME FILL-ORIGIN LEVEL: 0 DIFFERENT FILL-ORIGIN LEVEL: 0
STLB AVERAGE MISS LATENCY:    168.059 cycles AVERAGE LOAD MISS LATENCY:       -nan cycles Load Miss          0
STLB Average MSHR Occupancy:   0.107025
STLB RQ	ACCESS:    1796769	FORWARD:          0	MERGED:          0	TO_CACHE:    1796769

STLB Hit, L1D data hit: 0
STLB Hit, L2C data hit: 0
STLB Hit, LLC data hit: 0
STLB Hit, LLC data miss: 0
STLB STLB hints to L2: 0
L1D TOTAL     ACCESS:   42873852  HIT:   39946070  MISS:    2927782  HIT %:    93.1712  MISS %:    6.82883   MPKI: 14.6389
L1D LOAD      ACCESS:   27347508  HIT:   25059410  MISS:    2288098  HIT %:    91.6332  MISS %:    8.36675   MPKI: 11.4405
L1D RFO       ACCESS:   15526344  HIT:   14886660  MISS:     639684  HIT %:      95.88  MISS %:    4.11999   MPKI: 3.19842
L1D PREFETCH  REQUESTED:          0  ISSUED:          0  USEFUL:          0  USELESS:          0
L1D USEFUL LOAD PREFETCHES:          0 PREFETCH ISSUED TO LOWER LEVEL:          0  ACCURACY: -nan
L1D TIMELY PREFETCHES:          0 LATE PREFETCHES: 0 DROPPED PREFETCHES: 0
L1D PREFETCHES SAME FILL-ORIGIN LEVEL: 0 DIFFERENT FILL-ORIGIN LEVEL: 0
L1D AVERAGE MISS LATENCY:    99.3608 cycles AVERAGE LOAD MISS LATENCY:    80.6454 cycles Load Miss    2288098
L1D Average MSHR Occupancy:   0.491207
L1D RQ	ACCESS:   40119764	FORWARD:          0	MERGED:   12120074	TO_CACHE:   27526417
L1D WQ	ACCESS:   17442686	FORWARD:     473273	MERGED:     425639	TO_CACHE:   17017047

L1D UNIQUE REGIONS ACCESSED: 0
L1D REGIONS CONFLICTS: 0
L1D Cross Page Prefetch Requests: 0
L1D Same Page Prefetch Requests: 0
L1D ROI Sum of L1D PQ occupancy: 0
L1D PREFETCHES PUSHED FROM L2C: 0
L1I TOTAL     ACCESS:   22745793  HIT:    9323766  MISS:   13422027  HIT %:    40.9912  MISS %:    59.0088   MPKI: 67.1101
L1I LOAD      ACCESS:   22745793  HIT:    9323766  MISS:   13422027  HIT %:    40.9912  MISS %:    59.0088   MPKI: 67.1101
L1I PREFETCH  REQUESTED:          0  ISSUED:          0  USEFUL:          0  USELESS:          0
L1I USEFUL LOAD PREFETCHES:          0 PREFETCH ISSUED TO LOWER LEVEL:          0  ACCURACY: -nan
L1I TIMELY PREFETCHES:          0 LATE PREFETCHES: 0 DROPPED PREFETCHES: 0
L1I PREFETCHES SAME FILL-ORIGIN LEVEL: 0 DIFFERENT FILL-ORIGIN LEVEL: 0
L1I AVERAGE MISS LATENCY:    23.1373 cycles AVERAGE LOAD MISS LATENCY:    23.1373 cycles Load Miss   13422027
L1I Average MSHR Occupancy:   0.509572
L1I RQ	ACCESS:   43107172	FORWARD:          0	MERGED:   19873279	TO_CACHE:   23233893

BTB TOTAL     ACCESS:   18912005  HIT:   17424137  MISS:    1487868  HIT %:    92.1327  MISS %:    7.86732   MPKI: 7.43934
BTB BRANCH_DIRECT_JUMP	ACCESS:    1225420  HIT:    1107537  MISS:     117883
BTB BRANCH_INDIRECT	ACCESS:     390264  HIT:     108297  MISS:     281967
BTB BRANCH_CONDITIONAL	ACCESS:   15238059  HIT:   14968088  MISS:     269971
BTB BRANCH_DIRECT_CALL	ACCESS:     845906  HIT:     638386  MISS:     207520
BTB BRANCH_INDIRECT_CALL	ACCESS:     182886  HIT:     115999  MISS:      66887
BTB BRANCH_RETURN	ACCESS:    1029324  HIT:     485762  MISS:     543562
BTB BRANCH_OTHER ACCESS:        146  HIT:         68  MISS:         78

L2C TOTAL     ACCESS:   18817623  HIT:   16334531  MISS:    2483092  HIT %:    86.8044  MISS %:    13.1956   MPKI: 12.4155
L2C LOAD      ACCESS:   15710092  HIT:   14141340  MISS:    1568752  HIT %:    90.0144  MISS %:    9.98563   MPKI: 7.84376
L2C DATA LOAD MPKI: 3.88078
L2C INSTRUCTION LOAD MPKI: 3.96298
L2C RFO       ACCESS:     639656  HIT:     181264  MISS:     458392  HIT %:    28.3377  MISS %:    71.6623   MPKI: 2.29196
L2C PREFETCH  ACCESS:     813145  HIT:     576387  MISS:     236758  HIT %:    70.8837  MISS %:    29.1163   MPKI: 1.18379
AGUS PREFETCH L1 MISS: 0
L2C DATA PREFETCH MPKI: 1.18379
L2C INSTRUCTION PREFETCH MPKI: 0
L2C WRITEBACK ACCESS:     948729  HIT:     947609  MISS:       1120  HIT %:    99.8819  MISS %:   0.118053   MPKI: 0.0056
L2C LOAD TRANSLATION ACCESS:     706001  HIT:     487931  MISS:     218070  HIT %:    69.1119  MISS %:    30.8881   MPKI: 1.09035
L2C PREFETCH  REQUESTED:     979509  ISSUED:     979409  USEFUL:     200930  USELESS:      35329
L2C USEFUL LOAD PREFETCHES:     200930 PREFETCH ISSUED TO LOWER LEVEL:     260360  ACCURACY: 77.1739
L2C TIMELY PREFETCHES:     200930 LATE PREFETCHES: 18685 DROPPED PREFETCHES: 0
L2C PREFETCHES SAME FILL-ORIGIN LEVEL: 255443 DIFFERENT FILL-ORIGIN LEVEL: 4917
L2C AVERAGE MISS LATENCY:    180.028 cycles AVERAGE LOAD MISS LATENCY:    172.227 cycles Load Miss    1568752
L2C Average MSHR Occupancy:   0.755207
L2C RQ	ACCESS:   17055812	FORWARD:          0	MERGED:          0	TO_CACHE:   17055751
L2C WQ	ACCESS:     948729	FORWARD:         63	MERGED:          0	TO_CACHE:     948729
L2C PQ	ACCESS:     979409	FORWARD:          0	MERGED:      28452	TO_CACHE:     950955

L2C Instructions Evicting Data 460790
L2C Translations Evicting Data 129575
L2C Data Evicting Data 885579
L2C Instructions Evicting Instructions 263165
L2C Translations Evicting Instructions 68580
L2C Data Evicting Instructions 455419
L2C Instructions Evicting Translations 68641
L2C Translations Evicting Translations 19915
L2C Data Evicting Translations 130308
L2C Dense regions hint from L2: 0
PSCL5 TOTAL     ACCESS:     431063  HIT:     431063  MISS:          0  HIT %:        100  MISS %:          0   MPKI: 0
PSCL5 LOAD TRANSLATION ACCESS:     431063  HIT:     431063  MISS:          0  HIT %:        100  MISS %:          0   MPKI: 0
PSCL5 PREFETCH  REQUESTED:          0  ISSUED:          0  USEFUL:          0  USELESS:          0
PSCL5 USEFUL LOAD PREFETCHES:          0 PREFETCH ISSUED TO LOWER LEVEL:          0  ACCURACY: -nan
PSCL5 TIMELY PREFETCHES:          0 LATE PREFETCHES: 0 DROPPED PREFETCHES: 0
PSCL5 PREFETCHES SAME FILL-ORIGIN LEVEL: 0 DIFFERENT FILL-ORIGIN LEVEL: 0

PSCL4 TOTAL     ACCESS:     389776  HIT:     379835  MISS:       9941  HIT %:    97.4496  MISS %:    2.55044   MPKI: 0.049705
PSCL4 LOAD TRANSLATION ACCESS:     389776  HIT:     379835  MISS:       9941  HIT %:    97.4496  MISS %:    2.55044   MPKI: 0.049705
PSCL4 PREFETCH  REQUESTED:          0  ISSUED:          0  USEFUL:          0  USELESS:          0
PSCL4 USEFUL LOAD PREFETCHES:          0 PREFETCH ISSUED TO LOWER LEVEL:          0  ACCURACY: -nan
PSCL4 TIMELY PREFETCHES:          0 LATE PREFETCHES: 0 DROPPED PREFETCHES: 0
PSCL4 PREFETCHES SAME FILL-ORIGIN LEVEL: 0 DIFFERENT FILL-ORIGIN LEVEL: 0

PSCL3 TOTAL     ACCESS:     420532  HIT:     384567  MISS:      35965  HIT %:    91.4477  MISS %:    8.55226   MPKI: 0.179825
PSCL3 LOAD TRANSLATION ACCESS:     420532  HIT:     384567  MISS:      35965  HIT %:    91.4477  MISS %:    8.55226   MPKI: 0.179825
PSCL3 PREFETCH  REQUESTED:          0  ISSUED:          0  USEFUL:          0  USELESS:          0
PSCL3 USEFUL LOAD PREFETCHES:          0 PREFETCH ISSUED TO LOWER LEVEL:          0  ACCURACY: -nan
PSCL3 TIMELY PREFETCHES:          0 LATE PREFETCHES: 0 DROPPED PREFETCHES: 0
PSCL3 PREFETCHES SAME FILL-ORIGIN LEVEL: 0 DIFFERENT FILL-ORIGIN LEVEL: 0

PSCL2 TOTAL     ACCESS:     431063  HIT:     195827  MISS:     235236  HIT %:    45.4289  MISS %:    54.5711   MPKI: 1.17618
PSCL2 LOAD TRANSLATION ACCESS:     431063  HIT:     195827  MISS:     235236  HIT %:    45.4289  MISS %:    54.5711   MPKI: 1.17618
PSCL2 PREFETCH  REQUESTED:          0  ISSUED:          0  USEFUL:          0  USELESS:          0
PSCL2 USEFUL LOAD PREFETCHES:          0 PREFETCH ISSUED TO LOWER LEVEL:          0  ACCURACY: -nan
PSCL2 TIMELY PREFETCHES:          0 LATE PREFETCHES: 0 DROPPED PREFETCHES: 0
PSCL2 PREFETCHES SAME FILL-ORIGIN LEVEL: 0 DIFFERENT FILL-ORIGIN LEVEL: 0

LLC TOTAL     ACCESS:    3069030  HIT:     608971  MISS:    2460059  HIT %:    19.8425  MISS %:    80.1575   MPKI: 12.3003
LLC LOAD      ACCESS:    1550367  HIT:     385149  MISS:    1165218  HIT %:    24.8424  MISS %:    75.1576   MPKI: 5.82609
LLC RFO       ACCESS:     458091  HIT:       6455  MISS:     451636  HIT %:    1.40911  MISS %:    98.5909   MPKI: 2.25818
LLC PREFETCH  ACCESS:     257031  HIT:       4578  MISS:     252453  HIT %:    1.78111  MISS %:    98.2189   MPKI: 1.26226
AGUS PREFETCH L1 MISS: 0
LLC WRITEBACK ACCESS:     585471  HIT:     169883  MISS:     415588  HIT %:    29.0165  MISS %:    70.9835   MPKI: 2.07794
LLC LOAD TRANSLATION ACCESS:     218070  HIT:      42906  MISS:     175164  HIT %:    19.6753  MISS %:    80.3247   MPKI: 0.87582
LLC PREFETCH  REQUESTED:          0  ISSUED:          0  USEFUL:        650  USELESS:      32900
LLC USEFUL LOAD PREFETCHES:        650 PREFETCH ISSUED TO LOWER LEVEL:     253351  ACCURACY: 0.256561
LLC TIMELY PREFETCHES:        650 LATE PREFETCHES: 898 DROPPED PREFETCHES: 0
LLC PREFETCHES SAME FILL-ORIGIN LEVEL: 3216 DIFFERENT FILL-ORIGIN LEVEL: 0
LLC AVERAGE MISS LATENCY:    136.817 cycles AVERAGE LOAD MISS LATENCY:    169.885 cycles Load Miss    1165218
LLC Average MSHR Occupancy:    0.56939
LLC RQ	ACCESS:    2226531	FORWARD:          0	MERGED:          0	TO_CACHE:    2226530
LLC WQ	ACCESS:     585471	FORWARD:          1	MERGED:          0	TO_CACHE:     585471
LLC PQ	ACCESS:     260360	FORWARD:          0	MERGED:        610	TO_CACHE:     259750

LLC Dense regions hint to LLC: 0

RAW hits: 2087821
Loads Generated: 42207582
Loads sent to L1D: 40119764
Stores Generated: 17442689
Stores sent to L1D: 17442686
Major fault: 0 Minor fault: 201247
Allocated PAGES: 201247
CPU 0 L2C PC-based stride prefetcher final stats
================ Mockingjay (LLC) Pollution Stats ================
Total pollution count in LLC: 21999
==================================================================

DRAM Statistics
 CHANNEL 0
 RQ ROW_BUFFER_HIT:     540769  ROW_BUFFER_MISS:    1503702
 DBUS_CONGESTED:       2917
 WQ ROW_BUFFER_HIT:     192873  ROW_BUFFER_MISS:     380657  FULL:          0

 AVG_CONGESTED_CYCLE: 5
 All warmup complete: 2
Channel 0 Bank busy for read cycles: 0
Channel 0 Bank busy for write cycles: 0
Channel 0
Rank 0
0banks busy for read cycles: 334396312
0banks busy for write cycles: 305313
1banks busy for read cycles: 132257875
1banks busy for write cycles: 53205754
2banks busy for read cycles: 29906162
2banks busy for write cycles: 14128707
3banks busy for read cycles: 8563117
3banks busy for write cycles: 4293186
4banks busy for read cycles: 3869848
4banks busy for write cycles: 1630852
5banks busy for read cycles: 1360384
5banks busy for write cycles: 760606
6banks busy for read cycles: 704999
6banks busy for write cycles: 417928
7banks busy for read cycles: 444665
7banks busy for write cycles: 280682
8banks busy for read cycles: 660404
8banks busy for write cycles: 487503

CPU 0 Branch Prediction Accuracy: 93.3275% MPKI: 11.7404 Average ROB Occupancy at Mispredict: 17.1767
Branch types
NOT_BRANCH: 164809261 82.4046%
BRANCH_DIRECT_JUMP: 1225420 0.61271%
BRANCH_INDIRECT: 390264 0.195132%
BRANCH_CONDITIONAL: 31516354 15.7582%
BRANCH_DIRECT_CALL: 845906 0.422953%
BRANCH_INDIRECT_CALL: 182886 0.091443%
BRANCH_RETURN: 1029324 0.514662%
BRANCH_OTHER: 146 7.3e-05%

===================== LRU L1D STATS =====================
Total pollution count in L1D: 0
=========================================================
================ SRRIP (L2C) Pollution Stats ================
Total pollution count in L2c: 1843299
==================================================================
DRAM PAGES: 1048576
Allocated PAGES: 201247
