
*** ChampSim Multicore Out-of-Order Simulator ***

Warmup Instructions: 200000000
Simulation Instructions: 200000000
Number of CPUs: 1
LLC sets: 4096
LLC ways: 12
Off-chip DRAM Size: 4096 MB Channels: 1 Width: 64-bit Data Rate: 6400 MT/s
CPU 0 runs /home1/sweta/traces/DPC4-Traces/Google_Traces_v2/Google_Traces_v2/sierra.a.6/sierra.a.6_0001.champsim.gz
.gz
BTB has LRU replacement policy
ITLB has LRU replacement policy
DTLB has LRU replacement policy
STLB has LRU replacement policy
L1I has LRU replacement policy
L1D has LRU replacement policy
CPU 0 L2C IP-based stride prefetcher
Initialize SRRIP state for L2C
Initialize Mockingjay state for LLC
Heartbeat CPU 0 instructions: 10000002 cycles: 2514904 heartbeat IPC: 3.9763 cumulative IPC: 3.9763 (Simulation time: 0 hr 0 min 25 sec) 
Heartbeat CPU 0 instructions: 20000000 cycles: 4987473 heartbeat IPC: 4.04438 cumulative IPC: 4.01005 (Simulation time: 0 hr 0 min 51 sec) 
Heartbeat CPU 0 instructions: 30000000 cycles: 7545705 heartbeat IPC: 3.90895 cumulative IPC: 3.97577 (Simulation time: 0 hr 1 min 17 sec) 
Heartbeat CPU 0 instructions: 40000005 cycles: 10073221 heartbeat IPC: 3.95646 cumulative IPC: 3.97093 (Simulation time: 0 hr 1 min 41 sec) 
Heartbeat CPU 0 instructions: 50000003 cycles: 12523354 heartbeat IPC: 4.08141 cumulative IPC: 3.99254 (Simulation time: 0 hr 2 min 4 sec) 
Heartbeat CPU 0 instructions: 60000002 cycles: 15080683 heartbeat IPC: 3.91033 cumulative IPC: 3.9786 (Simulation time: 0 hr 2 min 27 sec) 
Heartbeat CPU 0 instructions: 70000004 cycles: 17686989 heartbeat IPC: 3.83685 cumulative IPC: 3.95771 (Simulation time: 0 hr 2 min 52 sec) 
Heartbeat CPU 0 instructions: 80000000 cycles: 20793121 heartbeat IPC: 3.21944 cumulative IPC: 3.84743 (Simulation time: 0 hr 3 min 10 sec) 
Heartbeat CPU 0 instructions: 90000000 cycles: 23317743 heartbeat IPC: 3.96099 cumulative IPC: 3.85972 (Simulation time: 0 hr 3 min 34 sec) 
Heartbeat CPU 0 instructions: 100000000 cycles: 25673238 heartbeat IPC: 4.24539 cumulative IPC: 3.89511 (Simulation time: 0 hr 3 min 55 sec) 
Heartbeat CPU 0 instructions: 110000001 cycles: 28914201 heartbeat IPC: 3.0855 cumulative IPC: 3.80436 (Simulation time: 0 hr 4 min 11 sec) 
Heartbeat CPU 0 instructions: 120000004 cycles: 31580915 heartbeat IPC: 3.74993 cumulative IPC: 3.79976 (Simulation time: 0 hr 4 min 35 sec) 
Heartbeat CPU 0 instructions: 130000002 cycles: 34156507 heartbeat IPC: 3.8826 cumulative IPC: 3.80601 (Simulation time: 0 hr 5 min 1 sec) 
Heartbeat CPU 0 instructions: 140000007 cycles: 36926561 heartbeat IPC: 3.61004 cumulative IPC: 3.79131 (Simulation time: 0 hr 5 min 26 sec) 
Heartbeat CPU 0 instructions: 150000005 cycles: 39552386 heartbeat IPC: 3.80833 cumulative IPC: 3.79244 (Simulation time: 0 hr 5 min 51 sec) 
Heartbeat CPU 0 instructions: 160000006 cycles: 42107177 heartbeat IPC: 3.91421 cumulative IPC: 3.79983 (Simulation time: 0 hr 6 min 17 sec) 
Heartbeat CPU 0 instructions: 170000000 cycles: 44658044 heartbeat IPC: 3.92023 cumulative IPC: 3.8067 (Simulation time: 0 hr 6 min 42 sec) 
Heartbeat CPU 0 instructions: 180000000 cycles: 47140839 heartbeat IPC: 4.02772 cumulative IPC: 3.81835 (Simulation time: 0 hr 7 min 5 sec) 
Heartbeat CPU 0 instructions: 190000002 cycles: 49651053 heartbeat IPC: 3.98372 cumulative IPC: 3.82671 (Simulation time: 0 hr 7 min 30 sec) 
Heartbeat CPU 0 instructions: 200000001 cycles: 52250662 heartbeat IPC: 3.84673 cumulative IPC: 3.8277 (Simulation time: 0 hr 7 min 54 sec) 

Warmup complete CPU 0 instructions: 200000001 cycles: 52250662 (Simulation time: 0 hr 7 min 54 sec) 

Heartbeat CPU 0 instructions: 210000000 cycles: 86283166 heartbeat IPC: 0.293837 cumulative IPC: 0.293837 (Simulation time: 0 hr 8 min 24 sec) 
Heartbeat CPU 0 instructions: 220000003 cycles: 120896392 heartbeat IPC: 0.288907 cumulative IPC: 0.291351 (Simulation time: 0 hr 8 min 54 sec) 
Heartbeat CPU 0 instructions: 230000000 cycles: 147075251 heartbeat IPC: 0.381988 cumulative IPC: 0.316374 (Simulation time: 0 hr 9 min 23 sec) 
Heartbeat CPU 0 instructions: 240000000 cycles: 181949990 heartbeat IPC: 0.286741 cumulative IPC: 0.308406 (Simulation time: 0 hr 9 min 54 sec) 
Heartbeat CPU 0 instructions: 250000003 cycles: 215882085 heartbeat IPC: 0.294706 cumulative IPC: 0.305565 (Simulation time: 0 hr 10 min 26 sec) 
Heartbeat CPU 0 instructions: 260000000 cycles: 250614443 heartbeat IPC: 0.287916 cumulative IPC: 0.302475 (Simulation time: 0 hr 10 min 59 sec) 
Heartbeat CPU 0 instructions: 270000000 cycles: 286119135 heartbeat IPC: 0.281653 cumulative IPC: 0.299314 (Simulation time: 0 hr 11 min 31 sec) 
Heartbeat CPU 0 instructions: 280000000 cycles: 322268481 heartbeat IPC: 0.27663 cumulative IPC: 0.296277 (Simulation time: 0 hr 12 min 2 sec) 
Heartbeat CPU 0 instructions: 290000002 cycles: 356207315 heartbeat IPC: 0.294648 cumulative IPC: 0.296095 (Simulation time: 0 hr 12 min 33 sec) 
Heartbeat CPU 0 instructions: 300000006 cycles: 390839299 heartbeat IPC: 0.288751 cumulative IPC: 0.295344 (Simulation time: 0 hr 13 min 5 sec) 
Heartbeat CPU 0 instructions: 310000003 cycles: 423409159 heartbeat IPC: 0.307032 cumulative IPC: 0.296369 (Simulation time: 0 hr 13 min 37 sec) 
Heartbeat CPU 0 instructions: 320000001 cycles: 458419381 heartbeat IPC: 0.285631 cumulative IPC: 0.295444 (Simulation time: 0 hr 14 min 8 sec) 
Heartbeat CPU 0 instructions: 330000000 cycles: 493076488 heartbeat IPC: 0.288541 cumulative IPC: 0.294901 (Simulation time: 0 hr 14 min 41 sec) 
Heartbeat CPU 0 instructions: 340000001 cycles: 523231980 heartbeat IPC: 0.331615 cumulative IPC: 0.297252 (Simulation time: 0 hr 15 min 12 sec) 
Heartbeat CPU 0 instructions: 350000001 cycles: 559345120 heartbeat IPC: 0.276908 cumulative IPC: 0.295803 (Simulation time: 0 hr 15 min 42 sec) 
Heartbeat CPU 0 instructions: 360000000 cycles: 588818248 heartbeat IPC: 0.339292 cumulative IPC: 0.298192 (Simulation time: 0 hr 16 min 10 sec) 
Heartbeat CPU 0 instructions: 370000002 cycles: 625121774 heartbeat IPC: 0.275455 cumulative IPC: 0.296751 (Simulation time: 0 hr 16 min 39 sec) 
Heartbeat CPU 0 instructions: 380000000 cycles: 657861958 heartbeat IPC: 0.305435 cumulative IPC: 0.29722 (Simulation time: 0 hr 17 min 6 sec) 
Heartbeat CPU 0 instructions: 390000001 cycles: 690589387 heartbeat IPC: 0.305554 cumulative IPC: 0.297648 (Simulation time: 0 hr 17 min 35 sec) 
Heartbeat CPU 0 instructions: 400000000 cycles: 725773198 heartbeat IPC: 0.284222 cumulative IPC: 0.296946 (Simulation time: 0 hr 18 min 3 sec) 
Finished CPU 0 instructions: 200000001 cycles: 673522537 cumulative IPC: 0.296946 (Simulation time: 0 hr 18 min 3 sec) 

ChampSim completed all CPUs

Region of Interest Statistics

CPU 0 cumulative IPC: 0.296946 instructions: 200000001 cycles: 673522537
ITLB TOTAL     ACCESS:   20912105  HIT:   20242419  MISS:     669686  HIT %:    96.7976  MISS %:    3.20238   MPKI: 3.34843
ITLB LOAD TRANSLATION ACCESS:   20912105  HIT:   20242419  MISS:     669686  HIT %:    96.7976  MISS %:    3.20238   MPKI: 3.34843
ITLB PREFETCH  REQUESTED:          0  ISSUED:          0  USEFUL:          0  USELESS:          0
ITLB USEFUL LOAD PREFETCHES:          0 PREFETCH ISSUED TO LOWER LEVEL:          0  ACCURACY: -nan
ITLB TIMELY PREFETCHES:          0 LATE PREFETCHES: 0 DROPPED PREFETCHES: 0
ITLB PREFETCHES SAME FILL-ORIGIN LEVEL: 0 DIFFERENT FILL-ORIGIN LEVEL: 0
ITLB AVERAGE MISS LATENCY:    22.0155 cycles AVERAGE LOAD MISS LATENCY:       -nan cycles Load Miss          0
ITLB Average MSHR Occupancy:  0.0214721
ITLB RQ	ACCESS:   24706198	FORWARD:          0	MERGED:    3143904	TO_CACHE:   21562294

DTLB TOTAL     ACCESS:   42652698  HIT:   39456979  MISS:    3195719  HIT %:    92.5076  MISS %:    7.49242   MPKI: 15.9786
DTLB LOAD TRANSLATION ACCESS:   42652698  HIT:   39456979  MISS:    3195719  HIT %:    92.5076  MISS %:    7.49242   MPKI: 15.9786
DTLB PREFETCH  REQUESTED:          0  ISSUED:          0  USEFUL:          0  USELESS:          0
DTLB USEFUL LOAD PREFETCHES:          0 PREFETCH ISSUED TO LOWER LEVEL:          0  ACCURACY: -nan
DTLB TIMELY PREFETCHES:          0 LATE PREFETCHES: 0 DROPPED PREFETCHES: 0
DTLB PREFETCHES SAME FILL-ORIGIN LEVEL: 0 DIFFERENT FILL-ORIGIN LEVEL: 0
DTLB AVERAGE MISS LATENCY:    41.5444 cycles AVERAGE LOAD MISS LATENCY:       -nan cycles Load Miss          0
DTLB Average MSHR Occupancy:   0.193416
DTLB RQ	ACCESS:   56398844	FORWARD:          0	MERGED:   13239739	TO_CACHE:   43159105

STLB TOTAL     ACCESS:    3865405  HIT:    2940352  MISS:     925053  HIT %:    76.0684  MISS %:    23.9316   MPKI: 4.62526
STLB LOAD TRANSLATION ACCESS:    3865405  HIT:    2940352  MISS:     925053  HIT %:    76.0684  MISS %:    23.9316   MPKI: 4.62526
STLB PREFETCH  REQUESTED:          0  ISSUED:          0  USEFUL:          0  USELESS:          0
STLB USEFUL LOAD PREFETCHES:          0 PREFETCH ISSUED TO LOWER LEVEL:          0  ACCURACY: -nan
STLB TIMELY PREFETCHES:          0 LATE PREFETCHES: 0 DROPPED PREFETCHES: 0
STLB PREFETCHES SAME FILL-ORIGIN LEVEL: 0 DIFFERENT FILL-ORIGIN LEVEL: 0
STLB AVERAGE MISS LATENCY:    121.647 cycles AVERAGE LOAD MISS LATENCY:       -nan cycles Load Miss          0
STLB Average MSHR Occupancy:   0.165993
STLB RQ	ACCESS:    3865405	FORWARD:          0	MERGED:          0	TO_CACHE:    3865405

STLB Hit, L1D data hit: 0
STLB Hit, L2C data hit: 0
STLB Hit, LLC data hit: 0
STLB Hit, LLC data miss: 0
STLB STLB hints to L2: 0
L1D TOTAL     ACCESS:   53913143  HIT:   49942259  MISS:    3970884  HIT %:    92.6347  MISS %:    7.36534   MPKI: 19.8544
L1D LOAD      ACCESS:   30204294  HIT:   27262436  MISS:    2941858  HIT %:    90.2601  MISS %:    9.73987   MPKI: 14.7093
L1D RFO       ACCESS:   23708849  HIT:   22679823  MISS:    1029026  HIT %:    95.6597  MISS %:    4.34026   MPKI: 5.14513
L1D PREFETCH  REQUESTED:          0  ISSUED:          0  USEFUL:          0  USELESS:          0
L1D USEFUL LOAD PREFETCHES:          0 PREFETCH ISSUED TO LOWER LEVEL:          0  ACCURACY: -nan
L1D TIMELY PREFETCHES:          0 LATE PREFETCHES: 0 DROPPED PREFETCHES: 0
L1D PREFETCHES SAME FILL-ORIGIN LEVEL: 0 DIFFERENT FILL-ORIGIN LEVEL: 0
L1D AVERAGE MISS LATENCY:     100.79 cycles AVERAGE LOAD MISS LATENCY:    91.1075 cycles Load Miss    2941858
L1D Average MSHR Occupancy:   0.601627
L1D RQ	ACCESS:   44809594	FORWARD:          0	MERGED:   13442349	TO_CACHE:   30406266
L1D WQ	ACCESS:   26797982	FORWARD:     960979	MERGED:     805404	TO_CACHE:   25992578

L1D UNIQUE REGIONS ACCESSED: 0
L1D REGIONS CONFLICTS: 0
L1D Cross Page Prefetch Requests: 0
L1D Same Page Prefetch Requests: 0
L1D ROI Sum of L1D PQ occupancy: 0
L1D PREFETCHES PUSHED FROM L2C: 0
L1I TOTAL     ACCESS:   24265272  HIT:    8293049  MISS:   15972223  HIT %:    34.1766  MISS %:    65.8234   MPKI: 79.8611
L1I LOAD      ACCESS:   24265272  HIT:    8293049  MISS:   15972223  HIT %:    34.1766  MISS %:    65.8234   MPKI: 79.8611
L1I PREFETCH  REQUESTED:          0  ISSUED:          0  USEFUL:          0  USELESS:          0
L1I USEFUL LOAD PREFETCHES:          0 PREFETCH ISSUED TO LOWER LEVEL:          0  ACCURACY: -nan
L1I TIMELY PREFETCHES:          0 LATE PREFETCHES: 0 DROPPED PREFETCHES: 0
L1I PREFETCHES SAME FILL-ORIGIN LEVEL: 0 DIFFERENT FILL-ORIGIN LEVEL: 0
L1I AVERAGE MISS LATENCY:    22.4994 cycles AVERAGE LOAD MISS LATENCY:    22.4994 cycles Load Miss   15972223
L1I Average MSHR Occupancy:   0.523737
L1I RQ	ACCESS:   44444785	FORWARD:          0	MERGED:   19738587	TO_CACHE:   24706198

BTB TOTAL     ACCESS:   18262456  HIT:   14279928  MISS:    3982528  HIT %:    78.1928  MISS %:    21.8072   MPKI: 19.9126
BTB BRANCH_DIRECT_JUMP	ACCESS:    2986369  HIT:    2048768  MISS:     937601
BTB BRANCH_INDIRECT	ACCESS:     236237  HIT:     124915  MISS:     111322
BTB BRANCH_CONDITIONAL	ACCESS:   11412029  HIT:   10649108  MISS:     762921
BTB BRANCH_DIRECT_CALL	ACCESS:    1604723  HIT:     981337  MISS:     623386
BTB BRANCH_INDIRECT_CALL	ACCESS:     202382  HIT:      83076  MISS:     119306
BTB BRANCH_RETURN	ACCESS:    1814243  HIT:     390831  MISS:    1423412
BTB BRANCH_OTHER ACCESS:       6473  HIT:       1893  MISS:       4580

L2C TOTAL     ACCESS:   23394305  HIT:   20503306  MISS:    2890999  HIT %:    87.6423  MISS %:    12.3577   MPKI: 14.455
L2C LOAD      ACCESS:   18913934  HIT:   16963012  MISS:    1950922  HIT %:    89.6853  MISS %:    10.3147   MPKI: 9.75461
L2C DATA LOAD MPKI: 5.33999
L2C INSTRUCTION LOAD MPKI: 4.41461
L2C RFO       ACCESS:    1028975  HIT:     492936  MISS:     536039  HIT %:    47.9055  MISS %:    52.0945   MPKI: 2.68019
L2C PREFETCH  ACCESS:      37420  HIT:      21779  MISS:      15641  HIT %:    58.2015  MISS %:    41.7985   MPKI: 0.078205
AGUS PREFETCH L1 MISS: 0
L2C DATA PREFETCH MPKI: 0.078205
L2C INSTRUCTION PREFETCH MPKI: 0
L2C WRITEBACK ACCESS:    1860995  HIT:    1853139  MISS:       7856  HIT %:    99.5779  MISS %:    0.42214   MPKI: 0.03928
L2C LOAD TRANSLATION ACCESS:    1552981  HIT:    1172440  MISS:     380541  HIT %:    75.4961  MISS %:    24.5039   MPKI: 1.9027
L2C PREFETCH  REQUESTED:      47346  ISSUED:      47342  USEFUL:       6322  USELESS:       9336
L2C USEFUL LOAD PREFETCHES:       6322 PREFETCH ISSUED TO LOWER LEVEL:      17373  ACCURACY: 36.3898
L2C TIMELY PREFETCHES:       6322 LATE PREFETCHES: 1538 DROPPED PREFETCHES: 0
L2C PREFETCHES SAME FILL-ORIGIN LEVEL: 17179 DIFFERENT FILL-ORIGIN LEVEL: 194
L2C AVERAGE MISS LATENCY:    187.994 cycles AVERAGE LOAD MISS LATENCY:    182.998 cycles Load Miss    1950922
L2C Average MSHR Occupancy:   0.805811
L2C RQ	ACCESS:   21496089	FORWARD:          0	MERGED:          0	TO_CACHE:   21495891
L2C WQ	ACCESS:    1860995	FORWARD:        198	MERGED:          0	TO_CACHE:    1860995
L2C PQ	ACCESS:      47342	FORWARD:          0	MERGED:       3750	TO_CACHE:      43592

L2C Instructions Evicting Data 479627
L2C Translations Evicting Data 216039
L2C Data Evicting Data 927681
L2C Instructions Evicting Instructions 287718
L2C Translations Evicting Instructions 115508
L2C Data Evicting Instructions 477012
L2C Instructions Evicting Translations 115578
L2C Translations Evicting Translations 48994
L2C Data Evicting Translations 214986
L2C Dense regions hint from L2: 0
PSCL5 TOTAL     ACCESS:     925053  HIT:     925053  MISS:          0  HIT %:        100  MISS %:          0   MPKI: 0
PSCL5 LOAD TRANSLATION ACCESS:     925053  HIT:     925053  MISS:          0  HIT %:        100  MISS %:          0   MPKI: 0
PSCL5 PREFETCH  REQUESTED:          0  ISSUED:          0  USEFUL:          0  USELESS:          0
PSCL5 USEFUL LOAD PREFETCHES:          0 PREFETCH ISSUED TO LOWER LEVEL:          0  ACCURACY: -nan
PSCL5 TIMELY PREFETCHES:          0 LATE PREFETCHES: 0 DROPPED PREFETCHES: 0
PSCL5 PREFETCHES SAME FILL-ORIGIN LEVEL: 0 DIFFERENT FILL-ORIGIN LEVEL: 0

PSCL4 TOTAL     ACCESS:     810418  HIT:     806625  MISS:       3793  HIT %:     99.532  MISS %:    0.46803   MPKI: 0.018965
PSCL4 LOAD TRANSLATION ACCESS:     810418  HIT:     806625  MISS:       3793  HIT %:     99.532  MISS %:    0.46803   MPKI: 0.018965
PSCL4 PREFETCH  REQUESTED:          0  ISSUED:          0  USEFUL:          0  USELESS:          0
PSCL4 USEFUL LOAD PREFETCHES:          0 PREFETCH ISSUED TO LOWER LEVEL:          0  ACCURACY: -nan
PSCL4 TIMELY PREFETCHES:          0 LATE PREFETCHES: 0 DROPPED PREFETCHES: 0
PSCL4 PREFETCHES SAME FILL-ORIGIN LEVEL: 0 DIFFERENT FILL-ORIGIN LEVEL: 0

PSCL3 TOTAL     ACCESS:     920711  HIT:     903989  MISS:      16722  HIT %:    98.1838  MISS %:    1.81621   MPKI: 0.08361
PSCL3 LOAD TRANSLATION ACCESS:     920711  HIT:     903989  MISS:      16722  HIT %:    98.1838  MISS %:    1.81621   MPKI: 0.08361
PSCL3 PREFETCH  REQUESTED:          0  ISSUED:          0  USEFUL:          0  USELESS:          0
PSCL3 USEFUL LOAD PREFETCHES:          0 PREFETCH ISSUED TO LOWER LEVEL:          0  ACCURACY: -nan
PSCL3 TIMELY PREFETCHES:          0 LATE PREFETCHES: 0 DROPPED PREFETCHES: 0
PSCL3 PREFETCHES SAME FILL-ORIGIN LEVEL: 0 DIFFERENT FILL-ORIGIN LEVEL: 0

PSCL2 TOTAL     ACCESS:     925053  HIT:     317378  MISS:     607675  HIT %:    34.3092  MISS %:    65.6908   MPKI: 3.03837
PSCL2 LOAD TRANSLATION ACCESS:     925053  HIT:     317378  MISS:     607675  HIT %:    34.3092  MISS %:    65.6908   MPKI: 3.03837
PSCL2 PREFETCH  REQUESTED:          0  ISSUED:          0  USEFUL:          0  USELESS:          0
PSCL2 USEFUL LOAD PREFETCHES:          0 PREFETCH ISSUED TO LOWER LEVEL:          0  ACCURACY: -nan
PSCL2 TIMELY PREFETCHES:          0 LATE PREFETCHES: 0 DROPPED PREFETCHES: 0
PSCL2 PREFETCHES SAME FILL-ORIGIN LEVEL: 0 DIFFERENT FILL-ORIGIN LEVEL: 0

LLC TOTAL     ACCESS:    3910619  HIT:     970479  MISS:    2940140  HIT %:    24.8165  MISS %:    75.1835   MPKI: 14.7007
LLC LOAD      ACCESS:    1949385  HIT:     473645  MISS:    1475740  HIT %:    24.2972  MISS %:    75.7028   MPKI: 7.3787
LLC RFO       ACCESS:     536038  HIT:      38349  MISS:     497689  HIT %:    7.15416  MISS %:    92.8458   MPKI: 2.48844
LLC PREFETCH  ACCESS:      17327  HIT:       1750  MISS:      15577  HIT %:    10.0998  MISS %:    89.9002   MPKI: 0.077885
AGUS PREFETCH L1 MISS: 0
LLC WRITEBACK ACCESS:    1027328  HIT:     336667  MISS:     690661  HIT %:    32.7711  MISS %:    67.2289   MPKI: 3.4533
LLC LOAD TRANSLATION ACCESS:     380541  HIT:     120068  MISS:     260473  HIT %:    31.5519  MISS %:    68.4481   MPKI: 1.30236
LLC PREFETCH  REQUESTED:          0  ISSUED:          0  USEFUL:        392  USELESS:       4196
LLC USEFUL LOAD PREFETCHES:        392 PREFETCH ISSUED TO LOWER LEVEL:      15603  ACCURACY: 2.51234
LLC TIMELY PREFETCHES:        392 LATE PREFETCHES: 26 DROPPED PREFETCHES: 0
LLC PREFETCHES SAME FILL-ORIGIN LEVEL: 145 DIFFERENT FILL-ORIGIN LEVEL: 0
LLC AVERAGE MISS LATENCY:    140.638 cycles AVERAGE LOAD MISS LATENCY:    182.185 cycles Load Miss    1475740
LLC Average MSHR Occupancy:    0.61059
LLC RQ	ACCESS:    2865964	FORWARD:          0	MERGED:          0	TO_CACHE:    2865964
LLC WQ	ACCESS:    1027328	FORWARD:          0	MERGED:          0	TO_CACHE:    1027328
LLC PQ	ACCESS:      17373	FORWARD:          0	MERGED:          7	TO_CACHE:      17366

LLC Dense regions hint to LLC: 0

RAW hits: 2911943
Loads Generated: 47721538
Loads sent to L1D: 44809594
Stores Generated: 26797945
Stores sent to L1D: 26797982
Major fault: 0 Minor fault: 128296
Allocated PAGES: 128296
CPU 0 L2C PC-based stride prefetcher final stats
================ Mockingjay (LLC) Pollution Stats ================
Total pollution count in LLC: 16034
==================================================================

DRAM Statistics
 CHANNEL 0
 RQ ROW_BUFFER_HIT:     174248  ROW_BUFFER_MISS:    2075222
 DBUS_CONGESTED:        561
 WQ ROW_BUFFER_HIT:     360031  ROW_BUFFER_MISS:     627930  FULL:          0

 AVG_CONGESTED_CYCLE: 4
 All warmup complete: 2
Channel 0 Bank busy for read cycles: 0
Channel 0 Bank busy for write cycles: 0
Channel 0
Rank 0
0banks busy for read cycles: 340629460
0banks busy for write cycles: 417616
1banks busy for read cycles: 150362371
1banks busy for write cycles: 72508702
2banks busy for read cycles: 41832138
2banks busy for write cycles: 27169126
3banks busy for read cycles: 13033540
3banks busy for write cycles: 9991930
4banks busy for read cycles: 5154265
4banks busy for write cycles: 4202704
5banks busy for read cycles: 2054546
5banks busy for write cycles: 1942002
6banks busy for read cycles: 1139510
6banks busy for write cycles: 971320
7banks busy for read cycles: 667153
7banks busy for write cycles: 530010
8banks busy for read cycles: 562421
8banks busy for write cycles: 353724

CPU 0 Branch Prediction Accuracy: 96.6309% MPKI: 6.86834 Average ROB Occupancy at Mispredict: 16.7064
Branch types
NOT_BRANCH: 159227108 79.6136%
BRANCH_DIRECT_JUMP: 2986369 1.49318%
BRANCH_INDIRECT: 236237 0.118118%
BRANCH_CONDITIONAL: 33921809 16.9609%
BRANCH_DIRECT_CALL: 1604723 0.802361%
BRANCH_INDIRECT_CALL: 202382 0.101191%
BRANCH_RETURN: 1814243 0.907121%
BRANCH_OTHER: 6473 0.0032365%

===================== LRU L1D STATS =====================
Total pollution count in L1D: 0
=========================================================
================ SRRIP (L2C) Pollution Stats ================
Total pollution count in L2c: 2651438
==================================================================
DRAM PAGES: 1048576
Allocated PAGES: 128296
