
*** ChampSim Multicore Out-of-Order Simulator ***

Warmup Instructions: 200000000
Simulation Instructions: 200000000
Number of CPUs: 1
LLC sets: 4096
LLC ways: 12
Off-chip DRAM Size: 4096 MB Channels: 1 Width: 64-bit Data Rate: 6400 MT/s
CPU 0 runs /home1/sweta/traces/DPC4-Traces/Google_Traces_v2/Google_Traces_v2/sierra.a.6/sierra.a.6_0002.champsim.gz
.gz
BTB has LRU replacement policy
ITLB has LRU replacement policy
DTLB has LRU replacement policy
STLB has LRU replacement policy
L1I has LRU replacement policy
L1D has LRU replacement policy
CPU 0 L2C IP-based stride prefetcher
Initialize SRRIP state for L2C
Initialize Mockingjay state for LLC
Heartbeat CPU 0 instructions: 10000001 cycles: 2466294 heartbeat IPC: 4.05467 cumulative IPC: 4.05467 (Simulation time: 0 hr 0 min 22 sec) 
Heartbeat CPU 0 instructions: 20000000 cycles: 5004231 heartbeat IPC: 3.94021 cumulative IPC: 3.99662 (Simulation time: 0 hr 0 min 47 sec) 
Heartbeat CPU 0 instructions: 30000001 cycles: 7243313 heartbeat IPC: 4.46612 cumulative IPC: 4.14175 (Simulation time: 0 hr 1 min 9 sec) 
Heartbeat CPU 0 instructions: 40000000 cycles: 9491894 heartbeat IPC: 4.44725 cumulative IPC: 4.21412 (Simulation time: 0 hr 1 min 30 sec) 
Heartbeat CPU 0 instructions: 50000007 cycles: 12062192 heartbeat IPC: 3.8906 cumulative IPC: 4.14518 (Simulation time: 0 hr 1 min 53 sec) 
Heartbeat CPU 0 instructions: 60000003 cycles: 14652223 heartbeat IPC: 3.86096 cumulative IPC: 4.09494 (Simulation time: 0 hr 2 min 16 sec) 
Heartbeat CPU 0 instructions: 70000005 cycles: 17347285 heartbeat IPC: 3.71049 cumulative IPC: 4.03521 (Simulation time: 0 hr 2 min 39 sec) 
Heartbeat CPU 0 instructions: 80000004 cycles: 19876287 heartbeat IPC: 3.95413 cumulative IPC: 4.0249 (Simulation time: 0 hr 3 min 5 sec) 
Heartbeat CPU 0 instructions: 90000000 cycles: 22464264 heartbeat IPC: 3.86402 cumulative IPC: 4.00636 (Simulation time: 0 hr 3 min 30 sec) 
Heartbeat CPU 0 instructions: 100000001 cycles: 25101046 heartbeat IPC: 3.7925 cumulative IPC: 3.9839 (Simulation time: 0 hr 3 min 55 sec) 
Heartbeat CPU 0 instructions: 110000000 cycles: 27723864 heartbeat IPC: 3.81269 cumulative IPC: 3.9677 (Simulation time: 0 hr 4 min 19 sec) 
Heartbeat CPU 0 instructions: 120000007 cycles: 30319682 heartbeat IPC: 3.85235 cumulative IPC: 3.95783 (Simulation time: 0 hr 4 min 44 sec) 
Heartbeat CPU 0 instructions: 130000007 cycles: 32854165 heartbeat IPC: 3.94558 cumulative IPC: 3.95688 (Simulation time: 0 hr 5 min 9 sec) 
Heartbeat CPU 0 instructions: 140000001 cycles: 35314021 heartbeat IPC: 4.06528 cumulative IPC: 3.96443 (Simulation time: 0 hr 5 min 33 sec) 
Heartbeat CPU 0 instructions: 150000002 cycles: 38038919 heartbeat IPC: 3.66986 cumulative IPC: 3.94333 (Simulation time: 0 hr 5 min 58 sec) 
Heartbeat CPU 0 instructions: 160000000 cycles: 40571461 heartbeat IPC: 3.9486 cumulative IPC: 3.94366 (Simulation time: 0 hr 6 min 21 sec) 
Heartbeat CPU 0 instructions: 170000001 cycles: 43026609 heartbeat IPC: 4.07307 cumulative IPC: 3.95104 (Simulation time: 0 hr 6 min 42 sec) 
Heartbeat CPU 0 instructions: 180000000 cycles: 45523716 heartbeat IPC: 4.00463 cumulative IPC: 3.95398 (Simulation time: 0 hr 7 min 5 sec) 
Heartbeat CPU 0 instructions: 190000003 cycles: 47940182 heartbeat IPC: 4.13828 cumulative IPC: 3.96327 (Simulation time: 0 hr 7 min 28 sec) 
Heartbeat CPU 0 instructions: 200000005 cycles: 50532844 heartbeat IPC: 3.85704 cumulative IPC: 3.95782 (Simulation time: 0 hr 7 min 52 sec) 

Warmup complete CPU 0 instructions: 200000005 cycles: 50532844 (Simulation time: 0 hr 7 min 52 sec) 

Heartbeat CPU 0 instructions: 210000006 cycles: 83520663 heartbeat IPC: 0.303142 cumulative IPC: 0.303142 (Simulation time: 0 hr 8 min 23 sec) 
Heartbeat CPU 0 instructions: 220000000 cycles: 118028031 heartbeat IPC: 0.289793 cumulative IPC: 0.296317 (Simulation time: 0 hr 8 min 53 sec) 
Heartbeat CPU 0 instructions: 230000005 cycles: 148263776 heartbeat IPC: 0.330735 cumulative IPC: 0.306965 (Simulation time: 0 hr 9 min 21 sec) 
Heartbeat CPU 0 instructions: 240000000 cycles: 185286862 heartbeat IPC: 0.270102 cumulative IPC: 0.296837 (Simulation time: 0 hr 9 min 51 sec) 
Heartbeat CPU 0 instructions: 250000000 cycles: 218089141 heartbeat IPC: 0.304857 cumulative IPC: 0.298407 (Simulation time: 0 hr 10 min 20 sec) 
Heartbeat CPU 0 instructions: 260000004 cycles: 255903801 heartbeat IPC: 0.264448 cumulative IPC: 0.292154 (Simulation time: 0 hr 10 min 51 sec) 
Heartbeat CPU 0 instructions: 270000000 cycles: 287453565 heartbeat IPC: 0.316959 cumulative IPC: 0.295457 (Simulation time: 0 hr 11 min 20 sec) 
Heartbeat CPU 0 instructions: 280000001 cycles: 319245805 heartbeat IPC: 0.314542 cumulative IPC: 0.297715 (Simulation time: 0 hr 11 min 50 sec) 
Heartbeat CPU 0 instructions: 290000003 cycles: 354023035 heartbeat IPC: 0.287545 cumulative IPC: 0.29655 (Simulation time: 0 hr 12 min 22 sec) 
Heartbeat CPU 0 instructions: 300000006 cycles: 387758123 heartbeat IPC: 0.296427 cumulative IPC: 0.296538 (Simulation time: 0 hr 12 min 51 sec) 
Heartbeat CPU 0 instructions: 310000005 cycles: 414990647 heartbeat IPC: 0.367208 cumulative IPC: 0.301818 (Simulation time: 0 hr 13 min 20 sec) 
Heartbeat CPU 0 instructions: 320000002 cycles: 446464424 heartbeat IPC: 0.317725 cumulative IPC: 0.303083 (Simulation time: 0 hr 13 min 51 sec) 
Heartbeat CPU 0 instructions: 330000001 cycles: 476618261 heartbeat IPC: 0.331633 cumulative IPC: 0.305103 (Simulation time: 0 hr 14 min 20 sec) 
Heartbeat CPU 0 instructions: 340000000 cycles: 508153173 heartbeat IPC: 0.317109 cumulative IPC: 0.30593 (Simulation time: 0 hr 14 min 49 sec) 
Heartbeat CPU 0 instructions: 350000000 cycles: 538213956 heartbeat IPC: 0.332659 cumulative IPC: 0.307578 (Simulation time: 0 hr 15 min 17 sec) 
Heartbeat CPU 0 instructions: 360000000 cycles: 568138001 heartbeat IPC: 0.334179 cumulative IPC: 0.309116 (Simulation time: 0 hr 15 min 44 sec) 
Heartbeat CPU 0 instructions: 370000004 cycles: 585263206 heartbeat IPC: 0.583935 cumulative IPC: 0.317917 (Simulation time: 0 hr 16 min 9 sec) 
Heartbeat CPU 0 instructions: 380000000 cycles: 607827477 heartbeat IPC: 0.443178 cumulative IPC: 0.322989 (Simulation time: 0 hr 16 min 35 sec) 
Heartbeat CPU 0 instructions: 390000001 cycles: 635774436 heartbeat IPC: 0.357821 cumulative IPC: 0.324652 (Simulation time: 0 hr 17 min 2 sec) 
Heartbeat CPU 0 instructions: 400000000 cycles: 664443948 heartbeat IPC: 0.348803 cumulative IPC: 0.32578 (Simulation time: 0 hr 17 min 27 sec) 
Finished CPU 0 instructions: 200000000 cycles: 613911414 cumulative IPC: 0.32578 (Simulation time: 0 hr 17 min 27 sec) 

ChampSim completed all CPUs

Region of Interest Statistics

CPU 0 cumulative IPC: 0.32578 instructions: 200000000 cycles: 613911414
ITLB TOTAL     ACCESS:   20513234  HIT:   19926047  MISS:     587187  HIT %:    97.1375  MISS %:    2.86248   MPKI: 2.93594
ITLB LOAD TRANSLATION ACCESS:   20513234  HIT:   19926047  MISS:     587187  HIT %:    97.1375  MISS %:    2.86248   MPKI: 2.93594
ITLB PREFETCH  REQUESTED:          0  ISSUED:          0  USEFUL:          0  USELESS:          0
ITLB USEFUL LOAD PREFETCHES:          0 PREFETCH ISSUED TO LOWER LEVEL:          0  ACCURACY: -nan
ITLB TIMELY PREFETCHES:          0 LATE PREFETCHES: 0 DROPPED PREFETCHES: 0
ITLB PREFETCHES SAME FILL-ORIGIN LEVEL: 0 DIFFERENT FILL-ORIGIN LEVEL: 0
ITLB AVERAGE MISS LATENCY:     21.756 cycles AVERAGE LOAD MISS LATENCY:       -nan cycles Load Miss          0
ITLB Average MSHR Occupancy:  0.0205185
ITLB RQ	ACCESS:   24211531	FORWARD:          0	MERGED:    3132263	TO_CACHE:   21079268

DTLB TOTAL     ACCESS:   41615758  HIT:   38566032  MISS:    3049726  HIT %:    92.6717  MISS %:     7.3283   MPKI: 15.2486
DTLB LOAD TRANSLATION ACCESS:   41615758  HIT:   38566032  MISS:    3049726  HIT %:    92.6717  MISS %:     7.3283   MPKI: 15.2486
DTLB PREFETCH  REQUESTED:          0  ISSUED:          0  USEFUL:          0  USELESS:          0
DTLB USEFUL LOAD PREFETCHES:          0 PREFETCH ISSUED TO LOWER LEVEL:          0  ACCURACY: -nan
DTLB TIMELY PREFETCHES:          0 LATE PREFETCHES: 0 DROPPED PREFETCHES: 0
DTLB PREFETCHES SAME FILL-ORIGIN LEVEL: 0 DIFFERENT FILL-ORIGIN LEVEL: 0
DTLB AVERAGE MISS LATENCY:    39.1715 cycles AVERAGE LOAD MISS LATENCY:       -nan cycles Load Miss          0
DTLB Average MSHR Occupancy:   0.190377
DTLB RQ	ACCESS:   55469202	FORWARD:          0	MERGED:   13397415	TO_CACHE:   42071787

STLB TOTAL     ACCESS:    3636913  HIT:    2806156  MISS:     830757  HIT %:    77.1576  MISS %:    22.8424   MPKI: 4.15379
STLB LOAD TRANSLATION ACCESS:    3636913  HIT:    2806156  MISS:     830757  HIT %:    77.1576  MISS %:    22.8424   MPKI: 4.15379
STLB PREFETCH  REQUESTED:          0  ISSUED:          0  USEFUL:          0  USELESS:          0
STLB USEFUL LOAD PREFETCHES:          0 PREFETCH ISSUED TO LOWER LEVEL:          0  ACCURACY: -nan
STLB TIMELY PREFETCHES:          0 LATE PREFETCHES: 0 DROPPED PREFETCHES: 0
STLB PREFETCHES SAME FILL-ORIGIN LEVEL: 0 DIFFERENT FILL-ORIGIN LEVEL: 0
STLB AVERAGE MISS LATENCY:    119.567 cycles AVERAGE LOAD MISS LATENCY:       -nan cycles Load Miss          0
STLB Average MSHR Occupancy:   0.160535
STLB RQ	ACCESS:    3636913	FORWARD:          0	MERGED:          0	TO_CACHE:    3636913

STLB Hit, L1D data hit: 0
STLB Hit, L2C data hit: 0
STLB Hit, LLC data hit: 0
STLB Hit, LLC data miss: 0
STLB STLB hints to L2: 0
L1D TOTAL     ACCESS:   53219789  HIT:   49539601  MISS:    3680188  HIT %:    93.0849  MISS %:    6.91507   MPKI: 18.4009
L1D LOAD      ACCESS:   29779865  HIT:   27035691  MISS:    2744174  HIT %:    90.7851  MISS %:    9.21486   MPKI: 13.7209
L1D RFO       ACCESS:   23439924  HIT:   22503910  MISS:     936014  HIT %:    96.0068  MISS %:    3.99325   MPKI: 4.68007
L1D PREFETCH  REQUESTED:          0  ISSUED:          0  USEFUL:          0  USELESS:          0
L1D USEFUL LOAD PREFETCHES:          0 PREFETCH ISSUED TO LOWER LEVEL:          0  ACCURACY: -nan
L1D TIMELY PREFETCHES:          0 LATE PREFETCHES: 0 DROPPED PREFETCHES: 0
L1D PREFETCHES SAME FILL-ORIGIN LEVEL: 0 DIFFERENT FILL-ORIGIN LEVEL: 0
L1D AVERAGE MISS LATENCY:    99.6618 cycles AVERAGE LOAD MISS LATENCY:    89.2465 cycles Load Miss    2744174
L1D Average MSHR Occupancy:   0.603297
L1D RQ	ACCESS:   45425679	FORWARD:          0	MERGED:   14449008	TO_CACHE:   29980303
L1D WQ	ACCESS:   26257771	FORWARD:     996368	MERGED:     768872	TO_CACHE:   25488899

L1D UNIQUE REGIONS ACCESSED: 0
L1D REGIONS CONFLICTS: 0
L1D Cross Page Prefetch Requests: 0
L1D Same Page Prefetch Requests: 0
L1D ROI Sum of L1D PQ occupancy: 0
L1D PREFETCHES PUSHED FROM L2C: 0
L1I TOTAL     ACCESS:   23742517  HIT:    9169804  MISS:   14572713  HIT %:    38.6219  MISS %:    61.3781   MPKI: 72.8636
L1I LOAD      ACCESS:   23742517  HIT:    9169804  MISS:   14572713  HIT %:    38.6219  MISS %:    61.3781   MPKI: 72.8636
L1I PREFETCH  REQUESTED:          0  ISSUED:          0  USEFUL:          0  USELESS:          0
L1I USEFUL LOAD PREFETCHES:          0 PREFETCH ISSUED TO LOWER LEVEL:          0  ACCURACY: -nan
L1I TIMELY PREFETCHES:          0 LATE PREFETCHES: 0 DROPPED PREFETCHES: 0
L1I PREFETCHES SAME FILL-ORIGIN LEVEL: 0 DIFFERENT FILL-ORIGIN LEVEL: 0
L1I AVERAGE MISS LATENCY:    21.7817 cycles AVERAGE LOAD MISS LATENCY:    21.7817 cycles Load Miss   14572713
L1I Average MSHR Occupancy:   0.507324
L1I RQ	ACCESS:   44205999	FORWARD:          0	MERGED:   19994468	TO_CACHE:   24211531

BTB TOTAL     ACCESS:   18439779  HIT:   14712742  MISS:    3727037  HIT %:    79.7881  MISS %:    20.2119   MPKI: 18.6352
BTB BRANCH_DIRECT_JUMP	ACCESS:    2773650  HIT:    1933799  MISS:     839851
BTB BRANCH_INDIRECT	ACCESS:     364881  HIT:     256619  MISS:     108262
BTB BRANCH_CONDITIONAL	ACCESS:   11611363  HIT:   10918935  MISS:     692428
BTB BRANCH_DIRECT_CALL	ACCESS:    1669441  HIT:    1106949  MISS:     562492
BTB BRANCH_INDIRECT_CALL	ACCESS:     169511  HIT:      68053  MISS:     101458
BTB BRANCH_RETURN	ACCESS:    1845349  HIT:     426497  MISS:    1418852
BTB BRANCH_OTHER ACCESS:       5584  HIT:       1890  MISS:       3694

L2C TOTAL     ACCESS:   21578025  HIT:   18949422  MISS:    2628603  HIT %:    87.8181  MISS %:    12.1819   MPKI: 13.143
L2C LOAD      ACCESS:   17316757  HIT:   15600807  MISS:    1715950  HIT %:    90.0908  MISS %:    9.90919   MPKI: 8.57975
L2C DATA LOAD MPKI: 4.89309
L2C INSTRUCTION LOAD MPKI: 3.68667
L2C RFO       ACCESS:     935968  HIT:     445553  MISS:     490415  HIT %:    47.6034  MISS %:    52.3966   MPKI: 2.45207
L2C PREFETCH  ACCESS:     202209  HIT:     121072  MISS:      81137  HIT %:    59.8747  MISS %:    40.1253   MPKI: 0.405685
AGUS PREFETCH L1 MISS: 0
L2C DATA PREFETCH MPKI: 0.405685
L2C INSTRUCTION PREFETCH MPKI: 0
L2C WRITEBACK ACCESS:    1734504  HIT:    1728078  MISS:       6426  HIT %:    99.6295  MISS %:   0.370481   MPKI: 0.03213
L2C LOAD TRANSLATION ACCESS:    1388587  HIT:    1053912  MISS:     334675  HIT %:    75.8982  MISS %:    24.1018   MPKI: 1.67338
L2C PREFETCH  REQUESTED:     222814  ISSUED:     222814  USEFUL:      63686  USELESS:      17633
L2C USEFUL LOAD PREFETCHES:      63686 PREFETCH ISSUED TO LOWER LEVEL:      84180  ACCURACY: 75.6545
L2C TIMELY PREFETCHES:      63686 LATE PREFETCHES: 2725 DROPPED PREFETCHES: 0
L2C PREFETCHES SAME FILL-ORIGIN LEVEL: 83862 DIFFERENT FILL-ORIGIN LEVEL: 318
L2C AVERAGE MISS LATENCY:    188.534 cycles AVERAGE LOAD MISS LATENCY:     183.41 cycles Load Miss    1715950
L2C Average MSHR Occupancy:    0.80524
L2C RQ	ACCESS:   19641485	FORWARD:          0	MERGED:          0	TO_CACHE:   19641309
L2C WQ	ACCESS:    1734504	FORWARD:        178	MERGED:          0	TO_CACHE:    1734504
L2C PQ	ACCESS:     222814	FORWARD:          0	MERGED:       3861	TO_CACHE:     218951

L2C Instructions Evicting Data 410598
L2C Translations Evicting Data 199679
L2C Data Evicting Data 941393
L2C Instructions Evicting Instructions 234922
L2C Translations Evicting Instructions 91900
L2C Data Evicting Instructions 407763
L2C Instructions Evicting Translations 91813
L2C Translations Evicting Translations 43096
L2C Data Evicting Translations 201013
L2C Dense regions hint from L2: 0
PSCL5 TOTAL     ACCESS:     830757  HIT:     830757  MISS:          0  HIT %:        100  MISS %:          0   MPKI: 0
PSCL5 LOAD TRANSLATION ACCESS:     830757  HIT:     830757  MISS:          0  HIT %:        100  MISS %:          0   MPKI: 0
PSCL5 PREFETCH  REQUESTED:          0  ISSUED:          0  USEFUL:          0  USELESS:          0
PSCL5 USEFUL LOAD PREFETCHES:          0 PREFETCH ISSUED TO LOWER LEVEL:          0  ACCURACY: -nan
PSCL5 TIMELY PREFETCHES:          0 LATE PREFETCHES: 0 DROPPED PREFETCHES: 0
PSCL5 PREFETCHES SAME FILL-ORIGIN LEVEL: 0 DIFFERENT FILL-ORIGIN LEVEL: 0

PSCL4 TOTAL     ACCESS:     724915  HIT:     721723  MISS:       3192  HIT %:    99.5597  MISS %:   0.440327   MPKI: 0.01596
PSCL4 LOAD TRANSLATION ACCESS:     724915  HIT:     721723  MISS:       3192  HIT %:    99.5597  MISS %:   0.440327   MPKI: 0.01596
PSCL4 PREFETCH  REQUESTED:          0  ISSUED:          0  USEFUL:          0  USELESS:          0
PSCL4 USEFUL LOAD PREFETCHES:          0 PREFETCH ISSUED TO LOWER LEVEL:          0  ACCURACY: -nan
PSCL4 TIMELY PREFETCHES:          0 LATE PREFETCHES: 0 DROPPED PREFETCHES: 0
PSCL4 PREFETCHES SAME FILL-ORIGIN LEVEL: 0 DIFFERENT FILL-ORIGIN LEVEL: 0

PSCL3 TOTAL     ACCESS:     827114  HIT:     812864  MISS:      14250  HIT %:    98.2771  MISS %:    1.72286   MPKI: 0.07125
PSCL3 LOAD TRANSLATION ACCESS:     827114  HIT:     812864  MISS:      14250  HIT %:    98.2771  MISS %:    1.72286   MPKI: 0.07125
PSCL3 PREFETCH  REQUESTED:          0  ISSUED:          0  USEFUL:          0  USELESS:          0
PSCL3 USEFUL LOAD PREFETCHES:          0 PREFETCH ISSUED TO LOWER LEVEL:          0  ACCURACY: -nan
PSCL3 TIMELY PREFETCHES:          0 LATE PREFETCHES: 0 DROPPED PREFETCHES: 0
PSCL3 PREFETCHES SAME FILL-ORIGIN LEVEL: 0 DIFFERENT FILL-ORIGIN LEVEL: 0

PSCL2 TOTAL     ACCESS:     830757  HIT:     290222  MISS:     540535  HIT %:    34.9346  MISS %:    65.0654   MPKI: 2.70268
PSCL2 LOAD TRANSLATION ACCESS:     830757  HIT:     290222  MISS:     540535  HIT %:    34.9346  MISS %:    65.0654   MPKI: 2.70268
PSCL2 PREFETCH  REQUESTED:          0  ISSUED:          0  USEFUL:          0  USELESS:          0
PSCL2 USEFUL LOAD PREFETCHES:          0 PREFETCH ISSUED TO LOWER LEVEL:          0  ACCURACY: -nan
PSCL2 TIMELY PREFETCHES:          0 LATE PREFETCHES: 0 DROPPED PREFETCHES: 0
PSCL2 PREFETCHES SAME FILL-ORIGIN LEVEL: 0 DIFFERENT FILL-ORIGIN LEVEL: 0

LLC TOTAL     ACCESS:    3565932  HIT:     847014  MISS:    2718918  HIT %:    23.7529  MISS %:    76.2471   MPKI: 13.5946
LLC LOAD      ACCESS:    1713224  HIT:     409269  MISS:    1303955  HIT %:    23.8888  MISS %:    76.1112   MPKI: 6.51978
LLC RFO       ACCESS:     490414  HIT:      30335  MISS:     460079  HIT %:    6.18559  MISS %:    93.8144   MPKI: 2.30039
LLC PREFETCH  ACCESS:      84061  HIT:       3109  MISS:      80952  HIT %:     3.6985  MISS %:    96.3015   MPKI: 0.40476
AGUS PREFETCH L1 MISS: 0
LLC WRITEBACK ACCESS:     943558  HIT:     300252  MISS:     643306  HIT %:    31.8213  MISS %:    68.1787   MPKI: 3.21653
LLC LOAD TRANSLATION ACCESS:     334675  HIT:     104049  MISS:     230626  HIT %:    31.0896  MISS %:    68.9104   MPKI: 1.15313
LLC PREFETCH  REQUESTED:          0  ISSUED:          0  USEFUL:        621  USELESS:      19843
LLC USEFUL LOAD PREFETCHES:        621 PREFETCH ISSUED TO LOWER LEVEL:      80975  ACCURACY: 0.766903
LLC TIMELY PREFETCHES:        621 LATE PREFETCHES: 23 DROPPED PREFETCHES: 0
LLC PREFETCHES SAME FILL-ORIGIN LEVEL: 232 DIFFERENT FILL-ORIGIN LEVEL: 0
LLC AVERAGE MISS LATENCY:    138.848 cycles AVERAGE LOAD MISS LATENCY:    181.816 cycles Load Miss    1303955
LLC Average MSHR Occupancy:   0.611555
LLC RQ	ACCESS:    2538314	FORWARD:          0	MERGED:          0	TO_CACHE:    2538312
LLC WQ	ACCESS:     943558	FORWARD:          2	MERGED:          0	TO_CACHE:     943558
LLC PQ	ACCESS:      84180	FORWARD:          0	MERGED:         33	TO_CACHE:      84147

LLC Dense regions hint to LLC: 0

RAW hits: 2780958
Loads Generated: 48206637
Loads sent to L1D: 45425679
Stores Generated: 26257761
Stores sent to L1D: 26257771
Major fault: 0 Minor fault: 103325
Allocated PAGES: 103325
CPU 0 L2C PC-based stride prefetcher final stats
================ Mockingjay (LLC) Pollution Stats ================
Total pollution count in LLC: 10084
==================================================================

DRAM Statistics
 CHANNEL 0
 RQ ROW_BUFFER_HIT:     201560  ROW_BUFFER_MISS:    1874048
 DBUS_CONGESTED:        406
 WQ ROW_BUFFER_HIT:     321994  ROW_BUFFER_MISS:     581234  FULL:          0

 AVG_CONGESTED_CYCLE: 4
 All warmup complete: 2
Channel 0 Bank busy for read cycles: 0
Channel 0 Bank busy for write cycles: 0
Channel 0
Rank 0
0banks busy for read cycles: 310936109
0banks busy for write cycles: 383625
1banks busy for read cycles: 138255808
1banks busy for write cycles: 66144086
2banks busy for read cycles: 36745913
2banks busy for write cycles: 24185554
3banks busy for read cycles: 11453535
3banks busy for write cycles: 9051938
4banks busy for read cycles: 5028353
4banks busy for write cycles: 3891401
5banks busy for read cycles: 1899678
5banks busy for write cycles: 1861225
6banks busy for read cycles: 1048236
6banks busy for write cycles: 957205
7banks busy for read cycles: 635191
7banks busy for write cycles: 512175
8banks busy for read cycles: 592597
8banks busy for write cycles: 328786

CPU 0 Branch Prediction Accuracy: 96.8741% MPKI: 6.26454 Average ROB Occupancy at Mispredict: 17.8876
Branch types
NOT_BRANCH: 159918066 79.959%
BRANCH_DIRECT_JUMP: 2773650 1.38682%
BRANCH_INDIRECT: 364881 0.182441%
BRANCH_CONDITIONAL: 33252848 16.6264%
BRANCH_DIRECT_CALL: 1669441 0.83472%
BRANCH_INDIRECT_CALL: 169511 0.0847555%
BRANCH_RETURN: 1845349 0.922674%
BRANCH_OTHER: 5584 0.002792%

===================== LRU L1D STATS =====================
Total pollution count in L1D: 0
=========================================================
================ SRRIP (L2C) Pollution Stats ================
Total pollution count in L2c: 2716524
==================================================================
DRAM PAGES: 1048576
Allocated PAGES: 103325
