
*** ChampSim Multicore Out-of-Order Simulator ***

Warmup Instructions: 200000000
Simulation Instructions: 200000000
Number of CPUs: 1
LLC sets: 4096
LLC ways: 12
Off-chip DRAM Size: 4096 MB Channels: 1 Width: 64-bit Data Rate: 6400 MT/s
CPU 0 runs /home1/sweta/traces/DPC4-Traces/Google_Traces_v2/Google_Traces_v2/yankee/yankee_0003.champsim.gz
.gz
BTB has LRU replacement policy
ITLB has LRU replacement policy
DTLB has LRU replacement policy
STLB has LRU replacement policy
L1I has LRU replacement policy
L1D has LRU replacement policy
CPU 0 L2C IP-based stride prefetcher
Initialize SRRIP state for L2C
Initialize Mockingjay state for LLC
Heartbeat CPU 0 instructions: 10000004 cycles: 2449679 heartbeat IPC: 4.08217 cumulative IPC: 4.08217 (Simulation time: 0 hr 0 min 23 sec) 
Heartbeat CPU 0 instructions: 20000006 cycles: 4797350 heartbeat IPC: 4.25954 cumulative IPC: 4.16897 (Simulation time: 0 hr 0 min 44 sec) 
Heartbeat CPU 0 instructions: 30000006 cycles: 7228866 heartbeat IPC: 4.11266 cumulative IPC: 4.15003 (Simulation time: 0 hr 1 min 8 sec) 
Heartbeat CPU 0 instructions: 40000004 cycles: 9700777 heartbeat IPC: 4.04545 cumulative IPC: 4.12338 (Simulation time: 0 hr 1 min 32 sec) 
Heartbeat CPU 0 instructions: 50000006 cycles: 12201178 heartbeat IPC: 3.99936 cumulative IPC: 4.09797 (Simulation time: 0 hr 1 min 57 sec) 
Heartbeat CPU 0 instructions: 60000000 cycles: 14673527 heartbeat IPC: 4.04473 cumulative IPC: 4.089 (Simulation time: 0 hr 2 min 20 sec) 
Heartbeat CPU 0 instructions: 70000003 cycles: 17100102 heartbeat IPC: 4.12104 cumulative IPC: 4.09354 (Simulation time: 0 hr 2 min 45 sec) 
Heartbeat CPU 0 instructions: 80000000 cycles: 19609612 heartbeat IPC: 3.98484 cumulative IPC: 4.07963 (Simulation time: 0 hr 3 min 9 sec) 
Heartbeat CPU 0 instructions: 90000000 cycles: 21998707 heartbeat IPC: 4.18569 cumulative IPC: 4.09115 (Simulation time: 0 hr 3 min 33 sec) 
Heartbeat CPU 0 instructions: 100000004 cycles: 24483581 heartbeat IPC: 4.02435 cumulative IPC: 4.08437 (Simulation time: 0 hr 3 min 58 sec) 
Heartbeat CPU 0 instructions: 110000000 cycles: 26842780 heartbeat IPC: 4.23873 cumulative IPC: 4.09794 (Simulation time: 0 hr 4 min 20 sec) 
Heartbeat CPU 0 instructions: 120000002 cycles: 29168635 heartbeat IPC: 4.2995 cumulative IPC: 4.11401 (Simulation time: 0 hr 4 min 42 sec) 
Heartbeat CPU 0 instructions: 130000000 cycles: 31611238 heartbeat IPC: 4.09399 cumulative IPC: 4.11246 (Simulation time: 0 hr 5 min 6 sec) 
Heartbeat CPU 0 instructions: 140000004 cycles: 33955335 heartbeat IPC: 4.26604 cumulative IPC: 4.12306 (Simulation time: 0 hr 5 min 27 sec) 
Heartbeat CPU 0 instructions: 150000002 cycles: 36403810 heartbeat IPC: 4.08417 cumulative IPC: 4.12045 (Simulation time: 0 hr 5 min 50 sec) 
Heartbeat CPU 0 instructions: 160000000 cycles: 38826391 heartbeat IPC: 4.12783 cumulative IPC: 4.12091 (Simulation time: 0 hr 6 min 14 sec) 
Heartbeat CPU 0 instructions: 170000002 cycles: 41283602 heartbeat IPC: 4.06966 cumulative IPC: 4.11786 (Simulation time: 0 hr 6 min 37 sec) 
Heartbeat CPU 0 instructions: 180000000 cycles: 43712823 heartbeat IPC: 4.11655 cumulative IPC: 4.11778 (Simulation time: 0 hr 7 min 1 sec) 
Heartbeat CPU 0 instructions: 190000003 cycles: 46160436 heartbeat IPC: 4.08561 cumulative IPC: 4.11608 (Simulation time: 0 hr 7 min 26 sec) 
Heartbeat CPU 0 instructions: 200000003 cycles: 48653845 heartbeat IPC: 4.01057 cumulative IPC: 4.11067 (Simulation time: 0 hr 7 min 49 sec) 

Warmup complete CPU 0 instructions: 200000003 cycles: 48653845 (Simulation time: 0 hr 7 min 49 sec) 

Heartbeat CPU 0 instructions: 210000002 cycles: 79705378 heartbeat IPC: 0.322045 cumulative IPC: 0.322045 (Simulation time: 0 hr 8 min 20 sec) 
Heartbeat CPU 0 instructions: 220000001 cycles: 109020556 heartbeat IPC: 0.34112 cumulative IPC: 0.331308 (Simulation time: 0 hr 8 min 50 sec) 
Heartbeat CPU 0 instructions: 230000003 cycles: 143319709 heartbeat IPC: 0.291552 cumulative IPC: 0.316904 (Simulation time: 0 hr 9 min 22 sec) 
Heartbeat CPU 0 instructions: 240000005 cycles: 174138846 heartbeat IPC: 0.324474 cumulative IPC: 0.318763 (Simulation time: 0 hr 9 min 53 sec) 
Heartbeat CPU 0 instructions: 250000001 cycles: 214172703 heartbeat IPC: 0.249788 cumulative IPC: 0.30208 (Simulation time: 0 hr 10 min 24 sec) 
Heartbeat CPU 0 instructions: 260000002 cycles: 246140658 heartbeat IPC: 0.312813 cumulative IPC: 0.303818 (Simulation time: 0 hr 10 min 53 sec) 
Heartbeat CPU 0 instructions: 270000000 cycles: 283605797 heartbeat IPC: 0.266915 cumulative IPC: 0.297933 (Simulation time: 0 hr 11 min 24 sec) 
Heartbeat CPU 0 instructions: 280000004 cycles: 316007529 heartbeat IPC: 0.308626 cumulative IPC: 0.299229 (Simulation time: 0 hr 11 min 55 sec) 
Heartbeat CPU 0 instructions: 290000001 cycles: 342160072 heartbeat IPC: 0.382372 cumulative IPC: 0.306637 (Simulation time: 0 hr 12 min 26 sec) 
Heartbeat CPU 0 instructions: 300000001 cycles: 366720069 heartbeat IPC: 0.407166 cumulative IPC: 0.3144 (Simulation time: 0 hr 12 min 54 sec) 
Heartbeat CPU 0 instructions: 310000000 cycles: 401672064 heartbeat IPC: 0.286107 cumulative IPC: 0.311599 (Simulation time: 0 hr 13 min 26 sec) 
Heartbeat CPU 0 instructions: 320000000 cycles: 430877487 heartbeat IPC: 0.342402 cumulative IPC: 0.313952 (Simulation time: 0 hr 13 min 55 sec) 
Heartbeat CPU 0 instructions: 330000004 cycles: 464628892 heartbeat IPC: 0.296284 cumulative IPC: 0.312519 (Simulation time: 0 hr 14 min 26 sec) 
Heartbeat CPU 0 instructions: 340000002 cycles: 494809573 heartbeat IPC: 0.331338 cumulative IPC: 0.313792 (Simulation time: 0 hr 14 min 58 sec) 
Heartbeat CPU 0 instructions: 350000002 cycles: 528612285 heartbeat IPC: 0.295834 cumulative IPC: 0.312527 (Simulation time: 0 hr 15 min 29 sec) 
Heartbeat CPU 0 instructions: 360000000 cycles: 560195603 heartbeat IPC: 0.316623 cumulative IPC: 0.31278 (Simulation time: 0 hr 15 min 59 sec) 
Heartbeat CPU 0 instructions: 370000002 cycles: 584202612 heartbeat IPC: 0.416545 cumulative IPC: 0.317431 (Simulation time: 0 hr 16 min 27 sec) 
Heartbeat CPU 0 instructions: 380000003 cycles: 610073518 heartbeat IPC: 0.386535 cumulative IPC: 0.320616 (Simulation time: 0 hr 16 min 53 sec) 
Heartbeat CPU 0 instructions: 390000007 cycles: 633894730 heartbeat IPC: 0.419794 cumulative IPC: 0.324653 (Simulation time: 0 hr 17 min 21 sec) 
Heartbeat CPU 0 instructions: 400000006 cycles: 668717783 heartbeat IPC: 0.287166 cumulative IPC: 0.322547 (Simulation time: 0 hr 17 min 49 sec) 
Finished CPU 0 instructions: 200000003 cycles: 620063938 cumulative IPC: 0.322547 (Simulation time: 0 hr 17 min 49 sec) 

ChampSim completed all CPUs

Region of Interest Statistics

CPU 0 cumulative IPC: 0.322547 instructions: 200000003 cycles: 620063938
ITLB TOTAL     ACCESS:   19141564  HIT:   19000885  MISS:     140679  HIT %:    99.2651  MISS %:    0.73494   MPKI: 0.703395
ITLB LOAD TRANSLATION ACCESS:   19141564  HIT:   19000885  MISS:     140679  HIT %:    99.2651  MISS %:    0.73494   MPKI: 0.703395
ITLB PREFETCH  REQUESTED:          0  ISSUED:          0  USEFUL:          0  USELESS:          0
ITLB USEFUL LOAD PREFETCHES:          0 PREFETCH ISSUED TO LOWER LEVEL:          0  ACCURACY: -nan
ITLB TIMELY PREFETCHES:          0 LATE PREFETCHES: 0 DROPPED PREFETCHES: 0
ITLB PREFETCHES SAME FILL-ORIGIN LEVEL: 0 DIFFERENT FILL-ORIGIN LEVEL: 0
ITLB AVERAGE MISS LATENCY:    34.0639 cycles AVERAGE LOAD MISS LATENCY:       -nan cycles Load Miss          0
ITLB Average MSHR Occupancy: 0.00778812
ITLB RQ	ACCESS:   21675041	FORWARD:          0	MERGED:    2400268	TO_CACHE:   19274773

DTLB TOTAL     ACCESS:   41201837  HIT:   39749157  MISS:    1452680  HIT %:    96.4742  MISS %:    3.52577   MPKI: 7.2634
DTLB LOAD TRANSLATION ACCESS:   41201837  HIT:   39749157  MISS:    1452680  HIT %:    96.4742  MISS %:    3.52577   MPKI: 7.2634
DTLB PREFETCH  REQUESTED:          0  ISSUED:          0  USEFUL:          0  USELESS:          0
DTLB USEFUL LOAD PREFETCHES:          0 PREFETCH ISSUED TO LOWER LEVEL:          0  ACCURACY: -nan
DTLB TIMELY PREFETCHES:          0 LATE PREFETCHES: 0 DROPPED PREFETCHES: 0
DTLB PREFETCHES SAME FILL-ORIGIN LEVEL: 0 DIFFERENT FILL-ORIGIN LEVEL: 0
DTLB AVERAGE MISS LATENCY:     66.564 cycles AVERAGE LOAD MISS LATENCY:       -nan cycles Load Miss          0
DTLB Average MSHR Occupancy:   0.148345
DTLB RQ	ACCESS:   53581626	FORWARD:          0	MERGED:   12080068	TO_CACHE:   41501558

STLB TOTAL     ACCESS:    1593359  HIT:    1080473  MISS:     512886  HIT %:     67.811  MISS %:     32.189   MPKI: 2.56443
STLB LOAD TRANSLATION ACCESS:    1593359  HIT:    1080473  MISS:     512886  HIT %:     67.811  MISS %:     32.189   MPKI: 2.56443
STLB PREFETCH  REQUESTED:          0  ISSUED:          0  USEFUL:          0  USELESS:          0
STLB USEFUL LOAD PREFETCHES:          0 PREFETCH ISSUED TO LOWER LEVEL:          0  ACCURACY: -nan
STLB TIMELY PREFETCHES:          0 LATE PREFETCHES: 0 DROPPED PREFETCHES: 0
STLB PREFETCHES SAME FILL-ORIGIN LEVEL: 0 DIFFERENT FILL-ORIGIN LEVEL: 0
STLB AVERAGE MISS LATENCY:    169.715 cycles AVERAGE LOAD MISS LATENCY:       -nan cycles Load Miss          0
STLB Average MSHR Occupancy:   0.133782
STLB RQ	ACCESS:    1593359	FORWARD:          0	MERGED:          0	TO_CACHE:    1593359

STLB Hit, L1D data hit: 0
STLB Hit, L2C data hit: 0
STLB Hit, LLC data hit: 0
STLB Hit, LLC data miss: 0
STLB STLB hints to L2: 0
L1D TOTAL     ACCESS:   51333599  HIT:   48489959  MISS:    2843640  HIT %:    94.4605  MISS %:    5.53953   MPKI: 14.2182
L1D LOAD      ACCESS:   30330609  HIT:   28318963  MISS:    2011646  HIT %:    93.3676  MISS %:     6.6324   MPKI: 10.0582
L1D RFO       ACCESS:   21002990  HIT:   20170996  MISS:     831994  HIT %:    96.0387  MISS %:    3.96131   MPKI: 4.15997
L1D PREFETCH  REQUESTED:          0  ISSUED:          0  USEFUL:          0  USELESS:          0
L1D USEFUL LOAD PREFETCHES:          0 PREFETCH ISSUED TO LOWER LEVEL:          0  ACCURACY: -nan
L1D TIMELY PREFETCHES:          0 LATE PREFETCHES: 0 DROPPED PREFETCHES: 0
L1D PREFETCHES SAME FILL-ORIGIN LEVEL: 0 DIFFERENT FILL-ORIGIN LEVEL: 0
L1D AVERAGE MISS LATENCY:    116.433 cycles AVERAGE LOAD MISS LATENCY:    90.0848 cycles Load Miss    2011646
L1D Average MSHR Occupancy:   0.534457
L1D RQ	ACCESS:   45383231	FORWARD:          0	MERGED:   14062148	TO_CACHE:   30546584
L1D WQ	ACCESS:   23509694	FORWARD:     774499	MERGED:     474652	TO_CACHE:   23035042

L1D UNIQUE REGIONS ACCESSED: 0
L1D REGIONS CONFLICTS: 0
L1D Cross Page Prefetch Requests: 0
L1D Same Page Prefetch Requests: 0
L1D ROI Sum of L1D PQ occupancy: 0
L1D PREFETCHES PUSHED FROM L2C: 0
L1I TOTAL     ACCESS:   21389697  HIT:   12692108  MISS:    8697589  HIT %:    59.3375  MISS %:    40.6625   MPKI: 43.4879
L1I LOAD      ACCESS:   21389697  HIT:   12692108  MISS:    8697589  HIT %:    59.3375  MISS %:    40.6625   MPKI: 43.4879
L1I PREFETCH  REQUESTED:          0  ISSUED:          0  USEFUL:          0  USELESS:          0
L1I USEFUL LOAD PREFETCHES:          0 PREFETCH ISSUED TO LOWER LEVEL:          0  ACCURACY: -nan
L1I TIMELY PREFETCHES:          0 LATE PREFETCHES: 0 DROPPED PREFETCHES: 0
L1I PREFETCHES SAME FILL-ORIGIN LEVEL: 0 DIFFERENT FILL-ORIGIN LEVEL: 0
L1I AVERAGE MISS LATENCY:    32.2815 cycles AVERAGE LOAD MISS LATENCY:    32.2815 cycles Load Miss    8697589
L1I Average MSHR Occupancy:   0.447623
L1I RQ	ACCESS:   42697931	FORWARD:          0	MERGED:   21022890	TO_CACHE:   21675041

BTB TOTAL     ACCESS:   16981412  HIT:   14882402  MISS:    2099010  HIT %:    87.6394  MISS %:    12.3606   MPKI: 10.495
BTB BRANCH_DIRECT_JUMP	ACCESS:    1018462  HIT:     856387  MISS:     162075
BTB BRANCH_INDIRECT	ACCESS:     354101  HIT:     223730  MISS:     130371
BTB BRANCH_CONDITIONAL	ACCESS:   12359865  HIT:   11942881  MISS:     416984
BTB BRANCH_DIRECT_CALL	ACCESS:    1401992  HIT:    1022485  MISS:     379507
BTB BRANCH_INDIRECT_CALL	ACCESS:     222082  HIT:     123837  MISS:      98245
BTB BRANCH_RETURN	ACCESS:    1624842  HIT:     713067  MISS:     911775
BTB BRANCH_OTHER ACCESS:         68  HIT:         15  MISS:         53

L2C TOTAL     ACCESS:   13843788  HIT:   10717820  MISS:    3125968  HIT %:    77.4197  MISS %:    22.5803   MPKI: 15.6298
L2C LOAD      ACCESS:   10709208  HIT:    8576380  MISS:    2132828  HIT %:    80.0842  MISS %:    19.9158   MPKI: 10.6641
L2C DATA LOAD MPKI: 4.24345
L2C INSTRUCTION LOAD MPKI: 6.42068
L2C RFO       ACCESS:     831984  HIT:     177398  MISS:     654586  HIT %:    21.3223  MISS %:    78.6777   MPKI: 3.27293
L2C PREFETCH  ACCESS:     301562  HIT:     219684  MISS:      81878  HIT %:    72.8487  MISS %:    27.1513   MPKI: 0.40939
AGUS PREFETCH L1 MISS: 0
L2C DATA PREFETCH MPKI: 0.40939
L2C INSTRUCTION PREFETCH MPKI: 0
L2C WRITEBACK ACCESS:    1158506  HIT:    1157451  MISS:       1055  HIT %:    99.9089  MISS %:  0.0910656   MPKI: 0.005275
L2C LOAD TRANSLATION ACCESS:     842528  HIT:     586907  MISS:     255621  HIT %:    69.6602  MISS %:    30.3398   MPKI: 1.2781
L2C PREFETCH  REQUESTED:     355114  ISSUED:     355050  USEFUL:      51029  USELESS:      30967
L2C USEFUL LOAD PREFETCHES:      51029 PREFETCH ISSUED TO LOWER LEVEL:      98932  ACCURACY: 51.5799
L2C TIMELY PREFETCHES:      51029 LATE PREFETCHES: 11885 DROPPED PREFETCHES: 0
L2C PREFETCHES SAME FILL-ORIGIN LEVEL: 93763 DIFFERENT FILL-ORIGIN LEVEL: 5169
L2C AVERAGE MISS LATENCY:     162.46 cycles AVERAGE LOAD MISS LATENCY:    144.815 cycles Load Miss    2132828
L2C Average MSHR Occupancy:   0.812994
L2C RQ	ACCESS:   12383756	FORWARD:          0	MERGED:          0	TO_CACHE:   12383720
L2C WQ	ACCESS:    1158506	FORWARD:         36	MERGED:          0	TO_CACHE:    1158506
L2C PQ	ACCESS:     355050	FORWARD:          0	MERGED:      17329	TO_CACHE:     337721

L2C Instructions Evicting Data 644902
L2C Translations Evicting Data 129244
L2C Data Evicting Data 812989
L2C Instructions Evicting Instructions 533762
L2C Translations Evicting Instructions 106097
L2C Data Evicting Instructions 642491
L2C Instructions Evicting Translations 105473
L2C Translations Evicting Translations 20280
L2C Data Evicting Translations 129675
L2C Dense regions hint from L2: 0
PSCL5 TOTAL     ACCESS:     512886  HIT:     512886  MISS:          0  HIT %:        100  MISS %:          0   MPKI: 0
PSCL5 LOAD TRANSLATION ACCESS:     512886  HIT:     512886  MISS:          0  HIT %:        100  MISS %:          0   MPKI: 0
PSCL5 PREFETCH  REQUESTED:          0  ISSUED:          0  USEFUL:          0  USELESS:          0
PSCL5 USEFUL LOAD PREFETCHES:          0 PREFETCH ISSUED TO LOWER LEVEL:          0  ACCURACY: -nan
PSCL5 TIMELY PREFETCHES:          0 LATE PREFETCHES: 0 DROPPED PREFETCHES: 0
PSCL5 PREFETCHES SAME FILL-ORIGIN LEVEL: 0 DIFFERENT FILL-ORIGIN LEVEL: 0

PSCL4 TOTAL     ACCESS:     507768  HIT:     506306  MISS:       1462  HIT %:    99.7121  MISS %:   0.287927   MPKI: 0.00731
PSCL4 LOAD TRANSLATION ACCESS:     507768  HIT:     506306  MISS:       1462  HIT %:    99.7121  MISS %:   0.287927   MPKI: 0.00731
PSCL4 PREFETCH  REQUESTED:          0  ISSUED:          0  USEFUL:          0  USELESS:          0
PSCL4 USEFUL LOAD PREFETCHES:          0 PREFETCH ISSUED TO LOWER LEVEL:          0  ACCURACY: -nan
PSCL4 TIMELY PREFETCHES:          0 LATE PREFETCHES: 0 DROPPED PREFETCHES: 0
PSCL4 PREFETCHES SAME FILL-ORIGIN LEVEL: 0 DIFFERENT FILL-ORIGIN LEVEL: 0

PSCL3 TOTAL     ACCESS:     502104  HIT:     471309  MISS:      30795  HIT %:    93.8668  MISS %:    6.13319   MPKI: 0.153975
PSCL3 LOAD TRANSLATION ACCESS:     502104  HIT:     471309  MISS:      30795  HIT %:    93.8668  MISS %:    6.13319   MPKI: 0.153975
PSCL3 PREFETCH  REQUESTED:          0  ISSUED:          0  USEFUL:          0  USELESS:          0
PSCL3 USEFUL LOAD PREFETCHES:          0 PREFETCH ISSUED TO LOWER LEVEL:          0  ACCURACY: -nan
PSCL3 TIMELY PREFETCHES:          0 LATE PREFETCHES: 0 DROPPED PREFETCHES: 0
PSCL3 PREFETCHES SAME FILL-ORIGIN LEVEL: 0 DIFFERENT FILL-ORIGIN LEVEL: 0

PSCL2 TOTAL     ACCESS:     512886  HIT:     215032  MISS:     297854  HIT %:    41.9259  MISS %:    58.0741   MPKI: 1.48927
PSCL2 LOAD TRANSLATION ACCESS:     512886  HIT:     215032  MISS:     297854  HIT %:    41.9259  MISS %:    58.0741   MPKI: 1.48927
PSCL2 PREFETCH  REQUESTED:          0  ISSUED:          0  USEFUL:          0  USELESS:          0
PSCL2 USEFUL LOAD PREFETCHES:          0 PREFETCH ISSUED TO LOWER LEVEL:          0  ACCURACY: -nan
PSCL2 TIMELY PREFETCHES:          0 LATE PREFETCHES: 0 DROPPED PREFETCHES: 0
PSCL2 PREFETCHES SAME FILL-ORIGIN LEVEL: 0 DIFFERENT FILL-ORIGIN LEVEL: 0

LLC TOTAL     ACCESS:    3967780  HIT:    1208148  MISS:    2759632  HIT %:     30.449  MISS %:     69.551   MPKI: 13.7982
LLC LOAD      ACCESS:    2121682  HIT:     903942  MISS:    1217740  HIT %:     42.605  MISS %:     57.395   MPKI: 6.0887
LLC RFO       ACCESS:     653845  HIT:       9978  MISS:     643867  HIT %:    1.52605  MISS %:     98.474   MPKI: 3.21933
LLC PREFETCH  ACCESS:      95742  HIT:      13219  MISS:      82523  HIT %:    13.8069  MISS %:    86.1931   MPKI: 0.412615
AGUS PREFETCH L1 MISS: 0
LLC WRITEBACK ACCESS:     840890  HIT:     211668  MISS:     629222  HIT %:    25.1719  MISS %:    74.8281   MPKI: 3.14611
LLC LOAD TRANSLATION ACCESS:     255621  HIT:      69341  MISS:     186280  HIT %:    27.1265  MISS %:    72.8735   MPKI: 0.9314
LLC PREFETCH  REQUESTED:          0  ISSUED:          0  USEFUL:        918  USELESS:      26446
LLC USEFUL LOAD PREFETCHES:        918 PREFETCH ISSUED TO LOWER LEVEL:      83387  ACCURACY: 1.10089
LLC TIMELY PREFETCHES:        918 LATE PREFETCHES: 864 DROPPED PREFETCHES: 0
LLC PREFETCHES SAME FILL-ORIGIN LEVEL: 3324 DIFFERENT FILL-ORIGIN LEVEL: 0
LLC AVERAGE MISS LATENCY:    133.175 cycles AVERAGE LOAD MISS LATENCY:    173.751 cycles Load Miss    1217740
LLC Average MSHR Occupancy:   0.589372
LLC RQ	ACCESS:    3031150	FORWARD:          0	MERGED:          0	TO_CACHE:    3031148
LLC WQ	ACCESS:     840890	FORWARD:          2	MERGED:          0	TO_CACHE:     840890
LLC PQ	ACCESS:      98932	FORWARD:          0	MERGED:        683	TO_CACHE:      98249

LLC Dense regions hint to LLC: 0

RAW hits: 2564688
Loads Generated: 47947920
Loads sent to L1D: 45383231
Stores Generated: 23510660
Stores sent to L1D: 23510663
Major fault: 0 Minor fault: 146058
Allocated PAGES: 146058
CPU 0 L2C PC-based stride prefetcher final stats
================ Mockingjay (LLC) Pollution Stats ================
Total pollution count in LLC: 17204
==================================================================

DRAM Statistics
 CHANNEL 0
 RQ ROW_BUFFER_HIT:     434986  ROW_BUFFER_MISS:    1695419
 DBUS_CONGESTED:       1130
 WQ ROW_BUFFER_HIT:     249617  ROW_BUFFER_MISS:     579711  FULL:          0

 AVG_CONGESTED_CYCLE: 4
 All warmup complete: 2
Channel 0 Bank busy for read cycles: 0
Channel 0 Bank busy for write cycles: 0
Channel 0
Rank 0
0banks busy for read cycles: 328862262
0banks busy for write cycles: 405289
1banks busy for read cycles: 142322505
1banks busy for write cycles: 67947152
2banks busy for read cycles: 31453453
2banks busy for write cycles: 19276583
3banks busy for read cycles: 8803304
3banks busy for write cycles: 6330614
4banks busy for read cycles: 3553061
4banks busy for write cycles: 2673857
5banks busy for read cycles: 1602510
5banks busy for write cycles: 1417820
6banks busy for read cycles: 1094619
6banks busy for write cycles: 924523
7banks busy for read cycles: 705835
7banks busy for write cycles: 661502
8banks busy for read cycles: 1341640
8banks busy for write cycles: 687410

CPU 0 Branch Prediction Accuracy: 92.5426% MPKI: 13.8152 Average ROB Occupancy at Mispredict: 19.3837
Branch types
NOT_BRANCH: 162948141 81.4741%
BRANCH_DIRECT_JUMP: 1018462 0.509231%
BRANCH_INDIRECT: 354101 0.17705%
BRANCH_CONDITIONAL: 32429656 16.2148%
BRANCH_DIRECT_CALL: 1401992 0.700996%
BRANCH_INDIRECT_CALL: 222082 0.111041%
BRANCH_RETURN: 1624842 0.812421%
BRANCH_OTHER: 68 3.4e-05%

===================== LRU L1D STATS =====================
Total pollution count in L1D: 0
=========================================================
================ SRRIP (L2C) Pollution Stats ================
Total pollution count in L2c: 3489909
==================================================================
DRAM PAGES: 1048576
Allocated PAGES: 146058
