
*** ChampSim Multicore Out-of-Order Simulator ***

Warmup Instructions: 200000000
Simulation Instructions: 200000000
Number of CPUs: 1
LLC sets: 4096
LLC ways: 12
Off-chip DRAM Size: 4096 MB Channels: 1 Width: 64-bit Data Rate: 6400 MT/s
CPU 0 runs /home1/sweta/traces/DPC4-Traces/Google_Traces_v2/Google_Traces_v2/yankee/yankee_0002.champsim.gz
.gz
BTB has LRU replacement policy
ITLB has LRU replacement policy
DTLB has LRU replacement policy
STLB has LRU replacement policy
L1I has LRU replacement policy
L1D has LRU replacement policy
CPU 0 L2C IP-based stride prefetcher
Initialize SRRIP state for L2C
Initialize Mockingjay state for LLC
Heartbeat CPU 0 instructions: 10000000 cycles: 2481432 heartbeat IPC: 4.02993 cumulative IPC: 4.02993 (Simulation time: 0 hr 0 min 24 sec) 
Heartbeat CPU 0 instructions: 20000000 cycles: 4863596 heartbeat IPC: 4.19786 cumulative IPC: 4.11218 (Simulation time: 0 hr 0 min 47 sec) 
Heartbeat CPU 0 instructions: 30000003 cycles: 7339814 heartbeat IPC: 4.03842 cumulative IPC: 4.0873 (Simulation time: 0 hr 1 min 12 sec) 
Heartbeat CPU 0 instructions: 40000000 cycles: 9805379 heartbeat IPC: 4.05586 cumulative IPC: 4.07939 (Simulation time: 0 hr 1 min 36 sec) 
Heartbeat CPU 0 instructions: 50000002 cycles: 12301090 heartbeat IPC: 4.00688 cumulative IPC: 4.06468 (Simulation time: 0 hr 2 min 0 sec) 
Heartbeat CPU 0 instructions: 60000007 cycles: 14850810 heartbeat IPC: 3.922 cumulative IPC: 4.04018 (Simulation time: 0 hr 2 min 22 sec) 
Heartbeat CPU 0 instructions: 70000004 cycles: 17327063 heartbeat IPC: 4.03836 cumulative IPC: 4.03992 (Simulation time: 0 hr 2 min 47 sec) 
Heartbeat CPU 0 instructions: 80000004 cycles: 19802249 heartbeat IPC: 4.0401 cumulative IPC: 4.03995 (Simulation time: 0 hr 3 min 13 sec) 
Heartbeat CPU 0 instructions: 90000000 cycles: 22250859 heartbeat IPC: 4.08395 cumulative IPC: 4.04479 (Simulation time: 0 hr 3 min 38 sec) 
Heartbeat CPU 0 instructions: 100000000 cycles: 24643735 heartbeat IPC: 4.17907 cumulative IPC: 4.05783 (Simulation time: 0 hr 4 min 2 sec) 
Heartbeat CPU 0 instructions: 110000002 cycles: 26961040 heartbeat IPC: 4.31536 cumulative IPC: 4.07996 (Simulation time: 0 hr 4 min 24 sec) 
Heartbeat CPU 0 instructions: 120000003 cycles: 29239820 heartbeat IPC: 4.38831 cumulative IPC: 4.10399 (Simulation time: 0 hr 4 min 45 sec) 
Heartbeat CPU 0 instructions: 130000001 cycles: 31349818 heartbeat IPC: 4.73934 cumulative IPC: 4.14675 (Simulation time: 0 hr 5 min 0 sec) 
Heartbeat CPU 0 instructions: 140000001 cycles: 33441440 heartbeat IPC: 4.78098 cumulative IPC: 4.18642 (Simulation time: 0 hr 5 min 13 sec) 
Heartbeat CPU 0 instructions: 150000002 cycles: 35887451 heartbeat IPC: 4.08829 cumulative IPC: 4.17973 (Simulation time: 0 hr 5 min 36 sec) 
Heartbeat CPU 0 instructions: 160000006 cycles: 38261036 heartbeat IPC: 4.21304 cumulative IPC: 4.1818 (Simulation time: 0 hr 6 min 1 sec) 
Heartbeat CPU 0 instructions: 170000000 cycles: 40764885 heartbeat IPC: 3.99385 cumulative IPC: 4.17026 (Simulation time: 0 hr 6 min 26 sec) 
Heartbeat CPU 0 instructions: 180000000 cycles: 43229601 heartbeat IPC: 4.05726 cumulative IPC: 4.16381 (Simulation time: 0 hr 6 min 50 sec) 
Heartbeat CPU 0 instructions: 190000002 cycles: 45716188 heartbeat IPC: 4.02158 cumulative IPC: 4.15608 (Simulation time: 0 hr 7 min 15 sec) 
Heartbeat CPU 0 instructions: 200000002 cycles: 48196464 heartbeat IPC: 4.03181 cumulative IPC: 4.14968 (Simulation time: 0 hr 7 min 40 sec) 

Warmup complete CPU 0 instructions: 200000002 cycles: 48196464 (Simulation time: 0 hr 7 min 40 sec) 

Heartbeat CPU 0 instructions: 210000001 cycles: 81896234 heartbeat IPC: 0.296738 cumulative IPC: 0.296738 (Simulation time: 0 hr 8 min 11 sec) 
Heartbeat CPU 0 instructions: 220000002 cycles: 116900729 heartbeat IPC: 0.285678 cumulative IPC: 0.291103 (Simulation time: 0 hr 8 min 42 sec) 
Heartbeat CPU 0 instructions: 230000003 cycles: 147645932 heartbeat IPC: 0.325254 cumulative IPC: 0.301661 (Simulation time: 0 hr 9 min 12 sec) 
Heartbeat CPU 0 instructions: 240000001 cycles: 172971428 heartbeat IPC: 0.394859 cumulative IPC: 0.320577 (Simulation time: 0 hr 9 min 40 sec) 
Heartbeat CPU 0 instructions: 250000007 cycles: 181838526 heartbeat IPC: 1.12777 cumulative IPC: 0.374134 (Simulation time: 0 hr 10 min 2 sec) 
Heartbeat CPU 0 instructions: 260000007 cycles: 212183110 heartbeat IPC: 0.329548 cumulative IPC: 0.365883 (Simulation time: 0 hr 10 min 32 sec) 
Heartbeat CPU 0 instructions: 270000000 cycles: 237071606 heartbeat IPC: 0.401792 cumulative IPC: 0.370615 (Simulation time: 0 hr 11 min 2 sec) 
Heartbeat CPU 0 instructions: 280000000 cycles: 265011974 heartbeat IPC: 0.357905 cumulative IPC: 0.368977 (Simulation time: 0 hr 11 min 31 sec) 
Heartbeat CPU 0 instructions: 290000007 cycles: 299604372 heartbeat IPC: 0.289081 cumulative IPC: 0.357984 (Simulation time: 0 hr 12 min 2 sec) 
Heartbeat CPU 0 instructions: 300000001 cycles: 334880316 heartbeat IPC: 0.283479 cumulative IPC: 0.348816 (Simulation time: 0 hr 12 min 32 sec) 
Heartbeat CPU 0 instructions: 310000001 cycles: 367591385 heartbeat IPC: 0.305707 cumulative IPC: 0.344401 (Simulation time: 0 hr 13 min 3 sec) 
Heartbeat CPU 0 instructions: 320000004 cycles: 401227861 heartbeat IPC: 0.297296 cumulative IPC: 0.339913 (Simulation time: 0 hr 13 min 34 sec) 
Heartbeat CPU 0 instructions: 330000006 cycles: 431798249 heartbeat IPC: 0.327114 cumulative IPC: 0.338893 (Simulation time: 0 hr 14 min 4 sec) 
Heartbeat CPU 0 instructions: 340000002 cycles: 465463287 heartbeat IPC: 0.297044 cumulative IPC: 0.335517 (Simulation time: 0 hr 14 min 35 sec) 
Heartbeat CPU 0 instructions: 350000006 cycles: 496631347 heartbeat IPC: 0.320841 cumulative IPC: 0.334497 (Simulation time: 0 hr 15 min 3 sec) 
Heartbeat CPU 0 instructions: 360000000 cycles: 528443111 heartbeat IPC: 0.314349 cumulative IPC: 0.333162 (Simulation time: 0 hr 15 min 32 sec) 
Heartbeat CPU 0 instructions: 370000000 cycles: 559442099 heartbeat IPC: 0.322591 cumulative IPC: 0.332521 (Simulation time: 0 hr 16 min 0 sec) 
Heartbeat CPU 0 instructions: 380000000 cycles: 588971793 heartbeat IPC: 0.338642 cumulative IPC: 0.332855 (Simulation time: 0 hr 16 min 27 sec) 
Heartbeat CPU 0 instructions: 390000003 cycles: 625496561 heartbeat IPC: 0.273787 cumulative IPC: 0.329118 (Simulation time: 0 hr 16 min 55 sec) 
Heartbeat CPU 0 instructions: 400000007 cycles: 661892452 heartbeat IPC: 0.274756 cumulative IPC: 0.325894 (Simulation time: 0 hr 17 min 23 sec) 
Finished CPU 0 instructions: 200000005 cycles: 613695988 cumulative IPC: 0.325894 (Simulation time: 0 hr 17 min 23 sec) 

ChampSim completed all CPUs

Region of Interest Statistics

CPU 0 cumulative IPC: 0.325894 instructions: 200000005 cycles: 613695988
ITLB TOTAL     ACCESS:   19112623  HIT:   18971262  MISS:     141361  HIT %:    99.2604  MISS %:   0.739621   MPKI: 0.706805
ITLB LOAD TRANSLATION ACCESS:   19112623  HIT:   18971262  MISS:     141361  HIT %:    99.2604  MISS %:   0.739621   MPKI: 0.706805
ITLB PREFETCH  REQUESTED:          0  ISSUED:          0  USEFUL:          0  USELESS:          0
ITLB USEFUL LOAD PREFETCHES:          0 PREFETCH ISSUED TO LOWER LEVEL:          0  ACCURACY: -nan
ITLB TIMELY PREFETCHES:          0 LATE PREFETCHES: 0 DROPPED PREFETCHES: 0
ITLB PREFETCHES SAME FILL-ORIGIN LEVEL: 0 DIFFERENT FILL-ORIGIN LEVEL: 0
ITLB AVERAGE MISS LATENCY:    33.5434 cycles AVERAGE LOAD MISS LATENCY:       -nan cycles Load Miss          0
ITLB Average MSHR Occupancy: 0.00768366
ITLB RQ	ACCESS:   21817966	FORWARD:          0	MERGED:    2579033	TO_CACHE:   19238933

DTLB TOTAL     ACCESS:   41221597  HIT:   39787892  MISS:    1433705  HIT %:     96.522  MISS %:    3.47804   MPKI: 7.16852
DTLB LOAD TRANSLATION ACCESS:   41221597  HIT:   39787892  MISS:    1433705  HIT %:     96.522  MISS %:    3.47804   MPKI: 7.16852
DTLB PREFETCH  REQUESTED:          0  ISSUED:          0  USEFUL:          0  USELESS:          0
DTLB USEFUL LOAD PREFETCHES:          0 PREFETCH ISSUED TO LOWER LEVEL:          0  ACCURACY: -nan
DTLB TIMELY PREFETCHES:          0 LATE PREFETCHES: 0 DROPPED PREFETCHES: 0
DTLB PREFETCHES SAME FILL-ORIGIN LEVEL: 0 DIFFERENT FILL-ORIGIN LEVEL: 0
DTLB AVERAGE MISS LATENCY:    66.1029 cycles AVERAGE LOAD MISS LATENCY:       -nan cycles Load Miss          0
DTLB Average MSHR Occupancy:   0.145186
DTLB RQ	ACCESS:   53295093	FORWARD:          0	MERGED:   11790363	TO_CACHE:   41504730

STLB TOTAL     ACCESS:    1575066  HIT:    1062774  MISS:     512292  HIT %:    67.4749  MISS %:    32.5251   MPKI: 2.56146
STLB LOAD TRANSLATION ACCESS:    1575066  HIT:    1062774  MISS:     512292  HIT %:    67.4749  MISS %:    32.5251   MPKI: 2.56146
STLB PREFETCH  REQUESTED:          0  ISSUED:          0  USEFUL:          0  USELESS:          0
STLB USEFUL LOAD PREFETCHES:          0 PREFETCH ISSUED TO LOWER LEVEL:          0  ACCURACY: -nan
STLB TIMELY PREFETCHES:          0 LATE PREFETCHES: 0 DROPPED PREFETCHES: 0
STLB PREFETCHES SAME FILL-ORIGIN LEVEL: 0 DIFFERENT FILL-ORIGIN LEVEL: 0
STLB AVERAGE MISS LATENCY:    166.371 cycles AVERAGE LOAD MISS LATENCY:       -nan cycles Load Miss          0
STLB Average MSHR Occupancy:   0.130706
STLB RQ	ACCESS:    1575066	FORWARD:          0	MERGED:          0	TO_CACHE:    1575066

STLB Hit, L1D data hit: 0
STLB Hit, L2C data hit: 0
STLB Hit, LLC data hit: 0
STLB Hit, LLC data miss: 0
STLB STLB hints to L2: 0
L1D TOTAL     ACCESS:   51119188  HIT:   48388683  MISS:    2730505  HIT %:    94.6586  MISS %:    5.34145   MPKI: 13.6525
L1D LOAD      ACCESS:   30412770  HIT:   28506104  MISS:    1906666  HIT %:    93.7307  MISS %:    6.26929   MPKI: 9.53333
L1D RFO       ACCESS:   20706418  HIT:   19882579  MISS:     823839  HIT %:    96.0213  MISS %:    3.97866   MPKI: 4.11919
L1D PREFETCH  REQUESTED:          0  ISSUED:          0  USEFUL:          0  USELESS:          0
L1D USEFUL LOAD PREFETCHES:          0 PREFETCH ISSUED TO LOWER LEVEL:          0  ACCURACY: -nan
L1D TIMELY PREFETCHES:          0 LATE PREFETCHES: 0 DROPPED PREFETCHES: 0
L1D PREFETCHES SAME FILL-ORIGIN LEVEL: 0 DIFFERENT FILL-ORIGIN LEVEL: 0
L1D AVERAGE MISS LATENCY:    116.125 cycles AVERAGE LOAD MISS LATENCY:    89.6896 cycles Load Miss    1906666
L1D Average MSHR Occupancy:   0.516399
L1D RQ	ACCESS:   45317564	FORWARD:          0	MERGED:   13967741	TO_CACHE:   30624990
L1D WQ	ACCESS:   23143721	FORWARD:     724833	MERGED:     473618	TO_CACHE:   22670103

L1D UNIQUE REGIONS ACCESSED: 0
L1D REGIONS CONFLICTS: 0
L1D Cross Page Prefetch Requests: 0
L1D Same Page Prefetch Requests: 0
L1D ROI Sum of L1D PQ occupancy: 0
L1D PREFETCHES PUSHED FROM L2C: 0
L1I TOTAL     ACCESS:   21371691  HIT:    9301051  MISS:   12070640  HIT %:    43.5204  MISS %:    56.4796   MPKI: 60.3532
L1I LOAD      ACCESS:   21371691  HIT:    9301051  MISS:   12070640  HIT %:    43.5204  MISS %:    56.4796   MPKI: 60.3532
L1I PREFETCH  REQUESTED:          0  ISSUED:          0  USEFUL:          0  USELESS:          0
L1I USEFUL LOAD PREFETCHES:          0 PREFETCH ISSUED TO LOWER LEVEL:          0  ACCURACY: -nan
L1I TIMELY PREFETCHES:          0 LATE PREFETCHES: 0 DROPPED PREFETCHES: 0
L1I PREFETCHES SAME FILL-ORIGIN LEVEL: 0 DIFFERENT FILL-ORIGIN LEVEL: 0
L1I AVERAGE MISS LATENCY:    25.7673 cycles AVERAGE LOAD MISS LATENCY:    25.7673 cycles Load Miss   12070640
L1I Average MSHR Occupancy:   0.497906
L1I RQ	ACCESS:   42511036	FORWARD:          0	MERGED:   20693070	TO_CACHE:   21817966

BTB TOTAL     ACCESS:   16911917  HIT:   14801301  MISS:    2110616  HIT %:    87.5199  MISS %:    12.4801   MPKI: 10.5531
BTB BRANCH_DIRECT_JUMP	ACCESS:    1006915  HIT:     838107  MISS:     168808
BTB BRANCH_INDIRECT	ACCESS:     325134  HIT:     191032  MISS:     134102
BTB BRANCH_CONDITIONAL	ACCESS:   12461512  HIT:   12041941  MISS:     419571
BTB BRANCH_DIRECT_CALL	ACCESS:    1348016  HIT:     962020  MISS:     385996
BTB BRANCH_INDIRECT_CALL	ACCESS:     210711  HIT:     112784  MISS:      97927
BTB BRANCH_RETURN	ACCESS:    1559494  HIT:     655394  MISS:     904100
BTB BRANCH_OTHER ACCESS:        135  HIT:         23  MISS:        112

L2C TOTAL     ACCESS:   17048607  HIT:   14143654  MISS:    2904953  HIT %:    82.9608  MISS %:    17.0392   MPKI: 14.5248
L2C LOAD      ACCESS:   13977286  HIT:   12041496  MISS:    1935790  HIT %:    86.1505  MISS %:    13.8495   MPKI: 9.67895
L2C DATA LOAD MPKI: 4.03155
L2C INSTRUCTION LOAD MPKI: 5.6474
L2C RFO       ACCESS:     823830  HIT:     183016  MISS:     640814  HIT %:    22.2153  MISS %:    77.7847   MPKI: 3.20407
L2C PREFETCH  ACCESS:     290210  HIT:     206449  MISS:      83761  HIT %:    71.1378  MISS %:    28.8622   MPKI: 0.418805
AGUS PREFETCH L1 MISS: 0
L2C DATA PREFETCH MPKI: 0.418805
L2C INSTRUCTION PREFETCH MPKI: 0
L2C WRITEBACK ACCESS:    1118800  HIT:    1117451  MISS:       1349  HIT %:    99.8794  MISS %:   0.120576   MPKI: 0.006745
L2C LOAD TRANSLATION ACCESS:     838481  HIT:     595242  MISS:     243239  HIT %:    70.9905  MISS %:    29.0095   MPKI: 1.21619
L2C PREFETCH  REQUESTED:     347396  ISSUED:     347262  USEFUL:      54370  USELESS:      29376
L2C USEFUL LOAD PREFETCHES:      54370 PREFETCH ISSUED TO LOWER LEVEL:      99874  ACCURACY: 54.4386
L2C TIMELY PREFETCHES:      54370 LATE PREFETCHES: 11194 DROPPED PREFETCHES: 0
L2C PREFETCHES SAME FILL-ORIGIN LEVEL: 94955 DIFFERENT FILL-ORIGIN LEVEL: 4919
L2C AVERAGE MISS LATENCY:    163.946 cycles AVERAGE LOAD MISS LATENCY:    146.163 cycles Load Miss    1935790
L2C Average MSHR Occupancy:   0.769517
L2C RQ	ACCESS:   15639626	FORWARD:          0	MERGED:          0	TO_CACHE:   15639597
L2C WQ	ACCESS:    1118800	FORWARD:         29	MERGED:          0	TO_CACHE:    1118800
L2C PQ	ACCESS:     347262	FORWARD:          0	MERGED:      17724	TO_CACHE:     329538

L2C Instructions Evicting Data 592463
L2C Translations Evicting Data 128798
L2C Data Evicting Data 805924
L2C Instructions Evicting Instructions 443090
L2C Translations Evicting Instructions 94201
L2C Data Evicting Instructions 595590
L2C Instructions Evicting Translations 93927
L2C Translations Evicting Translations 20240
L2C Data Evicting Translations 129371
L2C Dense regions hint from L2: 0
PSCL5 TOTAL     ACCESS:     512292  HIT:     512292  MISS:          0  HIT %:        100  MISS %:          0   MPKI: 0
PSCL5 LOAD TRANSLATION ACCESS:     512292  HIT:     512292  MISS:          0  HIT %:        100  MISS %:          0   MPKI: 0
PSCL5 PREFETCH  REQUESTED:          0  ISSUED:          0  USEFUL:          0  USELESS:          0
PSCL5 USEFUL LOAD PREFETCHES:          0 PREFETCH ISSUED TO LOWER LEVEL:          0  ACCURACY: -nan
PSCL5 TIMELY PREFETCHES:          0 LATE PREFETCHES: 0 DROPPED PREFETCHES: 0
PSCL5 PREFETCHES SAME FILL-ORIGIN LEVEL: 0 DIFFERENT FILL-ORIGIN LEVEL: 0

PSCL4 TOTAL     ACCESS:     506083  HIT:     504630  MISS:       1453  HIT %:    99.7129  MISS %:   0.287107   MPKI: 0.007265
PSCL4 LOAD TRANSLATION ACCESS:     506083  HIT:     504630  MISS:       1453  HIT %:    99.7129  MISS %:   0.287107   MPKI: 0.007265
PSCL4 PREFETCH  REQUESTED:          0  ISSUED:          0  USEFUL:          0  USELESS:          0
PSCL4 USEFUL LOAD PREFETCHES:          0 PREFETCH ISSUED TO LOWER LEVEL:          0  ACCURACY: -nan
PSCL4 TIMELY PREFETCHES:          0 LATE PREFETCHES: 0 DROPPED PREFETCHES: 0
PSCL4 PREFETCHES SAME FILL-ORIGIN LEVEL: 0 DIFFERENT FILL-ORIGIN LEVEL: 0

PSCL3 TOTAL     ACCESS:     501474  HIT:     472109  MISS:      29365  HIT %:    94.1443  MISS %:    5.85574   MPKI: 0.146825
PSCL3 LOAD TRANSLATION ACCESS:     501474  HIT:     472109  MISS:      29365  HIT %:    94.1443  MISS %:    5.85574   MPKI: 0.146825
PSCL3 PREFETCH  REQUESTED:          0  ISSUED:          0  USEFUL:          0  USELESS:          0
PSCL3 USEFUL LOAD PREFETCHES:          0 PREFETCH ISSUED TO LOWER LEVEL:          0  ACCURACY: -nan
PSCL3 TIMELY PREFETCHES:          0 LATE PREFETCHES: 0 DROPPED PREFETCHES: 0
PSCL3 PREFETCHES SAME FILL-ORIGIN LEVEL: 0 DIFFERENT FILL-ORIGIN LEVEL: 0

PSCL2 TOTAL     ACCESS:     512292  HIT:     215975  MISS:     296317  HIT %:    42.1586  MISS %:    57.8414   MPKI: 1.48158
PSCL2 LOAD TRANSLATION ACCESS:     512292  HIT:     215975  MISS:     296317  HIT %:    42.1586  MISS %:    57.8414   MPKI: 1.48158
PSCL2 PREFETCH  REQUESTED:          0  ISSUED:          0  USEFUL:          0  USELESS:          0
PSCL2 USEFUL LOAD PREFETCHES:          0 PREFETCH ISSUED TO LOWER LEVEL:          0  ACCURACY: -nan
PSCL2 TIMELY PREFETCHES:          0 LATE PREFETCHES: 0 DROPPED PREFETCHES: 0
PSCL2 PREFETCHES SAME FILL-ORIGIN LEVEL: 0 DIFFERENT FILL-ORIGIN LEVEL: 0

LLC TOTAL     ACCESS:    3701937  HIT:    1119979  MISS:    2581958  HIT %:    30.2539  MISS %:    69.7461   MPKI: 12.9098
LLC LOAD      ACCESS:    1925375  HIT:     808756  MISS:    1116619  HIT %:    42.0051  MISS %:    57.9949   MPKI: 5.58309
LLC RFO       ACCESS:     640035  HIT:      11075  MISS:     628960  HIT %:    1.73037  MISS %:    98.2696   MPKI: 3.1448
LLC PREFETCH  ACCESS:      96781  HIT:      12176  MISS:      84605  HIT %:     12.581  MISS %:     87.419   MPKI: 0.423025
AGUS PREFETCH L1 MISS: 0
LLC WRITEBACK ACCESS:     796507  HIT:     220241  MISS:     576266  HIT %:    27.6509  MISS %:    72.3491   MPKI: 2.88133
LLC LOAD TRANSLATION ACCESS:     243239  HIT:      67731  MISS:     175508  HIT %:    27.8455  MISS %:    72.1545   MPKI: 0.87754
LLC PREFETCH  REQUESTED:          0  ISSUED:          0  USEFUL:        790  USELESS:      28098
LLC USEFUL LOAD PREFETCHES:        790 PREFETCH ISSUED TO LOWER LEVEL:      85368  ACCURACY: 0.925405
LLC TIMELY PREFETCHES:        790 LATE PREFETCHES: 763 DROPPED PREFETCHES: 0
LLC PREFETCHES SAME FILL-ORIGIN LEVEL: 3122 DIFFERENT FILL-ORIGIN LEVEL: 0
LLC AVERAGE MISS LATENCY:    133.933 cycles AVERAGE LOAD MISS LATENCY:    174.282 cycles Load Miss    1116619
LLC Average MSHR Occupancy:   0.560317
LLC RQ	ACCESS:    2808649	FORWARD:          0	MERGED:          0	TO_CACHE:    2808649
LLC WQ	ACCESS:     796507	FORWARD:          0	MERGED:          0	TO_CACHE:     796507
LLC PQ	ACCESS:      99874	FORWARD:          0	MERGED:        773	TO_CACHE:      99101

LLC Dense regions hint to LLC: 0

RAW hits: 2627022
Loads Generated: 47944586
Loads sent to L1D: 45317564
Stores Generated: 23144506
Stores sent to L1D: 23144503
Major fault: 0 Minor fault: 139794
Allocated PAGES: 139794
CPU 0 L2C PC-based stride prefetcher final stats
================ Mockingjay (LLC) Pollution Stats ================
Total pollution count in LLC: 17413
==================================================================

DRAM Statistics
 CHANNEL 0
 RQ ROW_BUFFER_HIT:     408594  ROW_BUFFER_MISS:    1597092
 DBUS_CONGESTED:       1011
 WQ ROW_BUFFER_HIT:     234571  ROW_BUFFER_MISS:     548106  FULL:         97

 AVG_CONGESTED_CYCLE: 4
 All warmup complete: 2
Channel 0 Bank busy for read cycles: 0
Channel 0 Bank busy for write cycles: 0
Channel 0
Rank 0
0banks busy for read cycles: 337326616
0banks busy for write cycles: 387525
1banks busy for read cycles: 136136339
1banks busy for write cycles: 65145061
2banks busy for read cycles: 29216812
2banks busy for write cycles: 18060394
3banks busy for read cycles: 7956842
3banks busy for write cycles: 5729252
4banks busy for read cycles: 3170110
4banks busy for write cycles: 2407009
5banks busy for read cycles: 1481175
5banks busy for write cycles: 1325777
6banks busy for read cycles: 1101619
6banks busy for write cycles: 886235
7banks busy for read cycles: 687162
7banks busy for write cycles: 683878
8banks busy for read cycles: 1258992
8banks busy for write cycles: 735191

CPU 0 Branch Prediction Accuracy: 92.4391% MPKI: 13.6954 Average ROB Occupancy at Mispredict: 18.1982
Branch types
NOT_BRANCH: 163772212 81.8861%
BRANCH_DIRECT_JUMP: 1006915 0.503457%
BRANCH_INDIRECT: 325134 0.162567%
BRANCH_CONDITIONAL: 31776762 15.8884%
BRANCH_DIRECT_CALL: 1348016 0.674008%
BRANCH_INDIRECT_CALL: 210711 0.105355%
BRANCH_RETURN: 1559494 0.779747%
BRANCH_OTHER: 135 6.75e-05%

===================== LRU L1D STATS =====================
Total pollution count in L1D: 0
=========================================================
================ SRRIP (L2C) Pollution Stats ================
Total pollution count in L2c: 2971423
==================================================================
DRAM PAGES: 1048576
Allocated PAGES: 139794
