Initialize SIGNATURE TABLE
ST_SET: 1
ST_WAY: 256
ST_TAG_BIT: 16
ST_TAG_MASK: ffff

Initialize PATTERN TABLE
PT_SET: 512
PT_WAY: 4
SIG_DELTA_BIT: 7
C_SIG_BIT: 4
C_DELTA_BIT: 4

Initialize PREFETCH FILTER
FILTER_SET: 1024

*** ChampSim Multicore Out-of-Order Simulator ***

Warmup Instructions: 200000000
Simulation Instructions: 200000000
Number of CPUs: 1
LLC sets: 4096
LLC ways: 12
Off-chip DRAM Size: 4096 MB Channels: 1 Width: 64-bit Data Rate: 6400 MT/s
CPU 0 runs ./tracer/traces/602.gcc_s-734B.champsimtrace.xz
.xz
BTB has LRU replacement policy
ITLB has LRU replacement policy
DTLB has LRU replacement policy
STLB has LRU replacement policy
L1I has LRU replacement policy
L1D has LRU replacement policy
ST_WAYS: 256
PT_SETS: 512
Initialize SRRIP state for L2C
Initialize Mockingjay state for LLC
Heartbeat CPU 0 instructions: 10000001 cycles: 3124739 heartbeat IPC: 3.20027 cumulative IPC: 3.20027 (Simulation time: 0 hr 0 min 28 sec) 
Heartbeat CPU 0 instructions: 20000001 cycles: 6265859 heartbeat IPC: 3.18358 cumulative IPC: 3.1919 (Simulation time: 0 hr 0 min 59 sec) 
Heartbeat CPU 0 instructions: 30000004 cycles: 9381257 heartbeat IPC: 3.20986 cumulative IPC: 3.19787 (Simulation time: 0 hr 1 min 32 sec) 
Heartbeat CPU 0 instructions: 40000002 cycles: 12522343 heartbeat IPC: 3.18361 cumulative IPC: 3.19429 (Simulation time: 0 hr 2 min 5 sec) 
Heartbeat CPU 0 instructions: 50000000 cycles: 15639224 heartbeat IPC: 3.20833 cumulative IPC: 3.19709 (Simulation time: 0 hr 2 min 38 sec) 
Heartbeat CPU 0 instructions: 60000000 cycles: 18758896 heartbeat IPC: 3.20547 cumulative IPC: 3.19848 (Simulation time: 0 hr 3 min 10 sec) 
Heartbeat CPU 0 instructions: 70000005 cycles: 21935283 heartbeat IPC: 3.14823 cumulative IPC: 3.19121 (Simulation time: 0 hr 3 min 43 sec) 
Heartbeat CPU 0 instructions: 80000000 cycles: 25048150 heartbeat IPC: 3.21247 cumulative IPC: 3.19385 (Simulation time: 0 hr 4 min 15 sec) 
Heartbeat CPU 0 instructions: 90000000 cycles: 28172197 heartbeat IPC: 3.20098 cumulative IPC: 3.19464 (Simulation time: 0 hr 4 min 48 sec) 
Heartbeat CPU 0 instructions: 100000000 cycles: 31587496 heartbeat IPC: 2.928 cumulative IPC: 3.16581 (Simulation time: 0 hr 5 min 21 sec) 
Heartbeat CPU 0 instructions: 110000004 cycles: 34699229 heartbeat IPC: 3.21364 cumulative IPC: 3.1701 (Simulation time: 0 hr 5 min 53 sec) 
Heartbeat CPU 0 instructions: 120000000 cycles: 37822378 heartbeat IPC: 3.2019 cumulative IPC: 3.17272 (Simulation time: 0 hr 6 min 26 sec) 
Heartbeat CPU 0 instructions: 130000001 cycles: 41050872 heartbeat IPC: 3.09742 cumulative IPC: 3.1668 (Simulation time: 0 hr 6 min 59 sec) 
Heartbeat CPU 0 instructions: 140000002 cycles: 44182104 heartbeat IPC: 3.19363 cumulative IPC: 3.1687 (Simulation time: 0 hr 7 min 32 sec) 
Heartbeat CPU 0 instructions: 150000000 cycles: 47322415 heartbeat IPC: 3.1844 cumulative IPC: 3.16975 (Simulation time: 0 hr 8 min 5 sec) 
Heartbeat CPU 0 instructions: 160000003 cycles: 50487146 heartbeat IPC: 3.15983 cumulative IPC: 3.16912 (Simulation time: 0 hr 8 min 35 sec) 
Heartbeat CPU 0 instructions: 170000004 cycles: 53603579 heartbeat IPC: 3.2088 cumulative IPC: 3.17143 (Simulation time: 0 hr 9 min 3 sec) 
Heartbeat CPU 0 instructions: 180000000 cycles: 56736931 heartbeat IPC: 3.19147 cumulative IPC: 3.17254 (Simulation time: 0 hr 9 min 30 sec) 
Heartbeat CPU 0 instructions: 190000005 cycles: 59925472 heartbeat IPC: 3.13623 cumulative IPC: 3.17061 (Simulation time: 0 hr 9 min 59 sec) 
Heartbeat CPU 0 instructions: 200000001 cycles: 63085317 heartbeat IPC: 3.16471 cumulative IPC: 3.17031 (Simulation time: 0 hr 10 min 28 sec) 

Warmup complete CPU 0 instructions: 200000001 cycles: 63085317 (Simulation time: 0 hr 10 min 28 sec) 

Heartbeat CPU 0 instructions: 210000000 cycles: 86851139 heartbeat IPC: 0.420772 cumulative IPC: 0.420772 (Simulation time: 0 hr 11 min 33 sec) 
Heartbeat CPU 0 instructions: 220000006 cycles: 111011546 heartbeat IPC: 0.413901 cumulative IPC: 0.417308 (Simulation time: 0 hr 12 min 44 sec) 
Heartbeat CPU 0 instructions: 230000001 cycles: 134768609 heartbeat IPC: 0.420927 cumulative IPC: 0.418508 (Simulation time: 0 hr 13 min 55 sec) 
Heartbeat CPU 0 instructions: 240000001 cycles: 158636098 heartbeat IPC: 0.41898 cumulative IPC: 0.418626 (Simulation time: 0 hr 15 min 5 sec) 
Heartbeat CPU 0 instructions: 250000001 cycles: 183373650 heartbeat IPC: 0.404244 cumulative IPC: 0.415668 (Simulation time: 0 hr 16 min 14 sec) 
Heartbeat CPU 0 instructions: 260000000 cycles: 207150803 heartbeat IPC: 0.420572 cumulative IPC: 0.416477 (Simulation time: 0 hr 17 min 23 sec) 
Heartbeat CPU 0 instructions: 270000000 cycles: 230622008 heartbeat IPC: 0.426054 cumulative IPC: 0.417819 (Simulation time: 0 hr 18 min 34 sec) 
Heartbeat CPU 0 instructions: 280000001 cycles: 254354539 heartbeat IPC: 0.421363 cumulative IPC: 0.418259 (Simulation time: 0 hr 19 min 49 sec) 
Heartbeat CPU 0 instructions: 290000002 cycles: 278183117 heartbeat IPC: 0.419664 cumulative IPC: 0.418414 (Simulation time: 0 hr 21 min 1 sec) 
Heartbeat CPU 0 instructions: 300000000 cycles: 302417883 heartbeat IPC: 0.41263 cumulative IPC: 0.417829 (Simulation time: 0 hr 22 min 11 sec) 
Heartbeat CPU 0 instructions: 310000000 cycles: 326159071 heartbeat IPC: 0.421209 cumulative IPC: 0.418134 (Simulation time: 0 hr 23 min 20 sec) 
Heartbeat CPU 0 instructions: 320000001 cycles: 350151958 heartbeat IPC: 0.41679 cumulative IPC: 0.418021 (Simulation time: 0 hr 24 min 28 sec) 
Heartbeat CPU 0 instructions: 330000005 cycles: 374350636 heartbeat IPC: 0.413246 cumulative IPC: 0.41765 (Simulation time: 0 hr 25 min 36 sec) 
Heartbeat CPU 0 instructions: 340000002 cycles: 398074885 heartbeat IPC: 0.42151 cumulative IPC: 0.417923 (Simulation time: 0 hr 26 min 58 sec) 
Heartbeat CPU 0 instructions: 350000004 cycles: 422049723 heartbeat IPC: 0.417104 cumulative IPC: 0.417869 (Simulation time: 0 hr 28 min 37 sec) 
Heartbeat CPU 0 instructions: 360000000 cycles: 446079265 heartbeat IPC: 0.416154 cumulative IPC: 0.417761 (Simulation time: 0 hr 30 min 16 sec) 
Heartbeat CPU 0 instructions: 370000004 cycles: 469801131 heartbeat IPC: 0.421552 cumulative IPC: 0.417982 (Simulation time: 0 hr 31 min 51 sec) 
Heartbeat CPU 0 instructions: 380000001 cycles: 493812506 heartbeat IPC: 0.416469 cumulative IPC: 0.417898 (Simulation time: 0 hr 33 min 22 sec) 
Heartbeat CPU 0 instructions: 390000000 cycles: 517189813 heartbeat IPC: 0.427765 cumulative IPC: 0.418406 (Simulation time: 0 hr 34 min 51 sec) 
Heartbeat CPU 0 instructions: 400000006 cycles: 540910658 heartbeat IPC: 0.42157 cumulative IPC: 0.418563 (Simulation time: 0 hr 36 min 22 sec) 
Finished CPU 0 instructions: 200000005 cycles: 477825341 cumulative IPC: 0.418563 (Simulation time: 0 hr 36 min 22 sec) 

ChampSim completed all CPUs

Region of Interest Statistics

CPU 0 cumulative IPC: 0.418563 instructions: 200000005 cycles: 477825341
ITLB TOTAL     ACCESS:   40212659  HIT:   40212659  MISS:          0  HIT %:        100  MISS %:          0   MPKI: 0
ITLB LOAD TRANSLATION ACCESS:   40212659  HIT:   40212659  MISS:          0  HIT %:        100  MISS %:          0   MPKI: 0
ITLB PREFETCH  REQUESTED:          0  ISSUED:          0  USEFUL:          0  USELESS:          0
ITLB USEFUL LOAD PREFETCHES:          0 PREFETCH ISSUED TO LOWER LEVEL:          0  ACCURACY: -nan
ITLB TIMELY PREFETCHES:          0 LATE PREFETCHES: 0 DROPPED PREFETCHES: 0
ITLB PREFETCHES SAME FILL-ORIGIN LEVEL: 0 DIFFERENT FILL-ORIGIN LEVEL: 0
ITLB AVERAGE MISS LATENCY:       -nan cycles AVERAGE LOAD MISS LATENCY:       -nan cycles Load Miss          0
ITLB Average MSHR Occupancy: 1.54868e-07
ITLB RQ	ACCESS:   40428488	FORWARD:          0	MERGED:     215829	TO_CACHE:   40212659

DTLB TOTAL     ACCESS:   59966001  HIT:   59903164  MISS:      62837  HIT %:    99.8952  MISS %:   0.104788   MPKI: 0.314185
DTLB LOAD TRANSLATION ACCESS:   59966001  HIT:   59903164  MISS:      62837  HIT %:    99.8952  MISS %:   0.104788   MPKI: 0.314185
DTLB PREFETCH  REQUESTED:          0  ISSUED:          0  USEFUL:          0  USELESS:          0
DTLB USEFUL LOAD PREFETCHES:          0 PREFETCH ISSUED TO LOWER LEVEL:          0  ACCURACY: -nan
DTLB TIMELY PREFETCHES:          0 LATE PREFETCHES: 0 DROPPED PREFETCHES: 0
DTLB PREFETCHES SAME FILL-ORIGIN LEVEL: 0 DIFFERENT FILL-ORIGIN LEVEL: 0
DTLB AVERAGE MISS LATENCY:    77.9577 cycles AVERAGE LOAD MISS LATENCY:       -nan cycles Load Miss          0
DTLB Average MSHR Occupancy:  0.0101519
DTLB RQ	ACCESS:   60661763	FORWARD:          0	MERGED:     694268	TO_CACHE:   59967495

STLB TOTAL     ACCESS:      62837  HIT:      21248  MISS:      41589  HIT %:    33.8145  MISS %:    66.1855   MPKI: 0.207945
STLB LOAD TRANSLATION ACCESS:      62837  HIT:      21248  MISS:      41589  HIT %:    33.8145  MISS %:    66.1855   MPKI: 0.207945
STLB PREFETCH  REQUESTED:          0  ISSUED:          0  USEFUL:          0  USELESS:          0
STLB USEFUL LOAD PREFETCHES:          0 PREFETCH ISSUED TO LOWER LEVEL:          0  ACCURACY: -nan
STLB TIMELY PREFETCHES:          0 LATE PREFETCHES: 0 DROPPED PREFETCHES: 0
STLB PREFETCHES SAME FILL-ORIGIN LEVEL: 0 DIFFERENT FILL-ORIGIN LEVEL: 0
STLB AVERAGE MISS LATENCY:    104.175 cycles AVERAGE LOAD MISS LATENCY:       -nan cycles Load Miss          0
STLB Average MSHR Occupancy: 0.00890174
STLB RQ	ACCESS:      62837	FORWARD:          0	MERGED:          0	TO_CACHE:      62837

STLB Hit, L1D data hit: 0
STLB Hit, L2C data hit: 0
STLB Hit, LLC data hit: 0
STLB Hit, LLC data miss: 0
STLB STLB hints to L2: 0
L1D TOTAL     ACCESS:   60151593  HIT:   56901686  MISS:    3249907  HIT %:    94.5971  MISS %:    5.40286   MPKI: 16.2495
L1D LOAD      ACCESS:   40077069  HIT:   36829858  MISS:    3247211  HIT %:    91.8976  MISS %:    8.10242   MPKI: 16.2361
L1D RFO       ACCESS:   20074524  HIT:   20071828  MISS:       2696  HIT %:    99.9866  MISS %:    0.01343   MPKI: 0.01348
L1D PREFETCH  REQUESTED:          0  ISSUED:          0  USEFUL:          0  USELESS:          0
L1D USEFUL LOAD PREFETCHES:          0 PREFETCH ISSUED TO LOWER LEVEL:          0  ACCURACY: -nan
L1D TIMELY PREFETCHES:          0 LATE PREFETCHES: 0 DROPPED PREFETCHES: 0
L1D PREFETCHES SAME FILL-ORIGIN LEVEL: 0 DIFFERENT FILL-ORIGIN LEVEL: 0
L1D AVERAGE MISS LATENCY:    25.7167 cycles AVERAGE LOAD MISS LATENCY:    25.6119 cycles Load Miss    3247211
L1D Average MSHR Occupancy:   0.178103
L1D RQ	ACCESS:   52483126	FORWARD:          0	MERGED:   11875945	TO_CACHE:   40578368
L1D WQ	ACCESS:   22563519	FORWARD:      28813	MERGED:    2480124	TO_CACHE:   20083395

L1D UNIQUE REGIONS ACCESSED: 0
L1D REGIONS CONFLICTS: 0
L1D Cross Page Prefetch Requests: 0
L1D Same Page Prefetch Requests: 0
L1D ROI Sum of L1D PQ occupancy: 0
L1D PREFETCHES PUSHED FROM L2C: 0
L1I TOTAL     ACCESS:   37190549  HIT:     228290  MISS:   36962259  HIT %:   0.613839  MISS %:    99.3862   MPKI: 184.811
L1I LOAD      ACCESS:   37190549  HIT:     228290  MISS:   36962259  HIT %:   0.613839  MISS %:    99.3862   MPKI: 184.811
L1I PREFETCH  REQUESTED:          0  ISSUED:          0  USEFUL:          0  USELESS:          0
L1I USEFUL LOAD PREFETCHES:          0 PREFETCH ISSUED TO LOWER LEVEL:          0  ACCURACY: -nan
L1I TIMELY PREFETCHES:          0 LATE PREFETCHES: 0 DROPPED PREFETCHES: 0
L1I PREFETCHES SAME FILL-ORIGIN LEVEL: 0 DIFFERENT FILL-ORIGIN LEVEL: 0
L1I AVERAGE MISS LATENCY:    14.0057 cycles AVERAGE LOAD MISS LATENCY:    14.0057 cycles Load Miss   36962259
L1I Average MSHR Occupancy:    1.02344
L1I RQ	ACCESS:   67985217	FORWARD:          0	MERGED:   27556729	TO_CACHE:   40428488

BTB TOTAL     ACCESS:   36831194  HIT:   36800668  MISS:      30526  HIT %:    99.9171  MISS %:  0.0828808   MPKI: 0.15263
BTB BRANCH_DIRECT_JUMP	ACCESS:    5006287  HIT:    5006232  MISS:         55
BTB BRANCH_INDIRECT	ACCESS:          0  HIT:          0  MISS:          0
BTB BRANCH_CONDITIONAL	ACCESS:   26819218  HIT:   26819081  MISS:        137
BTB BRANCH_DIRECT_CALL	ACCESS:    2502814  HIT:    2502784  MISS:         30
BTB BRANCH_INDIRECT_CALL	ACCESS:         30  HIT:         29  MISS:          1
BTB BRANCH_RETURN	ACCESS:    2502845  HIT:    2472542  MISS:      30303
BTB BRANCH_OTHER ACCESS:          0  HIT:          0  MISS:          0

L2C TOTAL     ACCESS:   52792573  HIT:   51148452  MISS:    1644121  HIT %:    96.8857  MISS %:     3.1143   MPKI: 8.2206
L2C LOAD      ACCESS:   40209470  HIT:   39637142  MISS:     572328  HIT %:    98.5766  MISS %:    1.42337   MPKI: 2.86164
L2C DATA LOAD MPKI: 2.85991
L2C INSTRUCTION LOAD MPKI: 0.001725
L2C RFO       ACCESS:       2696  HIT:        733  MISS:       1963  HIT %:    27.1884  MISS %:    72.8116   MPKI: 0.009815
L2C PREFETCH  ACCESS:   12493663  HIT:   11438773  MISS:    1054890  HIT %:    91.5566  MISS %:     8.4434   MPKI: 5.27445
AGUS PREFETCH L1 MISS: 0
L2C DATA PREFETCH MPKI: 5.27445
L2C INSTRUCTION PREFETCH MPKI: 0
L2C WRITEBACK ACCESS:      41344  HIT:      41337  MISS:          7  HIT %:    99.9831  MISS %:  0.0169311   MPKI: 3.5e-05
L2C LOAD TRANSLATION ACCESS:      45400  HIT:      30467  MISS:      14933  HIT %:    67.1079  MISS %:    32.8921   MPKI: 0.074665
L2C PREFETCH  REQUESTED:   27005442  ISSUED:   26887937  USEFUL:    1050287  USELESS:       4610
L2C USEFUL LOAD PREFETCHES:    1050287 PREFETCH ISSUED TO LOWER LEVEL:   15356060  ACCURACY: 6.83956
L2C TIMELY PREFETCHES:    1050287 LATE PREFETCHES: 6492 DROPPED PREFETCHES: 0
L2C PREFETCHES SAME FILL-ORIGIN LEVEL: 1061382 DIFFERENT FILL-ORIGIN LEVEL: 14294678
L2C AVERAGE MISS LATENCY:    53.1298 cycles AVERAGE LOAD MISS LATENCY:    60.3775 cycles Load Miss     572328
L2C Average MSHR Occupancy:   0.180006
L2C RQ	ACCESS:   40257567	FORWARD:          0	MERGED:          0	TO_CACHE:   40257567
L2C WQ	ACCESS:      41344	FORWARD:          0	MERGED:          0	TO_CACHE:      41344
L2C PQ	ACCESS:   26887937	FORWARD:          0	MERGED:      81276	TO_CACHE:   26806661

L2C Instructions Evicting Data 342
L2C Translations Evicting Data 14806
L2C Data Evicting Data 1613669
L2C Instructions Evicting Instructions 0
L2C Translations Evicting Instructions 1
L2C Data Evicting Instructions 348
L2C Instructions Evicting Translations 3
L2C Translations Evicting Translations 126
L2C Data Evicting Translations 14819
L2C Dense regions hint from L2: 0
PSCL5 TOTAL     ACCESS:      41589  HIT:      41589  MISS:          0  HIT %:        100  MISS %:          0   MPKI: 0
PSCL5 LOAD TRANSLATION ACCESS:      41589  HIT:      41589  MISS:          0  HIT %:        100  MISS %:          0   MPKI: 0
PSCL5 PREFETCH  REQUESTED:          0  ISSUED:          0  USEFUL:          0  USELESS:          0
PSCL5 USEFUL LOAD PREFETCHES:          0 PREFETCH ISSUED TO LOWER LEVEL:          0  ACCURACY: -nan
PSCL5 TIMELY PREFETCHES:          0 LATE PREFETCHES: 0 DROPPED PREFETCHES: 0
PSCL5 PREFETCHES SAME FILL-ORIGIN LEVEL: 0 DIFFERENT FILL-ORIGIN LEVEL: 0

PSCL4 TOTAL     ACCESS:      41589  HIT:      41589  MISS:          0  HIT %:        100  MISS %:          0   MPKI: 0
PSCL4 LOAD TRANSLATION ACCESS:      41589  HIT:      41589  MISS:          0  HIT %:        100  MISS %:          0   MPKI: 0
PSCL4 PREFETCH  REQUESTED:          0  ISSUED:          0  USEFUL:          0  USELESS:          0
PSCL4 USEFUL LOAD PREFETCHES:          0 PREFETCH ISSUED TO LOWER LEVEL:          0  ACCURACY: -nan
PSCL4 TIMELY PREFETCHES:          0 LATE PREFETCHES: 0 DROPPED PREFETCHES: 0
PSCL4 PREFETCHES SAME FILL-ORIGIN LEVEL: 0 DIFFERENT FILL-ORIGIN LEVEL: 0

PSCL3 TOTAL     ACCESS:      41589  HIT:      41589  MISS:          0  HIT %:        100  MISS %:          0   MPKI: 0
PSCL3 LOAD TRANSLATION ACCESS:      41589  HIT:      41589  MISS:          0  HIT %:        100  MISS %:          0   MPKI: 0
PSCL3 PREFETCH  REQUESTED:          0  ISSUED:          0  USEFUL:          0  USELESS:          0
PSCL3 USEFUL LOAD PREFETCHES:          0 PREFETCH ISSUED TO LOWER LEVEL:          0  ACCURACY: -nan
PSCL3 TIMELY PREFETCHES:          0 LATE PREFETCHES: 0 DROPPED PREFETCHES: 0
PSCL3 PREFETCHES SAME FILL-ORIGIN LEVEL: 0 DIFFERENT FILL-ORIGIN LEVEL: 0

PSCL2 TOTAL     ACCESS:      41589  HIT:      37767  MISS:       3822  HIT %:    90.8101  MISS %:    9.18993   MPKI: 0.01911
PSCL2 LOAD TRANSLATION ACCESS:      41589  HIT:      37767  MISS:       3822  HIT %:    90.8101  MISS %:    9.18993   MPKI: 0.01911
PSCL2 PREFETCH  REQUESTED:          0  ISSUED:          0  USEFUL:          0  USELESS:          0
PSCL2 USEFUL LOAD PREFETCHES:          0 PREFETCH ISSUED TO LOWER LEVEL:          0  ACCURACY: -nan
PSCL2 TIMELY PREFETCHES:          0 LATE PREFETCHES: 0 DROPPED PREFETCHES: 0
PSCL2 PREFETCHES SAME FILL-ORIGIN LEVEL: 0 DIFFERENT FILL-ORIGIN LEVEL: 0

LLC TOTAL     ACCESS:   15900792  HIT:   14156379  MISS:    1744413  HIT %:    89.0294  MISS %:    10.9706   MPKI: 8.72206
LLC LOAD      ACCESS:     565836  HIT:     494823  MISS:      71013  HIT %:    87.4499  MISS %:    12.5501   MPKI: 0.355065
LLC RFO       ACCESS:       1963  HIT:        101  MISS:       1862  HIT %:    5.14519  MISS %:    94.8548   MPKI: 0.00931
LLC PREFETCH  ACCESS:   15297028  HIT:   13654294  MISS:    1642734  HIT %:    89.2611  MISS %:    10.7389   MPKI: 8.21367
AGUS PREFETCH L1 MISS: 0
LLC WRITEBACK ACCESS:      21032  HIT:       7003  MISS:      14029  HIT %:    33.2969  MISS %:    66.7031   MPKI: 0.070145
LLC LOAD TRANSLATION ACCESS:      14933  HIT:        158  MISS:      14775  HIT %:    1.05806  MISS %:    98.9419   MPKI: 0.073875
LLC PREFETCH  REQUESTED:          0  ISSUED:          0  USEFUL:     481776  USELESS:    1140094
LLC USEFUL LOAD PREFETCHES:     481776 PREFETCH ISSUED TO LOWER LEVEL:    1643536  ACCURACY: 29.3134
LLC TIMELY PREFETCHES:     481776 LATE PREFETCHES: 802 DROPPED PREFETCHES: 0
LLC PREFETCHES SAME FILL-ORIGIN LEVEL: 1625480 DIFFERENT FILL-ORIGIN LEVEL: 0
LLC AVERAGE MISS LATENCY:    99.2473 cycles AVERAGE LOAD MISS LATENCY:    124.697 cycles Load Miss      71013
LLC Average MSHR Occupancy:    0.35879
LLC RQ	ACCESS:     582732	FORWARD:          0	MERGED:          0	TO_CACHE:     582732
LLC WQ	ACCESS:      21032	FORWARD:          0	MERGED:          0	TO_CACHE:      21032
LLC PQ	ACCESS:   15356060	FORWARD:          0	MERGED:      49300	TO_CACHE:   15306760

LLC Dense regions hint to LLC: 0

RAW hits: 68205
Loads Generated: 52551331
Loads sent to L1D: 52483126
Stores Generated: 22563518
Stores sent to L1D: 22563519
Major fault: 0 Minor fault: 10792
Allocated PAGES: 10792
 All Calls: 6810784
 Critical Calls: 6810784
------------------
Depth Distribution
------------------
depth 0: 0
depth 1: 5991068
depth 2: 5694128
depth 3: 5439431
depth 4: 5248700
depth 5: 5057278
depth 6: 4858772
depth 7: 4475008
depth 8: 3846179
depth 9: 2992602
depth 10: 2220658
depth 11: 1555926
depth 12: 868412
depth 13: 481071
depth 14: 50871
depth 15: 49133
depth 16: 1
depth 17: 0
depth 18: 0
depth 19: 0
depth 20: 0
depth 21: 0
depth 22: 0
depth 23: 0
depth 24: 0
depth 25: 0
depth 26: 0
depth 27: 0
depth 28: 0
depth 29: 0
Total: 48829238
-----------------------------
-----------------------------
	Captured at Filter
-----------------------------
depth 0: 0
depth 1: 695650
depth 2: 693273
depth 3: 690223
depth 4: 659134
depth 5: 646735
depth 6: 618950
depth 7: 598043
depth 8: 514820
depth 9: 415712
depth 10: 310992
depth 11: 218045
depth 12: 119316
depth 13: 61451
depth 14: 6562
depth 15: 6914
depth 16: 0
depth 17: 0
depth 18: 0
depth 19: 0
depth 20: 0
depth 21: 0
depth 22: 0
depth 23: 0
depth 24: 0
depth 25: 0
depth 26: 0
depth 27: 0
depth 28: 0
depth 29: 0
-----------------------------
-----------------------------
		Lost at Page
-----------------------------
depth 0: 0
depth 1: 112579
depth 2: 209493
depth 3: 303352
depth 4: 394195
depth 5: 489373
depth 6: 580854
depth 7: 654582
depth 8: 672806
depth 9: 627684
depth 10: 542033
depth 11: 427022
depth 12: 256543
depth 13: 154917
depth 14: 17842
depth 15: 19099
depth 16: 0
depth 17: 0
depth 18: 0
depth 19: 0
depth 20: 0
depth 21: 0
depth 22: 0
depth 23: 0
depth 24: 0
depth 25: 0
depth 26: 0
depth 27: 0
depth 28: 0
depth 29: 0
-----------------------------
-----------------------------
	Lost due to PQ Size
-----------------------------
2068538
-----------------------------
ST read accesses: 3204143
ST write accesses: 43068
PT read accesses: 184689247
PT write accesses: 4736896
FILTER read accesses: 35306766
FILTER write accesses: 5492393
GHR read accesses: 17968951
GHR write accesses: 3271966
GHR counter read accesses: 154102818
GHR counter write accesses: 7100205
ST tag read accesses: 1284287195
ST tag write accesses: 21408156
================ Mockingjay (LLC) Pollution Stats ================
Total pollution count in LLC: 95380
==================================================================

DRAM Statistics
 CHANNEL 0
 RQ ROW_BUFFER_HIT:    1526078  ROW_BUFFER_MISS:     204306
 DBUS_CONGESTED:         28
 WQ ROW_BUFFER_HIT:       2718  ROW_BUFFER_MISS:      18524  FULL:          0

 AVG_CONGESTED_CYCLE: 4
 All warmup complete: 2
Channel 0 Bank busy for read cycles: 0
Channel 0 Bank busy for write cycles: 0
Channel 0
Rank 0
0banks busy for read cycles: 424670772
0banks busy for write cycles: 17224
1banks busy for read cycles: 19680272
1banks busy for write cycles: 2439222
2banks busy for read cycles: 17395352
2banks busy for write cycles: 323981
3banks busy for read cycles: 8549417
3banks busy for write cycles: 56674
4banks busy for read cycles: 1766361
4banks busy for write cycles: 17025
5banks busy for read cycles: 700086
5banks busy for write cycles: 5346
6banks busy for read cycles: 464026
6banks busy for write cycles: 1824
7banks busy for read cycles: 418515
7banks busy for write cycles: 268
8banks busy for read cycles: 1318934
8banks busy for write cycles: 43

CPU 0 Branch Prediction Accuracy: 99.95% MPKI: 0.11874 Average ROB Occupancy at Mispredict: 123.359
Branch types
NOT_BRANCH: 152500704 76.2504%
BRANCH_DIRECT_JUMP: 5006287 2.50314%
BRANCH_INDIRECT: 0 0%
BRANCH_CONDITIONAL: 37487319 18.7437%
BRANCH_DIRECT_CALL: 2502814 1.25141%
BRANCH_INDIRECT_CALL: 30 1.5e-05%
BRANCH_RETURN: 2502845 1.25142%
BRANCH_OTHER: 0 0%

===================== LRU L1D STATS =====================
Total pollution count in L1D: 0
=========================================================
================ SRRIP (L2C) Pollution Stats ================
Total pollution count in L2c: 1378399
==================================================================
DRAM PAGES: 1048576
Allocated PAGES: 10792
