Initialize SIGNATURE TABLE
ST_SET: 1
ST_WAY: 256
ST_TAG_BIT: 16
ST_TAG_MASK: ffff

Initialize PATTERN TABLE
PT_SET: 512
PT_WAY: 4
SIG_DELTA_BIT: 7
C_SIG_BIT: 4
C_DELTA_BIT: 4

Initialize PREFETCH FILTER
FILTER_SET: 1024

*** ChampSim Multicore Out-of-Order Simulator ***

Warmup Instructions: 200000000
Simulation Instructions: 200000000
Number of CPUs: 1
LLC sets: 4096
LLC ways: 12
Off-chip DRAM Size: 4096 MB Channels: 1 Width: 64-bit Data Rate: 6400 MT/s
CPU 0 runs ./tracer/traces/619.lbm_s-2677B.champsimtrace.xz
.xz
BTB has LRU replacement policy
ITLB has LRU replacement policy
DTLB has LRU replacement policy
STLB has LRU replacement policy
L1I has LRU replacement policy
L1D has LRU replacement policy
ST_WAYS: 256
PT_SETS: 512
Initialize SRRIP state for L2C
Initialize Mockingjay state for LLC
Heartbeat CPU 0 instructions: 10000000 cycles: 2030299 heartbeat IPC: 4.92538 cumulative IPC: 4.92538 (Simulation time: 0 hr 0 min 27 sec) 
Heartbeat CPU 0 instructions: 20000004 cycles: 4040111 heartbeat IPC: 4.97559 cumulative IPC: 4.95036 (Simulation time: 0 hr 0 min 55 sec) 
Heartbeat CPU 0 instructions: 30000007 cycles: 6070185 heartbeat IPC: 4.92593 cumulative IPC: 4.94219 (Simulation time: 0 hr 1 min 25 sec) 
Heartbeat CPU 0 instructions: 40000003 cycles: 8088607 heartbeat IPC: 4.95436 cumulative IPC: 4.94523 (Simulation time: 0 hr 1 min 52 sec) 
Heartbeat CPU 0 instructions: 50000007 cycles: 10123619 heartbeat IPC: 4.91398 cumulative IPC: 4.93895 (Simulation time: 0 hr 2 min 19 sec) 
Heartbeat CPU 0 instructions: 60000005 cycles: 12155280 heartbeat IPC: 4.92208 cumulative IPC: 4.93613 (Simulation time: 0 hr 2 min 45 sec) 
Heartbeat CPU 0 instructions: 70000004 cycles: 14175283 heartbeat IPC: 4.95049 cumulative IPC: 4.93817 (Simulation time: 0 hr 3 min 13 sec) 
Heartbeat CPU 0 instructions: 80000000 cycles: 16201570 heartbeat IPC: 4.93513 cumulative IPC: 4.93779 (Simulation time: 0 hr 3 min 39 sec) 
Heartbeat CPU 0 instructions: 90000000 cycles: 18243940 heartbeat IPC: 4.89627 cumulative IPC: 4.93315 (Simulation time: 0 hr 4 min 6 sec) 
Heartbeat CPU 0 instructions: 100000000 cycles: 20282112 heartbeat IPC: 4.90636 cumulative IPC: 4.93045 (Simulation time: 0 hr 4 min 33 sec) 
Heartbeat CPU 0 instructions: 110000002 cycles: 22329860 heartbeat IPC: 4.88341 cumulative IPC: 4.92614 (Simulation time: 0 hr 5 min 1 sec) 
Heartbeat CPU 0 instructions: 120000005 cycles: 24362518 heartbeat IPC: 4.91967 cumulative IPC: 4.9256 (Simulation time: 0 hr 5 min 27 sec) 
Heartbeat CPU 0 instructions: 130000006 cycles: 26393718 heartbeat IPC: 4.9232 cumulative IPC: 4.92541 (Simulation time: 0 hr 5 min 53 sec) 
Heartbeat CPU 0 instructions: 140000007 cycles: 28433170 heartbeat IPC: 4.90328 cumulative IPC: 4.92383 (Simulation time: 0 hr 6 min 20 sec) 
Heartbeat CPU 0 instructions: 150000003 cycles: 30479919 heartbeat IPC: 4.8858 cumulative IPC: 4.92127 (Simulation time: 0 hr 6 min 46 sec) 
Heartbeat CPU 0 instructions: 160000005 cycles: 32510389 heartbeat IPC: 4.92497 cumulative IPC: 4.9215 (Simulation time: 0 hr 7 min 13 sec) 
Heartbeat CPU 0 instructions: 170000004 cycles: 34535250 heartbeat IPC: 4.93861 cumulative IPC: 4.92251 (Simulation time: 0 hr 7 min 39 sec) 
Heartbeat CPU 0 instructions: 180000000 cycles: 36537946 heartbeat IPC: 4.99327 cumulative IPC: 4.92639 (Simulation time: 0 hr 8 min 5 sec) 
Heartbeat CPU 0 instructions: 190000000 cycles: 38569905 heartbeat IPC: 4.92136 cumulative IPC: 4.92612 (Simulation time: 0 hr 8 min 31 sec) 
Heartbeat CPU 0 instructions: 200000004 cycles: 40593381 heartbeat IPC: 4.94199 cumulative IPC: 4.92691 (Simulation time: 0 hr 8 min 57 sec) 

Warmup complete CPU 0 instructions: 200000004 cycles: 40593381 (Simulation time: 0 hr 8 min 57 sec) 

Heartbeat CPU 0 instructions: 210000003 cycles: 61133386 heartbeat IPC: 0.486855 cumulative IPC: 0.486855 (Simulation time: 0 hr 10 min 3 sec) 
Heartbeat CPU 0 instructions: 220000001 cycles: 82014441 heartbeat IPC: 0.478903 cumulative IPC: 0.482846 (Simulation time: 0 hr 11 min 10 sec) 
Heartbeat CPU 0 instructions: 230000002 cycles: 103089200 heartbeat IPC: 0.474501 cumulative IPC: 0.480032 (Simulation time: 0 hr 12 min 22 sec) 
Heartbeat CPU 0 instructions: 240000002 cycles: 125055765 heartbeat IPC: 0.455237 cumulative IPC: 0.473584 (Simulation time: 0 hr 13 min 40 sec) 
Heartbeat CPU 0 instructions: 250000003 cycles: 146605235 heartbeat IPC: 0.464049 cumulative IPC: 0.471645 (Simulation time: 0 hr 14 min 58 sec) 
Heartbeat CPU 0 instructions: 260000007 cycles: 167923990 heartbeat IPC: 0.469071 cumulative IPC: 0.471214 (Simulation time: 0 hr 16 min 13 sec) 
Heartbeat CPU 0 instructions: 270000000 cycles: 188926074 heartbeat IPC: 0.476143 cumulative IPC: 0.471912 (Simulation time: 0 hr 17 min 29 sec) 
Heartbeat CPU 0 instructions: 280000001 cycles: 209540180 heartbeat IPC: 0.485105 cumulative IPC: 0.473522 (Simulation time: 0 hr 18 min 43 sec) 
Heartbeat CPU 0 instructions: 290000000 cycles: 229852629 heartbeat IPC: 0.492309 cumulative IPC: 0.475538 (Simulation time: 0 hr 20 min 2 sec) 
Heartbeat CPU 0 instructions: 300000000 cycles: 250059795 heartbeat IPC: 0.494874 cumulative IPC: 0.477403 (Simulation time: 0 hr 21 min 20 sec) 
Heartbeat CPU 0 instructions: 310000003 cycles: 270258095 heartbeat IPC: 0.495091 cumulative IPC: 0.478959 (Simulation time: 0 hr 22 min 38 sec) 
Heartbeat CPU 0 instructions: 320000003 cycles: 290166262 heartbeat IPC: 0.502306 cumulative IPC: 0.480821 (Simulation time: 0 hr 23 min 49 sec) 
Heartbeat CPU 0 instructions: 330000001 cycles: 309829619 heartbeat IPC: 0.50856 cumulative IPC: 0.482847 (Simulation time: 0 hr 24 min 58 sec) 
Heartbeat CPU 0 instructions: 340000004 cycles: 329648399 heartbeat IPC: 0.504572 cumulative IPC: 0.484337 (Simulation time: 0 hr 26 min 6 sec) 
Heartbeat CPU 0 instructions: 350000005 cycles: 350018474 heartbeat IPC: 0.490916 cumulative IPC: 0.48477 (Simulation time: 0 hr 28 min 4 sec) 
Heartbeat CPU 0 instructions: 360000000 cycles: 370553848 heartbeat IPC: 0.486964 cumulative IPC: 0.484907 (Simulation time: 0 hr 29 min 56 sec) 
Heartbeat CPU 0 instructions: 370000006 cycles: 391372522 heartbeat IPC: 0.480338 cumulative IPC: 0.484635 (Simulation time: 0 hr 31 min 27 sec) 
Heartbeat CPU 0 instructions: 380000004 cycles: 412044946 heartbeat IPC: 0.483736 cumulative IPC: 0.484585 (Simulation time: 0 hr 33 min 9 sec) 
Heartbeat CPU 0 instructions: 390000000 cycles: 432343508 heartbeat IPC: 0.492646 cumulative IPC: 0.485003 (Simulation time: 0 hr 35 min 3 sec) 
Heartbeat CPU 0 instructions: 400000007 cycles: 453190077 heartbeat IPC: 0.479696 cumulative IPC: 0.484735 (Simulation time: 0 hr 37 min 4 sec) 
Finished CPU 0 instructions: 200000003 cycles: 412596696 cumulative IPC: 0.484735 (Simulation time: 0 hr 37 min 4 sec) 

ChampSim completed all CPUs

Region of Interest Statistics

CPU 0 cumulative IPC: 0.484735 instructions: 200000003 cycles: 412596696
ITLB TOTAL     ACCESS:   21860257  HIT:   21860257  MISS:          0  HIT %:        100  MISS %:          0   MPKI: 0
ITLB LOAD TRANSLATION ACCESS:   21860257  HIT:   21860257  MISS:          0  HIT %:        100  MISS %:          0   MPKI: 0
ITLB PREFETCH  REQUESTED:          0  ISSUED:          0  USEFUL:          0  USELESS:          0
ITLB USEFUL LOAD PREFETCHES:          0 PREFETCH ISSUED TO LOWER LEVEL:          0  ACCURACY: -nan
ITLB TIMELY PREFETCHES:          0 LATE PREFETCHES: 0 DROPPED PREFETCHES: 0
ITLB PREFETCHES SAME FILL-ORIGIN LEVEL: 0 DIFFERENT FILL-ORIGIN LEVEL: 0
ITLB AVERAGE MISS LATENCY:       -nan cycles AVERAGE LOAD MISS LATENCY:       -nan cycles Load Miss          0
ITLB Average MSHR Occupancy: 1.69657e-08
ITLB RQ	ACCESS:   24806839	FORWARD:          0	MERGED:    2946583	TO_CACHE:   21860256

DTLB TOTAL     ACCESS:   28907179  HIT:   28632077  MISS:     275102  HIT %:    99.0483  MISS %:   0.951674   MPKI: 1.37551
DTLB LOAD TRANSLATION ACCESS:   28907179  HIT:   28632077  MISS:     275102  HIT %:    99.0483  MISS %:   0.951674   MPKI: 1.37551
DTLB PREFETCH  REQUESTED:          0  ISSUED:          0  USEFUL:          0  USELESS:          0
DTLB USEFUL LOAD PREFETCHES:          0 PREFETCH ISSUED TO LOWER LEVEL:          0  ACCURACY: -nan
DTLB TIMELY PREFETCHES:          0 LATE PREFETCHES: 0 DROPPED PREFETCHES: 0
DTLB PREFETCHES SAME FILL-ORIGIN LEVEL: 0 DIFFERENT FILL-ORIGIN LEVEL: 0
DTLB AVERAGE MISS LATENCY:    126.521 cycles AVERAGE LOAD MISS LATENCY:       -nan cycles Load Miss          0
DTLB Average MSHR Occupancy:  0.0673643
DTLB RQ	ACCESS:   47987503	FORWARD:          0	MERGED:   18952756	TO_CACHE:   29034747

STLB TOTAL     ACCESS:     275102  HIT:     125826  MISS:     149276  HIT %:    45.7379  MISS %:    54.2621   MPKI: 0.74638
STLB LOAD TRANSLATION ACCESS:     275102  HIT:     125826  MISS:     149276  HIT %:    45.7379  MISS %:    54.2621   MPKI: 0.74638
STLB PREFETCH  REQUESTED:          0  ISSUED:          0  USEFUL:          0  USELESS:          0
STLB USEFUL LOAD PREFETCHES:          0 PREFETCH ISSUED TO LOWER LEVEL:          0  ACCURACY: -nan
STLB TIMELY PREFETCHES:          0 LATE PREFETCHES: 0 DROPPED PREFETCHES: 0
STLB PREFETCHES SAME FILL-ORIGIN LEVEL: 0 DIFFERENT FILL-ORIGIN LEVEL: 0
STLB AVERAGE MISS LATENCY:    216.227 cycles AVERAGE LOAD MISS LATENCY:       -nan cycles Load Miss          0
STLB Average MSHR Occupancy:  0.0612539
STLB RQ	ACCESS:     275100	FORWARD:          0	MERGED:          0	TO_CACHE:     275100

STLB Hit, L1D data hit: 0
STLB Hit, L2C data hit: 0
STLB Hit, LLC data hit: 0
STLB Hit, LLC data miss: 0
STLB STLB hints to L2: 0
L1D TOTAL     ACCESS:   47508529  HIT:   31749222  MISS:   15759307  HIT %:    66.8285  MISS %:    33.1715   MPKI: 78.7965
L1D LOAD      ACCESS:   12269395  HIT:    9881431  MISS:    2387964  HIT %:    80.5372  MISS %:    19.4628   MPKI: 11.9398
L1D RFO       ACCESS:   35239134  HIT:   21867791  MISS:   13371343  HIT %:    62.0554  MISS %:    37.9446   MPKI: 66.8567
L1D PREFETCH  REQUESTED:          0  ISSUED:          0  USEFUL:          0  USELESS:          0
L1D USEFUL LOAD PREFETCHES:          0 PREFETCH ISSUED TO LOWER LEVEL:          0  ACCURACY: -nan
L1D TIMELY PREFETCHES:          0 LATE PREFETCHES: 0 DROPPED PREFETCHES: 0
L1D PREFETCHES SAME FILL-ORIGIN LEVEL: 0 DIFFERENT FILL-ORIGIN LEVEL: 0
L1D AVERAGE MISS LATENCY:    376.411 cycles AVERAGE LOAD MISS LATENCY:    167.531 cycles Load Miss    2387964
L1D Average MSHR Occupancy:    14.6227
L1D RQ	ACCESS:   46067092	FORWARD:          0	MERGED:   28076527	TO_CACHE:   12499961
L1D WQ	ACCESS:   36900397	FORWARD:    5490604	MERGED:    1412855	TO_CACHE:   35487542

L1D UNIQUE REGIONS ACCESSED: 0
L1D REGIONS CONFLICTS: 0
L1D Cross Page Prefetch Requests: 0
L1D Same Page Prefetch Requests: 0
L1D ROI Sum of L1D PQ occupancy: 0
L1D PREFETCHES PUSHED FROM L2C: 0
L1I TOTAL     ACCESS:   22434171  HIT:          0  MISS:   22434171  HIT %:          0  MISS %:        100   MPKI: 112.171
L1I LOAD      ACCESS:   22434171  HIT:          0  MISS:   22434171  HIT %:          0  MISS %:        100   MPKI: 112.171
L1I PREFETCH  REQUESTED:          0  ISSUED:          0  USEFUL:          0  USELESS:          0
L1I USEFUL LOAD PREFETCHES:          0 PREFETCH ISSUED TO LOWER LEVEL:          0  ACCURACY: -nan
L1I TIMELY PREFETCHES:          0 LATE PREFETCHES: 0 DROPPED PREFETCHES: 0
L1I PREFETCHES SAME FILL-ORIGIN LEVEL: 0 DIFFERENT FILL-ORIGIN LEVEL: 0
L1I AVERAGE MISS LATENCY:    14.7779 cycles AVERAGE LOAD MISS LATENCY:    14.7779 cycles Load Miss   22434171
L1I Average MSHR Occupancy:   0.946211
L1I RQ	ACCESS:   50922372	FORWARD:          0	MERGED:   26115533	TO_CACHE:   24806839

BTB TOTAL     ACCESS:    3600616  HIT:    3600610  MISS:          6  HIT %:    99.9998  MISS %: 0.000166638   MPKI: 3e-05
BTB BRANCH_DIRECT_JUMP	ACCESS:     587315  HIT:     587314  MISS:          1
BTB BRANCH_INDIRECT	ACCESS:          0  HIT:          0  MISS:          0
BTB BRANCH_CONDITIONAL	ACCESS:    3013301  HIT:    3013296  MISS:          5
BTB BRANCH_DIRECT_CALL	ACCESS:          0  HIT:          0  MISS:          0
BTB BRANCH_INDIRECT_CALL	ACCESS:          0  HIT:          0  MISS:          0
BTB BRANCH_RETURN	ACCESS:          0  HIT:          0  MISS:          0
BTB BRANCH_OTHER ACCESS:          0  HIT:          0  MISS:          0

L2C TOTAL     ACCESS:   52126361  HIT:   42543905  MISS:    9582456  HIT %:    81.6169  MISS %:    18.3831   MPKI: 47.9123
L2C LOAD      ACCESS:   24822135  HIT:   22834902  MISS:    1987233  HIT %:    91.9941  MISS %:    8.00589   MPKI: 9.93616
L2C DATA LOAD MPKI: 9.93616
L2C INSTRUCTION LOAD MPKI: 0
L2C RFO       ACCESS:   13371340  HIT:    6208469  MISS:    7162871  HIT %:    46.4312  MISS %:    53.5688   MPKI: 35.8144
L2C PREFETCH  ACCESS:     412258  HIT:      11647  MISS:     400611  HIT %:    2.82517  MISS %:    97.1748   MPKI: 2.00305
AGUS PREFETCH L1 MISS: 0
L2C DATA PREFETCH MPKI: 2.00305
L2C INSTRUCTION PREFETCH MPKI: 0
L2C WRITEBACK ACCESS:   13371342  HIT:   13358467  MISS:      12875  HIT %:    99.9037  MISS %:   0.096288   MPKI: 0.064375
L2C LOAD TRANSLATION ACCESS:     149286  HIT:     130420  MISS:      18866  HIT %:    87.3625  MISS %:    12.6375   MPKI: 0.09433
L2C PREFETCH  REQUESTED:   14338030  ISSUED:   14337954  USEFUL:     400605  USELESS:          6
L2C USEFUL LOAD PREFETCHES:     400605 PREFETCH ISSUED TO LOWER LEVEL:    7359344  ACCURACY: 5.44349
L2C TIMELY PREFETCHES:     400605 LATE PREFETCHES: 273041 DROPPED PREFETCHES: 0
L2C PREFETCHES SAME FILL-ORIGIN LEVEL: 673653 DIFFERENT FILL-ORIGIN LEVEL: 6685691
L2C AVERAGE MISS LATENCY:     598.37 cycles AVERAGE LOAD MISS LATENCY:    183.532 cycles Load Miss    1987233
L2C Average MSHR Occupancy:    13.6946
L2C RQ	ACCESS:   38342761	FORWARD:          0	MERGED:          0	TO_CACHE:   38342758
L2C WQ	ACCESS:   13371343	FORWARD:          3	MERGED:          0	TO_CACHE:   13371343
L2C PQ	ACCESS:   14337954	FORWARD:          0	MERGED:    6030403	TO_CACHE:    8307551

L2C Instructions Evicting Data 0
L2C Translations Evicting Data 18841
L2C Data Evicting Data 9531892
L2C Instructions Evicting Instructions 0
L2C Translations Evicting Instructions 0
L2C Data Evicting Instructions 0
L2C Instructions Evicting Translations 0
L2C Translations Evicting Translations 25
L2C Data Evicting Translations 18823
L2C Dense regions hint from L2: 0
PSCL5 TOTAL     ACCESS:     149275  HIT:     149275  MISS:          0  HIT %:        100  MISS %:          0   MPKI: 0
PSCL5 LOAD TRANSLATION ACCESS:     149275  HIT:     149275  MISS:          0  HIT %:        100  MISS %:          0   MPKI: 0
PSCL5 PREFETCH  REQUESTED:          0  ISSUED:          0  USEFUL:          0  USELESS:          0
PSCL5 USEFUL LOAD PREFETCHES:          0 PREFETCH ISSUED TO LOWER LEVEL:          0  ACCURACY: -nan
PSCL5 TIMELY PREFETCHES:          0 LATE PREFETCHES: 0 DROPPED PREFETCHES: 0
PSCL5 PREFETCHES SAME FILL-ORIGIN LEVEL: 0 DIFFERENT FILL-ORIGIN LEVEL: 0

PSCL4 TOTAL     ACCESS:     149275  HIT:     149275  MISS:          0  HIT %:        100  MISS %:          0   MPKI: 0
PSCL4 LOAD TRANSLATION ACCESS:     149275  HIT:     149275  MISS:          0  HIT %:        100  MISS %:          0   MPKI: 0
PSCL4 PREFETCH  REQUESTED:          0  ISSUED:          0  USEFUL:          0  USELESS:          0
PSCL4 USEFUL LOAD PREFETCHES:          0 PREFETCH ISSUED TO LOWER LEVEL:          0  ACCURACY: -nan
PSCL4 TIMELY PREFETCHES:          0 LATE PREFETCHES: 0 DROPPED PREFETCHES: 0
PSCL4 PREFETCHES SAME FILL-ORIGIN LEVEL: 0 DIFFERENT FILL-ORIGIN LEVEL: 0

PSCL3 TOTAL     ACCESS:     149275  HIT:     149274  MISS:          1  HIT %:    99.9993  MISS %: 0.000669905   MPKI: 5e-06
PSCL3 LOAD TRANSLATION ACCESS:     149275  HIT:     149274  MISS:          1  HIT %:    99.9993  MISS %: 0.000669905   MPKI: 5e-06
PSCL3 PREFETCH  REQUESTED:          0  ISSUED:          0  USEFUL:          0  USELESS:          0
PSCL3 USEFUL LOAD PREFETCHES:          0 PREFETCH ISSUED TO LOWER LEVEL:          0  ACCURACY: -nan
PSCL3 TIMELY PREFETCHES:          0 LATE PREFETCHES: 0 DROPPED PREFETCHES: 0
PSCL3 PREFETCHES SAME FILL-ORIGIN LEVEL: 0 DIFFERENT FILL-ORIGIN LEVEL: 0

PSCL2 TOTAL     ACCESS:     149275  HIT:     149120  MISS:        155  HIT %:    99.8962  MISS %:   0.103835   MPKI: 0.000775
PSCL2 LOAD TRANSLATION ACCESS:     149275  HIT:     149120  MISS:        155  HIT %:    99.8962  MISS %:   0.103835   MPKI: 0.000775
PSCL2 PREFETCH  REQUESTED:          0  ISSUED:          0  USEFUL:          0  USELESS:          0
PSCL2 USEFUL LOAD PREFETCHES:          0 PREFETCH ISSUED TO LOWER LEVEL:          0  ACCURACY: -nan
PSCL2 TIMELY PREFETCHES:          0 LATE PREFETCHES: 0 DROPPED PREFETCHES: 0
PSCL2 PREFETCHES SAME FILL-ORIGIN LEVEL: 0 DIFFERENT FILL-ORIGIN LEVEL: 0

LLC TOTAL     ACCESS:   20162889  HIT:    3431349  MISS:   16731540  HIT %:    17.0181  MISS %:    82.9819   MPKI: 83.6577
LLC LOAD      ACCESS:    1714192  HIT:    1218481  MISS:     495711  HIT %:    71.0819  MISS %:    28.9181   MPKI: 2.47855
LLC RFO       ACCESS:    7162871  HIT:        638  MISS:    7162233  HIT %: 0.00890704  MISS %:    99.9911   MPKI: 35.8112
LLC PREFETCH  ACCESS:    4103670  HIT:    2211645  MISS:    1892025  HIT %:    53.8943  MISS %:    46.1057   MPKI: 9.46012
AGUS PREFETCH L1 MISS: 0
LLC WRITEBACK ACCESS:    7163290  HIT:        584  MISS:    7162706  HIT %: 0.00815268  MISS %:    99.9918   MPKI: 35.8135
LLC LOAD TRANSLATION ACCESS:      18866  HIT:          1  MISS:      18865  HIT %: 0.00530054  MISS %:    99.9947   MPKI: 0.094325
LLC PREFETCH  REQUESTED:          0  ISSUED:          0  USEFUL:    1218278  USELESS:     656382
LLC USEFUL LOAD PREFETCHES:    1218278 PREFETCH ISSUED TO LOWER LEVEL:    2279315  ACCURACY: 53.4493
LLC TIMELY PREFETCHES:    1218278 LATE PREFETCHES: 387287 DROPPED PREFETCHES: 0
LLC PREFETCHES SAME FILL-ORIGIN LEVEL: 2244843 DIFFERENT FILL-ORIGIN LEVEL: 0
LLC AVERAGE MISS LATENCY:    376.144 cycles AVERAGE LOAD MISS LATENCY:    470.778 cycles Load Miss     495711
LLC Average MSHR Occupancy:    15.6073
LLC RQ	ACCESS:    8895942	FORWARD:          0	MERGED:          0	TO_CACHE:    8895942
LLC WQ	ACCESS:    7163292	FORWARD:          0	MERGED:          0	TO_CACHE:    7163292
LLC PQ	ACCESS:    7359344	FORWARD:          0	MERGED:     803264	TO_CACHE:    6556080

LLC Dense regions hint to LLC: 0

RAW hits: 6130004
Loads Generated: 52197109
Loads sent to L1D: 46067092
Stores Generated: 36900389
Stores sent to L1D: 36900397
Major fault: 0 Minor fault: 152248
Allocated PAGES: 152248
 All Calls: 4761910
 Critical Calls: 4761910
------------------
Depth Distribution
------------------
depth 0: 0
depth 1: 3470022
depth 2: 3026536
depth 3: 2556301
depth 4: 2353075
depth 5: 2088165
depth 6: 1273841
depth 7: 552001
depth 8: 179051
depth 9: 41943
depth 10: 6427
depth 11: 1858
depth 12: 338
depth 13: 31
depth 14: 0
depth 15: 0
depth 16: 0
depth 17: 0
depth 18: 0
depth 19: 0
depth 20: 0
depth 21: 0
depth 22: 0
depth 23: 0
depth 24: 0
depth 25: 0
depth 26: 0
depth 27: 0
depth 28: 0
depth 29: 0
Total: 15549589
-----------------------------
-----------------------------
	Captured at Filter
-----------------------------
depth 0: 0
depth 1: 18263
depth 2: 10584
depth 3: 6203
depth 4: 4743
depth 5: 3851
depth 6: 2321
depth 7: 995
depth 8: 317
depth 9: 70
depth 10: 14
depth 11: 7
depth 12: 3
depth 13: 0
depth 14: 0
depth 15: 0
depth 16: 0
depth 17: 0
depth 18: 0
depth 19: 0
depth 20: 0
depth 21: 0
depth 22: 0
depth 23: 0
depth 24: 0
depth 25: 0
depth 26: 0
depth 27: 0
depth 28: 0
depth 29: 0
-----------------------------
-----------------------------
		Lost at Page
-----------------------------
depth 0: 0
depth 1: 166287
depth 2: 115561
depth 3: 130430
depth 4: 151364
depth 5: 175297
depth 6: 128837
depth 7: 72927
depth 8: 30700
depth 9: 8141
depth 10: 1650
depth 11: 586
depth 12: 143
depth 13: 29
depth 14: 2
depth 15: 0
depth 16: 0
depth 17: 0
depth 18: 0
depth 19: 0
depth 20: 0
depth 21: 0
depth 22: 0
depth 23: 0
depth 24: 0
depth 25: 0
depth 26: 0
depth 27: 0
depth 28: 0
depth 29: 0
-----------------------------
-----------------------------
	Lost due to PQ Size
-----------------------------
2197001
-----------------------------
ST read accesses: 2350803
ST write accesses: 37164
PT read accesses: 81881978
PT write accesses: 3525020
FILTER read accesses: 26350572
FILTER write accesses: 12029838
GHR read accesses: 4544506
GHR write accesses: 867779
GHR counter read accesses: 69823958
GHR counter write accesses: 4829157
ST tag read accesses: 937075509
ST tag write accesses: 11919921
================ Mockingjay (LLC) Pollution Stats ================
Total pollution count in LLC: 2
==================================================================

DRAM Statistics
 CHANNEL 0
 RQ ROW_BUFFER_HIT:     922752  ROW_BUFFER_MISS:    8646082
 DBUS_CONGESTED:          0
 WQ ROW_BUFFER_HIT:    1389181  ROW_BUFFER_MISS:    5783560  FULL:      56175

 AVG_CONGESTED_CYCLE: -
 All warmup complete: 2
Channel 0 Bank busy for read cycles: 0
Channel 0 Bank busy for write cycles: 0
Channel 0
Rank 0
0banks busy for read cycles: 26497
0banks busy for write cycles: 0
1banks busy for read cycles: 3061477
1banks busy for write cycles: 634909
2banks busy for read cycles: 3710139
2banks busy for write cycles: 634907
3banks busy for read cycles: 5525440
3banks busy for write cycles: 634907
4banks busy for read cycles: 11489870
4banks busy for write cycles: 634906
5banks busy for read cycles: 30948792
5banks busy for write cycles: 634943
6banks busy for read cycles: 50463146
6banks busy for write cycles: 659796
7banks busy for read cycles: 64145445
7banks busy for write cycles: 8475254
8banks busy for read cycles: 80292990
8banks busy for write cycles: 150623279

CPU 0 Branch Prediction Accuracy: 97.0587% MPKI: 0.529525 Average ROB Occupancy at Mispredict: 429.661
Branch types
NOT_BRANCH: 196399142 98.1996%
BRANCH_DIRECT_JUMP: 587315 0.293657%
BRANCH_INDIRECT: 0 0%
BRANCH_CONDITIONAL: 3013302 1.50665%
BRANCH_DIRECT_CALL: 0 0%
BRANCH_INDIRECT_CALL: 0 0%
BRANCH_RETURN: 0 0%
BRANCH_OTHER: 0 0%

===================== LRU L1D STATS =====================
Total pollution count in L1D: 0
=========================================================
================ SRRIP (L2C) Pollution Stats ================
Total pollution count in L2c: 419
==================================================================
DRAM PAGES: 1048576
Allocated PAGES: 152248
