Initialize SIGNATURE TABLE
ST_SET: 1
ST_WAY: 256
ST_TAG_BIT: 16
ST_TAG_MASK: ffff

Initialize PATTERN TABLE
PT_SET: 512
PT_WAY: 4
SIG_DELTA_BIT: 7
C_SIG_BIT: 4
C_DELTA_BIT: 4

Initialize PREFETCH FILTER
FILTER_SET: 1024

*** ChampSim Multicore Out-of-Order Simulator ***

Warmup Instructions: 200000000
Simulation Instructions: 200000000
Number of CPUs: 1
LLC sets: 4096
LLC ways: 12
Off-chip DRAM Size: 4096 MB Channels: 1 Width: 64-bit Data Rate: 6400 MT/s
CPU 0 runs ./tracer/traces/620.omnetpp_s-141B.champsimtrace.xz
.xz
BTB has LRU replacement policy
ITLB has LRU replacement policy
DTLB has LRU replacement policy
STLB has LRU replacement policy
L1I has LRU replacement policy
L1D has LRU replacement policy
ST_WAYS: 256
PT_SETS: 512
Initialize SRRIP state for L2C
Initialize Mockingjay state for LLC
Heartbeat CPU 0 instructions: 10000001 cycles: 3790003 heartbeat IPC: 2.63852 cumulative IPC: 2.63852 (Simulation time: 0 hr 0 min 35 sec) 
Heartbeat CPU 0 instructions: 20000007 cycles: 7591657 heartbeat IPC: 2.63044 cumulative IPC: 2.63447 (Simulation time: 0 hr 1 min 15 sec) 
Heartbeat CPU 0 instructions: 30000000 cycles: 11394312 heartbeat IPC: 2.62974 cumulative IPC: 2.63289 (Simulation time: 0 hr 1 min 54 sec) 
Heartbeat CPU 0 instructions: 40000002 cycles: 15184811 heartbeat IPC: 2.63818 cumulative IPC: 2.63421 (Simulation time: 0 hr 2 min 34 sec) 
Heartbeat CPU 0 instructions: 50000002 cycles: 18989344 heartbeat IPC: 2.62844 cumulative IPC: 2.63306 (Simulation time: 0 hr 3 min 10 sec) 
Heartbeat CPU 0 instructions: 60000000 cycles: 22778296 heartbeat IPC: 2.63925 cumulative IPC: 2.63409 (Simulation time: 0 hr 3 min 47 sec) 
Heartbeat CPU 0 instructions: 70000000 cycles: 26583928 heartbeat IPC: 2.62768 cumulative IPC: 2.63317 (Simulation time: 0 hr 4 min 30 sec) 
Heartbeat CPU 0 instructions: 80000003 cycles: 30371474 heartbeat IPC: 2.64023 cumulative IPC: 2.63405 (Simulation time: 0 hr 5 min 11 sec) 
Heartbeat CPU 0 instructions: 90000000 cycles: 34176166 heartbeat IPC: 2.62833 cumulative IPC: 2.63341 (Simulation time: 0 hr 5 min 53 sec) 
Heartbeat CPU 0 instructions: 100000001 cycles: 37964258 heartbeat IPC: 2.63985 cumulative IPC: 2.63406 (Simulation time: 0 hr 6 min 33 sec) 
Heartbeat CPU 0 instructions: 110000003 cycles: 41761656 heartbeat IPC: 2.63338 cumulative IPC: 2.634 (Simulation time: 0 hr 7 min 11 sec) 
Heartbeat CPU 0 instructions: 120000004 cycles: 45553164 heartbeat IPC: 2.63747 cumulative IPC: 2.63428 (Simulation time: 0 hr 7 min 46 sec) 
Heartbeat CPU 0 instructions: 130000000 cycles: 49345943 heartbeat IPC: 2.63659 cumulative IPC: 2.63446 (Simulation time: 0 hr 8 min 21 sec) 
Heartbeat CPU 0 instructions: 140000000 cycles: 53143576 heartbeat IPC: 2.63322 cumulative IPC: 2.63437 (Simulation time: 0 hr 8 min 59 sec) 
Heartbeat CPU 0 instructions: 150000006 cycles: 56948584 heartbeat IPC: 2.62812 cumulative IPC: 2.63396 (Simulation time: 0 hr 9 min 49 sec) 
Heartbeat CPU 0 instructions: 160000005 cycles: 60748309 heartbeat IPC: 2.63177 cumulative IPC: 2.63382 (Simulation time: 0 hr 10 min 39 sec) 
Heartbeat CPU 0 instructions: 170000003 cycles: 64530267 heartbeat IPC: 2.64413 cumulative IPC: 2.63442 (Simulation time: 0 hr 11 min 33 sec) 
Heartbeat CPU 0 instructions: 180000000 cycles: 68335479 heartbeat IPC: 2.62797 cumulative IPC: 2.63406 (Simulation time: 0 hr 12 min 39 sec) 
Heartbeat CPU 0 instructions: 190000000 cycles: 72129610 heartbeat IPC: 2.63565 cumulative IPC: 2.63415 (Simulation time: 0 hr 13 min 52 sec) 
Heartbeat CPU 0 instructions: 200000002 cycles: 75936713 heartbeat IPC: 2.62667 cumulative IPC: 2.63377 (Simulation time: 0 hr 15 min 3 sec) 

Warmup complete CPU 0 instructions: 200000002 cycles: 75936713 (Simulation time: 0 hr 15 min 3 sec) 

Heartbeat CPU 0 instructions: 210000004 cycles: 119961011 heartbeat IPC: 0.227147 cumulative IPC: 0.227147 (Simulation time: 0 hr 16 min 15 sec) 
Heartbeat CPU 0 instructions: 220000004 cycles: 164149962 heartbeat IPC: 0.226301 cumulative IPC: 0.226723 (Simulation time: 0 hr 17 min 25 sec) 
Heartbeat CPU 0 instructions: 230000002 cycles: 208087302 heartbeat IPC: 0.227597 cumulative IPC: 0.227014 (Simulation time: 0 hr 18 min 33 sec) 
Heartbeat CPU 0 instructions: 240000003 cycles: 251883863 heartbeat IPC: 0.228328 cumulative IPC: 0.227341 (Simulation time: 0 hr 19 min 41 sec) 
Heartbeat CPU 0 instructions: 250000002 cycles: 295314944 heartbeat IPC: 0.23025 cumulative IPC: 0.227917 (Simulation time: 0 hr 20 min 46 sec) 
Heartbeat CPU 0 instructions: 260000002 cycles: 338731651 heartbeat IPC: 0.230326 cumulative IPC: 0.228315 (Simulation time: 0 hr 21 min 50 sec) 
Heartbeat CPU 0 instructions: 270000000 cycles: 382589487 heartbeat IPC: 0.228009 cumulative IPC: 0.228271 (Simulation time: 0 hr 22 min 55 sec) 
Heartbeat CPU 0 instructions: 280000000 cycles: 426931162 heartbeat IPC: 0.225521 cumulative IPC: 0.227924 (Simulation time: 0 hr 23 min 59 sec) 
Heartbeat CPU 0 instructions: 290000006 cycles: 470766306 heartbeat IPC: 0.228128 cumulative IPC: 0.227946 (Simulation time: 0 hr 25 min 1 sec) 
Heartbeat CPU 0 instructions: 300000002 cycles: 514138361 heartbeat IPC: 0.230563 cumulative IPC: 0.228205 (Simulation time: 0 hr 25 min 59 sec) 
Heartbeat CPU 0 instructions: 310000000 cycles: 558036091 heartbeat IPC: 0.227802 cumulative IPC: 0.228169 (Simulation time: 0 hr 28 min 16 sec) 
Heartbeat CPU 0 instructions: 320000001 cycles: 601896966 heartbeat IPC: 0.227994 cumulative IPC: 0.228154 (Simulation time: 0 hr 30 min 12 sec) 
Heartbeat CPU 0 instructions: 330000000 cycles: 645627151 heartbeat IPC: 0.228675 cumulative IPC: 0.228194 (Simulation time: 0 hr 31 min 54 sec) 
Heartbeat CPU 0 instructions: 340000000 cycles: 688647063 heartbeat IPC: 0.232451 cumulative IPC: 0.228493 (Simulation time: 0 hr 33 min 28 sec) 
Heartbeat CPU 0 instructions: 350000001 cycles: 732639297 heartbeat IPC: 0.227313 cumulative IPC: 0.228414 (Simulation time: 0 hr 35 min 2 sec) 
Heartbeat CPU 0 instructions: 360000000 cycles: 776379769 heartbeat IPC: 0.228621 cumulative IPC: 0.228427 (Simulation time: 0 hr 36 min 18 sec) 
Heartbeat CPU 0 instructions: 370000003 cycles: 820160051 heartbeat IPC: 0.228413 cumulative IPC: 0.228426 (Simulation time: 0 hr 37 min 48 sec) 
Heartbeat CPU 0 instructions: 380000000 cycles: 863949335 heartbeat IPC: 0.228366 cumulative IPC: 0.228423 (Simulation time: 0 hr 39 min 26 sec) 
Heartbeat CPU 0 instructions: 390000000 cycles: 907684856 heartbeat IPC: 0.228647 cumulative IPC: 0.228435 (Simulation time: 0 hr 41 min 12 sec) 
Heartbeat CPU 0 instructions: 400000001 cycles: 951404421 heartbeat IPC: 0.228731 cumulative IPC: 0.228449 (Simulation time: 0 hr 42 min 53 sec) 
Finished CPU 0 instructions: 200000003 cycles: 875467710 cumulative IPC: 0.228449 (Simulation time: 0 hr 42 min 53 sec) 

ChampSim completed all CPUs

Region of Interest Statistics

CPU 0 cumulative IPC: 0.228449 instructions: 200000003 cycles: 875467710
ITLB TOTAL     ACCESS:   25741297  HIT:   25441346  MISS:     299951  HIT %:    98.8347  MISS %:    1.16525   MPKI: 1.49975
ITLB LOAD TRANSLATION ACCESS:   25741297  HIT:   25441346  MISS:     299951  HIT %:    98.8347  MISS %:    1.16525   MPKI: 1.49975
ITLB PREFETCH  REQUESTED:          0  ISSUED:          0  USEFUL:          0  USELESS:          0
ITLB USEFUL LOAD PREFETCHES:          0 PREFETCH ISSUED TO LOWER LEVEL:          0  ACCURACY: -nan
ITLB TIMELY PREFETCHES:          0 LATE PREFETCHES: 0 DROPPED PREFETCHES: 0
ITLB PREFETCHES SAME FILL-ORIGIN LEVEL: 0 DIFFERENT FILL-ORIGIN LEVEL: 0
ITLB AVERAGE MISS LATENCY:    9.38661 cycles AVERAGE LOAD MISS LATENCY:       -nan cycles Load Miss          0
ITLB Average MSHR Occupancy: 0.00288622
ITLB RQ	ACCESS:   29225382	FORWARD:          0	MERGED:    3262155	TO_CACHE:   25963227

DTLB TOTAL     ACCESS:   75957688  HIT:   71812659  MISS:    4145029  HIT %:     94.543  MISS %:    5.45702   MPKI: 20.7251
DTLB LOAD TRANSLATION ACCESS:   75957688  HIT:   71812659  MISS:    4145029  HIT %:     94.543  MISS %:    5.45702   MPKI: 20.7251
DTLB PREFETCH  REQUESTED:          0  ISSUED:          0  USEFUL:          0  USELESS:          0
DTLB USEFUL LOAD PREFETCHES:          0 PREFETCH ISSUED TO LOWER LEVEL:          0  ACCURACY: -nan
DTLB TIMELY PREFETCHES:          0 LATE PREFETCHES: 0 DROPPED PREFETCHES: 0
DTLB PREFETCHES SAME FILL-ORIGIN LEVEL: 0 DIFFERENT FILL-ORIGIN LEVEL: 0
DTLB AVERAGE MISS LATENCY:    21.4662 cycles AVERAGE LOAD MISS LATENCY:       -nan cycles Load Miss          0
DTLB Average MSHR Occupancy:   0.104319
DTLB RQ	ACCESS:   86749979	FORWARD:          0	MERGED:   10690163	TO_CACHE:   76059816

STLB TOTAL     ACCESS:    4444980  HIT:    3482709  MISS:     962271  HIT %:    78.3515  MISS %:    21.6485   MPKI: 4.81135
STLB LOAD TRANSLATION ACCESS:    4444980  HIT:    3482709  MISS:     962271  HIT %:    78.3515  MISS %:    21.6485   MPKI: 4.81135
STLB PREFETCH  REQUESTED:          0  ISSUED:          0  USEFUL:          0  USELESS:          0
STLB USEFUL LOAD PREFETCHES:          0 PREFETCH ISSUED TO LOWER LEVEL:          0  ACCURACY: -nan
STLB TIMELY PREFETCHES:          0 LATE PREFETCHES: 0 DROPPED PREFETCHES: 0
STLB PREFETCHES SAME FILL-ORIGIN LEVEL: 0 DIFFERENT FILL-ORIGIN LEVEL: 0
STLB AVERAGE MISS LATENCY:    53.6776 cycles AVERAGE LOAD MISS LATENCY:       -nan cycles Load Miss          0
STLB Average MSHR Occupancy:  0.0636748
STLB RQ	ACCESS:    4444980	FORWARD:          0	MERGED:          0	TO_CACHE:    4444980

STLB Hit, L1D data hit: 0
STLB Hit, L2C data hit: 0
STLB Hit, LLC data hit: 0
STLB Hit, LLC data miss: 0
STLB STLB hints to L2: 0
L1D TOTAL     ACCESS:   85876419  HIT:   82181521  MISS:    3694898  HIT %:    95.6974  MISS %:    4.30258   MPKI: 18.4745
L1D LOAD      ACCESS:   49752754  HIT:   46535583  MISS:    3217171  HIT %:    93.5337  MISS %:    6.46632   MPKI: 16.0859
L1D RFO       ACCESS:   36123665  HIT:   35645938  MISS:     477727  HIT %:    98.6775  MISS %:    1.32248   MPKI: 2.38863
L1D PREFETCH  REQUESTED:          0  ISSUED:          0  USEFUL:          0  USELESS:          0
L1D USEFUL LOAD PREFETCHES:          0 PREFETCH ISSUED TO LOWER LEVEL:          0  ACCURACY: -nan
L1D TIMELY PREFETCHES:          0 LATE PREFETCHES: 0 DROPPED PREFETCHES: 0
L1D PREFETCHES SAME FILL-ORIGIN LEVEL: 0 DIFFERENT FILL-ORIGIN LEVEL: 0
L1D AVERAGE MISS LATENCY:    113.903 cycles AVERAGE LOAD MISS LATENCY:    117.437 cycles Load Miss    3217171
L1D Average MSHR Occupancy:    0.48639
L1D RQ	ACCESS:   63553997	FORWARD:          0	MERGED:   10734211	TO_CACHE:   49990154
L1D WQ	ACCESS:   37146036	FORWARD:    2829632	MERGED:     386211	TO_CACHE:   36759825

L1D UNIQUE REGIONS ACCESSED: 0
L1D REGIONS CONFLICTS: 0
L1D Cross Page Prefetch Requests: 0
L1D Same Page Prefetch Requests: 0
L1D ROI Sum of L1D PQ occupancy: 0
L1D PREFETCHES PUSHED FROM L2C: 0
L1I TOTAL     ACCESS:   28269372  HIT:    9071934  MISS:   19197438  HIT %:     32.091  MISS %:     67.909   MPKI: 95.9872
L1I LOAD      ACCESS:   28269372  HIT:    9071934  MISS:   19197438  HIT %:     32.091  MISS %:     67.909   MPKI: 95.9872
L1I PREFETCH  REQUESTED:          0  ISSUED:          0  USEFUL:          0  USELESS:          0
L1I USEFUL LOAD PREFETCHES:          0 PREFETCH ISSUED TO LOWER LEVEL:          0  ACCURACY: -nan
L1I TIMELY PREFETCHES:          0 LATE PREFETCHES: 0 DROPPED PREFETCHES: 0
L1I PREFETCHES SAME FILL-ORIGIN LEVEL: 0 DIFFERENT FILL-ORIGIN LEVEL: 0
L1I AVERAGE MISS LATENCY:    14.0784 cycles AVERAGE LOAD MISS LATENCY:    14.0784 cycles Load Miss   19197438
L1I Average MSHR Occupancy:   0.297183
L1I RQ	ACCESS:   47238136	FORWARD:          0	MERGED:   18012754	TO_CACHE:   29225382

BTB TOTAL     ACCESS:   32832442  HIT:   30914326  MISS:    1918116  HIT %:    94.1579  MISS %:    5.84214   MPKI: 9.59058
BTB BRANCH_DIRECT_JUMP	ACCESS:    2341624  HIT:    2341493  MISS:        131
BTB BRANCH_INDIRECT	ACCESS:     673569  HIT:     571562  MISS:     102007
BTB BRANCH_CONDITIONAL	ACCESS:   17678457  HIT:   17677972  MISS:        485
BTB BRANCH_DIRECT_CALL	ACCESS:    3697545  HIT:    3697284  MISS:        261
BTB BRANCH_INDIRECT_CALL	ACCESS:    2371852  HIT:    2363179  MISS:       8673
BTB BRANCH_RETURN	ACCESS:    6069395  HIT:    4262836  MISS:    1806559
BTB BRANCH_OTHER ACCESS:          0  HIT:          0  MISS:          0

L2C TOTAL     ACCESS:   26428656  HIT:   24190626  MISS:    2238030  HIT %:    91.5318  MISS %:    8.46819   MPKI: 11.1901
L2C LOAD      ACCESS:   22414542  HIT:   20563420  MISS:    1851122  HIT %:    91.7414  MISS %:    8.25858   MPKI: 9.25561
L2C DATA LOAD MPKI: 9.24038
L2C INSTRUCTION LOAD MPKI: 0.01523
L2C RFO       ACCESS:     477717  HIT:     257046  MISS:     220671  HIT %:    53.8072  MISS %:    46.1928   MPKI: 1.10335
L2C PREFETCH  ACCESS:     349206  HIT:     345088  MISS:       4118  HIT %:    98.8208  MISS %:    1.17925   MPKI: 0.02059
AGUS PREFETCH L1 MISS: 0
L2C DATA PREFETCH MPKI: 0.02059
L2C INSTRUCTION PREFETCH MPKI: 0
L2C WRITEBACK ACCESS:    1807939  HIT:    1807449  MISS:        490  HIT %:    99.9729  MISS %:  0.0271027   MPKI: 0.00245
L2C LOAD TRANSLATION ACCESS:    1379252  HIT:    1217623  MISS:     161629  HIT %:    88.2814  MISS %:    11.7186   MPKI: 0.808145
L2C PREFETCH  REQUESTED:    1510916  ISSUED:    1510916  USEFUL:       2849  USELESS:       1258
L2C USEFUL LOAD PREFETCHES:       2849 PREFETCH ISSUED TO LOWER LEVEL:     860287  ACCURACY: 0.331169
L2C TIMELY PREFETCHES:       2849 LATE PREFETCHES: 193 DROPPED PREFETCHES: 0
L2C PREFETCHES SAME FILL-ORIGIN LEVEL: 4311 DIFFERENT FILL-ORIGIN LEVEL: 855976
L2C AVERAGE MISS LATENCY:    174.879 cycles AVERAGE LOAD MISS LATENCY:    178.161 cycles Load Miss    1851122
L2C Average MSHR Occupancy:   0.446483
L2C RQ	ACCESS:   24271588	FORWARD:          0	MERGED:          0	TO_CACHE:   24271511
L2C WQ	ACCESS:    1807939	FORWARD:         79	MERGED:          0	TO_CACHE:    1807939
L2C PQ	ACCESS:    1510916	FORWARD:          0	MERGED:      83740	TO_CACHE:    1427174

L2C Instructions Evicting Data 2805
L2C Translations Evicting Data 150043
L2C Data Evicting Data 1920095
L2C Instructions Evicting Instructions 5
L2C Translations Evicting Instructions 231
L2C Data Evicting Instructions 2862
L2C Instructions Evicting Translations 236
L2C Translations Evicting Translations 11355
L2C Data Evicting Translations 149908
L2C Dense regions hint from L2: 0
PSCL5 TOTAL     ACCESS:     962271  HIT:     962271  MISS:          0  HIT %:        100  MISS %:          0   MPKI: 0
PSCL5 LOAD TRANSLATION ACCESS:     962271  HIT:     962271  MISS:          0  HIT %:        100  MISS %:          0   MPKI: 0
PSCL5 PREFETCH  REQUESTED:          0  ISSUED:          0  USEFUL:          0  USELESS:          0
PSCL5 USEFUL LOAD PREFETCHES:          0 PREFETCH ISSUED TO LOWER LEVEL:          0  ACCURACY: -nan
PSCL5 TIMELY PREFETCHES:          0 LATE PREFETCHES: 0 DROPPED PREFETCHES: 0
PSCL5 PREFETCHES SAME FILL-ORIGIN LEVEL: 0 DIFFERENT FILL-ORIGIN LEVEL: 0

PSCL4 TOTAL     ACCESS:     962271  HIT:     962271  MISS:          0  HIT %:        100  MISS %:          0   MPKI: 0
PSCL4 LOAD TRANSLATION ACCESS:     962271  HIT:     962271  MISS:          0  HIT %:        100  MISS %:          0   MPKI: 0
PSCL4 PREFETCH  REQUESTED:          0  ISSUED:          0  USEFUL:          0  USELESS:          0
PSCL4 USEFUL LOAD PREFETCHES:          0 PREFETCH ISSUED TO LOWER LEVEL:          0  ACCURACY: -nan
PSCL4 TIMELY PREFETCHES:          0 LATE PREFETCHES: 0 DROPPED PREFETCHES: 0
PSCL4 PREFETCHES SAME FILL-ORIGIN LEVEL: 0 DIFFERENT FILL-ORIGIN LEVEL: 0

PSCL3 TOTAL     ACCESS:     962271  HIT:     962271  MISS:          0  HIT %:        100  MISS %:          0   MPKI: 0
PSCL3 LOAD TRANSLATION ACCESS:     962271  HIT:     962271  MISS:          0  HIT %:        100  MISS %:          0   MPKI: 0
PSCL3 PREFETCH  REQUESTED:          0  ISSUED:          0  USEFUL:          0  USELESS:          0
PSCL3 USEFUL LOAD PREFETCHES:          0 PREFETCH ISSUED TO LOWER LEVEL:          0  ACCURACY: -nan
PSCL3 TIMELY PREFETCHES:          0 LATE PREFETCHES: 0 DROPPED PREFETCHES: 0
PSCL3 PREFETCHES SAME FILL-ORIGIN LEVEL: 0 DIFFERENT FILL-ORIGIN LEVEL: 0

PSCL2 TOTAL     ACCESS:     962271  HIT:     545290  MISS:     416981  HIT %:     56.667  MISS %:     43.333   MPKI: 2.0849
PSCL2 LOAD TRANSLATION ACCESS:     962271  HIT:     545290  MISS:     416981  HIT %:     56.667  MISS %:     43.333   MPKI: 2.0849
PSCL2 PREFETCH  REQUESTED:          0  ISSUED:          0  USEFUL:          0  USELESS:          0
PSCL2 USEFUL LOAD PREFETCHES:          0 PREFETCH ISSUED TO LOWER LEVEL:          0  ACCURACY: -nan
PSCL2 TIMELY PREFETCHES:          0 LATE PREFETCHES: 0 DROPPED PREFETCHES: 0
PSCL2 PREFETCHES SAME FILL-ORIGIN LEVEL: 0 DIFFERENT FILL-ORIGIN LEVEL: 0

LLC TOTAL     ACCESS:    4000234  HIT:     986967  MISS:    3013267  HIT %:    24.6727  MISS %:    75.3273   MPKI: 15.0663
LLC LOAD      ACCESS:    1850945  HIT:     458321  MISS:    1392624  HIT %:    24.7615  MISS %:    75.2385   MPKI: 6.96312
LLC RFO       ACCESS:     220655  HIT:      78716  MISS:     141939  HIT %:    35.6738  MISS %:    64.3262   MPKI: 0.709695
LLC PREFETCH  ACCESS:     840436  HIT:     171079  MISS:     669357  HIT %:     20.356  MISS %:     79.644   MPKI: 3.34678
AGUS PREFETCH L1 MISS: 0
LLC WRITEBACK ACCESS:     926569  HIT:     212045  MISS:     714524  HIT %:     22.885  MISS %:     77.115   MPKI: 3.57262
LLC LOAD TRANSLATION ACCESS:     161629  HIT:      66806  MISS:      94823  HIT %:    41.3329  MISS %:    58.6671   MPKI: 0.474115
LLC PREFETCH  REQUESTED:          0  ISSUED:          0  USEFUL:     260663  USELESS:     203940
LLC USEFUL LOAD PREFETCHES:     260663 PREFETCH ISSUED TO LOWER LEVEL:     685043  ACCURACY: 38.0506
LLC TIMELY PREFETCHES:     260663 LATE PREFETCHES: 15686 DROPPED PREFETCHES: 0
LLC PREFETCHES SAME FILL-ORIGIN LEVEL: 682109 DIFFERENT FILL-ORIGIN LEVEL: 0
LLC AVERAGE MISS LATENCY:    136.139 cycles AVERAGE LOAD MISS LATENCY:    177.372 cycles Load Miss    1392624
LLC Average MSHR Occupancy:   0.466596
LLC RQ	ACCESS:    2233229	FORWARD:          0	MERGED:          0	TO_CACHE:    2233229
LLC WQ	ACCESS:     926569	FORWARD:          0	MERGED:          0	TO_CACHE:     926569
LLC PQ	ACCESS:     860287	FORWARD:          0	MERGED:       1928	TO_CACHE:     858359

LLC Dense regions hint to LLC: 0

RAW hits: 3287893
Loads Generated: 66841888
Loads sent to L1D: 63553997
Stores Generated: 37146040
Stores sent to L1D: 37146036
Major fault: 0 Minor fault: 54427
Allocated PAGES: 54427
 All Calls: 6462706
 Critical Calls: 6462706
------------------
Depth Distribution
------------------
depth 0: 0
depth 1: 2975035
depth 2: 148793
depth 3: 2038
depth 4: 0
depth 5: 0
depth 6: 0
depth 7: 0
depth 8: 0
depth 9: 0
depth 10: 0
depth 11: 0
depth 12: 0
depth 13: 0
depth 14: 0
depth 15: 0
depth 16: 0
depth 17: 0
depth 18: 0
depth 19: 0
depth 20: 0
depth 21: 0
depth 22: 0
depth 23: 0
depth 24: 0
depth 25: 0
depth 26: 0
depth 27: 0
depth 28: 0
depth 29: 0
Total: 3125866
-----------------------------
-----------------------------
	Captured at Filter
-----------------------------
depth 0: 0
depth 1: 7004
depth 2: 220
depth 3: 3
depth 4: 0
depth 5: 0
depth 6: 0
depth 7: 0
depth 8: 0
depth 9: 0
depth 10: 0
depth 11: 0
depth 12: 0
depth 13: 0
depth 14: 0
depth 15: 0
depth 16: 0
depth 17: 0
depth 18: 0
depth 19: 0
depth 20: 0
depth 21: 0
depth 22: 0
depth 23: 0
depth 24: 0
depth 25: 0
depth 26: 0
depth 27: 0
depth 28: 0
depth 29: 0
-----------------------------
-----------------------------
		Lost at Page
-----------------------------
depth 0: 0
depth 1: 182921
depth 2: 14413
depth 3: 75
depth 4: 0
depth 5: 0
depth 6: 0
depth 7: 0
depth 8: 0
depth 9: 0
depth 10: 0
depth 11: 0
depth 12: 0
depth 13: 0
depth 14: 0
depth 15: 0
depth 16: 0
depth 17: 0
depth 18: 0
depth 19: 0
depth 20: 0
depth 21: 0
depth 22: 0
depth 23: 0
depth 24: 0
depth 25: 0
depth 26: 0
depth 27: 0
depth 28: 0
depth 29: 0
-----------------------------
-----------------------------
	Lost due to PQ Size
-----------------------------
2502
-----------------------------
ST read accesses: 1895270
ST write accesses: 1321834
PT read accesses: 26908110
PT write accesses: 2128040
FILTER read accesses: 6970198
FILTER write accesses: 2310001
GHR read accesses: 11341320
GHR write accesses: 87229
GHR counter read accesses: 25218488
GHR counter write accesses: 3245418
ST tag read accesses: 1913357159
ST tag write accesses: 379879819
================ Mockingjay (LLC) Pollution Stats ================
Total pollution count in LLC: 322560
==================================================================

DRAM Statistics
 CHANNEL 0
 RQ ROW_BUFFER_HIT:     231064  ROW_BUFFER_MISS:    2067679
 DBUS_CONGESTED:        876
 WQ ROW_BUFFER_HIT:     193203  ROW_BUFFER_MISS:     658127  FULL:          0

 AVG_CONGESTED_CYCLE: 5
 All warmup complete: 2
Channel 0 Bank busy for read cycles: 0
Channel 0 Bank busy for write cycles: 0
Channel 0
Rank 0
0banks busy for read cycles: 564147450
0banks busy for write cycles: 482175
1banks busy for read cycles: 131294555
1banks busy for write cycles: 73662843
2banks busy for read cycles: 44437300
2banks busy for write cycles: 22655269
3banks busy for read cycles: 18343802
3banks busy for write cycles: 7105825
4banks busy for read cycles: 7010169
4banks busy for write cycles: 2157184
5banks busy for read cycles: 2384220
5banks busy for write cycles: 574427
6banks busy for read cycles: 771766
6banks busy for write cycles: 128388
7banks busy for read cycles: 266732
7banks busy for write cycles: 30764
8banks busy for read cycles: 6291
8banks busy for write cycles: 8551

CPU 0 Branch Prediction Accuracy: 98.173% MPKI: 3.83599 Average ROB Occupancy at Mispredict: 14.7059
Branch types
NOT_BRANCH: 158007884 79.0039%
BRANCH_DIRECT_JUMP: 2341624 1.17081%
BRANCH_INDIRECT: 673569 0.336784%
BRANCH_CONDITIONAL: 26837548 13.4188%
BRANCH_DIRECT_CALL: 3697545 1.84877%
BRANCH_INDIRECT_CALL: 2371852 1.18593%
BRANCH_RETURN: 6069395 3.0347%
BRANCH_OTHER: 0 0%

===================== LRU L1D STATS =====================
Total pollution count in L1D: 0
=========================================================
================ SRRIP (L2C) Pollution Stats ================
Total pollution count in L2c: 3242642
==================================================================
DRAM PAGES: 1048576
Allocated PAGES: 54427
