Initialize SIGNATURE TABLE
ST_SET: 1
ST_WAY: 256
ST_TAG_BIT: 16
ST_TAG_MASK: ffff

Initialize PATTERN TABLE
PT_SET: 512
PT_WAY: 4
SIG_DELTA_BIT: 7
C_SIG_BIT: 4
C_DELTA_BIT: 4

Initialize PREFETCH FILTER
FILTER_SET: 1024

*** ChampSim Multicore Out-of-Order Simulator ***

Warmup Instructions: 200000000
Simulation Instructions: 200000000
Number of CPUs: 1
LLC sets: 4096
LLC ways: 12
Off-chip DRAM Size: 4096 MB Channels: 1 Width: 64-bit Data Rate: 6400 MT/s
CPU 0 runs ./tracer/traces/621.wrf_s-8065B.champsimtrace.xz
.xz
BTB has LRU replacement policy
ITLB has LRU replacement policy
DTLB has LRU replacement policy
STLB has LRU replacement policy
L1I has LRU replacement policy
L1D has LRU replacement policy
ST_WAYS: 256
PT_SETS: 512
Initialize SRRIP state for L2C
Initialize Mockingjay state for LLC
Heartbeat CPU 0 instructions: 10000002 cycles: 2375011 heartbeat IPC: 4.21051 cumulative IPC: 4.21051 (Simulation time: 0 hr 0 min 26 sec) 
Heartbeat CPU 0 instructions: 20000004 cycles: 4435842 heartbeat IPC: 4.85241 cumulative IPC: 4.50873 (Simulation time: 0 hr 0 min 51 sec) 
Heartbeat CPU 0 instructions: 30000000 cycles: 6699860 heartbeat IPC: 4.41692 cumulative IPC: 4.47771 (Simulation time: 0 hr 1 min 16 sec) 
Heartbeat CPU 0 instructions: 40000004 cycles: 8875112 heartbeat IPC: 4.59717 cumulative IPC: 4.50699 (Simulation time: 0 hr 1 min 42 sec) 
Heartbeat CPU 0 instructions: 50000002 cycles: 11049759 heartbeat IPC: 4.59845 cumulative IPC: 4.52499 (Simulation time: 0 hr 2 min 9 sec) 
Heartbeat CPU 0 instructions: 60000006 cycles: 13295156 heartbeat IPC: 4.45356 cumulative IPC: 4.51292 (Simulation time: 0 hr 2 min 36 sec) 
Heartbeat CPU 0 instructions: 70000003 cycles: 15447138 heartbeat IPC: 4.64688 cumulative IPC: 4.53158 (Simulation time: 0 hr 3 min 4 sec) 
Heartbeat CPU 0 instructions: 80000002 cycles: 17714805 heartbeat IPC: 4.40982 cumulative IPC: 4.516 (Simulation time: 0 hr 3 min 29 sec) 
Heartbeat CPU 0 instructions: 90000000 cycles: 19842493 heartbeat IPC: 4.69994 cumulative IPC: 4.53572 (Simulation time: 0 hr 3 min 57 sec) 
Heartbeat CPU 0 instructions: 100000003 cycles: 22134856 heartbeat IPC: 4.36231 cumulative IPC: 4.51776 (Simulation time: 0 hr 4 min 23 sec) 
Heartbeat CPU 0 instructions: 110000005 cycles: 24237983 heartbeat IPC: 4.75483 cumulative IPC: 4.53833 (Simulation time: 0 hr 4 min 51 sec) 
Heartbeat CPU 0 instructions: 120000000 cycles: 27419221 heartbeat IPC: 3.14343 cumulative IPC: 4.37649 (Simulation time: 0 hr 5 min 19 sec) 
Heartbeat CPU 0 instructions: 130000000 cycles: 31053988 heartbeat IPC: 2.75121 cumulative IPC: 4.18626 (Simulation time: 0 hr 5 min 48 sec) 
Heartbeat CPU 0 instructions: 140000005 cycles: 34688071 heartbeat IPC: 2.75173 cumulative IPC: 4.03597 (Simulation time: 0 hr 6 min 16 sec) 
Heartbeat CPU 0 instructions: 150000000 cycles: 38223579 heartbeat IPC: 2.82845 cumulative IPC: 3.92428 (Simulation time: 0 hr 6 min 50 sec) 
Heartbeat CPU 0 instructions: 160000001 cycles: 40476566 heartbeat IPC: 4.43855 cumulative IPC: 3.9529 (Simulation time: 0 hr 7 min 10 sec) 
Heartbeat CPU 0 instructions: 170000003 cycles: 42953850 heartbeat IPC: 4.03668 cumulative IPC: 3.95774 (Simulation time: 0 hr 7 min 41 sec) 
Heartbeat CPU 0 instructions: 180000000 cycles: 45275753 heartbeat IPC: 4.30681 cumulative IPC: 3.97564 (Simulation time: 0 hr 8 min 11 sec) 
Heartbeat CPU 0 instructions: 190000001 cycles: 47605581 heartbeat IPC: 4.29216 cumulative IPC: 3.99113 (Simulation time: 0 hr 8 min 42 sec) 
Heartbeat CPU 0 instructions: 200000004 cycles: 49894719 heartbeat IPC: 4.36846 cumulative IPC: 4.00844 (Simulation time: 0 hr 9 min 13 sec) 

Warmup complete CPU 0 instructions: 200000004 cycles: 49894719 (Simulation time: 0 hr 9 min 13 sec) 

Heartbeat CPU 0 instructions: 210000000 cycles: 56681342 heartbeat IPC: 1.47349 cumulative IPC: 1.47349 (Simulation time: 0 hr 9 min 40 sec) 
Heartbeat CPU 0 instructions: 220000000 cycles: 65659628 heartbeat IPC: 1.1138 cumulative IPC: 1.26864 (Simulation time: 0 hr 10 min 13 sec) 
Heartbeat CPU 0 instructions: 230000000 cycles: 74727071 heartbeat IPC: 1.10285 cumulative IPC: 1.2081 (Simulation time: 0 hr 10 min 47 sec) 
Heartbeat CPU 0 instructions: 240000003 cycles: 84704950 heartbeat IPC: 1.00222 cumulative IPC: 1.14909 (Simulation time: 0 hr 11 min 37 sec) 
Heartbeat CPU 0 instructions: 250000001 cycles: 98531941 heartbeat IPC: 0.723223 cumulative IPC: 1.02802 (Simulation time: 0 hr 12 min 33 sec) 
Heartbeat CPU 0 instructions: 260000004 cycles: 109857159 heartbeat IPC: 0.882985 cumulative IPC: 1.00063 (Simulation time: 0 hr 13 min 13 sec) 
Heartbeat CPU 0 instructions: 270000000 cycles: 122281786 heartbeat IPC: 0.804853 cumulative IPC: 0.967023 (Simulation time: 0 hr 13 min 51 sec) 
Heartbeat CPU 0 instructions: 280000001 cycles: 139979297 heartbeat IPC: 0.565051 cumulative IPC: 0.888054 (Simulation time: 0 hr 14 min 39 sec) 
Heartbeat CPU 0 instructions: 290000000 cycles: 151743661 heartbeat IPC: 0.850025 cumulative IPC: 0.883662 (Simulation time: 0 hr 15 min 21 sec) 
Heartbeat CPU 0 instructions: 300000000 cycles: 163828712 heartbeat IPC: 0.827469 cumulative IPC: 0.877701 (Simulation time: 0 hr 16 min 9 sec) 
Heartbeat CPU 0 instructions: 310000004 cycles: 175039122 heartbeat IPC: 0.892028 cumulative IPC: 0.878985 (Simulation time: 0 hr 16 min 56 sec) 
Heartbeat CPU 0 instructions: 320000000 cycles: 186125573 heartbeat IPC: 0.902002 cumulative IPC: 0.880858 (Simulation time: 0 hr 17 min 46 sec) 
Heartbeat CPU 0 instructions: 330000001 cycles: 196018965 heartbeat IPC: 1.01078 cumulative IPC: 0.889654 (Simulation time: 0 hr 18 min 32 sec) 
Heartbeat CPU 0 instructions: 340000005 cycles: 210245725 heartbeat IPC: 0.702901 cumulative IPC: 0.873085 (Simulation time: 0 hr 19 min 25 sec) 
Heartbeat CPU 0 instructions: 350000003 cycles: 221087302 heartbeat IPC: 0.922375 cumulative IPC: 0.876206 (Simulation time: 0 hr 19 min 57 sec) 
Heartbeat CPU 0 instructions: 360000000 cycles: 228170211 heartbeat IPC: 1.41185 cumulative IPC: 0.897487 (Simulation time: 0 hr 20 min 33 sec) 
Heartbeat CPU 0 instructions: 370000004 cycles: 238624827 heartbeat IPC: 0.956516 cumulative IPC: 0.900757 (Simulation time: 0 hr 21 min 4 sec) 
Heartbeat CPU 0 instructions: 380000000 cycles: 247475804 heartbeat IPC: 1.12982 cumulative IPC: 0.911018 (Simulation time: 0 hr 21 min 40 sec) 
Heartbeat CPU 0 instructions: 390000000 cycles: 257000404 heartbeat IPC: 1.04991 cumulative IPC: 0.917406 (Simulation time: 0 hr 22 min 12 sec) 
Heartbeat CPU 0 instructions: 400000003 cycles: 267632916 heartbeat IPC: 0.940512 cumulative IPC: 0.918534 (Simulation time: 0 hr 22 min 44 sec) 
Finished CPU 0 instructions: 200000000 cycles: 217738198 cumulative IPC: 0.918534 (Simulation time: 0 hr 22 min 44 sec) 

ChampSim completed all CPUs

Region of Interest Statistics

CPU 0 cumulative IPC: 0.918534 instructions: 200000000 cycles: 217738198
ITLB TOTAL     ACCESS:   22956424  HIT:   22956226  MISS:        198  HIT %:    99.9991  MISS %: 0.000862504   MPKI: 0.00099
ITLB LOAD TRANSLATION ACCESS:   22956424  HIT:   22956226  MISS:        198  HIT %:    99.9991  MISS %: 0.000862504   MPKI: 0.00099
ITLB PREFETCH  REQUESTED:          0  ISSUED:          0  USEFUL:          0  USELESS:          0
ITLB USEFUL LOAD PREFETCHES:          0 PREFETCH ISSUED TO LOWER LEVEL:          0  ACCURACY: -nan
ITLB TIMELY PREFETCHES:          0 LATE PREFETCHES: 0 DROPPED PREFETCHES: 0
ITLB PREFETCHES SAME FILL-ORIGIN LEVEL: 0 DIFFERENT FILL-ORIGIN LEVEL: 0
ITLB AVERAGE MISS LATENCY:    222.747 cycles AVERAGE LOAD MISS LATENCY:       -nan cycles Load Miss          0
ITLB Average MSHR Occupancy: 0.000178301
ITLB RQ	ACCESS:   27616238	FORWARD:          0	MERGED:    4659491	TO_CACHE:   22956747

DTLB TOTAL     ACCESS:   43582091  HIT:   43417622  MISS:     164469  HIT %:    99.6226  MISS %:   0.377377   MPKI: 0.822345
DTLB LOAD TRANSLATION ACCESS:   43582091  HIT:   43417622  MISS:     164469  HIT %:    99.6226  MISS %:   0.377377   MPKI: 0.822345
DTLB PREFETCH  REQUESTED:          0  ISSUED:          0  USEFUL:          0  USELESS:          0
DTLB USEFUL LOAD PREFETCHES:          0 PREFETCH ISSUED TO LOWER LEVEL:          0  ACCURACY: -nan
DTLB TIMELY PREFETCHES:          0 LATE PREFETCHES: 0 DROPPED PREFETCHES: 0
DTLB PREFETCHES SAME FILL-ORIGIN LEVEL: 0 DIFFERENT FILL-ORIGIN LEVEL: 0
DTLB AVERAGE MISS LATENCY:    29.3548 cycles AVERAGE LOAD MISS LATENCY:       -nan cycles Load Miss          0
DTLB Average MSHR Occupancy:  0.0205444
DTLB RQ	ACCESS:   50316870	FORWARD:          0	MERGED:    6687115	TO_CACHE:   43629755

STLB TOTAL     ACCESS:     164667  HIT:     134226  MISS:      30441  HIT %:    81.5136  MISS %:    18.4864   MPKI: 0.152205
STLB LOAD TRANSLATION ACCESS:     164667  HIT:     134226  MISS:      30441  HIT %:    81.5136  MISS %:    18.4864   MPKI: 0.152205
STLB PREFETCH  REQUESTED:          0  ISSUED:          0  USEFUL:          0  USELESS:          0
STLB USEFUL LOAD PREFETCHES:          0 PREFETCH ISSUED TO LOWER LEVEL:          0  ACCURACY: -nan
STLB TIMELY PREFETCHES:          0 LATE PREFETCHES: 0 DROPPED PREFETCHES: 0
STLB PREFETCHES SAME FILL-ORIGIN LEVEL: 0 DIFFERENT FILL-ORIGIN LEVEL: 0
STLB AVERAGE MISS LATENCY:    110.586 cycles AVERAGE LOAD MISS LATENCY:       -nan cycles Load Miss          0
STLB Average MSHR Occupancy:   0.014308
STLB RQ	ACCESS:     164667	FORWARD:          0	MERGED:          0	TO_CACHE:     164667

STLB Hit, L1D data hit: 0
STLB Hit, L2C data hit: 0
STLB Hit, LLC data hit: 0
STLB Hit, LLC data miss: 0
STLB STLB hints to L2: 0
L1D TOTAL     ACCESS:   47493547  HIT:   43285522  MISS:    4208025  HIT %:    91.1398  MISS %:     8.8602   MPKI: 21.0401
L1D LOAD      ACCESS:   39019251  HIT:   35402246  MISS:    3617005  HIT %:    90.7302  MISS %:     9.2698   MPKI: 18.085
L1D RFO       ACCESS:    8474296  HIT:    7883276  MISS:     591020  HIT %:    93.0257  MISS %:    6.97427   MPKI: 2.9551
L1D PREFETCH  REQUESTED:          0  ISSUED:          0  USEFUL:          0  USELESS:          0
L1D USEFUL LOAD PREFETCHES:          0 PREFETCH ISSUED TO LOWER LEVEL:          0  ACCURACY: -nan
L1D TIMELY PREFETCHES:          0 LATE PREFETCHES: 0 DROPPED PREFETCHES: 0
L1D PREFETCHES SAME FILL-ORIGIN LEVEL: 0 DIFFERENT FILL-ORIGIN LEVEL: 0
L1D AVERAGE MISS LATENCY:    80.1628 cycles AVERAGE LOAD MISS LATENCY:     57.753 cycles Load Miss    3617005
L1D Average MSHR Occupancy:    1.54754
L1D RQ	ACCESS:   65275645	FORWARD:          0	MERGED:   24885265	TO_CACHE:   40341729
L1D WQ	ACCESS:   10000743	FORWARD:      48651	MERGED:      25602	TO_CACHE:    9975141

L1D UNIQUE REGIONS ACCESSED: 0
L1D REGIONS CONFLICTS: 0
L1D Cross Page Prefetch Requests: 0
L1D Same Page Prefetch Requests: 0
L1D ROI Sum of L1D PQ occupancy: 0
L1D PREFETCHES PUSHED FROM L2C: 0
L1I TOTAL     ACCESS:   27299501  HIT:   16880541  MISS:   10418960  HIT %:    61.8346  MISS %:    38.1654   MPKI: 52.0948
L1I LOAD      ACCESS:   27299501  HIT:   16880541  MISS:   10418960  HIT %:    61.8346  MISS %:    38.1654   MPKI: 52.0948
L1I PREFETCH  REQUESTED:          0  ISSUED:          0  USEFUL:          0  USELESS:          0
L1I USEFUL LOAD PREFETCHES:          0 PREFETCH ISSUED TO LOWER LEVEL:          0  ACCURACY: -nan
L1I TIMELY PREFETCHES:          0 LATE PREFETCHES: 0 DROPPED PREFETCHES: 0
L1I PREFETCHES SAME FILL-ORIGIN LEVEL: 0 DIFFERENT FILL-ORIGIN LEVEL: 0
L1I AVERAGE MISS LATENCY:    14.2675 cycles AVERAGE LOAD MISS LATENCY:    14.2675 cycles Load Miss   10418960
L1I Average MSHR Occupancy:   0.660619
L1I RQ	ACCESS:   45649093	FORWARD:          0	MERGED:   18032855	TO_CACHE:   27616238

BTB TOTAL     ACCESS:    8180972  HIT:    8173501  MISS:       7471  HIT %:    99.9087  MISS %:  0.0913217   MPKI: 0.037355
BTB BRANCH_DIRECT_JUMP	ACCESS:      28260  HIT:      28159  MISS:        101
BTB BRANCH_INDIRECT	ACCESS:         10  HIT:          7  MISS:          3
BTB BRANCH_CONDITIONAL	ACCESS:    8082708  HIT:    8081617  MISS:       1091
BTB BRANCH_DIRECT_CALL	ACCESS:      34997  HIT:      34565  MISS:        432
BTB BRANCH_INDIRECT_CALL	ACCESS:          0  HIT:          0  MISS:          0
BTB BRANCH_RETURN	ACCESS:      34997  HIT:      29153  MISS:       5844
BTB BRANCH_OTHER ACCESS:          0  HIT:          0  MISS:          0

L2C TOTAL     ACCESS:   21960652  HIT:   19296891  MISS:    2663761  HIT %:    87.8703  MISS %:    12.1297   MPKI: 13.3188
L2C LOAD      ACCESS:   14035783  HIT:   12659138  MISS:    1376645  HIT %:    90.1919  MISS %:    9.80811   MPKI: 6.88323
L2C DATA LOAD MPKI: 6.84485
L2C INSTRUCTION LOAD MPKI: 0.03837
L2C RFO       ACCESS:     591005  HIT:     201221  MISS:     389784  HIT %:    34.0473  MISS %:    65.9527   MPKI: 1.94892
L2C PREFETCH  ACCESS:    5864773  HIT:    4973738  MISS:     891035  HIT %:     84.807  MISS %:     15.193   MPKI: 4.45517
AGUS PREFETCH L1 MISS: 0
L2C DATA PREFETCH MPKI: 4.45517
L2C INSTRUCTION PREFETCH MPKI: 0
L2C WRITEBACK ACCESS:    1438489  HIT:    1437097  MISS:       1392  HIT %:    99.9032  MISS %:  0.0967682   MPKI: 0.00696
L2C LOAD TRANSLATION ACCESS:      30602  HIT:      25697  MISS:       4905  HIT %:    83.9716  MISS %:    16.0284   MPKI: 0.024525
L2C PREFETCH  REQUESTED:   17355059  ISSUED:   15022740  USEFUL:     880413  USELESS:      10615
L2C USEFUL LOAD PREFETCHES:     880413 PREFETCH ISSUED TO LOWER LEVEL:    8806330  ACCURACY: 9.9975
L2C TIMELY PREFETCHES:     880413 LATE PREFETCHES: 229846 DROPPED PREFETCHES: 0
L2C PREFETCHES SAME FILL-ORIGIN LEVEL: 1121179 DIFFERENT FILL-ORIGIN LEVEL: 7685151
L2C AVERAGE MISS LATENCY:    126.754 cycles AVERAGE LOAD MISS LATENCY:     114.37 cycles Load Miss    1376645
L2C Average MSHR Occupancy:    1.59034
L2C RQ	ACCESS:   14657587	FORWARD:          0	MERGED:          0	TO_CACHE:   14657390
L2C WQ	ACCESS:    1438489	FORWARD:        528	MERGED:          0	TO_CACHE:    1438489
L2C PQ	ACCESS:   15022740	FORWARD:          0	MERGED:    1024658	TO_CACHE:   13997751

L2C Instructions Evicting Data 7646
L2C Translations Evicting Data 4872
L2C Data Evicting Data 2637264
L2C Instructions Evicting Instructions 17
L2C Translations Evicting Instructions 25
L2C Data Evicting Instructions 7639
L2C Instructions Evicting Translations 11
L2C Translations Evicting Translations 8
L2C Data Evicting Translations 4887
L2C Dense regions hint from L2: 0
PSCL5 TOTAL     ACCESS:      30441  HIT:      30441  MISS:          0  HIT %:        100  MISS %:          0   MPKI: 0
PSCL5 LOAD TRANSLATION ACCESS:      30441  HIT:      30441  MISS:          0  HIT %:        100  MISS %:          0   MPKI: 0
PSCL5 PREFETCH  REQUESTED:          0  ISSUED:          0  USEFUL:          0  USELESS:          0
PSCL5 USEFUL LOAD PREFETCHES:          0 PREFETCH ISSUED TO LOWER LEVEL:          0  ACCURACY: -nan
PSCL5 TIMELY PREFETCHES:          0 LATE PREFETCHES: 0 DROPPED PREFETCHES: 0
PSCL5 PREFETCHES SAME FILL-ORIGIN LEVEL: 0 DIFFERENT FILL-ORIGIN LEVEL: 0

PSCL4 TOTAL     ACCESS:      30441  HIT:      30441  MISS:          0  HIT %:        100  MISS %:          0   MPKI: 0
PSCL4 LOAD TRANSLATION ACCESS:      30441  HIT:      30441  MISS:          0  HIT %:        100  MISS %:          0   MPKI: 0
PSCL4 PREFETCH  REQUESTED:          0  ISSUED:          0  USEFUL:          0  USELESS:          0
PSCL4 USEFUL LOAD PREFETCHES:          0 PREFETCH ISSUED TO LOWER LEVEL:          0  ACCURACY: -nan
PSCL4 TIMELY PREFETCHES:          0 LATE PREFETCHES: 0 DROPPED PREFETCHES: 0
PSCL4 PREFETCHES SAME FILL-ORIGIN LEVEL: 0 DIFFERENT FILL-ORIGIN LEVEL: 0

PSCL3 TOTAL     ACCESS:      30441  HIT:      30441  MISS:          0  HIT %:        100  MISS %:          0   MPKI: 0
PSCL3 LOAD TRANSLATION ACCESS:      30441  HIT:      30441  MISS:          0  HIT %:        100  MISS %:          0   MPKI: 0
PSCL3 PREFETCH  REQUESTED:          0  ISSUED:          0  USEFUL:          0  USELESS:          0
PSCL3 USEFUL LOAD PREFETCHES:          0 PREFETCH ISSUED TO LOWER LEVEL:          0  ACCURACY: -nan
PSCL3 TIMELY PREFETCHES:          0 LATE PREFETCHES: 0 DROPPED PREFETCHES: 0
PSCL3 PREFETCHES SAME FILL-ORIGIN LEVEL: 0 DIFFERENT FILL-ORIGIN LEVEL: 0

PSCL2 TOTAL     ACCESS:      30441  HIT:      30277  MISS:        164  HIT %:    99.4613  MISS %:   0.538747   MPKI: 0.00082
PSCL2 LOAD TRANSLATION ACCESS:      30441  HIT:      30277  MISS:        164  HIT %:    99.4613  MISS %:   0.538747   MPKI: 0.00082
PSCL2 PREFETCH  REQUESTED:          0  ISSUED:          0  USEFUL:          0  USELESS:          0
PSCL2 USEFUL LOAD PREFETCHES:          0 PREFETCH ISSUED TO LOWER LEVEL:          0  ACCURACY: -nan
PSCL2 TIMELY PREFETCHES:          0 LATE PREFETCHES: 0 DROPPED PREFETCHES: 0
PSCL2 PREFETCHES SAME FILL-ORIGIN LEVEL: 0 DIFFERENT FILL-ORIGIN LEVEL: 0

LLC TOTAL     ACCESS:    9423394  HIT:    6343959  MISS:    3079435  HIT %:    67.3214  MISS %:    32.6786   MPKI: 15.3972
LLC LOAD      ACCESS:    1146799  HIT:     793669  MISS:     353130  HIT %:    69.2073  MISS %:    30.7927   MPKI: 1.76565
LLC RFO       ACCESS:     389784  HIT:      18284  MISS:     371500  HIT %:     4.6908  MISS %:    95.3092   MPKI: 1.8575
LLC PREFETCH  ACCESS:    6970632  HIT:    5115013  MISS:    1855619  HIT %:    73.3795  MISS %:    26.6205   MPKI: 9.2781
AGUS PREFETCH L1 MISS: 0
LLC WRITEBACK ACCESS:     911274  HIT:     416819  MISS:     494455  HIT %:    45.7402  MISS %:    54.2598   MPKI: 2.47227
LLC LOAD TRANSLATION ACCESS:       4905  HIT:        174  MISS:       4731  HIT %:     3.5474  MISS %:    96.4526   MPKI: 0.023655
LLC PREFETCH  REQUESTED:          0  ISSUED:          0  USEFUL:     711167  USELESS:     888868
LLC USEFUL LOAD PREFETCHES:     711167 PREFETCH ISSUED TO LOWER LEVEL:    1993450  ACCURACY: 35.6752
LLC TIMELY PREFETCHES:     711167 LATE PREFETCHES: 137831 DROPPED PREFETCHES: 0
LLC PREFETCHES SAME FILL-ORIGIN LEVEL: 1906327 DIFFERENT FILL-ORIGIN LEVEL: 0
LLC AVERAGE MISS LATENCY:    224.802 cycles AVERAGE LOAD MISS LATENCY:    236.708 cycles Load Miss     353130
LLC Average MSHR Occupancy:    3.27408
LLC RQ	ACCESS:    1541488	FORWARD:          0	MERGED:          0	TO_CACHE:    1541488
LLC WQ	ACCESS:     911274	FORWARD:          1	MERGED:          0	TO_CACHE:     911274
LLC PQ	ACCESS:    8804866	FORWARD:          0	MERGED:     454780	TO_CACHE:    8350085

LLC Dense regions hint to LLC: 0

RAW hits: 690944
Loads Generated: 65966590
Loads sent to L1D: 65275645
Stores Generated: 10000744
Stores sent to L1D: 10000746
Major fault: 0 Minor fault: 10973
Allocated PAGES: 10973
 All Calls: 5883238
 Critical Calls: 5883238
------------------
Depth Distribution
------------------
depth 0: 0
depth 1: 4891404
depth 2: 4506810
depth 3: 4136447
depth 4: 3615846
depth 5: 2635269
depth 6: 1872221
depth 7: 1375370
depth 8: 995347
depth 9: 606425
depth 10: 382240
depth 11: 258519
depth 12: 145828
depth 13: 72071
depth 14: 3433
depth 15: 3305
depth 16: 0
depth 17: 0
depth 18: 0
depth 19: 0
depth 20: 0
depth 21: 0
depth 22: 0
depth 23: 0
depth 24: 0
depth 25: 0
depth 26: 0
depth 27: 0
depth 28: 0
depth 29: 0
Total: 25500535
-----------------------------
-----------------------------
	Captured at Filter
-----------------------------
depth 0: 0
depth 1: 301148
depth 2: 280060
depth 3: 264292
depth 4: 234865
depth 5: 126892
depth 6: 76852
depth 7: 54786
depth 8: 37083
depth 9: 16960
depth 10: 4736
depth 11: 2551
depth 12: 1301
depth 13: 669
depth 14: 23
depth 15: 15
depth 16: 0
depth 17: 0
depth 18: 0
depth 19: 0
depth 20: 0
depth 21: 0
depth 22: 0
depth 23: 0
depth 24: 0
depth 25: 0
depth 26: 0
depth 27: 0
depth 28: 0
depth 29: 0
-----------------------------
-----------------------------
		Lost at Page
-----------------------------
depth 0: 0
depth 1: 126712
depth 2: 210576
depth 3: 283926
depth 4: 333017
depth 5: 289748
depth 6: 233744
depth 7: 195706
depth 8: 167303
depth 9: 116449
depth 10: 77162
depth 11: 57271
depth 12: 35719
depth 13: 19259
depth 14: 991
depth 15: 1073
depth 16: 0
depth 17: 0
depth 18: 0
depth 19: 0
depth 20: 0
depth 21: 0
depth 22: 0
depth 23: 0
depth 24: 0
depth 25: 0
depth 26: 0
depth 27: 0
depth 28: 0
depth 29: 0
-----------------------------
-----------------------------
	Lost due to PQ Size
-----------------------------
3864087
-----------------------------
ST read accesses: 3562238
ST write accesses: 54584
PT read accesses: 117313378
PT write accesses: 5326599
FILTER read accesses: 24271498
FILTER write accesses: 6417137
GHR read accesses: 7138929
GHR write accesses: 1177280
GHR counter read accesses: 98076556
GHR counter write accesses: 7650804
ST tag read accesses: 1419189312
ST tag write accesses: 41371907
================ Mockingjay (LLC) Pollution Stats ================
Total pollution count in LLC: 246237
==================================================================

DRAM Statistics
 CHANNEL 0
 RQ ROW_BUFFER_HIT:     714966  ROW_BUFFER_MISS:    1869583
 DBUS_CONGESTED:       1930
 WQ ROW_BUFFER_HIT:     176304  ROW_BUFFER_MISS:     690374  FULL:        561

 AVG_CONGESTED_CYCLE: 4
 All warmup complete: 2
Channel 0 Bank busy for read cycles: 0
Channel 0 Bank busy for write cycles: 0
Channel 0
Rank 0
0banks busy for read cycles: 89381046
0banks busy for write cycles: 83275
1banks busy for read cycles: 20605785
1banks busy for write cycles: 10178997
2banks busy for read cycles: 18438958
2banks busy for write cycles: 4795379
3banks busy for read cycles: 12040939
3banks busy for write cycles: 2179221
4banks busy for read cycles: 9946055
4banks busy for write cycles: 1222309
5banks busy for read cycles: 8728397
5banks busy for write cycles: 907444
6banks busy for read cycles: 7338184
6banks busy for write cycles: 869406
7banks busy for read cycles: 5935298
7banks busy for write cycles: 2159389
8banks busy for read cycles: 7980823
8banks busy for write cycles: 14947294

CPU 0 Branch Prediction Accuracy: 99.7163% MPKI: 0.125435 Average ROB Occupancy at Mispredict: 209.432
Branch types
NOT_BRANCH: 191157696 95.5788%
BRANCH_DIRECT_JUMP: 28260 0.01413%
BRANCH_INDIRECT: 10 5e-06%
BRANCH_CONDITIONAL: 8743476 4.37174%
BRANCH_DIRECT_CALL: 34997 0.0174985%
BRANCH_INDIRECT_CALL: 0 0%
BRANCH_RETURN: 34997 0.0174985%
BRANCH_OTHER: 0 0%

===================== LRU L1D STATS =====================
Total pollution count in L1D: 0
=========================================================
================ SRRIP (L2C) Pollution Stats ================
Total pollution count in L2c: 1817822
==================================================================
DRAM PAGES: 1048576
Allocated PAGES: 10973
