Initialize SIGNATURE TABLE
ST_SET: 1
ST_WAY: 256
ST_TAG_BIT: 16
ST_TAG_MASK: ffff

Initialize PATTERN TABLE
PT_SET: 512
PT_WAY: 4
SIG_DELTA_BIT: 7
C_SIG_BIT: 4
C_DELTA_BIT: 4

Initialize PREFETCH FILTER
FILTER_SET: 1024

*** ChampSim Multicore Out-of-Order Simulator ***

Warmup Instructions: 200000000
Simulation Instructions: 200000000
Number of CPUs: 1
LLC sets: 4096
LLC ways: 12
Off-chip DRAM Size: 4096 MB Channels: 1 Width: 64-bit Data Rate: 6400 MT/s
CPU 0 runs ./tracer/traces/625.x264_s-20B.champsimtrace.xz
.xz
BTB has LRU replacement policy
ITLB has LRU replacement policy
DTLB has LRU replacement policy
STLB has LRU replacement policy
L1I has LRU replacement policy
L1D has LRU replacement policy
ST_WAYS: 256
PT_SETS: 512
Initialize SRRIP state for L2C
Initialize Mockingjay state for LLC
Heartbeat CPU 0 instructions: 10000002 cycles: 2131026 heartbeat IPC: 4.69258 cumulative IPC: 4.69258 (Simulation time: 0 hr 0 min 18 sec) 
Heartbeat CPU 0 instructions: 20000003 cycles: 4321582 heartbeat IPC: 4.56505 cumulative IPC: 4.62794 (Simulation time: 0 hr 0 min 38 sec) 
Heartbeat CPU 0 instructions: 30000007 cycles: 6511523 heartbeat IPC: 4.56633 cumulative IPC: 4.60722 (Simulation time: 0 hr 0 min 56 sec) 
Heartbeat CPU 0 instructions: 40000002 cycles: 8706050 heartbeat IPC: 4.55679 cumulative IPC: 4.59451 (Simulation time: 0 hr 1 min 14 sec) 
Heartbeat CPU 0 instructions: 50000003 cycles: 10892176 heartbeat IPC: 4.5743 cumulative IPC: 4.59045 (Simulation time: 0 hr 1 min 32 sec) 
Heartbeat CPU 0 instructions: 60000006 cycles: 13089602 heartbeat IPC: 4.55078 cumulative IPC: 4.58379 (Simulation time: 0 hr 1 min 51 sec) 
Heartbeat CPU 0 instructions: 70000000 cycles: 15294353 heartbeat IPC: 4.53566 cumulative IPC: 4.57685 (Simulation time: 0 hr 2 min 10 sec) 
Heartbeat CPU 0 instructions: 80000004 cycles: 17507349 heartbeat IPC: 4.51876 cumulative IPC: 4.56951 (Simulation time: 0 hr 2 min 29 sec) 
Heartbeat CPU 0 instructions: 90000000 cycles: 20083546 heartbeat IPC: 3.88169 cumulative IPC: 4.48128 (Simulation time: 0 hr 2 min 53 sec) 
Heartbeat CPU 0 instructions: 100000002 cycles: 21947521 heartbeat IPC: 5.36488 cumulative IPC: 4.55632 (Simulation time: 0 hr 3 min 3 sec) 
Heartbeat CPU 0 instructions: 110000007 cycles: 24037031 heartbeat IPC: 4.78581 cumulative IPC: 4.57627 (Simulation time: 0 hr 3 min 20 sec) 
Heartbeat CPU 0 instructions: 120000002 cycles: 25927792 heartbeat IPC: 5.28887 cumulative IPC: 4.62824 (Simulation time: 0 hr 3 min 38 sec) 
Heartbeat CPU 0 instructions: 130000004 cycles: 27819824 heartbeat IPC: 5.28532 cumulative IPC: 4.67293 (Simulation time: 0 hr 3 min 58 sec) 
Heartbeat CPU 0 instructions: 140000005 cycles: 29713465 heartbeat IPC: 5.28083 cumulative IPC: 4.71167 (Simulation time: 0 hr 4 min 18 sec) 
Heartbeat CPU 0 instructions: 150000003 cycles: 31609178 heartbeat IPC: 5.27506 cumulative IPC: 4.74546 (Simulation time: 0 hr 4 min 38 sec) 
Heartbeat CPU 0 instructions: 160000001 cycles: 33499208 heartbeat IPC: 5.29092 cumulative IPC: 4.77623 (Simulation time: 0 hr 4 min 59 sec) 
Heartbeat CPU 0 instructions: 170000000 cycles: 35388998 heartbeat IPC: 5.29159 cumulative IPC: 4.80375 (Simulation time: 0 hr 5 min 19 sec) 
Heartbeat CPU 0 instructions: 180000000 cycles: 37272237 heartbeat IPC: 5.31 cumulative IPC: 4.82933 (Simulation time: 0 hr 5 min 39 sec) 
Heartbeat CPU 0 instructions: 190000007 cycles: 39156094 heartbeat IPC: 5.30826 cumulative IPC: 4.85237 (Simulation time: 0 hr 5 min 59 sec) 
Heartbeat CPU 0 instructions: 200000007 cycles: 41050763 heartbeat IPC: 5.27797 cumulative IPC: 4.87202 (Simulation time: 0 hr 6 min 19 sec) 

Warmup complete CPU 0 instructions: 200000007 cycles: 41050763 (Simulation time: 0 hr 6 min 19 sec) 

Heartbeat CPU 0 instructions: 210000004 cycles: 56564233 heartbeat IPC: 0.644601 cumulative IPC: 0.644601 (Simulation time: 0 hr 6 min 41 sec) 
Heartbeat CPU 0 instructions: 220000002 cycles: 72084673 heartbeat IPC: 0.644311 cumulative IPC: 0.644456 (Simulation time: 0 hr 7 min 2 sec) 
Heartbeat CPU 0 instructions: 230000000 cycles: 87567614 heartbeat IPC: 0.645872 cumulative IPC: 0.644927 (Simulation time: 0 hr 7 min 24 sec) 
Heartbeat CPU 0 instructions: 240000000 cycles: 103056483 heartbeat IPC: 0.645625 cumulative IPC: 0.645102 (Simulation time: 0 hr 7 min 46 sec) 
Heartbeat CPU 0 instructions: 250000000 cycles: 118539341 heartbeat IPC: 0.645876 cumulative IPC: 0.645256 (Simulation time: 0 hr 8 min 8 sec) 
Heartbeat CPU 0 instructions: 260000005 cycles: 134049626 heartbeat IPC: 0.644734 cumulative IPC: 0.645169 (Simulation time: 0 hr 8 min 30 sec) 
Heartbeat CPU 0 instructions: 270000000 cycles: 149582531 heartbeat IPC: 0.643794 cumulative IPC: 0.644972 (Simulation time: 0 hr 8 min 52 sec) 
Heartbeat CPU 0 instructions: 280000000 cycles: 165095583 heartbeat IPC: 0.644618 cumulative IPC: 0.644928 (Simulation time: 0 hr 9 min 14 sec) 
Heartbeat CPU 0 instructions: 290000000 cycles: 180586239 heartbeat IPC: 0.64555 cumulative IPC: 0.644997 (Simulation time: 0 hr 9 min 36 sec) 
Heartbeat CPU 0 instructions: 300000003 cycles: 196068767 heartbeat IPC: 0.64589 cumulative IPC: 0.645086 (Simulation time: 0 hr 9 min 59 sec) 
Heartbeat CPU 0 instructions: 310000000 cycles: 211512406 heartbeat IPC: 0.647516 cumulative IPC: 0.645306 (Simulation time: 0 hr 10 min 21 sec) 
Heartbeat CPU 0 instructions: 320000000 cycles: 226961010 heartbeat IPC: 0.647308 cumulative IPC: 0.645473 (Simulation time: 0 hr 10 min 43 sec) 
Heartbeat CPU 0 instructions: 330000004 cycles: 242407432 heartbeat IPC: 0.647399 cumulative IPC: 0.645621 (Simulation time: 0 hr 11 min 5 sec) 
Heartbeat CPU 0 instructions: 340000005 cycles: 257864831 heartbeat IPC: 0.646939 cumulative IPC: 0.645715 (Simulation time: 0 hr 11 min 27 sec) 
Heartbeat CPU 0 instructions: 350000000 cycles: 270480269 heartbeat IPC: 0.792679 cumulative IPC: 0.653796 (Simulation time: 0 hr 11 min 49 sec) 
Heartbeat CPU 0 instructions: 360000000 cycles: 281993531 heartbeat IPC: 0.868564 cumulative IPC: 0.664058 (Simulation time: 0 hr 12 min 11 sec) 
Heartbeat CPU 0 instructions: 370000000 cycles: 293504284 heartbeat IPC: 0.868753 cumulative IPC: 0.673391 (Simulation time: 0 hr 12 min 34 sec) 
Heartbeat CPU 0 instructions: 380000003 cycles: 305013856 heartbeat IPC: 0.868842 cumulative IPC: 0.681913 (Simulation time: 0 hr 12 min 57 sec) 
Heartbeat CPU 0 instructions: 390000000 cycles: 321364116 heartbeat IPC: 0.611611 cumulative IPC: 0.677813 (Simulation time: 0 hr 13 min 22 sec) 
Heartbeat CPU 0 instructions: 400000000 cycles: 338236346 heartbeat IPC: 0.59269 cumulative IPC: 0.67298 (Simulation time: 0 hr 13 min 47 sec) 
Finished CPU 0 instructions: 200000002 cycles: 297185594 cumulative IPC: 0.67298 (Simulation time: 0 hr 13 min 47 sec) 

ChampSim completed all CPUs

Region of Interest Statistics

CPU 0 cumulative IPC: 0.67298 instructions: 200000002 cycles: 297185594
ITLB TOTAL     ACCESS:   20152244  HIT:   20152244  MISS:          0  HIT %:        100  MISS %:          0   MPKI: 0
ITLB LOAD TRANSLATION ACCESS:   20152244  HIT:   20152244  MISS:          0  HIT %:        100  MISS %:          0   MPKI: 0
ITLB PREFETCH  REQUESTED:          0  ISSUED:          0  USEFUL:          0  USELESS:          0
ITLB USEFUL LOAD PREFETCHES:          0 PREFETCH ISSUED TO LOWER LEVEL:          0  ACCURACY: -nan
ITLB TIMELY PREFETCHES:          0 LATE PREFETCHES: 0 DROPPED PREFETCHES: 0
ITLB PREFETCHES SAME FILL-ORIGIN LEVEL: 0 DIFFERENT FILL-ORIGIN LEVEL: 0
ITLB AVERAGE MISS LATENCY:       -nan cycles AVERAGE LOAD MISS LATENCY:       -nan cycles Load Miss          0
ITLB Average MSHR Occupancy: 1.81032e-06
ITLB RQ	ACCESS:   25125153	FORWARD:          0	MERGED:    4972909	TO_CACHE:   20152244

DTLB TOTAL     ACCESS:   25569806  HIT:   25546820  MISS:      22986  HIT %:    99.9101  MISS %:  0.0898951   MPKI: 0.11493
DTLB LOAD TRANSLATION ACCESS:   25569806  HIT:   25546820  MISS:      22986  HIT %:    99.9101  MISS %:  0.0898951   MPKI: 0.11493
DTLB PREFETCH  REQUESTED:          0  ISSUED:          0  USEFUL:          0  USELESS:          0
DTLB USEFUL LOAD PREFETCHES:          0 PREFETCH ISSUED TO LOWER LEVEL:          0  ACCURACY: -nan
DTLB TIMELY PREFETCHES:          0 LATE PREFETCHES: 0 DROPPED PREFETCHES: 0
DTLB PREFETCHES SAME FILL-ORIGIN LEVEL: 0 DIFFERENT FILL-ORIGIN LEVEL: 0
DTLB AVERAGE MISS LATENCY:     11.125 cycles AVERAGE LOAD MISS LATENCY:       -nan cycles Load Miss          0
DTLB Average MSHR Occupancy: 0.000790839
DTLB RQ	ACCESS:   33633852	FORWARD:          0	MERGED:    8063533	TO_CACHE:   25570319

STLB TOTAL     ACCESS:      22986  HIT:      22662  MISS:        324  HIT %:    98.5904  MISS %:    1.40955   MPKI: 0.00162
STLB LOAD TRANSLATION ACCESS:      22986  HIT:      22662  MISS:        324  HIT %:    98.5904  MISS %:    1.40955   MPKI: 0.00162
STLB PREFETCH  REQUESTED:          0  ISSUED:          0  USEFUL:          0  USELESS:          0
STLB USEFUL LOAD PREFETCHES:          0 PREFETCH ISSUED TO LOWER LEVEL:          0  ACCURACY: -nan
STLB TIMELY PREFETCHES:          0 LATE PREFETCHES: 0 DROPPED PREFETCHES: 0
STLB PREFETCHES SAME FILL-ORIGIN LEVEL: 0 DIFFERENT FILL-ORIGIN LEVEL: 0
STLB AVERAGE MISS LATENCY:    149.429 cycles AVERAGE LOAD MISS LATENCY:       -nan cycles Load Miss          0
STLB Average MSHR Occupancy: 9.07278e-05
STLB RQ	ACCESS:      22986	FORWARD:          0	MERGED:          0	TO_CACHE:      22986

STLB Hit, L1D data hit: 0
STLB Hit, L2C data hit: 0
STLB Hit, LLC data hit: 0
STLB Hit, LLC data miss: 0
STLB STLB hints to L2: 0
L1D TOTAL     ACCESS:   33622077  HIT:   33577128  MISS:      44949  HIT %:    99.8663  MISS %:   0.133689   MPKI: 0.224745
L1D LOAD      ACCESS:   18442563  HIT:   18399297  MISS:      43266  HIT %:    99.7654  MISS %:   0.234599   MPKI: 0.21633
L1D RFO       ACCESS:   15179514  HIT:   15177831  MISS:       1683  HIT %:    99.9889  MISS %:  0.0110873   MPKI: 0.008415
L1D PREFETCH  REQUESTED:          0  ISSUED:          0  USEFUL:          0  USELESS:          0
L1D USEFUL LOAD PREFETCHES:          0 PREFETCH ISSUED TO LOWER LEVEL:          0  ACCURACY: -nan
L1D TIMELY PREFETCHES:          0 LATE PREFETCHES: 0 DROPPED PREFETCHES: 0
L1D PREFETCHES SAME FILL-ORIGIN LEVEL: 0 DIFFERENT FILL-ORIGIN LEVEL: 0
L1D AVERAGE MISS LATENCY:    55.6587 cycles AVERAGE LOAD MISS LATENCY:    50.1341 cycles Load Miss      43266
L1D Average MSHR Occupancy:  0.0108422
L1D RQ	ACCESS:   44374521	FORWARD:          0	MERGED:   25762277	TO_CACHE:   18453903
L1D WQ	ACCESS:   15192807	FORWARD:     158341	MERGED:      12858	TO_CACHE:   15179949

L1D UNIQUE REGIONS ACCESSED: 0
L1D REGIONS CONFLICTS: 0
L1D Cross Page Prefetch Requests: 0
L1D Same Page Prefetch Requests: 0
L1D ROI Sum of L1D PQ occupancy: 0
L1D PREFETCHES PUSHED FROM L2C: 0
L1I TOTAL     ACCESS:   24890914  HIT:    1473046  MISS:   23417868  HIT %:    5.91801  MISS %:     94.082   MPKI: 117.089
L1I LOAD      ACCESS:   24890914  HIT:    1473046  MISS:   23417868  HIT %:    5.91801  MISS %:     94.082   MPKI: 117.089
L1I PREFETCH  REQUESTED:          0  ISSUED:          0  USEFUL:          0  USELESS:          0
L1I USEFUL LOAD PREFETCHES:          0 PREFETCH ISSUED TO LOWER LEVEL:          0  ACCURACY: -nan
L1I TIMELY PREFETCHES:          0 LATE PREFETCHES: 0 DROPPED PREFETCHES: 0
L1I PREFETCHES SAME FILL-ORIGIN LEVEL: 0 DIFFERENT FILL-ORIGIN LEVEL: 0
L1I AVERAGE MISS LATENCY:    14.0027 cycles AVERAGE LOAD MISS LATENCY:    14.0027 cycles Load Miss   23417868
L1I Average MSHR Occupancy:    1.03887
L1I RQ	ACCESS:   40587280	FORWARD:          0	MERGED:   15462127	TO_CACHE:   25125153

BTB TOTAL     ACCESS:    5990883  HIT:    5451843  MISS:     539040  HIT %:    91.0023  MISS %:    8.99767   MPKI: 2.6952
BTB BRANCH_DIRECT_JUMP	ACCESS:     119178  HIT:     119157  MISS:         21
BTB BRANCH_INDIRECT	ACCESS:       8423  HIT:       8422  MISS:          1
BTB BRANCH_CONDITIONAL	ACCESS:    4552708  HIT:    4552628  MISS:         80
BTB BRANCH_DIRECT_CALL	ACCESS:     330120  HIT:     330106  MISS:         14
BTB BRANCH_INDIRECT_CALL	ACCESS:     325167  HIT:     325115  MISS:         52
BTB BRANCH_RETURN	ACCESS:     655287  HIT:     116415  MISS:     538872
BTB BRANCH_OTHER ACCESS:          0  HIT:          0  MISS:          0

L2C TOTAL     ACCESS:   23530644  HIT:   23507013  MISS:      23631  HIT %:    99.8996  MISS %:   0.100426   MPKI: 0.118155
L2C LOAD      ACCESS:   23461136  HIT:   23443547  MISS:      17589  HIT %:     99.925  MISS %:  0.0749708   MPKI: 0.087945
L2C DATA LOAD MPKI: 0.08776
L2C INSTRUCTION LOAD MPKI: 0.000185
L2C RFO       ACCESS:       1683  HIT:        243  MISS:       1440  HIT %:    14.4385  MISS %:    85.5615   MPKI: 0.0072
L2C PREFETCH  ACCESS:      65791  HIT:      61268  MISS:       4523  HIT %:    93.1252  MISS %:     6.8748   MPKI: 0.022615
AGUS PREFETCH L1 MISS: 0
L2C DATA PREFETCH MPKI: 0.022615
L2C INSTRUCTION PREFETCH MPKI: 0
L2C WRITEBACK ACCESS:       1710  HIT:       1678  MISS:         32  HIT %:    98.1287  MISS %:    1.87135   MPKI: 0.00016
L2C LOAD TRANSLATION ACCESS:        324  HIT:        277  MISS:         47  HIT %:    85.4938  MISS %:    14.5062   MPKI: 0.000235
L2C PREFETCH  REQUESTED:     125351  ISSUED:     125079  USEFUL:       4499  USELESS:         11
L2C USEFUL LOAD PREFETCHES:       4499 PREFETCH ISSUED TO LOWER LEVEL:      52310  ACCURACY: 8.60065
L2C TIMELY PREFETCHES:       4499 LATE PREFETCHES: 671 DROPPED PREFETCHES: 0
L2C PREFETCHES SAME FILL-ORIGIN LEVEL: 5194 DIFFERENT FILL-ORIGIN LEVEL: 47116
L2C AVERAGE MISS LATENCY:    87.7216 cycles AVERAGE LOAD MISS LATENCY:    86.2897 cycles Load Miss      17589
L2C Average MSHR Occupancy:  0.0075333
L2C RQ	ACCESS:   23463142	FORWARD:          0	MERGED:          0	TO_CACHE:   23463142
L2C WQ	ACCESS:       1710	FORWARD:          0	MERGED:          0	TO_CACHE:       1710
L2C PQ	ACCESS:     125079	FORWARD:          0	MERGED:       8630	TO_CACHE:     116449

L2C Instructions Evicting Data 36
L2C Translations Evicting Data 47
L2C Data Evicting Data 23407
L2C Instructions Evicting Instructions 0
L2C Translations Evicting Instructions 0
L2C Data Evicting Instructions 54
L2C Instructions Evicting Translations 1
L2C Translations Evicting Translations 0
L2C Data Evicting Translations 54
L2C Dense regions hint from L2: 0
PSCL5 TOTAL     ACCESS:        324  HIT:        324  MISS:          0  HIT %:        100  MISS %:          0   MPKI: 0
PSCL5 LOAD TRANSLATION ACCESS:        324  HIT:        324  MISS:          0  HIT %:        100  MISS %:          0   MPKI: 0
PSCL5 PREFETCH  REQUESTED:          0  ISSUED:          0  USEFUL:          0  USELESS:          0
PSCL5 USEFUL LOAD PREFETCHES:          0 PREFETCH ISSUED TO LOWER LEVEL:          0  ACCURACY: -nan
PSCL5 TIMELY PREFETCHES:          0 LATE PREFETCHES: 0 DROPPED PREFETCHES: 0
PSCL5 PREFETCHES SAME FILL-ORIGIN LEVEL: 0 DIFFERENT FILL-ORIGIN LEVEL: 0

PSCL4 TOTAL     ACCESS:        324  HIT:        324  MISS:          0  HIT %:        100  MISS %:          0   MPKI: 0
PSCL4 LOAD TRANSLATION ACCESS:        324  HIT:        324  MISS:          0  HIT %:        100  MISS %:          0   MPKI: 0
PSCL4 PREFETCH  REQUESTED:          0  ISSUED:          0  USEFUL:          0  USELESS:          0
PSCL4 USEFUL LOAD PREFETCHES:          0 PREFETCH ISSUED TO LOWER LEVEL:          0  ACCURACY: -nan
PSCL4 TIMELY PREFETCHES:          0 LATE PREFETCHES: 0 DROPPED PREFETCHES: 0
PSCL4 PREFETCHES SAME FILL-ORIGIN LEVEL: 0 DIFFERENT FILL-ORIGIN LEVEL: 0

PSCL3 TOTAL     ACCESS:        324  HIT:        324  MISS:          0  HIT %:        100  MISS %:          0   MPKI: 0
PSCL3 LOAD TRANSLATION ACCESS:        324  HIT:        324  MISS:          0  HIT %:        100  MISS %:          0   MPKI: 0
PSCL3 PREFETCH  REQUESTED:          0  ISSUED:          0  USEFUL:          0  USELESS:          0
PSCL3 USEFUL LOAD PREFETCHES:          0 PREFETCH ISSUED TO LOWER LEVEL:          0  ACCURACY: -nan
PSCL3 TIMELY PREFETCHES:          0 LATE PREFETCHES: 0 DROPPED PREFETCHES: 0
PSCL3 PREFETCHES SAME FILL-ORIGIN LEVEL: 0 DIFFERENT FILL-ORIGIN LEVEL: 0

PSCL2 TOTAL     ACCESS:        324  HIT:        323  MISS:          1  HIT %:    99.6914  MISS %:   0.308642   MPKI: 5e-06
PSCL2 LOAD TRANSLATION ACCESS:        324  HIT:        323  MISS:          1  HIT %:    99.6914  MISS %:   0.308642   MPKI: 5e-06
PSCL2 PREFETCH  REQUESTED:          0  ISSUED:          0  USEFUL:          0  USELESS:          0
PSCL2 USEFUL LOAD PREFETCHES:          0 PREFETCH ISSUED TO LOWER LEVEL:          0  ACCURACY: -nan
PSCL2 TIMELY PREFETCHES:          0 LATE PREFETCHES: 0 DROPPED PREFETCHES: 0
PSCL2 PREFETCHES SAME FILL-ORIGIN LEVEL: 0 DIFFERENT FILL-ORIGIN LEVEL: 0

LLC TOTAL     ACCESS:      71860  HIT:      48177  MISS:      23683  HIT %:    67.0429  MISS %:    32.9571   MPKI: 0.118415
LLC LOAD      ACCESS:      16918  HIT:      12353  MISS:       4565  HIT %:    73.0169  MISS %:    26.9831   MPKI: 0.022825
LLC RFO       ACCESS:       1440  HIT:         98  MISS:       1342  HIT %:    6.80556  MISS %:    93.1944   MPKI: 0.00671
LLC PREFETCH  ACCESS:      46428  HIT:      34166  MISS:      12262  HIT %:    73.5892  MISS %:    26.4108   MPKI: 0.06131
AGUS PREFETCH L1 MISS: 0
LLC WRITEBACK ACCESS:       7027  HIT:       1558  MISS:       5469  HIT %:    22.1716  MISS %:    77.8284   MPKI: 0.027345
LLC LOAD TRANSLATION ACCESS:         47  HIT:          2  MISS:         45  HIT %:    4.25532  MISS %:    95.7447   MPKI: 0.000225
LLC PREFETCH  REQUESTED:          0  ISSUED:          0  USEFUL:       7299  USELESS:       3255
LLC USEFUL LOAD PREFETCHES:       7299 PREFETCH ISSUED TO LOWER LEVEL:      12883  ACCURACY: 56.6561
LLC TIMELY PREFETCHES:       7299 LATE PREFETCHES: 621 DROPPED PREFETCHES: 0
LLC PREFETCHES SAME FILL-ORIGIN LEVEL: 12272 DIFFERENT FILL-ORIGIN LEVEL: 0
LLC AVERAGE MISS LATENCY:    127.892 cycles AVERAGE LOAD MISS LATENCY:    157.315 cycles Load Miss       4565
LLC Average MSHR Occupancy:  0.0102893
LLC RQ	ACCESS:      18405	FORWARD:          0	MERGED:          0	TO_CACHE:      18405
LLC WQ	ACCESS:       7027	FORWARD:          0	MERGED:          0	TO_CACHE:       7027
LLC PQ	ACCESS:      52310	FORWARD:          0	MERGED:        311	TO_CACHE:      51999

LLC Dense regions hint to LLC: 0

RAW hits: 928757
Loads Generated: 45303282
Loads sent to L1D: 44374521
Stores Generated: 15192808
Stores sent to L1D: 15192807
Major fault: 0 Minor fault: 4928
Allocated PAGES: 4928
 All Calls: 390171
 Critical Calls: 390171
------------------
Depth Distribution
------------------
depth 0: 0
depth 1: 350761
depth 2: 241519
depth 3: 192990
depth 4: 163226
depth 5: 129707
depth 6: 88723
depth 7: 65944
depth 8: 52344
depth 9: 36965
depth 10: 23315
depth 11: 14239
depth 12: 9046
depth 13: 4855
depth 14: 1149
depth 15: 1105
depth 16: 1
depth 17: 0
depth 18: 0
depth 19: 0
depth 20: 0
depth 21: 0
depth 22: 0
depth 23: 0
depth 24: 0
depth 25: 0
depth 26: 0
depth 27: 0
depth 28: 0
depth 29: 0
Total: 1375889
-----------------------------
-----------------------------
	Captured at Filter
-----------------------------
depth 0: 0
depth 1: 11460
depth 2: 6253
depth 3: 3376
depth 4: 2053
depth 5: 1581
depth 6: 1377
depth 7: 1295
depth 8: 1206
depth 9: 972
depth 10: 541
depth 11: 227
depth 12: 64
depth 13: 18
depth 14: 4
depth 15: 7
depth 16: 0
depth 17: 0
depth 18: 0
depth 19: 0
depth 20: 0
depth 21: 0
depth 22: 0
depth 23: 0
depth 24: 0
depth 25: 0
depth 26: 0
depth 27: 0
depth 28: 0
depth 29: 0
-----------------------------
-----------------------------
		Lost at Page
-----------------------------
depth 0: 0
depth 1: 37135
depth 2: 19095
depth 3: 9598
depth 4: 8312
depth 5: 7971
depth 6: 6311
depth 7: 5151
depth 8: 4597
depth 9: 4070
depth 10: 3282
depth 11: 2673
depth 12: 2057
depth 13: 1257
depth 14: 324
depth 15: 350
depth 16: 0
depth 17: 0
depth 18: 0
depth 19: 0
depth 20: 0
depth 21: 0
depth 22: 0
depth 23: 0
depth 24: 0
depth 25: 0
depth 26: 0
depth 27: 0
depth 28: 0
depth 29: 0
-----------------------------
-----------------------------
	Lost due to PQ Size
-----------------------------
49270
-----------------------------
ST read accesses: 42579
ST write accesses: 687
PT read accesses: 945052
PT write accesses: 63020
FILTER read accesses: 194215
FILTER write accesses: 48226
GHR read accesses: 94929
GHR write accesses: 13278
GHR counter read accesses: 791888
GHR counter write accesses: 67810
ST tag read accesses: 16944706
ST tag write accesses: 407884
================ Mockingjay (LLC) Pollution Stats ================
Total pollution count in LLC: 368
==================================================================

DRAM Statistics
 CHANNEL 0
 RQ ROW_BUFFER_HIT:       4593  ROW_BUFFER_MISS:      13621
 DBUS_CONGESTED:         70
 WQ ROW_BUFFER_HIT:       1581  ROW_BUFFER_MISS:      13597  FULL:          0

 AVG_CONGESTED_CYCLE: 5
 All warmup complete: 2
Channel 0 Bank busy for read cycles: 0
Channel 0 Bank busy for write cycles: 0
Channel 0
Rank 0
0banks busy for read cycles: 294848588
0banks busy for write cycles: 5098
1banks busy for read cycles: 714293
1banks busy for write cycles: 602318
2banks busy for read cycles: 205719
2banks busy for write cycles: 178211
3banks busy for read cycles: 111388
3banks busy for write cycles: 120478
4banks busy for read cycles: 77231
4banks busy for write cycles: 94322
5banks busy for read cycles: 48337
5banks busy for write cycles: 69795
6banks busy for read cycles: 23993
6banks busy for write cycles: 39342
7banks busy for read cycles: 12977
7banks busy for write cycles: 21579
8banks busy for read cycles: 3489
8banks busy for write cycles: 8437

CPU 0 Branch Prediction Accuracy: 99.8224% MPKI: 0.05908 Average ROB Occupancy at Mispredict: 29.2585
Branch types
NOT_BRANCH: 193345623 96.6728%
BRANCH_DIRECT_JUMP: 119178 0.059589%
BRANCH_INDIRECT: 8423 0.0042115%
BRANCH_CONDITIONAL: 5216039 2.60802%
BRANCH_DIRECT_CALL: 330120 0.16506%
BRANCH_INDIRECT_CALL: 325167 0.162583%
BRANCH_RETURN: 655287 0.327643%
BRANCH_OTHER: 0 0%

===================== LRU L1D STATS =====================
Total pollution count in L1D: 0
=========================================================
================ SRRIP (L2C) Pollution Stats ================
Total pollution count in L2c: 27657
==================================================================
DRAM PAGES: 1048576
Allocated PAGES: 4928
