Initialize SIGNATURE TABLE
ST_SET: 1
ST_WAY: 256
ST_TAG_BIT: 16
ST_TAG_MASK: ffff

Initialize PATTERN TABLE
PT_SET: 512
PT_WAY: 4
SIG_DELTA_BIT: 7
C_SIG_BIT: 4
C_DELTA_BIT: 4

Initialize PREFETCH FILTER
FILTER_SET: 1024

*** ChampSim Multicore Out-of-Order Simulator ***

Warmup Instructions: 200000000
Simulation Instructions: 200000000
Number of CPUs: 1
LLC sets: 4096
LLC ways: 12
Off-chip DRAM Size: 4096 MB Channels: 1 Width: 64-bit Data Rate: 6400 MT/s
CPU 0 runs ./tracer/traces/654.roms_s-1390B.champsimtrace.xz
.xz
BTB has LRU replacement policy
ITLB has LRU replacement policy
DTLB has LRU replacement policy
STLB has LRU replacement policy
L1I has LRU replacement policy
L1D has LRU replacement policy
ST_WAYS: 256
PT_SETS: 512
Initialize SRRIP state for L2C
Initialize Mockingjay state for LLC
Heartbeat CPU 0 instructions: 10000000 cycles: 3400068 heartbeat IPC: 2.94112 cumulative IPC: 2.94112 (Simulation time: 0 hr 0 min 34 sec) 
Heartbeat CPU 0 instructions: 20000000 cycles: 6334234 heartbeat IPC: 3.40812 cumulative IPC: 3.15745 (Simulation time: 0 hr 0 min 56 sec) 
Heartbeat CPU 0 instructions: 30000007 cycles: 9285048 heartbeat IPC: 3.3889 cumulative IPC: 3.231 (Simulation time: 0 hr 1 min 12 sec) 
Heartbeat CPU 0 instructions: 40000004 cycles: 12452535 heartbeat IPC: 3.15708 cumulative IPC: 3.2122 (Simulation time: 0 hr 1 min 45 sec) 
Heartbeat CPU 0 instructions: 50000004 cycles: 16207255 heartbeat IPC: 2.66331 cumulative IPC: 3.08504 (Simulation time: 0 hr 2 min 15 sec) 
Heartbeat CPU 0 instructions: 60000005 cycles: 18108167 heartbeat IPC: 5.26063 cumulative IPC: 3.31342 (Simulation time: 0 hr 2 min 35 sec) 
Heartbeat CPU 0 instructions: 70000003 cycles: 19936275 heartbeat IPC: 5.47014 cumulative IPC: 3.51119 (Simulation time: 0 hr 2 min 57 sec) 
Heartbeat CPU 0 instructions: 80000004 cycles: 21763078 heartbeat IPC: 5.47404 cumulative IPC: 3.67595 (Simulation time: 0 hr 3 min 20 sec) 
Heartbeat CPU 0 instructions: 90000000 cycles: 24290337 heartbeat IPC: 3.95685 cumulative IPC: 3.70518 (Simulation time: 0 hr 3 min 45 sec) 
Heartbeat CPU 0 instructions: 100000005 cycles: 26815810 heartbeat IPC: 3.95966 cumulative IPC: 3.72914 (Simulation time: 0 hr 4 min 4 sec) 
Heartbeat CPU 0 instructions: 110000001 cycles: 29478250 heartbeat IPC: 3.75595 cumulative IPC: 3.73156 (Simulation time: 0 hr 4 min 21 sec) 
Heartbeat CPU 0 instructions: 120000006 cycles: 32389454 heartbeat IPC: 3.43501 cumulative IPC: 3.70491 (Simulation time: 0 hr 4 min 35 sec) 
Heartbeat CPU 0 instructions: 130000001 cycles: 35170481 heartbeat IPC: 3.59579 cumulative IPC: 3.69628 (Simulation time: 0 hr 4 min 50 sec) 
Heartbeat CPU 0 instructions: 140000007 cycles: 38762267 heartbeat IPC: 2.78413 cumulative IPC: 3.61176 (Simulation time: 0 hr 5 min 18 sec) 
Heartbeat CPU 0 instructions: 150000003 cycles: 42380402 heartbeat IPC: 2.76385 cumulative IPC: 3.53937 (Simulation time: 0 hr 5 min 40 sec) 
Heartbeat CPU 0 instructions: 160000000 cycles: 46579312 heartbeat IPC: 2.38157 cumulative IPC: 3.435 (Simulation time: 0 hr 6 min 18 sec) 
Heartbeat CPU 0 instructions: 170000001 cycles: 50625356 heartbeat IPC: 2.47155 cumulative IPC: 3.358 (Simulation time: 0 hr 6 min 56 sec) 
Heartbeat CPU 0 instructions: 180000000 cycles: 54576176 heartbeat IPC: 2.53112 cumulative IPC: 3.29814 (Simulation time: 0 hr 7 min 31 sec) 
Heartbeat CPU 0 instructions: 190000001 cycles: 57480774 heartbeat IPC: 3.44282 cumulative IPC: 3.30545 (Simulation time: 0 hr 7 min 48 sec) 
Heartbeat CPU 0 instructions: 200000006 cycles: 59917668 heartbeat IPC: 4.10359 cumulative IPC: 3.33791 (Simulation time: 0 hr 8 min 1 sec) 

Warmup complete CPU 0 instructions: 200000006 cycles: 59917668 (Simulation time: 0 hr 8 min 1 sec) 

Heartbeat CPU 0 instructions: 210000001 cycles: 68827813 heartbeat IPC: 1.12232 cumulative IPC: 1.12232 (Simulation time: 0 hr 8 min 44 sec) 
Heartbeat CPU 0 instructions: 220000000 cycles: 80757493 heartbeat IPC: 0.838245 cumulative IPC: 0.959701 (Simulation time: 0 hr 9 min 24 sec) 
Heartbeat CPU 0 instructions: 230000006 cycles: 109204561 heartbeat IPC: 0.35153 cumulative IPC: 0.608681 (Simulation time: 0 hr 10 min 3 sec) 
Heartbeat CPU 0 instructions: 240000002 cycles: 121304825 heartbeat IPC: 0.826428 cumulative IPC: 0.651602 (Simulation time: 0 hr 10 min 51 sec) 
Heartbeat CPU 0 instructions: 250000004 cycles: 132318235 heartbeat IPC: 0.907984 cumulative IPC: 0.690602 (Simulation time: 0 hr 11 min 51 sec) 
Heartbeat CPU 0 instructions: 260000003 cycles: 142392639 heartbeat IPC: 0.992614 cumulative IPC: 0.727493 (Simulation time: 0 hr 12 min 44 sec) 
Heartbeat CPU 0 instructions: 270000000 cycles: 148273206 heartbeat IPC: 1.70052 cumulative IPC: 0.792254 (Simulation time: 0 hr 13 min 22 sec) 
Heartbeat CPU 0 instructions: 280000006 cycles: 154081949 heartbeat IPC: 1.72154 cumulative IPC: 0.849579 (Simulation time: 0 hr 14 min 1 sec) 
Heartbeat CPU 0 instructions: 290000000 cycles: 161156503 heartbeat IPC: 1.41352 cumulative IPC: 0.888987 (Simulation time: 0 hr 14 min 39 sec) 
Heartbeat CPU 0 instructions: 300000000 cycles: 182037686 heartbeat IPC: 0.4789 cumulative IPC: 0.818866 (Simulation time: 0 hr 15 min 20 sec) 
Heartbeat CPU 0 instructions: 310000004 cycles: 209086057 heartbeat IPC: 0.369708 cumulative IPC: 0.737422 (Simulation time: 0 hr 15 min 57 sec) 
Heartbeat CPU 0 instructions: 320000000 cycles: 229458071 heartbeat IPC: 0.490869 cumulative IPC: 0.707796 (Simulation time: 0 hr 16 min 31 sec) 
Heartbeat CPU 0 instructions: 330000000 cycles: 246286753 heartbeat IPC: 0.594224 cumulative IPC: 0.697541 (Simulation time: 0 hr 17 min 0 sec) 
Heartbeat CPU 0 instructions: 340000000 cycles: 272398588 heartbeat IPC: 0.382968 cumulative IPC: 0.658883 (Simulation time: 0 hr 17 min 37 sec) 
Heartbeat CPU 0 instructions: 350000000 cycles: 288949178 heartbeat IPC: 0.604208 cumulative IPC: 0.654932 (Simulation time: 0 hr 18 min 23 sec) 
Heartbeat CPU 0 instructions: 360000000 cycles: 315617654 heartbeat IPC: 0.374975 cumulative IPC: 0.625733 (Simulation time: 0 hr 19 min 5 sec) 
Heartbeat CPU 0 instructions: 370000000 cycles: 343645451 heartbeat IPC: 0.356789 cumulative IPC: 0.599166 (Simulation time: 0 hr 19 min 52 sec) 
Heartbeat CPU 0 instructions: 380000000 cycles: 364796482 heartbeat IPC: 0.47279 cumulative IPC: 0.590398 (Simulation time: 0 hr 20 min 37 sec) 
Heartbeat CPU 0 instructions: 390000001 cycles: 386408882 heartbeat IPC: 0.462697 cumulative IPC: 0.581945 (Simulation time: 0 hr 21 min 22 sec) 
Heartbeat CPU 0 instructions: 400000000 cycles: 398266027 heartbeat IPC: 0.843373 cumulative IPC: 0.591107 (Simulation time: 0 hr 21 min 54 sec) 
Finished CPU 0 instructions: 200000006 cycles: 338348673 cumulative IPC: 0.591106 (Simulation time: 0 hr 21 min 54 sec) 

ChampSim completed all CPUs

Region of Interest Statistics

CPU 0 cumulative IPC: 0.591106 instructions: 200000006 cycles: 338348673
ITLB TOTAL     ACCESS:   25522673  HIT:   25522673  MISS:          0  HIT %:        100  MISS %:          0   MPKI: 0
ITLB LOAD TRANSLATION ACCESS:   25522673  HIT:   25522673  MISS:          0  HIT %:        100  MISS %:          0   MPKI: 0
ITLB PREFETCH  REQUESTED:          0  ISSUED:          0  USEFUL:          0  USELESS:          0
ITLB USEFUL LOAD PREFETCHES:          0 PREFETCH ISSUED TO LOWER LEVEL:          0  ACCURACY: -nan
ITLB TIMELY PREFETCHES:          0 LATE PREFETCHES: 0 DROPPED PREFETCHES: 0
ITLB PREFETCHES SAME FILL-ORIGIN LEVEL: 0 DIFFERENT FILL-ORIGIN LEVEL: 0
ITLB AVERAGE MISS LATENCY:       -nan cycles AVERAGE LOAD MISS LATENCY:       -nan cycles Load Miss          0
ITLB Average MSHR Occupancy: 5.14262e-07
ITLB RQ	ACCESS:   31620733	FORWARD:          0	MERGED:    6098061	TO_CACHE:   25522672

DTLB TOTAL     ACCESS:   58251881  HIT:   58062014  MISS:     189867  HIT %:    99.6741  MISS %:   0.325941   MPKI: 0.949335
DTLB LOAD TRANSLATION ACCESS:   58251881  HIT:   58062014  MISS:     189867  HIT %:    99.6741  MISS %:   0.325941   MPKI: 0.949335
DTLB PREFETCH  REQUESTED:          0  ISSUED:          0  USEFUL:          0  USELESS:          0
DTLB USEFUL LOAD PREFETCHES:          0 PREFETCH ISSUED TO LOWER LEVEL:          0  ACCURACY: -nan
DTLB TIMELY PREFETCHES:          0 LATE PREFETCHES: 0 DROPPED PREFETCHES: 0
DTLB PREFETCHES SAME FILL-ORIGIN LEVEL: 0 DIFFERENT FILL-ORIGIN LEVEL: 0
DTLB AVERAGE MISS LATENCY:    92.0902 cycles AVERAGE LOAD MISS LATENCY:       -nan cycles Load Miss          0
DTLB Average MSHR Occupancy:  0.0502156
DTLB RQ	ACCESS:   68707306	FORWARD:          0	MERGED:   10396105	TO_CACHE:   58311201

STLB TOTAL     ACCESS:     189867  HIT:      76937  MISS:     112930  HIT %:    40.5215  MISS %:    59.4785   MPKI: 0.56465
STLB LOAD TRANSLATION ACCESS:     189867  HIT:      76937  MISS:     112930  HIT %:    40.5215  MISS %:    59.4785   MPKI: 0.56465
STLB PREFETCH  REQUESTED:          0  ISSUED:          0  USEFUL:          0  USELESS:          0
STLB USEFUL LOAD PREFETCHES:          0 PREFETCH ISSUED TO LOWER LEVEL:          0  ACCURACY: -nan
STLB TIMELY PREFETCHES:          0 LATE PREFETCHES: 0 DROPPED PREFETCHES: 0
STLB PREFETCHES SAME FILL-ORIGIN LEVEL: 0 DIFFERENT FILL-ORIGIN LEVEL: 0
STLB AVERAGE MISS LATENCY:     139.59 cycles AVERAGE LOAD MISS LATENCY:       -nan cycles Load Miss          0
STLB Average MSHR Occupancy:   0.045024
STLB RQ	ACCESS:     189867	FORWARD:          0	MERGED:          0	TO_CACHE:     189867

STLB Hit, L1D data hit: 0
STLB Hit, L2C data hit: 0
STLB Hit, LLC data hit: 0
STLB Hit, LLC data miss: 0
STLB STLB hints to L2: 0
L1D TOTAL     ACCESS:   62776986  HIT:   57169637  MISS:    5607349  HIT %:    91.0678  MISS %:    8.93217   MPKI: 28.0367
L1D LOAD      ACCESS:   54638700  HIT:   50194143  MISS:    4444557  HIT %:    91.8656  MISS %:    8.13445   MPKI: 22.2228
L1D RFO       ACCESS:    8138286  HIT:    6975494  MISS:    1162792  HIT %:    85.7121  MISS %:    14.2879   MPKI: 5.81396
L1D PREFETCH  REQUESTED:          0  ISSUED:          0  USEFUL:          0  USELESS:          0
L1D USEFUL LOAD PREFETCHES:          0 PREFETCH ISSUED TO LOWER LEVEL:          0  ACCURACY: -nan
L1D TIMELY PREFETCHES:          0 LATE PREFETCHES: 0 DROPPED PREFETCHES: 0
L1D PREFETCHES SAME FILL-ORIGIN LEVEL: 0 DIFFERENT FILL-ORIGIN LEVEL: 0
L1D AVERAGE MISS LATENCY:     88.913 cycles AVERAGE LOAD MISS LATENCY:    36.5306 cycles Load Miss    4444557
L1D Average MSHR Occupancy:    1.48557
L1D RQ	ACCESS:   76668305	FORWARD:          0	MERGED:   20856826	TO_CACHE:   55755743
L1D WQ	ACCESS:   12951910	FORWARD:      55736	MERGED:        347	TO_CACHE:   12951563

L1D UNIQUE REGIONS ACCESSED: 0
L1D REGIONS CONFLICTS: 0
L1D Cross Page Prefetch Requests: 0
L1D Same Page Prefetch Requests: 0
L1D ROI Sum of L1D PQ occupancy: 0
L1D PREFETCHES PUSHED FROM L2C: 0
L1I TOTAL     ACCESS:   31110818  HIT:    8351642  MISS:   22759176  HIT %:    26.8448  MISS %:    73.1552   MPKI: 113.796
L1I LOAD      ACCESS:   31110818  HIT:    8351642  MISS:   22759176  HIT %:    26.8448  MISS %:    73.1552   MPKI: 113.796
L1I PREFETCH  REQUESTED:          0  ISSUED:          0  USEFUL:          0  USELESS:          0
L1I USEFUL LOAD PREFETCHES:          0 PREFETCH ISSUED TO LOWER LEVEL:          0  ACCURACY: -nan
L1I TIMELY PREFETCHES:          0 LATE PREFETCHES: 0 DROPPED PREFETCHES: 0
L1I PREFETCHES SAME FILL-ORIGIN LEVEL: 0 DIFFERENT FILL-ORIGIN LEVEL: 0
L1I AVERAGE MISS LATENCY:    14.0261 cycles AVERAGE LOAD MISS LATENCY:    14.0261 cycles Load Miss   22759176
L1I Average MSHR Occupancy:   0.902242
L1I RQ	ACCESS:   46612939	FORWARD:          0	MERGED:   14992206	TO_CACHE:   31620733

BTB TOTAL     ACCESS:    6786582  HIT:    6786283  MISS:        299  HIT %:    99.9956  MISS %: 0.00440575   MPKI: 0.001495
BTB BRANCH_DIRECT_JUMP	ACCESS:       1192  HIT:       1166  MISS:         26
BTB BRANCH_INDIRECT	ACCESS:          0  HIT:          0  MISS:          0
BTB BRANCH_CONDITIONAL	ACCESS:    6785118  HIT:    6784968  MISS:        150
BTB BRANCH_DIRECT_CALL	ACCESS:        136  HIT:         76  MISS:         60
BTB BRANCH_INDIRECT_CALL	ACCESS:          0  HIT:          0  MISS:          0
BTB BRANCH_RETURN	ACCESS:        136  HIT:         73  MISS:         63
BTB BRANCH_OTHER ACCESS:          0  HIT:          0  MISS:          0

L2C TOTAL     ACCESS:   35054448  HIT:   29964530  MISS:    5089918  HIT %:      85.48  MISS %:      14.52   MPKI: 25.4496
L2C LOAD      ACCESS:   27203722  HIT:   25882482  MISS:    1321240  HIT %:    95.1432  MISS %:    4.85684   MPKI: 6.6062
L2C DATA LOAD MPKI: 6.60247
L2C INSTRUCTION LOAD MPKI: 0.003725
L2C RFO       ACCESS:    1162792  HIT:         19  MISS:    1162773  HIT %:   0.001634  MISS %:    99.9984   MPKI: 5.81386
L2C PREFETCH  ACCESS:    5143226  HIT:    2561464  MISS:    2581762  HIT %:    49.8027  MISS %:    50.1973   MPKI: 12.9088
AGUS PREFETCH L1 MISS: 0
L2C DATA PREFETCH MPKI: 12.9088
L2C INSTRUCTION PREFETCH MPKI: 0
L2C WRITEBACK ACCESS:    1430953  HIT:    1430474  MISS:        479  HIT %:    99.9665  MISS %:  0.0334742   MPKI: 0.002395
L2C LOAD TRANSLATION ACCESS:     113755  HIT:      90091  MISS:      23664  HIT %:    79.1974  MISS %:    20.8026   MPKI: 0.11832
L2C PREFETCH  REQUESTED:   33714084  ISSUED:   31736757  USEFUL:    2558113  USELESS:      23692
L2C USEFUL LOAD PREFETCHES:    2558113 PREFETCH ISSUED TO LOWER LEVEL:   28593704  ACCURACY: 8.94642
L2C TIMELY PREFETCHES:    2558113 LATE PREFETCHES: 102012 DROPPED PREFETCHES: 0
L2C PREFETCHES SAME FILL-ORIGIN LEVEL: 2683774 DIFFERENT FILL-ORIGIN LEVEL: 25909930
L2C AVERAGE MISS LATENCY:    108.244 cycles AVERAGE LOAD MISS LATENCY:    72.9789 cycles Load Miss    1321240
L2C Average MSHR Occupancy:    1.62833
L2C RQ	ACCESS:   28480280	FORWARD:          0	MERGED:          0	TO_CACHE:   28480270
L2C WQ	ACCESS:    1430953	FORWARD:         10	MERGED:          0	TO_CACHE:    1430953
L2C PQ	ACCESS:   31736757	FORWARD:          0	MERGED:     522492	TO_CACHE:   31214265

L2C Instructions Evicting Data 732
L2C Translations Evicting Data 23554
L2C Data Evicting Data 5040684
L2C Instructions Evicting Instructions 0
L2C Translations Evicting Instructions 3
L2C Data Evicting Instructions 745
L2C Instructions Evicting Translations 13
L2C Translations Evicting Translations 107
L2C Data Evicting Translations 23601
L2C Dense regions hint from L2: 0
PSCL5 TOTAL     ACCESS:     112930  HIT:     112930  MISS:          0  HIT %:        100  MISS %:          0   MPKI: 0
PSCL5 LOAD TRANSLATION ACCESS:     112930  HIT:     112930  MISS:          0  HIT %:        100  MISS %:          0   MPKI: 0
PSCL5 PREFETCH  REQUESTED:          0  ISSUED:          0  USEFUL:          0  USELESS:          0
PSCL5 USEFUL LOAD PREFETCHES:          0 PREFETCH ISSUED TO LOWER LEVEL:          0  ACCURACY: -nan
PSCL5 TIMELY PREFETCHES:          0 LATE PREFETCHES: 0 DROPPED PREFETCHES: 0
PSCL5 PREFETCHES SAME FILL-ORIGIN LEVEL: 0 DIFFERENT FILL-ORIGIN LEVEL: 0

PSCL4 TOTAL     ACCESS:     112930  HIT:     112930  MISS:          0  HIT %:        100  MISS %:          0   MPKI: 0
PSCL4 LOAD TRANSLATION ACCESS:     112930  HIT:     112930  MISS:          0  HIT %:        100  MISS %:          0   MPKI: 0
PSCL4 PREFETCH  REQUESTED:          0  ISSUED:          0  USEFUL:          0  USELESS:          0
PSCL4 USEFUL LOAD PREFETCHES:          0 PREFETCH ISSUED TO LOWER LEVEL:          0  ACCURACY: -nan
PSCL4 TIMELY PREFETCHES:          0 LATE PREFETCHES: 0 DROPPED PREFETCHES: 0
PSCL4 PREFETCHES SAME FILL-ORIGIN LEVEL: 0 DIFFERENT FILL-ORIGIN LEVEL: 0

PSCL3 TOTAL     ACCESS:     112563  HIT:     112554  MISS:          9  HIT %:     99.992  MISS %: 0.00799552   MPKI: 4.5e-05
PSCL3 LOAD TRANSLATION ACCESS:     112563  HIT:     112554  MISS:          9  HIT %:     99.992  MISS %: 0.00799552   MPKI: 4.5e-05
PSCL3 PREFETCH  REQUESTED:          0  ISSUED:          0  USEFUL:          0  USELESS:          0
PSCL3 USEFUL LOAD PREFETCHES:          0 PREFETCH ISSUED TO LOWER LEVEL:          0  ACCURACY: -nan
PSCL3 TIMELY PREFETCHES:          0 LATE PREFETCHES: 0 DROPPED PREFETCHES: 0
PSCL3 PREFETCHES SAME FILL-ORIGIN LEVEL: 0 DIFFERENT FILL-ORIGIN LEVEL: 0

PSCL2 TOTAL     ACCESS:     112930  HIT:     112109  MISS:        821  HIT %:     99.273  MISS %:   0.726999   MPKI: 0.004105
PSCL2 LOAD TRANSLATION ACCESS:     112930  HIT:     112109  MISS:        821  HIT %:     99.273  MISS %:   0.726999   MPKI: 0.004105
PSCL2 PREFETCH  REQUESTED:          0  ISSUED:          0  USEFUL:          0  USELESS:          0
PSCL2 USEFUL LOAD PREFETCHES:          0 PREFETCH ISSUED TO LOWER LEVEL:          0  ACCURACY: -nan
PSCL2 TIMELY PREFETCHES:          0 LATE PREFETCHES: 0 DROPPED PREFETCHES: 0
PSCL2 PREFETCHES SAME FILL-ORIGIN LEVEL: 0 DIFFERENT FILL-ORIGIN LEVEL: 0

LLC TOTAL     ACCESS:   30807285  HIT:   24348462  MISS:    6458823  HIT %:    79.0348  MISS %:    20.9652   MPKI: 32.2941
LLC LOAD      ACCESS:    1219228  HIT:    1073558  MISS:     145670  HIT %:    88.0523  MISS %:    11.9477   MPKI: 0.72835
LLC RFO       ACCESS:    1162773  HIT:      15107  MISS:    1147666  HIT %:    1.29922  MISS %:    98.7008   MPKI: 5.73833
LLC PREFETCH  ACCESS:   26971897  HIT:   22950528  MISS:    4021369  HIT %:    85.0905  MISS %:    14.9095   MPKI: 20.1068
AGUS PREFETCH L1 MISS: 0
LLC WRITEBACK ACCESS:    1429723  HIT:     309172  MISS:    1120551  HIT %:    21.6246  MISS %:    78.3754   MPKI: 5.60275
LLC LOAD TRANSLATION ACCESS:      23664  HIT:         97  MISS:      23567  HIT %:   0.409905  MISS %:    99.5901   MPKI: 0.117835
LLC PREFETCH  REQUESTED:          0  ISSUED:          0  USEFUL:    1069766  USELESS:    2858324
LLC USEFUL LOAD PREFETCHES:    1069766 PREFETCH ISSUED TO LOWER LEVEL:    4038193  ACCURACY: 26.4912
LLC TIMELY PREFETCHES:    1069766 LATE PREFETCHES: 16816 DROPPED PREFETCHES: 0
LLC PREFETCHES SAME FILL-ORIGIN LEVEL: 3978063 DIFFERENT FILL-ORIGIN LEVEL: 0
LLC AVERAGE MISS LATENCY:    195.746 cycles AVERAGE LOAD MISS LATENCY:    241.199 cycles Load Miss     145670
LLC Average MSHR Occupancy:    3.73102
LLC RQ	ACCESS:    2405664	FORWARD:          0	MERGED:          0	TO_CACHE:    2405664
LLC WQ	ACCESS:    1429723	FORWARD:          0	MERGED:          0	TO_CACHE:    1429723
LLC PQ	ACCESS:   28593702	FORWARD:          0	MERGED:     221039	TO_CACHE:   28372663

LLC Dense regions hint to LLC: 0

RAW hits: 3119916
Loads Generated: 79788225
Loads sent to L1D: 76668305
Stores Generated: 12953045
Stores sent to L1D: 12953045
Major fault: 0 Minor fault: 55469
Allocated PAGES: 55469
 All Calls: 9127409
 Critical Calls: 9127409
------------------
Depth Distribution
------------------
depth 0: 0
depth 1: 8305803
depth 2: 7956438
depth 3: 7611113
depth 4: 7009337
depth 5: 6512111
depth 6: 5628834
depth 7: 4609782
depth 8: 3379862
depth 9: 2059827
depth 10: 1196200
depth 11: 717909
depth 12: 408408
depth 13: 163331
depth 14: 37882
depth 15: 35950
depth 16: 91
depth 17: 0
depth 18: 0
depth 19: 0
depth 20: 0
depth 21: 0
depth 22: 0
depth 23: 0
depth 24: 0
depth 25: 0
depth 26: 0
depth 27: 0
depth 28: 0
depth 29: 0
Total: 55632878
-----------------------------
-----------------------------
	Captured at Filter
-----------------------------
depth 0: 0
depth 1: 257575
depth 2: 248118
depth 3: 239841
depth 4: 214184
depth 5: 193435
depth 6: 156593
depth 7: 119892
depth 8: 83712
depth 9: 39633
depth 10: 11115
depth 11: 4550
depth 12: 2256
depth 13: 906
depth 14: 171
depth 15: 166
depth 16: 2
depth 17: 0
depth 18: 0
depth 19: 0
depth 20: 0
depth 21: 0
depth 22: 0
depth 23: 0
depth 24: 0
depth 25: 0
depth 26: 0
depth 27: 0
depth 28: 0
depth 29: 0
-----------------------------
-----------------------------
		Lost at Page
-----------------------------
depth 0: 0
depth 1: 143411
depth 2: 283189
depth 3: 422748
depth 4: 537332
depth 5: 649531
depth 6: 688793
depth 7: 678014
depth 8: 597737
depth 9: 448706
depth 10: 277395
depth 11: 175163
depth 12: 105017
depth 13: 45511
depth 14: 10702
depth 15: 11453
depth 16: 5
depth 17: 0
depth 18: 0
depth 19: 0
depth 20: 0
depth 21: 0
depth 22: 0
depth 23: 0
depth 24: 0
depth 25: 0
depth 26: 0
depth 27: 0
depth 28: 0
depth 29: 0
-----------------------------
-----------------------------
	Lost due to PQ Size
-----------------------------
7053076
-----------------------------
ST read accesses: 4351367
ST write accesses: 93178
PT read accesses: 210011255
PT write accesses: 6479494
FILTER read accesses: 44169658
FILTER write accesses: 11041739
GHR read accesses: 17916420
GHR write accesses: 2924565
GHR counter read accesses: 176852294
GHR counter write accesses: 10476375
ST tag read accesses: 1756188006
ST tag write accesses: 53575311
================ Mockingjay (LLC) Pollution Stats ================
Total pollution count in LLC: 110948
==================================================================

DRAM Statistics
 CHANNEL 0
 RQ ROW_BUFFER_HIT:     932855  ROW_BUFFER_MISS:    4405422
 DBUS_CONGESTED:        882
 WQ ROW_BUFFER_HIT:     400076  ROW_BUFFER_MISS:    1027187  FULL:       1410

 AVG_CONGESTED_CYCLE: 5
 All warmup complete: 2
Channel 0 Bank busy for read cycles: 0
Channel 0 Bank busy for write cycles: 0
Channel 0
Rank 0
0banks busy for read cycles: 28887774
0banks busy for write cycles: 93706
1banks busy for read cycles: 73598130
1banks busy for write cycles: 11610035
2banks busy for read cycles: 53898907
2banks busy for write cycles: 7768477
3banks busy for read cycles: 43545406
3banks busy for write cycles: 5064994
4banks busy for read cycles: 25452351
4banks busy for write cycles: 3437615
5banks busy for read cycles: 16052050
5banks busy for write cycles: 2805606
6banks busy for read cycles: 10464338
6banks busy for write cycles: 2715763
7banks busy for read cycles: 7855769
7banks busy for write cycles: 4640211
8banks busy for read cycles: 13500363
8banks busy for write cycles: 26957179

CPU 0 Branch Prediction Accuracy: 99.7719% MPKI: 0.077665 Average ROB Occupancy at Mispredict: 133.463
Branch types
NOT_BRANCH: 193189734 96.5949%
BRANCH_DIRECT_JUMP: 1192 0.000596%
BRANCH_INDIRECT: 0 0%
BRANCH_CONDITIONAL: 6808589 3.40429%
BRANCH_DIRECT_CALL: 136 6.8e-05%
BRANCH_INDIRECT_CALL: 0 0%
BRANCH_RETURN: 136 6.8e-05%
BRANCH_OTHER: 0 0%

===================== LRU L1D STATS =====================
Total pollution count in L1D: 0
=========================================================
================ SRRIP (L2C) Pollution Stats ================
Total pollution count in L2c: 2612450
==================================================================
DRAM PAGES: 1048576
Allocated PAGES: 55469
