Initialize SIGNATURE TABLE
ST_SET: 1
ST_WAY: 256
ST_TAG_BIT: 16
ST_TAG_MASK: ffff

Initialize PATTERN TABLE
PT_SET: 512
PT_WAY: 4
SIG_DELTA_BIT: 7
C_SIG_BIT: 4
C_DELTA_BIT: 4

Initialize PREFETCH FILTER
FILTER_SET: 1024

*** ChampSim Multicore Out-of-Order Simulator ***

Warmup Instructions: 200000000
Simulation Instructions: 200000000
Number of CPUs: 1
LLC sets: 4096
LLC ways: 12
Off-chip DRAM Size: 4096 MB Channels: 1 Width: 64-bit Data Rate: 6400 MT/s
CPU 0 runs ./tracer/traces/654.roms_s-1070B.champsimtrace.xz
.xz
BTB has LRU replacement policy
ITLB has LRU replacement policy
DTLB has LRU replacement policy
STLB has LRU replacement policy
L1I has LRU replacement policy
L1D has LRU replacement policy
ST_WAYS: 256
PT_SETS: 512
Initialize SRRIP state for L2C
Initialize Mockingjay state for LLC
Heartbeat CPU 0 instructions: 10000002 cycles: 2719527 heartbeat IPC: 3.67711 cumulative IPC: 3.67711 (Simulation time: 0 hr 0 min 25 sec) 
Heartbeat CPU 0 instructions: 20000000 cycles: 5543466 heartbeat IPC: 3.54115 cumulative IPC: 3.60785 (Simulation time: 0 hr 0 min 44 sec) 
Heartbeat CPU 0 instructions: 30000007 cycles: 8112766 heartbeat IPC: 3.89211 cumulative IPC: 3.69788 (Simulation time: 0 hr 1 min 5 sec) 
Heartbeat CPU 0 instructions: 40000006 cycles: 11086822 heartbeat IPC: 3.36241 cumulative IPC: 3.60789 (Simulation time: 0 hr 1 min 30 sec) 
Heartbeat CPU 0 instructions: 50000000 cycles: 13839950 heartbeat IPC: 3.63223 cumulative IPC: 3.61273 (Simulation time: 0 hr 1 min 45 sec) 
Heartbeat CPU 0 instructions: 60000000 cycles: 16606540 heartbeat IPC: 3.61456 cumulative IPC: 3.61303 (Simulation time: 0 hr 2 min 10 sec) 
Heartbeat CPU 0 instructions: 70000002 cycles: 19384386 heartbeat IPC: 3.59991 cumulative IPC: 3.61115 (Simulation time: 0 hr 2 min 27 sec) 
Heartbeat CPU 0 instructions: 80000004 cycles: 21966021 heartbeat IPC: 3.87352 cumulative IPC: 3.64199 (Simulation time: 0 hr 2 min 46 sec) 
Heartbeat CPU 0 instructions: 90000000 cycles: 24930446 heartbeat IPC: 3.37333 cumulative IPC: 3.61004 (Simulation time: 0 hr 3 min 8 sec) 
Heartbeat CPU 0 instructions: 100000003 cycles: 27683584 heartbeat IPC: 3.63222 cumulative IPC: 3.61225 (Simulation time: 0 hr 3 min 23 sec) 
Heartbeat CPU 0 instructions: 110000007 cycles: 30474285 heartbeat IPC: 3.58333 cumulative IPC: 3.6096 (Simulation time: 0 hr 3 min 49 sec) 
Heartbeat CPU 0 instructions: 120000004 cycles: 33227416 heartbeat IPC: 3.63223 cumulative IPC: 3.61148 (Simulation time: 0 hr 4 min 5 sec) 
Heartbeat CPU 0 instructions: 130000006 cycles: 35852452 heartbeat IPC: 3.80947 cumulative IPC: 3.62597 (Simulation time: 0 hr 4 min 26 sec) 
Heartbeat CPU 0 instructions: 140000005 cycles: 38770787 heartbeat IPC: 3.42661 cumulative IPC: 3.61097 (Simulation time: 0 hr 4 min 46 sec) 
Heartbeat CPU 0 instructions: 150000007 cycles: 41474733 heartbeat IPC: 3.6983 cumulative IPC: 3.61666 (Simulation time: 0 hr 5 min 3 sec) 
Heartbeat CPU 0 instructions: 160000000 cycles: 44315087 heartbeat IPC: 3.52069 cumulative IPC: 3.61051 (Simulation time: 0 hr 5 min 27 sec) 
Heartbeat CPU 0 instructions: 170000000 cycles: 47068202 heartbeat IPC: 3.63225 cumulative IPC: 3.61178 (Simulation time: 0 hr 5 min 42 sec) 
Heartbeat CPU 0 instructions: 180000000 cycles: 49742044 heartbeat IPC: 3.73994 cumulative IPC: 3.61867 (Simulation time: 0 hr 6 min 4 sec) 
Heartbeat CPU 0 instructions: 190000000 cycles: 52614284 heartbeat IPC: 3.4816 cumulative IPC: 3.61119 (Simulation time: 0 hr 6 min 23 sec) 
Heartbeat CPU 0 instructions: 200000005 cycles: 55364090 heartbeat IPC: 3.63662 cumulative IPC: 3.61245 (Simulation time: 0 hr 6 min 39 sec) 

Warmup complete CPU 0 instructions: 200000005 cycles: 55364090 (Simulation time: 0 hr 6 min 39 sec) 

Heartbeat CPU 0 instructions: 210000001 cycles: 74794537 heartbeat IPC: 0.514656 cumulative IPC: 0.514656 (Simulation time: 0 hr 7 min 23 sec) 
Heartbeat CPU 0 instructions: 220000000 cycles: 95554044 heartbeat IPC: 0.481707 cumulative IPC: 0.497637 (Simulation time: 0 hr 7 min 53 sec) 
Heartbeat CPU 0 instructions: 230000005 cycles: 117696244 heartbeat IPC: 0.451627 cumulative IPC: 0.481293 (Simulation time: 0 hr 8 min 31 sec) 
Heartbeat CPU 0 instructions: 240000000 cycles: 137270388 heartbeat IPC: 0.510878 cumulative IPC: 0.488363 (Simulation time: 0 hr 9 min 9 sec) 
Heartbeat CPU 0 instructions: 250000000 cycles: 158704160 heartbeat IPC: 0.466553 cumulative IPC: 0.483839 (Simulation time: 0 hr 9 min 39 sec) 
Heartbeat CPU 0 instructions: 260000001 cycles: 178975946 heartbeat IPC: 0.493297 cumulative IPC: 0.48539 (Simulation time: 0 hr 10 min 25 sec) 
Heartbeat CPU 0 instructions: 270000000 cycles: 199679858 heartbeat IPC: 0.483 cumulative IPC: 0.485047 (Simulation time: 0 hr 10 min 54 sec) 
Heartbeat CPU 0 instructions: 280000002 cycles: 222228211 heartbeat IPC: 0.443491 cumulative IPC: 0.479432 (Simulation time: 0 hr 11 min 32 sec) 
Heartbeat CPU 0 instructions: 290000000 cycles: 241379245 heartbeat IPC: 0.522165 cumulative IPC: 0.483832 (Simulation time: 0 hr 12 min 16 sec) 
Heartbeat CPU 0 instructions: 300000001 cycles: 262081145 heartbeat IPC: 0.483047 cumulative IPC: 0.483753 (Simulation time: 0 hr 13 min 5 sec) 
Heartbeat CPU 0 instructions: 310000002 cycles: 283073311 heartbeat IPC: 0.476368 cumulative IPC: 0.483072 (Simulation time: 0 hr 14 min 20 sec) 
Heartbeat CPU 0 instructions: 320000000 cycles: 303774016 heartbeat IPC: 0.483075 cumulative IPC: 0.483072 (Simulation time: 0 hr 15 min 2 sec) 
Heartbeat CPU 0 instructions: 330000004 cycles: 326715301 heartbeat IPC: 0.435896 cumulative IPC: 0.479084 (Simulation time: 0 hr 15 min 49 sec) 
Heartbeat CPU 0 instructions: 340000001 cycles: 345450031 heartbeat IPC: 0.533768 cumulative IPC: 0.482616 (Simulation time: 0 hr 16 min 38 sec) 
Heartbeat CPU 0 instructions: 350000005 cycles: 366152377 heartbeat IPC: 0.483037 cumulative IPC: 0.482644 (Simulation time: 0 hr 17 min 13 sec) 
Heartbeat CPU 0 instructions: 360000000 cycles: 387324435 heartbeat IPC: 0.47232 cumulative IPC: 0.481985 (Simulation time: 0 hr 18 min 5 sec) 
Heartbeat CPU 0 instructions: 370000001 cycles: 407818492 heartbeat IPC: 0.487946 cumulative IPC: 0.482332 (Simulation time: 0 hr 18 min 42 sec) 
Heartbeat CPU 0 instructions: 380000001 cycles: 431164285 heartbeat IPC: 0.428343 cumulative IPC: 0.478978 (Simulation time: 0 hr 19 min 20 sec) 
Heartbeat CPU 0 instructions: 390000001 cycles: 449478236 heartbeat IPC: 0.546032 cumulative IPC: 0.482094 (Simulation time: 0 hr 20 min 11 sec) 
Heartbeat CPU 0 instructions: 400000005 cycles: 470179593 heartbeat IPC: 0.48306 cumulative IPC: 0.482142 (Simulation time: 0 hr 20 min 50 sec) 
Finished CPU 0 instructions: 200000000 cycles: 414815503 cumulative IPC: 0.482142 (Simulation time: 0 hr 20 min 50 sec) 

ChampSim completed all CPUs

Region of Interest Statistics

CPU 0 cumulative IPC: 0.482142 instructions: 200000000 cycles: 414815503
ITLB TOTAL     ACCESS:   28627186  HIT:   28627186  MISS:          0  HIT %:        100  MISS %:          0   MPKI: 0
ITLB LOAD TRANSLATION ACCESS:   28627186  HIT:   28627186  MISS:          0  HIT %:        100  MISS %:          0   MPKI: 0
ITLB PREFETCH  REQUESTED:          0  ISSUED:          0  USEFUL:          0  USELESS:          0
ITLB USEFUL LOAD PREFETCHES:          0 PREFETCH ISSUED TO LOWER LEVEL:          0  ACCURACY: -nan
ITLB TIMELY PREFETCHES:          0 LATE PREFETCHES: 0 DROPPED PREFETCHES: 0
ITLB PREFETCHES SAME FILL-ORIGIN LEVEL: 0 DIFFERENT FILL-ORIGIN LEVEL: 0
ITLB AVERAGE MISS LATENCY:       -nan cycles AVERAGE LOAD MISS LATENCY:       -nan cycles Load Miss          0
ITLB Average MSHR Occupancy: 1.20536e-08
ITLB RQ	ACCESS:   34583815	FORWARD:          0	MERGED:    5956630	TO_CACHE:   28627185

DTLB TOTAL     ACCESS:   61574014  HIT:   61450517  MISS:     123497  HIT %:    99.7994  MISS %:   0.200567   MPKI: 0.617485
DTLB LOAD TRANSLATION ACCESS:   61574014  HIT:   61450517  MISS:     123497  HIT %:    99.7994  MISS %:   0.200567   MPKI: 0.617485
DTLB PREFETCH  REQUESTED:          0  ISSUED:          0  USEFUL:          0  USELESS:          0
DTLB USEFUL LOAD PREFETCHES:          0 PREFETCH ISSUED TO LOWER LEVEL:          0  ACCURACY: -nan
DTLB TIMELY PREFETCHES:          0 LATE PREFETCHES: 0 DROPPED PREFETCHES: 0
DTLB PREFETCHES SAME FILL-ORIGIN LEVEL: 0 DIFFERENT FILL-ORIGIN LEVEL: 0
DTLB AVERAGE MISS LATENCY:    136.037 cycles AVERAGE LOAD MISS LATENCY:       -nan cycles Load Miss          0
DTLB Average MSHR Occupancy:  0.0278297
DTLB RQ	ACCESS:   65990860	FORWARD:          0	MERGED:    4376715	TO_CACHE:   61614145

STLB TOTAL     ACCESS:     123497  HIT:      31544  MISS:      91953  HIT %:    25.5423  MISS %:    74.4577   MPKI: 0.459765
STLB LOAD TRANSLATION ACCESS:     123497  HIT:      31544  MISS:      91953  HIT %:    25.5423  MISS %:    74.4577   MPKI: 0.459765
STLB PREFETCH  REQUESTED:          0  ISSUED:          0  USEFUL:          0  USELESS:          0
STLB USEFUL LOAD PREFETCHES:          0 PREFETCH ISSUED TO LOWER LEVEL:          0  ACCURACY: -nan
STLB TIMELY PREFETCHES:          0 LATE PREFETCHES: 0 DROPPED PREFETCHES: 0
STLB PREFETCHES SAME FILL-ORIGIN LEVEL: 0 DIFFERENT FILL-ORIGIN LEVEL: 0
STLB AVERAGE MISS LATENCY:    168.621 cycles AVERAGE LOAD MISS LATENCY:       -nan cycles Load Miss          0
STLB Average MSHR Occupancy:  0.0249768
STLB RQ	ACCESS:     123497	FORWARD:          0	MERGED:          0	TO_CACHE:     123497

STLB Hit, L1D data hit: 0
STLB Hit, L2C data hit: 0
STLB Hit, LLC data hit: 0
STLB Hit, LLC data miss: 0
STLB STLB hints to L2: 0
L1D TOTAL     ACCESS:   58876965  HIT:   53151100  MISS:    5725865  HIT %:    90.2749  MISS %:    9.72514   MPKI: 28.6293
L1D LOAD      ACCESS:   55320278  HIT:   50876877  MISS:    4443401  HIT %:    91.9679  MISS %:    8.03214   MPKI: 22.217
L1D RFO       ACCESS:    3556687  HIT:    2274223  MISS:    1282464  HIT %:    63.9422  MISS %:    36.0578   MPKI: 6.41232
L1D PREFETCH  REQUESTED:          0  ISSUED:          0  USEFUL:          0  USELESS:          0
L1D USEFUL LOAD PREFETCHES:          0 PREFETCH ISSUED TO LOWER LEVEL:          0  ACCURACY: -nan
L1D TIMELY PREFETCHES:          0 LATE PREFETCHES: 0 DROPPED PREFETCHES: 0
L1D PREFETCHES SAME FILL-ORIGIN LEVEL: 0 DIFFERENT FILL-ORIGIN LEVEL: 0
L1D AVERAGE MISS LATENCY:    82.9419 cycles AVERAGE LOAD MISS LATENCY:     29.827 cycles Load Miss    4443401
L1D Average MSHR Occupancy:    1.13577
L1D RQ	ACCESS:   69871231	FORWARD:          0	MERGED:   14056979	TO_CACHE:   55814252
L1D WQ	ACCESS:   10176608	FORWARD:          0	MERGED:          0	TO_CACHE:   10176608

L1D UNIQUE REGIONS ACCESSED: 0
L1D REGIONS CONFLICTS: 0
L1D Cross Page Prefetch Requests: 0
L1D Same Page Prefetch Requests: 0
L1D ROI Sum of L1D PQ occupancy: 0
L1D PREFETCHES PUSHED FROM L2C: 0
L1I TOTAL     ACCESS:   33732947  HIT:          0  MISS:   33732947  HIT %:          0  MISS %:        100   MPKI: 168.665
L1I LOAD      ACCESS:   33732947  HIT:          0  MISS:   33732947  HIT %:          0  MISS %:        100   MPKI: 168.665
L1I PREFETCH  REQUESTED:          0  ISSUED:          0  USEFUL:          0  USELESS:          0
L1I USEFUL LOAD PREFETCHES:          0 PREFETCH ISSUED TO LOWER LEVEL:          0  ACCURACY: -nan
L1I TIMELY PREFETCHES:          0 LATE PREFETCHES: 0 DROPPED PREFETCHES: 0
L1I PREFETCHES SAME FILL-ORIGIN LEVEL: 0 DIFFERENT FILL-ORIGIN LEVEL: 0
L1I AVERAGE MISS LATENCY:    14.1152 cycles AVERAGE LOAD MISS LATENCY:    14.1152 cycles Load Miss   33732947
L1I Average MSHR Occupancy:    1.05756
L1I RQ	ACCESS:   42242243	FORWARD:          0	MERGED:    7658428	TO_CACHE:   34583815

BTB TOTAL     ACCESS:   10419654  HIT:   10419642  MISS:         12  HIT %:    99.9999  MISS %: 0.000115167   MPKI: 6e-05
BTB BRANCH_DIRECT_JUMP	ACCESS:     115200  HIT:     115198  MISS:          2
BTB BRANCH_INDIRECT	ACCESS:          0  HIT:          0  MISS:          0
BTB BRANCH_CONDITIONAL	ACCESS:   10304454  HIT:   10304444  MISS:         10
BTB BRANCH_DIRECT_CALL	ACCESS:          0  HIT:          0  MISS:          0
BTB BRANCH_INDIRECT_CALL	ACCESS:          0  HIT:          0  MISS:          0
BTB BRANCH_RETURN	ACCESS:          0  HIT:          0  MISS:          0
BTB BRANCH_OTHER ACCESS:          0  HIT:          0  MISS:          0

L2C TOTAL     ACCESS:   49234081  HIT:   45060116  MISS:    4173965  HIT %:    91.5222  MISS %:     8.4778   MPKI: 20.8698
L2C LOAD      ACCESS:   38176348  HIT:   37266425  MISS:     909923  HIT %:    97.6165  MISS %:    2.38347   MPKI: 4.54962
L2C DATA LOAD MPKI: 4.54857
L2C INSTRUCTION LOAD MPKI: 0.00104
L2C RFO       ACCESS:    1282464  HIT:          0  MISS:    1282464  HIT %:          0  MISS %:        100   MPKI: 6.41232
L2C PREFETCH  ACCESS:    8392332  HIT:    6430063  MISS:    1962269  HIT %:    76.6183  MISS %:    23.3817   MPKI: 9.81134
AGUS PREFETCH L1 MISS: 0
L2C DATA PREFETCH MPKI: 9.81134
L2C INSTRUCTION PREFETCH MPKI: 0
L2C WRITEBACK ACCESS:    1290829  HIT:    1290378  MISS:        451  HIT %:    99.9651  MISS %:  0.0349388   MPKI: 0.002255
L2C LOAD TRANSLATION ACCESS:      92108  HIT:      73250  MISS:      18858  HIT %:    79.5262  MISS %:    20.4738   MPKI: 0.09429
L2C PREFETCH  REQUESTED:   28745514  ISSUED:   25706107  USEFUL:    1942906  USELESS:      19317
L2C USEFUL LOAD PREFETCHES:    1942906 PREFETCH ISSUED TO LOWER LEVEL:   19148471  ACCURACY: 10.1465
L2C TIMELY PREFETCHES:    1942906 LATE PREFETCHES: 8811 DROPPED PREFETCHES: 0
L2C PREFETCHES SAME FILL-ORIGIN LEVEL: 1971080 DIFFERENT FILL-ORIGIN LEVEL: 17177391
L2C AVERAGE MISS LATENCY:    117.364 cycles AVERAGE LOAD MISS LATENCY:    69.9433 cycles Load Miss     909923
L2C Average MSHR Occupancy:    1.16825
L2C RQ	ACCESS:   39550919	FORWARD:          0	MERGED:          0	TO_CACHE:   39550919
L2C WQ	ACCESS:    1290829	FORWARD:          0	MERGED:          0	TO_CACHE:    1290829
L2C PQ	ACCESS:   25706107	FORWARD:          0	MERGED:     118374	TO_CACHE:   25587733

L2C Instructions Evicting Data 208
L2C Translations Evicting Data 18754
L2C Data Evicting Data 4135525
L2C Instructions Evicting Instructions 0
L2C Translations Evicting Instructions 5
L2C Data Evicting Instructions 196
L2C Instructions Evicting Translations 0
L2C Translations Evicting Translations 99
L2C Data Evicting Translations 18727
L2C Dense regions hint from L2: 0
PSCL5 TOTAL     ACCESS:      91953  HIT:      91953  MISS:          0  HIT %:        100  MISS %:          0   MPKI: 0
PSCL5 LOAD TRANSLATION ACCESS:      91953  HIT:      91953  MISS:          0  HIT %:        100  MISS %:          0   MPKI: 0
PSCL5 PREFETCH  REQUESTED:          0  ISSUED:          0  USEFUL:          0  USELESS:          0
PSCL5 USEFUL LOAD PREFETCHES:          0 PREFETCH ISSUED TO LOWER LEVEL:          0  ACCURACY: -nan
PSCL5 TIMELY PREFETCHES:          0 LATE PREFETCHES: 0 DROPPED PREFETCHES: 0
PSCL5 PREFETCHES SAME FILL-ORIGIN LEVEL: 0 DIFFERENT FILL-ORIGIN LEVEL: 0

PSCL4 TOTAL     ACCESS:      91953  HIT:      91953  MISS:          0  HIT %:        100  MISS %:          0   MPKI: 0
PSCL4 LOAD TRANSLATION ACCESS:      91953  HIT:      91953  MISS:          0  HIT %:        100  MISS %:          0   MPKI: 0
PSCL4 PREFETCH  REQUESTED:          0  ISSUED:          0  USEFUL:          0  USELESS:          0
PSCL4 USEFUL LOAD PREFETCHES:          0 PREFETCH ISSUED TO LOWER LEVEL:          0  ACCURACY: -nan
PSCL4 TIMELY PREFETCHES:          0 LATE PREFETCHES: 0 DROPPED PREFETCHES: 0
PSCL4 PREFETCHES SAME FILL-ORIGIN LEVEL: 0 DIFFERENT FILL-ORIGIN LEVEL: 0

PSCL3 TOTAL     ACCESS:      87933  HIT:      87912  MISS:         21  HIT %:    99.9761  MISS %:  0.0238818   MPKI: 0.000105
PSCL3 LOAD TRANSLATION ACCESS:      87933  HIT:      87912  MISS:         21  HIT %:    99.9761  MISS %:  0.0238818   MPKI: 0.000105
PSCL3 PREFETCH  REQUESTED:          0  ISSUED:          0  USEFUL:          0  USELESS:          0
PSCL3 USEFUL LOAD PREFETCHES:          0 PREFETCH ISSUED TO LOWER LEVEL:          0  ACCURACY: -nan
PSCL3 TIMELY PREFETCHES:          0 LATE PREFETCHES: 0 DROPPED PREFETCHES: 0
PSCL3 PREFETCHES SAME FILL-ORIGIN LEVEL: 0 DIFFERENT FILL-ORIGIN LEVEL: 0

PSCL2 TOTAL     ACCESS:      91953  HIT:      91679  MISS:        274  HIT %:     99.702  MISS %:   0.297978   MPKI: 0.00137
PSCL2 LOAD TRANSLATION ACCESS:      91953  HIT:      91679  MISS:        274  HIT %:     99.702  MISS %:   0.297978   MPKI: 0.00137
PSCL2 PREFETCH  REQUESTED:          0  ISSUED:          0  USEFUL:          0  USELESS:          0
PSCL2 USEFUL LOAD PREFETCHES:          0 PREFETCH ISSUED TO LOWER LEVEL:          0  ACCURACY: -nan
PSCL2 TIMELY PREFETCHES:          0 LATE PREFETCHES: 0 DROPPED PREFETCHES: 0
PSCL2 PREFETCHES SAME FILL-ORIGIN LEVEL: 0 DIFFERENT FILL-ORIGIN LEVEL: 0

LLC TOTAL     ACCESS:   22496025  HIT:   16957867  MISS:    5538158  HIT %:    75.3816  MISS %:    24.6184   MPKI: 27.6908
LLC LOAD      ACCESS:     901112  HIT:     805816  MISS:      95296  HIT %:    89.4246  MISS %:    10.5754   MPKI: 0.47648
LLC RFO       ACCESS:    1282464  HIT:       2633  MISS:    1279831  HIT %:   0.205308  MISS %:    99.7947   MPKI: 6.39916
LLC PREFETCH  ACCESS:   18997595  HIT:   16067216  MISS:    2930379  HIT %:     84.575  MISS %:     15.425   MPKI: 14.6519
AGUS PREFETCH L1 MISS: 0
LLC WRITEBACK ACCESS:    1295996  HIT:      82177  MISS:    1213819  HIT %:    6.34084  MISS %:    93.6592   MPKI: 6.06909
LLC LOAD TRANSLATION ACCESS:      18858  HIT:         25  MISS:      18833  HIT %:    0.13257  MISS %:    99.8674   MPKI: 0.094165
LLC PREFETCH  REQUESTED:          0  ISSUED:          0  USEFUL:     802743  USELESS:    2080677
LLC USEFUL LOAD PREFETCHES:     802743 PREFETCH ISSUED TO LOWER LEVEL:    2933028  ACCURACY: 27.3691
LLC TIMELY PREFETCHES:     802743 LATE PREFETCHES: 2649 DROPPED PREFETCHES: 0
LLC PREFETCHES SAME FILL-ORIGIN LEVEL: 2885207 DIFFERENT FILL-ORIGIN LEVEL: 0
LLC AVERAGE MISS LATENCY:    163.725 cycles AVERAGE LOAD MISS LATENCY:    222.624 cycles Load Miss      95296
LLC Average MSHR Occupancy:    2.17612
LLC RQ	ACCESS:    2202433	FORWARD:          0	MERGED:          0	TO_CACHE:    2202433
LLC WQ	ACCESS:    1295996	FORWARD:          0	MERGED:          0	TO_CACHE:    1295996
LLC PQ	ACCESS:   19148471	FORWARD:          0	MERGED:       7730	TO_CACHE:   19140741

LLC Dense regions hint to LLC: 0

RAW hits: 12
Loads Generated: 69871243
Loads sent to L1D: 69871231
Stores Generated: 10176606
Stores sent to L1D: 10176608
Major fault: 0 Minor fault: 78757
Allocated PAGES: 78757
 All Calls: 7447832
 Critical Calls: 7447832
------------------
Depth Distribution
------------------
depth 0: 0
depth 1: 6642972
depth 2: 6381237
depth 3: 6099338
depth 4: 5840132
depth 5: 5508055
depth 6: 4948017
depth 7: 3620457
depth 8: 2415341
depth 9: 1164070
depth 10: 762822
depth 11: 583485
depth 12: 397753
depth 13: 228591
depth 14: 45937
depth 15: 44502
depth 16: 1
depth 17: 0
depth 18: 0
depth 19: 0
depth 20: 0
depth 21: 0
depth 22: 0
depth 23: 0
depth 24: 0
depth 25: 0
depth 26: 0
depth 27: 0
depth 28: 0
depth 29: 0
Total: 44682710
-----------------------------
-----------------------------
	Captured at Filter
-----------------------------
depth 0: 0
depth 1: 413051
depth 2: 410687
depth 3: 412429
depth 4: 410446
depth 5: 401062
depth 6: 362740
depth 7: 238842
depth 8: 127592
depth 9: 34212
depth 10: 4424
depth 11: 2837
depth 12: 1870
depth 13: 1158
depth 14: 219
depth 15: 231
depth 16: 0
depth 17: 0
depth 18: 0
depth 19: 0
depth 20: 0
depth 21: 0
depth 22: 0
depth 23: 0
depth 24: 0
depth 25: 0
depth 26: 0
depth 27: 0
depth 28: 0
depth 29: 0
-----------------------------
-----------------------------
		Lost at Page
-----------------------------
depth 0: 0
depth 1: 115924
depth 2: 231246
depth 3: 346490
depth 4: 460124
depth 5: 570120
depth 6: 645053
depth 7: 566202
depth 8: 452160
depth 9: 253654
depth 10: 166283
depth 11: 135856
depth 12: 94849
depth 13: 63606
depth 14: 12728
depth 15: 13714
depth 16: 0
depth 17: 0
depth 18: 0
depth 19: 0
depth 20: 0
depth 21: 0
depth 22: 0
depth 23: 0
depth 24: 0
depth 25: 0
depth 26: 0
depth 27: 0
depth 28: 0
depth 29: 0
-----------------------------
-----------------------------
	Lost due to PQ Size
-----------------------------
5729387
-----------------------------
ST read accesses: 4375482
ST write accesses: 67919
PT read accesses: 191412844
PT write accesses: 6524590
FILTER read accesses: 40071075
FILTER write accesses: 9623085
GHR read accesses: 13853526
GHR write accesses: 2381936
GHR counter read accesses: 161983638
GHR counter write accesses: 10017692
ST tag read accesses: 1742870408
ST tag write accesses: 61286740
================ Mockingjay (LLC) Pollution Stats ================
Total pollution count in LLC: 11385
==================================================================

DRAM Statistics
 CHANNEL 0
 RQ ROW_BUFFER_HIT:     589077  ROW_BUFFER_MISS:    3735261
 DBUS_CONGESTED:       1050
 WQ ROW_BUFFER_HIT:     388270  ROW_BUFFER_MISS:     909814  FULL:        101

 AVG_CONGESTED_CYCLE: 4
 All warmup complete: 2
Channel 0 Bank busy for read cycles: 0
Channel 0 Bank busy for write cycles: 0
Channel 0
Rank 0
0banks busy for read cycles: 102847238
0banks busy for write cycles: 139243
1banks busy for read cycles: 85919868
1banks busy for write cycles: 15367153
2banks busy for read cycles: 69551143
2banks busy for write cycles: 9045272
3banks busy for read cycles: 51888508
3banks busy for write cycles: 5133730
4banks busy for read cycles: 22640911
4banks busy for write cycles: 2582537
5banks busy for read cycles: 7749327
5banks busy for write cycles: 1603818
6banks busy for read cycles: 3643985
6banks busy for write cycles: 1324043
7banks busy for read cycles: 2717322
7banks busy for write cycles: 2992292
8banks busy for read cycles: 5252728
8banks busy for write cycles: 24416386

CPU 0 Branch Prediction Accuracy: 99.8846% MPKI: 0.06012 Average ROB Occupancy at Mispredict: 195.759
Branch types
NOT_BRANCH: 189580191 94.7901%
BRANCH_DIRECT_JUMP: 115200 0.0576%
BRANCH_INDIRECT: 0 0%
BRANCH_CONDITIONAL: 10304492 5.15225%
BRANCH_DIRECT_CALL: 0 0%
BRANCH_INDIRECT_CALL: 0 0%
BRANCH_RETURN: 0 0%
BRANCH_OTHER: 0 0%

===================== LRU L1D STATS =====================
Total pollution count in L1D: 0
=========================================================
================ SRRIP (L2C) Pollution Stats ================
Total pollution count in L2c: 1085240
==================================================================
DRAM PAGES: 1048576
Allocated PAGES: 78757
