
*** ChampSim Multicore Out-of-Order Simulator ***

Warmup Instructions: 200000000
Simulation Instructions: 200000000
Number of CPUs: 1
LLC sets: 4096
LLC ways: 12
Off-chip DRAM Size: 4096 MB Channels: 1 Width: 64-bit Data Rate: 6400 MT/s
CPU 0 runs /home1/sweta/traces/DPC4-Traces/AI_ML/stable-diffusion.cpp-sd-v1-4.ckpt.1.champsimtrace.gz
.gz
BTB has LRU replacement policy
ITLB has LRU replacement policy
DTLB has LRU replacement policy
STLB has LRU replacement policy
L1I has LRU replacement policy
L1D has LRU replacement policy
Bingo PHT WAYS: 16 and PHT_SIZE: 16384
Initialize SRRIP state for L2C
Initialize Mockingjay state for LLC
Heartbeat CPU 0 instructions: 10000001 cycles: 4961986 heartbeat IPC: 2.01532 cumulative IPC: 2.01532 (Simulation time: 0 hr 0 min 12 sec) 
Heartbeat CPU 0 instructions: 20000000 cycles: 9923933 heartbeat IPC: 2.01534 cumulative IPC: 2.01533 (Simulation time: 0 hr 0 min 25 sec) 
Heartbeat CPU 0 instructions: 30000002 cycles: 14885695 heartbeat IPC: 2.01541 cumulative IPC: 2.01536 (Simulation time: 0 hr 0 min 38 sec) 
Heartbeat CPU 0 instructions: 40000000 cycles: 19847364 heartbeat IPC: 2.01545 cumulative IPC: 2.01538 (Simulation time: 0 hr 0 min 52 sec) 
Heartbeat CPU 0 instructions: 50000000 cycles: 24809346 heartbeat IPC: 2.01532 cumulative IPC: 2.01537 (Simulation time: 0 hr 1 min 5 sec) 
Heartbeat CPU 0 instructions: 60000000 cycles: 29771117 heartbeat IPC: 2.01541 cumulative IPC: 2.01538 (Simulation time: 0 hr 1 min 18 sec) 
Heartbeat CPU 0 instructions: 70000000 cycles: 34733210 heartbeat IPC: 2.01528 cumulative IPC: 2.01536 (Simulation time: 0 hr 1 min 32 sec) 
Heartbeat CPU 0 instructions: 80000001 cycles: 39694900 heartbeat IPC: 2.01544 cumulative IPC: 2.01537 (Simulation time: 0 hr 1 min 46 sec) 
Heartbeat CPU 0 instructions: 90000000 cycles: 44656926 heartbeat IPC: 2.01531 cumulative IPC: 2.01536 (Simulation time: 0 hr 1 min 59 sec) 
Heartbeat CPU 0 instructions: 100000000 cycles: 49618777 heartbeat IPC: 2.01538 cumulative IPC: 2.01537 (Simulation time: 0 hr 2 min 13 sec) 
Heartbeat CPU 0 instructions: 110000000 cycles: 54580289 heartbeat IPC: 2.01551 cumulative IPC: 2.01538 (Simulation time: 0 hr 2 min 26 sec) 
Heartbeat CPU 0 instructions: 120000001 cycles: 59542333 heartbeat IPC: 2.0153 cumulative IPC: 2.01537 (Simulation time: 0 hr 2 min 39 sec) 
Heartbeat CPU 0 instructions: 130000001 cycles: 64504225 heartbeat IPC: 2.01536 cumulative IPC: 2.01537 (Simulation time: 0 hr 2 min 52 sec) 
Heartbeat CPU 0 instructions: 140000003 cycles: 69466241 heartbeat IPC: 2.01531 cumulative IPC: 2.01537 (Simulation time: 0 hr 3 min 6 sec) 
Heartbeat CPU 0 instructions: 150000000 cycles: 74427901 heartbeat IPC: 2.01545 cumulative IPC: 2.01537 (Simulation time: 0 hr 3 min 20 sec) 
Heartbeat CPU 0 instructions: 160000002 cycles: 79389803 heartbeat IPC: 2.01536 cumulative IPC: 2.01537 (Simulation time: 0 hr 3 min 33 sec) 
Heartbeat CPU 0 instructions: 170000001 cycles: 84351692 heartbeat IPC: 2.01536 cumulative IPC: 2.01537 (Simulation time: 0 hr 3 min 46 sec) 
Heartbeat CPU 0 instructions: 180000000 cycles: 89313387 heartbeat IPC: 2.01544 cumulative IPC: 2.01538 (Simulation time: 0 hr 3 min 59 sec) 
Heartbeat CPU 0 instructions: 190000002 cycles: 94275405 heartbeat IPC: 2.01531 cumulative IPC: 2.01537 (Simulation time: 0 hr 4 min 12 sec) 
Heartbeat CPU 0 instructions: 200000001 cycles: 99237273 heartbeat IPC: 2.01537 cumulative IPC: 2.01537 (Simulation time: 0 hr 4 min 25 sec) 

Warmup complete CPU 0 instructions: 200000001 cycles: 99237273 (Simulation time: 0 hr 4 min 25 sec) 

Heartbeat CPU 0 instructions: 210000002 cycles: 127608312 heartbeat IPC: 0.352472 cumulative IPC: 0.352472 (Simulation time: 0 hr 4 min 55 sec) 
Heartbeat CPU 0 instructions: 220000000 cycles: 155962386 heartbeat IPC: 0.352683 cumulative IPC: 0.352578 (Simulation time: 0 hr 5 min 25 sec) 
Heartbeat CPU 0 instructions: 230000002 cycles: 184315852 heartbeat IPC: 0.352691 cumulative IPC: 0.352615 (Simulation time: 0 hr 5 min 54 sec) 
Heartbeat CPU 0 instructions: 240000000 cycles: 212686292 heartbeat IPC: 0.352479 cumulative IPC: 0.352581 (Simulation time: 0 hr 6 min 24 sec) 
Heartbeat CPU 0 instructions: 250000000 cycles: 241040095 heartbeat IPC: 0.352686 cumulative IPC: 0.352602 (Simulation time: 0 hr 6 min 52 sec) 
Heartbeat CPU 0 instructions: 260000001 cycles: 269410565 heartbeat IPC: 0.352479 cumulative IPC: 0.352582 (Simulation time: 0 hr 7 min 20 sec) 
Heartbeat CPU 0 instructions: 270000000 cycles: 297763475 heartbeat IPC: 0.352697 cumulative IPC: 0.352598 (Simulation time: 0 hr 7 min 49 sec) 
Heartbeat CPU 0 instructions: 280000002 cycles: 326133761 heartbeat IPC: 0.352482 cumulative IPC: 0.352584 (Simulation time: 0 hr 8 min 17 sec) 
Heartbeat CPU 0 instructions: 290000001 cycles: 354486644 heartbeat IPC: 0.352698 cumulative IPC: 0.352596 (Simulation time: 0 hr 8 min 45 sec) 
Heartbeat CPU 0 instructions: 300000000 cycles: 382839607 heartbeat IPC: 0.352697 cumulative IPC: 0.352606 (Simulation time: 0 hr 9 min 14 sec) 
Heartbeat CPU 0 instructions: 310000005 cycles: 398467742 heartbeat IPC: 0.639872 cumulative IPC: 0.36761 (Simulation time: 0 hr 9 min 38 sec) 
Heartbeat CPU 0 instructions: 320000001 cycles: 411148839 heartbeat IPC: 0.788575 cumulative IPC: 0.384724 (Simulation time: 0 hr 10 min 4 sec) 
Heartbeat CPU 0 instructions: 330000000 cycles: 425665289 heartbeat IPC: 0.688874 cumulative IPC: 0.39825 (Simulation time: 0 hr 10 min 26 sec) 
Heartbeat CPU 0 instructions: 340000002 cycles: 441514829 heartbeat IPC: 0.630933 cumulative IPC: 0.409025 (Simulation time: 0 hr 10 min 49 sec) 
Heartbeat CPU 0 instructions: 350000005 cycles: 453146004 heartbeat IPC: 0.859759 cumulative IPC: 0.423838 (Simulation time: 0 hr 11 min 11 sec) 
Heartbeat CPU 0 instructions: 360000000 cycles: 465712967 heartbeat IPC: 0.795737 cumulative IPC: 0.436591 (Simulation time: 0 hr 11 min 38 sec) 
Heartbeat CPU 0 instructions: 370000001 cycles: 481889173 heartbeat IPC: 0.618192 cumulative IPC: 0.444268 (Simulation time: 0 hr 12 min 2 sec) 
Heartbeat CPU 0 instructions: 380000000 cycles: 501612305 heartbeat IPC: 0.507019 cumulative IPC: 0.447344 (Simulation time: 0 hr 12 min 26 sec) 
Heartbeat CPU 0 instructions: 390000006 cycles: 521247017 heartbeat IPC: 0.509302 cumulative IPC: 0.450227 (Simulation time: 0 hr 12 min 49 sec) 
Heartbeat CPU 0 instructions: 400000002 cycles: 540977146 heartbeat IPC: 0.506839 cumulative IPC: 0.452755 (Simulation time: 0 hr 13 min 13 sec) 
Finished CPU 0 instructions: 200000001 cycles: 441739873 cumulative IPC: 0.452755 (Simulation time: 0 hr 13 min 13 sec) 

ChampSim completed all CPUs

Region of Interest Statistics

CPU 0 cumulative IPC: 0.452755 instructions: 200000001 cycles: 441739873
ITLB TOTAL     ACCESS:   32578452  HIT:   32578433  MISS:         19  HIT %:    99.9999  MISS %: 5.83208e-05   MPKI: 9.5e-05
ITLB LOAD TRANSLATION ACCESS:   32578452  HIT:   32578433  MISS:         19  HIT %:    99.9999  MISS %: 5.83208e-05   MPKI: 9.5e-05
ITLB PREFETCH  REQUESTED:          0  ISSUED:          0  USEFUL:          0  USELESS:          0
ITLB USEFUL LOAD PREFETCHES:          0 PREFETCH ISSUED TO LOWER LEVEL:          0  ACCURACY: -nan
ITLB TIMELY PREFETCHES:          0 LATE PREFETCHES: 0 DROPPED PREFETCHES: 0
ITLB PREFETCHES SAME FILL-ORIGIN LEVEL: 0 DIFFERENT FILL-ORIGIN LEVEL: 0
ITLB AVERAGE MISS LATENCY:    307.632 cycles AVERAGE LOAD MISS LATENCY:       -nan cycles Load Miss          0
ITLB Average MSHR Occupancy: 8.80156e-06
ITLB RQ	ACCESS:   41700658	FORWARD:          0	MERGED:    9122196	TO_CACHE:   32578462

DTLB TOTAL     ACCESS:   49935101  HIT:   49665926  MISS:     269175  HIT %:     99.461  MISS %:    0.53905   MPKI: 1.34587
DTLB LOAD TRANSLATION ACCESS:   49935101  HIT:   49665926  MISS:     269175  HIT %:     99.461  MISS %:    0.53905   MPKI: 1.34587
DTLB PREFETCH  REQUESTED:          0  ISSUED:          0  USEFUL:          0  USELESS:          0
DTLB USEFUL LOAD PREFETCHES:          0 PREFETCH ISSUED TO LOWER LEVEL:          0  ACCURACY: -nan
DTLB TIMELY PREFETCHES:          0 LATE PREFETCHES: 0 DROPPED PREFETCHES: 0
DTLB PREFETCHES SAME FILL-ORIGIN LEVEL: 0 DIFFERENT FILL-ORIGIN LEVEL: 0
DTLB AVERAGE MISS LATENCY:    12.8529 cycles AVERAGE LOAD MISS LATENCY:       -nan cycles Load Miss          0
DTLB Average MSHR Occupancy: 0.00680806
DTLB RQ	ACCESS:   65190388	FORWARD:          0	MERGED:   15217539	TO_CACHE:   49972849

STLB TOTAL     ACCESS:     269194  HIT:     252407  MISS:      16787  HIT %:     93.764  MISS %:    6.23602   MPKI: 0.083935
STLB LOAD TRANSLATION ACCESS:     269194  HIT:     252407  MISS:      16787  HIT %:     93.764  MISS %:    6.23602   MPKI: 0.083935
STLB PREFETCH  REQUESTED:          0  ISSUED:          0  USEFUL:          0  USELESS:          0
STLB USEFUL LOAD PREFETCHES:          0 PREFETCH ISSUED TO LOWER LEVEL:          0  ACCURACY: -nan
STLB TIMELY PREFETCHES:          0 LATE PREFETCHES: 0 DROPPED PREFETCHES: 0
STLB PREFETCHES SAME FILL-ORIGIN LEVEL: 0 DIFFERENT FILL-ORIGIN LEVEL: 0
STLB AVERAGE MISS LATENCY:    62.1071 cycles AVERAGE LOAD MISS LATENCY:       -nan cycles Load Miss          0
STLB Average MSHR Occupancy: 0.00184481
STLB RQ	ACCESS:     269194	FORWARD:          0	MERGED:          0	TO_CACHE:     269194

STLB Hit, L1D data hit: 0
STLB Hit, L2C data hit: 0
STLB Hit, LLC data hit: 0
STLB Hit, LLC data miss: 0
STLB STLB hints to L2: 0
L1D TOTAL     ACCESS:   64543763  HIT:   38241420  MISS:   26302343  HIT %:    59.2488  MISS %:    40.7512   MPKI: 131.512
L1D LOAD      ACCESS:   60030163  HIT:   33842735  MISS:   26187428  HIT %:    56.3762  MISS %:    43.6238   MPKI: 130.937
L1D RFO       ACCESS:    4513600  HIT:    4398685  MISS:     114915  HIT %:     97.454  MISS %:    2.54597   MPKI: 0.574575
L1D PREFETCH  REQUESTED:          0  ISSUED:          0  USEFUL:          0  USELESS:          0
L1D USEFUL LOAD PREFETCHES:          0 PREFETCH ISSUED TO LOWER LEVEL:          0  ACCURACY: -nan
L1D TIMELY PREFETCHES:          0 LATE PREFETCHES: 0 DROPPED PREFETCHES: 0
L1D PREFETCHES SAME FILL-ORIGIN LEVEL: 0 DIFFERENT FILL-ORIGIN LEVEL: 0
L1D AVERAGE MISS LATENCY:    17.5979 cycles AVERAGE LOAD MISS LATENCY:    16.8852 cycles Load Miss   26187428
L1D Average MSHR Occupancy:    1.17892
L1D RQ	ACCESS:   72023669	FORWARD:          0	MERGED:   11724036	TO_CACHE:   60251304
L1D WQ	ACCESS:    4939162	FORWARD:      48329	MERGED:         78	TO_CACHE:    4939084

L1D UNIQUE REGIONS ACCESSED: 0
L1D REGIONS CONFLICTS: 0
L1D Cross Page Prefetch Requests: 0
L1D Same Page Prefetch Requests: 0
L1D ROI Sum of L1D PQ occupancy: 0
L1D PREFETCHES PUSHED FROM L2C: 0
L1I TOTAL     ACCESS:   41410920  HIT:     352222  MISS:   41058698  HIT %:   0.850553  MISS %:    99.1494   MPKI: 205.293
L1I LOAD      ACCESS:   41410920  HIT:     352222  MISS:   41058698  HIT %:   0.850553  MISS %:    99.1494   MPKI: 205.293
L1I PREFETCH  REQUESTED:          0  ISSUED:          0  USEFUL:          0  USELESS:          0
L1I USEFUL LOAD PREFETCHES:          0 PREFETCH ISSUED TO LOWER LEVEL:          0  ACCURACY: -nan
L1I TIMELY PREFETCHES:          0 LATE PREFETCHES: 0 DROPPED PREFETCHES: 0
L1I PREFETCHES SAME FILL-ORIGIN LEVEL: 0 DIFFERENT FILL-ORIGIN LEVEL: 0
L1I AVERAGE MISS LATENCY:    14.0275 cycles AVERAGE LOAD MISS LATENCY:    14.0275 cycles Load Miss   41058698
L1I Average MSHR Occupancy:    1.35424
L1I RQ	ACCESS:   49774562	FORWARD:          0	MERGED:    8073904	TO_CACHE:   41700658

BTB TOTAL     ACCESS:   18001311  HIT:   18001090  MISS:        221  HIT %:    99.9988  MISS %: 0.00122769   MPKI: 0.001105
BTB BRANCH_DIRECT_JUMP	ACCESS:    1447517  HIT:    1447490  MISS:         27
BTB BRANCH_INDIRECT	ACCESS:         19  HIT:          1  MISS:         18
BTB BRANCH_CONDITIONAL	ACCESS:   16431235  HIT:   16431148  MISS:         87
BTB BRANCH_DIRECT_CALL	ACCESS:      42415  HIT:      42377  MISS:         38
BTB BRANCH_INDIRECT_CALL	ACCESS:      18855  HIT:      18852  MISS:          3
BTB BRANCH_RETURN	ACCESS:      61270  HIT:      61222  MISS:         48
BTB BRANCH_OTHER ACCESS:          0  HIT:          0  MISS:          0

L2C TOTAL     ACCESS:   80960662  HIT:   79585120  MISS:    1375542  HIT %:     98.301  MISS %:    1.69903   MPKI: 6.87771
L2C LOAD      ACCESS:   67246125  HIT:   66783322  MISS:     462803  HIT %:    99.3118  MISS %:   0.688223   MPKI: 2.31401
L2C DATA LOAD MPKI: 2.31196
L2C INSTRUCTION LOAD MPKI: 0.002055
L2C RFO       ACCESS:     114915  HIT:      17732  MISS:      97183  HIT %:    15.4305  MISS %:    84.5695   MPKI: 0.485915
L2C PREFETCH  ACCESS:   13330811  HIT:   12517957  MISS:     812854  HIT %:    93.9024  MISS %:    6.09756   MPKI: 4.06427
AGUS PREFETCH L1 MISS: 0
L2C DATA PREFETCH MPKI: 4.06427
L2C INSTRUCTION PREFETCH MPKI: 0
L2C WRITEBACK ACCESS:     252024  HIT:     251483  MISS:        541  HIT %:    99.7853  MISS %:   0.214662   MPKI: 0.002705
L2C LOAD TRANSLATION ACCESS:      16787  HIT:      14626  MISS:       2161  HIT %:    87.1269  MISS %:    12.8731   MPKI: 0.010805
L2C PREFETCH  REQUESTED:   13715832  ISSUED:   13715832  USEFUL:     811988  USELESS:        841
L2C USEFUL LOAD PREFETCHES:     811988 PREFETCH ISSUED TO LOWER LEVEL:    1146939  ACCURACY: 70.7961
L2C TIMELY PREFETCHES:     811988 LATE PREFETCHES: 334085 DROPPED PREFETCHES: 0
L2C PREFETCHES SAME FILL-ORIGIN LEVEL: 1146939 DIFFERENT FILL-ORIGIN LEVEL: 0
L2C AVERAGE MISS LATENCY:    147.963 cycles AVERAGE LOAD MISS LATENCY:    111.523 cycles Load Miss     462803
L2C Average MSHR Occupancy:   0.513436
L2C RQ	ACCESS:   67377827	FORWARD:          0	MERGED:          0	TO_CACHE:   67377827
L2C WQ	ACCESS:     252024	FORWARD:          0	MERGED:          0	TO_CACHE:     252024
L2C PQ	ACCESS:   13715832	FORWARD:          0	MERGED:          0	TO_CACHE:   13715832

L2C Instructions Evicting Data 410
L2C Translations Evicting Data 2154
L2C Data Evicting Data 1369886
L2C Instructions Evicting Instructions 0
L2C Translations Evicting Instructions 5
L2C Data Evicting Instructions 401
L2C Instructions Evicting Translations 1
L2C Translations Evicting Translations 2
L2C Data Evicting Translations 2142
L2C Dense regions hint from L2: 0
PSCL5 TOTAL     ACCESS:      16787  HIT:      16787  MISS:          0  HIT %:        100  MISS %:          0   MPKI: 0
PSCL5 LOAD TRANSLATION ACCESS:      16787  HIT:      16787  MISS:          0  HIT %:        100  MISS %:          0   MPKI: 0
PSCL5 PREFETCH  REQUESTED:          0  ISSUED:          0  USEFUL:          0  USELESS:          0
PSCL5 USEFUL LOAD PREFETCHES:          0 PREFETCH ISSUED TO LOWER LEVEL:          0  ACCURACY: -nan
PSCL5 TIMELY PREFETCHES:          0 LATE PREFETCHES: 0 DROPPED PREFETCHES: 0
PSCL5 PREFETCHES SAME FILL-ORIGIN LEVEL: 0 DIFFERENT FILL-ORIGIN LEVEL: 0

PSCL4 TOTAL     ACCESS:      16787  HIT:      16787  MISS:          0  HIT %:        100  MISS %:          0   MPKI: 0
PSCL4 LOAD TRANSLATION ACCESS:      16787  HIT:      16787  MISS:          0  HIT %:        100  MISS %:          0   MPKI: 0
PSCL4 PREFETCH  REQUESTED:          0  ISSUED:          0  USEFUL:          0  USELESS:          0
PSCL4 USEFUL LOAD PREFETCHES:          0 PREFETCH ISSUED TO LOWER LEVEL:          0  ACCURACY: -nan
PSCL4 TIMELY PREFETCHES:          0 LATE PREFETCHES: 0 DROPPED PREFETCHES: 0
PSCL4 PREFETCHES SAME FILL-ORIGIN LEVEL: 0 DIFFERENT FILL-ORIGIN LEVEL: 0

PSCL3 TOTAL     ACCESS:      16787  HIT:      16787  MISS:          0  HIT %:        100  MISS %:          0   MPKI: 0
PSCL3 LOAD TRANSLATION ACCESS:      16787  HIT:      16787  MISS:          0  HIT %:        100  MISS %:          0   MPKI: 0
PSCL3 PREFETCH  REQUESTED:          0  ISSUED:          0  USEFUL:          0  USELESS:          0
PSCL3 USEFUL LOAD PREFETCHES:          0 PREFETCH ISSUED TO LOWER LEVEL:          0  ACCURACY: -nan
PSCL3 TIMELY PREFETCHES:          0 LATE PREFETCHES: 0 DROPPED PREFETCHES: 0
PSCL3 PREFETCHES SAME FILL-ORIGIN LEVEL: 0 DIFFERENT FILL-ORIGIN LEVEL: 0

PSCL2 TOTAL     ACCESS:      16787  HIT:      16776  MISS:         11  HIT %:    99.9345  MISS %:  0.0655269   MPKI: 5.5e-05
PSCL2 LOAD TRANSLATION ACCESS:      16787  HIT:      16776  MISS:         11  HIT %:    99.9345  MISS %:  0.0655269   MPKI: 5.5e-05
PSCL2 PREFETCH  REQUESTED:          0  ISSUED:          0  USEFUL:          0  USELESS:          0
PSCL2 USEFUL LOAD PREFETCHES:          0 PREFETCH ISSUED TO LOWER LEVEL:          0  ACCURACY: -nan
PSCL2 TIMELY PREFETCHES:          0 LATE PREFETCHES: 0 DROPPED PREFETCHES: 0
PSCL2 PREFETCHES SAME FILL-ORIGIN LEVEL: 0 DIFFERENT FILL-ORIGIN LEVEL: 0

LLC TOTAL     ACCESS:    1492481  HIT:     326398  MISS:    1166083  HIT %:    21.8695  MISS %:    78.1305   MPKI: 5.83041
LLC LOAD      ACCESS:     128718  HIT:      31048  MISS:      97670  HIT %:    24.1209  MISS %:    75.8791   MPKI: 0.48835
LLC RFO       ACCESS:      97183  HIT:       2902  MISS:      94281  HIT %:    2.98612  MISS %:    97.0139   MPKI: 0.471405
LLC PREFETCH  ACCESS:    1146939  HIT:     206828  MISS:     940111  HIT %:     18.033  MISS %:     81.967   MPKI: 4.70055
AGUS PREFETCH L1 MISS: 0
LLC WRITEBACK ACCESS:     117480  HIT:      85166  MISS:      32314  HIT %:     72.494  MISS %:     27.506   MPKI: 0.16157
LLC LOAD TRANSLATION ACCESS:       2161  HIT:        454  MISS:       1707  HIT %:    21.0088  MISS %:    78.9912   MPKI: 0.008535
LLC PREFETCH  REQUESTED:          0  ISSUED:          0  USEFUL:       2252  USELESS:     215484
LLC USEFUL LOAD PREFETCHES:       2252 PREFETCH ISSUED TO LOWER LEVEL:     940111  ACCURACY: 0.239546
LLC TIMELY PREFETCHES:       2252 LATE PREFETCHES: 0 DROPPED PREFETCHES: 0
LLC PREFETCHES SAME FILL-ORIGIN LEVEL: 0 DIFFERENT FILL-ORIGIN LEVEL: 0
LLC AVERAGE MISS LATENCY:    142.359 cycles AVERAGE LOAD MISS LATENCY:    142.607 cycles Load Miss      97670
LLC Average MSHR Occupancy:   0.373225
LLC RQ	ACCESS:     228063	FORWARD:          0	MERGED:          0	TO_CACHE:     228063
LLC WQ	ACCESS:     117480	FORWARD:          0	MERGED:          0	TO_CACHE:     117480
LLC PQ	ACCESS:    1146939	FORWARD:          0	MERGED:          0	TO_CACHE:    1146939

LLC Dense regions hint to LLC: 0

RAW hits: 1856467
Loads Generated: 73880136
Loads sent to L1D: 72023669
Stores Generated: 4939162
Stores sent to L1D: 4939162
Major fault: 0 Minor fault: 7564
Allocated PAGES: 7564
[Bingo] PHT Access: 527463
[Bingo] PHT Hit PC+Addr: 6106
[Bingo] PHT Hit PC+Offs: 520344
[Bingo] PHT Miss: 1013
[Bingo] Prefetch PC+Addr: 0
[Bingo] Prefetch PC+Offs: 0
[Bingo] Useful PC+Addr: 0
[Bingo] Useful PC+Offs: 0
[Bingo] Useless PC+Addr: 0
[Bingo] Useless PC+Offs: 0
[Bingo] L1 Prefetch per Region: 0
[Bingo] L2 Prefetch per Region: 27.062
[Bingo] L3 Prefetch per Region: 0
[Bingo] No Prefetch per Region: 4.93797
[Bingo] Number of Voters Mean: 15.9583
[Bingo] Number of Voters SD: 20.088
PHT read accesses: 8356834
PHT write accesses: 527251
AT read accesses: 25660796
AT write accesses: 26183858
FT read accesses: 1588682
FT write accesses: 527463
PS read accesses: 2031744
PS write accesses: 526450
PHT tag read accesses: 25219619
PHT tag write accesses: 533357
AT tag read accesses: 466283684
AT tag write accesses: 26188047
FT tag read accesses: 56843558
FT tag write accesses: 1585536
PS tag read accesses: 436376508
PS tag write accesses: 2558190
================ Mockingjay (LLC) Pollution Stats ================
Total pollution count in LLC: 2904
==================================================================

DRAM Statistics
 CHANNEL 0
 RQ ROW_BUFFER_HIT:    1018754  ROW_BUFFER_MISS:     114997
 DBUS_CONGESTED:         48
 WQ ROW_BUFFER_HIT:       6811  ROW_BUFFER_MISS:      69836  FULL:       5068

 AVG_CONGESTED_CYCLE: 5
 All warmup complete: 2
Channel 0 Bank busy for read cycles: 0
Channel 0 Bank busy for write cycles: 0
Channel 0
Rank 0
0banks busy for read cycles: 413763868
0banks busy for write cycles: 51951
1banks busy for read cycles: 10417877
1banks busy for write cycles: 7717083
2banks busy for read cycles: 744638
2banks busy for write cycles: 269816
3banks busy for read cycles: 500615
3banks busy for write cycles: 37482
4banks busy for read cycles: 523966
4banks busy for write cycles: 34021
5banks busy for read cycles: 499184
5banks busy for write cycles: 28114
6banks busy for read cycles: 761179
6banks busy for write cycles: 33661
7banks busy for read cycles: 1424137
7banks busy for write cycles: 104802
8banks busy for read cycles: 4466639
8banks busy for write cycles: 360841

CPU 0 Branch Prediction Accuracy: 99.9003% MPKI: 0.11066 Average ROB Occupancy at Mispredict: 13.51
Branch types
NOT_BRANCH: 177801300 88.9006%
BRANCH_DIRECT_JUMP: 1447517 0.723758%
BRANCH_INDIRECT: 19 9.5e-06%
BRANCH_CONDITIONAL: 20628631 10.3143%
BRANCH_DIRECT_CALL: 42415 0.0212075%
BRANCH_INDIRECT_CALL: 18855 0.0094275%
BRANCH_RETURN: 61270 0.030635%
BRANCH_OTHER: 0 0%

===================== LRU L1D STATS =====================
Total pollution count in L1D: 0
=========================================================
================ SRRIP (L2C) Pollution Stats ================
Total pollution count in L2c: 3216100
==================================================================
DRAM PAGES: 1048576
Allocated PAGES: 7564
