
*** ChampSim Multicore Out-of-Order Simulator ***

Warmup Instructions: 200000000
Simulation Instructions: 200000000
Number of CPUs: 1
LLC sets: 4096
LLC ways: 12
Off-chip DRAM Size: 4096 MB Channels: 1 Width: 64-bit Data Rate: 6400 MT/s
CPU 0 runs /home1/sweta/traces/DPC4-Traces/AI_ML/stable-diffusion.cpp-v2-1_768-nonema-pruned.2.champsimtrace.gz
.gz
BTB has LRU replacement policy
ITLB has LRU replacement policy
DTLB has LRU replacement policy
STLB has LRU replacement policy
L1I has LRU replacement policy
L1D has LRU replacement policy
Bingo PHT WAYS: 16 and PHT_SIZE: 16384
Initialize SRRIP state for L2C
Initialize Mockingjay state for LLC
Heartbeat CPU 0 instructions: 10000002 cycles: 2547816 heartbeat IPC: 3.92493 cumulative IPC: 3.92493 (Simulation time: 0 hr 0 min 28 sec) 
Heartbeat CPU 0 instructions: 20000003 cycles: 5095182 heartbeat IPC: 3.92562 cumulative IPC: 3.92528 (Simulation time: 0 hr 0 min 58 sec) 
Heartbeat CPU 0 instructions: 30000006 cycles: 7643061 heartbeat IPC: 3.92483 cumulative IPC: 3.92513 (Simulation time: 0 hr 1 min 26 sec) 
Heartbeat CPU 0 instructions: 40000004 cycles: 10190466 heartbeat IPC: 3.92556 cumulative IPC: 3.92524 (Simulation time: 0 hr 1 min 56 sec) 
Heartbeat CPU 0 instructions: 50000001 cycles: 12738035 heartbeat IPC: 3.92531 cumulative IPC: 3.92525 (Simulation time: 0 hr 2 min 24 sec) 
Heartbeat CPU 0 instructions: 60000006 cycles: 15285528 heartbeat IPC: 3.92543 cumulative IPC: 3.92528 (Simulation time: 0 hr 2 min 53 sec) 
Heartbeat CPU 0 instructions: 70000000 cycles: 17833244 heartbeat IPC: 3.92508 cumulative IPC: 3.92525 (Simulation time: 0 hr 3 min 22 sec) 
Heartbeat CPU 0 instructions: 80000000 cycles: 20380534 heartbeat IPC: 3.92574 cumulative IPC: 3.92531 (Simulation time: 0 hr 3 min 49 sec) 
Heartbeat CPU 0 instructions: 90000000 cycles: 22928059 heartbeat IPC: 3.92538 cumulative IPC: 3.92532 (Simulation time: 0 hr 4 min 17 sec) 
Heartbeat CPU 0 instructions: 100000000 cycles: 25475499 heartbeat IPC: 3.92551 cumulative IPC: 3.92534 (Simulation time: 0 hr 4 min 45 sec) 
Heartbeat CPU 0 instructions: 110000001 cycles: 28023020 heartbeat IPC: 3.92538 cumulative IPC: 3.92534 (Simulation time: 0 hr 5 min 12 sec) 
Heartbeat CPU 0 instructions: 120000006 cycles: 30570941 heartbeat IPC: 3.92477 cumulative IPC: 3.9253 (Simulation time: 0 hr 5 min 39 sec) 
Heartbeat CPU 0 instructions: 130000000 cycles: 33118072 heartbeat IPC: 3.92598 cumulative IPC: 3.92535 (Simulation time: 0 hr 6 min 7 sec) 
Heartbeat CPU 0 instructions: 140000000 cycles: 35665541 heartbeat IPC: 3.92546 cumulative IPC: 3.92536 (Simulation time: 0 hr 6 min 34 sec) 
Heartbeat CPU 0 instructions: 150000001 cycles: 38213154 heartbeat IPC: 3.92524 cumulative IPC: 3.92535 (Simulation time: 0 hr 7 min 1 sec) 
Heartbeat CPU 0 instructions: 160000000 cycles: 40760582 heartbeat IPC: 3.92553 cumulative IPC: 3.92536 (Simulation time: 0 hr 7 min 28 sec) 
Heartbeat CPU 0 instructions: 170000002 cycles: 43308280 heartbeat IPC: 3.92511 cumulative IPC: 3.92535 (Simulation time: 0 hr 7 min 55 sec) 
Heartbeat CPU 0 instructions: 180000000 cycles: 45855420 heartbeat IPC: 3.92597 cumulative IPC: 3.92538 (Simulation time: 0 hr 8 min 22 sec) 
Heartbeat CPU 0 instructions: 190000000 cycles: 48402933 heartbeat IPC: 3.9254 cumulative IPC: 3.92538 (Simulation time: 0 hr 8 min 50 sec) 
Heartbeat CPU 0 instructions: 200000001 cycles: 50950491 heartbeat IPC: 3.92533 cumulative IPC: 3.92538 (Simulation time: 0 hr 9 min 17 sec) 

Warmup complete CPU 0 instructions: 200000001 cycles: 50950491 (Simulation time: 0 hr 9 min 17 sec) 

Heartbeat CPU 0 instructions: 210000001 cycles: 61988649 heartbeat IPC: 0.905948 cumulative IPC: 0.905948 (Simulation time: 0 hr 9 min 40 sec) 
Heartbeat CPU 0 instructions: 220000000 cycles: 73059349 heartbeat IPC: 0.903285 cumulative IPC: 0.904615 (Simulation time: 0 hr 10 min 3 sec) 
Heartbeat CPU 0 instructions: 230000000 cycles: 84087845 heartbeat IPC: 0.906742 cumulative IPC: 0.905323 (Simulation time: 0 hr 10 min 26 sec) 
Heartbeat CPU 0 instructions: 240000003 cycles: 95165659 heartbeat IPC: 0.902705 cumulative IPC: 0.904667 (Simulation time: 0 hr 10 min 48 sec) 
Heartbeat CPU 0 instructions: 250000004 cycles: 106255066 heartbeat IPC: 0.901762 cumulative IPC: 0.904084 (Simulation time: 0 hr 11 min 11 sec) 
Heartbeat CPU 0 instructions: 260000000 cycles: 117344463 heartbeat IPC: 0.901762 cumulative IPC: 0.903696 (Simulation time: 0 hr 11 min 34 sec) 
Heartbeat CPU 0 instructions: 270000000 cycles: 128411529 heartbeat IPC: 0.903582 cumulative IPC: 0.90368 (Simulation time: 0 hr 11 min 57 sec) 
Heartbeat CPU 0 instructions: 280000005 cycles: 139418913 heartbeat IPC: 0.908482 cumulative IPC: 0.904278 (Simulation time: 0 hr 12 min 20 sec) 
Heartbeat CPU 0 instructions: 290000006 cycles: 150469217 heartbeat IPC: 0.904953 cumulative IPC: 0.904352 (Simulation time: 0 hr 12 min 42 sec) 
Heartbeat CPU 0 instructions: 300000001 cycles: 161486620 heartbeat IPC: 0.907654 cumulative IPC: 0.904682 (Simulation time: 0 hr 13 min 5 sec) 
Heartbeat CPU 0 instructions: 310000001 cycles: 172557739 heartbeat IPC: 0.903251 cumulative IPC: 0.904551 (Simulation time: 0 hr 13 min 27 sec) 
Heartbeat CPU 0 instructions: 320000002 cycles: 183593972 heartbeat IPC: 0.906106 cumulative IPC: 0.904681 (Simulation time: 0 hr 13 min 49 sec) 
Heartbeat CPU 0 instructions: 330000004 cycles: 194691057 heartbeat IPC: 0.901138 cumulative IPC: 0.904407 (Simulation time: 0 hr 14 min 12 sec) 
Heartbeat CPU 0 instructions: 340000004 cycles: 205809644 heartbeat IPC: 0.899395 cumulative IPC: 0.904047 (Simulation time: 0 hr 14 min 34 sec) 
Heartbeat CPU 0 instructions: 350000001 cycles: 216903347 heartbeat IPC: 0.901412 cumulative IPC: 0.903871 (Simulation time: 0 hr 14 min 57 sec) 
Heartbeat CPU 0 instructions: 360000000 cycles: 228083531 heartbeat IPC: 0.89444 cumulative IPC: 0.903276 (Simulation time: 0 hr 15 min 20 sec) 
Heartbeat CPU 0 instructions: 370000002 cycles: 239097270 heartbeat IPC: 0.907957 cumulative IPC: 0.90355 (Simulation time: 0 hr 15 min 42 sec) 
Heartbeat CPU 0 instructions: 380000002 cycles: 250192727 heartbeat IPC: 0.90127 cumulative IPC: 0.903423 (Simulation time: 0 hr 16 min 4 sec) 
Heartbeat CPU 0 instructions: 390000003 cycles: 261296941 heartbeat IPC: 0.900559 cumulative IPC: 0.903272 (Simulation time: 0 hr 16 min 27 sec) 
Heartbeat CPU 0 instructions: 400000004 cycles: 272404361 heartbeat IPC: 0.900299 cumulative IPC: 0.903123 (Simulation time: 0 hr 16 min 49 sec) 
Finished CPU 0 instructions: 200000003 cycles: 221453870 cumulative IPC: 0.903123 (Simulation time: 0 hr 16 min 49 sec) 

ChampSim completed all CPUs

Region of Interest Statistics

CPU 0 cumulative IPC: 0.903123 instructions: 200000003 cycles: 221453870
ITLB TOTAL     ACCESS:   36742867  HIT:   36742867  MISS:          0  HIT %:        100  MISS %:          0   MPKI: 0
ITLB LOAD TRANSLATION ACCESS:   36742867  HIT:   36742867  MISS:          0  HIT %:        100  MISS %:          0   MPKI: 0
ITLB PREFETCH  REQUESTED:          0  ISSUED:          0  USEFUL:          0  USELESS:          0
ITLB USEFUL LOAD PREFETCHES:          0 PREFETCH ISSUED TO LOWER LEVEL:          0  ACCURACY: -nan
ITLB TIMELY PREFETCHES:          0 LATE PREFETCHES: 0 DROPPED PREFETCHES: 0
ITLB PREFETCHES SAME FILL-ORIGIN LEVEL: 0 DIFFERENT FILL-ORIGIN LEVEL: 0
ITLB AVERAGE MISS LATENCY:       -nan cycles AVERAGE LOAD MISS LATENCY:       -nan cycles Load Miss          0
ITLB Average MSHR Occupancy: 1.67078e-07
ITLB RQ	ACCESS:   48939874	FORWARD:          0	MERGED:   12197008	TO_CACHE:   36742866

DTLB TOTAL     ACCESS:   47504505  HIT:   47080436  MISS:     424069  HIT %:    99.1073  MISS %:   0.892692   MPKI: 2.12034
DTLB LOAD TRANSLATION ACCESS:   47504505  HIT:   47080436  MISS:     424069  HIT %:    99.1073  MISS %:   0.892692   MPKI: 2.12034
DTLB PREFETCH  REQUESTED:          0  ISSUED:          0  USEFUL:          0  USELESS:          0
DTLB USEFUL LOAD PREFETCHES:          0 PREFETCH ISSUED TO LOWER LEVEL:          0  ACCURACY: -nan
DTLB TIMELY PREFETCHES:          0 LATE PREFETCHES: 0 DROPPED PREFETCHES: 0
DTLB PREFETCHES SAME FILL-ORIGIN LEVEL: 0 DIFFERENT FILL-ORIGIN LEVEL: 0
DTLB AVERAGE MISS LATENCY:    11.7843 cycles AVERAGE LOAD MISS LATENCY:       -nan cycles Load Miss          0
DTLB Average MSHR Occupancy:  0.0207149
DTLB RQ	ACCESS:   50895473	FORWARD:          0	MERGED:    2865797	TO_CACHE:   48029676

STLB TOTAL     ACCESS:     424069  HIT:     399701  MISS:      24368  HIT %:    94.2538  MISS %:    5.74623   MPKI: 0.12184
STLB LOAD TRANSLATION ACCESS:     424069  HIT:     399701  MISS:      24368  HIT %:    94.2538  MISS %:    5.74623   MPKI: 0.12184
STLB PREFETCH  REQUESTED:          0  ISSUED:          0  USEFUL:          0  USELESS:          0
STLB USEFUL LOAD PREFETCHES:          0 PREFETCH ISSUED TO LOWER LEVEL:          0  ACCURACY: -nan
STLB TIMELY PREFETCHES:          0 LATE PREFETCHES: 0 DROPPED PREFETCHES: 0
STLB PREFETCHES SAME FILL-ORIGIN LEVEL: 0 DIFFERENT FILL-ORIGIN LEVEL: 0
STLB AVERAGE MISS LATENCY:    48.4262 cycles AVERAGE LOAD MISS LATENCY:       -nan cycles Load Miss          0
STLB Average MSHR Occupancy: 0.00517459
STLB RQ	ACCESS:     424069	FORWARD:          0	MERGED:          0	TO_CACHE:     424069

STLB Hit, L1D data hit: 0
STLB Hit, L2C data hit: 0
STLB Hit, LLC data hit: 0
STLB Hit, LLC data miss: 0
STLB STLB hints to L2: 0
L1D TOTAL     ACCESS:   50204419  HIT:   23577714  MISS:   26626705  HIT %:    46.9634  MISS %:    53.0366   MPKI: 133.134
L1D LOAD      ACCESS:   49889780  HIT:   23297531  MISS:   26592249  HIT %:     46.698  MISS %:     53.302   MPKI: 132.961
L1D RFO       ACCESS:     314639  HIT:     280183  MISS:      34456  HIT %:     89.049  MISS %:     10.951   MPKI: 0.17228
L1D PREFETCH  REQUESTED:          0  ISSUED:          0  USEFUL:          0  USELESS:          0
L1D USEFUL LOAD PREFETCHES:          0 PREFETCH ISSUED TO LOWER LEVEL:          0  ACCURACY: -nan
L1D TIMELY PREFETCHES:          0 LATE PREFETCHES: 0 DROPPED PREFETCHES: 0
L1D PREFETCHES SAME FILL-ORIGIN LEVEL: 0 DIFFERENT FILL-ORIGIN LEVEL: 0
L1D AVERAGE MISS LATENCY:    20.7819 cycles AVERAGE LOAD MISS LATENCY:    20.7606 cycles Load Miss   26592249
L1D Average MSHR Occupancy:    2.39702
L1D RQ	ACCESS:   98663584	FORWARD:          0	MERGED:   48087386	TO_CACHE:   50576059
L1D WQ	ACCESS:     319658	FORWARD:        139	MERGED:        244	TO_CACHE:     319414

L1D UNIQUE REGIONS ACCESSED: 0
L1D REGIONS CONFLICTS: 0
L1D Cross Page Prefetch Requests: 0
L1D Same Page Prefetch Requests: 0
L1D ROI Sum of L1D PQ occupancy: 0
L1D PREFETCHES PUSHED FROM L2C: 0
L1I TOTAL     ACCESS:   48930814  HIT:   48743034  MISS:     187780  HIT %:    99.6162  MISS %:   0.383766   MPKI: 0.9389
L1I LOAD      ACCESS:   48930814  HIT:   48743034  MISS:     187780  HIT %:    99.6162  MISS %:   0.383766   MPKI: 0.9389
L1I PREFETCH  REQUESTED:          0  ISSUED:          0  USEFUL:          0  USELESS:          0
L1I USEFUL LOAD PREFETCHES:          0 PREFETCH ISSUED TO LOWER LEVEL:          0  ACCURACY: -nan
L1I TIMELY PREFETCHES:          0 LATE PREFETCHES: 0 DROPPED PREFETCHES: 0
L1I PREFETCHES SAME FILL-ORIGIN LEVEL: 0 DIFFERENT FILL-ORIGIN LEVEL: 0
L1I AVERAGE MISS LATENCY:    14.0437 cycles AVERAGE LOAD MISS LATENCY:    14.0437 cycles Load Miss     187780
L1I Average MSHR Occupancy:  0.0123233
L1I RQ	ACCESS:   50089349	FORWARD:          0	MERGED:    1149475	TO_CACHE:   48939874

BTB TOTAL     ACCESS:   12556590  HIT:   12556566  MISS:         24  HIT %:    99.9998  MISS %: 0.000191135   MPKI: 0.00012
BTB BRANCH_DIRECT_JUMP	ACCESS:       8502  HIT:       8500  MISS:          2
BTB BRANCH_INDIRECT	ACCESS:          0  HIT:          0  MISS:          0
BTB BRANCH_CONDITIONAL	ACCESS:   12402478  HIT:   12402464  MISS:         14
BTB BRANCH_DIRECT_CALL	ACCESS:       4783  HIT:       4780  MISS:          3
BTB BRANCH_INDIRECT_CALL	ACCESS:      68022  HIT:      68021  MISS:          1
BTB BRANCH_RETURN	ACCESS:      72805  HIT:      72801  MISS:          4
BTB BRANCH_OTHER ACCESS:          0  HIT:          0  MISS:          0

L2C TOTAL     ACCESS:   50717833  HIT:   48949345  MISS:    1768488  HIT %:    96.5131  MISS %:    3.48692   MPKI: 8.84244
L2C LOAD      ACCESS:   26779749  HIT:   25343024  MISS:    1436725  HIT %:     94.635  MISS %:    5.36497   MPKI: 7.18362
L2C DATA LOAD MPKI: 7.18358
L2C INSTRUCTION LOAD MPKI: 4e-05
L2C RFO       ACCESS:      31850  HIT:      27599  MISS:       4251  HIT %:    86.6531  MISS %:    13.3469   MPKI: 0.021255
L2C PREFETCH  ACCESS:   23823673  HIT:   23499234  MISS:     324439  HIT %:    98.6382  MISS %:    1.36183   MPKI: 1.62219
AGUS PREFETCH L1 MISS: 0
L2C DATA PREFETCH MPKI: 1.62219
L2C INSTRUCTION PREFETCH MPKI: 0
L2C WRITEBACK ACCESS:      58193  HIT:      58188  MISS:          5  HIT %:    99.9914  MISS %:  0.0085921   MPKI: 2.5e-05
L2C LOAD TRANSLATION ACCESS:      24368  HIT:      21300  MISS:       3068  HIT %:    87.4097  MISS %:    12.5903   MPKI: 0.01534
L2C PREFETCH  REQUESTED:   25183454  ISSUED:   25183454  USEFUL:     324346  USELESS:         93
L2C USEFUL LOAD PREFETCHES:     324346 PREFETCH ISSUED TO LOWER LEVEL:    1326691  ACCURACY: 24.4477
L2C TIMELY PREFETCHES:     324346 LATE PREFETCHES: 1002252 DROPPED PREFETCHES: 0
L2C PREFETCHES SAME FILL-ORIGIN LEVEL: 1326691 DIFFERENT FILL-ORIGIN LEVEL: 0
L2C AVERAGE MISS LATENCY:    120.267 cycles AVERAGE LOAD MISS LATENCY:    112.454 cycles Load Miss    1436725
L2C Average MSHR Occupancy:    1.34911
L2C RQ	ACCESS:   26838854	FORWARD:          0	MERGED:          0	TO_CACHE:   26835969
L2C WQ	ACCESS:      58193	FORWARD:       2885	MERGED:          0	TO_CACHE:      58193
L2C PQ	ACCESS:   25183454	FORWARD:          0	MERGED:          2	TO_CACHE:   25183452

L2C Instructions Evicting Data 8
L2C Translations Evicting Data 3068
L2C Data Evicting Data 1762332
L2C Instructions Evicting Instructions 0
L2C Translations Evicting Instructions 0
L2C Data Evicting Instructions 8
L2C Instructions Evicting Translations 0
L2C Translations Evicting Translations 0
L2C Data Evicting Translations 3067
L2C Dense regions hint from L2: 0
PSCL5 TOTAL     ACCESS:      24368  HIT:      24368  MISS:          0  HIT %:        100  MISS %:          0   MPKI: 0
PSCL5 LOAD TRANSLATION ACCESS:      24368  HIT:      24368  MISS:          0  HIT %:        100  MISS %:          0   MPKI: 0
PSCL5 PREFETCH  REQUESTED:          0  ISSUED:          0  USEFUL:          0  USELESS:          0
PSCL5 USEFUL LOAD PREFETCHES:          0 PREFETCH ISSUED TO LOWER LEVEL:          0  ACCURACY: -nan
PSCL5 TIMELY PREFETCHES:          0 LATE PREFETCHES: 0 DROPPED PREFETCHES: 0
PSCL5 PREFETCHES SAME FILL-ORIGIN LEVEL: 0 DIFFERENT FILL-ORIGIN LEVEL: 0

PSCL4 TOTAL     ACCESS:      24368  HIT:      24368  MISS:          0  HIT %:        100  MISS %:          0   MPKI: 0
PSCL4 LOAD TRANSLATION ACCESS:      24368  HIT:      24368  MISS:          0  HIT %:        100  MISS %:          0   MPKI: 0
PSCL4 PREFETCH  REQUESTED:          0  ISSUED:          0  USEFUL:          0  USELESS:          0
PSCL4 USEFUL LOAD PREFETCHES:          0 PREFETCH ISSUED TO LOWER LEVEL:          0  ACCURACY: -nan
PSCL4 TIMELY PREFETCHES:          0 LATE PREFETCHES: 0 DROPPED PREFETCHES: 0
PSCL4 PREFETCHES SAME FILL-ORIGIN LEVEL: 0 DIFFERENT FILL-ORIGIN LEVEL: 0

PSCL3 TOTAL     ACCESS:      24368  HIT:      24368  MISS:          0  HIT %:        100  MISS %:          0   MPKI: 0
PSCL3 LOAD TRANSLATION ACCESS:      24368  HIT:      24368  MISS:          0  HIT %:        100  MISS %:          0   MPKI: 0
PSCL3 PREFETCH  REQUESTED:          0  ISSUED:          0  USEFUL:          0  USELESS:          0
PSCL3 USEFUL LOAD PREFETCHES:          0 PREFETCH ISSUED TO LOWER LEVEL:          0  ACCURACY: -nan
PSCL3 TIMELY PREFETCHES:          0 LATE PREFETCHES: 0 DROPPED PREFETCHES: 0
PSCL3 PREFETCHES SAME FILL-ORIGIN LEVEL: 0 DIFFERENT FILL-ORIGIN LEVEL: 0

PSCL2 TOTAL     ACCESS:      24368  HIT:      24368  MISS:          0  HIT %:        100  MISS %:          0   MPKI: 0
PSCL2 LOAD TRANSLATION ACCESS:      24368  HIT:      24368  MISS:          0  HIT %:        100  MISS %:          0   MPKI: 0
PSCL2 PREFETCH  REQUESTED:          0  ISSUED:          0  USEFUL:          0  USELESS:          0
PSCL2 USEFUL LOAD PREFETCHES:          0 PREFETCH ISSUED TO LOWER LEVEL:          0  ACCURACY: -nan
PSCL2 TIMELY PREFETCHES:          0 LATE PREFETCHES: 0 DROPPED PREFETCHES: 0
PSCL2 PREFETCHES SAME FILL-ORIGIN LEVEL: 0 DIFFERENT FILL-ORIGIN LEVEL: 0

LLC TOTAL     ACCESS:    1772742  HIT:     158273  MISS:    1614469  HIT %:    8.92815  MISS %:    91.0719   MPKI: 8.07234
LLC LOAD      ACCESS:     434473  HIT:      41713  MISS:     392760  HIT %:    9.60083  MISS %:    90.3992   MPKI: 1.9638
LLC RFO       ACCESS:       4251  HIT:          0  MISS:       4251  HIT %:          0  MISS %:        100   MPKI: 0.021255
LLC PREFETCH  ACCESS:    1326691  HIT:     116364  MISS:    1210327  HIT %:    8.77099  MISS %:     91.229   MPKI: 6.05163
AGUS PREFETCH L1 MISS: 0
LLC WRITEBACK ACCESS:       4259  HIT:          1  MISS:       4258  HIT %:  0.0234797  MISS %:    99.9765   MPKI: 0.02129
LLC LOAD TRANSLATION ACCESS:       3068  HIT:        195  MISS:       2873  HIT %:    6.35593  MISS %:    93.6441   MPKI: 0.014365
LLC PREFETCH  REQUESTED:          0  ISSUED:          0  USEFUL:        378  USELESS:         16
LLC USEFUL LOAD PREFETCHES:        378 PREFETCH ISSUED TO LOWER LEVEL:    1210327  ACCURACY: 0.0312312
LLC TIMELY PREFETCHES:        378 LATE PREFETCHES: 0 DROPPED PREFETCHES: 0
LLC PREFETCHES SAME FILL-ORIGIN LEVEL: 0 DIFFERENT FILL-ORIGIN LEVEL: 0
LLC AVERAGE MISS LATENCY:    135.989 cycles AVERAGE LOAD MISS LATENCY:    111.833 cycles Load Miss     392760
LLC Average MSHR Occupancy:   0.984131
LLC RQ	ACCESS:     441792	FORWARD:          0	MERGED:          0	TO_CACHE:     441792
LLC WQ	ACCESS:       4259	FORWARD:          0	MERGED:          0	TO_CACHE:       4259
LLC PQ	ACCESS:    1326691	FORWARD:          0	MERGED:          0	TO_CACHE:    1326691

LLC Dense regions hint to LLC: 0

RAW hits: 23837
Loads Generated: 98687351
Loads sent to L1D: 98663584
Stores Generated: 319658
Stores sent to L1D: 319658
Major fault: 0 Minor fault: 6761
Allocated PAGES: 6761
[Bingo] PHT Access: 825346
[Bingo] PHT Hit PC+Addr: 28715
[Bingo] PHT Hit PC+Offs: 796597
[Bingo] PHT Miss: 34
[Bingo] Prefetch PC+Addr: 0
[Bingo] Prefetch PC+Offs: 0
[Bingo] Useful PC+Addr: 0
[Bingo] Useful PC+Offs: 0
[Bingo] Useless PC+Addr: 0
[Bingo] Useless PC+Offs: 0
[Bingo] L1 Prefetch per Region: 0
[Bingo] L2 Prefetch per Region: 31.6087
[Bingo] L3 Prefetch per Region: 0
[Bingo] No Prefetch per Region: 0.391288
[Bingo] Number of Voters Mean: 15.9965
[Bingo] Number of Voters SD: 16.1465
PHT read accesses: 12965264
PHT write accesses: 825335
AT read accesses: 25768646
AT write accesses: 26582893
FT read accesses: 2494145
FT write accesses: 825346
PS read accesses: 5276170
PS write accesses: 825312
PHT tag read accesses: 38935220
PHT tag write accesses: 854050
AT tag read accesses: 493299871
AT tag write accesses: 26593981
FT tag read accesses: 83115264
FT tag write accesses: 2485091
PS tag read accesses: 452715997
PS tag write accesses: 6100862
================ Mockingjay (LLC) Pollution Stats ================
Total pollution count in LLC: 37655
==================================================================

DRAM Statistics
 CHANNEL 0
 RQ ROW_BUFFER_HIT:    1534438  ROW_BUFFER_MISS:      75773
 DBUS_CONGESTED:       1680
 WQ ROW_BUFFER_HIT:        850  ROW_BUFFER_MISS:       1730  FULL:          0

 AVG_CONGESTED_CYCLE: 4
 All warmup complete: 2
Channel 0 Bank busy for read cycles: 0
Channel 0 Bank busy for write cycles: 0
Channel 0
Rank 0
0banks busy for read cycles: 204394473
0banks busy for write cycles: 711
1banks busy for read cycles: 2777747
1banks busy for write cycles: 619154
2banks busy for read cycles: 1129628
2banks busy for write cycles: 221449
3banks busy for read cycles: 849708
3banks busy for write cycles: 76921
4banks busy for read cycles: 1165781
4banks busy for write cycles: 13846
5banks busy for read cycles: 680453
5banks busy for write cycles: 7668
6banks busy for read cycles: 671131
6banks busy for write cycles: 6159
7banks busy for read cycles: 1772216
7banks busy for write cycles: 16396
8banks busy for read cycles: 7004784
8banks busy for write cycles: 45646

CPU 0 Branch Prediction Accuracy: 99.9644% MPKI: 0.022585 Average ROB Occupancy at Mispredict: 53.0804
Branch types
NOT_BRANCH: 187295975 93.648%
BRANCH_DIRECT_JUMP: 8502 0.004251%
BRANCH_INDIRECT: 0 0%
BRANCH_CONDITIONAL: 12549425 6.27471%
BRANCH_DIRECT_CALL: 4783 0.0023915%
BRANCH_INDIRECT_CALL: 68022 0.034011%
BRANCH_RETURN: 72805 0.0364025%
BRANCH_OTHER: 0 0%

===================== LRU L1D STATS =====================
Total pollution count in L1D: 0
=========================================================
================ SRRIP (L2C) Pollution Stats ================
Total pollution count in L2c: 2445693
==================================================================
DRAM PAGES: 1048576
Allocated PAGES: 6761
