
*** ChampSim Multicore Out-of-Order Simulator ***

Warmup Instructions: 200000000
Simulation Instructions: 200000000
Number of CPUs: 1
LLC sets: 4096
LLC ways: 12
Off-chip DRAM Size: 4096 MB Channels: 1 Width: 64-bit Data Rate: 6400 MT/s
CPU 0 runs /home1/sweta/traces/DPC4-Traces/AI_ML/vit.cpp-base-ggml-model-f16.gguf.armadillo.1.champsimtrace.gz
.gz
BTB has LRU replacement policy
ITLB has LRU replacement policy
DTLB has LRU replacement policy
STLB has LRU replacement policy
L1I has LRU replacement policy
CPU 0 L1D IP-based stride prefetcher
L1D has LRU replacement policy
Initialize SRRIP state for L2C
Initialize Mockingjay state for LLC
Heartbeat CPU 0 instructions: 10000001 cycles: 3051813 heartbeat IPC: 3.27674 cumulative IPC: 3.27674 (Simulation time: 0 hr 0 min 12 sec) 
Heartbeat CPU 0 instructions: 20000001 cycles: 6103525 heartbeat IPC: 3.27685 cumulative IPC: 3.2768 (Simulation time: 0 hr 0 min 24 sec) 
Heartbeat CPU 0 instructions: 30000001 cycles: 9154926 heartbeat IPC: 3.27718 cumulative IPC: 3.27692 (Simulation time: 0 hr 0 min 36 sec) 
Heartbeat CPU 0 instructions: 40000003 cycles: 12206251 heartbeat IPC: 3.27727 cumulative IPC: 3.27701 (Simulation time: 0 hr 0 min 49 sec) 
Heartbeat CPU 0 instructions: 50000001 cycles: 15257563 heartbeat IPC: 3.27728 cumulative IPC: 3.27706 (Simulation time: 0 hr 1 min 1 sec) 
Heartbeat CPU 0 instructions: 60000003 cycles: 18308861 heartbeat IPC: 3.27729 cumulative IPC: 3.2771 (Simulation time: 0 hr 1 min 14 sec) 
Heartbeat CPU 0 instructions: 70000004 cycles: 21360169 heartbeat IPC: 3.27728 cumulative IPC: 3.27713 (Simulation time: 0 hr 1 min 26 sec) 
Heartbeat CPU 0 instructions: 80000000 cycles: 24411441 heartbeat IPC: 3.27732 cumulative IPC: 3.27715 (Simulation time: 0 hr 1 min 38 sec) 
Heartbeat CPU 0 instructions: 90000000 cycles: 27462776 heartbeat IPC: 3.27725 cumulative IPC: 3.27716 (Simulation time: 0 hr 1 min 51 sec) 
Heartbeat CPU 0 instructions: 100000000 cycles: 30513853 heartbeat IPC: 3.27753 cumulative IPC: 3.2772 (Simulation time: 0 hr 2 min 3 sec) 
Heartbeat CPU 0 instructions: 110000004 cycles: 33479026 heartbeat IPC: 3.37249 cumulative IPC: 3.28564 (Simulation time: 0 hr 2 min 20 sec) 
Heartbeat CPU 0 instructions: 120000001 cycles: 36959701 heartbeat IPC: 2.87301 cumulative IPC: 3.24678 (Simulation time: 0 hr 2 min 36 sec) 
Heartbeat CPU 0 instructions: 130000002 cycles: 40515557 heartbeat IPC: 2.81226 cumulative IPC: 3.20864 (Simulation time: 0 hr 2 min 48 sec) 
Heartbeat CPU 0 instructions: 140000001 cycles: 44070776 heartbeat IPC: 2.81277 cumulative IPC: 3.17671 (Simulation time: 0 hr 3 min 1 sec) 
Heartbeat CPU 0 instructions: 150000001 cycles: 47625897 heartbeat IPC: 2.81284 cumulative IPC: 3.14955 (Simulation time: 0 hr 3 min 13 sec) 
Heartbeat CPU 0 instructions: 160000005 cycles: 51181002 heartbeat IPC: 2.81286 cumulative IPC: 3.12616 (Simulation time: 0 hr 3 min 26 sec) 
Heartbeat CPU 0 instructions: 170000002 cycles: 54736043 heartbeat IPC: 2.81291 cumulative IPC: 3.10581 (Simulation time: 0 hr 3 min 37 sec) 
Heartbeat CPU 0 instructions: 180000000 cycles: 58291242 heartbeat IPC: 2.81278 cumulative IPC: 3.08794 (Simulation time: 0 hr 3 min 49 sec) 
Heartbeat CPU 0 instructions: 190000000 cycles: 61846488 heartbeat IPC: 2.81274 cumulative IPC: 3.07212 (Simulation time: 0 hr 4 min 1 sec) 
Heartbeat CPU 0 instructions: 200000002 cycles: 65401634 heartbeat IPC: 2.81282 cumulative IPC: 3.05803 (Simulation time: 0 hr 4 min 13 sec) 

Warmup complete CPU 0 instructions: 200000002 cycles: 65401634 (Simulation time: 0 hr 4 min 13 sec) 

Heartbeat CPU 0 instructions: 210000002 cycles: 92621768 heartbeat IPC: 0.367375 cumulative IPC: 0.367375 (Simulation time: 0 hr 4 min 41 sec) 
Heartbeat CPU 0 instructions: 220000000 cycles: 119840688 heartbeat IPC: 0.367391 cumulative IPC: 0.367383 (Simulation time: 0 hr 5 min 9 sec) 
Heartbeat CPU 0 instructions: 230000001 cycles: 147060421 heartbeat IPC: 0.367381 cumulative IPC: 0.367382 (Simulation time: 0 hr 5 min 38 sec) 
Heartbeat CPU 0 instructions: 240000003 cycles: 174279309 heartbeat IPC: 0.367392 cumulative IPC: 0.367385 (Simulation time: 0 hr 6 min 5 sec) 
Heartbeat CPU 0 instructions: 250000000 cycles: 201499289 heartbeat IPC: 0.367377 cumulative IPC: 0.367383 (Simulation time: 0 hr 6 min 33 sec) 
Heartbeat CPU 0 instructions: 260000001 cycles: 228717658 heartbeat IPC: 0.367399 cumulative IPC: 0.367386 (Simulation time: 0 hr 7 min 0 sec) 
Heartbeat CPU 0 instructions: 270000000 cycles: 255937793 heartbeat IPC: 0.367375 cumulative IPC: 0.367384 (Simulation time: 0 hr 7 min 28 sec) 
Heartbeat CPU 0 instructions: 280000002 cycles: 283156339 heartbeat IPC: 0.367397 cumulative IPC: 0.367386 (Simulation time: 0 hr 7 min 56 sec) 
Heartbeat CPU 0 instructions: 290000000 cycles: 310376607 heartbeat IPC: 0.367373 cumulative IPC: 0.367384 (Simulation time: 0 hr 8 min 23 sec) 
Heartbeat CPU 0 instructions: 300000001 cycles: 337595247 heartbeat IPC: 0.367395 cumulative IPC: 0.367386 (Simulation time: 0 hr 8 min 51 sec) 
Heartbeat CPU 0 instructions: 310000002 cycles: 364815121 heartbeat IPC: 0.367379 cumulative IPC: 0.367385 (Simulation time: 0 hr 9 min 20 sec) 
Heartbeat CPU 0 instructions: 320000001 cycles: 392033933 heartbeat IPC: 0.367393 cumulative IPC: 0.367386 (Simulation time: 0 hr 9 min 47 sec) 
Heartbeat CPU 0 instructions: 330000001 cycles: 419253232 heartbeat IPC: 0.367386 cumulative IPC: 0.367386 (Simulation time: 0 hr 10 min 15 sec) 
Heartbeat CPU 0 instructions: 340000000 cycles: 446471989 heartbeat IPC: 0.367394 cumulative IPC: 0.367386 (Simulation time: 0 hr 10 min 42 sec) 
Heartbeat CPU 0 instructions: 350000006 cycles: 473696154 heartbeat IPC: 0.367321 cumulative IPC: 0.367382 (Simulation time: 0 hr 11 min 9 sec) 
Heartbeat CPU 0 instructions: 360000000 cycles: 498877643 heartbeat IPC: 0.397117 cumulative IPC: 0.369109 (Simulation time: 0 hr 11 min 36 sec) 
Heartbeat CPU 0 instructions: 370000000 cycles: 522066738 heartbeat IPC: 0.431237 cumulative IPC: 0.372264 (Simulation time: 0 hr 12 min 1 sec) 
Heartbeat CPU 0 instructions: 380000001 cycles: 545202650 heartbeat IPC: 0.432229 cumulative IPC: 0.375156 (Simulation time: 0 hr 12 min 25 sec) 
Heartbeat CPU 0 instructions: 390000000 cycles: 568335377 heartbeat IPC: 0.432288 cumulative IPC: 0.377783 (Simulation time: 0 hr 12 min 50 sec) 
Heartbeat CPU 0 instructions: 400000002 cycles: 591469519 heartbeat IPC: 0.432262 cumulative IPC: 0.380179 (Simulation time: 0 hr 13 min 15 sec) 
Finished CPU 0 instructions: 200000000 cycles: 526067885 cumulative IPC: 0.380179 (Simulation time: 0 hr 13 min 15 sec) 

ChampSim completed all CPUs

Region of Interest Statistics

CPU 0 cumulative IPC: 0.380179 instructions: 200000000 cycles: 526067885
ITLB TOTAL     ACCESS:   23844297  HIT:   23844295  MISS:          2  HIT %:        100  MISS %: 8.38775e-06   MPKI: 1e-05
ITLB LOAD TRANSLATION ACCESS:   23844297  HIT:   23844295  MISS:          2  HIT %:        100  MISS %: 8.38775e-06   MPKI: 1e-05
ITLB PREFETCH  REQUESTED:          0  ISSUED:          0  USEFUL:          0  USELESS:          0
ITLB USEFUL LOAD PREFETCHES:          0 PREFETCH ISSUED TO LOWER LEVEL:          0  ACCURACY: -nan
ITLB TIMELY PREFETCHES:          0 LATE PREFETCHES: 0 DROPPED PREFETCHES: 0
ITLB PREFETCHES SAME FILL-ORIGIN LEVEL: 0 DIFFERENT FILL-ORIGIN LEVEL: 0
ITLB AVERAGE MISS LATENCY:        235 cycles AVERAGE LOAD MISS LATENCY:       -nan cycles Load Miss          0
ITLB Average MSHR Occupancy: 6.5771e-07
ITLB RQ	ACCESS:   35366916	FORWARD:          0	MERGED:   11522618	TO_CACHE:   23844298

DTLB TOTAL     ACCESS:   48077244  HIT:   48049357  MISS:      27887  HIT %:     99.942  MISS %:  0.0580046   MPKI: 0.139435
DTLB LOAD TRANSLATION ACCESS:   48077244  HIT:   48049357  MISS:      27887  HIT %:     99.942  MISS %:  0.0580046   MPKI: 0.139435
DTLB PREFETCH  REQUESTED:          0  ISSUED:          0  USEFUL:          0  USELESS:          0
DTLB USEFUL LOAD PREFETCHES:          0 PREFETCH ISSUED TO LOWER LEVEL:          0  ACCURACY: -nan
DTLB TIMELY PREFETCHES:          0 LATE PREFETCHES: 0 DROPPED PREFETCHES: 0
DTLB PREFETCHES SAME FILL-ORIGIN LEVEL: 0 DIFFERENT FILL-ORIGIN LEVEL: 0
DTLB AVERAGE MISS LATENCY:    15.9754 cycles AVERAGE LOAD MISS LATENCY:       -nan cycles Load Miss          0
DTLB Average MSHR Occupancy: 0.000576625
DTLB RQ	ACCESS:   69834149	FORWARD:          0	MERGED:   21750317	TO_CACHE:   48083832

STLB TOTAL     ACCESS:   43602417  HIT:   43600908  MISS:       1509  HIT %:    99.9965  MISS %: 0.00346082   MPKI: 0.007545
STLB LOAD TRANSLATION ACCESS:      27889  HIT:      26380  MISS:       1509  HIT %:    94.5893  MISS %:    5.41074   MPKI: 0.007545
STLB TRANSLATION FROM L1D PREFETCHER ACCESS:   43574528  HIT:   43574528  MISS:          0  HIT %:        100  MISS %:          0   MPKI: 0
STLB PREFETCH  REQUESTED:          0  ISSUED:          0  USEFUL:          0  USELESS:          0
STLB USEFUL LOAD PREFETCHES:          0 PREFETCH ISSUED TO LOWER LEVEL:          0  ACCURACY: -nan
STLB TIMELY PREFETCHES:          0 LATE PREFETCHES: 0 DROPPED PREFETCHES: 0
STLB PREFETCHES SAME FILL-ORIGIN LEVEL: 0 DIFFERENT FILL-ORIGIN LEVEL: 0
STLB AVERAGE MISS LATENCY:    129.197 cycles AVERAGE LOAD MISS LATENCY:       -nan cycles Load Miss          0
STLB Average MSHR Occupancy: 0.000141892
STLB RQ	ACCESS:  146388619	FORWARD:          0	MERGED:  102786202	TO_CACHE:   43602417

STLB Hit, L1D data hit: 0
STLB Hit, L2C data hit: 0
STLB Hit, LLC data hit: 0
STLB Hit, LLC data miss: 0
STLB STLB hints to L2: 0
L1D TOTAL     ACCESS:  212651203  HIT:  202391825  MISS:   10259378  HIT %:    95.1755  MISS %:    4.82451   MPKI: 51.2969
L1D LOAD      ACCESS:   68835711  HIT:   68057199  MISS:     778512  HIT %:     98.869  MISS %:    1.13097   MPKI: 3.89256
L1D RFO       ACCESS:     719347  HIT:     680792  MISS:      38555  HIT %:    94.6403  MISS %:    5.35972   MPKI: 0.192775
L1D PREFETCH  ACCESS:  143096145  HIT:  133653834  MISS:    9442311  HIT %:    93.4014  MISS %:    6.59858   MPKI: 47.2116
AGUS PREFETCH L1 MISS: 0
L1D PREFETCH  REQUESTED:  335328246  ISSUED:  335113582  USEFUL:    9419055  USELESS:      23255
L1D USEFUL LOAD PREFETCHES:    9419055 PREFETCH ISSUED TO LOWER LEVEL:    9869495  ACCURACY: 95.436
L1D TIMELY PREFETCHES:    9419055 LATE PREFETCHES: 405599 DROPPED PREFETCHES: 0
L1D PREFETCHES SAME FILL-ORIGIN LEVEL: 9847910 DIFFERENT FILL-ORIGIN LEVEL: 21585
L1D AVERAGE MISS LATENCY:     17.007 cycles AVERAGE LOAD MISS LATENCY:    13.6319 cycles Load Miss     778512
L1D Average MSHR Occupancy:   0.447707
L1D RQ	ACCESS:   95526107	FORWARD:          0	MERGED:   26478041	TO_CACHE:   69047599
L1D WQ	ACCESS:     786553	FORWARD:        530	MERGED:          3	TO_CACHE:     786550
L1D PQ	ACCESS:  188752852	FORWARD:          0	MERGED:   42392059	TO_CACHE:  146360730

L1D UNIQUE REGIONS ACCESSED: 0
L1D REGIONS CONFLICTS: 0
L1D Cross Page Prefetch Requests: 0
L1D Same Page Prefetch Requests: 355439265
L1D ROI Sum of L1D PQ occupancy: 1962999917
L1D PREFETCHES PUSHED FROM L2C: 0
L1I TOTAL     ACCESS:   35365672  HIT:     565736  MISS:   34799936  HIT %:    1.59968  MISS %:    98.4003   MPKI: 174
L1I LOAD      ACCESS:   35365672  HIT:     565736  MISS:   34799936  HIT %:    1.59968  MISS %:    98.4003   MPKI: 174
L1I PREFETCH  REQUESTED:          0  ISSUED:          0  USEFUL:          0  USELESS:          0
L1I USEFUL LOAD PREFETCHES:          0 PREFETCH ISSUED TO LOWER LEVEL:          0  ACCURACY: -nan
L1I TIMELY PREFETCHES:          0 LATE PREFETCHES: 0 DROPPED PREFETCHES: 0
L1I PREFETCHES SAME FILL-ORIGIN LEVEL: 0 DIFFERENT FILL-ORIGIN LEVEL: 0
L1I AVERAGE MISS LATENCY:    14.0025 cycles AVERAGE LOAD MISS LATENCY:    14.0025 cycles Load Miss   34799936
L1I Average MSHR Occupancy:     0.8793
L1I RQ	ACCESS:   38925548	FORWARD:          0	MERGED:    3558632	TO_CACHE:   35366916

BTB TOTAL     ACCESS:   13020660  HIT:   13020554  MISS:        106  HIT %:    99.9992  MISS %: 0.000814091   MPKI: 0.00053
BTB BRANCH_DIRECT_JUMP	ACCESS:      25734  HIT:      25717  MISS:         17
BTB BRANCH_INDIRECT	ACCESS:         10  HIT:          3  MISS:          7
BTB BRANCH_CONDITIONAL	ACCESS:   12567742  HIT:   12567709  MISS:         33
BTB BRANCH_DIRECT_CALL	ACCESS:      12586  HIT:      12568  MISS:         18
BTB BRANCH_INDIRECT_CALL	ACCESS:     201001  HIT:     200999  MISS:          2
BTB BRANCH_RETURN	ACCESS:     213587  HIT:     213558  MISS:         29
BTB BRANCH_OTHER ACCESS:          0  HIT:          0  MISS:          0

L2C TOTAL     ACCESS:   45150128  HIT:   44308514  MISS:     841614  HIT %:     98.136  MISS %:    1.86403   MPKI: 4.20807
L2C LOAD      ACCESS:   35172848  HIT:   35125423  MISS:      47425  HIT %:    99.8652  MISS %:   0.134834   MPKI: 0.237125
L2C DATA LOAD MPKI: 0.236725
L2C INSTRUCTION LOAD MPKI: 0.0004
L2C RFO       ACCESS:      38555  HIT:      12465  MISS:      26090  HIT %:    32.3304  MISS %:    67.6696   MPKI: 0.13045
L2C PREFETCH  ACCESS:    9853247  HIT:    9085384  MISS:     767863  HIT %:     92.207  MISS %:    7.79299   MPKI: 3.83932
AGUS PREFETCH L1 MISS: 0
L2C DATA PREFETCH MPKI: 3.83932
L2C INSTRUCTION PREFETCH MPKI: 0
L2C WRITEBACK ACCESS:      83969  HIT:      83955  MISS:         14  HIT %:    99.9833  MISS %:  0.0166728   MPKI: 7e-05
L2C LOAD TRANSLATION ACCESS:       1509  HIT:       1287  MISS:        222  HIT %:    85.2883  MISS %:    14.7117   MPKI: 0.00111
L2C PREFETCH  REQUESTED:          0  ISSUED:          0  USEFUL:       5557  USELESS:     766994
L2C USEFUL LOAD PREFETCHES:       5557 PREFETCH ISSUED TO LOWER LEVEL:     772247  ACCURACY: 0.719588
L2C TIMELY PREFETCHES:       5557 LATE PREFETCHES: 4384 DROPPED PREFETCHES: 0
L2C PREFETCHES SAME FILL-ORIGIN LEVEL: 10518 DIFFERENT FILL-ORIGIN LEVEL: 0
L2C AVERAGE MISS LATENCY:    98.3367 cycles AVERAGE LOAD MISS LATENCY:    106.435 cycles Load Miss      47425
L2C Average MSHR Occupancy:   0.157176
L2C RQ	ACCESS:   35212911	FORWARD:          0	MERGED:          0	TO_CACHE:   35212911
L2C WQ	ACCESS:      83969	FORWARD:          0	MERGED:          0	TO_CACHE:      83969
L2C PQ	ACCESS:    9869495	FORWARD:          0	MERGED:          8	TO_CACHE:    9869487

L2C Instructions Evicting Data 80
L2C Translations Evicting Data 222
L2C Data Evicting Data 840996
L2C Instructions Evicting Instructions 0
L2C Translations Evicting Instructions 0
L2C Data Evicting Instructions 80
L2C Instructions Evicting Translations 0
L2C Translations Evicting Translations 0
L2C Data Evicting Translations 222
L2C Dense regions hint from L2: 0
PSCL5 TOTAL     ACCESS:       1509  HIT:       1509  MISS:          0  HIT %:        100  MISS %:          0   MPKI: 0
PSCL5 LOAD TRANSLATION ACCESS:       1509  HIT:       1509  MISS:          0  HIT %:        100  MISS %:          0   MPKI: 0
PSCL5 PREFETCH  REQUESTED:          0  ISSUED:          0  USEFUL:          0  USELESS:          0
PSCL5 USEFUL LOAD PREFETCHES:          0 PREFETCH ISSUED TO LOWER LEVEL:          0  ACCURACY: -nan
PSCL5 TIMELY PREFETCHES:          0 LATE PREFETCHES: 0 DROPPED PREFETCHES: 0
PSCL5 PREFETCHES SAME FILL-ORIGIN LEVEL: 0 DIFFERENT FILL-ORIGIN LEVEL: 0

PSCL4 TOTAL     ACCESS:       1509  HIT:       1509  MISS:          0  HIT %:        100  MISS %:          0   MPKI: 0
PSCL4 LOAD TRANSLATION ACCESS:       1509  HIT:       1509  MISS:          0  HIT %:        100  MISS %:          0   MPKI: 0
PSCL4 PREFETCH  REQUESTED:          0  ISSUED:          0  USEFUL:          0  USELESS:          0
PSCL4 USEFUL LOAD PREFETCHES:          0 PREFETCH ISSUED TO LOWER LEVEL:          0  ACCURACY: -nan
PSCL4 TIMELY PREFETCHES:          0 LATE PREFETCHES: 0 DROPPED PREFETCHES: 0
PSCL4 PREFETCHES SAME FILL-ORIGIN LEVEL: 0 DIFFERENT FILL-ORIGIN LEVEL: 0

PSCL3 TOTAL     ACCESS:       1509  HIT:       1509  MISS:          0  HIT %:        100  MISS %:          0   MPKI: 0
PSCL3 LOAD TRANSLATION ACCESS:       1509  HIT:       1509  MISS:          0  HIT %:        100  MISS %:          0   MPKI: 0
PSCL3 PREFETCH  REQUESTED:          0  ISSUED:          0  USEFUL:          0  USELESS:          0
PSCL3 USEFUL LOAD PREFETCHES:          0 PREFETCH ISSUED TO LOWER LEVEL:          0  ACCURACY: -nan
PSCL3 TIMELY PREFETCHES:          0 LATE PREFETCHES: 0 DROPPED PREFETCHES: 0
PSCL3 PREFETCHES SAME FILL-ORIGIN LEVEL: 0 DIFFERENT FILL-ORIGIN LEVEL: 0

PSCL2 TOTAL     ACCESS:       1509  HIT:       1508  MISS:          1  HIT %:    99.9337  MISS %:  0.0662691   MPKI: 5e-06
PSCL2 LOAD TRANSLATION ACCESS:       1509  HIT:       1508  MISS:          1  HIT %:    99.9337  MISS %:  0.0662691   MPKI: 5e-06
PSCL2 PREFETCH  REQUESTED:          0  ISSUED:          0  USEFUL:          0  USELESS:          0
PSCL2 USEFUL LOAD PREFETCHES:          0 PREFETCH ISSUED TO LOWER LEVEL:          0  ACCURACY: -nan
PSCL2 TIMELY PREFETCHES:          0 LATE PREFETCHES: 0 DROPPED PREFETCHES: 0
PSCL2 PREFETCHES SAME FILL-ORIGIN LEVEL: 0 DIFFERENT FILL-ORIGIN LEVEL: 0

LLC TOTAL     ACCESS:     874564  HIT:     408339  MISS:     466225  HIT %:    46.6906  MISS %:    53.3094   MPKI: 2.33113
LLC LOAD      ACCESS:      43041  HIT:      18947  MISS:      24094  HIT %:    44.0208  MISS %:    55.9792   MPKI: 0.12047
LLC RFO       ACCESS:      26090  HIT:          4  MISS:      26086  HIT %:  0.0153315  MISS %:    99.9847   MPKI: 0.13043
LLC PREFETCH  ACCESS:     772247  HIT:     371056  MISS:     401191  HIT %:    48.0489  MISS %:    51.9511   MPKI: 2.00596
AGUS PREFETCH L1 MISS: 0
LLC WRITEBACK ACCESS:      32964  HIT:      18326  MISS:      14638  HIT %:     55.594  MISS %:     44.406   MPKI: 0.07319
LLC LOAD TRANSLATION ACCESS:        222  HIT:          6  MISS:        216  HIT %:     2.7027  MISS %:    97.2973   MPKI: 0.00108
LLC PREFETCH  REQUESTED:          0  ISSUED:          0  USEFUL:       1240  USELESS:     317463
LLC USEFUL LOAD PREFETCHES:       1240 PREFETCH ISSUED TO LOWER LEVEL:     401191  ACCURACY: 0.30908
LLC TIMELY PREFETCHES:       1240 LATE PREFETCHES: 0 DROPPED PREFETCHES: 0
LLC PREFETCHES SAME FILL-ORIGIN LEVEL: 0 DIFFERENT FILL-ORIGIN LEVEL: 0
LLC AVERAGE MISS LATENCY:     96.808 cycles AVERAGE LOAD MISS LATENCY:    111.644 cycles Load Miss      24094
LLC Average MSHR Occupancy:  0.0849372
LLC RQ	ACCESS:      69353	FORWARD:          0	MERGED:          0	TO_CACHE:      69353
LLC WQ	ACCESS:      32964	FORWARD:          0	MERGED:          0	TO_CACHE:      32964
LLC PQ	ACCESS:     772247	FORWARD:          0	MERGED:          0	TO_CACHE:     772247

LLC Dense regions hint to LLC: 0

RAW hits: 63038
Loads Generated: 95589148
Loads sent to L1D: 95526107
Stores Generated: 786553
Stores sent to L1D: 786553
Major fault: 0 Minor fault: 4607
Allocated PAGES: 4607
CPU 0 L1D PC-based stride prefetcher final stats
Degree: 3
================ Mockingjay (LLC) Pollution Stats ================
Total pollution count in LLC: 1144
==================================================================

DRAM Statistics
 CHANNEL 0
 RQ ROW_BUFFER_HIT:     392214  ROW_BUFFER_MISS:      59373
 DBUS_CONGESTED:       1915
 WQ ROW_BUFFER_HIT:       8966  ROW_BUFFER_MISS:      18095  FULL:          0

 AVG_CONGESTED_CYCLE: 6
 All warmup complete: 2
Channel 0 Bank busy for read cycles: 0
Channel 0 Bank busy for write cycles: 0
Channel 0
Rank 0
0banks busy for read cycles: 505276050
0banks busy for write cycles: 2840
1banks busy for read cycles: 14684113
1banks busy for write cycles: 372454
2banks busy for read cycles: 2481294
2banks busy for write cycles: 180459
3banks busy for read cycles: 1085619
3banks busy for write cycles: 130698
4banks busy for read cycles: 548252
4banks busy for write cycles: 98166
5banks busy for read cycles: 205074
5banks busy for write cycles: 81442
6banks busy for read cycles: 148406
6banks busy for write cycles: 77847
7banks busy for read cycles: 77399
7banks busy for write cycles: 98797
8banks busy for read cycles: 123238
8banks busy for write cycles: 395738

CPU 0 Branch Prediction Accuracy: 99.896% MPKI: 0.069875 Average ROB Occupancy at Mispredict: 11.2882
Branch types
NOT_BRANCH: 186561651 93.2808%
BRANCH_DIRECT_JUMP: 25734 0.012867%
BRANCH_INDIRECT: 10 5e-06%
BRANCH_CONDITIONAL: 12985429 6.49271%
BRANCH_DIRECT_CALL: 12586 0.006293%
BRANCH_INDIRECT_CALL: 201001 0.100501%
BRANCH_RETURN: 213587 0.106793%
BRANCH_OTHER: 0 0%

===================== LRU L1D STATS =====================
Total pollution count in L1D: 698693
=========================================================
================ SRRIP (L2C) Pollution Stats ================
Total pollution count in L2c: 60747
==================================================================
DRAM PAGES: 1048576
Allocated PAGES: 4607
