
*** ChampSim Multicore Out-of-Order Simulator ***

Warmup Instructions: 200000000
Simulation Instructions: 200000000
Number of CPUs: 1
LLC sets: 4096
LLC ways: 12
Off-chip DRAM Size: 4096 MB Channels: 1 Width: 64-bit Data Rate: 6400 MT/s
CPU 0 runs ./tracer/traces/607.cactuBSSN_s-3477B.champsimtrace.xz
.xz
BTB has LRU replacement policy
ITLB has LRU replacement policy
DTLB has LRU replacement policy
STLB has LRU replacement policy
L1I has LRU replacement policy
L1D has LRU replacement policy
CPU 0 L2C IP-based stride prefetcher
Initialize SRRIP state for L2C
Initialize Mockingjay state for LLC
Heartbeat CPU 0 instructions: 10000000 cycles: 3017521 heartbeat IPC: 3.31398 cumulative IPC: 3.31398 (Simulation time: 0 hr 0 min 57 sec) 
Heartbeat CPU 0 instructions: 20000005 cycles: 6034839 heartbeat IPC: 3.3142 cumulative IPC: 3.31409 (Simulation time: 0 hr 1 min 42 sec) 
Heartbeat CPU 0 instructions: 30000000 cycles: 9054001 heartbeat IPC: 3.31218 cumulative IPC: 3.31345 (Simulation time: 0 hr 2 min 26 sec) 
Heartbeat CPU 0 instructions: 40000003 cycles: 12072511 heartbeat IPC: 3.31289 cumulative IPC: 3.31331 (Simulation time: 0 hr 3 min 9 sec) 
Heartbeat CPU 0 instructions: 50000002 cycles: 15091803 heartbeat IPC: 3.31203 cumulative IPC: 3.31306 (Simulation time: 0 hr 3 min 53 sec) 
Heartbeat CPU 0 instructions: 60000005 cycles: 18111789 heartbeat IPC: 3.31127 cumulative IPC: 3.31276 (Simulation time: 0 hr 4 min 36 sec) 
Heartbeat CPU 0 instructions: 70000006 cycles: 21130260 heartbeat IPC: 3.31294 cumulative IPC: 3.31278 (Simulation time: 0 hr 5 min 20 sec) 
Heartbeat CPU 0 instructions: 80000003 cycles: 24149085 heartbeat IPC: 3.31255 cumulative IPC: 3.31276 (Simulation time: 0 hr 6 min 6 sec) 
Heartbeat CPU 0 instructions: 90000000 cycles: 27169624 heartbeat IPC: 3.31067 cumulative IPC: 3.31252 (Simulation time: 0 hr 6 min 50 sec) 
Heartbeat CPU 0 instructions: 100000004 cycles: 30188491 heartbeat IPC: 3.3125 cumulative IPC: 3.31252 (Simulation time: 0 hr 7 min 35 sec) 
Heartbeat CPU 0 instructions: 110000006 cycles: 33207419 heartbeat IPC: 3.31243 cumulative IPC: 3.31251 (Simulation time: 0 hr 8 min 19 sec) 
Heartbeat CPU 0 instructions: 120000002 cycles: 36227508 heartbeat IPC: 3.31116 cumulative IPC: 3.3124 (Simulation time: 0 hr 9 min 4 sec) 
Heartbeat CPU 0 instructions: 130000004 cycles: 39243280 heartbeat IPC: 3.3159 cumulative IPC: 3.31267 (Simulation time: 0 hr 9 min 48 sec) 
Heartbeat CPU 0 instructions: 140000000 cycles: 42262028 heartbeat IPC: 3.31263 cumulative IPC: 3.31267 (Simulation time: 0 hr 10 min 32 sec) 
Heartbeat CPU 0 instructions: 150000000 cycles: 45281491 heartbeat IPC: 3.31185 cumulative IPC: 3.31261 (Simulation time: 0 hr 11 min 16 sec) 
Heartbeat CPU 0 instructions: 160000007 cycles: 48299033 heartbeat IPC: 3.31396 cumulative IPC: 3.3127 (Simulation time: 0 hr 12 min 1 sec) 
Heartbeat CPU 0 instructions: 170000006 cycles: 51317917 heartbeat IPC: 3.31248 cumulative IPC: 3.31268 (Simulation time: 0 hr 12 min 46 sec) 
Heartbeat CPU 0 instructions: 180000000 cycles: 54337408 heartbeat IPC: 3.31181 cumulative IPC: 3.31263 (Simulation time: 0 hr 13 min 32 sec) 
Heartbeat CPU 0 instructions: 190000004 cycles: 57356088 heartbeat IPC: 3.31271 cumulative IPC: 3.31264 (Simulation time: 0 hr 14 min 16 sec) 
Heartbeat CPU 0 instructions: 200000003 cycles: 60375210 heartbeat IPC: 3.31222 cumulative IPC: 3.31262 (Simulation time: 0 hr 15 min 22 sec) 

Warmup complete CPU 0 instructions: 200000003 cycles: 60375210 (Simulation time: 0 hr 15 min 22 sec) 

Heartbeat CPU 0 instructions: 210000001 cycles: 66550731 heartbeat IPC: 1.6193 cumulative IPC: 1.6193 (Simulation time: 0 hr 17 min 14 sec) 
Heartbeat CPU 0 instructions: 220000003 cycles: 72726378 heartbeat IPC: 1.61926 cumulative IPC: 1.61928 (Simulation time: 0 hr 18 min 33 sec) 
Heartbeat CPU 0 instructions: 230000000 cycles: 78875121 heartbeat IPC: 1.62635 cumulative IPC: 1.62163 (Simulation time: 0 hr 19 min 46 sec) 
Heartbeat CPU 0 instructions: 240000002 cycles: 85047474 heartbeat IPC: 1.62013 cumulative IPC: 1.62125 (Simulation time: 0 hr 21 min 0 sec) 
Heartbeat CPU 0 instructions: 250000007 cycles: 91198327 heartbeat IPC: 1.62579 cumulative IPC: 1.62216 (Simulation time: 0 hr 22 min 2 sec) 
Heartbeat CPU 0 instructions: 260000003 cycles: 97366074 heartbeat IPC: 1.62134 cumulative IPC: 1.62202 (Simulation time: 0 hr 23 min 1 sec) 
Heartbeat CPU 0 instructions: 270000000 cycles: 103516656 heartbeat IPC: 1.62586 cumulative IPC: 1.62257 (Simulation time: 0 hr 24 min 3 sec) 
Heartbeat CPU 0 instructions: 280000002 cycles: 109656643 heartbeat IPC: 1.62867 cumulative IPC: 1.62333 (Simulation time: 0 hr 25 min 29 sec) 
Heartbeat CPU 0 instructions: 290000004 cycles: 115821124 heartbeat IPC: 1.6222 cumulative IPC: 1.6232 (Simulation time: 0 hr 27 min 11 sec) 
Heartbeat CPU 0 instructions: 300000002 cycles: 121984800 heartbeat IPC: 1.62241 cumulative IPC: 1.62312 (Simulation time: 0 hr 28 min 43 sec) 
Heartbeat CPU 0 instructions: 310000003 cycles: 128146391 heartbeat IPC: 1.62296 cumulative IPC: 1.62311 (Simulation time: 0 hr 29 min 55 sec) 
Heartbeat CPU 0 instructions: 320000001 cycles: 134295953 heartbeat IPC: 1.62613 cumulative IPC: 1.62336 (Simulation time: 0 hr 31 min 1 sec) 
Heartbeat CPU 0 instructions: 330000003 cycles: 140460403 heartbeat IPC: 1.62221 cumulative IPC: 1.62327 (Simulation time: 0 hr 32 min 33 sec) 
Heartbeat CPU 0 instructions: 340000004 cycles: 146631937 heartbeat IPC: 1.62034 cumulative IPC: 1.62306 (Simulation time: 0 hr 33 min 59 sec) 
Heartbeat CPU 0 instructions: 350000000 cycles: 152793768 heartbeat IPC: 1.62289 cumulative IPC: 1.62305 (Simulation time: 0 hr 35 min 1 sec) 
Heartbeat CPU 0 instructions: 360000000 cycles: 159084223 heartbeat IPC: 1.58971 cumulative IPC: 1.62093 (Simulation time: 0 hr 36 min 4 sec) 
Heartbeat CPU 0 instructions: 370000001 cycles: 165240824 heartbeat IPC: 1.62427 cumulative IPC: 1.62112 (Simulation time: 0 hr 37 min 8 sec) 
Heartbeat CPU 0 instructions: 380000002 cycles: 171391009 heartbeat IPC: 1.62597 cumulative IPC: 1.62139 (Simulation time: 0 hr 38 min 26 sec) 
Heartbeat CPU 0 instructions: 390000006 cycles: 177550777 heartbeat IPC: 1.62344 cumulative IPC: 1.6215 (Simulation time: 0 hr 40 min 21 sec) 
Heartbeat CPU 0 instructions: 400000003 cycles: 183710179 heartbeat IPC: 1.62353 cumulative IPC: 1.6216 (Simulation time: 0 hr 42 min 0 sec) 
Finished CPU 0 instructions: 200000000 cycles: 123334969 cumulative IPC: 1.6216 (Simulation time: 0 hr 42 min 0 sec) 

ChampSim completed all CPUs

Region of Interest Statistics

CPU 0 cumulative IPC: 1.6216 instructions: 200000000 cycles: 123334969
ITLB TOTAL     ACCESS:   21203229  HIT:   21203229  MISS:          0  HIT %:        100  MISS %:          0   MPKI: 0
ITLB LOAD TRANSLATION ACCESS:   21203229  HIT:   21203229  MISS:          0  HIT %:        100  MISS %:          0   MPKI: 0
ITLB PREFETCH  REQUESTED:          0  ISSUED:          0  USEFUL:          0  USELESS:          0
ITLB USEFUL LOAD PREFETCHES:          0 PREFETCH ISSUED TO LOWER LEVEL:          0  ACCURACY: -nan
ITLB TIMELY PREFETCHES:          0 LATE PREFETCHES: 0 DROPPED PREFETCHES: 0
ITLB PREFETCHES SAME FILL-ORIGIN LEVEL: 0 DIFFERENT FILL-ORIGIN LEVEL: 0
ITLB AVERAGE MISS LATENCY:       -nan cycles AVERAGE LOAD MISS LATENCY:       -nan cycles Load Miss          0
ITLB Average MSHR Occupancy: 1.1189e-06
ITLB RQ	ACCESS:   22246944	FORWARD:          0	MERGED:    1043714	TO_CACHE:   21203230

DTLB TOTAL     ACCESS:   48187934  HIT:   40729331  MISS:    7458603  HIT %:    84.5218  MISS %:    15.4782   MPKI: 37.293
DTLB LOAD TRANSLATION ACCESS:   48187934  HIT:   40729331  MISS:    7458603  HIT %:    84.5218  MISS %:    15.4782   MPKI: 37.293
DTLB PREFETCH  REQUESTED:          0  ISSUED:          0  USEFUL:          0  USELESS:          0
DTLB USEFUL LOAD PREFETCHES:          0 PREFETCH ISSUED TO LOWER LEVEL:          0  ACCURACY: -nan
DTLB TIMELY PREFETCHES:          0 LATE PREFETCHES: 0 DROPPED PREFETCHES: 0
DTLB PREFETCHES SAME FILL-ORIGIN LEVEL: 0 DIFFERENT FILL-ORIGIN LEVEL: 0
DTLB AVERAGE MISS LATENCY:    9.80391 cycles AVERAGE LOAD MISS LATENCY:       -nan cycles Load Miss          0
DTLB Average MSHR Occupancy:   0.602309
DTLB RQ	ACCESS:   70884108	FORWARD:          0	MERGED:   21667159	TO_CACHE:   49216949

STLB TOTAL     ACCESS:    7458603  HIT:    7450283  MISS:       8320  HIT %:    99.8885  MISS %:   0.111549   MPKI: 0.0416
STLB LOAD TRANSLATION ACCESS:    7458603  HIT:    7450283  MISS:       8320  HIT %:    99.8885  MISS %:   0.111549   MPKI: 0.0416
STLB PREFETCH  REQUESTED:          0  ISSUED:          0  USEFUL:          0  USELESS:          0
STLB USEFUL LOAD PREFETCHES:          0 PREFETCH ISSUED TO LOWER LEVEL:          0  ACCURACY: -nan
STLB TIMELY PREFETCHES:          0 LATE PREFETCHES: 0 DROPPED PREFETCHES: 0
STLB PREFETCHES SAME FILL-ORIGIN LEVEL: 0 DIFFERENT FILL-ORIGIN LEVEL: 0
STLB AVERAGE MISS LATENCY:    402.475 cycles AVERAGE LOAD MISS LATENCY:       -nan cycles Load Miss          0
STLB Average MSHR Occupancy:  0.0144663
STLB RQ	ACCESS:    7458603	FORWARD:          0	MERGED:          0	TO_CACHE:    7458603

STLB Hit, L1D data hit: 0
STLB Hit, L2C data hit: 0
STLB Hit, LLC data hit: 0
STLB Hit, LLC data miss: 0
STLB STLB hints to L2: 0
L1D TOTAL     ACCESS:   70364445  HIT:   55902206  MISS:   14462239  HIT %:    79.4467  MISS %:    20.5533   MPKI: 72.3112
L1D LOAD      ACCESS:   54867993  HIT:   41468014  MISS:   13399979  HIT %:    75.5778  MISS %:    24.4222   MPKI: 66.9999
L1D RFO       ACCESS:   15496452  HIT:   14434192  MISS:    1062260  HIT %:    93.1451  MISS %:    6.85486   MPKI: 5.3113
L1D PREFETCH  REQUESTED:          0  ISSUED:          0  USEFUL:          0  USELESS:          0
L1D USEFUL LOAD PREFETCHES:          0 PREFETCH ISSUED TO LOWER LEVEL:          0  ACCURACY: -nan
L1D TIMELY PREFETCHES:          0 LATE PREFETCHES: 0 DROPPED PREFETCHES: 0
L1D PREFETCHES SAME FILL-ORIGIN LEVEL: 0 DIFFERENT FILL-ORIGIN LEVEL: 0
L1D AVERAGE MISS LATENCY:    22.8793 cycles AVERAGE LOAD MISS LATENCY:    17.7802 cycles Load Miss   13399979
L1D Average MSHR Occupancy:    2.71423
L1D RQ	ACCESS:   75826909	FORWARD:          0	MERGED:   20106725	TO_CACHE:   55208679
L1D WQ	ACCESS:   15834382	FORWARD:     511505	MERGED:     158953	TO_CACHE:   15675429

L1D UNIQUE REGIONS ACCESSED: 0
L1D REGIONS CONFLICTS: 0
L1D Cross Page Prefetch Requests: 0
L1D Same Page Prefetch Requests: 0
L1D ROI Sum of L1D PQ occupancy: 0
L1D PREFETCHES PUSHED FROM L2C: 0
L1I TOTAL     ACCESS:   21505713  HIT:   14321226  MISS:    7184487  HIT %:    66.5927  MISS %:    33.4073   MPKI: 35.9224
L1I LOAD      ACCESS:   21505713  HIT:   14321226  MISS:    7184487  HIT %:    66.5927  MISS %:    33.4073   MPKI: 35.9224
L1I PREFETCH  REQUESTED:          0  ISSUED:          0  USEFUL:          0  USELESS:          0
L1I USEFUL LOAD PREFETCHES:          0 PREFETCH ISSUED TO LOWER LEVEL:          0  ACCURACY: -nan
L1I TIMELY PREFETCHES:          0 LATE PREFETCHES: 0 DROPPED PREFETCHES: 0
L1I PREFETCHES SAME FILL-ORIGIN LEVEL: 0 DIFFERENT FILL-ORIGIN LEVEL: 0
L1I AVERAGE MISS LATENCY:    14.1386 cycles AVERAGE LOAD MISS LATENCY:    14.1386 cycles Load Miss    7184487
L1I Average MSHR Occupancy:   0.838016
L1I RQ	ACCESS:   49501713	FORWARD:          0	MERGED:   27254769	TO_CACHE:   22246944

BTB TOTAL     ACCESS:    1120961  HIT:    1048629  MISS:      72332  HIT %:    93.5473  MISS %:    6.45268   MPKI: 0.36166
BTB BRANCH_DIRECT_JUMP	ACCESS:     216917  HIT:     216912  MISS:          5
BTB BRANCH_INDIRECT	ACCESS:      36153  HIT:      36152  MISS:          1
BTB BRANCH_CONDITIONAL	ACCESS:     434055  HIT:     434043  MISS:         12
BTB BRANCH_DIRECT_CALL	ACCESS:     216918  HIT:     216913  MISS:          5
BTB BRANCH_INDIRECT_CALL	ACCESS:          0  HIT:          0  MISS:          0
BTB BRANCH_RETURN	ACCESS:     216918  HIT:     144609  MISS:      72309
BTB BRANCH_OTHER ACCESS:          0  HIT:          0  MISS:          0

L2C TOTAL     ACCESS:   29131725  HIT:   28604146  MISS:     527579  HIT %:     98.189  MISS %:    1.81101   MPKI: 2.63789
L2C LOAD      ACCESS:   20583224  HIT:   20475499  MISS:     107725  HIT %:    99.4766  MISS %:   0.523363   MPKI: 0.538625
L2C DATA LOAD MPKI: 0.538215
L2C INSTRUCTION LOAD MPKI: 0.00041
L2C RFO       ACCESS:    1060522  HIT:     944537  MISS:     115985  HIT %:    89.0634  MISS %:    10.9366   MPKI: 0.579925
L2C PREFETCH  ACCESS:    6321505  HIT:    6019404  MISS:     302101  HIT %:    95.2211  MISS %:    4.77894   MPKI: 1.5105
AGUS PREFETCH L1 MISS: 0
L2C DATA PREFETCH MPKI: 1.5105
L2C INSTRUCTION PREFETCH MPKI: 0
L2C WRITEBACK ACCESS:    1153881  HIT:    1153768  MISS:        113  HIT %:    99.9902  MISS %: 0.00979304   MPKI: 0.000565
L2C LOAD TRANSLATION ACCESS:      12593  HIT:      10938  MISS:       1655  HIT %:    86.8578  MISS %:    13.1422   MPKI: 0.008275
L2C PREFETCH  REQUESTED:    7760139  ISSUED:    6602004  USEFUL:     301940  USELESS:        894
L2C USEFUL LOAD PREFETCHES:     301940 PREFETCH ISSUED TO LOWER LEVEL:     350044  ACCURACY: 86.2577
L2C TIMELY PREFETCHES:     301940 LATE PREFETCHES: 0 DROPPED PREFETCHES: 0
L2C PREFETCHES SAME FILL-ORIGIN LEVEL: 302101 DIFFERENT FILL-ORIGIN LEVEL: 47943
L2C AVERAGE MISS LATENCY:    345.333 cycles AVERAGE LOAD MISS LATENCY:    259.111 cycles Load Miss     107725
L2C Average MSHR Occupancy:    1.47125
L2C RQ	ACCESS:   21659321	FORWARD:          0	MERGED:          0	TO_CACHE:   21656339
L2C WQ	ACCESS:    1153881	FORWARD:       2982	MERGED:          0	TO_CACHE:    1153881
L2C PQ	ACCESS:    6602004	FORWARD:          0	MERGED:     231783	TO_CACHE:    6370221

L2C Instructions Evicting Data 77
L2C Translations Evicting Data 1649
L2C Data Evicting Data 523914
L2C Instructions Evicting Instructions 5
L2C Translations Evicting Instructions 0
L2C Data Evicting Instructions 156
L2C Instructions Evicting Translations 0
L2C Translations Evicting Translations 6
L2C Data Evicting Translations 1659
L2C Dense regions hint from L2: 0
PSCL5 TOTAL     ACCESS:       8320  HIT:       8320  MISS:          0  HIT %:        100  MISS %:          0   MPKI: 0
PSCL5 LOAD TRANSLATION ACCESS:       8320  HIT:       8320  MISS:          0  HIT %:        100  MISS %:          0   MPKI: 0
PSCL5 PREFETCH  REQUESTED:          0  ISSUED:          0  USEFUL:          0  USELESS:          0
PSCL5 USEFUL LOAD PREFETCHES:          0 PREFETCH ISSUED TO LOWER LEVEL:          0  ACCURACY: -nan
PSCL5 TIMELY PREFETCHES:          0 LATE PREFETCHES: 0 DROPPED PREFETCHES: 0
PSCL5 PREFETCHES SAME FILL-ORIGIN LEVEL: 0 DIFFERENT FILL-ORIGIN LEVEL: 0

PSCL4 TOTAL     ACCESS:       8320  HIT:       8320  MISS:          0  HIT %:        100  MISS %:          0   MPKI: 0
PSCL4 LOAD TRANSLATION ACCESS:       8320  HIT:       8320  MISS:          0  HIT %:        100  MISS %:          0   MPKI: 0
PSCL4 PREFETCH  REQUESTED:          0  ISSUED:          0  USEFUL:          0  USELESS:          0
PSCL4 USEFUL LOAD PREFETCHES:          0 PREFETCH ISSUED TO LOWER LEVEL:          0  ACCURACY: -nan
PSCL4 TIMELY PREFETCHES:          0 LATE PREFETCHES: 0 DROPPED PREFETCHES: 0
PSCL4 PREFETCHES SAME FILL-ORIGIN LEVEL: 0 DIFFERENT FILL-ORIGIN LEVEL: 0

PSCL3 TOTAL     ACCESS:       8320  HIT:       8320  MISS:          0  HIT %:        100  MISS %:          0   MPKI: 0
PSCL3 LOAD TRANSLATION ACCESS:       8320  HIT:       8320  MISS:          0  HIT %:        100  MISS %:          0   MPKI: 0
PSCL3 PREFETCH  REQUESTED:          0  ISSUED:          0  USEFUL:          0  USELESS:          0
PSCL3 USEFUL LOAD PREFETCHES:          0 PREFETCH ISSUED TO LOWER LEVEL:          0  ACCURACY: -nan
PSCL3 TIMELY PREFETCHES:          0 LATE PREFETCHES: 0 DROPPED PREFETCHES: 0
PSCL3 PREFETCHES SAME FILL-ORIGIN LEVEL: 0 DIFFERENT FILL-ORIGIN LEVEL: 0

PSCL2 TOTAL     ACCESS:       8320  HIT:       4039  MISS:       4281  HIT %:    48.5457  MISS %:    51.4543   MPKI: 0.021405
PSCL2 LOAD TRANSLATION ACCESS:       8320  HIT:       4039  MISS:       4281  HIT %:    48.5457  MISS %:    51.4543   MPKI: 0.021405
PSCL2 PREFETCH  REQUESTED:          0  ISSUED:          0  USEFUL:          0  USELESS:          0
PSCL2 USEFUL LOAD PREFETCHES:          0 PREFETCH ISSUED TO LOWER LEVEL:          0  ACCURACY: -nan
PSCL2 TIMELY PREFETCHES:          0 LATE PREFETCHES: 0 DROPPED PREFETCHES: 0
PSCL2 PREFETCHES SAME FILL-ORIGIN LEVEL: 0 DIFFERENT FILL-ORIGIN LEVEL: 0

LLC TOTAL     ACCESS:     690341  HIT:      45967  MISS:     644374  HIT %:    6.65859  MISS %:    93.3414   MPKI: 3.22187
LLC LOAD      ACCESS:     107725  HIT:      17023  MISS:      90702  HIT %:    15.8023  MISS %:    84.1977   MPKI: 0.45351
LLC RFO       ACCESS:     115985  HIT:         10  MISS:     115975  HIT %:  0.0086218  MISS %:    99.9914   MPKI: 0.579875
LLC PREFETCH  ACCESS:     350010  HIT:      14656  MISS:     335354  HIT %:    4.18731  MISS %:    95.8127   MPKI: 1.67677
AGUS PREFETCH L1 MISS: 0
LLC WRITEBACK ACCESS:     114966  HIT:      14142  MISS:     100824  HIT %:     12.301  MISS %:     87.699   MPKI: 0.50412
LLC LOAD TRANSLATION ACCESS:       1655  HIT:        136  MISS:       1519  HIT %:    8.21752  MISS %:    91.7825   MPKI: 0.007595
LLC PREFETCH  REQUESTED:          0  ISSUED:          0  USEFUL:      16276  USELESS:      95214
LLC USEFUL LOAD PREFETCHES:      16276 PREFETCH ISSUED TO LOWER LEVEL:     335354  ACCURACY: 4.85338
LLC TIMELY PREFETCHES:      16276 LATE PREFETCHES: 0 DROPPED PREFETCHES: 0
LLC PREFETCHES SAME FILL-ORIGIN LEVEL: 37837 DIFFERENT FILL-ORIGIN LEVEL: 0
LLC AVERAGE MISS LATENCY:    270.484 cycles AVERAGE LOAD MISS LATENCY:    253.744 cycles Load Miss      90702
LLC Average MSHR Occupancy:    1.40876
LLC RQ	ACCESS:     225365	FORWARD:          0	MERGED:          0	TO_CACHE:     225365
LLC WQ	ACCESS:     114966	FORWARD:          0	MERGED:          0	TO_CACHE:     114966
LLC PQ	ACCESS:     350044	FORWARD:          0	MERGED:          2	TO_CACHE:     350042

LLC Dense regions hint to LLC: 0

RAW hits: 2011183
Loads Generated: 77838112
Loads sent to L1D: 75826909
Stores Generated: 16016330
Stores sent to L1D: 16016363
Major fault: 0 Minor fault: 11340
Allocated PAGES: 11340
CPU 0 L2C PC-based stride prefetcher final stats
================ Mockingjay (LLC) Pollution Stats ================
Total pollution count in LLC: 10595
==================================================================

DRAM Statistics
 CHANNEL 0
 RQ ROW_BUFFER_HIT:     282720  ROW_BUFFER_MISS:     260830
 DBUS_CONGESTED:        338
 WQ ROW_BUFFER_HIT:      26019  ROW_BUFFER_MISS:      92807  FULL:          0

 AVG_CONGESTED_CYCLE: 4
 All warmup complete: 2
Channel 0 Bank busy for read cycles: 0
Channel 0 Bank busy for write cycles: 0
Channel 0
Rank 0
0banks busy for read cycles: 88612749
0banks busy for write cycles: 48972
1banks busy for read cycles: 14687102
1banks busy for write cycles: 6199358
2banks busy for read cycles: 3429241
2banks busy for write cycles: 925664
3banks busy for read cycles: 2770814
3banks busy for write cycles: 602268
4banks busy for read cycles: 2247315
4banks busy for write cycles: 479457
5banks busy for read cycles: 929459
5banks busy for write cycles: 359913
6banks busy for read cycles: 559088
6banks busy for write cycles: 300198
7banks busy for read cycles: 410180
7banks busy for write cycles: 210656
8banks busy for read cycles: 444210
8banks busy for write cycles: 118326

CPU 0 Branch Prediction Accuracy: 99.9875% MPKI: 0.001105 Average ROB Occupancy at Mispredict: 565.982
Branch types
NOT_BRANCH: 198228066 99.114%
BRANCH_DIRECT_JUMP: 216917 0.108458%
BRANCH_INDIRECT: 36153 0.0180765%
BRANCH_CONDITIONAL: 1085028 0.542514%
BRANCH_DIRECT_CALL: 216918 0.108459%
BRANCH_INDIRECT_CALL: 0 0%
BRANCH_RETURN: 216918 0.108459%
BRANCH_OTHER: 0 0%

===================== LRU L1D STATS =====================
Total pollution count in L1D: 0
=========================================================
================ SRRIP (L2C) Pollution Stats ================
Total pollution count in L2c: 83559
==================================================================
DRAM PAGES: 1048576
Allocated PAGES: 11340
