
*** ChampSim Multicore Out-of-Order Simulator ***

Warmup Instructions: 200000000
Simulation Instructions: 200000000
Number of CPUs: 1
LLC sets: 4096
LLC ways: 12
Off-chip DRAM Size: 4096 MB Channels: 1 Width: 64-bit Data Rate: 6400 MT/s
CPU 0 runs ./tracer/traces/619.lbm_s-2676B.champsimtrace.xz
.xz
BTB has LRU replacement policy
ITLB has LRU replacement policy
DTLB has LRU replacement policy
STLB has LRU replacement policy
L1I has LRU replacement policy
L1D has LRU replacement policy
CPU 0 L2C IP-based stride prefetcher
Initialize SRRIP state for L2C
Initialize Mockingjay state for LLC
Heartbeat CPU 0 instructions: 10000002 cycles: 1861905 heartbeat IPC: 5.37084 cumulative IPC: 5.37084 (Simulation time: 0 hr 1 min 4 sec) 
Heartbeat CPU 0 instructions: 20000007 cycles: 3713664 heartbeat IPC: 5.40027 cumulative IPC: 5.38552 (Simulation time: 0 hr 1 min 58 sec) 
Heartbeat CPU 0 instructions: 30000007 cycles: 5551401 heartbeat IPC: 5.44147 cumulative IPC: 5.40404 (Simulation time: 0 hr 2 min 37 sec) 
Heartbeat CPU 0 instructions: 40000003 cycles: 7360881 heartbeat IPC: 5.52645 cumulative IPC: 5.43413 (Simulation time: 0 hr 3 min 16 sec) 
Heartbeat CPU 0 instructions: 50000002 cycles: 9145112 heartbeat IPC: 5.60465 cumulative IPC: 5.4674 (Simulation time: 0 hr 3 min 55 sec) 
Heartbeat CPU 0 instructions: 60000004 cycles: 10904221 heartbeat IPC: 5.6847 cumulative IPC: 5.50246 (Simulation time: 0 hr 4 min 32 sec) 
Heartbeat CPU 0 instructions: 70000003 cycles: 12641151 heartbeat IPC: 5.75728 cumulative IPC: 5.53747 (Simulation time: 0 hr 5 min 9 sec) 
Heartbeat CPU 0 instructions: 80000001 cycles: 14335851 heartbeat IPC: 5.90075 cumulative IPC: 5.58042 (Simulation time: 0 hr 5 min 45 sec) 
Heartbeat CPU 0 instructions: 90000000 cycles: 16029347 heartbeat IPC: 5.90494 cumulative IPC: 5.6147 (Simulation time: 0 hr 6 min 21 sec) 
Heartbeat CPU 0 instructions: 100000004 cycles: 17696996 heartbeat IPC: 5.99647 cumulative IPC: 5.65068 (Simulation time: 0 hr 6 min 59 sec) 
Heartbeat CPU 0 instructions: 110000001 cycles: 19356599 heartbeat IPC: 6.02554 cumulative IPC: 5.68282 (Simulation time: 0 hr 7 min 43 sec) 
Heartbeat CPU 0 instructions: 120000003 cycles: 20996586 heartbeat IPC: 6.09761 cumulative IPC: 5.71522 (Simulation time: 0 hr 8 min 17 sec) 
Heartbeat CPU 0 instructions: 130000002 cycles: 22622702 heartbeat IPC: 6.14962 cumulative IPC: 5.74644 (Simulation time: 0 hr 8 min 48 sec) 
Heartbeat CPU 0 instructions: 140000000 cycles: 24245004 heartbeat IPC: 6.16408 cumulative IPC: 5.77439 (Simulation time: 0 hr 9 min 19 sec) 
Heartbeat CPU 0 instructions: 150000001 cycles: 25852950 heartbeat IPC: 6.21911 cumulative IPC: 5.80205 (Simulation time: 0 hr 9 min 51 sec) 
Heartbeat CPU 0 instructions: 160000004 cycles: 27447084 heartbeat IPC: 6.273 cumulative IPC: 5.8294 (Simulation time: 0 hr 10 min 22 sec) 
Heartbeat CPU 0 instructions: 170000006 cycles: 29039306 heartbeat IPC: 6.28053 cumulative IPC: 5.85413 (Simulation time: 0 hr 10 min 53 sec) 
Heartbeat CPU 0 instructions: 180000000 cycles: 30631075 heartbeat IPC: 6.28231 cumulative IPC: 5.87639 (Simulation time: 0 hr 11 min 23 sec) 
Heartbeat CPU 0 instructions: 190000003 cycles: 32211529 heartbeat IPC: 6.3273 cumulative IPC: 5.89851 (Simulation time: 0 hr 11 min 54 sec) 
Heartbeat CPU 0 instructions: 200000005 cycles: 33789285 heartbeat IPC: 6.33812 cumulative IPC: 5.91904 (Simulation time: 0 hr 12 min 25 sec) 

Warmup complete CPU 0 instructions: 200000005 cycles: 33789285 (Simulation time: 0 hr 12 min 25 sec) 

Heartbeat CPU 0 instructions: 210000004 cycles: 46202248 heartbeat IPC: 0.805609 cumulative IPC: 0.805609 (Simulation time: 0 hr 13 min 14 sec) 
Heartbeat CPU 0 instructions: 220000002 cycles: 58714446 heartbeat IPC: 0.79922 cumulative IPC: 0.802402 (Simulation time: 0 hr 14 min 3 sec) 
Heartbeat CPU 0 instructions: 230000000 cycles: 71000568 heartbeat IPC: 0.813926 cumulative IPC: 0.806207 (Simulation time: 0 hr 15 min 11 sec) 
Heartbeat CPU 0 instructions: 240000005 cycles: 83411770 heartbeat IPC: 0.805724 cumulative IPC: 0.806086 (Simulation time: 0 hr 16 min 27 sec) 
Heartbeat CPU 0 instructions: 250000006 cycles: 95643502 heartbeat IPC: 0.817546 cumulative IPC: 0.808352 (Simulation time: 0 hr 17 min 49 sec) 
Heartbeat CPU 0 instructions: 260000001 cycles: 107940158 heartbeat IPC: 0.813229 cumulative IPC: 0.809161 (Simulation time: 0 hr 19 min 15 sec) 
Heartbeat CPU 0 instructions: 270000000 cycles: 119987106 heartbeat IPC: 0.830086 cumulative IPC: 0.812085 (Simulation time: 0 hr 20 min 28 sec) 
Heartbeat CPU 0 instructions: 280000001 cycles: 132209937 heartbeat IPC: 0.818141 cumulative IPC: 0.812837 (Simulation time: 0 hr 21 min 52 sec) 
Heartbeat CPU 0 instructions: 290000002 cycles: 144172656 heartbeat IPC: 0.83593 cumulative IPC: 0.81534 (Simulation time: 0 hr 23 min 28 sec) 
Heartbeat CPU 0 instructions: 300000002 cycles: 156311298 heartbeat IPC: 0.823815 cumulative IPC: 0.81618 (Simulation time: 0 hr 24 min 43 sec) 
Heartbeat CPU 0 instructions: 310000004 cycles: 168356553 heartbeat IPC: 0.830203 cumulative IPC: 0.817435 (Simulation time: 0 hr 25 min 47 sec) 
Heartbeat CPU 0 instructions: 320000004 cycles: 180501114 heartbeat IPC: 0.823414 cumulative IPC: 0.81793 (Simulation time: 0 hr 26 min 57 sec) 
Heartbeat CPU 0 instructions: 330000004 cycles: 192281374 heartbeat IPC: 0.848878 cumulative IPC: 0.82023 (Simulation time: 0 hr 27 min 57 sec) 
Heartbeat CPU 0 instructions: 340000002 cycles: 204439661 heartbeat IPC: 0.822484 cumulative IPC: 0.820391 (Simulation time: 0 hr 29 min 11 sec) 
Heartbeat CPU 0 instructions: 350000000 cycles: 216263732 heartbeat IPC: 0.845732 cumulative IPC: 0.822033 (Simulation time: 0 hr 30 min 41 sec) 
Heartbeat CPU 0 instructions: 360000000 cycles: 228361945 heartbeat IPC: 0.826568 cumulative IPC: 0.822315 (Simulation time: 0 hr 32 min 7 sec) 
Heartbeat CPU 0 instructions: 370000004 cycles: 240414012 heartbeat IPC: 0.829734 cumulative IPC: 0.822748 (Simulation time: 0 hr 33 min 4 sec) 
Heartbeat CPU 0 instructions: 380000000 cycles: 252244432 heartbeat IPC: 0.845278 cumulative IPC: 0.823968 (Simulation time: 0 hr 34 min 14 sec) 
Heartbeat CPU 0 instructions: 390000007 cycles: 264322759 heartbeat IPC: 0.82793 cumulative IPC: 0.824175 (Simulation time: 0 hr 35 min 17 sec) 
Heartbeat CPU 0 instructions: 400000004 cycles: 276196628 heartbeat IPC: 0.842185 cumulative IPC: 0.825058 (Simulation time: 0 hr 36 min 54 sec) 
Finished CPU 0 instructions: 200000007 cycles: 242407344 cumulative IPC: 0.825058 (Simulation time: 0 hr 36 min 54 sec) 

ChampSim completed all CPUs

Region of Interest Statistics

CPU 0 cumulative IPC: 0.825058 instructions: 200000007 cycles: 242407344
ITLB TOTAL     ACCESS:   19206832  HIT:   19206832  MISS:          0  HIT %:        100  MISS %:          0   MPKI: 0
ITLB LOAD TRANSLATION ACCESS:   19206832  HIT:   19206832  MISS:          0  HIT %:        100  MISS %:          0   MPKI: 0
ITLB PREFETCH  REQUESTED:          0  ISSUED:          0  USEFUL:          0  USELESS:          0
ITLB USEFUL LOAD PREFETCHES:          0 PREFETCH ISSUED TO LOWER LEVEL:          0  ACCURACY: -nan
ITLB TIMELY PREFETCHES:          0 LATE PREFETCHES: 0 DROPPED PREFETCHES: 0
ITLB PREFETCHES SAME FILL-ORIGIN LEVEL: 0 DIFFERENT FILL-ORIGIN LEVEL: 0
ITLB AVERAGE MISS LATENCY:       -nan cycles AVERAGE LOAD MISS LATENCY:       -nan cycles Load Miss          0
ITLB Average MSHR Occupancy: 3.30023e-08
ITLB RQ	ACCESS:   20918630	FORWARD:          0	MERGED:    1711798	TO_CACHE:   19206832

DTLB TOTAL     ACCESS:   22811417  HIT:   22685300  MISS:     126117  HIT %:    99.4471  MISS %:   0.552868   MPKI: 0.630585
DTLB LOAD TRANSLATION ACCESS:   22811417  HIT:   22685300  MISS:     126117  HIT %:    99.4471  MISS %:   0.552868   MPKI: 0.630585
DTLB PREFETCH  REQUESTED:          0  ISSUED:          0  USEFUL:          0  USELESS:          0
DTLB USEFUL LOAD PREFETCHES:          0 PREFETCH ISSUED TO LOWER LEVEL:          0  ACCURACY: -nan
DTLB TIMELY PREFETCHES:          0 LATE PREFETCHES: 0 DROPPED PREFETCHES: 0
DTLB PREFETCHES SAME FILL-ORIGIN LEVEL: 0 DIFFERENT FILL-ORIGIN LEVEL: 0
DTLB AVERAGE MISS LATENCY:    98.7814 cycles AVERAGE LOAD MISS LATENCY:       -nan cycles Load Miss          0
DTLB Average MSHR Occupancy:  0.0315112
DTLB RQ	ACCESS:   41666219	FORWARD:          0	MERGED:   18838774	TO_CACHE:   22827445

STLB TOTAL     ACCESS:     126117  HIT:      57687  MISS:      68430  HIT %:    45.7409  MISS %:    54.2591   MPKI: 0.34215
STLB LOAD TRANSLATION ACCESS:     126117  HIT:      57687  MISS:      68430  HIT %:    45.7409  MISS %:    54.2591   MPKI: 0.34215
STLB PREFETCH  REQUESTED:          0  ISSUED:          0  USEFUL:          0  USELESS:          0
STLB USEFUL LOAD PREFETCHES:          0 PREFETCH ISSUED TO LOWER LEVEL:          0  ACCURACY: -nan
STLB TIMELY PREFETCHES:          0 LATE PREFETCHES: 0 DROPPED PREFETCHES: 0
STLB PREFETCHES SAME FILL-ORIGIN LEVEL: 0 DIFFERENT FILL-ORIGIN LEVEL: 0
STLB AVERAGE MISS LATENCY:    165.137 cycles AVERAGE LOAD MISS LATENCY:       -nan cycles Load Miss          0
STLB Average MSHR Occupancy:  0.0266292
STLB RQ	ACCESS:     126117	FORWARD:          0	MERGED:          0	TO_CACHE:     126117

STLB Hit, L1D data hit: 0
STLB Hit, L2C data hit: 0
STLB Hit, LLC data hit: 0
STLB Hit, LLC data miss: 0
STLB STLB hints to L2: 0
L1D TOTAL     ACCESS:   41507849  HIT:   34283870  MISS:    7223979  HIT %:    82.5961  MISS %:    17.4039   MPKI: 36.1199
L1D LOAD      ACCESS:   12397111  HIT:   11302555  MISS:    1094556  HIT %:    91.1709  MISS %:    8.82912   MPKI: 5.47278
L1D RFO       ACCESS:   29110738  HIT:   22981315  MISS:    6129423  HIT %:    78.9445  MISS %:    21.0555   MPKI: 30.6471
L1D PREFETCH  REQUESTED:          0  ISSUED:          0  USEFUL:          0  USELESS:          0
L1D USEFUL LOAD PREFETCHES:          0 PREFETCH ISSUED TO LOWER LEVEL:          0  ACCURACY: -nan
L1D TIMELY PREFETCHES:          0 LATE PREFETCHES: 0 DROPPED PREFETCHES: 0
L1D PREFETCHES SAME FILL-ORIGIN LEVEL: 0 DIFFERENT FILL-ORIGIN LEVEL: 0
L1D AVERAGE MISS LATENCY:    250.996 cycles AVERAGE LOAD MISS LATENCY:    225.694 cycles Load Miss    1094556
L1D Average MSHR Occupancy:    7.44221
L1D RQ	ACCESS:   38712342	FORWARD:          0	MERGED:   22632338	TO_CACHE:   12545943
L1D WQ	ACCESS:   29852892	FORWARD:    3534061	MERGED:     732616	TO_CACHE:   29120276

L1D UNIQUE REGIONS ACCESSED: 0
L1D REGIONS CONFLICTS: 0
L1D Cross Page Prefetch Requests: 0
L1D Same Page Prefetch Requests: 0
L1D ROI Sum of L1D PQ occupancy: 0
L1D PREFETCHES PUSHED FROM L2C: 0
L1I TOTAL     ACCESS:   20918626  HIT:   20918626  MISS:          0  HIT %:        100  MISS %:          0   MPKI: 0
L1I LOAD      ACCESS:   20918626  HIT:   20918626  MISS:          0  HIT %:        100  MISS %:          0   MPKI: 0
L1I PREFETCH  REQUESTED:          0  ISSUED:          0  USEFUL:          0  USELESS:          0
L1I USEFUL LOAD PREFETCHES:          0 PREFETCH ISSUED TO LOWER LEVEL:          0  ACCURACY: -nan
L1I TIMELY PREFETCHES:          0 LATE PREFETCHES: 0 DROPPED PREFETCHES: 0
L1I PREFETCHES SAME FILL-ORIGIN LEVEL: 0 DIFFERENT FILL-ORIGIN LEVEL: 0
L1I AVERAGE MISS LATENCY:       -nan cycles AVERAGE LOAD MISS LATENCY:       -nan cycles Load Miss          0
L1I Average MSHR Occupancy: 1.01895e-06
L1I RQ	ACCESS:   46933825	FORWARD:          0	MERGED:   26015195	TO_CACHE:   20918630

BTB TOTAL     ACCESS:    2157812  HIT:    2157806  MISS:          6  HIT %:    99.9997  MISS %: 0.000278059   MPKI: 3e-05
BTB BRANCH_DIRECT_JUMP	ACCESS:      15554  HIT:      15553  MISS:          1
BTB BRANCH_INDIRECT	ACCESS:          0  HIT:          0  MISS:          0
BTB BRANCH_CONDITIONAL	ACCESS:    2142258  HIT:    2142253  MISS:          5
BTB BRANCH_DIRECT_CALL	ACCESS:          0  HIT:          0  MISS:          0
BTB BRANCH_INDIRECT_CALL	ACCESS:          0  HIT:          0  MISS:          0
BTB BRANCH_RETURN	ACCESS:          0  HIT:          0  MISS:          0
BTB BRANCH_OTHER ACCESS:          0  HIT:          0  MISS:          0

L2C TOTAL     ACCESS:   14707495  HIT:   10313321  MISS:    4394174  HIT %:    70.1229  MISS %:    29.8771   MPKI: 21.9709
L2C LOAD      ACCESS:    1094556  HIT:     492696  MISS:     601860  HIT %:    45.0133  MISS %:    54.9867   MPKI: 3.0093
L2C DATA LOAD MPKI: 3.0093
L2C INSTRUCTION LOAD MPKI: 0
L2C RFO       ACCESS:    6129421  HIT:    2845811  MISS:    3283610  HIT %:    46.4287  MISS %:    53.5713   MPKI: 16.418
L2C PREFETCH  ACCESS:    1285668  HIT:     792964  MISS:     492704  HIT %:    61.6772  MISS %:    38.3228   MPKI: 2.46352
AGUS PREFETCH L1 MISS: 0
L2C DATA PREFETCH MPKI: 2.46352
L2C INSTRUCTION PREFETCH MPKI: 0
L2C WRITEBACK ACCESS:    6129416  HIT:    6122064  MISS:       7352  HIT %:    99.8801  MISS %:   0.119946   MPKI: 0.03676
L2C LOAD TRANSLATION ACCESS:      68434  HIT:      59786  MISS:       8648  HIT %:     87.363  MISS %:     12.637   MPKI: 0.04324
L2C PREFETCH  REQUESTED:    1299148  ISSUED:    1299148  USEFUL:     492696  USELESS:          0
L2C USEFUL LOAD PREFETCHES:     492696 PREFETCH ISSUED TO LOWER LEVEL:     499549  ACCURACY: 98.6282
L2C TIMELY PREFETCHES:     492696 LATE PREFETCHES: 985 DROPPED PREFETCHES: 0
L2C PREFETCHES SAME FILL-ORIGIN LEVEL: 493690 DIFFERENT FILL-ORIGIN LEVEL: 5859
L2C AVERAGE MISS LATENCY:    438.892 cycles AVERAGE LOAD MISS LATENCY:    378.765 cycles Load Miss     601860
L2C Average MSHR Occupancy:    7.86526
L2C RQ	ACCESS:    7292411	FORWARD:          0	MERGED:          0	TO_CACHE:    7292411
L2C WQ	ACCESS:    6129416	FORWARD:          0	MERGED:          0	TO_CACHE:    6129416
L2C PQ	ACCESS:    1299148	FORWARD:          0	MERGED:        195	TO_CACHE:    1298953

L2C Instructions Evicting Data 0
L2C Translations Evicting Data 8645
L2C Data Evicting Data 4369560
L2C Instructions Evicting Instructions 0
L2C Translations Evicting Instructions 0
L2C Data Evicting Instructions 0
L2C Instructions Evicting Translations 0
L2C Translations Evicting Translations 3
L2C Data Evicting Translations 8614
L2C Dense regions hint from L2: 0
PSCL5 TOTAL     ACCESS:      68430  HIT:      68430  MISS:          0  HIT %:        100  MISS %:          0   MPKI: 0
PSCL5 LOAD TRANSLATION ACCESS:      68430  HIT:      68430  MISS:          0  HIT %:        100  MISS %:          0   MPKI: 0
PSCL5 PREFETCH  REQUESTED:          0  ISSUED:          0  USEFUL:          0  USELESS:          0
PSCL5 USEFUL LOAD PREFETCHES:          0 PREFETCH ISSUED TO LOWER LEVEL:          0  ACCURACY: -nan
PSCL5 TIMELY PREFETCHES:          0 LATE PREFETCHES: 0 DROPPED PREFETCHES: 0
PSCL5 PREFETCHES SAME FILL-ORIGIN LEVEL: 0 DIFFERENT FILL-ORIGIN LEVEL: 0

PSCL4 TOTAL     ACCESS:      68430  HIT:      68430  MISS:          0  HIT %:        100  MISS %:          0   MPKI: 0
PSCL4 LOAD TRANSLATION ACCESS:      68430  HIT:      68430  MISS:          0  HIT %:        100  MISS %:          0   MPKI: 0
PSCL4 PREFETCH  REQUESTED:          0  ISSUED:          0  USEFUL:          0  USELESS:          0
PSCL4 USEFUL LOAD PREFETCHES:          0 PREFETCH ISSUED TO LOWER LEVEL:          0  ACCURACY: -nan
PSCL4 TIMELY PREFETCHES:          0 LATE PREFETCHES: 0 DROPPED PREFETCHES: 0
PSCL4 PREFETCHES SAME FILL-ORIGIN LEVEL: 0 DIFFERENT FILL-ORIGIN LEVEL: 0

PSCL3 TOTAL     ACCESS:      68430  HIT:      68430  MISS:          0  HIT %:        100  MISS %:          0   MPKI: 0
PSCL3 LOAD TRANSLATION ACCESS:      68430  HIT:      68430  MISS:          0  HIT %:        100  MISS %:          0   MPKI: 0
PSCL3 PREFETCH  REQUESTED:          0  ISSUED:          0  USEFUL:          0  USELESS:          0
PSCL3 USEFUL LOAD PREFETCHES:          0 PREFETCH ISSUED TO LOWER LEVEL:          0  ACCURACY: -nan
PSCL3 TIMELY PREFETCHES:          0 LATE PREFETCHES: 0 DROPPED PREFETCHES: 0
PSCL3 PREFETCHES SAME FILL-ORIGIN LEVEL: 0 DIFFERENT FILL-ORIGIN LEVEL: 0

PSCL2 TOTAL     ACCESS:      68430  HIT:      68359  MISS:         71  HIT %:    99.8962  MISS %:   0.103756   MPKI: 0.000355
PSCL2 LOAD TRANSLATION ACCESS:      68430  HIT:      68359  MISS:         71  HIT %:    99.8962  MISS %:   0.103756   MPKI: 0.000355
PSCL2 PREFETCH  REQUESTED:          0  ISSUED:          0  USEFUL:          0  USELESS:          0
PSCL2 USEFUL LOAD PREFETCHES:          0 PREFETCH ISSUED TO LOWER LEVEL:          0  ACCURACY: -nan
PSCL2 TIMELY PREFETCHES:          0 LATE PREFETCHES: 0 DROPPED PREFETCHES: 0
PSCL2 PREFETCHES SAME FILL-ORIGIN LEVEL: 0 DIFFERENT FILL-ORIGIN LEVEL: 0

LLC TOTAL     ACCESS:    7673608  HIT:        154  MISS:    7673454  HIT %: 0.00200688  MISS %:     99.998   MPKI: 38.3673
LLC LOAD      ACCESS:     600875  HIT:         33  MISS:     600842  HIT %: 0.00549199  MISS %:    99.9945   MPKI: 3.00421
LLC RFO       ACCESS:    3283610  HIT:         39  MISS:    3283571  HIT %: 0.00118772  MISS %:    99.9988   MPKI: 16.4179
LLC PREFETCH  ACCESS:     498623  HIT:          0  MISS:     498623  HIT %:          0  MISS %:        100   MPKI: 2.49311
AGUS PREFETCH L1 MISS: 0
LLC WRITEBACK ACCESS:    3281852  HIT:         56  MISS:    3281796  HIT %: 0.00170635  MISS %:    99.9983   MPKI: 16.409
LLC LOAD TRANSLATION ACCESS:       8648  HIT:         26  MISS:       8622  HIT %:   0.300648  MISS %:    99.6994   MPKI: 0.04311
LLC PREFETCH  REQUESTED:          0  ISSUED:          0  USEFUL:          0  USELESS:          0
LLC USEFUL LOAD PREFETCHES:          0 PREFETCH ISSUED TO LOWER LEVEL:     498826  ACCURACY: 0
LLC TIMELY PREFETCHES:          0 LATE PREFETCHES: 202 DROPPED PREFETCHES: 0
LLC PREFETCHES SAME FILL-ORIGIN LEVEL: 5531 DIFFERENT FILL-ORIGIN LEVEL: 0
LLC AVERAGE MISS LATENCY:    225.705 cycles AVERAGE LOAD MISS LATENCY:    333.725 cycles Load Miss     600842
LLC Average MSHR Occupancy:    7.12705
LLC RQ	ACCESS:    3893133	FORWARD:          0	MERGED:          0	TO_CACHE:    3893133
LLC WQ	ACCESS:    3281851	FORWARD:          0	MERGED:          0	TO_CACHE:    3281851
LLC PQ	ACCESS:     499549	FORWARD:          0	MERGED:         23	TO_CACHE:     499526

LLC Dense regions hint to LLC: 0

RAW hits: 8045864
Loads Generated: 46758208
Loads sent to L1D: 38712342
Stores Generated: 29852883
Stores sent to L1D: 29852892
Major fault: 0 Minor fault: 86891
Allocated PAGES: 86891
CPU 0 L2C PC-based stride prefetcher final stats
================ Mockingjay (LLC) Pollution Stats ================
Total pollution count in LLC: 1
==================================================================

DRAM Statistics
 CHANNEL 0
 RQ ROW_BUFFER_HIT:     266839  ROW_BUFFER_MISS:    4124821
 DBUS_CONGESTED:          0
 WQ ROW_BUFFER_HIT:     620104  ROW_BUFFER_MISS:    2661631  FULL:        606

 AVG_CONGESTED_CYCLE: -
 All warmup complete: 2
Channel 0 Bank busy for read cycles: 0
Channel 0 Bank busy for write cycles: 0
Channel 0
Rank 0
0banks busy for read cycles: 224666
0banks busy for write cycles: 0
1banks busy for read cycles: 19422476
1banks busy for write cycles: 355326
2banks busy for read cycles: 13811551
2banks busy for write cycles: 355326
3banks busy for read cycles: 29397075
3banks busy for write cycles: 355300
4banks busy for read cycles: 30972638
4banks busy for write cycles: 355288
5banks busy for read cycles: 26041620
5banks busy for write cycles: 355438
6banks busy for read cycles: 33668016
6banks busy for write cycles: 376609
7banks busy for read cycles: 9721350
7banks busy for write cycles: 4078567
8banks busy for read cycles: 2718123
8banks busy for write cycles: 70197976

CPU 0 Branch Prediction Accuracy: 99.8231% MPKI: 0.019085 Average ROB Occupancy at Mispredict: 465.829
Branch types
NOT_BRANCH: 197842109 98.9211%
BRANCH_DIRECT_JUMP: 15554 0.007777%
BRANCH_INDIRECT: 0 0%
BRANCH_CONDITIONAL: 2142338 1.07117%
BRANCH_DIRECT_CALL: 0 0%
BRANCH_INDIRECT_CALL: 0 0%
BRANCH_RETURN: 0 0%
BRANCH_OTHER: 0 0%

===================== LRU L1D STATS =====================
Total pollution count in L1D: 0
=========================================================
================ SRRIP (L2C) Pollution Stats ================
Total pollution count in L2c: 140
==================================================================
DRAM PAGES: 1048576
Allocated PAGES: 86891
