
*** ChampSim Multicore Out-of-Order Simulator ***

Warmup Instructions: 200000000
Simulation Instructions: 200000000
Number of CPUs: 1
LLC sets: 4096
LLC ways: 12
Off-chip DRAM Size: 4096 MB Channels: 1 Width: 64-bit Data Rate: 6400 MT/s
CPU 0 runs ./tracer/traces/619.lbm_s-2677B.champsimtrace.xz
.xz
BTB has LRU replacement policy
ITLB has LRU replacement policy
DTLB has LRU replacement policy
STLB has LRU replacement policy
L1I has LRU replacement policy
L1D has LRU replacement policy
CPU 0 L2C IP-based stride prefetcher
Initialize SRRIP state for L2C
Initialize Mockingjay state for LLC
Heartbeat CPU 0 instructions: 10000000 cycles: 2024721 heartbeat IPC: 4.93895 cumulative IPC: 4.93895 (Simulation time: 0 hr 0 min 47 sec) 
Heartbeat CPU 0 instructions: 20000004 cycles: 4028230 heartbeat IPC: 4.99124 cumulative IPC: 4.96496 (Simulation time: 0 hr 1 min 20 sec) 
Heartbeat CPU 0 instructions: 30000007 cycles: 6052304 heartbeat IPC: 4.94053 cumulative IPC: 4.95679 (Simulation time: 0 hr 1 min 53 sec) 
Heartbeat CPU 0 instructions: 40000003 cycles: 8064933 heartbeat IPC: 4.96862 cumulative IPC: 4.95974 (Simulation time: 0 hr 2 min 27 sec) 
Heartbeat CPU 0 instructions: 50000007 cycles: 10094335 heartbeat IPC: 4.92756 cumulative IPC: 4.95327 (Simulation time: 0 hr 3 min 0 sec) 
Heartbeat CPU 0 instructions: 60000007 cycles: 12120491 heartbeat IPC: 4.93545 cumulative IPC: 4.95029 (Simulation time: 0 hr 3 min 34 sec) 
Heartbeat CPU 0 instructions: 70000004 cycles: 14134463 heartbeat IPC: 4.96531 cumulative IPC: 4.95243 (Simulation time: 0 hr 4 min 7 sec) 
Heartbeat CPU 0 instructions: 80000000 cycles: 16155086 heartbeat IPC: 4.94897 cumulative IPC: 4.952 (Simulation time: 0 hr 4 min 41 sec) 
Heartbeat CPU 0 instructions: 90000000 cycles: 18192102 heartbeat IPC: 4.90914 cumulative IPC: 4.9472 (Simulation time: 0 hr 5 min 14 sec) 
Heartbeat CPU 0 instructions: 100000000 cycles: 20224725 heartbeat IPC: 4.91975 cumulative IPC: 4.94444 (Simulation time: 0 hr 5 min 55 sec) 
Heartbeat CPU 0 instructions: 110000002 cycles: 22267041 heartbeat IPC: 4.8964 cumulative IPC: 4.94004 (Simulation time: 0 hr 6 min 28 sec) 
Heartbeat CPU 0 instructions: 120000005 cycles: 24293954 heartbeat IPC: 4.93361 cumulative IPC: 4.9395 (Simulation time: 0 hr 7 min 9 sec) 
Heartbeat CPU 0 instructions: 130000006 cycles: 26318802 heartbeat IPC: 4.93864 cumulative IPC: 4.93944 (Simulation time: 0 hr 7 min 48 sec) 
Heartbeat CPU 0 instructions: 140000007 cycles: 28352526 heartbeat IPC: 4.91709 cumulative IPC: 4.93783 (Simulation time: 0 hr 8 min 25 sec) 
Heartbeat CPU 0 instructions: 150000003 cycles: 30394042 heartbeat IPC: 4.89832 cumulative IPC: 4.93518 (Simulation time: 0 hr 9 min 3 sec) 
Heartbeat CPU 0 instructions: 160000005 cycles: 32418744 heartbeat IPC: 4.939 cumulative IPC: 4.93542 (Simulation time: 0 hr 9 min 33 sec) 
Heartbeat CPU 0 instructions: 170000004 cycles: 34437865 heartbeat IPC: 4.95265 cumulative IPC: 4.93643 (Simulation time: 0 hr 10 min 6 sec) 
Heartbeat CPU 0 instructions: 180000000 cycles: 36433950 heartbeat IPC: 5.0098 cumulative IPC: 4.94045 (Simulation time: 0 hr 10 min 39 sec) 
Heartbeat CPU 0 instructions: 190000000 cycles: 38460384 heartbeat IPC: 4.93478 cumulative IPC: 4.94015 (Simulation time: 0 hr 11 min 8 sec) 
Heartbeat CPU 0 instructions: 200000004 cycles: 40477836 heartbeat IPC: 4.95675 cumulative IPC: 4.94098 (Simulation time: 0 hr 11 min 41 sec) 

Warmup complete CPU 0 instructions: 200000004 cycles: 40477836 (Simulation time: 0 hr 11 min 41 sec) 

Heartbeat CPU 0 instructions: 210000000 cycles: 63495398 heartbeat IPC: 0.434451 cumulative IPC: 0.434451 (Simulation time: 0 hr 12 min 49 sec) 
Heartbeat CPU 0 instructions: 220000001 cycles: 87043673 heartbeat IPC: 0.42466 cumulative IPC: 0.429499 (Simulation time: 0 hr 13 min 58 sec) 
Heartbeat CPU 0 instructions: 230000002 cycles: 110750226 heartbeat IPC: 0.421824 cumulative IPC: 0.42691 (Simulation time: 0 hr 15 min 42 sec) 
Heartbeat CPU 0 instructions: 240000002 cycles: 135399358 heartbeat IPC: 0.405694 cumulative IPC: 0.421401 (Simulation time: 0 hr 17 min 24 sec) 
Heartbeat CPU 0 instructions: 250000003 cycles: 159614053 heartbeat IPC: 0.412972 cumulative IPC: 0.419688 (Simulation time: 0 hr 19 min 2 sec) 
Heartbeat CPU 0 instructions: 260000007 cycles: 183559189 heartbeat IPC: 0.417622 cumulative IPC: 0.419342 (Simulation time: 0 hr 20 min 47 sec) 
Heartbeat CPU 0 instructions: 270000000 cycles: 207239972 heartbeat IPC: 0.422283 cumulative IPC: 0.41976 (Simulation time: 0 hr 22 min 46 sec) 
Heartbeat CPU 0 instructions: 280000001 cycles: 230546060 heartbeat IPC: 0.429072 cumulative IPC: 0.420901 (Simulation time: 0 hr 24 min 43 sec) 
Heartbeat CPU 0 instructions: 290000000 cycles: 253501617 heartbeat IPC: 0.435624 cumulative IPC: 0.422488 (Simulation time: 0 hr 26 min 38 sec) 
Heartbeat CPU 0 instructions: 300000000 cycles: 276421740 heartbeat IPC: 0.436298 cumulative IPC: 0.42383 (Simulation time: 0 hr 28 min 14 sec) 
Heartbeat CPU 0 instructions: 310000003 cycles: 299280667 heartbeat IPC: 0.437466 cumulative IPC: 0.425034 (Simulation time: 0 hr 29 min 47 sec) 
Heartbeat CPU 0 instructions: 320000003 cycles: 321849029 heartbeat IPC: 0.443098 cumulative IPC: 0.426483 (Simulation time: 0 hr 31 min 19 sec) 
Heartbeat CPU 0 instructions: 330000001 cycles: 344195414 heartbeat IPC: 0.4475 cumulative IPC: 0.428029 (Simulation time: 0 hr 32 min 48 sec) 
Heartbeat CPU 0 instructions: 340000002 cycles: 366656832 heartbeat IPC: 0.445208 cumulative IPC: 0.429212 (Simulation time: 0 hr 34 min 12 sec) 
Heartbeat CPU 0 instructions: 350000005 cycles: 389671459 heartbeat IPC: 0.434506 cumulative IPC: 0.429561 (Simulation time: 0 hr 35 min 42 sec) 
Heartbeat CPU 0 instructions: 360000000 cycles: 412818488 heartbeat IPC: 0.432021 cumulative IPC: 0.429714 (Simulation time: 0 hr 37 min 13 sec) 
Heartbeat CPU 0 instructions: 370000006 cycles: 436266683 heartbeat IPC: 0.426472 cumulative IPC: 0.429522 (Simulation time: 0 hr 38 min 52 sec) 
Heartbeat CPU 0 instructions: 380000004 cycles: 459587862 heartbeat IPC: 0.428795 cumulative IPC: 0.429482 (Simulation time: 0 hr 40 min 55 sec) 
Heartbeat CPU 0 instructions: 390000000 cycles: 482505993 heartbeat IPC: 0.436336 cumulative IPC: 0.429837 (Simulation time: 0 hr 42 min 57 sec) 
Heartbeat CPU 0 instructions: 400000001 cycles: 506009375 heartbeat IPC: 0.425471 cumulative IPC: 0.429616 (Simulation time: 0 hr 44 min 44 sec) 
Finished CPU 0 instructions: 200000005 cycles: 465531542 cumulative IPC: 0.429616 (Simulation time: 0 hr 44 min 44 sec) 

ChampSim completed all CPUs

Region of Interest Statistics

CPU 0 cumulative IPC: 0.429616 instructions: 200000005 cycles: 465531542
ITLB TOTAL     ACCESS:   21442367  HIT:   21442367  MISS:          0  HIT %:        100  MISS %:          0   MPKI: 0
ITLB LOAD TRANSLATION ACCESS:   21442367  HIT:   21442367  MISS:          0  HIT %:        100  MISS %:          0   MPKI: 0
ITLB PREFETCH  REQUESTED:          0  ISSUED:          0  USEFUL:          0  USELESS:          0
ITLB USEFUL LOAD PREFETCHES:          0 PREFETCH ISSUED TO LOWER LEVEL:          0  ACCURACY: -nan
ITLB TIMELY PREFETCHES:          0 LATE PREFETCHES: 0 DROPPED PREFETCHES: 0
ITLB PREFETCHES SAME FILL-ORIGIN LEVEL: 0 DIFFERENT FILL-ORIGIN LEVEL: 0
ITLB AVERAGE MISS LATENCY:       -nan cycles AVERAGE LOAD MISS LATENCY:       -nan cycles Load Miss          0
ITLB Average MSHR Occupancy: 1.50366e-08
ITLB RQ	ACCESS:   24427731	FORWARD:          0	MERGED:    2985365	TO_CACHE:   21442366

DTLB TOTAL     ACCESS:   28857891  HIT:   28582789  MISS:     275102  HIT %:    99.0467  MISS %:   0.953299   MPKI: 1.37551
DTLB LOAD TRANSLATION ACCESS:   28857891  HIT:   28582789  MISS:     275102  HIT %:    99.0467  MISS %:   0.953299   MPKI: 1.37551
DTLB PREFETCH  REQUESTED:          0  ISSUED:          0  USEFUL:          0  USELESS:          0
DTLB USEFUL LOAD PREFETCHES:          0 PREFETCH ISSUED TO LOWER LEVEL:          0  ACCURACY: -nan
DTLB TIMELY PREFETCHES:          0 LATE PREFETCHES: 0 DROPPED PREFETCHES: 0
DTLB PREFETCHES SAME FILL-ORIGIN LEVEL: 0 DIFFERENT FILL-ORIGIN LEVEL: 0
DTLB AVERAGE MISS LATENCY:    110.564 cycles AVERAGE LOAD MISS LATENCY:       -nan cycles Load Miss          0
DTLB Average MSHR Occupancy:  0.0503272
DTLB RQ	ACCESS:   49092591	FORWARD:          0	MERGED:   20105748	TO_CACHE:   28986843

STLB TOTAL     ACCESS:     275102  HIT:     125826  MISS:     149276  HIT %:    45.7379  MISS %:    54.2621   MPKI: 0.74638
STLB LOAD TRANSLATION ACCESS:     275102  HIT:     125826  MISS:     149276  HIT %:    45.7379  MISS %:    54.2621   MPKI: 0.74638
STLB PREFETCH  REQUESTED:          0  ISSUED:          0  USEFUL:          0  USELESS:          0
STLB USEFUL LOAD PREFETCHES:          0 PREFETCH ISSUED TO LOWER LEVEL:          0  ACCURACY: -nan
STLB TIMELY PREFETCHES:          0 LATE PREFETCHES: 0 DROPPED PREFETCHES: 0
STLB PREFETCHES SAME FILL-ORIGIN LEVEL: 0 DIFFERENT FILL-ORIGIN LEVEL: 0
STLB AVERAGE MISS LATENCY:    186.795 cycles AVERAGE LOAD MISS LATENCY:       -nan cycles Load Miss          0
STLB Average MSHR Occupancy:  0.0449081
STLB RQ	ACCESS:     275100	FORWARD:          0	MERGED:          0	TO_CACHE:     275100

STLB Hit, L1D data hit: 0
STLB Hit, L2C data hit: 0
STLB Hit, LLC data hit: 0
STLB Hit, LLC data miss: 0
STLB STLB hints to L2: 0
L1D TOTAL     ACCESS:   48202156  HIT:   32442840  MISS:   15759316  HIT %:    67.3058  MISS %:    32.6942   MPKI: 78.7966
L1D LOAD      ACCESS:   12507167  HIT:   10119205  MISS:    2387962  HIT %:    80.9073  MISS %:    19.0927   MPKI: 11.9398
L1D RFO       ACCESS:   35694989  HIT:   22323635  MISS:   13371354  HIT %:      62.54  MISS %:      37.46   MPKI: 66.8568
L1D PREFETCH  REQUESTED:          0  ISSUED:          0  USEFUL:          0  USELESS:          0
L1D USEFUL LOAD PREFETCHES:          0 PREFETCH ISSUED TO LOWER LEVEL:          0  ACCURACY: -nan
L1D TIMELY PREFETCHES:          0 LATE PREFETCHES: 0 DROPPED PREFETCHES: 0
L1D PREFETCHES SAME FILL-ORIGIN LEVEL: 0 DIFFERENT FILL-ORIGIN LEVEL: 0
L1D AVERAGE MISS LATENCY:    350.765 cycles AVERAGE LOAD MISS LATENCY:     347.76 cycles Load Miss    2387962
L1D Average MSHR Occupancy:    12.1159
L1D RQ	ACCESS:   45358324	FORWARD:          0	MERGED:   28233586	TO_CACHE:   13136081
L1D WQ	ACCESS:   36900397	FORWARD:    3988657	MERGED:     943887	TO_CACHE:   35956510

L1D UNIQUE REGIONS ACCESSED: 0
L1D REGIONS CONFLICTS: 0
L1D Cross Page Prefetch Requests: 0
L1D Same Page Prefetch Requests: 0
L1D ROI Sum of L1D PQ occupancy: 0
L1D PREFETCHES PUSHED FROM L2C: 0
L1I TOTAL     ACCESS:   22123708  HIT:          0  MISS:   22123708  HIT %:          0  MISS %:        100   MPKI: 110.619
L1I LOAD      ACCESS:   22123708  HIT:          0  MISS:   22123708  HIT %:          0  MISS %:        100   MPKI: 110.619
L1I PREFETCH  REQUESTED:          0  ISSUED:          0  USEFUL:          0  USELESS:          0
L1I USEFUL LOAD PREFETCHES:          0 PREFETCH ISSUED TO LOWER LEVEL:          0  ACCURACY: -nan
L1I TIMELY PREFETCHES:          0 LATE PREFETCHES: 0 DROPPED PREFETCHES: 0
L1I PREFETCHES SAME FILL-ORIGIN LEVEL: 0 DIFFERENT FILL-ORIGIN LEVEL: 0
L1I AVERAGE MISS LATENCY:    14.8426 cycles AVERAGE LOAD MISS LATENCY:    14.8426 cycles Load Miss   22123708
L1I Average MSHR Occupancy:   0.833045
L1I RQ	ACCESS:   49461155	FORWARD:          0	MERGED:   25033424	TO_CACHE:   24427731

BTB TOTAL     ACCESS:    3600616  HIT:    3600610  MISS:          6  HIT %:    99.9998  MISS %: 0.000166638   MPKI: 3e-05
BTB BRANCH_DIRECT_JUMP	ACCESS:     587315  HIT:     587314  MISS:          1
BTB BRANCH_INDIRECT	ACCESS:          0  HIT:          0  MISS:          0
BTB BRANCH_CONDITIONAL	ACCESS:    3013301  HIT:    3013296  MISS:          5
BTB BRANCH_DIRECT_CALL	ACCESS:          0  HIT:          0  MISS:          0
BTB BRANCH_INDIRECT_CALL	ACCESS:          0  HIT:          0  MISS:          0
BTB BRANCH_RETURN	ACCESS:          0  HIT:          0  MISS:          0
BTB BRANCH_OTHER ACCESS:          0  HIT:          0  MISS:          0

L2C TOTAL     ACCESS:   52853574  HIT:   43269519  MISS:    9584055  HIT %:    81.8668  MISS %:    18.1332   MPKI: 47.9203
L2C LOAD      ACCESS:   24511669  HIT:   22929187  MISS:    1582482  HIT %:     93.544  MISS %:    6.45604   MPKI: 7.91241
L2C DATA LOAD MPKI: 7.91239
L2C INSTRUCTION LOAD MPKI: 1.5e-05
L2C RFO       ACCESS:   13371350  HIT:    6208479  MISS:    7162871  HIT %:    46.4312  MISS %:    53.5688   MPKI: 35.8144
L2C PREFETCH  ACCESS:    1449922  HIT:     644539  MISS:     805383  HIT %:    44.4534  MISS %:    55.5466   MPKI: 4.02691
AGUS PREFETCH L1 MISS: 0
L2C DATA PREFETCH MPKI: 4.02691
L2C INSTRUCTION PREFETCH MPKI: 0
L2C WRITEBACK ACCESS:   13371347  HIT:   13356890  MISS:      14457  HIT %:    99.8919  MISS %:   0.108119   MPKI: 0.072285
L2C LOAD TRANSLATION ACCESS:     149286  HIT:     130424  MISS:      18862  HIT %:    87.3652  MISS %:    12.6348   MPKI: 0.09431
L2C PREFETCH  REQUESTED:    1850787  ISSUED:    1850785  USEFUL:     805371  USELESS:          6
L2C USEFUL LOAD PREFETCHES:     805371 PREFETCH ISSUED TO LOWER LEVEL:    1087216  ACCURACY: 74.0764
L2C TIMELY PREFETCHES:     805371 LATE PREFETCHES: 44165 DROPPED PREFETCHES: 0
L2C PREFETCHES SAME FILL-ORIGIN LEVEL: 849548 DIFFERENT FILL-ORIGIN LEVEL: 237668
L2C AVERAGE MISS LATENCY:    597.122 cycles AVERAGE LOAD MISS LATENCY:    499.842 cycles Load Miss    1582482
L2C Average MSHR Occupancy:    12.1594
L2C RQ	ACCESS:   38032306	FORWARD:          0	MERGED:          0	TO_CACHE:   38032302
L2C WQ	ACCESS:   13371350	FORWARD:          4	MERGED:          0	TO_CACHE:   13371350
L2C PQ	ACCESS:    1850785	FORWARD:          0	MERGED:       8405	TO_CACHE:    1842380

L2C Instructions Evicting Data 3
L2C Translations Evicting Data 18833
L2C Data Evicting Data 9531912
L2C Instructions Evicting Instructions 0
L2C Translations Evicting Instructions 0
L2C Data Evicting Instructions 3
L2C Instructions Evicting Translations 0
L2C Translations Evicting Translations 29
L2C Data Evicting Translations 18818
L2C Dense regions hint from L2: 0
PSCL5 TOTAL     ACCESS:     149275  HIT:     149275  MISS:          0  HIT %:        100  MISS %:          0   MPKI: 0
PSCL5 LOAD TRANSLATION ACCESS:     149275  HIT:     149275  MISS:          0  HIT %:        100  MISS %:          0   MPKI: 0
PSCL5 PREFETCH  REQUESTED:          0  ISSUED:          0  USEFUL:          0  USELESS:          0
PSCL5 USEFUL LOAD PREFETCHES:          0 PREFETCH ISSUED TO LOWER LEVEL:          0  ACCURACY: -nan
PSCL5 TIMELY PREFETCHES:          0 LATE PREFETCHES: 0 DROPPED PREFETCHES: 0
PSCL5 PREFETCHES SAME FILL-ORIGIN LEVEL: 0 DIFFERENT FILL-ORIGIN LEVEL: 0

PSCL4 TOTAL     ACCESS:     149275  HIT:     149275  MISS:          0  HIT %:        100  MISS %:          0   MPKI: 0
PSCL4 LOAD TRANSLATION ACCESS:     149275  HIT:     149275  MISS:          0  HIT %:        100  MISS %:          0   MPKI: 0
PSCL4 PREFETCH  REQUESTED:          0  ISSUED:          0  USEFUL:          0  USELESS:          0
PSCL4 USEFUL LOAD PREFETCHES:          0 PREFETCH ISSUED TO LOWER LEVEL:          0  ACCURACY: -nan
PSCL4 TIMELY PREFETCHES:          0 LATE PREFETCHES: 0 DROPPED PREFETCHES: 0
PSCL4 PREFETCHES SAME FILL-ORIGIN LEVEL: 0 DIFFERENT FILL-ORIGIN LEVEL: 0

PSCL3 TOTAL     ACCESS:     149275  HIT:     149274  MISS:          1  HIT %:    99.9993  MISS %: 0.000669905   MPKI: 5e-06
PSCL3 LOAD TRANSLATION ACCESS:     149275  HIT:     149274  MISS:          1  HIT %:    99.9993  MISS %: 0.000669905   MPKI: 5e-06
PSCL3 PREFETCH  REQUESTED:          0  ISSUED:          0  USEFUL:          0  USELESS:          0
PSCL3 USEFUL LOAD PREFETCHES:          0 PREFETCH ISSUED TO LOWER LEVEL:          0  ACCURACY: -nan
PSCL3 TIMELY PREFETCHES:          0 LATE PREFETCHES: 0 DROPPED PREFETCHES: 0
PSCL3 PREFETCHES SAME FILL-ORIGIN LEVEL: 0 DIFFERENT FILL-ORIGIN LEVEL: 0

PSCL2 TOTAL     ACCESS:     149275  HIT:     149120  MISS:        155  HIT %:    99.8962  MISS %:   0.103835   MPKI: 0.000775
PSCL2 LOAD TRANSLATION ACCESS:     149275  HIT:     149120  MISS:        155  HIT %:    99.8962  MISS %:   0.103835   MPKI: 0.000775
PSCL2 PREFETCH  REQUESTED:          0  ISSUED:          0  USEFUL:          0  USELESS:          0
PSCL2 USEFUL LOAD PREFETCHES:          0 PREFETCH ISSUED TO LOWER LEVEL:          0  ACCURACY: -nan
PSCL2 TIMELY PREFETCHES:          0 LATE PREFETCHES: 0 DROPPED PREFETCHES: 0
PSCL2 PREFETCHES SAME FILL-ORIGIN LEVEL: 0 DIFFERENT FILL-ORIGIN LEVEL: 0

LLC TOTAL     ACCESS:   16931645  HIT:        736  MISS:   16930909  HIT %: 0.00434689  MISS %:    99.9957   MPKI: 84.6545
LLC LOAD      ACCESS:    1538317  HIT:        236  MISS:    1538081  HIT %:  0.0153414  MISS %:    99.9847   MPKI: 7.6904
LLC RFO       ACCESS:    7162871  HIT:        149  MISS:    7162722  HIT %: 0.00208017  MISS %:    99.9979   MPKI: 35.8136
LLC PREFETCH  ACCESS:    1047034  HIT:          0  MISS:    1047034  HIT %:          0  MISS %:        100   MPKI: 5.23517
AGUS PREFETCH L1 MISS: 0
LLC WRITEBACK ACCESS:    7164561  HIT:        303  MISS:    7164258  HIT %: 0.00422915  MISS %:    99.9958   MPKI: 35.8213
LLC LOAD TRANSLATION ACCESS:      18862  HIT:         48  MISS:      18814  HIT %:    0.25448  MISS %:    99.7455   MPKI: 0.09407
LLC PREFETCH  REQUESTED:          0  ISSUED:          0  USEFUL:          3  USELESS:         92
LLC USEFUL LOAD PREFETCHES:          3 PREFETCH ISSUED TO LOWER LEVEL:    1057631  ACCURACY: 0.000283653
LLC TIMELY PREFETCHES:          3 LATE PREFETCHES: 10594 DROPPED PREFETCHES: 0
LLC PREFETCHES SAME FILL-ORIGIN LEVEL: 223819 DIFFERENT FILL-ORIGIN LEVEL: 0
LLC AVERAGE MISS LATENCY:    321.044 cycles AVERAGE LOAD MISS LATENCY:    457.549 cycles Load Miss    1538081
LLC Average MSHR Occupancy:    11.6667
LLC RQ	ACCESS:    8720062	FORWARD:          0	MERGED:          0	TO_CACHE:    8720062
LLC WQ	ACCESS:    7164564	FORWARD:          0	MERGED:          0	TO_CACHE:    7164564
LLC PQ	ACCESS:    1087216	FORWARD:          0	MERGED:        576	TO_CACHE:    1086640

LLC Dense regions hint to LLC: 0

RAW hits: 6838782
Loads Generated: 52197109
Loads sent to L1D: 45358324
Stores Generated: 36900374
Stores sent to L1D: 36900397
Major fault: 0 Minor fault: 152248
Allocated PAGES: 152248
CPU 0 L2C PC-based stride prefetcher final stats
================ Mockingjay (LLC) Pollution Stats ================
Total pollution count in LLC: 0
==================================================================

DRAM Statistics
 CHANNEL 0
 RQ ROW_BUFFER_HIT:    1047751  ROW_BUFFER_MISS:    8718902
 DBUS_CONGESTED:          0
 WQ ROW_BUFFER_HIT:    1340627  ROW_BUFFER_MISS:    5823558  FULL:      18801

 AVG_CONGESTED_CYCLE: -
 All warmup complete: 2
Channel 0 Bank busy for read cycles: 0
Channel 0 Bank busy for write cycles: 0
Channel 0
Rank 0
0banks busy for read cycles: 210532
0banks busy for write cycles: 0
1banks busy for read cycles: 17443902
1banks busy for write cycles: 696813
2banks busy for read cycles: 14253932
2banks busy for write cycles: 696779
3banks busy for read cycles: 24452939
3banks busy for write cycles: 696759
4banks busy for read cycles: 34182774
4banks busy for write cycles: 696749
5banks busy for read cycles: 52565957
5banks busy for write cycles: 696858
6banks busy for read cycles: 65037472
6banks busy for write cycles: 726659
7banks busy for read cycles: 53220572
7banks busy for write cycles: 8556820
8banks busy for read cycles: 37467611
8banks busy for write cycles: 153928415

CPU 0 Branch Prediction Accuracy: 97.0587% MPKI: 0.529525 Average ROB Occupancy at Mispredict: 434.48
Branch types
NOT_BRANCH: 196399131 98.1996%
BRANCH_DIRECT_JUMP: 587315 0.293657%
BRANCH_INDIRECT: 0 0%
BRANCH_CONDITIONAL: 3013302 1.50665%
BRANCH_DIRECT_CALL: 0 0%
BRANCH_INDIRECT_CALL: 0 0%
BRANCH_RETURN: 0 0%
BRANCH_OTHER: 0 0%

===================== LRU L1D STATS =====================
Total pollution count in L1D: 0
=========================================================
================ SRRIP (L2C) Pollution Stats ================
Total pollution count in L2c: 449
==================================================================
DRAM PAGES: 1048576
Allocated PAGES: 152248
