
*** ChampSim Multicore Out-of-Order Simulator ***

Warmup Instructions: 200000000
Simulation Instructions: 200000000
Number of CPUs: 1
LLC sets: 4096
LLC ways: 12
Off-chip DRAM Size: 4096 MB Channels: 1 Width: 64-bit Data Rate: 6400 MT/s
CPU 0 runs ./tracer/traces/620.omnetpp_s-141B.champsimtrace.xz
.xz
BTB has LRU replacement policy
ITLB has LRU replacement policy
DTLB has LRU replacement policy
STLB has LRU replacement policy
L1I has LRU replacement policy
L1D has LRU replacement policy
CPU 0 L2C IP-based stride prefetcher
Initialize SRRIP state for L2C
Initialize Mockingjay state for LLC
Heartbeat CPU 0 instructions: 10000001 cycles: 3789679 heartbeat IPC: 2.63875 cumulative IPC: 2.63875 (Simulation time: 0 hr 1 min 2 sec) 
Heartbeat CPU 0 instructions: 20000007 cycles: 7590954 heartbeat IPC: 2.6307 cumulative IPC: 2.63472 (Simulation time: 0 hr 2 min 5 sec) 
Heartbeat CPU 0 instructions: 30000000 cycles: 11393109 heartbeat IPC: 2.63009 cumulative IPC: 2.63317 (Simulation time: 0 hr 3 min 7 sec) 
Heartbeat CPU 0 instructions: 40000000 cycles: 15183116 heartbeat IPC: 2.63852 cumulative IPC: 2.63451 (Simulation time: 0 hr 4 min 7 sec) 
Heartbeat CPU 0 instructions: 50000002 cycles: 18986929 heartbeat IPC: 2.62894 cumulative IPC: 2.63339 (Simulation time: 0 hr 5 min 9 sec) 
Heartbeat CPU 0 instructions: 60000000 cycles: 22775215 heartbeat IPC: 2.63972 cumulative IPC: 2.63444 (Simulation time: 0 hr 6 min 2 sec) 
Heartbeat CPU 0 instructions: 70000000 cycles: 26580114 heartbeat IPC: 2.62819 cumulative IPC: 2.63355 (Simulation time: 0 hr 6 min 50 sec) 
Heartbeat CPU 0 instructions: 80000003 cycles: 30366689 heartbeat IPC: 2.64091 cumulative IPC: 2.63447 (Simulation time: 0 hr 7 min 36 sec) 
Heartbeat CPU 0 instructions: 90000000 cycles: 34170593 heartbeat IPC: 2.62888 cumulative IPC: 2.63384 (Simulation time: 0 hr 8 min 21 sec) 
Heartbeat CPU 0 instructions: 100000001 cycles: 37958172 heartbeat IPC: 2.64021 cumulative IPC: 2.63448 (Simulation time: 0 hr 8 min 59 sec) 
Heartbeat CPU 0 instructions: 110000003 cycles: 41754480 heartbeat IPC: 2.63414 cumulative IPC: 2.63445 (Simulation time: 0 hr 9 min 39 sec) 
Heartbeat CPU 0 instructions: 120000004 cycles: 45545211 heartbeat IPC: 2.63801 cumulative IPC: 2.63474 (Simulation time: 0 hr 10 min 25 sec) 
Heartbeat CPU 0 instructions: 130000000 cycles: 49337104 heartbeat IPC: 2.6372 cumulative IPC: 2.63493 (Simulation time: 0 hr 11 min 11 sec) 
Heartbeat CPU 0 instructions: 140000000 cycles: 53134179 heartbeat IPC: 2.63361 cumulative IPC: 2.63484 (Simulation time: 0 hr 11 min 54 sec) 
Heartbeat CPU 0 instructions: 150000006 cycles: 56938192 heartbeat IPC: 2.6288 cumulative IPC: 2.63444 (Simulation time: 0 hr 12 min 36 sec) 
Heartbeat CPU 0 instructions: 160000005 cycles: 60736856 heartbeat IPC: 2.6325 cumulative IPC: 2.63432 (Simulation time: 0 hr 13 min 14 sec) 
Heartbeat CPU 0 instructions: 170000003 cycles: 64518268 heartbeat IPC: 2.64451 cumulative IPC: 2.63491 (Simulation time: 0 hr 13 min 51 sec) 
Heartbeat CPU 0 instructions: 180000000 cycles: 68322965 heartbeat IPC: 2.62833 cumulative IPC: 2.63455 (Simulation time: 0 hr 14 min 43 sec) 
Heartbeat CPU 0 instructions: 190000000 cycles: 72116070 heartbeat IPC: 2.63636 cumulative IPC: 2.63464 (Simulation time: 0 hr 15 min 52 sec) 
Heartbeat CPU 0 instructions: 200000002 cycles: 75921951 heartbeat IPC: 2.62751 cumulative IPC: 2.63428 (Simulation time: 0 hr 17 min 2 sec) 

Warmup complete CPU 0 instructions: 200000002 cycles: 75921951 (Simulation time: 0 hr 17 min 2 sec) 

Heartbeat CPU 0 instructions: 210000004 cycles: 120064642 heartbeat IPC: 0.226538 cumulative IPC: 0.226538 (Simulation time: 0 hr 18 min 24 sec) 
Heartbeat CPU 0 instructions: 220000004 cycles: 164446582 heartbeat IPC: 0.225317 cumulative IPC: 0.225926 (Simulation time: 0 hr 19 min 46 sec) 
Heartbeat CPU 0 instructions: 230000002 cycles: 208463427 heartbeat IPC: 0.227186 cumulative IPC: 0.226344 (Simulation time: 0 hr 21 min 8 sec) 
Heartbeat CPU 0 instructions: 240000003 cycles: 252323401 heartbeat IPC: 0.227998 cumulative IPC: 0.226756 (Simulation time: 0 hr 22 min 28 sec) 
Heartbeat CPU 0 instructions: 250000002 cycles: 295776854 heartbeat IPC: 0.230131 cumulative IPC: 0.227423 (Simulation time: 0 hr 23 min 49 sec) 
Heartbeat CPU 0 instructions: 260000002 cycles: 339307940 heartbeat IPC: 0.229721 cumulative IPC: 0.227803 (Simulation time: 0 hr 24 min 59 sec) 
Heartbeat CPU 0 instructions: 270000000 cycles: 383305426 heartbeat IPC: 0.227286 cumulative IPC: 0.227729 (Simulation time: 0 hr 26 min 0 sec) 
Heartbeat CPU 0 instructions: 280000000 cycles: 427819699 heartbeat IPC: 0.224647 cumulative IPC: 0.227339 (Simulation time: 0 hr 27 min 12 sec) 
Heartbeat CPU 0 instructions: 290000006 cycles: 471777290 heartbeat IPC: 0.227492 cumulative IPC: 0.227356 (Simulation time: 0 hr 28 min 30 sec) 
Heartbeat CPU 0 instructions: 300000002 cycles: 515229088 heartbeat IPC: 0.23014 cumulative IPC: 0.227631 (Simulation time: 0 hr 29 min 48 sec) 
Heartbeat CPU 0 instructions: 310000000 cycles: 559218394 heartbeat IPC: 0.227328 cumulative IPC: 0.227604 (Simulation time: 0 hr 30 min 52 sec) 
Heartbeat CPU 0 instructions: 320000001 cycles: 603117924 heartbeat IPC: 0.227793 cumulative IPC: 0.227619 (Simulation time: 0 hr 31 min 54 sec) 
Heartbeat CPU 0 instructions: 330000000 cycles: 646881491 heartbeat IPC: 0.228501 cumulative IPC: 0.227687 (Simulation time: 0 hr 33 min 0 sec) 
Heartbeat CPU 0 instructions: 340000000 cycles: 689931765 heartbeat IPC: 0.232287 cumulative IPC: 0.228009 (Simulation time: 0 hr 34 min 14 sec) 
Heartbeat CPU 0 instructions: 350000001 cycles: 734038462 heartbeat IPC: 0.226723 cumulative IPC: 0.227923 (Simulation time: 0 hr 35 min 29 sec) 
Heartbeat CPU 0 instructions: 360000000 cycles: 777927612 heartbeat IPC: 0.227847 cumulative IPC: 0.227918 (Simulation time: 0 hr 36 min 28 sec) 
Heartbeat CPU 0 instructions: 370000003 cycles: 821795657 heartbeat IPC: 0.227956 cumulative IPC: 0.227921 (Simulation time: 0 hr 37 min 20 sec) 
Heartbeat CPU 0 instructions: 380000000 cycles: 865721256 heartbeat IPC: 0.227658 cumulative IPC: 0.227906 (Simulation time: 0 hr 38 min 44 sec) 
Heartbeat CPU 0 instructions: 390000000 cycles: 909485852 heartbeat IPC: 0.228495 cumulative IPC: 0.227937 (Simulation time: 0 hr 40 min 13 sec) 
Heartbeat CPU 0 instructions: 400000001 cycles: 953239836 heartbeat IPC: 0.228551 cumulative IPC: 0.227968 (Simulation time: 0 hr 41 min 41 sec) 
Finished CPU 0 instructions: 200000003 cycles: 877317887 cumulative IPC: 0.227968 (Simulation time: 0 hr 41 min 41 sec) 

ChampSim completed all CPUs

Region of Interest Statistics

CPU 0 cumulative IPC: 0.227968 instructions: 200000003 cycles: 877317887
ITLB TOTAL     ACCESS:   25741087  HIT:   25441136  MISS:     299951  HIT %:    98.8347  MISS %:    1.16526   MPKI: 1.49975
ITLB LOAD TRANSLATION ACCESS:   25741087  HIT:   25441136  MISS:     299951  HIT %:    98.8347  MISS %:    1.16526   MPKI: 1.49975
ITLB PREFETCH  REQUESTED:          0  ISSUED:          0  USEFUL:          0  USELESS:          0
ITLB USEFUL LOAD PREFETCHES:          0 PREFETCH ISSUED TO LOWER LEVEL:          0  ACCURACY: -nan
ITLB TIMELY PREFETCHES:          0 LATE PREFETCHES: 0 DROPPED PREFETCHES: 0
ITLB PREFETCHES SAME FILL-ORIGIN LEVEL: 0 DIFFERENT FILL-ORIGIN LEVEL: 0
ITLB AVERAGE MISS LATENCY:    9.34925 cycles AVERAGE LOAD MISS LATENCY:       -nan cycles Load Miss          0
ITLB Average MSHR Occupancy: 0.00286734
ITLB RQ	ACCESS:   29225249	FORWARD:          0	MERGED:    3262238	TO_CACHE:   25963011

DTLB TOTAL     ACCESS:   75852800  HIT:   71708030  MISS:    4144770  HIT %:    94.5358  MISS %:    5.46423   MPKI: 20.7238
DTLB LOAD TRANSLATION ACCESS:   75852800  HIT:   71708030  MISS:    4144770  HIT %:    94.5358  MISS %:    5.46423   MPKI: 20.7238
DTLB PREFETCH  REQUESTED:          0  ISSUED:          0  USEFUL:          0  USELESS:          0
DTLB USEFUL LOAD PREFETCHES:          0 PREFETCH ISSUED TO LOWER LEVEL:          0  ACCURACY: -nan
DTLB TIMELY PREFETCHES:          0 LATE PREFETCHES: 0 DROPPED PREFETCHES: 0
DTLB PREFETCHES SAME FILL-ORIGIN LEVEL: 0 DIFFERENT FILL-ORIGIN LEVEL: 0
DTLB AVERAGE MISS LATENCY:     20.272 cycles AVERAGE LOAD MISS LATENCY:       -nan cycles Load Miss          0
DTLB Average MSHR Occupancy:  0.0984249
DTLB RQ	ACCESS:   86703942	FORWARD:          0	MERGED:   10749594	TO_CACHE:   75954348

STLB TOTAL     ACCESS:    4444721  HIT:    3482451  MISS:     962270  HIT %:    78.3503  MISS %:    21.6497   MPKI: 4.81135
STLB LOAD TRANSLATION ACCESS:    4444721  HIT:    3482451  MISS:     962270  HIT %:    78.3503  MISS %:    21.6497   MPKI: 4.81135
STLB PREFETCH  REQUESTED:          0  ISSUED:          0  USEFUL:          0  USELESS:          0
STLB USEFUL LOAD PREFETCHES:          0 PREFETCH ISSUED TO LOWER LEVEL:          0  ACCURACY: -nan
STLB TIMELY PREFETCHES:          0 LATE PREFETCHES: 0 DROPPED PREFETCHES: 0
STLB PREFETCHES SAME FILL-ORIGIN LEVEL: 0 DIFFERENT FILL-ORIGIN LEVEL: 0
STLB AVERAGE MISS LATENCY:    48.5174 cycles AVERAGE LOAD MISS LATENCY:       -nan cycles Load Miss          0
STLB Average MSHR Occupancy:  0.0578475
STLB RQ	ACCESS:    4444721	FORWARD:          0	MERGED:          0	TO_CACHE:    4444721

STLB Hit, L1D data hit: 0
STLB Hit, L2C data hit: 0
STLB Hit, LLC data hit: 0
STLB Hit, LLC data miss: 0
STLB STLB hints to L2: 0
L1D TOTAL     ACCESS:   85824397  HIT:   82129504  MISS:    3694893  HIT %:    95.6948  MISS %:    4.30518   MPKI: 18.4745
L1D LOAD      ACCESS:   49693210  HIT:   46476108  MISS:    3217102  HIT %:    93.5261  MISS %:    6.47393   MPKI: 16.0855
L1D RFO       ACCESS:   36131187  HIT:   35653396  MISS:     477791  HIT %:    98.6776  MISS %:    1.32238   MPKI: 2.38895
L1D PREFETCH  REQUESTED:          0  ISSUED:          0  USEFUL:          0  USELESS:          0
L1D USEFUL LOAD PREFETCHES:          0 PREFETCH ISSUED TO LOWER LEVEL:          0  ACCURACY: -nan
L1D TIMELY PREFETCHES:          0 LATE PREFETCHES: 0 DROPPED PREFETCHES: 0
L1D PREFETCHES SAME FILL-ORIGIN LEVEL: 0 DIFFERENT FILL-ORIGIN LEVEL: 0
L1D AVERAGE MISS LATENCY:    120.434 cycles AVERAGE LOAD MISS LATENCY:    124.451 cycles Load Miss    3217102
L1D Average MSHR Occupancy:   0.513064
L1D RQ	ACCESS:   63499732	FORWARD:          0	MERGED:   10732119	TO_CACHE:   49952783
L1D WQ	ACCESS:   37146036	FORWARD:    2814830	MERGED:     394877	TO_CACHE:   36751159

L1D UNIQUE REGIONS ACCESSED: 0
L1D REGIONS CONFLICTS: 0
L1D Cross Page Prefetch Requests: 0
L1D Same Page Prefetch Requests: 0
L1D ROI Sum of L1D PQ occupancy: 0
L1D PREFETCHES PUSHED FROM L2C: 0
L1I TOTAL     ACCESS:   28269199  HIT:    9071795  MISS:   19197404  HIT %:    32.0907  MISS %:    67.9093   MPKI: 95.987
L1I LOAD      ACCESS:   28269199  HIT:    9071795  MISS:   19197404  HIT %:    32.0907  MISS %:    67.9093   MPKI: 95.987
L1I PREFETCH  REQUESTED:          0  ISSUED:          0  USEFUL:          0  USELESS:          0
L1I USEFUL LOAD PREFETCHES:          0 PREFETCH ISSUED TO LOWER LEVEL:          0  ACCURACY: -nan
L1I TIMELY PREFETCHES:          0 LATE PREFETCHES: 0 DROPPED PREFETCHES: 0
L1I PREFETCHES SAME FILL-ORIGIN LEVEL: 0 DIFFERENT FILL-ORIGIN LEVEL: 0
L1I AVERAGE MISS LATENCY:    14.0745 cycles AVERAGE LOAD MISS LATENCY:    14.0745 cycles Load Miss   19197404
L1I Average MSHR Occupancy:   0.296469
L1I RQ	ACCESS:   47237880	FORWARD:          0	MERGED:   18012631	TO_CACHE:   29225249

BTB TOTAL     ACCESS:   32832442  HIT:   30914326  MISS:    1918116  HIT %:    94.1579  MISS %:    5.84214   MPKI: 9.59058
BTB BRANCH_DIRECT_JUMP	ACCESS:    2341624  HIT:    2341493  MISS:        131
BTB BRANCH_INDIRECT	ACCESS:     673569  HIT:     571562  MISS:     102007
BTB BRANCH_CONDITIONAL	ACCESS:   17678457  HIT:   17677972  MISS:        485
BTB BRANCH_DIRECT_CALL	ACCESS:    3697545  HIT:    3697284  MISS:        261
BTB BRANCH_INDIRECT_CALL	ACCESS:    2371852  HIT:    2363179  MISS:       8673
BTB BRANCH_RETURN	ACCESS:    6069395  HIT:    4262836  MISS:    1806559
BTB BRANCH_OTHER ACCESS:          0  HIT:          0  MISS:          0

L2C TOTAL     ACCESS:   26134275  HIT:   23892037  MISS:    2242238  HIT %:    91.4203  MISS %:    8.57968   MPKI: 11.2112
L2C LOAD      ACCESS:   22414439  HIT:   20574555  MISS:    1839884  HIT %:    91.7915  MISS %:    8.20848   MPKI: 9.19942
L2C DATA LOAD MPKI: 9.18435
L2C INSTRUCTION LOAD MPKI: 0.01507
L2C RFO       ACCESS:     477782  HIT:     257172  MISS:     220610  HIT %:    53.8262  MISS %:    46.1738   MPKI: 1.10305
L2C PREFETCH  ACCESS:      54753  HIT:      32683  MISS:      22070  HIT %:    59.6917  MISS %:    40.3083   MPKI: 0.11035
AGUS PREFETCH L1 MISS: 0
L2C DATA PREFETCH MPKI: 0.11035
L2C INSTRUCTION PREFETCH MPKI: 0
L2C WRITEBACK ACCESS:    1808015  HIT:    1807432  MISS:        583  HIT %:    99.9678  MISS %:  0.0322453   MPKI: 0.002915
L2C LOAD TRANSLATION ACCESS:    1379286  HIT:    1220195  MISS:     159091  HIT %:    88.4657  MISS %:    11.5343   MPKI: 0.795455
L2C PREFETCH  REQUESTED:      54754  ISSUED:      54754  USEFUL:      15395  USELESS:       6687
L2C USEFUL LOAD PREFETCHES:      15395 PREFETCH ISSUED TO LOWER LEVEL:      22071  ACCURACY: 69.7522
L2C TIMELY PREFETCHES:      15395 LATE PREFETCHES: 1 DROPPED PREFETCHES: 0
L2C PREFETCHES SAME FILL-ORIGIN LEVEL: 22071 DIFFERENT FILL-ORIGIN LEVEL: 0
L2C AVERAGE MISS LATENCY:    184.964 cycles AVERAGE LOAD MISS LATENCY:    191.468 cycles Load Miss    1839884
L2C Average MSHR Occupancy:   0.472334
L2C RQ	ACCESS:   24271583	FORWARD:          0	MERGED:          0	TO_CACHE:   24271507
L2C WQ	ACCESS:    1808015	FORWARD:         76	MERGED:          0	TO_CACHE:    1808015
L2C PQ	ACCESS:      54754	FORWARD:          0	MERGED:          0	TO_CACHE:      54754

L2C Instructions Evicting Data 2775
L2C Translations Evicting Data 147798
L2C Data Evicting Data 1928966
L2C Instructions Evicting Instructions 4
L2C Translations Evicting Instructions 216
L2C Data Evicting Instructions 2852
L2C Instructions Evicting Translations 235
L2C Translations Evicting Translations 11077
L2C Data Evicting Translations 147732
L2C Dense regions hint from L2: 0
PSCL5 TOTAL     ACCESS:     962270  HIT:     962270  MISS:          0  HIT %:        100  MISS %:          0   MPKI: 0
PSCL5 LOAD TRANSLATION ACCESS:     962270  HIT:     962270  MISS:          0  HIT %:        100  MISS %:          0   MPKI: 0
PSCL5 PREFETCH  REQUESTED:          0  ISSUED:          0  USEFUL:          0  USELESS:          0
PSCL5 USEFUL LOAD PREFETCHES:          0 PREFETCH ISSUED TO LOWER LEVEL:          0  ACCURACY: -nan
PSCL5 TIMELY PREFETCHES:          0 LATE PREFETCHES: 0 DROPPED PREFETCHES: 0
PSCL5 PREFETCHES SAME FILL-ORIGIN LEVEL: 0 DIFFERENT FILL-ORIGIN LEVEL: 0

PSCL4 TOTAL     ACCESS:     962270  HIT:     962270  MISS:          0  HIT %:        100  MISS %:          0   MPKI: 0
PSCL4 LOAD TRANSLATION ACCESS:     962270  HIT:     962270  MISS:          0  HIT %:        100  MISS %:          0   MPKI: 0
PSCL4 PREFETCH  REQUESTED:          0  ISSUED:          0  USEFUL:          0  USELESS:          0
PSCL4 USEFUL LOAD PREFETCHES:          0 PREFETCH ISSUED TO LOWER LEVEL:          0  ACCURACY: -nan
PSCL4 TIMELY PREFETCHES:          0 LATE PREFETCHES: 0 DROPPED PREFETCHES: 0
PSCL4 PREFETCHES SAME FILL-ORIGIN LEVEL: 0 DIFFERENT FILL-ORIGIN LEVEL: 0

PSCL3 TOTAL     ACCESS:     962270  HIT:     962270  MISS:          0  HIT %:        100  MISS %:          0   MPKI: 0
PSCL3 LOAD TRANSLATION ACCESS:     962270  HIT:     962270  MISS:          0  HIT %:        100  MISS %:          0   MPKI: 0
PSCL3 PREFETCH  REQUESTED:          0  ISSUED:          0  USEFUL:          0  USELESS:          0
PSCL3 USEFUL LOAD PREFETCHES:          0 PREFETCH ISSUED TO LOWER LEVEL:          0  ACCURACY: -nan
PSCL3 TIMELY PREFETCHES:          0 LATE PREFETCHES: 0 DROPPED PREFETCHES: 0
PSCL3 PREFETCHES SAME FILL-ORIGIN LEVEL: 0 DIFFERENT FILL-ORIGIN LEVEL: 0

PSCL2 TOTAL     ACCESS:     962270  HIT:     545254  MISS:     417016  HIT %:    56.6633  MISS %:    43.3367   MPKI: 2.08508
PSCL2 LOAD TRANSLATION ACCESS:     962270  HIT:     545254  MISS:     417016  HIT %:    56.6633  MISS %:    43.3367   MPKI: 2.08508
PSCL2 PREFETCH  REQUESTED:          0  ISSUED:          0  USEFUL:          0  USELESS:          0
PSCL2 USEFUL LOAD PREFETCHES:          0 PREFETCH ISSUED TO LOWER LEVEL:          0  ACCURACY: -nan
PSCL2 TIMELY PREFETCHES:          0 LATE PREFETCHES: 0 DROPPED PREFETCHES: 0
PSCL2 PREFETCHES SAME FILL-ORIGIN LEVEL: 0 DIFFERENT FILL-ORIGIN LEVEL: 0

LLC TOTAL     ACCESS:    3169877  HIT:     744105  MISS:    2425772  HIT %:    23.4743  MISS %:    76.5257   MPKI: 12.1289
LLC LOAD      ACCESS:    1839882  HIT:     306665  MISS:    1533217  HIT %:    16.6676  MISS %:    83.3324   MPKI: 7.66608
LLC RFO       ACCESS:     220609  HIT:      70275  MISS:     150334  HIT %:     31.855  MISS %:     68.145   MPKI: 0.75167
LLC PREFETCH  ACCESS:      22071  HIT:       2381  MISS:      19690  HIT %:    10.7879  MISS %:    89.2121   MPKI: 0.09845
AGUS PREFETCH L1 MISS: 0
LLC WRITEBACK ACCESS:     928224  HIT:     277110  MISS:     651114  HIT %:    29.8538  MISS %:    70.1462   MPKI: 3.25557
LLC LOAD TRANSLATION ACCESS:     159091  HIT:      87674  MISS:      71417  HIT %:    55.1093  MISS %:    44.8907   MPKI: 0.357085
LLC PREFETCH  REQUESTED:          0  ISSUED:          0  USEFUL:         88  USELESS:       1676
LLC USEFUL LOAD PREFETCHES:         88 PREFETCH ISSUED TO LOWER LEVEL:      19690  ACCURACY: 0.446927
LLC TIMELY PREFETCHES:         88 LATE PREFETCHES: 0 DROPPED PREFETCHES: 0
LLC PREFETCHES SAME FILL-ORIGIN LEVEL: 0 DIFFERENT FILL-ORIGIN LEVEL: 0
LLC AVERAGE MISS LATENCY:    129.384 cycles AVERAGE LOAD MISS LATENCY:    175.762 cycles Load Miss    1533217
LLC Average MSHR Occupancy:   0.355722
LLC RQ	ACCESS:    2219584	FORWARD:          0	MERGED:          0	TO_CACHE:    2219582
LLC WQ	ACCESS:     928224	FORWARD:          2	MERGED:          0	TO_CACHE:     928224
LLC PQ	ACCESS:      22071	FORWARD:          0	MERGED:          0	TO_CACHE:      22071

LLC Dense regions hint to LLC: 0

RAW hits: 3342158
Loads Generated: 66841888
Loads sent to L1D: 63499732
Stores Generated: 37146040
Stores sent to L1D: 37146036
Major fault: 0 Minor fault: 54427
Allocated PAGES: 54427
CPU 0 L2C PC-based stride prefetcher final stats
================ Mockingjay (LLC) Pollution Stats ================
Total pollution count in LLC: 3651
==================================================================

DRAM Statistics
 CHANNEL 0
 RQ ROW_BUFFER_HIT:     175920  ROW_BUFFER_MISS:    1598737
 DBUS_CONGESTED:        445
 WQ ROW_BUFFER_HIT:     185073  ROW_BUFFER_MISS:     606885  FULL:          0

 AVG_CONGESTED_CYCLE: 3
 All warmup complete: 2
Channel 0 Bank busy for read cycles: 0
Channel 0 Bank busy for write cycles: 0
Channel 0
Rank 0
0banks busy for read cycles: 581878738
0banks busy for write cycles: 498934
1banks busy for read cycles: 139668477
1banks busy for write cycles: 81733227
2banks busy for read cycles: 34311945
2banks busy for write cycles: 21722399
3banks busy for read cycles: 9567324
3banks busy for write cycles: 4274363
4banks busy for read cycles: 2748985
4banks busy for write cycles: 667426
5banks busy for read cycles: 78651
5banks busy for write cycles: 103901
6banks busy for read cycles: 12738
6banks busy for write cycles: 21035
7banks busy for read cycles: 10938
7banks busy for write cycles: 4777
8banks busy for read cycles: 8957
8banks busy for write cycles: 5073

CPU 0 Branch Prediction Accuracy: 98.173% MPKI: 3.83599 Average ROB Occupancy at Mispredict: 14.6074
Branch types
NOT_BRANCH: 158007884 79.0039%
BRANCH_DIRECT_JUMP: 2341624 1.17081%
BRANCH_INDIRECT: 673569 0.336784%
BRANCH_CONDITIONAL: 26837548 13.4188%
BRANCH_DIRECT_CALL: 3697545 1.84877%
BRANCH_INDIRECT_CALL: 2371852 1.18593%
BRANCH_RETURN: 6069395 3.0347%
BRANCH_OTHER: 0 0%

===================== LRU L1D STATS =====================
Total pollution count in L1D: 0
=========================================================
================ SRRIP (L2C) Pollution Stats ================
Total pollution count in L2c: 3219958
==================================================================
DRAM PAGES: 1048576
Allocated PAGES: 54427
