
*** ChampSim Multicore Out-of-Order Simulator ***

Warmup Instructions: 200000000
Simulation Instructions: 200000000
Number of CPUs: 1
LLC sets: 4096
LLC ways: 12
Off-chip DRAM Size: 4096 MB Channels: 1 Width: 64-bit Data Rate: 6400 MT/s
CPU 0 runs ./tracer/traces/627.cam4_s-490B.champsimtrace.xz
.xz
BTB has LRU replacement policy
ITLB has LRU replacement policy
DTLB has LRU replacement policy
STLB has LRU replacement policy
L1I has LRU replacement policy
L1D has LRU replacement policy
CPU 0 L2C IP-based stride prefetcher
Initialize SRRIP state for L2C
Initialize Mockingjay state for LLC
Heartbeat CPU 0 instructions: 10000004 cycles: 2399227 heartbeat IPC: 4.16801 cumulative IPC: 4.16801 (Simulation time: 0 hr 0 min 29 sec) 
Heartbeat CPU 0 instructions: 20000005 cycles: 4658710 heartbeat IPC: 4.42579 cumulative IPC: 4.29304 (Simulation time: 0 hr 0 min 49 sec) 
Heartbeat CPU 0 instructions: 30000000 cycles: 7016912 heartbeat IPC: 4.24052 cumulative IPC: 4.27538 (Simulation time: 0 hr 1 min 9 sec) 
Heartbeat CPU 0 instructions: 40000000 cycles: 9364582 heartbeat IPC: 4.25954 cumulative IPC: 4.27141 (Simulation time: 0 hr 1 min 28 sec) 
Heartbeat CPU 0 instructions: 50000003 cycles: 11742372 heartbeat IPC: 4.20559 cumulative IPC: 4.25808 (Simulation time: 0 hr 1 min 48 sec) 
Heartbeat CPU 0 instructions: 60000004 cycles: 14108902 heartbeat IPC: 4.2256 cumulative IPC: 4.25263 (Simulation time: 0 hr 2 min 8 sec) 
Heartbeat CPU 0 instructions: 70000003 cycles: 16402520 heartbeat IPC: 4.35992 cumulative IPC: 4.26764 (Simulation time: 0 hr 2 min 27 sec) 
Heartbeat CPU 0 instructions: 80000005 cycles: 18764406 heartbeat IPC: 4.23391 cumulative IPC: 4.26339 (Simulation time: 0 hr 2 min 47 sec) 
Heartbeat CPU 0 instructions: 90000000 cycles: 21117646 heartbeat IPC: 4.24946 cumulative IPC: 4.26184 (Simulation time: 0 hr 3 min 6 sec) 
Heartbeat CPU 0 instructions: 100000000 cycles: 23472731 heartbeat IPC: 4.24613 cumulative IPC: 4.26026 (Simulation time: 0 hr 3 min 26 sec) 
Heartbeat CPU 0 instructions: 110000000 cycles: 25853497 heartbeat IPC: 4.20033 cumulative IPC: 4.25474 (Simulation time: 0 hr 3 min 45 sec) 
Heartbeat CPU 0 instructions: 120000006 cycles: 28188686 heartbeat IPC: 4.28231 cumulative IPC: 4.25703 (Simulation time: 0 hr 4 min 4 sec) 
Heartbeat CPU 0 instructions: 130000003 cycles: 30478786 heartbeat IPC: 4.36662 cumulative IPC: 4.26526 (Simulation time: 0 hr 4 min 23 sec) 
Heartbeat CPU 0 instructions: 140000000 cycles: 32835525 heartbeat IPC: 4.24315 cumulative IPC: 4.26367 (Simulation time: 0 hr 4 min 43 sec) 
Heartbeat CPU 0 instructions: 150000002 cycles: 35267691 heartbeat IPC: 4.11156 cumulative IPC: 4.25318 (Simulation time: 0 hr 5 min 2 sec) 
Heartbeat CPU 0 instructions: 160000000 cycles: 37630360 heartbeat IPC: 4.2325 cumulative IPC: 4.25189 (Simulation time: 0 hr 5 min 21 sec) 
Heartbeat CPU 0 instructions: 170000005 cycles: 39957345 heartbeat IPC: 4.29741 cumulative IPC: 4.25454 (Simulation time: 0 hr 5 min 40 sec) 
Heartbeat CPU 0 instructions: 180000000 cycles: 42255331 heartbeat IPC: 4.35163 cumulative IPC: 4.25982 (Simulation time: 0 hr 5 min 59 sec) 
Heartbeat CPU 0 instructions: 190000001 cycles: 44598228 heartbeat IPC: 4.26822 cumulative IPC: 4.26026 (Simulation time: 0 hr 6 min 19 sec) 
Heartbeat CPU 0 instructions: 200000003 cycles: 46983929 heartbeat IPC: 4.19164 cumulative IPC: 4.25677 (Simulation time: 0 hr 6 min 37 sec) 

Warmup complete CPU 0 instructions: 200000003 cycles: 46983929 (Simulation time: 0 hr 6 min 37 sec) 

Heartbeat CPU 0 instructions: 210000003 cycles: 62385722 heartbeat IPC: 0.649275 cumulative IPC: 0.649275 (Simulation time: 0 hr 7 min 7 sec) 
Heartbeat CPU 0 instructions: 220000007 cycles: 77447167 heartbeat IPC: 0.663947 cumulative IPC: 0.656529 (Simulation time: 0 hr 7 min 36 sec) 
Heartbeat CPU 0 instructions: 230000006 cycles: 93043284 heartbeat IPC: 0.641185 cumulative IPC: 0.651334 (Simulation time: 0 hr 8 min 6 sec) 
Heartbeat CPU 0 instructions: 240000000 cycles: 108475122 heartbeat IPC: 0.648011 cumulative IPC: 0.6505 (Simulation time: 0 hr 8 min 35 sec) 
Heartbeat CPU 0 instructions: 250000000 cycles: 124151710 heartbeat IPC: 0.637894 cumulative IPC: 0.647939 (Simulation time: 0 hr 9 min 4 sec) 
Heartbeat CPU 0 instructions: 260000007 cycles: 139667821 heartbeat IPC: 0.644492 cumulative IPC: 0.647362 (Simulation time: 0 hr 9 min 33 sec) 
Heartbeat CPU 0 instructions: 270000000 cycles: 155041738 heartbeat IPC: 0.650452 cumulative IPC: 0.647801 (Simulation time: 0 hr 10 min 2 sec) 
Heartbeat CPU 0 instructions: 280000000 cycles: 170491939 heartbeat IPC: 0.647241 cumulative IPC: 0.647731 (Simulation time: 0 hr 10 min 32 sec) 
Heartbeat CPU 0 instructions: 290000003 cycles: 186238870 heartbeat IPC: 0.635045 cumulative IPC: 0.646297 (Simulation time: 0 hr 10 min 56 sec) 
Heartbeat CPU 0 instructions: 300000000 cycles: 201843394 heartbeat IPC: 0.64084 cumulative IPC: 0.645747 (Simulation time: 0 hr 11 min 21 sec) 
Heartbeat CPU 0 instructions: 310000003 cycles: 217533148 heartbeat IPC: 0.637359 cumulative IPC: 0.644975 (Simulation time: 0 hr 11 min 44 sec) 
Heartbeat CPU 0 instructions: 320000001 cycles: 233602363 heartbeat IPC: 0.622308 cumulative IPC: 0.643023 (Simulation time: 0 hr 12 min 8 sec) 
Heartbeat CPU 0 instructions: 330000003 cycles: 248582174 heartbeat IPC: 0.667565 cumulative IPC: 0.644847 (Simulation time: 0 hr 12 min 30 sec) 
Heartbeat CPU 0 instructions: 340000002 cycles: 264390088 heartbeat IPC: 0.632594 cumulative IPC: 0.643956 (Simulation time: 0 hr 12 min 53 sec) 
Heartbeat CPU 0 instructions: 350000000 cycles: 280241147 heartbeat IPC: 0.630873 cumulative IPC: 0.643067 (Simulation time: 0 hr 13 min 17 sec) 
Heartbeat CPU 0 instructions: 360000000 cycles: 296096382 heartbeat IPC: 0.630706 cumulative IPC: 0.64228 (Simulation time: 0 hr 13 min 42 sec) 
Heartbeat CPU 0 instructions: 370000001 cycles: 311709340 heartbeat IPC: 0.640494 cumulative IPC: 0.642175 (Simulation time: 0 hr 14 min 7 sec) 
Heartbeat CPU 0 instructions: 380000001 cycles: 326879014 heartbeat IPC: 0.65921 cumulative IPC: 0.643098 (Simulation time: 0 hr 14 min 43 sec) 
Heartbeat CPU 0 instructions: 390000000 cycles: 355556071 heartbeat IPC: 0.348711 cumulative IPC: 0.615739 (Simulation time: 0 hr 15 min 48 sec) 
Heartbeat CPU 0 instructions: 400000002 cycles: 365312300 heartbeat IPC: 1.02499 cumulative IPC: 0.628282 (Simulation time: 0 hr 17 min 2 sec) 
Finished CPU 0 instructions: 200000005 cycles: 318328376 cumulative IPC: 0.628282 (Simulation time: 0 hr 17 min 2 sec) 

ChampSim completed all CPUs

Region of Interest Statistics

CPU 0 cumulative IPC: 0.628282 instructions: 200000005 cycles: 318328376
ITLB TOTAL     ACCESS:   23098641  HIT:   23098633  MISS:          8  HIT %:        100  MISS %: 3.46341e-05   MPKI: 4e-05
ITLB LOAD TRANSLATION ACCESS:   23098641  HIT:   23098633  MISS:          8  HIT %:        100  MISS %: 3.46341e-05   MPKI: 4e-05
ITLB PREFETCH  REQUESTED:          0  ISSUED:          0  USEFUL:          0  USELESS:          0
ITLB USEFUL LOAD PREFETCHES:          0 PREFETCH ISSUED TO LOWER LEVEL:          0  ACCURACY: -nan
ITLB TIMELY PREFETCHES:          0 LATE PREFETCHES: 0 DROPPED PREFETCHES: 0
ITLB PREFETCHES SAME FILL-ORIGIN LEVEL: 0 DIFFERENT FILL-ORIGIN LEVEL: 0
ITLB AVERAGE MISS LATENCY:    437.625 cycles AVERAGE LOAD MISS LATENCY:       -nan cycles Load Miss          0
ITLB Average MSHR Occupancy: 8.51008e-06
ITLB RQ	ACCESS:   28085532	FORWARD:          0	MERGED:    4986888	TO_CACHE:   23098644

DTLB TOTAL     ACCESS:   33925030  HIT:   33860455  MISS:      64575  HIT %:    99.8097  MISS %:   0.190346   MPKI: 0.322875
DTLB LOAD TRANSLATION ACCESS:   33925030  HIT:   33860455  MISS:      64575  HIT %:    99.8097  MISS %:   0.190346   MPKI: 0.322875
DTLB PREFETCH  REQUESTED:          0  ISSUED:          0  USEFUL:          0  USELESS:          0
DTLB USEFUL LOAD PREFETCHES:          0 PREFETCH ISSUED TO LOWER LEVEL:          0  ACCURACY: -nan
DTLB TIMELY PREFETCHES:          0 LATE PREFETCHES: 0 DROPPED PREFETCHES: 0
DTLB PREFETCHES SAME FILL-ORIGIN LEVEL: 0 DIFFERENT FILL-ORIGIN LEVEL: 0
DTLB AVERAGE MISS LATENCY:    22.4555 cycles AVERAGE LOAD MISS LATENCY:       -nan cycles Load Miss          0
DTLB Average MSHR Occupancy: 0.00282788
DTLB RQ	ACCESS:   38989179	FORWARD:          0	MERGED:    5045325	TO_CACHE:   33943854

STLB TOTAL     ACCESS:      64583  HIT:      58234  MISS:       6349  HIT %:    90.1692  MISS %:    9.83076   MPKI: 0.031745
STLB LOAD TRANSLATION ACCESS:      64583  HIT:      58234  MISS:       6349  HIT %:    90.1692  MISS %:    9.83076   MPKI: 0.031745
STLB PREFETCH  REQUESTED:          0  ISSUED:          0  USEFUL:          0  USELESS:          0
STLB USEFUL LOAD PREFETCHES:          0 PREFETCH ISSUED TO LOWER LEVEL:          0  ACCURACY: -nan
STLB TIMELY PREFETCHES:          0 LATE PREFETCHES: 0 DROPPED PREFETCHES: 0
STLB PREFETCHES SAME FILL-ORIGIN LEVEL: 0 DIFFERENT FILL-ORIGIN LEVEL: 0
STLB AVERAGE MISS LATENCY:    137.235 cycles AVERAGE LOAD MISS LATENCY:       -nan cycles Load Miss          0
STLB Average MSHR Occupancy: 0.00117648
STLB RQ	ACCESS:      64583	FORWARD:          0	MERGED:          0	TO_CACHE:      64583

STLB Hit, L1D data hit: 0
STLB Hit, L2C data hit: 0
STLB Hit, LLC data hit: 0
STLB Hit, LLC data miss: 0
STLB STLB hints to L2: 0
L1D TOTAL     ACCESS:   36482523  HIT:   32827871  MISS:    3654652  HIT %:    89.9825  MISS %:    10.0175   MPKI: 18.2733
L1D LOAD      ACCESS:   24470586  HIT:   21969858  MISS:    2500728  HIT %:    89.7807  MISS %:    10.2193   MPKI: 12.5036
L1D RFO       ACCESS:   12011937  HIT:   10858013  MISS:    1153924  HIT %:    90.3935  MISS %:    9.60648   MPKI: 5.76962
L1D PREFETCH  REQUESTED:          0  ISSUED:          0  USEFUL:          0  USELESS:          0
L1D USEFUL LOAD PREFETCHES:          0 PREFETCH ISSUED TO LOWER LEVEL:          0  ACCURACY: -nan
L1D TIMELY PREFETCHES:          0 LATE PREFETCHES: 0 DROPPED PREFETCHES: 0
L1D PREFETCHES SAME FILL-ORIGIN LEVEL: 0 DIFFERENT FILL-ORIGIN LEVEL: 0
L1D AVERAGE MISS LATENCY:    35.9227 cycles AVERAGE LOAD MISS LATENCY:    23.2518 cycles Load Miss    2500728
L1D Average MSHR Occupancy:    0.41202
L1D RQ	ACCESS:   32838086	FORWARD:          0	MERGED:    7989754	TO_CACHE:   24840748
L1D WQ	ACCESS:   14396398	FORWARD:       7584	MERGED:     247967	TO_CACHE:   14148431

L1D UNIQUE REGIONS ACCESSED: 0
L1D REGIONS CONFLICTS: 0
L1D Cross Page Prefetch Requests: 0
L1D Same Page Prefetch Requests: 0
L1D ROI Sum of L1D PQ occupancy: 0
L1D PREFETCHES PUSHED FROM L2C: 0
L1I TOTAL     ACCESS:   27474219  HIT:   12681328  MISS:   14792891  HIT %:    46.1572  MISS %:    53.8428   MPKI: 73.9645
L1I LOAD      ACCESS:   27474219  HIT:   12681328  MISS:   14792891  HIT %:    46.1572  MISS %:    53.8428   MPKI: 73.9645
L1I PREFETCH  REQUESTED:          0  ISSUED:          0  USEFUL:          0  USELESS:          0
L1I USEFUL LOAD PREFETCHES:          0 PREFETCH ISSUED TO LOWER LEVEL:          0  ACCURACY: -nan
L1I TIMELY PREFETCHES:          0 LATE PREFETCHES: 0 DROPPED PREFETCHES: 0
L1I PREFETCHES SAME FILL-ORIGIN LEVEL: 0 DIFFERENT FILL-ORIGIN LEVEL: 0
L1I AVERAGE MISS LATENCY:    14.0569 cycles AVERAGE LOAD MISS LATENCY:    14.0569 cycles Load Miss   14792891
L1I Average MSHR Occupancy:   0.617529
L1I RQ	ACCESS:   45742779	FORWARD:          0	MERGED:   17657247	TO_CACHE:   28085532

BTB TOTAL     ACCESS:   18173729  HIT:   18159367  MISS:      14362  HIT %:     99.921  MISS %:  0.0790262   MPKI: 0.07181
BTB BRANCH_DIRECT_JUMP	ACCESS:     671839  HIT:     671800  MISS:         39
BTB BRANCH_INDIRECT	ACCESS:       3312  HIT:       3311  MISS:          1
BTB BRANCH_CONDITIONAL	ACCESS:   17208622  HIT:   17208341  MISS:        281
BTB BRANCH_DIRECT_CALL	ACCESS:     144978  HIT:     144847  MISS:        131
BTB BRANCH_INDIRECT_CALL	ACCESS:          0  HIT:          0  MISS:          0
BTB BRANCH_RETURN	ACCESS:     144978  HIT:     131068  MISS:      13910
BTB BRANCH_OTHER ACCESS:          0  HIT:          0  MISS:          0

L2C TOTAL     ACCESS:   25984006  HIT:   24928701  MISS:    1055305  HIT %:    95.9386  MISS %:    4.06136   MPKI: 5.27652
L2C LOAD      ACCESS:   17293618  HIT:   17156780  MISS:     136838  HIT %:    99.2087  MISS %:   0.791263   MPKI: 0.68419
L2C DATA LOAD MPKI: 0.64432
L2C INSTRUCTION LOAD MPKI: 0.03987
L2C RFO       ACCESS:    1153924  HIT:     603390  MISS:     550534  HIT %:    52.2903  MISS %:    47.7097   MPKI: 2.75267
L2C PREFETCH  ACCESS:    5947590  HIT:    5583507  MISS:     364083  HIT %:    93.8785  MISS %:    6.12152   MPKI: 1.82041
AGUS PREFETCH L1 MISS: 0
L2C DATA PREFETCH MPKI: 1.82041
L2C INSTRUCTION PREFETCH MPKI: 0
L2C WRITEBACK ACCESS:    1582518  HIT:    1579750  MISS:       2768  HIT %:    99.8251  MISS %:   0.174911   MPKI: 0.01384
L2C LOAD TRANSLATION ACCESS:       6356  HIT:       5274  MISS:       1082  HIT %:    82.9767  MISS %:    17.0233   MPKI: 0.00541
L2C PREFETCH  REQUESTED:    6560041  ISSUED:    6559327  USEFUL:     361421  USELESS:       2355
L2C USEFUL LOAD PREFETCHES:     361421 PREFETCH ISSUED TO LOWER LEVEL:     454382  ACCURACY: 79.5412
L2C TIMELY PREFETCHES:     361421 LATE PREFETCHES: 89982 DROPPED PREFETCHES: 0
L2C PREFETCHES SAME FILL-ORIGIN LEVEL: 454065 DIFFERENT FILL-ORIGIN LEVEL: 317
L2C AVERAGE MISS LATENCY:    119.552 cycles AVERAGE LOAD MISS LATENCY:    157.242 cycles Load Miss     136838
L2C Average MSHR Occupancy:   0.411852
L2C RQ	ACCESS:   18453898	FORWARD:          0	MERGED:          0	TO_CACHE:   18453898
L2C WQ	ACCESS:    1582518	FORWARD:          0	MERGED:          0	TO_CACHE:    1582518
L2C PQ	ACCESS:    6559327	FORWARD:          0	MERGED:     291823	TO_CACHE:    6267504

L2C Instructions Evicting Data 7940
L2C Translations Evicting Data 1073
L2C Data Evicting Data 1034478
L2C Instructions Evicting Instructions 30
L2C Translations Evicting Instructions 9
L2C Data Evicting Instructions 8073
L2C Instructions Evicting Translations 4
L2C Translations Evicting Translations 0
L2C Data Evicting Translations 930
L2C Dense regions hint from L2: 0
PSCL5 TOTAL     ACCESS:       6349  HIT:       6349  MISS:          0  HIT %:        100  MISS %:          0   MPKI: 0
PSCL5 LOAD TRANSLATION ACCESS:       6349  HIT:       6349  MISS:          0  HIT %:        100  MISS %:          0   MPKI: 0
PSCL5 PREFETCH  REQUESTED:          0  ISSUED:          0  USEFUL:          0  USELESS:          0
PSCL5 USEFUL LOAD PREFETCHES:          0 PREFETCH ISSUED TO LOWER LEVEL:          0  ACCURACY: -nan
PSCL5 TIMELY PREFETCHES:          0 LATE PREFETCHES: 0 DROPPED PREFETCHES: 0
PSCL5 PREFETCHES SAME FILL-ORIGIN LEVEL: 0 DIFFERENT FILL-ORIGIN LEVEL: 0

PSCL4 TOTAL     ACCESS:       6349  HIT:       6348  MISS:          1  HIT %:    99.9842  MISS %:  0.0157505   MPKI: 5e-06
PSCL4 LOAD TRANSLATION ACCESS:       6349  HIT:       6348  MISS:          1  HIT %:    99.9842  MISS %:  0.0157505   MPKI: 5e-06
PSCL4 PREFETCH  REQUESTED:          0  ISSUED:          0  USEFUL:          0  USELESS:          0
PSCL4 USEFUL LOAD PREFETCHES:          0 PREFETCH ISSUED TO LOWER LEVEL:          0  ACCURACY: -nan
PSCL4 TIMELY PREFETCHES:          0 LATE PREFETCHES: 0 DROPPED PREFETCHES: 0
PSCL4 PREFETCHES SAME FILL-ORIGIN LEVEL: 0 DIFFERENT FILL-ORIGIN LEVEL: 0

PSCL3 TOTAL     ACCESS:       6349  HIT:       6348  MISS:          1  HIT %:    99.9842  MISS %:  0.0157505   MPKI: 5e-06
PSCL3 LOAD TRANSLATION ACCESS:       6349  HIT:       6348  MISS:          1  HIT %:    99.9842  MISS %:  0.0157505   MPKI: 5e-06
PSCL3 PREFETCH  REQUESTED:          0  ISSUED:          0  USEFUL:          0  USELESS:          0
PSCL3 USEFUL LOAD PREFETCHES:          0 PREFETCH ISSUED TO LOWER LEVEL:          0  ACCURACY: -nan
PSCL3 TIMELY PREFETCHES:          0 LATE PREFETCHES: 0 DROPPED PREFETCHES: 0
PSCL3 PREFETCHES SAME FILL-ORIGIN LEVEL: 0 DIFFERENT FILL-ORIGIN LEVEL: 0

PSCL2 TOTAL     ACCESS:       6349  HIT:       6327  MISS:         22  HIT %:    99.6535  MISS %:   0.346511   MPKI: 0.00011
PSCL2 LOAD TRANSLATION ACCESS:       6349  HIT:       6327  MISS:         22  HIT %:    99.6535  MISS %:   0.346511   MPKI: 0.00011
PSCL2 PREFETCH  REQUESTED:          0  ISSUED:          0  USEFUL:          0  USELESS:          0
PSCL2 USEFUL LOAD PREFETCHES:          0 PREFETCH ISSUED TO LOWER LEVEL:          0  ACCURACY: -nan
PSCL2 TIMELY PREFETCHES:          0 LATE PREFETCHES: 0 DROPPED PREFETCHES: 0
PSCL2 PREFETCHES SAME FILL-ORIGIN LEVEL: 0 DIFFERENT FILL-ORIGIN LEVEL: 0

LLC TOTAL     ACCESS:    1788124  HIT:    1151217  MISS:     636907  HIT %:    64.3813  MISS %:    35.6187   MPKI: 3.18453
LLC LOAD      ACCESS:      46856  HIT:      20517  MISS:      26339  HIT %:    43.7873  MISS %:    56.2127   MPKI: 0.131695
LLC RFO       ACCESS:     550534  HIT:     424204  MISS:     126330  HIT %:    77.0532  MISS %:    22.9468   MPKI: 0.63165
LLC PREFETCH  ACCESS:     454242  HIT:     184495  MISS:     269747  HIT %:     40.616  MISS %:     59.384   MPKI: 1.34873
AGUS PREFETCH L1 MISS: 0
LLC WRITEBACK ACCESS:     735410  HIT:     521889  MISS:     213521  HIT %:    70.9657  MISS %:    29.0343   MPKI: 1.0676
LLC LOAD TRANSLATION ACCESS:       1082  HIT:        112  MISS:        970  HIT %:    10.3512  MISS %:    89.6488   MPKI: 0.00485
LLC PREFETCH  REQUESTED:          0  ISSUED:          0  USEFUL:      20273  USELESS:      27694
LLC USEFUL LOAD PREFETCHES:      20273 PREFETCH ISSUED TO LOWER LEVEL:     269781  ACCURACY: 7.51461
LLC TIMELY PREFETCHES:      20273 LATE PREFETCHES: 34 DROPPED PREFETCHES: 0
LLC PREFETCHES SAME FILL-ORIGIN LEVEL: 218 DIFFERENT FILL-ORIGIN LEVEL: 0
LLC AVERAGE MISS LATENCY:    133.981 cycles AVERAGE LOAD MISS LATENCY:    186.417 cycles Load Miss      26339
LLC Average MSHR Occupancy:   0.266744
LLC RQ	ACCESS:     598472	FORWARD:          0	MERGED:          0	TO_CACHE:     598472
LLC WQ	ACCESS:     735410	FORWARD:          2	MERGED:          0	TO_CACHE:     735410
LLC PQ	ACCESS:     454382	FORWARD:          0	MERGED:         46	TO_CACHE:     454334

LLC Dense regions hint to LLC: 0

RAW hits: 684618
Loads Generated: 33522708
Loads sent to L1D: 32838086
Stores Generated: 14396399
Stores sent to L1D: 14396398
Major fault: 0 Minor fault: 9051
Allocated PAGES: 9051
CPU 0 L2C PC-based stride prefetcher final stats
================ Mockingjay (LLC) Pollution Stats ================
Total pollution count in LLC: 3047
==================================================================

DRAM Statistics
 CHANNEL 0
 RQ ROW_BUFFER_HIT:     106807  ROW_BUFFER_MISS:     316566
 DBUS_CONGESTED:        917
 WQ ROW_BUFFER_HIT:      81069  ROW_BUFFER_MISS:     205969  FULL:       2922

 AVG_CONGESTED_CYCLE: 6
 All warmup complete: 2
Channel 0 Bank busy for read cycles: 0
Channel 0 Bank busy for write cycles: 0
Channel 0
Rank 0
0banks busy for read cycles: 277609533
0banks busy for write cycles: 78186
1banks busy for read cycles: 8590946
1banks busy for write cycles: 10607942
2banks busy for read cycles: 8420241
2banks busy for write cycles: 1799670
3banks busy for read cycles: 1762423
3banks busy for write cycles: 537338
4banks busy for read cycles: 1456028
4banks busy for write cycles: 278818
5banks busy for read cycles: 730611
5banks busy for write cycles: 202649
6banks busy for read cycles: 593295
6banks busy for write cycles: 226938
7banks busy for read cycles: 525938
7banks busy for write cycles: 485123
8banks busy for read cycles: 787514
8banks busy for write cycles: 3635184

CPU 0 Branch Prediction Accuracy: 94.4529% MPKI: 5.25733 Average ROB Occupancy at Mispredict: 12.2803
Branch types
NOT_BRANCH: 181045369 90.5227%
BRANCH_DIRECT_JUMP: 671839 0.335919%
BRANCH_INDIRECT: 3312 0.001656%
BRANCH_CONDITIONAL: 17990116 8.99506%
BRANCH_DIRECT_CALL: 144978 0.072489%
BRANCH_INDIRECT_CALL: 0 0%
BRANCH_RETURN: 144978 0.072489%
BRANCH_OTHER: 0 0%

===================== LRU L1D STATS =====================
Total pollution count in L1D: 0
=========================================================
================ SRRIP (L2C) Pollution Stats ================
Total pollution count in L2c: 107484
==================================================================
DRAM PAGES: 1048576
Allocated PAGES: 9051
