
*** ChampSim Multicore Out-of-Order Simulator ***

Warmup Instructions: 200000000
Simulation Instructions: 200000000
Number of CPUs: 1
LLC sets: 4096
LLC ways: 12
Off-chip DRAM Size: 4096 MB Channels: 1 Width: 64-bit Data Rate: 6400 MT/s
CPU 0 runs ./tracer/traces/628.pop2_s-17B.champsimtrace.xz
.xz
BTB has LRU replacement policy
ITLB has LRU replacement policy
DTLB has LRU replacement policy
STLB has LRU replacement policy
L1I has LRU replacement policy
L1D has LRU replacement policy
CPU 0 L2C IP-based stride prefetcher
Initialize SRRIP state for L2C
Initialize Mockingjay state for LLC
Heartbeat CPU 0 instructions: 10000003 cycles: 2589884 heartbeat IPC: 3.86118 cumulative IPC: 3.86118 (Simulation time: 0 hr 0 min 19 sec) 
Heartbeat CPU 0 instructions: 20000000 cycles: 5179321 heartbeat IPC: 3.86184 cumulative IPC: 3.86151 (Simulation time: 0 hr 0 min 38 sec) 
Heartbeat CPU 0 instructions: 30000001 cycles: 7768575 heartbeat IPC: 3.86212 cumulative IPC: 3.86171 (Simulation time: 0 hr 0 min 57 sec) 
Heartbeat CPU 0 instructions: 40000001 cycles: 10356506 heartbeat IPC: 3.86409 cumulative IPC: 3.86231 (Simulation time: 0 hr 1 min 16 sec) 
Heartbeat CPU 0 instructions: 50000003 cycles: 12945812 heartbeat IPC: 3.86204 cumulative IPC: 3.86225 (Simulation time: 0 hr 1 min 35 sec) 
Heartbeat CPU 0 instructions: 60000000 cycles: 15536212 heartbeat IPC: 3.86041 cumulative IPC: 3.86195 (Simulation time: 0 hr 1 min 54 sec) 
Heartbeat CPU 0 instructions: 70000000 cycles: 18125285 heartbeat IPC: 3.86239 cumulative IPC: 3.86201 (Simulation time: 0 hr 2 min 13 sec) 
Heartbeat CPU 0 instructions: 80000004 cycles: 20955674 heartbeat IPC: 3.53308 cumulative IPC: 3.81758 (Simulation time: 0 hr 2 min 27 sec) 
Heartbeat CPU 0 instructions: 90000000 cycles: 23990177 heartbeat IPC: 3.29543 cumulative IPC: 3.75154 (Simulation time: 0 hr 2 min 44 sec) 
Heartbeat CPU 0 instructions: 100000002 cycles: 26620345 heartbeat IPC: 3.80204 cumulative IPC: 3.75653 (Simulation time: 0 hr 3 min 4 sec) 
Heartbeat CPU 0 instructions: 110000002 cycles: 29412948 heartbeat IPC: 3.58089 cumulative IPC: 3.73985 (Simulation time: 0 hr 3 min 20 sec) 
Heartbeat CPU 0 instructions: 120000000 cycles: 32455091 heartbeat IPC: 3.28716 cumulative IPC: 3.69742 (Simulation time: 0 hr 3 min 36 sec) 
Heartbeat CPU 0 instructions: 130000001 cycles: 35481329 heartbeat IPC: 3.30443 cumulative IPC: 3.6639 (Simulation time: 0 hr 3 min 55 sec) 
Heartbeat CPU 0 instructions: 140000007 cycles: 38102680 heartbeat IPC: 3.81483 cumulative IPC: 3.67428 (Simulation time: 0 hr 4 min 9 sec) 
Heartbeat CPU 0 instructions: 150000000 cycles: 40673512 heartbeat IPC: 3.88979 cumulative IPC: 3.6879 (Simulation time: 0 hr 4 min 19 sec) 
Heartbeat CPU 0 instructions: 160000001 cycles: 43721391 heartbeat IPC: 3.28097 cumulative IPC: 3.65954 (Simulation time: 0 hr 4 min 39 sec) 
Heartbeat CPU 0 instructions: 170000001 cycles: 46526936 heartbeat IPC: 3.56437 cumulative IPC: 3.6538 (Simulation time: 0 hr 4 min 51 sec) 
Heartbeat CPU 0 instructions: 180000000 cycles: 49164705 heartbeat IPC: 3.79108 cumulative IPC: 3.66116 (Simulation time: 0 hr 5 min 5 sec) 
Heartbeat CPU 0 instructions: 190000000 cycles: 51750717 heartbeat IPC: 3.86696 cumulative IPC: 3.67145 (Simulation time: 0 hr 5 min 22 sec) 
Heartbeat CPU 0 instructions: 200000006 cycles: 54336935 heartbeat IPC: 3.86665 cumulative IPC: 3.68074 (Simulation time: 0 hr 5 min 38 sec) 

Warmup complete CPU 0 instructions: 200000006 cycles: 54336935 (Simulation time: 0 hr 5 min 38 sec) 

Heartbeat CPU 0 instructions: 210000001 cycles: 69183053 heartbeat IPC: 0.673576 cumulative IPC: 0.673576 (Simulation time: 0 hr 6 min 4 sec) 
Heartbeat CPU 0 instructions: 220000005 cycles: 84023203 heartbeat IPC: 0.673848 cumulative IPC: 0.673712 (Simulation time: 0 hr 6 min 31 sec) 
Heartbeat CPU 0 instructions: 230000000 cycles: 98899400 heartbeat IPC: 0.672214 cumulative IPC: 0.673212 (Simulation time: 0 hr 6 min 57 sec) 
Heartbeat CPU 0 instructions: 240000006 cycles: 113753169 heartbeat IPC: 0.67323 cumulative IPC: 0.673217 (Simulation time: 0 hr 7 min 27 sec) 
Heartbeat CPU 0 instructions: 250000002 cycles: 128835958 heartbeat IPC: 0.663007 cumulative IPC: 0.67115 (Simulation time: 0 hr 7 min 57 sec) 
Heartbeat CPU 0 instructions: 260000000 cycles: 148309237 heartbeat IPC: 0.513524 cumulative IPC: 0.638486 (Simulation time: 0 hr 8 min 26 sec) 
Heartbeat CPU 0 instructions: 270000000 cycles: 169510504 heartbeat IPC: 0.47167 cumulative IPC: 0.607778 (Simulation time: 0 hr 8 min 54 sec) 
Heartbeat CPU 0 instructions: 280000002 cycles: 185256885 heartbeat IPC: 0.635067 cumulative IPC: 0.61106 (Simulation time: 0 hr 9 min 23 sec) 
Heartbeat CPU 0 instructions: 290000000 cycles: 202272932 heartbeat IPC: 0.58768 cumulative IPC: 0.608371 (Simulation time: 0 hr 9 min 51 sec) 
Heartbeat CPU 0 instructions: 300000001 cycles: 219452844 heartbeat IPC: 0.582075 cumulative IPC: 0.605635 (Simulation time: 0 hr 10 min 18 sec) 
Heartbeat CPU 0 instructions: 310000001 cycles: 238996141 heartbeat IPC: 0.511684 cumulative IPC: 0.595692 (Simulation time: 0 hr 10 min 46 sec) 
Heartbeat CPU 0 instructions: 320000005 cycles: 253492480 heartbeat IPC: 0.68983 cumulative IPC: 0.602544 (Simulation time: 0 hr 11 min 12 sec) 
Heartbeat CPU 0 instructions: 330000000 cycles: 267705995 heartbeat IPC: 0.703555 cumulative IPC: 0.609273 (Simulation time: 0 hr 11 min 34 sec) 
Heartbeat CPU 0 instructions: 340000001 cycles: 285825943 heartbeat IPC: 0.551878 cumulative IPC: 0.60478 (Simulation time: 0 hr 12 min 1 sec) 
Heartbeat CPU 0 instructions: 350000001 cycles: 305549139 heartbeat IPC: 0.507017 cumulative IPC: 0.597105 (Simulation time: 0 hr 12 min 30 sec) 
Heartbeat CPU 0 instructions: 360000000 cycles: 322601107 heartbeat IPC: 0.586443 cumulative IPC: 0.596427 (Simulation time: 0 hr 12 min 59 sec) 
Heartbeat CPU 0 instructions: 370000002 cycles: 337618981 heartbeat IPC: 0.665873 cumulative IPC: 0.600109 (Simulation time: 0 hr 13 min 28 sec) 
Heartbeat CPU 0 instructions: 380000002 cycles: 352678794 heartbeat IPC: 0.664019 cumulative IPC: 0.603335 (Simulation time: 0 hr 13 min 58 sec) 
Heartbeat CPU 0 instructions: 390000000 cycles: 367657989 heartbeat IPC: 0.667592 cumulative IPC: 0.606407 (Simulation time: 0 hr 14 min 38 sec) 
Heartbeat CPU 0 instructions: 400000000 cycles: 382643673 heartbeat IPC: 0.667304 cumulative IPC: 0.609186 (Simulation time: 0 hr 15 min 28 sec) 
Finished CPU 0 instructions: 200000002 cycles: 328306758 cumulative IPC: 0.609186 (Simulation time: 0 hr 15 min 28 sec) 

ChampSim completed all CPUs

Region of Interest Statistics

CPU 0 cumulative IPC: 0.609186 instructions: 200000002 cycles: 328306758
ITLB TOTAL     ACCESS:   29258749  HIT:   29252719  MISS:       6030  HIT %:    99.9794  MISS %:  0.0206092   MPKI: 0.03015
ITLB LOAD TRANSLATION ACCESS:   29258749  HIT:   29252719  MISS:       6030  HIT %:    99.9794  MISS %:  0.0206092   MPKI: 0.03015
ITLB PREFETCH  REQUESTED:          0  ISSUED:          0  USEFUL:          0  USELESS:          0
ITLB USEFUL LOAD PREFETCHES:          0 PREFETCH ISSUED TO LOWER LEVEL:          0  ACCURACY: -nan
ITLB TIMELY PREFETCHES:          0 LATE PREFETCHES: 0 DROPPED PREFETCHES: 0
ITLB PREFETCHES SAME FILL-ORIGIN LEVEL: 0 DIFFERENT FILL-ORIGIN LEVEL: 0
ITLB AVERAGE MISS LATENCY:    12.7962 cycles AVERAGE LOAD MISS LATENCY:       -nan cycles Load Miss          0
ITLB Average MSHR Occupancy: 0.000219091
ITLB RQ	ACCESS:   33137906	FORWARD:          0	MERGED:    3872305	TO_CACHE:   29265601

DTLB TOTAL     ACCESS:   39917942  HIT:   39820391  MISS:      97551  HIT %:    99.7556  MISS %:   0.244379   MPKI: 0.487755
DTLB LOAD TRANSLATION ACCESS:   39917942  HIT:   39820391  MISS:      97551  HIT %:    99.7556  MISS %:   0.244379   MPKI: 0.487755
DTLB PREFETCH  REQUESTED:          0  ISSUED:          0  USEFUL:          0  USELESS:          0
DTLB USEFUL LOAD PREFETCHES:          0 PREFETCH ISSUED TO LOWER LEVEL:          0  ACCURACY: -nan
DTLB TIMELY PREFETCHES:          0 LATE PREFETCHES: 0 DROPPED PREFETCHES: 0
DTLB PREFETCHES SAME FILL-ORIGIN LEVEL: 0 DIFFERENT FILL-ORIGIN LEVEL: 0
DTLB AVERAGE MISS LATENCY:    22.3651 cycles AVERAGE LOAD MISS LATENCY:       -nan cycles Load Miss          0
DTLB Average MSHR Occupancy: 0.00496218
DTLB RQ	ACCESS:   44404956	FORWARD:          0	MERGED:    4453830	TO_CACHE:   39951126

STLB TOTAL     ACCESS:     103581  HIT:      93970  MISS:       9611  HIT %:    90.7213  MISS %:    9.27873   MPKI: 0.048055
STLB LOAD TRANSLATION ACCESS:     103581  HIT:      93970  MISS:       9611  HIT %:    90.7213  MISS %:    9.27873   MPKI: 0.048055
STLB PREFETCH  REQUESTED:          0  ISSUED:          0  USEFUL:          0  USELESS:          0
STLB USEFUL LOAD PREFETCHES:          0 PREFETCH ISSUED TO LOWER LEVEL:          0  ACCURACY: -nan
STLB TIMELY PREFETCHES:          0 LATE PREFETCHES: 0 DROPPED PREFETCHES: 0
STLB PREFETCHES SAME FILL-ORIGIN LEVEL: 0 DIFFERENT FILL-ORIGIN LEVEL: 0
STLB AVERAGE MISS LATENCY:     137.27 cycles AVERAGE LOAD MISS LATENCY:       -nan cycles Load Miss          0
STLB Average MSHR Occupancy: 0.00255829
STLB RQ	ACCESS:     103581	FORWARD:          0	MERGED:          0	TO_CACHE:     103581

STLB Hit, L1D data hit: 0
STLB Hit, L2C data hit: 0
STLB Hit, LLC data hit: 0
STLB Hit, LLC data miss: 0
STLB STLB hints to L2: 0
L1D TOTAL     ACCESS:   42489872  HIT:   39523606  MISS:    2966266  HIT %:    93.0189  MISS %:    6.98111   MPKI: 14.8313
L1D LOAD      ACCESS:   30660799  HIT:   28694331  MISS:    1966468  HIT %:    93.5864  MISS %:    6.41362   MPKI: 9.83234
L1D RFO       ACCESS:   11829073  HIT:   10829275  MISS:     999798  HIT %:     91.548  MISS %:    8.45204   MPKI: 4.99899
L1D PREFETCH  REQUESTED:          0  ISSUED:          0  USEFUL:          0  USELESS:          0
L1D USEFUL LOAD PREFETCHES:          0 PREFETCH ISSUED TO LOWER LEVEL:          0  ACCURACY: -nan
L1D TIMELY PREFETCHES:          0 LATE PREFETCHES: 0 DROPPED PREFETCHES: 0
L1D PREFETCHES SAME FILL-ORIGIN LEVEL: 0 DIFFERENT FILL-ORIGIN LEVEL: 0
L1D AVERAGE MISS LATENCY:    42.3954 cycles AVERAGE LOAD MISS LATENCY:    23.4987 cycles Load Miss    1966468
L1D Average MSHR Occupancy:   0.382561
L1D RQ	ACCESS:   40781006	FORWARD:          0	MERGED:    9644751	TO_CACHE:   30933718
L1D WQ	ACCESS:   13628581	FORWARD:     202537	MERGED:     157343	TO_CACHE:   13471238

L1D UNIQUE REGIONS ACCESSED: 0
L1D REGIONS CONFLICTS: 0
L1D Cross Page Prefetch Requests: 0
L1D Same Page Prefetch Requests: 0
L1D ROI Sum of L1D PQ occupancy: 0
L1D PREFETCHES PUSHED FROM L2C: 0
L1I TOTAL     ACCESS:   32199235  HIT:   14043899  MISS:   18155336  HIT %:    43.6156  MISS %:    56.3844   MPKI: 90.7767
L1I LOAD      ACCESS:   32199235  HIT:   14043899  MISS:   18155336  HIT %:    43.6156  MISS %:    56.3844   MPKI: 90.7767
L1I PREFETCH  REQUESTED:          0  ISSUED:          0  USEFUL:          0  USELESS:          0
L1I USEFUL LOAD PREFETCHES:          0 PREFETCH ISSUED TO LOWER LEVEL:          0  ACCURACY: -nan
L1I TIMELY PREFETCHES:          0 LATE PREFETCHES: 0 DROPPED PREFETCHES: 0
L1I PREFETCHES SAME FILL-ORIGIN LEVEL: 0 DIFFERENT FILL-ORIGIN LEVEL: 0
L1I AVERAGE MISS LATENCY:    14.0764 cycles AVERAGE LOAD MISS LATENCY:    14.0764 cycles Load Miss   18155336
L1I Average MSHR Occupancy:   0.739179
L1I RQ	ACCESS:   54712170	FORWARD:          0	MERGED:   21574264	TO_CACHE:   33137906

BTB TOTAL     ACCESS:   29586816  HIT:   29528256  MISS:      58560  HIT %:    99.8021  MISS %:   0.197926   MPKI: 0.2928
BTB BRANCH_DIRECT_JUMP	ACCESS:     595024  HIT:     594618  MISS:        406
BTB BRANCH_INDIRECT	ACCESS:       8747  HIT:       8022  MISS:        725
BTB BRANCH_CONDITIONAL	ACCESS:   27631667  HIT:   27628056  MISS:       3611
BTB BRANCH_DIRECT_CALL	ACCESS:     675689  HIT:     674012  MISS:       1677
BTB BRANCH_INDIRECT_CALL	ACCESS:          0  HIT:          0  MISS:          0
BTB BRANCH_RETURN	ACCESS:     675689  HIT:     623548  MISS:      52141
BTB BRANCH_OTHER ACCESS:          0  HIT:          0  MISS:          0

L2C TOTAL     ACCESS:   26663042  HIT:   25962115  MISS:     700927  HIT %:    97.3712  MISS %:    2.62883   MPKI: 3.50463
L2C LOAD      ACCESS:   20121788  HIT:   20013755  MISS:     108033  HIT %:    99.4631  MISS %:   0.536896   MPKI: 0.540165
L2C DATA LOAD MPKI: 0.515825
L2C INSTRUCTION LOAD MPKI: 0.02434
L2C RFO       ACCESS:     999770  HIT:     759470  MISS:     240300  HIT %:    75.9645  MISS %:    24.0355   MPKI: 1.2015
L2C PREFETCH  ACCESS:    4215970  HIT:    3866239  MISS:     349731  HIT %:    91.7046  MISS %:    8.29539   MPKI: 1.74865
AGUS PREFETCH L1 MISS: 0
L2C DATA PREFETCH MPKI: 1.74865
L2C INSTRUCTION PREFETCH MPKI: 0
L2C WRITEBACK ACCESS:    1314132  HIT:    1313398  MISS:        734  HIT %:    99.9441  MISS %:  0.0558544   MPKI: 0.00367
L2C LOAD TRANSLATION ACCESS:      11382  HIT:       9253  MISS:       2129  HIT %:     81.295  MISS %:     18.705   MPKI: 0.010645
L2C PREFETCH  REQUESTED:    4621825  ISSUED:    4567125  USEFUL:     341898  USELESS:       7919
L2C USEFUL LOAD PREFETCHES:     341898 PREFETCH ISSUED TO LOWER LEVEL:     396669  ACCURACY: 86.1923
L2C TIMELY PREFETCHES:     341898 LATE PREFETCHES: 44967 DROPPED PREFETCHES: 0
L2C PREFETCHES SAME FILL-ORIGIN LEVEL: 394698 DIFFERENT FILL-ORIGIN LEVEL: 1971
L2C AVERAGE MISS LATENCY:    200.081 cycles AVERAGE LOAD MISS LATENCY:    164.563 cycles Load Miss     108033
L2C Average MSHR Occupancy:   0.437861
L2C RQ	ACCESS:   21132985	FORWARD:          0	MERGED:          0	TO_CACHE:   21132941
L2C WQ	ACCESS:    1314132	FORWARD:         79	MERGED:          0	TO_CACHE:    1314132
L2C PQ	ACCESS:    4567125	FORWARD:          0	MERGED:      70468	TO_CACHE:    4496622

L2C Instructions Evicting Data 4800
L2C Translations Evicting Data 2114
L2C Data Evicting Data 686606
L2C Instructions Evicting Instructions 50
L2C Translations Evicting Instructions 12
L2C Data Evicting Instructions 4798
L2C Instructions Evicting Translations 18
L2C Translations Evicting Translations 3
L2C Data Evicting Translations 2098
L2C Dense regions hint from L2: 0
PSCL5 TOTAL     ACCESS:       9611  HIT:       9611  MISS:          0  HIT %:        100  MISS %:          0   MPKI: 0
PSCL5 LOAD TRANSLATION ACCESS:       9611  HIT:       9611  MISS:          0  HIT %:        100  MISS %:          0   MPKI: 0
PSCL5 PREFETCH  REQUESTED:          0  ISSUED:          0  USEFUL:          0  USELESS:          0
PSCL5 USEFUL LOAD PREFETCHES:          0 PREFETCH ISSUED TO LOWER LEVEL:          0  ACCURACY: -nan
PSCL5 TIMELY PREFETCHES:          0 LATE PREFETCHES: 0 DROPPED PREFETCHES: 0
PSCL5 PREFETCHES SAME FILL-ORIGIN LEVEL: 0 DIFFERENT FILL-ORIGIN LEVEL: 0

PSCL4 TOTAL     ACCESS:       9611  HIT:       9611  MISS:          0  HIT %:        100  MISS %:          0   MPKI: 0
PSCL4 LOAD TRANSLATION ACCESS:       9611  HIT:       9611  MISS:          0  HIT %:        100  MISS %:          0   MPKI: 0
PSCL4 PREFETCH  REQUESTED:          0  ISSUED:          0  USEFUL:          0  USELESS:          0
PSCL4 USEFUL LOAD PREFETCHES:          0 PREFETCH ISSUED TO LOWER LEVEL:          0  ACCURACY: -nan
PSCL4 TIMELY PREFETCHES:          0 LATE PREFETCHES: 0 DROPPED PREFETCHES: 0
PSCL4 PREFETCHES SAME FILL-ORIGIN LEVEL: 0 DIFFERENT FILL-ORIGIN LEVEL: 0

PSCL3 TOTAL     ACCESS:       9611  HIT:       9611  MISS:          0  HIT %:        100  MISS %:          0   MPKI: 0
PSCL3 LOAD TRANSLATION ACCESS:       9611  HIT:       9611  MISS:          0  HIT %:        100  MISS %:          0   MPKI: 0
PSCL3 PREFETCH  REQUESTED:          0  ISSUED:          0  USEFUL:          0  USELESS:          0
PSCL3 USEFUL LOAD PREFETCHES:          0 PREFETCH ISSUED TO LOWER LEVEL:          0  ACCURACY: -nan
PSCL3 TIMELY PREFETCHES:          0 LATE PREFETCHES: 0 DROPPED PREFETCHES: 0
PSCL3 PREFETCHES SAME FILL-ORIGIN LEVEL: 0 DIFFERENT FILL-ORIGIN LEVEL: 0

PSCL2 TOTAL     ACCESS:       9611  HIT:       7832  MISS:       1779  HIT %:      81.49  MISS %:      18.51   MPKI: 0.008895
PSCL2 LOAD TRANSLATION ACCESS:       9611  HIT:       7832  MISS:       1779  HIT %:      81.49  MISS %:      18.51   MPKI: 0.008895
PSCL2 PREFETCH  REQUESTED:          0  ISSUED:          0  USEFUL:          0  USELESS:          0
PSCL2 USEFUL LOAD PREFETCHES:          0 PREFETCH ISSUED TO LOWER LEVEL:          0  ACCURACY: -nan
PSCL2 TIMELY PREFETCHES:          0 LATE PREFETCHES: 0 DROPPED PREFETCHES: 0
PSCL2 PREFETCHES SAME FILL-ORIGIN LEVEL: 0 DIFFERENT FILL-ORIGIN LEVEL: 0

LLC TOTAL     ACCESS:    1038710  HIT:     236383  MISS:     802327  HIT %:    22.7574  MISS %:    77.2426   MPKI: 4.01163
LLC LOAD      ACCESS:      63066  HIT:      15358  MISS:      47708  HIT %:    24.3523  MISS %:    75.6477   MPKI: 0.23854
LLC RFO       ACCESS:     240294  HIT:      12100  MISS:     228194  HIT %:     5.0355  MISS %:    94.9645   MPKI: 1.14097
LLC PREFETCH  ACCESS:     396229  HIT:     106497  MISS:     289732  HIT %:    26.8776  MISS %:    73.1224   MPKI: 1.44866
AGUS PREFETCH L1 MISS: 0
LLC WRITEBACK ACCESS:     336992  HIT:     102109  MISS:     234883  HIT %:    30.3001  MISS %:    69.6999   MPKI: 1.17441
LLC LOAD TRANSLATION ACCESS:       2129  HIT:        319  MISS:       1810  HIT %:    14.9836  MISS %:    85.0164   MPKI: 0.00905
LLC PREFETCH  REQUESTED:          0  ISSUED:          0  USEFUL:       1380  USELESS:      61776
LLC USEFUL LOAD PREFETCHES:       1380 PREFETCH ISSUED TO LOWER LEVEL:     289785  ACCURACY: 0.476215
LLC TIMELY PREFETCHES:       1380 LATE PREFETCHES: 53 DROPPED PREFETCHES: 0
LLC PREFETCHES SAME FILL-ORIGIN LEVEL: 1505 DIFFERENT FILL-ORIGIN LEVEL: 0
LLC AVERAGE MISS LATENCY:    142.306 cycles AVERAGE LOAD MISS LATENCY:    188.989 cycles Load Miss      47708
LLC Average MSHR Occupancy:   0.346082
LLC RQ	ACCESS:     305495	FORWARD:          0	MERGED:          0	TO_CACHE:     305489
LLC WQ	ACCESS:     336992	FORWARD:          6	MERGED:          0	TO_CACHE:     336992
LLC PQ	ACCESS:     396669	FORWARD:          0	MERGED:         19	TO_CACHE:     396650

LLC Dense regions hint to LLC: 0

RAW hits: 478903
Loads Generated: 41259910
Loads sent to L1D: 40781006
Stores Generated: 13628580
Stores sent to L1D: 13628581
Major fault: 0 Minor fault: 13643
Allocated PAGES: 13643
CPU 0 L2C PC-based stride prefetcher final stats
================ Mockingjay (LLC) Pollution Stats ================
Total pollution count in LLC: 4705
==================================================================

DRAM Statistics
 CHANNEL 0
 RQ ROW_BUFFER_HIT:     190870  ROW_BUFFER_MISS:     376543
 DBUS_CONGESTED:       1371
 WQ ROW_BUFFER_HIT:      84685  ROW_BUFFER_MISS:     230435  FULL:      10708

 AVG_CONGESTED_CYCLE: 5
 All warmup complete: 2
Channel 0 Bank busy for read cycles: 0
Channel 0 Bank busy for write cycles: 0
Channel 0
Rank 0
0banks busy for read cycles: 277182359
0banks busy for write cycles: 38772
1banks busy for read cycles: 19300443
1banks busy for write cycles: 5752420
2banks busy for read cycles: 8729646
2banks busy for write cycles: 2283856
3banks busy for read cycles: 2047274
3banks busy for write cycles: 1327480
4banks busy for read cycles: 1490265
4banks busy for write cycles: 936583
5banks busy for read cycles: 921327
5banks busy for write cycles: 734908
6banks busy for read cycles: 646255
6banks busy for write cycles: 635063
7banks busy for read cycles: 447164
7banks busy for write cycles: 869453
8banks busy for read cycles: 797115
8banks busy for write cycles: 4166376

CPU 0 Branch Prediction Accuracy: 99.0244% MPKI: 1.48278 Average ROB Occupancy at Mispredict: 16.6292
Branch types
NOT_BRANCH: 169600721 84.8004%
BRANCH_DIRECT_JUMP: 595024 0.297512%
BRANCH_INDIRECT: 8747 0.0043735%
BRANCH_CONDITIONAL: 28443537 14.2218%
BRANCH_DIRECT_CALL: 675689 0.337844%
BRANCH_INDIRECT_CALL: 0 0%
BRANCH_RETURN: 675689 0.337844%
BRANCH_OTHER: 0 0%

===================== LRU L1D STATS =====================
Total pollution count in L1D: 0
=========================================================
================ SRRIP (L2C) Pollution Stats ================
Total pollution count in L2c: 130526
==================================================================
DRAM PAGES: 1048576
Allocated PAGES: 13643
