
*** ChampSim Multicore Out-of-Order Simulator ***

Warmup Instructions: 200000000
Simulation Instructions: 200000000
Number of CPUs: 1
LLC sets: 4096
LLC ways: 12
Off-chip DRAM Size: 4096 MB Channels: 1 Width: 64-bit Data Rate: 6400 MT/s
CPU 0 runs /home1/sweta/traces/qualcomm_traces/server_031.champsimtrace.xz
.xz
BTB has LRU replacement policy
ITLB has LRU replacement policy
DTLB has LRU replacement policy
STLB has LRU replacement policy
L1I has LRU replacement policy
L1D has LRU replacement policy
Initialize SRRIP state for L2C
Initialize Mockingjay state for LLC
Heartbeat CPU 0 instructions: 10000002 cycles: 2062073 heartbeat IPC: 4.84949 cumulative IPC: 4.84949 (Simulation time: 0 hr 0 min 27 sec) 
Heartbeat CPU 0 instructions: 20000002 cycles: 4123065 heartbeat IPC: 4.85203 cumulative IPC: 4.85076 (Simulation time: 0 hr 0 min 54 sec) 
Heartbeat CPU 0 instructions: 30000006 cycles: 6183513 heartbeat IPC: 4.85332 cumulative IPC: 4.85161 (Simulation time: 0 hr 1 min 21 sec) 
Heartbeat CPU 0 instructions: 40000005 cycles: 8239307 heartbeat IPC: 4.8643 cumulative IPC: 4.85478 (Simulation time: 0 hr 1 min 48 sec) 
Heartbeat CPU 0 instructions: 50000002 cycles: 10299254 heartbeat IPC: 4.85449 cumulative IPC: 4.85472 (Simulation time: 0 hr 2 min 15 sec) 
Heartbeat CPU 0 instructions: 60000003 cycles: 12358711 heartbeat IPC: 4.85565 cumulative IPC: 4.85488 (Simulation time: 0 hr 2 min 42 sec) 
