
*** ChampSim Multicore Out-of-Order Simulator ***

Warmup Instructions: 200000000
Simulation Instructions: 200000000
Number of CPUs: 1
LLC sets: 4096
LLC ways: 12
Off-chip DRAM Size: 4096 MB Channels: 1 Width: 64-bit Data Rate: 6400 MT/s
CPU 0 runs /home1/sweta/traces/gaptraces/bc-3.trace.gz
.gz
BTB has LRU replacement policy
ITLB has LRU replacement policy
DTLB has LRU replacement policy
STLB has LRU replacement policy
L1I has LRU replacement policy
IP Table Entries: 1024
CSPT Entries: 128
RR_ENTRIES: 32
RST_ENTRIES: 8
L1D has LRU replacement policy
Initialize SRRIP state for L2C
Initialize Mockingjay state for LLC
Heartbeat CPU 0 instructions: 10000006 cycles: 2804634 heartbeat IPC: 3.56553 cumulative IPC: 3.56553 (Simulation time: 0 hr 0 min 33 sec) 
Heartbeat CPU 0 instructions: 20000003 cycles: 5086062 heartbeat IPC: 4.38322 cumulative IPC: 3.93232 (Simulation time: 0 hr 1 min 5 sec) 
Heartbeat CPU 0 instructions: 30000006 cycles: 7434309 heartbeat IPC: 4.2585 cumulative IPC: 4.03535 (Simulation time: 0 hr 1 min 40 sec) 
Heartbeat CPU 0 instructions: 40000002 cycles: 9796322 heartbeat IPC: 4.23368 cumulative IPC: 4.08317 (Simulation time: 0 hr 2 min 14 sec) 
Heartbeat CPU 0 instructions: 50000007 cycles: 12153182 heartbeat IPC: 4.24294 cumulative IPC: 4.11415 (Simulation time: 0 hr 2 min 48 sec) 
Heartbeat CPU 0 instructions: 60000001 cycles: 14505322 heartbeat IPC: 4.25145 cumulative IPC: 4.13641 (Simulation time: 0 hr 3 min 21 sec) 
Heartbeat CPU 0 instructions: 70000000 cycles: 16856667 heartbeat IPC: 4.25288 cumulative IPC: 4.15266 (Simulation time: 0 hr 3 min 55 sec) 
Heartbeat CPU 0 instructions: 80000000 cycles: 19209277 heartbeat IPC: 4.2506 cumulative IPC: 4.16465 (Simulation time: 0 hr 4 min 29 sec) 
Heartbeat CPU 0 instructions: 90000000 cycles: 21562344 heartbeat IPC: 4.24977 cumulative IPC: 4.17394 (Simulation time: 0 hr 5 min 5 sec) 
Heartbeat CPU 0 instructions: 100000005 cycles: 23922398 heartbeat IPC: 4.23719 cumulative IPC: 4.18018 (Simulation time: 0 hr 5 min 39 sec) 
Heartbeat CPU 0 instructions: 110000002 cycles: 26279683 heartbeat IPC: 4.24217 cumulative IPC: 4.18574 (Simulation time: 0 hr 6 min 14 sec) 
Heartbeat CPU 0 instructions: 120000007 cycles: 28649009 heartbeat IPC: 4.22061 cumulative IPC: 4.18863 (Simulation time: 0 hr 6 min 48 sec) 
Heartbeat CPU 0 instructions: 130000005 cycles: 31009279 heartbeat IPC: 4.2368 cumulative IPC: 4.19229 (Simulation time: 0 hr 7 min 22 sec) 
Heartbeat CPU 0 instructions: 140000001 cycles: 33371219 heartbeat IPC: 4.23381 cumulative IPC: 4.19523 (Simulation time: 0 hr 7 min 56 sec) 
Heartbeat CPU 0 instructions: 150000007 cycles: 35729219 heartbeat IPC: 4.24088 cumulative IPC: 4.19824 (Simulation time: 0 hr 8 min 29 sec) 
Heartbeat CPU 0 instructions: 160000000 cycles: 38108590 heartbeat IPC: 4.20279 cumulative IPC: 4.19853 (Simulation time: 0 hr 9 min 4 sec) 
Heartbeat CPU 0 instructions: 170000003 cycles: 40499578 heartbeat IPC: 4.18237 cumulative IPC: 4.19757 (Simulation time: 0 hr 9 min 38 sec) 
Heartbeat CPU 0 instructions: 180000000 cycles: 42904577 heartbeat IPC: 4.158 cumulative IPC: 4.19536 (Simulation time: 0 hr 10 min 13 sec) 
Heartbeat CPU 0 instructions: 190000002 cycles: 45311014 heartbeat IPC: 4.15552 cumulative IPC: 4.19324 (Simulation time: 0 hr 10 min 47 sec) 
Heartbeat CPU 0 instructions: 200000006 cycles: 47720473 heartbeat IPC: 4.15031 cumulative IPC: 4.19107 (Simulation time: 0 hr 11 min 20 sec) 

Warmup complete CPU 0 instructions: 200000006 cycles: 47720473 (Simulation time: 0 hr 11 min 20 sec) 

Heartbeat CPU 0 instructions: 210000000 cycles: 85264031 heartbeat IPC: 0.266357 cumulative IPC: 0.266357 (Simulation time: 0 hr 12 min 2 sec) 
Heartbeat CPU 0 instructions: 220000002 cycles: 122771483 heartbeat IPC: 0.266614 cumulative IPC: 0.266485 (Simulation time: 0 hr 12 min 42 sec) 
Heartbeat CPU 0 instructions: 230000002 cycles: 160290039 heartbeat IPC: 0.266535 cumulative IPC: 0.266502 (Simulation time: 0 hr 13 min 22 sec) 
Heartbeat CPU 0 instructions: 240000002 cycles: 197959285 heartbeat IPC: 0.265469 cumulative IPC: 0.266243 (Simulation time: 0 hr 14 min 1 sec) 
Heartbeat CPU 0 instructions: 250000003 cycles: 235467154 heartbeat IPC: 0.266611 cumulative IPC: 0.266316 (Simulation time: 0 hr 14 min 41 sec) 
Heartbeat CPU 0 instructions: 260000001 cycles: 273039370 heartbeat IPC: 0.266154 cumulative IPC: 0.266289 (Simulation time: 0 hr 15 min 19 sec) 
Heartbeat CPU 0 instructions: 270000000 cycles: 310649543 heartbeat IPC: 0.265885 cumulative IPC: 0.266231 (Simulation time: 0 hr 15 min 57 sec) 
Heartbeat CPU 0 instructions: 280000004 cycles: 348264776 heartbeat IPC: 0.26585 cumulative IPC: 0.266184 (Simulation time: 0 hr 16 min 34 sec) 
Heartbeat CPU 0 instructions: 290000001 cycles: 386050431 heartbeat IPC: 0.264651 cumulative IPC: 0.266012 (Simulation time: 0 hr 17 min 11 sec) 
Heartbeat CPU 0 instructions: 300000001 cycles: 423505461 heartbeat IPC: 0.266987 cumulative IPC: 0.26611 (Simulation time: 0 hr 17 min 48 sec) 
Heartbeat CPU 0 instructions: 310000004 cycles: 460975844 heartbeat IPC: 0.266878 cumulative IPC: 0.266179 (Simulation time: 0 hr 18 min 24 sec) 
Heartbeat CPU 0 instructions: 320000000 cycles: 498634010 heartbeat IPC: 0.265547 cumulative IPC: 0.266126 (Simulation time: 0 hr 19 min 0 sec) 
Heartbeat CPU 0 instructions: 330000002 cycles: 539958746 heartbeat IPC: 0.241986 cumulative IPC: 0.2641 (Simulation time: 0 hr 19 min 38 sec) 
Heartbeat CPU 0 instructions: 340000003 cycles: 583584102 heartbeat IPC: 0.229225 cumulative IPC: 0.261261 (Simulation time: 0 hr 20 min 16 sec) 
Heartbeat CPU 0 instructions: 350000004 cycles: 627738061 heartbeat IPC: 0.22648 cumulative IPC: 0.258613 (Simulation time: 0 hr 20 min 54 sec) 
Heartbeat CPU 0 instructions: 360000000 cycles: 667590836 heartbeat IPC: 0.250923 cumulative IPC: 0.258118 (Simulation time: 0 hr 21 min 33 sec) 
Heartbeat CPU 0 instructions: 370000001 cycles: 695941955 heartbeat IPC: 0.35272 cumulative IPC: 0.262256 (Simulation time: 0 hr 22 min 13 sec) 
Heartbeat CPU 0 instructions: 380000001 cycles: 726325021 heartbeat IPC: 0.329131 cumulative IPC: 0.26525 (Simulation time: 0 hr 22 min 53 sec) 
Heartbeat CPU 0 instructions: 390000002 cycles: 763947964 heartbeat IPC: 0.265795 cumulative IPC: 0.265279 (Simulation time: 0 hr 23 min 34 sec) 
Heartbeat CPU 0 instructions: 400000002 cycles: 808614446 heartbeat IPC: 0.223882 cumulative IPC: 0.262849 (Simulation time: 0 hr 24 min 15 sec) 
Finished CPU 0 instructions: 200000002 cycles: 760893974 cumulative IPC: 0.262849 (Simulation time: 0 hr 24 min 15 sec) 

ChampSim completed all CPUs

Region of Interest Statistics

CPU 0 cumulative IPC: 0.262849 instructions: 200000002 cycles: 760893974
ITLB TOTAL     ACCESS:   21796778  HIT:   21796778  MISS:          0  HIT %:        100  MISS %:          0   MPKI: 0
ITLB LOAD TRANSLATION ACCESS:   21796778  HIT:   21796778  MISS:          0  HIT %:        100  MISS %:          0   MPKI: 0
ITLB PREFETCH  REQUESTED:          0  ISSUED:          0  USEFUL:          0  USELESS:          0
ITLB USEFUL LOAD PREFETCHES:          0 PREFETCH ISSUED TO LOWER LEVEL:          0  ACCURACY: -nan
ITLB TIMELY PREFETCHES:          0 LATE PREFETCHES: 0 DROPPED PREFETCHES: 0
ITLB PREFETCHES SAME FILL-ORIGIN LEVEL: 0 DIFFERENT FILL-ORIGIN LEVEL: 0
ITLB AVERAGE MISS LATENCY:       -nan cycles AVERAGE LOAD MISS LATENCY:       -nan cycles Load Miss          0
ITLB Average MSHR Occupancy: 2.33935e-07
ITLB RQ	ACCESS:   22080136	FORWARD:          0	MERGED:     283358	TO_CACHE:   21796778

DTLB TOTAL     ACCESS:   37891022  HIT:   22946751  MISS:   14944271  HIT %:    60.5599  MISS %:    39.4401   MPKI: 74.7214
DTLB LOAD TRANSLATION ACCESS:   37891022  HIT:   22946751  MISS:   14944271  HIT %:    60.5599  MISS %:    39.4401   MPKI: 74.7214
DTLB PREFETCH  REQUESTED:          0  ISSUED:          0  USEFUL:          0  USELESS:          0
DTLB USEFUL LOAD PREFETCHES:          0 PREFETCH ISSUED TO LOWER LEVEL:          0  ACCURACY: -nan
DTLB TIMELY PREFETCHES:          0 LATE PREFETCHES: 0 DROPPED PREFETCHES: 0
DTLB PREFETCHES SAME FILL-ORIGIN LEVEL: 0 DIFFERENT FILL-ORIGIN LEVEL: 0
DTLB AVERAGE MISS LATENCY:    13.8706 cycles AVERAGE LOAD MISS LATENCY:       -nan cycles Load Miss          0
DTLB Average MSHR Occupancy:   0.274702
DTLB RQ	ACCESS:   39719498	FORWARD:          0	MERGED:    1635189	TO_CACHE:   38084309

STLB TOTAL     ACCESS:   30651839  HIT:   28818657  MISS:    1833182  HIT %:    94.0193  MISS %:    5.98066   MPKI: 9.16591
STLB LOAD TRANSLATION ACCESS:   14944271  HIT:   13111139  MISS:    1833132  HIT %:    87.7335  MISS %:    12.2665   MPKI: 9.16566
STLB TRANSLATION FROM L1D PREFETCHER ACCESS:   15707568  HIT:   15707518  MISS:         50  HIT %:    99.9997  MISS %: 0.000318318   MPKI: 0.00025
STLB PREFETCH  REQUESTED:          0  ISSUED:          0  USEFUL:         50  USELESS:          0
STLB USEFUL LOAD PREFETCHES:         50 PREFETCH ISSUED TO LOWER LEVEL:          0  ACCURACY: inf
STLB TIMELY PREFETCHES:         50 LATE PREFETCHES: 0 DROPPED PREFETCHES: 0
STLB PREFETCHES SAME FILL-ORIGIN LEVEL: 0 DIFFERENT FILL-ORIGIN LEVEL: 0
STLB AVERAGE MISS LATENCY:    35.4463 cycles AVERAGE LOAD MISS LATENCY:       -nan cycles Load Miss          0
STLB Average MSHR Occupancy:  0.0855654
STLB RQ	ACCESS:   33863235	FORWARD:          0	MERGED:    3211395	TO_CACHE:   30651840

STLB Hit, L1D data hit: 0
STLB Hit, L2C data hit: 0
STLB Hit, LLC data hit: 0
STLB Hit, LLC data miss: 0
STLB STLB hints to L2: 0
L1D TOTAL     ACCESS:   58305830  HIT:   23515186  MISS:   34790644  HIT %:    40.3308  MISS %:    59.6692   MPKI: 173.953
L1D LOAD      ACCESS:   34842462  HIT:   17348310  MISS:   17494152  HIT %:    49.7907  MISS %:    50.2093   MPKI: 87.4708
L1D RFO       ACCESS:    4741534  HIT:    4717309  MISS:      24225  HIT %:    99.4891  MISS %:   0.510911   MPKI: 0.121125
L1D PREFETCH  ACCESS:   18721834  HIT:    1449567  MISS:   17272267  HIT %:    7.74265  MISS %:    92.2573   MPKI: 86.3613
AGUS PREFETCH L1 MISS: 0
L1D PREFETCH  REQUESTED:   38529094  ISSUED:   37837927  USEFUL:     923323  USELESS:   16348960
L1D USEFUL LOAD PREFETCHES:     923323 PREFETCH ISSUED TO LOWER LEVEL:   17289070  ACCURACY: 5.3405
L1D TIMELY PREFETCHES:     923323 LATE PREFETCHES: 16817 DROPPED PREFETCHES: 0
L1D PREFETCHES SAME FILL-ORIGIN LEVEL: 17289070 DIFFERENT FILL-ORIGIN LEVEL: 0
L1D AVERAGE MISS LATENCY:    81.8892 cycles AVERAGE LOAD MISS LATENCY:    72.5486 cycles Load Miss   17494152
L1D Average MSHR Occupancy:    4.04739
L1D RQ	ACCESS:   44998861	FORWARD:          0	MERGED:   10016510	TO_CACHE:   34963684
L1D WQ	ACCESS:    4862132	FORWARD:      18668	MERGED:     106318	TO_CACHE:    4755814
L1D PQ	ACCESS:   18918964	FORWARD:          0	MERGED:          0	TO_CACHE:   18918963

L1D UNIQUE REGIONS ACCESSED: 0
L1D REGIONS CONFLICTS: 0
L1D Cross Page Prefetch Requests: 0
L1D Same Page Prefetch Requests: 36977071
L1D ROI Sum of L1D PQ occupancy: 252205887
L1D PREFETCHES PUSHED FROM L2C: 0
L1I TOTAL     ACCESS:   22080117  HIT:   22065797  MISS:      14320  HIT %:    99.9351  MISS %:  0.0648547   MPKI: 0.0716
L1I LOAD      ACCESS:   22080117  HIT:   22065797  MISS:      14320  HIT %:    99.9351  MISS %:  0.0648547   MPKI: 0.0716
L1I PREFETCH  REQUESTED:          0  ISSUED:          0  USEFUL:          0  USELESS:          0
L1I USEFUL LOAD PREFETCHES:          0 PREFETCH ISSUED TO LOWER LEVEL:          0  ACCURACY: -nan
L1I TIMELY PREFETCHES:          0 LATE PREFETCHES: 0 DROPPED PREFETCHES: 0
L1I PREFETCHES SAME FILL-ORIGIN LEVEL: 0 DIFFERENT FILL-ORIGIN LEVEL: 0
L1I AVERAGE MISS LATENCY:    15.5416 cycles AVERAGE LOAD MISS LATENCY:    15.5416 cycles Load Miss      14320
L1I Average MSHR Occupancy: 0.000450118
L1I RQ	ACCESS:   46168259	FORWARD:          0	MERGED:   24088123	TO_CACHE:   22080136

BTB TOTAL     ACCESS:   46027665  HIT:   46027624  MISS:         41  HIT %:    99.9999  MISS %: 8.90769e-05   MPKI: 0.000205
BTB BRANCH_DIRECT_JUMP	ACCESS:     278625  HIT:     278613  MISS:         12
BTB BRANCH_INDIRECT	ACCESS:          0  HIT:          0  MISS:          0
BTB BRANCH_CONDITIONAL	ACCESS:   45749020  HIT:   45749005  MISS:         15
BTB BRANCH_DIRECT_CALL	ACCESS:         10  HIT:          3  MISS:          7
BTB BRANCH_INDIRECT_CALL	ACCESS:          0  HIT:          0  MISS:          0
BTB BRANCH_RETURN	ACCESS:         10  HIT:          3  MISS:          7
BTB BRANCH_OTHER ACCESS:          0  HIT:          0  MISS:          0

L2C TOTAL     ACCESS:   39085904  HIT:   22663111  MISS:   16422793  HIT %:    57.9828  MISS %:    42.0172   MPKI: 82.114
L2C LOAD      ACCESS:   17491645  HIT:    9839061  MISS:    7652584  HIT %:    56.2501  MISS %:    43.7499   MPKI: 38.2629
L2C DATA LOAD MPKI: 38.2626
L2C INSTRUCTION LOAD MPKI: 0.000295
L2C RFO       ACCESS:      24197  HIT:      13772  MISS:      10425  HIT %:    56.9161  MISS %:    43.0839   MPKI: 0.052125
L2C PREFETCH  ACCESS:   17289078  HIT:    8645335  MISS:    8643743  HIT %:    50.0046  MISS %:    49.9954   MPKI: 43.2187
AGUS PREFETCH L1 MISS: 0
L2C DATA PREFETCH MPKI: 43.2187
L2C INSTRUCTION PREFETCH MPKI: 0
L2C WRITEBACK ACCESS:    2432949  HIT:    2432867  MISS:         82  HIT %:    99.9966  MISS %:  0.0033704   MPKI: 0.00041
L2C LOAD TRANSLATION ACCESS:    1847985  HIT:    1732026  MISS:     115959  HIT %:    93.7251  MISS %:    6.27489   MPKI: 0.579795
L2C TRANSLATION FROM L1D PREFETCHER ACCESS:         50  HIT:         50  MISS:          0  HIT %:        100  MISS %:          0   MPKI: 0
L2C PREFETCH  REQUESTED:          0  ISSUED:          0  USEFUL:     780765  USELESS:    7863580
L2C USEFUL LOAD PREFETCHES:     780765 PREFETCH ISSUED TO LOWER LEVEL:    8643744  ACCURACY: 9.03272
L2C TIMELY PREFETCHES:     780765 LATE PREFETCHES: 0 DROPPED PREFETCHES: 0
L2C PREFETCHES SAME FILL-ORIGIN LEVEL: 0 DIFFERENT FILL-ORIGIN LEVEL: 0
L2C AVERAGE MISS LATENCY:    143.006 cycles AVERAGE LOAD MISS LATENCY:    131.195 cycles Load Miss    7652584
L2C Average MSHR Occupancy:    3.07985
L2C RQ	ACCESS:   19363914	FORWARD:          0	MERGED:          0	TO_CACHE:   19363877
L2C WQ	ACCESS:    2432949	FORWARD:         41	MERGED:          0	TO_CACHE:    2432949
L2C PQ	ACCESS:   17289070	FORWARD:          0	MERGED:          0	TO_CACHE:   17289066

L2C Instructions Evicting Data 58
L2C Translations Evicting Data 113088
L2C Data Evicting Data 16194628
L2C Instructions Evicting Instructions 0
L2C Translations Evicting Instructions 0
L2C Data Evicting Instructions 59
L2C Instructions Evicting Translations 1
L2C Translations Evicting Translations 2871
L2C Data Evicting Translations 112006
L2C Dense regions hint from L2: 0
PSCL5 TOTAL     ACCESS:    1833182  HIT:    1833182  MISS:          0  HIT %:        100  MISS %:          0   MPKI: 0
PSCL5 LOAD TRANSLATION ACCESS:    1833132  HIT:    1833132  MISS:          0  HIT %:        100  MISS %:          0   MPKI: 0
PSCL5 TRANSLATION FROM L1D PREFETCHER ACCESS:         50  HIT:         50  MISS:          0  HIT %:        100  MISS %:          0   MPKI: 0
PSCL5 PREFETCH  REQUESTED:          0  ISSUED:          0  USEFUL:          0  USELESS:          0
PSCL5 USEFUL LOAD PREFETCHES:          0 PREFETCH ISSUED TO LOWER LEVEL:          0  ACCURACY: -nan
PSCL5 TIMELY PREFETCHES:          0 LATE PREFETCHES: 0 DROPPED PREFETCHES: 0
PSCL5 PREFETCHES SAME FILL-ORIGIN LEVEL: 0 DIFFERENT FILL-ORIGIN LEVEL: 0

PSCL4 TOTAL     ACCESS:    1833182  HIT:    1833182  MISS:          0  HIT %:        100  MISS %:          0   MPKI: 0
PSCL4 LOAD TRANSLATION ACCESS:    1833132  HIT:    1833132  MISS:          0  HIT %:        100  MISS %:          0   MPKI: 0
PSCL4 TRANSLATION FROM L1D PREFETCHER ACCESS:         50  HIT:         50  MISS:          0  HIT %:        100  MISS %:          0   MPKI: 0
PSCL4 PREFETCH  REQUESTED:          0  ISSUED:          0  USEFUL:          0  USELESS:          0
PSCL4 USEFUL LOAD PREFETCHES:          0 PREFETCH ISSUED TO LOWER LEVEL:          0  ACCURACY: -nan
PSCL4 TIMELY PREFETCHES:          0 LATE PREFETCHES: 0 DROPPED PREFETCHES: 0
PSCL4 PREFETCHES SAME FILL-ORIGIN LEVEL: 0 DIFFERENT FILL-ORIGIN LEVEL: 0

PSCL3 TOTAL     ACCESS:    1833182  HIT:    1833182  MISS:          0  HIT %:        100  MISS %:          0   MPKI: 0
PSCL3 LOAD TRANSLATION ACCESS:    1833132  HIT:    1833132  MISS:          0  HIT %:        100  MISS %:          0   MPKI: 0
PSCL3 TRANSLATION FROM L1D PREFETCHER ACCESS:         50  HIT:         50  MISS:          0  HIT %:        100  MISS %:          0   MPKI: 0
PSCL3 PREFETCH  REQUESTED:          0  ISSUED:          0  USEFUL:          0  USELESS:          0
PSCL3 USEFUL LOAD PREFETCHES:          0 PREFETCH ISSUED TO LOWER LEVEL:          0  ACCURACY: -nan
PSCL3 TIMELY PREFETCHES:          0 LATE PREFETCHES: 0 DROPPED PREFETCHES: 0
PSCL3 PREFETCHES SAME FILL-ORIGIN LEVEL: 0 DIFFERENT FILL-ORIGIN LEVEL: 0

PSCL2 TOTAL     ACCESS:    1833182  HIT:    1818329  MISS:      14853  HIT %:    99.1898  MISS %:   0.810231   MPKI: 0.074265
PSCL2 LOAD TRANSLATION ACCESS:    1833132  HIT:    1818279  MISS:      14853  HIT %:    99.1897  MISS %:   0.810253   MPKI: 0.074265
PSCL2 TRANSLATION FROM L1D PREFETCHER ACCESS:         50  HIT:         50  MISS:          0  HIT %:        100  MISS %:          0   MPKI: 0
PSCL2 PREFETCH  REQUESTED:          0  ISSUED:          0  USEFUL:          0  USELESS:          0
PSCL2 USEFUL LOAD PREFETCHES:          0 PREFETCH ISSUED TO LOWER LEVEL:          0  ACCURACY: -nan
PSCL2 TIMELY PREFETCHES:          0 LATE PREFETCHES: 0 DROPPED PREFETCHES: 0
PSCL2 PREFETCHES SAME FILL-ORIGIN LEVEL: 0 DIFFERENT FILL-ORIGIN LEVEL: 0

LLC TOTAL     ACCESS:   18520017  HIT:    8194803  MISS:   10325214  HIT %:    44.2484  MISS %:    55.7516   MPKI: 51.6261
LLC LOAD      ACCESS:    7652583  HIT:    4221316  MISS:    3431267  HIT %:     55.162  MISS %:     44.838   MPKI: 17.1563
LLC RFO       ACCESS:      10425  HIT:         72  MISS:      10353  HIT %:   0.690647  MISS %:    99.3094   MPKI: 0.051765
LLC PREFETCH  ACCESS:    8643743  HIT:    3883314  MISS:    4760429  HIT %:    44.9263  MISS %:    55.0737   MPKI: 23.8021
AGUS PREFETCH L1 MISS: 0
LLC WRITEBACK ACCESS:    2097307  HIT:      88180  MISS:    2009127  HIT %:    4.20444  MISS %:    95.7956   MPKI: 10.0456
LLC LOAD TRANSLATION ACCESS:     115959  HIT:       1921  MISS:     114038  HIT %:    1.65662  MISS %:    98.3434   MPKI: 0.57019
LLC PREFETCH  REQUESTED:          0  ISSUED:          0  USEFUL:     283763  USELESS:    1494927
LLC USEFUL LOAD PREFETCHES:     283763 PREFETCH ISSUED TO LOWER LEVEL:    4760430  ACCURACY: 5.96087
LLC TIMELY PREFETCHES:     283763 LATE PREFETCHES: 0 DROPPED PREFETCHES: 0
LLC PREFETCHES SAME FILL-ORIGIN LEVEL: 0 DIFFERENT FILL-ORIGIN LEVEL: 0
LLC AVERAGE MISS LATENCY:    155.844 cycles AVERAGE LOAD MISS LATENCY:    192.187 cycles Load Miss    3431267
LLC Average MSHR Occupancy:    2.10386
LLC RQ	ACCESS:    7778968	FORWARD:          0	MERGED:          0	TO_CACHE:    7778967
LLC WQ	ACCESS:    2097307	FORWARD:          1	MERGED:          0	TO_CACHE:    2097307
LLC PQ	ACCESS:    8643744	FORWARD:          0	MERGED:          0	TO_CACHE:    8643744

LLC Dense regions hint to LLC: 0

RAW hits: 439227
Loads Generated: 45438088
Loads sent to L1D: 44998861
Stores Generated: 4862132
Stores sent to L1D: 4862132
Major fault: 0 Minor fault: 37511
Allocated PAGES: 37511

stream: 
stream:times selected: 36408544
stream:pref_filled: 30438354
stream:pref_useful: 279890
stream:pref_late: 176706
stream:misses: 7957111
stream:misses_by_poll: 0

CS: 
CS:times selected: 2381372
CS:pref_filled: 2371740
CS:pref_useful: 1666556
CS:pref_late: 44686
CS:misses: 509993
CS:misses_by_poll: 951

CPLX: 
CPLX:times selected: 33719091
CPLX:pref_filled: 578854
CPLX:pref_useful: 11958
CPLX:pref_late: 7599
CPLX:misses: 25249458
CPLX:misses_by_poll: 59

NL_L1: 
NL:times selected: 123710
NL:pref_filled: 116585
NL:pref_useful: 655
NL:pref_late: 619
NL:misses: 122604
NL:misses_by_poll: 0

total selections: 72632717
total_filled: 17272267
total_useful: 923323
total_late: 237750
total_polluted: 1010
total_misses_after_warmup: 17615374
conflicts: 7
Degree Incremented Times: 180269
Degree Decremented Times: 674962

L1 IP Table Write Accesses: 34963672
L1 IP Table Read Accesses: 34963665
L1 RST Write Accesses: 18938493
L1 RST Read Accesses: 37876986
L1 CSPT Write Accesses: 18938493
L1 CSPT Read Accesses: 36423328
L1 RR Filter Tag Write Accesses: 19610131
L1 RR Filter Tag Read Accesses: 681938420
L1 IP Table Tag Write Accesses: 34963684
L1 IP Table Tag Read Accesses: 34963684
L1 RST Tag Write Accesses: 0
L1 RST Tag Read Accesses: 171639633
L1 RR Filter Write Accesses: 0
L1 RR Filter Read Accesses: 22401974
test: 19776627
================ Mockingjay (LLC) Pollution Stats ================
Total pollution count in LLC: 1475567
==================================================================

DRAM Statistics
 CHANNEL 0
 RQ ROW_BUFFER_HIT:     585821  ROW_BUFFER_MISS:    7730020
 DBUS_CONGESTED:       4176
 WQ ROW_BUFFER_HIT:     568472  ROW_BUFFER_MISS:    1521463  FULL:          0

 AVG_CONGESTED_CYCLE: 5
 All warmup complete: 2
Channel 0 Bank busy for read cycles: 0
Channel 0 Bank busy for write cycles: 0
Channel 0
Rank 0
0banks busy for read cycles: 65027941
0banks busy for write cycles: 227827
1banks busy for read cycles: 170177966
1banks busy for write cycles: 36885661
2banks busy for read cycles: 183086763
2banks busy for write cycles: 35184753
3banks busy for read cycles: 108851154
3banks busy for write cycles: 31342859
4banks busy for read cycles: 49689350
4banks busy for write cycles: 24566151
5banks busy for read cycles: 18258780
5banks busy for write cycles: 16747614
6banks busy for read cycles: 5289970
6banks busy for write cycles: 9552911
7banks busy for read cycles: 468646
7banks busy for write cycles: 4249684
8banks busy for read cycles: 108314
8banks busy for write cycles: 1177631

CPU 0 Branch Prediction Accuracy: 94.7558% MPKI: 12.1222 Average ROB Occupancy at Mispredict: 58.046
Branch types
NOT_BRANCH: 153768116 76.8841%
BRANCH_DIRECT_JUMP: 278625 0.139312%
BRANCH_INDIRECT: 0 0%
BRANCH_CONDITIONAL: 45952669 22.9763%
BRANCH_DIRECT_CALL: 10 5e-06%
BRANCH_INDIRECT_CALL: 0 0%
BRANCH_RETURN: 10 5e-06%
BRANCH_OTHER: 0 0%

===================== LRU L1D STATS =====================
Total pollution count in L1D: 16458792
=========================================================
================ SRRIP (L2C) Pollution Stats ================
Total pollution count in L2c: 15713844
==================================================================
DRAM PAGES: 1048576
Allocated PAGES: 37511
