
*** ChampSim Multicore Out-of-Order Simulator ***

Warmup Instructions: 200000000
Simulation Instructions: 200000000
Number of CPUs: 1
LLC sets: 4096
LLC ways: 12
Off-chip DRAM Size: 4096 MB Channels: 1 Width: 64-bit Data Rate: 6400 MT/s
CPU 0 runs /home1/sweta/traces/gaptraces/bfs-10.trace.gz
.gz
BTB has LRU replacement policy
ITLB has LRU replacement policy
DTLB has LRU replacement policy
STLB has LRU replacement policy
L1I has LRU replacement policy
IP Table Entries: 1024
CSPT Entries: 128
RR_ENTRIES: 32
RST_ENTRIES: 8
L1D has LRU replacement policy
Initialize SRRIP state for L2C
Initialize Mockingjay state for LLC
Heartbeat CPU 0 instructions: 10000000 cycles: 3166031 heartbeat IPC: 3.15853 cumulative IPC: 3.15853 (Simulation time: 0 hr 0 min 14 sec) 
Heartbeat CPU 0 instructions: 20000003 cycles: 6351509 heartbeat IPC: 3.13925 cumulative IPC: 3.14886 (Simulation time: 0 hr 0 min 37 sec) 
Heartbeat CPU 0 instructions: 30000001 cycles: 9510491 heartbeat IPC: 3.16558 cumulative IPC: 3.15441 (Simulation time: 0 hr 0 min 57 sec) 
Heartbeat CPU 0 instructions: 40000002 cycles: 12671849 heartbeat IPC: 3.1632 cumulative IPC: 3.1566 (Simulation time: 0 hr 1 min 19 sec) 
Heartbeat CPU 0 instructions: 50000002 cycles: 15832360 heartbeat IPC: 3.16405 cumulative IPC: 3.15809 (Simulation time: 0 hr 1 min 40 sec) 
Heartbeat CPU 0 instructions: 60000001 cycles: 18798735 heartbeat IPC: 3.37112 cumulative IPC: 3.1917 (Simulation time: 0 hr 2 min 2 sec) 
Heartbeat CPU 0 instructions: 70000003 cycles: 21579852 heartbeat IPC: 3.59568 cumulative IPC: 3.24377 (Simulation time: 0 hr 2 min 24 sec) 
Heartbeat CPU 0 instructions: 80000002 cycles: 24658909 heartbeat IPC: 3.24775 cumulative IPC: 3.24426 (Simulation time: 0 hr 2 min 42 sec) 
Heartbeat CPU 0 instructions: 90000000 cycles: 28680732 heartbeat IPC: 2.48643 cumulative IPC: 3.138 (Simulation time: 0 hr 2 min 57 sec) 
Heartbeat CPU 0 instructions: 100000001 cycles: 32490167 heartbeat IPC: 2.62506 cumulative IPC: 3.07785 (Simulation time: 0 hr 3 min 20 sec) 
Heartbeat CPU 0 instructions: 110000000 cycles: 35614093 heartbeat IPC: 3.2011 cumulative IPC: 3.08867 (Simulation time: 0 hr 3 min 37 sec) 
Heartbeat CPU 0 instructions: 120000000 cycles: 38475153 heartbeat IPC: 3.49521 cumulative IPC: 3.1189 (Simulation time: 0 hr 3 min 59 sec) 
Heartbeat CPU 0 instructions: 130000003 cycles: 41336438 heartbeat IPC: 3.49493 cumulative IPC: 3.14493 (Simulation time: 0 hr 4 min 22 sec) 
Heartbeat CPU 0 instructions: 140000004 cycles: 44219188 heartbeat IPC: 3.46891 cumulative IPC: 3.16605 (Simulation time: 0 hr 4 min 44 sec) 
Heartbeat CPU 0 instructions: 150000003 cycles: 47170628 heartbeat IPC: 3.38818 cumulative IPC: 3.17994 (Simulation time: 0 hr 5 min 4 sec) 
Heartbeat CPU 0 instructions: 160000000 cycles: 50486051 heartbeat IPC: 3.01621 cumulative IPC: 3.16919 (Simulation time: 0 hr 5 min 21 sec) 
Heartbeat CPU 0 instructions: 170000001 cycles: 54570108 heartbeat IPC: 2.44855 cumulative IPC: 3.11526 (Simulation time: 0 hr 5 min 36 sec) 
Heartbeat CPU 0 instructions: 180000000 cycles: 58143397 heartbeat IPC: 2.79854 cumulative IPC: 3.09579 (Simulation time: 0 hr 5 min 58 sec) 
Heartbeat CPU 0 instructions: 190000004 cycles: 61186065 heartbeat IPC: 3.28659 cumulative IPC: 3.10528 (Simulation time: 0 hr 6 min 15 sec) 
Heartbeat CPU 0 instructions: 200000001 cycles: 64048134 heartbeat IPC: 3.49397 cumulative IPC: 3.12265 (Simulation time: 0 hr 6 min 37 sec) 

Warmup complete CPU 0 instructions: 200000001 cycles: 64048134 (Simulation time: 0 hr 6 min 37 sec) 

Heartbeat CPU 0 instructions: 210000000 cycles: 110226383 heartbeat IPC: 0.216552 cumulative IPC: 0.216552 (Simulation time: 0 hr 7 min 4 sec) 
Heartbeat CPU 0 instructions: 220000000 cycles: 160293347 heartbeat IPC: 0.199732 cumulative IPC: 0.207803 (Simulation time: 0 hr 7 min 31 sec) 
Heartbeat CPU 0 instructions: 230000000 cycles: 204287707 heartbeat IPC: 0.227302 cumulative IPC: 0.21392 (Simulation time: 0 hr 7 min 55 sec) 
Heartbeat CPU 0 instructions: 240000004 cycles: 234612172 heartbeat IPC: 0.329767 cumulative IPC: 0.234516 (Simulation time: 0 hr 8 min 16 sec) 
Heartbeat CPU 0 instructions: 250000000 cycles: 262909652 heartbeat IPC: 0.353388 cumulative IPC: 0.251431 (Simulation time: 0 hr 8 min 40 sec) 
Heartbeat CPU 0 instructions: 260000000 cycles: 288601628 heartbeat IPC: 0.389227 cumulative IPC: 0.267197 (Simulation time: 0 hr 9 min 2 sec) 
Heartbeat CPU 0 instructions: 270000000 cycles: 324386417 heartbeat IPC: 0.279448 cumulative IPC: 0.268881 (Simulation time: 0 hr 9 min 30 sec) 
Heartbeat CPU 0 instructions: 280000000 cycles: 366983294 heartbeat IPC: 0.234759 cumulative IPC: 0.264083 (Simulation time: 0 hr 9 min 59 sec) 
Heartbeat CPU 0 instructions: 290000000 cycles: 409953335 heartbeat IPC: 0.23272 cumulative IPC: 0.260187 (Simulation time: 0 hr 10 min 28 sec) 
Heartbeat CPU 0 instructions: 300000002 cycles: 448190200 heartbeat IPC: 0.261528 cumulative IPC: 0.26032 (Simulation time: 0 hr 10 min 49 sec) 
Heartbeat CPU 0 instructions: 310000001 cycles: 475170433 heartbeat IPC: 0.370642 cumulative IPC: 0.26756 (Simulation time: 0 hr 11 min 12 sec) 
Heartbeat CPU 0 instructions: 320000000 cycles: 505101394 heartbeat IPC: 0.334102 cumulative IPC: 0.272076 (Simulation time: 0 hr 11 min 39 sec) 
Heartbeat CPU 0 instructions: 330000003 cycles: 533256140 heartbeat IPC: 0.35518 cumulative IPC: 0.277063 (Simulation time: 0 hr 12 min 2 sec) 
Heartbeat CPU 0 instructions: 340000001 cycles: 571265688 heartbeat IPC: 0.263092 cumulative IPC: 0.276016 (Simulation time: 0 hr 12 min 32 sec) 
Heartbeat CPU 0 instructions: 350000003 cycles: 611763441 heartbeat IPC: 0.246927 cumulative IPC: 0.273865 (Simulation time: 0 hr 13 min 1 sec) 
Heartbeat CPU 0 instructions: 360000000 cycles: 657417321 heartbeat IPC: 0.219039 cumulative IPC: 0.269647 (Simulation time: 0 hr 13 min 28 sec) 
Heartbeat CPU 0 instructions: 370000003 cycles: 695207691 heartbeat IPC: 0.264618 cumulative IPC: 0.269346 (Simulation time: 0 hr 13 min 49 sec) 
Heartbeat CPU 0 instructions: 380000000 cycles: 723578177 heartbeat IPC: 0.352479 cumulative IPC: 0.272922 (Simulation time: 0 hr 14 min 10 sec) 
Heartbeat CPU 0 instructions: 390000000 cycles: 752439982 heartbeat IPC: 0.346479 cumulative IPC: 0.276006 (Simulation time: 0 hr 14 min 34 sec) 
Heartbeat CPU 0 instructions: 400000000 cycles: 778297066 heartbeat IPC: 0.386741 cumulative IPC: 0.280014 (Simulation time: 0 hr 14 min 55 sec) 
Finished CPU 0 instructions: 200000000 cycles: 714248968 cumulative IPC: 0.280014 (Simulation time: 0 hr 14 min 55 sec) 

ChampSim completed all CPUs

Region of Interest Statistics

CPU 0 cumulative IPC: 0.280014 instructions: 200000000 cycles: 714248968
ITLB TOTAL     ACCESS:   20788954  HIT:   20788954  MISS:          0  HIT %:        100  MISS %:          0   MPKI: 0
ITLB LOAD TRANSLATION ACCESS:   20788954  HIT:   20788954  MISS:          0  HIT %:        100  MISS %:          0   MPKI: 0
ITLB PREFETCH  REQUESTED:          0  ISSUED:          0  USEFUL:          0  USELESS:          0
ITLB USEFUL LOAD PREFETCHES:          0 PREFETCH ISSUED TO LOWER LEVEL:          0  ACCURACY: -nan
ITLB TIMELY PREFETCHES:          0 LATE PREFETCHES: 0 DROPPED PREFETCHES: 0
ITLB PREFETCHES SAME FILL-ORIGIN LEVEL: 0 DIFFERENT FILL-ORIGIN LEVEL: 0
ITLB AVERAGE MISS LATENCY:       -nan cycles AVERAGE LOAD MISS LATENCY:       -nan cycles Load Miss          0
ITLB Average MSHR Occupancy: 2.47813e-07
ITLB RQ	ACCESS:   27695180	FORWARD:          0	MERGED:    6906227	TO_CACHE:   20788953

DTLB TOTAL     ACCESS:   37503438  HIT:   37028324  MISS:     475114  HIT %:    98.7331  MISS %:    1.26685   MPKI: 2.37557
DTLB LOAD TRANSLATION ACCESS:   37503438  HIT:   37028324  MISS:     475114  HIT %:    98.7331  MISS %:    1.26685   MPKI: 2.37557
DTLB PREFETCH  REQUESTED:          0  ISSUED:          0  USEFUL:          0  USELESS:          0
DTLB USEFUL LOAD PREFETCHES:          0 PREFETCH ISSUED TO LOWER LEVEL:          0  ACCURACY: -nan
DTLB TIMELY PREFETCHES:          0 LATE PREFETCHES: 0 DROPPED PREFETCHES: 0
DTLB PREFETCHES SAME FILL-ORIGIN LEVEL: 0 DIFFERENT FILL-ORIGIN LEVEL: 0
DTLB AVERAGE MISS LATENCY:    41.2493 cycles AVERAGE LOAD MISS LATENCY:       -nan cycles Load Miss          0
DTLB Average MSHR Occupancy:   0.027239
DTLB RQ	ACCESS:   39404439	FORWARD:          0	MERGED:    1864553	TO_CACHE:   37539886

STLB TOTAL     ACCESS:    5731090  HIT:    5564470  MISS:     166620  HIT %:    97.0927  MISS %:     2.9073   MPKI: 0.8331
STLB LOAD TRANSLATION ACCESS:     475114  HIT:     308500  MISS:     166614  HIT %:    64.9318  MISS %:    35.0682   MPKI: 0.83307
STLB TRANSLATION FROM L1D PREFETCHER ACCESS:    5255976  HIT:    5255970  MISS:          6  HIT %:    99.9999  MISS %: 0.000114156   MPKI: 3e-05
STLB PREFETCH  REQUESTED:          0  ISSUED:          0  USEFUL:          6  USELESS:          0
STLB USEFUL LOAD PREFETCHES:          6 PREFETCH ISSUED TO LOWER LEVEL:          0  ACCURACY: inf
STLB TIMELY PREFETCHES:          6 LATE PREFETCHES: 0 DROPPED PREFETCHES: 0
STLB PREFETCHES SAME FILL-ORIGIN LEVEL: 0 DIFFERENT FILL-ORIGIN LEVEL: 0
STLB AVERAGE MISS LATENCY:    91.6655 cycles AVERAGE LOAD MISS LATENCY:       -nan cycles Load Miss          0
STLB Average MSHR Occupancy:  0.0213753
STLB RQ	ACCESS:    6824696	FORWARD:          0	MERGED:    1093606	TO_CACHE:    5731090

STLB Hit, L1D data hit: 0
STLB Hit, L2C data hit: 0
STLB Hit, LLC data hit: 0
STLB Hit, LLC data miss: 0
STLB STLB hints to L2: 0
L1D TOTAL     ACCESS:   44452188  HIT:   36143267  MISS:    8308921  HIT %:    81.3082  MISS %:    18.6918   MPKI: 41.5446
L1D LOAD      ACCESS:   31839972  HIT:   28935297  MISS:    2904675  HIT %:    90.8773  MISS %:    9.12273   MPKI: 14.5234
L1D RFO       ACCESS:    6518891  HIT:    6244012  MISS:     274879  HIT %:    95.7833  MISS %:    4.21665   MPKI: 1.3744
L1D PREFETCH  ACCESS:    6093325  HIT:     963958  MISS:    5129367  HIT %:    15.8199  MISS %:    84.1801   MPKI: 25.6468
AGUS PREFETCH L1 MISS: 0
L1D PREFETCH  REQUESTED:   12701765  ISSUED:   12699172  USEFUL:    2556335  USELESS:    2572963
L1D USEFUL LOAD PREFETCHES:    2556335 PREFETCH ISSUED TO LOWER LEVEL:    5253906  ACCURACY: 48.6559
L1D TIMELY PREFETCHES:    2556335 LATE PREFETCHES: 124540 DROPPED PREFETCHES: 0
L1D PREFETCHES SAME FILL-ORIGIN LEVEL: 5253906 DIFFERENT FILL-ORIGIN LEVEL: 0
L1D AVERAGE MISS LATENCY:    97.8324 cycles AVERAGE LOAD MISS LATENCY:    66.5057 cycles Load Miss    2904675
L1D Average MSHR Occupancy:    1.28217
L1D RQ	ACCESS:   47819913	FORWARD:          0	MERGED:   15839951	TO_CACHE:   31953005
L1D WQ	ACCESS:    7609177	FORWARD:      26965	MERGED:     157743	TO_CACHE:    7451434
L1D PQ	ACCESS:    6349590	FORWARD:          0	MERGED:          0	TO_CACHE:    6349582

L1D UNIQUE REGIONS ACCESSED: 0
L1D REGIONS CONFLICTS: 0
L1D Cross Page Prefetch Requests: 0
L1D Same Page Prefetch Requests: 16052062
L1D ROI Sum of L1D PQ occupancy: 83344545
L1D PREFETCHES PUSHED FROM L2C: 0
L1I TOTAL     ACCESS:   26367162  HIT:     103263  MISS:   26263899  HIT %:   0.391635  MISS %:    99.6084   MPKI: 131.319
L1I LOAD      ACCESS:   26367162  HIT:     103263  MISS:   26263899  HIT %:   0.391635  MISS %:    99.6084   MPKI: 131.319
L1I PREFETCH  REQUESTED:          0  ISSUED:          0  USEFUL:          0  USELESS:          0
L1I USEFUL LOAD PREFETCHES:          0 PREFETCH ISSUED TO LOWER LEVEL:          0  ACCURACY: -nan
L1I TIMELY PREFETCHES:          0 LATE PREFETCHES: 0 DROPPED PREFETCHES: 0
L1I PREFETCHES SAME FILL-ORIGIN LEVEL: 0 DIFFERENT FILL-ORIGIN LEVEL: 0
L1I AVERAGE MISS LATENCY:     14.007 cycles AVERAGE LOAD MISS LATENCY:     14.007 cycles Load Miss   26263899
L1I Average MSHR Occupancy:    0.50358
L1I RQ	ACCESS:   55839839	FORWARD:          0	MERGED:   28144659	TO_CACHE:   27695180

BTB TOTAL     ACCESS:   40182868  HIT:   40182521  MISS:        347  HIT %:    99.9991  MISS %: 0.000863552   MPKI: 0.001735
BTB BRANCH_DIRECT_JUMP	ACCESS:      25669  HIT:      25624  MISS:         45
BTB BRANCH_INDIRECT	ACCESS:          3  HIT:          2  MISS:          1
BTB BRANCH_CONDITIONAL	ACCESS:   40156509  HIT:   40156407  MISS:        102
BTB BRANCH_DIRECT_CALL	ACCESS:        335  HIT:        292  MISS:         43
BTB BRANCH_INDIRECT_CALL	ACCESS:          9  HIT:          6  MISS:          3
BTB BRANCH_RETURN	ACCESS:        343  HIT:        190  MISS:        153
BTB BRANCH_OTHER ACCESS:          0  HIT:          0  MISS:          0

L2C TOTAL     ACCESS:   35828685  HIT:   31018217  MISS:    4810468  HIT %:    86.5737  MISS %:    13.4263   MPKI: 24.0523
L2C LOAD      ACCESS:   29044033  HIT:   27981166  MISS:    1062867  HIT %:    96.3405  MISS %:     3.6595   MPKI: 5.31433
L2C DATA LOAD MPKI: 5.30943
L2C INSTRUCTION LOAD MPKI: 0.004905
L2C RFO       ACCESS:     274879  HIT:      24624  MISS:     250255  HIT %:    8.95812  MISS %:    91.0419   MPKI: 1.25127
L2C PREFETCH  ACCESS:    5253905  HIT:    1790380  MISS:    3463525  HIT %:    34.0771  MISS %:    65.9229   MPKI: 17.3176
AGUS PREFETCH L1 MISS: 0
L2C DATA PREFETCH MPKI: 17.3176
L2C INSTRUCTION PREFETCH MPKI: 0
L2C WRITEBACK ACCESS:    1088294  HIT:    1088229  MISS:         65  HIT %:     99.994  MISS %: 0.00597265   MPKI: 0.000325
L2C LOAD TRANSLATION ACCESS:     167566  HIT:     133815  MISS:      33751  HIT %:    79.8581  MISS %:    20.1419   MPKI: 0.168755
L2C TRANSLATION FROM L1D PREFETCHER ACCESS:          8  HIT:          3  MISS:          5  HIT %:       37.5  MISS %:       62.5   MPKI: 2.5e-05
L2C PREFETCH  REQUESTED:          0  ISSUED:          0  USEFUL:      76877  USELESS:    3401090
L2C USEFUL LOAD PREFETCHES:      76877 PREFETCH ISSUED TO LOWER LEVEL:    3463526  ACCURACY: 2.21962
L2C TIMELY PREFETCHES:      76877 LATE PREFETCHES: 0 DROPPED PREFETCHES: 0
L2C PREFETCHES SAME FILL-ORIGIN LEVEL: 0 DIFFERENT FILL-ORIGIN LEVEL: 0
L2C AVERAGE MISS LATENCY:    148.816 cycles AVERAGE LOAD MISS LATENCY:     142.23 cycles Load Miss    1062867
L2C Average MSHR Occupancy:    1.00036
L2C RQ	ACCESS:   29486486	FORWARD:          0	MERGED:          0	TO_CACHE:   29486486
L2C WQ	ACCESS:    1088294	FORWARD:          2	MERGED:          0	TO_CACHE:    1088294
L2C PQ	ACCESS:    5253906	FORWARD:          0	MERGED:          0	TO_CACHE:    5253904

L2C Instructions Evicting Data 958
L2C Translations Evicting Data 33347
L2C Data Evicting Data 4740962
L2C Instructions Evicting Instructions 2
L2C Translations Evicting Instructions 5
L2C Data Evicting Instructions 971
L2C Instructions Evicting Translations 21
L2C Translations Evicting Translations 404
L2C Data Evicting Translations 33733
L2C Dense regions hint from L2: 0
PSCL5 TOTAL     ACCESS:     166620  HIT:     166620  MISS:          0  HIT %:        100  MISS %:          0   MPKI: 0
PSCL5 LOAD TRANSLATION ACCESS:     166614  HIT:     166614  MISS:          0  HIT %:        100  MISS %:          0   MPKI: 0
PSCL5 TRANSLATION FROM L1D PREFETCHER ACCESS:          6  HIT:          6  MISS:          0  HIT %:        100  MISS %:          0   MPKI: 0
PSCL5 PREFETCH  REQUESTED:          0  ISSUED:          0  USEFUL:          0  USELESS:          0
PSCL5 USEFUL LOAD PREFETCHES:          0 PREFETCH ISSUED TO LOWER LEVEL:          0  ACCURACY: -nan
PSCL5 TIMELY PREFETCHES:          0 LATE PREFETCHES: 0 DROPPED PREFETCHES: 0
PSCL5 PREFETCHES SAME FILL-ORIGIN LEVEL: 0 DIFFERENT FILL-ORIGIN LEVEL: 0

PSCL4 TOTAL     ACCESS:     166620  HIT:     166620  MISS:          0  HIT %:        100  MISS %:          0   MPKI: 0
PSCL4 LOAD TRANSLATION ACCESS:     166614  HIT:     166614  MISS:          0  HIT %:        100  MISS %:          0   MPKI: 0
PSCL4 TRANSLATION FROM L1D PREFETCHER ACCESS:          6  HIT:          6  MISS:          0  HIT %:        100  MISS %:          0   MPKI: 0
PSCL4 PREFETCH  REQUESTED:          0  ISSUED:          0  USEFUL:          0  USELESS:          0
PSCL4 USEFUL LOAD PREFETCHES:          0 PREFETCH ISSUED TO LOWER LEVEL:          0  ACCURACY: -nan
PSCL4 TIMELY PREFETCHES:          0 LATE PREFETCHES: 0 DROPPED PREFETCHES: 0
PSCL4 PREFETCHES SAME FILL-ORIGIN LEVEL: 0 DIFFERENT FILL-ORIGIN LEVEL: 0

PSCL3 TOTAL     ACCESS:     166620  HIT:     166620  MISS:          0  HIT %:        100  MISS %:          0   MPKI: 0
PSCL3 LOAD TRANSLATION ACCESS:     166614  HIT:     166614  MISS:          0  HIT %:        100  MISS %:          0   MPKI: 0
PSCL3 TRANSLATION FROM L1D PREFETCHER ACCESS:          6  HIT:          6  MISS:          0  HIT %:        100  MISS %:          0   MPKI: 0
PSCL3 PREFETCH  REQUESTED:          0  ISSUED:          0  USEFUL:          0  USELESS:          0
PSCL3 USEFUL LOAD PREFETCHES:          0 PREFETCH ISSUED TO LOWER LEVEL:          0  ACCURACY: -nan
PSCL3 TIMELY PREFETCHES:          0 LATE PREFETCHES: 0 DROPPED PREFETCHES: 0
PSCL3 PREFETCHES SAME FILL-ORIGIN LEVEL: 0 DIFFERENT FILL-ORIGIN LEVEL: 0

PSCL2 TOTAL     ACCESS:     166620  HIT:     165666  MISS:        954  HIT %:    99.4274  MISS %:    0.57256   MPKI: 0.00477
PSCL2 LOAD TRANSLATION ACCESS:     166616  HIT:     165662  MISS:        954  HIT %:    99.4274  MISS %:   0.572574   MPKI: 0.00477
PSCL2 TRANSLATION FROM L1D PREFETCHER ACCESS:          4  HIT:          4  MISS:          0  HIT %:        100  MISS %:          0   MPKI: 0
PSCL2 PREFETCH  REQUESTED:          0  ISSUED:          0  USEFUL:          0  USELESS:          0
PSCL2 USEFUL LOAD PREFETCHES:          0 PREFETCH ISSUED TO LOWER LEVEL:          0  ACCURACY: -nan
PSCL2 TIMELY PREFETCHES:          0 LATE PREFETCHES: 0 DROPPED PREFETCHES: 0
PSCL2 PREFETCHES SAME FILL-ORIGIN LEVEL: 0 DIFFERENT FILL-ORIGIN LEVEL: 0

LLC TOTAL     ACCESS:    5623168  HIT:    1827411  MISS:    3795757  HIT %:    32.4979  MISS %:    67.5021   MPKI: 18.9788
LLC LOAD      ACCESS:    1062863  HIT:     392986  MISS:     669877  HIT %:    36.9743  MISS %:    63.0257   MPKI: 3.34938
LLC RFO       ACCESS:     250255  HIT:     127306  MISS:     122949  HIT %:    50.8705  MISS %:    49.1295   MPKI: 0.614745
LLC PREFETCH  ACCESS:    3463525  HIT:     800538  MISS:    2662987  HIT %:    23.1134  MISS %:    76.8866   MPKI: 13.3149
AGUS PREFETCH L1 MISS: 0
LLC WRITEBACK ACCESS:     812769  HIT:     505666  MISS:     307103  HIT %:    62.2152  MISS %:    37.7848   MPKI: 1.53551
LLC LOAD TRANSLATION ACCESS:      33751  HIT:        910  MISS:      32841  HIT %:    2.69622  MISS %:    97.3038   MPKI: 0.164205
LLC TRANSLATION FROM L1D PREFETCHER ACCESS:          5  HIT:          5  MISS:          0  HIT %:        100  MISS %:          0   MPKI: 0
LLC PREFETCH  REQUESTED:          0  ISSUED:          0  USEFUL:     128833  USELESS:     202890
LLC USEFUL LOAD PREFETCHES:     128833 PREFETCH ISSUED TO LOWER LEVEL:    2662987  ACCURACY: 4.83791
LLC TIMELY PREFETCHES:     128833 LATE PREFETCHES: 0 DROPPED PREFETCHES: 0
LLC PREFETCHES SAME FILL-ORIGIN LEVEL: 0 DIFFERENT FILL-ORIGIN LEVEL: 0
LLC AVERAGE MISS LATENCY:    131.545 cycles AVERAGE LOAD MISS LATENCY:    154.237 cycles Load Miss     669877
LLC Average MSHR Occupancy:   0.694192
LLC RQ	ACCESS:    1346878	FORWARD:          0	MERGED:          0	TO_CACHE:    1346874
LLC WQ	ACCESS:     812769	FORWARD:          4	MERGED:          0	TO_CACHE:     812769
LLC PQ	ACCESS:    3463526	FORWARD:          0	MERGED:          0	TO_CACHE:    3463526

LLC Dense regions hint to LLC: 0

RAW hits: 210468
Loads Generated: 48030384
Loads sent to L1D: 47819913
Stores Generated: 7609177
Stores sent to L1D: 7609177
Major fault: 0 Minor fault: 28314
Allocated PAGES: 28314

stream: 
stream:times selected: 16794079
stream:pref_filled: 6567506
stream:pref_useful: 1474819
stream:pref_late: 163721
stream:misses: 1222852
stream:misses_by_poll: 0

CS: 
CS:times selected: 5995892
CS:pref_filled: 4522669
CS:pref_useful: 3959042
CS:pref_late: 37856
CS:misses: 418306
CS:misses_by_poll: 12845

CPLX: 
CPLX:times selected: 10723058
CPLX:pref_filled: 179443
CPLX:pref_useful: 43049
CPLX:pref_late: 4776
CPLX:misses: 5096421
CPLX:misses_by_poll: 100

NL_L1: 
NL:times selected: 69378
NL:pref_filled: 37680
NL:pref_useful: 9934
NL:pref_late: 1057
NL:misses: 40083
NL:misses_by_poll: 0

total selections: 33582407
total_filled: 5129367
total_useful: 2556335
total_late: 215313
total_polluted: 12945
total_misses_after_warmup: 3017707
conflicts: 138
Degree Incremented Times: 224418
Degree Decremented Times: 602035

L1 IP Table Write Accesses: 31952767
L1 IP Table Read Accesses: 31952629
L1 RST Write Accesses: 6942748
L1 RST Read Accesses: 13885496
L1 CSPT Write Accesses: 6942748
L1 CSPT Read Accesses: 11085947
L1 RR Filter Tag Write Accesses: 6352183
L1 RR Filter Tag Read Accesses: 437315819
L1 IP Table Tag Write Accesses: 31953004
L1 IP Table Tag Read Accesses: 31953004
L1 RST Tag Write Accesses: 0
L1 RST Tag Read Accesses: 63760122
L1 RR Filter Write Accesses: 0
L1 RR Filter Read Accesses: 15329537
test: 5500076
================ Mockingjay (LLC) Pollution Stats ================
Total pollution count in LLC: 93302
==================================================================

DRAM Statistics
 CHANNEL 0
 RQ ROW_BUFFER_HIT:    1696424  ROW_BUFFER_MISS:    1792187
 DBUS_CONGESTED:       1640
 WQ ROW_BUFFER_HIT:     108921  ROW_BUFFER_MISS:     419204  FULL:       4842

 AVG_CONGESTED_CYCLE: 4
 All warmup complete: 2
Channel 0 Bank busy for read cycles: 0
Channel 0 Bank busy for write cycles: 0
Channel 0
Rank 0
0banks busy for read cycles: 411528729
0banks busy for write cycles: 244777
1banks busy for read cycles: 168131338
1banks busy for write cycles: 40112186
2banks busy for read cycles: 51352030
2banks busy for write cycles: 10147196
3banks busy for read cycles: 15098224
3banks busy for write cycles: 4074339
4banks busy for read cycles: 5644075
4banks busy for write cycles: 1847261
5banks busy for read cycles: 1456764
5banks busy for write cycles: 885399
6banks busy for read cycles: 553785
6banks busy for write cycles: 536825
7banks busy for read cycles: 277446
7banks busy for write cycles: 544149
8banks busy for read cycles: 333119
8banks busy for write cycles: 1481327

CPU 0 Branch Prediction Accuracy: 87.5524% MPKI: 26.4578 Average ROB Occupancy at Mispredict: 0.880498
Branch types
NOT_BRANCH: 157489224 78.7446%
BRANCH_DIRECT_JUMP: 25669 0.0128345%
BRANCH_INDIRECT: 3 1.5e-06%
BRANCH_CONDITIONAL: 42484352 21.2422%
BRANCH_DIRECT_CALL: 335 0.0001675%
BRANCH_INDIRECT_CALL: 9 4.5e-06%
BRANCH_RETURN: 343 0.0001715%
BRANCH_OTHER: 0 0%

===================== LRU L1D STATS =====================
Total pollution count in L1D: 3971593
=========================================================
================ SRRIP (L2C) Pollution Stats ================
Total pollution count in L2c: 1438791
==================================================================
DRAM PAGES: 1048576
Allocated PAGES: 28314
