
*** ChampSim Multicore Out-of-Order Simulator ***

Warmup Instructions: 200000000
Simulation Instructions: 200000000
Number of CPUs: 1
LLC sets: 4096
LLC ways: 12
Off-chip DRAM Size: 4096 MB Channels: 1 Width: 64-bit Data Rate: 6400 MT/s
CPU 0 runs /home1/sweta/traces/gaptraces/pr-10.trace.gz
.gz
BTB has LRU replacement policy
ITLB has LRU replacement policy
DTLB has LRU replacement policy
STLB has LRU replacement policy
L1I has LRU replacement policy
IP Table Entries: 1024
CSPT Entries: 128
RR_ENTRIES: 32
RST_ENTRIES: 8
L1D has LRU replacement policy
Initialize SRRIP state for L2C
Initialize Mockingjay state for LLC
Heartbeat CPU 0 instructions: 10000001 cycles: 2568963 heartbeat IPC: 3.89262 cumulative IPC: 3.89262 (Simulation time: 0 hr 0 min 17 sec) 
Heartbeat CPU 0 instructions: 20000000 cycles: 8551264 heartbeat IPC: 1.6716 cumulative IPC: 2.33884 (Simulation time: 0 hr 1 min 2 sec) 
Heartbeat CPU 0 instructions: 30000004 cycles: 14996525 heartbeat IPC: 1.55153 cumulative IPC: 2.00046 (Simulation time: 0 hr 1 min 56 sec) 
Heartbeat CPU 0 instructions: 40000002 cycles: 21436885 heartbeat IPC: 1.55271 cumulative IPC: 1.86594 (Simulation time: 0 hr 2 min 48 sec) 
Heartbeat CPU 0 instructions: 50000002 cycles: 27832989 heartbeat IPC: 1.56345 cumulative IPC: 1.79643 (Simulation time: 0 hr 3 min 40 sec) 
Heartbeat CPU 0 instructions: 60000001 cycles: 34299490 heartbeat IPC: 1.54643 cumulative IPC: 1.7493 (Simulation time: 0 hr 4 min 33 sec) 
Heartbeat CPU 0 instructions: 70000001 cycles: 40744471 heartbeat IPC: 1.55159 cumulative IPC: 1.71802 (Simulation time: 0 hr 5 min 28 sec) 
Heartbeat CPU 0 instructions: 80000001 cycles: 47178166 heartbeat IPC: 1.55432 cumulative IPC: 1.6957 (Simulation time: 0 hr 6 min 22 sec) 
Heartbeat CPU 0 instructions: 90000000 cycles: 53648026 heartbeat IPC: 1.54563 cumulative IPC: 1.6776 (Simulation time: 0 hr 7 min 17 sec) 
Heartbeat CPU 0 instructions: 100000003 cycles: 60111880 heartbeat IPC: 1.54707 cumulative IPC: 1.66356 (Simulation time: 0 hr 8 min 11 sec) 
Heartbeat CPU 0 instructions: 110000003 cycles: 66576297 heartbeat IPC: 1.54693 cumulative IPC: 1.65224 (Simulation time: 0 hr 9 min 5 sec) 
Heartbeat CPU 0 instructions: 120000000 cycles: 73029193 heartbeat IPC: 1.54969 cumulative IPC: 1.64318 (Simulation time: 0 hr 9 min 58 sec) 
Heartbeat CPU 0 instructions: 130000002 cycles: 79435975 heartbeat IPC: 1.56085 cumulative IPC: 1.63654 (Simulation time: 0 hr 10 min 51 sec) 
Heartbeat CPU 0 instructions: 140000000 cycles: 85823247 heartbeat IPC: 1.56561 cumulative IPC: 1.63126 (Simulation time: 0 hr 11 min 43 sec) 
Heartbeat CPU 0 instructions: 150000001 cycles: 92302437 heartbeat IPC: 1.5434 cumulative IPC: 1.62509 (Simulation time: 0 hr 12 min 36 sec) 
Heartbeat CPU 0 instructions: 160000001 cycles: 98755336 heartbeat IPC: 1.54969 cumulative IPC: 1.62017 (Simulation time: 0 hr 13 min 28 sec) 
Heartbeat CPU 0 instructions: 170000002 cycles: 105213689 heartbeat IPC: 1.54838 cumulative IPC: 1.61576 (Simulation time: 0 hr 14 min 19 sec) 
Heartbeat CPU 0 instructions: 180000000 cycles: 111678834 heartbeat IPC: 1.54676 cumulative IPC: 1.61176 (Simulation time: 0 hr 15 min 8 sec) 
Heartbeat CPU 0 instructions: 190000004 cycles: 116986650 heartbeat IPC: 1.88401 cumulative IPC: 1.62412 (Simulation time: 0 hr 15 min 46 sec) 
Heartbeat CPU 0 instructions: 200000004 cycles: 120161797 heartbeat IPC: 3.14946 cumulative IPC: 1.66442 (Simulation time: 0 hr 16 min 5 sec) 

Warmup complete CPU 0 instructions: 200000004 cycles: 120161797 (Simulation time: 0 hr 16 min 5 sec) 

Heartbeat CPU 0 instructions: 210000000 cycles: 247302401 heartbeat IPC: 0.078653 cumulative IPC: 0.078653 (Simulation time: 0 hr 18 min 0 sec) 
Heartbeat CPU 0 instructions: 220000000 cycles: 372597590 heartbeat IPC: 0.0798115 cumulative IPC: 0.0792281 (Simulation time: 0 hr 19 min 52 sec) 
Heartbeat CPU 0 instructions: 230000002 cycles: 498203419 heartbeat IPC: 0.0796142 cumulative IPC: 0.0793563 (Simulation time: 0 hr 21 min 44 sec) 
Heartbeat CPU 0 instructions: 240000005 cycles: 624942766 heartbeat IPC: 0.0789021 cumulative IPC: 0.0792423 (Simulation time: 0 hr 23 min 36 sec) 
Heartbeat CPU 0 instructions: 250000002 cycles: 750975812 heartbeat IPC: 0.0793442 cumulative IPC: 0.0792627 (Simulation time: 0 hr 25 min 27 sec) 
Heartbeat CPU 0 instructions: 260000000 cycles: 876708672 heartbeat IPC: 0.0795337 cumulative IPC: 0.0793077 (Simulation time: 0 hr 27 min 18 sec) 
Heartbeat CPU 0 instructions: 270000000 cycles: 1003020397 heartbeat IPC: 0.0791692 cumulative IPC: 0.0792879 (Simulation time: 0 hr 29 min 9 sec) 
Heartbeat CPU 0 instructions: 280000002 cycles: 1129780001 heartbeat IPC: 0.0788895 cumulative IPC: 0.0792379 (Simulation time: 0 hr 31 min 0 sec) 
Heartbeat CPU 0 instructions: 290000001 cycles: 1255935644 heartbeat IPC: 0.0792672 cumulative IPC: 0.0792411 (Simulation time: 0 hr 32 min 51 sec) 
Heartbeat CPU 0 instructions: 300000001 cycles: 1382155814 heartbeat IPC: 0.0792266 cumulative IPC: 0.0792397 (Simulation time: 0 hr 34 min 42 sec) 
Heartbeat CPU 0 instructions: 310000000 cycles: 1508025446 heartbeat IPC: 0.0794473 cumulative IPC: 0.0792585 (Simulation time: 0 hr 36 min 33 sec) 
Heartbeat CPU 0 instructions: 320000003 cycles: 1633010792 heartbeat IPC: 0.0800094 cumulative IPC: 0.0793205 (Simulation time: 0 hr 38 min 24 sec) 
Heartbeat CPU 0 instructions: 330000004 cycles: 1759890311 heartbeat IPC: 0.0788149 cumulative IPC: 0.0792814 (Simulation time: 0 hr 40 min 15 sec) 
Heartbeat CPU 0 instructions: 340000000 cycles: 1885978725 heartbeat IPC: 0.0793094 cumulative IPC: 0.0792834 (Simulation time: 0 hr 42 min 7 sec) 
Heartbeat CPU 0 instructions: 350000000 cycles: 2011214627 heartbeat IPC: 0.0798493 cumulative IPC: 0.0793209 (Simulation time: 0 hr 43 min 57 sec) 
Heartbeat CPU 0 instructions: 360000000 cycles: 2137059836 heartbeat IPC: 0.0794627 cumulative IPC: 0.0793297 (Simulation time: 0 hr 45 min 48 sec) 
Heartbeat CPU 0 instructions: 370000004 cycles: 2263581872 heartbeat IPC: 0.0790376 cumulative IPC: 0.0793125 (Simulation time: 0 hr 47 min 41 sec) 
Heartbeat CPU 0 instructions: 380000000 cycles: 2332059703 heartbeat IPC: 0.146033 cumulative IPC: 0.0813781 (Simulation time: 0 hr 48 min 42 sec) 
Heartbeat CPU 0 instructions: 390000001 cycles: 2406420507 heartbeat IPC: 0.134479 cumulative IPC: 0.0831052 (Simulation time: 0 hr 49 min 48 sec) 
Heartbeat CPU 0 instructions: 400000002 cycles: 2533289497 heartbeat IPC: 0.0788215 cumulative IPC: 0.08288 (Simulation time: 0 hr 51 min 40 sec) 
Finished CPU 0 instructions: 200000003 cycles: 2413127737 cumulative IPC: 0.08288 (Simulation time: 0 hr 51 min 40 sec) 

ChampSim completed all CPUs

Region of Interest Statistics

CPU 0 cumulative IPC: 0.08288 instructions: 200000003 cycles: 2413127737
ITLB TOTAL     ACCESS:   28645843  HIT:   28645843  MISS:          0  HIT %:        100  MISS %:          0   MPKI: 0
ITLB LOAD TRANSLATION ACCESS:   28645843  HIT:   28645843  MISS:          0  HIT %:        100  MISS %:          0   MPKI: 0
ITLB PREFETCH  REQUESTED:          0  ISSUED:          0  USEFUL:          0  USELESS:          0
ITLB USEFUL LOAD PREFETCHES:          0 PREFETCH ISSUED TO LOWER LEVEL:          0  ACCURACY: -nan
ITLB TIMELY PREFETCHES:          0 LATE PREFETCHES: 0 DROPPED PREFETCHES: 0
ITLB PREFETCHES SAME FILL-ORIGIN LEVEL: 0 DIFFERENT FILL-ORIGIN LEVEL: 0
ITLB AVERAGE MISS LATENCY:       -nan cycles AVERAGE LOAD MISS LATENCY:       -nan cycles Load Miss          0
ITLB Average MSHR Occupancy: 8.57808e-08
ITLB RQ	ACCESS:   29771876	FORWARD:          0	MERGED:    1126034	TO_CACHE:   28645842

DTLB TOTAL     ACCESS:   70236666  HIT:   47280291  MISS:   22956375  HIT %:    67.3157  MISS %:    32.6843   MPKI: 114.782
DTLB LOAD TRANSLATION ACCESS:   70236666  HIT:   47280291  MISS:   22956375  HIT %:    67.3157  MISS %:    32.6843   MPKI: 114.782
DTLB PREFETCH  REQUESTED:          0  ISSUED:          0  USEFUL:          0  USELESS:          0
DTLB USEFUL LOAD PREFETCHES:          0 PREFETCH ISSUED TO LOWER LEVEL:          0  ACCURACY: -nan
DTLB TIMELY PREFETCHES:          0 LATE PREFETCHES: 0 DROPPED PREFETCHES: 0
DTLB PREFETCHES SAME FILL-ORIGIN LEVEL: 0 DIFFERENT FILL-ORIGIN LEVEL: 0
DTLB AVERAGE MISS LATENCY:    9.09338 cycles AVERAGE LOAD MISS LATENCY:       -nan cycles Load Miss          0
DTLB Average MSHR Occupancy:  0.0774282
DTLB RQ	ACCESS:   70837043	FORWARD:          0	MERGED:     593045	TO_CACHE:   70243998

STLB TOTAL     ACCESS:   57180711  HIT:   57139916  MISS:      40795  HIT %:    99.9287  MISS %:   0.071344   MPKI: 0.203975
STLB LOAD TRANSLATION ACCESS:   22956375  HIT:   22915580  MISS:      40795  HIT %:    99.8223  MISS %:   0.177707   MPKI: 0.203975
STLB TRANSLATION FROM L1D PREFETCHER ACCESS:   34224336  HIT:   34224336  MISS:          0  HIT %:        100  MISS %:          0   MPKI: 0
STLB PREFETCH  REQUESTED:          0  ISSUED:          0  USEFUL:          0  USELESS:          0
STLB USEFUL LOAD PREFETCHES:          0 PREFETCH ISSUED TO LOWER LEVEL:          0  ACCURACY: -nan
STLB TIMELY PREFETCHES:          0 LATE PREFETCHES: 0 DROPPED PREFETCHES: 0
STLB PREFETCHES SAME FILL-ORIGIN LEVEL: 0 DIFFERENT FILL-ORIGIN LEVEL: 0
STLB AVERAGE MISS LATENCY:    50.8522 cycles AVERAGE LOAD MISS LATENCY:       -nan cycles Load Miss          0
STLB Average MSHR Occupancy: 0.000866066
STLB RQ	ACCESS:   60197113	FORWARD:          0	MERGED:    3016403	TO_CACHE:   57180710

STLB Hit, L1D data hit: 0
STLB Hit, L2C data hit: 0
STLB Hit, LLC data hit: 0
STLB Hit, LLC data miss: 0
STLB STLB hints to L2: 0
L1D TOTAL     ACCESS:  107509217  HIT:   41218000  MISS:   66291217  HIT %:     38.339  MISS %:     61.661   MPKI: 331.456
L1D LOAD      ACCESS:   67384452  HIT:   35334407  MISS:   32050045  HIT %:     52.437  MISS %:     47.563   MPKI: 160.25
L1D RFO       ACCESS:    3109178  HIT:    3043620  MISS:      65558  HIT %:    97.8915  MISS %:    2.10853   MPKI: 0.32779
L1D PREFETCH  ACCESS:   37015587  HIT:    2839973  MISS:   34175614  HIT %:    7.67237  MISS %:    92.3276   MPKI: 170.878
AGUS PREFETCH L1 MISS: 0
L1D PREFETCH  REQUESTED:   74482800  ISSUED:   74481476  USEFUL:    3135810  USELESS:   31039830
L1D USEFUL LOAD PREFETCHES:    3135810 PREFETCH ISSUED TO LOWER LEVEL:   34392505  ACCURACY: 9.11771
L1D TIMELY PREFETCHES:    3135810 LATE PREFETCHES: 216887 DROPPED PREFETCHES: 0
L1D PREFETCHES SAME FILL-ORIGIN LEVEL: 34392505 DIFFERENT FILL-ORIGIN LEVEL: 0
L1D AVERAGE MISS LATENCY:    61.4643 cycles AVERAGE LOAD MISS LATENCY:    50.7484 cycles Load Miss   32050045
L1D Average MSHR Occupancy:    1.73529
L1D RQ	ACCESS:   77352818	FORWARD:          0	MERGED:    9817372	TO_CACHE:   67535434
L1D WQ	ACCESS:    3301614	FORWARD:         12	MERGED:          5	TO_CACHE:    3301609
L1D PQ	ACCESS:   37240738	FORWARD:          0	MERGED:          0	TO_CACHE:   37240738

L1D UNIQUE REGIONS ACCESSED: 0
L1D REGIONS CONFLICTS: 0
L1D Cross Page Prefetch Requests: 0
L1D Same Page Prefetch Requests: 72765353
L1D ROI Sum of L1D PQ occupancy: 485866030
L1D PREFETCHES PUSHED FROM L2C: 0
L1I TOTAL     ACCESS:   29440442  HIT:         98  MISS:   29440344  HIT %: 0.000332875  MISS %:    99.9997   MPKI: 147.202
L1I LOAD      ACCESS:   29440442  HIT:         98  MISS:   29440344  HIT %: 0.000332875  MISS %:    99.9997   MPKI: 147.202
L1I PREFETCH  REQUESTED:          0  ISSUED:          0  USEFUL:          0  USELESS:          0
L1I USEFUL LOAD PREFETCHES:          0 PREFETCH ISSUED TO LOWER LEVEL:          0  ACCURACY: -nan
L1I TIMELY PREFETCHES:          0 LATE PREFETCHES: 0 DROPPED PREFETCHES: 0
L1I PREFETCHES SAME FILL-ORIGIN LEVEL: 0 DIFFERENT FILL-ORIGIN LEVEL: 0
L1I AVERAGE MISS LATENCY:    14.0009 cycles AVERAGE LOAD MISS LATENCY:    14.0009 cycles Load Miss   29440344
L1I Average MSHR Occupancy:   0.159189
L1I RQ	ACCESS:   46727398	FORWARD:          0	MERGED:   16955522	TO_CACHE:   29771876

BTB TOTAL     ACCESS:   37025733  HIT:   37025550  MISS:        183  HIT %:    99.9995  MISS %: 0.000494251   MPKI: 0.000915
BTB BRANCH_DIRECT_JUMP	ACCESS:         67  HIT:         30  MISS:         37
BTB BRANCH_INDIRECT	ACCESS:          4  HIT:          0  MISS:          4
BTB BRANCH_CONDITIONAL	ACCESS:   37025596  HIT:   37025502  MISS:         94
BTB BRANCH_DIRECT_CALL	ACCESS:         28  HIT:          9  MISS:         19
BTB BRANCH_INDIRECT_CALL	ACCESS:          5  HIT:          1  MISS:          4
BTB BRANCH_RETURN	ACCESS:         33  HIT:          8  MISS:         25
BTB BRANCH_OTHER ACCESS:          0  HIT:          0  MISS:          0

L2C TOTAL     ACCESS:   95942067  HIT:   71243471  MISS:   24698596  HIT %:    74.2568  MISS %:    25.7432   MPKI: 123.493
L2C LOAD      ACCESS:   61273479  HIT:   50726427  MISS:   10547052  HIT %:    82.7869  MISS %:    17.2131   MPKI: 52.7353
L2C DATA LOAD MPKI: 52.7346
L2C INSTRUCTION LOAD MPKI: 0.000665
L2C RFO       ACCESS:      65558  HIT:       2688  MISS:      62870  HIT %:    4.10019  MISS %:    95.8998   MPKI: 0.31435
L2C PREFETCH  ACCESS:   34392501  HIT:   20309602  MISS:   14082899  HIT %:    59.0524  MISS %:    40.9476   MPKI: 70.4145
AGUS PREFETCH L1 MISS: 0
L2C DATA PREFETCH MPKI: 70.4145
L2C INSTRUCTION PREFETCH MPKI: 0
L2C WRITEBACK ACCESS:     169649  HIT:     169635  MISS:         14  HIT %:    99.9917  MISS %: 0.00825233   MPKI: 7e-05
L2C LOAD TRANSLATION ACCESS:      40880  HIT:      35119  MISS:       5761  HIT %:    85.9075  MISS %:    14.0925   MPKI: 0.028805
L2C PREFETCH  REQUESTED:          0  ISSUED:          0  USEFUL:    1455527  USELESS:   12628846
L2C USEFUL LOAD PREFETCHES:    1455527 PREFETCH ISSUED TO LOWER LEVEL:   14082903  ACCURACY: 10.3354
L2C TIMELY PREFETCHES:    1455527 LATE PREFETCHES: 0 DROPPED PREFETCHES: 0
L2C PREFETCHES SAME FILL-ORIGIN LEVEL: 0 DIFFERENT FILL-ORIGIN LEVEL: 0
L2C AVERAGE MISS LATENCY:    125.638 cycles AVERAGE LOAD MISS LATENCY:    108.927 cycles Load Miss   10547052
L2C Average MSHR Occupancy:    1.28082
L2C RQ	ACCESS:   61379938	FORWARD:          0	MERGED:          0	TO_CACHE:   61379916
L2C WQ	ACCESS:     169649	FORWARD:         22	MERGED:          0	TO_CACHE:     169649
L2C PQ	ACCESS:   34392505	FORWARD:          0	MERGED:          0	TO_CACHE:   34392505

L2C Instructions Evicting Data 133
L2C Translations Evicting Data 5760
L2C Data Evicting Data 24686765
L2C Instructions Evicting Instructions 0
L2C Translations Evicting Instructions 0
L2C Data Evicting Instructions 133
L2C Instructions Evicting Translations 0
L2C Translations Evicting Translations 1
L2C Data Evicting Translations 5790
L2C Dense regions hint from L2: 0
PSCL5 TOTAL     ACCESS:      40795  HIT:      40795  MISS:          0  HIT %:        100  MISS %:          0   MPKI: 0
PSCL5 LOAD TRANSLATION ACCESS:      40795  HIT:      40795  MISS:          0  HIT %:        100  MISS %:          0   MPKI: 0
PSCL5 PREFETCH  REQUESTED:          0  ISSUED:          0  USEFUL:          0  USELESS:          0
PSCL5 USEFUL LOAD PREFETCHES:          0 PREFETCH ISSUED TO LOWER LEVEL:          0  ACCURACY: -nan
PSCL5 TIMELY PREFETCHES:          0 LATE PREFETCHES: 0 DROPPED PREFETCHES: 0
PSCL5 PREFETCHES SAME FILL-ORIGIN LEVEL: 0 DIFFERENT FILL-ORIGIN LEVEL: 0

PSCL4 TOTAL     ACCESS:      40795  HIT:      40795  MISS:          0  HIT %:        100  MISS %:          0   MPKI: 0
PSCL4 LOAD TRANSLATION ACCESS:      40795  HIT:      40795  MISS:          0  HIT %:        100  MISS %:          0   MPKI: 0
PSCL4 PREFETCH  REQUESTED:          0  ISSUED:          0  USEFUL:          0  USELESS:          0
PSCL4 USEFUL LOAD PREFETCHES:          0 PREFETCH ISSUED TO LOWER LEVEL:          0  ACCURACY: -nan
PSCL4 TIMELY PREFETCHES:          0 LATE PREFETCHES: 0 DROPPED PREFETCHES: 0
PSCL4 PREFETCHES SAME FILL-ORIGIN LEVEL: 0 DIFFERENT FILL-ORIGIN LEVEL: 0

PSCL3 TOTAL     ACCESS:      40795  HIT:      40795  MISS:          0  HIT %:        100  MISS %:          0   MPKI: 0
PSCL3 LOAD TRANSLATION ACCESS:      40795  HIT:      40795  MISS:          0  HIT %:        100  MISS %:          0   MPKI: 0
PSCL3 PREFETCH  REQUESTED:          0  ISSUED:          0  USEFUL:          0  USELESS:          0
PSCL3 USEFUL LOAD PREFETCHES:          0 PREFETCH ISSUED TO LOWER LEVEL:          0  ACCURACY: -nan
PSCL3 TIMELY PREFETCHES:          0 LATE PREFETCHES: 0 DROPPED PREFETCHES: 0
PSCL3 PREFETCHES SAME FILL-ORIGIN LEVEL: 0 DIFFERENT FILL-ORIGIN LEVEL: 0

PSCL2 TOTAL     ACCESS:      40795  HIT:      40710  MISS:         85  HIT %:    99.7916  MISS %:   0.208359   MPKI: 0.000425
PSCL2 LOAD TRANSLATION ACCESS:      40795  HIT:      40710  MISS:         85  HIT %:    99.7916  MISS %:   0.208359   MPKI: 0.000425
PSCL2 PREFETCH  REQUESTED:          0  ISSUED:          0  USEFUL:          0  USELESS:          0
PSCL2 USEFUL LOAD PREFETCHES:          0 PREFETCH ISSUED TO LOWER LEVEL:          0  ACCURACY: -nan
PSCL2 TIMELY PREFETCHES:          0 LATE PREFETCHES: 0 DROPPED PREFETCHES: 0
PSCL2 PREFETCHES SAME FILL-ORIGIN LEVEL: 0 DIFFERENT FILL-ORIGIN LEVEL: 0

LLC TOTAL     ACCESS:   24835009  HIT:   13132382  MISS:   11702627  HIT %:    52.8785  MISS %:    47.1215   MPKI: 58.5131
LLC LOAD      ACCESS:   10547052  HIT:    6641935  MISS:    3905117  HIT %:    62.9743  MISS %:    37.0257   MPKI: 19.5256
LLC RFO       ACCESS:      62870  HIT:      40564  MISS:      22306  HIT %:    64.5204  MISS %:    35.4796   MPKI: 0.11153
LLC PREFETCH  ACCESS:   14082899  HIT:    6410688  MISS:    7672211  HIT %:    45.5211  MISS %:    54.4789   MPKI: 38.3611
AGUS PREFETCH L1 MISS: 0
LLC WRITEBACK ACCESS:     136427  HIT:      38911  MISS:      97516  HIT %:    28.5215  MISS %:    71.4785   MPKI: 0.48758
LLC LOAD TRANSLATION ACCESS:       5761  HIT:        284  MISS:       5477  HIT %:     4.9297  MISS %:    95.0703   MPKI: 0.027385
LLC PREFETCH  REQUESTED:          0  ISSUED:          0  USEFUL:     179333  USELESS:    1029456
LLC USEFUL LOAD PREFETCHES:     179333 PREFETCH ISSUED TO LOWER LEVEL:    7672215  ACCURACY: 2.33743
LLC TIMELY PREFETCHES:     179333 LATE PREFETCHES: 0 DROPPED PREFETCHES: 0
LLC PREFETCHES SAME FILL-ORIGIN LEVEL: 0 DIFFERENT FILL-ORIGIN LEVEL: 0
LLC AVERAGE MISS LATENCY:    170.185 cycles AVERAGE LOAD MISS LATENCY:    172.654 cycles Load Miss    3905117
LLC Average MSHR Occupancy:   0.820516
LLC RQ	ACCESS:   10615683	FORWARD:          0	MERGED:          0	TO_CACHE:   10615683
LLC WQ	ACCESS:     136427	FORWARD:          0	MERGED:          0	TO_CACHE:     136427
LLC PQ	ACCESS:   14082903	FORWARD:          0	MERGED:          0	TO_CACHE:   14082903

LLC Dense regions hint to LLC: 0

RAW hits: 23
Loads Generated: 77352843
Loads sent to L1D: 77352818
Stores Generated: 3301614
Stores sent to L1D: 3301614
Major fault: 0 Minor fault: 34900
Allocated PAGES: 34900

stream: 
stream:times selected: 69730465
stream:pref_filled: 59963881
stream:pref_useful: 1259866
stream:pref_late: 577645
stream:misses: 14902029
stream:misses_by_poll: 0

CS: 
CS:times selected: 6173791
CS:pref_filled: 5195751
CS:pref_useful: 4709236
CS:pref_late: 49644
CS:misses: 576770
CS:misses_by_poll: 2403

CPLX: 
CPLX:times selected: 62971718
CPLX:pref_filled: 1199498
CPLX:pref_useful: 39109
CPLX:pref_late: 29943
CPLX:misses: 46822244
CPLX:misses_by_poll: 291

NL_L1: 
NL:times selected: 253486
NL:pref_filled: 245930
NL:pref_useful: 1260
NL:pref_late: 2075
NL:misses: 250518
NL:misses_by_poll: 0

total selections: 139129460
total_filled: 34175614
total_useful: 3135810
total_late: 676222
total_polluted: 2694
total_misses_after_warmup: 32201028
conflicts: 73
Degree Incremented Times: 526803
Degree Decremented Times: 1255543

L1 IP Table Write Accesses: 67535393
L1 IP Table Read Accesses: 67535320
L1 RST Write Accesses: 35747286
L1 RST Read Accesses: 71494572
L1 CSPT Write Accesses: 35747286
L1 CSPT Read Accesses: 68227817
L1 RR Filter Tag Write Accesses: 37242062
L1 RR Filter Tag Read Accesses: 1351935901
L1 IP Table Tag Write Accesses: 67535435
L1 IP Table Tag Read Accesses: 67535435
L1 RST Tag Write Accesses: 0
L1 RST Tag Read Accesses: 320860040
L1 RR Filter Write Accesses: 0
L1 RR Filter Read Accesses: 44334748
test: 37389401
================ Mockingjay (LLC) Pollution Stats ================
Total pollution count in LLC: 1227479
==================================================================

DRAM Statistics
 CHANNEL 0
 RQ ROW_BUFFER_HIT:    2001963  ROW_BUFFER_MISS:    9603146
 DBUS_CONGESTED:        157
 WQ ROW_BUFFER_HIT:      35056  ROW_BUFFER_MISS:      89915  FULL:          0

 AVG_CONGESTED_CYCLE: 4
 All warmup complete: 2
Channel 0 Bank busy for read cycles: 0
Channel 0 Bank busy for write cycles: 0
Channel 0
Rank 0
0banks busy for read cycles: 1327540894
0banks busy for write cycles: 100187
1banks busy for read cycles: 672766242
1banks busy for write cycles: 17443176
2banks busy for read cycles: 325183424
2banks busy for write cycles: 1582870
3banks busy for read cycles: 56328399
3banks busy for write cycles: 335653
4banks busy for read cycles: 9576034
4banks busy for write cycles: 151259
5banks busy for read cycles: 1667915
5banks busy for write cycles: 82586
6banks busy for read cycles: 272244
6banks busy for write cycles: 43598
7banks busy for read cycles: 24541
7banks busy for write cycles: 21713
8banks busy for read cycles: 810
8banks busy for write cycles: 6193

CPU 0 Branch Prediction Accuracy: 96.9572% MPKI: 5.63321 Average ROB Occupancy at Mispredict: 164.707
Branch types
NOT_BRANCH: 162973560 81.4868%
BRANCH_DIRECT_JUMP: 67 3.35e-05%
BRANCH_INDIRECT: 4 2e-06%
BRANCH_CONDITIONAL: 37025822 18.5129%
BRANCH_DIRECT_CALL: 28 1.4e-05%
BRANCH_INDIRECT_CALL: 5 2.5e-06%
BRANCH_RETURN: 33 1.65e-05%
BRANCH_OTHER: 0 0%

===================== LRU L1D STATS =====================
Total pollution count in L1D: 32074400
=========================================================
================ SRRIP (L2C) Pollution Stats ================
Total pollution count in L2c: 20446482
==================================================================
DRAM PAGES: 1048576
Allocated PAGES: 34900
