Initialize SIGNATURE TABLE
ST_SET: 1
ST_WAY: 256
ST_TAG_BIT: 16
ST_TAG_MASK: ffff

Initialize PATTERN TABLE
PT_SET: 512
PT_WAY: 4
SIG_DELTA_BIT: 7
C_SIG_BIT: 4
C_DELTA_BIT: 4

Initialize PREFETCH FILTER
FILTER_SET: 1024

*** ChampSim Multicore Out-of-Order Simulator ***

Warmup Instructions: 200000000
Simulation Instructions: 200000000
Number of CPUs: 1
LLC sets: 4096
LLC ways: 12
Off-chip DRAM Size: 4096 MB Channels: 1 Width: 64-bit Data Rate: 6400 MT/s
CPU 0 runs /home1/sweta/traces/DPC4-Traces/Google_Traces_v2/Google_Traces_v2/merced/merced_0001.champsim.gz
.gz
BTB has LRU replacement policy
ITLB has LRU replacement policy
DTLB has LRU replacement policy
STLB has LRU replacement policy
L1I has LRU replacement policy
L1D has LRU replacement policy
ST_WAYS: 256
PT_SETS: 512
Initialize SRRIP state for L2C
Initialize Mockingjay state for LLC
Heartbeat CPU 0 instructions: 10000002 cycles: 2491447 heartbeat IPC: 4.01373 cumulative IPC: 4.01373 (Simulation time: 0 hr 0 min 20 sec) 
Heartbeat CPU 0 instructions: 20000002 cycles: 5022856 heartbeat IPC: 3.95037 cumulative IPC: 3.9818 (Simulation time: 0 hr 0 min 42 sec) 
Heartbeat CPU 0 instructions: 30000002 cycles: 7487499 heartbeat IPC: 4.05738 cumulative IPC: 4.00668 (Simulation time: 0 hr 1 min 4 sec) 
Heartbeat CPU 0 instructions: 40000001 cycles: 10005333 heartbeat IPC: 3.97167 cumulative IPC: 3.99787 (Simulation time: 0 hr 1 min 22 sec) 
Heartbeat CPU 0 instructions: 50000003 cycles: 12489626 heartbeat IPC: 4.02529 cumulative IPC: 4.00332 (Simulation time: 0 hr 1 min 39 sec) 
Heartbeat CPU 0 instructions: 60000004 cycles: 15086527 heartbeat IPC: 3.85074 cumulative IPC: 3.97706 (Simulation time: 0 hr 2 min 1 sec) 
Heartbeat CPU 0 instructions: 70000005 cycles: 17637444 heartbeat IPC: 3.92016 cumulative IPC: 3.96883 (Simulation time: 0 hr 2 min 24 sec) 
Heartbeat CPU 0 instructions: 80000004 cycles: 20168649 heartbeat IPC: 3.95069 cumulative IPC: 3.96655 (Simulation time: 0 hr 2 min 42 sec) 
Heartbeat CPU 0 instructions: 90000000 cycles: 22726666 heartbeat IPC: 3.90928 cumulative IPC: 3.96011 (Simulation time: 0 hr 3 min 3 sec) 
Heartbeat CPU 0 instructions: 100000001 cycles: 25154923 heartbeat IPC: 4.11818 cumulative IPC: 3.97536 (Simulation time: 0 hr 3 min 23 sec) 
Heartbeat CPU 0 instructions: 110000002 cycles: 27683614 heartbeat IPC: 3.95462 cumulative IPC: 3.97347 (Simulation time: 0 hr 3 min 42 sec) 
Heartbeat CPU 0 instructions: 120000002 cycles: 30187577 heartbeat IPC: 3.99367 cumulative IPC: 3.97515 (Simulation time: 0 hr 4 min 6 sec) 
Heartbeat CPU 0 instructions: 130000004 cycles: 32703323 heartbeat IPC: 3.97496 cumulative IPC: 3.97513 (Simulation time: 0 hr 4 min 28 sec) 
Heartbeat CPU 0 instructions: 140000007 cycles: 35344607 heartbeat IPC: 3.78604 cumulative IPC: 3.961 (Simulation time: 0 hr 4 min 52 sec) 
Heartbeat CPU 0 instructions: 150000007 cycles: 37775884 heartbeat IPC: 4.11306 cumulative IPC: 3.97079 (Simulation time: 0 hr 5 min 8 sec) 
Heartbeat CPU 0 instructions: 160000007 cycles: 40215636 heartbeat IPC: 4.09878 cumulative IPC: 3.97855 (Simulation time: 0 hr 5 min 29 sec) 
Heartbeat CPU 0 instructions: 170000000 cycles: 42801919 heartbeat IPC: 3.86655 cumulative IPC: 3.97178 (Simulation time: 0 hr 5 min 53 sec) 
Heartbeat CPU 0 instructions: 180000000 cycles: 45397168 heartbeat IPC: 3.85319 cumulative IPC: 3.96501 (Simulation time: 0 hr 6 min 14 sec) 
Heartbeat CPU 0 instructions: 190000000 cycles: 47863548 heartbeat IPC: 4.05453 cumulative IPC: 3.96962 (Simulation time: 0 hr 6 min 36 sec) 
Heartbeat CPU 0 instructions: 200000001 cycles: 50504908 heartbeat IPC: 3.78593 cumulative IPC: 3.96001 (Simulation time: 0 hr 7 min 1 sec) 

Warmup complete CPU 0 instructions: 200000001 cycles: 50504908 (Simulation time: 0 hr 7 min 1 sec) 

Heartbeat CPU 0 instructions: 210000002 cycles: 71537174 heartbeat IPC: 0.47546 cumulative IPC: 0.47546 (Simulation time: 0 hr 7 min 30 sec) 
Heartbeat CPU 0 instructions: 220000000 cycles: 98463385 heartbeat IPC: 0.371385 cumulative IPC: 0.417027 (Simulation time: 0 hr 7 min 58 sec) 
Heartbeat CPU 0 instructions: 230000000 cycles: 151038824 heartbeat IPC: 0.190203 cumulative IPC: 0.298407 (Simulation time: 0 hr 8 min 49 sec) 
Heartbeat CPU 0 instructions: 240000007 cycles: 184459138 heartbeat IPC: 0.299219 cumulative IPC: 0.298609 (Simulation time: 0 hr 9 min 19 sec) 
Heartbeat CPU 0 instructions: 250000004 cycles: 219256163 heartbeat IPC: 0.287381 cumulative IPC: 0.296294 (Simulation time: 0 hr 9 min 47 sec) 
Heartbeat CPU 0 instructions: 260000000 cycles: 255635755 heartbeat IPC: 0.274879 cumulative IPC: 0.292496 (Simulation time: 0 hr 10 min 17 sec) 
Heartbeat CPU 0 instructions: 270000000 cycles: 285366389 heartbeat IPC: 0.336353 cumulative IPC: 0.298048 (Simulation time: 0 hr 10 min 40 sec) 
Heartbeat CPU 0 instructions: 280000000 cycles: 311306347 heartbeat IPC: 0.385506 cumulative IPC: 0.306747 (Simulation time: 0 hr 11 min 4 sec) 
Heartbeat CPU 0 instructions: 290000001 cycles: 343661699 heartbeat IPC: 0.309068 cumulative IPC: 0.307003 (Simulation time: 0 hr 11 min 31 sec) 
Heartbeat CPU 0 instructions: 300000000 cycles: 367335357 heartbeat IPC: 0.42241 cumulative IPC: 0.315626 (Simulation time: 0 hr 11 min 59 sec) 
Heartbeat CPU 0 instructions: 310000003 cycles: 397385870 heartbeat IPC: 0.332773 cumulative IPC: 0.317112 (Simulation time: 0 hr 12 min 26 sec) 
Heartbeat CPU 0 instructions: 320000000 cycles: 420319577 heartbeat IPC: 0.436039 cumulative IPC: 0.324487 (Simulation time: 0 hr 12 min 51 sec) 
Heartbeat CPU 0 instructions: 330000003 cycles: 445667798 heartbeat IPC: 0.394505 cumulative IPC: 0.328978 (Simulation time: 0 hr 13 min 16 sec) 
Heartbeat CPU 0 instructions: 340000003 cycles: 469389658 heartbeat IPC: 0.421552 cumulative IPC: 0.334221 (Simulation time: 0 hr 13 min 40 sec) 
Heartbeat CPU 0 instructions: 350000002 cycles: 497219247 heartbeat IPC: 0.35933 cumulative IPC: 0.335785 (Simulation time: 0 hr 14 min 5 sec) 
Heartbeat CPU 0 instructions: 360000000 cycles: 529200460 heartbeat IPC: 0.312684 cumulative IPC: 0.334242 (Simulation time: 0 hr 14 min 33 sec) 
Heartbeat CPU 0 instructions: 370000000 cycles: 548117829 heartbeat IPC: 0.528615 cumulative IPC: 0.341631 (Simulation time: 0 hr 14 min 58 sec) 
Heartbeat CPU 0 instructions: 380000000 cycles: 572681075 heartbeat IPC: 0.407112 cumulative IPC: 0.344711 (Simulation time: 0 hr 15 min 25 sec) 
Heartbeat CPU 0 instructions: 390000005 cycles: 594836098 heartbeat IPC: 0.451365 cumulative IPC: 0.349052 (Simulation time: 0 hr 15 min 49 sec) 
Heartbeat CPU 0 instructions: 400000002 cycles: 630081775 heartbeat IPC: 0.283723 cumulative IPC: 0.345079 (Simulation time: 0 hr 16 min 16 sec) 
Finished CPU 0 instructions: 200000001 cycles: 579576867 cumulative IPC: 0.345079 (Simulation time: 0 hr 16 min 16 sec) 

ChampSim completed all CPUs

Region of Interest Statistics

CPU 0 cumulative IPC: 0.345079 instructions: 200000001 cycles: 579576867
ITLB TOTAL     ACCESS:   19852298  HIT:   19737181  MISS:     115117  HIT %:    99.4201  MISS %:   0.579867   MPKI: 0.575585
ITLB LOAD TRANSLATION ACCESS:   19852298  HIT:   19737181  MISS:     115117  HIT %:    99.4201  MISS %:   0.579867   MPKI: 0.575585
ITLB PREFETCH  REQUESTED:          0  ISSUED:          0  USEFUL:          0  USELESS:          0
ITLB USEFUL LOAD PREFETCHES:          0 PREFETCH ISSUED TO LOWER LEVEL:          0  ACCURACY: -nan
ITLB TIMELY PREFETCHES:          0 LATE PREFETCHES: 0 DROPPED PREFETCHES: 0
ITLB PREFETCHES SAME FILL-ORIGIN LEVEL: 0 DIFFERENT FILL-ORIGIN LEVEL: 0
ITLB AVERAGE MISS LATENCY:    32.8034 cycles AVERAGE LOAD MISS LATENCY:       -nan cycles Load Miss          0
ITLB Average MSHR Occupancy: 0.00656026
ITLB RQ	ACCESS:   23013696	FORWARD:          0	MERGED:    3041956	TO_CACHE:   19971740

DTLB TOTAL     ACCESS:   35329459  HIT:   33577145  MISS:    1752314  HIT %:    95.0401  MISS %:    4.95992   MPKI: 8.76157
DTLB LOAD TRANSLATION ACCESS:   35329459  HIT:   33577145  MISS:    1752314  HIT %:    95.0401  MISS %:    4.95992   MPKI: 8.76157
DTLB PREFETCH  REQUESTED:          0  ISSUED:          0  USEFUL:          0  USELESS:          0
DTLB USEFUL LOAD PREFETCHES:          0 PREFETCH ISSUED TO LOWER LEVEL:          0  ACCURACY: -nan
DTLB TIMELY PREFETCHES:          0 LATE PREFETCHES: 0 DROPPED PREFETCHES: 0
DTLB PREFETCHES SAME FILL-ORIGIN LEVEL: 0 DIFFERENT FILL-ORIGIN LEVEL: 0
DTLB AVERAGE MISS LATENCY:    47.6851 cycles AVERAGE LOAD MISS LATENCY:       -nan cycles Load Miss          0
DTLB Average MSHR Occupancy:   0.129093
DTLB RQ	ACCESS:   45227206	FORWARD:          0	MERGED:    9654716	TO_CACHE:   35572490

STLB TOTAL     ACCESS:    1867430  HIT:    1348884  MISS:     518546  HIT %:    72.2321  MISS %:    27.7679   MPKI: 2.59273
STLB LOAD TRANSLATION ACCESS:    1867430  HIT:    1348884  MISS:     518546  HIT %:    72.2321  MISS %:    27.7679   MPKI: 2.59273
STLB PREFETCH  REQUESTED:          0  ISSUED:          0  USEFUL:          0  USELESS:          0
STLB USEFUL LOAD PREFETCHES:          0 PREFETCH ISSUED TO LOWER LEVEL:          0  ACCURACY: -nan
STLB TIMELY PREFETCHES:          0 LATE PREFETCHES: 0 DROPPED PREFETCHES: 0
STLB PREFETCHES SAME FILL-ORIGIN LEVEL: 0 DIFFERENT FILL-ORIGIN LEVEL: 0
STLB AVERAGE MISS LATENCY:    135.598 cycles AVERAGE LOAD MISS LATENCY:       -nan cycles Load Miss          0
STLB Average MSHR Occupancy:   0.108022
STLB RQ	ACCESS:    1867430	FORWARD:          0	MERGED:          0	TO_CACHE:    1867430

STLB Hit, L1D data hit: 0
STLB Hit, L2C data hit: 0
STLB Hit, LLC data hit: 0
STLB Hit, LLC data miss: 0
STLB STLB hints to L2: 0
L1D TOTAL     ACCESS:   43580992  HIT:   40678266  MISS:    2902726  HIT %:    93.3395  MISS %:    6.66053   MPKI: 14.5136
L1D LOAD      ACCESS:   27117396  HIT:   24850383  MISS:    2267013  HIT %:      91.64  MISS %:       8.36   MPKI: 11.3351
L1D RFO       ACCESS:   16463596  HIT:   15827883  MISS:     635713  HIT %:    96.1387  MISS %:    3.86133   MPKI: 3.17856
L1D PREFETCH  REQUESTED:          0  ISSUED:          0  USEFUL:          0  USELESS:          0
L1D USEFUL LOAD PREFETCHES:          0 PREFETCH ISSUED TO LOWER LEVEL:          0  ACCURACY: -nan
L1D TIMELY PREFETCHES:          0 LATE PREFETCHES: 0 DROPPED PREFETCHES: 0
L1D PREFETCHES SAME FILL-ORIGIN LEVEL: 0 DIFFERENT FILL-ORIGIN LEVEL: 0
L1D AVERAGE MISS LATENCY:    113.154 cycles AVERAGE LOAD MISS LATENCY:    99.3476 cycles Load Miss    2267013
L1D Average MSHR Occupancy:   0.565112
L1D RQ	ACCESS:   40512007	FORWARD:          0	MERGED:   12655442	TO_CACHE:   27285503
L1D WQ	ACCESS:   18368636	FORWARD:     571062	MERGED:     426933	TO_CACHE:   17941703

L1D UNIQUE REGIONS ACCESSED: 0
L1D REGIONS CONFLICTS: 0
L1D Cross Page Prefetch Requests: 0
L1D Same Page Prefetch Requests: 0
L1D ROI Sum of L1D PQ occupancy: 0
L1D PREFETCHES PUSHED FROM L2C: 0
L1I TOTAL     ACCESS:   22534670  HIT:    8609890  MISS:   13924780  HIT %:    38.2073  MISS %:    61.7927   MPKI: 69.6239
L1I LOAD      ACCESS:   22534670  HIT:    8609890  MISS:   13924780  HIT %:    38.2073  MISS %:    61.7927   MPKI: 69.6239
L1I PREFETCH  REQUESTED:          0  ISSUED:          0  USEFUL:          0  USELESS:          0
L1I USEFUL LOAD PREFETCHES:          0 PREFETCH ISSUED TO LOWER LEVEL:          0  ACCURACY: -nan
L1I TIMELY PREFETCHES:          0 LATE PREFETCHES: 0 DROPPED PREFETCHES: 0
L1I PREFETCHES SAME FILL-ORIGIN LEVEL: 0 DIFFERENT FILL-ORIGIN LEVEL: 0
L1I AVERAGE MISS LATENCY:      22.13 cycles AVERAGE LOAD MISS LATENCY:      22.13 cycles Load Miss   13924780
L1I Average MSHR Occupancy:   0.519142
L1I RQ	ACCESS:   42414983	FORWARD:          0	MERGED:   19401287	TO_CACHE:   23013696

BTB TOTAL     ACCESS:   18592804  HIT:   17273576  MISS:    1319228  HIT %:    92.9046  MISS %:    7.09537   MPKI: 6.59614
BTB BRANCH_DIRECT_JUMP	ACCESS:     964733  HIT:     860633  MISS:     104100
BTB BRANCH_INDIRECT	ACCESS:     306505  HIT:     198417  MISS:     108088
BTB BRANCH_CONDITIONAL	ACCESS:   14892818  HIT:   14651299  MISS:     241519
BTB BRANCH_DIRECT_CALL	ACCESS:    1048229  HIT:     861915  MISS:     186314
BTB BRANCH_INDIRECT_CALL	ACCESS:     165771  HIT:     100888  MISS:      64883
BTB BRANCH_RETURN	ACCESS:    1214672  HIT:     600412  MISS:     614260
BTB BRANCH_OTHER ACCESS:         76  HIT:         12  MISS:         64

L2C TOTAL     ACCESS:   19397945  HIT:   17032090  MISS:    2365855  HIT %:    87.8036  MISS %:    12.1964   MPKI: 11.8293
L2C LOAD      ACCESS:   16191748  HIT:   14557989  MISS:    1633759  HIT %:    89.9099  MISS %:    10.0901   MPKI: 8.16879
L2C DATA LOAD MPKI: 4.97432
L2C INSTRUCTION LOAD MPKI: 3.19447
L2C RFO       ACCESS:     635695  HIT:     195625  MISS:     440070  HIT %:    30.7734  MISS %:    69.2266   MPKI: 2.20035
L2C PREFETCH  ACCESS:     775283  HIT:     676299  MISS:      98984  HIT %:    87.2325  MISS %:    12.7675   MPKI: 0.49492
AGUS PREFETCH L1 MISS: 0
L2C DATA PREFETCH MPKI: 0.49492
L2C INSTRUCTION PREFETCH MPKI: 0
L2C WRITEBACK ACCESS:     964611  HIT:     963401  MISS:       1210  HIT %:    99.8746  MISS %:   0.125439   MPKI: 0.00605
L2C LOAD TRANSLATION ACCESS:     830608  HIT:     638776  MISS:     191832  HIT %:    76.9046  MISS %:    23.0954   MPKI: 0.95916
L2C PREFETCH  REQUESTED:    2482808  ISSUED:    2479628  USEFUL:      95781  USELESS:       3231
L2C USEFUL LOAD PREFETCHES:      95781 PREFETCH ISSUED TO LOWER LEVEL:    1679204  ACCURACY: 5.70395
L2C TIMELY PREFETCHES:      95781 LATE PREFETCHES: 5995 DROPPED PREFETCHES: 0
L2C PREFETCHES SAME FILL-ORIGIN LEVEL: 104979 DIFFERENT FILL-ORIGIN LEVEL: 1574225
L2C AVERAGE MISS LATENCY:    185.333 cycles AVERAGE LOAD MISS LATENCY:    184.486 cycles Load Miss    1633759
L2C Average MSHR Occupancy:   0.748334
L2C RQ	ACCESS:   17658113	FORWARD:          0	MERGED:          0	TO_CACHE:   17658051
L2C WQ	ACCESS:     964611	FORWARD:         67	MERGED:          0	TO_CACHE:     964611
L2C PQ	ACCESS:    2479628	FORWARD:          0	MERGED:      83962	TO_CACHE:    2395661

L2C Instructions Evicting Data 378429
L2C Translations Evicting Data 120231
L2C Data Evicting Data 1042146
L2C Instructions Evicting Instructions 206332
L2C Translations Evicting Instructions 55061
L2C Data Evicting Instructions 371215
L2C Instructions Evicting Translations 54133
L2C Translations Evicting Translations 16540
L2C Data Evicting Translations 120558
L2C Dense regions hint from L2: 0
PSCL5 TOTAL     ACCESS:     518546  HIT:     518546  MISS:          0  HIT %:        100  MISS %:          0   MPKI: 0
PSCL5 LOAD TRANSLATION ACCESS:     518546  HIT:     518546  MISS:          0  HIT %:        100  MISS %:          0   MPKI: 0
PSCL5 PREFETCH  REQUESTED:          0  ISSUED:          0  USEFUL:          0  USELESS:          0
PSCL5 USEFUL LOAD PREFETCHES:          0 PREFETCH ISSUED TO LOWER LEVEL:          0  ACCURACY: -nan
PSCL5 TIMELY PREFETCHES:          0 LATE PREFETCHES: 0 DROPPED PREFETCHES: 0
PSCL5 PREFETCHES SAME FILL-ORIGIN LEVEL: 0 DIFFERENT FILL-ORIGIN LEVEL: 0

PSCL4 TOTAL     ACCESS:     476041  HIT:     468001  MISS:       8040  HIT %:    98.3111  MISS %:    1.68893   MPKI: 0.0402
PSCL4 LOAD TRANSLATION ACCESS:     476041  HIT:     468001  MISS:       8040  HIT %:    98.3111  MISS %:    1.68893   MPKI: 0.0402
PSCL4 PREFETCH  REQUESTED:          0  ISSUED:          0  USEFUL:          0  USELESS:          0
PSCL4 USEFUL LOAD PREFETCHES:          0 PREFETCH ISSUED TO LOWER LEVEL:          0  ACCURACY: -nan
PSCL4 TIMELY PREFETCHES:          0 LATE PREFETCHES: 0 DROPPED PREFETCHES: 0
PSCL4 PREFETCHES SAME FILL-ORIGIN LEVEL: 0 DIFFERENT FILL-ORIGIN LEVEL: 0

PSCL3 TOTAL     ACCESS:     509336  HIT:     480240  MISS:      29096  HIT %:    94.2875  MISS %:    5.71254   MPKI: 0.14548
PSCL3 LOAD TRANSLATION ACCESS:     509336  HIT:     480240  MISS:      29096  HIT %:    94.2875  MISS %:    5.71254   MPKI: 0.14548
PSCL3 PREFETCH  REQUESTED:          0  ISSUED:          0  USEFUL:          0  USELESS:          0
PSCL3 USEFUL LOAD PREFETCHES:          0 PREFETCH ISSUED TO LOWER LEVEL:          0  ACCURACY: -nan
PSCL3 TIMELY PREFETCHES:          0 LATE PREFETCHES: 0 DROPPED PREFETCHES: 0
PSCL3 PREFETCHES SAME FILL-ORIGIN LEVEL: 0 DIFFERENT FILL-ORIGIN LEVEL: 0

PSCL2 TOTAL     ACCESS:     518546  HIT:     239721  MISS:     278825  HIT %:    46.2295  MISS %:    53.7705   MPKI: 1.39412
PSCL2 LOAD TRANSLATION ACCESS:     518546  HIT:     239721  MISS:     278825  HIT %:    46.2295  MISS %:    53.7705   MPKI: 1.39412
PSCL2 PREFETCH  REQUESTED:          0  ISSUED:          0  USEFUL:          0  USELESS:          0
PSCL2 USEFUL LOAD PREFETCHES:          0 PREFETCH ISSUED TO LOWER LEVEL:          0  ACCURACY: -nan
PSCL2 TIMELY PREFETCHES:          0 LATE PREFETCHES: 0 DROPPED PREFETCHES: 0
PSCL2 PREFETCHES SAME FILL-ORIGIN LEVEL: 0 DIFFERENT FILL-ORIGIN LEVEL: 0

LLC TOTAL     ACCESS:    4472738  HIT:    1612647  MISS:    2860091  HIT %:     36.055  MISS %:     63.945   MPKI: 14.3005
LLC LOAD      ACCESS:    1627770  HIT:     322208  MISS:    1305562  HIT %:    19.7944  MISS %:    80.2056   MPKI: 6.52781
LLC RFO       ACCESS:     440064  HIT:       7775  MISS:     432289  HIT %:    1.76679  MISS %:    98.2332   MPKI: 2.16144
LLC PREFETCH  ACCESS:    1592139  HIT:    1060477  MISS:     531662  HIT %:    66.6071  MISS %:    33.3929   MPKI: 2.65831
AGUS PREFETCH L1 MISS: 0
LLC WRITEBACK ACCESS:     620933  HIT:     187363  MISS:     433570  HIT %:    30.1744  MISS %:    69.8256   MPKI: 2.16785
LLC LOAD TRANSLATION ACCESS:     191832  HIT:      34824  MISS:     157008  HIT %:    18.1534  MISS %:    81.8466   MPKI: 0.78504
LLC PREFETCH  REQUESTED:          0  ISSUED:          0  USEFUL:     101930  USELESS:     212587
LLC USEFUL LOAD PREFETCHES:     101930 PREFETCH ISSUED TO LOWER LEVEL:     550601  ACCURACY: 18.5125
LLC TIMELY PREFETCHES:     101930 LATE PREFETCHES: 18939 DROPPED PREFETCHES: 0
LLC PREFETCHES SAME FILL-ORIGIN LEVEL: 544615 DIFFERENT FILL-ORIGIN LEVEL: 0
LLC AVERAGE MISS LATENCY:     145.76 cycles AVERAGE LOAD MISS LATENCY:    174.426 cycles Load Miss    1305562
LLC Average MSHR Occupancy:   0.716089
LLC RQ	ACCESS:    2259666	FORWARD:          0	MERGED:          0	TO_CACHE:    2259666
LLC WQ	ACCESS:     620933	FORWARD:          0	MERGED:          0	TO_CACHE:     620933
LLC PQ	ACCESS:    1679204	FORWARD:          0	MERGED:      18231	TO_CACHE:    1660973

LLC Dense regions hint to LLC: 0

RAW hits: 2333921
Loads Generated: 42845928
Loads sent to L1D: 40512007
Stores Generated: 18368624
Stores sent to L1D: 18368636
Major fault: 0 Minor fault: 206143
Allocated PAGES: 206143
 All Calls: 4813008
 Critical Calls: 4813008
------------------
Depth Distribution
------------------
depth 0: 0
depth 1: 2325807
depth 2: 866117
depth 3: 580375
depth 4: 423432
depth 5: 322012
depth 6: 244855
depth 7: 189977
depth 8: 147090
depth 9: 107783
depth 10: 74543
depth 11: 47782
depth 12: 27334
depth 13: 12241
depth 14: 1592
depth 15: 1557
depth 16: 0
depth 17: 0
depth 18: 0
depth 19: 0
depth 20: 0
depth 21: 0
depth 22: 0
depth 23: 0
depth 24: 0
depth 25: 0
depth 26: 0
depth 27: 0
depth 28: 0
depth 29: 0
Total: 5372497
-----------------------------
-----------------------------
	Captured at Filter
-----------------------------
depth 0: 0
depth 1: 92948
depth 2: 70477
depth 3: 57881
depth 4: 40995
depth 5: 28164
depth 6: 19142
depth 7: 12600
depth 8: 7449
depth 9: 4469
depth 10: 2474
depth 11: 1192
depth 12: 578
depth 13: 135
depth 14: 11
depth 15: 16
depth 16: 0
depth 17: 0
depth 18: 0
depth 19: 0
depth 20: 0
depth 21: 0
depth 22: 0
depth 23: 0
depth 24: 0
depth 25: 0
depth 26: 0
depth 27: 0
depth 28: 0
depth 29: 0
-----------------------------
-----------------------------
		Lost at Page
-----------------------------
depth 0: 0
depth 1: 66237
depth 2: 31628
depth 3: 32028
depth 4: 31304
depth 5: 30384
depth 6: 28152
depth 7: 25998
depth 8: 23295
depth 9: 19510
depth 10: 14976
depth 11: 10551
depth 12: 6657
depth 13: 3209
depth 14: 427
depth 15: 457
depth 16: 0
depth 17: 0
depth 18: 0
depth 19: 0
depth 20: 0
depth 21: 0
depth 22: 0
depth 23: 0
depth 24: 0
depth 25: 0
depth 26: 0
depth 27: 0
depth 28: 0
depth 29: 0
-----------------------------
-----------------------------
	Lost due to PQ Size
-----------------------------
154776
-----------------------------
ST read accesses: 1601932
ST write accesses: 665037
PT read accesses: 28688269
PT write accesses: 1969009
FILTER read accesses: 7187049
FILTER write accesses: 2655136
GHR read accesses: 6255800
GHR write accesses: 155558
GHR counter read accesses: 24242366
GHR counter write accesses: 2536320
ST tag read accesses: 1211591872
ST tag write accesses: 217733630
================ Mockingjay (LLC) Pollution Stats ================
Total pollution count in LLC: 157859
==================================================================

DRAM Statistics
 CHANNEL 0
 RQ ROW_BUFFER_HIT:     501230  ROW_BUFFER_MISS:    1925284
 DBUS_CONGESTED:       1453
 WQ ROW_BUFFER_HIT:     209432  ROW_BUFFER_MISS:     409857  FULL:          0

 AVG_CONGESTED_CYCLE: 4
 All warmup complete: 2
Channel 0 Bank busy for read cycles: 0
Channel 0 Bank busy for write cycles: 0
Channel 0
Rank 0
0banks busy for read cycles: 307091974
0banks busy for write cycles: 289213
1banks busy for read cycles: 125251868
1banks busy for write cycles: 49496470
2banks busy for read cycles: 44837088
2banks busy for write cycles: 15258867
3banks busy for read cycles: 15339376
3banks busy for write cycles: 5392851
4banks busy for read cycles: 5893685
4banks busy for write cycles: 2425447
5banks busy for read cycles: 2309881
5banks busy for write cycles: 1322193
6banks busy for read cycles: 1114304
6banks busy for write cycles: 813522
7banks busy for read cycles: 585357
7banks busy for write cycles: 573056
8banks busy for read cycles: 883729
8banks busy for write cycles: 697987

CPU 0 Branch Prediction Accuracy: 93.7021% MPKI: 10.9206 Average ROB Occupancy at Mispredict: 18.4568
Branch types
NOT_BRANCH: 165319219 82.6596%
BRANCH_DIRECT_JUMP: 964733 0.482366%
BRANCH_INDIRECT: 306505 0.153252%
BRANCH_CONDITIONAL: 30980190 15.4901%
BRANCH_DIRECT_CALL: 1048229 0.524114%
BRANCH_INDIRECT_CALL: 165771 0.0828855%
BRANCH_RETURN: 1214672 0.607336%
BRANCH_OTHER: 76 3.8e-05%

===================== LRU L1D STATS =====================
Total pollution count in L1D: 0
=========================================================
================ SRRIP (L2C) Pollution Stats ================
Total pollution count in L2c: 2153536
==================================================================
DRAM PAGES: 1048576
Allocated PAGES: 206143
