Initialize SIGNATURE TABLE
ST_SET: 1
ST_WAY: 256
ST_TAG_BIT: 16
ST_TAG_MASK: ffff

Initialize PATTERN TABLE
PT_SET: 512
PT_WAY: 4
SIG_DELTA_BIT: 7
C_SIG_BIT: 4
C_DELTA_BIT: 4

Initialize PREFETCH FILTER
FILTER_SET: 1024

*** ChampSim Multicore Out-of-Order Simulator ***

Warmup Instructions: 200000000
Simulation Instructions: 200000000
Number of CPUs: 1
LLC sets: 4096
LLC ways: 12
Off-chip DRAM Size: 4096 MB Channels: 1 Width: 64-bit Data Rate: 6400 MT/s
CPU 0 runs /home1/sweta/traces/DPC4-Traces/Google_Traces_v2/Google_Traces_v2/sierra.a.4/sierra.a.4_0004.champsim.gz
.gz
BTB has LRU replacement policy
ITLB has LRU replacement policy
DTLB has LRU replacement policy
STLB has LRU replacement policy
L1I has LRU replacement policy
L1D has LRU replacement policy
ST_WAYS: 256
PT_SETS: 512
Initialize SRRIP state for L2C
Initialize Mockingjay state for LLC
Heartbeat CPU 0 instructions: 10000000 cycles: 2434194 heartbeat IPC: 4.10814 cumulative IPC: 4.10814 (Simulation time: 0 hr 0 min 21 sec) 
Heartbeat CPU 0 instructions: 20000000 cycles: 5043202 heartbeat IPC: 3.83287 cumulative IPC: 3.96573 (Simulation time: 0 hr 0 min 42 sec) 
Heartbeat CPU 0 instructions: 30000000 cycles: 7619331 heartbeat IPC: 3.88179 cumulative IPC: 3.93735 (Simulation time: 0 hr 1 min 5 sec) 
Heartbeat CPU 0 instructions: 40000007 cycles: 10282175 heartbeat IPC: 3.75539 cumulative IPC: 3.89023 (Simulation time: 0 hr 1 min 28 sec) 
Heartbeat CPU 0 instructions: 50000002 cycles: 12877370 heartbeat IPC: 3.85327 cumulative IPC: 3.88278 (Simulation time: 0 hr 1 min 48 sec) 
Heartbeat CPU 0 instructions: 60000002 cycles: 15498077 heartbeat IPC: 3.81576 cumulative IPC: 3.87145 (Simulation time: 0 hr 2 min 12 sec) 
Heartbeat CPU 0 instructions: 70000005 cycles: 18201889 heartbeat IPC: 3.69848 cumulative IPC: 3.84575 (Simulation time: 0 hr 2 min 37 sec) 
Heartbeat CPU 0 instructions: 80000000 cycles: 20858725 heartbeat IPC: 3.76387 cumulative IPC: 3.83533 (Simulation time: 0 hr 3 min 2 sec) 
Heartbeat CPU 0 instructions: 90000000 cycles: 23544334 heartbeat IPC: 3.72355 cumulative IPC: 3.82258 (Simulation time: 0 hr 3 min 27 sec) 
Heartbeat CPU 0 instructions: 100000007 cycles: 26131054 heartbeat IPC: 3.8659 cumulative IPC: 3.82686 (Simulation time: 0 hr 3 min 49 sec) 
Heartbeat CPU 0 instructions: 110000000 cycles: 28677218 heartbeat IPC: 3.92747 cumulative IPC: 3.8358 (Simulation time: 0 hr 4 min 11 sec) 
Heartbeat CPU 0 instructions: 120000001 cycles: 31290924 heartbeat IPC: 3.82599 cumulative IPC: 3.83498 (Simulation time: 0 hr 4 min 35 sec) 
Heartbeat CPU 0 instructions: 130000005 cycles: 33875191 heartbeat IPC: 3.86957 cumulative IPC: 3.83762 (Simulation time: 0 hr 4 min 55 sec) 
Heartbeat CPU 0 instructions: 140000004 cycles: 36430162 heartbeat IPC: 3.91394 cumulative IPC: 3.84297 (Simulation time: 0 hr 5 min 15 sec) 
Heartbeat CPU 0 instructions: 150000002 cycles: 38996673 heartbeat IPC: 3.89634 cumulative IPC: 3.84648 (Simulation time: 0 hr 5 min 38 sec) 
Heartbeat CPU 0 instructions: 160000005 cycles: 41376431 heartbeat IPC: 4.20211 cumulative IPC: 3.86694 (Simulation time: 0 hr 6 min 2 sec) 
Heartbeat CPU 0 instructions: 170000007 cycles: 43773118 heartbeat IPC: 4.17243 cumulative IPC: 3.88366 (Simulation time: 0 hr 6 min 25 sec) 
Heartbeat CPU 0 instructions: 180000000 cycles: 46155318 heartbeat IPC: 4.1978 cumulative IPC: 3.89988 (Simulation time: 0 hr 6 min 49 sec) 
Heartbeat CPU 0 instructions: 190000007 cycles: 48517095 heartbeat IPC: 4.2341 cumulative IPC: 3.91615 (Simulation time: 0 hr 7 min 12 sec) 
Heartbeat CPU 0 instructions: 200000000 cycles: 50938868 heartbeat IPC: 4.1292 cumulative IPC: 3.92628 (Simulation time: 0 hr 7 min 33 sec) 

Warmup complete CPU 0 instructions: 200000008 cycles: 50938869 (Simulation time: 0 hr 7 min 33 sec) 

Heartbeat CPU 0 instructions: 210000003 cycles: 86185314 heartbeat IPC: 0.283717 cumulative IPC: 0.283716 (Simulation time: 0 hr 8 min 5 sec) 
Heartbeat CPU 0 instructions: 220000000 cycles: 122539948 heartbeat IPC: 0.275068 cumulative IPC: 0.279325 (Simulation time: 0 hr 8 min 36 sec) 
Heartbeat CPU 0 instructions: 230000005 cycles: 156779379 heartbeat IPC: 0.292061 cumulative IPC: 0.283445 (Simulation time: 0 hr 9 min 9 sec) 
Heartbeat CPU 0 instructions: 240000000 cycles: 194497714 heartbeat IPC: 0.265123 cumulative IPC: 0.278631 (Simulation time: 0 hr 9 min 39 sec) 
Heartbeat CPU 0 instructions: 250000000 cycles: 241186467 heartbeat IPC: 0.214184 cumulative IPC: 0.262815 (Simulation time: 0 hr 10 min 13 sec) 
Heartbeat CPU 0 instructions: 260000001 cycles: 286203278 heartbeat IPC: 0.222139 cumulative IPC: 0.255032 (Simulation time: 0 hr 10 min 48 sec) 
Heartbeat CPU 0 instructions: 270000000 cycles: 326659218 heartbeat IPC: 0.247182 cumulative IPC: 0.25388 (Simulation time: 0 hr 11 min 22 sec) 
Heartbeat CPU 0 instructions: 280000007 cycles: 356883152 heartbeat IPC: 0.330864 cumulative IPC: 0.261486 (Simulation time: 0 hr 11 min 51 sec) 
Heartbeat CPU 0 instructions: 290000002 cycles: 372030868 heartbeat IPC: 0.660165 cumulative IPC: 0.280293 (Simulation time: 0 hr 12 min 17 sec) 
Heartbeat CPU 0 instructions: 300000000 cycles: 403249530 heartbeat IPC: 0.320321 cumulative IPC: 0.28384 (Simulation time: 0 hr 12 min 47 sec) 
Heartbeat CPU 0 instructions: 310000003 cycles: 421830886 heartbeat IPC: 0.538174 cumulative IPC: 0.296582 (Simulation time: 0 hr 13 min 14 sec) 
Heartbeat CPU 0 instructions: 320000000 cycles: 445886318 heartbeat IPC: 0.415706 cumulative IPC: 0.303838 (Simulation time: 0 hr 13 min 42 sec) 
Heartbeat CPU 0 instructions: 330000000 cycles: 467086797 heartbeat IPC: 0.471687 cumulative IPC: 0.312389 (Simulation time: 0 hr 14 min 10 sec) 
Heartbeat CPU 0 instructions: 340000000 cycles: 513565887 heartbeat IPC: 0.215151 cumulative IPC: 0.30262 (Simulation time: 0 hr 14 min 43 sec) 
Heartbeat CPU 0 instructions: 350000000 cycles: 560465270 heartbeat IPC: 0.213222 cumulative IPC: 0.294391 (Simulation time: 0 hr 15 min 16 sec) 
Heartbeat CPU 0 instructions: 360000000 cycles: 599397045 heartbeat IPC: 0.25686 cumulative IPC: 0.291727 (Simulation time: 0 hr 15 min 52 sec) 
Heartbeat CPU 0 instructions: 370000006 cycles: 630467709 heartbeat IPC: 0.321847 cumulative IPC: 0.293342 (Simulation time: 0 hr 16 min 22 sec) 
Heartbeat CPU 0 instructions: 380000001 cycles: 679375619 heartbeat IPC: 0.204466 cumulative IPC: 0.286425 (Simulation time: 0 hr 16 min 55 sec) 
Heartbeat CPU 0 instructions: 390000001 cycles: 724347680 heartbeat IPC: 0.22236 cumulative IPC: 0.282147 (Simulation time: 0 hr 17 min 27 sec) 
Heartbeat CPU 0 instructions: 400000002 cycles: 777639683 heartbeat IPC: 0.187645 cumulative IPC: 0.275216 (Simulation time: 0 hr 18 min 1 sec) 
Finished CPU 0 instructions: 200000001 cycles: 726700865 cumulative IPC: 0.275216 (Simulation time: 0 hr 18 min 1 sec) 

ChampSim completed all CPUs

Region of Interest Statistics

CPU 0 cumulative IPC: 0.275216 instructions: 200000001 cycles: 726700865
ITLB TOTAL     ACCESS:   21377201  HIT:   21011930  MISS:     365271  HIT %:    98.2913  MISS %:    1.70869   MPKI: 1.82635
ITLB LOAD TRANSLATION ACCESS:   21377201  HIT:   21011930  MISS:     365271  HIT %:    98.2913  MISS %:    1.70869   MPKI: 1.82635
ITLB PREFETCH  REQUESTED:          0  ISSUED:          0  USEFUL:          0  USELESS:          0
ITLB USEFUL LOAD PREFETCHES:          0 PREFETCH ISSUED TO LOWER LEVEL:          0  ACCURACY: -nan
ITLB TIMELY PREFETCHES:          0 LATE PREFETCHES: 0 DROPPED PREFETCHES: 0
ITLB PREFETCHES SAME FILL-ORIGIN LEVEL: 0 DIFFERENT FILL-ORIGIN LEVEL: 0
ITLB AVERAGE MISS LATENCY:    34.2574 cycles AVERAGE LOAD MISS LATENCY:       -nan cycles Load Miss          0
ITLB Average MSHR Occupancy:  0.0170932
ITLB RQ	ACCESS:   24973666	FORWARD:          0	MERGED:    3298617	TO_CACHE:   21675049

DTLB TOTAL     ACCESS:   41594690  HIT:   39545309  MISS:    2049381  HIT %:     95.073  MISS %:    4.92703   MPKI: 10.2469
DTLB LOAD TRANSLATION ACCESS:   41594690  HIT:   39545309  MISS:    2049381  HIT %:     95.073  MISS %:    4.92703   MPKI: 10.2469
DTLB PREFETCH  REQUESTED:          0  ISSUED:          0  USEFUL:          0  USELESS:          0
DTLB USEFUL LOAD PREFETCHES:          0 PREFETCH ISSUED TO LOWER LEVEL:          0  ACCURACY: -nan
DTLB TIMELY PREFETCHES:          0 LATE PREFETCHES: 0 DROPPED PREFETCHES: 0
DTLB PREFETCHES SAME FILL-ORIGIN LEVEL: 0 DIFFERENT FILL-ORIGIN LEVEL: 0
DTLB AVERAGE MISS LATENCY:    61.0051 cycles AVERAGE LOAD MISS LATENCY:       -nan cycles Load Miss          0
DTLB Average MSHR Occupancy:   0.163474
DTLB RQ	ACCESS:   55053464	FORWARD:          0	MERGED:   13093618	TO_CACHE:   41959846

STLB TOTAL     ACCESS:    2414652  HIT:    1711108  MISS:     703544  HIT %:    70.8635  MISS %:    29.1365   MPKI: 3.51772
STLB LOAD TRANSLATION ACCESS:    2414652  HIT:    1711108  MISS:     703544  HIT %:    70.8635  MISS %:    29.1365   MPKI: 3.51772
STLB PREFETCH  REQUESTED:          0  ISSUED:          0  USEFUL:          0  USELESS:          0
STLB USEFUL LOAD PREFETCHES:          0 PREFETCH ISSUED TO LOWER LEVEL:          0  ACCURACY: -nan
STLB TIMELY PREFETCHES:          0 LATE PREFETCHES: 0 DROPPED PREFETCHES: 0
STLB PREFETCHES SAME FILL-ORIGIN LEVEL: 0 DIFFERENT FILL-ORIGIN LEVEL: 0
STLB AVERAGE MISS LATENCY:    164.366 cycles AVERAGE LOAD MISS LATENCY:       -nan cycles Load Miss          0
STLB Average MSHR Occupancy:   0.151837
STLB RQ	ACCESS:    2414652	FORWARD:          0	MERGED:          0	TO_CACHE:    2414652

STLB Hit, L1D data hit: 0
STLB Hit, L2C data hit: 0
STLB Hit, LLC data hit: 0
STLB Hit, LLC data miss: 0
STLB STLB hints to L2: 0
L1D TOTAL     ACCESS:   52674589  HIT:   48511389  MISS:    4163200  HIT %:    92.0964  MISS %:    7.90362   MPKI: 20.816
L1D LOAD      ACCESS:   30762930  HIT:   28024545  MISS:    2738385  HIT %:    91.0984  MISS %:    8.90157   MPKI: 13.6919
L1D RFO       ACCESS:   21911659  HIT:   20486844  MISS:    1424815  HIT %:    93.4975  MISS %:    6.50254   MPKI: 7.12407
L1D PREFETCH  REQUESTED:          0  ISSUED:          0  USEFUL:          0  USELESS:          0
L1D USEFUL LOAD PREFETCHES:          0 PREFETCH ISSUED TO LOWER LEVEL:          0  ACCURACY: -nan
L1D TIMELY PREFETCHES:          0 LATE PREFETCHES: 0 DROPPED PREFETCHES: 0
L1D PREFETCHES SAME FILL-ORIGIN LEVEL: 0 DIFFERENT FILL-ORIGIN LEVEL: 0
L1D AVERAGE MISS LATENCY:    105.678 cycles AVERAGE LOAD MISS LATENCY:      90.52 cycles Load Miss    2738385
L1D Average MSHR Occupancy:   0.614046
L1D RQ	ACCESS:   46915079	FORWARD:          0	MERGED:   15245852	TO_CACHE:   30990941
L1D WQ	ACCESS:   24629716	FORWARD:     678286	MERGED:     567193	TO_CACHE:   24062523

L1D UNIQUE REGIONS ACCESSED: 0
L1D REGIONS CONFLICTS: 0
L1D Cross Page Prefetch Requests: 0
L1D Same Page Prefetch Requests: 0
L1D ROI Sum of L1D PQ occupancy: 0
L1D PREFETCHES PUSHED FROM L2C: 0
L1I TOTAL     ACCESS:   24470132  HIT:    8525369  MISS:   15944763  HIT %:    34.8399  MISS %:    65.1601   MPKI: 79.7238
L1I LOAD      ACCESS:   24470132  HIT:    8525369  MISS:   15944763  HIT %:    34.8399  MISS %:    65.1601   MPKI: 79.7238
L1I PREFETCH  REQUESTED:          0  ISSUED:          0  USEFUL:          0  USELESS:          0
L1I USEFUL LOAD PREFETCHES:          0 PREFETCH ISSUED TO LOWER LEVEL:          0  ACCURACY: -nan
L1I TIMELY PREFETCHES:          0 LATE PREFETCHES: 0 DROPPED PREFETCHES: 0
L1I PREFETCHES SAME FILL-ORIGIN LEVEL: 0 DIFFERENT FILL-ORIGIN LEVEL: 0
L1I AVERAGE MISS LATENCY:    28.3522 cycles AVERAGE LOAD MISS LATENCY:    28.3522 cycles Load Miss   15944763
L1I Average MSHR Occupancy:   0.617031
L1I RQ	ACCESS:   44814251	FORWARD:          0	MERGED:   19840585	TO_CACHE:   24973666

BTB TOTAL     ACCESS:   17468291  HIT:   14712036  MISS:    2756255  HIT %:    84.2214  MISS %:    15.7786   MPKI: 13.7813
BTB BRANCH_DIRECT_JUMP	ACCESS:    2528224  HIT:    1950898  MISS:     577326
BTB BRANCH_INDIRECT	ACCESS:     243525  HIT:     173764  MISS:      69761
BTB BRANCH_CONDITIONAL	ACCESS:   11561968  HIT:   11035906  MISS:     526062
BTB BRANCH_DIRECT_CALL	ACCESS:    1413705  HIT:     969954  MISS:     443751
BTB BRANCH_INDIRECT_CALL	ACCESS:     150227  HIT:      68475  MISS:      81752
BTB BRANCH_RETURN	ACCESS:    1567538  HIT:     512114  MISS:    1055424
BTB BRANCH_OTHER ACCESS:       3104  HIT:        925  MISS:       2179

L2C TOTAL     ACCESS:   25566149  HIT:   21790328  MISS:    3775821  HIT %:    85.2312  MISS %:    14.7688   MPKI: 18.8791
L2C LOAD      ACCESS:   18682984  HIT:   16107679  MISS:    2575305  HIT %:    86.2158  MISS %:    13.7842   MPKI: 12.8765
L2C DATA LOAD MPKI: 5.40523
L2C INSTRUCTION LOAD MPKI: 7.47129
L2C RFO       ACCESS:    1424785  HIT:     639307  MISS:     785478  HIT %:    44.8704  MISS %:    55.1296   MPKI: 3.92739
L2C PREFETCH  ACCESS:    2165864  HIT:    2127072  MISS:      38792  HIT %:    98.2089  MISS %:    1.79106   MPKI: 0.19396
AGUS PREFETCH L1 MISS: 0
L2C DATA PREFETCH MPKI: 0.19396
L2C INSTRUCTION PREFETCH MPKI: 0
L2C WRITEBACK ACCESS:    2109744  HIT:    2105480  MISS:       4264  HIT %:    99.7979  MISS %:    0.20211   MPKI: 0.02132
L2C LOAD TRANSLATION ACCESS:    1182772  HIT:     810790  MISS:     371982  HIT %:      68.55  MISS %:      31.45   MPKI: 1.85991
L2C PREFETCH  REQUESTED:    3849837  ISSUED:    3827560  USEFUL:      32818  USELESS:       6016
L2C USEFUL LOAD PREFETCHES:      32818 PREFETCH ISSUED TO LOWER LEVEL:     953195  ACCURACY: 3.44295
L2C TIMELY PREFETCHES:      32818 LATE PREFETCHES: 9622 DROPPED PREFETCHES: 0
L2C PREFETCHES SAME FILL-ORIGIN LEVEL: 48414 DIFFERENT FILL-ORIGIN LEVEL: 904781
L2C AVERAGE MISS LATENCY:    180.119 cycles AVERAGE LOAD MISS LATENCY:    168.158 cycles Load Miss    2575305
L2C Average MSHR Occupancy:    0.92812
L2C RQ	ACCESS:   21290735	FORWARD:          0	MERGED:          0	TO_CACHE:   21290542
L2C WQ	ACCESS:    2109744	FORWARD:        233	MERGED:          0	TO_CACHE:    2109744
L2C PQ	ACCESS:    3827560	FORWARD:          0	MERGED:     658107	TO_CACHE:    3169413

L2C Instructions Evicting Data 727418
L2C Translations Evicting Data 187260
L2C Data Evicting Data 1002197
L2C Instructions Evicting Instructions 618632
L2C Translations Evicting Instructions 146648
L2C Data Evicting Instructions 718787
L2C Instructions Evicting Translations 148209
L2C Translations Evicting Translations 38074
L2C Data Evicting Translations 184332
L2C Dense regions hint from L2: 0
PSCL5 TOTAL     ACCESS:     703544  HIT:     703544  MISS:          0  HIT %:        100  MISS %:          0   MPKI: 0
PSCL5 LOAD TRANSLATION ACCESS:     703544  HIT:     703544  MISS:          0  HIT %:        100  MISS %:          0   MPKI: 0
PSCL5 PREFETCH  REQUESTED:          0  ISSUED:          0  USEFUL:          0  USELESS:          0
PSCL5 USEFUL LOAD PREFETCHES:          0 PREFETCH ISSUED TO LOWER LEVEL:          0  ACCURACY: -nan
PSCL5 TIMELY PREFETCHES:          0 LATE PREFETCHES: 0 DROPPED PREFETCHES: 0
PSCL5 PREFETCHES SAME FILL-ORIGIN LEVEL: 0 DIFFERENT FILL-ORIGIN LEVEL: 0

PSCL4 TOTAL     ACCESS:     528865  HIT:     520877  MISS:       7988  HIT %:    98.4896  MISS %:     1.5104   MPKI: 0.03994
PSCL4 LOAD TRANSLATION ACCESS:     528865  HIT:     520877  MISS:       7988  HIT %:    98.4896  MISS %:     1.5104   MPKI: 0.03994
PSCL4 PREFETCH  REQUESTED:          0  ISSUED:          0  USEFUL:          0  USELESS:          0
PSCL4 USEFUL LOAD PREFETCHES:          0 PREFETCH ISSUED TO LOWER LEVEL:          0  ACCURACY: -nan
PSCL4 TIMELY PREFETCHES:          0 LATE PREFETCHES: 0 DROPPED PREFETCHES: 0
PSCL4 PREFETCHES SAME FILL-ORIGIN LEVEL: 0 DIFFERENT FILL-ORIGIN LEVEL: 0

PSCL3 TOTAL     ACCESS:     699119  HIT:     679915  MISS:      19204  HIT %:    97.2531  MISS %:    2.74689   MPKI: 0.09602
PSCL3 LOAD TRANSLATION ACCESS:     699119  HIT:     679915  MISS:      19204  HIT %:    97.2531  MISS %:    2.74689   MPKI: 0.09602
PSCL3 PREFETCH  REQUESTED:          0  ISSUED:          0  USEFUL:          0  USELESS:          0
PSCL3 USEFUL LOAD PREFETCHES:          0 PREFETCH ISSUED TO LOWER LEVEL:          0  ACCURACY: -nan
PSCL3 TIMELY PREFETCHES:          0 LATE PREFETCHES: 0 DROPPED PREFETCHES: 0
PSCL3 PREFETCHES SAME FILL-ORIGIN LEVEL: 0 DIFFERENT FILL-ORIGIN LEVEL: 0

PSCL2 TOTAL     ACCESS:     703544  HIT:     250354  MISS:     453190  HIT %:    35.5847  MISS %:    64.4153   MPKI: 2.26595
PSCL2 LOAD TRANSLATION ACCESS:     703544  HIT:     250354  MISS:     453190  HIT %:    35.5847  MISS %:    64.4153   MPKI: 2.26595
PSCL2 PREFETCH  REQUESTED:          0  ISSUED:          0  USEFUL:          0  USELESS:          0
PSCL2 USEFUL LOAD PREFETCHES:          0 PREFETCH ISSUED TO LOWER LEVEL:          0  ACCURACY: -nan
PSCL2 TIMELY PREFETCHES:          0 LATE PREFETCHES: 0 DROPPED PREFETCHES: 0
PSCL2 PREFETCHES SAME FILL-ORIGIN LEVEL: 0 DIFFERENT FILL-ORIGIN LEVEL: 0

LLC TOTAL     ACCESS:    5693180  HIT:    1444731  MISS:    4248449  HIT %:    25.3765  MISS %:    74.6235   MPKI: 21.2422
LLC LOAD      ACCESS:    2565710  HIT:     754130  MISS:    1811580  HIT %:    29.3926  MISS %:    70.6074   MPKI: 9.0579
LLC RFO       ACCESS:     785451  HIT:      24856  MISS:     760595  HIT %:    3.16455  MISS %:    96.8354   MPKI: 3.80297
LLC PREFETCH  ACCESS:     843854  HIT:     355129  MISS:     488725  HIT %:    42.0842  MISS %:    57.9158   MPKI: 2.44362
AGUS PREFETCH L1 MISS: 0
LLC WRITEBACK ACCESS:    1126183  HIT:     238576  MISS:     887607  HIT %:    21.1845  MISS %:    78.8155   MPKI: 4.43803
LLC LOAD TRANSLATION ACCESS:     371982  HIT:      72040  MISS:     299942  HIT %:    19.3665  MISS %:    80.6335   MPKI: 1.49971
LLC PREFETCH  REQUESTED:          0  ISSUED:          0  USEFUL:      78824  USELESS:     170902
LLC USEFUL LOAD PREFETCHES:      78824 PREFETCH ISSUED TO LOWER LEVEL:     524701  ACCURACY: 15.0227
LLC TIMELY PREFETCHES:      78824 LATE PREFETCHES: 35976 DROPPED PREFETCHES: 0
LLC PREFETCHES SAME FILL-ORIGIN LEVEL: 514705 DIFFERENT FILL-ORIGIN LEVEL: 0
LLC AVERAGE MISS LATENCY:    140.504 cycles AVERAGE LOAD MISS LATENCY:    175.331 cycles Load Miss    1811580
LLC Average MSHR Occupancy:   0.818409
LLC RQ	ACCESS:    3723144	FORWARD:          0	MERGED:          0	TO_CACHE:    3723144
LLC WQ	ACCESS:    1126183	FORWARD:          0	MERGED:          0	TO_CACHE:    1126183
LLC PQ	ACCESS:     953195	FORWARD:          0	MERGED:      25125	TO_CACHE:     928070

LLC Dense regions hint to LLC: 0

RAW hits: 1962467
Loads Generated: 48877541
Loads sent to L1D: 46915079
Stores Generated: 24629712
Stores sent to L1D: 24629716
Major fault: 0 Minor fault: 226520
Allocated PAGES: 226520
 All Calls: 5908403
 Critical Calls: 5908403
------------------
Depth Distribution
------------------
depth 0: 0
depth 1: 3287674
depth 2: 987417
depth 3: 542302
depth 4: 354562
depth 5: 281760
depth 6: 238228
depth 7: 203786
depth 8: 162877
depth 9: 124508
depth 10: 87127
depth 11: 56136
depth 12: 32044
depth 13: 14146
depth 14: 2071
depth 15: 1888
depth 16: 0
depth 17: 0
depth 18: 0
depth 19: 0
depth 20: 0
depth 21: 0
depth 22: 0
depth 23: 0
depth 24: 0
depth 25: 0
depth 26: 0
depth 27: 0
depth 28: 0
depth 29: 0
Total: 6376526
-----------------------------
-----------------------------
	Captured at Filter
-----------------------------
depth 0: 0
depth 1: 63013
depth 2: 30691
depth 3: 19620
depth 4: 14394
depth 5: 11333
depth 6: 9382
depth 7: 8114
depth 8: 6924
depth 9: 5655
depth 10: 4653
depth 11: 3475
depth 12: 2329
depth 13: 1221
depth 14: 227
depth 15: 253
depth 16: 0
depth 17: 0
depth 18: 0
depth 19: 0
depth 20: 0
depth 21: 0
depth 22: 0
depth 23: 0
depth 24: 0
depth 25: 0
depth 26: 0
depth 27: 0
depth 28: 0
depth 29: 0
-----------------------------
-----------------------------
		Lost at Page
-----------------------------
depth 0: 0
depth 1: 99883
depth 2: 38463
depth 3: 26589
depth 4: 23582
depth 5: 24245
depth 6: 25630
depth 7: 26724
depth 8: 25506
depth 9: 22772
depth 10: 18474
depth 11: 13586
depth 12: 8883
depth 13: 4489
depth 14: 726
depth 15: 769
depth 16: 0
depth 17: 0
depth 18: 0
depth 19: 0
depth 20: 0
depth 21: 0
depth 22: 0
depth 23: 0
depth 24: 0
depth 25: 0
depth 26: 0
depth 27: 0
depth 28: 0
depth 29: 0
-----------------------------
-----------------------------
	Lost due to PQ Size
-----------------------------
565490
-----------------------------
ST read accesses: 1982040
ST write accesses: 756182
PT read accesses: 38764476
PT write accesses: 2473358
FILTER read accesses: 10499041
FILTER write accesses: 4235829
GHR read accesses: 7643197
GHR write accesses: 268974
GHR counter read accesses: 32905028
GHR counter write accesses: 3173738
ST tag read accesses: 1441267600
ST tag write accesses: 232830206
================ Mockingjay (LLC) Pollution Stats ================
Total pollution count in LLC: 152356
==================================================================

DRAM Statistics
 CHANNEL 0
 RQ ROW_BUFFER_HIT:     719064  ROW_BUFFER_MISS:    2641770
 DBUS_CONGESTED:       2553
 WQ ROW_BUFFER_HIT:     404528  ROW_BUFFER_MISS:     706103  FULL:        865

 AVG_CONGESTED_CYCLE: 4
 All warmup complete: 2
Channel 0 Bank busy for read cycles: 0
Channel 0 Bank busy for write cycles: 0
Channel 0
Rank 0
0banks busy for read cycles: 337652238
0banks busy for write cycles: 442783
1banks busy for read cycles: 171633788
1banks busy for write cycles: 76527264
2banks busy for read cycles: 54335035
2banks busy for write cycles: 27474075
3banks busy for read cycles: 19139803
3banks busy for write cycles: 10393702
4banks busy for read cycles: 7705189
4banks busy for write cycles: 4538639
5banks busy for read cycles: 3344843
5banks busy for write cycles: 2298693
6banks busy for read cycles: 1962310
6banks busy for write cycles: 1337918
7banks busy for read cycles: 1419903
7banks busy for write cycles: 1021171
8banks busy for read cycles: 3197071
8banks busy for write cycles: 2276441

CPU 0 Branch Prediction Accuracy: 92.3436% MPKI: 12.6864 Average ROB Occupancy at Mispredict: 14.504
Branch types
NOT_BRANCH: 166859901 83.43%
BRANCH_DIRECT_JUMP: 2528224 1.26411%
BRANCH_INDIRECT: 243525 0.121762%
BRANCH_CONDITIONAL: 27233123 13.6166%
BRANCH_DIRECT_CALL: 1413705 0.706852%
BRANCH_INDIRECT_CALL: 150227 0.0751135%
BRANCH_RETURN: 1567538 0.783769%
BRANCH_OTHER: 3104 0.001552%

===================== LRU L1D STATS =====================
Total pollution count in L1D: 0
=========================================================
================ SRRIP (L2C) Pollution Stats ================
Total pollution count in L2c: 3716871
==================================================================
DRAM PAGES: 1048576
Allocated PAGES: 226520
