Initialize SIGNATURE TABLE
ST_SET: 1
ST_WAY: 256
ST_TAG_BIT: 16
ST_TAG_MASK: ffff

Initialize PATTERN TABLE
PT_SET: 512
PT_WAY: 4
SIG_DELTA_BIT: 7
C_SIG_BIT: 4
C_DELTA_BIT: 4

Initialize PREFETCH FILTER
FILTER_SET: 1024

*** ChampSim Multicore Out-of-Order Simulator ***

Warmup Instructions: 200000000
Simulation Instructions: 200000000
Number of CPUs: 1
LLC sets: 4096
LLC ways: 12
Off-chip DRAM Size: 4096 MB Channels: 1 Width: 64-bit Data Rate: 6400 MT/s
CPU 0 runs /home1/sweta/traces/DPC4-Traces/Google_Traces_v2/Google_Traces_v2/sierra.a.6/sierra.a.6_0001.champsim.gz
.gz
BTB has LRU replacement policy
ITLB has LRU replacement policy
DTLB has LRU replacement policy
STLB has LRU replacement policy
L1I has LRU replacement policy
L1D has LRU replacement policy
ST_WAYS: 256
PT_SETS: 512
Initialize SRRIP state for L2C
Initialize Mockingjay state for LLC
Heartbeat CPU 0 instructions: 10000002 cycles: 2514007 heartbeat IPC: 3.97771 cumulative IPC: 3.97771 (Simulation time: 0 hr 0 min 22 sec) 
Heartbeat CPU 0 instructions: 20000000 cycles: 4986012 heartbeat IPC: 4.0453 cumulative IPC: 4.01122 (Simulation time: 0 hr 0 min 45 sec) 
Heartbeat CPU 0 instructions: 30000000 cycles: 7543221 heartbeat IPC: 3.91051 cumulative IPC: 3.97708 (Simulation time: 0 hr 1 min 8 sec) 
Heartbeat CPU 0 instructions: 40000005 cycles: 10070446 heartbeat IPC: 3.95691 cumulative IPC: 3.97202 (Simulation time: 0 hr 1 min 31 sec) 
Heartbeat CPU 0 instructions: 50000003 cycles: 12520680 heartbeat IPC: 4.08124 cumulative IPC: 3.99339 (Simulation time: 0 hr 1 min 51 sec) 
Heartbeat CPU 0 instructions: 60000002 cycles: 15078097 heartbeat IPC: 3.91019 cumulative IPC: 3.97928 (Simulation time: 0 hr 2 min 14 sec) 
Heartbeat CPU 0 instructions: 70000004 cycles: 17684632 heartbeat IPC: 3.83651 cumulative IPC: 3.95824 (Simulation time: 0 hr 2 min 39 sec) 
Heartbeat CPU 0 instructions: 80000000 cycles: 20792788 heartbeat IPC: 3.21734 cumulative IPC: 3.84749 (Simulation time: 0 hr 2 min 57 sec) 
Heartbeat CPU 0 instructions: 90000000 cycles: 23316234 heartbeat IPC: 3.96283 cumulative IPC: 3.85997 (Simulation time: 0 hr 3 min 20 sec) 
Heartbeat CPU 0 instructions: 100000000 cycles: 25672502 heartbeat IPC: 4.244 cumulative IPC: 3.89522 (Simulation time: 0 hr 3 min 41 sec) 
Heartbeat CPU 0 instructions: 110000001 cycles: 28915248 heartbeat IPC: 3.08381 cumulative IPC: 3.80422 (Simulation time: 0 hr 3 min 57 sec) 
Heartbeat CPU 0 instructions: 120000004 cycles: 31582180 heartbeat IPC: 3.74963 cumulative IPC: 3.79961 (Simulation time: 0 hr 4 min 19 sec) 
Heartbeat CPU 0 instructions: 130000002 cycles: 34159093 heartbeat IPC: 3.88061 cumulative IPC: 3.80572 (Simulation time: 0 hr 4 min 44 sec) 
Heartbeat CPU 0 instructions: 140000007 cycles: 36930127 heartbeat IPC: 3.60876 cumulative IPC: 3.79094 (Simulation time: 0 hr 5 min 9 sec) 
Heartbeat CPU 0 instructions: 150000005 cycles: 39555797 heartbeat IPC: 3.80855 cumulative IPC: 3.79211 (Simulation time: 0 hr 5 min 34 sec) 
Heartbeat CPU 0 instructions: 160000004 cycles: 42110484 heartbeat IPC: 3.91437 cumulative IPC: 3.79953 (Simulation time: 0 hr 5 min 58 sec) 
Heartbeat CPU 0 instructions: 170000000 cycles: 44660879 heartbeat IPC: 3.92096 cumulative IPC: 3.80646 (Simulation time: 0 hr 6 min 23 sec) 
Heartbeat CPU 0 instructions: 180000000 cycles: 47143497 heartbeat IPC: 4.02801 cumulative IPC: 3.81813 (Simulation time: 0 hr 6 min 46 sec) 
Heartbeat CPU 0 instructions: 190000002 cycles: 49653870 heartbeat IPC: 3.98347 cumulative IPC: 3.82649 (Simulation time: 0 hr 7 min 11 sec) 
Heartbeat CPU 0 instructions: 200000001 cycles: 52253299 heartbeat IPC: 3.847 cumulative IPC: 3.82751 (Simulation time: 0 hr 7 min 34 sec) 

Warmup complete CPU 0 instructions: 200000001 cycles: 52253299 (Simulation time: 0 hr 7 min 34 sec) 

Heartbeat CPU 0 instructions: 210000000 cycles: 86317762 heartbeat IPC: 0.293561 cumulative IPC: 0.293561 (Simulation time: 0 hr 8 min 5 sec) 
Heartbeat CPU 0 instructions: 220000003 cycles: 120935750 heartbeat IPC: 0.288867 cumulative IPC: 0.291195 (Simulation time: 0 hr 8 min 35 sec) 
Heartbeat CPU 0 instructions: 230000000 cycles: 147163621 heartbeat IPC: 0.381274 cumulative IPC: 0.316088 (Simulation time: 0 hr 9 min 2 sec) 
Heartbeat CPU 0 instructions: 240000000 cycles: 181994502 heartbeat IPC: 0.287102 cumulative IPC: 0.308306 (Simulation time: 0 hr 9 min 32 sec) 
Heartbeat CPU 0 instructions: 250000003 cycles: 215907931 heartbeat IPC: 0.294869 cumulative IPC: 0.305521 (Simulation time: 0 hr 10 min 1 sec) 
Heartbeat CPU 0 instructions: 260000000 cycles: 250617545 heartbeat IPC: 0.288105 cumulative IPC: 0.302474 (Simulation time: 0 hr 10 min 32 sec) 
Heartbeat CPU 0 instructions: 270000000 cycles: 286090357 heartbeat IPC: 0.281906 cumulative IPC: 0.299354 (Simulation time: 0 hr 11 min 3 sec) 
Heartbeat CPU 0 instructions: 280000000 cycles: 322238865 heartbeat IPC: 0.276637 cumulative IPC: 0.296312 (Simulation time: 0 hr 11 min 34 sec) 
Heartbeat CPU 0 instructions: 290000002 cycles: 356136493 heartbeat IPC: 0.295006 cumulative IPC: 0.296166 (Simulation time: 0 hr 12 min 5 sec) 
Heartbeat CPU 0 instructions: 300000006 cycles: 390745882 heartbeat IPC: 0.288939 cumulative IPC: 0.295427 (Simulation time: 0 hr 12 min 36 sec) 
Heartbeat CPU 0 instructions: 310000003 cycles: 423269768 heartbeat IPC: 0.307466 cumulative IPC: 0.296483 (Simulation time: 0 hr 13 min 6 sec) 
Heartbeat CPU 0 instructions: 320000001 cycles: 458243240 heartbeat IPC: 0.285931 cumulative IPC: 0.295574 (Simulation time: 0 hr 13 min 37 sec) 
Heartbeat CPU 0 instructions: 330000000 cycles: 492807234 heartbeat IPC: 0.289318 cumulative IPC: 0.295083 (Simulation time: 0 hr 14 min 9 sec) 
Heartbeat CPU 0 instructions: 340000001 cycles: 522878878 heartbeat IPC: 0.332539 cumulative IPC: 0.297476 (Simulation time: 0 hr 14 min 40 sec) 
Heartbeat CPU 0 instructions: 350000001 cycles: 558927871 heartbeat IPC: 0.2774 cumulative IPC: 0.296048 (Simulation time: 0 hr 15 min 11 sec) 
Heartbeat CPU 0 instructions: 360000000 cycles: 588281596 heartbeat IPC: 0.340672 cumulative IPC: 0.298492 (Simulation time: 0 hr 15 min 39 sec) 
Heartbeat CPU 0 instructions: 370000002 cycles: 624620001 heartbeat IPC: 0.275191 cumulative IPC: 0.297012 (Simulation time: 0 hr 16 min 9 sec) 
Heartbeat CPU 0 instructions: 380000000 cycles: 657316606 heartbeat IPC: 0.305842 cumulative IPC: 0.29749 (Simulation time: 0 hr 16 min 38 sec) 
Heartbeat CPU 0 instructions: 390000001 cycles: 689947379 heartbeat IPC: 0.306459 cumulative IPC: 0.297949 (Simulation time: 0 hr 17 min 7 sec) 
Heartbeat CPU 0 instructions: 400000000 cycles: 725098996 heartbeat IPC: 0.284482 cumulative IPC: 0.297245 (Simulation time: 0 hr 17 min 37 sec) 
Finished CPU 0 instructions: 200000001 cycles: 672845698 cumulative IPC: 0.297245 (Simulation time: 0 hr 17 min 37 sec) 

ChampSim completed all CPUs

Region of Interest Statistics

CPU 0 cumulative IPC: 0.297245 instructions: 200000001 cycles: 672845698
ITLB TOTAL     ACCESS:   20909231  HIT:   20239545  MISS:     669686  HIT %:    96.7972  MISS %:    3.20282   MPKI: 3.34843
ITLB LOAD TRANSLATION ACCESS:   20909231  HIT:   20239545  MISS:     669686  HIT %:    96.7972  MISS %:    3.20282   MPKI: 3.34843
ITLB PREFETCH  REQUESTED:          0  ISSUED:          0  USEFUL:          0  USELESS:          0
ITLB USEFUL LOAD PREFETCHES:          0 PREFETCH ISSUED TO LOWER LEVEL:          0  ACCURACY: -nan
ITLB TIMELY PREFETCHES:          0 LATE PREFETCHES: 0 DROPPED PREFETCHES: 0
ITLB PREFETCHES SAME FILL-ORIGIN LEVEL: 0 DIFFERENT FILL-ORIGIN LEVEL: 0
ITLB AVERAGE MISS LATENCY:    22.2365 cycles AVERAGE LOAD MISS LATENCY:       -nan cycles Load Miss          0
ITLB Average MSHR Occupancy:  0.0217155
ITLB RQ	ACCESS:   24705213	FORWARD:          0	MERGED:    3145716	TO_CACHE:   21559497

DTLB TOTAL     ACCESS:   42660847  HIT:   39465171  MISS:    3195676  HIT %:    92.5091  MISS %:    7.49089   MPKI: 15.9784
DTLB LOAD TRANSLATION ACCESS:   42660847  HIT:   39465171  MISS:    3195676  HIT %:    92.5091  MISS %:    7.49089   MPKI: 15.9784
DTLB PREFETCH  REQUESTED:          0  ISSUED:          0  USEFUL:          0  USELESS:          0
DTLB USEFUL LOAD PREFETCHES:          0 PREFETCH ISSUED TO LOWER LEVEL:          0  ACCURACY: -nan
DTLB TIMELY PREFETCHES:          0 LATE PREFETCHES: 0 DROPPED PREFETCHES: 0
DTLB PREFETCHES SAME FILL-ORIGIN LEVEL: 0 DIFFERENT FILL-ORIGIN LEVEL: 0
DTLB AVERAGE MISS LATENCY:    42.3748 cycles AVERAGE LOAD MISS LATENCY:       -nan cycles Load Miss          0
DTLB Average MSHR Occupancy:   0.197569
DTLB RQ	ACCESS:   56405495	FORWARD:          0	MERGED:   13235085	TO_CACHE:   43170410

STLB TOTAL     ACCESS:    3865362  HIT:    2940313  MISS:     925049  HIT %:    76.0682  MISS %:    23.9318   MPKI: 4.62524
STLB LOAD TRANSLATION ACCESS:    3865362  HIT:    2940313  MISS:     925049  HIT %:    76.0682  MISS %:    23.9318   MPKI: 4.62524
STLB PREFETCH  REQUESTED:          0  ISSUED:          0  USEFUL:          0  USELESS:          0
STLB USEFUL LOAD PREFETCHES:          0 PREFETCH ISSUED TO LOWER LEVEL:          0  ACCURACY: -nan
STLB TIMELY PREFETCHES:          0 LATE PREFETCHES: 0 DROPPED PREFETCHES: 0
STLB PREFETCHES SAME FILL-ORIGIN LEVEL: 0 DIFFERENT FILL-ORIGIN LEVEL: 0
STLB AVERAGE MISS LATENCY:    124.681 cycles AVERAGE LOAD MISS LATENCY:       -nan cycles Load Miss          0
STLB Average MSHR Occupancy:   0.170341
STLB RQ	ACCESS:    3865362	FORWARD:          0	MERGED:          0	TO_CACHE:    3865362

STLB Hit, L1D data hit: 0
STLB Hit, L2C data hit: 0
STLB Hit, LLC data hit: 0
STLB Hit, LLC data miss: 0
STLB STLB hints to L2: 0
L1D TOTAL     ACCESS:   53918412  HIT:   49947523  MISS:    3970889  HIT %:    92.6354  MISS %:    7.36463   MPKI: 19.8544
L1D LOAD      ACCESS:   30208951  HIT:   27267174  MISS:    2941777  HIT %:    90.2619  MISS %:     9.7381   MPKI: 14.7089
L1D RFO       ACCESS:   23709461  HIT:   22680349  MISS:    1029112  HIT %:    95.6595  MISS %:    4.34051   MPKI: 5.14556
L1D PREFETCH  REQUESTED:          0  ISSUED:          0  USEFUL:          0  USELESS:          0
L1D USEFUL LOAD PREFETCHES:          0 PREFETCH ISSUED TO LOWER LEVEL:          0  ACCURACY: -nan
L1D TIMELY PREFETCHES:          0 LATE PREFETCHES: 0 DROPPED PREFETCHES: 0
L1D PREFETCHES SAME FILL-ORIGIN LEVEL: 0 DIFFERENT FILL-ORIGIN LEVEL: 0
L1D AVERAGE MISS LATENCY:    98.7965 cycles AVERAGE LOAD MISS LATENCY:    88.4618 cycles Load Miss    2941777
L1D Average MSHR Occupancy:   0.590703
L1D RQ	ACCESS:   44816132	FORWARD:          0	MERGED:   13443125	TO_CACHE:   30410716
L1D WQ	ACCESS:   26797982	FORWARD:     962291	MERGED:     803203	TO_CACHE:   25994779

L1D UNIQUE REGIONS ACCESSED: 0
L1D REGIONS CONFLICTS: 0
L1D Cross Page Prefetch Requests: 0
L1D Same Page Prefetch Requests: 0
L1D ROI Sum of L1D PQ occupancy: 0
L1D PREFETCHES PUSHED FROM L2C: 0
L1I TOTAL     ACCESS:   24267038  HIT:    8383835  MISS:   15883203  HIT %:    34.5482  MISS %:    65.4518   MPKI: 79.416
L1I LOAD      ACCESS:   24267038  HIT:    8383835  MISS:   15883203  HIT %:    34.5482  MISS %:    65.4518   MPKI: 79.416
L1I PREFETCH  REQUESTED:          0  ISSUED:          0  USEFUL:          0  USELESS:          0
L1I USEFUL LOAD PREFETCHES:          0 PREFETCH ISSUED TO LOWER LEVEL:          0  ACCURACY: -nan
L1I TIMELY PREFETCHES:          0 LATE PREFETCHES: 0 DROPPED PREFETCHES: 0
L1I PREFETCHES SAME FILL-ORIGIN LEVEL: 0 DIFFERENT FILL-ORIGIN LEVEL: 0
L1I AVERAGE MISS LATENCY:    22.7924 cycles AVERAGE LOAD MISS LATENCY:    22.7924 cycles Load Miss   15883203
L1I Average MSHR Occupancy:   0.528258
L1I RQ	ACCESS:   44437526	FORWARD:          0	MERGED:   19732313	TO_CACHE:   24705213

BTB TOTAL     ACCESS:   18262456  HIT:   14279928  MISS:    3982528  HIT %:    78.1928  MISS %:    21.8072   MPKI: 19.9126
BTB BRANCH_DIRECT_JUMP	ACCESS:    2986369  HIT:    2048768  MISS:     937601
BTB BRANCH_INDIRECT	ACCESS:     236237  HIT:     124915  MISS:     111322
BTB BRANCH_CONDITIONAL	ACCESS:   11412029  HIT:   10649108  MISS:     762921
BTB BRANCH_DIRECT_CALL	ACCESS:    1604723  HIT:     981337  MISS:     623386
BTB BRANCH_INDIRECT_CALL	ACCESS:     202382  HIT:      83076  MISS:     119306
BTB BRANCH_RETURN	ACCESS:    1814243  HIT:     390831  MISS:    1423412
BTB BRANCH_OTHER ACCESS:       6473  HIT:       1893  MISS:       4580

L2C TOTAL     ACCESS:   23635947  HIT:   20755510  MISS:    2880437  HIT %:    87.8133  MISS %:    12.1867   MPKI: 14.4022
L2C LOAD      ACCESS:   18824828  HIT:   16870010  MISS:    1954818  HIT %:    89.6157  MISS %:    10.3843   MPKI: 9.77409
L2C DATA LOAD MPKI: 5.34831
L2C INSTRUCTION LOAD MPKI: 4.42577
L2C RFO       ACCESS:    1029060  HIT:     492954  MISS:     536106  HIT %:    47.9033  MISS %:    52.0967   MPKI: 2.68053
L2C PREFETCH  ACCESS:     368111  HIT:     366932  MISS:       1179  HIT %:    99.6797  MISS %:   0.320284   MPKI: 0.005895
AGUS PREFETCH L1 MISS: 0
L2C DATA PREFETCH MPKI: 0.005895
L2C INSTRUCTION PREFETCH MPKI: 0
L2C WRITEBACK ACCESS:    1860959  HIT:    1853161  MISS:       7798  HIT %:     99.581  MISS %:   0.419031   MPKI: 0.03899
L2C LOAD TRANSLATION ACCESS:    1552989  HIT:    1172453  MISS:     380536  HIT %:    75.4965  MISS %:    24.5035   MPKI: 1.90268
L2C PREFETCH  REQUESTED:    1245482  ISSUED:    1245480  USEFUL:        871  USELESS:        309
L2C USEFUL LOAD PREFETCHES:        871 PREFETCH ISSUED TO LOWER LEVEL:     802888  ACCURACY: 0.108483
L2C TIMELY PREFETCHES:        871 LATE PREFETCHES: 220 DROPPED PREFETCHES: 0
L2C PREFETCHES SAME FILL-ORIGIN LEVEL: 1399 DIFFERENT FILL-ORIGIN LEVEL: 801489
L2C AVERAGE MISS LATENCY:    186.877 cycles AVERAGE LOAD MISS LATENCY:    180.658 cycles Load Miss    1954818
L2C Average MSHR Occupancy:   0.798282
L2C RQ	ACCESS:   21407082	FORWARD:          0	MERGED:          0	TO_CACHE:   21406878
L2C WQ	ACCESS:    1860959	FORWARD:        207	MERGED:          0	TO_CACHE:    1860959
L2C PQ	ACCESS:    1245480	FORWARD:          0	MERGED:      12867	TO_CACHE:    1232610

L2C Instructions Evicting Data 479018
L2C Translations Evicting Data 214827
L2C Data Evicting Data 916801
L2C Instructions Evicting Instructions 290466
L2C Translations Evicting Instructions 116336
L2C Data Evicting Instructions 475630
L2C Instructions Evicting Translations 115671
L2C Translations Evicting Translations 49373
L2C Data Evicting Translations 214517
L2C Dense regions hint from L2: 0
PSCL5 TOTAL     ACCESS:     925049  HIT:     925049  MISS:          0  HIT %:        100  MISS %:          0   MPKI: 0
PSCL5 LOAD TRANSLATION ACCESS:     925049  HIT:     925049  MISS:          0  HIT %:        100  MISS %:          0   MPKI: 0
PSCL5 PREFETCH  REQUESTED:          0  ISSUED:          0  USEFUL:          0  USELESS:          0
PSCL5 USEFUL LOAD PREFETCHES:          0 PREFETCH ISSUED TO LOWER LEVEL:          0  ACCURACY: -nan
PSCL5 TIMELY PREFETCHES:          0 LATE PREFETCHES: 0 DROPPED PREFETCHES: 0
PSCL5 PREFETCHES SAME FILL-ORIGIN LEVEL: 0 DIFFERENT FILL-ORIGIN LEVEL: 0

PSCL4 TOTAL     ACCESS:     810631  HIT:     806838  MISS:       3793  HIT %:    99.5321  MISS %:   0.467907   MPKI: 0.018965
PSCL4 LOAD TRANSLATION ACCESS:     810631  HIT:     806838  MISS:       3793  HIT %:    99.5321  MISS %:   0.467907   MPKI: 0.018965
PSCL4 PREFETCH  REQUESTED:          0  ISSUED:          0  USEFUL:          0  USELESS:          0
PSCL4 USEFUL LOAD PREFETCHES:          0 PREFETCH ISSUED TO LOWER LEVEL:          0  ACCURACY: -nan
PSCL4 TIMELY PREFETCHES:          0 LATE PREFETCHES: 0 DROPPED PREFETCHES: 0
PSCL4 PREFETCHES SAME FILL-ORIGIN LEVEL: 0 DIFFERENT FILL-ORIGIN LEVEL: 0

PSCL3 TOTAL     ACCESS:     920728  HIT:     904007  MISS:      16721  HIT %:    98.1839  MISS %:    1.81606   MPKI: 0.083605
PSCL3 LOAD TRANSLATION ACCESS:     920728  HIT:     904007  MISS:      16721  HIT %:    98.1839  MISS %:    1.81606   MPKI: 0.083605
PSCL3 PREFETCH  REQUESTED:          0  ISSUED:          0  USEFUL:          0  USELESS:          0
PSCL3 USEFUL LOAD PREFETCHES:          0 PREFETCH ISSUED TO LOWER LEVEL:          0  ACCURACY: -nan
PSCL3 TIMELY PREFETCHES:          0 LATE PREFETCHES: 0 DROPPED PREFETCHES: 0
PSCL3 PREFETCHES SAME FILL-ORIGIN LEVEL: 0 DIFFERENT FILL-ORIGIN LEVEL: 0

PSCL2 TOTAL     ACCESS:     925049  HIT:     317361  MISS:     607688  HIT %:    34.3075  MISS %:    65.6925   MPKI: 3.03844
PSCL2 LOAD TRANSLATION ACCESS:     925049  HIT:     317361  MISS:     607688  HIT %:    34.3075  MISS %:    65.6925   MPKI: 3.03844
PSCL2 PREFETCH  REQUESTED:          0  ISSUED:          0  USEFUL:          0  USELESS:          0
PSCL2 USEFUL LOAD PREFETCHES:          0 PREFETCH ISSUED TO LOWER LEVEL:          0  ACCURACY: -nan
PSCL2 TIMELY PREFETCHES:          0 LATE PREFETCHES: 0 DROPPED PREFETCHES: 0
PSCL2 PREFETCHES SAME FILL-ORIGIN LEVEL: 0 DIFFERENT FILL-ORIGIN LEVEL: 0

LLC TOTAL     ACCESS:    4685295  HIT:    1232094  MISS:    3453201  HIT %:     26.297  MISS %:     73.703   MPKI: 17.266
LLC LOAD      ACCESS:    1954598  HIT:     491788  MISS:    1462810  HIT %:    25.1606  MISS %:    74.8394   MPKI: 7.31405
LLC RFO       ACCESS:     536105  HIT:      41639  MISS:     494466  HIT %:    7.76695  MISS %:    92.2331   MPKI: 2.47233
LLC PREFETCH  ACCESS:     786907  HIT:     240000  MISS:     546907  HIT %:    30.4992  MISS %:    69.5008   MPKI: 2.73453
AGUS PREFETCH L1 MISS: 0
LLC WRITEBACK ACCESS:    1027149  HIT:     347195  MISS:     679954  HIT %:    33.8018  MISS %:    66.1982   MPKI: 3.39977
LLC LOAD TRANSLATION ACCESS:     380536  HIT:     111472  MISS:     269064  HIT %:    29.2934  MISS %:    70.7066   MPKI: 1.34532
LLC PREFETCH  REQUESTED:          0  ISSUED:          0  USEFUL:      59748  USELESS:     168073
LLC USEFUL LOAD PREFETCHES:      59748 PREFETCH ISSUED TO LOWER LEVEL:     560124  ACCURACY: 10.6669
LLC TIMELY PREFETCHES:      59748 LATE PREFETCHES: 13217 DROPPED PREFETCHES: 0
LLC PREFETCHES SAME FILL-ORIGIN LEVEL: 559406 DIFFERENT FILL-ORIGIN LEVEL: 0
LLC AVERAGE MISS LATENCY:    148.376 cycles AVERAGE LOAD MISS LATENCY:     181.42 cycles Load Miss    1462810
LLC Average MSHR Occupancy:   0.758023
LLC RQ	ACCESS:    2871240	FORWARD:          0	MERGED:          0	TO_CACHE:    2871239
LLC WQ	ACCESS:    1027149	FORWARD:          1	MERGED:          0	TO_CACHE:    1027149
LLC PQ	ACCESS:     802888	FORWARD:          0	MERGED:        962	TO_CACHE:     801926

LLC Dense regions hint to LLC: 0

RAW hits: 2905405
Loads Generated: 47721538
Loads sent to L1D: 44816132
Stores Generated: 26797945
Stores sent to L1D: 26797982
Major fault: 0 Minor fault: 128296
Allocated PAGES: 128296
 All Calls: 6393892
 Critical Calls: 6393892
------------------
Depth Distribution
------------------
depth 0: 0
depth 1: 3649509
depth 2: 448644
depth 3: 62598
depth 4: 16868
depth 5: 4089
depth 6: 188
depth 7: 18
depth 8: 14
depth 9: 9
depth 10: 7
depth 11: 2
depth 12: 2
depth 13: 0
depth 14: 0
depth 15: 0
depth 16: 0
depth 17: 0
depth 18: 0
depth 19: 0
depth 20: 0
depth 21: 0
depth 22: 0
depth 23: 0
depth 24: 0
depth 25: 0
depth 26: 0
depth 27: 0
depth 28: 0
depth 29: 0
Total: 4181948
-----------------------------
-----------------------------
	Captured at Filter
-----------------------------
depth 0: 0
depth 1: 10563
depth 2: 2330
depth 3: 864
depth 4: 74
depth 5: 22
depth 6: 2
depth 7: 0
depth 8: 0
depth 9: 0
depth 10: 0
depth 11: 0
depth 12: 0
depth 13: 0
depth 14: 0
depth 15: 0
depth 16: 0
depth 17: 0
depth 18: 0
depth 19: 0
depth 20: 0
depth 21: 0
depth 22: 0
depth 23: 0
depth 24: 0
depth 25: 0
depth 26: 0
depth 27: 0
depth 28: 0
depth 29: 0
-----------------------------
-----------------------------
		Lost at Page
-----------------------------
depth 0: 0
depth 1: 129158
depth 2: 19829
depth 3: 2940
depth 4: 636
depth 5: 131
depth 6: 12
depth 7: 7
depth 8: 7
depth 9: 7
depth 10: 5
depth 11: 1
depth 12: 1
depth 13: 0
depth 14: 0
depth 15: 0
depth 16: 0
depth 17: 0
depth 18: 0
depth 19: 0
depth 20: 0
depth 21: 0
depth 22: 0
depth 23: 0
depth 24: 0
depth 25: 0
depth 26: 0
depth 27: 0
depth 28: 0
depth 29: 0
-----------------------------
-----------------------------
	Lost due to PQ Size
-----------------------------
395710
-----------------------------
ST read accesses: 1705962
ST write accesses: 1235663
PT read accesses: 23826762
PT write accesses: 1772811
FILTER read accesses: 7073329
FILTER write accesses: 2921485
GHR read accesses: 10402699
GHR write accesses: 51834
GHR counter read accesses: 22543226
GHR counter write accesses: 2946829
ST tag read accesses: 1763792490
ST tag write accesses: 372141892
================ Mockingjay (LLC) Pollution Stats ================
Total pollution count in LLC: 148499
==================================================================

DRAM Statistics
 CHANNEL 0
 RQ ROW_BUFFER_HIT:     226687  ROW_BUFFER_MISS:    2546547
 DBUS_CONGESTED:        740
 WQ ROW_BUFFER_HIT:     372046  ROW_BUFFER_MISS:     622857  FULL:          0

 AVG_CONGESTED_CYCLE: 4
 All warmup complete: 2
Channel 0 Bank busy for read cycles: 0
Channel 0 Bank busy for write cycles: 0
Channel 0
Rank 0
0banks busy for read cycles: 314993186
0banks busy for write cycles: 401320
1banks busy for read cycles: 150511086
1banks busy for write cycles: 68667647
2banks busy for read cycles: 53918584
2banks busy for write cycles: 27952128
3banks busy for read cycles: 21023346
3banks busy for write cycles: 11153072
4banks busy for read cycles: 8570010
4banks busy for write cycles: 4831718
5banks busy for read cycles: 3357084
5banks busy for write cycles: 2281071
6banks busy for read cycles: 1565445
6banks busy for write cycles: 1114885
7banks busy for read cycles: 842801
7banks busy for write cycles: 593903
8banks busy for read cycles: 696594
8banks busy for write cycles: 371819

CPU 0 Branch Prediction Accuracy: 96.6309% MPKI: 6.86834 Average ROB Occupancy at Mispredict: 16.6607
Branch types
NOT_BRANCH: 159227108 79.6136%
BRANCH_DIRECT_JUMP: 2986369 1.49318%
BRANCH_INDIRECT: 236237 0.118118%
BRANCH_CONDITIONAL: 33921809 16.9609%
BRANCH_DIRECT_CALL: 1604723 0.802361%
BRANCH_INDIRECT_CALL: 202382 0.101191%
BRANCH_RETURN: 1814243 0.907121%
BRANCH_OTHER: 6473 0.0032365%

===================== LRU L1D STATS =====================
Total pollution count in L1D: 0
=========================================================
================ SRRIP (L2C) Pollution Stats ================
Total pollution count in L2c: 2658013
==================================================================
DRAM PAGES: 1048576
Allocated PAGES: 128296
