Initialize SIGNATURE TABLE
ST_SET: 1
ST_WAY: 256
ST_TAG_BIT: 16
ST_TAG_MASK: ffff

Initialize PATTERN TABLE
PT_SET: 512
PT_WAY: 4
SIG_DELTA_BIT: 7
C_SIG_BIT: 4
C_DELTA_BIT: 4

Initialize PREFETCH FILTER
FILTER_SET: 1024

*** ChampSim Multicore Out-of-Order Simulator ***

Warmup Instructions: 200000000
Simulation Instructions: 200000000
Number of CPUs: 1
LLC sets: 4096
LLC ways: 12
Off-chip DRAM Size: 4096 MB Channels: 1 Width: 64-bit Data Rate: 6400 MT/s
CPU 0 runs /home1/sweta/traces/DPC4-Traces/Google_Traces_v2/Google_Traces_v2/yankee/yankee_0001.champsim.gz
.gz
BTB has LRU replacement policy
ITLB has LRU replacement policy
DTLB has LRU replacement policy
STLB has LRU replacement policy
L1I has LRU replacement policy
L1D has LRU replacement policy
ST_WAYS: 256
PT_SETS: 512
Initialize SRRIP state for L2C
Initialize Mockingjay state for LLC
Heartbeat CPU 0 instructions: 10000007 cycles: 2456939 heartbeat IPC: 4.07011 cumulative IPC: 4.07011 (Simulation time: 0 hr 0 min 21 sec) 
Heartbeat CPU 0 instructions: 20000003 cycles: 4880577 heartbeat IPC: 4.12603 cumulative IPC: 4.09788 (Simulation time: 0 hr 0 min 42 sec) 
Heartbeat CPU 0 instructions: 30000002 cycles: 7347641 heartbeat IPC: 4.0534 cumulative IPC: 4.08294 (Simulation time: 0 hr 1 min 4 sec) 
Heartbeat CPU 0 instructions: 40000001 cycles: 9868452 heartbeat IPC: 3.96698 cumulative IPC: 4.05332 (Simulation time: 0 hr 1 min 26 sec) 
Heartbeat CPU 0 instructions: 50000002 cycles: 12283326 heartbeat IPC: 4.141 cumulative IPC: 4.07056 (Simulation time: 0 hr 1 min 47 sec) 
Heartbeat CPU 0 instructions: 60000003 cycles: 14723630 heartbeat IPC: 4.09785 cumulative IPC: 4.07508 (Simulation time: 0 hr 2 min 10 sec) 
Heartbeat CPU 0 instructions: 70000004 cycles: 17165831 heartbeat IPC: 4.09467 cumulative IPC: 4.07787 (Simulation time: 0 hr 2 min 32 sec) 
Heartbeat CPU 0 instructions: 80000002 cycles: 19611866 heartbeat IPC: 4.08825 cumulative IPC: 4.07916 (Simulation time: 0 hr 2 min 56 sec) 
Heartbeat CPU 0 instructions: 90000000 cycles: 22109838 heartbeat IPC: 4.00325 cumulative IPC: 4.07059 (Simulation time: 0 hr 3 min 20 sec) 
Heartbeat CPU 0 instructions: 100000004 cycles: 24489384 heartbeat IPC: 4.20248 cumulative IPC: 4.0834 (Simulation time: 0 hr 3 min 42 sec) 
Heartbeat CPU 0 instructions: 110000004 cycles: 26918525 heartbeat IPC: 4.11668 cumulative IPC: 4.08641 (Simulation time: 0 hr 4 min 4 sec) 
Heartbeat CPU 0 instructions: 120000001 cycles: 29402825 heartbeat IPC: 4.02528 cumulative IPC: 4.08124 (Simulation time: 0 hr 4 min 27 sec) 
Heartbeat CPU 0 instructions: 130000000 cycles: 31843266 heartbeat IPC: 4.09762 cumulative IPC: 4.0825 (Simulation time: 0 hr 4 min 50 sec) 
Heartbeat CPU 0 instructions: 140000002 cycles: 34263976 heartbeat IPC: 4.13102 cumulative IPC: 4.08592 (Simulation time: 0 hr 5 min 13 sec) 
Heartbeat CPU 0 instructions: 150000000 cycles: 36750102 heartbeat IPC: 4.02232 cumulative IPC: 4.08162 (Simulation time: 0 hr 5 min 35 sec) 
Heartbeat CPU 0 instructions: 160000000 cycles: 39238860 heartbeat IPC: 4.01807 cumulative IPC: 4.07759 (Simulation time: 0 hr 5 min 59 sec) 
Heartbeat CPU 0 instructions: 170000002 cycles: 41710551 heartbeat IPC: 4.04581 cumulative IPC: 4.07571 (Simulation time: 0 hr 6 min 22 sec) 
Heartbeat CPU 0 instructions: 180000000 cycles: 44138831 heartbeat IPC: 4.11814 cumulative IPC: 4.07804 (Simulation time: 0 hr 6 min 46 sec) 
Heartbeat CPU 0 instructions: 190000000 cycles: 46585333 heartbeat IPC: 4.08747 cumulative IPC: 4.07854 (Simulation time: 0 hr 7 min 10 sec) 
Heartbeat CPU 0 instructions: 200000006 cycles: 49066821 heartbeat IPC: 4.02984 cumulative IPC: 4.07607 (Simulation time: 0 hr 7 min 32 sec) 

Warmup complete CPU 0 instructions: 200000006 cycles: 49066821 (Simulation time: 0 hr 7 min 32 sec) 

Heartbeat CPU 0 instructions: 210000000 cycles: 77372241 heartbeat IPC: 0.353289 cumulative IPC: 0.353289 (Simulation time: 0 hr 8 min 0 sec) 
Heartbeat CPU 0 instructions: 220000000 cycles: 113525927 heartbeat IPC: 0.276597 cumulative IPC: 0.310274 (Simulation time: 0 hr 8 min 29 sec) 
Heartbeat CPU 0 instructions: 230000001 cycles: 143664154 heartbeat IPC: 0.331805 cumulative IPC: 0.317134 (Simulation time: 0 hr 8 min 58 sec) 
Heartbeat CPU 0 instructions: 240000000 cycles: 172168036 heartbeat IPC: 0.350829 cumulative IPC: 0.324936 (Simulation time: 0 hr 9 min 28 sec) 
Heartbeat CPU 0 instructions: 250000003 cycles: 204482569 heartbeat IPC: 0.309458 cumulative IPC: 0.321718 (Simulation time: 0 hr 9 min 57 sec) 
Heartbeat CPU 0 instructions: 260000002 cycles: 236805810 heartbeat IPC: 0.309375 cumulative IPC: 0.319593 (Simulation time: 0 hr 10 min 26 sec) 
Heartbeat CPU 0 instructions: 270000000 cycles: 277521562 heartbeat IPC: 0.245605 cumulative IPC: 0.306406 (Simulation time: 0 hr 10 min 56 sec) 
Heartbeat CPU 0 instructions: 280000003 cycles: 312048168 heartbeat IPC: 0.289632 cumulative IPC: 0.304204 (Simulation time: 0 hr 11 min 25 sec) 
Heartbeat CPU 0 instructions: 290000005 cycles: 339499867 heartbeat IPC: 0.364276 cumulative IPC: 0.309882 (Simulation time: 0 hr 11 min 52 sec) 
Heartbeat CPU 0 instructions: 300000000 cycles: 374606173 heartbeat IPC: 0.284849 cumulative IPC: 0.307183 (Simulation time: 0 hr 12 min 21 sec) 
Heartbeat CPU 0 instructions: 310000000 cycles: 406790010 heartbeat IPC: 0.310715 cumulative IPC: 0.3075 (Simulation time: 0 hr 12 min 49 sec) 
Heartbeat CPU 0 instructions: 320000001 cycles: 438592236 heartbeat IPC: 0.314443 cumulative IPC: 0.308067 (Simulation time: 0 hr 13 min 19 sec) 
Heartbeat CPU 0 instructions: 330000000 cycles: 471830739 heartbeat IPC: 0.300856 cumulative IPC: 0.3075 (Simulation time: 0 hr 13 min 48 sec) 
Heartbeat CPU 0 instructions: 340000003 cycles: 505325293 heartbeat IPC: 0.298556 cumulative IPC: 0.306844 (Simulation time: 0 hr 14 min 16 sec) 
Heartbeat CPU 0 instructions: 350000000 cycles: 535484446 heartbeat IPC: 0.331574 cumulative IPC: 0.308377 (Simulation time: 0 hr 14 min 44 sec) 
Heartbeat CPU 0 instructions: 360000000 cycles: 558655377 heartbeat IPC: 0.431575 cumulative IPC: 0.313979 (Simulation time: 0 hr 15 min 12 sec) 
Heartbeat CPU 0 instructions: 370000001 cycles: 592577256 heartbeat IPC: 0.294795 cumulative IPC: 0.312781 (Simulation time: 0 hr 15 min 40 sec) 
Heartbeat CPU 0 instructions: 380000004 cycles: 625380950 heartbeat IPC: 0.304844 cumulative IPC: 0.31233 (Simulation time: 0 hr 16 min 9 sec) 
Heartbeat CPU 0 instructions: 390000000 cycles: 648465129 heartbeat IPC: 0.433197 cumulative IPC: 0.316985 (Simulation time: 0 hr 16 min 34 sec) 
Heartbeat CPU 0 instructions: 400000001 cycles: 676603702 heartbeat IPC: 0.355384 cumulative IPC: 0.318706 (Simulation time: 0 hr 17 min 1 sec) 
Finished CPU 0 instructions: 200000003 cycles: 627536882 cumulative IPC: 0.318706 (Simulation time: 0 hr 17 min 1 sec) 

ChampSim completed all CPUs

Region of Interest Statistics

CPU 0 cumulative IPC: 0.318706 instructions: 200000003 cycles: 627536882
ITLB TOTAL     ACCESS:   19207267  HIT:   19057710  MISS:     149557  HIT %:    99.2214  MISS %:   0.778648   MPKI: 0.747785
ITLB LOAD TRANSLATION ACCESS:   19207267  HIT:   19057710  MISS:     149557  HIT %:    99.2214  MISS %:   0.778648   MPKI: 0.747785
ITLB PREFETCH  REQUESTED:          0  ISSUED:          0  USEFUL:          0  USELESS:          0
ITLB USEFUL LOAD PREFETCHES:          0 PREFETCH ISSUED TO LOWER LEVEL:          0  ACCURACY: -nan
ITLB TIMELY PREFETCHES:          0 LATE PREFETCHES: 0 DROPPED PREFETCHES: 0
ITLB PREFETCHES SAME FILL-ORIGIN LEVEL: 0 DIFFERENT FILL-ORIGIN LEVEL: 0
ITLB AVERAGE MISS LATENCY:     33.689 cycles AVERAGE LOAD MISS LATENCY:       -nan cycles Load Miss          0
ITLB Average MSHR Occupancy: 0.00811541
ITLB RQ	ACCESS:   21891762	FORWARD:          0	MERGED:    2551735	TO_CACHE:   19340027

DTLB TOTAL     ACCESS:   40991525  HIT:   39575223  MISS:    1416302  HIT %:    96.5449  MISS %:    3.45511   MPKI: 7.08151
DTLB LOAD TRANSLATION ACCESS:   40991525  HIT:   39575223  MISS:    1416302  HIT %:    96.5449  MISS %:    3.45511   MPKI: 7.08151
DTLB PREFETCH  REQUESTED:          0  ISSUED:          0  USEFUL:          0  USELESS:          0
DTLB USEFUL LOAD PREFETCHES:          0 PREFETCH ISSUED TO LOWER LEVEL:          0  ACCURACY: -nan
DTLB TIMELY PREFETCHES:          0 LATE PREFETCHES: 0 DROPPED PREFETCHES: 0
DTLB PREFETCHES SAME FILL-ORIGIN LEVEL: 0 DIFFERENT FILL-ORIGIN LEVEL: 0
DTLB AVERAGE MISS LATENCY:    66.9913 cycles AVERAGE LOAD MISS LATENCY:       -nan cycles Load Miss          0
DTLB Average MSHR Occupancy:    0.14411
DTLB RQ	ACCESS:   53068214	FORWARD:          0	MERGED:   11793940	TO_CACHE:   41274274

STLB TOTAL     ACCESS:    1565859  HIT:    1050119  MISS:     515740  HIT %:    67.0634  MISS %:    32.9366   MPKI: 2.5787
STLB LOAD TRANSLATION ACCESS:    1565859  HIT:    1050119  MISS:     515740  HIT %:    67.0634  MISS %:    32.9366   MPKI: 2.5787
STLB PREFETCH  REQUESTED:          0  ISSUED:          0  USEFUL:          0  USELESS:          0
STLB USEFUL LOAD PREFETCHES:          0 PREFETCH ISSUED TO LOWER LEVEL:          0  ACCURACY: -nan
STLB TIMELY PREFETCHES:          0 LATE PREFETCHES: 0 DROPPED PREFETCHES: 0
STLB PREFETCHES SAME FILL-ORIGIN LEVEL: 0 DIFFERENT FILL-ORIGIN LEVEL: 0
STLB AVERAGE MISS LATENCY:    166.225 cycles AVERAGE LOAD MISS LATENCY:       -nan cycles Load Miss          0
STLB Average MSHR Occupancy:   0.130431
STLB RQ	ACCESS:    1565859	FORWARD:          0	MERGED:          0	TO_CACHE:    1565859

STLB Hit, L1D data hit: 0
STLB Hit, L2C data hit: 0
STLB Hit, LLC data hit: 0
STLB Hit, LLC data miss: 0
STLB STLB hints to L2: 0
L1D TOTAL     ACCESS:   50877974  HIT:   48053451  MISS:    2824523  HIT %:    94.4484  MISS %:    5.55156   MPKI: 14.1226
L1D LOAD      ACCESS:   30122495  HIT:   28104707  MISS:    2017788  HIT %:    93.3014  MISS %:    6.69861   MPKI: 10.0889
L1D RFO       ACCESS:   20755479  HIT:   19948744  MISS:     806735  HIT %:    96.1131  MISS %:    3.88685   MPKI: 4.03367
L1D PREFETCH  REQUESTED:          0  ISSUED:          0  USEFUL:          0  USELESS:          0
L1D USEFUL LOAD PREFETCHES:          0 PREFETCH ISSUED TO LOWER LEVEL:          0  ACCURACY: -nan
L1D TIMELY PREFETCHES:          0 LATE PREFETCHES: 0 DROPPED PREFETCHES: 0
L1D PREFETCHES SAME FILL-ORIGIN LEVEL: 0 DIFFERENT FILL-ORIGIN LEVEL: 0
L1D AVERAGE MISS LATENCY:    110.633 cycles AVERAGE LOAD MISS LATENCY:    83.7012 cycles Load Miss    2017788
L1D Average MSHR Occupancy:   0.499892
L1D RQ	ACCESS:   45155537	FORWARD:          0	MERGED:   14093085	TO_CACHE:   30330537
L1D WQ	ACCESS:   23215561	FORWARD:     731915	MERGED:     477884	TO_CACHE:   22737677

L1D UNIQUE REGIONS ACCESSED: 0
L1D REGIONS CONFLICTS: 0
L1D Cross Page Prefetch Requests: 0
L1D Same Page Prefetch Requests: 0
L1D ROI Sum of L1D PQ occupancy: 0
L1D PREFETCHES PUSHED FROM L2C: 0
L1I TOTAL     ACCESS:   21537167  HIT:   11991183  MISS:    9545984  HIT %:    55.6767  MISS %:    44.3233   MPKI: 47.7299
L1I LOAD      ACCESS:   21537167  HIT:   11991183  MISS:    9545984  HIT %:    55.6767  MISS %:    44.3233   MPKI: 47.7299
L1I PREFETCH  REQUESTED:          0  ISSUED:          0  USEFUL:          0  USELESS:          0
L1I USEFUL LOAD PREFETCHES:          0 PREFETCH ISSUED TO LOWER LEVEL:          0  ACCURACY: -nan
L1I TIMELY PREFETCHES:          0 LATE PREFETCHES: 0 DROPPED PREFETCHES: 0
L1I PREFETCHES SAME FILL-ORIGIN LEVEL: 0 DIFFERENT FILL-ORIGIN LEVEL: 0
L1I AVERAGE MISS LATENCY:    31.5156 cycles AVERAGE LOAD MISS LATENCY:    31.5156 cycles Load Miss    9545984
L1I Average MSHR Occupancy:   0.474083
L1I RQ	ACCESS:   42779371	FORWARD:          0	MERGED:   20887609	TO_CACHE:   21891762

BTB TOTAL     ACCESS:   17110021  HIT:   14953789  MISS:    2156232  HIT %:    87.3978  MISS %:    12.6022   MPKI: 10.7812
BTB BRANCH_DIRECT_JUMP	ACCESS:    1021352  HIT:     849085  MISS:     172267
BTB BRANCH_INDIRECT	ACCESS:     334881  HIT:     197857  MISS:     137024
BTB BRANCH_CONDITIONAL	ACCESS:   12538405  HIT:   12106212  MISS:     432193
BTB BRANCH_DIRECT_CALL	ACCESS:    1392085  HIT:     995252  MISS:     396833
BTB BRANCH_INDIRECT_CALL	ACCESS:     215097  HIT:     117471  MISS:      97626
BTB BRANCH_RETURN	ACCESS:    1608066  HIT:     687887  MISS:     920179
BTB BRANCH_OTHER ACCESS:        135  HIT:         25  MISS:        110

L2C TOTAL     ACCESS:   15217081  HIT:   12237804  MISS:    2979277  HIT %:    80.4215  MISS %:    19.5785   MPKI: 14.8964
L2C LOAD      ACCESS:   11563746  HIT:    9483921  MISS:    2079825  HIT %:    82.0143  MISS %:    17.9857   MPKI: 10.3991
L2C DATA LOAD MPKI: 4.38691
L2C INSTRUCTION LOAD MPKI: 6.01221
L2C RFO       ACCESS:     806731  HIT:     172980  MISS:     633751  HIT %:    21.4421  MISS %:    78.5579   MPKI: 3.16875
L2C PREFETCH  ACCESS:     876908  HIT:     862969  MISS:      13939  HIT %:    98.4104  MISS %:    1.58956   MPKI: 0.069695
AGUS PREFETCH L1 MISS: 0
L2C DATA PREFETCH MPKI: 0.069695
L2C INSTRUCTION PREFETCH MPKI: 0
L2C WRITEBACK ACCESS:    1126217  HIT:    1124820  MISS:       1397  HIT %:     99.876  MISS %:   0.124044   MPKI: 0.006985
L2C LOAD TRANSLATION ACCESS:     843479  HIT:     593114  MISS:     250365  HIT %:    70.3176  MISS %:    29.6824   MPKI: 1.25182
L2C PREFETCH  REQUESTED:    1840917  ISSUED:    1840428  USEFUL:      11939  USELESS:       2009
L2C USEFUL LOAD PREFETCHES:      11939 PREFETCH ISSUED TO LOWER LEVEL:     814204  ACCURACY: 1.46634
L2C TIMELY PREFETCHES:      11939 LATE PREFETCHES: 1957 DROPPED PREFETCHES: 0
L2C PREFETCHES SAME FILL-ORIGIN LEVEL: 15896 DIFFERENT FILL-ORIGIN LEVEL: 798308
L2C AVERAGE MISS LATENCY:    162.119 cycles AVERAGE LOAD MISS LATENCY:    146.401 cycles Load Miss    2079825
L2C Average MSHR Occupancy:   0.763655
L2C RQ	ACCESS:   13213985	FORWARD:          0	MERGED:          0	TO_CACHE:   13213956
L2C WQ	ACCESS:    1126217	FORWARD:         30	MERGED:          0	TO_CACHE:    1126217
L2C PQ	ACCESS:    1840428	FORWARD:          0	MERGED:      99935	TO_CACHE:    1740492

L2C Instructions Evicting Data 614449
L2C Translations Evicting Data 128920
L2C Data Evicting Data 786679
L2C Instructions Evicting Instructions 487311
L2C Translations Evicting Instructions 101145
L2C Data Evicting Instructions 610092
L2C Instructions Evicting Translations 100682
L2C Translations Evicting Translations 20300
L2C Data Evicting Translations 128302
L2C Dense regions hint from L2: 0
PSCL5 TOTAL     ACCESS:     515740  HIT:     515740  MISS:          0  HIT %:        100  MISS %:          0   MPKI: 0
PSCL5 LOAD TRANSLATION ACCESS:     515740  HIT:     515740  MISS:          0  HIT %:        100  MISS %:          0   MPKI: 0
PSCL5 PREFETCH  REQUESTED:          0  ISSUED:          0  USEFUL:          0  USELESS:          0
PSCL5 USEFUL LOAD PREFETCHES:          0 PREFETCH ISSUED TO LOWER LEVEL:          0  ACCURACY: -nan
PSCL5 TIMELY PREFETCHES:          0 LATE PREFETCHES: 0 DROPPED PREFETCHES: 0
PSCL5 PREFETCHES SAME FILL-ORIGIN LEVEL: 0 DIFFERENT FILL-ORIGIN LEVEL: 0

PSCL4 TOTAL     ACCESS:     509441  HIT:     507904  MISS:       1537  HIT %:    99.6983  MISS %:   0.301703   MPKI: 0.007685
PSCL4 LOAD TRANSLATION ACCESS:     509441  HIT:     507904  MISS:       1537  HIT %:    99.6983  MISS %:   0.301703   MPKI: 0.007685
PSCL4 PREFETCH  REQUESTED:          0  ISSUED:          0  USEFUL:          0  USELESS:          0
PSCL4 USEFUL LOAD PREFETCHES:          0 PREFETCH ISSUED TO LOWER LEVEL:          0  ACCURACY: -nan
PSCL4 TIMELY PREFETCHES:          0 LATE PREFETCHES: 0 DROPPED PREFETCHES: 0
PSCL4 PREFETCHES SAME FILL-ORIGIN LEVEL: 0 DIFFERENT FILL-ORIGIN LEVEL: 0

PSCL3 TOTAL     ACCESS:     505097  HIT:     475089  MISS:      30008  HIT %:     94.059  MISS %:    5.94104   MPKI: 0.15004
PSCL3 LOAD TRANSLATION ACCESS:     505097  HIT:     475089  MISS:      30008  HIT %:     94.059  MISS %:    5.94104   MPKI: 0.15004
PSCL3 PREFETCH  REQUESTED:          0  ISSUED:          0  USEFUL:          0  USELESS:          0
PSCL3 USEFUL LOAD PREFETCHES:          0 PREFETCH ISSUED TO LOWER LEVEL:          0  ACCURACY: -nan
PSCL3 TIMELY PREFETCHES:          0 LATE PREFETCHES: 0 DROPPED PREFETCHES: 0
PSCL3 PREFETCHES SAME FILL-ORIGIN LEVEL: 0 DIFFERENT FILL-ORIGIN LEVEL: 0

PSCL2 TOTAL     ACCESS:     515740  HIT:     218761  MISS:     296979  HIT %:    42.4169  MISS %:    57.5831   MPKI: 1.48489
PSCL2 LOAD TRANSLATION ACCESS:     515740  HIT:     218761  MISS:     296979  HIT %:    42.4169  MISS %:    57.5831   MPKI: 1.48489
PSCL2 PREFETCH  REQUESTED:          0  ISSUED:          0  USEFUL:          0  USELESS:          0
PSCL2 USEFUL LOAD PREFETCHES:          0 PREFETCH ISSUED TO LOWER LEVEL:          0  ACCURACY: -nan
PSCL2 TIMELY PREFETCHES:          0 LATE PREFETCHES: 0 DROPPED PREFETCHES: 0
PSCL2 PREFETCHES SAME FILL-ORIGIN LEVEL: 0 DIFFERENT FILL-ORIGIN LEVEL: 0

LLC TOTAL     ACCESS:    4537867  HIT:    1438401  MISS:    3099466  HIT %:    31.6977  MISS %:    68.3023   MPKI: 15.4973
LLC LOAD      ACCESS:    2077879  HIT:     838684  MISS:    1239195  HIT %:    40.3625  MISS %:    59.6375   MPKI: 6.19597
LLC RFO       ACCESS:     633739  HIT:      15281  MISS:     618458  HIT %:    2.41125  MISS %:    97.5888   MPKI: 3.09229
LLC PREFETCH  ACCESS:     759736  HIT:     270641  MISS:     489095  HIT %:     35.623  MISS %:     64.377   MPKI: 2.44547
AGUS PREFETCH L1 MISS: 0
LLC WRITEBACK ACCESS:     816148  HIT:     248329  MISS:     567819  HIT %:     30.427  MISS %:     69.573   MPKI: 2.83909
LLC LOAD TRANSLATION ACCESS:     250365  HIT:      65466  MISS:     184899  HIT %:    26.1482  MISS %:    73.8518   MPKI: 0.924495
LLC PREFETCH  REQUESTED:          0  ISSUED:          0  USEFUL:      99296  USELESS:     146698
LLC USEFUL LOAD PREFETCHES:      99296 PREFETCH ISSUED TO LOWER LEVEL:     514945  ACCURACY: 19.2828
LLC TIMELY PREFETCHES:      99296 LATE PREFETCHES: 25850 DROPPED PREFETCHES: 0
LLC PREFETCHES SAME FILL-ORIGIN LEVEL: 512477 DIFFERENT FILL-ORIGIN LEVEL: 0
LLC AVERAGE MISS LATENCY:      140.1 cycles AVERAGE LOAD MISS LATENCY:    170.486 cycles Load Miss    1239195
LLC Average MSHR Occupancy:   0.689249
LLC RQ	ACCESS:    2961984	FORWARD:          0	MERGED:          0	TO_CACHE:    2961983
LLC WQ	ACCESS:     816148	FORWARD:          2	MERGED:          0	TO_CACHE:     816148
LLC PQ	ACCESS:     814204	FORWARD:          0	MERGED:      10561	TO_CACHE:     803642

LLC Dense regions hint to LLC: 0

RAW hits: 2506671
Loads Generated: 47662208
Loads sent to L1D: 45155537
Stores Generated: 23216257
Stores sent to L1D: 23216257
Major fault: 0 Minor fault: 146592
Allocated PAGES: 146592
 All Calls: 4100473
 Critical Calls: 4100473
------------------
Depth Distribution
------------------
depth 0: 0
depth 1: 2260323
depth 2: 581275
depth 3: 271213
depth 4: 139027
depth 5: 79433
depth 6: 50881
depth 7: 33671
depth 8: 20641
depth 9: 10998
depth 10: 5270
depth 11: 2345
depth 12: 957
depth 13: 100
depth 14: 5
depth 15: 4
depth 16: 0
depth 17: 0
depth 18: 0
depth 19: 0
depth 20: 0
depth 21: 0
depth 22: 0
depth 23: 0
depth 24: 0
depth 25: 0
depth 26: 0
depth 27: 0
depth 28: 0
depth 29: 0
Total: 3456143
-----------------------------
-----------------------------
	Captured at Filter
-----------------------------
depth 0: 0
depth 1: 53149
depth 2: 41008
depth 3: 37165
depth 4: 29425
depth 5: 22161
depth 6: 16999
depth 7: 11919
depth 8: 7308
depth 9: 3512
depth 10: 1234
depth 11: 458
depth 12: 176
depth 13: 17
depth 14: 0
depth 15: 0
depth 16: 0
depth 17: 0
depth 18: 0
depth 19: 0
depth 20: 0
depth 21: 0
depth 22: 0
depth 23: 0
depth 24: 0
depth 25: 0
depth 26: 0
depth 27: 0
depth 28: 0
depth 29: 0
-----------------------------
-----------------------------
		Lost at Page
-----------------------------
depth 0: 0
depth 1: 62267
depth 2: 22434
depth 3: 15828
depth 4: 11711
depth 5: 9165
depth 6: 7503
depth 7: 6126
depth 8: 4603
depth 9: 2866
depth 10: 1495
depth 11: 652
depth 12: 278
depth 13: 33
depth 14: 0
depth 15: 0
depth 16: 0
depth 17: 0
depth 18: 0
depth 19: 0
depth 20: 0
depth 21: 0
depth 22: 0
depth 23: 0
depth 24: 0
depth 25: 0
depth 26: 0
depth 27: 0
depth 28: 0
depth 29: 0
-----------------------------
-----------------------------
	Lost due to PQ Size
-----------------------------
96220
-----------------------------
ST read accesses: 1511906
ST write accesses: 505857
PT read accesses: 24351583
PT write accesses: 1923054
FILTER read accesses: 6988133
FILTER write accesses: 3108094
GHR read accesses: 4568960
GHR write accesses: 80776
GHR counter read accesses: 20132766
GHR counter write accesses: 2123185
ST tag read accesses: 1034947436
ST tag write accesses: 159916243
================ Mockingjay (LLC) Pollution Stats ================
Total pollution count in LLC: 143345
==================================================================

DRAM Statistics
 CHANNEL 0
 RQ ROW_BUFFER_HIT:     511979  ROW_BUFFER_MISS:    2019664
 DBUS_CONGESTED:       1855
 WQ ROW_BUFFER_HIT:     258476  ROW_BUFFER_MISS:     547565  FULL:          0

 AVG_CONGESTED_CYCLE: 4
 All warmup complete: 2
Channel 0 Bank busy for read cycles: 0
Channel 0 Bank busy for write cycles: 0
Channel 0
Rank 0
0banks busy for read cycles: 318792839
0banks busy for write cycles: 385495
1banks busy for read cycles: 138220189
1banks busy for write cycles: 64565283
2banks busy for read cycles: 46870308
2banks busy for write cycles: 20209100
3banks busy for read cycles: 14498676
3banks busy for write cycles: 7065758
4banks busy for read cycles: 5165823
4banks busy for write cycles: 2966745
5banks busy for read cycles: 2144064
5banks busy for write cycles: 1513091
6banks busy for read cycles: 1288575
6banks busy for write cycles: 913801
7banks busy for read cycles: 691762
7banks busy for write cycles: 616607
8banks busy for read cycles: 1144144
8banks busy for write cycles: 484623

CPU 0 Branch Prediction Accuracy: 92.2408% MPKI: 14.4547 Average ROB Occupancy at Mispredict: 17.8617
Branch types
NOT_BRANCH: 162740932 81.3705%
BRANCH_DIRECT_JUMP: 1021352 0.510676%
BRANCH_INDIRECT: 334881 0.16744%
BRANCH_CONDITIONAL: 32686802 16.3434%
BRANCH_DIRECT_CALL: 1392085 0.696042%
BRANCH_INDIRECT_CALL: 215097 0.107548%
BRANCH_RETURN: 1608066 0.804033%
BRANCH_OTHER: 135 6.75e-05%

===================== LRU L1D STATS =====================
Total pollution count in L1D: 0
=========================================================
================ SRRIP (L2C) Pollution Stats ================
Total pollution count in L2c: 3416755
==================================================================
DRAM PAGES: 1048576
Allocated PAGES: 146592
