Initialize SIGNATURE TABLE
ST_SET: 1
ST_WAY: 256
ST_TAG_BIT: 16
ST_TAG_MASK: ffff

Initialize PATTERN TABLE
PT_SET: 512
PT_WAY: 4
SIG_DELTA_BIT: 7
C_SIG_BIT: 4
C_DELTA_BIT: 4

Initialize PREFETCH FILTER
FILTER_SET: 1024

Initialize PERCEPTRON
PERC_ENTRIES: 4096
PERC_FEATURES: 9

*** ChampSim Multicore Out-of-Order Simulator ***

Warmup Instructions: 200000000
Simulation Instructions: 200000000
Number of CPUs: 1
LLC sets: 4096
LLC ways: 12
Off-chip DRAM Size: 4096 MB Channels: 1 Width: 64-bit Data Rate: 6400 MT/s
CPU 0 runs /home1/sweta/traces/DPC4-Traces/Google_Traces_v2/Google_Traces_v2/sierra.a.6/sierra.a.6_0001.champsim.gz
.gz
BTB has LRU replacement policy
ITLB has LRU replacement policy
DTLB has LRU replacement policy
STLB has LRU replacement policy
L1I has LRU replacement policy
L1D has LRU replacement policy
PERC_ENTRIES: 4096
Initialize SRRIP state for L2C
Initialize Mockingjay state for LLC
Heartbeat CPU 0 instructions: 10000002 cycles: 2514305 heartbeat IPC: 3.97724 cumulative IPC: 3.97724 (Simulation time: 0 hr 0 min 25 sec) 
Heartbeat CPU 0 instructions: 20000000 cycles: 4986544 heartbeat IPC: 4.04492 cumulative IPC: 4.01079 (Simulation time: 0 hr 0 min 50 sec) 
Heartbeat CPU 0 instructions: 30000000 cycles: 7544945 heartbeat IPC: 3.90869 cumulative IPC: 3.97617 (Simulation time: 0 hr 1 min 15 sec) 
Heartbeat CPU 0 instructions: 40000005 cycles: 10071120 heartbeat IPC: 3.95856 cumulative IPC: 3.97175 (Simulation time: 0 hr 1 min 40 sec) 
Heartbeat CPU 0 instructions: 50000003 cycles: 12521806 heartbeat IPC: 4.08049 cumulative IPC: 3.99303 (Simulation time: 0 hr 2 min 3 sec) 
Heartbeat CPU 0 instructions: 60000002 cycles: 15078949 heartbeat IPC: 3.91061 cumulative IPC: 3.97906 (Simulation time: 0 hr 2 min 27 sec) 
Heartbeat CPU 0 instructions: 70000004 cycles: 17686303 heartbeat IPC: 3.83531 cumulative IPC: 3.95787 (Simulation time: 0 hr 2 min 54 sec) 
Heartbeat CPU 0 instructions: 80000000 cycles: 20791219 heartbeat IPC: 3.2207 cumulative IPC: 3.84778 (Simulation time: 0 hr 3 min 13 sec) 
Heartbeat CPU 0 instructions: 90000000 cycles: 23314400 heartbeat IPC: 3.96325 cumulative IPC: 3.86028 (Simulation time: 0 hr 3 min 37 sec) 
Heartbeat CPU 0 instructions: 100000000 cycles: 25671158 heartbeat IPC: 4.24312 cumulative IPC: 3.89542 (Simulation time: 0 hr 3 min 59 sec) 
Heartbeat CPU 0 instructions: 110000001 cycles: 28910603 heartbeat IPC: 3.08695 cumulative IPC: 3.80483 (Simulation time: 0 hr 4 min 15 sec) 
Heartbeat CPU 0 instructions: 120000004 cycles: 31576576 heartbeat IPC: 3.75098 cumulative IPC: 3.80029 (Simulation time: 0 hr 4 min 39 sec) 
Heartbeat CPU 0 instructions: 130000002 cycles: 34152645 heartbeat IPC: 3.88188 cumulative IPC: 3.80644 (Simulation time: 0 hr 5 min 6 sec) 
Heartbeat CPU 0 instructions: 140000007 cycles: 36923422 heartbeat IPC: 3.6091 cumulative IPC: 3.79163 (Simulation time: 0 hr 5 min 32 sec) 
Heartbeat CPU 0 instructions: 150000005 cycles: 39548860 heartbeat IPC: 3.80889 cumulative IPC: 3.79278 (Simulation time: 0 hr 5 min 58 sec) 
Heartbeat CPU 0 instructions: 160000006 cycles: 42103318 heartbeat IPC: 3.91473 cumulative IPC: 3.80018 (Simulation time: 0 hr 6 min 23 sec) 
Heartbeat CPU 0 instructions: 170000000 cycles: 44653709 heartbeat IPC: 3.92096 cumulative IPC: 3.80707 (Simulation time: 0 hr 6 min 48 sec) 
Heartbeat CPU 0 instructions: 180000000 cycles: 47136067 heartbeat IPC: 4.02843 cumulative IPC: 3.81873 (Simulation time: 0 hr 7 min 12 sec) 
Heartbeat CPU 0 instructions: 190000002 cycles: 49645979 heartbeat IPC: 3.9842 cumulative IPC: 3.8271 (Simulation time: 0 hr 7 min 37 sec) 
Heartbeat CPU 0 instructions: 200000001 cycles: 52245677 heartbeat IPC: 3.8466 cumulative IPC: 3.82807 (Simulation time: 0 hr 8 min 1 sec) 

Warmup complete CPU 0 instructions: 200000001 cycles: 52245677 (Simulation time: 0 hr 8 min 1 sec) 

Heartbeat CPU 0 instructions: 210000000 cycles: 86942003 heartbeat IPC: 0.288215 cumulative IPC: 0.288215 (Simulation time: 0 hr 8 min 32 sec) 
Heartbeat CPU 0 instructions: 220000003 cycles: 122177600 heartbeat IPC: 0.283804 cumulative IPC: 0.285992 (Simulation time: 0 hr 9 min 2 sec) 
Heartbeat CPU 0 instructions: 230000000 cycles: 148576871 heartbeat IPC: 0.378798 cumulative IPC: 0.311426 (Simulation time: 0 hr 9 min 30 sec) 
Heartbeat CPU 0 instructions: 240000000 cycles: 184033113 heartbeat IPC: 0.282038 cumulative IPC: 0.303519 (Simulation time: 0 hr 10 min 0 sec) 
Heartbeat CPU 0 instructions: 250000003 cycles: 218486590 heartbeat IPC: 0.290247 cumulative IPC: 0.300768 (Simulation time: 0 hr 10 min 30 sec) 
Heartbeat CPU 0 instructions: 260000000 cycles: 253752304 heartbeat IPC: 0.283561 cumulative IPC: 0.297757 (Simulation time: 0 hr 11 min 1 sec) 
Heartbeat CPU 0 instructions: 270000000 cycles: 289809281 heartbeat IPC: 0.277339 cumulative IPC: 0.294658 (Simulation time: 0 hr 11 min 33 sec) 
Heartbeat CPU 0 instructions: 280000000 cycles: 326565559 heartbeat IPC: 0.272062 cumulative IPC: 0.29163 (Simulation time: 0 hr 12 min 5 sec) 
Heartbeat CPU 0 instructions: 290000002 cycles: 361057991 heartbeat IPC: 0.289919 cumulative IPC: 0.291439 (Simulation time: 0 hr 12 min 37 sec) 
Heartbeat CPU 0 instructions: 300000006 cycles: 395999870 heartbeat IPC: 0.28619 cumulative IPC: 0.290906 (Simulation time: 0 hr 13 min 8 sec) 
Heartbeat CPU 0 instructions: 310000003 cycles: 429061719 heartbeat IPC: 0.302463 cumulative IPC: 0.29192 (Simulation time: 0 hr 13 min 39 sec) 
Heartbeat CPU 0 instructions: 320000001 cycles: 464253963 heartbeat IPC: 0.284153 cumulative IPC: 0.291256 (Simulation time: 0 hr 14 min 12 sec) 
Heartbeat CPU 0 instructions: 330000000 cycles: 499200530 heartbeat IPC: 0.286151 cumulative IPC: 0.290857 (Simulation time: 0 hr 14 min 44 sec) 
Heartbeat CPU 0 instructions: 340000001 cycles: 529388282 heartbeat IPC: 0.33126 cumulative IPC: 0.293413 (Simulation time: 0 hr 15 min 16 sec) 
Heartbeat CPU 0 instructions: 350000001 cycles: 565630653 heartbeat IPC: 0.27592 cumulative IPC: 0.292178 (Simulation time: 0 hr 15 min 48 sec) 
Heartbeat CPU 0 instructions: 360000000 cycles: 595318401 heartbeat IPC: 0.336839 cumulative IPC: 0.29462 (Simulation time: 0 hr 16 min 17 sec) 
Heartbeat CPU 0 instructions: 370000002 cycles: 631968647 heartbeat IPC: 0.27285 cumulative IPC: 0.293244 (Simulation time: 0 hr 16 min 47 sec) 
Heartbeat CPU 0 instructions: 380000000 cycles: 664815406 heartbeat IPC: 0.304444 cumulative IPC: 0.293844 (Simulation time: 0 hr 17 min 15 sec) 
Heartbeat CPU 0 instructions: 390000001 cycles: 697341804 heartbeat IPC: 0.307443 cumulative IPC: 0.29453 (Simulation time: 0 hr 17 min 45 sec) 
Heartbeat CPU 0 instructions: 400000000 cycles: 732888693 heartbeat IPC: 0.281319 cumulative IPC: 0.29384 (Simulation time: 0 hr 18 min 14 sec) 
Finished CPU 0 instructions: 200000001 cycles: 680643017 cumulative IPC: 0.29384 (Simulation time: 0 hr 18 min 14 sec) 

ChampSim completed all CPUs

Region of Interest Statistics

CPU 0 cumulative IPC: 0.29384 instructions: 200000001 cycles: 680643017
ITLB TOTAL     ACCESS:   20913227  HIT:   20243541  MISS:     669686  HIT %:    96.7978  MISS %:    3.20221   MPKI: 3.34843
ITLB LOAD TRANSLATION ACCESS:   20913227  HIT:   20243541  MISS:     669686  HIT %:    96.7978  MISS %:    3.20221   MPKI: 3.34843
ITLB PREFETCH  REQUESTED:          0  ISSUED:          0  USEFUL:          0  USELESS:          0
ITLB USEFUL LOAD PREFETCHES:          0 PREFETCH ISSUED TO LOWER LEVEL:          0  ACCURACY: -nan
ITLB TIMELY PREFETCHES:          0 LATE PREFETCHES: 0 DROPPED PREFETCHES: 0
ITLB PREFETCHES SAME FILL-ORIGIN LEVEL: 0 DIFFERENT FILL-ORIGIN LEVEL: 0
ITLB AVERAGE MISS LATENCY:    23.2857 cycles AVERAGE LOAD MISS LATENCY:       -nan cycles Load Miss          0
ITLB Average MSHR Occupancy:   0.022501
ITLB RQ	ACCESS:   24708860	FORWARD:          0	MERGED:    3145890	TO_CACHE:   21562970

DTLB TOTAL     ACCESS:   42710531  HIT:   39514975  MISS:    3195556  HIT %:    92.5181  MISS %:    7.48189   MPKI: 15.9778
DTLB LOAD TRANSLATION ACCESS:   42710531  HIT:   39514975  MISS:    3195556  HIT %:    92.5181  MISS %:    7.48189   MPKI: 15.9778
DTLB PREFETCH  REQUESTED:          0  ISSUED:          0  USEFUL:          0  USELESS:          0
DTLB USEFUL LOAD PREFETCHES:          0 PREFETCH ISSUED TO LOWER LEVEL:          0  ACCURACY: -nan
DTLB TIMELY PREFETCHES:          0 LATE PREFETCHES: 0 DROPPED PREFETCHES: 0
DTLB PREFETCHES SAME FILL-ORIGIN LEVEL: 0 DIFFERENT FILL-ORIGIN LEVEL: 0
DTLB AVERAGE MISS LATENCY:    45.4248 cycles AVERAGE LOAD MISS LATENCY:       -nan cycles Load Miss          0
DTLB Average MSHR Occupancy:   0.209694
DTLB RQ	ACCESS:   56436864	FORWARD:          0	MERGED:   13209920	TO_CACHE:   43226944

STLB TOTAL     ACCESS:    3865242  HIT:    2940194  MISS:     925048  HIT %:    76.0675  MISS %:    23.9325   MPKI: 4.62524
STLB LOAD TRANSLATION ACCESS:    3865242  HIT:    2940194  MISS:     925048  HIT %:    76.0675  MISS %:    23.9325   MPKI: 4.62524
STLB PREFETCH  REQUESTED:          0  ISSUED:          0  USEFUL:          0  USELESS:          0
STLB USEFUL LOAD PREFETCHES:          0 PREFETCH ISSUED TO LOWER LEVEL:          0  ACCURACY: -nan
STLB TIMELY PREFETCHES:          0 LATE PREFETCHES: 0 DROPPED PREFETCHES: 0
STLB PREFETCHES SAME FILL-ORIGIN LEVEL: 0 DIFFERENT FILL-ORIGIN LEVEL: 0
STLB AVERAGE MISS LATENCY:    135.972 cycles AVERAGE LOAD MISS LATENCY:       -nan cycles Load Miss          0
STLB Average MSHR Occupancy:   0.183814
STLB RQ	ACCESS:    3865242	FORWARD:          0	MERGED:          0	TO_CACHE:    3865242

STLB Hit, L1D data hit: 0
STLB Hit, L2C data hit: 0
STLB Hit, LLC data hit: 0
STLB Hit, LLC data miss: 0
STLB STLB hints to L2: 0
L1D TOTAL     ACCESS:   53972580  HIT:   50001660  MISS:    3970920  HIT %:    92.6427  MISS %:    7.35729   MPKI: 19.8546
L1D LOAD      ACCESS:   30257031  HIT:   27315504  MISS:    2941527  HIT %:    90.2782  MISS %:     9.7218   MPKI: 14.7076
L1D RFO       ACCESS:   23715549  HIT:   22686156  MISS:    1029393  HIT %:    95.6594  MISS %:    4.34058   MPKI: 5.14696
L1D PREFETCH  REQUESTED:          0  ISSUED:          0  USEFUL:          0  USELESS:          0
L1D USEFUL LOAD PREFETCHES:          0 PREFETCH ISSUED TO LOWER LEVEL:          0  ACCURACY: -nan
L1D TIMELY PREFETCHES:          0 LATE PREFETCHES: 0 DROPPED PREFETCHES: 0
L1D PREFETCHES SAME FILL-ORIGIN LEVEL: 0 DIFFERENT FILL-ORIGIN LEVEL: 0
L1D AVERAGE MISS LATENCY:    92.8121 cycles AVERAGE LOAD MISS LATENCY:    80.8414 cycles Load Miss    2941527
L1D Average MSHR Occupancy:   0.548781
L1D RQ	ACCESS:   44837476	FORWARD:          0	MERGED:   13433030	TO_CACHE:   30440252
L1D WQ	ACCESS:   26797982	FORWARD:     964194	MERGED:     801370	TO_CACHE:   25996612

L1D UNIQUE REGIONS ACCESSED: 0
L1D REGIONS CONFLICTS: 0
L1D Cross Page Prefetch Requests: 0
L1D Same Page Prefetch Requests: 0
L1D ROI Sum of L1D PQ occupancy: 0
L1D PREFETCHES PUSHED FROM L2C: 0
L1I TOTAL     ACCESS:   24263220  HIT:    8286468  MISS:   15976752  HIT %:    34.1524  MISS %:    65.8476   MPKI: 79.8838
L1I LOAD      ACCESS:   24263220  HIT:    8286468  MISS:   15976752  HIT %:    34.1524  MISS %:    65.8476   MPKI: 79.8838
L1I PREFETCH  REQUESTED:          0  ISSUED:          0  USEFUL:          0  USELESS:          0
L1I USEFUL LOAD PREFETCHES:          0 PREFETCH ISSUED TO LOWER LEVEL:          0  ACCURACY: -nan
L1I TIMELY PREFETCHES:          0 LATE PREFETCHES: 0 DROPPED PREFETCHES: 0
L1I PREFETCHES SAME FILL-ORIGIN LEVEL: 0 DIFFERENT FILL-ORIGIN LEVEL: 0
L1I AVERAGE MISS LATENCY:    24.1104 cycles AVERAGE LOAD MISS LATENCY:    24.1104 cycles Load Miss   15976752
L1I Average MSHR Occupancy:   0.556499
L1I RQ	ACCESS:   44442002	FORWARD:          0	MERGED:   19733142	TO_CACHE:   24708860

BTB TOTAL     ACCESS:   18262456  HIT:   14279928  MISS:    3982528  HIT %:    78.1928  MISS %:    21.8072   MPKI: 19.9126
BTB BRANCH_DIRECT_JUMP	ACCESS:    2986369  HIT:    2048768  MISS:     937601
BTB BRANCH_INDIRECT	ACCESS:     236237  HIT:     124915  MISS:     111322
BTB BRANCH_CONDITIONAL	ACCESS:   11412029  HIT:   10649108  MISS:     762921
BTB BRANCH_DIRECT_CALL	ACCESS:    1604723  HIT:     981337  MISS:     623386
BTB BRANCH_INDIRECT_CALL	ACCESS:     202382  HIT:      83076  MISS:     119306
BTB BRANCH_RETURN	ACCESS:    1814243  HIT:     390831  MISS:    1423412
BTB BRANCH_OTHER ACCESS:       6473  HIT:       1893  MISS:       4580

L2C TOTAL     ACCESS:   25231568  HIT:   21618287  MISS:    3613281  HIT %:    85.6795  MISS %:    14.3205   MPKI: 18.0664
L2C LOAD      ACCESS:   18918114  HIT:   16982977  MISS:    1935137  HIT %:     89.771  MISS %:     10.229   MPKI: 9.67568
L2C DATA LOAD MPKI: 4.62231
L2C INSTRUCTION LOAD MPKI: 5.05337
L2C RFO       ACCESS:    1029338  HIT:     505227  MISS:     524111  HIT %:    49.0827  MISS %:    50.9173   MPKI: 2.62055
L2C PREFETCH  ACCESS:    1870114  HIT:    1132349  MISS:     737765  HIT %:    60.5497  MISS %:    39.4503   MPKI: 3.68882
AGUS PREFETCH L1 MISS: 0
L2C DATA PREFETCH MPKI: 3.68882
L2C INSTRUCTION PREFETCH MPKI: 0
L2C WRITEBACK ACCESS:    1861012  HIT:    1854645  MISS:       6367  HIT %:    99.6579  MISS %:   0.342126   MPKI: 0.031835
L2C LOAD TRANSLATION ACCESS:    1552990  HIT:    1143089  MISS:     409901  HIT %:    73.6057  MISS %:    26.3943   MPKI: 2.0495
L2C PREFETCH  REQUESTED:    2357933  ISSUED:    2357884  USEFUL:     185196  USELESS:     552624
L2C USEFUL LOAD PREFETCHES:     185196 PREFETCH ISSUED TO LOWER LEVEL:    1096220  ACCURACY: 16.8941
L2C TIMELY PREFETCHES:     185196 LATE PREFETCHES: 24874 DROPPED PREFETCHES: 0
L2C PREFETCHES SAME FILL-ORIGIN LEVEL: 762639 DIFFERENT FILL-ORIGIN LEVEL: 333581
L2C AVERAGE MISS LATENCY:    193.948 cycles AVERAGE LOAD MISS LATENCY:    182.311 cycles Load Miss    1935137
L2C Average MSHR Occupancy:    1.03035
L2C RQ	ACCESS:   21500663	FORWARD:          0	MERGED:          0	TO_CACHE:   21500443
L2C WQ	ACCESS:    1861012	FORWARD:        229	MERGED:          0	TO_CACHE:    1861012
L2C PQ	ACCESS:    2357884	FORWARD:          0	MERGED:       9295	TO_CACHE:    2348580

L2C Instructions Evicting Data 593881
L2C Translations Evicting Data 249256
L2C Data Evicting Data 1345926
L2C Instructions Evicting Instructions 303328
L2C Translations Evicting Instructions 115071
L2C Data Evicting Instructions 590435
L2C Instructions Evicting Translations 113466
L2C Translations Evicting Translations 45574
L2C Data Evicting Translations 249977
L2C Dense regions hint from L2: 0
PSCL5 TOTAL     ACCESS:     925048  HIT:     925048  MISS:          0  HIT %:        100  MISS %:          0   MPKI: 0
PSCL5 LOAD TRANSLATION ACCESS:     925048  HIT:     925048  MISS:          0  HIT %:        100  MISS %:          0   MPKI: 0
PSCL5 PREFETCH  REQUESTED:          0  ISSUED:          0  USEFUL:          0  USELESS:          0
PSCL5 USEFUL LOAD PREFETCHES:          0 PREFETCH ISSUED TO LOWER LEVEL:          0  ACCURACY: -nan
PSCL5 TIMELY PREFETCHES:          0 LATE PREFETCHES: 0 DROPPED PREFETCHES: 0
PSCL5 PREFETCHES SAME FILL-ORIGIN LEVEL: 0 DIFFERENT FILL-ORIGIN LEVEL: 0

PSCL4 TOTAL     ACCESS:     810822  HIT:     807029  MISS:       3793  HIT %:    99.5322  MISS %:   0.467797   MPKI: 0.018965
PSCL4 LOAD TRANSLATION ACCESS:     810822  HIT:     807029  MISS:       3793  HIT %:    99.5322  MISS %:   0.467797   MPKI: 0.018965
PSCL4 PREFETCH  REQUESTED:          0  ISSUED:          0  USEFUL:          0  USELESS:          0
PSCL4 USEFUL LOAD PREFETCHES:          0 PREFETCH ISSUED TO LOWER LEVEL:          0  ACCURACY: -nan
PSCL4 TIMELY PREFETCHES:          0 LATE PREFETCHES: 0 DROPPED PREFETCHES: 0
PSCL4 PREFETCHES SAME FILL-ORIGIN LEVEL: 0 DIFFERENT FILL-ORIGIN LEVEL: 0

PSCL3 TOTAL     ACCESS:     920750  HIT:     904020  MISS:      16730  HIT %:     98.183  MISS %:      1.817   MPKI: 0.08365
PSCL3 LOAD TRANSLATION ACCESS:     920750  HIT:     904020  MISS:      16730  HIT %:     98.183  MISS %:      1.817   MPKI: 0.08365
PSCL3 PREFETCH  REQUESTED:          0  ISSUED:          0  USEFUL:          0  USELESS:          0
PSCL3 USEFUL LOAD PREFETCHES:          0 PREFETCH ISSUED TO LOWER LEVEL:          0  ACCURACY: -nan
PSCL3 TIMELY PREFETCHES:          0 LATE PREFETCHES: 0 DROPPED PREFETCHES: 0
PSCL3 PREFETCHES SAME FILL-ORIGIN LEVEL: 0 DIFFERENT FILL-ORIGIN LEVEL: 0

PSCL2 TOTAL     ACCESS:     925048  HIT:     317367  MISS:     607681  HIT %:    34.3082  MISS %:    65.6918   MPKI: 3.0384
PSCL2 LOAD TRANSLATION ACCESS:     925048  HIT:     317367  MISS:     607681  HIT %:    34.3082  MISS %:    65.6918   MPKI: 3.0384
PSCL2 PREFETCH  REQUESTED:          0  ISSUED:          0  USEFUL:          0  USELESS:          0
PSCL2 USEFUL LOAD PREFETCHES:          0 PREFETCH ISSUED TO LOWER LEVEL:          0  ACCURACY: -nan
PSCL2 TIMELY PREFETCHES:          0 LATE PREFETCHES: 0 DROPPED PREFETCHES: 0
PSCL2 PREFETCHES SAME FILL-ORIGIN LEVEL: 0 DIFFERENT FILL-ORIGIN LEVEL: 0

LLC TOTAL     ACCESS:    4976688  HIT:    1044196  MISS:    3932492  HIT %:    20.9817  MISS %:    79.0183   MPKI: 19.6625
LLC LOAD      ACCESS:    1912016  HIT:     458668  MISS:    1453348  HIT %:    23.9887  MISS %:    76.0113   MPKI: 7.26674
LLC RFO       ACCESS:     522357  HIT:      36276  MISS:     486081  HIT %:    6.94468  MISS %:    93.0553   MPKI: 2.4304
LLC PREFETCH  ACCESS:    1092866  HIT:     136710  MISS:     956156  HIT %:    12.5093  MISS %:    87.4907   MPKI: 4.78078
AGUS PREFETCH L1 MISS: 0
LLC WRITEBACK ACCESS:    1039548  HIT:     304370  MISS:     735178  HIT %:    29.2791  MISS %:    70.7209   MPKI: 3.67589
LLC LOAD TRANSLATION ACCESS:     409901  HIT:     108172  MISS:     301729  HIT %:    26.3898  MISS %:    73.6102   MPKI: 1.50864
LLC PREFETCH  REQUESTED:          0  ISSUED:          0  USEFUL:      24049  USELESS:     339865
LLC USEFUL LOAD PREFETCHES:      24049 PREFETCH ISSUED TO LOWER LEVEL:     958462  ACCURACY: 2.50912
LLC TIMELY PREFETCHES:      24049 LATE PREFETCHES: 2306 DROPPED PREFETCHES: 0
LLC PREFETCHES SAME FILL-ORIGIN LEVEL: 284868 DIFFERENT FILL-ORIGIN LEVEL: 0
LLC AVERAGE MISS LATENCY:    150.941 cycles AVERAGE LOAD MISS LATENCY:    180.951 cycles Load Miss    1453348
LLC Average MSHR Occupancy:   0.867479
LLC RQ	ACCESS:    2844275	FORWARD:          0	MERGED:          0	TO_CACHE:    2844274
LLC WQ	ACCESS:    1039548	FORWARD:          1	MERGED:          0	TO_CACHE:    1039548
LLC PQ	ACCESS:    1096220	FORWARD:          0	MERGED:        384	TO_CACHE:    1095836

LLC Dense regions hint to LLC: 0

RAW hits: 2884061
Loads Generated: 47721538
Loads sent to L1D: 44837476
Stores Generated: 26797945
Stores sent to L1D: 26797982
Major fault: 0 Minor fault: 128296
Allocated PAGES: 128296
------------------
Depth Distribution
------------------
depth 0: 2204826
depth 1: 3594455
depth 2: 364523
depth 3: 220011
depth 4: 6626
depth 5: 1565
depth 6: 491
depth 7: 573
depth 8: 444
depth 9: 121
depth 10: 17
depth 11: 21
depth 12: 2
depth 13: 1
depth 14: 2
depth 15: 0
depth 16: 0
depth 17: 0
depth 18: 0
depth 19: 0
depth 20: 0
depth 21: 0
depth 22: 0
depth 23: 0
depth 24: 0
depth 25: 0
depth 26: 0
depth 27: 0
depth 28: 0
depth 29: 0
Total: 6393678
------------------
ST read accesses: 1705853
ST write accesses: 1235509
PT read accesses: 27110326
PT write accesses: 1773203
FILTER read accesses: 15150180
FILTER write accesses: 13009282
GHR read accesses: 11177691
GHR write accesses: 159261
PERC read accesses: 186232815
PERC write accesses: 25199976
GHR counter read accesses: 5882724
GHR counter write accesses: 5809262
GHR ip read accesses: 23869791
GHR ip write accesses: 11765448
ST tag read accesses: 1763402196
ST tag write accesses: 372107293
================ Mockingjay (LLC) Pollution Stats ================
Total pollution count in LLC: 165652
==================================================================

DRAM Statistics
 CHANNEL 0
 RQ ROW_BUFFER_HIT:     284143  ROW_BUFFER_MISS:    2913160
 DBUS_CONGESTED:        849
 WQ ROW_BUFFER_HIT:     374433  ROW_BUFFER_MISS:     636161  FULL:          0

 AVG_CONGESTED_CYCLE: 4
 All warmup complete: 2
Channel 0 Bank busy for read cycles: 0
Channel 0 Bank busy for write cycles: 0
Channel 0
Rank 0
0banks busy for read cycles: 310004062
0banks busy for write cycles: 398294
1banks busy for read cycles: 145344164
1banks busy for write cycles: 66910765
2banks busy for read cycles: 57773055
2banks busy for write cycles: 27876743
3banks busy for read cycles: 27276521
3banks busy for write cycles: 12037718
4banks busy for read cycles: 12457160
4banks busy for write cycles: 5467983
5banks busy for read cycles: 5496451
5banks busy for write cycles: 2570038
6banks busy for read cycles: 2507105
6banks busy for write cycles: 1300679
7banks busy for read cycles: 1229441
7banks busy for write cycles: 669749
8banks busy for read cycles: 942356
8banks busy for write cycles: 380734

CPU 0 Branch Prediction Accuracy: 96.6309% MPKI: 6.86834 Average ROB Occupancy at Mispredict: 16.3306
Branch types
NOT_BRANCH: 159227108 79.6136%
BRANCH_DIRECT_JUMP: 2986369 1.49318%
BRANCH_INDIRECT: 236237 0.118118%
BRANCH_CONDITIONAL: 33921809 16.9609%
BRANCH_DIRECT_CALL: 1604723 0.802361%
BRANCH_INDIRECT_CALL: 202382 0.101191%
BRANCH_RETURN: 1814243 0.907121%
BRANCH_OTHER: 6473 0.0032365%

===================== LRU L1D STATS =====================
Total pollution count in L1D: 0
=========================================================
================ SRRIP (L2C) Pollution Stats ================
Total pollution count in L2c: 2796078
==================================================================
DRAM PAGES: 1048576
Allocated PAGES: 128296
