Initialize SIGNATURE TABLE
ST_SET: 1
ST_WAY: 256
ST_TAG_BIT: 16
ST_TAG_MASK: ffff

Initialize PATTERN TABLE
PT_SET: 512
PT_WAY: 4
SIG_DELTA_BIT: 7
C_SIG_BIT: 4
C_DELTA_BIT: 4

Initialize PREFETCH FILTER
FILTER_SET: 1024

Initialize PERCEPTRON
PERC_ENTRIES: 4096
PERC_FEATURES: 9

*** ChampSim Multicore Out-of-Order Simulator ***

Warmup Instructions: 200000000
Simulation Instructions: 200000000
Number of CPUs: 1
LLC sets: 4096
LLC ways: 12
Off-chip DRAM Size: 4096 MB Channels: 1 Width: 64-bit Data Rate: 6400 MT/s
CPU 0 runs /home1/sweta/traces/DPC4-Traces/Google_Traces_v2/Google_Traces_v2/sierra.a.6/sierra.a.6_0002.champsim.gz
.gz
BTB has LRU replacement policy
ITLB has LRU replacement policy
DTLB has LRU replacement policy
STLB has LRU replacement policy
L1I has LRU replacement policy
L1D has LRU replacement policy
PERC_ENTRIES: 4096
Initialize SRRIP state for L2C
Initialize Mockingjay state for LLC
Heartbeat CPU 0 instructions: 10000001 cycles: 2463399 heartbeat IPC: 4.05943 cumulative IPC: 4.05943 (Simulation time: 0 hr 0 min 21 sec) 
Heartbeat CPU 0 instructions: 20000000 cycles: 4991019 heartbeat IPC: 3.95629 cumulative IPC: 4.0072 (Simulation time: 0 hr 0 min 46 sec) 
Heartbeat CPU 0 instructions: 30000001 cycles: 7207542 heartbeat IPC: 4.51157 cumulative IPC: 4.16231 (Simulation time: 0 hr 1 min 7 sec) 
Heartbeat CPU 0 instructions: 40000000 cycles: 9449162 heartbeat IPC: 4.46106 cumulative IPC: 4.23318 (Simulation time: 0 hr 1 min 28 sec) 
Heartbeat CPU 0 instructions: 50000007 cycles: 12019059 heartbeat IPC: 3.89121 cumulative IPC: 4.16006 (Simulation time: 0 hr 1 min 53 sec) 
Heartbeat CPU 0 instructions: 60000003 cycles: 14609026 heartbeat IPC: 3.86105 cumulative IPC: 4.10705 (Simulation time: 0 hr 2 min 18 sec) 
Heartbeat CPU 0 instructions: 70000005 cycles: 17303214 heartbeat IPC: 3.71169 cumulative IPC: 4.04549 (Simulation time: 0 hr 2 min 44 sec) 
Heartbeat CPU 0 instructions: 80000004 cycles: 19832462 heartbeat IPC: 3.95374 cumulative IPC: 4.03379 (Simulation time: 0 hr 3 min 11 sec) 
Heartbeat CPU 0 instructions: 90000000 cycles: 22420712 heartbeat IPC: 3.86361 cumulative IPC: 4.01415 (Simulation time: 0 hr 3 min 38 sec) 
Heartbeat CPU 0 instructions: 100000001 cycles: 25057768 heartbeat IPC: 3.79211 cumulative IPC: 3.99078 (Simulation time: 0 hr 4 min 6 sec) 
Heartbeat CPU 0 instructions: 110000000 cycles: 27680730 heartbeat IPC: 3.81248 cumulative IPC: 3.97388 (Simulation time: 0 hr 4 min 33 sec) 
Heartbeat CPU 0 instructions: 120000007 cycles: 30276634 heartbeat IPC: 3.85223 cumulative IPC: 3.96345 (Simulation time: 0 hr 4 min 59 sec) 
Heartbeat CPU 0 instructions: 130000007 cycles: 32810949 heartbeat IPC: 3.94584 cumulative IPC: 3.96209 (Simulation time: 0 hr 5 min 27 sec) 
Heartbeat CPU 0 instructions: 140000001 cycles: 35270952 heartbeat IPC: 4.06503 cumulative IPC: 3.96927 (Simulation time: 0 hr 5 min 52 sec) 
Heartbeat CPU 0 instructions: 150000002 cycles: 37995613 heartbeat IPC: 3.67018 cumulative IPC: 3.94782 (Simulation time: 0 hr 6 min 19 sec) 
Heartbeat CPU 0 instructions: 160000000 cycles: 40528343 heartbeat IPC: 3.94831 cumulative IPC: 3.94785 (Simulation time: 0 hr 6 min 45 sec) 
Heartbeat CPU 0 instructions: 170000001 cycles: 42983606 heartbeat IPC: 4.07288 cumulative IPC: 3.955 (Simulation time: 0 hr 7 min 9 sec) 
Heartbeat CPU 0 instructions: 180000000 cycles: 45480740 heartbeat IPC: 4.00459 cumulative IPC: 3.95772 (Simulation time: 0 hr 7 min 34 sec) 
Heartbeat CPU 0 instructions: 190000003 cycles: 47897140 heartbeat IPC: 4.13839 cumulative IPC: 3.96683 (Simulation time: 0 hr 7 min 58 sec) 
Heartbeat CPU 0 instructions: 200000005 cycles: 50489578 heartbeat IPC: 3.85737 cumulative IPC: 3.96121 (Simulation time: 0 hr 8 min 25 sec) 

Warmup complete CPU 0 instructions: 200000005 cycles: 50489578 (Simulation time: 0 hr 8 min 25 sec) 

Heartbeat CPU 0 instructions: 210000006 cycles: 83184830 heartbeat IPC: 0.305855 cumulative IPC: 0.305855 (Simulation time: 0 hr 8 min 58 sec) 
Heartbeat CPU 0 instructions: 220000000 cycles: 118015457 heartbeat IPC: 0.287103 cumulative IPC: 0.296183 (Simulation time: 0 hr 9 min 30 sec) 
Heartbeat CPU 0 instructions: 230000005 cycles: 148572353 heartbeat IPC: 0.327259 cumulative IPC: 0.305864 (Simulation time: 0 hr 10 min 1 sec) 
Heartbeat CPU 0 instructions: 240000000 cycles: 185826238 heartbeat IPC: 0.268428 cumulative IPC: 0.295559 (Simulation time: 0 hr 10 min 34 sec) 
Heartbeat CPU 0 instructions: 250000000 cycles: 219133243 heartbeat IPC: 0.300237 cumulative IPC: 0.296483 (Simulation time: 0 hr 11 min 6 sec) 
Heartbeat CPU 0 instructions: 260000004 cycles: 257328837 heartbeat IPC: 0.26181 cumulative IPC: 0.29008 (Simulation time: 0 hr 11 min 38 sec) 
Heartbeat CPU 0 instructions: 270000000 cycles: 289424448 heartbeat IPC: 0.311569 cumulative IPC: 0.292967 (Simulation time: 0 hr 12 min 11 sec) 
Heartbeat CPU 0 instructions: 280000001 cycles: 321575530 heartbeat IPC: 0.311032 cumulative IPC: 0.295109 (Simulation time: 0 hr 12 min 43 sec) 
Heartbeat CPU 0 instructions: 290000003 cycles: 356565503 heartbeat IPC: 0.285796 cumulative IPC: 0.294045 (Simulation time: 0 hr 13 min 17 sec) 
Heartbeat CPU 0 instructions: 300000006 cycles: 390632496 heartbeat IPC: 0.293539 cumulative IPC: 0.293994 (Simulation time: 0 hr 13 min 51 sec) 
Heartbeat CPU 0 instructions: 310000005 cycles: 418211831 heartbeat IPC: 0.36259 cumulative IPC: 0.299139 (Simulation time: 0 hr 14 min 23 sec) 
Heartbeat CPU 0 instructions: 320000002 cycles: 450138638 heartbeat IPC: 0.313216 cumulative IPC: 0.300263 (Simulation time: 0 hr 14 min 56 sec) 
Heartbeat CPU 0 instructions: 330000001 cycles: 480745461 heartbeat IPC: 0.326724 cumulative IPC: 0.302146 (Simulation time: 0 hr 15 min 28 sec) 
Heartbeat CPU 0 instructions: 340000000 cycles: 512717381 heartbeat IPC: 0.312774 cumulative IPC: 0.302881 (Simulation time: 0 hr 16 min 2 sec) 
Heartbeat CPU 0 instructions: 350000000 cycles: 542988113 heartbeat IPC: 0.330352 cumulative IPC: 0.304569 (Simulation time: 0 hr 16 min 33 sec) 
Heartbeat CPU 0 instructions: 360000000 cycles: 572624447 heartbeat IPC: 0.337424 cumulative IPC: 0.306434 (Simulation time: 0 hr 17 min 1 sec) 
Heartbeat CPU 0 instructions: 370000004 cycles: 588712007 heartbeat IPC: 0.621599 cumulative IPC: 0.315855 (Simulation time: 0 hr 17 min 27 sec) 
Heartbeat CPU 0 instructions: 380000000 cycles: 610536105 heartbeat IPC: 0.458209 cumulative IPC: 0.321402 (Simulation time: 0 hr 17 min 53 sec) 
Heartbeat CPU 0 instructions: 390000001 cycles: 638126646 heartbeat IPC: 0.362443 cumulative IPC: 0.323329 (Simulation time: 0 hr 18 min 21 sec) 
Heartbeat CPU 0 instructions: 400000000 cycles: 665894451 heartbeat IPC: 0.360129 cumulative IPC: 0.324989 (Simulation time: 0 hr 18 min 47 sec) 
Finished CPU 0 instructions: 200000000 cycles: 615405414 cumulative IPC: 0.324989 (Simulation time: 0 hr 18 min 47 sec) 

ChampSim completed all CPUs

Region of Interest Statistics

CPU 0 cumulative IPC: 0.324989 instructions: 200000000 cycles: 615405414
ITLB TOTAL     ACCESS:   20513208  HIT:   19926021  MISS:     587187  HIT %:    97.1375  MISS %:    2.86248   MPKI: 2.93594
ITLB LOAD TRANSLATION ACCESS:   20513208  HIT:   19926021  MISS:     587187  HIT %:    97.1375  MISS %:    2.86248   MPKI: 2.93594
ITLB PREFETCH  REQUESTED:          0  ISSUED:          0  USEFUL:          0  USELESS:          0
ITLB USEFUL LOAD PREFETCHES:          0 PREFETCH ISSUED TO LOWER LEVEL:          0  ACCURACY: -nan
ITLB TIMELY PREFETCHES:          0 LATE PREFETCHES: 0 DROPPED PREFETCHES: 0
ITLB PREFETCHES SAME FILL-ORIGIN LEVEL: 0 DIFFERENT FILL-ORIGIN LEVEL: 0
ITLB AVERAGE MISS LATENCY:    22.8506 cycles AVERAGE LOAD MISS LATENCY:       -nan cycles Load Miss          0
ITLB Average MSHR Occupancy:  0.0215139
ITLB RQ	ACCESS:   24213195	FORWARD:          0	MERGED:    3134380	TO_CACHE:   21078815

DTLB TOTAL     ACCESS:   41672551  HIT:   38622788  MISS:    3049763  HIT %:    92.6816  MISS %:     7.3184   MPKI: 15.2488
DTLB LOAD TRANSLATION ACCESS:   41672551  HIT:   38622788  MISS:    3049763  HIT %:    92.6816  MISS %:     7.3184   MPKI: 15.2488
DTLB PREFETCH  REQUESTED:          0  ISSUED:          0  USEFUL:          0  USELESS:          0
DTLB USEFUL LOAD PREFETCHES:          0 PREFETCH ISSUED TO LOWER LEVEL:          0  ACCURACY: -nan
DTLB TIMELY PREFETCHES:          0 LATE PREFETCHES: 0 DROPPED PREFETCHES: 0
DTLB PREFETCHES SAME FILL-ORIGIN LEVEL: 0 DIFFERENT FILL-ORIGIN LEVEL: 0
DTLB AVERAGE MISS LATENCY:    42.7892 cycles AVERAGE LOAD MISS LATENCY:       -nan cycles Load Miss          0
DTLB Average MSHR Occupancy:   0.207937
DTLB RQ	ACCESS:   55506134	FORWARD:          0	MERGED:   13369926	TO_CACHE:   42136208

STLB TOTAL     ACCESS:    3636950  HIT:    2806207  MISS:     830743  HIT %:    77.1583  MISS %:    22.8417   MPKI: 4.15372
STLB LOAD TRANSLATION ACCESS:    3636950  HIT:    2806207  MISS:     830743  HIT %:    77.1583  MISS %:    22.8417   MPKI: 4.15372
STLB PREFETCH  REQUESTED:          0  ISSUED:          0  USEFUL:          0  USELESS:          0
STLB USEFUL LOAD PREFETCHES:          0 PREFETCH ISSUED TO LOWER LEVEL:          0  ACCURACY: -nan
STLB TIMELY PREFETCHES:          0 LATE PREFETCHES: 0 DROPPED PREFETCHES: 0
STLB PREFETCHES SAME FILL-ORIGIN LEVEL: 0 DIFFERENT FILL-ORIGIN LEVEL: 0
STLB AVERAGE MISS LATENCY:    133.628 cycles AVERAGE LOAD MISS LATENCY:       -nan cycles Load Miss          0
STLB Average MSHR Occupancy:   0.179215
STLB RQ	ACCESS:    3636950	FORWARD:          0	MERGED:          0	TO_CACHE:    3636950

STLB Hit, L1D data hit: 0
STLB Hit, L2C data hit: 0
STLB Hit, LLC data hit: 0
STLB Hit, LLC data miss: 0
STLB STLB hints to L2: 0
L1D TOTAL     ACCESS:   53288673  HIT:   49608419  MISS:    3680254  HIT %:    93.0937  MISS %:    6.90626   MPKI: 18.4013
L1D LOAD      ACCESS:   29842859  HIT:   27099066  MISS:    2743793  HIT %:    90.8059  MISS %:    9.19414   MPKI: 13.719
L1D RFO       ACCESS:   23445814  HIT:   22509353  MISS:     936461  HIT %:    96.0058  MISS %:    3.99415   MPKI: 4.68231
L1D PREFETCH  REQUESTED:          0  ISSUED:          0  USEFUL:          0  USELESS:          0
L1D USEFUL LOAD PREFETCHES:          0 PREFETCH ISSUED TO LOWER LEVEL:          0  ACCURACY: -nan
L1D TIMELY PREFETCHES:          0 LATE PREFETCHES: 0 DROPPED PREFETCHES: 0
L1D PREFETCHES SAME FILL-ORIGIN LEVEL: 0 DIFFERENT FILL-ORIGIN LEVEL: 0
L1D AVERAGE MISS LATENCY:    91.3503 cycles AVERAGE LOAD MISS LATENCY:    78.6506 cycles Load Miss    2743793
L1D Average MSHR Occupancy:   0.551435
L1D RQ	ACCESS:   45451363	FORWARD:          0	MERGED:   14437802	TO_CACHE:   30013196
L1D WQ	ACCESS:   26257771	FORWARD:    1000365	MERGED:     764833	TO_CACHE:   25492938

L1D UNIQUE REGIONS ACCESSED: 0
L1D REGIONS CONFLICTS: 0
L1D Cross Page Prefetch Requests: 0
L1D Same Page Prefetch Requests: 0
L1D ROI Sum of L1D PQ occupancy: 0
L1D PREFETCHES PUSHED FROM L2C: 0
L1I TOTAL     ACCESS:   23741741  HIT:    9173979  MISS:   14567762  HIT %:    38.6407  MISS %:    61.3593   MPKI: 72.8388
L1I LOAD      ACCESS:   23741741  HIT:    9173979  MISS:   14567762  HIT %:    38.6407  MISS %:    61.3593   MPKI: 72.8388
L1I PREFETCH  REQUESTED:          0  ISSUED:          0  USEFUL:          0  USELESS:          0
L1I USEFUL LOAD PREFETCHES:          0 PREFETCH ISSUED TO LOWER LEVEL:          0  ACCURACY: -nan
L1I TIMELY PREFETCHES:          0 LATE PREFETCHES: 0 DROPPED PREFETCHES: 0
L1I PREFETCHES SAME FILL-ORIGIN LEVEL: 0 DIFFERENT FILL-ORIGIN LEVEL: 0
L1I AVERAGE MISS LATENCY:    22.9472 cycles AVERAGE LOAD MISS LATENCY:    22.9472 cycles Load Miss   14567762
L1I Average MSHR Occupancy:   0.533757
L1I RQ	ACCESS:   44201981	FORWARD:          0	MERGED:   19988786	TO_CACHE:   24213195

BTB TOTAL     ACCESS:   18439779  HIT:   14712742  MISS:    3727037  HIT %:    79.7881  MISS %:    20.2119   MPKI: 18.6352
BTB BRANCH_DIRECT_JUMP	ACCESS:    2773650  HIT:    1933799  MISS:     839851
BTB BRANCH_INDIRECT	ACCESS:     364881  HIT:     256619  MISS:     108262
BTB BRANCH_CONDITIONAL	ACCESS:   11611363  HIT:   10918935  MISS:     692428
BTB BRANCH_DIRECT_CALL	ACCESS:    1669441  HIT:    1106949  MISS:     562492
BTB BRANCH_INDIRECT_CALL	ACCESS:     169511  HIT:      68053  MISS:     101458
BTB BRANCH_RETURN	ACCESS:    1845349  HIT:     426497  MISS:    1418852
BTB BRANCH_OTHER ACCESS:       5584  HIT:       1890  MISS:       3694

L2C TOTAL     ACCESS:   23016629  HIT:   19791614  MISS:    3225015  HIT %:    85.9883  MISS %:    14.0117   MPKI: 16.1251
L2C LOAD      ACCESS:   17311416  HIT:   15630355  MISS:    1681061  HIT %:    90.2893  MISS %:    9.71071   MPKI: 8.40531
L2C DATA LOAD MPKI: 4.18812
L2C INSTRUCTION LOAD MPKI: 4.21718
L2C RFO       ACCESS:     936418  HIT:     456530  MISS:     479888  HIT %:    48.7528  MISS %:    51.2472   MPKI: 2.39944
L2C PREFETCH  ACCESS:    1645769  HIT:     945655  MISS:     700114  HIT %:    57.4598  MISS %:    42.5402   MPKI: 3.50057
AGUS PREFETCH L1 MISS: 0
L2C DATA PREFETCH MPKI: 3.50057
L2C INSTRUCTION PREFETCH MPKI: 0
L2C WRITEBACK ACCESS:    1734443  HIT:    1728953  MISS:       5490  HIT %:    99.6835  MISS %:   0.316528   MPKI: 0.02745
L2C LOAD TRANSLATION ACCESS:    1388583  HIT:    1030121  MISS:     358462  HIT %:    74.1851  MISS %:    25.8149   MPKI: 1.79231
L2C PREFETCH  REQUESTED:    2053081  ISSUED:    2053059  USEFUL:     233663  USELESS:     468209
L2C USEFUL LOAD PREFETCHES:     233663 PREFETCH ISSUED TO LOWER LEVEL:    1000631  ACCURACY: 23.3516
L2C TIMELY PREFETCHES:     233663 LATE PREFETCHES: 24517 DROPPED PREFETCHES: 0
L2C PREFETCHES SAME FILL-ORIGIN LEVEL: 724631 DIFFERENT FILL-ORIGIN LEVEL: 276000
L2C AVERAGE MISS LATENCY:     192.52 cycles AVERAGE LOAD MISS LATENCY:      180.1 cycles Load Miss    1681061
L2C Average MSHR Occupancy:    1.00879
L2C RQ	ACCESS:   19636596	FORWARD:          0	MERGED:          0	TO_CACHE:   19636414
L2C WQ	ACCESS:    1734443	FORWARD:        186	MERGED:          0	TO_CACHE:    1734443
L2C PQ	ACCESS:    2053059	FORWARD:          0	MERGED:       7824	TO_CACHE:    2045231

L2C Instructions Evicting Data 499476
L2C Translations Evicting Data 226668
L2C Data Evicting Data 1293695
L2C Instructions Evicting Instructions 252281
L2C Translations Evicting Instructions 91881
L2C Data Evicting Instructions 496101
L2C Instructions Evicting Translations 91680
L2C Translations Evicting Translations 39913
L2C Data Evicting Translations 227830
L2C Dense regions hint from L2: 0
PSCL5 TOTAL     ACCESS:     830743  HIT:     830743  MISS:          0  HIT %:        100  MISS %:          0   MPKI: 0
PSCL5 LOAD TRANSLATION ACCESS:     830743  HIT:     830743  MISS:          0  HIT %:        100  MISS %:          0   MPKI: 0
PSCL5 PREFETCH  REQUESTED:          0  ISSUED:          0  USEFUL:          0  USELESS:          0
PSCL5 USEFUL LOAD PREFETCHES:          0 PREFETCH ISSUED TO LOWER LEVEL:          0  ACCURACY: -nan
PSCL5 TIMELY PREFETCHES:          0 LATE PREFETCHES: 0 DROPPED PREFETCHES: 0
PSCL5 PREFETCHES SAME FILL-ORIGIN LEVEL: 0 DIFFERENT FILL-ORIGIN LEVEL: 0

PSCL4 TOTAL     ACCESS:     724977  HIT:     721791  MISS:       3186  HIT %:    99.5605  MISS %:   0.439462   MPKI: 0.01593
PSCL4 LOAD TRANSLATION ACCESS:     724977  HIT:     721791  MISS:       3186  HIT %:    99.5605  MISS %:   0.439462   MPKI: 0.01593
PSCL4 PREFETCH  REQUESTED:          0  ISSUED:          0  USEFUL:          0  USELESS:          0
PSCL4 USEFUL LOAD PREFETCHES:          0 PREFETCH ISSUED TO LOWER LEVEL:          0  ACCURACY: -nan
PSCL4 TIMELY PREFETCHES:          0 LATE PREFETCHES: 0 DROPPED PREFETCHES: 0
PSCL4 PREFETCHES SAME FILL-ORIGIN LEVEL: 0 DIFFERENT FILL-ORIGIN LEVEL: 0

PSCL3 TOTAL     ACCESS:     827036  HIT:     812766  MISS:      14270  HIT %:    98.2746  MISS %:    1.72544   MPKI: 0.07135
PSCL3 LOAD TRANSLATION ACCESS:     827036  HIT:     812766  MISS:      14270  HIT %:    98.2746  MISS %:    1.72544   MPKI: 0.07135
PSCL3 PREFETCH  REQUESTED:          0  ISSUED:          0  USEFUL:          0  USELESS:          0
PSCL3 USEFUL LOAD PREFETCHES:          0 PREFETCH ISSUED TO LOWER LEVEL:          0  ACCURACY: -nan
PSCL3 TIMELY PREFETCHES:          0 LATE PREFETCHES: 0 DROPPED PREFETCHES: 0
PSCL3 PREFETCHES SAME FILL-ORIGIN LEVEL: 0 DIFFERENT FILL-ORIGIN LEVEL: 0

PSCL2 TOTAL     ACCESS:     830743  HIT:     290212  MISS:     540531  HIT %:     34.934  MISS %:     65.066   MPKI: 2.70266
PSCL2 LOAD TRANSLATION ACCESS:     830743  HIT:     290212  MISS:     540531  HIT %:     34.934  MISS %:     65.066   MPKI: 2.70266
PSCL2 PREFETCH  REQUESTED:          0  ISSUED:          0  USEFUL:          0  USELESS:          0
PSCL2 USEFUL LOAD PREFETCHES:          0 PREFETCH ISSUED TO LOWER LEVEL:          0  ACCURACY: -nan
PSCL2 TIMELY PREFETCHES:          0 LATE PREFETCHES: 0 DROPPED PREFETCHES: 0
PSCL2 PREFETCHES SAME FILL-ORIGIN LEVEL: 0 DIFFERENT FILL-ORIGIN LEVEL: 0

LLC TOTAL     ACCESS:    4444128  HIT:     918737  MISS:    3525391  HIT %:    20.6731  MISS %:    79.3269   MPKI: 17.627
LLC LOAD      ACCESS:    1657925  HIT:     420260  MISS:    1237665  HIT %:    25.3486  MISS %:    74.6514   MPKI: 6.18832
LLC RFO       ACCESS:     478506  HIT:      27473  MISS:     451033  HIT %:    5.74141  MISS %:    94.2586   MPKI: 2.25516
LLC PREFETCH  ACCESS:     997897  HIT:     116499  MISS:     881398  HIT %:    11.6745  MISS %:    88.3255   MPKI: 4.40699
AGUS PREFETCH L1 MISS: 0
LLC WRITEBACK ACCESS:     951338  HIT:     263030  MISS:     688308  HIT %:    27.6484  MISS %:    72.3516   MPKI: 3.44154
LLC LOAD TRANSLATION ACCESS:     358462  HIT:      91475  MISS:     266987  HIT %:    25.5187  MISS %:    74.4813   MPKI: 1.33493
LLC PREFETCH  REQUESTED:          0  ISSUED:          0  USEFUL:      19529  USELESS:     301101
LLC USEFUL LOAD PREFETCHES:      19529 PREFETCH ISSUED TO LOWER LEVEL:     883262  ACCURACY: 2.21101
LLC TIMELY PREFETCHES:      19529 LATE PREFETCHES: 1864 DROPPED PREFETCHES: 0
LLC PREFETCHES SAME FILL-ORIGIN LEVEL: 236980 DIFFERENT FILL-ORIGIN LEVEL: 0
LLC AVERAGE MISS LATENCY:    148.075 cycles AVERAGE LOAD MISS LATENCY:    181.396 cycles Load Miss    1237665
LLC Average MSHR Occupancy:   0.843744
LLC RQ	ACCESS:    2494893	FORWARD:          0	MERGED:          0	TO_CACHE:    2494892
LLC WQ	ACCESS:     951339	FORWARD:          1	MERGED:          0	TO_CACHE:     951339
LLC PQ	ACCESS:    1000631	FORWARD:          0	MERGED:        295	TO_CACHE:    1000336

LLC Dense regions hint to LLC: 0

RAW hits: 2755274
Loads Generated: 48206637
Loads sent to L1D: 45451363
Stores Generated: 26257761
Stores sent to L1D: 26257771
Major fault: 0 Minor fault: 103325
Allocated PAGES: 103325
------------------
Depth Distribution
------------------
depth 0: 1988093
depth 1: 2914411
depth 2: 165812
depth 3: 74643
depth 4: 26764
depth 5: 27600
depth 6: 25015
depth 7: 23733
depth 8: 31681
depth 9: 25474
depth 10: 5067
depth 11: 9233
depth 12: 1808
depth 13: 220
depth 14: 81
depth 15: 0
depth 16: 0
depth 17: 0
depth 18: 0
depth 19: 0
depth 20: 0
depth 21: 0
depth 22: 0
depth 23: 0
depth 24: 0
depth 25: 0
depth 26: 0
depth 27: 0
depth 28: 0
depth 29: 0
Total: 5319635
------------------
ST read accesses: 1651528
ST write accesses: 1092125
PT read accesses: 27362329
PT write accesses: 1718938
FILTER read accesses: 13978606
FILTER write accesses: 11550029
GHR read accesses: 10136063
GHR write accesses: 182924
PERC read accesses: 187980966
PERC write accesses: 22068788
GHR counter read accesses: 5487306
GHR counter write accesses: 5328842
GHR ip read accesses: 21365751
GHR ip write accesses: 10974612
ST tag read accesses: 1614513401
ST tag write accesses: 335420699
================ Mockingjay (LLC) Pollution Stats ================
Total pollution count in LLC: 161623
==================================================================

DRAM Statistics
 CHANNEL 0
 RQ ROW_BUFFER_HIT:     293715  ROW_BUFFER_MISS:    2543361
 DBUS_CONGESTED:        746
 WQ ROW_BUFFER_HIT:     330450  ROW_BUFFER_MISS:     591499  FULL:          0

 AVG_CONGESTED_CYCLE: 4
 All warmup complete: 2
Channel 0 Bank busy for read cycles: 0
Channel 0 Bank busy for write cycles: 0
Channel 0
Rank 0
0banks busy for read cycles: 282190866
0banks busy for write cycles: 369543
1banks busy for read cycles: 133765291
1banks busy for write cycles: 61588945
2banks busy for read cycles: 50207713
2banks busy for write cycles: 24847015
3banks busy for read cycles: 22774374
3banks busy for write cycles: 10749415
4banks busy for read cycles: 10653933
4banks busy for write cycles: 4942588
5banks busy for read cycles: 4701994
5banks busy for write cycles: 2367409
6banks busy for read cycles: 2193615
6banks busy for write cycles: 1165054
7banks busy for read cycles: 1101943
7banks busy for write cycles: 614687
8banks busy for read cycles: 837230
8banks busy for write cycles: 333800

CPU 0 Branch Prediction Accuracy: 96.8741% MPKI: 6.26454 Average ROB Occupancy at Mispredict: 17.5304
Branch types
NOT_BRANCH: 159918066 79.959%
BRANCH_DIRECT_JUMP: 2773650 1.38682%
BRANCH_INDIRECT: 364881 0.182441%
BRANCH_CONDITIONAL: 33252848 16.6264%
BRANCH_DIRECT_CALL: 1669441 0.83472%
BRANCH_INDIRECT_CALL: 169511 0.0847555%
BRANCH_RETURN: 1845349 0.922674%
BRANCH_OTHER: 5584 0.002792%

===================== LRU L1D STATS =====================
Total pollution count in L1D: 0
=========================================================
================ SRRIP (L2C) Pollution Stats ================
Total pollution count in L2c: 2718219
==================================================================
DRAM PAGES: 1048576
Allocated PAGES: 103325
