Initialize SIGNATURE TABLE
ST_SET: 1
ST_WAY: 256
ST_TAG_BIT: 16
ST_TAG_MASK: ffff

Initialize PATTERN TABLE
PT_SET: 512
PT_WAY: 4
SIG_DELTA_BIT: 7
C_SIG_BIT: 4
C_DELTA_BIT: 4

Initialize PREFETCH FILTER
FILTER_SET: 1024

Initialize PERCEPTRON
PERC_ENTRIES: 4096
PERC_FEATURES: 9

*** ChampSim Multicore Out-of-Order Simulator ***

Warmup Instructions: 200000000
Simulation Instructions: 200000000
Number of CPUs: 1
LLC sets: 4096
LLC ways: 12
Off-chip DRAM Size: 4096 MB Channels: 1 Width: 64-bit Data Rate: 6400 MT/s
CPU 0 runs /home1/sweta/traces/DPC4-Traces/Google_Traces_v2/Google_Traces_v2/sierra.a.4/sierra.a.4_0004.champsim.gz
.gz
BTB has LRU replacement policy
ITLB has LRU replacement policy
DTLB has LRU replacement policy
STLB has LRU replacement policy
L1I has LRU replacement policy
L1D has LRU replacement policy
PERC_ENTRIES: 4096
Initialize SRRIP state for L2C
Initialize Mockingjay state for LLC
Heartbeat CPU 0 instructions: 10000000 cycles: 2433937 heartbeat IPC: 4.10857 cumulative IPC: 4.10857 (Simulation time: 0 hr 0 min 23 sec) 
Heartbeat CPU 0 instructions: 20000000 cycles: 5041898 heartbeat IPC: 3.83441 cumulative IPC: 3.96676 (Simulation time: 0 hr 0 min 45 sec) 
Heartbeat CPU 0 instructions: 30000000 cycles: 7618570 heartbeat IPC: 3.88098 cumulative IPC: 3.93775 (Simulation time: 0 hr 1 min 9 sec) 
Heartbeat CPU 0 instructions: 40000007 cycles: 10282228 heartbeat IPC: 3.75424 cumulative IPC: 3.89021 (Simulation time: 0 hr 1 min 34 sec) 
Heartbeat CPU 0 instructions: 50000002 cycles: 12878844 heartbeat IPC: 3.85116 cumulative IPC: 3.88234 (Simulation time: 0 hr 1 min 57 sec) 
Heartbeat CPU 0 instructions: 60000002 cycles: 15499435 heartbeat IPC: 3.81593 cumulative IPC: 3.87111 (Simulation time: 0 hr 2 min 21 sec) 
Heartbeat CPU 0 instructions: 70000005 cycles: 18199500 heartbeat IPC: 3.70362 cumulative IPC: 3.84626 (Simulation time: 0 hr 2 min 46 sec) 
Heartbeat CPU 0 instructions: 80000000 cycles: 20854919 heartbeat IPC: 3.76588 cumulative IPC: 3.83603 (Simulation time: 0 hr 3 min 12 sec) 
Heartbeat CPU 0 instructions: 90000000 cycles: 23539796 heartbeat IPC: 3.72457 cumulative IPC: 3.82331 (Simulation time: 0 hr 3 min 36 sec) 
Heartbeat CPU 0 instructions: 100000007 cycles: 26126821 heartbeat IPC: 3.86545 cumulative IPC: 3.82748 (Simulation time: 0 hr 4 min 0 sec) 
Heartbeat CPU 0 instructions: 110000000 cycles: 28671911 heartbeat IPC: 3.92913 cumulative IPC: 3.83651 (Simulation time: 0 hr 4 min 21 sec) 
Heartbeat CPU 0 instructions: 120000001 cycles: 31285482 heartbeat IPC: 3.82618 cumulative IPC: 3.83564 (Simulation time: 0 hr 4 min 46 sec) 
Heartbeat CPU 0 instructions: 130000005 cycles: 33868744 heartbeat IPC: 3.87108 cumulative IPC: 3.83835 (Simulation time: 0 hr 5 min 9 sec) 
Heartbeat CPU 0 instructions: 140000004 cycles: 36422161 heartbeat IPC: 3.91632 cumulative IPC: 3.84381 (Simulation time: 0 hr 5 min 31 sec) 
Heartbeat CPU 0 instructions: 150000002 cycles: 38985483 heartbeat IPC: 3.90119 cumulative IPC: 3.84759 (Simulation time: 0 hr 5 min 55 sec) 
Heartbeat CPU 0 instructions: 160000005 cycles: 41364265 heartbeat IPC: 4.20383 cumulative IPC: 3.86807 (Simulation time: 0 hr 6 min 21 sec) 
Heartbeat CPU 0 instructions: 170000007 cycles: 43760312 heartbeat IPC: 4.17354 cumulative IPC: 3.8848 (Simulation time: 0 hr 6 min 46 sec) 
Heartbeat CPU 0 instructions: 180000000 cycles: 46141947 heartbeat IPC: 4.19879 cumulative IPC: 3.90101 (Simulation time: 0 hr 7 min 12 sec) 
Heartbeat CPU 0 instructions: 190000007 cycles: 48503492 heartbeat IPC: 4.23452 cumulative IPC: 3.91724 (Simulation time: 0 hr 7 min 38 sec) 
Heartbeat CPU 0 instructions: 200000000 cycles: 50926283 heartbeat IPC: 4.12747 cumulative IPC: 3.92725 (Simulation time: 0 hr 8 min 0 sec) 

Warmup complete CPU 0 instructions: 200000008 cycles: 50926284 (Simulation time: 0 hr 8 min 0 sec) 

Heartbeat CPU 0 instructions: 210000003 cycles: 85738935 heartbeat IPC: 0.287252 cumulative IPC: 0.287252 (Simulation time: 0 hr 8 min 33 sec) 
Heartbeat CPU 0 instructions: 220000000 cycles: 122181413 heartbeat IPC: 0.274405 cumulative IPC: 0.280681 (Simulation time: 0 hr 9 min 4 sec) 
Heartbeat CPU 0 instructions: 230000005 cycles: 155907330 heartbeat IPC: 0.296508 cumulative IPC: 0.285766 (Simulation time: 0 hr 9 min 36 sec) 
Heartbeat CPU 0 instructions: 240000000 cycles: 193715329 heartbeat IPC: 0.264494 cumulative IPC: 0.280133 (Simulation time: 0 hr 10 min 8 sec) 
Heartbeat CPU 0 instructions: 250000000 cycles: 240655925 heartbeat IPC: 0.213035 cumulative IPC: 0.263533 (Simulation time: 0 hr 10 min 43 sec) 
Heartbeat CPU 0 instructions: 260000001 cycles: 285921133 heartbeat IPC: 0.22092 cumulative IPC: 0.255325 (Simulation time: 0 hr 11 min 19 sec) 
Heartbeat CPU 0 instructions: 270000000 cycles: 326624940 heartbeat IPC: 0.245677 cumulative IPC: 0.2539 (Simulation time: 0 hr 11 min 54 sec) 
Heartbeat CPU 0 instructions: 280000007 cycles: 356995829 heartbeat IPC: 0.329263 cumulative IPC: 0.261378 (Simulation time: 0 hr 12 min 25 sec) 
Heartbeat CPU 0 instructions: 290000002 cycles: 371892084 heartbeat IPC: 0.671309 cumulative IPC: 0.280404 (Simulation time: 0 hr 12 min 53 sec) 
Heartbeat CPU 0 instructions: 300000000 cycles: 402805701 heartbeat IPC: 0.323482 cumulative IPC: 0.284188 (Simulation time: 0 hr 13 min 24 sec) 
Heartbeat CPU 0 instructions: 310000003 cycles: 421281017 heartbeat IPC: 0.541263 cumulative IPC: 0.297013 (Simulation time: 0 hr 13 min 53 sec) 
Heartbeat CPU 0 instructions: 320000000 cycles: 445052222 heartbeat IPC: 0.420677 cumulative IPC: 0.304471 (Simulation time: 0 hr 14 min 24 sec) 
Heartbeat CPU 0 instructions: 330000000 cycles: 466071768 heartbeat IPC: 0.475748 cumulative IPC: 0.313143 (Simulation time: 0 hr 14 min 53 sec) 
Heartbeat CPU 0 instructions: 340000000 cycles: 512620414 heartbeat IPC: 0.214829 cumulative IPC: 0.303231 (Simulation time: 0 hr 15 min 28 sec) 
Heartbeat CPU 0 instructions: 350000000 cycles: 559731675 heartbeat IPC: 0.212263 cumulative IPC: 0.294808 (Simulation time: 0 hr 16 min 2 sec) 
Heartbeat CPU 0 instructions: 360000000 cycles: 598803299 heartbeat IPC: 0.25594 cumulative IPC: 0.292036 (Simulation time: 0 hr 16 min 38 sec) 
Heartbeat CPU 0 instructions: 370000006 cycles: 630155926 heartbeat IPC: 0.318953 cumulative IPC: 0.293493 (Simulation time: 0 hr 17 min 7 sec) 
Heartbeat CPU 0 instructions: 380000001 cycles: 679226098 heartbeat IPC: 0.20379 cumulative IPC: 0.286487 (Simulation time: 0 hr 17 min 39 sec) 
Heartbeat CPU 0 instructions: 390000001 cycles: 724428751 heartbeat IPC: 0.221226 cumulative IPC: 0.282107 (Simulation time: 0 hr 18 min 10 sec) 
Heartbeat CPU 0 instructions: 400000002 cycles: 777636275 heartbeat IPC: 0.187943 cumulative IPC: 0.275213 (Simulation time: 0 hr 18 min 44 sec) 
Finished CPU 0 instructions: 200000001 cycles: 726710042 cumulative IPC: 0.275213 (Simulation time: 0 hr 18 min 44 sec) 

ChampSim completed all CPUs

Region of Interest Statistics

CPU 0 cumulative IPC: 0.275213 instructions: 200000001 cycles: 726710042
ITLB TOTAL     ACCESS:   21372004  HIT:   21006732  MISS:     365272  HIT %:    98.2909  MISS %:    1.70911   MPKI: 1.82636
ITLB LOAD TRANSLATION ACCESS:   21372004  HIT:   21006732  MISS:     365272  HIT %:    98.2909  MISS %:    1.70911   MPKI: 1.82636
ITLB PREFETCH  REQUESTED:          0  ISSUED:          0  USEFUL:          0  USELESS:          0
ITLB USEFUL LOAD PREFETCHES:          0 PREFETCH ISSUED TO LOWER LEVEL:          0  ACCURACY: -nan
ITLB TIMELY PREFETCHES:          0 LATE PREFETCHES: 0 DROPPED PREFETCHES: 0
ITLB PREFETCHES SAME FILL-ORIGIN LEVEL: 0 DIFFERENT FILL-ORIGIN LEVEL: 0
ITLB AVERAGE MISS LATENCY:    35.3051 cycles AVERAGE LOAD MISS LATENCY:       -nan cycles Load Miss          0
ITLB Average MSHR Occupancy:  0.0176251
ITLB RQ	ACCESS:   24970406	FORWARD:          0	MERGED:    3300630	TO_CACHE:   21669776

DTLB TOTAL     ACCESS:   41633339  HIT:   39584024  MISS:    2049315  HIT %:    95.0777  MISS %:    4.92229   MPKI: 10.2466
DTLB LOAD TRANSLATION ACCESS:   41633339  HIT:   39584024  MISS:    2049315  HIT %:    95.0777  MISS %:    4.92229   MPKI: 10.2466
DTLB PREFETCH  REQUESTED:          0  ISSUED:          0  USEFUL:          0  USELESS:          0
DTLB USEFUL LOAD PREFETCHES:          0 PREFETCH ISSUED TO LOWER LEVEL:          0  ACCURACY: -nan
DTLB TIMELY PREFETCHES:          0 LATE PREFETCHES: 0 DROPPED PREFETCHES: 0
DTLB PREFETCHES SAME FILL-ORIGIN LEVEL: 0 DIFFERENT FILL-ORIGIN LEVEL: 0
DTLB AVERAGE MISS LATENCY:    62.4748 cycles AVERAGE LOAD MISS LATENCY:       -nan cycles Load Miss          0
DTLB Average MSHR Occupancy:   0.167667
DTLB RQ	ACCESS:   55088143	FORWARD:          0	MERGED:   13086707	TO_CACHE:   42001436

STLB TOTAL     ACCESS:    2414587  HIT:    1711043  MISS:     703544  HIT %:    70.8628  MISS %:    29.1372   MPKI: 3.51772
STLB LOAD TRANSLATION ACCESS:    2414587  HIT:    1711043  MISS:     703544  HIT %:    70.8628  MISS %:    29.1372   MPKI: 3.51772
STLB PREFETCH  REQUESTED:          0  ISSUED:          0  USEFUL:          0  USELESS:          0
STLB USEFUL LOAD PREFETCHES:          0 PREFETCH ISSUED TO LOWER LEVEL:          0  ACCURACY: -nan
STLB TIMELY PREFETCHES:          0 LATE PREFETCHES: 0 DROPPED PREFETCHES: 0
STLB PREFETCHES SAME FILL-ORIGIN LEVEL: 0 DIFFERENT FILL-ORIGIN LEVEL: 0
STLB AVERAGE MISS LATENCY:    169.188 cycles AVERAGE LOAD MISS LATENCY:       -nan cycles Load Miss          0
STLB Average MSHR Occupancy:   0.156563
STLB RQ	ACCESS:    2414587	FORWARD:          0	MERGED:          0	TO_CACHE:    2414587

STLB Hit, L1D data hit: 0
STLB Hit, L2C data hit: 0
STLB Hit, LLC data hit: 0
STLB Hit, LLC data miss: 0
STLB STLB hints to L2: 0
L1D TOTAL     ACCESS:   52744329  HIT:   48581126  MISS:    4163203  HIT %:    92.1068  MISS %:    7.89318   MPKI: 20.816
L1D LOAD      ACCESS:   30826860  HIT:   28088491  MISS:    2738369  HIT %:    91.1169  MISS %:    8.88306   MPKI: 13.6918
L1D RFO       ACCESS:   21917469  HIT:   20492635  MISS:    1424834  HIT %:    93.4991  MISS %:    6.50091   MPKI: 7.12417
L1D PREFETCH  REQUESTED:          0  ISSUED:          0  USEFUL:          0  USELESS:          0
L1D USEFUL LOAD PREFETCHES:          0 PREFETCH ISSUED TO LOWER LEVEL:          0  ACCURACY: -nan
L1D TIMELY PREFETCHES:          0 LATE PREFETCHES: 0 DROPPED PREFETCHES: 0
L1D PREFETCHES SAME FILL-ORIGIN LEVEL: 0 DIFFERENT FILL-ORIGIN LEVEL: 0
L1D AVERAGE MISS LATENCY:    99.0533 cycles AVERAGE LOAD MISS LATENCY:    81.1243 cycles Load Miss    2738369
L1D Average MSHR Occupancy:   0.575393
L1D RQ	ACCESS:   46938331	FORWARD:          0	MERGED:   15237137	TO_CACHE:   31023854
L1D WQ	ACCESS:   24629716	FORWARD:     677340	MERGED:     565427	TO_CACHE:   24064289

L1D UNIQUE REGIONS ACCESSED: 0
L1D REGIONS CONFLICTS: 0
L1D Cross Page Prefetch Requests: 0
L1D Same Page Prefetch Requests: 0
L1D ROI Sum of L1D PQ occupancy: 0
L1D PREFETCHES PUSHED FROM L2C: 0
L1I TOTAL     ACCESS:   24465971  HIT:    8505475  MISS:   15960496  HIT %:    34.7645  MISS %:    65.2355   MPKI: 79.8025
L1I LOAD      ACCESS:   24465971  HIT:    8505475  MISS:   15960496  HIT %:    34.7645  MISS %:    65.2355   MPKI: 79.8025
L1I PREFETCH  REQUESTED:          0  ISSUED:          0  USEFUL:          0  USELESS:          0
L1I USEFUL LOAD PREFETCHES:          0 PREFETCH ISSUED TO LOWER LEVEL:          0  ACCURACY: -nan
L1I TIMELY PREFETCHES:          0 LATE PREFETCHES: 0 DROPPED PREFETCHES: 0
L1I PREFETCHES SAME FILL-ORIGIN LEVEL: 0 DIFFERENT FILL-ORIGIN LEVEL: 0
L1I AVERAGE MISS LATENCY:    29.0497 cycles AVERAGE LOAD MISS LATENCY:    29.0497 cycles Load Miss   15960496
L1I Average MSHR Occupancy:    0.63308
L1I RQ	ACCESS:   44814349	FORWARD:          0	MERGED:   19843943	TO_CACHE:   24970406

BTB TOTAL     ACCESS:   17468291  HIT:   14712036  MISS:    2756255  HIT %:    84.2214  MISS %:    15.7786   MPKI: 13.7813
BTB BRANCH_DIRECT_JUMP	ACCESS:    2528224  HIT:    1950898  MISS:     577326
BTB BRANCH_INDIRECT	ACCESS:     243525  HIT:     173764  MISS:      69761
BTB BRANCH_CONDITIONAL	ACCESS:   11561968  HIT:   11035906  MISS:     526062
BTB BRANCH_DIRECT_CALL	ACCESS:    1413705  HIT:     969954  MISS:     443751
BTB BRANCH_INDIRECT_CALL	ACCESS:     150227  HIT:      68475  MISS:      81752
BTB BRANCH_RETURN	ACCESS:    1567538  HIT:     512114  MISS:    1055424
BTB BRANCH_OTHER ACCESS:       3104  HIT:        925  MISS:       2179

L2C TOTAL     ACCESS:   25260813  HIT:   20985253  MISS:    4275560  HIT %:    83.0743  MISS %:    16.9257   MPKI: 21.3778
L2C LOAD      ACCESS:   18698712  HIT:   16230619  MISS:    2468093  HIT %:    86.8007  MISS %:    13.1993   MPKI: 12.3405
L2C DATA LOAD MPKI: 4.50753
L2C INSTRUCTION LOAD MPKI: 7.83293
L2C RFO       ACCESS:    1424801  HIT:     643905  MISS:     780896  HIT %:    45.1926  MISS %:    54.8074   MPKI: 3.90448
L2C PREFETCH  ACCESS:    1844826  HIT:    1205985  MISS:     638841  HIT %:    65.3712  MISS %:    34.6288   MPKI: 3.1942
AGUS PREFETCH L1 MISS: 0
L2C DATA PREFETCH MPKI: 3.1942
L2C INSTRUCTION PREFETCH MPKI: 0
L2C WRITEBACK ACCESS:    2109710  HIT:    2105800  MISS:       3910  HIT %:    99.8147  MISS %:   0.185334   MPKI: 0.01955
L2C LOAD TRANSLATION ACCESS:    1182764  HIT:     798944  MISS:     383820  HIT %:    67.5489  MISS %:    32.4511   MPKI: 1.9191
L2C PREFETCH  REQUESTED:    2228390  ISSUED:    2227950  USEFUL:     232056  USELESS:     407746
L2C USEFUL LOAD PREFETCHES:     232056 PREFETCH ISSUED TO LOWER LEVEL:     907160  ACCURACY: 25.5805
L2C TIMELY PREFETCHES:     232056 LATE PREFETCHES: 66911 DROPPED PREFETCHES: 0
L2C PREFETCHES SAME FILL-ORIGIN LEVEL: 705752 DIFFERENT FILL-ORIGIN LEVEL: 201408
L2C AVERAGE MISS LATENCY:    186.869 cycles AVERAGE LOAD MISS LATENCY:     169.87 cycles Load Miss    2468093
L2C Average MSHR Occupancy:    1.09886
L2C RQ	ACCESS:   21306463	FORWARD:          0	MERGED:          0	TO_CACHE:   21306278
L2C WQ	ACCESS:    2109710	FORWARD:        241	MERGED:          0	TO_CACHE:    2109710
L2C PQ	ACCESS:    2227950	FORWARD:          0	MERGED:      12032	TO_CACHE:    2215862

L2C Instructions Evicting Data 817659
L2C Translations Evicting Data 208413
L2C Data Evicting Data 1306363
L2C Instructions Evicting Instructions 607017
L2C Translations Evicting Instructions 140061
L2C Data Evicting Instructions 809662
L2C Instructions Evicting Translations 141910
L2C Translations Evicting Translations 35346
L2C Data Evicting Translations 205219
L2C Dense regions hint from L2: 0
PSCL5 TOTAL     ACCESS:     703544  HIT:     703544  MISS:          0  HIT %:        100  MISS %:          0   MPKI: 0
PSCL5 LOAD TRANSLATION ACCESS:     703544  HIT:     703544  MISS:          0  HIT %:        100  MISS %:          0   MPKI: 0
PSCL5 PREFETCH  REQUESTED:          0  ISSUED:          0  USEFUL:          0  USELESS:          0
PSCL5 USEFUL LOAD PREFETCHES:          0 PREFETCH ISSUED TO LOWER LEVEL:          0  ACCURACY: -nan
PSCL5 TIMELY PREFETCHES:          0 LATE PREFETCHES: 0 DROPPED PREFETCHES: 0
PSCL5 PREFETCHES SAME FILL-ORIGIN LEVEL: 0 DIFFERENT FILL-ORIGIN LEVEL: 0

PSCL4 TOTAL     ACCESS:     529443  HIT:     521467  MISS:       7976  HIT %:    98.4935  MISS %:    1.50649   MPKI: 0.03988
PSCL4 LOAD TRANSLATION ACCESS:     529443  HIT:     521467  MISS:       7976  HIT %:    98.4935  MISS %:    1.50649   MPKI: 0.03988
PSCL4 PREFETCH  REQUESTED:          0  ISSUED:          0  USEFUL:          0  USELESS:          0
PSCL4 USEFUL LOAD PREFETCHES:          0 PREFETCH ISSUED TO LOWER LEVEL:          0  ACCURACY: -nan
PSCL4 TIMELY PREFETCHES:          0 LATE PREFETCHES: 0 DROPPED PREFETCHES: 0
PSCL4 PREFETCHES SAME FILL-ORIGIN LEVEL: 0 DIFFERENT FILL-ORIGIN LEVEL: 0

PSCL3 TOTAL     ACCESS:     699108  HIT:     679899  MISS:      19209  HIT %:    97.2524  MISS %:    2.74764   MPKI: 0.096045
PSCL3 LOAD TRANSLATION ACCESS:     699108  HIT:     679899  MISS:      19209  HIT %:    97.2524  MISS %:    2.74764   MPKI: 0.096045
PSCL3 PREFETCH  REQUESTED:          0  ISSUED:          0  USEFUL:          0  USELESS:          0
PSCL3 USEFUL LOAD PREFETCHES:          0 PREFETCH ISSUED TO LOWER LEVEL:          0  ACCURACY: -nan
PSCL3 TIMELY PREFETCHES:          0 LATE PREFETCHES: 0 DROPPED PREFETCHES: 0
PSCL3 PREFETCHES SAME FILL-ORIGIN LEVEL: 0 DIFFERENT FILL-ORIGIN LEVEL: 0

PSCL2 TOTAL     ACCESS:     703544  HIT:     250355  MISS:     453189  HIT %:    35.5848  MISS %:    64.4152   MPKI: 2.26594
PSCL2 LOAD TRANSLATION ACCESS:     703544  HIT:     250355  MISS:     453189  HIT %:    35.5848  MISS %:    64.4152   MPKI: 2.26594
PSCL2 PREFETCH  REQUESTED:          0  ISSUED:          0  USEFUL:          0  USELESS:          0
PSCL2 USEFUL LOAD PREFETCHES:          0 PREFETCH ISSUED TO LOWER LEVEL:          0  ACCURACY: -nan
PSCL2 TIMELY PREFETCHES:          0 LATE PREFETCHES: 0 DROPPED PREFETCHES: 0
PSCL2 PREFETCHES SAME FILL-ORIGIN LEVEL: 0 DIFFERENT FILL-ORIGIN LEVEL: 0

LLC TOTAL     ACCESS:    5604709  HIT:    1084048  MISS:    4520661  HIT %:    19.3417  MISS %:    80.6583   MPKI: 22.6033
LLC LOAD      ACCESS:    2402191  HIT:     699504  MISS:    1702687  HIT %:    29.1194  MISS %:    70.8806   MPKI: 8.51343
LLC RFO       ACCESS:     779887  HIT:      23541  MISS:     756346  HIT %:    3.01851  MISS %:    96.9815   MPKI: 3.78173
LLC PREFETCH  ACCESS:     904219  HIT:      79483  MISS:     824736  HIT %:    8.79024  MISS %:    91.2098   MPKI: 4.12368
AGUS PREFETCH L1 MISS: 0
LLC WRITEBACK ACCESS:    1134592  HIT:     208409  MISS:     926183  HIT %:    18.3686  MISS %:    81.6314   MPKI: 4.63091
LLC LOAD TRANSLATION ACCESS:     383820  HIT:      73111  MISS:     310709  HIT %:    19.0483  MISS %:    80.9517   MPKI: 1.55354
LLC PREFETCH  REQUESTED:          0  ISSUED:          0  USEFUL:      15584  USELESS:     269260
LLC USEFUL LOAD PREFETCHES:      15584 PREFETCH ISSUED TO LOWER LEVEL:     826565  ACCURACY: 1.88539
LLC TIMELY PREFETCHES:      15584 LATE PREFETCHES: 1829 DROPPED PREFETCHES: 0
LLC PREFETCHES SAME FILL-ORIGIN LEVEL: 177814 DIFFERENT FILL-ORIGIN LEVEL: 0
LLC AVERAGE MISS LATENCY:    142.356 cycles AVERAGE LOAD MISS LATENCY:    177.127 cycles Load Miss    1702687
LLC Average MSHR Occupancy:   0.880722
LLC RQ	ACCESS:    3565899	FORWARD:          0	MERGED:          0	TO_CACHE:    3565899
LLC WQ	ACCESS:    1134592	FORWARD:          0	MERGED:          0	TO_CACHE:    1134592
LLC PQ	ACCESS:     907160	FORWARD:          0	MERGED:        386	TO_CACHE:     906774

LLC Dense regions hint to LLC: 0

RAW hits: 1939215
Loads Generated: 48877541
Loads sent to L1D: 46938331
Stores Generated: 24629712
Stores sent to L1D: 24629716
Major fault: 0 Minor fault: 226520
Allocated PAGES: 226520
------------------
Depth Distribution
------------------
depth 0: 1943005
depth 1: 1945086
depth 2: 1005490
depth 3: 293781
depth 4: 191872
depth 5: 152028
depth 6: 85883
depth 7: 77070
depth 8: 73107
depth 9: 58570
depth 10: 15625
depth 11: 30789
depth 12: 16135
depth 13: 3461
depth 14: 12688
depth 15: 1377
depth 16: 1278
depth 17: 573
depth 18: 478
depth 19: 142
depth 20: 17
depth 21: 2
depth 22: 0
depth 23: 0
depth 24: 0
depth 25: 0
depth 26: 0
depth 27: 0
depth 28: 0
depth 29: 0
Total: 5908457
------------------
ST read accesses: 1982038
ST write accesses: 756179
PT read accesses: 43666033
PT write accesses: 2470758
FILTER read accesses: 16495559
FILTER write accesses: 13074861
GHR read accesses: 8649921
GHR write accesses: 407413
PERC read accesses: 290163825
PERC write accesses: 24158128
GHR counter read accesses: 5476434
GHR counter write accesses: 6012905
GHR ip read accesses: 18456591
GHR ip write accesses: 10952868
ST tag read accesses: 1438841009
ST tag write accesses: 232823257
================ Mockingjay (LLC) Pollution Stats ================
Total pollution count in LLC: 159322
==================================================================

DRAM Statistics
 CHANNEL 0
 RQ ROW_BUFFER_HIT:     742865  ROW_BUFFER_MISS:    2851606
 DBUS_CONGESTED:       2515
 WQ ROW_BUFFER_HIT:     405464  ROW_BUFFER_MISS:     715082  FULL:        462

 AVG_CONGESTED_CYCLE: 4
 All warmup complete: 2
Channel 0 Bank busy for read cycles: 0
Channel 0 Bank busy for write cycles: 0
Channel 0
Rank 0
0banks busy for read cycles: 328353170
0banks busy for write cycles: 439424
1banks busy for read cycles: 168433528
1banks busy for write cycles: 75458406
2banks busy for read cycles: 58804149
2banks busy for write cycles: 27721117
3banks busy for read cycles: 23507723
3banks busy for write cycles: 11028357
4banks busy for read cycles: 9933008
4banks busy for write cycles: 4991539
5banks busy for read cycles: 4323678
5banks busy for write cycles: 2527983
6banks busy for read cycles: 2254376
6banks busy for write cycles: 1431371
7banks busy for read cycles: 1434370
7banks busy for write cycles: 1021519
8banks busy for read cycles: 2963044
8banks busy for write cycles: 2083281

CPU 0 Branch Prediction Accuracy: 92.3436% MPKI: 12.6864 Average ROB Occupancy at Mispredict: 14.3192
Branch types
NOT_BRANCH: 166859901 83.43%
BRANCH_DIRECT_JUMP: 2528224 1.26411%
BRANCH_INDIRECT: 243525 0.121762%
BRANCH_CONDITIONAL: 27233123 13.6166%
BRANCH_DIRECT_CALL: 1413705 0.706852%
BRANCH_INDIRECT_CALL: 150227 0.0751135%
BRANCH_RETURN: 1567538 0.783769%
BRANCH_OTHER: 3104 0.001552%

===================== LRU L1D STATS =====================
Total pollution count in L1D: 0
=========================================================
================ SRRIP (L2C) Pollution Stats ================
Total pollution count in L2c: 3715670
==================================================================
DRAM PAGES: 1048576
Allocated PAGES: 226520
