Initialize SIGNATURE TABLE
ST_SET: 1
ST_WAY: 256
ST_TAG_BIT: 16
ST_TAG_MASK: ffff

Initialize PATTERN TABLE
PT_SET: 512
PT_WAY: 4
SIG_DELTA_BIT: 7
C_SIG_BIT: 4
C_DELTA_BIT: 4

Initialize PREFETCH FILTER
FILTER_SET: 1024

Initialize PERCEPTRON
PERC_ENTRIES: 4096
PERC_FEATURES: 9

*** ChampSim Multicore Out-of-Order Simulator ***

Warmup Instructions: 200000000
Simulation Instructions: 200000000
Number of CPUs: 1
LLC sets: 4096
LLC ways: 12
Off-chip DRAM Size: 4096 MB Channels: 1 Width: 64-bit Data Rate: 6400 MT/s
CPU 0 runs /home1/sweta/traces/DPC4-Traces/Google_Traces_v2/Google_Traces_v2/tahoe/tahoe_0004.champsim.gz
.gz
BTB has LRU replacement policy
ITLB has LRU replacement policy
DTLB has LRU replacement policy
STLB has LRU replacement policy
L1I has LRU replacement policy
L1D has LRU replacement policy
PERC_ENTRIES: 4096
Initialize SRRIP state for L2C
Initialize Mockingjay state for LLC
Heartbeat CPU 0 instructions: 10000003 cycles: 2470323 heartbeat IPC: 4.04805 cumulative IPC: 4.04805 (Simulation time: 0 hr 0 min 22 sec) 
Heartbeat CPU 0 instructions: 20000005 cycles: 5288080 heartbeat IPC: 3.54892 cumulative IPC: 3.78209 (Simulation time: 0 hr 0 min 45 sec) 
Heartbeat CPU 0 instructions: 30000003 cycles: 7796843 heartbeat IPC: 3.98603 cumulative IPC: 3.84771 (Simulation time: 0 hr 1 min 8 sec) 
Heartbeat CPU 0 instructions: 40000000 cycles: 10281515 heartbeat IPC: 4.02467 cumulative IPC: 3.89048 (Simulation time: 0 hr 1 min 28 sec) 
Heartbeat CPU 0 instructions: 50000002 cycles: 12760744 heartbeat IPC: 4.03351 cumulative IPC: 3.91827 (Simulation time: 0 hr 1 min 52 sec) 
Heartbeat CPU 0 instructions: 60000002 cycles: 15403146 heartbeat IPC: 3.78444 cumulative IPC: 3.89531 (Simulation time: 0 hr 2 min 14 sec) 
Heartbeat CPU 0 instructions: 70000000 cycles: 17788104 heartbeat IPC: 4.19295 cumulative IPC: 3.93521 (Simulation time: 0 hr 2 min 38 sec) 
Heartbeat CPU 0 instructions: 80000000 cycles: 20222064 heartbeat IPC: 4.10853 cumulative IPC: 3.95607 (Simulation time: 0 hr 3 min 1 sec) 
Heartbeat CPU 0 instructions: 90000000 cycles: 22778710 heartbeat IPC: 3.91137 cumulative IPC: 3.95106 (Simulation time: 0 hr 3 min 26 sec) 
Heartbeat CPU 0 instructions: 100000003 cycles: 25425811 heartbeat IPC: 3.77772 cumulative IPC: 3.93301 (Simulation time: 0 hr 3 min 49 sec) 
Heartbeat CPU 0 instructions: 110000001 cycles: 28020254 heartbeat IPC: 3.85439 cumulative IPC: 3.92573 (Simulation time: 0 hr 4 min 13 sec) 
Heartbeat CPU 0 instructions: 120000000 cycles: 31060512 heartbeat IPC: 3.28919 cumulative IPC: 3.86343 (Simulation time: 0 hr 4 min 38 sec) 
Heartbeat CPU 0 instructions: 130000002 cycles: 33696459 heartbeat IPC: 3.7937 cumulative IPC: 3.85797 (Simulation time: 0 hr 5 min 3 sec) 
Heartbeat CPU 0 instructions: 140000004 cycles: 36167068 heartbeat IPC: 4.04759 cumulative IPC: 3.87092 (Simulation time: 0 hr 5 min 28 sec) 
Heartbeat CPU 0 instructions: 150000006 cycles: 38672261 heartbeat IPC: 3.99171 cumulative IPC: 3.87875 (Simulation time: 0 hr 5 min 52 sec) 
Heartbeat CPU 0 instructions: 160000001 cycles: 41190598 heartbeat IPC: 3.97087 cumulative IPC: 3.88438 (Simulation time: 0 hr 6 min 17 sec) 
Heartbeat CPU 0 instructions: 170000001 cycles: 43801938 heartbeat IPC: 3.82945 cumulative IPC: 3.88111 (Simulation time: 0 hr 6 min 42 sec) 
Heartbeat CPU 0 instructions: 180000000 cycles: 46394706 heartbeat IPC: 3.85688 cumulative IPC: 3.87975 (Simulation time: 0 hr 7 min 6 sec) 
Heartbeat CPU 0 instructions: 190000000 cycles: 48994701 heartbeat IPC: 3.84616 cumulative IPC: 3.87797 (Simulation time: 0 hr 7 min 30 sec) 
Heartbeat CPU 0 instructions: 200000000 cycles: 52026269 heartbeat IPC: 3.29862 cumulative IPC: 3.84421 (Simulation time: 0 hr 7 min 57 sec) 

Warmup complete CPU 0 instructions: 200000008 cycles: 52026270 (Simulation time: 0 hr 7 min 57 sec) 

Heartbeat CPU 0 instructions: 210000000 cycles: 75337123 heartbeat IPC: 0.428985 cumulative IPC: 0.428984 (Simulation time: 0 hr 8 min 27 sec) 
Heartbeat CPU 0 instructions: 220000002 cycles: 98750166 heartbeat IPC: 0.427112 cumulative IPC: 0.428046 (Simulation time: 0 hr 8 min 57 sec) 
Heartbeat CPU 0 instructions: 230000000 cycles: 122014542 heartbeat IPC: 0.429842 cumulative IPC: 0.428643 (Simulation time: 0 hr 9 min 27 sec) 
Heartbeat CPU 0 instructions: 240000002 cycles: 152281366 heartbeat IPC: 0.330395 cumulative IPC: 0.398982 (Simulation time: 0 hr 9 min 59 sec) 
Heartbeat CPU 0 instructions: 250000004 cycles: 185376009 heartbeat IPC: 0.302164 cumulative IPC: 0.374954 (Simulation time: 0 hr 10 min 29 sec) 
Heartbeat CPU 0 instructions: 260000004 cycles: 208581791 heartbeat IPC: 0.430927 cumulative IPC: 0.383251 (Simulation time: 0 hr 10 min 55 sec) 
Heartbeat CPU 0 instructions: 270000000 cycles: 237002461 heartbeat IPC: 0.351856 cumulative IPC: 0.378427 (Simulation time: 0 hr 11 min 23 sec) 
Heartbeat CPU 0 instructions: 280000001 cycles: 255847036 heartbeat IPC: 0.530657 cumulative IPC: 0.392502 (Simulation time: 0 hr 11 min 49 sec) 
Heartbeat CPU 0 instructions: 290000002 cycles: 280026082 heartbeat IPC: 0.413581 cumulative IPC: 0.394737 (Simulation time: 0 hr 12 min 18 sec) 
Heartbeat CPU 0 instructions: 300000000 cycles: 310761520 heartbeat IPC: 0.325357 cumulative IPC: 0.386495 (Simulation time: 0 hr 12 min 48 sec) 
Heartbeat CPU 0 instructions: 310000005 cycles: 346193155 heartbeat IPC: 0.282234 cumulative IPC: 0.373937 (Simulation time: 0 hr 13 min 17 sec) 
Heartbeat CPU 0 instructions: 320000000 cycles: 370416803 heartbeat IPC: 0.41282 cumulative IPC: 0.376896 (Simulation time: 0 hr 13 min 44 sec) 
Heartbeat CPU 0 instructions: 330000000 cycles: 397555843 heartbeat IPC: 0.368473 cumulative IPC: 0.376234 (Simulation time: 0 hr 14 min 13 sec) 
Heartbeat CPU 0 instructions: 340000000 cycles: 437295393 heartbeat IPC: 0.251638 cumulative IPC: 0.363382 (Simulation time: 0 hr 14 min 44 sec) 
Heartbeat CPU 0 instructions: 350000002 cycles: 468770661 heartbeat IPC: 0.31771 cumulative IPC: 0.359933 (Simulation time: 0 hr 15 min 14 sec) 
Heartbeat CPU 0 instructions: 360000000 cycles: 499880078 heartbeat IPC: 0.321446 cumulative IPC: 0.357259 (Simulation time: 0 hr 15 min 43 sec) 
Heartbeat CPU 0 instructions: 370000000 cycles: 527600563 heartbeat IPC: 0.360744 cumulative IPC: 0.357463 (Simulation time: 0 hr 16 min 10 sec) 
Heartbeat CPU 0 instructions: 380000001 cycles: 566974808 heartbeat IPC: 0.253973 cumulative IPC: 0.349549 (Simulation time: 0 hr 16 min 41 sec) 
Heartbeat CPU 0 instructions: 390000000 cycles: 592165287 heartbeat IPC: 0.396975 cumulative IPC: 0.351761 (Simulation time: 0 hr 17 min 8 sec) 
Heartbeat CPU 0 instructions: 400000006 cycles: 624829828 heartbeat IPC: 0.306143 cumulative IPC: 0.34916 (Simulation time: 0 hr 17 min 37 sec) 
Finished CPU 0 instructions: 200000004 cycles: 572803559 cumulative IPC: 0.34916 (Simulation time: 0 hr 17 min 37 sec) 

ChampSim completed all CPUs

Region of Interest Statistics

CPU 0 cumulative IPC: 0.34916 instructions: 200000004 cycles: 572803559
ITLB TOTAL     ACCESS:   21297519  HIT:   21067713  MISS:     229806  HIT %:     98.921  MISS %:    1.07903   MPKI: 1.14903
ITLB LOAD TRANSLATION ACCESS:   21297519  HIT:   21067713  MISS:     229806  HIT %:     98.921  MISS %:    1.07903   MPKI: 1.14903
ITLB PREFETCH  REQUESTED:          0  ISSUED:          0  USEFUL:          0  USELESS:          0
ITLB USEFUL LOAD PREFETCHES:          0 PREFETCH ISSUED TO LOWER LEVEL:          0  ACCURACY: -nan
ITLB TIMELY PREFETCHES:          0 LATE PREFETCHES: 0 DROPPED PREFETCHES: 0
ITLB PREFETCHES SAME FILL-ORIGIN LEVEL: 0 DIFFERENT FILL-ORIGIN LEVEL: 0
ITLB AVERAGE MISS LATENCY:    33.9007 cycles AVERAGE LOAD MISS LATENCY:       -nan cycles Load Miss          0
ITLB Average MSHR Occupancy:  0.0135886
ITLB RQ	ACCESS:   24362299	FORWARD:          0	MERGED:    2871669	TO_CACHE:   21490630

DTLB TOTAL     ACCESS:   44009127  HIT:   42515352  MISS:    1493775  HIT %:    96.6058  MISS %:    3.39424   MPKI: 7.46887
DTLB LOAD TRANSLATION ACCESS:   44009127  HIT:   42515352  MISS:    1493775  HIT %:    96.6058  MISS %:    3.39424   MPKI: 7.46887
DTLB PREFETCH  REQUESTED:          0  ISSUED:          0  USEFUL:          0  USELESS:          0
DTLB USEFUL LOAD PREFETCHES:          0 PREFETCH ISSUED TO LOWER LEVEL:          0  ACCURACY: -nan
DTLB TIMELY PREFETCHES:          0 LATE PREFETCHES: 0 DROPPED PREFETCHES: 0
DTLB PREFETCHES SAME FILL-ORIGIN LEVEL: 0 DIFFERENT FILL-ORIGIN LEVEL: 0
DTLB AVERAGE MISS LATENCY:    48.6096 cycles AVERAGE LOAD MISS LATENCY:       -nan cycles Load Miss          0
DTLB Average MSHR Occupancy:   0.119849
DTLB RQ	ACCESS:   56789016	FORWARD:          0	MERGED:   12526648	TO_CACHE:   44262368

STLB TOTAL     ACCESS:    1723581  HIT:    1239396  MISS:     484185  HIT %:    71.9082  MISS %:    28.0918   MPKI: 2.42092
STLB LOAD TRANSLATION ACCESS:    1723581  HIT:    1239396  MISS:     484185  HIT %:    71.9082  MISS %:    28.0918   MPKI: 2.42092
STLB PREFETCH  REQUESTED:          0  ISSUED:          0  USEFUL:          0  USELESS:          0
STLB USEFUL LOAD PREFETCHES:          0 PREFETCH ISSUED TO LOWER LEVEL:          0  ACCURACY: -nan
STLB TIMELY PREFETCHES:          0 LATE PREFETCHES: 0 DROPPED PREFETCHES: 0
STLB PREFETCHES SAME FILL-ORIGIN LEVEL: 0 DIFFERENT FILL-ORIGIN LEVEL: 0
STLB AVERAGE MISS LATENCY:    133.805 cycles AVERAGE LOAD MISS LATENCY:       -nan cycles Load Miss          0
STLB Average MSHR Occupancy:   0.107385
STLB RQ	ACCESS:    1723581	FORWARD:          0	MERGED:          0	TO_CACHE:    1723581

STLB Hit, L1D data hit: 0
STLB Hit, L2C data hit: 0
STLB Hit, LLC data hit: 0
STLB Hit, LLC data miss: 0
STLB STLB hints to L2: 0
L1D TOTAL     ACCESS:   55375917  HIT:   53324633  MISS:    2051284  HIT %:    96.2957  MISS %:    3.70429   MPKI: 10.2564
L1D LOAD      ACCESS:   33314459  HIT:   31806779  MISS:    1507680  HIT %:    95.4744  MISS %:     4.5256   MPKI: 7.5384
L1D RFO       ACCESS:   22061458  HIT:   21517854  MISS:     543604  HIT %:     97.536  MISS %:    2.46404   MPKI: 2.71802
L1D PREFETCH  REQUESTED:          0  ISSUED:          0  USEFUL:          0  USELESS:          0
L1D USEFUL LOAD PREFETCHES:          0 PREFETCH ISSUED TO LOWER LEVEL:          0  ACCURACY: -nan
L1D TIMELY PREFETCHES:          0 LATE PREFETCHES: 0 DROPPED PREFETCHES: 0
L1D PREFETCHES SAME FILL-ORIGIN LEVEL: 0 DIFFERENT FILL-ORIGIN LEVEL: 0
L1D AVERAGE MISS LATENCY:    115.031 cycles AVERAGE LOAD MISS LATENCY:    88.6458 cycles Load Miss    1507680
L1D Average MSHR Occupancy:   0.413746
L1D RQ	ACCESS:   51798071	FORWARD:          0	MERGED:   17332717	TO_CACHE:   33487293
L1D WQ	ACCESS:   24239004	FORWARD:     978061	MERGED:     937281	TO_CACHE:   23301723

L1D UNIQUE REGIONS ACCESSED: 0
L1D REGIONS CONFLICTS: 0
L1D Cross Page Prefetch Requests: 0
L1D Same Page Prefetch Requests: 0
L1D ROI Sum of L1D PQ occupancy: 0
L1D PREFETCHES PUSHED FROM L2C: 0
L1I TOTAL     ACCESS:   23695704  HIT:    7876809  MISS:   15818895  HIT %:    33.2415  MISS %:    66.7585   MPKI: 79.0945
L1I LOAD      ACCESS:   23695704  HIT:    7876809  MISS:   15818895  HIT %:    33.2415  MISS %:    66.7585   MPKI: 79.0945
L1I PREFETCH  REQUESTED:          0  ISSUED:          0  USEFUL:          0  USELESS:          0
L1I USEFUL LOAD PREFETCHES:          0 PREFETCH ISSUED TO LOWER LEVEL:          0  ACCURACY: -nan
L1I TIMELY PREFETCHES:          0 LATE PREFETCHES: 0 DROPPED PREFETCHES: 0
L1I PREFETCHES SAME FILL-ORIGIN LEVEL: 0 DIFFERENT FILL-ORIGIN LEVEL: 0
L1I AVERAGE MISS LATENCY:    21.4612 cycles AVERAGE LOAD MISS LATENCY:    21.4612 cycles Load Miss   15818895
L1I Average MSHR Occupancy:   0.579364
L1I RQ	ACCESS:   44239486	FORWARD:          0	MERGED:   19877187	TO_CACHE:   24362299

BTB TOTAL     ACCESS:   21518125  HIT:   19789865  MISS:    1728260  HIT %:    91.9684  MISS %:    8.03165   MPKI: 8.6413
BTB BRANCH_DIRECT_JUMP	ACCESS:    1893832  HIT:    1751871  MISS:     141961
BTB BRANCH_INDIRECT	ACCESS:     301658  HIT:     228752  MISS:      72906
BTB BRANCH_CONDITIONAL	ACCESS:   15460923  HIT:   15125655  MISS:     335268
BTB BRANCH_DIRECT_CALL	ACCESS:    1408561  HIT:    1195802  MISS:     212759
BTB BRANCH_INDIRECT_CALL	ACCESS:     521452  HIT:     362444  MISS:     159008
BTB BRANCH_RETURN	ACCESS:    1931129  HIT:    1124860  MISS:     806269
BTB BRANCH_OTHER ACCESS:        570  HIT:        481  MISS:         89

L2C TOTAL     ACCESS:   20450882  HIT:   17918804  MISS:    2532078  HIT %:    87.6187  MISS %:    12.3813   MPKI: 12.6604
L2C LOAD      ACCESS:   17326560  HIT:   16024059  MISS:    1302501  HIT %:    92.4826  MISS %:    7.51737   MPKI: 6.5125
L2C DATA LOAD MPKI: 2.85353
L2C INSTRUCTION LOAD MPKI: 3.65897
L2C RFO       ACCESS:     543592  HIT:     111768  MISS:     431824  HIT %:     20.561  MISS %:     79.439   MPKI: 2.15912
L2C PREFETCH  ACCESS:    1022816  HIT:     445432  MISS:     577384  HIT %:    43.5496  MISS %:    56.4504   MPKI: 2.88692
AGUS PREFETCH L1 MISS: 0
L2C DATA PREFETCH MPKI: 2.88692
L2C INSTRUCTION PREFETCH MPKI: 0
L2C WRITEBACK ACCESS:     782137  HIT:     780491  MISS:       1646  HIT %:    99.7896  MISS %:   0.210449   MPKI: 0.00823
L2C LOAD TRANSLATION ACCESS:     775777  HIT:     557054  MISS:     218723  HIT %:    71.8059  MISS %:    28.1941   MPKI: 1.09361
L2C PREFETCH  REQUESTED:    1282683  ISSUED:    1282374  USEFUL:     293923  USELESS:     282988
L2C USEFUL LOAD PREFETCHES:     293923 PREFETCH ISSUED TO LOWER LEVEL:     765759  ACCURACY: 38.3832
L2C TIMELY PREFETCHES:     293923 LATE PREFETCHES: 60079 DROPPED PREFETCHES: 0
L2C PREFETCHES SAME FILL-ORIGIN LEVEL: 637463 DIFFERENT FILL-ORIGIN LEVEL: 128296
L2C AVERAGE MISS LATENCY:    187.416 cycles AVERAGE LOAD MISS LATENCY:    174.583 cycles Load Miss    1302501
L2C Average MSHR Occupancy:    0.83108
L2C RQ	ACCESS:   18645959	FORWARD:          0	MERGED:          0	TO_CACHE:   18645930
L2C WQ	ACCESS:     782137	FORWARD:         36	MERGED:          0	TO_CACHE:     782137
L2C PQ	ACCESS:    1282374	FORWARD:          0	MERGED:       6389	TO_CACHE:    1275978

L2C Instructions Evicting Data 443026
L2C Translations Evicting Data 136923
L2C Data Evicting Data 1003164
L2C Instructions Evicting Instructions 225480
L2C Translations Evicting Instructions 63239
L2C Data Evicting Instructions 440522
L2C Instructions Evicting Translations 63289
L2C Translations Evicting Translations 18561
L2C Data Evicting Translations 136228
L2C Dense regions hint from L2: 0
PSCL5 TOTAL     ACCESS:     484185  HIT:     484185  MISS:          0  HIT %:        100  MISS %:          0   MPKI: 0
PSCL5 LOAD TRANSLATION ACCESS:     484185  HIT:     484185  MISS:          0  HIT %:        100  MISS %:          0   MPKI: 0
PSCL5 PREFETCH  REQUESTED:          0  ISSUED:          0  USEFUL:          0  USELESS:          0
PSCL5 USEFUL LOAD PREFETCHES:          0 PREFETCH ISSUED TO LOWER LEVEL:          0  ACCURACY: -nan
PSCL5 TIMELY PREFETCHES:          0 LATE PREFETCHES: 0 DROPPED PREFETCHES: 0
PSCL5 PREFETCHES SAME FILL-ORIGIN LEVEL: 0 DIFFERENT FILL-ORIGIN LEVEL: 0

PSCL4 TOTAL     ACCESS:     410472  HIT:     408264  MISS:       2208  HIT %:    99.4621  MISS %:   0.537917   MPKI: 0.01104
PSCL4 LOAD TRANSLATION ACCESS:     410472  HIT:     408264  MISS:       2208  HIT %:    99.4621  MISS %:   0.537917   MPKI: 0.01104
PSCL4 PREFETCH  REQUESTED:          0  ISSUED:          0  USEFUL:          0  USELESS:          0
PSCL4 USEFUL LOAD PREFETCHES:          0 PREFETCH ISSUED TO LOWER LEVEL:          0  ACCURACY: -nan
PSCL4 TIMELY PREFETCHES:          0 LATE PREFETCHES: 0 DROPPED PREFETCHES: 0
PSCL4 PREFETCHES SAME FILL-ORIGIN LEVEL: 0 DIFFERENT FILL-ORIGIN LEVEL: 0

PSCL3 TOTAL     ACCESS:     478811  HIT:     459482  MISS:      19329  HIT %:    95.9631  MISS %:    4.03687   MPKI: 0.096645
PSCL3 LOAD TRANSLATION ACCESS:     478811  HIT:     459482  MISS:      19329  HIT %:    95.9631  MISS %:    4.03687   MPKI: 0.096645
PSCL3 PREFETCH  REQUESTED:          0  ISSUED:          0  USEFUL:          0  USELESS:          0
PSCL3 USEFUL LOAD PREFETCHES:          0 PREFETCH ISSUED TO LOWER LEVEL:          0  ACCURACY: -nan
PSCL3 TIMELY PREFETCHES:          0 LATE PREFETCHES: 0 DROPPED PREFETCHES: 0
PSCL3 PREFETCHES SAME FILL-ORIGIN LEVEL: 0 DIFFERENT FILL-ORIGIN LEVEL: 0

PSCL2 TOTAL     ACCESS:     484185  HIT:     211406  MISS:     272779  HIT %:    43.6622  MISS %:    56.3378   MPKI: 1.36389
PSCL2 LOAD TRANSLATION ACCESS:     484185  HIT:     211406  MISS:     272779  HIT %:    43.6622  MISS %:    56.3378   MPKI: 1.36389
PSCL2 PREFETCH  REQUESTED:          0  ISSUED:          0  USEFUL:          0  USELESS:          0
PSCL2 USEFUL LOAD PREFETCHES:          0 PREFETCH ISSUED TO LOWER LEVEL:          0  ACCURACY: -nan
PSCL2 TIMELY PREFETCHES:          0 LATE PREFETCHES: 0 DROPPED PREFETCHES: 0
PSCL2 PREFETCHES SAME FILL-ORIGIN LEVEL: 0 DIFFERENT FILL-ORIGIN LEVEL: 0

LLC TOTAL     ACCESS:    3226436  HIT:     570683  MISS:    2655753  HIT %:    17.6877  MISS %:    82.3123   MPKI: 13.2788
LLC LOAD      ACCESS:    1243323  HIT:     307136  MISS:     936187  HIT %:    24.7028  MISS %:    75.2972   MPKI: 4.68093
LLC RFO       ACCESS:     430923  HIT:       6971  MISS:     423952  HIT %:    1.61769  MISS %:    98.3823   MPKI: 2.11976
LLC PREFETCH  ACCESS:     763982  HIT:      58962  MISS:     705020  HIT %:    7.71772  MISS %:    92.2823   MPKI: 3.5251
AGUS PREFETCH L1 MISS: 0
LLC WRITEBACK ACCESS:     569485  HIT:     144857  MISS:     424628  HIT %:    25.4365  MISS %:    74.5635   MPKI: 2.12314
LLC LOAD TRANSLATION ACCESS:     218723  HIT:      52757  MISS:     165966  HIT %:    24.1205  MISS %:    75.8795   MPKI: 0.82983
LLC PREFETCH  REQUESTED:          0  ISSUED:          0  USEFUL:       9488  USELESS:     182683
LLC USEFUL LOAD PREFETCHES:       9488 PREFETCH ISSUED TO LOWER LEVEL:     706074  ACCURACY: 1.34377
LLC TIMELY PREFETCHES:       9488 LATE PREFETCHES: 1054 DROPPED PREFETCHES: 0
LLC PREFETCHES SAME FILL-ORIGIN LEVEL: 113173 DIFFERENT FILL-ORIGIN LEVEL: 0
LLC AVERAGE MISS LATENCY:    145.117 cycles AVERAGE LOAD MISS LATENCY:    174.478 cycles Load Miss     936187
LLC Average MSHR Occupancy:   0.668994
LLC RQ	ACCESS:    1892970	FORWARD:          0	MERGED:          0	TO_CACHE:    1892970
LLC WQ	ACCESS:     569485	FORWARD:          0	MERGED:          0	TO_CACHE:     569485
LLC PQ	ACCESS:     765759	FORWARD:          0	MERGED:        234	TO_CACHE:     765525

LLC Dense regions hint to LLC: 0

RAW hits: 4303687
Loads Generated: 56101758
Loads sent to L1D: 51798071
Stores Generated: 24239010
Stores sent to L1D: 24239004
Major fault: 0 Minor fault: 150086
Allocated PAGES: 150086
------------------
Depth Distribution
------------------
depth 0: 1057088
depth 1: 1244406
depth 2: 329417
depth 3: 104468
depth 4: 57650
depth 5: 61466
depth 6: 39329
depth 7: 38121
depth 8: 33854
depth 9: 47715
depth 10: 14422
depth 11: 66170
depth 12: 31655
depth 13: 6937
depth 14: 19657
depth 15: 2238
depth 16: 1986
depth 17: 1041
depth 18: 791
depth 19: 134
depth 20: 15
depth 21: 5
depth 22: 0
depth 23: 0
depth 24: 0
depth 25: 0
depth 26: 0
depth 27: 0
depth 28: 0
depth 29: 0
Total: 3158565
------------------
ST read accesses: 1060439
ST write accesses: 447224
PT read accesses: 24412378
PT write accesses: 1291252
FILTER read accesses: 9219966
FILTER write accesses: 7636191
GHR read accesses: 5023113
GHR write accesses: 239121
PERC read accesses: 168984720
PERC write accesses: 14520595
GHR counter read accesses: 3015326
GHR counter write accesses: 3386748
GHR ip read accesses: 10402959
GHR ip write accesses: 6030652
ST tag read accesses: 808604658
ST tag write accesses: 135675380
================ Mockingjay (LLC) Pollution Stats ================
Total pollution count in LLC: 113516
==================================================================

DRAM Statistics
 CHANNEL 0
 RQ ROW_BUFFER_HIT:     485135  ROW_BUFFER_MISS:    1745987
 DBUS_CONGESTED:       2002
 WQ ROW_BUFFER_HIT:     184445  ROW_BUFFER_MISS:     377038  FULL:          0

 AVG_CONGESTED_CYCLE: 5
 All warmup complete: 2
Channel 0 Bank busy for read cycles: 0
Channel 0 Bank busy for write cycles: 0
Channel 0
Rank 0
0banks busy for read cycles: 326797066
0banks busy for write cycles: 272227
1banks busy for read cycles: 110706767
1banks busy for write cycles: 46450393
2banks busy for read cycles: 38993706
2banks busy for write cycles: 14677833
3banks busy for read cycles: 15021039
3banks busy for write cycles: 5015961
4banks busy for read cycles: 5699567
4banks busy for write cycles: 1979146
5banks busy for read cycles: 2259723
5banks busy for write cycles: 899201
6banks busy for read cycles: 1056765
6banks busy for write cycles: 497620
7banks busy for read cycles: 650538
7banks busy for write cycles: 353331
8banks busy for read cycles: 943238
8banks busy for write cycles: 529439

CPU 0 Branch Prediction Accuracy: 95.039% MPKI: 9.76366 Average ROB Occupancy at Mispredict: 21.4476
Branch types
NOT_BRANCH: 160637809 80.3189%
BRANCH_DIRECT_JUMP: 1893832 0.946916%
BRANCH_INDIRECT: 301658 0.150829%
BRANCH_CONDITIONAL: 33304512 16.6523%
BRANCH_DIRECT_CALL: 1408561 0.70428%
BRANCH_INDIRECT_CALL: 521452 0.260726%
BRANCH_RETURN: 1931129 0.965564%
BRANCH_OTHER: 570 0.000285%

===================== LRU L1D STATS =====================
Total pollution count in L1D: 0
=========================================================
================ SRRIP (L2C) Pollution Stats ================
Total pollution count in L2c: 1891126
==================================================================
DRAM PAGES: 1048576
Allocated PAGES: 150086
