
*** ChampSim Multicore Out-of-Order Simulator ***

Warmup Instructions: 200000000
Simulation Instructions: 200000000
Number of CPUs: 1
LLC sets: 4096
LLC ways: 12
Off-chip DRAM Size: 4096 MB Channels: 1 Width: 64-bit Data Rate: 6400 MT/s
CPU 0 runs /home1/sweta/traces/DPC4-Traces/AI_ML/stable-diffusion.cpp-sd-v1-4.ckpt.1.champsimtrace.gz
.gz
BTB has LRU replacement policy
ITLB has LRU replacement policy
DTLB has LRU replacement policy
STLB has LRU replacement policy
L1I has LRU replacement policy
History Sets: 8
History Ways: 16
BERTI Size: 16
BERTI Stride Size: 16
L1D has LRU replacement policy
Initialize SRRIP state for L2C
Initialize Mockingjay state for LLC
Heartbeat CPU 0 instructions: 10000004 cycles: 5400910 heartbeat IPC: 1.85154 cumulative IPC: 1.85154 (Simulation time: 0 hr 0 min 36 sec) 
Heartbeat CPU 0 instructions: 20000003 cycles: 10789698 heartbeat IPC: 1.8557 cumulative IPC: 1.85362 (Simulation time: 0 hr 1 min 12 sec) 
Heartbeat CPU 0 instructions: 30000000 cycles: 16183954 heartbeat IPC: 1.85382 cumulative IPC: 1.85369 (Simulation time: 0 hr 1 min 49 sec) 
Heartbeat CPU 0 instructions: 40000000 cycles: 21579576 heartbeat IPC: 1.85335 cumulative IPC: 1.8536 (Simulation time: 0 hr 2 min 26 sec) 
Heartbeat CPU 0 instructions: 50000001 cycles: 26977291 heartbeat IPC: 1.85264 cumulative IPC: 1.85341 (Simulation time: 0 hr 3 min 4 sec) 
Heartbeat CPU 0 instructions: 60000006 cycles: 32372207 heartbeat IPC: 1.8536 cumulative IPC: 1.85344 (Simulation time: 0 hr 3 min 43 sec) 
Heartbeat CPU 0 instructions: 70000000 cycles: 37765211 heartbeat IPC: 1.85425 cumulative IPC: 1.85356 (Simulation time: 0 hr 4 min 19 sec) 
Heartbeat CPU 0 instructions: 80000007 cycles: 43162520 heartbeat IPC: 1.85278 cumulative IPC: 1.85346 (Simulation time: 0 hr 4 min 57 sec) 
Heartbeat CPU 0 instructions: 90000000 cycles: 48560094 heartbeat IPC: 1.85268 cumulative IPC: 1.85337 (Simulation time: 0 hr 5 min 33 sec) 
Heartbeat CPU 0 instructions: 100000006 cycles: 53957158 heartbeat IPC: 1.85286 cumulative IPC: 1.85332 (Simulation time: 0 hr 6 min 9 sec) 
Heartbeat CPU 0 instructions: 110000006 cycles: 59353427 heartbeat IPC: 1.85313 cumulative IPC: 1.85331 (Simulation time: 0 hr 6 min 45 sec) 
Heartbeat CPU 0 instructions: 120000006 cycles: 64749798 heartbeat IPC: 1.8531 cumulative IPC: 1.85329 (Simulation time: 0 hr 7 min 21 sec) 
Heartbeat CPU 0 instructions: 130000003 cycles: 70144078 heartbeat IPC: 1.85381 cumulative IPC: 1.85333 (Simulation time: 0 hr 7 min 57 sec) 
Heartbeat CPU 0 instructions: 140000006 cycles: 75539895 heartbeat IPC: 1.85329 cumulative IPC: 1.85333 (Simulation time: 0 hr 8 min 33 sec) 
Heartbeat CPU 0 instructions: 150000005 cycles: 80933718 heartbeat IPC: 1.85397 cumulative IPC: 1.85337 (Simulation time: 0 hr 9 min 9 sec) 
Heartbeat CPU 0 instructions: 160000003 cycles: 86330379 heartbeat IPC: 1.853 cumulative IPC: 1.85335 (Simulation time: 0 hr 9 min 45 sec) 
Heartbeat CPU 0 instructions: 170000007 cycles: 91724716 heartbeat IPC: 1.8538 cumulative IPC: 1.85337 (Simulation time: 0 hr 10 min 21 sec) 
Heartbeat CPU 0 instructions: 180000000 cycles: 97114638 heartbeat IPC: 1.85531 cumulative IPC: 1.85348 (Simulation time: 0 hr 10 min 57 sec) 
Heartbeat CPU 0 instructions: 190000006 cycles: 102510456 heartbeat IPC: 1.85329 cumulative IPC: 1.85347 (Simulation time: 0 hr 11 min 32 sec) 
Heartbeat CPU 0 instructions: 200000007 cycles: 107904682 heartbeat IPC: 1.85383 cumulative IPC: 1.85349 (Simulation time: 0 hr 12 min 7 sec) 

Warmup complete CPU 0 instructions: 200000007 cycles: 107904682 (Simulation time: 0 hr 12 min 7 sec) 

Heartbeat CPU 0 instructions: 210000002 cycles: 136284565 heartbeat IPC: 0.352362 cumulative IPC: 0.352362 (Simulation time: 0 hr 12 min 42 sec) 
Heartbeat CPU 0 instructions: 220000000 cycles: 164641096 heartbeat IPC: 0.352652 cumulative IPC: 0.352507 (Simulation time: 0 hr 13 min 16 sec) 
Heartbeat CPU 0 instructions: 230000002 cycles: 192997751 heartbeat IPC: 0.352651 cumulative IPC: 0.352555 (Simulation time: 0 hr 13 min 50 sec) 
Heartbeat CPU 0 instructions: 240000000 cycles: 221380620 heartbeat IPC: 0.352325 cumulative IPC: 0.352498 (Simulation time: 0 hr 14 min 24 sec) 
Heartbeat CPU 0 instructions: 250000000 cycles: 249737513 heartbeat IPC: 0.352648 cumulative IPC: 0.352528 (Simulation time: 0 hr 14 min 58 sec) 
Heartbeat CPU 0 instructions: 260000001 cycles: 278118225 heartbeat IPC: 0.352352 cumulative IPC: 0.352498 (Simulation time: 0 hr 15 min 32 sec) 
Heartbeat CPU 0 instructions: 270000000 cycles: 306474188 heartbeat IPC: 0.352659 cumulative IPC: 0.352521 (Simulation time: 0 hr 16 min 5 sec) 
Heartbeat CPU 0 instructions: 280000002 cycles: 334855634 heartbeat IPC: 0.352343 cumulative IPC: 0.352499 (Simulation time: 0 hr 16 min 39 sec) 
Heartbeat CPU 0 instructions: 290000005 cycles: 363212154 heartbeat IPC: 0.352653 cumulative IPC: 0.352516 (Simulation time: 0 hr 17 min 13 sec) 
Heartbeat CPU 0 instructions: 300000000 cycles: 391568257 heartbeat IPC: 0.352658 cumulative IPC: 0.35253 (Simulation time: 0 hr 17 min 47 sec) 
Heartbeat CPU 0 instructions: 310000005 cycles: 407302179 heartbeat IPC: 0.63557 cumulative IPC: 0.367405 (Simulation time: 0 hr 18 min 12 sec) 
Heartbeat CPU 0 instructions: 320000001 cycles: 420325644 heartbeat IPC: 0.767844 cumulative IPC: 0.384097 (Simulation time: 0 hr 18 min 38 sec) 
Heartbeat CPU 0 instructions: 330000000 cycles: 434841883 heartbeat IPC: 0.688884 cumulative IPC: 0.39763 (Simulation time: 0 hr 19 min 1 sec) 
Heartbeat CPU 0 instructions: 340000002 cycles: 450692853 heartbeat IPC: 0.630876 cumulative IPC: 0.408415 (Simulation time: 0 hr 19 min 25 sec) 
Heartbeat CPU 0 instructions: 350000005 cycles: 462324292 heartbeat IPC: 0.859739 cumulative IPC: 0.423227 (Simulation time: 0 hr 19 min 47 sec) 
Heartbeat CPU 0 instructions: 360000000 cycles: 474885289 heartbeat IPC: 0.796115 cumulative IPC: 0.43599 (Simulation time: 0 hr 20 min 13 sec) 
Heartbeat CPU 0 instructions: 370000001 cycles: 491057642 heartbeat IPC: 0.618339 cumulative IPC: 0.443687 (Simulation time: 0 hr 20 min 37 sec) 
Heartbeat CPU 0 instructions: 380000000 cycles: 510780603 heartbeat IPC: 0.507023 cumulative IPC: 0.446788 (Simulation time: 0 hr 21 min 2 sec) 
Heartbeat CPU 0 instructions: 390000006 cycles: 530415026 heartbeat IPC: 0.50931 cumulative IPC: 0.449693 (Simulation time: 0 hr 21 min 26 sec) 
Heartbeat CPU 0 instructions: 400000002 cycles: 550137986 heartbeat IPC: 0.507023 cumulative IPC: 0.45225 (Simulation time: 0 hr 21 min 51 sec) 
Finished CPU 0 instructions: 200000003 cycles: 442233305 cumulative IPC: 0.45225 (Simulation time: 0 hr 21 min 51 sec) 

ChampSim completed all CPUs

Region of Interest Statistics

CPU 0 cumulative IPC: 0.45225 instructions: 200000003 cycles: 442233305
ITLB TOTAL     ACCESS:   32565564  HIT:   32565545  MISS:         19  HIT %:    99.9999  MISS %: 5.83438e-05   MPKI: 9.5e-05
ITLB LOAD TRANSLATION ACCESS:   32565564  HIT:   32565545  MISS:         19  HIT %:    99.9999  MISS %: 5.83438e-05   MPKI: 9.5e-05
ITLB PREFETCH  REQUESTED:          0  ISSUED:          0  USEFUL:          0  USELESS:          0
ITLB USEFUL LOAD PREFETCHES:          0 PREFETCH ISSUED TO LOWER LEVEL:          0  ACCURACY: -nan
ITLB TIMELY PREFETCHES:          0 LATE PREFETCHES: 0 DROPPED PREFETCHES: 0
ITLB PREFETCHES SAME FILL-ORIGIN LEVEL: 0 DIFFERENT FILL-ORIGIN LEVEL: 0
ITLB AVERAGE MISS LATENCY:    317.368 cycles AVERAGE LOAD MISS LATENCY:       -nan cycles Load Miss          0
ITLB Average MSHR Occupancy: 9.19424e-06
ITLB RQ	ACCESS:   41710092	FORWARD:          0	MERGED:    9144519	TO_CACHE:   32565573

DTLB TOTAL     ACCESS:   50044568  HIT:   49775393  MISS:     269175  HIT %:    99.4621  MISS %:   0.537871   MPKI: 1.34587
DTLB LOAD TRANSLATION ACCESS:   50044568  HIT:   49775393  MISS:     269175  HIT %:    99.4621  MISS %:   0.537871   MPKI: 1.34587
DTLB PREFETCH  REQUESTED:          0  ISSUED:          0  USEFUL:          0  USELESS:          0
DTLB USEFUL LOAD PREFETCHES:          0 PREFETCH ISSUED TO LOWER LEVEL:          0  ACCURACY: -nan
DTLB TIMELY PREFETCHES:          0 LATE PREFETCHES: 0 DROPPED PREFETCHES: 0
DTLB PREFETCHES SAME FILL-ORIGIN LEVEL: 0 DIFFERENT FILL-ORIGIN LEVEL: 0
DTLB AVERAGE MISS LATENCY:    10.7449 cycles AVERAGE LOAD MISS LATENCY:       -nan cycles Load Miss          0
DTLB Average MSHR Occupancy:  0.0055961
DTLB RQ	ACCESS:   65185359	FORWARD:          0	MERGED:   15124878	TO_CACHE:   50060481

STLB TOTAL     ACCESS:   24936340  HIT:   24919554  MISS:      16786  HIT %:    99.9327  MISS %:  0.0673154   MPKI: 0.08393
STLB LOAD TRANSLATION ACCESS:     269194  HIT:     264969  MISS:       4225  HIT %:    98.4305  MISS %:     1.5695   MPKI: 0.021125
STLB TRANSLATION FROM L1D PREFETCHER ACCESS:   24667146  HIT:   24654585  MISS:      12561  HIT %:    99.9491  MISS %:   0.050922   MPKI: 0.062805
STLB PREFETCH  REQUESTED:          0  ISSUED:          0  USEFUL:      12561  USELESS:          0
STLB USEFUL LOAD PREFETCHES:      12561 PREFETCH ISSUED TO LOWER LEVEL:          0  ACCURACY: inf
STLB TIMELY PREFETCHES:      12561 LATE PREFETCHES: 717 DROPPED PREFETCHES: 85685
STLB PREFETCHES SAME FILL-ORIGIN LEVEL: 0 DIFFERENT FILL-ORIGIN LEVEL: 0
STLB AVERAGE MISS LATENCY:     64.822 cycles AVERAGE LOAD MISS LATENCY:       -nan cycles Load Miss          0
STLB Average MSHR Occupancy: 0.00573164
STLB RQ	ACCESS:  127803830	FORWARD:          0	MERGED:  102778478	TO_CACHE:   25025352

STLB Hit, L1D data hit: 0
STLB Hit, L2C data hit: 0
STLB Hit, LLC data hit: 0
STLB Hit, LLC data miss: 0
STLB STLB hints to L2: 0
L1D TOTAL     ACCESS:  186179798  HIT:  159238079  MISS:   26941719  HIT %:    85.5292  MISS %:    14.4708   MPKI: 134.709
L1D LOAD      ACCESS:   59728501  HIT:   49384670  MISS:   10343831  HIT %:    82.6819  MISS %:    17.3181   MPKI: 51.7192
L1D RFO       ACCESS:    4542123  HIT:    4427686  MISS:     114437  HIT %:    97.4805  MISS %:    2.51946   MPKI: 0.572185
L1D PREFETCH  ACCESS:  121909174  HIT:  105425723  MISS:   16483451  HIT %:    86.4789  MISS %:    13.5211   MPKI: 82.4173
AGUS PREFETCH L1 MISS: 0
L1D PREFETCH  REQUESTED:  438763538  ISSUED:  255310382  USEFUL:   15840223  USELESS:     643123
L1D USEFUL LOAD PREFETCHES:   15840223 PREFETCH ISSUED TO LOWER LEVEL:   21465567  ACCURACY: 73.7936
L1D TIMELY PREFETCHES:   15840223 LATE PREFETCHES: 91085 DROPPED PREFETCHES: 251675
L1D PREFETCHES SAME FILL-ORIGIN LEVEL: 16574539 DIFFERENT FILL-ORIGIN LEVEL: 4891028
L1D AVERAGE MISS LATENCY:    23.1194 cycles AVERAGE LOAD MISS LATENCY:    22.7552 cycles Load Miss   10343831
L1D Average MSHR Occupancy:    3.81522
L1D RQ	ACCESS:   72027540	FORWARD:          0	MERGED:   11733416	TO_CACHE:   60246273
L1D WQ	ACCESS:    4939162	FORWARD:      47851	MERGED:         76	TO_CACHE:    4939086
L1D PQ	ACCESS:  127775746	FORWARD:          0	MERGED:     241110	TO_CACHE:  127534636

L1D UNIQUE REGIONS ACCESSED: 0
L1D REGIONS CONFLICTS: 0
L1D Cross Page Prefetch Requests: 28612372
L1D Same Page Prefetch Requests: 142117007
L1D ROI Sum of L1D PQ occupancy: 1880886489
L1D PREFETCHES PUSHED FROM L2C: 0
L1I TOTAL     ACCESS:   41430569  HIT:     282320  MISS:   41148249  HIT %:   0.681429  MISS %:    99.3186   MPKI: 205.741
L1I LOAD      ACCESS:   41430569  HIT:     282320  MISS:   41148249  HIT %:   0.681429  MISS %:    99.3186   MPKI: 205.741
L1I PREFETCH  REQUESTED:          0  ISSUED:          0  USEFUL:          0  USELESS:          0
L1I USEFUL LOAD PREFETCHES:          0 PREFETCH ISSUED TO LOWER LEVEL:          0  ACCURACY: -nan
L1I TIMELY PREFETCHES:          0 LATE PREFETCHES: 0 DROPPED PREFETCHES: 0
L1I PREFETCHES SAME FILL-ORIGIN LEVEL: 0 DIFFERENT FILL-ORIGIN LEVEL: 0
L1I AVERAGE MISS LATENCY:    14.0265 cycles AVERAGE LOAD MISS LATENCY:    14.0265 cycles Load Miss   41148249
L1I Average MSHR Occupancy:    1.37387
L1I RQ	ACCESS:   49687750	FORWARD:          0	MERGED:    7977658	TO_CACHE:   41710092

BTB TOTAL     ACCESS:   18001276  HIT:   18001055  MISS:        221  HIT %:    99.9988  MISS %: 0.00122769   MPKI: 0.001105
BTB BRANCH_DIRECT_JUMP	ACCESS:    1447517  HIT:    1447490  MISS:         27
BTB BRANCH_INDIRECT	ACCESS:         19  HIT:          1  MISS:         18
BTB BRANCH_CONDITIONAL	ACCESS:   16431200  HIT:   16431113  MISS:         87
BTB BRANCH_DIRECT_CALL	ACCESS:      42415  HIT:      42377  MISS:         38
BTB BRANCH_INDIRECT_CALL	ACCESS:      18855  HIT:      18852  MISS:          3
BTB BRANCH_RETURN	ACCESS:      61270  HIT:      61222  MISS:         48
BTB BRANCH_OTHER ACCESS:          0  HIT:          0  MISS:          0

L2C TOTAL     ACCESS:   73235877  HIT:   71380005  MISS:    1855872  HIT %:    97.4659  MISS %:     2.5341   MPKI: 9.27936
L2C LOAD      ACCESS:   51400991  HIT:   50809515  MISS:     591476  HIT %:    98.8493  MISS %:    1.15071   MPKI: 2.95738
L2C DATA LOAD MPKI: 2.95347
L2C INSTRUCTION LOAD MPKI: 0.003905
L2C RFO       ACCESS:     114437  HIT:      17724  MISS:      96713  HIT %:     15.488  MISS %:     84.512   MPKI: 0.483565
L2C PREFETCH  ACCESS:   21364679  HIT:   20199645  MISS:    1165034  HIT %:    94.5469  MISS %:    5.45308   MPKI: 5.82517
AGUS PREFETCH L1 MISS: 0
L2C DATA PREFETCH MPKI: 5.82517
L2C INSTRUCTION PREFETCH MPKI: 0
L2C WRITEBACK ACCESS:     252592  HIT:     252132  MISS:        460  HIT %:    99.8179  MISS %:   0.182112   MPKI: 0.0023
L2C LOAD TRANSLATION ACCESS:       4215  HIT:       3929  MISS:        286  HIT %:    93.2147  MISS %:    6.78529   MPKI: 0.00143
L2C TRANSLATION FROM L1D PREFETCHER ACCESS:      98963  HIT:      97060  MISS:       1903  HIT %:    98.0771  MISS %:    1.92294   MPKI: 0.009515
L2C PREFETCH  REQUESTED:          0  ISSUED:          0  USEFUL:     194488  USELESS:     962673
L2C USEFUL LOAD PREFETCHES:     194488 PREFETCH ISSUED TO LOWER LEVEL:    1213076  ACCURACY: 16.0326
L2C TIMELY PREFETCHES:     194488 LATE PREFETCHES: 48042 DROPPED PREFETCHES: 0
L2C PREFETCHES SAME FILL-ORIGIN LEVEL: 191605 DIFFERENT FILL-ORIGIN LEVEL: 0
L2C AVERAGE MISS LATENCY:    127.434 cycles AVERAGE LOAD MISS LATENCY:     137.82 cycles Load Miss     591476
L2C Average MSHR Occupancy:    0.53883
L2C RQ	ACCESS:   51618606	FORWARD:          0	MERGED:          0	TO_CACHE:   51618606
L2C WQ	ACCESS:     252592	FORWARD:          0	MERGED:          0	TO_CACHE:     252592
L2C PQ	ACCESS:   21465496	FORWARD:          0	MERGED:        270	TO_CACHE:   21465226

L2C Instructions Evicting Data 780
L2C Translations Evicting Data 2184
L2C Data Evicting Data 1849467
L2C Instructions Evicting Instructions 0
L2C Translations Evicting Instructions 2
L2C Data Evicting Instructions 798
L2C Instructions Evicting Translations 1
L2C Translations Evicting Translations 3
L2C Data Evicting Translations 2177
L2C Dense regions hint from L2: 0
PSCL5 TOTAL     ACCESS:     103178  HIT:     103178  MISS:          0  HIT %:        100  MISS %:          0   MPKI: 0
PSCL5 LOAD TRANSLATION ACCESS:       4215  HIT:       4215  MISS:          0  HIT %:        100  MISS %:          0   MPKI: 0
PSCL5 TRANSLATION FROM L1D PREFETCHER ACCESS:      98963  HIT:      98963  MISS:          0  HIT %:        100  MISS %:          0   MPKI: 0
PSCL5 PREFETCH  REQUESTED:          0  ISSUED:          0  USEFUL:          0  USELESS:          0
PSCL5 USEFUL LOAD PREFETCHES:          0 PREFETCH ISSUED TO LOWER LEVEL:          0  ACCURACY: -nan
PSCL5 TIMELY PREFETCHES:          0 LATE PREFETCHES: 0 DROPPED PREFETCHES: 0
PSCL5 PREFETCHES SAME FILL-ORIGIN LEVEL: 0 DIFFERENT FILL-ORIGIN LEVEL: 0

PSCL4 TOTAL     ACCESS:     103178  HIT:     103178  MISS:          0  HIT %:        100  MISS %:          0   MPKI: 0
PSCL4 LOAD TRANSLATION ACCESS:       4215  HIT:       4215  MISS:          0  HIT %:        100  MISS %:          0   MPKI: 0
PSCL4 TRANSLATION FROM L1D PREFETCHER ACCESS:      98963  HIT:      98963  MISS:          0  HIT %:        100  MISS %:          0   MPKI: 0
PSCL4 PREFETCH  REQUESTED:          0  ISSUED:          0  USEFUL:          0  USELESS:          0
PSCL4 USEFUL LOAD PREFETCHES:          0 PREFETCH ISSUED TO LOWER LEVEL:          0  ACCURACY: -nan
PSCL4 TIMELY PREFETCHES:          0 LATE PREFETCHES: 0 DROPPED PREFETCHES: 0
PSCL4 PREFETCHES SAME FILL-ORIGIN LEVEL: 0 DIFFERENT FILL-ORIGIN LEVEL: 0

PSCL3 TOTAL     ACCESS:     103178  HIT:     103178  MISS:          0  HIT %:        100  MISS %:          0   MPKI: 0
PSCL3 LOAD TRANSLATION ACCESS:       4215  HIT:       4215  MISS:          0  HIT %:        100  MISS %:          0   MPKI: 0
PSCL3 TRANSLATION FROM L1D PREFETCHER ACCESS:      98963  HIT:      98963  MISS:          0  HIT %:        100  MISS %:          0   MPKI: 0
PSCL3 PREFETCH  REQUESTED:          0  ISSUED:          0  USEFUL:          0  USELESS:          0
PSCL3 USEFUL LOAD PREFETCHES:          0 PREFETCH ISSUED TO LOWER LEVEL:          0  ACCURACY: -nan
PSCL3 TIMELY PREFETCHES:          0 LATE PREFETCHES: 0 DROPPED PREFETCHES: 0
PSCL3 PREFETCHES SAME FILL-ORIGIN LEVEL: 0 DIFFERENT FILL-ORIGIN LEVEL: 0

PSCL2 TOTAL     ACCESS:     103171  HIT:     103160  MISS:         11  HIT %:    99.9893  MISS %:  0.0106619   MPKI: 5.5e-05
PSCL2 LOAD TRANSLATION ACCESS:       4215  HIT:       4204  MISS:         11  HIT %:     99.739  MISS %:   0.260973   MPKI: 5.5e-05
PSCL2 TRANSLATION FROM L1D PREFETCHER ACCESS:      98956  HIT:      98956  MISS:          0  HIT %:        100  MISS %:          0   MPKI: 0
PSCL2 PREFETCH  REQUESTED:          0  ISSUED:          0  USEFUL:          0  USELESS:          0
PSCL2 USEFUL LOAD PREFETCHES:          0 PREFETCH ISSUED TO LOWER LEVEL:          0  ACCURACY: -nan
PSCL2 TIMELY PREFETCHES:          0 LATE PREFETCHES: 0 DROPPED PREFETCHES: 0
PSCL2 PREFETCHES SAME FILL-ORIGIN LEVEL: 0 DIFFERENT FILL-ORIGIN LEVEL: 0

LLC TOTAL     ACCESS:    1968884  HIT:     514694  MISS:    1454190  HIT %:    26.1414  MISS %:    73.8586   MPKI: 7.27095
LLC LOAD      ACCESS:     543434  HIT:     109271  MISS:     434163  HIT %:    20.1075  MISS %:    79.8925   MPKI: 2.17081
LLC RFO       ACCESS:      96713  HIT:          2  MISS:      96711  HIT %: 0.00206797  MISS %:    99.9979   MPKI: 0.483555
LLC PREFETCH  ACCESS:    1213076  HIT:     333199  MISS:     879877  HIT %:    27.4673  MISS %:    72.5327   MPKI: 4.39938
AGUS PREFETCH L1 MISS: 0
LLC WRITEBACK ACCESS:     113472  HIT:      72170  MISS:      41302  HIT %:    63.6016  MISS %:    36.3984   MPKI: 0.20651
LLC LOAD TRANSLATION ACCESS:        286  HIT:          8  MISS:        278  HIT %:     2.7972  MISS %:    97.2028   MPKI: 0.00139
LLC TRANSLATION FROM L1D PREFETCHER ACCESS:       1903  HIT:         44  MISS:       1859  HIT %:    2.31214  MISS %:    97.6879   MPKI: 0.009295
LLC PREFETCH  REQUESTED:          0  ISSUED:          0  USEFUL:      35459  USELESS:     413381
LLC USEFUL LOAD PREFETCHES:      35459 PREFETCH ISSUED TO LOWER LEVEL:     879877  ACCURACY: 4.03
LLC TIMELY PREFETCHES:      35459 LATE PREFETCHES: 0 DROPPED PREFETCHES: 0
LLC PREFETCHES SAME FILL-ORIGIN LEVEL: 0 DIFFERENT FILL-ORIGIN LEVEL: 0
LLC AVERAGE MISS LATENCY:    107.778 cycles AVERAGE LOAD MISS LATENCY:    116.952 cycles Load Miss     434163
LLC Average MSHR Occupancy:   0.351212
LLC RQ	ACCESS:     642337	FORWARD:          0	MERGED:          0	TO_CACHE:     642337
LLC WQ	ACCESS:     113472	FORWARD:          0	MERGED:          0	TO_CACHE:     113472
LLC PQ	ACCESS:    1213076	FORWARD:          0	MERGED:          0	TO_CACHE:    1213076

LLC Dense regions hint to LLC: 0

RAW hits: 1852529
Loads Generated: 73880057
Loads sent to L1D: 72027540
Stores Generated: 4939162
Stores sent to L1D: 4939162
Major fault: 0 Minor fault: 7564
Allocated PAGES: 7564
================ Mockingjay (LLC) Pollution Stats ================
Total pollution count in LLC: 281038
==================================================================

DRAM Statistics
 CHANNEL 0
 RQ ROW_BUFFER_HIT:    1270703  ROW_BUFFER_MISS:     142185
 DBUS_CONGESTED:       1100
 WQ ROW_BUFFER_HIT:       8047  ROW_BUFFER_MISS:      72355  FULL:       7290

 AVG_CONGESTED_CYCLE: 4
 All warmup complete: 2
Channel 0 Bank busy for read cycles: 0
Channel 0 Bank busy for write cycles: 0
Channel 0
Rank 0
0banks busy for read cycles: 388374330
0banks busy for write cycles: 53867
1banks busy for read cycles: 24164426
1banks busy for write cycles: 8526185
2banks busy for read cycles: 10496173
2banks busy for write cycles: 544799
3banks busy for read cycles: 4172853
3banks busy for write cycles: 51003
4banks busy for read cycles: 2313729
4banks busy for write cycles: 9113
5banks busy for read cycles: 1423177
5banks busy for write cycles: 9181
6banks busy for read cycles: 608945
6banks busy for write cycles: 17247
7banks busy for read cycles: 435023
7banks busy for write cycles: 57234
8banks busy for read cycles: 543140
8banks busy for write cycles: 432881

CPU 0 Branch Prediction Accuracy: 99.9003% MPKI: 0.11066 Average ROB Occupancy at Mispredict: 15.1202
Branch types
NOT_BRANCH: 177800775 88.9004%
BRANCH_DIRECT_JUMP: 1447517 0.723758%
BRANCH_INDIRECT: 19 9.5e-06%
BRANCH_CONDITIONAL: 20628596 10.3143%
BRANCH_DIRECT_CALL: 42415 0.0212075%
BRANCH_INDIRECT_CALL: 18855 0.0094275%
BRANCH_RETURN: 61270 0.030635%
BRANCH_OTHER: 0 0%

===================== LRU L1D STATS =====================
Total pollution count in L1D: 3259657
=========================================================
================ SRRIP (L2C) Pollution Stats ================
Total pollution count in L2c: 2406942
==================================================================
DRAM PAGES: 1048576
Allocated PAGES: 7564
