
*** ChampSim Multicore Out-of-Order Simulator ***

Warmup Instructions: 200000000
Simulation Instructions: 200000000
Number of CPUs: 1
LLC sets: 4096
LLC ways: 12
Off-chip DRAM Size: 4096 MB Channels: 1 Width: 64-bit Data Rate: 6400 MT/s
CPU 0 runs /home1/sweta/traces/DPC4-Traces/AI_ML/whisper_trace_1.champsimtrace.gz
.gz
BTB has LRU replacement policy
ITLB has LRU replacement policy
DTLB has LRU replacement policy
STLB has LRU replacement policy
L1I has LRU replacement policy
History Sets: 8
History Ways: 16
BERTI Size: 16
BERTI Stride Size: 16
L1D has LRU replacement policy
Initialize SRRIP state for L2C
Initialize Mockingjay state for LLC
Heartbeat CPU 0 instructions: 10000003 cycles: 2457725 heartbeat IPC: 4.0688 cumulative IPC: 4.0688 (Simulation time: 0 hr 0 min 29 sec) 
Heartbeat CPU 0 instructions: 20000000 cycles: 4915602 heartbeat IPC: 4.06855 cumulative IPC: 4.06868 (Simulation time: 0 hr 0 min 58 sec) 
Heartbeat CPU 0 instructions: 30000001 cycles: 7373393 heartbeat IPC: 4.06869 cumulative IPC: 4.06868 (Simulation time: 0 hr 1 min 27 sec) 
Heartbeat CPU 0 instructions: 40000000 cycles: 9832340 heartbeat IPC: 4.06678 cumulative IPC: 4.06821 (Simulation time: 0 hr 1 min 57 sec) 
Heartbeat CPU 0 instructions: 50000004 cycles: 12291348 heartbeat IPC: 4.06668 cumulative IPC: 4.0679 (Simulation time: 0 hr 2 min 28 sec) 
Heartbeat CPU 0 instructions: 60000006 cycles: 14750149 heartbeat IPC: 4.06702 cumulative IPC: 4.06776 (Simulation time: 0 hr 3 min 1 sec) 
Heartbeat CPU 0 instructions: 70000005 cycles: 17209199 heartbeat IPC: 4.06661 cumulative IPC: 4.06759 (Simulation time: 0 hr 3 min 31 sec) 
Heartbeat CPU 0 instructions: 80000002 cycles: 19668158 heartbeat IPC: 4.06676 cumulative IPC: 4.06749 (Simulation time: 0 hr 4 min 1 sec) 
Heartbeat CPU 0 instructions: 90000000 cycles: 22127161 heartbeat IPC: 4.06669 cumulative IPC: 4.0674 (Simulation time: 0 hr 4 min 30 sec) 
Heartbeat CPU 0 instructions: 100000000 cycles: 24585946 heartbeat IPC: 4.06705 cumulative IPC: 4.06736 (Simulation time: 0 hr 4 min 59 sec) 
Heartbeat CPU 0 instructions: 110000001 cycles: 27044817 heartbeat IPC: 4.06691 cumulative IPC: 4.06732 (Simulation time: 0 hr 5 min 29 sec) 
Heartbeat CPU 0 instructions: 120000002 cycles: 29503799 heartbeat IPC: 4.06672 cumulative IPC: 4.06727 (Simulation time: 0 hr 5 min 57 sec) 
Heartbeat CPU 0 instructions: 130000004 cycles: 31962756 heartbeat IPC: 4.06677 cumulative IPC: 4.06723 (Simulation time: 0 hr 6 min 27 sec) 
Heartbeat CPU 0 instructions: 140000005 cycles: 34421671 heartbeat IPC: 4.06683 cumulative IPC: 4.06721 (Simulation time: 0 hr 6 min 56 sec) 
Heartbeat CPU 0 instructions: 150000007 cycles: 36880422 heartbeat IPC: 4.06711 cumulative IPC: 4.0672 (Simulation time: 0 hr 7 min 25 sec) 
Heartbeat CPU 0 instructions: 160000007 cycles: 39339447 heartbeat IPC: 4.06665 cumulative IPC: 4.06716 (Simulation time: 0 hr 7 min 54 sec) 
Heartbeat CPU 0 instructions: 170000003 cycles: 41798374 heartbeat IPC: 4.06681 cumulative IPC: 4.06714 (Simulation time: 0 hr 8 min 23 sec) 
Heartbeat CPU 0 instructions: 180000000 cycles: 44256724 heartbeat IPC: 4.06777 cumulative IPC: 4.06718 (Simulation time: 0 hr 8 min 52 sec) 
Heartbeat CPU 0 instructions: 190000000 cycles: 46715481 heartbeat IPC: 4.0671 cumulative IPC: 4.06717 (Simulation time: 0 hr 9 min 19 sec) 
Heartbeat CPU 0 instructions: 200000001 cycles: 49174300 heartbeat IPC: 4.06699 cumulative IPC: 4.06717 (Simulation time: 0 hr 9 min 47 sec) 

Warmup complete CPU 0 instructions: 200000001 cycles: 49174300 (Simulation time: 0 hr 9 min 47 sec) 

Heartbeat CPU 0 instructions: 210000006 cycles: 58293025 heartbeat IPC: 1.09665 cumulative IPC: 1.09665 (Simulation time: 0 hr 10 min 12 sec) 
Heartbeat CPU 0 instructions: 220000005 cycles: 67445169 heartbeat IPC: 1.09264 cumulative IPC: 1.09464 (Simulation time: 0 hr 10 min 38 sec) 
Heartbeat CPU 0 instructions: 230000001 cycles: 76595259 heartbeat IPC: 1.09289 cumulative IPC: 1.09405 (Simulation time: 0 hr 11 min 4 sec) 
Heartbeat CPU 0 instructions: 240000000 cycles: 85702522 heartbeat IPC: 1.09802 cumulative IPC: 1.09504 (Simulation time: 0 hr 11 min 30 sec) 
Heartbeat CPU 0 instructions: 250000000 cycles: 94825086 heartbeat IPC: 1.09618 cumulative IPC: 1.09527 (Simulation time: 0 hr 11 min 55 sec) 
Heartbeat CPU 0 instructions: 260000003 cycles: 103963533 heartbeat IPC: 1.09428 cumulative IPC: 1.09511 (Simulation time: 0 hr 12 min 19 sec) 
Heartbeat CPU 0 instructions: 270000000 cycles: 113105162 heartbeat IPC: 1.0939 cumulative IPC: 1.09493 (Simulation time: 0 hr 12 min 44 sec) 
Heartbeat CPU 0 instructions: 280000001 cycles: 122263152 heartbeat IPC: 1.09194 cumulative IPC: 1.09456 (Simulation time: 0 hr 13 min 8 sec) 
Heartbeat CPU 0 instructions: 290000000 cycles: 131465255 heartbeat IPC: 1.08671 cumulative IPC: 1.09368 (Simulation time: 0 hr 13 min 32 sec) 
Heartbeat CPU 0 instructions: 300000000 cycles: 140642682 heartbeat IPC: 1.08963 cumulative IPC: 1.09327 (Simulation time: 0 hr 13 min 57 sec) 
Heartbeat CPU 0 instructions: 310000004 cycles: 149795937 heartbeat IPC: 1.09251 cumulative IPC: 1.0932 (Simulation time: 0 hr 14 min 21 sec) 
Heartbeat CPU 0 instructions: 320000001 cycles: 159004897 heartbeat IPC: 1.0859 cumulative IPC: 1.09259 (Simulation time: 0 hr 14 min 45 sec) 
Heartbeat CPU 0 instructions: 330000005 cycles: 168193511 heartbeat IPC: 1.0883 cumulative IPC: 1.09226 (Simulation time: 0 hr 15 min 9 sec) 
Heartbeat CPU 0 instructions: 340000000 cycles: 177337523 heartbeat IPC: 1.09361 cumulative IPC: 1.09236 (Simulation time: 0 hr 15 min 33 sec) 
Heartbeat CPU 0 instructions: 350000000 cycles: 186550192 heartbeat IPC: 1.08546 cumulative IPC: 1.09189 (Simulation time: 0 hr 15 min 58 sec) 
Heartbeat CPU 0 instructions: 360000000 cycles: 195739092 heartbeat IPC: 1.08827 cumulative IPC: 1.09167 (Simulation time: 0 hr 16 min 22 sec) 
Heartbeat CPU 0 instructions: 370000000 cycles: 204873710 heartbeat IPC: 1.09474 cumulative IPC: 1.09185 (Simulation time: 0 hr 16 min 46 sec) 
Heartbeat CPU 0 instructions: 380000001 cycles: 214085430 heartbeat IPC: 1.08557 cumulative IPC: 1.0915 (Simulation time: 0 hr 17 min 10 sec) 
Heartbeat CPU 0 instructions: 390000003 cycles: 223271889 heartbeat IPC: 1.08856 cumulative IPC: 1.09134 (Simulation time: 0 hr 17 min 34 sec) 
Heartbeat CPU 0 instructions: 400000004 cycles: 232404433 heartbeat IPC: 1.09499 cumulative IPC: 1.09152 (Simulation time: 0 hr 17 min 58 sec) 
Finished CPU 0 instructions: 200000003 cycles: 183230133 cumulative IPC: 1.09152 (Simulation time: 0 hr 17 min 58 sec) 

ChampSim completed all CPUs

Region of Interest Statistics

CPU 0 cumulative IPC: 1.09152 instructions: 200000003 cycles: 183230133
ITLB TOTAL     ACCESS:   30436597  HIT:   30436597  MISS:          0  HIT %:        100  MISS %:          0   MPKI: 0
ITLB LOAD TRANSLATION ACCESS:   30436597  HIT:   30436597  MISS:          0  HIT %:        100  MISS %:          0   MPKI: 0
ITLB PREFETCH  REQUESTED:          0  ISSUED:          0  USEFUL:          0  USELESS:          0
ITLB USEFUL LOAD PREFETCHES:          0 PREFETCH ISSUED TO LOWER LEVEL:          0  ACCURACY: -nan
ITLB TIMELY PREFETCHES:          0 LATE PREFETCHES: 0 DROPPED PREFETCHES: 0
ITLB PREFETCHES SAME FILL-ORIGIN LEVEL: 0 DIFFERENT FILL-ORIGIN LEVEL: 0
ITLB AVERAGE MISS LATENCY:       -nan cycles AVERAGE LOAD MISS LATENCY:       -nan cycles Load Miss          0
ITLB Average MSHR Occupancy: 2.5105e-07
ITLB RQ	ACCESS:   31576582	FORWARD:          0	MERGED:    1139986	TO_CACHE:   30436596

DTLB TOTAL     ACCESS:   43415305  HIT:   43389005  MISS:      26300  HIT %:    99.9394  MISS %:  0.0605777   MPKI: 0.1315
DTLB LOAD TRANSLATION ACCESS:   43415305  HIT:   43389005  MISS:      26300  HIT %:    99.9394  MISS %:  0.0605777   MPKI: 0.1315
DTLB PREFETCH  REQUESTED:          0  ISSUED:          0  USEFUL:          0  USELESS:          0
DTLB USEFUL LOAD PREFETCHES:          0 PREFETCH ISSUED TO LOWER LEVEL:          0  ACCURACY: -nan
DTLB TIMELY PREFETCHES:          0 LATE PREFETCHES: 0 DROPPED PREFETCHES: 0
DTLB PREFETCHES SAME FILL-ORIGIN LEVEL: 0 DIFFERENT FILL-ORIGIN LEVEL: 0
DTLB AVERAGE MISS LATENCY:    13.8329 cycles AVERAGE LOAD MISS LATENCY:       -nan cycles Load Miss          0
DTLB Average MSHR Occupancy: 0.00160263
DTLB RQ	ACCESS:   48946470	FORWARD:          0	MERGED:    5511261	TO_CACHE:   43435209

STLB TOTAL     ACCESS:   21750910  HIT:   21729669  MISS:      21241  HIT %:    99.9023  MISS %:  0.0976557   MPKI: 0.106205
STLB LOAD TRANSLATION ACCESS:      26300  HIT:      24964  MISS:       1336  HIT %:    94.9202  MISS %:    5.07985   MPKI: 0.00668
STLB TRANSLATION FROM L1D PREFETCHER ACCESS:   21724610  HIT:   21704705  MISS:      19905  HIT %:    99.9084  MISS %:  0.0916242   MPKI: 0.099525
STLB PREFETCH  REQUESTED:          0  ISSUED:          0  USEFUL:      19902  USELESS:          3
STLB USEFUL LOAD PREFETCHES:      19902 PREFETCH ISSUED TO LOWER LEVEL:          0  ACCURACY: inf
STLB TIMELY PREFETCHES:      19902 LATE PREFETCHES: 558 DROPPED PREFETCHES: 84006
STLB PREFETCHES SAME FILL-ORIGIN LEVEL: 0 DIFFERENT FILL-ORIGIN LEVEL: 0
STLB AVERAGE MISS LATENCY:    30.5361 cycles AVERAGE LOAD MISS LATENCY:       -nan cycles Load Miss          0
STLB Average MSHR Occupancy:  0.0129109
STLB RQ	ACCESS:   70720264	FORWARD:          0	MERGED:   48842166	TO_CACHE:   21878098

STLB Hit, L1D data hit: 0
STLB Hit, L2C data hit: 0
STLB Hit, LLC data hit: 0
STLB Hit, LLC data miss: 0
STLB STLB hints to L2: 0
L1D TOTAL     ACCESS:  115169147  HIT:  109188570  MISS:    5980577  HIT %:    94.8071  MISS %:    5.19286   MPKI: 29.9029
L1D LOAD      ACCESS:   46378692  HIT:   42621993  MISS:    3756699  HIT %:    91.8999  MISS %:    8.10005   MPKI: 18.7835
L1D RFO       ACCESS:    2437901  HIT:    2404606  MISS:      33295  HIT %:    98.6343  MISS %:    1.36572   MPKI: 0.166475
L1D PREFETCH  ACCESS:   66352554  HIT:   64161971  MISS:    2190583  HIT %:    96.6986  MISS %:    3.30143   MPKI: 10.9529
AGUS PREFETCH L1 MISS: 0
L1D PREFETCH  REQUESTED:  368187855  ISSUED:  145389981  USEFUL:    1910881  USELESS:     279722
L1D USEFUL LOAD PREFETCHES:    1910881 PREFETCH ISSUED TO LOWER LEVEL:    5879800  ACCURACY: 32.4991
L1D TIMELY PREFETCHES:    1910881 LATE PREFETCHES: 353915 DROPPED PREFETCHES: 305802
L1D PREFETCHES SAME FILL-ORIGIN LEVEL: 2544853 DIFFERENT FILL-ORIGIN LEVEL: 3334947
L1D AVERAGE MISS LATENCY:    29.1651 cycles AVERAGE LOAD MISS LATENCY:    28.9734 cycles Load Miss    3756699
L1D Average MSHR Occupancy:    1.19784
L1D RQ	ACCESS:   89662697	FORWARD:          0	MERGED:   43183682	TO_CACHE:   46474852
L1D WQ	ACCESS:    2471618	FORWARD:       4163	MERGED:          0	TO_CACHE:    2471618
L1D PQ	ACCESS:   74696017	FORWARD:          0	MERGED:    4002053	TO_CACHE:   70693964

L1D UNIQUE REGIONS ACCESSED: 0
L1D REGIONS CONFLICTS: 0
L1D Cross Page Prefetch Requests: 30384834
L1D Same Page Prefetch Requests: 103787238
L1D ROI Sum of L1D PQ occupancy: 1013597103
L1D PREFETCHES PUSHED FROM L2C: 0
L1I TOTAL     ACCESS:   31545240  HIT:   30047495  MISS:    1497745  HIT %:    95.2521  MISS %:    4.74793   MPKI: 7.48872
L1I LOAD      ACCESS:   31545240  HIT:   30047495  MISS:    1497745  HIT %:    95.2521  MISS %:    4.74793   MPKI: 7.48872
L1I PREFETCH  REQUESTED:          0  ISSUED:          0  USEFUL:          0  USELESS:          0
L1I USEFUL LOAD PREFETCHES:          0 PREFETCH ISSUED TO LOWER LEVEL:          0  ACCURACY: -nan
L1I TIMELY PREFETCHES:          0 LATE PREFETCHES: 0 DROPPED PREFETCHES: 0
L1I PREFETCHES SAME FILL-ORIGIN LEVEL: 0 DIFFERENT FILL-ORIGIN LEVEL: 0
L1I AVERAGE MISS LATENCY:    14.0132 cycles AVERAGE LOAD MISS LATENCY:    14.0132 cycles Load Miss    1497745
L1I Average MSHR Occupancy:   0.113952
L1I RQ	ACCESS:   39334804	FORWARD:          0	MERGED:    7758222	TO_CACHE:   31576582

BTB TOTAL     ACCESS:   12937583  HIT:   12937559  MISS:         24  HIT %:    99.9998  MISS %: 0.000185506   MPKI: 0.00012
BTB BRANCH_DIRECT_JUMP	ACCESS:      65746  HIT:      65744  MISS:          2
BTB BRANCH_INDIRECT	ACCESS:          0  HIT:          0  MISS:          0
BTB BRANCH_CONDITIONAL	ACCESS:   11745937  HIT:   11745923  MISS:         14
BTB BRANCH_DIRECT_CALL	ACCESS:      36981  HIT:      36978  MISS:          3
BTB BRANCH_INDIRECT_CALL	ACCESS:     525969  HIT:     525968  MISS:          1
BTB BRANCH_RETURN	ACCESS:     562950  HIT:     562946  MISS:          4
BTB BRANCH_OTHER ACCESS:          0  HIT:          0  MISS:          0

L2C TOTAL     ACCESS:   10605586  HIT:    9250109  MISS:    1355477  HIT %:    87.2192  MISS %:    12.7808   MPKI: 6.77738
L2C LOAD      ACCESS:    4900529  HIT:    4408617  MISS:     491912  HIT %:    89.9621  MISS %:    10.0379   MPKI: 2.45956
L2C DATA LOAD MPKI: 2.45956
L2C INSTRUCTION LOAD MPKI: 0
L2C RFO       ACCESS:      33295  HIT:        422  MISS:      32873  HIT %:    1.26746  MISS %:    98.7325   MPKI: 0.164365
L2C PREFETCH  ACCESS:    5515090  HIT:    4687328  MISS:     827762  HIT %:     84.991  MISS %:     15.009   MPKI: 4.13881
AGUS PREFETCH L1 MISS: 0
L2C DATA PREFETCH MPKI: 4.13881
L2C INSTRUCTION PREFETCH MPKI: 0
L2C WRITEBACK ACCESS:      51392  HIT:      51379  MISS:         13  HIT %:    99.9747  MISS %:  0.0252958   MPKI: 6.5e-05
L2C LOAD TRANSLATION ACCESS:        811  HIT:        471  MISS:        340  HIT %:    58.0764  MISS %:    41.9236   MPKI: 0.0017
L2C TRANSLATION FROM L1D PREFETCHER ACCESS:     104469  HIT:     101892  MISS:       2577  HIT %:    97.5332  MISS %:    2.46676   MPKI: 0.012885
L2C PREFETCH  REQUESTED:          0  ISSUED:          0  USEFUL:     594344  USELESS:     241276
L2C USEFUL LOAD PREFETCHES:     594344 PREFETCH ISSUED TO LOWER LEVEL:    1003470  ACCURACY: 59.2289
L2C TIMELY PREFETCHES:     594344 LATE PREFETCHES: 175708 DROPPED PREFETCHES: 0
L2C PREFETCHES SAME FILL-ORIGIN LEVEL: 592381 DIFFERENT FILL-ORIGIN LEVEL: 0
L2C AVERAGE MISS LATENCY:    135.201 cycles AVERAGE LOAD MISS LATENCY:    120.732 cycles Load Miss     491912
L2C Average MSHR Occupancy:    1.08193
L2C RQ	ACCESS:    5039104	FORWARD:          0	MERGED:          0	TO_CACHE:    5039104
L2C WQ	ACCESS:      51392	FORWARD:          0	MERGED:          0	TO_CACHE:      51392
L2C PQ	ACCESS:    5877241	FORWARD:          0	MERGED:       2578	TO_CACHE:    5874663

L2C Instructions Evicting Data 0
L2C Translations Evicting Data 2862
L2C Data Evicting Data 1349698
L2C Instructions Evicting Instructions 0
L2C Translations Evicting Instructions 0
L2C Data Evicting Instructions 0
L2C Instructions Evicting Translations 0
L2C Translations Evicting Translations 55
L2C Data Evicting Translations 2849
L2C Dense regions hint from L2: 0
PSCL5 TOTAL     ACCESS:     105280  HIT:     105280  MISS:          0  HIT %:        100  MISS %:          0   MPKI: 0
PSCL5 LOAD TRANSLATION ACCESS:        811  HIT:        811  MISS:          0  HIT %:        100  MISS %:          0   MPKI: 0
PSCL5 TRANSLATION FROM L1D PREFETCHER ACCESS:     104469  HIT:     104469  MISS:          0  HIT %:        100  MISS %:          0   MPKI: 0
PSCL5 PREFETCH  REQUESTED:          0  ISSUED:          0  USEFUL:          0  USELESS:          0
PSCL5 USEFUL LOAD PREFETCHES:          0 PREFETCH ISSUED TO LOWER LEVEL:          0  ACCURACY: -nan
PSCL5 TIMELY PREFETCHES:          0 LATE PREFETCHES: 0 DROPPED PREFETCHES: 0
PSCL5 PREFETCHES SAME FILL-ORIGIN LEVEL: 0 DIFFERENT FILL-ORIGIN LEVEL: 0

PSCL4 TOTAL     ACCESS:     105280  HIT:     105280  MISS:          0  HIT %:        100  MISS %:          0   MPKI: 0
PSCL4 LOAD TRANSLATION ACCESS:        811  HIT:        811  MISS:          0  HIT %:        100  MISS %:          0   MPKI: 0
PSCL4 TRANSLATION FROM L1D PREFETCHER ACCESS:     104469  HIT:     104469  MISS:          0  HIT %:        100  MISS %:          0   MPKI: 0
PSCL4 PREFETCH  REQUESTED:          0  ISSUED:          0  USEFUL:          0  USELESS:          0
PSCL4 USEFUL LOAD PREFETCHES:          0 PREFETCH ISSUED TO LOWER LEVEL:          0  ACCURACY: -nan
PSCL4 TIMELY PREFETCHES:          0 LATE PREFETCHES: 0 DROPPED PREFETCHES: 0
PSCL4 PREFETCHES SAME FILL-ORIGIN LEVEL: 0 DIFFERENT FILL-ORIGIN LEVEL: 0

PSCL3 TOTAL     ACCESS:     105280  HIT:     105280  MISS:          0  HIT %:        100  MISS %:          0   MPKI: 0
PSCL3 LOAD TRANSLATION ACCESS:        811  HIT:        811  MISS:          0  HIT %:        100  MISS %:          0   MPKI: 0
PSCL3 TRANSLATION FROM L1D PREFETCHER ACCESS:     104469  HIT:     104469  MISS:          0  HIT %:        100  MISS %:          0   MPKI: 0
PSCL3 PREFETCH  REQUESTED:          0  ISSUED:          0  USEFUL:          0  USELESS:          0
PSCL3 USEFUL LOAD PREFETCHES:          0 PREFETCH ISSUED TO LOWER LEVEL:          0  ACCURACY: -nan
PSCL3 TIMELY PREFETCHES:          0 LATE PREFETCHES: 0 DROPPED PREFETCHES: 0
PSCL3 PREFETCHES SAME FILL-ORIGIN LEVEL: 0 DIFFERENT FILL-ORIGIN LEVEL: 0

PSCL2 TOTAL     ACCESS:     105280  HIT:     105279  MISS:          1  HIT %:    99.9991  MISS %: 0.000949848   MPKI: 5e-06
PSCL2 LOAD TRANSLATION ACCESS:        811  HIT:        810  MISS:          1  HIT %:    99.8767  MISS %:   0.123305   MPKI: 5e-06
PSCL2 TRANSLATION FROM L1D PREFETCHER ACCESS:     104469  HIT:     104469  MISS:          0  HIT %:        100  MISS %:          0   MPKI: 0
PSCL2 PREFETCH  REQUESTED:          0  ISSUED:          0  USEFUL:          0  USELESS:          0
PSCL2 USEFUL LOAD PREFETCHES:          0 PREFETCH ISSUED TO LOWER LEVEL:          0  ACCURACY: -nan
PSCL2 TIMELY PREFETCHES:          0 LATE PREFETCHES: 0 DROPPED PREFETCHES: 0
PSCL2 PREFETCHES SAME FILL-ORIGIN LEVEL: 0 DIFFERENT FILL-ORIGIN LEVEL: 0

LLC TOTAL     ACCESS:    1388079  HIT:     271458  MISS:    1116621  HIT %:    19.5564  MISS %:    80.4436   MPKI: 5.5831
LLC LOAD      ACCESS:     316204  HIT:      73075  MISS:     243129  HIT %:    23.1101  MISS %:    76.8899   MPKI: 1.21564
LLC RFO       ACCESS:      32873  HIT:          0  MISS:      32873  HIT %:          0  MISS %:        100   MPKI: 0.164365
LLC PREFETCH  ACCESS:    1003470  HIT:     187508  MISS:     815962  HIT %:     18.686  MISS %:     81.314   MPKI: 4.07981
AGUS PREFETCH L1 MISS: 0
LLC WRITEBACK ACCESS:      32615  HIT:       8289  MISS:      24326  HIT %:    25.4147  MISS %:    74.5853   MPKI: 0.12163
LLC LOAD TRANSLATION ACCESS:        340  HIT:         19  MISS:        321  HIT %:    5.58824  MISS %:    94.4118   MPKI: 0.001605
LLC TRANSLATION FROM L1D PREFETCHER ACCESS:       2577  HIT:       2567  MISS:         10  HIT %:     99.612  MISS %:   0.388048   MPKI: 5e-05
LLC PREFETCH  REQUESTED:          0  ISSUED:          0  USEFUL:      15774  USELESS:       1215
LLC USEFUL LOAD PREFETCHES:      15774 PREFETCH ISSUED TO LOWER LEVEL:     815962  ACCURACY: 1.93318
LLC TIMELY PREFETCHES:      15774 LATE PREFETCHES: 0 DROPPED PREFETCHES: 0
LLC PREFETCHES SAME FILL-ORIGIN LEVEL: 0 DIFFERENT FILL-ORIGIN LEVEL: 0
LLC AVERAGE MISS LATENCY:    123.032 cycles AVERAGE LOAD MISS LATENCY:    119.525 cycles Load Miss     243129
LLC Average MSHR Occupancy:   0.743805
LLC RQ	ACCESS:     351994	FORWARD:          0	MERGED:          0	TO_CACHE:     351994
LLC WQ	ACCESS:      32615	FORWARD:          0	MERGED:          0	TO_CACHE:      32615
LLC PQ	ACCESS:    1003470	FORWARD:          0	MERGED:          0	TO_CACHE:    1003470

LLC Dense regions hint to LLC: 0

RAW hits: 181592
Loads Generated: 89844250
Loads sent to L1D: 89662697
Stores Generated: 2471618
Stores sent to L1D: 2471618
Major fault: 0 Minor fault: 4438
Allocated PAGES: 4438
================ Mockingjay (LLC) Pollution Stats ================
Total pollution count in LLC: 15021
==================================================================

DRAM Statistics
 CHANNEL 0
 RQ ROW_BUFFER_HIT:     976917  ROW_BUFFER_MISS:     115378
 DBUS_CONGESTED:       1446
 WQ ROW_BUFFER_HIT:      11362  ROW_BUFFER_MISS:      18080  FULL:          0

 AVG_CONGESTED_CYCLE: 4
 All warmup complete: 2
Channel 0 Bank busy for read cycles: 0
Channel 0 Bank busy for write cycles: 0
Channel 0
Rank 0
0banks busy for read cycles: 158569812
0banks busy for write cycles: 10448
1banks busy for read cycles: 7627112
1banks busy for write cycles: 1677157
2banks busy for read cycles: 2886674
2banks busy for write cycles: 441638
3banks busy for read cycles: 2737431
3banks busy for write cycles: 276146
4banks busy for read cycles: 3178076
4banks busy for write cycles: 209304
5banks busy for read cycles: 1573192
5banks busy for write cycles: 189491
6banks busy for read cycles: 1323948
6banks busy for write cycles: 159469
7banks busy for read cycles: 1157018
7banks busy for write cycles: 135657
8banks busy for read cycles: 991805
8banks busy for write cycles: 85756

CPU 0 Branch Prediction Accuracy: 99.7518% MPKI: 0.174635 Average ROB Occupancy at Mispredict: 45.8258
Branch types
NOT_BRANCH: 185925725 92.9629%
BRANCH_DIRECT_JUMP: 65746 0.032873%
BRANCH_INDIRECT: 0 0%
BRANCH_CONDITIONAL: 12882117 6.44106%
BRANCH_DIRECT_CALL: 36981 0.0184905%
BRANCH_INDIRECT_CALL: 525969 0.262984%
BRANCH_RETURN: 562950 0.281475%
BRANCH_OTHER: 0 0%

===================== LRU L1D STATS =====================
Total pollution count in L1D: 3152841
=========================================================
================ SRRIP (L2C) Pollution Stats ================
Total pollution count in L2c: 585023
==================================================================
DRAM PAGES: 1048576
Allocated PAGES: 4438
