
*** ChampSim Multicore Out-of-Order Simulator ***

Warmup Instructions: 200000000
Simulation Instructions: 200000000
Number of CPUs: 1
LLC sets: 4096
LLC ways: 12
Off-chip DRAM Size: 4096 MB Channels: 1 Width: 64-bit Data Rate: 6400 MT/s
CPU 0 runs /home1/sweta/traces/gaptraces/cc-14.trace.gz
.gz
BTB has LRU replacement policy
ITLB has LRU replacement policy
DTLB has LRU replacement policy
STLB has LRU replacement policy
L1I has LRU replacement policy
L1D has LRU replacement policy
Bingo PHT WAYS: 16 and PHT_SIZE: 16384
Initialize SRRIP state for L2C
Initialize Mockingjay state for LLC
Heartbeat CPU 0 instructions: 10000002 cycles: 2237106 heartbeat IPC: 4.47006 cumulative IPC: 4.47006 (Simulation time: 0 hr 0 min 24 sec) 
Heartbeat CPU 0 instructions: 20000003 cycles: 4528847 heartbeat IPC: 4.3635 cumulative IPC: 4.41614 (Simulation time: 0 hr 0 min 52 sec) 
Heartbeat CPU 0 instructions: 30000001 cycles: 6843543 heartbeat IPC: 4.32022 cumulative IPC: 4.38369 (Simulation time: 0 hr 1 min 19 sec) 
Heartbeat CPU 0 instructions: 40000000 cycles: 9177319 heartbeat IPC: 4.2849 cumulative IPC: 4.35857 (Simulation time: 0 hr 1 min 46 sec) 
Heartbeat CPU 0 instructions: 50000006 cycles: 11530053 heartbeat IPC: 4.25038 cumulative IPC: 4.33649 (Simulation time: 0 hr 2 min 14 sec) 
Heartbeat CPU 0 instructions: 60000000 cycles: 13898133 heartbeat IPC: 4.22283 cumulative IPC: 4.31713 (Simulation time: 0 hr 2 min 39 sec) 
Heartbeat CPU 0 instructions: 70000000 cycles: 16276509 heartbeat IPC: 4.20455 cumulative IPC: 4.30068 (Simulation time: 0 hr 3 min 6 sec) 
Heartbeat CPU 0 instructions: 80000003 cycles: 18668042 heartbeat IPC: 4.18142 cumulative IPC: 4.2854 (Simulation time: 0 hr 3 min 33 sec) 
Heartbeat CPU 0 instructions: 90000000 cycles: 21067084 heartbeat IPC: 4.16833 cumulative IPC: 4.27207 (Simulation time: 0 hr 4 min 0 sec) 
Heartbeat CPU 0 instructions: 100000000 cycles: 23473651 heartbeat IPC: 4.1553 cumulative IPC: 4.2601 (Simulation time: 0 hr 4 min 27 sec) 
Heartbeat CPU 0 instructions: 110000000 cycles: 25893701 heartbeat IPC: 4.13215 cumulative IPC: 4.24814 (Simulation time: 0 hr 4 min 54 sec) 
Heartbeat CPU 0 instructions: 120000003 cycles: 28327901 heartbeat IPC: 4.10813 cumulative IPC: 4.23611 (Simulation time: 0 hr 5 min 21 sec) 
Heartbeat CPU 0 instructions: 130000001 cycles: 30767142 heartbeat IPC: 4.09964 cumulative IPC: 4.22529 (Simulation time: 0 hr 5 min 47 sec) 
Heartbeat CPU 0 instructions: 140000003 cycles: 33208747 heartbeat IPC: 4.09567 cumulative IPC: 4.21576 (Simulation time: 0 hr 6 min 12 sec) 
Heartbeat CPU 0 instructions: 150000001 cycles: 35668255 heartbeat IPC: 4.06585 cumulative IPC: 4.20542 (Simulation time: 0 hr 6 min 37 sec) 
Heartbeat CPU 0 instructions: 160000004 cycles: 38128602 heartbeat IPC: 4.06447 cumulative IPC: 4.19632 (Simulation time: 0 hr 7 min 2 sec) 
Heartbeat CPU 0 instructions: 170000003 cycles: 40584381 heartbeat IPC: 4.07203 cumulative IPC: 4.1888 (Simulation time: 0 hr 7 min 28 sec) 
Heartbeat CPU 0 instructions: 180000000 cycles: 43059951 heartbeat IPC: 4.03947 cumulative IPC: 4.18022 (Simulation time: 0 hr 7 min 52 sec) 
Heartbeat CPU 0 instructions: 190000004 cycles: 45539848 heartbeat IPC: 4.03243 cumulative IPC: 4.17217 (Simulation time: 0 hr 8 min 15 sec) 
Heartbeat CPU 0 instructions: 200000002 cycles: 48021873 heartbeat IPC: 4.02897 cumulative IPC: 4.16477 (Simulation time: 0 hr 8 min 41 sec) 

Warmup complete CPU 0 instructions: 200000002 cycles: 48021873 (Simulation time: 0 hr 8 min 41 sec) 

Heartbeat CPU 0 instructions: 210000000 cycles: 76077340 heartbeat IPC: 0.356437 cumulative IPC: 0.356437 (Simulation time: 0 hr 9 min 18 sec) 
Heartbeat CPU 0 instructions: 220000002 cycles: 103759892 heartbeat IPC: 0.361238 cumulative IPC: 0.358822 (Simulation time: 0 hr 9 min 54 sec) 
Heartbeat CPU 0 instructions: 230000000 cycles: 132590577 heartbeat IPC: 0.346853 cumulative IPC: 0.354741 (Simulation time: 0 hr 10 min 30 sec) 
Heartbeat CPU 0 instructions: 240000004 cycles: 160149614 heartbeat IPC: 0.362858 cumulative IPC: 0.356736 (Simulation time: 0 hr 11 min 7 sec) 
Heartbeat CPU 0 instructions: 250000002 cycles: 187694548 heartbeat IPC: 0.363043 cumulative IPC: 0.35798 (Simulation time: 0 hr 11 min 43 sec) 
Heartbeat CPU 0 instructions: 260000001 cycles: 215862515 heartbeat IPC: 0.355013 cumulative IPC: 0.357482 (Simulation time: 0 hr 12 min 19 sec) 
Heartbeat CPU 0 instructions: 270000000 cycles: 243135546 heartbeat IPC: 0.366663 cumulative IPC: 0.358765 (Simulation time: 0 hr 12 min 56 sec) 
Heartbeat CPU 0 instructions: 280000000 cycles: 270953828 heartbeat IPC: 0.359476 cumulative IPC: 0.358854 (Simulation time: 0 hr 13 min 32 sec) 
Heartbeat CPU 0 instructions: 290000003 cycles: 299730867 heartbeat IPC: 0.347499 cumulative IPC: 0.357556 (Simulation time: 0 hr 14 min 9 sec) 
Heartbeat CPU 0 instructions: 300000000 cycles: 326939451 heartbeat IPC: 0.367531 cumulative IPC: 0.358529 (Simulation time: 0 hr 14 min 44 sec) 
Heartbeat CPU 0 instructions: 310000002 cycles: 352676207 heartbeat IPC: 0.388549 cumulative IPC: 0.361065 (Simulation time: 0 hr 15 min 18 sec) 
Heartbeat CPU 0 instructions: 320000002 cycles: 380154912 heartbeat IPC: 0.363918 cumulative IPC: 0.361301 (Simulation time: 0 hr 15 min 52 sec) 
Heartbeat CPU 0 instructions: 330000005 cycles: 407912940 heartbeat IPC: 0.360256 cumulative IPC: 0.36122 (Simulation time: 0 hr 16 min 26 sec) 
Heartbeat CPU 0 instructions: 340000000 cycles: 435775436 heartbeat IPC: 0.358905 cumulative IPC: 0.361054 (Simulation time: 0 hr 17 min 0 sec) 
Heartbeat CPU 0 instructions: 350000003 cycles: 463470859 heartbeat IPC: 0.361071 cumulative IPC: 0.361055 (Simulation time: 0 hr 17 min 34 sec) 
Heartbeat CPU 0 instructions: 360000000 cycles: 491174170 heartbeat IPC: 0.360968 cumulative IPC: 0.36105 (Simulation time: 0 hr 18 min 8 sec) 
Heartbeat CPU 0 instructions: 370000000 cycles: 518115755 heartbeat IPC: 0.371173 cumulative IPC: 0.36163 (Simulation time: 0 hr 18 min 41 sec) 
Heartbeat CPU 0 instructions: 380000006 cycles: 544916403 heartbeat IPC: 0.373126 cumulative IPC: 0.36225 (Simulation time: 0 hr 19 min 15 sec) 
Heartbeat CPU 0 instructions: 390000000 cycles: 572165022 heartbeat IPC: 0.366991 cumulative IPC: 0.362496 (Simulation time: 0 hr 19 min 49 sec) 
Heartbeat CPU 0 instructions: 400000001 cycles: 598504164 heartbeat IPC: 0.379663 cumulative IPC: 0.363318 (Simulation time: 0 hr 20 min 22 sec) 
Finished CPU 0 instructions: 200000000 cycles: 550482292 cumulative IPC: 0.363318 (Simulation time: 0 hr 20 min 22 sec) 

ChampSim completed all CPUs

Region of Interest Statistics

CPU 0 cumulative IPC: 0.363318 instructions: 200000000 cycles: 550482292
ITLB TOTAL     ACCESS:   19743546  HIT:   19743546  MISS:          0  HIT %:        100  MISS %:          0   MPKI: 0
ITLB LOAD TRANSLATION ACCESS:   19743546  HIT:   19743546  MISS:          0  HIT %:        100  MISS %:          0   MPKI: 0
ITLB PREFETCH  REQUESTED:          0  ISSUED:          0  USEFUL:          0  USELESS:          0
ITLB USEFUL LOAD PREFETCHES:          0 PREFETCH ISSUED TO LOWER LEVEL:          0  ACCURACY: -nan
ITLB TIMELY PREFETCHES:          0 LATE PREFETCHES: 0 DROPPED PREFETCHES: 0
ITLB PREFETCHES SAME FILL-ORIGIN LEVEL: 0 DIFFERENT FILL-ORIGIN LEVEL: 0
ITLB AVERAGE MISS LATENCY:       -nan cycles AVERAGE LOAD MISS LATENCY:       -nan cycles Load Miss          0
ITLB Average MSHR Occupancy: 3.46968e-07
ITLB RQ	ACCESS:   21681218	FORWARD:          0	MERGED:    1937673	TO_CACHE:   19743545

DTLB TOTAL     ACCESS:   35865963  HIT:   26052803  MISS:    9813160  HIT %:    72.6394  MISS %:    27.3606   MPKI: 49.0658
DTLB LOAD TRANSLATION ACCESS:   35865963  HIT:   26052803  MISS:    9813160  HIT %:    72.6394  MISS %:    27.3606   MPKI: 49.0658
DTLB PREFETCH  REQUESTED:          0  ISSUED:          0  USEFUL:          0  USELESS:          0
DTLB USEFUL LOAD PREFETCHES:          0 PREFETCH ISSUED TO LOWER LEVEL:          0  ACCURACY: -nan
DTLB TIMELY PREFETCHES:          0 LATE PREFETCHES: 0 DROPPED PREFETCHES: 0
DTLB PREFETCHES SAME FILL-ORIGIN LEVEL: 0 DIFFERENT FILL-ORIGIN LEVEL: 0
DTLB AVERAGE MISS LATENCY:     9.7169 cycles AVERAGE LOAD MISS LATENCY:       -nan cycles Load Miss          0
DTLB Average MSHR Occupancy:   0.156715
DTLB RQ	ACCESS:   38857616	FORWARD:          0	MERGED:    2935876	TO_CACHE:   35921740

STLB TOTAL     ACCESS:    9813160  HIT:    9798399  MISS:      14761  HIT %:    99.8496  MISS %:    0.15042   MPKI: 0.073805
STLB LOAD TRANSLATION ACCESS:    9813160  HIT:    9798399  MISS:      14761  HIT %:    99.8496  MISS %:    0.15042   MPKI: 0.073805
STLB PREFETCH  REQUESTED:          0  ISSUED:          0  USEFUL:          0  USELESS:          0
STLB USEFUL LOAD PREFETCHES:          0 PREFETCH ISSUED TO LOWER LEVEL:          0  ACCURACY: -nan
STLB TIMELY PREFETCHES:          0 LATE PREFETCHES: 0 DROPPED PREFETCHES: 0
STLB PREFETCHES SAME FILL-ORIGIN LEVEL: 0 DIFFERENT FILL-ORIGIN LEVEL: 0
STLB AVERAGE MISS LATENCY:    142.084 cycles AVERAGE LOAD MISS LATENCY:       -nan cycles Load Miss          0
STLB Average MSHR Occupancy: 0.00116497
STLB RQ	ACCESS:    9813160	FORWARD:          0	MERGED:          0	TO_CACHE:    9813160

STLB Hit, L1D data hit: 0
STLB Hit, L2C data hit: 0
STLB Hit, LLC data hit: 0
STLB Hit, LLC data miss: 0
STLB STLB hints to L2: 0
L1D TOTAL     ACCESS:   38545032  HIT:   23561886  MISS:   14983146  HIT %:    61.1282  MISS %:    38.8718   MPKI: 74.9157
L1D LOAD      ACCESS:   38480291  HIT:   23497145  MISS:   14983146  HIT %:    61.0628  MISS %:    38.9372   MPKI: 74.9157
L1D RFO       ACCESS:      64741  HIT:      64741  MISS:          0  HIT %:        100  MISS %:          0   MPKI: 0
L1D PREFETCH  REQUESTED:          0  ISSUED:          0  USEFUL:          0  USELESS:          0
L1D USEFUL LOAD PREFETCHES:          0 PREFETCH ISSUED TO LOWER LEVEL:          0  ACCURACY: -nan
L1D TIMELY PREFETCHES:          0 LATE PREFETCHES: 0 DROPPED PREFETCHES: 0
L1D PREFETCHES SAME FILL-ORIGIN LEVEL: 0 DIFFERENT FILL-ORIGIN LEVEL: 0
L1D AVERAGE MISS LATENCY:    35.3307 cycles AVERAGE LOAD MISS LATENCY:    35.3307 cycles Load Miss   14983146
L1D Average MSHR Occupancy:   0.945586
L1D RQ	ACCESS:   55367511	FORWARD:          0	MERGED:   16574636	TO_CACHE:   38792875
L1D WQ	ACCESS:      64741	FORWARD:          0	MERGED:          0	TO_CACHE:      64741

L1D UNIQUE REGIONS ACCESSED: 0
L1D REGIONS CONFLICTS: 0
L1D Cross Page Prefetch Requests: 0
L1D Same Page Prefetch Requests: 0
L1D ROI Sum of L1D PQ occupancy: 0
L1D PREFETCHES PUSHED FROM L2C: 0
L1I TOTAL     ACCESS:   21681220  HIT:   21681220  MISS:          0  HIT %:        100  MISS %:          0   MPKI: 0
L1I LOAD      ACCESS:   21681220  HIT:   21681220  MISS:          0  HIT %:        100  MISS %:          0   MPKI: 0
L1I PREFETCH  REQUESTED:          0  ISSUED:          0  USEFUL:          0  USELESS:          0
L1I USEFUL LOAD PREFETCHES:          0 PREFETCH ISSUED TO LOWER LEVEL:          0  ACCURACY: -nan
L1I TIMELY PREFETCHES:          0 LATE PREFETCHES: 0 DROPPED PREFETCHES: 0
L1I PREFETCHES SAME FILL-ORIGIN LEVEL: 0 DIFFERENT FILL-ORIGIN LEVEL: 0
L1I AVERAGE MISS LATENCY:       -nan cycles AVERAGE LOAD MISS LATENCY:       -nan cycles Load Miss          0
L1I Average MSHR Occupancy: 1.27525e-06
L1I RQ	ACCESS:   53633178	FORWARD:          0	MERGED:   31951960	TO_CACHE:   21681218

BTB TOTAL     ACCESS:   40544796  HIT:   40544791  MISS:          5  HIT %:        100  MISS %: 1.2332e-05   MPKI: 2.5e-05
BTB BRANCH_DIRECT_JUMP	ACCESS:          0  HIT:          0  MISS:          0
BTB BRANCH_INDIRECT	ACCESS:          0  HIT:          0  MISS:          0
BTB BRANCH_CONDITIONAL	ACCESS:   40544796  HIT:   40544791  MISS:          5
BTB BRANCH_DIRECT_CALL	ACCESS:          0  HIT:          0  MISS:          0
BTB BRANCH_INDIRECT_CALL	ACCESS:          0  HIT:          0  MISS:          0
BTB BRANCH_RETURN	ACCESS:          0  HIT:          0  MISS:          0
BTB BRANCH_OTHER ACCESS:          0  HIT:          0  MISS:          0

L2C TOTAL     ACCESS:   24324182  HIT:   15742653  MISS:    8581529  HIT %:    64.7202  MISS %:    35.2798   MPKI: 42.9076
L2C LOAD      ACCESS:   14983146  HIT:   11123357  MISS:    3859789  HIT %:    74.2391  MISS %:    25.7609   MPKI: 19.2989
L2C DATA LOAD MPKI: 19.2989
L2C INSTRUCTION LOAD MPKI: 0
L2C PREFETCH  ACCESS:    9271739  HIT:    4551967  MISS:    4719772  HIT %:    49.0951  MISS %:    50.9049   MPKI: 23.5989
AGUS PREFETCH L1 MISS: 0
L2C DATA PREFETCH MPKI: 23.5989
L2C INSTRUCTION PREFETCH MPKI: 0
L2C WRITEBACK ACCESS:      54536  HIT:      54530  MISS:          6  HIT %:     99.989  MISS %:  0.0110019   MPKI: 3e-05
L2C LOAD TRANSLATION ACCESS:      14761  HIT:      12799  MISS:       1962  HIT %:    86.7082  MISS %:    13.2918   MPKI: 0.00981
L2C PREFETCH  REQUESTED:    9351157  ISSUED:    9351157  USEFUL:    1543477  USELESS:    3175586
L2C USEFUL LOAD PREFETCHES:    1543477 PREFETCH ISSUED TO LOWER LEVEL:    4764544  ACCURACY: 32.3951
L2C TIMELY PREFETCHES:    1543477 LATE PREFETCHES: 44772 DROPPED PREFETCHES: 0
L2C PREFETCHES SAME FILL-ORIGIN LEVEL: 4764544 DIFFERENT FILL-ORIGIN LEVEL: 0
L2C AVERAGE MISS LATENCY:    98.3586 cycles AVERAGE LOAD MISS LATENCY:    78.2096 cycles Load Miss    3859789
L2C Average MSHR Occupancy:    1.52358
L2C RQ	ACCESS:   14997907	FORWARD:          0	MERGED:          0	TO_CACHE:   14997907
L2C WQ	ACCESS:      54536	FORWARD:          0	MERGED:          0	TO_CACHE:      54536
L2C PQ	ACCESS:    9351157	FORWARD:          0	MERGED:          0	TO_CACHE:    9351157

L2C Instructions Evicting Data 0
L2C Translations Evicting Data 1962
L2C Data Evicting Data 8577597
L2C Instructions Evicting Instructions 0
L2C Translations Evicting Instructions 0
L2C Data Evicting Instructions 0
L2C Instructions Evicting Translations 0
L2C Translations Evicting Translations 0
L2C Data Evicting Translations 1964
L2C Dense regions hint from L2: 0
PSCL5 TOTAL     ACCESS:      14761  HIT:      14761  MISS:          0  HIT %:        100  MISS %:          0   MPKI: 0
PSCL5 LOAD TRANSLATION ACCESS:      14761  HIT:      14761  MISS:          0  HIT %:        100  MISS %:          0   MPKI: 0
PSCL5 PREFETCH  REQUESTED:          0  ISSUED:          0  USEFUL:          0  USELESS:          0
PSCL5 USEFUL LOAD PREFETCHES:          0 PREFETCH ISSUED TO LOWER LEVEL:          0  ACCURACY: -nan
PSCL5 TIMELY PREFETCHES:          0 LATE PREFETCHES: 0 DROPPED PREFETCHES: 0
PSCL5 PREFETCHES SAME FILL-ORIGIN LEVEL: 0 DIFFERENT FILL-ORIGIN LEVEL: 0

PSCL4 TOTAL     ACCESS:      14761  HIT:      14761  MISS:          0  HIT %:        100  MISS %:          0   MPKI: 0
PSCL4 LOAD TRANSLATION ACCESS:      14761  HIT:      14761  MISS:          0  HIT %:        100  MISS %:          0   MPKI: 0
PSCL4 PREFETCH  REQUESTED:          0  ISSUED:          0  USEFUL:          0  USELESS:          0
PSCL4 USEFUL LOAD PREFETCHES:          0 PREFETCH ISSUED TO LOWER LEVEL:          0  ACCURACY: -nan
PSCL4 TIMELY PREFETCHES:          0 LATE PREFETCHES: 0 DROPPED PREFETCHES: 0
PSCL4 PREFETCHES SAME FILL-ORIGIN LEVEL: 0 DIFFERENT FILL-ORIGIN LEVEL: 0

PSCL3 TOTAL     ACCESS:      14761  HIT:      14761  MISS:          0  HIT %:        100  MISS %:          0   MPKI: 0
PSCL3 LOAD TRANSLATION ACCESS:      14761  HIT:      14761  MISS:          0  HIT %:        100  MISS %:          0   MPKI: 0
PSCL3 PREFETCH  REQUESTED:          0  ISSUED:          0  USEFUL:          0  USELESS:          0
PSCL3 USEFUL LOAD PREFETCHES:          0 PREFETCH ISSUED TO LOWER LEVEL:          0  ACCURACY: -nan
PSCL3 TIMELY PREFETCHES:          0 LATE PREFETCHES: 0 DROPPED PREFETCHES: 0
PSCL3 PREFETCHES SAME FILL-ORIGIN LEVEL: 0 DIFFERENT FILL-ORIGIN LEVEL: 0

PSCL2 TOTAL     ACCESS:      14761  HIT:      14732  MISS:         29  HIT %:    99.8035  MISS %:   0.196464   MPKI: 0.000145
PSCL2 LOAD TRANSLATION ACCESS:      14761  HIT:      14732  MISS:         29  HIT %:    99.8035  MISS %:   0.196464   MPKI: 0.000145
PSCL2 PREFETCH  REQUESTED:          0  ISSUED:          0  USEFUL:          0  USELESS:          0
PSCL2 USEFUL LOAD PREFETCHES:          0 PREFETCH ISSUED TO LOWER LEVEL:          0  ACCURACY: -nan
PSCL2 TIMELY PREFETCHES:          0 LATE PREFETCHES: 0 DROPPED PREFETCHES: 0
PSCL2 PREFETCHES SAME FILL-ORIGIN LEVEL: 0 DIFFERENT FILL-ORIGIN LEVEL: 0

LLC TOTAL     ACCESS:    8635973  HIT:    6005120  MISS:    2630853  HIT %:    69.5361  MISS %:    30.4639   MPKI: 13.1543
LLC LOAD      ACCESS:    3815017  HIT:    3104418  MISS:     710599  HIT %:    81.3736  MISS %:    18.6264   MPKI: 3.553
LLC PREFETCH  ACCESS:    4764544  HIT:    2859593  MISS:    1904951  HIT %:    60.0182  MISS %:    39.9818   MPKI: 9.52476
AGUS PREFETCH L1 MISS: 0
LLC WRITEBACK ACCESS:      54450  HIT:      41109  MISS:      13341  HIT %:    75.4986  MISS %:    24.5014   MPKI: 0.066705
LLC LOAD TRANSLATION ACCESS:       1962  HIT:          0  MISS:       1962  HIT %:          0  MISS %:        100   MPKI: 0.00981
LLC PREFETCH  REQUESTED:          0  ISSUED:          0  USEFUL:        631  USELESS:       6887
LLC USEFUL LOAD PREFETCHES:        631 PREFETCH ISSUED TO LOWER LEVEL:    1904951  ACCURACY: 0.0331242
LLC TIMELY PREFETCHES:        631 LATE PREFETCHES: 0 DROPPED PREFETCHES: 0
LLC PREFETCHES SAME FILL-ORIGIN LEVEL: 0 DIFFERENT FILL-ORIGIN LEVEL: 0
LLC AVERAGE MISS LATENCY:    174.184 cycles AVERAGE LOAD MISS LATENCY:    178.748 cycles Load Miss     710599
LLC Average MSHR Occupancy:   0.827704
LLC RQ	ACCESS:    3816979	FORWARD:          0	MERGED:          0	TO_CACHE:    3816979
LLC WQ	ACCESS:      54450	FORWARD:          0	MERGED:          0	TO_CACHE:      54450
LLC PQ	ACCESS:    4764544	FORWARD:          0	MERGED:          0	TO_CACHE:    4764544

LLC Dense regions hint to LLC: 0

RAW hits: 13
Loads Generated: 55367525
Loads sent to L1D: 55367511
Stores Generated: 64741
Stores sent to L1D: 64741
Major fault: 0 Minor fault: 30262
Allocated PAGES: 30262
[Bingo] PHT Access: 10174202
[Bingo] PHT Hit PC+Addr: 512459
[Bingo] PHT Hit PC+Offs: 9658027
[Bingo] PHT Miss: 3716
[Bingo] Prefetch PC+Addr: 0
[Bingo] Prefetch PC+Offs: 0
[Bingo] Useful PC+Addr: 0
[Bingo] Useful PC+Offs: 0
[Bingo] Useless PC+Addr: 0
[Bingo] Useless PC+Offs: 0
[Bingo] L1 Prefetch per Region: 0
[Bingo] L2 Prefetch per Region: 1.93799
[Bingo] L3 Prefetch per Region: 0
[Bingo] No Prefetch per Region: 30.062
[Bingo] Number of Voters Mean: 15.9998
[Bingo] Number of Voters SD: 15.748
PHT read accesses: 158763313
PHT write accesses: 1771666
AT read accesses: 5152836
AT write accesses: 6580309
FT read accesses: 5493117
FT write accesses: 10174202
PS read accesses: 20419749
PS write accesses: 10170486
PHT tag read accesses: 214246817
PHT tag write accesses: 2284125
AT tag read accesses: 459478810
AT tag write accesses: 6924497
FT tag read accesses: 667066788
FT tag write accesses: 13895362
PS tag read accesses: 578498548
PS tag write accesses: 30559867
================ Mockingjay (LLC) Pollution Stats ================
Total pollution count in LLC: 49671
==================================================================

DRAM Statistics
 CHANNEL 0
 RQ ROW_BUFFER_HIT:     963564  ROW_BUFFER_MISS:    1653945
 DBUS_CONGESTED:        161
 WQ ROW_BUFFER_HIT:       6287  ROW_BUFFER_MISS:      47702  FULL:          0

 AVG_CONGESTED_CYCLE: 4
 All warmup complete: 2
Channel 0 Bank busy for read cycles: 0
Channel 0 Bank busy for write cycles: 0
Channel 0
Rank 0
0banks busy for read cycles: 370319311
0banks busy for write cycles: 51674
1banks busy for read cycles: 116361709
1banks busy for write cycles: 8445434
2banks busy for read cycles: 32697971
2banks busy for write cycles: 257191
3banks busy for read cycles: 9315737
3banks busy for write cycles: 17539
4banks busy for read cycles: 2843090
4banks busy for write cycles: 2675
5banks busy for read cycles: 1086710
5banks busy for write cycles: 14
6banks busy for read cycles: 586397
6banks busy for write cycles: 185
7banks busy for read cycles: 1728136
7banks busy for write cycles: 144
8banks busy for read cycles: 6768376
8banks busy for write cycles: 0

CPU 0 Branch Prediction Accuracy: 92.6845% MPKI: 14.8972 Average ROB Occupancy at Mispredict: 20.1432
Branch types
NOT_BRANCH: 159271894 79.6359%
BRANCH_DIRECT_JUMP: 0 0%
BRANCH_INDIRECT: 0 0%
BRANCH_CONDITIONAL: 40727620 20.3638%
BRANCH_DIRECT_CALL: 0 0%
BRANCH_INDIRECT_CALL: 0 0%
BRANCH_RETURN: 0 0%
BRANCH_OTHER: 0 0%

===================== LRU L1D STATS =====================
Total pollution count in L1D: 0
=========================================================
================ SRRIP (L2C) Pollution Stats ================
Total pollution count in L2c: 7620278
==================================================================
DRAM PAGES: 1048576
Allocated PAGES: 30262
