
*** ChampSim Multicore Out-of-Order Simulator ***

Warmup Instructions: 200000000
Simulation Instructions: 200000000
Number of CPUs: 1
LLC sets: 4096
LLC ways: 12
Off-chip DRAM Size: 4096 MB Channels: 1 Width: 64-bit Data Rate: 6400 MT/s
CPU 0 runs /home1/sweta/traces/gaptraces/bfs-3.trace.gz
.gz
BTB has LRU replacement policy
ITLB has LRU replacement policy
DTLB has LRU replacement policy
STLB has LRU replacement policy
L1I has LRU replacement policy
L1D has LRU replacement policy
CPU 0 L2C IP-based stride prefetcher
Initialize SRRIP state for L2C
Initialize Mockingjay state for LLC
Heartbeat CPU 0 instructions: 10000000 cycles: 3253671 heartbeat IPC: 3.07345 cumulative IPC: 3.07345 (Simulation time: 0 hr 0 min 11 sec) 
Heartbeat CPU 0 instructions: 20000004 cycles: 6306056 heartbeat IPC: 3.27613 cumulative IPC: 3.17156 (Simulation time: 0 hr 0 min 24 sec) 
Heartbeat CPU 0 instructions: 30000001 cycles: 9336729 heartbeat IPC: 3.2996 cumulative IPC: 3.21312 (Simulation time: 0 hr 0 min 37 sec) 
Heartbeat CPU 0 instructions: 40000003 cycles: 12368160 heartbeat IPC: 3.29877 cumulative IPC: 3.23411 (Simulation time: 0 hr 0 min 49 sec) 
Heartbeat CPU 0 instructions: 50000000 cycles: 15330632 heartbeat IPC: 3.37556 cumulative IPC: 3.26144 (Simulation time: 0 hr 1 min 2 sec) 
Heartbeat CPU 0 instructions: 60000000 cycles: 18258144 heartbeat IPC: 3.41587 cumulative IPC: 3.2862 (Simulation time: 0 hr 1 min 15 sec) 
Heartbeat CPU 0 instructions: 70000000 cycles: 21609598 heartbeat IPC: 2.98378 cumulative IPC: 3.2393 (Simulation time: 0 hr 1 min 25 sec) 
Heartbeat CPU 0 instructions: 80000001 cycles: 25690000 heartbeat IPC: 2.45074 cumulative IPC: 3.11405 (Simulation time: 0 hr 1 min 33 sec) 
Heartbeat CPU 0 instructions: 90000000 cycles: 29339657 heartbeat IPC: 2.73998 cumulative IPC: 3.06752 (Simulation time: 0 hr 1 min 50 sec) 
Heartbeat CPU 0 instructions: 100000003 cycles: 32395959 heartbeat IPC: 3.27193 cumulative IPC: 3.0868 (Simulation time: 0 hr 2 min 1 sec) 
Heartbeat CPU 0 instructions: 110000000 cycles: 35143880 heartbeat IPC: 3.63911 cumulative IPC: 3.12999 (Simulation time: 0 hr 2 min 15 sec) 
Heartbeat CPU 0 instructions: 120000002 cycles: 37968400 heartbeat IPC: 3.54043 cumulative IPC: 3.16052 (Simulation time: 0 hr 2 min 28 sec) 
Heartbeat CPU 0 instructions: 130000003 cycles: 40996611 heartbeat IPC: 3.30228 cumulative IPC: 3.17099 (Simulation time: 0 hr 2 min 41 sec) 
Heartbeat CPU 0 instructions: 140000004 cycles: 44695489 heartbeat IPC: 2.70352 cumulative IPC: 3.13231 (Simulation time: 0 hr 2 min 50 sec) 
Heartbeat CPU 0 instructions: 150000000 cycles: 48674751 heartbeat IPC: 2.51303 cumulative IPC: 3.08168 (Simulation time: 0 hr 3 min 5 sec) 
Heartbeat CPU 0 instructions: 160000000 cycles: 52014720 heartbeat IPC: 2.99404 cumulative IPC: 3.07605 (Simulation time: 0 hr 3 min 17 sec) 
Heartbeat CPU 0 instructions: 170000000 cycles: 54805359 heartbeat IPC: 3.58341 cumulative IPC: 3.10189 (Simulation time: 0 hr 3 min 30 sec) 
Heartbeat CPU 0 instructions: 180000000 cycles: 57404934 heartbeat IPC: 3.84678 cumulative IPC: 3.13562 (Simulation time: 0 hr 3 min 43 sec) 
Heartbeat CPU 0 instructions: 190000001 cycles: 60008649 heartbeat IPC: 3.84067 cumulative IPC: 3.16621 (Simulation time: 0 hr 3 min 54 sec) 
Heartbeat CPU 0 instructions: 200000002 cycles: 62838625 heartbeat IPC: 3.5336 cumulative IPC: 3.18276 (Simulation time: 0 hr 4 min 7 sec) 

Warmup complete CPU 0 instructions: 200000002 cycles: 62838625 (Simulation time: 0 hr 4 min 7 sec) 

Heartbeat CPU 0 instructions: 210000002 cycles: 115269784 heartbeat IPC: 0.190726 cumulative IPC: 0.190726 (Simulation time: 0 hr 4 min 33 sec) 
Heartbeat CPU 0 instructions: 220000000 cycles: 152991679 heartbeat IPC: 0.265098 cumulative IPC: 0.221845 (Simulation time: 0 hr 4 min 54 sec) 
Heartbeat CPU 0 instructions: 230000000 cycles: 181417652 heartbeat IPC: 0.351791 cumulative IPC: 0.252996 (Simulation time: 0 hr 5 min 18 sec) 
Heartbeat CPU 0 instructions: 240000003 cycles: 208916421 heartbeat IPC: 0.363653 cumulative IPC: 0.273827 (Simulation time: 0 hr 5 min 40 sec) 
Heartbeat CPU 0 instructions: 250000002 cycles: 247078047 heartbeat IPC: 0.262043 cumulative IPC: 0.271386 (Simulation time: 0 hr 6 min 6 sec) 
Heartbeat CPU 0 instructions: 260000000 cycles: 294761230 heartbeat IPC: 0.209717 cumulative IPC: 0.258707 (Simulation time: 0 hr 6 min 33 sec) 
Heartbeat CPU 0 instructions: 270000000 cycles: 343380266 heartbeat IPC: 0.205681 cumulative IPC: 0.249517 (Simulation time: 0 hr 7 min 1 sec) 
Heartbeat CPU 0 instructions: 280000002 cycles: 397279274 heartbeat IPC: 0.185532 cumulative IPC: 0.239205 (Simulation time: 0 hr 7 min 23 sec) 
Heartbeat CPU 0 instructions: 290000000 cycles: 421862491 heartbeat IPC: 0.406781 cumulative IPC: 0.25068 (Simulation time: 0 hr 7 min 43 sec) 
Heartbeat CPU 0 instructions: 300000000 cycles: 455200066 heartbeat IPC: 0.299962 cumulative IPC: 0.254867 (Simulation time: 0 hr 8 min 10 sec) 
Heartbeat CPU 0 instructions: 310000000 cycles: 485601072 heartbeat IPC: 0.328936 cumulative IPC: 0.260193 (Simulation time: 0 hr 8 min 33 sec) 
Heartbeat CPU 0 instructions: 320000001 cycles: 527923755 heartbeat IPC: 0.23628 cumulative IPC: 0.258017 (Simulation time: 0 hr 9 min 1 sec) 
Heartbeat CPU 0 instructions: 330000002 cycles: 562878806 heartbeat IPC: 0.286082 cumulative IPC: 0.259979 (Simulation time: 0 hr 9 min 30 sec) 
Heartbeat CPU 0 instructions: 340000001 cycles: 617182177 heartbeat IPC: 0.184151 cumulative IPC: 0.252551 (Simulation time: 0 hr 9 min 56 sec) 
Heartbeat CPU 0 instructions: 350000000 cycles: 668578392 heartbeat IPC: 0.194567 cumulative IPC: 0.247631 (Simulation time: 0 hr 10 min 21 sec) 
Heartbeat CPU 0 instructions: 360000000 cycles: 706503903 heartbeat IPC: 0.263675 cumulative IPC: 0.248576 (Simulation time: 0 hr 10 min 41 sec) 
Heartbeat CPU 0 instructions: 370000000 cycles: 735006891 heartbeat IPC: 0.35084 cumulative IPC: 0.252913 (Simulation time: 0 hr 11 min 4 sec) 
Heartbeat CPU 0 instructions: 380000006 cycles: 762493766 heartbeat IPC: 0.36381 cumulative IPC: 0.25727 (Simulation time: 0 hr 11 min 26 sec) 
Heartbeat CPU 0 instructions: 390000000 cycles: 798536267 heartbeat IPC: 0.27745 cumulative IPC: 0.258258 (Simulation time: 0 hr 11 min 49 sec) 
Heartbeat CPU 0 instructions: 400000001 cycles: 839341825 heartbeat IPC: 0.245065 cumulative IPC: 0.257565 (Simulation time: 0 hr 12 min 13 sec) 
Finished CPU 0 instructions: 200000000 cycles: 776503202 cumulative IPC: 0.257565 (Simulation time: 0 hr 12 min 13 sec) 

ChampSim completed all CPUs

Region of Interest Statistics

CPU 0 cumulative IPC: 0.257565 instructions: 200000000 cycles: 776503202
ITLB TOTAL     ACCESS:   21166942  HIT:   21166942  MISS:          0  HIT %:        100  MISS %:          0   MPKI: 0
ITLB LOAD TRANSLATION ACCESS:   21166942  HIT:   21166942  MISS:          0  HIT %:        100  MISS %:          0   MPKI: 0
ITLB PREFETCH  REQUESTED:          0  ISSUED:          0  USEFUL:          0  USELESS:          0
ITLB USEFUL LOAD PREFETCHES:          0 PREFETCH ISSUED TO LOWER LEVEL:          0  ACCURACY: -nan
ITLB TIMELY PREFETCHES:          0 LATE PREFETCHES: 0 DROPPED PREFETCHES: 0
ITLB PREFETCHES SAME FILL-ORIGIN LEVEL: 0 DIFFERENT FILL-ORIGIN LEVEL: 0
ITLB AVERAGE MISS LATENCY:       -nan cycles AVERAGE LOAD MISS LATENCY:       -nan cycles Load Miss          0
ITLB Average MSHR Occupancy: 2.26657e-07
ITLB RQ	ACCESS:   27231391	FORWARD:          0	MERGED:    6064449	TO_CACHE:   21166942

DTLB TOTAL     ACCESS:   36720102  HIT:   36194018  MISS:     526084  HIT %:    98.5673  MISS %:    1.43269   MPKI: 2.63042
DTLB LOAD TRANSLATION ACCESS:   36720102  HIT:   36194018  MISS:     526084  HIT %:    98.5673  MISS %:    1.43269   MPKI: 2.63042
DTLB PREFETCH  REQUESTED:          0  ISSUED:          0  USEFUL:          0  USELESS:          0
DTLB USEFUL LOAD PREFETCHES:          0 PREFETCH ISSUED TO LOWER LEVEL:          0  ACCURACY: -nan
DTLB TIMELY PREFETCHES:          0 LATE PREFETCHES: 0 DROPPED PREFETCHES: 0
DTLB PREFETCHES SAME FILL-ORIGIN LEVEL: 0 DIFFERENT FILL-ORIGIN LEVEL: 0
DTLB AVERAGE MISS LATENCY:    36.8451 cycles AVERAGE LOAD MISS LATENCY:       -nan cycles Load Miss          0
DTLB Average MSHR Occupancy:  0.0248587
DTLB RQ	ACCESS:   39040136	FORWARD:          0	MERGED:    2291514	TO_CACHE:   36748622

STLB TOTAL     ACCESS:     526084  HIT:     354136  MISS:     171948  HIT %:    67.3155  MISS %:    32.6845   MPKI: 0.85974
STLB LOAD TRANSLATION ACCESS:     526084  HIT:     354136  MISS:     171948  HIT %:    67.3155  MISS %:    32.6845   MPKI: 0.85974
STLB PREFETCH  REQUESTED:          0  ISSUED:          0  USEFUL:          0  USELESS:          0
STLB USEFUL LOAD PREFETCHES:          0 PREFETCH ISSUED TO LOWER LEVEL:          0  ACCURACY: -nan
STLB TIMELY PREFETCHES:          0 LATE PREFETCHES: 0 DROPPED PREFETCHES: 0
STLB PREFETCHES SAME FILL-ORIGIN LEVEL: 0 DIFFERENT FILL-ORIGIN LEVEL: 0
STLB AVERAGE MISS LATENCY:    84.9164 cycles AVERAGE LOAD MISS LATENCY:       -nan cycles Load Miss          0
STLB Average MSHR Occupancy:   0.018929
STLB RQ	ACCESS:     526084	FORWARD:          0	MERGED:          0	TO_CACHE:     526084

STLB Hit, L1D data hit: 0
STLB Hit, L2C data hit: 0
STLB Hit, LLC data hit: 0
STLB Hit, LLC data miss: 0
STLB STLB hints to L2: 0
L1D TOTAL     ACCESS:   37981024  HIT:   32049823  MISS:    5931201  HIT %:    84.3838  MISS %:    15.6162   MPKI: 29.656
L1D LOAD      ACCESS:   31664960  HIT:   26001719  MISS:    5663241  HIT %:    82.1151  MISS %:    17.8849   MPKI: 28.3162
L1D RFO       ACCESS:    6316064  HIT:    6048104  MISS:     267960  HIT %:    95.7575  MISS %:    4.24252   MPKI: 1.3398
L1D PREFETCH  REQUESTED:          0  ISSUED:          0  USEFUL:          0  USELESS:          0
L1D USEFUL LOAD PREFETCHES:          0 PREFETCH ISSUED TO LOWER LEVEL:          0  ACCURACY: -nan
L1D TIMELY PREFETCHES:          0 LATE PREFETCHES: 0 DROPPED PREFETCHES: 0
L1D PREFETCHES SAME FILL-ORIGIN LEVEL: 0 DIFFERENT FILL-ORIGIN LEVEL: 0
L1D AVERAGE MISS LATENCY:    61.3523 cycles AVERAGE LOAD MISS LATENCY:    58.8644 cycles Load Miss    5663241
L1D Average MSHR Occupancy:   0.475788
L1D RQ	ACCESS:   47891885	FORWARD:          0	MERGED:   15933564	TO_CACHE:   31936222
L1D WQ	ACCESS:    7223604	FORWARD:      22099	MERGED:     119690	TO_CACHE:    7103914

L1D UNIQUE REGIONS ACCESSED: 0
L1D REGIONS CONFLICTS: 0
L1D Cross Page Prefetch Requests: 0
L1D Same Page Prefetch Requests: 0
L1D ROI Sum of L1D PQ occupancy: 0
L1D PREFETCHES PUSHED FROM L2C: 0
L1I TOTAL     ACCESS:   25966998  HIT:      92880  MISS:   25874118  HIT %:   0.357685  MISS %:    99.6423   MPKI: 129.371
L1I LOAD      ACCESS:   25966998  HIT:      92880  MISS:   25874118  HIT %:   0.357685  MISS %:    99.6423   MPKI: 129.371
L1I PREFETCH  REQUESTED:          0  ISSUED:          0  USEFUL:          0  USELESS:          0
L1I USEFUL LOAD PREFETCHES:          0 PREFETCH ISSUED TO LOWER LEVEL:          0  ACCURACY: -nan
L1I TIMELY PREFETCHES:          0 LATE PREFETCHES: 0 DROPPED PREFETCHES: 0
L1I PREFETCHES SAME FILL-ORIGIN LEVEL: 0 DIFFERENT FILL-ORIGIN LEVEL: 0
L1I AVERAGE MISS LATENCY:    14.0084 cycles AVERAGE LOAD MISS LATENCY:    14.0084 cycles Load Miss   25874118
L1I Average MSHR Occupancy:   0.456936
L1I RQ	ACCESS:   55984983	FORWARD:          0	MERGED:   28753592	TO_CACHE:   27231391

BTB TOTAL     ACCESS:   40971557  HIT:   40971200  MISS:        357  HIT %:    99.9991  MISS %: 0.000871336   MPKI: 0.001785
BTB BRANCH_DIRECT_JUMP	ACCESS:      52747  HIT:      52702  MISS:         45
BTB BRANCH_INDIRECT	ACCESS:          3  HIT:          2  MISS:          1
BTB BRANCH_CONDITIONAL	ACCESS:   40918107  HIT:   40918003  MISS:        104
BTB BRANCH_DIRECT_CALL	ACCESS:        341  HIT:        297  MISS:         44
BTB BRANCH_INDIRECT_CALL	ACCESS:          9  HIT:          6  MISS:          3
BTB BRANCH_RETURN	ACCESS:        350  HIT:        190  MISS:        160
BTB BRANCH_OTHER ACCESS:          0  HIT:          0  MISS:          0

L2C TOTAL     ACCESS:   37742613  HIT:   33867127  MISS:    3875486  HIT %:    89.7318  MISS %:    10.2682   MPKI: 19.3774
L2C LOAD      ACCESS:   31537358  HIT:   29913697  MISS:    1623661  HIT %:    94.8516  MISS %:    5.14837   MPKI: 8.1183
L2C DATA LOAD MPKI: 8.1125
L2C INSTRUCTION LOAD MPKI: 0.005805
L2C RFO       ACCESS:     267960  HIT:      21592  MISS:     246368  HIT %:    8.05792  MISS %:    91.9421   MPKI: 1.23184
L2C PREFETCH  ACCESS:    4809255  HIT:    2839327  MISS:    1969928  HIT %:    59.0388  MISS %:    40.9612   MPKI: 9.84964
AGUS PREFETCH L1 MISS: 0
L2C DATA PREFETCH MPKI: 9.84964
L2C INSTRUCTION PREFETCH MPKI: 0
L2C WRITEBACK ACCESS:     955085  HIT:     954365  MISS:        720  HIT %:    99.9246  MISS %:   0.075386   MPKI: 0.0036
L2C LOAD TRANSLATION ACCESS:     172955  HIT:     138146  MISS:      34809  HIT %:     79.874  MISS %:     20.126   MPKI: 0.174045
L2C PREFETCH  REQUESTED:    5036268  ISSUED:    5036268  USEFUL:    1697616  USELESS:     272737
L2C USEFUL LOAD PREFETCHES:    1697616 PREFETCH ISSUED TO LOWER LEVEL:    1995944  ACCURACY: 85.0533
L2C TIMELY PREFETCHES:    1697616 LATE PREFETCHES: 25335 DROPPED PREFETCHES: 0
L2C PREFETCHES SAME FILL-ORIGIN LEVEL: 1995263 DIFFERENT FILL-ORIGIN LEVEL: 681
L2C AVERAGE MISS LATENCY:    151.683 cycles AVERAGE LOAD MISS LATENCY:    152.916 cycles Load Miss    1623661
L2C Average MSHR Occupancy:   0.758915
L2C RQ	ACCESS:   31978273	FORWARD:          0	MERGED:          0	TO_CACHE:   31978273
L2C WQ	ACCESS:     955085	FORWARD:          0	MERGED:          0	TO_CACHE:     955085
L2C PQ	ACCESS:    5036268	FORWARD:          0	MERGED:      30801	TO_CACHE:    5005467

L2C Instructions Evicting Data 1157
L2C Translations Evicting Data 34270
L2C Data Evicting Data 3803231
L2C Instructions Evicting Instructions 0
L2C Translations Evicting Instructions 7
L2C Data Evicting Instructions 1153
L2C Instructions Evicting Translations 4
L2C Translations Evicting Translations 532
L2C Data Evicting Translations 34412
L2C Dense regions hint from L2: 0
PSCL5 TOTAL     ACCESS:     171948  HIT:     171948  MISS:          0  HIT %:        100  MISS %:          0   MPKI: 0
PSCL5 LOAD TRANSLATION ACCESS:     171948  HIT:     171948  MISS:          0  HIT %:        100  MISS %:          0   MPKI: 0
PSCL5 PREFETCH  REQUESTED:          0  ISSUED:          0  USEFUL:          0  USELESS:          0
PSCL5 USEFUL LOAD PREFETCHES:          0 PREFETCH ISSUED TO LOWER LEVEL:          0  ACCURACY: -nan
PSCL5 TIMELY PREFETCHES:          0 LATE PREFETCHES: 0 DROPPED PREFETCHES: 0
PSCL5 PREFETCHES SAME FILL-ORIGIN LEVEL: 0 DIFFERENT FILL-ORIGIN LEVEL: 0

PSCL4 TOTAL     ACCESS:     171948  HIT:     171948  MISS:          0  HIT %:        100  MISS %:          0   MPKI: 0
PSCL4 LOAD TRANSLATION ACCESS:     171948  HIT:     171948  MISS:          0  HIT %:        100  MISS %:          0   MPKI: 0
PSCL4 PREFETCH  REQUESTED:          0  ISSUED:          0  USEFUL:          0  USELESS:          0
PSCL4 USEFUL LOAD PREFETCHES:          0 PREFETCH ISSUED TO LOWER LEVEL:          0  ACCURACY: -nan
PSCL4 TIMELY PREFETCHES:          0 LATE PREFETCHES: 0 DROPPED PREFETCHES: 0
PSCL4 PREFETCHES SAME FILL-ORIGIN LEVEL: 0 DIFFERENT FILL-ORIGIN LEVEL: 0

PSCL3 TOTAL     ACCESS:     171948  HIT:     171948  MISS:          0  HIT %:        100  MISS %:          0   MPKI: 0
PSCL3 LOAD TRANSLATION ACCESS:     171948  HIT:     171948  MISS:          0  HIT %:        100  MISS %:          0   MPKI: 0
PSCL3 PREFETCH  REQUESTED:          0  ISSUED:          0  USEFUL:          0  USELESS:          0
PSCL3 USEFUL LOAD PREFETCHES:          0 PREFETCH ISSUED TO LOWER LEVEL:          0  ACCURACY: -nan
PSCL3 TIMELY PREFETCHES:          0 LATE PREFETCHES: 0 DROPPED PREFETCHES: 0
PSCL3 PREFETCHES SAME FILL-ORIGIN LEVEL: 0 DIFFERENT FILL-ORIGIN LEVEL: 0

PSCL2 TOTAL     ACCESS:     171948  HIT:     170941  MISS:       1007  HIT %:    99.4144  MISS %:   0.585642   MPKI: 0.005035
PSCL2 LOAD TRANSLATION ACCESS:     171948  HIT:     170941  MISS:       1007  HIT %:    99.4144  MISS %:   0.585642   MPKI: 0.005035
PSCL2 PREFETCH  REQUESTED:          0  ISSUED:          0  USEFUL:          0  USELESS:          0
PSCL2 USEFUL LOAD PREFETCHES:          0 PREFETCH ISSUED TO LOWER LEVEL:          0  ACCURACY: -nan
PSCL2 TIMELY PREFETCHES:          0 LATE PREFETCHES: 0 DROPPED PREFETCHES: 0
PSCL2 PREFETCHES SAME FILL-ORIGIN LEVEL: 0 DIFFERENT FILL-ORIGIN LEVEL: 0

LLC TOTAL     ACCESS:    4605512  HIT:    1380715  MISS:    3224797  HIT %:    29.9796  MISS %:    70.0204   MPKI: 16.124
LLC LOAD      ACCESS:    1598326  HIT:     412149  MISS:    1186177  HIT %:    25.7863  MISS %:    74.2137   MPKI: 5.93088
LLC RFO       ACCESS:     246368  HIT:     144028  MISS:     102340  HIT %:    58.4605  MISS %:    41.5395   MPKI: 0.5117
LLC PREFETCH  ACCESS:    1995574  HIT:     368883  MISS:    1626691  HIT %:    18.4851  MISS %:    81.5149   MPKI: 8.13345
AGUS PREFETCH L1 MISS: 0
LLC WRITEBACK ACCESS:     730435  HIT:     454410  MISS:     276025  HIT %:    62.2109  MISS %:    37.7891   MPKI: 1.38013
LLC LOAD TRANSLATION ACCESS:      34809  HIT:       1245  MISS:      33564  HIT %:    3.57666  MISS %:    96.4233   MPKI: 0.16782
LLC PREFETCH  REQUESTED:          0  ISSUED:          0  USEFUL:      90752  USELESS:     189235
LLC USEFUL LOAD PREFETCHES:      90752 PREFETCH ISSUED TO LOWER LEVEL:    1626819  ACCURACY: 5.57849
LLC TIMELY PREFETCHES:      90752 LATE PREFETCHES: 128 DROPPED PREFETCHES: 0
LLC PREFETCHES SAME FILL-ORIGIN LEVEL: 215 DIFFERENT FILL-ORIGIN LEVEL: 0
LLC AVERAGE MISS LATENCY:    128.858 cycles AVERAGE LOAD MISS LATENCY:    146.563 cycles Load Miss    1186177
LLC Average MSHR Occupancy:   0.531358
LLC RQ	ACCESS:    1879503	FORWARD:          0	MERGED:          0	TO_CACHE:    1879503
LLC WQ	ACCESS:     730435	FORWARD:          0	MERGED:          0	TO_CACHE:     730435
LLC PQ	ACCESS:    1995944	FORWARD:          0	MERGED:        159	TO_CACHE:    1995785

LLC Dense regions hint to LLC: 0

RAW hits: 129684
Loads Generated: 48021569
Loads sent to L1D: 47891885
Stores Generated: 7223604
Stores sent to L1D: 7223604
Major fault: 0 Minor fault: 29632
Allocated PAGES: 29632
CPU 0 L2C PC-based stride prefetcher final stats
================ Mockingjay (LLC) Pollution Stats ================
Total pollution count in LLC: 159267
==================================================================

DRAM Statistics
 CHANNEL 0
 RQ ROW_BUFFER_HIT:    1425383  ROW_BUFFER_MISS:    1523350
 DBUS_CONGESTED:       1070
 WQ ROW_BUFFER_HIT:     103494  ROW_BUFFER_MISS:     356141  FULL:        271

 AVG_CONGESTED_CYCLE: 3
 All warmup complete: 2
Channel 0 Bank busy for read cycles: 0
Channel 0 Bank busy for write cycles: 0
Channel 0
Rank 0
0banks busy for read cycles: 504187412
0banks busy for write cycles: 259576
1banks busy for read cycles: 165394409
1banks busy for write cycles: 42284705
2banks busy for read cycles: 27519192
2banks busy for write cycles: 8606337
3banks busy for read cycles: 9323618
3banks busy for write cycles: 2998360
4banks busy for read cycles: 10128810
4banks busy for write cycles: 1371728
5banks busy for read cycles: 1406905
5banks busy for write cycles: 761994
6banks busy for read cycles: 254071
6banks busy for write cycles: 500419
7banks busy for read cycles: 99798
7banks busy for write cycles: 411057
8banks busy for read cycles: 206532
8banks busy for write cycles: 788280

CPU 0 Branch Prediction Accuracy: 88.4599% MPKI: 24.4899 Average ROB Occupancy at Mispredict: 1.23092
Branch types
NOT_BRANCH: 157556816 78.7784%
BRANCH_DIRECT_JUMP: 52747 0.0263735%
BRANCH_INDIRECT: 3 1.5e-06%
BRANCH_CONDITIONAL: 42389662 21.1948%
BRANCH_DIRECT_CALL: 341 0.0001705%
BRANCH_INDIRECT_CALL: 9 4.5e-06%
BRANCH_RETURN: 350 0.000175%
BRANCH_OTHER: 0 0%

===================== LRU L1D STATS =====================
Total pollution count in L1D: 0
=========================================================
================ SRRIP (L2C) Pollution Stats ================
Total pollution count in L2c: 3257774
==================================================================
DRAM PAGES: 1048576
Allocated PAGES: 29632
