
*** ChampSim Multicore Out-of-Order Simulator ***

Warmup Instructions: 200000000
Simulation Instructions: 200000000
Number of CPUs: 1
LLC sets: 4096
LLC ways: 12
Off-chip DRAM Size: 4096 MB Channels: 1 Width: 64-bit Data Rate: 6400 MT/s
CPU 0 runs /home1/sweta/traces/gaptraces/cc-14.trace.gz
.gz
BTB has LRU replacement policy
ITLB has LRU replacement policy
DTLB has LRU replacement policy
STLB has LRU replacement policy
L1I has LRU replacement policy
L1D has LRU replacement policy
CPU 0 L2C IP-based stride prefetcher
Initialize SRRIP state for L2C
Initialize Mockingjay state for LLC
Heartbeat CPU 0 instructions: 10000002 cycles: 2237206 heartbeat IPC: 4.46986 cumulative IPC: 4.46986 (Simulation time: 0 hr 0 min 21 sec) 
Heartbeat CPU 0 instructions: 20000003 cycles: 4529211 heartbeat IPC: 4.36299 cumulative IPC: 4.41578 (Simulation time: 0 hr 0 min 43 sec) 
Heartbeat CPU 0 instructions: 30000001 cycles: 6843526 heartbeat IPC: 4.32093 cumulative IPC: 4.38371 (Simulation time: 0 hr 1 min 5 sec) 
Heartbeat CPU 0 instructions: 40000000 cycles: 9177042 heartbeat IPC: 4.28538 cumulative IPC: 4.3587 (Simulation time: 0 hr 1 min 27 sec) 
Heartbeat CPU 0 instructions: 50000006 cycles: 11529568 heartbeat IPC: 4.25075 cumulative IPC: 4.33668 (Simulation time: 0 hr 1 min 48 sec) 
Heartbeat CPU 0 instructions: 60000000 cycles: 13897482 heartbeat IPC: 4.22312 cumulative IPC: 4.31733 (Simulation time: 0 hr 2 min 9 sec) 
Heartbeat CPU 0 instructions: 70000000 cycles: 16275535 heartbeat IPC: 4.20512 cumulative IPC: 4.30093 (Simulation time: 0 hr 2 min 29 sec) 
Heartbeat CPU 0 instructions: 80000003 cycles: 18666699 heartbeat IPC: 4.18207 cumulative IPC: 4.28571 (Simulation time: 0 hr 2 min 50 sec) 
Heartbeat CPU 0 instructions: 90000000 cycles: 21065669 heartbeat IPC: 4.16845 cumulative IPC: 4.27235 (Simulation time: 0 hr 3 min 10 sec) 
Heartbeat CPU 0 instructions: 100000000 cycles: 23472044 heartbeat IPC: 4.15563 cumulative IPC: 4.26039 (Simulation time: 0 hr 3 min 30 sec) 
Heartbeat CPU 0 instructions: 110000000 cycles: 25891972 heartbeat IPC: 4.13235 cumulative IPC: 4.24842 (Simulation time: 0 hr 3 min 49 sec) 
Heartbeat CPU 0 instructions: 120000003 cycles: 28325964 heartbeat IPC: 4.10848 cumulative IPC: 4.2364 (Simulation time: 0 hr 4 min 8 sec) 
Heartbeat CPU 0 instructions: 130000001 cycles: 30764835 heartbeat IPC: 4.10026 cumulative IPC: 4.2256 (Simulation time: 0 hr 4 min 27 sec) 
Heartbeat CPU 0 instructions: 140000003 cycles: 33206070 heartbeat IPC: 4.09629 cumulative IPC: 4.2161 (Simulation time: 0 hr 4 min 46 sec) 
Heartbeat CPU 0 instructions: 150000001 cycles: 35665535 heartbeat IPC: 4.06592 cumulative IPC: 4.20574 (Simulation time: 0 hr 5 min 4 sec) 
Heartbeat CPU 0 instructions: 160000004 cycles: 38125905 heartbeat IPC: 4.06443 cumulative IPC: 4.19662 (Simulation time: 0 hr 5 min 22 sec) 
Heartbeat CPU 0 instructions: 170000003 cycles: 40581318 heartbeat IPC: 4.07263 cumulative IPC: 4.18912 (Simulation time: 0 hr 5 min 42 sec) 
Heartbeat CPU 0 instructions: 180000000 cycles: 43056866 heartbeat IPC: 4.03951 cumulative IPC: 4.18052 (Simulation time: 0 hr 6 min 0 sec) 
Heartbeat CPU 0 instructions: 190000004 cycles: 45536275 heartbeat IPC: 4.03322 cumulative IPC: 4.1725 (Simulation time: 0 hr 6 min 18 sec) 
Heartbeat CPU 0 instructions: 200000002 cycles: 48018382 heartbeat IPC: 4.02883 cumulative IPC: 4.16507 (Simulation time: 0 hr 6 min 37 sec) 

Warmup complete CPU 0 instructions: 200000002 cycles: 48018382 (Simulation time: 0 hr 6 min 37 sec) 

Heartbeat CPU 0 instructions: 210000000 cycles: 75252000 heartbeat IPC: 0.367193 cumulative IPC: 0.367193 (Simulation time: 0 hr 7 min 5 sec) 
Heartbeat CPU 0 instructions: 220000002 cycles: 102120570 heartbeat IPC: 0.372182 cumulative IPC: 0.369671 (Simulation time: 0 hr 7 min 35 sec) 
Heartbeat CPU 0 instructions: 230000000 cycles: 130000379 heartbeat IPC: 0.358682 cumulative IPC: 0.365934 (Simulation time: 0 hr 8 min 5 sec) 
Heartbeat CPU 0 instructions: 240000004 cycles: 156765700 heartbeat IPC: 0.373618 cumulative IPC: 0.367825 (Simulation time: 0 hr 8 min 36 sec) 
Heartbeat CPU 0 instructions: 250000002 cycles: 183441249 heartbeat IPC: 0.374875 cumulative IPC: 0.369214 (Simulation time: 0 hr 9 min 7 sec) 
Heartbeat CPU 0 instructions: 260000001 cycles: 210822007 heartbeat IPC: 0.36522 cumulative IPC: 0.368542 (Simulation time: 0 hr 9 min 38 sec) 
Heartbeat CPU 0 instructions: 270000000 cycles: 237357315 heartbeat IPC: 0.376856 cumulative IPC: 0.369707 (Simulation time: 0 hr 10 min 9 sec) 
Heartbeat CPU 0 instructions: 280000000 cycles: 264228037 heartbeat IPC: 0.372152 cumulative IPC: 0.370011 (Simulation time: 0 hr 10 min 40 sec) 
Heartbeat CPU 0 instructions: 290000003 cycles: 292085532 heartbeat IPC: 0.35897 cumulative IPC: 0.368751 (Simulation time: 0 hr 11 min 11 sec) 
Heartbeat CPU 0 instructions: 300000000 cycles: 318505715 heartbeat IPC: 0.378498 cumulative IPC: 0.369703 (Simulation time: 0 hr 11 min 42 sec) 
Heartbeat CPU 0 instructions: 310000002 cycles: 343837440 heartbeat IPC: 0.394762 cumulative IPC: 0.371849 (Simulation time: 0 hr 12 min 13 sec) 
Heartbeat CPU 0 instructions: 320000002 cycles: 370583899 heartbeat IPC: 0.373881 cumulative IPC: 0.372017 (Simulation time: 0 hr 12 min 44 sec) 
Heartbeat CPU 0 instructions: 330000005 cycles: 397504630 heartbeat IPC: 0.371461 cumulative IPC: 0.371975 (Simulation time: 0 hr 13 min 14 sec) 
Heartbeat CPU 0 instructions: 340000000 cycles: 424563646 heartbeat IPC: 0.369562 cumulative IPC: 0.371801 (Simulation time: 0 hr 13 min 43 sec) 
Heartbeat CPU 0 instructions: 350000003 cycles: 451526540 heartbeat IPC: 0.37088 cumulative IPC: 0.37174 (Simulation time: 0 hr 14 min 14 sec) 
Heartbeat CPU 0 instructions: 360000000 cycles: 478437518 heartbeat IPC: 0.371595 cumulative IPC: 0.371731 (Simulation time: 0 hr 14 min 43 sec) 
Heartbeat CPU 0 instructions: 370000000 cycles: 504596308 heartbeat IPC: 0.382281 cumulative IPC: 0.372335 (Simulation time: 0 hr 15 min 13 sec) 
Heartbeat CPU 0 instructions: 380000006 cycles: 530361560 heartbeat IPC: 0.38812 cumulative IPC: 0.373178 (Simulation time: 0 hr 15 min 42 sec) 
Heartbeat CPU 0 instructions: 390000000 cycles: 556754787 heartbeat IPC: 0.378885 cumulative IPC: 0.373474 (Simulation time: 0 hr 16 min 10 sec) 
Heartbeat CPU 0 instructions: 400000003 cycles: 582336464 heartbeat IPC: 0.390905 cumulative IPC: 0.374309 (Simulation time: 0 hr 16 min 39 sec) 
Finished CPU 0 instructions: 200000001 cycles: 534318082 cumulative IPC: 0.374309 (Simulation time: 0 hr 16 min 39 sec) 

ChampSim completed all CPUs

Region of Interest Statistics

CPU 0 cumulative IPC: 0.374309 instructions: 200000001 cycles: 534318082
ITLB TOTAL     ACCESS:   19728848  HIT:   19728848  MISS:          0  HIT %:        100  MISS %:          0   MPKI: 0
ITLB LOAD TRANSLATION ACCESS:   19728848  HIT:   19728848  MISS:          0  HIT %:        100  MISS %:          0   MPKI: 0
ITLB PREFETCH  REQUESTED:          0  ISSUED:          0  USEFUL:          0  USELESS:          0
ITLB USEFUL LOAD PREFETCHES:          0 PREFETCH ISSUED TO LOWER LEVEL:          0  ACCURACY: -nan
ITLB TIMELY PREFETCHES:          0 LATE PREFETCHES: 0 DROPPED PREFETCHES: 0
ITLB PREFETCHES SAME FILL-ORIGIN LEVEL: 0 DIFFERENT FILL-ORIGIN LEVEL: 0
ITLB AVERAGE MISS LATENCY:       -nan cycles AVERAGE LOAD MISS LATENCY:       -nan cycles Load Miss          0
ITLB Average MSHR Occupancy: 3.57465e-07
ITLB RQ	ACCESS:   21659914	FORWARD:          0	MERGED:    1931067	TO_CACHE:   19728847

DTLB TOTAL     ACCESS:   35803577  HIT:   25990493  MISS:    9813084  HIT %:    72.5919  MISS %:    27.4081   MPKI: 49.0654
DTLB LOAD TRANSLATION ACCESS:   35803577  HIT:   25990493  MISS:    9813084  HIT %:    72.5919  MISS %:    27.4081   MPKI: 49.0654
DTLB PREFETCH  REQUESTED:          0  ISSUED:          0  USEFUL:          0  USELESS:          0
DTLB USEFUL LOAD PREFETCHES:          0 PREFETCH ISSUED TO LOWER LEVEL:          0  ACCURACY: -nan
DTLB TIMELY PREFETCHES:          0 LATE PREFETCHES: 0 DROPPED PREFETCHES: 0
DTLB PREFETCHES SAME FILL-ORIGIN LEVEL: 0 DIFFERENT FILL-ORIGIN LEVEL: 0
DTLB AVERAGE MISS LATENCY:    9.71304 cycles AVERAGE LOAD MISS LATENCY:       -nan cycles Load Miss          0
DTLB Average MSHR Occupancy:   0.161372
DTLB RQ	ACCESS:   38808578	FORWARD:          0	MERGED:    2949119	TO_CACHE:   35859459

STLB TOTAL     ACCESS:    9813084  HIT:    9798323  MISS:      14761  HIT %:    99.8496  MISS %:   0.150422   MPKI: 0.073805
STLB LOAD TRANSLATION ACCESS:    9813084  HIT:    9798323  MISS:      14761  HIT %:    99.8496  MISS %:   0.150422   MPKI: 0.073805
STLB PREFETCH  REQUESTED:          0  ISSUED:          0  USEFUL:          0  USELESS:          0
STLB USEFUL LOAD PREFETCHES:          0 PREFETCH ISSUED TO LOWER LEVEL:          0  ACCURACY: -nan
STLB TIMELY PREFETCHES:          0 LATE PREFETCHES: 0 DROPPED PREFETCHES: 0
STLB PREFETCHES SAME FILL-ORIGIN LEVEL: 0 DIFFERENT FILL-ORIGIN LEVEL: 0
STLB AVERAGE MISS LATENCY:    140.694 cycles AVERAGE LOAD MISS LATENCY:       -nan cycles Load Miss          0
STLB Average MSHR Occupancy: 0.00116144
STLB RQ	ACCESS:    9813084	FORWARD:          0	MERGED:          0	TO_CACHE:    9813084

STLB Hit, L1D data hit: 0
STLB Hit, L2C data hit: 0
STLB Hit, LLC data hit: 0
STLB Hit, LLC data miss: 0
STLB STLB hints to L2: 0
L1D TOTAL     ACCESS:   38510751  HIT:   23527609  MISS:   14983142  HIT %:    61.0936  MISS %:    38.9064   MPKI: 74.9157
L1D LOAD      ACCESS:   38446010  HIT:   23462868  MISS:   14983142  HIT %:    61.0281  MISS %:    38.9719   MPKI: 74.9157
L1D RFO       ACCESS:      64741  HIT:      64741  MISS:          0  HIT %:        100  MISS %:          0   MPKI: 0
L1D PREFETCH  REQUESTED:          0  ISSUED:          0  USEFUL:          0  USELESS:          0
L1D USEFUL LOAD PREFETCHES:          0 PREFETCH ISSUED TO LOWER LEVEL:          0  ACCURACY: -nan
L1D TIMELY PREFETCHES:          0 LATE PREFETCHES: 0 DROPPED PREFETCHES: 0
L1D PREFETCHES SAME FILL-ORIGIN LEVEL: 0 DIFFERENT FILL-ORIGIN LEVEL: 0
L1D AVERAGE MISS LATENCY:    33.3384 cycles AVERAGE LOAD MISS LATENCY:    33.3384 cycles Load Miss   14983142
L1D Average MSHR Occupancy:   0.917413
L1D RQ	ACCESS:   55367508	FORWARD:          0	MERGED:   16623671	TO_CACHE:   38743837
L1D WQ	ACCESS:      64741	FORWARD:          0	MERGED:          0	TO_CACHE:      64741

L1D UNIQUE REGIONS ACCESSED: 0
L1D REGIONS CONFLICTS: 0
L1D Cross Page Prefetch Requests: 0
L1D Same Page Prefetch Requests: 0
L1D ROI Sum of L1D PQ occupancy: 0
L1D PREFETCHES PUSHED FROM L2C: 0
L1I TOTAL     ACCESS:   21659915  HIT:   21659915  MISS:          0  HIT %:        100  MISS %:          0   MPKI: 0
L1I LOAD      ACCESS:   21659915  HIT:   21659915  MISS:          0  HIT %:        100  MISS %:          0   MPKI: 0
L1I PREFETCH  REQUESTED:          0  ISSUED:          0  USEFUL:          0  USELESS:          0
L1I USEFUL LOAD PREFETCHES:          0 PREFETCH ISSUED TO LOWER LEVEL:          0  ACCURACY: -nan
L1I TIMELY PREFETCHES:          0 LATE PREFETCHES: 0 DROPPED PREFETCHES: 0
L1I PREFETCHES SAME FILL-ORIGIN LEVEL: 0 DIFFERENT FILL-ORIGIN LEVEL: 0
L1I AVERAGE MISS LATENCY:       -nan cycles AVERAGE LOAD MISS LATENCY:       -nan cycles Load Miss          0
L1I Average MSHR Occupancy: 1.31382e-06
L1I RQ	ACCESS:   53620397	FORWARD:          0	MERGED:   31960483	TO_CACHE:   21659914

BTB TOTAL     ACCESS:   40544803  HIT:   40544798  MISS:          5  HIT %:        100  MISS %: 1.2332e-05   MPKI: 2.5e-05
BTB BRANCH_DIRECT_JUMP	ACCESS:          0  HIT:          0  MISS:          0
BTB BRANCH_INDIRECT	ACCESS:          0  HIT:          0  MISS:          0
BTB BRANCH_CONDITIONAL	ACCESS:   40544803  HIT:   40544798  MISS:          5
BTB BRANCH_DIRECT_CALL	ACCESS:          0  HIT:          0  MISS:          0
BTB BRANCH_INDIRECT_CALL	ACCESS:          0  HIT:          0  MISS:          0
BTB BRANCH_RETURN	ACCESS:          0  HIT:          0  MISS:          0
BTB BRANCH_OTHER ACCESS:          0  HIT:          0  MISS:          0

L2C TOTAL     ACCESS:   17992592  HIT:   13344190  MISS:    4648402  HIT %:    74.1649  MISS %:    25.8351   MPKI: 23.242
L2C LOAD      ACCESS:   14983143  HIT:   11385433  MISS:    3597710  HIT %:    75.9883  MISS %:    24.0117   MPKI: 17.9885
L2C DATA LOAD MPKI: 17.9885
L2C INSTRUCTION LOAD MPKI: 0
L2C PREFETCH  ACCESS:    2940152  HIT:    1891361  MISS:    1048791  HIT %:    64.3287  MISS %:    35.6713   MPKI: 5.24395
AGUS PREFETCH L1 MISS: 0
L2C DATA PREFETCH MPKI: 5.24395
L2C INSTRUCTION PREFETCH MPKI: 0
L2C WRITEBACK ACCESS:      54536  HIT:      54530  MISS:          6  HIT %:     99.989  MISS %:  0.0110019   MPKI: 3e-05
L2C LOAD TRANSLATION ACCESS:      14761  HIT:      12866  MISS:       1895  HIT %:    87.1621  MISS %:    12.8379   MPKI: 0.009475
L2C PREFETCH  REQUESTED:    3009307  ISSUED:    3009307  USEFUL:     964113  USELESS:      84828
L2C USEFUL LOAD PREFETCHES:     964113 PREFETCH ISSUED TO LOWER LEVEL:    1054349  ACCURACY: 91.4415
L2C TIMELY PREFETCHES:     964113 LATE PREFETCHES: 5558 DROPPED PREFETCHES: 0
L2C PREFETCHES SAME FILL-ORIGIN LEVEL: 1054349 DIFFERENT FILL-ORIGIN LEVEL: 0
L2C AVERAGE MISS LATENCY:    97.1773 cycles AVERAGE LOAD MISS LATENCY:    75.5021 cycles Load Miss    3597710
L2C Average MSHR Occupancy:   0.839384
L2C RQ	ACCESS:   14997905	FORWARD:          0	MERGED:          0	TO_CACHE:   14997905
L2C WQ	ACCESS:      54536	FORWARD:          0	MERGED:          0	TO_CACHE:      54536
L2C PQ	ACCESS:    3009307	FORWARD:          0	MERGED:       4373	TO_CACHE:    3004934

L2C Instructions Evicting Data 0
L2C Translations Evicting Data 1895
L2C Data Evicting Data 4644607
L2C Instructions Evicting Instructions 0
L2C Translations Evicting Instructions 0
L2C Data Evicting Instructions 0
L2C Instructions Evicting Translations 0
L2C Translations Evicting Translations 0
L2C Data Evicting Translations 1894
L2C Dense regions hint from L2: 0
PSCL5 TOTAL     ACCESS:      14761  HIT:      14761  MISS:          0  HIT %:        100  MISS %:          0   MPKI: 0
PSCL5 LOAD TRANSLATION ACCESS:      14761  HIT:      14761  MISS:          0  HIT %:        100  MISS %:          0   MPKI: 0
PSCL5 PREFETCH  REQUESTED:          0  ISSUED:          0  USEFUL:          0  USELESS:          0
PSCL5 USEFUL LOAD PREFETCHES:          0 PREFETCH ISSUED TO LOWER LEVEL:          0  ACCURACY: -nan
PSCL5 TIMELY PREFETCHES:          0 LATE PREFETCHES: 0 DROPPED PREFETCHES: 0
PSCL5 PREFETCHES SAME FILL-ORIGIN LEVEL: 0 DIFFERENT FILL-ORIGIN LEVEL: 0

PSCL4 TOTAL     ACCESS:      14761  HIT:      14761  MISS:          0  HIT %:        100  MISS %:          0   MPKI: 0
PSCL4 LOAD TRANSLATION ACCESS:      14761  HIT:      14761  MISS:          0  HIT %:        100  MISS %:          0   MPKI: 0
PSCL4 PREFETCH  REQUESTED:          0  ISSUED:          0  USEFUL:          0  USELESS:          0
PSCL4 USEFUL LOAD PREFETCHES:          0 PREFETCH ISSUED TO LOWER LEVEL:          0  ACCURACY: -nan
PSCL4 TIMELY PREFETCHES:          0 LATE PREFETCHES: 0 DROPPED PREFETCHES: 0
PSCL4 PREFETCHES SAME FILL-ORIGIN LEVEL: 0 DIFFERENT FILL-ORIGIN LEVEL: 0

PSCL3 TOTAL     ACCESS:      14761  HIT:      14761  MISS:          0  HIT %:        100  MISS %:          0   MPKI: 0
PSCL3 LOAD TRANSLATION ACCESS:      14761  HIT:      14761  MISS:          0  HIT %:        100  MISS %:          0   MPKI: 0
PSCL3 PREFETCH  REQUESTED:          0  ISSUED:          0  USEFUL:          0  USELESS:          0
PSCL3 USEFUL LOAD PREFETCHES:          0 PREFETCH ISSUED TO LOWER LEVEL:          0  ACCURACY: -nan
PSCL3 TIMELY PREFETCHES:          0 LATE PREFETCHES: 0 DROPPED PREFETCHES: 0
PSCL3 PREFETCHES SAME FILL-ORIGIN LEVEL: 0 DIFFERENT FILL-ORIGIN LEVEL: 0

PSCL2 TOTAL     ACCESS:      14761  HIT:      14732  MISS:         29  HIT %:    99.8035  MISS %:   0.196464   MPKI: 0.000145
PSCL2 LOAD TRANSLATION ACCESS:      14761  HIT:      14732  MISS:         29  HIT %:    99.8035  MISS %:   0.196464   MPKI: 0.000145
PSCL2 PREFETCH  REQUESTED:          0  ISSUED:          0  USEFUL:          0  USELESS:          0
PSCL2 USEFUL LOAD PREFETCHES:          0 PREFETCH ISSUED TO LOWER LEVEL:          0  ACCURACY: -nan
PSCL2 TIMELY PREFETCHES:          0 LATE PREFETCHES: 0 DROPPED PREFETCHES: 0
PSCL2 PREFETCHES SAME FILL-ORIGIN LEVEL: 0 DIFFERENT FILL-ORIGIN LEVEL: 0

LLC TOTAL     ACCESS:    4702142  HIT:    3132964  MISS:    1569178  HIT %:    66.6284  MISS %:    33.3716   MPKI: 7.84589
LLC LOAD      ACCESS:    3592152  HIT:    2994257  MISS:     597895  HIT %:    83.3555  MISS %:    16.6445   MPKI: 2.98947
LLC PREFETCH  ACCESS:    1054349  HIT:      98214  MISS:     956135  HIT %:    9.31513  MISS %:    90.6849   MPKI: 4.78067
AGUS PREFETCH L1 MISS: 0
LLC WRITEBACK ACCESS:      53746  HIT:      40493  MISS:      13253  HIT %:    75.3414  MISS %:    24.6586   MPKI: 0.066265
LLC LOAD TRANSLATION ACCESS:       1895  HIT:          0  MISS:       1895  HIT %:          0  MISS %:        100   MPKI: 0.009475
LLC PREFETCH  REQUESTED:          0  ISSUED:          0  USEFUL:       7670  USELESS:       7293
LLC USEFUL LOAD PREFETCHES:       7670 PREFETCH ISSUED TO LOWER LEVEL:     956135  ACCURACY: 0.802188
LLC TIMELY PREFETCHES:       7670 LATE PREFETCHES: 0 DROPPED PREFETCHES: 0
LLC PREFETCHES SAME FILL-ORIGIN LEVEL: 0 DIFFERENT FILL-ORIGIN LEVEL: 0
LLC AVERAGE MISS LATENCY:    154.426 cycles AVERAGE LOAD MISS LATENCY:    182.797 cycles Load Miss     597895
LLC Average MSHR Occupancy:   0.450605
LLC RQ	ACCESS:    3594047	FORWARD:          0	MERGED:          0	TO_CACHE:    3594047
LLC WQ	ACCESS:      53746	FORWARD:          0	MERGED:          0	TO_CACHE:      53746
LLC PQ	ACCESS:    1054349	FORWARD:          0	MERGED:          0	TO_CACHE:    1054349

LLC Dense regions hint to LLC: 0

RAW hits: 13
Loads Generated: 55367521
Loads sent to L1D: 55367508
Stores Generated: 64741
Stores sent to L1D: 64741
Major fault: 0 Minor fault: 30262
Allocated PAGES: 30262
CPU 0 L2C PC-based stride prefetcher final stats
================ Mockingjay (LLC) Pollution Stats ================
Total pollution count in LLC: 78667
==================================================================

DRAM Statistics
 CHANNEL 0
 RQ ROW_BUFFER_HIT:     505525  ROW_BUFFER_MISS:    1050398
 DBUS_CONGESTED:        121
 WQ ROW_BUFFER_HIT:       9249  ROW_BUFFER_MISS:      42915  FULL:          0

 AVG_CONGESTED_CYCLE: 4
 All warmup complete: 2
Channel 0 Bank busy for read cycles: 0
Channel 0 Bank busy for write cycles: 0
Channel 0
Rank 0
0banks busy for read cycles: 373459277
0banks busy for write cycles: 50097
1banks busy for read cycles: 127262703
1banks busy for write cycles: 8224964
2banks busy for read cycles: 20940939
2banks busy for write cycles: 210790
3banks busy for read cycles: 3002790
3banks busy for write cycles: 8488
4banks busy for read cycles: 1105698
4banks busy for write cycles: 582
5banks busy for read cycles: 48884
5banks busy for write cycles: 20
6banks busy for read cycles: 2670
6banks busy for write cycles: 116
7banks busy for read cycles: 65
7banks busy for write cycles: 0
8banks busy for read cycles: 0
8banks busy for write cycles: 0

CPU 0 Branch Prediction Accuracy: 92.6844% MPKI: 14.8972 Average ROB Occupancy at Mispredict: 19.9068
Branch types
NOT_BRANCH: 159271918 79.636%
BRANCH_DIRECT_JUMP: 0 0%
BRANCH_INDIRECT: 0 0%
BRANCH_CONDITIONAL: 40727627 20.3638%
BRANCH_DIRECT_CALL: 0 0%
BRANCH_INDIRECT_CALL: 0 0%
BRANCH_RETURN: 0 0%
BRANCH_OTHER: 0 0%

===================== LRU L1D STATS =====================
Total pollution count in L1D: 0
=========================================================
================ SRRIP (L2C) Pollution Stats ================
Total pollution count in L2c: 7107313
==================================================================
DRAM PAGES: 1048576
Allocated PAGES: 30262
