
*** ChampSim Multicore Out-of-Order Simulator ***

Warmup Instructions: 200000000
Simulation Instructions: 200000000
Number of CPUs: 1
LLC sets: 4096
LLC ways: 12
Off-chip DRAM Size: 4096 MB Channels: 1 Width: 64-bit Data Rate: 6400 MT/s
CPU 0 runs /home1/sweta/traces/gaptraces/sssp-10.trace.gz
.gz
BTB has LRU replacement policy
ITLB has LRU replacement policy
DTLB has LRU replacement policy
STLB has LRU replacement policy
L1I has LRU replacement policy
L1D has LRU replacement policy
CPU 0 L2C IP-based stride prefetcher
Initialize SRRIP state for L2C
Initialize Mockingjay state for LLC
Heartbeat CPU 0 instructions: 10000007 cycles: 2488612 heartbeat IPC: 4.01831 cumulative IPC: 4.01831 (Simulation time: 0 hr 0 min 20 sec) 
Heartbeat CPU 0 instructions: 20000005 cycles: 4971813 heartbeat IPC: 4.02706 cumulative IPC: 4.02268 (Simulation time: 0 hr 0 min 38 sec) 
Heartbeat CPU 0 instructions: 30000003 cycles: 7521725 heartbeat IPC: 3.9217 cumulative IPC: 3.98845 (Simulation time: 0 hr 0 min 54 sec) 
Heartbeat CPU 0 instructions: 40000004 cycles: 10123984 heartbeat IPC: 3.84282 cumulative IPC: 3.95101 (Simulation time: 0 hr 1 min 9 sec) 
Heartbeat CPU 0 instructions: 50000002 cycles: 12760694 heartbeat IPC: 3.7926 cumulative IPC: 3.91828 (Simulation time: 0 hr 1 min 25 sec) 
Heartbeat CPU 0 instructions: 60000000 cycles: 15436781 heartbeat IPC: 3.7368 cumulative IPC: 3.88682 (Simulation time: 0 hr 1 min 40 sec) 
Heartbeat CPU 0 instructions: 70000001 cycles: 18141988 heartbeat IPC: 3.69658 cumulative IPC: 3.85845 (Simulation time: 0 hr 1 min 54 sec) 
Heartbeat CPU 0 instructions: 80000002 cycles: 20871705 heartbeat IPC: 3.66338 cumulative IPC: 3.83294 (Simulation time: 0 hr 2 min 9 sec) 
Heartbeat CPU 0 instructions: 90000000 cycles: 23585154 heartbeat IPC: 3.68535 cumulative IPC: 3.81596 (Simulation time: 0 hr 2 min 23 sec) 
Heartbeat CPU 0 instructions: 100000003 cycles: 26350697 heartbeat IPC: 3.61593 cumulative IPC: 3.79497 (Simulation time: 0 hr 2 min 37 sec) 
Heartbeat CPU 0 instructions: 110000004 cycles: 29128947 heartbeat IPC: 3.59939 cumulative IPC: 3.77631 (Simulation time: 0 hr 2 min 50 sec) 
Heartbeat CPU 0 instructions: 120000000 cycles: 31909471 heartbeat IPC: 3.59644 cumulative IPC: 3.76064 (Simulation time: 0 hr 3 min 3 sec) 
Heartbeat CPU 0 instructions: 130000003 cycles: 34712896 heartbeat IPC: 3.56707 cumulative IPC: 3.74501 (Simulation time: 0 hr 3 min 17 sec) 
Heartbeat CPU 0 instructions: 140000002 cycles: 37523462 heartbeat IPC: 3.558 cumulative IPC: 3.731 (Simulation time: 0 hr 3 min 30 sec) 
Heartbeat CPU 0 instructions: 150000001 cycles: 40330822 heartbeat IPC: 3.56207 cumulative IPC: 3.71924 (Simulation time: 0 hr 3 min 43 sec) 
Heartbeat CPU 0 instructions: 160000002 cycles: 43158662 heartbeat IPC: 3.53627 cumulative IPC: 3.70725 (Simulation time: 0 hr 3 min 57 sec) 
Heartbeat CPU 0 instructions: 170000003 cycles: 45989590 heartbeat IPC: 3.53241 cumulative IPC: 3.69649 (Simulation time: 0 hr 4 min 11 sec) 
Heartbeat CPU 0 instructions: 180000000 cycles: 48820786 heartbeat IPC: 3.53208 cumulative IPC: 3.68695 (Simulation time: 0 hr 4 min 24 sec) 
Heartbeat CPU 0 instructions: 190000002 cycles: 51660053 heartbeat IPC: 3.52204 cumulative IPC: 3.67789 (Simulation time: 0 hr 4 min 37 sec) 
Heartbeat CPU 0 instructions: 200000000 cycles: 54519860 heartbeat IPC: 3.49674 cumulative IPC: 3.66839 (Simulation time: 0 hr 4 min 50 sec) 

Warmup complete CPU 0 instructions: 200000007 cycles: 54519861 (Simulation time: 0 hr 4 min 50 sec) 

Heartbeat CPU 0 instructions: 210000006 cycles: 79928614 heartbeat IPC: 0.393565 cumulative IPC: 0.393565 (Simulation time: 0 hr 5 min 21 sec) 
Heartbeat CPU 0 instructions: 220000003 cycles: 105298406 heartbeat IPC: 0.394169 cumulative IPC: 0.393867 (Simulation time: 0 hr 5 min 53 sec) 
Heartbeat CPU 0 instructions: 230000001 cycles: 130518977 heartbeat IPC: 0.396502 cumulative IPC: 0.394741 (Simulation time: 0 hr 6 min 25 sec) 
Heartbeat CPU 0 instructions: 240000001 cycles: 155720254 heartbeat IPC: 0.396805 cumulative IPC: 0.395255 (Simulation time: 0 hr 6 min 56 sec) 
Heartbeat CPU 0 instructions: 250000001 cycles: 180919619 heartbeat IPC: 0.396835 cumulative IPC: 0.39557 (Simulation time: 0 hr 7 min 28 sec) 
Heartbeat CPU 0 instructions: 260000002 cycles: 206064318 heartbeat IPC: 0.397698 cumulative IPC: 0.395923 (Simulation time: 0 hr 8 min 0 sec) 
Heartbeat CPU 0 instructions: 270000000 cycles: 231332997 heartbeat IPC: 0.395747 cumulative IPC: 0.395898 (Simulation time: 0 hr 8 min 31 sec) 
Heartbeat CPU 0 instructions: 280000004 cycles: 256409814 heartbeat IPC: 0.398775 cumulative IPC: 0.396255 (Simulation time: 0 hr 9 min 2 sec) 
Heartbeat CPU 0 instructions: 290000004 cycles: 281540654 heartbeat IPC: 0.397917 cumulative IPC: 0.396439 (Simulation time: 0 hr 9 min 33 sec) 
Heartbeat CPU 0 instructions: 300000000 cycles: 306694248 heartbeat IPC: 0.397557 cumulative IPC: 0.396551 (Simulation time: 0 hr 10 min 4 sec) 
Heartbeat CPU 0 instructions: 310000000 cycles: 331784007 heartbeat IPC: 0.398569 cumulative IPC: 0.396734 (Simulation time: 0 hr 10 min 34 sec) 
Heartbeat CPU 0 instructions: 320000004 cycles: 356915198 heartbeat IPC: 0.397912 cumulative IPC: 0.396832 (Simulation time: 0 hr 11 min 6 sec) 
Heartbeat CPU 0 instructions: 330000003 cycles: 382059051 heartbeat IPC: 0.397711 cumulative IPC: 0.396899 (Simulation time: 0 hr 11 min 38 sec) 
Heartbeat CPU 0 instructions: 340000002 cycles: 407285946 heartbeat IPC: 0.396402 cumulative IPC: 0.396864 (Simulation time: 0 hr 12 min 9 sec) 
Heartbeat CPU 0 instructions: 350000004 cycles: 432430210 heartbeat IPC: 0.397705 cumulative IPC: 0.39692 (Simulation time: 0 hr 12 min 40 sec) 
Heartbeat CPU 0 instructions: 360000000 cycles: 457664025 heartbeat IPC: 0.396293 cumulative IPC: 0.39688 (Simulation time: 0 hr 13 min 11 sec) 
Heartbeat CPU 0 instructions: 370000004 cycles: 482929809 heartbeat IPC: 0.395792 cumulative IPC: 0.396816 (Simulation time: 0 hr 13 min 43 sec) 
Heartbeat CPU 0 instructions: 380000005 cycles: 508194959 heartbeat IPC: 0.395802 cumulative IPC: 0.39676 (Simulation time: 0 hr 14 min 14 sec) 
Heartbeat CPU 0 instructions: 390000005 cycles: 533480765 heartbeat IPC: 0.395479 cumulative IPC: 0.396692 (Simulation time: 0 hr 14 min 45 sec) 
Heartbeat CPU 0 instructions: 400000000 cycles: 558804310 heartbeat IPC: 0.394889 cumulative IPC: 0.396602 (Simulation time: 0 hr 15 min 15 sec) 
Finished CPU 0 instructions: 200000001 cycles: 504284450 cumulative IPC: 0.396602 (Simulation time: 0 hr 15 min 15 sec) 

ChampSim completed all CPUs

Region of Interest Statistics

CPU 0 cumulative IPC: 0.396602 instructions: 200000001 cycles: 504284450
ITLB TOTAL     ACCESS:   23136259  HIT:   23136259  MISS:          0  HIT %:        100  MISS %:          0   MPKI: 0
ITLB LOAD TRANSLATION ACCESS:   23136259  HIT:   23136259  MISS:          0  HIT %:        100  MISS %:          0   MPKI: 0
ITLB PREFETCH  REQUESTED:          0  ISSUED:          0  USEFUL:          0  USELESS:          0
ITLB USEFUL LOAD PREFETCHES:          0 PREFETCH ISSUED TO LOWER LEVEL:          0  ACCURACY: -nan
ITLB TIMELY PREFETCHES:          0 LATE PREFETCHES: 0 DROPPED PREFETCHES: 0
ITLB PREFETCHES SAME FILL-ORIGIN LEVEL: 0 DIFFERENT FILL-ORIGIN LEVEL: 0
ITLB AVERAGE MISS LATENCY:       -nan cycles AVERAGE LOAD MISS LATENCY:       -nan cycles Load Miss          0
ITLB Average MSHR Occupancy: 4.02551e-07
ITLB RQ	ACCESS:   23138315	FORWARD:          0	MERGED:       2056	TO_CACHE:   23136259

DTLB TOTAL     ACCESS:   53540095  HIT:   47042381  MISS:    6497714  HIT %:    87.8638  MISS %:    12.1362   MPKI: 32.4886
DTLB LOAD TRANSLATION ACCESS:   53540095  HIT:   47042381  MISS:    6497714  HIT %:    87.8638  MISS %:    12.1362   MPKI: 32.4886
DTLB PREFETCH  REQUESTED:          0  ISSUED:          0  USEFUL:          0  USELESS:          0
DTLB USEFUL LOAD PREFETCHES:          0 PREFETCH ISSUED TO LOWER LEVEL:          0  ACCURACY: -nan
DTLB TIMELY PREFETCHES:          0 LATE PREFETCHES: 0 DROPPED PREFETCHES: 0
DTLB PREFETCHES SAME FILL-ORIGIN LEVEL: 0 DIFFERENT FILL-ORIGIN LEVEL: 0
DTLB AVERAGE MISS LATENCY:    11.8271 cycles AVERAGE LOAD MISS LATENCY:       -nan cycles Load Miss          0
DTLB Average MSHR Occupancy:    0.13429
DTLB RQ	ACCESS:   58237417	FORWARD:          0	MERGED:    4651759	TO_CACHE:   53585658

STLB TOTAL     ACCESS:    6497714  HIT:    6403923  MISS:      93791  HIT %:    98.5566  MISS %:    1.44345   MPKI: 0.468955
STLB LOAD TRANSLATION ACCESS:    6497714  HIT:    6403923  MISS:      93791  HIT %:    98.5566  MISS %:    1.44345   MPKI: 0.468955
STLB PREFETCH  REQUESTED:          0  ISSUED:          0  USEFUL:          0  USELESS:          0
STLB USEFUL LOAD PREFETCHES:          0 PREFETCH ISSUED TO LOWER LEVEL:          0  ACCURACY: -nan
STLB TIMELY PREFETCHES:          0 LATE PREFETCHES: 0 DROPPED PREFETCHES: 0
STLB PREFETCHES SAME FILL-ORIGIN LEVEL: 0 DIFFERENT FILL-ORIGIN LEVEL: 0
STLB AVERAGE MISS LATENCY:     185.82 cycles AVERAGE LOAD MISS LATENCY:       -nan cycles Load Miss          0
STLB Average MSHR Occupancy:  0.0289819
STLB RQ	ACCESS:    6497714	FORWARD:          0	MERGED:          0	TO_CACHE:    6497714

STLB Hit, L1D data hit: 0
STLB Hit, L2C data hit: 0
STLB Hit, LLC data hit: 0
STLB Hit, LLC data miss: 0
STLB STLB hints to L2: 0
L1D TOTAL     ACCESS:   57702674  HIT:   46673436  MISS:   11029238  HIT %:    80.8861  MISS %:    19.1139   MPKI: 55.1462
L1D LOAD      ACCESS:   56646335  HIT:   45889142  MISS:   10757193  HIT %:    81.0099  MISS %:    18.9901   MPKI: 53.786
L1D RFO       ACCESS:    1056339  HIT:     784294  MISS:     272045  HIT %:    74.2464  MISS %:    25.7536   MPKI: 1.36022
L1D PREFETCH  REQUESTED:          0  ISSUED:          0  USEFUL:          0  USELESS:          0
L1D USEFUL LOAD PREFETCHES:          0 PREFETCH ISSUED TO LOWER LEVEL:          0  ACCURACY: -nan
L1D TIMELY PREFETCHES:          0 LATE PREFETCHES: 0 DROPPED PREFETCHES: 0
L1D PREFETCHES SAME FILL-ORIGIN LEVEL: 0 DIFFERENT FILL-ORIGIN LEVEL: 0
L1D AVERAGE MISS LATENCY:    40.2606 cycles AVERAGE LOAD MISS LATENCY:    39.7141 cycles Load Miss   10757193
L1D Average MSHR Occupancy:   0.879237
L1D RQ	ACCESS:   78226149	FORWARD:          0	MERGED:   21106412	TO_CACHE:   57087782
L1D WQ	ACCESS:    1149866	FORWARD:      31955	MERGED:        231	TO_CACHE:    1149635

L1D UNIQUE REGIONS ACCESSED: 0
L1D REGIONS CONFLICTS: 0
L1D Cross Page Prefetch Requests: 0
L1D Same Page Prefetch Requests: 0
L1D ROI Sum of L1D PQ occupancy: 0
L1D PREFETCHES PUSHED FROM L2C: 0
L1I TOTAL     ACCESS:   22829222  HIT:      56347  MISS:   22772875  HIT %:    0.24682  MISS %:    99.7532   MPKI: 113.864
L1I LOAD      ACCESS:   22829222  HIT:      56347  MISS:   22772875  HIT %:    0.24682  MISS %:    99.7532   MPKI: 113.864
L1I PREFETCH  REQUESTED:          0  ISSUED:          0  USEFUL:          0  USELESS:          0
L1I USEFUL LOAD PREFETCHES:          0 PREFETCH ISSUED TO LOWER LEVEL:          0  ACCURACY: -nan
L1I TIMELY PREFETCHES:          0 LATE PREFETCHES: 0 DROPPED PREFETCHES: 0
L1I PREFETCHES SAME FILL-ORIGIN LEVEL: 0 DIFFERENT FILL-ORIGIN LEVEL: 0
L1I AVERAGE MISS LATENCY:    14.0744 cycles AVERAGE LOAD MISS LATENCY:    14.0744 cycles Load Miss   22772875
L1I Average MSHR Occupancy:   0.596174
L1I RQ	ACCESS:   30607134	FORWARD:          0	MERGED:    7468819	TO_CACHE:   23138315

BTB TOTAL     ACCESS:   29465130  HIT:   29465006  MISS:        124  HIT %:    99.9996  MISS %: 0.000420836   MPKI: 0.00062
BTB BRANCH_DIRECT_JUMP	ACCESS:    9569630  HIT:    9569595  MISS:         35
BTB BRANCH_INDIRECT	ACCESS:          0  HIT:          0  MISS:          0
BTB BRANCH_CONDITIONAL	ACCESS:   19894664  HIT:   19894590  MISS:         74
BTB BRANCH_DIRECT_CALL	ACCESS:        418  HIT:        412  MISS:          6
BTB BRANCH_INDIRECT_CALL	ACCESS:          0  HIT:          0  MISS:          0
BTB BRANCH_RETURN	ACCESS:        418  HIT:        409  MISS:          9
BTB BRANCH_OTHER ACCESS:          0  HIT:          0  MISS:          0

L2C TOTAL     ACCESS:   38195729  HIT:   33654175  MISS:    4541554  HIT %:    88.1098  MISS %:    11.8902   MPKI: 22.7078
L2C LOAD      ACCESS:   33530067  HIT:   30397979  MISS:    3132088  HIT %:    90.6589  MISS %:    9.34113   MPKI: 15.6604
L2C DATA LOAD MPKI: 15.6459
L2C INSTRUCTION LOAD MPKI: 0.01451
L2C RFO       ACCESS:     272045  HIT:     217195  MISS:      54850  HIT %:    79.8379  MISS %:    20.1621   MPKI: 0.27425
L2C PREFETCH  ACCESS:    3516119  HIT:    2217117  MISS:    1299002  HIT %:    63.0558  MISS %:    36.9442   MPKI: 6.49501
AGUS PREFETCH L1 MISS: 0
L2C DATA PREFETCH MPKI: 6.49501
L2C INSTRUCTION PREFETCH MPKI: 0
L2C WRITEBACK ACCESS:     756196  HIT:     756105  MISS:         91  HIT %:     99.988  MISS %:  0.0120339   MPKI: 0.000455
L2C LOAD TRANSLATION ACCESS:     121302  HIT:      65779  MISS:      55523  HIT %:    54.2275  MISS %:    45.7725   MPKI: 0.277615
L2C PREFETCH  REQUESTED:    3627121  ISSUED:    3627121  USEFUL:    1131782  USELESS:     167511
L2C USEFUL LOAD PREFETCHES:    1131782 PREFETCH ISSUED TO LOWER LEVEL:    1331338  ACCURACY: 85.0109
L2C TIMELY PREFETCHES:    1131782 LATE PREFETCHES: 20212 DROPPED PREFETCHES: 0
L2C PREFETCHES SAME FILL-ORIGIN LEVEL: 1319215 DIFFERENT FILL-ORIGIN LEVEL: 12123
L2C AVERAGE MISS LATENCY:    112.597 cycles AVERAGE LOAD MISS LATENCY:    84.5147 cycles Load Miss    3132088
L2C Average MSHR Occupancy:    1.01041
L2C RQ	ACCESS:   33923419	FORWARD:          0	MERGED:          0	TO_CACHE:   33923417
L2C WQ	ACCESS:     756196	FORWARD:          2	MERGED:          0	TO_CACHE:     756196
L2C PQ	ACCESS:    3627121	FORWARD:          0	MERGED:      31166	TO_CACHE:    3595955

L2C Instructions Evicting Data 2868
L2C Translations Evicting Data 54916
L2C Data Evicting Data 4425486
L2C Instructions Evicting Instructions 0
L2C Translations Evicting Instructions 30
L2C Data Evicting Instructions 2865
L2C Instructions Evicting Translations 34
L2C Translations Evicting Translations 577
L2C Data Evicting Translations 54687
L2C Dense regions hint from L2: 0
PSCL5 TOTAL     ACCESS:      93791  HIT:      93791  MISS:          0  HIT %:        100  MISS %:          0   MPKI: 0
PSCL5 LOAD TRANSLATION ACCESS:      93791  HIT:      93791  MISS:          0  HIT %:        100  MISS %:          0   MPKI: 0
PSCL5 PREFETCH  REQUESTED:          0  ISSUED:          0  USEFUL:          0  USELESS:          0
PSCL5 USEFUL LOAD PREFETCHES:          0 PREFETCH ISSUED TO LOWER LEVEL:          0  ACCURACY: -nan
PSCL5 TIMELY PREFETCHES:          0 LATE PREFETCHES: 0 DROPPED PREFETCHES: 0
PSCL5 PREFETCHES SAME FILL-ORIGIN LEVEL: 0 DIFFERENT FILL-ORIGIN LEVEL: 0

PSCL4 TOTAL     ACCESS:      93791  HIT:      93791  MISS:          0  HIT %:        100  MISS %:          0   MPKI: 0
PSCL4 LOAD TRANSLATION ACCESS:      93791  HIT:      93791  MISS:          0  HIT %:        100  MISS %:          0   MPKI: 0
PSCL4 PREFETCH  REQUESTED:          0  ISSUED:          0  USEFUL:          0  USELESS:          0
PSCL4 USEFUL LOAD PREFETCHES:          0 PREFETCH ISSUED TO LOWER LEVEL:          0  ACCURACY: -nan
PSCL4 TIMELY PREFETCHES:          0 LATE PREFETCHES: 0 DROPPED PREFETCHES: 0
PSCL4 PREFETCHES SAME FILL-ORIGIN LEVEL: 0 DIFFERENT FILL-ORIGIN LEVEL: 0

PSCL3 TOTAL     ACCESS:      93791  HIT:      93791  MISS:          0  HIT %:        100  MISS %:          0   MPKI: 0
PSCL3 LOAD TRANSLATION ACCESS:      93791  HIT:      93791  MISS:          0  HIT %:        100  MISS %:          0   MPKI: 0
PSCL3 PREFETCH  REQUESTED:          0  ISSUED:          0  USEFUL:          0  USELESS:          0
PSCL3 USEFUL LOAD PREFETCHES:          0 PREFETCH ISSUED TO LOWER LEVEL:          0  ACCURACY: -nan
PSCL3 TIMELY PREFETCHES:          0 LATE PREFETCHES: 0 DROPPED PREFETCHES: 0
PSCL3 PREFETCHES SAME FILL-ORIGIN LEVEL: 0 DIFFERENT FILL-ORIGIN LEVEL: 0

PSCL2 TOTAL     ACCESS:      93791  HIT:      66279  MISS:      27512  HIT %:    70.6667  MISS %:    29.3333   MPKI: 0.13756
PSCL2 LOAD TRANSLATION ACCESS:      93791  HIT:      66279  MISS:      27512  HIT %:    70.6667  MISS %:    29.3333   MPKI: 0.13756
PSCL2 PREFETCH  REQUESTED:          0  ISSUED:          0  USEFUL:          0  USELESS:          0
PSCL2 USEFUL LOAD PREFETCHES:          0 PREFETCH ISSUED TO LOWER LEVEL:          0  ACCURACY: -nan
PSCL2 TIMELY PREFETCHES:          0 LATE PREFETCHES: 0 DROPPED PREFETCHES: 0
PSCL2 PREFETCHES SAME FILL-ORIGIN LEVEL: 0 DIFFERENT FILL-ORIGIN LEVEL: 0

LLC TOTAL     ACCESS:    4897338  HIT:    2787279  MISS:    2110059  HIT %:    56.9142  MISS %:    43.0858   MPKI: 10.5503
LLC LOAD      ACCESS:    3111877  HIT:    2448771  MISS:     663106  HIT %:    78.6911  MISS %:    21.3089   MPKI: 3.31553
LLC RFO       ACCESS:      54850  HIT:       3108  MISS:      51742  HIT %:    5.66636  MISS %:    94.3336   MPKI: 0.25871
LLC PREFETCH  ACCESS:    1320324  HIT:      87095  MISS:    1233229  HIT %:    6.59649  MISS %:    93.4035   MPKI: 6.16614
AGUS PREFETCH L1 MISS: 0
LLC WRITEBACK ACCESS:     354764  HIT:     247266  MISS:     107498  HIT %:    69.6987  MISS %:    30.3013   MPKI: 0.53749
LLC LOAD TRANSLATION ACCESS:      55523  HIT:       1039  MISS:      54484  HIT %:     1.8713  MISS %:    98.1287   MPKI: 0.27242
LLC PREFETCH  REQUESTED:          0  ISSUED:          0  USEFUL:       6886  USELESS:       9426
LLC USEFUL LOAD PREFETCHES:       6886 PREFETCH ISSUED TO LOWER LEVEL:    1237233  ACCURACY: 0.556565
LLC TIMELY PREFETCHES:       6886 LATE PREFETCHES: 4003 DROPPED PREFETCHES: 0
LLC PREFETCHES SAME FILL-ORIGIN LEVEL: 7440 DIFFERENT FILL-ORIGIN LEVEL: 0
LLC AVERAGE MISS LATENCY:    146.156 cycles AVERAGE LOAD MISS LATENCY:    182.413 cycles Load Miss     663106
LLC Average MSHR Occupancy:   0.607947
LLC RQ	ACCESS:    3222251	FORWARD:          0	MERGED:          0	TO_CACHE:    3222251
LLC WQ	ACCESS:     354764	FORWARD:          0	MERGED:          0	TO_CACHE:     354764
LLC PQ	ACCESS:    1331338	FORWARD:          0	MERGED:       2763	TO_CACHE:    1328575

LLC Dense regions hint to LLC: 0

RAW hits: 159099
Loads Generated: 78385249
Loads sent to L1D: 78226149
Stores Generated: 1149866
Stores sent to L1D: 1149866
Major fault: 0 Minor fault: 58221
Allocated PAGES: 58221
CPU 0 L2C PC-based stride prefetcher final stats
================ Mockingjay (LLC) Pollution Stats ================
Total pollution count in LLC: 91257
==================================================================

DRAM Statistics
 CHANNEL 0
 RQ ROW_BUFFER_HIT:     701959  ROW_BUFFER_MISS:    1300602
 DBUS_CONGESTED:        482
 WQ ROW_BUFFER_HIT:      53907  ROW_BUFFER_MISS:     187864  FULL:          0

 AVG_CONGESTED_CYCLE: 4
 All warmup complete: 2
Channel 0 Bank busy for read cycles: 0
Channel 0 Bank busy for write cycles: 0
Channel 0
Rank 0
0banks busy for read cycles: 281704711
0banks busy for write cycles: 199226
1banks busy for read cycles: 154747504
1banks busy for write cycles: 33409141
2banks busy for read cycles: 22320439
2banks busy for write cycles: 3856532
3banks busy for read cycles: 2264416
3banks busy for write cycles: 475533
4banks busy for read cycles: 3968664
4banks busy for write cycles: 65549
5banks busy for read cycles: 361732
5banks busy for write cycles: 17300
6banks busy for read cycles: 115477
6banks busy for write cycles: 8974
7banks busy for read cycles: 183624
7banks busy for write cycles: 12688
8banks busy for read cycles: 545484
8banks busy for write cycles: 27457

CPU 0 Branch Prediction Accuracy: 98.8277% MPKI: 1.7496 Average ROB Occupancy at Mispredict: 46.4226
Branch types
NOT_BRANCH: 170149952 85.075%
BRANCH_DIRECT_JUMP: 9569630 4.78481%
BRANCH_INDIRECT: 0 0%
BRANCH_CONDITIONAL: 20279674 10.1398%
BRANCH_DIRECT_CALL: 418 0.000209%
BRANCH_INDIRECT_CALL: 0 0%
BRANCH_RETURN: 418 0.000209%
BRANCH_OTHER: 0 0%

===================== LRU L1D STATS =====================
Total pollution count in L1D: 0
=========================================================
================ SRRIP (L2C) Pollution Stats ================
Total pollution count in L2c: 6114969
==================================================================
DRAM PAGES: 1048576
Allocated PAGES: 58221
