
*** ChampSim Multicore Out-of-Order Simulator ***

Warmup Instructions: 200000000
Simulation Instructions: 200000000
Number of CPUs: 1
LLC sets: 4096
LLC ways: 12
Off-chip DRAM Size: 4096 MB Channels: 1 Width: 64-bit Data Rate: 6400 MT/s
CPU 0 runs /home1/sweta/traces/qualcomm_traces/server_036.champsimtrace.xz
.xz
BTB has LRU replacement policy
ITLB has LRU replacement policy
DTLB has LRU replacement policy
STLB has LRU replacement policy
L1I has LRU replacement policy
L1D has LRU replacement policy
CPU 0 L2C IP-based stride prefetcher
Initialize SRRIP state for L2C
Initialize Mockingjay state for LLC
Heartbeat CPU 0 instructions: 10000007 cycles: 1951173 heartbeat IPC: 5.12513 cumulative IPC: 5.12513 (Simulation time: 0 hr 0 min 19 sec) 
Heartbeat CPU 0 instructions: 20000002 cycles: 3900747 heartbeat IPC: 5.12932 cumulative IPC: 5.12722 (Simulation time: 0 hr 0 min 39 sec) 
Heartbeat CPU 0 instructions: 30000002 cycles: 5857958 heartbeat IPC: 5.10931 cumulative IPC: 5.12124 (Simulation time: 0 hr 0 min 58 sec) 
Heartbeat CPU 0 instructions: 40000003 cycles: 7845099 heartbeat IPC: 5.03236 cumulative IPC: 5.09872 (Simulation time: 0 hr 1 min 16 sec) 
Heartbeat CPU 0 instructions: 50000004 cycles: 9794602 heartbeat IPC: 5.12951 cumulative IPC: 5.10485 (Simulation time: 0 hr 1 min 34 sec) 
Heartbeat CPU 0 instructions: 60000002 cycles: 11744012 heartbeat IPC: 5.12976 cumulative IPC: 5.10899 (Simulation time: 0 hr 1 min 53 sec) 
Heartbeat CPU 0 instructions: 70000002 cycles: 13693444 heartbeat IPC: 5.1297 cumulative IPC: 5.11194 (Simulation time: 0 hr 2 min 12 sec) 
Heartbeat CPU 0 instructions: 80000000 cycles: 15642894 heartbeat IPC: 5.12965 cumulative IPC: 5.11414 (Simulation time: 0 hr 2 min 30 sec) 
Heartbeat CPU 0 instructions: 90000000 cycles: 17593122 heartbeat IPC: 5.12761 cumulative IPC: 5.11564 (Simulation time: 0 hr 2 min 49 sec) 
Heartbeat CPU 0 instructions: 100000003 cycles: 19542555 heartbeat IPC: 5.1297 cumulative IPC: 5.11704 (Simulation time: 0 hr 3 min 8 sec) 
Heartbeat CPU 0 instructions: 110000004 cycles: 21491997 heartbeat IPC: 5.12967 cumulative IPC: 5.11818 (Simulation time: 0 hr 3 min 27 sec) 
Heartbeat CPU 0 instructions: 120000000 cycles: 23441494 heartbeat IPC: 5.12953 cumulative IPC: 5.11913 (Simulation time: 0 hr 3 min 47 sec) 
*** Reached end of trace for Core: 0 Repeating trace: /home1/sweta/traces/qualcomm_traces/server_036.champsimtrace.xz
Heartbeat CPU 0 instructions: 130000007 cycles: 25392778 heartbeat IPC: 5.12483 cumulative IPC: 5.11957 (Simulation time: 0 hr 4 min 5 sec) 
Heartbeat CPU 0 instructions: 140000002 cycles: 27342338 heartbeat IPC: 5.12936 cumulative IPC: 5.12026 (Simulation time: 0 hr 4 min 23 sec) 
Heartbeat CPU 0 instructions: 150000004 cycles: 29291923 heartbeat IPC: 5.1293 cumulative IPC: 5.12087 (Simulation time: 0 hr 4 min 41 sec) 
Heartbeat CPU 0 instructions: 160000005 cycles: 31287625 heartbeat IPC: 5.01077 cumulative IPC: 5.11384 (Simulation time: 0 hr 4 min 59 sec) 
Heartbeat CPU 0 instructions: 170000002 cycles: 33237118 heartbeat IPC: 5.12954 cumulative IPC: 5.11476 (Simulation time: 0 hr 5 min 17 sec) 
Heartbeat CPU 0 instructions: 180000000 cycles: 35186531 heartbeat IPC: 5.12975 cumulative IPC: 5.11559 (Simulation time: 0 hr 5 min 35 sec) 
Heartbeat CPU 0 instructions: 190000001 cycles: 37135975 heartbeat IPC: 5.12967 cumulative IPC: 5.11633 (Simulation time: 0 hr 5 min 53 sec) 
Heartbeat CPU 0 instructions: 200000001 cycles: 39085408 heartbeat IPC: 5.1297 cumulative IPC: 5.117 (Simulation time: 0 hr 6 min 11 sec) 

Warmup complete CPU 0 instructions: 200000001 cycles: 39085408 (Simulation time: 0 hr 6 min 11 sec) 

Heartbeat CPU 0 instructions: 210000001 cycles: 49738732 heartbeat IPC: 0.938674 cumulative IPC: 0.938674 (Simulation time: 0 hr 6 min 37 sec) 
Heartbeat CPU 0 instructions: 220000002 cycles: 60304547 heartbeat IPC: 0.946449 cumulative IPC: 0.942545 (Simulation time: 0 hr 7 min 3 sec) 
Heartbeat CPU 0 instructions: 230000001 cycles: 70864948 heartbeat IPC: 0.946934 cumulative IPC: 0.944004 (Simulation time: 0 hr 7 min 29 sec) 
Heartbeat CPU 0 instructions: 240000006 cycles: 81444163 heartbeat IPC: 0.94525 cumulative IPC: 0.944315 (Simulation time: 0 hr 7 min 54 sec) 
*** Reached end of trace for Core: 0 Repeating trace: /home1/sweta/traces/qualcomm_traces/server_036.champsimtrace.xz
Heartbeat CPU 0 instructions: 250000001 cycles: 92209956 heartbeat IPC: 0.928867 cumulative IPC: 0.941184 (Simulation time: 0 hr 8 min 20 sec) 
Heartbeat CPU 0 instructions: 260000002 cycles: 102749247 heartbeat IPC: 0.948831 cumulative IPC: 0.94245 (Simulation time: 0 hr 8 min 46 sec) 
Heartbeat CPU 0 instructions: 270000000 cycles: 113285903 heartbeat IPC: 0.949068 cumulative IPC: 0.94339 (Simulation time: 0 hr 9 min 12 sec) 
Heartbeat CPU 0 instructions: 280000000 cycles: 125001370 heartbeat IPC: 0.853572 cumulative IPC: 0.931142 (Simulation time: 0 hr 9 min 39 sec) 
Heartbeat CPU 0 instructions: 290000001 cycles: 135570193 heartbeat IPC: 0.946179 cumulative IPC: 0.93279 (Simulation time: 0 hr 10 min 4 sec) 
Heartbeat CPU 0 instructions: 300000005 cycles: 146137564 heartbeat IPC: 0.94631 cumulative IPC: 0.934124 (Simulation time: 0 hr 10 min 30 sec) 
Heartbeat CPU 0 instructions: 310000000 cycles: 156757496 heartbeat IPC: 0.941625 cumulative IPC: 0.934801 (Simulation time: 0 hr 10 min 56 sec) 
Heartbeat CPU 0 instructions: 320000005 cycles: 167315879 heartbeat IPC: 0.947115 cumulative IPC: 0.935815 (Simulation time: 0 hr 11 min 22 sec) 
Heartbeat CPU 0 instructions: 330000000 cycles: 177904111 heartbeat IPC: 0.944444 cumulative IPC: 0.936473 (Simulation time: 0 hr 11 min 48 sec) 
Heartbeat CPU 0 instructions: 340000003 cycles: 188465741 heartbeat IPC: 0.946824 cumulative IPC: 0.937205 (Simulation time: 0 hr 12 min 14 sec) 
Heartbeat CPU 0 instructions: 350000006 cycles: 199027002 heartbeat IPC: 0.946857 cumulative IPC: 0.937842 (Simulation time: 0 hr 12 min 40 sec) 
Heartbeat CPU 0 instructions: 360000000 cycles: 209604470 heartbeat IPC: 0.945405 cumulative IPC: 0.938312 (Simulation time: 0 hr 13 min 6 sec) 
*** Reached end of trace for Core: 0 Repeating trace: /home1/sweta/traces/qualcomm_traces/server_036.champsimtrace.xz
Heartbeat CPU 0 instructions: 370000005 cycles: 220362476 heartbeat IPC: 0.929541 cumulative IPC: 0.937791 (Simulation time: 0 hr 13 min 32 sec) 
Heartbeat CPU 0 instructions: 380000001 cycles: 230903504 heartbeat IPC: 0.948674 cumulative IPC: 0.938389 (Simulation time: 0 hr 13 min 59 sec) 
Heartbeat CPU 0 instructions: 390000000 cycles: 241440221 heartbeat IPC: 0.949062 cumulative IPC: 0.938945 (Simulation time: 0 hr 14 min 26 sec) 
Heartbeat CPU 0 instructions: 400000000 cycles: 253063284 heartbeat IPC: 0.860358 cumulative IPC: 0.934676 (Simulation time: 0 hr 14 min 54 sec) 
Finished CPU 0 instructions: 200000003 cycles: 213977877 cumulative IPC: 0.934676 (Simulation time: 0 hr 14 min 54 sec) 

ChampSim completed all CPUs

Region of Interest Statistics

CPU 0 cumulative IPC: 0.934676 instructions: 200000003 cycles: 213977877
ITLB TOTAL     ACCESS:   22586721  HIT:   20753661  MISS:    1833060  HIT %:    91.8843  MISS %:    8.11565   MPKI: 9.1653
ITLB LOAD TRANSLATION ACCESS:   22586721  HIT:   20753661  MISS:    1833060  HIT %:    91.8843  MISS %:    8.11565   MPKI: 9.1653
ITLB PREFETCH  REQUESTED:          0  ISSUED:          0  USEFUL:          0  USELESS:          0
ITLB USEFUL LOAD PREFETCHES:          0 PREFETCH ISSUED TO LOWER LEVEL:          0  ACCURACY: -nan
ITLB TIMELY PREFETCHES:          0 LATE PREFETCHES: 0 DROPPED PREFETCHES: 0
ITLB PREFETCHES SAME FILL-ORIGIN LEVEL: 0 DIFFERENT FILL-ORIGIN LEVEL: 0
ITLB AVERAGE MISS LATENCY:    9.02541 cycles AVERAGE LOAD MISS LATENCY:       -nan cycles Load Miss          0
ITLB Average MSHR Occupancy:   0.068865
ITLB RQ	ACCESS:   27131884	FORWARD:          0	MERGED:    2800441	TO_CACHE:   24331443

DTLB TOTAL     ACCESS:   30368343  HIT:   29462760  MISS:     905583  HIT %:     97.018  MISS %:      2.982   MPKI: 4.52791
DTLB LOAD TRANSLATION ACCESS:   30368343  HIT:   29462760  MISS:     905583  HIT %:     97.018  MISS %:      2.982   MPKI: 4.52791
DTLB PREFETCH  REQUESTED:          0  ISSUED:          0  USEFUL:          0  USELESS:          0
DTLB USEFUL LOAD PREFETCHES:          0 PREFETCH ISSUED TO LOWER LEVEL:          0  ACCURACY: -nan
DTLB TIMELY PREFETCHES:          0 LATE PREFETCHES: 0 DROPPED PREFETCHES: 0
DTLB PREFETCHES SAME FILL-ORIGIN LEVEL: 0 DIFFERENT FILL-ORIGIN LEVEL: 0
DTLB AVERAGE MISS LATENCY:    9.16151 cycles AVERAGE LOAD MISS LATENCY:       -nan cycles Load Miss          0
DTLB Average MSHR Occupancy:  0.0349586
DTLB RQ	ACCESS:   52049441	FORWARD:          0	MERGED:   21507575	TO_CACHE:   30541866

STLB TOTAL     ACCESS:    2738643  HIT:    2736110  MISS:       2533  HIT %:    99.9075  MISS %:  0.0924911   MPKI: 0.012665
STLB LOAD TRANSLATION ACCESS:    2738643  HIT:    2736110  MISS:       2533  HIT %:    99.9075  MISS %:  0.0924911   MPKI: 0.012665
STLB PREFETCH  REQUESTED:          0  ISSUED:          0  USEFUL:          0  USELESS:          0
STLB USEFUL LOAD PREFETCHES:          0 PREFETCH ISSUED TO LOWER LEVEL:          0  ACCURACY: -nan
STLB TIMELY PREFETCHES:          0 LATE PREFETCHES: 0 DROPPED PREFETCHES: 0
STLB PREFETCHES SAME FILL-ORIGIN LEVEL: 0 DIFFERENT FILL-ORIGIN LEVEL: 0
STLB AVERAGE MISS LATENCY:    59.9653 cycles AVERAGE LOAD MISS LATENCY:       -nan cycles Load Miss          0
STLB Average MSHR Occupancy: 0.000747358
STLB RQ	ACCESS:    2738643	FORWARD:          0	MERGED:          0	TO_CACHE:    2738643

STLB Hit, L1D data hit: 0
STLB Hit, L2C data hit: 0
STLB Hit, LLC data hit: 0
STLB Hit, LLC data miss: 0
STLB STLB hints to L2: 0
L1D TOTAL     ACCESS:   51944540  HIT:   51818612  MISS:     125928  HIT %:    99.7576  MISS %:   0.242428   MPKI: 0.62964
L1D LOAD      ACCESS:   23962975  HIT:   23908904  MISS:      54071  HIT %:    99.7744  MISS %:   0.225644   MPKI: 0.270355
L1D RFO       ACCESS:   27981565  HIT:   27909708  MISS:      71857  HIT %:    99.7432  MISS %:   0.256801   MPKI: 0.359285
L1D PREFETCH  REQUESTED:          0  ISSUED:          0  USEFUL:          0  USELESS:          0
L1D USEFUL LOAD PREFETCHES:          0 PREFETCH ISSUED TO LOWER LEVEL:          0  ACCURACY: -nan
L1D TIMELY PREFETCHES:          0 LATE PREFETCHES: 0 DROPPED PREFETCHES: 0
L1D PREFETCHES SAME FILL-ORIGIN LEVEL: 0 DIFFERENT FILL-ORIGIN LEVEL: 0
L1D AVERAGE MISS LATENCY:    45.0479 cycles AVERAGE LOAD MISS LATENCY:     41.135 cycles Load Miss      54071
L1D Average MSHR Occupancy:  0.0280371
L1D RQ	ACCESS:   42708951	FORWARD:          0	MERGED:   18436749	TO_CACHE:   23964629
L1D WQ	ACCESS:   28504643	FORWARD:     307573	MERGED:     419831	TO_CACHE:   28084812

L1D UNIQUE REGIONS ACCESSED: 0
L1D REGIONS CONFLICTS: 0
L1D Cross Page Prefetch Requests: 0
L1D Same Page Prefetch Requests: 0
L1D ROI Sum of L1D PQ occupancy: 0
L1D PREFETCHES PUSHED FROM L2C: 0
L1I TOTAL     ACCESS:   26078205  HIT:   10271220  MISS:   15806985  HIT %:    39.3862  MISS %:    60.6138   MPKI: 79.0349
L1I LOAD      ACCESS:   26078205  HIT:   10271220  MISS:   15806985  HIT %:    39.3862  MISS %:    60.6138   MPKI: 79.0349
L1I PREFETCH  REQUESTED:          0  ISSUED:          0  USEFUL:          0  USELESS:          0
L1I USEFUL LOAD PREFETCHES:          0 PREFETCH ISSUED TO LOWER LEVEL:          0  ACCURACY: -nan
L1I TIMELY PREFETCHES:          0 LATE PREFETCHES: 0 DROPPED PREFETCHES: 0
L1I PREFETCHES SAME FILL-ORIGIN LEVEL: 0 DIFFERENT FILL-ORIGIN LEVEL: 0
L1I AVERAGE MISS LATENCY:    14.2464 cycles AVERAGE LOAD MISS LATENCY:    14.2464 cycles Load Miss   15806985
L1I Average MSHR Occupancy:   0.999607
L1I RQ	ACCESS:   49053707	FORWARD:          0	MERGED:   21921823	TO_CACHE:   27131884

BTB TOTAL     ACCESS:   25992638  HIT:   23594568  MISS:    2398070  HIT %:     90.774  MISS %:    9.22596   MPKI: 11.9903
BTB BRANCH_DIRECT_JUMP	ACCESS:    1777993  HIT:    1742364  MISS:      35629
BTB BRANCH_INDIRECT	ACCESS:   11517256  HIT:   10685970  MISS:     831286
BTB BRANCH_CONDITIONAL	ACCESS:    4454999  HIT:    4438785  MISS:      16214
BTB BRANCH_DIRECT_CALL	ACCESS:    3345173  HIT:    3277123  MISS:      68050
BTB BRANCH_INDIRECT_CALL	ACCESS:     776040  HIT:     611052  MISS:     164988
BTB BRANCH_RETURN	ACCESS:    4121177  HIT:    2839274  MISS:    1281903
BTB BRANCH_OTHER ACCESS:          0  HIT:          0  MISS:          0

L2C TOTAL     ACCESS:   16052598  HIT:   15970029  MISS:      82569  HIT %:    99.4856  MISS %:   0.514365   MPKI: 0.412845
L2C LOAD      ACCESS:   15861058  HIT:   15825305  MISS:      35753  HIT %:    99.7746  MISS %:   0.225414   MPKI: 0.178765
L2C DATA LOAD MPKI: 0.117835
L2C INSTRUCTION LOAD MPKI: 0.06093
L2C RFO       ACCESS:      71857  HIT:      31605  MISS:      40252  HIT %:    43.9832  MISS %:    56.0168   MPKI: 0.20126
L2C PREFETCH  ACCESS:      34181  HIT:      28821  MISS:       5360  HIT %:    84.3188  MISS %:    15.6812   MPKI: 0.0268
AGUS PREFETCH L1 MISS: 0
L2C DATA PREFETCH MPKI: 0.0268
L2C INSTRUCTION PREFETCH MPKI: 0
L2C WRITEBACK ACCESS:      82639  HIT:      82544  MISS:         95  HIT %:     99.885  MISS %:   0.114958   MPKI: 0.000475
L2C LOAD TRANSLATION ACCESS:       2863  HIT:       1754  MISS:       1109  HIT %:    61.2644  MISS %:    38.7356   MPKI: 0.005545
L2C PREFETCH  REQUESTED:      71536  ISSUED:      71518  USEFUL:       5153  USELESS:        202
L2C USEFUL LOAD PREFETCHES:       5153 PREFETCH ISSUED TO LOWER LEVEL:      13461  ACCURACY: 38.281
L2C TIMELY PREFETCHES:       5153 LATE PREFETCHES: 6950 DROPPED PREFETCHES: 0
L2C PREFETCHES SAME FILL-ORIGIN LEVEL: 12310 DIFFERENT FILL-ORIGIN LEVEL: 1151
L2C AVERAGE MISS LATENCY:    62.2997 cycles AVERAGE LOAD MISS LATENCY:    66.2963 cycles Load Miss      35753
L2C Average MSHR Occupancy:  0.0245324
L2C RQ	ACCESS:   15935783	FORWARD:          0	MERGED:          0	TO_CACHE:   15935783
L2C WQ	ACCESS:      82639	FORWARD:          0	MERGED:          0	TO_CACHE:      82639
L2C PQ	ACCESS:      71518	FORWARD:          0	MERGED:      18807	TO_CACHE:      52711

L2C Instructions Evicting Data 10462
L2C Translations Evicting Data 981
L2C Data Evicting Data 57977
L2C Instructions Evicting Instructions 1614
L2C Translations Evicting Instructions 118
L2C Data Evicting Instructions 10246
L2C Instructions Evicting Translations 110
L2C Translations Evicting Translations 10
L2C Data Evicting Translations 956
L2C Dense regions hint from L2: 0
PSCL5 TOTAL     ACCESS:       2533  HIT:       2533  MISS:          0  HIT %:        100  MISS %:          0   MPKI: 0
PSCL5 LOAD TRANSLATION ACCESS:       2533  HIT:       2533  MISS:          0  HIT %:        100  MISS %:          0   MPKI: 0
PSCL5 PREFETCH  REQUESTED:          0  ISSUED:          0  USEFUL:          0  USELESS:          0
PSCL5 USEFUL LOAD PREFETCHES:          0 PREFETCH ISSUED TO LOWER LEVEL:          0  ACCURACY: -nan
PSCL5 TIMELY PREFETCHES:          0 LATE PREFETCHES: 0 DROPPED PREFETCHES: 0
PSCL5 PREFETCHES SAME FILL-ORIGIN LEVEL: 0 DIFFERENT FILL-ORIGIN LEVEL: 0

PSCL4 TOTAL     ACCESS:       1527  HIT:       1517  MISS:         10  HIT %:    99.3451  MISS %:   0.654879   MPKI: 5e-05
PSCL4 LOAD TRANSLATION ACCESS:       1527  HIT:       1517  MISS:         10  HIT %:    99.3451  MISS %:   0.654879   MPKI: 5e-05
PSCL4 PREFETCH  REQUESTED:          0  ISSUED:          0  USEFUL:          0  USELESS:          0
PSCL4 USEFUL LOAD PREFETCHES:          0 PREFETCH ISSUED TO LOWER LEVEL:          0  ACCURACY: -nan
PSCL4 TIMELY PREFETCHES:          0 LATE PREFETCHES: 0 DROPPED PREFETCHES: 0
PSCL4 PREFETCHES SAME FILL-ORIGIN LEVEL: 0 DIFFERENT FILL-ORIGIN LEVEL: 0

PSCL3 TOTAL     ACCESS:       2315  HIT:       2305  MISS:         10  HIT %:     99.568  MISS %:   0.431965   MPKI: 5e-05
PSCL3 LOAD TRANSLATION ACCESS:       2315  HIT:       2305  MISS:         10  HIT %:     99.568  MISS %:   0.431965   MPKI: 5e-05
PSCL3 PREFETCH  REQUESTED:          0  ISSUED:          0  USEFUL:          0  USELESS:          0
PSCL3 USEFUL LOAD PREFETCHES:          0 PREFETCH ISSUED TO LOWER LEVEL:          0  ACCURACY: -nan
PSCL3 TIMELY PREFETCHES:          0 LATE PREFETCHES: 0 DROPPED PREFETCHES: 0
PSCL3 PREFETCHES SAME FILL-ORIGIN LEVEL: 0 DIFFERENT FILL-ORIGIN LEVEL: 0

PSCL2 TOTAL     ACCESS:       2533  HIT:       2223  MISS:        310  HIT %:    87.7615  MISS %:    12.2385   MPKI: 0.00155
PSCL2 LOAD TRANSLATION ACCESS:       2533  HIT:       2223  MISS:        310  HIT %:    87.7615  MISS %:    12.2385   MPKI: 0.00155
PSCL2 PREFETCH  REQUESTED:          0  ISSUED:          0  USEFUL:          0  USELESS:          0
PSCL2 USEFUL LOAD PREFETCHES:          0 PREFETCH ISSUED TO LOWER LEVEL:          0  ACCURACY: -nan
PSCL2 TIMELY PREFETCHES:          0 LATE PREFETCHES: 0 DROPPED PREFETCHES: 0
PSCL2 PREFETCHES SAME FILL-ORIGIN LEVEL: 0 DIFFERENT FILL-ORIGIN LEVEL: 0

LLC TOTAL     ACCESS:     127187  HIT:     115799  MISS:      11388  HIT %:    91.0463  MISS %:    8.95375   MPKI: 0.05694
LLC LOAD      ACCESS:      28803  HIT:      24679  MISS:       4124  HIT %:     85.682  MISS %:     14.318   MPKI: 0.02062
LLC RFO       ACCESS:      40252  HIT:      36926  MISS:       3326  HIT %:    91.7371  MISS %:    8.26294   MPKI: 0.01663
LLC PREFETCH  ACCESS:      12802  HIT:      11111  MISS:       1691  HIT %:    86.7911  MISS %:    13.2089   MPKI: 0.008455
AGUS PREFETCH L1 MISS: 0
LLC WRITEBACK ACCESS:      44221  HIT:      42113  MISS:       2108  HIT %:     95.233  MISS %:    4.76697   MPKI: 0.01054
LLC LOAD TRANSLATION ACCESS:       1109  HIT:        970  MISS:        139  HIT %:    87.4662  MISS %:    12.5338   MPKI: 0.000695
LLC PREFETCH  REQUESTED:          0  ISSUED:          0  USEFUL:        518  USELESS:        630
LLC USEFUL LOAD PREFETCHES:        518 PREFETCH ISSUED TO LOWER LEVEL:       1717  ACCURACY: 30.1689
LLC TIMELY PREFETCHES:        518 LATE PREFETCHES: 26 DROPPED PREFETCHES: 0
LLC PREFETCHES SAME FILL-ORIGIN LEVEL: 74 DIFFERENT FILL-ORIGIN LEVEL: 0
LLC AVERAGE MISS LATENCY:    137.907 cycles AVERAGE LOAD MISS LATENCY:    173.142 cycles Load Miss       4124
LLC Average MSHR Occupancy: 0.00729616
LLC RQ	ACCESS:      70164	FORWARD:          0	MERGED:          0	TO_CACHE:      70164
LLC WQ	ACCESS:      44221	FORWARD:          0	MERGED:          0	TO_CACHE:      44221
LLC PQ	ACCESS:      13461	FORWARD:          0	MERGED:        600	TO_CACHE:      12861

LLC Dense regions hint to LLC: 0

RAW hits: 6794336
Loads Generated: 49503287
Loads sent to L1D: 42708951
Stores Generated: 28504644
Stores sent to L1D: 28504643
Major fault: 0 Minor fault: 2050
Allocated PAGES: 2050
CPU 0 L2C PC-based stride prefetcher final stats
================ Mockingjay (LLC) Pollution Stats ================
Total pollution count in LLC: 338
==================================================================

DRAM Statistics
 CHANNEL 0
 RQ ROW_BUFFER_HIT:       2664  ROW_BUFFER_MISS:       6616
 DBUS_CONGESTED:          9
 WQ ROW_BUFFER_HIT:       1016  ROW_BUFFER_MISS:       4164  FULL:          0

 AVG_CONGESTED_CYCLE: 7
 All warmup complete: 2
Channel 0 Bank busy for read cycles: 0
Channel 0 Bank busy for write cycles: 0
Channel 0
Rank 0
0banks busy for read cycles: 212647077
0banks busy for write cycles: 2424
1banks busy for read cycles: 653315
1banks busy for write cycles: 369198
2banks busy for read cycles: 96460
2banks busy for write cycles: 51462
3banks busy for read cycles: 37634
3banks busy for write cycles: 22043
4banks busy for read cycles: 18471
4banks busy for write cycles: 17026
5banks busy for read cycles: 10445
5banks busy for write cycles: 12058
6banks busy for read cycles: 4844
6banks busy for write cycles: 8428
7banks busy for read cycles: 1401
7banks busy for write cycles: 11250
8banks busy for read cycles: 278
8banks busy for write cycles: 14064

CPU 0 Branch Prediction Accuracy: 99.9241% MPKI: 0.11852 Average ROB Occupancy at Mispredict: 85.1313
Branch types
NOT_BRANCH: 168764529 84.3823%
BRANCH_DIRECT_JUMP: 1777993 0.888996%
BRANCH_INDIRECT: 11517256 5.75863%
BRANCH_CONDITIONAL: 9697995 4.849%
BRANCH_DIRECT_CALL: 3345173 1.67259%
BRANCH_INDIRECT_CALL: 776040 0.38802%
BRANCH_RETURN: 4121177 2.06059%
BRANCH_OTHER: 0 0%

===================== LRU L1D STATS =====================
Total pollution count in L1D: 0
=========================================================
================ SRRIP (L2C) Pollution Stats ================
Total pollution count in L2c: 56918
==================================================================
DRAM PAGES: 1048576
Allocated PAGES: 2050
