
*** ChampSim Multicore Out-of-Order Simulator ***

Warmup Instructions: 200000000
Simulation Instructions: 200000000
Number of CPUs: 1
LLC sets: 4096
LLC ways: 12
Off-chip DRAM Size: 4096 MB Channels: 1 Width: 64-bit Data Rate: 6400 MT/s
CPU 0 runs /home1/sweta/traces/qualcomm_traces/server_009.champsimtrace.xz
.xz
BTB has LRU replacement policy
ITLB has LRU replacement policy
DTLB has LRU replacement policy
STLB has LRU replacement policy
L1I has LRU replacement policy
L1D has LRU replacement policy
CPU 0 L2C IP-based stride prefetcher
Initialize SRRIP state for L2C
Initialize Mockingjay state for LLC
Heartbeat CPU 0 instructions: 10000003 cycles: 1928575 heartbeat IPC: 5.18518 cumulative IPC: 5.18518 (Simulation time: 0 hr 0 min 32 sec) 
Heartbeat CPU 0 instructions: 20000002 cycles: 3852848 heartbeat IPC: 5.19677 cumulative IPC: 5.19097 (Simulation time: 0 hr 1 min 1 sec) 
Heartbeat CPU 0 instructions: 30000006 cycles: 5795784 heartbeat IPC: 5.14685 cumulative IPC: 5.17618 (Simulation time: 0 hr 1 min 25 sec) 
Heartbeat CPU 0 instructions: 40000002 cycles: 7724644 heartbeat IPC: 5.18441 cumulative IPC: 5.17823 (Simulation time: 0 hr 1 min 50 sec) 
Heartbeat CPU 0 instructions: 50000005 cycles: 9671148 heartbeat IPC: 5.13742 cumulative IPC: 5.17002 (Simulation time: 0 hr 2 min 14 sec) 
Heartbeat CPU 0 instructions: 60000000 cycles: 12202402 heartbeat IPC: 3.95061 cumulative IPC: 4.91706 (Simulation time: 0 hr 2 min 43 sec) 
Heartbeat CPU 0 instructions: 70000005 cycles: 16309205 heartbeat IPC: 2.43499 cumulative IPC: 4.29206 (Simulation time: 0 hr 3 min 21 sec) 
Heartbeat CPU 0 instructions: 80000004 cycles: 18234796 heartbeat IPC: 5.19321 cumulative IPC: 4.38722 (Simulation time: 0 hr 3 min 44 sec) 
Heartbeat CPU 0 instructions: 90000000 cycles: 20166063 heartbeat IPC: 5.17795 cumulative IPC: 4.46294 (Simulation time: 0 hr 4 min 8 sec) 
Heartbeat CPU 0 instructions: 100000001 cycles: 22090737 heartbeat IPC: 5.19569 cumulative IPC: 4.52678 (Simulation time: 0 hr 4 min 32 sec) 
*** Reached end of trace for Core: 0 Repeating trace: /home1/sweta/traces/qualcomm_traces/server_009.champsimtrace.xz
Heartbeat CPU 0 instructions: 110000003 cycles: 24016915 heartbeat IPC: 5.19163 cumulative IPC: 4.58011 (Simulation time: 0 hr 4 min 56 sec) 
Heartbeat CPU 0 instructions: 120000007 cycles: 25941784 heartbeat IPC: 5.19516 cumulative IPC: 4.62574 (Simulation time: 0 hr 5 min 19 sec) 
Heartbeat CPU 0 instructions: 130000003 cycles: 27884055 heartbeat IPC: 5.14861 cumulative IPC: 4.66216 (Simulation time: 0 hr 5 min 43 sec) 
Heartbeat CPU 0 instructions: 140000007 cycles: 29813356 heartbeat IPC: 5.18323 cumulative IPC: 4.69588 (Simulation time: 0 hr 6 min 6 sec) 
Heartbeat CPU 0 instructions: 150000001 cycles: 31745398 heartbeat IPC: 5.17587 cumulative IPC: 4.72509 (Simulation time: 0 hr 6 min 29 sec) 
Heartbeat CPU 0 instructions: 160000002 cycles: 33710470 heartbeat IPC: 5.08887 cumulative IPC: 4.7463 (Simulation time: 0 hr 6 min 53 sec) 
Heartbeat CPU 0 instructions: 170000001 cycles: 37892128 heartbeat IPC: 2.3914 cumulative IPC: 4.48642 (Simulation time: 0 hr 7 min 30 sec) 
Heartbeat CPU 0 instructions: 180000000 cycles: 40320931 heartbeat IPC: 4.11725 cumulative IPC: 4.46418 (Simulation time: 0 hr 7 min 55 sec) 
Heartbeat CPU 0 instructions: 190000000 cycles: 42245177 heartbeat IPC: 5.19684 cumulative IPC: 4.49755 (Simulation time: 0 hr 8 min 18 sec) 
Heartbeat CPU 0 instructions: 200000003 cycles: 44175012 heartbeat IPC: 5.18179 cumulative IPC: 4.52745 (Simulation time: 0 hr 8 min 41 sec) 

Warmup complete CPU 0 instructions: 200000003 cycles: 44175012 (Simulation time: 0 hr 8 min 41 sec) 

*** Reached end of trace for Core: 0 Repeating trace: /home1/sweta/traces/qualcomm_traces/server_009.champsimtrace.xz
Heartbeat CPU 0 instructions: 210000004 cycles: 60956356 heartbeat IPC: 0.5959 cumulative IPC: 0.5959 (Simulation time: 0 hr 9 min 11 sec) 
Heartbeat CPU 0 instructions: 220000000 cycles: 77691975 heartbeat IPC: 0.597528 cumulative IPC: 0.596713 (Simulation time: 0 hr 9 min 42 sec) 
Heartbeat CPU 0 instructions: 230000000 cycles: 95226147 heartbeat IPC: 0.570315 cumulative IPC: 0.587646 (Simulation time: 0 hr 10 min 13 sec) 
Heartbeat CPU 0 instructions: 240000000 cycles: 112526325 heartbeat IPC: 0.578029 cumulative IPC: 0.585212 (Simulation time: 0 hr 10 min 43 sec) 
Heartbeat CPU 0 instructions: 250000004 cycles: 129646485 heartbeat IPC: 0.584107 cumulative IPC: 0.584991 (Simulation time: 0 hr 11 min 13 sec) 
Heartbeat CPU 0 instructions: 260000003 cycles: 147757851 heartbeat IPC: 0.552139 cumulative IPC: 0.579247 (Simulation time: 0 hr 11 min 44 sec) 
Heartbeat CPU 0 instructions: 270000000 cycles: 179908864 heartbeat IPC: 0.311032 cumulative IPC: 0.515715 (Simulation time: 0 hr 12 min 25 sec) 
Heartbeat CPU 0 instructions: 280000002 cycles: 208304915 heartbeat IPC: 0.352162 cumulative IPC: 0.487419 (Simulation time: 0 hr 13 min 4 sec) 
Heartbeat CPU 0 instructions: 290000003 cycles: 225293075 heartbeat IPC: 0.588645 cumulative IPC: 0.496913 (Simulation time: 0 hr 13 min 34 sec) 
Heartbeat CPU 0 instructions: 300000006 cycles: 242293878 heartbeat IPC: 0.588208 cumulative IPC: 0.504748 (Simulation time: 0 hr 14 min 4 sec) 
*** Reached end of trace for Core: 0 Repeating trace: /home1/sweta/traces/qualcomm_traces/server_009.champsimtrace.xz
Heartbeat CPU 0 instructions: 310000006 cycles: 259268856 heartbeat IPC: 0.589102 cumulative IPC: 0.511405 (Simulation time: 0 hr 14 min 35 sec) 
Heartbeat CPU 0 instructions: 320000000 cycles: 275911029 heartbeat IPC: 0.600883 cumulative IPC: 0.517831 (Simulation time: 0 hr 15 min 4 sec) 
Heartbeat CPU 0 instructions: 330000000 cycles: 292951988 heartbeat IPC: 0.586821 cumulative IPC: 0.522556 (Simulation time: 0 hr 15 min 33 sec) 
Heartbeat CPU 0 instructions: 340000002 cycles: 310335792 heartbeat IPC: 0.575248 cumulative IPC: 0.525998 (Simulation time: 0 hr 16 min 3 sec) 
Heartbeat CPU 0 instructions: 350000006 cycles: 327734004 heartbeat IPC: 0.574772 cumulative IPC: 0.52899 (Simulation time: 0 hr 16 min 31 sec) 
Heartbeat CPU 0 instructions: 360000000 cycles: 345784582 heartbeat IPC: 0.553999 cumulative IPC: 0.530487 (Simulation time: 0 hr 17 min 0 sec) 
Heartbeat CPU 0 instructions: 370000000 cycles: 371715444 heartbeat IPC: 0.385641 cumulative IPC: 0.51902 (Simulation time: 0 hr 17 min 34 sec) 
Heartbeat CPU 0 instructions: 380000004 cycles: 406172126 heartbeat IPC: 0.29022 cumulative IPC: 0.497242 (Simulation time: 0 hr 18 min 12 sec) 
Heartbeat CPU 0 instructions: 390000001 cycles: 422965620 heartbeat IPC: 0.595469 cumulative IPC: 0.501596 (Simulation time: 0 hr 18 min 40 sec) 
Heartbeat CPU 0 instructions: 400000007 cycles: 440286937 heartbeat IPC: 0.577324 cumulative IPC: 0.504908 (Simulation time: 0 hr 19 min 8 sec) 
Finished CPU 0 instructions: 200000004 cycles: 396111925 cumulative IPC: 0.504908 (Simulation time: 0 hr 19 min 8 sec) 

ChampSim completed all CPUs

Region of Interest Statistics

CPU 0 cumulative IPC: 0.504908 instructions: 200000004 cycles: 396111925
ITLB TOTAL     ACCESS:   23157859  HIT:   22447564  MISS:     710295  HIT %:    96.9328  MISS %:    3.06719   MPKI: 3.55147
ITLB LOAD TRANSLATION ACCESS:   23157859  HIT:   22447564  MISS:     710295  HIT %:    96.9328  MISS %:    3.06719   MPKI: 3.55147
ITLB PREFETCH  REQUESTED:          0  ISSUED:          0  USEFUL:          0  USELESS:          0
ITLB USEFUL LOAD PREFETCHES:          0 PREFETCH ISSUED TO LOWER LEVEL:          0  ACCURACY: -nan
ITLB TIMELY PREFETCHES:          0 LATE PREFETCHES: 0 DROPPED PREFETCHES: 0
ITLB PREFETCHES SAME FILL-ORIGIN LEVEL: 0 DIFFERENT FILL-ORIGIN LEVEL: 0
ITLB AVERAGE MISS LATENCY:    13.5752 cycles AVERAGE LOAD MISS LATENCY:       -nan cycles Load Miss          0
ITLB Average MSHR Occupancy:  0.0238562
ITLB RQ	ACCESS:   26994155	FORWARD:          0	MERGED:    3287181	TO_CACHE:   23706974

DTLB TOTAL     ACCESS:   34963382  HIT:   30264636  MISS:    4698746  HIT %:     86.561  MISS %:     13.439   MPKI: 23.4937
DTLB LOAD TRANSLATION ACCESS:   34963382  HIT:   30264636  MISS:    4698746  HIT %:     86.561  MISS %:     13.439   MPKI: 23.4937
DTLB PREFETCH  REQUESTED:          0  ISSUED:          0  USEFUL:          0  USELESS:          0
DTLB USEFUL LOAD PREFETCHES:          0 PREFETCH ISSUED TO LOWER LEVEL:          0  ACCURACY: -nan
DTLB TIMELY PREFETCHES:          0 LATE PREFETCHES: 0 DROPPED PREFETCHES: 0
DTLB PREFETCHES SAME FILL-ORIGIN LEVEL: 0 DIFFERENT FILL-ORIGIN LEVEL: 0
DTLB AVERAGE MISS LATENCY:    10.5056 cycles AVERAGE LOAD MISS LATENCY:       -nan cycles Load Miss          0
DTLB Average MSHR Occupancy:   0.116254
DTLB RQ	ACCESS:   48206582	FORWARD:          0	MERGED:   13057103	TO_CACHE:   35149479

STLB TOTAL     ACCESS:    5409041  HIT:    4998872  MISS:     410169  HIT %:     92.417  MISS %:    7.58303   MPKI: 2.05084
STLB LOAD TRANSLATION ACCESS:    5409041  HIT:    4998872  MISS:     410169  HIT %:     92.417  MISS %:    7.58303   MPKI: 2.05084
STLB PREFETCH  REQUESTED:          0  ISSUED:          0  USEFUL:          0  USELESS:          0
STLB USEFUL LOAD PREFETCHES:          0 PREFETCH ISSUED TO LOWER LEVEL:          0  ACCURACY: -nan
STLB TIMELY PREFETCHES:          0 LATE PREFETCHES: 0 DROPPED PREFETCHES: 0
STLB PREFETCHES SAME FILL-ORIGIN LEVEL: 0 DIFFERENT FILL-ORIGIN LEVEL: 0
STLB AVERAGE MISS LATENCY:    24.9529 cycles AVERAGE LOAD MISS LATENCY:       -nan cycles Load Miss          0
STLB Average MSHR Occupancy:  0.0278601
STLB RQ	ACCESS:    5409041	FORWARD:          0	MERGED:          0	TO_CACHE:    5409041

STLB Hit, L1D data hit: 0
STLB Hit, L2C data hit: 0
STLB Hit, LLC data hit: 0
STLB Hit, LLC data miss: 0
STLB STLB hints to L2: 0
L1D TOTAL     ACCESS:   47772508  HIT:   41975468  MISS:    5797040  HIT %:    87.8653  MISS %:    12.1347   MPKI: 28.9852
L1D LOAD      ACCESS:   29185355  HIT:   23747083  MISS:    5438272  HIT %:    81.3664  MISS %:    18.6336   MPKI: 27.1914
L1D RFO       ACCESS:   18587153  HIT:   18228385  MISS:     358768  HIT %:    98.0698  MISS %:    1.93019   MPKI: 1.79384
L1D PREFETCH  REQUESTED:          0  ISSUED:          0  USEFUL:          0  USELESS:          0
L1D USEFUL LOAD PREFETCHES:          0 PREFETCH ISSUED TO LOWER LEVEL:          0  ACCURACY: -nan
L1D TIMELY PREFETCHES:          0 LATE PREFETCHES: 0 DROPPED PREFETCHES: 0
L1D PREFETCHES SAME FILL-ORIGIN LEVEL: 0 DIFFERENT FILL-ORIGIN LEVEL: 0
L1D AVERAGE MISS LATENCY:    21.6078 cycles AVERAGE LOAD MISS LATENCY:    20.8796 cycles Load Miss    5438272
L1D Average MSHR Occupancy:   0.321496
L1D RQ	ACCESS:   44290852	FORWARD:          0	MERGED:   14756885	TO_CACHE:   29254938
L1D WQ	ACCESS:   19533284	FORWARD:     279029	MERGED:     581640	TO_CACHE:   18951644

L1D UNIQUE REGIONS ACCESSED: 0
L1D REGIONS CONFLICTS: 0
L1D Cross Page Prefetch Requests: 0
L1D Same Page Prefetch Requests: 0
L1D ROI Sum of L1D PQ occupancy: 0
L1D PREFETCHES PUSHED FROM L2C: 0
L1I TOTAL     ACCESS:   26271852  HIT:   10095841  MISS:   16176011  HIT %:    38.4284  MISS %:    61.5716   MPKI: 80.8801
L1I LOAD      ACCESS:   26271852  HIT:   10095841  MISS:   16176011  HIT %:    38.4284  MISS %:    61.5716   MPKI: 80.8801
L1I PREFETCH  REQUESTED:          0  ISSUED:          0  USEFUL:          0  USELESS:          0
L1I USEFUL LOAD PREFETCHES:          0 PREFETCH ISSUED TO LOWER LEVEL:          0  ACCURACY: -nan
L1I TIMELY PREFETCHES:          0 LATE PREFETCHES: 0 DROPPED PREFETCHES: 0
L1I PREFETCHES SAME FILL-ORIGIN LEVEL: 0 DIFFERENT FILL-ORIGIN LEVEL: 0
L1I AVERAGE MISS LATENCY:    14.2631 cycles AVERAGE LOAD MISS LATENCY:    14.2631 cycles Load Miss   16176011
L1I Average MSHR Occupancy:    0.57273
L1I RQ	ACCESS:   49651019	FORWARD:          0	MERGED:   22656864	TO_CACHE:   26994155

BTB TOTAL     ACCESS:   26465272  HIT:   21648362  MISS:    4816910  HIT %:    81.7991  MISS %:    18.2009   MPKI: 24.0845
BTB BRANCH_DIRECT_JUMP	ACCESS:    1784863  HIT:    1523042  MISS:     261821
BTB BRANCH_INDIRECT	ACCESS:   13095709  HIT:   10737648  MISS:    2358061
BTB BRANCH_CONDITIONAL	ACCESS:    4689163  HIT:    4276557  MISS:     412606
BTB BRANCH_DIRECT_CALL	ACCESS:    2725912  HIT:    2215930  MISS:     509982
BTB BRANCH_INDIRECT_CALL	ACCESS:     715274  HIT:     660872  MISS:      54402
BTB BRANCH_RETURN	ACCESS:    3454351  HIT:    2234313  MISS:    1220038
BTB BRANCH_OTHER ACCESS:          0  HIT:          0  MISS:          0

L2C TOTAL     ACCESS:   23608362  HIT:   23339565  MISS:     268797  HIT %:    98.8614  MISS %:    1.13857   MPKI: 1.34398
L2C LOAD      ACCESS:   21614205  HIT:   21407268  MISS:     206937  HIT %:    99.0426  MISS %:   0.957412   MPKI: 1.03468
L2C DATA LOAD MPKI: 0.91735
L2C INSTRUCTION LOAD MPKI: 0.117335
L2C RFO       ACCESS:     358764  HIT:     320227  MISS:      38537  HIT %:    89.2584  MISS %:    10.7416   MPKI: 0.192685
L2C PREFETCH  ACCESS:     187380  HIT:     170747  MISS:      16633  HIT %:    91.1234  MISS %:    8.87661   MPKI: 0.083165
AGUS PREFETCH L1 MISS: 0
L2C DATA PREFETCH MPKI: 0.083165
L2C INSTRUCTION PREFETCH MPKI: 0
L2C WRITEBACK ACCESS:     928472  HIT:     927985  MISS:        487  HIT %:    99.9475  MISS %:  0.0524518   MPKI: 0.002435
L2C LOAD TRANSLATION ACCESS:     519541  HIT:     513338  MISS:       6203  HIT %:    98.8061  MISS %:    1.19394   MPKI: 0.031015
L2C PREFETCH  REQUESTED:     196851  ISSUED:     196850  USEFUL:      15216  USELESS:       1425
L2C USEFUL LOAD PREFETCHES:      15216 PREFETCH ISSUED TO LOWER LEVEL:      18876  ACCURACY: 80.6103
L2C TIMELY PREFETCHES:      15216 LATE PREFETCHES: 1624 DROPPED PREFETCHES: 0
L2C PREFETCHES SAME FILL-ORIGIN LEVEL: 18257 DIFFERENT FILL-ORIGIN LEVEL: 619
L2C AVERAGE MISS LATENCY:    160.866 cycles AVERAGE LOAD MISS LATENCY:    160.573 cycles Load Miss     206937
L2C Average MSHR Occupancy:   0.109581
L2C RQ	ACCESS:   22492592	FORWARD:          0	MERGED:          0	TO_CACHE:   22492510
L2C WQ	ACCESS:     928472	FORWARD:         82	MERGED:          0	TO_CACHE:     928472
L2C PQ	ACCESS:     196850	FORWARD:          0	MERGED:       4271	TO_CACHE:     192579

L2C Instructions Evicting Data 18910
L2C Translations Evicting Data 5315
L2C Data Evicting Data 214499
L2C Instructions Evicting Instructions 3901
L2C Translations Evicting Instructions 694
L2C Data Evicting Instructions 18806
L2C Instructions Evicting Translations 656
L2C Translations Evicting Translations 194
L2C Data Evicting Translations 5335
L2C Dense regions hint from L2: 0
PSCL5 TOTAL     ACCESS:     410169  HIT:     410169  MISS:          0  HIT %:        100  MISS %:          0   MPKI: 0
PSCL5 LOAD TRANSLATION ACCESS:     410169  HIT:     410169  MISS:          0  HIT %:        100  MISS %:          0   MPKI: 0
PSCL5 PREFETCH  REQUESTED:          0  ISSUED:          0  USEFUL:          0  USELESS:          0
PSCL5 USEFUL LOAD PREFETCHES:          0 PREFETCH ISSUED TO LOWER LEVEL:          0  ACCURACY: -nan
PSCL5 TIMELY PREFETCHES:          0 LATE PREFETCHES: 0 DROPPED PREFETCHES: 0
PSCL5 PREFETCHES SAME FILL-ORIGIN LEVEL: 0 DIFFERENT FILL-ORIGIN LEVEL: 0

PSCL4 TOTAL     ACCESS:     379706  HIT:     378477  MISS:       1229  HIT %:    99.6763  MISS %:   0.323671   MPKI: 0.006145
PSCL4 LOAD TRANSLATION ACCESS:     379706  HIT:     378477  MISS:       1229  HIT %:    99.6763  MISS %:   0.323671   MPKI: 0.006145
PSCL4 PREFETCH  REQUESTED:          0  ISSUED:          0  USEFUL:          0  USELESS:          0
PSCL4 USEFUL LOAD PREFETCHES:          0 PREFETCH ISSUED TO LOWER LEVEL:          0  ACCURACY: -nan
PSCL4 TIMELY PREFETCHES:          0 LATE PREFETCHES: 0 DROPPED PREFETCHES: 0
PSCL4 PREFETCHES SAME FILL-ORIGIN LEVEL: 0 DIFFERENT FILL-ORIGIN LEVEL: 0

PSCL3 TOTAL     ACCESS:     406910  HIT:     403571  MISS:       3339  HIT %:    99.1794  MISS %:   0.820575   MPKI: 0.016695
PSCL3 LOAD TRANSLATION ACCESS:     406910  HIT:     403571  MISS:       3339  HIT %:    99.1794  MISS %:   0.820575   MPKI: 0.016695
PSCL3 PREFETCH  REQUESTED:          0  ISSUED:          0  USEFUL:          0  USELESS:          0
PSCL3 USEFUL LOAD PREFETCHES:          0 PREFETCH ISSUED TO LOWER LEVEL:          0  ACCURACY: -nan
PSCL3 TIMELY PREFETCHES:          0 LATE PREFETCHES: 0 DROPPED PREFETCHES: 0
PSCL3 PREFETCHES SAME FILL-ORIGIN LEVEL: 0 DIFFERENT FILL-ORIGIN LEVEL: 0

PSCL2 TOTAL     ACCESS:     410169  HIT:     305365  MISS:     104804  HIT %:    74.4486  MISS %:    25.5514   MPKI: 0.52402
PSCL2 LOAD TRANSLATION ACCESS:     410169  HIT:     305365  MISS:     104804  HIT %:    74.4486  MISS %:    25.5514   MPKI: 0.52402
PSCL2 PREFETCH  REQUESTED:          0  ISSUED:          0  USEFUL:          0  USELESS:          0
PSCL2 USEFUL LOAD PREFETCHES:          0 PREFETCH ISSUED TO LOWER LEVEL:          0  ACCURACY: -nan
PSCL2 TIMELY PREFETCHES:          0 LATE PREFETCHES: 0 DROPPED PREFETCHES: 0
PSCL2 PREFETCHES SAME FILL-ORIGIN LEVEL: 0 DIFFERENT FILL-ORIGIN LEVEL: 0

LLC TOTAL     ACCESS:     453478  HIT:     173239  MISS:     280239  HIT %:    38.2023  MISS %:    61.7977   MPKI: 1.40119
LLC LOAD      ACCESS:     205313  HIT:      64127  MISS:     141186  HIT %:    31.2338  MISS %:    68.7662   MPKI: 0.70593
LLC RFO       ACCESS:      38537  HIT:       9832  MISS:      28705  HIT %:    25.5131  MISS %:    74.4869   MPKI: 0.143525
LLC PREFETCH  ACCESS:      18464  HIT:       3700  MISS:      14764  HIT %:     20.039  MISS %:     79.961   MPKI: 0.07382
AGUS PREFETCH L1 MISS: 0
LLC WRITEBACK ACCESS:     184961  HIT:      92273  MISS:      92688  HIT %:    49.8878  MISS %:    50.1122   MPKI: 0.46344
LLC LOAD TRANSLATION ACCESS:       6203  HIT:       3307  MISS:       2896  HIT %:    53.3129  MISS %:    46.6871   MPKI: 0.01448
LLC PREFETCH  REQUESTED:          0  ISSUED:          0  USEFUL:        156  USELESS:       9458
LLC USEFUL LOAD PREFETCHES:        156 PREFETCH ISSUED TO LOWER LEVEL:      14994  ACCURACY: 1.04042
LLC TIMELY PREFETCHES:        156 LATE PREFETCHES: 230 DROPPED PREFETCHES: 0
LLC PREFETCHES SAME FILL-ORIGIN LEVEL: 477 DIFFERENT FILL-ORIGIN LEVEL: 0
LLC AVERAGE MISS LATENCY:    112.237 cycles AVERAGE LOAD MISS LATENCY:    167.054 cycles Load Miss     141186
LLC Average MSHR Occupancy:  0.0790239
LLC RQ	ACCESS:     250053	FORWARD:          0	MERGED:          0	TO_CACHE:     250053
LLC WQ	ACCESS:     184961	FORWARD:          0	MERGED:          0	TO_CACHE:     184961
LLC PQ	ACCESS:      18876	FORWARD:          0	MERGED:         56	TO_CACHE:      18820

LLC Dense regions hint to LLC: 0

RAW hits: 4501143
Loads Generated: 48791995
Loads sent to L1D: 44290852
Stores Generated: 19533280
Stores sent to L1D: 19533284
Major fault: 0 Minor fault: 6724
Allocated PAGES: 6724
CPU 0 L2C PC-based stride prefetcher final stats
================ Mockingjay (LLC) Pollution Stats ================
Total pollution count in LLC: 9044
==================================================================

DRAM Statistics
 CHANNEL 0
 RQ ROW_BUFFER_HIT:      46552  ROW_BUFFER_MISS:     140999
 DBUS_CONGESTED:        180
 WQ ROW_BUFFER_HIT:      17759  ROW_BUFFER_MISS:     137073  FULL:        128

 AVG_CONGESTED_CYCLE: 4
 All warmup complete: 2
Channel 0 Bank busy for read cycles: 0
Channel 0 Bank busy for write cycles: 0
Channel 0
Rank 0
0banks busy for read cycles: 360000330
0banks busy for write cycles: 89769
1banks busy for read cycles: 15301684
1banks busy for write cycles: 13304549
2banks busy for read cycles: 2113949
2banks busy for write cycles: 2735877
3banks busy for read cycles: 469587
3banks busy for write cycles: 772741
4banks busy for read cycles: 283240
4banks busy for write cycles: 307342
5banks busy for read cycles: 94410
5banks busy for write cycles: 145031
6banks busy for read cycles: 51101
6banks busy for write cycles: 114453
7banks busy for read cycles: 39135
7banks busy for write cycles: 104019
8banks busy for read cycles: 48522
8banks busy for write cycles: 136187

CPU 0 Branch Prediction Accuracy: 99.796% MPKI: 0.39376 Average ROB Occupancy at Mispredict: 59.3384
Branch types
NOT_BRANCH: 161401859 80.7009%
BRANCH_DIRECT_JUMP: 1784863 0.892431%
BRANCH_INDIRECT: 13095709 6.54785%
BRANCH_CONDITIONAL: 16821533 8.41077%
BRANCH_DIRECT_CALL: 2725912 1.36296%
BRANCH_INDIRECT_CALL: 715274 0.357637%
BRANCH_RETURN: 3454351 1.72718%
BRANCH_OTHER: 0 0%

===================== LRU L1D STATS =====================
Total pollution count in L1D: 0
=========================================================
================ SRRIP (L2C) Pollution Stats ================
Total pollution count in L2c: 340427
==================================================================
DRAM PAGES: 1048576
Allocated PAGES: 6724
