
*** ChampSim Multicore Out-of-Order Simulator ***

Warmup Instructions: 200000000
Simulation Instructions: 200000000
Number of CPUs: 1
LLC sets: 4096
LLC ways: 12
Off-chip DRAM Size: 4096 MB Channels: 1 Width: 64-bit Data Rate: 6400 MT/s
CPU 0 runs /home1/sweta/traces/qualcomm_traces/server_033.champsimtrace.xz
.xz
BTB has LRU replacement policy
ITLB has LRU replacement policy
DTLB has LRU replacement policy
STLB has LRU replacement policy
L1I has LRU replacement policy
L1D has LRU replacement policy
CPU 0 L2C IP-based stride prefetcher
Initialize SRRIP state for L2C
Initialize Mockingjay state for LLC
Heartbeat CPU 0 instructions: 10000007 cycles: 2036907 heartbeat IPC: 4.90941 cumulative IPC: 4.90941 (Simulation time: 0 hr 0 min 19 sec) 
Heartbeat CPU 0 instructions: 20000005 cycles: 4073220 heartbeat IPC: 4.91084 cumulative IPC: 4.91012 (Simulation time: 0 hr 0 min 42 sec) 
Heartbeat CPU 0 instructions: 30000001 cycles: 6106935 heartbeat IPC: 4.91711 cumulative IPC: 4.91245 (Simulation time: 0 hr 1 min 0 sec) 
Heartbeat CPU 0 instructions: 40000002 cycles: 8141468 heartbeat IPC: 4.91513 cumulative IPC: 4.91312 (Simulation time: 0 hr 1 min 19 sec) 
Heartbeat CPU 0 instructions: 50000001 cycles: 10175777 heartbeat IPC: 4.91567 cumulative IPC: 4.91363 (Simulation time: 0 hr 1 min 37 sec) 
Heartbeat CPU 0 instructions: 60000003 cycles: 12210019 heartbeat IPC: 4.91584 cumulative IPC: 4.914 (Simulation time: 0 hr 2 min 0 sec) 
Heartbeat CPU 0 instructions: 70000002 cycles: 14244478 heartbeat IPC: 4.91531 cumulative IPC: 4.91419 (Simulation time: 0 hr 2 min 20 sec) 
Heartbeat CPU 0 instructions: 80000004 cycles: 16277679 heartbeat IPC: 4.91835 cumulative IPC: 4.91471 (Simulation time: 0 hr 2 min 38 sec) 
Heartbeat CPU 0 instructions: 90000000 cycles: 18314233 heartbeat IPC: 4.91025 cumulative IPC: 4.91421 (Simulation time: 0 hr 2 min 55 sec) 
Heartbeat CPU 0 instructions: 100000004 cycles: 20350448 heartbeat IPC: 4.91107 cumulative IPC: 4.9139 (Simulation time: 0 hr 3 min 13 sec) 
*** Reached end of trace for Core: 0 Repeating trace: /home1/sweta/traces/qualcomm_traces/server_033.champsimtrace.xz
Heartbeat CPU 0 instructions: 110000003 cycles: 22387652 heartbeat IPC: 4.90869 cumulative IPC: 4.91342 (Simulation time: 0 hr 3 min 31 sec) 
Heartbeat CPU 0 instructions: 120000005 cycles: 24423804 heartbeat IPC: 4.91123 cumulative IPC: 4.91324 (Simulation time: 0 hr 3 min 48 sec) 
Heartbeat CPU 0 instructions: 130000003 cycles: 26458845 heartbeat IPC: 4.91391 cumulative IPC: 4.91329 (Simulation time: 0 hr 4 min 6 sec) 
Heartbeat CPU 0 instructions: 140000000 cycles: 28492977 heartbeat IPC: 4.9161 cumulative IPC: 4.91349 (Simulation time: 0 hr 4 min 23 sec) 
Heartbeat CPU 0 instructions: 150000000 cycles: 30527490 heartbeat IPC: 4.91518 cumulative IPC: 4.9136 (Simulation time: 0 hr 4 min 41 sec) 
Heartbeat CPU 0 instructions: 160000006 cycles: 32561597 heartbeat IPC: 4.91617 cumulative IPC: 4.91376 (Simulation time: 0 hr 4 min 59 sec) 
Heartbeat CPU 0 instructions: 170000002 cycles: 34595983 heartbeat IPC: 4.91549 cumulative IPC: 4.91387 (Simulation time: 0 hr 5 min 17 sec) 
Heartbeat CPU 0 instructions: 180000000 cycles: 36630596 heartbeat IPC: 4.91494 cumulative IPC: 4.91393 (Simulation time: 0 hr 5 min 34 sec) 
Heartbeat CPU 0 instructions: 190000004 cycles: 38664868 heartbeat IPC: 4.91577 cumulative IPC: 4.91402 (Simulation time: 0 hr 5 min 52 sec) 
Heartbeat CPU 0 instructions: 200000003 cycles: 40701437 heartbeat IPC: 4.91022 cumulative IPC: 4.91383 (Simulation time: 0 hr 6 min 9 sec) 

Warmup complete CPU 0 instructions: 200000003 cycles: 40701437 (Simulation time: 0 hr 6 min 9 sec) 

*** Reached end of trace for Core: 0 Repeating trace: /home1/sweta/traces/qualcomm_traces/server_033.champsimtrace.xz
Heartbeat CPU 0 instructions: 210000000 cycles: 63326002 heartbeat IPC: 0.441997 cumulative IPC: 0.441997 (Simulation time: 0 hr 6 min 37 sec) 
Heartbeat CPU 0 instructions: 220000004 cycles: 85959057 heartbeat IPC: 0.441832 cumulative IPC: 0.441915 (Simulation time: 0 hr 7 min 5 sec) 
Heartbeat CPU 0 instructions: 230000002 cycles: 108495834 heartbeat IPC: 0.443719 cumulative IPC: 0.442514 (Simulation time: 0 hr 7 min 33 sec) 
Heartbeat CPU 0 instructions: 240000005 cycles: 130985758 heartbeat IPC: 0.444644 cumulative IPC: 0.443045 (Simulation time: 0 hr 8 min 3 sec) 
Heartbeat CPU 0 instructions: 250000002 cycles: 153658996 heartbeat IPC: 0.441048 cumulative IPC: 0.442644 (Simulation time: 0 hr 8 min 31 sec) 
Heartbeat CPU 0 instructions: 260000006 cycles: 176317549 heartbeat IPC: 0.441335 cumulative IPC: 0.442425 (Simulation time: 0 hr 8 min 59 sec) 
Heartbeat CPU 0 instructions: 270000000 cycles: 199082816 heartbeat IPC: 0.439265 cumulative IPC: 0.441971 (Simulation time: 0 hr 9 min 27 sec) 
Heartbeat CPU 0 instructions: 280000000 cycles: 221714712 heartbeat IPC: 0.441854 cumulative IPC: 0.441957 (Simulation time: 0 hr 9 min 56 sec) 
Heartbeat CPU 0 instructions: 290000002 cycles: 244082076 heartbeat IPC: 0.44708 cumulative IPC: 0.44252 (Simulation time: 0 hr 10 min 26 sec) 
Heartbeat CPU 0 instructions: 300000000 cycles: 266853786 heartbeat IPC: 0.439141 cumulative IPC: 0.44218 (Simulation time: 0 hr 10 min 56 sec) 
Heartbeat CPU 0 instructions: 310000002 cycles: 289378703 heartbeat IPC: 0.443953 cumulative IPC: 0.44234 (Simulation time: 0 hr 11 min 25 sec) 
*** Reached end of trace for Core: 0 Repeating trace: /home1/sweta/traces/qualcomm_traces/server_033.champsimtrace.xz
Heartbeat CPU 0 instructions: 320000002 cycles: 311990071 heartbeat IPC: 0.442255 cumulative IPC: 0.442333 (Simulation time: 0 hr 11 min 55 sec) 
Heartbeat CPU 0 instructions: 330000002 cycles: 334553839 heartbeat IPC: 0.443188 cumulative IPC: 0.442399 (Simulation time: 0 hr 12 min 23 sec) 
Heartbeat CPU 0 instructions: 340000007 cycles: 356755877 heartbeat IPC: 0.450409 cumulative IPC: 0.442962 (Simulation time: 0 hr 12 min 51 sec) 
Heartbeat CPU 0 instructions: 350000000 cycles: 379629132 heartbeat IPC: 0.437192 cumulative IPC: 0.442572 (Simulation time: 0 hr 13 min 19 sec) 
Heartbeat CPU 0 instructions: 360000000 cycles: 402277063 heartbeat IPC: 0.441541 cumulative IPC: 0.442508 (Simulation time: 0 hr 13 min 47 sec) 
Heartbeat CPU 0 instructions: 370000000 cycles: 425015076 heartbeat IPC: 0.439792 cumulative IPC: 0.442347 (Simulation time: 0 hr 14 min 14 sec) 
Heartbeat CPU 0 instructions: 380000006 cycles: 447670774 heartbeat IPC: 0.44139 cumulative IPC: 0.442294 (Simulation time: 0 hr 14 min 42 sec) 
Heartbeat CPU 0 instructions: 390000001 cycles: 470337215 heartbeat IPC: 0.441181 cumulative IPC: 0.442235 (Simulation time: 0 hr 15 min 9 sec) 
Heartbeat CPU 0 instructions: 400000002 cycles: 492815173 heartbeat IPC: 0.44488 cumulative IPC: 0.442367 (Simulation time: 0 hr 15 min 36 sec) 
Finished CPU 0 instructions: 200000006 cycles: 452113737 cumulative IPC: 0.442367 (Simulation time: 0 hr 15 min 36 sec) 

ChampSim completed all CPUs

Region of Interest Statistics

CPU 0 cumulative IPC: 0.442367 instructions: 200000006 cycles: 452113737
ITLB TOTAL     ACCESS:   24432347  HIT:   22405962  MISS:    2026385  HIT %:    91.7061  MISS %:    8.29386   MPKI: 10.1319
ITLB LOAD TRANSLATION ACCESS:   24432347  HIT:   22405962  MISS:    2026385  HIT %:    91.7061  MISS %:    8.29386   MPKI: 10.1319
ITLB PREFETCH  REQUESTED:          0  ISSUED:          0  USEFUL:          0  USELESS:          0
ITLB USEFUL LOAD PREFETCHES:          0 PREFETCH ISSUED TO LOWER LEVEL:          0  ACCURACY: -nan
ITLB TIMELY PREFETCHES:          0 LATE PREFETCHES: 0 DROPPED PREFETCHES: 0
ITLB PREFETCHES SAME FILL-ORIGIN LEVEL: 0 DIFFERENT FILL-ORIGIN LEVEL: 0
ITLB AVERAGE MISS LATENCY:    9.01939 cycles AVERAGE LOAD MISS LATENCY:       -nan cycles Load Miss          0
ITLB Average MSHR Occupancy:  0.0360139
ITLB RQ	ACCESS:   30128110	FORWARD:          0	MERGED:    4008087	TO_CACHE:   26120023

DTLB TOTAL     ACCESS:   34404185  HIT:   32704780  MISS:    1699405  HIT %:    95.0605  MISS %:    4.93953   MPKI: 8.49702
DTLB LOAD TRANSLATION ACCESS:   34404185  HIT:   32704780  MISS:    1699405  HIT %:    95.0605  MISS %:    4.93953   MPKI: 8.49702
DTLB PREFETCH  REQUESTED:          0  ISSUED:          0  USEFUL:          0  USELESS:          0
DTLB USEFUL LOAD PREFETCHES:          0 PREFETCH ISSUED TO LOWER LEVEL:          0  ACCURACY: -nan
DTLB TIMELY PREFETCHES:          0 LATE PREFETCHES: 0 DROPPED PREFETCHES: 0
DTLB PREFETCHES SAME FILL-ORIGIN LEVEL: 0 DIFFERENT FILL-ORIGIN LEVEL: 0
DTLB AVERAGE MISS LATENCY:    9.21716 cycles AVERAGE LOAD MISS LATENCY:       -nan cycles Load Miss          0
DTLB Average MSHR Occupancy:  0.0314319
DTLB RQ	ACCESS:   51513651	FORWARD:          0	MERGED:   17006408	TO_CACHE:   34507243

STLB TOTAL     ACCESS:    3725789  HIT:    3709332  MISS:      16457  HIT %:    99.5583  MISS %:   0.441705   MPKI: 0.082285
STLB LOAD TRANSLATION ACCESS:    3725789  HIT:    3709332  MISS:      16457  HIT %:    99.5583  MISS %:   0.441705   MPKI: 0.082285
STLB PREFETCH  REQUESTED:          0  ISSUED:          0  USEFUL:          0  USELESS:          0
STLB USEFUL LOAD PREFETCHES:          0 PREFETCH ISSUED TO LOWER LEVEL:          0  ACCURACY: -nan
STLB TIMELY PREFETCHES:          0 LATE PREFETCHES: 0 DROPPED PREFETCHES: 0
STLB PREFETCHES SAME FILL-ORIGIN LEVEL: 0 DIFFERENT FILL-ORIGIN LEVEL: 0
STLB AVERAGE MISS LATENCY:    22.9797 cycles AVERAGE LOAD MISS LATENCY:       -nan cycles Load Miss          0
STLB Average MSHR Occupancy: 0.000887098
STLB RQ	ACCESS:    3725789	FORWARD:          0	MERGED:          0	TO_CACHE:    3725789

STLB Hit, L1D data hit: 0
STLB Hit, L2C data hit: 0
STLB Hit, LLC data hit: 0
STLB Hit, LLC data miss: 0
STLB STLB hints to L2: 0
L1D TOTAL     ACCESS:   51072406  HIT:   48625883  MISS:    2446523  HIT %:    95.2097  MISS %:     4.7903   MPKI: 12.2326
L1D LOAD      ACCESS:   26873919  HIT:   24802176  MISS:    2071743  HIT %:    92.2909  MISS %:    7.70912   MPKI: 10.3587
L1D RFO       ACCESS:   24198487  HIT:   23823707  MISS:     374780  HIT %:    98.4512  MISS %:    1.54877   MPKI: 1.8739
L1D PREFETCH  REQUESTED:          0  ISSUED:          0  USEFUL:          0  USELESS:          0
L1D USEFUL LOAD PREFETCHES:          0 PREFETCH ISSUED TO LOWER LEVEL:          0  ACCURACY: -nan
L1D TIMELY PREFETCHES:          0 LATE PREFETCHES: 0 DROPPED PREFETCHES: 0
L1D PREFETCHES SAME FILL-ORIGIN LEVEL: 0 DIFFERENT FILL-ORIGIN LEVEL: 0
L1D AVERAGE MISS LATENCY:    16.8285 cycles AVERAGE LOAD MISS LATENCY:    16.6452 cycles Load Miss    2071743
L1D Average MSHR Occupancy:  0.0950682
L1D RQ	ACCESS:   41008565	FORWARD:          0	MERGED:   13864211	TO_CACHE:   26915506
L1D WQ	ACCESS:   24966389	FORWARD:     228848	MERGED:     368244	TO_CACHE:   24598145

L1D UNIQUE REGIONS ACCESSED: 0
L1D REGIONS CONFLICTS: 0
L1D Cross Page Prefetch Requests: 0
L1D Same Page Prefetch Requests: 0
L1D ROI Sum of L1D PQ occupancy: 0
L1D PREFETCHES PUSHED FROM L2C: 0
L1I TOTAL     ACCESS:   29660257  HIT:    9158008  MISS:   20502249  HIT %:    30.8764  MISS %:    69.1236   MPKI: 102.511
L1I LOAD      ACCESS:   29660257  HIT:    9158008  MISS:   20502249  HIT %:    30.8764  MISS %:    69.1236   MPKI: 102.511
L1I PREFETCH  REQUESTED:          0  ISSUED:          0  USEFUL:          0  USELESS:          0
L1I USEFUL LOAD PREFETCHES:          0 PREFETCH ISSUED TO LOWER LEVEL:          0  ACCURACY: -nan
L1I TIMELY PREFETCHES:          0 LATE PREFETCHES: 0 DROPPED PREFETCHES: 0
L1I PREFETCHES SAME FILL-ORIGIN LEVEL: 0 DIFFERENT FILL-ORIGIN LEVEL: 0
L1I AVERAGE MISS LATENCY:    14.2032 cycles AVERAGE LOAD MISS LATENCY:    14.2032 cycles Load Miss   20502249
L1I Average MSHR Occupancy:   0.623601
L1I RQ	ACCESS:   50385684	FORWARD:          0	MERGED:   20257574	TO_CACHE:   30128110

BTB TOTAL     ACCESS:   31221297  HIT:   22859971  MISS:    8361326  HIT %:    73.2192  MISS %:    26.7808   MPKI: 41.8066
BTB BRANCH_DIRECT_JUMP	ACCESS:    2956051  HIT:    2328872  MISS:     627179
BTB BRANCH_INDIRECT	ACCESS:   13060150  HIT:    9486879  MISS:    3573271
BTB BRANCH_CONDITIONAL	ACCESS:    5587506  HIT:    4922179  MISS:     665327
BTB BRANCH_DIRECT_CALL	ACCESS:    4002116  HIT:    3045487  MISS:     956629
BTB BRANCH_INDIRECT_CALL	ACCESS:     806674  HIT:     470166  MISS:     336508
BTB BRANCH_RETURN	ACCESS:    4808800  HIT:    2606388  MISS:    2202412
BTB BRANCH_OTHER ACCESS:          0  HIT:          0  MISS:          0

L2C TOTAL     ACCESS:   23962907  HIT:   23893420  MISS:      69487  HIT %:      99.71  MISS %:   0.289977   MPKI: 0.347435
L2C LOAD      ACCESS:   22573986  HIT:   22525113  MISS:      48873  HIT %:    99.7835  MISS %:   0.216501   MPKI: 0.244365
L2C DATA LOAD MPKI: 0.23418
L2C INSTRUCTION LOAD MPKI: 0.010185
L2C RFO       ACCESS:     374763  HIT:     359002  MISS:      15761  HIT %:    95.7944  MISS %:    4.20559   MPKI: 0.078805
L2C PREFETCH  ACCESS:      71466  HIT:      67582  MISS:       3884  HIT %:    94.5652  MISS %:    5.43475   MPKI: 0.01942
AGUS PREFETCH L1 MISS: 0
L2C DATA PREFETCH MPKI: 0.01942
L2C INSTRUCTION PREFETCH MPKI: 0
L2C WRITEBACK ACCESS:     924314  HIT:     924063  MISS:        251  HIT %:    99.9728  MISS %:  0.0271553   MPKI: 0.001255
L2C LOAD TRANSLATION ACCESS:      18378  HIT:      17660  MISS:        718  HIT %:    96.0932  MISS %:    3.90685   MPKI: 0.00359
L2C PREFETCH  REQUESTED:      72051  ISSUED:      72051  USEFUL:       3126  USELESS:        761
L2C USEFUL LOAD PREFETCHES:       3126 PREFETCH ISSUED TO LOWER LEVEL:       4074  ACCURACY: 76.7305
L2C TIMELY PREFETCHES:       3126 LATE PREFETCHES: 190 DROPPED PREFETCHES: 0
L2C PREFETCHES SAME FILL-ORIGIN LEVEL: 4074 DIFFERENT FILL-ORIGIN LEVEL: 0
L2C AVERAGE MISS LATENCY:    66.3014 cycles AVERAGE LOAD MISS LATENCY:    67.0356 cycles Load Miss      48873
L2C Average MSHR Occupancy:  0.0102133
L2C RQ	ACCESS:   22967150	FORWARD:          0	MERGED:          0	TO_CACHE:   22967127
L2C WQ	ACCESS:     924314	FORWARD:         23	MERGED:          0	TO_CACHE:     924314
L2C PQ	ACCESS:      72051	FORWARD:          0	MERGED:         22	TO_CACHE:      72029

L2C Instructions Evicting Data 1945
L2C Translations Evicting Data 690
L2C Data Evicting Data 63951
L2C Instructions Evicting Instructions 72
L2C Translations Evicting Instructions 27
L2C Data Evicting Instructions 1852
L2C Instructions Evicting Translations 20
L2C Translations Evicting Translations 1
L2C Data Evicting Translations 678
L2C Dense regions hint from L2: 0
PSCL5 TOTAL     ACCESS:      16457  HIT:      16457  MISS:          0  HIT %:        100  MISS %:          0   MPKI: 0
PSCL5 LOAD TRANSLATION ACCESS:      16457  HIT:      16457  MISS:          0  HIT %:        100  MISS %:          0   MPKI: 0
PSCL5 PREFETCH  REQUESTED:          0  ISSUED:          0  USEFUL:          0  USELESS:          0
PSCL5 USEFUL LOAD PREFETCHES:          0 PREFETCH ISSUED TO LOWER LEVEL:          0  ACCURACY: -nan
PSCL5 TIMELY PREFETCHES:          0 LATE PREFETCHES: 0 DROPPED PREFETCHES: 0
PSCL5 PREFETCHES SAME FILL-ORIGIN LEVEL: 0 DIFFERENT FILL-ORIGIN LEVEL: 0

PSCL4 TOTAL     ACCESS:      16293  HIT:      16273  MISS:         20  HIT %:    99.8772  MISS %:   0.122752   MPKI: 0.0001
PSCL4 LOAD TRANSLATION ACCESS:      16293  HIT:      16273  MISS:         20  HIT %:    99.8772  MISS %:   0.122752   MPKI: 0.0001
PSCL4 PREFETCH  REQUESTED:          0  ISSUED:          0  USEFUL:          0  USELESS:          0
PSCL4 USEFUL LOAD PREFETCHES:          0 PREFETCH ISSUED TO LOWER LEVEL:          0  ACCURACY: -nan
PSCL4 TIMELY PREFETCHES:          0 LATE PREFETCHES: 0 DROPPED PREFETCHES: 0
PSCL4 PREFETCHES SAME FILL-ORIGIN LEVEL: 0 DIFFERENT FILL-ORIGIN LEVEL: 0

PSCL3 TOTAL     ACCESS:      16395  HIT:      16375  MISS:         20  HIT %:     99.878  MISS %:   0.121988   MPKI: 0.0001
PSCL3 LOAD TRANSLATION ACCESS:      16395  HIT:      16375  MISS:         20  HIT %:     99.878  MISS %:   0.121988   MPKI: 0.0001
PSCL3 PREFETCH  REQUESTED:          0  ISSUED:          0  USEFUL:          0  USELESS:          0
PSCL3 USEFUL LOAD PREFETCHES:          0 PREFETCH ISSUED TO LOWER LEVEL:          0  ACCURACY: -nan
PSCL3 TIMELY PREFETCHES:          0 LATE PREFETCHES: 0 DROPPED PREFETCHES: 0
PSCL3 PREFETCHES SAME FILL-ORIGIN LEVEL: 0 DIFFERENT FILL-ORIGIN LEVEL: 0

PSCL2 TOTAL     ACCESS:      16457  HIT:      14576  MISS:       1881  HIT %:    88.5702  MISS %:    11.4298   MPKI: 0.009405
PSCL2 LOAD TRANSLATION ACCESS:      16457  HIT:      14576  MISS:       1881  HIT %:    88.5702  MISS %:    11.4298   MPKI: 0.009405
PSCL2 PREFETCH  REQUESTED:          0  ISSUED:          0  USEFUL:          0  USELESS:          0
PSCL2 USEFUL LOAD PREFETCHES:          0 PREFETCH ISSUED TO LOWER LEVEL:          0  ACCURACY: -nan
PSCL2 TIMELY PREFETCHES:          0 LATE PREFETCHES: 0 DROPPED PREFETCHES: 0
PSCL2 PREFETCHES SAME FILL-ORIGIN LEVEL: 0 DIFFERENT FILL-ORIGIN LEVEL: 0

LLC TOTAL     ACCESS:     108343  HIT:      96909  MISS:      11434  HIT %:    89.4465  MISS %:    10.5535   MPKI: 0.05717
LLC LOAD      ACCESS:      48683  HIT:      42640  MISS:       6043  HIT %:     87.587  MISS %:     12.413   MPKI: 0.030215
LLC RFO       ACCESS:      15761  HIT:      13893  MISS:       1868  HIT %:     88.148  MISS %:     11.852   MPKI: 0.00934
LLC PREFETCH  ACCESS:       4074  HIT:       3439  MISS:        635  HIT %:    84.4134  MISS %:    15.5866   MPKI: 0.003175
AGUS PREFETCH L1 MISS: 0
LLC WRITEBACK ACCESS:      39107  HIT:      36270  MISS:       2837  HIT %:    92.7455  MISS %:    7.25446   MPKI: 0.014185
LLC LOAD TRANSLATION ACCESS:        718  HIT:        667  MISS:         51  HIT %:    92.8969  MISS %:    7.10306   MPKI: 0.000255
LLC PREFETCH  REQUESTED:          0  ISSUED:          0  USEFUL:         81  USELESS:        408
LLC USEFUL LOAD PREFETCHES:         81 PREFETCH ISSUED TO LOWER LEVEL:        635  ACCURACY: 12.7559
LLC TIMELY PREFETCHES:         81 LATE PREFETCHES: 0 DROPPED PREFETCHES: 0
LLC PREFETCHES SAME FILL-ORIGIN LEVEL: 0 DIFFERENT FILL-ORIGIN LEVEL: 0
LLC AVERAGE MISS LATENCY:    132.674 cycles AVERAGE LOAD MISS LATENCY:    177.027 cycles Load Miss       6043
LLC Average MSHR Occupancy: 0.00333632
LLC RQ	ACCESS:      65162	FORWARD:          0	MERGED:          0	TO_CACHE:      65162
LLC WQ	ACCESS:      39107	FORWARD:          0	MERGED:          0	TO_CACHE:      39107
LLC PQ	ACCESS:       4074	FORWARD:          0	MERGED:          0	TO_CACHE:       4074

LLC Dense regions hint to LLC: 0

RAW hits: 5087081
Loads Generated: 46095645
Loads sent to L1D: 41008565
Stores Generated: 24966393
Stores sent to L1D: 24966389
Major fault: 0 Minor fault: 2572
Allocated PAGES: 2572
CPU 0 L2C PC-based stride prefetcher final stats
================ Mockingjay (LLC) Pollution Stats ================
Total pollution count in LLC: 536
==================================================================

DRAM Statistics
 CHANNEL 0
 RQ ROW_BUFFER_HIT:        797  ROW_BUFFER_MISS:       7800
 DBUS_CONGESTED:          1
 WQ ROW_BUFFER_HIT:        178  ROW_BUFFER_MISS:       6500  FULL:          0

 AVG_CONGESTED_CYCLE: 2
 All warmup complete: 2
Channel 0 Bank busy for read cycles: 0
Channel 0 Bank busy for write cycles: 0
Channel 0
Rank 0
0banks busy for read cycles: 449965394
0banks busy for write cycles: 6271
1banks busy for read cycles: 1122735
1banks busy for write cycles: 942274
2banks busy for read cycles: 34807
2banks busy for write cycles: 32454
3banks busy for read cycles: 5021
3banks busy for write cycles: 3342
4banks busy for read cycles: 610
4banks busy for write cycles: 714
5banks busy for read cycles: 0
5banks busy for write cycles: 116
6banks busy for read cycles: 0
6banks busy for write cycles: 0
7banks busy for read cycles: 0
7banks busy for write cycles: 0
8banks busy for read cycles: 0
8banks busy for write cycles: 0

CPU 0 Branch Prediction Accuracy: 99.9453% MPKI: 0.102075 Average ROB Occupancy at Mispredict: 25.5558
Branch types
NOT_BRANCH: 162667628 81.3338%
BRANCH_DIRECT_JUMP: 2956051 1.47803%
BRANCH_INDIRECT: 13060150 6.53007%
BRANCH_CONDITIONAL: 11698507 5.84925%
BRANCH_DIRECT_CALL: 4002116 2.00106%
BRANCH_INDIRECT_CALL: 806674 0.403337%
BRANCH_RETURN: 4808800 2.4044%
BRANCH_OTHER: 0 0%

===================== LRU L1D STATS =====================
Total pollution count in L1D: 0
=========================================================
================ SRRIP (L2C) Pollution Stats ================
Total pollution count in L2c: 92156
==================================================================
DRAM PAGES: 1048576
Allocated PAGES: 2572
