
*** ChampSim Multicore Out-of-Order Simulator ***

Warmup Instructions: 200000000
Simulation Instructions: 200000000
Number of CPUs: 1
LLC sets: 4096
LLC ways: 12
Off-chip DRAM Size: 4096 MB Channels: 1 Width: 64-bit Data Rate: 6400 MT/s
CPU 0 runs /home1/sweta/traces/qualcomm_traces/srv_74.champsimtrace.xz
.xz
BTB has LRU replacement policy
ITLB has LRU replacement policy
DTLB has LRU replacement policy
STLB has LRU replacement policy
L1I has LRU replacement policy
L1D has LRU replacement policy
CPU 0 L2C IP-based stride prefetcher
Initialize SRRIP state for L2C
Initialize Mockingjay state for LLC
Heartbeat CPU 0 instructions: 10000003 cycles: 2061817 heartbeat IPC: 4.85009 cumulative IPC: 4.85009 (Simulation time: 0 hr 0 min 20 sec) 
Heartbeat CPU 0 instructions: 20000000 cycles: 4122006 heartbeat IPC: 4.85392 cumulative IPC: 4.85201 (Simulation time: 0 hr 0 min 40 sec) 
Heartbeat CPU 0 instructions: 30000007 cycles: 6185398 heartbeat IPC: 4.84639 cumulative IPC: 4.85013 (Simulation time: 0 hr 1 min 1 sec) 
*** Reached end of trace for Core: 0 Repeating trace: /home1/sweta/traces/qualcomm_traces/srv_74.champsimtrace.xz
Heartbeat CPU 0 instructions: 40000000 cycles: 8245800 heartbeat IPC: 4.85342 cumulative IPC: 4.85095 (Simulation time: 0 hr 1 min 22 sec) 
Heartbeat CPU 0 instructions: 50000002 cycles: 10305297 heartbeat IPC: 4.85556 cumulative IPC: 4.85187 (Simulation time: 0 hr 1 min 42 sec) 
Heartbeat CPU 0 instructions: 60000000 cycles: 12367097 heartbeat IPC: 4.85013 cumulative IPC: 4.85158 (Simulation time: 0 hr 2 min 2 sec) 
*** Reached end of trace for Core: 0 Repeating trace: /home1/sweta/traces/qualcomm_traces/srv_74.champsimtrace.xz
Heartbeat CPU 0 instructions: 70000000 cycles: 14428020 heartbeat IPC: 4.85219 cumulative IPC: 4.85167 (Simulation time: 0 hr 2 min 22 sec) 
Heartbeat CPU 0 instructions: 80000004 cycles: 16488140 heartbeat IPC: 4.85409 cumulative IPC: 4.85197 (Simulation time: 0 hr 2 min 43 sec) 
Heartbeat CPU 0 instructions: 90000000 cycles: 18550424 heartbeat IPC: 4.84899 cumulative IPC: 4.85164 (Simulation time: 0 hr 3 min 4 sec) 
*** Reached end of trace for Core: 0 Repeating trace: /home1/sweta/traces/qualcomm_traces/srv_74.champsimtrace.xz
Heartbeat CPU 0 instructions: 100000004 cycles: 20611326 heartbeat IPC: 4.85225 cumulative IPC: 4.8517 (Simulation time: 0 hr 3 min 24 sec) 
Heartbeat CPU 0 instructions: 110000003 cycles: 22671346 heartbeat IPC: 4.85432 cumulative IPC: 4.85194 (Simulation time: 0 hr 3 min 43 sec) 
Heartbeat CPU 0 instructions: 120000002 cycles: 24733413 heartbeat IPC: 4.8495 cumulative IPC: 4.85174 (Simulation time: 0 hr 4 min 2 sec) 
*** Reached end of trace for Core: 0 Repeating trace: /home1/sweta/traces/qualcomm_traces/srv_74.champsimtrace.xz
Heartbeat CPU 0 instructions: 130000005 cycles: 26793709 heartbeat IPC: 4.85367 cumulative IPC: 4.85189 (Simulation time: 0 hr 4 min 21 sec) 
Heartbeat CPU 0 instructions: 140000000 cycles: 28853827 heartbeat IPC: 4.85409 cumulative IPC: 4.85204 (Simulation time: 0 hr 4 min 41 sec) 
Heartbeat CPU 0 instructions: 150000000 cycles: 30915752 heartbeat IPC: 4.84984 cumulative IPC: 4.8519 (Simulation time: 0 hr 5 min 1 sec) 
*** Reached end of trace for Core: 0 Repeating trace: /home1/sweta/traces/qualcomm_traces/srv_74.champsimtrace.xz
Heartbeat CPU 0 instructions: 160000006 cycles: 32976531 heartbeat IPC: 4.85254 cumulative IPC: 4.85194 (Simulation time: 0 hr 5 min 21 sec) 
Heartbeat CPU 0 instructions: 170000002 cycles: 35036408 heartbeat IPC: 4.85466 cumulative IPC: 4.8521 (Simulation time: 0 hr 5 min 41 sec) 
Heartbeat CPU 0 instructions: 180000000 cycles: 37098597 heartbeat IPC: 4.84922 cumulative IPC: 4.85194 (Simulation time: 0 hr 6 min 2 sec) 
*** Reached end of trace for Core: 0 Repeating trace: /home1/sweta/traces/qualcomm_traces/srv_74.champsimtrace.xz
Heartbeat CPU 0 instructions: 190000005 cycles: 39159842 heartbeat IPC: 4.85144 cumulative IPC: 4.85191 (Simulation time: 0 hr 6 min 22 sec) 
Heartbeat CPU 0 instructions: 200000006 cycles: 41220425 heartbeat IPC: 4.853 cumulative IPC: 4.85196 (Simulation time: 0 hr 6 min 42 sec) 

Warmup complete CPU 0 instructions: 200000006 cycles: 41220425 (Simulation time: 0 hr 6 min 42 sec) 

Heartbeat CPU 0 instructions: 210000001 cycles: 71647010 heartbeat IPC: 0.32866 cumulative IPC: 0.32866 (Simulation time: 0 hr 7 min 8 sec) 
*** Reached end of trace for Core: 0 Repeating trace: /home1/sweta/traces/qualcomm_traces/srv_74.champsimtrace.xz
Heartbeat CPU 0 instructions: 220000001 cycles: 101937636 heartbeat IPC: 0.330135 cumulative IPC: 0.329396 (Simulation time: 0 hr 7 min 34 sec) 
Heartbeat CPU 0 instructions: 230000000 cycles: 132432836 heartbeat IPC: 0.32792 cumulative IPC: 0.328903 (Simulation time: 0 hr 8 min 1 sec) 
Heartbeat CPU 0 instructions: 240000004 cycles: 162860659 heartbeat IPC: 0.328647 cumulative IPC: 0.328839 (Simulation time: 0 hr 8 min 27 sec) 
*** Reached end of trace for Core: 0 Repeating trace: /home1/sweta/traces/qualcomm_traces/srv_74.champsimtrace.xz
Heartbeat CPU 0 instructions: 250000005 cycles: 193126050 heartbeat IPC: 0.33041 cumulative IPC: 0.329152 (Simulation time: 0 hr 8 min 53 sec) 
Heartbeat CPU 0 instructions: 260000000 cycles: 223544333 heartbeat IPC: 0.328749 cumulative IPC: 0.329085 (Simulation time: 0 hr 9 min 19 sec) 
Heartbeat CPU 0 instructions: 270000000 cycles: 254001942 heartbeat IPC: 0.328325 cumulative IPC: 0.328976 (Simulation time: 0 hr 9 min 44 sec) 
Heartbeat CPU 0 instructions: 280000000 cycles: 284319792 heartbeat IPC: 0.329839 cumulative IPC: 0.329084 (Simulation time: 0 hr 10 min 8 sec) 
*** Reached end of trace for Core: 0 Repeating trace: /home1/sweta/traces/qualcomm_traces/srv_74.champsimtrace.xz
Heartbeat CPU 0 instructions: 290000000 cycles: 314651238 heartbeat IPC: 0.329691 cumulative IPC: 0.329151 (Simulation time: 0 hr 10 min 32 sec) 
Heartbeat CPU 0 instructions: 300000002 cycles: 345192507 heartbeat IPC: 0.327426 cumulative IPC: 0.328978 (Simulation time: 0 hr 10 min 55 sec) 
Heartbeat CPU 0 instructions: 310000003 cycles: 375491218 heartbeat IPC: 0.330047 cumulative IPC: 0.329075 (Simulation time: 0 hr 11 min 19 sec) 
*** Reached end of trace for Core: 0 Repeating trace: /home1/sweta/traces/qualcomm_traces/srv_74.champsimtrace.xz
Heartbeat CPU 0 instructions: 320000002 cycles: 405818437 heartbeat IPC: 0.329737 cumulative IPC: 0.32913 (Simulation time: 0 hr 11 min 42 sec) 
Heartbeat CPU 0 instructions: 330000006 cycles: 436348537 heartbeat IPC: 0.327546 cumulative IPC: 0.329007 (Simulation time: 0 hr 12 min 5 sec) 
Heartbeat CPU 0 instructions: 340000002 cycles: 466698214 heartbeat IPC: 0.329493 cumulative IPC: 0.329042 (Simulation time: 0 hr 12 min 29 sec) 
*** Reached end of trace for Core: 0 Repeating trace: /home1/sweta/traces/qualcomm_traces/srv_74.champsimtrace.xz
Heartbeat CPU 0 instructions: 350000006 cycles: 496936634 heartbeat IPC: 0.330705 cumulative IPC: 0.329152 (Simulation time: 0 hr 12 min 52 sec) 
Heartbeat CPU 0 instructions: 360000000 cycles: 527490434 heartbeat IPC: 0.327291 cumulative IPC: 0.329035 (Simulation time: 0 hr 13 min 23 sec) 
Heartbeat CPU 0 instructions: 370000001 cycles: 557820459 heartbeat IPC: 0.329706 cumulative IPC: 0.329075 (Simulation time: 0 hr 13 min 54 sec) 
*** Reached end of trace for Core: 0 Repeating trace: /home1/sweta/traces/qualcomm_traces/srv_74.champsimtrace.xz
Heartbeat CPU 0 instructions: 380000000 cycles: 588090472 heartbeat IPC: 0.33036 cumulative IPC: 0.329146 (Simulation time: 0 hr 14 min 26 sec) 
Heartbeat CPU 0 instructions: 390000000 cycles: 618599640 heartbeat IPC: 0.32777 cumulative IPC: 0.329073 (Simulation time: 0 hr 14 min 58 sec) 
Heartbeat CPU 0 instructions: 400000000 cycles: 648975255 heartbeat IPC: 0.329211 cumulative IPC: 0.32908 (Simulation time: 0 hr 15 min 29 sec) 
Finished CPU 0 instructions: 200000000 cycles: 607754858 cumulative IPC: 0.32908 (Simulation time: 0 hr 15 min 29 sec) 

ChampSim completed all CPUs

Region of Interest Statistics

CPU 0 cumulative IPC: 0.32908 instructions: 200000000 cycles: 607754858
ITLB TOTAL     ACCESS:   25745507  HIT:   23694828  MISS:    2050679  HIT %:    92.0348  MISS %:    7.96519   MPKI: 10.2534
ITLB LOAD TRANSLATION ACCESS:   25745507  HIT:   23694828  MISS:    2050679  HIT %:    92.0348  MISS %:    7.96519   MPKI: 10.2534
ITLB PREFETCH  REQUESTED:          0  ISSUED:          0  USEFUL:          0  USELESS:          0
ITLB USEFUL LOAD PREFETCHES:          0 PREFETCH ISSUED TO LOWER LEVEL:          0  ACCURACY: -nan
ITLB TIMELY PREFETCHES:          0 LATE PREFETCHES: 0 DROPPED PREFETCHES: 0
ITLB PREFETCHES SAME FILL-ORIGIN LEVEL: 0 DIFFERENT FILL-ORIGIN LEVEL: 0
ITLB AVERAGE MISS LATENCY:    9.02338 cycles AVERAGE LOAD MISS LATENCY:       -nan cycles Load Miss          0
ITLB Average MSHR Occupancy:   0.027118
ITLB RQ	ACCESS:   31174025	FORWARD:          0	MERGED:    4244965	TO_CACHE:   26929060

DTLB TOTAL     ACCESS:   42166477  HIT:   40320211  MISS:    1846266  HIT %:    95.6215  MISS %:    4.37852   MPKI: 9.23133
DTLB LOAD TRANSLATION ACCESS:   42166477  HIT:   40320211  MISS:    1846266  HIT %:    95.6215  MISS %:    4.37852   MPKI: 9.23133
DTLB PREFETCH  REQUESTED:          0  ISSUED:          0  USEFUL:          0  USELESS:          0
DTLB USEFUL LOAD PREFETCHES:          0 PREFETCH ISSUED TO LOWER LEVEL:          0  ACCURACY: -nan
DTLB TIMELY PREFETCHES:          0 LATE PREFETCHES: 0 DROPPED PREFETCHES: 0
DTLB PREFETCHES SAME FILL-ORIGIN LEVEL: 0 DIFFERENT FILL-ORIGIN LEVEL: 0
DTLB AVERAGE MISS LATENCY:    9.09968 cycles AVERAGE LOAD MISS LATENCY:       -nan cycles Load Miss          0
DTLB Average MSHR Occupancy:   0.024956
DTLB RQ	ACCESS:   58304531	FORWARD:          0	MERGED:   16080636	TO_CACHE:   42223895

STLB TOTAL     ACCESS:    3896945  HIT:    3887690  MISS:       9255  HIT %:    99.7625  MISS %:   0.237494   MPKI: 0.046275
STLB LOAD TRANSLATION ACCESS:    3896945  HIT:    3887690  MISS:       9255  HIT %:    99.7625  MISS %:   0.237494   MPKI: 0.046275
STLB PREFETCH  REQUESTED:          0  ISSUED:          0  USEFUL:          0  USELESS:          0
STLB USEFUL LOAD PREFETCHES:          0 PREFETCH ISSUED TO LOWER LEVEL:          0  ACCURACY: -nan
STLB TIMELY PREFETCHES:          0 LATE PREFETCHES: 0 DROPPED PREFETCHES: 0
STLB PREFETCHES SAME FILL-ORIGIN LEVEL: 0 DIFFERENT FILL-ORIGIN LEVEL: 0
STLB AVERAGE MISS LATENCY:    20.3209 cycles AVERAGE LOAD MISS LATENCY:       -nan cycles Load Miss          0
STLB Average MSHR Occupancy: 0.000329773
STLB RQ	ACCESS:    3896945	FORWARD:          0	MERGED:          0	TO_CACHE:    3896945

STLB Hit, L1D data hit: 0
STLB Hit, L2C data hit: 0
STLB Hit, LLC data hit: 0
STLB Hit, LLC data miss: 0
STLB STLB hints to L2: 0
L1D TOTAL     ACCESS:   56592725  HIT:   52652589  MISS:    3940136  HIT %:    93.0377  MISS %:    6.96227   MPKI: 19.7007
L1D LOAD      ACCESS:   31540208  HIT:   28710719  MISS:    2829489  HIT %:    91.0289  MISS %:    8.97105   MPKI: 14.1474
L1D RFO       ACCESS:   25052517  HIT:   23941870  MISS:    1110647  HIT %:    95.5667  MISS %:    4.43328   MPKI: 5.55323
L1D PREFETCH  REQUESTED:          0  ISSUED:          0  USEFUL:          0  USELESS:          0
L1D USEFUL LOAD PREFETCHES:          0 PREFETCH ISSUED TO LOWER LEVEL:          0  ACCURACY: -nan
L1D TIMELY PREFETCHES:          0 LATE PREFETCHES: 0 DROPPED PREFETCHES: 0
L1D PREFETCHES SAME FILL-ORIGIN LEVEL: 0 DIFFERENT FILL-ORIGIN LEVEL: 0
L1D AVERAGE MISS LATENCY:     15.109 cycles AVERAGE LOAD MISS LATENCY:    15.0983 cycles Load Miss    2829489
L1D Average MSHR Occupancy:   0.106768
L1D RQ	ACCESS:   45032912	FORWARD:          0	MERGED:   13274566	TO_CACHE:   31605551
L1D WQ	ACCESS:   26980322	FORWARD:     152795	MERGED:     281342	TO_CACHE:   26698980

L1D UNIQUE REGIONS ACCESSED: 0
L1D REGIONS CONFLICTS: 0
L1D Cross Page Prefetch Requests: 0
L1D Same Page Prefetch Requests: 0
L1D ROI Sum of L1D PQ occupancy: 0
L1D PREFETCHES PUSHED FROM L2C: 0
L1I TOTAL     ACCESS:   30797265  HIT:    8939606  MISS:   21857659  HIT %:    29.0273  MISS %:    70.9727   MPKI: 109.288
L1I LOAD      ACCESS:   30797265  HIT:    8939606  MISS:   21857659  HIT %:    29.0273  MISS %:    70.9727   MPKI: 109.288
L1I PREFETCH  REQUESTED:          0  ISSUED:          0  USEFUL:          0  USELESS:          0
L1I USEFUL LOAD PREFETCHES:          0 PREFETCH ISSUED TO LOWER LEVEL:          0  ACCURACY: -nan
L1I TIMELY PREFETCHES:          0 LATE PREFETCHES: 0 DROPPED PREFETCHES: 0
L1I PREFETCHES SAME FILL-ORIGIN LEVEL: 0 DIFFERENT FILL-ORIGIN LEVEL: 0
L1I AVERAGE MISS LATENCY:    14.1176 cycles AVERAGE LOAD MISS LATENCY:    14.1176 cycles Load Miss   21857659
L1I Average MSHR Occupancy:   0.495604
L1I RQ	ACCESS:   48916099	FORWARD:          0	MERGED:   17742074	TO_CACHE:   31174025

BTB TOTAL     ACCESS:   30034041  HIT:   17277861  MISS:   12756180  HIT %:    57.5276  MISS %:    42.4724   MPKI: 63.7809
BTB BRANCH_DIRECT_JUMP	ACCESS:    2021332  HIT:    1134056  MISS:     887276
BTB BRANCH_INDIRECT	ACCESS:   11922578  HIT:    7083040  MISS:    4839538
BTB BRANCH_CONDITIONAL	ACCESS:    7468572  HIT:    6133730  MISS:    1334842
BTB BRANCH_DIRECT_CALL	ACCESS:    3635717  HIT:    1532097  MISS:    2103620
BTB BRANCH_INDIRECT_CALL	ACCESS:     675038  HIT:     268595  MISS:     406443
BTB BRANCH_RETURN	ACCESS:    4310804  HIT:    1126343  MISS:    3184461
BTB BRANCH_OTHER ACCESS:          0  HIT:          0  MISS:          0

L2C TOTAL     ACCESS:   28155156  HIT:   28148157  MISS:       6999  HIT %:    99.9751  MISS %:  0.0248587   MPKI: 0.034995
L2C LOAD      ACCESS:   24687148  HIT:   24684554  MISS:       2594  HIT %:    99.9895  MISS %:  0.0105075   MPKI: 0.01297
L2C DATA LOAD MPKI: 0.011355
L2C INSTRUCTION LOAD MPKI: 0.001615
L2C RFO       ACCESS:    1110647  HIT:    1108231  MISS:       2416  HIT %:    99.7825  MISS %:   0.217531   MPKI: 0.01208
L2C PREFETCH  ACCESS:     385521  HIT:     383661  MISS:       1860  HIT %:    99.5175  MISS %:   0.482464   MPKI: 0.0093
AGUS PREFETCH L1 MISS: 0
L2C DATA PREFETCH MPKI: 0.0093
L2C INSTRUCTION PREFETCH MPKI: 0
L2C WRITEBACK ACCESS:    1962013  HIT:    1962009  MISS:          4  HIT %:    99.9998  MISS %: 0.000203872   MPKI: 2e-05
L2C LOAD TRANSLATION ACCESS:       9827  HIT:       9702  MISS:        125  HIT %:     98.728  MISS %:    1.27201   MPKI: 0.000625
L2C PREFETCH  REQUESTED:     398153  ISSUED:     398153  USEFUL:       1619  USELESS:        193
L2C USEFUL LOAD PREFETCHES:       1619 PREFETCH ISSUED TO LOWER LEVEL:       2086  ACCURACY: 77.6127
L2C TIMELY PREFETCHES:       1619 LATE PREFETCHES: 226 DROPPED PREFETCHES: 0
L2C PREFETCHES SAME FILL-ORIGIN LEVEL: 2086 DIFFERENT FILL-ORIGIN LEVEL: 0
L2C AVERAGE MISS LATENCY:    46.3949 cycles AVERAGE LOAD MISS LATENCY:    43.7047 cycles Load Miss       2594
L2C Average MSHR Occupancy: 0.000569091
L2C RQ	ACCESS:   25807622	FORWARD:          0	MERGED:          0	TO_CACHE:   25807622
L2C WQ	ACCESS:    1962013	FORWARD:          0	MERGED:          0	TO_CACHE:    1962013
L2C PQ	ACCESS:     398153	FORWARD:          0	MERGED:      10441	TO_CACHE:     387712

L2C Instructions Evicting Data 299
L2C Translations Evicting Data 125
L2C Data Evicting Data 6079
L2C Instructions Evicting Instructions 22
L2C Translations Evicting Instructions 0
L2C Data Evicting Instructions 284
L2C Instructions Evicting Translations 2
L2C Translations Evicting Translations 0
L2C Data Evicting Translations 118
L2C Dense regions hint from L2: 0
PSCL5 TOTAL     ACCESS:       9255  HIT:       9255  MISS:          0  HIT %:        100  MISS %:          0   MPKI: 0
PSCL5 LOAD TRANSLATION ACCESS:       9255  HIT:       9255  MISS:          0  HIT %:        100  MISS %:          0   MPKI: 0
PSCL5 PREFETCH  REQUESTED:          0  ISSUED:          0  USEFUL:          0  USELESS:          0
PSCL5 USEFUL LOAD PREFETCHES:          0 PREFETCH ISSUED TO LOWER LEVEL:          0  ACCURACY: -nan
PSCL5 TIMELY PREFETCHES:          0 LATE PREFETCHES: 0 DROPPED PREFETCHES: 0
PSCL5 PREFETCHES SAME FILL-ORIGIN LEVEL: 0 DIFFERENT FILL-ORIGIN LEVEL: 0

PSCL4 TOTAL     ACCESS:       8076  HIT:       8035  MISS:         41  HIT %:    99.4923  MISS %:   0.507677   MPKI: 0.000205
PSCL4 LOAD TRANSLATION ACCESS:       8076  HIT:       8035  MISS:         41  HIT %:    99.4923  MISS %:   0.507677   MPKI: 0.000205
PSCL4 PREFETCH  REQUESTED:          0  ISSUED:          0  USEFUL:          0  USELESS:          0
PSCL4 USEFUL LOAD PREFETCHES:          0 PREFETCH ISSUED TO LOWER LEVEL:          0  ACCURACY: -nan
PSCL4 TIMELY PREFETCHES:          0 LATE PREFETCHES: 0 DROPPED PREFETCHES: 0
PSCL4 PREFETCHES SAME FILL-ORIGIN LEVEL: 0 DIFFERENT FILL-ORIGIN LEVEL: 0

PSCL3 TOTAL     ACCESS:       8913  HIT:       8810  MISS:        103  HIT %:    98.8444  MISS %:    1.15562   MPKI: 0.000515
PSCL3 LOAD TRANSLATION ACCESS:       8913  HIT:       8810  MISS:        103  HIT %:    98.8444  MISS %:    1.15562   MPKI: 0.000515
PSCL3 PREFETCH  REQUESTED:          0  ISSUED:          0  USEFUL:          0  USELESS:          0
PSCL3 USEFUL LOAD PREFETCHES:          0 PREFETCH ISSUED TO LOWER LEVEL:          0  ACCURACY: -nan
PSCL3 TIMELY PREFETCHES:          0 LATE PREFETCHES: 0 DROPPED PREFETCHES: 0
PSCL3 PREFETCHES SAME FILL-ORIGIN LEVEL: 0 DIFFERENT FILL-ORIGIN LEVEL: 0

PSCL2 TOTAL     ACCESS:       9255  HIT:       8827  MISS:        428  HIT %:    95.3755  MISS %:    4.62453   MPKI: 0.00214
PSCL2 LOAD TRANSLATION ACCESS:       9255  HIT:       8827  MISS:        428  HIT %:    95.3755  MISS %:    4.62453   MPKI: 0.00214
PSCL2 PREFETCH  REQUESTED:          0  ISSUED:          0  USEFUL:          0  USELESS:          0
PSCL2 USEFUL LOAD PREFETCHES:          0 PREFETCH ISSUED TO LOWER LEVEL:          0  ACCURACY: -nan
PSCL2 TIMELY PREFETCHES:          0 LATE PREFETCHES: 0 DROPPED PREFETCHES: 0
PSCL2 PREFETCHES SAME FILL-ORIGIN LEVEL: 0 DIFFERENT FILL-ORIGIN LEVEL: 0

LLC TOTAL     ACCESS:       9608  HIT:       9535  MISS:         73  HIT %:    99.2402  MISS %:   0.759784   MPKI: 0.000365
LLC LOAD      ACCESS:       2368  HIT:       2368  MISS:          0  HIT %:        100  MISS %:          0   MPKI: 0
LLC RFO       ACCESS:       2416  HIT:       2416  MISS:          0  HIT %:        100  MISS %:          0   MPKI: 0
LLC PREFETCH  ACCESS:       2086  HIT:       2013  MISS:         73  HIT %:    96.5005  MISS %:    3.49952   MPKI: 0.000365
AGUS PREFETCH L1 MISS: 0
LLC WRITEBACK ACCESS:       2613  HIT:       2613  MISS:          0  HIT %:        100  MISS %:          0   MPKI: 0
LLC LOAD TRANSLATION ACCESS:        125  HIT:        125  MISS:          0  HIT %:        100  MISS %:          0   MPKI: 0
LLC PREFETCH  REQUESTED:          0  ISSUED:          0  USEFUL:          0  USELESS:          0
LLC USEFUL LOAD PREFETCHES:          0 PREFETCH ISSUED TO LOWER LEVEL:         73  ACCURACY: 0
LLC TIMELY PREFETCHES:          0 LATE PREFETCHES: 0 DROPPED PREFETCHES: 0
LLC PREFETCHES SAME FILL-ORIGIN LEVEL: 0 DIFFERENT FILL-ORIGIN LEVEL: 0
LLC AVERAGE MISS LATENCY:    182.233 cycles AVERAGE LOAD MISS LATENCY:       -nan cycles Load Miss          0
LLC Average MSHR Occupancy: 2.17686e-05
LLC RQ	ACCESS:       4909	FORWARD:          0	MERGED:          0	TO_CACHE:       4909
LLC WQ	ACCESS:       2613	FORWARD:          0	MERGED:          0	TO_CACHE:       2613
LLC PQ	ACCESS:       2086	FORWARD:          0	MERGED:          0	TO_CACHE:       2086

LLC Dense regions hint to LLC: 0

RAW hits: 3863026
Loads Generated: 48895935
Loads sent to L1D: 45032912
Stores Generated: 26980320
Stores sent to L1D: 26980322
Major fault: 0 Minor fault: 1920
Allocated PAGES: 1920
CPU 0 L2C PC-based stride prefetcher final stats
================ Mockingjay (LLC) Pollution Stats ================
Total pollution count in LLC: 0
==================================================================

DRAM Statistics
 CHANNEL 0
 RQ ROW_BUFFER_HIT:          5  ROW_BUFFER_MISS:         68
 DBUS_CONGESTED:          0
 WQ ROW_BUFFER_HIT:          0  ROW_BUFFER_MISS:          0  FULL:          0

 AVG_CONGESTED_CYCLE: -
 All warmup complete: 2
Channel 0 Bank busy for read cycles: 0
Channel 0 Bank busy for write cycles: 0
Channel 0
Rank 0
0banks busy for read cycles: 607748400
0banks busy for write cycles: 0
1banks busy for read cycles: 2911
1banks busy for write cycles: 0
2banks busy for read cycles: 3105
2banks busy for write cycles: 0
3banks busy for read cycles: 443
3banks busy for write cycles: 0
4banks busy for read cycles: 0
4banks busy for write cycles: 0
5banks busy for read cycles: 0
5banks busy for write cycles: 0
6banks busy for read cycles: 0
6banks busy for write cycles: 0
7banks busy for read cycles: 0
7banks busy for write cycles: 0
8banks busy for read cycles: 0
8banks busy for write cycles: 0

CPU 0 Branch Prediction Accuracy: 99.9013% MPKI: 0.173645 Average ROB Occupancy at Mispredict: 28.4315
Branch types
NOT_BRANCH: 164822827 82.4114%
BRANCH_DIRECT_JUMP: 2021332 1.01067%
BRANCH_INDIRECT: 11922578 5.96129%
BRANCH_CONDITIONAL: 12611370 6.30569%
BRANCH_DIRECT_CALL: 3635717 1.81786%
BRANCH_INDIRECT_CALL: 675038 0.337519%
BRANCH_RETURN: 4310804 2.1554%
BRANCH_OTHER: 0 0%

===================== LRU L1D STATS =====================
Total pollution count in L1D: 0
=========================================================
================ SRRIP (L2C) Pollution Stats ================
Total pollution count in L2c: 6691
==================================================================
DRAM PAGES: 1048576
Allocated PAGES: 1920
