
*** ChampSim Multicore Out-of-Order Simulator ***

Warmup Instructions: 200000000
Simulation Instructions: 200000000
Number of CPUs: 1
LLC sets: 4096
LLC ways: 12
Off-chip DRAM Size: 4096 MB Channels: 1 Width: 64-bit Data Rate: 6400 MT/s
CPU 0 runs /home1/sweta/traces/qualcomm_traces/srv_2.champsimtrace.xz
.xz
BTB has LRU replacement policy
ITLB has LRU replacement policy
DTLB has LRU replacement policy
STLB has LRU replacement policy
L1I has LRU replacement policy
L1D has LRU replacement policy
CPU 0 L2C IP-based stride prefetcher
Initialize SRRIP state for L2C
Initialize Mockingjay state for LLC
Heartbeat CPU 0 instructions: 10000000 cycles: 1908869 heartbeat IPC: 5.2387 cumulative IPC: 5.2387 (Simulation time: 0 hr 0 min 36 sec) 
Heartbeat CPU 0 instructions: 20000005 cycles: 3811362 heartbeat IPC: 5.25626 cumulative IPC: 5.24747 (Simulation time: 0 hr 1 min 3 sec) 
Heartbeat CPU 0 instructions: 30000005 cycles: 5718784 heartbeat IPC: 5.24268 cumulative IPC: 5.24587 (Simulation time: 0 hr 1 min 26 sec) 
*** Reached end of trace for Core: 0 Repeating trace: /home1/sweta/traces/qualcomm_traces/srv_2.champsimtrace.xz
Heartbeat CPU 0 instructions: 40000006 cycles: 7626153 heartbeat IPC: 5.24282 cumulative IPC: 5.24511 (Simulation time: 0 hr 1 min 52 sec) 
Heartbeat CPU 0 instructions: 50000004 cycles: 9529448 heartbeat IPC: 5.25405 cumulative IPC: 5.24689 (Simulation time: 0 hr 2 min 20 sec) 
Heartbeat CPU 0 instructions: 60000001 cycles: 11437597 heartbeat IPC: 5.24068 cumulative IPC: 5.24586 (Simulation time: 0 hr 2 min 43 sec) 
*** Reached end of trace for Core: 0 Repeating trace: /home1/sweta/traces/qualcomm_traces/srv_2.champsimtrace.xz
Heartbeat CPU 0 instructions: 70000002 cycles: 13340819 heartbeat IPC: 5.25425 cumulative IPC: 5.24705 (Simulation time: 0 hr 3 min 9 sec) 
Heartbeat CPU 0 instructions: 80000001 cycles: 15246994 heartbeat IPC: 5.24611 cumulative IPC: 5.24694 (Simulation time: 0 hr 3 min 33 sec) 
Heartbeat CPU 0 instructions: 90000000 cycles: 17153548 heartbeat IPC: 5.24506 cumulative IPC: 5.24673 (Simulation time: 0 hr 3 min 58 sec) 
*** Reached end of trace for Core: 0 Repeating trace: /home1/sweta/traces/qualcomm_traces/srv_2.champsimtrace.xz
Heartbeat CPU 0 instructions: 100000003 cycles: 19057713 heartbeat IPC: 5.25165 cumulative IPC: 5.24722 (Simulation time: 0 hr 4 min 23 sec) 
Heartbeat CPU 0 instructions: 110000005 cycles: 20963393 heartbeat IPC: 5.24747 cumulative IPC: 5.24724 (Simulation time: 0 hr 4 min 48 sec) 
Heartbeat CPU 0 instructions: 120000000 cycles: 22870455 heartbeat IPC: 5.24367 cumulative IPC: 5.24694 (Simulation time: 0 hr 5 min 13 sec) 
*** Reached end of trace for Core: 0 Repeating trace: /home1/sweta/traces/qualcomm_traces/srv_2.champsimtrace.xz
Heartbeat CPU 0 instructions: 130000000 cycles: 24775801 heartbeat IPC: 5.24839 cumulative IPC: 5.24706 (Simulation time: 0 hr 5 min 38 sec) 
Heartbeat CPU 0 instructions: 140000004 cycles: 26681556 heartbeat IPC: 5.24727 cumulative IPC: 5.24707 (Simulation time: 0 hr 6 min 3 sec) 
Heartbeat CPU 0 instructions: 150000002 cycles: 28587431 heartbeat IPC: 5.24693 cumulative IPC: 5.24706 (Simulation time: 0 hr 6 min 28 sec) 
*** Reached end of trace for Core: 0 Repeating trace: /home1/sweta/traces/qualcomm_traces/srv_2.champsimtrace.xz
Heartbeat CPU 0 instructions: 160000004 cycles: 30497118 heartbeat IPC: 5.23646 cumulative IPC: 5.2464 (Simulation time: 0 hr 6 min 53 sec) 
Heartbeat CPU 0 instructions: 170000003 cycles: 32400334 heartbeat IPC: 5.25426 cumulative IPC: 5.24686 (Simulation time: 0 hr 7 min 19 sec) 
Heartbeat CPU 0 instructions: 180000000 cycles: 34305416 heartbeat IPC: 5.24912 cumulative IPC: 5.24698 (Simulation time: 0 hr 7 min 44 sec) 
*** Reached end of trace for Core: 0 Repeating trace: /home1/sweta/traces/qualcomm_traces/srv_2.champsimtrace.xz
Heartbeat CPU 0 instructions: 190000001 cycles: 36212004 heartbeat IPC: 5.24497 cumulative IPC: 5.24688 (Simulation time: 0 hr 8 min 12 sec) 
Heartbeat CPU 0 instructions: 200000000 cycles: 38117271 heartbeat IPC: 5.24861 cumulative IPC: 5.24697 (Simulation time: 0 hr 8 min 40 sec) 

Warmup complete CPU 0 instructions: 200000002 cycles: 38117272 (Simulation time: 0 hr 8 min 40 sec) 

Heartbeat CPU 0 instructions: 210000000 cycles: 53421668 heartbeat IPC: 0.653407 cumulative IPC: 0.653407 (Simulation time: 0 hr 9 min 11 sec) 
*** Reached end of trace for Core: 0 Repeating trace: /home1/sweta/traces/qualcomm_traces/srv_2.champsimtrace.xz
Heartbeat CPU 0 instructions: 220000000 cycles: 69495499 heartbeat IPC: 0.622129 cumulative IPC: 0.637385 (Simulation time: 0 hr 9 min 43 sec) 
Heartbeat CPU 0 instructions: 230000006 cycles: 85132155 heartbeat IPC: 0.639523 cumulative IPC: 0.638096 (Simulation time: 0 hr 10 min 14 sec) 
Heartbeat CPU 0 instructions: 240000003 cycles: 100377726 heartbeat IPC: 0.655928 cumulative IPC: 0.642462 (Simulation time: 0 hr 10 min 45 sec) 
*** Reached end of trace for Core: 0 Repeating trace: /home1/sweta/traces/qualcomm_traces/srv_2.champsimtrace.xz
Heartbeat CPU 0 instructions: 250000002 cycles: 116373978 heartbeat IPC: 0.625146 cumulative IPC: 0.638923 (Simulation time: 0 hr 11 min 17 sec) 
Heartbeat CPU 0 instructions: 260000005 cycles: 132052749 heartbeat IPC: 0.637805 cumulative IPC: 0.638736 (Simulation time: 0 hr 11 min 48 sec) 
Heartbeat CPU 0 instructions: 270000000 cycles: 147281331 heartbeat IPC: 0.65666 cumulative IPC: 0.641237 (Simulation time: 0 hr 12 min 19 sec) 
*** Reached end of trace for Core: 0 Repeating trace: /home1/sweta/traces/qualcomm_traces/srv_2.champsimtrace.xz
Heartbeat CPU 0 instructions: 280000000 cycles: 163163989 heartbeat IPC: 0.629618 cumulative IPC: 0.639761 (Simulation time: 0 hr 12 min 55 sec) 
Heartbeat CPU 0 instructions: 290000003 cycles: 178969122 heartbeat IPC: 0.632706 cumulative IPC: 0.638969 (Simulation time: 0 hr 13 min 27 sec) 
Heartbeat CPU 0 instructions: 300000001 cycles: 194042063 heartbeat IPC: 0.66344 cumulative IPC: 0.641335 (Simulation time: 0 hr 13 min 58 sec) 
*** Reached end of trace for Core: 0 Repeating trace: /home1/sweta/traces/qualcomm_traces/srv_2.champsimtrace.xz
Heartbeat CPU 0 instructions: 310000001 cycles: 210013218 heartbeat IPC: 0.626129 cumulative IPC: 0.639922 (Simulation time: 0 hr 14 min 28 sec) 
Heartbeat CPU 0 instructions: 320000000 cycles: 225721650 heartbeat IPC: 0.636601 cumulative IPC: 0.639644 (Simulation time: 0 hr 14 min 59 sec) 
Heartbeat CPU 0 instructions: 330000002 cycles: 240846532 heartbeat IPC: 0.661162 cumulative IPC: 0.641249 (Simulation time: 0 hr 15 min 30 sec) 
*** Reached end of trace for Core: 0 Repeating trace: /home1/sweta/traces/qualcomm_traces/srv_2.champsimtrace.xz
Heartbeat CPU 0 instructions: 340000002 cycles: 256849696 heartbeat IPC: 0.624876 cumulative IPC: 0.640051 (Simulation time: 0 hr 16 min 0 sec) 
Heartbeat CPU 0 instructions: 350000006 cycles: 272472245 heartbeat IPC: 0.640101 cumulative IPC: 0.640055 (Simulation time: 0 hr 16 min 29 sec) 
Heartbeat CPU 0 instructions: 360000000 cycles: 287705204 heartbeat IPC: 0.656471 cumulative IPC: 0.641057 (Simulation time: 0 hr 16 min 59 sec) 
Heartbeat CPU 0 instructions: 370000003 cycles: 303315613 heartbeat IPC: 0.640598 cumulative IPC: 0.64103 (Simulation time: 0 hr 17 min 28 sec) 
*** Reached end of trace for Core: 0 Repeating trace: /home1/sweta/traces/qualcomm_traces/srv_2.champsimtrace.xz
Heartbeat CPU 0 instructions: 380000000 cycles: 319204816 heartbeat IPC: 0.629358 cumulative IPC: 0.64037 (Simulation time: 0 hr 17 min 55 sec) 
Heartbeat CPU 0 instructions: 390000005 cycles: 334506633 heartbeat IPC: 0.653517 cumulative IPC: 0.641049 (Simulation time: 0 hr 18 min 22 sec) 
Heartbeat CPU 0 instructions: 400000002 cycles: 350158424 heartbeat IPC: 0.638904 cumulative IPC: 0.640941 (Simulation time: 0 hr 18 min 49 sec) 
Finished CPU 0 instructions: 200000000 cycles: 312041152 cumulative IPC: 0.640941 (Simulation time: 0 hr 18 min 49 sec) 

ChampSim completed all CPUs

Region of Interest Statistics

CPU 0 cumulative IPC: 0.640941 instructions: 200000000 cycles: 312041152
ITLB TOTAL     ACCESS:   22023249  HIT:   21248922  MISS:     774327  HIT %:     96.484  MISS %:    3.51595   MPKI: 3.87163
ITLB LOAD TRANSLATION ACCESS:   22023249  HIT:   21248922  MISS:     774327  HIT %:     96.484  MISS %:    3.51595   MPKI: 3.87163
ITLB PREFETCH  REQUESTED:          0  ISSUED:          0  USEFUL:          0  USELESS:          0
ITLB USEFUL LOAD PREFETCHES:          0 PREFETCH ISSUED TO LOWER LEVEL:          0  ACCURACY: -nan
ITLB TIMELY PREFETCHES:          0 LATE PREFETCHES: 0 DROPPED PREFETCHES: 0
ITLB PREFETCHES SAME FILL-ORIGIN LEVEL: 0 DIFFERENT FILL-ORIGIN LEVEL: 0
ITLB AVERAGE MISS LATENCY:    12.1162 cycles AVERAGE LOAD MISS LATENCY:       -nan cycles Load Miss          0
ITLB Average MSHR Occupancy:   0.028765
ITLB RQ	ACCESS:   25575061	FORWARD:          0	MERGED:    2922627	TO_CACHE:   22652434

DTLB TOTAL     ACCESS:   32008109  HIT:   29400568  MISS:    2607541  HIT %:    91.8535  MISS %:     8.1465   MPKI: 13.0377
DTLB LOAD TRANSLATION ACCESS:   32008109  HIT:   29400568  MISS:    2607541  HIT %:    91.8535  MISS %:     8.1465   MPKI: 13.0377
DTLB PREFETCH  REQUESTED:          0  ISSUED:          0  USEFUL:          0  USELESS:          0
DTLB USEFUL LOAD PREFETCHES:          0 PREFETCH ISSUED TO LOWER LEVEL:          0  ACCURACY: -nan
DTLB TIMELY PREFETCHES:          0 LATE PREFETCHES: 0 DROPPED PREFETCHES: 0
DTLB PREFETCHES SAME FILL-ORIGIN LEVEL: 0 DIFFERENT FILL-ORIGIN LEVEL: 0
DTLB AVERAGE MISS LATENCY:    11.6845 cycles AVERAGE LOAD MISS LATENCY:       -nan cycles Load Miss          0
DTLB Average MSHR Occupancy:  0.0928654
DTLB RQ	ACCESS:   43706785	FORWARD:          0	MERGED:   11537051	TO_CACHE:   32169734

STLB TOTAL     ACCESS:    3381868  HIT:    3048860  MISS:     333008  HIT %:    90.1531  MISS %:    9.84687   MPKI: 1.66504
STLB LOAD TRANSLATION ACCESS:    3381868  HIT:    3048860  MISS:     333008  HIT %:    90.1531  MISS %:    9.84687   MPKI: 1.66504
STLB PREFETCH  REQUESTED:          0  ISSUED:          0  USEFUL:          0  USELESS:          0
STLB USEFUL LOAD PREFETCHES:          0 PREFETCH ISSUED TO LOWER LEVEL:          0  ACCURACY: -nan
STLB TIMELY PREFETCHES:          0 LATE PREFETCHES: 0 DROPPED PREFETCHES: 0
STLB PREFETCHES SAME FILL-ORIGIN LEVEL: 0 DIFFERENT FILL-ORIGIN LEVEL: 0
STLB AVERAGE MISS LATENCY:    28.0191 cycles AVERAGE LOAD MISS LATENCY:       -nan cycles Load Miss          0
STLB Average MSHR Occupancy:  0.0317159
STLB RQ	ACCESS:    3381868	FORWARD:          0	MERGED:          0	TO_CACHE:    3381868

STLB Hit, L1D data hit: 0
STLB Hit, L2C data hit: 0
STLB Hit, LLC data hit: 0
STLB Hit, LLC data miss: 0
STLB STLB hints to L2: 0
L1D TOTAL     ACCESS:   43267488  HIT:   40817586  MISS:    2449902  HIT %:    94.3378  MISS %:    5.66222   MPKI: 12.2495
L1D LOAD      ACCESS:   24048520  HIT:   21931567  MISS:    2116953  HIT %:    91.1972  MISS %:    8.80284   MPKI: 10.5848
L1D RFO       ACCESS:   19218968  HIT:   18886019  MISS:     332949  HIT %:    98.2676  MISS %:     1.7324   MPKI: 1.66474
L1D PREFETCH  REQUESTED:          0  ISSUED:          0  USEFUL:          0  USELESS:          0
L1D USEFUL LOAD PREFETCHES:          0 PREFETCH ISSUED TO LOWER LEVEL:          0  ACCURACY: -nan
L1D TIMELY PREFETCHES:          0 LATE PREFETCHES: 0 DROPPED PREFETCHES: 0
L1D PREFETCHES SAME FILL-ORIGIN LEVEL: 0 DIFFERENT FILL-ORIGIN LEVEL: 0
L1D AVERAGE MISS LATENCY:    23.9733 cycles AVERAGE LOAD MISS LATENCY:    23.4972 cycles Load Miss    2116953
L1D Average MSHR Occupancy:   0.194334
L1D RQ	ACCESS:   39951134	FORWARD:          0	MERGED:   15518615	TO_CACHE:   24112448
L1D WQ	ACCESS:   20223464	FORWARD:     320071	MERGED:     629127	TO_CACHE:   19594337

L1D UNIQUE REGIONS ACCESSED: 0
L1D REGIONS CONFLICTS: 0
L1D Cross Page Prefetch Requests: 0
L1D Same Page Prefetch Requests: 0
L1D ROI Sum of L1D PQ occupancy: 0
L1D PREFETCHES PUSHED FROM L2C: 0
L1I TOTAL     ACCESS:   25093085  HIT:   11042984  MISS:   14050101  HIT %:    44.0081  MISS %:    55.9919   MPKI: 70.2505
L1I LOAD      ACCESS:   25093085  HIT:   11042984  MISS:   14050101  HIT %:    44.0081  MISS %:    55.9919   MPKI: 70.2505
L1I PREFETCH  REQUESTED:          0  ISSUED:          0  USEFUL:          0  USELESS:          0
L1I USEFUL LOAD PREFETCHES:          0 PREFETCH ISSUED TO LOWER LEVEL:          0  ACCURACY: -nan
L1I TIMELY PREFETCHES:          0 LATE PREFETCHES: 0 DROPPED PREFETCHES: 0
L1I PREFETCHES SAME FILL-ORIGIN LEVEL: 0 DIFFERENT FILL-ORIGIN LEVEL: 0
L1I AVERAGE MISS LATENCY:    14.2506 cycles AVERAGE LOAD MISS LATENCY:    14.2506 cycles Load Miss   14050101
L1I Average MSHR Occupancy:   0.622111
L1I RQ	ACCESS:   47681099	FORWARD:          0	MERGED:   22106038	TO_CACHE:   25575061

BTB TOTAL     ACCESS:   22011236  HIT:   17639020  MISS:    4372216  HIT %:    80.1364  MISS %:    19.8636   MPKI: 21.8611
BTB BRANCH_DIRECT_JUMP	ACCESS:    1737095  HIT:    1493582  MISS:     243513
BTB BRANCH_INDIRECT	ACCESS:    9414446  HIT:    7281997  MISS:    2132449
BTB BRANCH_CONDITIONAL	ACCESS:    4564534  HIT:    4162124  MISS:     402410
BTB BRANCH_DIRECT_CALL	ACCESS:    2473577  HIT:    1994274  MISS:     479303
BTB BRANCH_INDIRECT_CALL	ACCESS:     673527  HIT:     633287  MISS:      40240
BTB BRANCH_RETURN	ACCESS:    3148057  HIT:    2073756  MISS:    1074301
BTB BRANCH_OTHER ACCESS:          0  HIT:          0  MISS:          0

L2C TOTAL     ACCESS:   18035063  HIT:   17687202  MISS:     347861  HIT %:    98.0712  MISS %:     1.9288   MPKI: 1.73931
L2C LOAD      ACCESS:   16167047  HIT:   15911047  MISS:     256000  HIT %:    98.4165  MISS %:    1.58347   MPKI: 1.28
L2C DATA LOAD MPKI: 1.14245
L2C INSTRUCTION LOAD MPKI: 0.13755
L2C RFO       ACCESS:     332928  HIT:     286789  MISS:      46139  HIT %:    86.1414  MISS %:    13.8586   MPKI: 0.230695
L2C PREFETCH  ACCESS:      86667  HIT:      59841  MISS:      26826  HIT %:     69.047  MISS %:     30.953   MPKI: 0.13413
AGUS PREFETCH L1 MISS: 0
L2C DATA PREFETCH MPKI: 0.13413
L2C INSTRUCTION PREFETCH MPKI: 0
L2C WRITEBACK ACCESS:    1008548  HIT:    1008368  MISS:        180  HIT %:    99.9822  MISS %:  0.0178474   MPKI: 0.0009
L2C LOAD TRANSLATION ACCESS:     439873  HIT:     421157  MISS:      18716  HIT %:    95.7451  MISS %:    4.25486   MPKI: 0.09358
L2C PREFETCH  REQUESTED:      87448  ISSUED:      87448  USEFUL:      24708  USELESS:       2157
L2C USEFUL LOAD PREFETCHES:      24708 PREFETCH ISSUED TO LOWER LEVEL:      26897  ACCURACY: 91.8615
L2C TIMELY PREFETCHES:      24708 LATE PREFETCHES: 71 DROPPED PREFETCHES: 0
L2C PREFETCHES SAME FILL-ORIGIN LEVEL: 26897 DIFFERENT FILL-ORIGIN LEVEL: 0
L2C AVERAGE MISS LATENCY:    80.9724 cycles AVERAGE LOAD MISS LATENCY:    77.5474 cycles Load Miss     256000
L2C Average MSHR Occupancy:  0.0896744
L2C RQ	ACCESS:   16939876	FORWARD:          0	MERGED:          0	TO_CACHE:   16939848
L2C WQ	ACCESS:    1008548	FORWARD:         28	MERGED:          0	TO_CACHE:    1008548
L2C PQ	ACCESS:      87448	FORWARD:          0	MERGED:         78	TO_CACHE:      87370

L2C Instructions Evicting Data 24168
L2C Translations Evicting Data 16171
L2C Data Evicting Data 262456
L2C Instructions Evicting Instructions 1747
L2C Translations Evicting Instructions 1530
L2C Data Evicting Instructions 22744
L2C Instructions Evicting Translations 1595
L2C Translations Evicting Translations 1015
L2C Data Evicting Translations 16255
L2C Dense regions hint from L2: 0
PSCL5 TOTAL     ACCESS:     333008  HIT:     333008  MISS:          0  HIT %:        100  MISS %:          0   MPKI: 0
PSCL5 LOAD TRANSLATION ACCESS:     333008  HIT:     333008  MISS:          0  HIT %:        100  MISS %:          0   MPKI: 0
PSCL5 PREFETCH  REQUESTED:          0  ISSUED:          0  USEFUL:          0  USELESS:          0
PSCL5 USEFUL LOAD PREFETCHES:          0 PREFETCH ISSUED TO LOWER LEVEL:          0  ACCURACY: -nan
PSCL5 TIMELY PREFETCHES:          0 LATE PREFETCHES: 0 DROPPED PREFETCHES: 0
PSCL5 PREFETCHES SAME FILL-ORIGIN LEVEL: 0 DIFFERENT FILL-ORIGIN LEVEL: 0

PSCL4 TOTAL     ACCESS:     314206  HIT:     313812  MISS:        394  HIT %:    99.8746  MISS %:   0.125395   MPKI: 0.00197
PSCL4 LOAD TRANSLATION ACCESS:     314206  HIT:     313812  MISS:        394  HIT %:    99.8746  MISS %:   0.125395   MPKI: 0.00197
PSCL4 PREFETCH  REQUESTED:          0  ISSUED:          0  USEFUL:          0  USELESS:          0
PSCL4 USEFUL LOAD PREFETCHES:          0 PREFETCH ISSUED TO LOWER LEVEL:          0  ACCURACY: -nan
PSCL4 TIMELY PREFETCHES:          0 LATE PREFETCHES: 0 DROPPED PREFETCHES: 0
PSCL4 PREFETCHES SAME FILL-ORIGIN LEVEL: 0 DIFFERENT FILL-ORIGIN LEVEL: 0

PSCL3 TOTAL     ACCESS:     332109  HIT:     331322  MISS:        787  HIT %:     99.763  MISS %:    0.23697   MPKI: 0.003935
PSCL3 LOAD TRANSLATION ACCESS:     332109  HIT:     331322  MISS:        787  HIT %:     99.763  MISS %:    0.23697   MPKI: 0.003935
PSCL3 PREFETCH  REQUESTED:          0  ISSUED:          0  USEFUL:          0  USELESS:          0
PSCL3 USEFUL LOAD PREFETCHES:          0 PREFETCH ISSUED TO LOWER LEVEL:          0  ACCURACY: -nan
PSCL3 TIMELY PREFETCHES:          0 LATE PREFETCHES: 0 DROPPED PREFETCHES: 0
PSCL3 PREFETCHES SAME FILL-ORIGIN LEVEL: 0 DIFFERENT FILL-ORIGIN LEVEL: 0

PSCL2 TOTAL     ACCESS:     333008  HIT:     227324  MISS:     105684  HIT %:    68.2638  MISS %:    31.7362   MPKI: 0.52842
PSCL2 LOAD TRANSLATION ACCESS:     333008  HIT:     227324  MISS:     105684  HIT %:    68.2638  MISS %:    31.7362   MPKI: 0.52842
PSCL2 PREFETCH  REQUESTED:          0  ISSUED:          0  USEFUL:          0  USELESS:          0
PSCL2 USEFUL LOAD PREFETCHES:          0 PREFETCH ISSUED TO LOWER LEVEL:          0  ACCURACY: -nan
PSCL2 TIMELY PREFETCHES:          0 LATE PREFETCHES: 0 DROPPED PREFETCHES: 0
PSCL2 PREFETCHES SAME FILL-ORIGIN LEVEL: 0 DIFFERENT FILL-ORIGIN LEVEL: 0

LLC TOTAL     ACCESS:     566194  HIT:     456502  MISS:     109692  HIT %:    80.6264  MISS %:    19.3736   MPKI: 0.54846
LLC LOAD      ACCESS:     255929  HIT:     206120  MISS:      49809  HIT %:     80.538  MISS %:     19.462   MPKI: 0.249045
LLC RFO       ACCESS:      46139  HIT:      34205  MISS:      11934  HIT %:    74.1347  MISS %:    25.8653   MPKI: 0.05967
LLC PREFETCH  ACCESS:      26897  HIT:      15905  MISS:      10992  HIT %:     59.133  MISS %:     40.867   MPKI: 0.05496
AGUS PREFETCH L1 MISS: 0
LLC WRITEBACK ACCESS:     218513  HIT:     184650  MISS:      33863  HIT %:     84.503  MISS %:     15.497   MPKI: 0.169315
LLC LOAD TRANSLATION ACCESS:      18716  HIT:      15622  MISS:       3094  HIT %:    83.4687  MISS %:    16.5313   MPKI: 0.01547
LLC PREFETCH  REQUESTED:          0  ISSUED:          0  USEFUL:         24  USELESS:       4984
LLC USEFUL LOAD PREFETCHES:         24 PREFETCH ISSUED TO LOWER LEVEL:      10992  ACCURACY: 0.218341
LLC TIMELY PREFETCHES:         24 LATE PREFETCHES: 0 DROPPED PREFETCHES: 0
LLC PREFETCHES SAME FILL-ORIGIN LEVEL: 0 DIFFERENT FILL-ORIGIN LEVEL: 0
LLC AVERAGE MISS LATENCY:    114.237 cycles AVERAGE LOAD MISS LATENCY:    167.273 cycles Load Miss      49809
LLC Average MSHR Occupancy:  0.0399147
LLC RQ	ACCESS:     320784	FORWARD:          0	MERGED:          0	TO_CACHE:     320784
LLC WQ	ACCESS:     218513	FORWARD:          0	MERGED:          0	TO_CACHE:     218513
LLC PQ	ACCESS:      26897	FORWARD:          0	MERGED:          0	TO_CACHE:      26897

LLC Dense regions hint to LLC: 0

RAW hits: 4917542
Loads Generated: 44868676
Loads sent to L1D: 39951134
Stores Generated: 20223458
Stores sent to L1D: 20223464
Major fault: 0 Minor fault: 6527
Allocated PAGES: 6527
CPU 0 L2C PC-based stride prefetcher final stats
================ Mockingjay (LLC) Pollution Stats ================
Total pollution count in LLC: 3215
==================================================================

DRAM Statistics
 CHANNEL 0
 RQ ROW_BUFFER_HIT:      15657  ROW_BUFFER_MISS:      60172
 DBUS_CONGESTED:         24
 WQ ROW_BUFFER_HIT:       4906  ROW_BUFFER_MISS:      53337  FULL:          0

 AVG_CONGESTED_CYCLE: 4
 All warmup complete: 2
Channel 0 Bank busy for read cycles: 0
Channel 0 Bank busy for write cycles: 0
Channel 0
Rank 0
0banks busy for read cycles: 296082935
0banks busy for write cycles: 42190
1banks busy for read cycles: 7341853
1banks busy for write cycles: 6223096
2banks busy for read cycles: 799950
2banks busy for write cycles: 923646
3banks busy for read cycles: 194434
3banks busy for write cycles: 234578
4banks busy for read cycles: 51693
4banks busy for write cycles: 76353
5banks busy for read cycles: 8060
5banks busy for write cycles: 33257
6banks busy for read cycles: 4416
6banks busy for write cycles: 15783
7banks busy for read cycles: 1170
7banks busy for write cycles: 5915
8banks busy for read cycles: 248
8banks busy for write cycles: 1576

CPU 0 Branch Prediction Accuracy: 99.8641% MPKI: 0.242705 Average ROB Occupancy at Mispredict: 99.9972
Branch types
NOT_BRANCH: 164293881 82.1469%
BRANCH_DIRECT_JUMP: 1737095 0.868548%
BRANCH_INDIRECT: 9414446 4.70722%
BRANCH_CONDITIONAL: 18259395 9.1297%
BRANCH_DIRECT_CALL: 2473577 1.23679%
BRANCH_INDIRECT_CALL: 673527 0.336763%
BRANCH_RETURN: 3148057 1.57403%
BRANCH_OTHER: 0 0%

===================== LRU L1D STATS =====================
Total pollution count in L1D: 0
=========================================================
================ SRRIP (L2C) Pollution Stats ================
Total pollution count in L2c: 476252
==================================================================
DRAM PAGES: 1048576
Allocated PAGES: 6527
