
*** ChampSim Multicore Out-of-Order Simulator ***

Warmup Instructions: 200000000
Simulation Instructions: 200000000
Number of CPUs: 1
LLC sets: 4096
LLC ways: 12
Off-chip DRAM Size: 4096 MB Channels: 1 Width: 64-bit Data Rate: 6400 MT/s
CPU 0 runs /home1/sweta/traces/qualcomm_traces/srv_68.champsimtrace.xz
.xz
BTB has LRU replacement policy
ITLB has LRU replacement policy
DTLB has LRU replacement policy
STLB has LRU replacement policy
L1I has LRU replacement policy
L1D has LRU replacement policy
CPU 0 L2C IP-based stride prefetcher
Initialize SRRIP state for L2C
Initialize Mockingjay state for LLC
Heartbeat CPU 0 instructions: 10000000 cycles: 1911443 heartbeat IPC: 5.23165 cumulative IPC: 5.23165 (Simulation time: 0 hr 0 min 21 sec) 
Heartbeat CPU 0 instructions: 20000003 cycles: 3822321 heartbeat IPC: 5.2332 cumulative IPC: 5.23242 (Simulation time: 0 hr 0 min 42 sec) 
Heartbeat CPU 0 instructions: 30000000 cycles: 5727872 heartbeat IPC: 5.24782 cumulative IPC: 5.23755 (Simulation time: 0 hr 1 min 2 sec) 
*** Reached end of trace for Core: 0 Repeating trace: /home1/sweta/traces/qualcomm_traces/srv_68.champsimtrace.xz
Heartbeat CPU 0 instructions: 40000007 cycles: 7641194 heartbeat IPC: 5.22652 cumulative IPC: 5.23479 (Simulation time: 0 hr 1 min 23 sec) 
Heartbeat CPU 0 instructions: 50000005 cycles: 9548054 heartbeat IPC: 5.24422 cumulative IPC: 5.23667 (Simulation time: 0 hr 1 min 44 sec) 
Heartbeat CPU 0 instructions: 60000001 cycles: 11455129 heartbeat IPC: 5.24363 cumulative IPC: 5.23783 (Simulation time: 0 hr 2 min 5 sec) 
*** Reached end of trace for Core: 0 Repeating trace: /home1/sweta/traces/qualcomm_traces/srv_68.champsimtrace.xz
Heartbeat CPU 0 instructions: 70000006 cycles: 13368345 heartbeat IPC: 5.2268 cumulative IPC: 5.23625 (Simulation time: 0 hr 2 min 25 sec) 
Heartbeat CPU 0 instructions: 80000001 cycles: 15275546 heartbeat IPC: 5.24328 cumulative IPC: 5.23713 (Simulation time: 0 hr 2 min 45 sec) 
Heartbeat CPU 0 instructions: 90000000 cycles: 17181423 heartbeat IPC: 5.24693 cumulative IPC: 5.23822 (Simulation time: 0 hr 3 min 6 sec) 
*** Reached end of trace for Core: 0 Repeating trace: /home1/sweta/traces/qualcomm_traces/srv_68.champsimtrace.xz
Heartbeat CPU 0 instructions: 100000001 cycles: 19099852 heartbeat IPC: 5.2126 cumulative IPC: 5.23564 (Simulation time: 0 hr 3 min 26 sec) 
Heartbeat CPU 0 instructions: 110000002 cycles: 21001566 heartbeat IPC: 5.25841 cumulative IPC: 5.2377 (Simulation time: 0 hr 3 min 47 sec) 
Heartbeat CPU 0 instructions: 120000000 cycles: 22908485 heartbeat IPC: 5.24406 cumulative IPC: 5.23823 (Simulation time: 0 hr 4 min 8 sec) 
*** Reached end of trace for Core: 0 Repeating trace: /home1/sweta/traces/qualcomm_traces/srv_68.champsimtrace.xz
Heartbeat CPU 0 instructions: 130000004 cycles: 24826731 heartbeat IPC: 5.2131 cumulative IPC: 5.23629 (Simulation time: 0 hr 4 min 29 sec) 
Heartbeat CPU 0 instructions: 140000001 cycles: 26728058 heartbeat IPC: 5.25948 cumulative IPC: 5.23794 (Simulation time: 0 hr 4 min 49 sec) 
Heartbeat CPU 0 instructions: 150000001 cycles: 28634773 heartbeat IPC: 5.24462 cumulative IPC: 5.23839 (Simulation time: 0 hr 5 min 9 sec) 
*** Reached end of trace for Core: 0 Repeating trace: /home1/sweta/traces/qualcomm_traces/srv_68.champsimtrace.xz
Heartbeat CPU 0 instructions: 160000006 cycles: 30551699 heartbeat IPC: 5.21669 cumulative IPC: 5.23702 (Simulation time: 0 hr 5 min 29 sec) 
Heartbeat CPU 0 instructions: 170000000 cycles: 32453718 heartbeat IPC: 5.25757 cumulative IPC: 5.23823 (Simulation time: 0 hr 5 min 49 sec) 
Heartbeat CPU 0 instructions: 180000000 cycles: 34360408 heartbeat IPC: 5.24469 cumulative IPC: 5.23859 (Simulation time: 0 hr 6 min 9 sec) 
*** Reached end of trace for Core: 0 Repeating trace: /home1/sweta/traces/qualcomm_traces/srv_68.champsimtrace.xz
Heartbeat CPU 0 instructions: 190000002 cycles: 36280944 heartbeat IPC: 5.20688 cumulative IPC: 5.23691 (Simulation time: 0 hr 6 min 28 sec) 
Heartbeat CPU 0 instructions: 200000006 cycles: 38181938 heartbeat IPC: 5.26041 cumulative IPC: 5.23808 (Simulation time: 0 hr 6 min 48 sec) 

Warmup complete CPU 0 instructions: 200000006 cycles: 38181938 (Simulation time: 0 hr 6 min 48 sec) 

Heartbeat CPU 0 instructions: 210000000 cycles: 54070824 heartbeat IPC: 0.62937 cumulative IPC: 0.62937 (Simulation time: 0 hr 7 min 15 sec) 
*** Reached end of trace for Core: 0 Repeating trace: /home1/sweta/traces/qualcomm_traces/srv_68.champsimtrace.xz
Heartbeat CPU 0 instructions: 220000001 cycles: 69071991 heartbeat IPC: 0.666615 cumulative IPC: 0.647457 (Simulation time: 0 hr 7 min 42 sec) 
Heartbeat CPU 0 instructions: 230000002 cycles: 84672848 heartbeat IPC: 0.64099 cumulative IPC: 0.645287 (Simulation time: 0 hr 8 min 9 sec) 
Heartbeat CPU 0 instructions: 240000006 cycles: 100426711 heartbeat IPC: 0.634765 cumulative IPC: 0.642624 (Simulation time: 0 hr 8 min 35 sec) 
*** Reached end of trace for Core: 0 Repeating trace: /home1/sweta/traces/qualcomm_traces/srv_68.champsimtrace.xz
Heartbeat CPU 0 instructions: 250000006 cycles: 115453527 heartbeat IPC: 0.665477 cumulative IPC: 0.647068 (Simulation time: 0 hr 9 min 0 sec) 
Heartbeat CPU 0 instructions: 260000001 cycles: 131113621 heartbeat IPC: 0.638565 cumulative IPC: 0.645635 (Simulation time: 0 hr 9 min 24 sec) 
Heartbeat CPU 0 instructions: 270000000 cycles: 146654061 heartbeat IPC: 0.643482 cumulative IPC: 0.645327 (Simulation time: 0 hr 9 min 49 sec) 
*** Reached end of trace for Core: 0 Repeating trace: /home1/sweta/traces/qualcomm_traces/srv_68.champsimtrace.xz
Heartbeat CPU 0 instructions: 280000004 cycles: 161657514 heartbeat IPC: 0.666514 cumulative IPC: 0.647901 (Simulation time: 0 hr 10 min 14 sec) 
Heartbeat CPU 0 instructions: 290000005 cycles: 177379369 heartbeat IPC: 0.636057 cumulative IPC: 0.646564 (Simulation time: 0 hr 10 min 37 sec) 
Heartbeat CPU 0 instructions: 300000000 cycles: 193018173 heartbeat IPC: 0.639435 cumulative IPC: 0.645844 (Simulation time: 0 hr 11 min 0 sec) 
*** Reached end of trace for Core: 0 Repeating trace: /home1/sweta/traces/qualcomm_traces/srv_68.champsimtrace.xz
Heartbeat CPU 0 instructions: 310000001 cycles: 207872865 heartbeat IPC: 0.673188 cumulative IPC: 0.648237 (Simulation time: 0 hr 11 min 24 sec) 
Heartbeat CPU 0 instructions: 320000000 cycles: 223776527 heartbeat IPC: 0.628786 cumulative IPC: 0.646571 (Simulation time: 0 hr 11 min 47 sec) 
Heartbeat CPU 0 instructions: 330000007 cycles: 239343721 heartbeat IPC: 0.642377 cumulative IPC: 0.646246 (Simulation time: 0 hr 12 min 11 sec) 
*** Reached end of trace for Core: 0 Repeating trace: /home1/sweta/traces/qualcomm_traces/srv_68.champsimtrace.xz
Heartbeat CPU 0 instructions: 340000002 cycles: 254193052 heartbeat IPC: 0.673431 cumulative IPC: 0.648115 (Simulation time: 0 hr 12 min 34 sec) 
Heartbeat CPU 0 instructions: 350000000 cycles: 269991595 heartbeat IPC: 0.63297 cumulative IPC: 0.647083 (Simulation time: 0 hr 12 min 57 sec) 
Heartbeat CPU 0 instructions: 360000000 cycles: 285504316 heartbeat IPC: 0.644632 cumulative IPC: 0.646929 (Simulation time: 0 hr 13 min 22 sec) 
*** Reached end of trace for Core: 0 Repeating trace: /home1/sweta/traces/qualcomm_traces/srv_68.champsimtrace.xz
Heartbeat CPU 0 instructions: 370000005 cycles: 300526692 heartbeat IPC: 0.665674 cumulative IPC: 0.648002 (Simulation time: 0 hr 13 min 51 sec) 
Heartbeat CPU 0 instructions: 380000002 cycles: 316049880 heartbeat IPC: 0.644197 cumulative IPC: 0.64779 (Simulation time: 0 hr 14 min 19 sec) 
Heartbeat CPU 0 instructions: 390000004 cycles: 331735294 heartbeat IPC: 0.637535 cumulative IPC: 0.647242 (Simulation time: 0 hr 14 min 48 sec) 
Heartbeat CPU 0 instructions: 400000001 cycles: 347091724 heartbeat IPC: 0.651193 cumulative IPC: 0.647438 (Simulation time: 0 hr 15 min 16 sec) 
Finished CPU 0 instructions: 200000003 cycles: 308909787 cumulative IPC: 0.647438 (Simulation time: 0 hr 15 min 16 sec) 

ChampSim completed all CPUs

Region of Interest Statistics

CPU 0 cumulative IPC: 0.647438 instructions: 200000003 cycles: 308909787
ITLB TOTAL     ACCESS:   21854682  HIT:   21122314  MISS:     732368  HIT %:    96.6489  MISS %:    3.35108   MPKI: 3.66184
ITLB LOAD TRANSLATION ACCESS:   21854682  HIT:   21122314  MISS:     732368  HIT %:    96.6489  MISS %:    3.35108   MPKI: 3.66184
ITLB PREFETCH  REQUESTED:          0  ISSUED:          0  USEFUL:          0  USELESS:          0
ITLB USEFUL LOAD PREFETCHES:          0 PREFETCH ISSUED TO LOWER LEVEL:          0  ACCURACY: -nan
ITLB TIMELY PREFETCHES:          0 LATE PREFETCHES: 0 DROPPED PREFETCHES: 0
ITLB PREFETCHES SAME FILL-ORIGIN LEVEL: 0 DIFFERENT FILL-ORIGIN LEVEL: 0
ITLB AVERAGE MISS LATENCY:    12.8612 cycles AVERAGE LOAD MISS LATENCY:       -nan cycles Load Miss          0
ITLB Average MSHR Occupancy:  0.0295134
ITLB RQ	ACCESS:   25216998	FORWARD:          0	MERGED:    2773583	TO_CACHE:   22443415

DTLB TOTAL     ACCESS:   31814987  HIT:   29435505  MISS:    2379482  HIT %:    92.5209  MISS %:    7.47912   MPKI: 11.8974
DTLB LOAD TRANSLATION ACCESS:   31814987  HIT:   29435505  MISS:    2379482  HIT %:    92.5209  MISS %:    7.47912   MPKI: 11.8974
DTLB PREFETCH  REQUESTED:          0  ISSUED:          0  USEFUL:          0  USELESS:          0
DTLB USEFUL LOAD PREFETCHES:          0 PREFETCH ISSUED TO LOWER LEVEL:          0  ACCURACY: -nan
DTLB TIMELY PREFETCHES:          0 LATE PREFETCHES: 0 DROPPED PREFETCHES: 0
DTLB PREFETCHES SAME FILL-ORIGIN LEVEL: 0 DIFFERENT FILL-ORIGIN LEVEL: 0
DTLB AVERAGE MISS LATENCY:    12.0109 cycles AVERAGE LOAD MISS LATENCY:       -nan cycles Load Miss          0
DTLB Average MSHR Occupancy:  0.0888073
DTLB RQ	ACCESS:   43403739	FORWARD:          0	MERGED:   11429958	TO_CACHE:   31973781

STLB TOTAL     ACCESS:    3111850  HIT:    2733044  MISS:     378806  HIT %:     87.827  MISS %:     12.173   MPKI: 1.89403
STLB LOAD TRANSLATION ACCESS:    3111850  HIT:    2733044  MISS:     378806  HIT %:     87.827  MISS %:     12.173   MPKI: 1.89403
STLB PREFETCH  REQUESTED:          0  ISSUED:          0  USEFUL:          0  USELESS:          0
STLB USEFUL LOAD PREFETCHES:          0 PREFETCH ISSUED TO LOWER LEVEL:          0  ACCURACY: -nan
STLB TIMELY PREFETCHES:          0 LATE PREFETCHES: 0 DROPPED PREFETCHES: 0
STLB PREFETCHES SAME FILL-ORIGIN LEVEL: 0 DIFFERENT FILL-ORIGIN LEVEL: 0
STLB AVERAGE MISS LATENCY:    26.1931 cycles AVERAGE LOAD MISS LATENCY:       -nan cycles Load Miss          0
STLB Average MSHR Occupancy:  0.0343303
STLB RQ	ACCESS:    3111849	FORWARD:          0	MERGED:          0	TO_CACHE:    3111849

STLB Hit, L1D data hit: 0
STLB Hit, L2C data hit: 0
STLB Hit, LLC data hit: 0
STLB Hit, LLC data miss: 0
STLB STLB hints to L2: 0
L1D TOTAL     ACCESS:   42982929  HIT:   40641752  MISS:    2341177  HIT %:    94.5532  MISS %:    5.44676   MPKI: 11.7059
L1D LOAD      ACCESS:   24012468  HIT:   21979610  MISS:    2032858  HIT %:    91.5342  MISS %:    8.46584   MPKI: 10.1643
L1D RFO       ACCESS:   18970461  HIT:   18662142  MISS:     308319  HIT %:    98.3747  MISS %:    1.62526   MPKI: 1.54159
L1D PREFETCH  REQUESTED:          0  ISSUED:          0  USEFUL:          0  USELESS:          0
L1D USEFUL LOAD PREFETCHES:          0 PREFETCH ISSUED TO LOWER LEVEL:          0  ACCURACY: -nan
L1D TIMELY PREFETCHES:          0 LATE PREFETCHES: 0 DROPPED PREFETCHES: 0
L1D PREFETCHES SAME FILL-ORIGIN LEVEL: 0 DIFFERENT FILL-ORIGIN LEVEL: 0
L1D AVERAGE MISS LATENCY:    23.4252 cycles AVERAGE LOAD MISS LATENCY:    23.1767 cycles Load Miss    2032858
L1D Average MSHR Occupancy:   0.184536
L1D RQ	ACCESS:   40436052	FORWARD:          0	MERGED:   16033892	TO_CACHE:   24073866
L1D WQ	ACCESS:   19957805	FORWARD:     328294	MERGED:     627932	TO_CACHE:   19329873

L1D UNIQUE REGIONS ACCESSED: 0
L1D REGIONS CONFLICTS: 0
L1D Cross Page Prefetch Requests: 0
L1D Same Page Prefetch Requests: 0
L1D ROI Sum of L1D PQ occupancy: 0
L1D PREFETCHES PUSHED FROM L2C: 0
L1I TOTAL     ACCESS:   24753304  HIT:   11442829  MISS:   13310475  HIT %:    46.2275  MISS %:    53.7725   MPKI: 66.5524
L1I LOAD      ACCESS:   24753304  HIT:   11442829  MISS:   13310475  HIT %:    46.2275  MISS %:    53.7725   MPKI: 66.5524
L1I PREFETCH  REQUESTED:          0  ISSUED:          0  USEFUL:          0  USELESS:          0
L1I USEFUL LOAD PREFETCHES:          0 PREFETCH ISSUED TO LOWER LEVEL:          0  ACCURACY: -nan
L1I TIMELY PREFETCHES:          0 LATE PREFETCHES: 0 DROPPED PREFETCHES: 0
L1I PREFETCHES SAME FILL-ORIGIN LEVEL: 0 DIFFERENT FILL-ORIGIN LEVEL: 0
L1I AVERAGE MISS LATENCY:    14.2111 cycles AVERAGE LOAD MISS LATENCY:    14.2111 cycles Load Miss   13310475
L1I Average MSHR Occupancy:   0.595159
L1I RQ	ACCESS:   47589779	FORWARD:          0	MERGED:   22372781	TO_CACHE:   25216998

BTB TOTAL     ACCESS:   21731303  HIT:   17414479  MISS:    4316824  HIT %:    80.1355  MISS %:    19.8645   MPKI: 21.5841
BTB BRANCH_DIRECT_JUMP	ACCESS:    1706237  HIT:    1457155  MISS:     249082
BTB BRANCH_INDIRECT	ACCESS:    9414496  HIT:    7321738  MISS:    2092758
BTB BRANCH_CONDITIONAL	ACCESS:    4491177  HIT:    4082370  MISS:     408807
BTB BRANCH_DIRECT_CALL	ACCESS:    2427845  HIT:    1963974  MISS:     463871
BTB BRANCH_INDIRECT_CALL	ACCESS:     630914  HIT:     594100  MISS:      36814
BTB BRANCH_RETURN	ACCESS:    3060634  HIT:    1995142  MISS:    1065492
BTB BRANCH_OTHER ACCESS:          0  HIT:          0  MISS:          0

L2C TOTAL     ACCESS:   17179381  HIT:   16849570  MISS:     329811  HIT %:    98.0802  MISS %:    1.91981   MPKI: 1.64905
L2C LOAD      ACCESS:   15343242  HIT:   15098380  MISS:     244862  HIT %:    98.4041  MISS %:    1.59589   MPKI: 1.22431
L2C DATA LOAD MPKI: 1.12833
L2C INSTRUCTION LOAD MPKI: 0.095975
L2C RFO       ACCESS:     308317  HIT:     260694  MISS:      47623  HIT %:    84.5539  MISS %:    15.4461   MPKI: 0.238115
L2C PREFETCH  ACCESS:      73857  HIT:      52577  MISS:      21280  HIT %:    71.1876  MISS %:    28.8124   MPKI: 0.1064
AGUS PREFETCH L1 MISS: 0
L2C DATA PREFETCH MPKI: 0.1064
L2C INSTRUCTION PREFETCH MPKI: 0
L2C WRITEBACK ACCESS:     964515  HIT:     964137  MISS:        378  HIT %:    99.9608  MISS %:  0.0391907   MPKI: 0.00189
L2C LOAD TRANSLATION ACCESS:     489450  HIT:     473782  MISS:      15668  HIT %:    96.7989  MISS %:    3.20114   MPKI: 0.07834
L2C PREFETCH  REQUESTED:      74092  ISSUED:      74092  USEFUL:      19838  USELESS:       1455
L2C USEFUL LOAD PREFETCHES:      19838 PREFETCH ISSUED TO LOWER LEVEL:      21293  ACCURACY: 93.1668
L2C TIMELY PREFETCHES:      19838 LATE PREFETCHES: 13 DROPPED PREFETCHES: 0
L2C PREFETCHES SAME FILL-ORIGIN LEVEL: 21293 DIFFERENT FILL-ORIGIN LEVEL: 0
L2C AVERAGE MISS LATENCY:    72.4988 cycles AVERAGE LOAD MISS LATENCY:      72.27 cycles Load Miss     244862
L2C Average MSHR Occupancy:  0.0767721
L2C RQ	ACCESS:   16141101	FORWARD:          0	MERGED:          0	TO_CACHE:   16141008
L2C WQ	ACCESS:     964516	FORWARD:         93	MERGED:          0	TO_CACHE:     964516
L2C PQ	ACCESS:      74092	FORWARD:          0	MERGED:         24	TO_CACHE:      74068

L2C Instructions Evicting Data 16816
L2C Translations Evicting Data 13790
L2C Data Evicting Data 263991
L2C Instructions Evicting Instructions 1347
L2C Translations Evicting Instructions 1016
L2C Data Evicting Instructions 16790
L2C Instructions Evicting Translations 1032
L2C Translations Evicting Translations 862
L2C Data Evicting Translations 13789
L2C Dense regions hint from L2: 0
PSCL5 TOTAL     ACCESS:     378805  HIT:     378805  MISS:          0  HIT %:        100  MISS %:          0   MPKI: 0
PSCL5 LOAD TRANSLATION ACCESS:     378805  HIT:     378805  MISS:          0  HIT %:        100  MISS %:          0   MPKI: 0
PSCL5 PREFETCH  REQUESTED:          0  ISSUED:          0  USEFUL:          0  USELESS:          0
PSCL5 USEFUL LOAD PREFETCHES:          0 PREFETCH ISSUED TO LOWER LEVEL:          0  ACCURACY: -nan
PSCL5 TIMELY PREFETCHES:          0 LATE PREFETCHES: 0 DROPPED PREFETCHES: 0
PSCL5 PREFETCHES SAME FILL-ORIGIN LEVEL: 0 DIFFERENT FILL-ORIGIN LEVEL: 0

PSCL4 TOTAL     ACCESS:     359360  HIT:     358741  MISS:        619  HIT %:    99.8277  MISS %:   0.172251   MPKI: 0.003095
PSCL4 LOAD TRANSLATION ACCESS:     359360  HIT:     358741  MISS:        619  HIT %:    99.8277  MISS %:   0.172251   MPKI: 0.003095
PSCL4 PREFETCH  REQUESTED:          0  ISSUED:          0  USEFUL:          0  USELESS:          0
PSCL4 USEFUL LOAD PREFETCHES:          0 PREFETCH ISSUED TO LOWER LEVEL:          0  ACCURACY: -nan
PSCL4 TIMELY PREFETCHES:          0 LATE PREFETCHES: 0 DROPPED PREFETCHES: 0
PSCL4 PREFETCHES SAME FILL-ORIGIN LEVEL: 0 DIFFERENT FILL-ORIGIN LEVEL: 0

PSCL3 TOTAL     ACCESS:     377690  HIT:     375691  MISS:       1999  HIT %:    99.4707  MISS %:    0.52927   MPKI: 0.009995
PSCL3 LOAD TRANSLATION ACCESS:     377690  HIT:     375691  MISS:       1999  HIT %:    99.4707  MISS %:    0.52927   MPKI: 0.009995
PSCL3 PREFETCH  REQUESTED:          0  ISSUED:          0  USEFUL:          0  USELESS:          0
PSCL3 USEFUL LOAD PREFETCHES:          0 PREFETCH ISSUED TO LOWER LEVEL:          0  ACCURACY: -nan
PSCL3 TIMELY PREFETCHES:          0 LATE PREFETCHES: 0 DROPPED PREFETCHES: 0
PSCL3 PREFETCHES SAME FILL-ORIGIN LEVEL: 0 DIFFERENT FILL-ORIGIN LEVEL: 0

PSCL2 TOTAL     ACCESS:     378805  HIT:     270778  MISS:     108027  HIT %:    71.4822  MISS %:    28.5178   MPKI: 0.540135
PSCL2 LOAD TRANSLATION ACCESS:     378805  HIT:     270778  MISS:     108027  HIT %:    71.4822  MISS %:    28.5178   MPKI: 0.540135
PSCL2 PREFETCH  REQUESTED:          0  ISSUED:          0  USEFUL:          0  USELESS:          0
PSCL2 USEFUL LOAD PREFETCHES:          0 PREFETCH ISSUED TO LOWER LEVEL:          0  ACCURACY: -nan
PSCL2 TIMELY PREFETCHES:          0 LATE PREFETCHES: 0 DROPPED PREFETCHES: 0
PSCL2 PREFETCHES SAME FILL-ORIGIN LEVEL: 0 DIFFERENT FILL-ORIGIN LEVEL: 0

LLC TOTAL     ACCESS:     544422  HIT:     472910  MISS:      71512  HIT %:    86.8646  MISS %:    13.1354   MPKI: 0.35756
LLC LOAD      ACCESS:     244849  HIT:     204514  MISS:      40335  HIT %:    83.5266  MISS %:    16.4734   MPKI: 0.201675
LLC RFO       ACCESS:      47623  HIT:      41705  MISS:       5918  HIT %:    87.5732  MISS %:    12.4268   MPKI: 0.02959
LLC PREFETCH  ACCESS:      21293  HIT:      14502  MISS:       6791  HIT %:    68.1069  MISS %:    31.8931   MPKI: 0.033955
AGUS PREFETCH L1 MISS: 0
LLC WRITEBACK ACCESS:     214989  HIT:     198712  MISS:      16277  HIT %:    92.4289  MISS %:    7.57109   MPKI: 0.081385
LLC LOAD TRANSLATION ACCESS:      15668  HIT:      13477  MISS:       2191  HIT %:    86.0161  MISS %:    13.9839   MPKI: 0.010955
LLC PREFETCH  REQUESTED:          0  ISSUED:          0  USEFUL:          8  USELESS:       2757
LLC USEFUL LOAD PREFETCHES:          8 PREFETCH ISSUED TO LOWER LEVEL:       6791  ACCURACY: 0.117803
LLC TIMELY PREFETCHES:          8 LATE PREFETCHES: 0 DROPPED PREFETCHES: 0
LLC PREFETCHES SAME FILL-ORIGIN LEVEL: 0 DIFFERENT FILL-ORIGIN LEVEL: 0
LLC AVERAGE MISS LATENCY:    127.074 cycles AVERAGE LOAD MISS LATENCY:    165.515 cycles Load Miss      40335
LLC Average MSHR Occupancy:  0.0292386
LLC RQ	ACCESS:     308140	FORWARD:          0	MERGED:          0	TO_CACHE:     308140
LLC WQ	ACCESS:     214989	FORWARD:          0	MERGED:          0	TO_CACHE:     214989
LLC PQ	ACCESS:      21293	FORWARD:          0	MERGED:          0	TO_CACHE:      21293

LLC Dense regions hint to LLC: 0

RAW hits: 5310362
Loads Generated: 45746413
Loads sent to L1D: 40436052
Stores Generated: 19957802
Stores sent to L1D: 19957805
Major fault: 0 Minor fault: 5849
Allocated PAGES: 5849
CPU 0 L2C PC-based stride prefetcher final stats
================ Mockingjay (LLC) Pollution Stats ================
Total pollution count in LLC: 2769
==================================================================

DRAM Statistics
 CHANNEL 0
 RQ ROW_BUFFER_HIT:      11989  ROW_BUFFER_MISS:      43246
 DBUS_CONGESTED:         16
 WQ ROW_BUFFER_HIT:       2417  ROW_BUFFER_MISS:      36451  FULL:          0

 AVG_CONGESTED_CYCLE: 4
 All warmup complete: 2
Channel 0 Bank busy for read cycles: 0
Channel 0 Bank busy for write cycles: 0
Channel 0
Rank 0
0banks busy for read cycles: 297432042
0banks busy for write cycles: 30852
1banks busy for read cycles: 5605849
1banks busy for write cycles: 4577989
2banks busy for read cycles: 469894
2banks busy for write cycles: 485374
3banks busy for read cycles: 113884
3banks busy for write cycles: 94841
4banks busy for read cycles: 31977
4banks busy for write cycles: 25230
5banks busy for read cycles: 5475
5banks busy for write cycles: 8576
6banks busy for read cycles: 2884
6banks busy for write cycles: 3800
7banks busy for read cycles: 2515
7banks busy for write cycles: 4859
8banks busy for read cycles: 1250
8banks busy for write cycles: 12497

CPU 0 Branch Prediction Accuracy: 99.8464% MPKI: 0.270295 Average ROB Occupancy at Mispredict: 91.599
Branch types
NOT_BRANCH: 164803073 82.4015%
BRANCH_DIRECT_JUMP: 1706237 0.853118%
BRANCH_INDIRECT: 9414496 4.70725%
BRANCH_CONDITIONAL: 17956229 8.97811%
BRANCH_DIRECT_CALL: 2427845 1.21392%
BRANCH_INDIRECT_CALL: 630914 0.315457%
BRANCH_RETURN: 3060634 1.53032%
BRANCH_OTHER: 0 0%

===================== LRU L1D STATS =====================
Total pollution count in L1D: 0
=========================================================
================ SRRIP (L2C) Pollution Stats ================
Total pollution count in L2c: 462297
==================================================================
DRAM PAGES: 1048576
Allocated PAGES: 5849
