
*** ChampSim Multicore Out-of-Order Simulator ***

Warmup Instructions: 200000000
Simulation Instructions: 200000000
Number of CPUs: 1
LLC sets: 4096
LLC ways: 12
Off-chip DRAM Size: 4096 MB Channels: 1 Width: 64-bit Data Rate: 6400 MT/s
CPU 0 runs /home1/sweta/traces/qualcomm_traces/srv_75.champsimtrace.xz
.xz
BTB has LRU replacement policy
ITLB has LRU replacement policy
DTLB has LRU replacement policy
STLB has LRU replacement policy
L1I has LRU replacement policy
L1D has LRU replacement policy
CPU 0 L2C IP-based stride prefetcher
Initialize SRRIP state for L2C
Initialize Mockingjay state for LLC
Heartbeat CPU 0 instructions: 10000007 cycles: 2288772 heartbeat IPC: 4.36916 cumulative IPC: 4.36916 (Simulation time: 0 hr 0 min 25 sec) 
Heartbeat CPU 0 instructions: 20000003 cycles: 4559831 heartbeat IPC: 4.40323 cumulative IPC: 4.38613 (Simulation time: 0 hr 0 min 48 sec) 
Heartbeat CPU 0 instructions: 30000000 cycles: 6842994 heartbeat IPC: 4.37989 cumulative IPC: 4.38405 (Simulation time: 0 hr 1 min 11 sec) 
*** Reached end of trace for Core: 0 Repeating trace: /home1/sweta/traces/qualcomm_traces/srv_75.champsimtrace.xz
Heartbeat CPU 0 instructions: 40000003 cycles: 9124923 heartbeat IPC: 4.38226 cumulative IPC: 4.3836 (Simulation time: 0 hr 1 min 35 sec) 
Heartbeat CPU 0 instructions: 50000001 cycles: 11405690 heartbeat IPC: 4.38449 cumulative IPC: 4.38378 (Simulation time: 0 hr 1 min 56 sec) 
Heartbeat CPU 0 instructions: 60000002 cycles: 13679619 heartbeat IPC: 4.39768 cumulative IPC: 4.38609 (Simulation time: 0 hr 2 min 18 sec) 
*** Reached end of trace for Core: 0 Repeating trace: /home1/sweta/traces/qualcomm_traces/srv_75.champsimtrace.xz
Heartbeat CPU 0 instructions: 70000003 cycles: 15961278 heartbeat IPC: 4.38278 cumulative IPC: 4.38561 (Simulation time: 0 hr 2 min 40 sec) 
Heartbeat CPU 0 instructions: 80000000 cycles: 18248199 heartbeat IPC: 4.37269 cumulative IPC: 4.38399 (Simulation time: 0 hr 3 min 2 sec) 
Heartbeat CPU 0 instructions: 90000000 cycles: 20516606 heartbeat IPC: 4.40838 cumulative IPC: 4.38669 (Simulation time: 0 hr 3 min 23 sec) 
*** Reached end of trace for Core: 0 Repeating trace: /home1/sweta/traces/qualcomm_traces/srv_75.champsimtrace.xz
Heartbeat CPU 0 instructions: 100000004 cycles: 22804208 heartbeat IPC: 4.37139 cumulative IPC: 4.38516 (Simulation time: 0 hr 3 min 46 sec) 
Heartbeat CPU 0 instructions: 110000000 cycles: 25084713 heartbeat IPC: 4.38499 cumulative IPC: 4.38514 (Simulation time: 0 hr 4 min 6 sec) 
Heartbeat CPU 0 instructions: 120000003 cycles: 27362071 heartbeat IPC: 4.39105 cumulative IPC: 4.38563 (Simulation time: 0 hr 4 min 28 sec) 
*** Reached end of trace for Core: 0 Repeating trace: /home1/sweta/traces/qualcomm_traces/srv_75.champsimtrace.xz
Heartbeat CPU 0 instructions: 130000003 cycles: 29650004 heartbeat IPC: 4.37076 cumulative IPC: 4.38449 (Simulation time: 0 hr 4 min 49 sec) 
Heartbeat CPU 0 instructions: 140000002 cycles: 31922042 heartbeat IPC: 4.40133 cumulative IPC: 4.38568 (Simulation time: 0 hr 5 min 11 sec) 
Heartbeat CPU 0 instructions: 150000007 cycles: 34207982 heartbeat IPC: 4.37457 cumulative IPC: 4.38494 (Simulation time: 0 hr 5 min 32 sec) 
Heartbeat CPU 0 instructions: 160000003 cycles: 36477937 heartbeat IPC: 4.40537 cumulative IPC: 4.38621 (Simulation time: 0 hr 5 min 53 sec) 
*** Reached end of trace for Core: 0 Repeating trace: /home1/sweta/traces/qualcomm_traces/srv_75.champsimtrace.xz
Heartbeat CPU 0 instructions: 170000000 cycles: 38760640 heartbeat IPC: 4.38077 cumulative IPC: 4.38589 (Simulation time: 0 hr 6 min 16 sec) 
Heartbeat CPU 0 instructions: 180000000 cycles: 41045493 heartbeat IPC: 4.37665 cumulative IPC: 4.38538 (Simulation time: 0 hr 6 min 38 sec) 
Heartbeat CPU 0 instructions: 190000000 cycles: 43318269 heartbeat IPC: 4.39991 cumulative IPC: 4.38614 (Simulation time: 0 hr 7 min 0 sec) 
*** Reached end of trace for Core: 0 Repeating trace: /home1/sweta/traces/qualcomm_traces/srv_75.champsimtrace.xz
Heartbeat CPU 0 instructions: 200000007 cycles: 45604931 heartbeat IPC: 4.37319 cumulative IPC: 4.38549 (Simulation time: 0 hr 7 min 22 sec) 

Warmup complete CPU 0 instructions: 200000007 cycles: 45604931 (Simulation time: 0 hr 7 min 22 sec) 

Heartbeat CPU 0 instructions: 210000003 cycles: 57518160 heartbeat IPC: 0.839403 cumulative IPC: 0.839403 (Simulation time: 0 hr 7 min 54 sec) 
Heartbeat CPU 0 instructions: 220000005 cycles: 69323788 heartbeat IPC: 0.847054 cumulative IPC: 0.843211 (Simulation time: 0 hr 8 min 26 sec) 
*** Reached end of trace for Core: 0 Repeating trace: /home1/sweta/traces/qualcomm_traces/srv_75.champsimtrace.xz
Heartbeat CPU 0 instructions: 230000000 cycles: 81136647 heartbeat IPC: 0.846535 cumulative IPC: 0.844316 (Simulation time: 0 hr 8 min 58 sec) 
Heartbeat CPU 0 instructions: 240000000 cycles: 92925282 heartbeat IPC: 0.848275 cumulative IPC: 0.845302 (Simulation time: 0 hr 9 min 28 sec) 
Heartbeat CPU 0 instructions: 250000000 cycles: 104707540 heartbeat IPC: 0.848734 cumulative IPC: 0.845986 (Simulation time: 0 hr 9 min 57 sec) 
*** Reached end of trace for Core: 0 Repeating trace: /home1/sweta/traces/qualcomm_traces/srv_75.champsimtrace.xz
Heartbeat CPU 0 instructions: 260000001 cycles: 116619048 heartbeat IPC: 0.839524 cumulative IPC: 0.844902 (Simulation time: 0 hr 10 min 26 sec) 
Heartbeat CPU 0 instructions: 270000000 cycles: 128355778 heartbeat IPC: 0.852026 cumulative IPC: 0.845913 (Simulation time: 0 hr 10 min 54 sec) 
Heartbeat CPU 0 instructions: 280000000 cycles: 140088340 heartbeat IPC: 0.852329 cumulative IPC: 0.846709 (Simulation time: 0 hr 11 min 22 sec) 
*** Reached end of trace for Core: 0 Repeating trace: /home1/sweta/traces/qualcomm_traces/srv_75.champsimtrace.xz
Heartbeat CPU 0 instructions: 290000003 cycles: 151940868 heartbeat IPC: 0.843702 cumulative IPC: 0.846374 (Simulation time: 0 hr 11 min 50 sec) 
Heartbeat CPU 0 instructions: 300000005 cycles: 163642143 heartbeat IPC: 0.854608 cumulative IPC: 0.84719 (Simulation time: 0 hr 12 min 18 sec) 
Heartbeat CPU 0 instructions: 310000001 cycles: 175409173 heartbeat IPC: 0.849832 cumulative IPC: 0.84743 (Simulation time: 0 hr 12 min 46 sec) 
Heartbeat CPU 0 instructions: 320000006 cycles: 187292720 heartbeat IPC: 0.8415 cumulative IPC: 0.846933 (Simulation time: 0 hr 13 min 22 sec) 
*** Reached end of trace for Core: 0 Repeating trace: /home1/sweta/traces/qualcomm_traces/srv_75.champsimtrace.xz
Heartbeat CPU 0 instructions: 330000001 cycles: 199002193 heartbeat IPC: 0.854009 cumulative IPC: 0.847473 (Simulation time: 0 hr 14 min 0 sec) 
Heartbeat CPU 0 instructions: 340000005 cycles: 210800136 heartbeat IPC: 0.847606 cumulative IPC: 0.847482 (Simulation time: 0 hr 14 min 38 sec) 
Heartbeat CPU 0 instructions: 350000003 cycles: 222602339 heartbeat IPC: 0.847299 cumulative IPC: 0.84747 (Simulation time: 0 hr 15 min 15 sec) 
*** Reached end of trace for Core: 0 Repeating trace: /home1/sweta/traces/qualcomm_traces/srv_75.champsimtrace.xz
Heartbeat CPU 0 instructions: 360000000 cycles: 234387569 heartbeat IPC: 0.848519 cumulative IPC: 0.847536 (Simulation time: 0 hr 15 min 50 sec) 
Heartbeat CPU 0 instructions: 370000005 cycles: 246174220 heartbeat IPC: 0.848418 cumulative IPC: 0.847587 (Simulation time: 0 hr 16 min 24 sec) 
Heartbeat CPU 0 instructions: 380000002 cycles: 257889465 heartbeat IPC: 0.853588 cumulative IPC: 0.847919 (Simulation time: 0 hr 16 min 58 sec) 
*** Reached end of trace for Core: 0 Repeating trace: /home1/sweta/traces/qualcomm_traces/srv_75.champsimtrace.xz
Heartbeat CPU 0 instructions: 390000002 cycles: 269750444 heartbeat IPC: 0.843101 cumulative IPC: 0.847664 (Simulation time: 0 hr 17 min 31 sec) 
Heartbeat CPU 0 instructions: 400000007 cycles: 281529080 heartbeat IPC: 0.848995 cumulative IPC: 0.84773 (Simulation time: 0 hr 18 min 5 sec) 
Finished CPU 0 instructions: 200000000 cycles: 235924149 cumulative IPC: 0.84773 (Simulation time: 0 hr 18 min 5 sec) 

ChampSim completed all CPUs

Region of Interest Statistics

CPU 0 cumulative IPC: 0.84773 instructions: 200000000 cycles: 235924149
ITLB TOTAL     ACCESS:   21729696  HIT:   20193527  MISS:    1536169  HIT %:    92.9306  MISS %:    7.06945   MPKI: 7.68084
ITLB LOAD TRANSLATION ACCESS:   21729696  HIT:   20193527  MISS:    1536169  HIT %:    92.9306  MISS %:    7.06945   MPKI: 7.68084
ITLB PREFETCH  REQUESTED:          0  ISSUED:          0  USEFUL:          0  USELESS:          0
ITLB USEFUL LOAD PREFETCHES:          0 PREFETCH ISSUED TO LOWER LEVEL:          0  ACCURACY: -nan
ITLB TIMELY PREFETCHES:          0 LATE PREFETCHES: 0 DROPPED PREFETCHES: 0
ITLB PREFETCHES SAME FILL-ORIGIN LEVEL: 0 DIFFERENT FILL-ORIGIN LEVEL: 0
ITLB AVERAGE MISS LATENCY:     9.1052 cycles AVERAGE LOAD MISS LATENCY:       -nan cycles Load Miss          0
ITLB Average MSHR Occupancy:  0.0528573
ITLB RQ	ACCESS:   27571368	FORWARD:          0	MERGED:    4041390	TO_CACHE:   23529978

DTLB TOTAL     ACCESS:   31844366  HIT:   30327423  MISS:    1516943  HIT %:    95.2364  MISS %:    4.76362   MPKI: 7.58472
DTLB LOAD TRANSLATION ACCESS:   31844366  HIT:   30327423  MISS:    1516943  HIT %:    95.2364  MISS %:    4.76362   MPKI: 7.58472
DTLB PREFETCH  REQUESTED:          0  ISSUED:          0  USEFUL:          0  USELESS:          0
DTLB USEFUL LOAD PREFETCHES:          0 PREFETCH ISSUED TO LOWER LEVEL:          0  ACCURACY: -nan
DTLB TIMELY PREFETCHES:          0 LATE PREFETCHES: 0 DROPPED PREFETCHES: 0
DTLB PREFETCHES SAME FILL-ORIGIN LEVEL: 0 DIFFERENT FILL-ORIGIN LEVEL: 0
DTLB AVERAGE MISS LATENCY:    12.1246 cycles AVERAGE LOAD MISS LATENCY:       -nan cycles Load Miss          0
DTLB Average MSHR Occupancy:  0.0731807
DTLB RQ	ACCESS:   55940156	FORWARD:          0	MERGED:   23624734	TO_CACHE:   32315422

STLB TOTAL     ACCESS:    3053112  HIT:    2977850  MISS:      75262  HIT %:    97.5349  MISS %:    2.46509   MPKI: 0.37631
STLB LOAD TRANSLATION ACCESS:    3053112  HIT:    2977850  MISS:      75262  HIT %:    97.5349  MISS %:    2.46509   MPKI: 0.37631
STLB PREFETCH  REQUESTED:          0  ISSUED:          0  USEFUL:          0  USELESS:          0
STLB USEFUL LOAD PREFETCHES:          0 PREFETCH ISSUED TO LOWER LEVEL:          0  ACCURACY: -nan
STLB TIMELY PREFETCHES:          0 LATE PREFETCHES: 0 DROPPED PREFETCHES: 0
STLB PREFETCHES SAME FILL-ORIGIN LEVEL: 0 DIFFERENT FILL-ORIGIN LEVEL: 0
STLB AVERAGE MISS LATENCY:     64.484 cycles AVERAGE LOAD MISS LATENCY:       -nan cycles Load Miss          0
STLB Average MSHR Occupancy:  0.0210507
STLB RQ	ACCESS:    3053112	FORWARD:          0	MERGED:          0	TO_CACHE:    3053112

STLB Hit, L1D data hit: 0
STLB Hit, L2C data hit: 0
STLB Hit, LLC data hit: 0
STLB Hit, LLC data miss: 0
STLB STLB hints to L2: 0
L1D TOTAL     ACCESS:   43666656  HIT:   36881644  MISS:    6785012  HIT %:    84.4618  MISS %:    15.5382   MPKI: 33.9251
L1D LOAD      ACCESS:   21821606  HIT:   18737978  MISS:    3083628  HIT %:    85.8689  MISS %:    14.1311   MPKI: 15.4181
L1D RFO       ACCESS:   21845050  HIT:   18143666  MISS:    3701384  HIT %:    83.0562  MISS %:    16.9438   MPKI: 18.5069
L1D PREFETCH  REQUESTED:          0  ISSUED:          0  USEFUL:          0  USELESS:          0
L1D USEFUL LOAD PREFETCHES:          0 PREFETCH ISSUED TO LOWER LEVEL:          0  ACCURACY: -nan
L1D TIMELY PREFETCHES:          0 LATE PREFETCHES: 0 DROPPED PREFETCHES: 0
L1D PREFETCHES SAME FILL-ORIGIN LEVEL: 0 DIFFERENT FILL-ORIGIN LEVEL: 0
L1D AVERAGE MISS LATENCY:    120.923 cycles AVERAGE LOAD MISS LATENCY:    36.0123 cycles Load Miss    3083628
L1D Average MSHR Occupancy:    3.54177
L1D RQ	ACCESS:   41900505	FORWARD:          0	MERGED:   19490176	TO_CACHE:   22116316
L1D WQ	ACCESS:   34256050	FORWARD:     294013	MERGED:     432210	TO_CACHE:   33823840

L1D UNIQUE REGIONS ACCESSED: 0
L1D REGIONS CONFLICTS: 0
L1D Cross Page Prefetch Requests: 0
L1D Same Page Prefetch Requests: 0
L1D ROI Sum of L1D PQ occupancy: 0
L1D PREFETCHES PUSHED FROM L2C: 0
L1I TOTAL     ACCESS:   26657407  HIT:   13934905  MISS:   12722502  HIT %:     52.274  MISS %:     47.726   MPKI: 63.6125
L1I LOAD      ACCESS:   26657407  HIT:   13934905  MISS:   12722502  HIT %:     52.274  MISS %:     47.726   MPKI: 63.6125
L1I PREFETCH  REQUESTED:          0  ISSUED:          0  USEFUL:          0  USELESS:          0
L1I USEFUL LOAD PREFETCHES:          0 PREFETCH ISSUED TO LOWER LEVEL:          0  ACCURACY: -nan
L1I TIMELY PREFETCHES:          0 LATE PREFETCHES: 0 DROPPED PREFETCHES: 0
L1I PREFETCHES SAME FILL-ORIGIN LEVEL: 0 DIFFERENT FILL-ORIGIN LEVEL: 0
L1I AVERAGE MISS LATENCY:    14.3849 cycles AVERAGE LOAD MISS LATENCY:    14.3849 cycles Load Miss   12722502
L1I Average MSHR Occupancy:   0.760483
L1I RQ	ACCESS:   49709265	FORWARD:          0	MERGED:   22137897	TO_CACHE:   27571368

BTB TOTAL     ACCESS:   25669916  HIT:   24129318  MISS:    1540598  HIT %:    93.9984  MISS %:    6.00157   MPKI: 7.70299
BTB BRANCH_DIRECT_JUMP	ACCESS:    1658010  HIT:    1648348  MISS:       9662
BTB BRANCH_INDIRECT	ACCESS:    9963533  HIT:    9451356  MISS:     512177
BTB BRANCH_CONDITIONAL	ACCESS:    7226144  HIT:    7212636  MISS:      13508
BTB BRANCH_DIRECT_CALL	ACCESS:    2819116  HIT:    2785769  MISS:      33347
BTB BRANCH_INDIRECT_CALL	ACCESS:     591955  HIT:     480956  MISS:     110999
BTB BRANCH_RETURN	ACCESS:    3411158  HIT:    2550253  MISS:     860905
BTB BRANCH_OTHER ACCESS:          0  HIT:          0  MISS:          0

L2C TOTAL     ACCESS:   24686781  HIT:   20209554  MISS:    4477227  HIT %:    81.8639  MISS %:    18.1361   MPKI: 22.3861
L2C LOAD      ACCESS:   15805934  HIT:   14546098  MISS:    1259836  HIT %:    92.0293  MISS %:    7.97065   MPKI: 6.29918
L2C DATA LOAD MPKI: 6.21152
L2C INSTRUCTION LOAD MPKI: 0.087655
L2C RFO       ACCESS:    3701347  HIT:     792117  MISS:    2909230  HIT %:    21.4008  MISS %:    78.5992   MPKI: 14.5462
L2C PREFETCH  ACCESS:     727318  HIT:     448151  MISS:     279167  HIT %:    61.6169  MISS %:    38.3831   MPKI: 1.39583
AGUS PREFETCH L1 MISS: 0
L2C DATA PREFETCH MPKI: 1.39583
L2C INSTRUCTION PREFETCH MPKI: 0
L2C WRITEBACK ACCESS:    4370108  HIT:    4368412  MISS:       1696  HIT %:    99.9612  MISS %:  0.0388091   MPKI: 0.00848
L2C LOAD TRANSLATION ACCESS:      82074  HIT:      54776  MISS:      27298  HIT %:    66.7398  MISS %:    33.2602   MPKI: 0.13649
L2C PREFETCH  REQUESTED:    3418174  ISSUED:    3418174  USEFUL:     257190  USELESS:      21985
L2C USEFUL LOAD PREFETCHES:     257190 PREFETCH ISSUED TO LOWER LEVEL:     941269  ACCURACY: 27.3238
L2C TIMELY PREFETCHES:     257190 LATE PREFETCHES: 662056 DROPPED PREFETCHES: 0
L2C PREFETCHES SAME FILL-ORIGIN LEVEL: 941223 DIFFERENT FILL-ORIGIN LEVEL: 46
L2C AVERAGE MISS LATENCY:    166.247 cycles AVERAGE LOAD MISS LATENCY:    57.3308 cycles Load Miss    1259836
L2C Average MSHR Occupancy:    3.16163
L2C RQ	ACCESS:   19589599	FORWARD:          0	MERGED:          0	TO_CACHE:   19589367
L2C WQ	ACCESS:    4370108	FORWARD:        232	MERGED:          0	TO_CACHE:    4370108
L2C PQ	ACCESS:    3418174	FORWARD:          0	MERGED:    1438838	TO_CACHE:    1979336

L2C Instructions Evicting Data 17363
L2C Translations Evicting Data 27064
L2C Data Evicting Data 4386287
L2C Instructions Evicting Instructions 85
L2C Translations Evicting Instructions 83
L2C Data Evicting Instructions 17372
L2C Instructions Evicting Translations 83
L2C Translations Evicting Translations 151
L2C Data Evicting Translations 27043
L2C Dense regions hint from L2: 0
PSCL5 TOTAL     ACCESS:      75262  HIT:      75262  MISS:          0  HIT %:        100  MISS %:          0   MPKI: 0
PSCL5 LOAD TRANSLATION ACCESS:      75262  HIT:      75262  MISS:          0  HIT %:        100  MISS %:          0   MPKI: 0
PSCL5 PREFETCH  REQUESTED:          0  ISSUED:          0  USEFUL:          0  USELESS:          0
PSCL5 USEFUL LOAD PREFETCHES:          0 PREFETCH ISSUED TO LOWER LEVEL:          0  ACCURACY: -nan
PSCL5 TIMELY PREFETCHES:          0 LATE PREFETCHES: 0 DROPPED PREFETCHES: 0
PSCL5 PREFETCHES SAME FILL-ORIGIN LEVEL: 0 DIFFERENT FILL-ORIGIN LEVEL: 0

PSCL4 TOTAL     ACCESS:      65119  HIT:      65024  MISS:         95  HIT %:    99.8541  MISS %:   0.145887   MPKI: 0.000475
PSCL4 LOAD TRANSLATION ACCESS:      65119  HIT:      65024  MISS:         95  HIT %:    99.8541  MISS %:   0.145887   MPKI: 0.000475
PSCL4 PREFETCH  REQUESTED:          0  ISSUED:          0  USEFUL:          0  USELESS:          0
PSCL4 USEFUL LOAD PREFETCHES:          0 PREFETCH ISSUED TO LOWER LEVEL:          0  ACCURACY: -nan
PSCL4 TIMELY PREFETCHES:          0 LATE PREFETCHES: 0 DROPPED PREFETCHES: 0
PSCL4 PREFETCHES SAME FILL-ORIGIN LEVEL: 0 DIFFERENT FILL-ORIGIN LEVEL: 0

PSCL3 TOTAL     ACCESS:      74300  HIT:      74111  MISS:        189  HIT %:    99.7456  MISS %:   0.254374   MPKI: 0.000945
PSCL3 LOAD TRANSLATION ACCESS:      74300  HIT:      74111  MISS:        189  HIT %:    99.7456  MISS %:   0.254374   MPKI: 0.000945
PSCL3 PREFETCH  REQUESTED:          0  ISSUED:          0  USEFUL:          0  USELESS:          0
PSCL3 USEFUL LOAD PREFETCHES:          0 PREFETCH ISSUED TO LOWER LEVEL:          0  ACCURACY: -nan
PSCL3 TIMELY PREFETCHES:          0 LATE PREFETCHES: 0 DROPPED PREFETCHES: 0
PSCL3 PREFETCHES SAME FILL-ORIGIN LEVEL: 0 DIFFERENT FILL-ORIGIN LEVEL: 0

PSCL2 TOTAL     ACCESS:      75262  HIT:      68734  MISS:       6528  HIT %:    91.3263  MISS %:     8.6737   MPKI: 0.03264
PSCL2 LOAD TRANSLATION ACCESS:      75262  HIT:      68734  MISS:       6528  HIT %:    91.3263  MISS %:     8.6737   MPKI: 0.03264
PSCL2 PREFETCH  REQUESTED:          0  ISSUED:          0  USEFUL:          0  USELESS:          0
PSCL2 USEFUL LOAD PREFETCHES:          0 PREFETCH ISSUED TO LOWER LEVEL:          0  ACCURACY: -nan
PSCL2 TIMELY PREFETCHES:          0 LATE PREFETCHES: 0 DROPPED PREFETCHES: 0
PSCL2 PREFETCHES SAME FILL-ORIGIN LEVEL: 0 DIFFERENT FILL-ORIGIN LEVEL: 0

LLC TOTAL     ACCESS:    7532154  HIT:    2799780  MISS:    4732374  HIT %:     37.171  MISS %:     62.829   MPKI: 23.6619
LLC LOAD      ACCESS:     597824  HIT:     541120  MISS:      56704  HIT %:    90.5149  MISS %:    9.48507   MPKI: 0.28352
LLC RFO       ACCESS:    2909091  HIT:     603544  MISS:    2305547  HIT %:    20.7468  MISS %:    79.2532   MPKI: 11.5277
LLC PREFETCH  ACCESS:     941248  HIT:     886364  MISS:      54884  HIT %:     94.169  MISS %:    5.83098   MPKI: 0.27442
AGUS PREFETCH L1 MISS: 0
LLC WRITEBACK ACCESS:    3056693  HIT:     747941  MISS:    2308752  HIT %:     24.469  MISS %:     75.531   MPKI: 11.5438
LLC LOAD TRANSLATION ACCESS:      27298  HIT:      20811  MISS:       6487  HIT %:    76.2364  MISS %:    23.7636   MPKI: 0.032435
LLC PREFETCH  REQUESTED:          0  ISSUED:          0  USEFUL:      10284  USELESS:      43276
LLC USEFUL LOAD PREFETCHES:      10284 PREFETCH ISSUED TO LOWER LEVEL:      54884  ACCURACY: 18.7377
LLC TIMELY PREFETCHES:      10284 LATE PREFETCHES: 0 DROPPED PREFETCHES: 0
LLC PREFETCHES SAME FILL-ORIGIN LEVEL: 2 DIFFERENT FILL-ORIGIN LEVEL: 0
LLC AVERAGE MISS LATENCY:     115.47 cycles AVERAGE LOAD MISS LATENCY:    185.599 cycles Load Miss      56704
LLC Average MSHR Occupancy:    2.30592
LLC RQ	ACCESS:    3534319	FORWARD:          0	MERGED:          0	TO_CACHE:    3534224
LLC WQ	ACCESS:    3056694	FORWARD:         95	MERGED:          0	TO_CACHE:    3056694
LLC PQ	ACCESS:     941269	FORWARD:          0	MERGED:         21	TO_CACHE:     941248

LLC Dense regions hint to LLC: 0

RAW hits: 5814766
Loads Generated: 47715273
Loads sent to L1D: 41900505
Stores Generated: 34256026
Stores sent to L1D: 34256050
Major fault: 0 Minor fault: 8372
Allocated PAGES: 8372
CPU 0 L2C PC-based stride prefetcher final stats
================ Mockingjay (LLC) Pollution Stats ================
Total pollution count in LLC: 4083
==================================================================

DRAM Statistics
 CHANNEL 0
 RQ ROW_BUFFER_HIT:    1651397  ROW_BUFFER_MISS:     772218
 DBUS_CONGESTED:       1769
 WQ ROW_BUFFER_HIT:     652590  ROW_BUFFER_MISS:    1677325  FULL:     127321

 AVG_CONGESTED_CYCLE: 4
 All warmup complete: 2
Channel 0 Bank busy for read cycles: 0
Channel 0 Bank busy for write cycles: 0
Channel 0
Rank 0
0banks busy for read cycles: 120479056
0banks busy for write cycles: 165752
1banks busy for read cycles: 10852481
1banks busy for write cycles: 22336000
2banks busy for read cycles: 2909189
2banks busy for write cycles: 7149413
3banks busy for read cycles: 3429335
3banks busy for write cycles: 3271506
4banks busy for read cycles: 5818376
4banks busy for write cycles: 2749911
5banks busy for read cycles: 1721201
5banks busy for write cycles: 3039525
6banks busy for read cycles: 2037866
6banks busy for write cycles: 3732273
7banks busy for read cycles: 3033974
7banks busy for write cycles: 6082516
8banks busy for read cycles: 13876623
8banks busy for write cycles: 23239153

CPU 0 Branch Prediction Accuracy: 99.9538% MPKI: 0.070455 Average ROB Occupancy at Mispredict: 211.421
Branch types
NOT_BRANCH: 169468082 84.734%
BRANCH_DIRECT_JUMP: 1658010 0.829005%
BRANCH_INDIRECT: 9963533 4.98177%
BRANCH_CONDITIONAL: 12087990 6.04399%
BRANCH_DIRECT_CALL: 2819116 1.40956%
BRANCH_INDIRECT_CALL: 591955 0.295978%
BRANCH_RETURN: 3411158 1.70558%
BRANCH_OTHER: 0 0%

===================== LRU L1D STATS =====================
Total pollution count in L1D: 0
=========================================================
================ SRRIP (L2C) Pollution Stats ================
Total pollution count in L2c: 1871444
==================================================================
DRAM PAGES: 1048576
Allocated PAGES: 8372
