
*** ChampSim Multicore Out-of-Order Simulator ***

Warmup Instructions: 200000000
Simulation Instructions: 200000000
Number of CPUs: 1
LLC sets: 4096
LLC ways: 12
Off-chip DRAM Size: 4096 MB Channels: 1 Width: 64-bit Data Rate: 6400 MT/s
CPU 0 runs /home1/sweta/traces/qualcomm_traces/srv_15.champsimtrace.xz
.xz
BTB has LRU replacement policy
ITLB has LRU replacement policy
DTLB has LRU replacement policy
STLB has LRU replacement policy
L1I has LRU replacement policy
L1D has LRU replacement policy
CPU 0 L2C IP-based stride prefetcher
Initialize SRRIP state for L2C
Initialize Mockingjay state for LLC
Heartbeat CPU 0 instructions: 10000001 cycles: 2082668 heartbeat IPC: 4.80153 cumulative IPC: 4.80153 (Simulation time: 0 hr 0 min 26 sec) 
Heartbeat CPU 0 instructions: 20000001 cycles: 4158576 heartbeat IPC: 4.81717 cumulative IPC: 4.80934 (Simulation time: 0 hr 0 min 51 sec) 
Heartbeat CPU 0 instructions: 30000005 cycles: 6234718 heartbeat IPC: 4.81663 cumulative IPC: 4.81177 (Simulation time: 0 hr 1 min 15 sec) 
*** Reached end of trace for Core: 0 Repeating trace: /home1/sweta/traces/qualcomm_traces/srv_15.champsimtrace.xz
Heartbeat CPU 0 instructions: 40000006 cycles: 8316980 heartbeat IPC: 4.80247 cumulative IPC: 4.80944 (Simulation time: 0 hr 1 min 40 sec) 
Heartbeat CPU 0 instructions: 50000001 cycles: 10391712 heartbeat IPC: 4.8199 cumulative IPC: 4.81153 (Simulation time: 0 hr 2 min 5 sec) 
Heartbeat CPU 0 instructions: 60000000 cycles: 12468254 heartbeat IPC: 4.8157 cumulative IPC: 4.81222 (Simulation time: 0 hr 2 min 30 sec) 
*** Reached end of trace for Core: 0 Repeating trace: /home1/sweta/traces/qualcomm_traces/srv_15.champsimtrace.xz
Heartbeat CPU 0 instructions: 70000004 cycles: 14547803 heartbeat IPC: 4.80874 cumulative IPC: 4.81172 (Simulation time: 0 hr 2 min 58 sec) 
Heartbeat CPU 0 instructions: 80000000 cycles: 16620918 heartbeat IPC: 4.82366 cumulative IPC: 4.81321 (Simulation time: 0 hr 3 min 21 sec) 
Heartbeat CPU 0 instructions: 90000000 cycles: 18700318 heartbeat IPC: 4.80908 cumulative IPC: 4.81275 (Simulation time: 0 hr 3 min 45 sec) 
*** Reached end of trace for Core: 0 Repeating trace: /home1/sweta/traces/qualcomm_traces/srv_15.champsimtrace.xz
Heartbeat CPU 0 instructions: 100000004 cycles: 20777275 heartbeat IPC: 4.81474 cumulative IPC: 4.81295 (Simulation time: 0 hr 4 min 8 sec) 
Heartbeat CPU 0 instructions: 110000004 cycles: 22854717 heartbeat IPC: 4.81361 cumulative IPC: 4.81301 (Simulation time: 0 hr 4 min 31 sec) 
Heartbeat CPU 0 instructions: 120000006 cycles: 24930476 heartbeat IPC: 4.81752 cumulative IPC: 4.81339 (Simulation time: 0 hr 4 min 54 sec) 
*** Reached end of trace for Core: 0 Repeating trace: /home1/sweta/traces/qualcomm_traces/srv_15.champsimtrace.xz
Heartbeat CPU 0 instructions: 130000004 cycles: 27004795 heartbeat IPC: 4.82086 cumulative IPC: 4.81396 (Simulation time: 0 hr 5 min 18 sec) 
Heartbeat CPU 0 instructions: 140000003 cycles: 29086165 heartbeat IPC: 4.80453 cumulative IPC: 4.81328 (Simulation time: 0 hr 5 min 42 sec) 
Heartbeat CPU 0 instructions: 150000001 cycles: 31162517 heartbeat IPC: 4.81614 cumulative IPC: 4.81348 (Simulation time: 0 hr 6 min 5 sec) 
*** Reached end of trace for Core: 0 Repeating trace: /home1/sweta/traces/qualcomm_traces/srv_15.champsimtrace.xz
Heartbeat CPU 0 instructions: 160000000 cycles: 33234837 heartbeat IPC: 4.82551 cumulative IPC: 4.81423 (Simulation time: 0 hr 6 min 29 sec) 
Heartbeat CPU 0 instructions: 170000001 cycles: 35315761 heartbeat IPC: 4.80556 cumulative IPC: 4.81371 (Simulation time: 0 hr 6 min 52 sec) 
Heartbeat CPU 0 instructions: 180000000 cycles: 37389779 heartbeat IPC: 4.82156 cumulative IPC: 4.81415 (Simulation time: 0 hr 7 min 16 sec) 
*** Reached end of trace for Core: 0 Repeating trace: /home1/sweta/traces/qualcomm_traces/srv_15.champsimtrace.xz
Heartbeat CPU 0 instructions: 190000003 cycles: 39465040 heartbeat IPC: 4.81867 cumulative IPC: 4.81439 (Simulation time: 0 hr 7 min 39 sec) 
Heartbeat CPU 0 instructions: 200000002 cycles: 41546694 heartbeat IPC: 4.80387 cumulative IPC: 4.81386 (Simulation time: 0 hr 8 min 2 sec) 

Warmup complete CPU 0 instructions: 200000002 cycles: 41546694 (Simulation time: 0 hr 8 min 2 sec) 

Heartbeat CPU 0 instructions: 210000001 cycles: 70901099 heartbeat IPC: 0.340664 cumulative IPC: 0.340664 (Simulation time: 0 hr 8 min 33 sec) 
*** Reached end of trace for Core: 0 Repeating trace: /home1/sweta/traces/qualcomm_traces/srv_15.champsimtrace.xz
Heartbeat CPU 0 instructions: 220000000 cycles: 100150498 heartbeat IPC: 0.341887 cumulative IPC: 0.341275 (Simulation time: 0 hr 9 min 4 sec) 
Heartbeat CPU 0 instructions: 230000001 cycles: 129757368 heartbeat IPC: 0.337759 cumulative IPC: 0.340095 (Simulation time: 0 hr 9 min 35 sec) 
Heartbeat CPU 0 instructions: 240000001 cycles: 159022043 heartbeat IPC: 0.341709 cumulative IPC: 0.340497 (Simulation time: 0 hr 10 min 6 sec) 
Heartbeat CPU 0 instructions: 250000003 cycles: 188369296 heartbeat IPC: 0.340747 cumulative IPC: 0.340547 (Simulation time: 0 hr 10 min 36 sec) 
*** Reached end of trace for Core: 0 Repeating trace: /home1/sweta/traces/qualcomm_traces/srv_15.champsimtrace.xz
Heartbeat CPU 0 instructions: 260000001 cycles: 217815743 heartbeat IPC: 0.339599 cumulative IPC: 0.340389 (Simulation time: 0 hr 11 min 12 sec) 
Heartbeat CPU 0 instructions: 270000000 cycles: 247144878 heartbeat IPC: 0.340958 cumulative IPC: 0.34047 (Simulation time: 0 hr 11 min 43 sec) 
Heartbeat CPU 0 instructions: 280000002 cycles: 276413961 heartbeat IPC: 0.341658 cumulative IPC: 0.340618 (Simulation time: 0 hr 12 min 14 sec) 
*** Reached end of trace for Core: 0 Repeating trace: /home1/sweta/traces/qualcomm_traces/srv_15.champsimtrace.xz
Heartbeat CPU 0 instructions: 290000001 cycles: 305993888 heartbeat IPC: 0.338067 cumulative IPC: 0.340333 (Simulation time: 0 hr 12 min 45 sec) 
Heartbeat CPU 0 instructions: 300000000 cycles: 335335521 heartbeat IPC: 0.340813 cumulative IPC: 0.340381 (Simulation time: 0 hr 13 min 15 sec) 
Heartbeat CPU 0 instructions: 310000000 cycles: 364627681 heartbeat IPC: 0.341388 cumulative IPC: 0.340472 (Simulation time: 0 hr 13 min 47 sec) 
*** Reached end of trace for Core: 0 Repeating trace: /home1/sweta/traces/qualcomm_traces/srv_15.champsimtrace.xz
Heartbeat CPU 0 instructions: 320000001 cycles: 394032798 heartbeat IPC: 0.340077 cumulative IPC: 0.340439 (Simulation time: 0 hr 14 min 21 sec) 
Heartbeat CPU 0 instructions: 330000000 cycles: 423556662 heartbeat IPC: 0.338709 cumulative IPC: 0.340305 (Simulation time: 0 hr 14 min 50 sec) 
Heartbeat CPU 0 instructions: 340000000 cycles: 452746766 heartbeat IPC: 0.342582 cumulative IPC: 0.340467 (Simulation time: 0 hr 15 min 20 sec) 
*** Reached end of trace for Core: 0 Repeating trace: /home1/sweta/traces/qualcomm_traces/srv_15.champsimtrace.xz
Heartbeat CPU 0 instructions: 350000000 cycles: 482397419 heartbeat IPC: 0.337261 cumulative IPC: 0.340251 (Simulation time: 0 hr 15 min 50 sec) 
Heartbeat CPU 0 instructions: 360000000 cycles: 511796455 heartbeat IPC: 0.340147 cumulative IPC: 0.340245 (Simulation time: 0 hr 16 min 18 sec) 
Heartbeat CPU 0 instructions: 370000002 cycles: 541057588 heartbeat IPC: 0.34175 cumulative IPC: 0.340333 (Simulation time: 0 hr 16 min 48 sec) 
*** Reached end of trace for Core: 0 Repeating trace: /home1/sweta/traces/qualcomm_traces/srv_15.champsimtrace.xz
Heartbeat CPU 0 instructions: 380000003 cycles: 570722185 heartbeat IPC: 0.337102 cumulative IPC: 0.340152 (Simulation time: 0 hr 17 min 16 sec) 
Heartbeat CPU 0 instructions: 390000000 cycles: 599893282 heartbeat IPC: 0.342805 cumulative IPC: 0.34029 (Simulation time: 0 hr 17 min 45 sec) 
Heartbeat CPU 0 instructions: 400000000 cycles: 629192660 heartbeat IPC: 0.341304 cumulative IPC: 0.340341 (Simulation time: 0 hr 18 min 12 sec) 
Finished CPU 0 instructions: 200000000 cycles: 587645967 cumulative IPC: 0.340341 (Simulation time: 0 hr 18 min 12 sec) 

ChampSim completed all CPUs

Region of Interest Statistics

CPU 0 cumulative IPC: 0.340341 instructions: 200000000 cycles: 587645967
ITLB TOTAL     ACCESS:   26140431  HIT:   23887591  MISS:    2252840  HIT %:    91.3818  MISS %:    8.61822   MPKI: 11.2642
ITLB LOAD TRANSLATION ACCESS:   26140431  HIT:   23887591  MISS:    2252840  HIT %:    91.3818  MISS %:    8.61822   MPKI: 11.2642
ITLB PREFETCH  REQUESTED:          0  ISSUED:          0  USEFUL:          0  USELESS:          0
ITLB USEFUL LOAD PREFETCHES:          0 PREFETCH ISSUED TO LOWER LEVEL:          0  ACCURACY: -nan
ITLB TIMELY PREFETCHES:          0 LATE PREFETCHES: 0 DROPPED PREFETCHES: 0
ITLB PREFETCHES SAME FILL-ORIGIN LEVEL: 0 DIFFERENT FILL-ORIGIN LEVEL: 0
ITLB AVERAGE MISS LATENCY:    9.12495 cycles AVERAGE LOAD MISS LATENCY:       -nan cycles Load Miss          0
ITLB Average MSHR Occupancy:  0.0312705
ITLB RQ	ACCESS:   31699954	FORWARD:          0	MERGED:    4254505	TO_CACHE:   27445449

DTLB TOTAL     ACCESS:   40581000  HIT:   38543259  MISS:    2037741  HIT %:    94.9786  MISS %:    5.02142   MPKI: 10.1887
DTLB LOAD TRANSLATION ACCESS:   40581000  HIT:   38543259  MISS:    2037741  HIT %:    94.9786  MISS %:    5.02142   MPKI: 10.1887
DTLB PREFETCH  REQUESTED:          0  ISSUED:          0  USEFUL:          0  USELESS:          0
DTLB USEFUL LOAD PREFETCHES:          0 PREFETCH ISSUED TO LOWER LEVEL:          0  ACCURACY: -nan
DTLB TIMELY PREFETCHES:          0 LATE PREFETCHES: 0 DROPPED PREFETCHES: 0
DTLB PREFETCHES SAME FILL-ORIGIN LEVEL: 0 DIFFERENT FILL-ORIGIN LEVEL: 0
DTLB AVERAGE MISS LATENCY:    9.16454 cycles AVERAGE LOAD MISS LATENCY:       -nan cycles Load Miss          0
DTLB Average MSHR Occupancy:  0.0288041
DTLB RQ	ACCESS:   57232182	FORWARD:          0	MERGED:   16593307	TO_CACHE:   40638875

STLB TOTAL     ACCESS:    4290581  HIT:    4261854  MISS:      28727  HIT %:    99.3305  MISS %:   0.669536   MPKI: 0.143635
STLB LOAD TRANSLATION ACCESS:    4290581  HIT:    4261854  MISS:      28727  HIT %:    99.3305  MISS %:   0.669536   MPKI: 0.143635
STLB PREFETCH  REQUESTED:          0  ISSUED:          0  USEFUL:          0  USELESS:          0
STLB USEFUL LOAD PREFETCHES:          0 PREFETCH ISSUED TO LOWER LEVEL:          0  ACCURACY: -nan
STLB TIMELY PREFETCHES:          0 LATE PREFETCHES: 0 DROPPED PREFETCHES: 0
STLB PREFETCHES SAME FILL-ORIGIN LEVEL: 0 DIFFERENT FILL-ORIGIN LEVEL: 0
STLB AVERAGE MISS LATENCY:    19.4792 cycles AVERAGE LOAD MISS LATENCY:       -nan cycles Load Miss          0
STLB Average MSHR Occupancy: 0.00102051
STLB RQ	ACCESS:    4290581	FORWARD:          0	MERGED:          0	TO_CACHE:    4290581

STLB Hit, L1D data hit: 0
STLB Hit, L2C data hit: 0
STLB Hit, LLC data hit: 0
STLB Hit, LLC data miss: 0
STLB STLB hints to L2: 0
L1D TOTAL     ACCESS:   55303369  HIT:   49825783  MISS:    5477586  HIT %:    90.0954  MISS %:    9.90462   MPKI: 27.3879
L1D LOAD      ACCESS:   30851689  HIT:   26568726  MISS:    4282963  HIT %:    86.1176  MISS %:    13.8824   MPKI: 21.4148
L1D RFO       ACCESS:   24451680  HIT:   23257057  MISS:    1194623  HIT %:    95.1144  MISS %:    4.88565   MPKI: 5.97311
L1D PREFETCH  REQUESTED:          0  ISSUED:          0  USEFUL:          0  USELESS:          0
L1D USEFUL LOAD PREFETCHES:          0 PREFETCH ISSUED TO LOWER LEVEL:          0  ACCURACY: -nan
L1D TIMELY PREFETCHES:          0 LATE PREFETCHES: 0 DROPPED PREFETCHES: 0
L1D PREFETCHES SAME FILL-ORIGIN LEVEL: 0 DIFFERENT FILL-ORIGIN LEVEL: 0
L1D AVERAGE MISS LATENCY:    15.0719 cycles AVERAGE LOAD MISS LATENCY:    15.0789 cycles Load Miss    4282963
L1D Average MSHR Occupancy:   0.150982
L1D RQ	ACCESS:   44012468	FORWARD:          0	MERGED:   12910744	TO_CACHE:   30926481
L1D WQ	ACCESS:   26582771	FORWARD:     175243	MERGED:     277070	TO_CACHE:   26305701

L1D UNIQUE REGIONS ACCESSED: 0
L1D REGIONS CONFLICTS: 0
L1D Cross Page Prefetch Requests: 0
L1D Same Page Prefetch Requests: 0
L1D ROI Sum of L1D PQ occupancy: 0
L1D PREFETCHES PUSHED FROM L2C: 0
L1I TOTAL     ACCESS:   31474830  HIT:   11853283  MISS:   19621547  HIT %:    37.6596  MISS %:    62.3404   MPKI: 98.1077
L1I LOAD      ACCESS:   31474830  HIT:   11853283  MISS:   19621547  HIT %:    37.6596  MISS %:    62.3404   MPKI: 98.1077
L1I PREFETCH  REQUESTED:          0  ISSUED:          0  USEFUL:          0  USELESS:          0
L1I USEFUL LOAD PREFETCHES:          0 PREFETCH ISSUED TO LOWER LEVEL:          0  ACCURACY: -nan
L1I TIMELY PREFETCHES:          0 LATE PREFETCHES: 0 DROPPED PREFETCHES: 0
L1I PREFETCHES SAME FILL-ORIGIN LEVEL: 0 DIFFERENT FILL-ORIGIN LEVEL: 0
L1I AVERAGE MISS LATENCY:    14.1481 cycles AVERAGE LOAD MISS LATENCY:    14.1481 cycles Load Miss   19621547
L1I Average MSHR Occupancy:   0.464616
L1I RQ	ACCESS:   50963971	FORWARD:          0	MERGED:   19264017	TO_CACHE:   31699954

BTB TOTAL     ACCESS:   30719015  HIT:   18478194  MISS:   12240821  HIT %:    60.1523  MISS %:    39.8477   MPKI: 61.2041
BTB BRANCH_DIRECT_JUMP	ACCESS:    1879188  HIT:    1083214  MISS:     795974
BTB BRANCH_INDIRECT	ACCESS:   12153457  HIT:    7488153  MISS:    4665304
BTB BRANCH_CONDITIONAL	ACCESS:    7510574  HIT:    6270386  MISS:    1240188
BTB BRANCH_DIRECT_CALL	ACCESS:    3870578  HIT:    1894540  MISS:    1976038
BTB BRANCH_INDIRECT_CALL	ACCESS:     717296  HIT:     351465  MISS:     365831
BTB BRANCH_RETURN	ACCESS:    4587922  HIT:    1390436  MISS:    3197486
BTB BRANCH_OTHER ACCESS:          0  HIT:          0  MISS:          0

L2C TOTAL     ACCESS:   28551410  HIT:   28549541  MISS:       1869  HIT %:    99.9935  MISS %: 0.00654609   MPKI: 0.009345
L2C LOAD      ACCESS:   23904502  HIT:   23903451  MISS:       1051  HIT %:    99.9956  MISS %: 0.00439666   MPKI: 0.005255
L2C DATA LOAD MPKI: 0.005015
L2C INSTRUCTION LOAD MPKI: 0.00024
L2C RFO       ACCESS:    1194623  HIT:    1194544  MISS:         79  HIT %:    99.9934  MISS %: 0.00661296   MPKI: 0.000395
L2C PREFETCH  ACCESS:    1113896  HIT:    1113175  MISS:        721  HIT %:    99.9353  MISS %:  0.0647278   MPKI: 0.003605
AGUS PREFETCH L1 MISS: 0
L2C DATA PREFETCH MPKI: 0.003605
L2C INSTRUCTION PREFETCH MPKI: 0
L2C WRITEBACK ACCESS:    2308502  HIT:    2308502  MISS:          0  HIT %:        100  MISS %:          0   MPKI: 0
L2C LOAD TRANSLATION ACCESS:      29887  HIT:      29869  MISS:         18  HIT %:    99.9398  MISS %:  0.0602269   MPKI: 9e-05
L2C PREFETCH  REQUESTED:    1150995  ISSUED:    1150995  USEFUL:        488  USELESS:        176
L2C USEFUL LOAD PREFETCHES:        488 PREFETCH ISSUED TO LOWER LEVEL:        790  ACCURACY: 61.7722
L2C TIMELY PREFETCHES:        488 LATE PREFETCHES: 69 DROPPED PREFETCHES: 0
L2C PREFETCHES SAME FILL-ORIGIN LEVEL: 790 DIFFERENT FILL-ORIGIN LEVEL: 0
L2C AVERAGE MISS LATENCY:    50.4799 cycles AVERAGE LOAD MISS LATENCY:    44.0847 cycles Load Miss       1051
L2C Average MSHR Occupancy: 0.000194777
L2C RQ	ACCESS:   25129019	FORWARD:          0	MERGED:          0	TO_CACHE:   25129012
L2C WQ	ACCESS:    2308502	FORWARD:          7	MERGED:          0	TO_CACHE:    2308502
L2C PQ	ACCESS:    1150995	FORWARD:          0	MERGED:      36415	TO_CACHE:    1114580

L2C Instructions Evicting Data 42
L2C Translations Evicting Data 18
L2C Data Evicting Data 1674
L2C Instructions Evicting Instructions 6
L2C Translations Evicting Instructions 0
L2C Data Evicting Instructions 46
L2C Instructions Evicting Translations 0
L2C Translations Evicting Translations 0
L2C Data Evicting Translations 20
L2C Dense regions hint from L2: 0
PSCL5 TOTAL     ACCESS:      28727  HIT:      28727  MISS:          0  HIT %:        100  MISS %:          0   MPKI: 0
PSCL5 LOAD TRANSLATION ACCESS:      28727  HIT:      28727  MISS:          0  HIT %:        100  MISS %:          0   MPKI: 0
PSCL5 PREFETCH  REQUESTED:          0  ISSUED:          0  USEFUL:          0  USELESS:          0
PSCL5 USEFUL LOAD PREFETCHES:          0 PREFETCH ISSUED TO LOWER LEVEL:          0  ACCURACY: -nan
PSCL5 TIMELY PREFETCHES:          0 LATE PREFETCHES: 0 DROPPED PREFETCHES: 0
PSCL5 PREFETCHES SAME FILL-ORIGIN LEVEL: 0 DIFFERENT FILL-ORIGIN LEVEL: 0

PSCL4 TOTAL     ACCESS:      23933  HIT:      23834  MISS:         99  HIT %:    99.5863  MISS %:   0.413655   MPKI: 0.000495
PSCL4 LOAD TRANSLATION ACCESS:      23933  HIT:      23834  MISS:         99  HIT %:    99.5863  MISS %:   0.413655   MPKI: 0.000495
PSCL4 PREFETCH  REQUESTED:          0  ISSUED:          0  USEFUL:          0  USELESS:          0
PSCL4 USEFUL LOAD PREFETCHES:          0 PREFETCH ISSUED TO LOWER LEVEL:          0  ACCURACY: -nan
PSCL4 TIMELY PREFETCHES:          0 LATE PREFETCHES: 0 DROPPED PREFETCHES: 0
PSCL4 PREFETCHES SAME FILL-ORIGIN LEVEL: 0 DIFFERENT FILL-ORIGIN LEVEL: 0

PSCL3 TOTAL     ACCESS:      25615  HIT:      25516  MISS:         99  HIT %:    99.6135  MISS %:   0.386492   MPKI: 0.000495
PSCL3 LOAD TRANSLATION ACCESS:      25615  HIT:      25516  MISS:         99  HIT %:    99.6135  MISS %:   0.386492   MPKI: 0.000495
PSCL3 PREFETCH  REQUESTED:          0  ISSUED:          0  USEFUL:          0  USELESS:          0
PSCL3 USEFUL LOAD PREFETCHES:          0 PREFETCH ISSUED TO LOWER LEVEL:          0  ACCURACY: -nan
PSCL3 TIMELY PREFETCHES:          0 LATE PREFETCHES: 0 DROPPED PREFETCHES: 0
PSCL3 PREFETCHES SAME FILL-ORIGIN LEVEL: 0 DIFFERENT FILL-ORIGIN LEVEL: 0

PSCL2 TOTAL     ACCESS:      28727  HIT:      27765  MISS:        962  HIT %:    96.6512  MISS %:    3.34877   MPKI: 0.00481
PSCL2 LOAD TRANSLATION ACCESS:      28727  HIT:      27765  MISS:        962  HIT %:    96.6512  MISS %:    3.34877   MPKI: 0.00481
PSCL2 PREFETCH  REQUESTED:          0  ISSUED:          0  USEFUL:          0  USELESS:          0
PSCL2 USEFUL LOAD PREFETCHES:          0 PREFETCH ISSUED TO LOWER LEVEL:          0  ACCURACY: -nan
PSCL2 TIMELY PREFETCHES:          0 LATE PREFETCHES: 0 DROPPED PREFETCHES: 0
PSCL2 PREFETCHES SAME FILL-ORIGIN LEVEL: 0 DIFFERENT FILL-ORIGIN LEVEL: 0

LLC TOTAL     ACCESS:       1971  HIT:       1908  MISS:         63  HIT %:    96.8037  MISS %:    3.19635   MPKI: 0.000315
LLC LOAD      ACCESS:        982  HIT:        982  MISS:          0  HIT %:        100  MISS %:          0   MPKI: 0
LLC RFO       ACCESS:         79  HIT:         79  MISS:          0  HIT %:        100  MISS %:          0   MPKI: 0
LLC PREFETCH  ACCESS:        790  HIT:        727  MISS:         63  HIT %:    92.0253  MISS %:    7.97468   MPKI: 0.000315
AGUS PREFETCH L1 MISS: 0
LLC WRITEBACK ACCESS:        102  HIT:        102  MISS:          0  HIT %:        100  MISS %:          0   MPKI: 0
LLC LOAD TRANSLATION ACCESS:         18  HIT:         18  MISS:          0  HIT %:        100  MISS %:          0   MPKI: 0
LLC PREFETCH  REQUESTED:          0  ISSUED:          0  USEFUL:          0  USELESS:          0
LLC USEFUL LOAD PREFETCHES:          0 PREFETCH ISSUED TO LOWER LEVEL:         63  ACCURACY: 0
LLC TIMELY PREFETCHES:          0 LATE PREFETCHES: 0 DROPPED PREFETCHES: 0
LLC PREFETCHES SAME FILL-ORIGIN LEVEL: 0 DIFFERENT FILL-ORIGIN LEVEL: 0
LLC AVERAGE MISS LATENCY:    177.841 cycles AVERAGE LOAD MISS LATENCY:       -nan cycles Load Miss          0
LLC Average MSHR Occupancy: 1.89587e-05
LLC RQ	ACCESS:       1079	FORWARD:          0	MERGED:          0	TO_CACHE:       1079
LLC WQ	ACCESS:        102	FORWARD:          0	MERGED:          0	TO_CACHE:        102
LLC PQ	ACCESS:        790	FORWARD:          0	MERGED:          0	TO_CACHE:        790

LLC Dense regions hint to LLC: 0

RAW hits: 3957583
Loads Generated: 47970048
Loads sent to L1D: 44012468
Stores Generated: 26582774
Stores sent to L1D: 26582771
Major fault: 0 Minor fault: 1825
Allocated PAGES: 1825
CPU 0 L2C PC-based stride prefetcher final stats
================ Mockingjay (LLC) Pollution Stats ================
Total pollution count in LLC: 0
==================================================================

DRAM Statistics
 CHANNEL 0
 RQ ROW_BUFFER_HIT:          6  ROW_BUFFER_MISS:         57
 DBUS_CONGESTED:          0
 WQ ROW_BUFFER_HIT:          0  ROW_BUFFER_MISS:          0  FULL:          0

 AVG_CONGESTED_CYCLE: -
 All warmup complete: 2
Channel 0 Bank busy for read cycles: 0
Channel 0 Bank busy for write cycles: 0
Channel 0
Rank 0
0banks busy for read cycles: 587640531
0banks busy for write cycles: 0
1banks busy for read cycles: 2468
1banks busy for write cycles: 0
2banks busy for read cycles: 2525
2banks busy for write cycles: 0
3banks busy for read cycles: 444
3banks busy for write cycles: 0
4banks busy for read cycles: 0
4banks busy for write cycles: 0
5banks busy for read cycles: 0
5banks busy for write cycles: 0
6banks busy for read cycles: 0
6banks busy for write cycles: 0
7banks busy for read cycles: 0
7banks busy for write cycles: 0
8banks busy for read cycles: 0
8banks busy for write cycles: 0

CPU 0 Branch Prediction Accuracy: 99.8981% MPKI: 0.183885 Average ROB Occupancy at Mispredict: 21.8247
Branch types
NOT_BRANCH: 163914133 81.9571%
BRANCH_DIRECT_JUMP: 1879188 0.939594%
BRANCH_INDIRECT: 12153457 6.07673%
BRANCH_CONDITIONAL: 12876854 6.43843%
BRANCH_DIRECT_CALL: 3870578 1.93529%
BRANCH_INDIRECT_CALL: 717296 0.358648%
BRANCH_RETURN: 4587922 2.29396%
BRANCH_OTHER: 0 0%

===================== LRU L1D STATS =====================
Total pollution count in L1D: 0
=========================================================
================ SRRIP (L2C) Pollution Stats ================
Total pollution count in L2c: 2632
==================================================================
DRAM PAGES: 1048576
Allocated PAGES: 1825
