
*** ChampSim Multicore Out-of-Order Simulator ***

Warmup Instructions: 200000000
Simulation Instructions: 200000000
Number of CPUs: 1
LLC sets: 4096
LLC ways: 12
Off-chip DRAM Size: 4096 MB Channels: 1 Width: 64-bit Data Rate: 6400 MT/s
CPU 0 runs /home1/sweta/traces/qualcomm_traces/srv_72.champsimtrace.xz
.xz
BTB has LRU replacement policy
ITLB has LRU replacement policy
DTLB has LRU replacement policy
STLB has LRU replacement policy
L1I has LRU replacement policy
L1D has LRU replacement policy
CPU 0 L2C IP-based stride prefetcher
Initialize SRRIP state for L2C
Initialize Mockingjay state for LLC
Heartbeat CPU 0 instructions: 10000006 cycles: 2046720 heartbeat IPC: 4.88587 cumulative IPC: 4.88587 (Simulation time: 0 hr 0 min 23 sec) 
Heartbeat CPU 0 instructions: 20000006 cycles: 4093836 heartbeat IPC: 4.88492 cumulative IPC: 4.8854 (Simulation time: 0 hr 0 min 45 sec) 
Heartbeat CPU 0 instructions: 30000000 cycles: 6140102 heartbeat IPC: 4.88695 cumulative IPC: 4.88591 (Simulation time: 0 hr 1 min 6 sec) 
*** Reached end of trace for Core: 0 Repeating trace: /home1/sweta/traces/qualcomm_traces/srv_72.champsimtrace.xz
Heartbeat CPU 0 instructions: 40000001 cycles: 8185361 heartbeat IPC: 4.88936 cumulative IPC: 4.88677 (Simulation time: 0 hr 1 min 28 sec) 
Heartbeat CPU 0 instructions: 50000002 cycles: 10231751 heartbeat IPC: 4.88665 cumulative IPC: 4.88675 (Simulation time: 0 hr 1 min 49 sec) 
Heartbeat CPU 0 instructions: 60000006 cycles: 12277520 heartbeat IPC: 4.88814 cumulative IPC: 4.88698 (Simulation time: 0 hr 2 min 10 sec) 
*** Reached end of trace for Core: 0 Repeating trace: /home1/sweta/traces/qualcomm_traces/srv_72.champsimtrace.xz
Heartbeat CPU 0 instructions: 70000000 cycles: 14322858 heartbeat IPC: 4.88916 cumulative IPC: 4.88729 (Simulation time: 0 hr 2 min 30 sec) 
Heartbeat CPU 0 instructions: 80000003 cycles: 16368749 heartbeat IPC: 4.88785 cumulative IPC: 4.88736 (Simulation time: 0 hr 2 min 50 sec) 
Heartbeat CPU 0 instructions: 90000000 cycles: 18415045 heartbeat IPC: 4.88688 cumulative IPC: 4.88731 (Simulation time: 0 hr 3 min 11 sec) 
*** Reached end of trace for Core: 0 Repeating trace: /home1/sweta/traces/qualcomm_traces/srv_72.champsimtrace.xz
Heartbeat CPU 0 instructions: 100000002 cycles: 20460387 heartbeat IPC: 4.88916 cumulative IPC: 4.88749 (Simulation time: 0 hr 3 min 32 sec) 
Heartbeat CPU 0 instructions: 110000004 cycles: 22506292 heartbeat IPC: 4.88781 cumulative IPC: 4.88752 (Simulation time: 0 hr 3 min 53 sec) 
Heartbeat CPU 0 instructions: 120000001 cycles: 24552834 heartbeat IPC: 4.88629 cumulative IPC: 4.88742 (Simulation time: 0 hr 4 min 12 sec) 
*** Reached end of trace for Core: 0 Repeating trace: /home1/sweta/traces/qualcomm_traces/srv_72.champsimtrace.xz
Heartbeat CPU 0 instructions: 130000004 cycles: 26598020 heartbeat IPC: 4.88953 cumulative IPC: 4.88758 (Simulation time: 0 hr 4 min 33 sec) 
Heartbeat CPU 0 instructions: 140000000 cycles: 28643747 heartbeat IPC: 4.88824 cumulative IPC: 4.88763 (Simulation time: 0 hr 4 min 53 sec) 
Heartbeat CPU 0 instructions: 150000000 cycles: 30689948 heartbeat IPC: 4.88711 cumulative IPC: 4.88759 (Simulation time: 0 hr 5 min 14 sec) 
*** Reached end of trace for Core: 0 Repeating trace: /home1/sweta/traces/qualcomm_traces/srv_72.champsimtrace.xz
Heartbeat CPU 0 instructions: 160000003 cycles: 32735222 heartbeat IPC: 4.88932 cumulative IPC: 4.8877 (Simulation time: 0 hr 5 min 35 sec) 
Heartbeat CPU 0 instructions: 170000005 cycles: 34781290 heartbeat IPC: 4.88742 cumulative IPC: 4.88769 (Simulation time: 0 hr 5 min 56 sec) 
Heartbeat CPU 0 instructions: 180000000 cycles: 36828297 heartbeat IPC: 4.88518 cumulative IPC: 4.88755 (Simulation time: 0 hr 6 min 16 sec) 
*** Reached end of trace for Core: 0 Repeating trace: /home1/sweta/traces/qualcomm_traces/srv_72.champsimtrace.xz
Heartbeat CPU 0 instructions: 190000006 cycles: 38872977 heartbeat IPC: 4.89074 cumulative IPC: 4.88771 (Simulation time: 0 hr 6 min 37 sec) 
Heartbeat CPU 0 instructions: 200000006 cycles: 40918976 heartbeat IPC: 4.88759 cumulative IPC: 4.88771 (Simulation time: 0 hr 6 min 57 sec) 

Warmup complete CPU 0 instructions: 200000006 cycles: 40918976 (Simulation time: 0 hr 6 min 57 sec) 

Heartbeat CPU 0 instructions: 210000000 cycles: 72219024 heartbeat IPC: 0.319488 cumulative IPC: 0.319488 (Simulation time: 0 hr 7 min 24 sec) 
*** Reached end of trace for Core: 0 Repeating trace: /home1/sweta/traces/qualcomm_traces/srv_72.champsimtrace.xz
Heartbeat CPU 0 instructions: 220000007 cycles: 103411511 heartbeat IPC: 0.32059 cumulative IPC: 0.320038 (Simulation time: 0 hr 7 min 51 sec) 
Heartbeat CPU 0 instructions: 230000001 cycles: 134647511 heartbeat IPC: 0.320143 cumulative IPC: 0.320073 (Simulation time: 0 hr 8 min 18 sec) 
Heartbeat CPU 0 instructions: 240000002 cycles: 165890089 heartbeat IPC: 0.320076 cumulative IPC: 0.320074 (Simulation time: 0 hr 8 min 43 sec) 
Heartbeat CPU 0 instructions: 250000007 cycles: 197113873 heartbeat IPC: 0.320269 cumulative IPC: 0.320113 (Simulation time: 0 hr 9 min 9 sec) 
*** Reached end of trace for Core: 0 Repeating trace: /home1/sweta/traces/qualcomm_traces/srv_72.champsimtrace.xz
Heartbeat CPU 0 instructions: 260000000 cycles: 228335297 heartbeat IPC: 0.320293 cumulative IPC: 0.320143 (Simulation time: 0 hr 9 min 33 sec) 
Heartbeat CPU 0 instructions: 270000000 cycles: 259572585 heartbeat IPC: 0.32013 cumulative IPC: 0.320141 (Simulation time: 0 hr 9 min 57 sec) 
Heartbeat CPU 0 instructions: 280000001 cycles: 290801861 heartbeat IPC: 0.320212 cumulative IPC: 0.32015 (Simulation time: 0 hr 10 min 21 sec) 
*** Reached end of trace for Core: 0 Repeating trace: /home1/sweta/traces/qualcomm_traces/srv_72.champsimtrace.xz
Heartbeat CPU 0 instructions: 290000004 cycles: 322007658 heartbeat IPC: 0.320453 cumulative IPC: 0.320184 (Simulation time: 0 hr 10 min 45 sec) 
Heartbeat CPU 0 instructions: 300000006 cycles: 353240917 heartbeat IPC: 0.320172 cumulative IPC: 0.320182 (Simulation time: 0 hr 11 min 9 sec) 
Heartbeat CPU 0 instructions: 310000000 cycles: 384471456 heartbeat IPC: 0.320199 cumulative IPC: 0.320184 (Simulation time: 0 hr 11 min 32 sec) 
*** Reached end of trace for Core: 0 Repeating trace: /home1/sweta/traces/qualcomm_traces/srv_72.champsimtrace.xz
Heartbeat CPU 0 instructions: 320000000 cycles: 415681923 heartbeat IPC: 0.320405 cumulative IPC: 0.320202 (Simulation time: 0 hr 11 min 56 sec) 
Heartbeat CPU 0 instructions: 330000001 cycles: 446909879 heartbeat IPC: 0.320226 cumulative IPC: 0.320204 (Simulation time: 0 hr 12 min 19 sec) 
Heartbeat CPU 0 instructions: 340000001 cycles: 478149554 heartbeat IPC: 0.320106 cumulative IPC: 0.320197 (Simulation time: 0 hr 12 min 43 sec) 
*** Reached end of trace for Core: 0 Repeating trace: /home1/sweta/traces/qualcomm_traces/srv_72.champsimtrace.xz
Heartbeat CPU 0 instructions: 350000000 cycles: 509347191 heartbeat IPC: 0.320537 cumulative IPC: 0.32022 (Simulation time: 0 hr 13 min 8 sec) 
Heartbeat CPU 0 instructions: 360000000 cycles: 540581502 heartbeat IPC: 0.320161 cumulative IPC: 0.320216 (Simulation time: 0 hr 13 min 37 sec) 
Heartbeat CPU 0 instructions: 370000000 cycles: 571819645 heartbeat IPC: 0.320121 cumulative IPC: 0.320211 (Simulation time: 0 hr 14 min 6 sec) 
*** Reached end of trace for Core: 0 Repeating trace: /home1/sweta/traces/qualcomm_traces/srv_72.champsimtrace.xz
Heartbeat CPU 0 instructions: 380000000 cycles: 603016220 heartbeat IPC: 0.320548 cumulative IPC: 0.320229 (Simulation time: 0 hr 14 min 35 sec) 
Heartbeat CPU 0 instructions: 390000006 cycles: 634248915 heartbeat IPC: 0.320177 cumulative IPC: 0.320227 (Simulation time: 0 hr 15 min 4 sec) 
Heartbeat CPU 0 instructions: 400000000 cycles: 665487987 heartbeat IPC: 0.320112 cumulative IPC: 0.320221 (Simulation time: 0 hr 15 min 34 sec) 
Finished CPU 0 instructions: 200000000 cycles: 624569081 cumulative IPC: 0.320221 (Simulation time: 0 hr 15 min 34 sec) 

ChampSim completed all CPUs

Region of Interest Statistics

CPU 0 cumulative IPC: 0.320221 instructions: 200000000 cycles: 624569081
ITLB TOTAL     ACCESS:   25882093  HIT:   23467440  MISS:    2414653  HIT %:    90.6706  MISS %:    9.32943   MPKI: 12.0733
ITLB LOAD TRANSLATION ACCESS:   25882093  HIT:   23467440  MISS:    2414653  HIT %:    90.6706  MISS %:    9.32943   MPKI: 12.0733
ITLB PREFETCH  REQUESTED:          0  ISSUED:          0  USEFUL:          0  USELESS:          0
ITLB USEFUL LOAD PREFETCHES:          0 PREFETCH ISSUED TO LOWER LEVEL:          0  ACCURACY: -nan
ITLB TIMELY PREFETCHES:          0 LATE PREFETCHES: 0 DROPPED PREFETCHES: 0
ITLB PREFETCHES SAME FILL-ORIGIN LEVEL: 0 DIFFERENT FILL-ORIGIN LEVEL: 0
ITLB AVERAGE MISS LATENCY:    9.00342 cycles AVERAGE LOAD MISS LATENCY:       -nan cycles Load Miss          0
ITLB Average MSHR Occupancy:  0.0309953
ITLB RQ	ACCESS:   31762697	FORWARD:          0	MERGED:    4548924	TO_CACHE:   27213773

DTLB TOTAL     ACCESS:   41821477  HIT:   39856025  MISS:    1965452  HIT %:    95.3004  MISS %:    4.69962   MPKI: 9.82726
DTLB LOAD TRANSLATION ACCESS:   41821477  HIT:   39856025  MISS:    1965452  HIT %:    95.3004  MISS %:    4.69962   MPKI: 9.82726
DTLB PREFETCH  REQUESTED:          0  ISSUED:          0  USEFUL:          0  USELESS:          0
DTLB USEFUL LOAD PREFETCHES:          0 PREFETCH ISSUED TO LOWER LEVEL:          0  ACCURACY: -nan
DTLB TIMELY PREFETCHES:          0 LATE PREFETCHES: 0 DROPPED PREFETCHES: 0
DTLB PREFETCHES SAME FILL-ORIGIN LEVEL: 0 DIFFERENT FILL-ORIGIN LEVEL: 0
DTLB AVERAGE MISS LATENCY:    9.03504 cycles AVERAGE LOAD MISS LATENCY:       -nan cycles Load Miss          0
DTLB Average MSHR Occupancy:  0.0256916
DTLB RQ	ACCESS:   58970535	FORWARD:          0	MERGED:   17099151	TO_CACHE:   41871384

STLB TOTAL     ACCESS:    4380105  HIT:    4378872  MISS:       1233  HIT %:    99.9718  MISS %:    0.02815   MPKI: 0.006165
STLB LOAD TRANSLATION ACCESS:    4380105  HIT:    4378872  MISS:       1233  HIT %:    99.9718  MISS %:    0.02815   MPKI: 0.006165
STLB PREFETCH  REQUESTED:          0  ISSUED:          0  USEFUL:          0  USELESS:          0
STLB USEFUL LOAD PREFETCHES:          0 PREFETCH ISSUED TO LOWER LEVEL:          0  ACCURACY: -nan
STLB TIMELY PREFETCHES:          0 LATE PREFETCHES: 0 DROPPED PREFETCHES: 0
STLB PREFETCHES SAME FILL-ORIGIN LEVEL: 0 DIFFERENT FILL-ORIGIN LEVEL: 0
STLB AVERAGE MISS LATENCY:         19 cycles AVERAGE LOAD MISS LATENCY:       -nan cycles Load Miss          0
STLB Average MSHR Occupancy: 4.4714e-05
STLB RQ	ACCESS:    4380105	FORWARD:          0	MERGED:          0	TO_CACHE:    4380105

STLB Hit, L1D data hit: 0
STLB Hit, L2C data hit: 0
STLB Hit, LLC data hit: 0
STLB Hit, LLC data miss: 0
STLB STLB hints to L2: 0
L1D TOTAL     ACCESS:   57137748  HIT:   52756969  MISS:    4380779  HIT %:     92.333  MISS %:    7.66705   MPKI: 21.9039
L1D LOAD      ACCESS:   31258376  HIT:   28042015  MISS:    3216361  HIT %:    89.7104  MISS %:    10.2896   MPKI: 16.0818
L1D RFO       ACCESS:   25879372  HIT:   24714954  MISS:    1164418  HIT %:    95.5006  MISS %:    4.49941   MPKI: 5.82209
L1D PREFETCH  REQUESTED:          0  ISSUED:          0  USEFUL:          0  USELESS:          0
L1D USEFUL LOAD PREFETCHES:          0 PREFETCH ISSUED TO LOWER LEVEL:          0  ACCURACY: -nan
L1D TIMELY PREFETCHES:          0 LATE PREFETCHES: 0 DROPPED PREFETCHES: 0
L1D PREFETCHES SAME FILL-ORIGIN LEVEL: 0 DIFFERENT FILL-ORIGIN LEVEL: 0
L1D AVERAGE MISS LATENCY:    15.0609 cycles AVERAGE LOAD MISS LATENCY:    15.0675 cycles Load Miss    3216361
L1D Average MSHR Occupancy:   0.112867
L1D RQ	ACCESS:   44502796	FORWARD:          0	MERGED:   13014110	TO_CACHE:   31309717
L1D WQ	ACCESS:   27957316	FORWARD:     178969	MERGED:     296498	TO_CACHE:   27660818

L1D UNIQUE REGIONS ACCESSED: 0
L1D REGIONS CONFLICTS: 0
L1D Cross Page Prefetch Requests: 0
L1D Same Page Prefetch Requests: 0
L1D ROI Sum of L1D PQ occupancy: 0
L1D PREFETCHES PUSHED FROM L2C: 0
L1I TOTAL     ACCESS:   31563207  HIT:   11241683  MISS:   20321524  HIT %:    35.6164  MISS %:    64.3836   MPKI: 101.608
L1I LOAD      ACCESS:   31563207  HIT:   11241683  MISS:   20321524  HIT %:    35.6164  MISS %:    64.3836   MPKI: 101.608
L1I PREFETCH  REQUESTED:          0  ISSUED:          0  USEFUL:          0  USELESS:          0
L1I USEFUL LOAD PREFETCHES:          0 PREFETCH ISSUED TO LOWER LEVEL:          0  ACCURACY: -nan
L1I TIMELY PREFETCHES:          0 LATE PREFETCHES: 0 DROPPED PREFETCHES: 0
L1I PREFETCHES SAME FILL-ORIGIN LEVEL: 0 DIFFERENT FILL-ORIGIN LEVEL: 0
L1I AVERAGE MISS LATENCY:    14.1366 cycles AVERAGE LOAD MISS LATENCY:    14.1366 cycles Load Miss   20321524
L1I Average MSHR Occupancy:   0.449404
L1I RQ	ACCESS:   50242169	FORWARD:          0	MERGED:   18479472	TO_CACHE:   31762697

BTB TOTAL     ACCESS:   30216462  HIT:   16753384  MISS:   13463078  HIT %:    55.4446  MISS %:    44.5554   MPKI: 67.3154
BTB BRANCH_DIRECT_JUMP	ACCESS:    1948420  HIT:    1081477  MISS:     866943
BTB BRANCH_INDIRECT	ACCESS:   12728966  HIT:    7597935  MISS:    5131031
BTB BRANCH_CONDITIONAL	ACCESS:    5645445  HIT:    4269907  MISS:    1375538
BTB BRANCH_DIRECT_CALL	ACCESS:    4157631  HIT:    1954474  MISS:    2203157
BTB BRANCH_INDIRECT_CALL	ACCESS:     789206  HIT:     387748  MISS:     401458
BTB BRANCH_RETURN	ACCESS:    4946794  HIT:    1461843  MISS:    3484951
BTB BRANCH_OTHER ACCESS:          0  HIT:          0  MISS:          0

L2C TOTAL     ACCESS:   27133781  HIT:   27133742  MISS:         39  HIT %:    99.9999  MISS %: 0.000143732   MPKI: 0.000195
L2C LOAD      ACCESS:   23537202  HIT:   23537202  MISS:          0  HIT %:        100  MISS %:          0   MPKI: 0
L2C DATA LOAD MPKI: 0
L2C INSTRUCTION LOAD MPKI: 0
L2C RFO       ACCESS:    1164418  HIT:    1164418  MISS:          0  HIT %:        100  MISS %:          0   MPKI: 0
L2C PREFETCH  ACCESS:     162351  HIT:     162312  MISS:         39  HIT %:     99.976  MISS %:   0.024022   MPKI: 0.000195
AGUS PREFETCH L1 MISS: 0
L2C DATA PREFETCH MPKI: 0.000195
L2C INSTRUCTION PREFETCH MPKI: 0
L2C WRITEBACK ACCESS:    2268577  HIT:    2268577  MISS:          0  HIT %:        100  MISS %:          0   MPKI: 0
L2C LOAD TRANSLATION ACCESS:       1233  HIT:       1233  MISS:          0  HIT %:        100  MISS %:          0   MPKI: 0
L2C PREFETCH  REQUESTED:     172400  ISSUED:     172400  USEFUL:          0  USELESS:          0
L2C USEFUL LOAD PREFETCHES:          0 PREFETCH ISSUED TO LOWER LEVEL:         39  ACCURACY: 0
L2C TIMELY PREFETCHES:          0 LATE PREFETCHES: 0 DROPPED PREFETCHES: 0
L2C PREFETCHES SAME FILL-ORIGIN LEVEL: 39 DIFFERENT FILL-ORIGIN LEVEL: 0
L2C AVERAGE MISS LATENCY:    228.667 cycles AVERAGE LOAD MISS LATENCY:       -nan cycles Load Miss          0
L2C Average MSHR Occupancy: 3.98515e-05
L2C RQ	ACCESS:   24703539	FORWARD:          0	MERGED:          0	TO_CACHE:   24702856
L2C WQ	ACCESS:    2268577	FORWARD:        683	MERGED:          0	TO_CACHE:    2268577
L2C PQ	ACCESS:     172400	FORWARD:          0	MERGED:      10049	TO_CACHE:     162351

L2C Instructions Evicting Data 0
L2C Translations Evicting Data 0
L2C Data Evicting Data 0
L2C Instructions Evicting Instructions 0
L2C Translations Evicting Instructions 0
L2C Data Evicting Instructions 0
L2C Instructions Evicting Translations 0
L2C Translations Evicting Translations 0
L2C Data Evicting Translations 0
L2C Dense regions hint from L2: 0
PSCL5 TOTAL     ACCESS:       1233  HIT:       1233  MISS:          0  HIT %:        100  MISS %:          0   MPKI: 0
PSCL5 LOAD TRANSLATION ACCESS:       1233  HIT:       1233  MISS:          0  HIT %:        100  MISS %:          0   MPKI: 0
PSCL5 PREFETCH  REQUESTED:          0  ISSUED:          0  USEFUL:          0  USELESS:          0
PSCL5 USEFUL LOAD PREFETCHES:          0 PREFETCH ISSUED TO LOWER LEVEL:          0  ACCURACY: -nan
PSCL5 TIMELY PREFETCHES:          0 LATE PREFETCHES: 0 DROPPED PREFETCHES: 0
PSCL5 PREFETCHES SAME FILL-ORIGIN LEVEL: 0 DIFFERENT FILL-ORIGIN LEVEL: 0

PSCL4 TOTAL     ACCESS:       1233  HIT:       1233  MISS:          0  HIT %:        100  MISS %:          0   MPKI: 0
PSCL4 LOAD TRANSLATION ACCESS:       1233  HIT:       1233  MISS:          0  HIT %:        100  MISS %:          0   MPKI: 0
PSCL4 PREFETCH  REQUESTED:          0  ISSUED:          0  USEFUL:          0  USELESS:          0
PSCL4 USEFUL LOAD PREFETCHES:          0 PREFETCH ISSUED TO LOWER LEVEL:          0  ACCURACY: -nan
PSCL4 TIMELY PREFETCHES:          0 LATE PREFETCHES: 0 DROPPED PREFETCHES: 0
PSCL4 PREFETCHES SAME FILL-ORIGIN LEVEL: 0 DIFFERENT FILL-ORIGIN LEVEL: 0

PSCL3 TOTAL     ACCESS:       1233  HIT:       1233  MISS:          0  HIT %:        100  MISS %:          0   MPKI: 0
PSCL3 LOAD TRANSLATION ACCESS:       1233  HIT:       1233  MISS:          0  HIT %:        100  MISS %:          0   MPKI: 0
PSCL3 PREFETCH  REQUESTED:          0  ISSUED:          0  USEFUL:          0  USELESS:          0
PSCL3 USEFUL LOAD PREFETCHES:          0 PREFETCH ISSUED TO LOWER LEVEL:          0  ACCURACY: -nan
PSCL3 TIMELY PREFETCHES:          0 LATE PREFETCHES: 0 DROPPED PREFETCHES: 0
PSCL3 PREFETCHES SAME FILL-ORIGIN LEVEL: 0 DIFFERENT FILL-ORIGIN LEVEL: 0

PSCL2 TOTAL     ACCESS:       1233  HIT:       1233  MISS:          0  HIT %:        100  MISS %:          0   MPKI: 0
PSCL2 LOAD TRANSLATION ACCESS:       1233  HIT:       1233  MISS:          0  HIT %:        100  MISS %:          0   MPKI: 0
PSCL2 PREFETCH  REQUESTED:          0  ISSUED:          0  USEFUL:          0  USELESS:          0
PSCL2 USEFUL LOAD PREFETCHES:          0 PREFETCH ISSUED TO LOWER LEVEL:          0  ACCURACY: -nan
PSCL2 TIMELY PREFETCHES:          0 LATE PREFETCHES: 0 DROPPED PREFETCHES: 0
PSCL2 PREFETCHES SAME FILL-ORIGIN LEVEL: 0 DIFFERENT FILL-ORIGIN LEVEL: 0

LLC TOTAL     ACCESS:         39  HIT:          0  MISS:         39  HIT %:          0  MISS %:        100   MPKI: 0.000195
LLC PREFETCH  ACCESS:         39  HIT:          0  MISS:         39  HIT %:          0  MISS %:        100   MPKI: 0.000195
AGUS PREFETCH L1 MISS: 0
LLC PREFETCH  REQUESTED:          0  ISSUED:          0  USEFUL:          0  USELESS:          0
LLC USEFUL LOAD PREFETCHES:          0 PREFETCH ISSUED TO LOWER LEVEL:         39  ACCURACY: 0
LLC TIMELY PREFETCHES:          0 LATE PREFETCHES: 0 DROPPED PREFETCHES: 0
LLC PREFETCHES SAME FILL-ORIGIN LEVEL: 0 DIFFERENT FILL-ORIGIN LEVEL: 0
LLC AVERAGE MISS LATENCY:    183.667 cycles AVERAGE LOAD MISS LATENCY:       -nan cycles Load Miss          0
LLC Average MSHR Occupancy: 1.14063e-05
LLC PQ	ACCESS:         39	FORWARD:          0	MERGED:          0	TO_CACHE:         39

LLC Dense regions hint to LLC: 0

RAW hits: 4157002
Loads Generated: 48659797
Loads sent to L1D: 44502796
Stores Generated: 27957319
Stores sent to L1D: 27957316
Major fault: 0 Minor fault: 1236
Allocated PAGES: 1236
CPU 0 L2C PC-based stride prefetcher final stats
================ Mockingjay (LLC) Pollution Stats ================
Total pollution count in LLC: 0
==================================================================

DRAM Statistics
 CHANNEL 0
 RQ ROW_BUFFER_HIT:          2  ROW_BUFFER_MISS:         37
 DBUS_CONGESTED:          0
 WQ ROW_BUFFER_HIT:          0  ROW_BUFFER_MISS:          0  FULL:          0

 AVG_CONGESTED_CYCLE: -
 All warmup complete: 2
Channel 0 Bank busy for read cycles: 0
Channel 0 Bank busy for write cycles: 0
Channel 0
Rank 0
0banks busy for read cycles: 624565484
0banks busy for write cycles: 0
1banks busy for read cycles: 1931
1banks busy for write cycles: 0
2banks busy for read cycles: 1399
2banks busy for write cycles: 0
3banks busy for read cycles: 151
3banks busy for write cycles: 0
4banks busy for read cycles: 117
4banks busy for write cycles: 0
5banks busy for read cycles: 0
5banks busy for write cycles: 0
6banks busy for read cycles: 0
6banks busy for write cycles: 0
7banks busy for read cycles: 0
7banks busy for write cycles: 0
8banks busy for read cycles: 0
8banks busy for write cycles: 0

CPU 0 Branch Prediction Accuracy: 99.9225% MPKI: 0.1375 Average ROB Occupancy at Mispredict: 22.7146
Branch types
NOT_BRANCH: 164499088 82.2495%
BRANCH_DIRECT_JUMP: 1948420 0.97421%
BRANCH_INDIRECT: 12728966 6.36448%
BRANCH_CONDITIONAL: 10929823 5.46491%
BRANCH_DIRECT_CALL: 4157631 2.07882%
BRANCH_INDIRECT_CALL: 789206 0.394603%
BRANCH_RETURN: 4946794 2.4734%
BRANCH_OTHER: 0 0%

===================== LRU L1D STATS =====================
Total pollution count in L1D: 0
=========================================================
================ SRRIP (L2C) Pollution Stats ================
Total pollution count in L2c: 1
==================================================================
DRAM PAGES: 1048576
Allocated PAGES: 1236
