
*** ChampSim Multicore Out-of-Order Simulator ***

Warmup Instructions: 200000000
Simulation Instructions: 200000000
Number of CPUs: 1
LLC sets: 4096
LLC ways: 12
Off-chip DRAM Size: 4096 MB Channels: 1 Width: 64-bit Data Rate: 6400 MT/s
CPU 0 runs /home1/sweta/traces/qualcomm_traces/srv_33.champsimtrace.xz
.xz
BTB has LRU replacement policy
ITLB has LRU replacement policy
DTLB has LRU replacement policy
STLB has LRU replacement policy
L1I has LRU replacement policy
L1D has LRU replacement policy
CPU 0 L2C IP-based stride prefetcher
Initialize SRRIP state for L2C
Initialize Mockingjay state for LLC
Heartbeat CPU 0 instructions: 10000001 cycles: 2316633 heartbeat IPC: 4.31661 cumulative IPC: 4.31661 (Simulation time: 0 hr 0 min 27 sec) 
Heartbeat CPU 0 instructions: 20000005 cycles: 4642935 heartbeat IPC: 4.29867 cumulative IPC: 4.30762 (Simulation time: 0 hr 0 min 51 sec) 
Heartbeat CPU 0 instructions: 30000000 cycles: 6954042 heartbeat IPC: 4.32693 cumulative IPC: 4.31404 (Simulation time: 0 hr 1 min 16 sec) 
*** Reached end of trace for Core: 0 Repeating trace: /home1/sweta/traces/qualcomm_traces/srv_33.champsimtrace.xz
Heartbeat CPU 0 instructions: 40000003 cycles: 9270178 heartbeat IPC: 4.31754 cumulative IPC: 4.31491 (Simulation time: 0 hr 1 min 48 sec) 
Heartbeat CPU 0 instructions: 50000007 cycles: 11598271 heartbeat IPC: 4.29536 cumulative IPC: 4.31099 (Simulation time: 0 hr 2 min 22 sec) 
Heartbeat CPU 0 instructions: 60000002 cycles: 13909672 heartbeat IPC: 4.32638 cumulative IPC: 4.31355 (Simulation time: 0 hr 2 min 47 sec) 
*** Reached end of trace for Core: 0 Repeating trace: /home1/sweta/traces/qualcomm_traces/srv_33.champsimtrace.xz
Heartbeat CPU 0 instructions: 70000004 cycles: 16233530 heartbeat IPC: 4.30319 cumulative IPC: 4.31206 (Simulation time: 0 hr 3 min 12 sec) 
Heartbeat CPU 0 instructions: 80000000 cycles: 18553837 heartbeat IPC: 4.30977 cumulative IPC: 4.31178 (Simulation time: 0 hr 3 min 36 sec) 
Heartbeat CPU 0 instructions: 90000000 cycles: 20874222 heartbeat IPC: 4.30963 cumulative IPC: 4.31154 (Simulation time: 0 hr 4 min 0 sec) 
*** Reached end of trace for Core: 0 Repeating trace: /home1/sweta/traces/qualcomm_traces/srv_33.champsimtrace.xz
Heartbeat CPU 0 instructions: 100000000 cycles: 23197948 heartbeat IPC: 4.30343 cumulative IPC: 4.31073 (Simulation time: 0 hr 4 min 24 sec) 
Heartbeat CPU 0 instructions: 110000005 cycles: 25509911 heartbeat IPC: 4.32533 cumulative IPC: 4.31205 (Simulation time: 0 hr 4 min 48 sec) 
Heartbeat CPU 0 instructions: 120000003 cycles: 27836335 heartbeat IPC: 4.29844 cumulative IPC: 4.31091 (Simulation time: 0 hr 5 min 12 sec) 
*** Reached end of trace for Core: 0 Repeating trace: /home1/sweta/traces/qualcomm_traces/srv_33.champsimtrace.xz
Heartbeat CPU 0 instructions: 130000006 cycles: 30153149 heartbeat IPC: 4.31627 cumulative IPC: 4.31132 (Simulation time: 0 hr 5 min 36 sec) 
Heartbeat CPU 0 instructions: 140000003 cycles: 32463496 heartbeat IPC: 4.32835 cumulative IPC: 4.31254 (Simulation time: 0 hr 6 min 0 sec) 
Heartbeat CPU 0 instructions: 150000003 cycles: 34791253 heartbeat IPC: 4.29598 cumulative IPC: 4.31143 (Simulation time: 0 hr 6 min 24 sec) 
Heartbeat CPU 0 instructions: 160000001 cycles: 37104874 heartbeat IPC: 4.32223 cumulative IPC: 4.3121 (Simulation time: 0 hr 6 min 48 sec) 
*** Reached end of trace for Core: 0 Repeating trace: /home1/sweta/traces/qualcomm_traces/srv_33.champsimtrace.xz
Heartbeat CPU 0 instructions: 170000003 cycles: 39428227 heartbeat IPC: 4.30413 cumulative IPC: 4.31163 (Simulation time: 0 hr 7 min 13 sec) 
Heartbeat CPU 0 instructions: 180000000 cycles: 41745013 heartbeat IPC: 4.31632 cumulative IPC: 4.31189 (Simulation time: 0 hr 7 min 37 sec) 
Heartbeat CPU 0 instructions: 190000003 cycles: 44068602 heartbeat IPC: 4.30369 cumulative IPC: 4.31146 (Simulation time: 0 hr 8 min 1 sec) 
*** Reached end of trace for Core: 0 Repeating trace: /home1/sweta/traces/qualcomm_traces/srv_33.champsimtrace.xz
Heartbeat CPU 0 instructions: 200000001 cycles: 46391654 heartbeat IPC: 4.30468 cumulative IPC: 4.31112 (Simulation time: 0 hr 8 min 25 sec) 

Warmup complete CPU 0 instructions: 200000001 cycles: 46391654 (Simulation time: 0 hr 8 min 25 sec) 

Heartbeat CPU 0 instructions: 210000001 cycles: 59570318 heartbeat IPC: 0.758802 cumulative IPC: 0.758802 (Simulation time: 0 hr 8 min 59 sec) 
Heartbeat CPU 0 instructions: 220000005 cycles: 72757695 heartbeat IPC: 0.758301 cumulative IPC: 0.758552 (Simulation time: 0 hr 9 min 34 sec) 
*** Reached end of trace for Core: 0 Repeating trace: /home1/sweta/traces/qualcomm_traces/srv_33.champsimtrace.xz
Heartbeat CPU 0 instructions: 230000001 cycles: 86016807 heartbeat IPC: 0.754198 cumulative IPC: 0.757095 (Simulation time: 0 hr 10 min 9 sec) 
Heartbeat CPU 0 instructions: 240000001 cycles: 99157093 heartbeat IPC: 0.761018 cumulative IPC: 0.758072 (Simulation time: 0 hr 10 min 44 sec) 
Heartbeat CPU 0 instructions: 250000005 cycles: 112296170 heartbeat IPC: 0.761089 cumulative IPC: 0.758673 (Simulation time: 0 hr 11 min 20 sec) 
*** Reached end of trace for Core: 0 Repeating trace: /home1/sweta/traces/qualcomm_traces/srv_33.champsimtrace.xz
Heartbeat CPU 0 instructions: 260000000 cycles: 125547464 heartbeat IPC: 0.754643 cumulative IPC: 0.757999 (Simulation time: 0 hr 11 min 56 sec) 
Heartbeat CPU 0 instructions: 270000000 cycles: 138693774 heartbeat IPC: 0.76067 cumulative IPC: 0.758379 (Simulation time: 0 hr 12 min 31 sec) 
Heartbeat CPU 0 instructions: 280000003 cycles: 151831162 heartbeat IPC: 0.761187 cumulative IPC: 0.758729 (Simulation time: 0 hr 13 min 5 sec) 
*** Reached end of trace for Core: 0 Repeating trace: /home1/sweta/traces/qualcomm_traces/srv_33.champsimtrace.xz
Heartbeat CPU 0 instructions: 290000005 cycles: 165035460 heartbeat IPC: 0.757329 cumulative IPC: 0.758573 (Simulation time: 0 hr 13 min 40 sec) 
Heartbeat CPU 0 instructions: 300000005 cycles: 178268450 heartbeat IPC: 0.755687 cumulative IPC: 0.758284 (Simulation time: 0 hr 14 min 15 sec) 
Heartbeat CPU 0 instructions: 310000000 cycles: 191350706 heartbeat IPC: 0.764394 cumulative IPC: 0.758835 (Simulation time: 0 hr 14 min 48 sec) 
Heartbeat CPU 0 instructions: 320000000 cycles: 204544961 heartbeat IPC: 0.757906 cumulative IPC: 0.758757 (Simulation time: 0 hr 15 min 23 sec) 
*** Reached end of trace for Core: 0 Repeating trace: /home1/sweta/traces/qualcomm_traces/srv_33.champsimtrace.xz
Heartbeat CPU 0 instructions: 330000005 cycles: 217789156 heartbeat IPC: 0.755048 cumulative IPC: 0.758471 (Simulation time: 0 hr 15 min 56 sec) 
Heartbeat CPU 0 instructions: 340000005 cycles: 230925386 heartbeat IPC: 0.761253 cumulative IPC: 0.758669 (Simulation time: 0 hr 16 min 29 sec) 
Heartbeat CPU 0 instructions: 350000001 cycles: 244055959 heartbeat IPC: 0.761581 cumulative IPC: 0.758862 (Simulation time: 0 hr 17 min 2 sec) 
*** Reached end of trace for Core: 0 Repeating trace: /home1/sweta/traces/qualcomm_traces/srv_33.champsimtrace.xz
Heartbeat CPU 0 instructions: 360000000 cycles: 257294424 heartbeat IPC: 0.755374 cumulative IPC: 0.758643 (Simulation time: 0 hr 17 min 35 sec) 
Heartbeat CPU 0 instructions: 370000002 cycles: 270426575 heartbeat IPC: 0.76149 cumulative IPC: 0.75881 (Simulation time: 0 hr 18 min 8 sec) 
Heartbeat CPU 0 instructions: 380000001 cycles: 283526669 heartbeat IPC: 0.763353 cumulative IPC: 0.759061 (Simulation time: 0 hr 18 min 39 sec) 
*** Reached end of trace for Core: 0 Repeating trace: /home1/sweta/traces/qualcomm_traces/srv_33.champsimtrace.xz
Heartbeat CPU 0 instructions: 390000004 cycles: 296798901 heartbeat IPC: 0.753453 cumulative IPC: 0.758764 (Simulation time: 0 hr 19 min 12 sec) 
Heartbeat CPU 0 instructions: 400000001 cycles: 309970785 heartbeat IPC: 0.759193 cumulative IPC: 0.758785 (Simulation time: 0 hr 19 min 44 sec) 
Finished CPU 0 instructions: 200000000 cycles: 263579131 cumulative IPC: 0.758785 (Simulation time: 0 hr 19 min 44 sec) 

ChampSim completed all CPUs

Region of Interest Statistics

CPU 0 cumulative IPC: 0.758785 instructions: 200000000 cycles: 263579131
ITLB TOTAL     ACCESS:   20602133  HIT:   19059128  MISS:    1543005  HIT %:    92.5105  MISS %:    7.48954   MPKI: 7.71502
ITLB LOAD TRANSLATION ACCESS:   20602133  HIT:   19059128  MISS:    1543005  HIT %:    92.5105  MISS %:    7.48954   MPKI: 7.71502
ITLB PREFETCH  REQUESTED:          0  ISSUED:          0  USEFUL:          0  USELESS:          0
ITLB USEFUL LOAD PREFETCHES:          0 PREFETCH ISSUED TO LOWER LEVEL:          0  ACCURACY: -nan
ITLB TIMELY PREFETCHES:          0 LATE PREFETCHES: 0 DROPPED PREFETCHES: 0
ITLB PREFETCHES SAME FILL-ORIGIN LEVEL: 0 DIFFERENT FILL-ORIGIN LEVEL: 0
ITLB AVERAGE MISS LATENCY:    9.10631 cycles AVERAGE LOAD MISS LATENCY:       -nan cycles Load Miss          0
ITLB Average MSHR Occupancy:  0.0475289
ITLB RQ	ACCESS:   27340788	FORWARD:          0	MERGED:    5053279	TO_CACHE:   22287509

DTLB TOTAL     ACCESS:   33121308  HIT:   31603162  MISS:    1518146  HIT %:    95.4164  MISS %:    4.58359   MPKI: 7.59073
DTLB LOAD TRANSLATION ACCESS:   33121308  HIT:   31603162  MISS:    1518146  HIT %:    95.4164  MISS %:    4.58359   MPKI: 7.59073
DTLB PREFETCH  REQUESTED:          0  ISSUED:          0  USEFUL:          0  USELESS:          0
DTLB USEFUL LOAD PREFETCHES:          0 PREFETCH ISSUED TO LOWER LEVEL:          0  ACCURACY: -nan
DTLB TIMELY PREFETCHES:          0 LATE PREFETCHES: 0 DROPPED PREFETCHES: 0
DTLB PREFETCHES SAME FILL-ORIGIN LEVEL: 0 DIFFERENT FILL-ORIGIN LEVEL: 0
DTLB AVERAGE MISS LATENCY:    12.1885 cycles AVERAGE LOAD MISS LATENCY:       -nan cycles Load Miss          0
DTLB Average MSHR Occupancy:  0.0660126
DTLB RQ	ACCESS:   57501106	FORWARD:          0	MERGED:   24039658	TO_CACHE:   33461448

STLB TOTAL     ACCESS:    3061151  HIT:    2987457  MISS:      73694  HIT %:    97.5926  MISS %:     2.4074   MPKI: 0.36847
STLB LOAD TRANSLATION ACCESS:    3061151  HIT:    2987457  MISS:      73694  HIT %:    97.5926  MISS %:     2.4074   MPKI: 0.36847
STLB PREFETCH  REQUESTED:          0  ISSUED:          0  USEFUL:          0  USELESS:          0
STLB USEFUL LOAD PREFETCHES:          0 PREFETCH ISSUED TO LOWER LEVEL:          0  ACCURACY: -nan
STLB TIMELY PREFETCHES:          0 LATE PREFETCHES: 0 DROPPED PREFETCHES: 0
STLB PREFETCHES SAME FILL-ORIGIN LEVEL: 0 DIFFERENT FILL-ORIGIN LEVEL: 0
STLB AVERAGE MISS LATENCY:    67.1678 cycles AVERAGE LOAD MISS LATENCY:       -nan cycles Load Miss          0
STLB Average MSHR Occupancy:  0.0193021
STLB RQ	ACCESS:    3061151	FORWARD:          0	MERGED:          0	TO_CACHE:    3061151

STLB Hit, L1D data hit: 0
STLB Hit, L2C data hit: 0
STLB Hit, LLC data hit: 0
STLB Hit, LLC data miss: 0
STLB STLB hints to L2: 0
L1D TOTAL     ACCESS:   45526516  HIT:   38767490  MISS:    6759026  HIT %:    85.1536  MISS %:    14.8464   MPKI: 33.7951
L1D LOAD      ACCESS:   22765458  HIT:   19701146  MISS:    3064312  HIT %:    86.5396  MISS %:    13.4604   MPKI: 15.3216
L1D RFO       ACCESS:   22761058  HIT:   19066344  MISS:    3694714  HIT %:    83.7674  MISS %:    16.2326   MPKI: 18.4736
L1D PREFETCH  REQUESTED:          0  ISSUED:          0  USEFUL:          0  USELESS:          0
L1D USEFUL LOAD PREFETCHES:          0 PREFETCH ISSUED TO LOWER LEVEL:          0  ACCURACY: -nan
L1D TIMELY PREFETCHES:          0 LATE PREFETCHES: 0 DROPPED PREFETCHES: 0
L1D PREFETCHES SAME FILL-ORIGIN LEVEL: 0 DIFFERENT FILL-ORIGIN LEVEL: 0
L1D AVERAGE MISS LATENCY:    113.917 cycles AVERAGE LOAD MISS LATENCY:    29.3138 cycles Load Miss    3064312
L1D Average MSHR Occupancy:    2.98573
L1D RQ	ACCESS:   41907870	FORWARD:          0	MERGED:   18017545	TO_CACHE:   23656313
L1D WQ	ACCESS:   34245892	FORWARD:     234012	MERGED:     401099	TO_CACHE:   33844793

L1D UNIQUE REGIONS ACCESSED: 0
L1D REGIONS CONFLICTS: 0
L1D Cross Page Prefetch Requests: 0
L1D Same Page Prefetch Requests: 0
L1D ROI Sum of L1D PQ occupancy: 0
L1D PREFETCHES PUSHED FROM L2C: 0
L1I TOTAL     ACCESS:   26429966  HIT:    8541768  MISS:   17888198  HIT %:    32.3185  MISS %:    67.6815   MPKI: 89.441
L1I LOAD      ACCESS:   26429966  HIT:    8541768  MISS:   17888198  HIT %:    32.3185  MISS %:    67.6815   MPKI: 89.441
L1I PREFETCH  REQUESTED:          0  ISSUED:          0  USEFUL:          0  USELESS:          0
L1I USEFUL LOAD PREFETCHES:          0 PREFETCH ISSUED TO LOWER LEVEL:          0  ACCURACY: -nan
L1I TIMELY PREFETCHES:          0 LATE PREFETCHES: 0 DROPPED PREFETCHES: 0
L1I PREFETCHES SAME FILL-ORIGIN LEVEL: 0 DIFFERENT FILL-ORIGIN LEVEL: 0
L1I AVERAGE MISS LATENCY:    14.2791 cycles AVERAGE LOAD MISS LATENCY:    14.2791 cycles Load Miss   17888198
L1I Average MSHR Occupancy:   0.948246
L1I RQ	ACCESS:   50553517	FORWARD:          0	MERGED:   23212729	TO_CACHE:   27340788

BTB TOTAL     ACCESS:   25663970  HIT:   24126045  MISS:    1537925  HIT %:    94.0075  MISS %:    5.99255   MPKI: 7.68963
BTB BRANCH_DIRECT_JUMP	ACCESS:    1661182  HIT:    1651546  MISS:       9636
BTB BRANCH_INDIRECT	ACCESS:    9967861  HIT:    9459902  MISS:     507959
BTB BRANCH_CONDITIONAL	ACCESS:    7199019  HIT:    7185525  MISS:      13494
BTB BRANCH_DIRECT_CALL	ACCESS:    2825236  HIT:    2791899  MISS:      33337
BTB BRANCH_INDIRECT_CALL	ACCESS:     592658  HIT:     481170  MISS:     111488
BTB BRANCH_RETURN	ACCESS:    3418014  HIT:    2556003  MISS:     862011
BTB BRANCH_OTHER ACCESS:          0  HIT:          0  MISS:          0

L2C TOTAL     ACCESS:   30388386  HIT:   25847139  MISS:    4541247  HIT %:     85.056  MISS %:     14.944   MPKI: 22.7062
L2C LOAD      ACCESS:   20952484  HIT:   20108067  MISS:     844417  HIT %:    95.9698  MISS %:    4.03015   MPKI: 4.22208
L2C DATA LOAD MPKI: 4.09206
L2C INSTRUCTION LOAD MPKI: 0.13003
L2C RFO       ACCESS:    3694714  HIT:     762007  MISS:    2932707  HIT %:    20.6242  MISS %:    79.3758   MPKI: 14.6635
L2C PREFETCH  ACCESS:    1301737  HIT:     572565  MISS:     729172  HIT %:    43.9847  MISS %:    56.0153   MPKI: 3.64586
AGUS PREFETCH L1 MISS: 0
L2C DATA PREFETCH MPKI: 3.64586
L2C INSTRUCTION PREFETCH MPKI: 0
L2C WRITEBACK ACCESS:    4357621  HIT:    4352107  MISS:       5514  HIT %:    99.8735  MISS %:   0.126537   MPKI: 0.02757
L2C LOAD TRANSLATION ACCESS:      81830  HIT:      52393  MISS:      29437  HIT %:    64.0266  MISS %:    35.9734   MPKI: 0.147185
L2C PREFETCH  REQUESTED:    3410222  ISSUED:    3410222  USEFUL:     707753  USELESS:      21420
L2C USEFUL LOAD PREFETCHES:     707753 PREFETCH ISSUED TO LOWER LEVEL:     979617  ACCURACY: 72.2479
L2C TIMELY PREFETCHES:     707753 LATE PREFETCHES: 250445 DROPPED PREFETCHES: 0
L2C PREFETCHES SAME FILL-ORIGIN LEVEL: 979617 DIFFERENT FILL-ORIGIN LEVEL: 0
L2C AVERAGE MISS LATENCY:    156.062 cycles AVERAGE LOAD MISS LATENCY:    56.1341 cycles Load Miss     844417
L2C Average MSHR Occupancy:    2.69368
L2C RQ	ACCESS:   24729053	FORWARD:          0	MERGED:          0	TO_CACHE:   24729028
L2C WQ	ACCESS:    4357621	FORWARD:         25	MERGED:          0	TO_CACHE:    4357621
L2C PQ	ACCESS:    3410222	FORWARD:          0	MERGED:     393036	TO_CACHE:    3017186

L2C Instructions Evicting Data 25492
L2C Translations Evicting Data 29008
L2C Data Evicting Data 4426192
L2C Instructions Evicting Instructions 254
L2C Translations Evicting Instructions 255
L2C Data Evicting Instructions 25176
L2C Instructions Evicting Translations 260
L2C Translations Evicting Translations 174
L2C Data Evicting Translations 28922
L2C Dense regions hint from L2: 0
PSCL5 TOTAL     ACCESS:      73694  HIT:      73694  MISS:          0  HIT %:        100  MISS %:          0   MPKI: 0
PSCL5 LOAD TRANSLATION ACCESS:      73694  HIT:      73694  MISS:          0  HIT %:        100  MISS %:          0   MPKI: 0
PSCL5 PREFETCH  REQUESTED:          0  ISSUED:          0  USEFUL:          0  USELESS:          0
PSCL5 USEFUL LOAD PREFETCHES:          0 PREFETCH ISSUED TO LOWER LEVEL:          0  ACCURACY: -nan
PSCL5 TIMELY PREFETCHES:          0 LATE PREFETCHES: 0 DROPPED PREFETCHES: 0
PSCL5 PREFETCHES SAME FILL-ORIGIN LEVEL: 0 DIFFERENT FILL-ORIGIN LEVEL: 0

PSCL4 TOTAL     ACCESS:      63783  HIT:      63688  MISS:         95  HIT %:    99.8511  MISS %:   0.148943   MPKI: 0.000475
PSCL4 LOAD TRANSLATION ACCESS:      63783  HIT:      63688  MISS:         95  HIT %:    99.8511  MISS %:   0.148943   MPKI: 0.000475
PSCL4 PREFETCH  REQUESTED:          0  ISSUED:          0  USEFUL:          0  USELESS:          0
PSCL4 USEFUL LOAD PREFETCHES:          0 PREFETCH ISSUED TO LOWER LEVEL:          0  ACCURACY: -nan
PSCL4 TIMELY PREFETCHES:          0 LATE PREFETCHES: 0 DROPPED PREFETCHES: 0
PSCL4 PREFETCHES SAME FILL-ORIGIN LEVEL: 0 DIFFERENT FILL-ORIGIN LEVEL: 0

PSCL3 TOTAL     ACCESS:      73676  HIT:      73489  MISS:        187  HIT %:    99.7462  MISS %:   0.253814   MPKI: 0.000935
PSCL3 LOAD TRANSLATION ACCESS:      73676  HIT:      73489  MISS:        187  HIT %:    99.7462  MISS %:   0.253814   MPKI: 0.000935
PSCL3 PREFETCH  REQUESTED:          0  ISSUED:          0  USEFUL:          0  USELESS:          0
PSCL3 USEFUL LOAD PREFETCHES:          0 PREFETCH ISSUED TO LOWER LEVEL:          0  ACCURACY: -nan
PSCL3 TIMELY PREFETCHES:          0 LATE PREFETCHES: 0 DROPPED PREFETCHES: 0
PSCL3 PREFETCHES SAME FILL-ORIGIN LEVEL: 0 DIFFERENT FILL-ORIGIN LEVEL: 0

PSCL2 TOTAL     ACCESS:      73694  HIT:      65840  MISS:       7854  HIT %:    89.3424  MISS %:    10.6576   MPKI: 0.03927
PSCL2 LOAD TRANSLATION ACCESS:      73694  HIT:      65840  MISS:       7854  HIT %:    89.3424  MISS %:    10.6576   MPKI: 0.03927
PSCL2 PREFETCH  REQUESTED:          0  ISSUED:          0  USEFUL:          0  USELESS:          0
PSCL2 USEFUL LOAD PREFETCHES:          0 PREFETCH ISSUED TO LOWER LEVEL:          0  ACCURACY: -nan
PSCL2 TIMELY PREFETCHES:          0 LATE PREFETCHES: 0 DROPPED PREFETCHES: 0
PSCL2 PREFETCHES SAME FILL-ORIGIN LEVEL: 0 DIFFERENT FILL-ORIGIN LEVEL: 0

LLC TOTAL     ACCESS:    7634384  HIT:    2977173  MISS:    4657211  HIT %:    38.9969  MISS %:    61.0031   MPKI: 23.2861
LLC LOAD      ACCESS:     594028  HIT:     549760  MISS:      44268  HIT %:    92.5478  MISS %:    7.45217   MPKI: 0.22134
LLC RFO       ACCESS:    2932601  HIT:     643117  MISS:    2289484  HIT %:    21.9299  MISS %:    78.0701   MPKI: 11.4474
LLC PREFETCH  ACCESS:     979617  HIT:     949580  MISS:      30037  HIT %:    96.9338  MISS %:     3.0662   MPKI: 0.150185
AGUS PREFETCH L1 MISS: 0
LLC WRITEBACK ACCESS:    3098701  HIT:     812135  MISS:    2286566  HIT %:    26.2089  MISS %:    73.7911   MPKI: 11.4328
LLC LOAD TRANSLATION ACCESS:      29437  HIT:      22581  MISS:       6856  HIT %:    76.7096  MISS %:    23.2904   MPKI: 0.03428
LLC PREFETCH  REQUESTED:          0  ISSUED:          0  USEFUL:       4104  USELESS:      23402
LLC USEFUL LOAD PREFETCHES:       4104 PREFETCH ISSUED TO LOWER LEVEL:      30037  ACCURACY: 13.6631
LLC TIMELY PREFETCHES:       4104 LATE PREFETCHES: 0 DROPPED PREFETCHES: 0
LLC PREFETCHES SAME FILL-ORIGIN LEVEL: 0 DIFFERENT FILL-ORIGIN LEVEL: 0
LLC AVERAGE MISS LATENCY:    109.062 cycles AVERAGE LOAD MISS LATENCY:      184.5 cycles Load Miss      44268
LLC Average MSHR Occupancy:    1.91804
LLC RQ	ACCESS:    3556116	FORWARD:          0	MERGED:          0	TO_CACHE:    3556066
LLC WQ	ACCESS:    3098701	FORWARD:         50	MERGED:          0	TO_CACHE:    3098701
LLC PQ	ACCESS:     979617	FORWARD:          0	MERGED:          0	TO_CACHE:     979617

LLC Dense regions hint to LLC: 0

RAW hits: 5819884
Loads Generated: 47727743
Loads sent to L1D: 41907870
Stores Generated: 34245885
Stores sent to L1D: 34245892
Major fault: 0 Minor fault: 8597
Allocated PAGES: 8597
CPU 0 L2C PC-based stride prefetcher final stats
================ Mockingjay (LLC) Pollution Stats ================
Total pollution count in LLC: 3047
==================================================================

DRAM Statistics
 CHANNEL 0
 RQ ROW_BUFFER_HIT:    1560123  ROW_BUFFER_MISS:     810518
 DBUS_CONGESTED:       1028
 WQ ROW_BUFFER_HIT:     582611  ROW_BUFFER_MISS:    1728658  FULL:      91134

 AVG_CONGESTED_CYCLE: 4
 All warmup complete: 2
Channel 0 Bank busy for read cycles: 0
Channel 0 Bank busy for write cycles: 0
Channel 0
Rank 0
0banks busy for read cycles: 123904941
0banks busy for write cycles: 193035
1banks busy for read cycles: 23529364
1banks busy for write cycles: 25561149
2banks busy for read cycles: 14329694
2banks busy for write cycles: 8870162
3banks busy for read cycles: 2557713
3banks busy for write cycles: 4657835
4banks busy for read cycles: 3525395
4banks busy for write cycles: 4044691
5banks busy for read cycles: 2354159
5banks busy for write cycles: 4136539
6banks busy for read cycles: 1670233
6banks busy for write cycles: 4399912
7banks busy for read cycles: 2429922
7banks busy for write cycles: 5812048
8banks busy for read cycles: 11398837
8banks busy for write cycles: 20203503

CPU 0 Branch Prediction Accuracy: 99.9547% MPKI: 0.069155 Average ROB Occupancy at Mispredict: 147.623
Branch types
NOT_BRANCH: 169470804 84.7354%
BRANCH_DIRECT_JUMP: 1661182 0.830591%
BRANCH_INDIRECT: 9967861 4.98393%
BRANCH_CONDITIONAL: 12064249 6.03212%
BRANCH_DIRECT_CALL: 2825236 1.41262%
BRANCH_INDIRECT_CALL: 592658 0.296329%
BRANCH_RETURN: 3418014 1.70901%
BRANCH_OTHER: 0 0%

===================== LRU L1D STATS =====================
Total pollution count in L1D: 0
=========================================================
================ SRRIP (L2C) Pollution Stats ================
Total pollution count in L2c: 2028609
==================================================================
DRAM PAGES: 1048576
Allocated PAGES: 8597
