
*** ChampSim Multicore Out-of-Order Simulator ***

Warmup Instructions: 200000000
Simulation Instructions: 200000000
Number of CPUs: 1
LLC sets: 4096
LLC ways: 12
Off-chip DRAM Size: 4096 MB Channels: 1 Width: 64-bit Data Rate: 6400 MT/s
CPU 0 runs /home1/sweta/traces/qualcomm_traces/srv_24.champsimtrace.xz
.xz
BTB has LRU replacement policy
ITLB has LRU replacement policy
DTLB has LRU replacement policy
STLB has LRU replacement policy
L1I has LRU replacement policy
L1D has LRU replacement policy
CPU 0 L2C IP-based stride prefetcher
Initialize SRRIP state for L2C
Initialize Mockingjay state for LLC
Heartbeat CPU 0 instructions: 10000000 cycles: 2046007 heartbeat IPC: 4.88757 cumulative IPC: 4.88757 (Simulation time: 0 hr 0 min 26 sec) 
Heartbeat CPU 0 instructions: 20000000 cycles: 4090460 heartbeat IPC: 4.89128 cumulative IPC: 4.88943 (Simulation time: 0 hr 0 min 51 sec) 
Heartbeat CPU 0 instructions: 30000000 cycles: 6135390 heartbeat IPC: 4.89014 cumulative IPC: 4.88966 (Simulation time: 0 hr 1 min 15 sec) 
*** Reached end of trace for Core: 0 Repeating trace: /home1/sweta/traces/qualcomm_traces/srv_24.champsimtrace.xz
Heartbeat CPU 0 instructions: 40000007 cycles: 8179033 heartbeat IPC: 4.89323 cumulative IPC: 4.89055 (Simulation time: 0 hr 1 min 40 sec) 
Heartbeat CPU 0 instructions: 50000004 cycles: 10223285 heartbeat IPC: 4.89176 cumulative IPC: 4.8908 (Simulation time: 0 hr 2 min 5 sec) 
Heartbeat CPU 0 instructions: 60000004 cycles: 12267089 heartbeat IPC: 4.89284 cumulative IPC: 4.89114 (Simulation time: 0 hr 2 min 28 sec) 
*** Reached end of trace for Core: 0 Repeating trace: /home1/sweta/traces/qualcomm_traces/srv_24.champsimtrace.xz
Heartbeat CPU 0 instructions: 70000002 cycles: 14310657 heartbeat IPC: 4.8934 cumulative IPC: 4.89146 (Simulation time: 0 hr 2 min 53 sec) 
Heartbeat CPU 0 instructions: 80000000 cycles: 16355178 heartbeat IPC: 4.89112 cumulative IPC: 4.89142 (Simulation time: 0 hr 3 min 18 sec) 
Heartbeat CPU 0 instructions: 90000000 cycles: 18399621 heartbeat IPC: 4.89131 cumulative IPC: 4.89141 (Simulation time: 0 hr 3 min 43 sec) 
*** Reached end of trace for Core: 0 Repeating trace: /home1/sweta/traces/qualcomm_traces/srv_24.champsimtrace.xz
Heartbeat CPU 0 instructions: 100000001 cycles: 20443839 heartbeat IPC: 4.89185 cumulative IPC: 4.89145 (Simulation time: 0 hr 4 min 7 sec) 
Heartbeat CPU 0 instructions: 110000001 cycles: 22487364 heartbeat IPC: 4.89351 cumulative IPC: 4.89164 (Simulation time: 0 hr 4 min 31 sec) 
Heartbeat CPU 0 instructions: 120000000 cycles: 24530861 heartbeat IPC: 4.89357 cumulative IPC: 4.8918 (Simulation time: 0 hr 4 min 54 sec) 
*** Reached end of trace for Core: 0 Repeating trace: /home1/sweta/traces/qualcomm_traces/srv_24.champsimtrace.xz
Heartbeat CPU 0 instructions: 130000002 cycles: 26574833 heartbeat IPC: 4.89244 cumulative IPC: 4.89185 (Simulation time: 0 hr 5 min 17 sec) 
Heartbeat CPU 0 instructions: 140000004 cycles: 28618459 heartbeat IPC: 4.89326 cumulative IPC: 4.89195 (Simulation time: 0 hr 5 min 41 sec) 
Heartbeat CPU 0 instructions: 150000001 cycles: 30662295 heartbeat IPC: 4.89276 cumulative IPC: 4.892 (Simulation time: 0 hr 6 min 4 sec) 
*** Reached end of trace for Core: 0 Repeating trace: /home1/sweta/traces/qualcomm_traces/srv_24.champsimtrace.xz
Heartbeat CPU 0 instructions: 160000005 cycles: 32706186 heartbeat IPC: 4.89263 cumulative IPC: 4.89204 (Simulation time: 0 hr 6 min 27 sec) 
Heartbeat CPU 0 instructions: 170000001 cycles: 34751099 heartbeat IPC: 4.89018 cumulative IPC: 4.89193 (Simulation time: 0 hr 6 min 51 sec) 
Heartbeat CPU 0 instructions: 180000000 cycles: 36795696 heartbeat IPC: 4.89094 cumulative IPC: 4.89188 (Simulation time: 0 hr 7 min 14 sec) 
*** Reached end of trace for Core: 0 Repeating trace: /home1/sweta/traces/qualcomm_traces/srv_24.champsimtrace.xz
Heartbeat CPU 0 instructions: 190000007 cycles: 38839648 heartbeat IPC: 4.89249 cumulative IPC: 4.89191 (Simulation time: 0 hr 7 min 37 sec) 
Heartbeat CPU 0 instructions: 200000004 cycles: 40883498 heartbeat IPC: 4.89273 cumulative IPC: 4.89195 (Simulation time: 0 hr 8 min 1 sec) 

Warmup complete CPU 0 instructions: 200000004 cycles: 40883498 (Simulation time: 0 hr 8 min 1 sec) 

Heartbeat CPU 0 instructions: 210000001 cycles: 72572199 heartbeat IPC: 0.31557 cumulative IPC: 0.31557 (Simulation time: 0 hr 8 min 32 sec) 
*** Reached end of trace for Core: 0 Repeating trace: /home1/sweta/traces/qualcomm_traces/srv_24.champsimtrace.xz
Heartbeat CPU 0 instructions: 220000000 cycles: 104224244 heartbeat IPC: 0.315935 cumulative IPC: 0.315752 (Simulation time: 0 hr 9 min 3 sec) 
Heartbeat CPU 0 instructions: 230000001 cycles: 135893898 heartbeat IPC: 0.31576 cumulative IPC: 0.315755 (Simulation time: 0 hr 9 min 34 sec) 
Heartbeat CPU 0 instructions: 240000007 cycles: 167524641 heartbeat IPC: 0.316148 cumulative IPC: 0.315853 (Simulation time: 0 hr 10 min 5 sec) 
Heartbeat CPU 0 instructions: 250000000 cycles: 199177252 heartbeat IPC: 0.315929 cumulative IPC: 0.315868 (Simulation time: 0 hr 10 min 35 sec) 
*** Reached end of trace for Core: 0 Repeating trace: /home1/sweta/traces/qualcomm_traces/srv_24.champsimtrace.xz
Heartbeat CPU 0 instructions: 260000000 cycles: 230842334 heartbeat IPC: 0.315805 cumulative IPC: 0.315858 (Simulation time: 0 hr 11 min 8 sec) 
Heartbeat CPU 0 instructions: 270000000 cycles: 262476350 heartbeat IPC: 0.316115 cumulative IPC: 0.315895 (Simulation time: 0 hr 11 min 40 sec) 
Heartbeat CPU 0 instructions: 280000000 cycles: 294127469 heartbeat IPC: 0.315945 cumulative IPC: 0.315901 (Simulation time: 0 hr 12 min 13 sec) 
*** Reached end of trace for Core: 0 Repeating trace: /home1/sweta/traces/qualcomm_traces/srv_24.champsimtrace.xz
Heartbeat CPU 0 instructions: 290000004 cycles: 325794707 heartbeat IPC: 0.315784 cumulative IPC: 0.315888 (Simulation time: 0 hr 12 min 44 sec) 
Heartbeat CPU 0 instructions: 300000005 cycles: 357420909 heartbeat IPC: 0.316194 cumulative IPC: 0.315918 (Simulation time: 0 hr 13 min 15 sec) 
Heartbeat CPU 0 instructions: 310000003 cycles: 389065817 heartbeat IPC: 0.316007 cumulative IPC: 0.315926 (Simulation time: 0 hr 13 min 46 sec) 
*** Reached end of trace for Core: 0 Repeating trace: /home1/sweta/traces/qualcomm_traces/srv_24.champsimtrace.xz
Heartbeat CPU 0 instructions: 320000003 cycles: 420730228 heartbeat IPC: 0.315812 cumulative IPC: 0.315917 (Simulation time: 0 hr 14 min 16 sec) 
Heartbeat CPU 0 instructions: 330000003 cycles: 452358226 heartbeat IPC: 0.316176 cumulative IPC: 0.315937 (Simulation time: 0 hr 14 min 46 sec) 
Heartbeat CPU 0 instructions: 340000003 cycles: 484012388 heartbeat IPC: 0.315914 cumulative IPC: 0.315935 (Simulation time: 0 hr 15 min 15 sec) 
*** Reached end of trace for Core: 0 Repeating trace: /home1/sweta/traces/qualcomm_traces/srv_24.champsimtrace.xz
Heartbeat CPU 0 instructions: 350000000 cycles: 515683229 heartbeat IPC: 0.315748 cumulative IPC: 0.315923 (Simulation time: 0 hr 15 min 44 sec) 
Heartbeat CPU 0 instructions: 360000000 cycles: 547314048 heartbeat IPC: 0.316147 cumulative IPC: 0.315937 (Simulation time: 0 hr 16 min 13 sec) 
Heartbeat CPU 0 instructions: 370000005 cycles: 578952622 heartbeat IPC: 0.31607 cumulative IPC: 0.315945 (Simulation time: 0 hr 16 min 41 sec) 
*** Reached end of trace for Core: 0 Repeating trace: /home1/sweta/traces/qualcomm_traces/srv_24.champsimtrace.xz
Heartbeat CPU 0 instructions: 380000004 cycles: 610617326 heartbeat IPC: 0.315809 cumulative IPC: 0.315937 (Simulation time: 0 hr 17 min 10 sec) 
Heartbeat CPU 0 instructions: 390000001 cycles: 642245574 heartbeat IPC: 0.316173 cumulative IPC: 0.315949 (Simulation time: 0 hr 17 min 37 sec) 
Heartbeat CPU 0 instructions: 400000000 cycles: 673887036 heartbeat IPC: 0.316041 cumulative IPC: 0.315954 (Simulation time: 0 hr 18 min 5 sec) 
Finished CPU 0 instructions: 200000000 cycles: 633003540 cumulative IPC: 0.315954 (Simulation time: 0 hr 18 min 5 sec) 

ChampSim completed all CPUs

Region of Interest Statistics

CPU 0 cumulative IPC: 0.315954 instructions: 200000000 cycles: 633003540
ITLB TOTAL     ACCESS:   25882119  HIT:   23451349  MISS:    2430770  HIT %:    90.6083  MISS %:     9.3917   MPKI: 12.1539
ITLB LOAD TRANSLATION ACCESS:   25882119  HIT:   23451349  MISS:    2430770  HIT %:    90.6083  MISS %:     9.3917   MPKI: 12.1539
ITLB PREFETCH  REQUESTED:          0  ISSUED:          0  USEFUL:          0  USELESS:          0
ITLB USEFUL LOAD PREFETCHES:          0 PREFETCH ISSUED TO LOWER LEVEL:          0  ACCURACY: -nan
ITLB TIMELY PREFETCHES:          0 LATE PREFETCHES: 0 DROPPED PREFETCHES: 0
ITLB PREFETCHES SAME FILL-ORIGIN LEVEL: 0 DIFFERENT FILL-ORIGIN LEVEL: 0
ITLB AVERAGE MISS LATENCY:     9.0017 cycles AVERAGE LOAD MISS LATENCY:       -nan cycles Load Miss          0
ITLB Average MSHR Occupancy:  0.0307789
ITLB RQ	ACCESS:   31768457	FORWARD:          0	MERGED:    4562325	TO_CACHE:   27206132

DTLB TOTAL     ACCESS:   42082996  HIT:   40096963  MISS:    1986033  HIT %:    95.2807  MISS %:    4.71932   MPKI: 9.93017
DTLB LOAD TRANSLATION ACCESS:   42082996  HIT:   40096963  MISS:    1986033  HIT %:    95.2807  MISS %:    4.71932   MPKI: 9.93017
DTLB PREFETCH  REQUESTED:          0  ISSUED:          0  USEFUL:          0  USELESS:          0
DTLB USEFUL LOAD PREFETCHES:          0 PREFETCH ISSUED TO LOWER LEVEL:          0  ACCURACY: -nan
DTLB TIMELY PREFETCHES:          0 LATE PREFETCHES: 0 DROPPED PREFETCHES: 0
DTLB PREFETCHES SAME FILL-ORIGIN LEVEL: 0 DIFFERENT FILL-ORIGIN LEVEL: 0
DTLB AVERAGE MISS LATENCY:    9.03071 cycles AVERAGE LOAD MISS LATENCY:       -nan cycles Load Miss          0
DTLB Average MSHR Occupancy:  0.0256054
DTLB RQ	ACCESS:   59179290	FORWARD:          0	MERGED:   17051633	TO_CACHE:   42127657

STLB TOTAL     ACCESS:    4416803  HIT:    4415583  MISS:       1220  HIT %:    99.9724  MISS %:  0.0276218   MPKI: 0.0061
STLB LOAD TRANSLATION ACCESS:    4416803  HIT:    4415583  MISS:       1220  HIT %:    99.9724  MISS %:  0.0276218   MPKI: 0.0061
STLB PREFETCH  REQUESTED:          0  ISSUED:          0  USEFUL:          0  USELESS:          0
STLB USEFUL LOAD PREFETCHES:          0 PREFETCH ISSUED TO LOWER LEVEL:          0  ACCURACY: -nan
STLB TIMELY PREFETCHES:          0 LATE PREFETCHES: 0 DROPPED PREFETCHES: 0
STLB PREFETCHES SAME FILL-ORIGIN LEVEL: 0 DIFFERENT FILL-ORIGIN LEVEL: 0
STLB AVERAGE MISS LATENCY:         19 cycles AVERAGE LOAD MISS LATENCY:       -nan cycles Load Miss          0
STLB Average MSHR Occupancy: 4.40914e-05
STLB RQ	ACCESS:    4416803	FORWARD:          0	MERGED:          0	TO_CACHE:    4416803

STLB Hit, L1D data hit: 0
STLB Hit, L2C data hit: 0
STLB Hit, LLC data hit: 0
STLB Hit, LLC data miss: 0
STLB STLB hints to L2: 0
L1D TOTAL     ACCESS:   57294269  HIT:   52879435  MISS:    4414834  HIT %:    92.2945  MISS %:    7.70554   MPKI: 22.0742
L1D LOAD      ACCESS:   31368986  HIT:   28121983  MISS:    3247003  HIT %:     89.649  MISS %:     10.351   MPKI: 16.235
L1D RFO       ACCESS:   25925283  HIT:   24757452  MISS:    1167831  HIT %:    95.4954  MISS %:     4.5046   MPKI: 5.83915
L1D PREFETCH  REQUESTED:          0  ISSUED:          0  USEFUL:          0  USELESS:          0
L1D USEFUL LOAD PREFETCHES:          0 PREFETCH ISSUED TO LOWER LEVEL:          0  ACCURACY: -nan
L1D TIMELY PREFETCHES:          0 LATE PREFETCHES: 0 DROPPED PREFETCHES: 0
L1D PREFETCHES SAME FILL-ORIGIN LEVEL: 0 DIFFERENT FILL-ORIGIN LEVEL: 0
L1D AVERAGE MISS LATENCY:    15.0634 cycles AVERAGE LOAD MISS LATENCY:     15.071 cycles Load Miss    3247003
L1D Average MSHR Occupancy:   0.111467
L1D RQ	ACCESS:   44688004	FORWARD:          0	MERGED:   13083209	TO_CACHE:   31426467
L1D WQ	ACCESS:   28028861	FORWARD:     178328	MERGED:     276038	TO_CACHE:   27752823

L1D UNIQUE REGIONS ACCESSED: 0
L1D REGIONS CONFLICTS: 0
L1D Cross Page Prefetch Requests: 0
L1D Same Page Prefetch Requests: 0
L1D ROI Sum of L1D PQ occupancy: 0
L1D PREFETCHES PUSHED FROM L2C: 0
L1I TOTAL     ACCESS:   31546625  HIT:   11042660  MISS:   20503965  HIT %:    35.0043  MISS %:    64.9957   MPKI: 102.52
L1I LOAD      ACCESS:   31546625  HIT:   11042660  MISS:   20503965  HIT %:    35.0043  MISS %:    64.9957   MPKI: 102.52
L1I PREFETCH  REQUESTED:          0  ISSUED:          0  USEFUL:          0  USELESS:          0
L1I USEFUL LOAD PREFETCHES:          0 PREFETCH ISSUED TO LOWER LEVEL:          0  ACCURACY: -nan
L1I TIMELY PREFETCHES:          0 LATE PREFETCHES: 0 DROPPED PREFETCHES: 0
L1I PREFETCHES SAME FILL-ORIGIN LEVEL: 0 DIFFERENT FILL-ORIGIN LEVEL: 0
L1I AVERAGE MISS LATENCY:    14.1277 cycles AVERAGE LOAD MISS LATENCY:    14.1277 cycles Load Miss   20503965
L1I Average MSHR Occupancy:   0.445267
L1I RQ	ACCESS:   50307953	FORWARD:          0	MERGED:   18539496	TO_CACHE:   31768457

BTB TOTAL     ACCESS:   30232125  HIT:   16633064  MISS:   13599061  HIT %:    55.0178  MISS %:    44.9822   MPKI: 67.9953
BTB BRANCH_DIRECT_JUMP	ACCESS:    1953122  HIT:    1075594  MISS:     877528
BTB BRANCH_INDIRECT	ACCESS:   12762839  HIT:    7577267  MISS:    5185572
BTB BRANCH_CONDITIONAL	ACCESS:    5680396  HIT:    4279046  MISS:    1401350
BTB BRANCH_DIRECT_CALL	ACCESS:    4143772  HIT:    1916340  MISS:    2227432
BTB BRANCH_INDIRECT_CALL	ACCESS:     774109  HIT:     369951  MISS:     404158
BTB BRANCH_RETURN	ACCESS:    4917887  HIT:    1414866  MISS:    3503021
BTB BRANCH_OTHER ACCESS:          0  HIT:          0  MISS:          0

L2C TOTAL     ACCESS:   27340513  HIT:   27340414  MISS:         99  HIT %:    99.9996  MISS %:  0.0003621   MPKI: 0.000495
L2C LOAD      ACCESS:   23750284  HIT:   23750284  MISS:          0  HIT %:        100  MISS %:          0   MPKI: 0
L2C DATA LOAD MPKI: 0
L2C INSTRUCTION LOAD MPKI: 0
L2C RFO       ACCESS:    1167831  HIT:    1167831  MISS:          0  HIT %:        100  MISS %:          0   MPKI: 0
L2C PREFETCH  ACCESS:     128895  HIT:     128796  MISS:         99  HIT %:    99.9232  MISS %:  0.0768067   MPKI: 0.000495
AGUS PREFETCH L1 MISS: 0
L2C DATA PREFETCH MPKI: 0.000495
L2C INSTRUCTION PREFETCH MPKI: 0
L2C WRITEBACK ACCESS:    2292283  HIT:    2292283  MISS:          0  HIT %:        100  MISS %:          0   MPKI: 0
L2C LOAD TRANSLATION ACCESS:       1220  HIT:       1220  MISS:          0  HIT %:        100  MISS %:          0   MPKI: 0
L2C PREFETCH  REQUESTED:     173290  ISSUED:     173290  USEFUL:          0  USELESS:          0
L2C USEFUL LOAD PREFETCHES:          0 PREFETCH ISSUED TO LOWER LEVEL:         99  ACCURACY: 0
L2C TIMELY PREFETCHES:          0 LATE PREFETCHES: 0 DROPPED PREFETCHES: 0
L2C PREFETCHES SAME FILL-ORIGIN LEVEL: 99 DIFFERENT FILL-ORIGIN LEVEL: 0
L2C AVERAGE MISS LATENCY:    225.909 cycles AVERAGE LOAD MISS LATENCY:       -nan cycles Load Miss          0
L2C Average MSHR Occupancy: 6.05526e-05
L2C RQ	ACCESS:   24920019	FORWARD:          0	MERGED:          0	TO_CACHE:   24919336
L2C WQ	ACCESS:    2292283	FORWARD:        683	MERGED:          0	TO_CACHE:    2292283
L2C PQ	ACCESS:     173290	FORWARD:          0	MERGED:      44395	TO_CACHE:     128895

L2C Instructions Evicting Data 0
L2C Translations Evicting Data 0
L2C Data Evicting Data 0
L2C Instructions Evicting Instructions 0
L2C Translations Evicting Instructions 0
L2C Data Evicting Instructions 0
L2C Instructions Evicting Translations 0
L2C Translations Evicting Translations 0
L2C Data Evicting Translations 0
L2C Dense regions hint from L2: 0
PSCL5 TOTAL     ACCESS:       1220  HIT:       1220  MISS:          0  HIT %:        100  MISS %:          0   MPKI: 0
PSCL5 LOAD TRANSLATION ACCESS:       1220  HIT:       1220  MISS:          0  HIT %:        100  MISS %:          0   MPKI: 0
PSCL5 PREFETCH  REQUESTED:          0  ISSUED:          0  USEFUL:          0  USELESS:          0
PSCL5 USEFUL LOAD PREFETCHES:          0 PREFETCH ISSUED TO LOWER LEVEL:          0  ACCURACY: -nan
PSCL5 TIMELY PREFETCHES:          0 LATE PREFETCHES: 0 DROPPED PREFETCHES: 0
PSCL5 PREFETCHES SAME FILL-ORIGIN LEVEL: 0 DIFFERENT FILL-ORIGIN LEVEL: 0

PSCL4 TOTAL     ACCESS:       1213  HIT:       1213  MISS:          0  HIT %:        100  MISS %:          0   MPKI: 0
PSCL4 LOAD TRANSLATION ACCESS:       1213  HIT:       1213  MISS:          0  HIT %:        100  MISS %:          0   MPKI: 0
PSCL4 PREFETCH  REQUESTED:          0  ISSUED:          0  USEFUL:          0  USELESS:          0
PSCL4 USEFUL LOAD PREFETCHES:          0 PREFETCH ISSUED TO LOWER LEVEL:          0  ACCURACY: -nan
PSCL4 TIMELY PREFETCHES:          0 LATE PREFETCHES: 0 DROPPED PREFETCHES: 0
PSCL4 PREFETCHES SAME FILL-ORIGIN LEVEL: 0 DIFFERENT FILL-ORIGIN LEVEL: 0

PSCL3 TOTAL     ACCESS:       1213  HIT:       1213  MISS:          0  HIT %:        100  MISS %:          0   MPKI: 0
PSCL3 LOAD TRANSLATION ACCESS:       1213  HIT:       1213  MISS:          0  HIT %:        100  MISS %:          0   MPKI: 0
PSCL3 PREFETCH  REQUESTED:          0  ISSUED:          0  USEFUL:          0  USELESS:          0
PSCL3 USEFUL LOAD PREFETCHES:          0 PREFETCH ISSUED TO LOWER LEVEL:          0  ACCURACY: -nan
PSCL3 TIMELY PREFETCHES:          0 LATE PREFETCHES: 0 DROPPED PREFETCHES: 0
PSCL3 PREFETCHES SAME FILL-ORIGIN LEVEL: 0 DIFFERENT FILL-ORIGIN LEVEL: 0

PSCL2 TOTAL     ACCESS:       1220  HIT:       1220  MISS:          0  HIT %:        100  MISS %:          0   MPKI: 0
PSCL2 LOAD TRANSLATION ACCESS:       1220  HIT:       1220  MISS:          0  HIT %:        100  MISS %:          0   MPKI: 0
PSCL2 PREFETCH  REQUESTED:          0  ISSUED:          0  USEFUL:          0  USELESS:          0
PSCL2 USEFUL LOAD PREFETCHES:          0 PREFETCH ISSUED TO LOWER LEVEL:          0  ACCURACY: -nan
PSCL2 TIMELY PREFETCHES:          0 LATE PREFETCHES: 0 DROPPED PREFETCHES: 0
PSCL2 PREFETCHES SAME FILL-ORIGIN LEVEL: 0 DIFFERENT FILL-ORIGIN LEVEL: 0

LLC TOTAL     ACCESS:         99  HIT:          0  MISS:         99  HIT %:          0  MISS %:        100   MPKI: 0.000495
LLC PREFETCH  ACCESS:         99  HIT:          0  MISS:         99  HIT %:          0  MISS %:        100   MPKI: 0.000495
AGUS PREFETCH L1 MISS: 0
LLC PREFETCH  REQUESTED:          0  ISSUED:          0  USEFUL:          0  USELESS:          0
LLC USEFUL LOAD PREFETCHES:          0 PREFETCH ISSUED TO LOWER LEVEL:         99  ACCURACY: 0
LLC TIMELY PREFETCHES:          0 LATE PREFETCHES: 0 DROPPED PREFETCHES: 0
LLC PREFETCHES SAME FILL-ORIGIN LEVEL: 0 DIFFERENT FILL-ORIGIN LEVEL: 0
LLC AVERAGE MISS LATENCY:    180.909 cycles AVERAGE LOAD MISS LATENCY:       -nan cycles Load Miss          0
LLC Average MSHR Occupancy: 2.81373e-05
LLC PQ	ACCESS:         99	FORWARD:          0	MERGED:          0	TO_CACHE:         99

LLC Dense regions hint to LLC: 0

RAW hits: 4044639
Loads Generated: 48732643
Loads sent to L1D: 44688004
Stores Generated: 28028861
Stores sent to L1D: 28028861
Major fault: 0 Minor fault: 1251
Allocated PAGES: 1251
CPU 0 L2C PC-based stride prefetcher final stats
================ Mockingjay (LLC) Pollution Stats ================
Total pollution count in LLC: 0
==================================================================

DRAM Statistics
 CHANNEL 0
 RQ ROW_BUFFER_HIT:         10  ROW_BUFFER_MISS:         89
 DBUS_CONGESTED:          0
 WQ ROW_BUFFER_HIT:          0  ROW_BUFFER_MISS:          0  FULL:          0

 AVG_CONGESTED_CYCLE: -
 All warmup complete: 2
Channel 0 Bank busy for read cycles: 0
Channel 0 Bank busy for write cycles: 0
Channel 0
Rank 0
0banks busy for read cycles: 632994214
0banks busy for write cycles: 0
1banks busy for read cycles: 5659
1banks busy for write cycles: 0
2banks busy for read cycles: 2813
2banks busy for write cycles: 0
3banks busy for read cycles: 855
3banks busy for write cycles: 0
4banks busy for read cycles: 0
4banks busy for write cycles: 0
5banks busy for read cycles: 0
5banks busy for write cycles: 0
6banks busy for read cycles: 0
6banks busy for write cycles: 0
7banks busy for read cycles: 0
7banks busy for write cycles: 0
8banks busy for read cycles: 0
8banks busy for write cycles: 0

CPU 0 Branch Prediction Accuracy: 99.9217% MPKI: 0.13905 Average ROB Occupancy at Mispredict: 24.6898
Branch types
NOT_BRANCH: 164496836 82.2484%
BRANCH_DIRECT_JUMP: 1953122 0.976561%
BRANCH_INDIRECT: 12762839 6.38142%
BRANCH_CONDITIONAL: 10951476 5.47574%
BRANCH_DIRECT_CALL: 4143772 2.07189%
BRANCH_INDIRECT_CALL: 774109 0.387055%
BRANCH_RETURN: 4917887 2.45894%
BRANCH_OTHER: 0 0%

===================== LRU L1D STATS =====================
Total pollution count in L1D: 0
=========================================================
================ SRRIP (L2C) Pollution Stats ================
Total pollution count in L2c: 0
==================================================================
DRAM PAGES: 1048576
Allocated PAGES: 1251
