
*** ChampSim Multicore Out-of-Order Simulator ***

Warmup Instructions: 200000000
Simulation Instructions: 200000000
Number of CPUs: 1
LLC sets: 4096
LLC ways: 12
Off-chip DRAM Size: 4096 MB Channels: 1 Width: 64-bit Data Rate: 6400 MT/s
CPU 0 runs /home1/sweta/traces/qualcomm_traces/srv_12.champsimtrace.xz
.xz
BTB has LRU replacement policy
ITLB has LRU replacement policy
DTLB has LRU replacement policy
STLB has LRU replacement policy
L1I has LRU replacement policy
L1D has LRU replacement policy
CPU 0 L2C IP-based stride prefetcher
Initialize SRRIP state for L2C
Initialize Mockingjay state for LLC
Heartbeat CPU 0 instructions: 10000007 cycles: 2074976 heartbeat IPC: 4.81934 cumulative IPC: 4.81934 (Simulation time: 0 hr 0 min 23 sec) 
Heartbeat CPU 0 instructions: 20000003 cycles: 4155680 heartbeat IPC: 4.80606 cumulative IPC: 4.81269 (Simulation time: 0 hr 0 min 47 sec) 
Heartbeat CPU 0 instructions: 30000004 cycles: 6229147 heartbeat IPC: 4.82284 cumulative IPC: 4.81607 (Simulation time: 0 hr 1 min 10 sec) 
*** Reached end of trace for Core: 0 Repeating trace: /home1/sweta/traces/qualcomm_traces/srv_12.champsimtrace.xz
Heartbeat CPU 0 instructions: 40000003 cycles: 8303062 heartbeat IPC: 4.8218 cumulative IPC: 4.8175 (Simulation time: 0 hr 1 min 33 sec) 
Heartbeat CPU 0 instructions: 50000004 cycles: 10382705 heartbeat IPC: 4.80852 cumulative IPC: 4.8157 (Simulation time: 0 hr 1 min 55 sec) 
Heartbeat CPU 0 instructions: 60000003 cycles: 12455504 heartbeat IPC: 4.82439 cumulative IPC: 4.81715 (Simulation time: 0 hr 2 min 18 sec) 
*** Reached end of trace for Core: 0 Repeating trace: /home1/sweta/traces/qualcomm_traces/srv_12.champsimtrace.xz
Heartbeat CPU 0 instructions: 70000000 cycles: 14529930 heartbeat IPC: 4.82061 cumulative IPC: 4.81764 (Simulation time: 0 hr 2 min 43 sec) 
Heartbeat CPU 0 instructions: 80000005 cycles: 16609566 heartbeat IPC: 4.80854 cumulative IPC: 4.8165 (Simulation time: 0 hr 3 min 5 sec) 
Heartbeat CPU 0 instructions: 90000000 cycles: 18683508 heartbeat IPC: 4.82173 cumulative IPC: 4.81708 (Simulation time: 0 hr 3 min 28 sec) 
*** Reached end of trace for Core: 0 Repeating trace: /home1/sweta/traces/qualcomm_traces/srv_12.champsimtrace.xz
Heartbeat CPU 0 instructions: 100000001 cycles: 20757626 heartbeat IPC: 4.82133 cumulative IPC: 4.81751 (Simulation time: 0 hr 3 min 51 sec) 
Heartbeat CPU 0 instructions: 110000001 cycles: 22830079 heartbeat IPC: 4.8252 cumulative IPC: 4.8182 (Simulation time: 0 hr 4 min 13 sec) 
Heartbeat CPU 0 instructions: 120000003 cycles: 24910261 heartbeat IPC: 4.80727 cumulative IPC: 4.81729 (Simulation time: 0 hr 4 min 35 sec) 
*** Reached end of trace for Core: 0 Repeating trace: /home1/sweta/traces/qualcomm_traces/srv_12.champsimtrace.xz
Heartbeat CPU 0 instructions: 130000000 cycles: 26985304 heartbeat IPC: 4.81918 cumulative IPC: 4.81744 (Simulation time: 0 hr 5 min 3 sec) 
Heartbeat CPU 0 instructions: 140000007 cycles: 29057610 heartbeat IPC: 4.82555 cumulative IPC: 4.81802 (Simulation time: 0 hr 5 min 30 sec) 
Heartbeat CPU 0 instructions: 150000000 cycles: 31136998 heartbeat IPC: 4.8091 cumulative IPC: 4.81742 (Simulation time: 0 hr 5 min 52 sec) 
*** Reached end of trace for Core: 0 Repeating trace: /home1/sweta/traces/qualcomm_traces/srv_12.champsimtrace.xz
Heartbeat CPU 0 instructions: 160000004 cycles: 33211940 heartbeat IPC: 4.81941 cumulative IPC: 4.81754 (Simulation time: 0 hr 6 min 16 sec) 
Heartbeat CPU 0 instructions: 170000001 cycles: 35284015 heartbeat IPC: 4.82608 cumulative IPC: 4.81805 (Simulation time: 0 hr 6 min 38 sec) 
Heartbeat CPU 0 instructions: 180000000 cycles: 37364779 heartbeat IPC: 4.80593 cumulative IPC: 4.81737 (Simulation time: 0 hr 7 min 0 sec) 
*** Reached end of trace for Core: 0 Repeating trace: /home1/sweta/traces/qualcomm_traces/srv_12.champsimtrace.xz
Heartbeat CPU 0 instructions: 190000003 cycles: 39439997 heartbeat IPC: 4.81877 cumulative IPC: 4.81744 (Simulation time: 0 hr 7 min 22 sec) 
Heartbeat CPU 0 instructions: 200000001 cycles: 41511715 heartbeat IPC: 4.82691 cumulative IPC: 4.81792 (Simulation time: 0 hr 7 min 44 sec) 

Warmup complete CPU 0 instructions: 200000001 cycles: 41511715 (Simulation time: 0 hr 7 min 44 sec) 

Heartbeat CPU 0 instructions: 210000007 cycles: 69936128 heartbeat IPC: 0.35181 cumulative IPC: 0.35181 (Simulation time: 0 hr 8 min 14 sec) 
*** Reached end of trace for Core: 0 Repeating trace: /home1/sweta/traces/qualcomm_traces/srv_12.champsimtrace.xz
Heartbeat CPU 0 instructions: 220000006 cycles: 98656889 heartbeat IPC: 0.34818 cumulative IPC: 0.349986 (Simulation time: 0 hr 8 min 44 sec) 
Heartbeat CPU 0 instructions: 230000001 cycles: 127095314 heartbeat IPC: 0.351637 cumulative IPC: 0.350534 (Simulation time: 0 hr 9 min 14 sec) 
Heartbeat CPU 0 instructions: 240000000 cycles: 155433945 heartbeat IPC: 0.352875 cumulative IPC: 0.351117 (Simulation time: 0 hr 9 min 45 sec) 
*** Reached end of trace for Core: 0 Repeating trace: /home1/sweta/traces/qualcomm_traces/srv_12.champsimtrace.xz
Heartbeat CPU 0 instructions: 250000000 cycles: 183913718 heartbeat IPC: 0.351126 cumulative IPC: 0.351119 (Simulation time: 0 hr 10 min 16 sec) 
Heartbeat CPU 0 instructions: 260000002 cycles: 212365576 heartbeat IPC: 0.351471 cumulative IPC: 0.351177 (Simulation time: 0 hr 10 min 46 sec) 
Heartbeat CPU 0 instructions: 270000000 cycles: 240864472 heartbeat IPC: 0.350891 cumulative IPC: 0.351136 (Simulation time: 0 hr 11 min 17 sec) 
Heartbeat CPU 0 instructions: 280000004 cycles: 269181246 heartbeat IPC: 0.353148 cumulative IPC: 0.351387 (Simulation time: 0 hr 11 min 47 sec) 
*** Reached end of trace for Core: 0 Repeating trace: /home1/sweta/traces/qualcomm_traces/srv_12.champsimtrace.xz
Heartbeat CPU 0 instructions: 290000002 cycles: 297783708 heartbeat IPC: 0.34962 cumulative IPC: 0.351189 (Simulation time: 0 hr 12 min 18 sec) 
Heartbeat CPU 0 instructions: 300000003 cycles: 326230915 heartbeat IPC: 0.351528 cumulative IPC: 0.351223 (Simulation time: 0 hr 12 min 49 sec) 
Heartbeat CPU 0 instructions: 310000002 cycles: 354687070 heartbeat IPC: 0.351418 cumulative IPC: 0.351241 (Simulation time: 0 hr 13 min 19 sec) 
*** Reached end of trace for Core: 0 Repeating trace: /home1/sweta/traces/qualcomm_traces/srv_12.champsimtrace.xz
Heartbeat CPU 0 instructions: 320000001 cycles: 383243884 heartbeat IPC: 0.350179 cumulative IPC: 0.351152 (Simulation time: 0 hr 13 min 49 sec) 
Heartbeat CPU 0 instructions: 330000000 cycles: 411524128 heartbeat IPC: 0.353604 cumulative IPC: 0.35134 (Simulation time: 0 hr 14 min 20 sec) 
Heartbeat CPU 0 instructions: 340000000 cycles: 439925189 heartbeat IPC: 0.3521 cumulative IPC: 0.351394 (Simulation time: 0 hr 14 min 49 sec) 
*** Reached end of trace for Core: 0 Repeating trace: /home1/sweta/traces/qualcomm_traces/srv_12.champsimtrace.xz
Heartbeat CPU 0 instructions: 350000004 cycles: 468617431 heartbeat IPC: 0.348526 cumulative IPC: 0.351201 (Simulation time: 0 hr 15 min 19 sec) 
Heartbeat CPU 0 instructions: 360000000 cycles: 496973468 heartbeat IPC: 0.352658 cumulative IPC: 0.351292 (Simulation time: 0 hr 15 min 48 sec) 
Heartbeat CPU 0 instructions: 370000000 cycles: 525240504 heartbeat IPC: 0.353769 cumulative IPC: 0.351437 (Simulation time: 0 hr 16 min 17 sec) 
*** Reached end of trace for Core: 0 Repeating trace: /home1/sweta/traces/qualcomm_traces/srv_12.champsimtrace.xz
Heartbeat CPU 0 instructions: 380000002 cycles: 554047570 heartbeat IPC: 0.347137 cumulative IPC: 0.351195 (Simulation time: 0 hr 16 min 46 sec) 
Heartbeat CPU 0 instructions: 390000000 cycles: 582556446 heartbeat IPC: 0.350768 cumulative IPC: 0.351172 (Simulation time: 0 hr 17 min 13 sec) 
Heartbeat CPU 0 instructions: 400000007 cycles: 610596839 heartbeat IPC: 0.356629 cumulative IPC: 0.351441 (Simulation time: 0 hr 17 min 41 sec) 
Finished CPU 0 instructions: 200000006 cycles: 569085124 cumulative IPC: 0.351441 (Simulation time: 0 hr 17 min 41 sec) 

ChampSim completed all CPUs

Region of Interest Statistics

CPU 0 cumulative IPC: 0.351441 instructions: 200000006 cycles: 569085124
ITLB TOTAL     ACCESS:   25685145  HIT:   23788070  MISS:    1897075  HIT %:    92.6141  MISS %:    7.38588   MPKI: 9.48537
ITLB LOAD TRANSLATION ACCESS:   25685145  HIT:   23788070  MISS:    1897075  HIT %:    92.6141  MISS %:    7.38588   MPKI: 9.48537
ITLB PREFETCH  REQUESTED:          0  ISSUED:          0  USEFUL:          0  USELESS:          0
ITLB USEFUL LOAD PREFETCHES:          0 PREFETCH ISSUED TO LOWER LEVEL:          0  ACCURACY: -nan
ITLB TIMELY PREFETCHES:          0 LATE PREFETCHES: 0 DROPPED PREFETCHES: 0
ITLB PREFETCHES SAME FILL-ORIGIN LEVEL: 0 DIFFERENT FILL-ORIGIN LEVEL: 0
ITLB AVERAGE MISS LATENCY:    9.02043 cycles AVERAGE LOAD MISS LATENCY:       -nan cycles Load Miss          0
ITLB Average MSHR Occupancy:  0.0267794
ITLB RQ	ACCESS:   30816308	FORWARD:          0	MERGED:    4014934	TO_CACHE:   26801374

DTLB TOTAL     ACCESS:   41408600  HIT:   39555619  MISS:    1852981  HIT %:    95.5251  MISS %:    4.47487   MPKI: 9.2649
DTLB LOAD TRANSLATION ACCESS:   41408600  HIT:   39555619  MISS:    1852981  HIT %:    95.5251  MISS %:    4.47487   MPKI: 9.2649
DTLB PREFETCH  REQUESTED:          0  ISSUED:          0  USEFUL:          0  USELESS:          0
DTLB USEFUL LOAD PREFETCHES:          0 PREFETCH ISSUED TO LOWER LEVEL:          0  ACCURACY: -nan
DTLB TIMELY PREFETCHES:          0 LATE PREFETCHES: 0 DROPPED PREFETCHES: 0
DTLB PREFETCHES SAME FILL-ORIGIN LEVEL: 0 DIFFERENT FILL-ORIGIN LEVEL: 0
DTLB AVERAGE MISS LATENCY:    9.11023 cycles AVERAGE LOAD MISS LATENCY:       -nan cycles Load Miss          0
DTLB Average MSHR Occupancy:  0.0267853
DTLB RQ	ACCESS:   57215834	FORWARD:          0	MERGED:   15738356	TO_CACHE:   41477478

STLB TOTAL     ACCESS:    3750056  HIT:    3740641  MISS:       9415  HIT %:    99.7489  MISS %:   0.251063   MPKI: 0.047075
STLB LOAD TRANSLATION ACCESS:    3750056  HIT:    3740641  MISS:       9415  HIT %:    99.7489  MISS %:   0.251063   MPKI: 0.047075
STLB PREFETCH  REQUESTED:          0  ISSUED:          0  USEFUL:          0  USELESS:          0
STLB USEFUL LOAD PREFETCHES:          0 PREFETCH ISSUED TO LOWER LEVEL:          0  ACCURACY: -nan
STLB TIMELY PREFETCHES:          0 LATE PREFETCHES: 0 DROPPED PREFETCHES: 0
STLB PREFETCHES SAME FILL-ORIGIN LEVEL: 0 DIFFERENT FILL-ORIGIN LEVEL: 0
STLB AVERAGE MISS LATENCY:    20.9924 cycles AVERAGE LOAD MISS LATENCY:       -nan cycles Load Miss          0
STLB Average MSHR Occupancy: 0.000364541
STLB RQ	ACCESS:    3750056	FORWARD:          0	MERGED:          0	TO_CACHE:    3750056

STLB Hit, L1D data hit: 0
STLB Hit, L2C data hit: 0
STLB Hit, LLC data hit: 0
STLB Hit, LLC data miss: 0
STLB STLB hints to L2: 0
L1D TOTAL     ACCESS:   55644062  HIT:   51634190  MISS:    4009872  HIT %:    92.7937  MISS %:    7.20629   MPKI: 20.0494
L1D LOAD      ACCESS:   31062374  HIT:   28143986  MISS:    2918388  HIT %:    90.6047  MISS %:    9.39525   MPKI: 14.5919
L1D RFO       ACCESS:   24581688  HIT:   23490204  MISS:    1091484  HIT %:    95.5598  MISS %:    4.44023   MPKI: 5.45742
L1D PREFETCH  REQUESTED:          0  ISSUED:          0  USEFUL:          0  USELESS:          0
L1D USEFUL LOAD PREFETCHES:          0 PREFETCH ISSUED TO LOWER LEVEL:          0  ACCURACY: -nan
L1D TIMELY PREFETCHES:          0 LATE PREFETCHES: 0 DROPPED PREFETCHES: 0
L1D PREFETCHES SAME FILL-ORIGIN LEVEL: 0 DIFFERENT FILL-ORIGIN LEVEL: 0
L1D AVERAGE MISS LATENCY:      15.18 cycles AVERAGE LOAD MISS LATENCY:    15.1367 cycles Load Miss    2918388
L1D Average MSHR Occupancy:   0.114647
L1D RQ	ACCESS:   44500413	FORWARD:          0	MERGED:   13210535	TO_CACHE:   31116536
L1D WQ	ACCESS:   26377972	FORWARD:     173342	MERGED:     278674	TO_CACHE:   26099298

L1D UNIQUE REGIONS ACCESSED: 0
L1D REGIONS CONFLICTS: 0
L1D Cross Page Prefetch Requests: 0
L1D Same Page Prefetch Requests: 0
L1D ROI Sum of L1D PQ occupancy: 0
L1D PREFETCHES PUSHED FROM L2C: 0
L1I TOTAL     ACCESS:   30554744  HIT:   10631843  MISS:   19922901  HIT %:     34.796  MISS %:     65.204   MPKI: 99.6145
L1I LOAD      ACCESS:   30554744  HIT:   10631843  MISS:   19922901  HIT %:     34.796  MISS %:     65.204   MPKI: 99.6145
L1I PREFETCH  REQUESTED:          0  ISSUED:          0  USEFUL:          0  USELESS:          0
L1I USEFUL LOAD PREFETCHES:          0 PREFETCH ISSUED TO LOWER LEVEL:          0  ACCURACY: -nan
L1I TIMELY PREFETCHES:          0 LATE PREFETCHES: 0 DROPPED PREFETCHES: 0
L1I PREFETCHES SAME FILL-ORIGIN LEVEL: 0 DIFFERENT FILL-ORIGIN LEVEL: 0
L1I AVERAGE MISS LATENCY:    14.1225 cycles AVERAGE LOAD MISS LATENCY:    14.1225 cycles Load Miss   19922901
L1I Average MSHR Occupancy:   0.479423
L1I RQ	ACCESS:   48637535	FORWARD:          0	MERGED:   17821227	TO_CACHE:   30816308

BTB TOTAL     ACCESS:   30339089  HIT:   18708076  MISS:   11631013  HIT %:    61.6633  MISS %:    38.3367   MPKI: 58.1551
BTB BRANCH_DIRECT_JUMP	ACCESS:    2168781  HIT:    1358135  MISS:     810646
BTB BRANCH_INDIRECT	ACCESS:   11474222  HIT:    7107405  MISS:    4366817
BTB BRANCH_CONDITIONAL	ACCESS:    8508391  HIT:    7331928  MISS:    1176463
BTB BRANCH_DIRECT_CALL	ACCESS:    3455818  HIT:    1544670  MISS:    1911148
BTB BRANCH_INDIRECT_CALL	ACCESS:     638053  HIT:     254254  MISS:     383799
BTB BRANCH_RETURN	ACCESS:    4093824  HIT:    1111684  MISS:    2982140
BTB BRANCH_OTHER ACCESS:          0  HIT:          0  MISS:          0

L2C TOTAL     ACCESS:   26406005  HIT:   26388881  MISS:      17124  HIT %:    99.9352  MISS %:  0.0648489   MPKI: 0.08562
L2C LOAD      ACCESS:   22841272  HIT:   22834928  MISS:       6344  HIT %:    99.9722  MISS %:  0.0277743   MPKI: 0.03172
L2C DATA LOAD MPKI: 0.028665
L2C INSTRUCTION LOAD MPKI: 0.003055
L2C RFO       ACCESS:    1091477  HIT:    1085306  MISS:       6171  HIT %:    99.4346  MISS %:   0.565381   MPKI: 0.030855
L2C PREFETCH  ACCESS:     597822  HIT:     593440  MISS:       4382  HIT %:     99.267  MISS %:   0.732994   MPKI: 0.02191
AGUS PREFETCH L1 MISS: 0
L2C DATA PREFETCH MPKI: 0.02191
L2C INSTRUCTION PREFETCH MPKI: 0
L2C WRITEBACK ACCESS:    1865335  HIT:    1865335  MISS:          0  HIT %:        100  MISS %:          0   MPKI: 0
L2C LOAD TRANSLATION ACCESS:      10099  HIT:       9872  MISS:        227  HIT %:    97.7523  MISS %:    2.24775   MPKI: 0.001135
L2C PREFETCH  REQUESTED:     611578  ISSUED:     611578  USEFUL:       3798  USELESS:        614
L2C USEFUL LOAD PREFETCHES:       3798 PREFETCH ISSUED TO LOWER LEVEL:       4970  ACCURACY: 76.4185
L2C TIMELY PREFETCHES:       3798 LATE PREFETCHES: 588 DROPPED PREFETCHES: 0
L2C PREFETCHES SAME FILL-ORIGIN LEVEL: 4970 DIFFERENT FILL-ORIGIN LEVEL: 0
L2C AVERAGE MISS LATENCY:    44.7268 cycles AVERAGE LOAD MISS LATENCY:    43.7306 cycles Load Miss       6344
L2C Average MSHR Occupancy: 0.00138117
L2C RQ	ACCESS:   23942867	FORWARD:          0	MERGED:          0	TO_CACHE:   23942844
L2C WQ	ACCESS:    1865335	FORWARD:         23	MERGED:          0	TO_CACHE:    1865335
L2C PQ	ACCESS:     611578	FORWARD:          0	MERGED:       9144	TO_CACHE:     602434

L2C Instructions Evicting Data 555
L2C Translations Evicting Data 227
L2C Data Evicting Data 15510
L2C Instructions Evicting Instructions 54
L2C Translations Evicting Instructions 0
L2C Data Evicting Instructions 546
L2C Instructions Evicting Translations 2
L2C Translations Evicting Translations 0
L2C Data Evicting Translations 218
L2C Dense regions hint from L2: 0
PSCL5 TOTAL     ACCESS:       9415  HIT:       9415  MISS:          0  HIT %:        100  MISS %:          0   MPKI: 0
PSCL5 LOAD TRANSLATION ACCESS:       9415  HIT:       9415  MISS:          0  HIT %:        100  MISS %:          0   MPKI: 0
PSCL5 PREFETCH  REQUESTED:          0  ISSUED:          0  USEFUL:          0  USELESS:          0
PSCL5 USEFUL LOAD PREFETCHES:          0 PREFETCH ISSUED TO LOWER LEVEL:          0  ACCURACY: -nan
PSCL5 TIMELY PREFETCHES:          0 LATE PREFETCHES: 0 DROPPED PREFETCHES: 0
PSCL5 PREFETCHES SAME FILL-ORIGIN LEVEL: 0 DIFFERENT FILL-ORIGIN LEVEL: 0

PSCL4 TOTAL     ACCESS:       8825  HIT:       8794  MISS:         31  HIT %:    99.6487  MISS %:   0.351275   MPKI: 0.000155
PSCL4 LOAD TRANSLATION ACCESS:       8825  HIT:       8794  MISS:         31  HIT %:    99.6487  MISS %:   0.351275   MPKI: 0.000155
PSCL4 PREFETCH  REQUESTED:          0  ISSUED:          0  USEFUL:          0  USELESS:          0
PSCL4 USEFUL LOAD PREFETCHES:          0 PREFETCH ISSUED TO LOWER LEVEL:          0  ACCURACY: -nan
PSCL4 TIMELY PREFETCHES:          0 LATE PREFETCHES: 0 DROPPED PREFETCHES: 0
PSCL4 PREFETCHES SAME FILL-ORIGIN LEVEL: 0 DIFFERENT FILL-ORIGIN LEVEL: 0

PSCL3 TOTAL     ACCESS:       9361  HIT:       9330  MISS:         31  HIT %:    99.6688  MISS %:   0.331161   MPKI: 0.000155
PSCL3 LOAD TRANSLATION ACCESS:       9361  HIT:       9330  MISS:         31  HIT %:    99.6688  MISS %:   0.331161   MPKI: 0.000155
PSCL3 PREFETCH  REQUESTED:          0  ISSUED:          0  USEFUL:          0  USELESS:          0
PSCL3 USEFUL LOAD PREFETCHES:          0 PREFETCH ISSUED TO LOWER LEVEL:          0  ACCURACY: -nan
PSCL3 TIMELY PREFETCHES:          0 LATE PREFETCHES: 0 DROPPED PREFETCHES: 0
PSCL3 PREFETCHES SAME FILL-ORIGIN LEVEL: 0 DIFFERENT FILL-ORIGIN LEVEL: 0

PSCL2 TOTAL     ACCESS:       9415  HIT:       8793  MISS:        622  HIT %:    93.3935  MISS %:    6.60648   MPKI: 0.00311
PSCL2 LOAD TRANSLATION ACCESS:       9415  HIT:       8793  MISS:        622  HIT %:    93.3935  MISS %:    6.60648   MPKI: 0.00311
PSCL2 PREFETCH  REQUESTED:          0  ISSUED:          0  USEFUL:          0  USELESS:          0
PSCL2 USEFUL LOAD PREFETCHES:          0 PREFETCH ISSUED TO LOWER LEVEL:          0  ACCURACY: -nan
PSCL2 TIMELY PREFETCHES:          0 LATE PREFETCHES: 0 DROPPED PREFETCHES: 0
PSCL2 PREFETCHES SAME FILL-ORIGIN LEVEL: 0 DIFFERENT FILL-ORIGIN LEVEL: 0

LLC TOTAL     ACCESS:      23762  HIT:      23743  MISS:         19  HIT %:      99.92  MISS %:  0.0799596   MPKI: 9.5e-05
LLC LOAD      ACCESS:       5756  HIT:       5755  MISS:          1  HIT %:    99.9826  MISS %:  0.0173732   MPKI: 5e-06
LLC RFO       ACCESS:       6171  HIT:       6171  MISS:          0  HIT %:        100  MISS %:          0   MPKI: 0
LLC PREFETCH  ACCESS:       4970  HIT:       4952  MISS:         18  HIT %:    99.6378  MISS %:   0.362173   MPKI: 9e-05
AGUS PREFETCH L1 MISS: 0
LLC WRITEBACK ACCESS:       6638  HIT:       6638  MISS:          0  HIT %:        100  MISS %:          0   MPKI: 0
LLC LOAD TRANSLATION ACCESS:        227  HIT:        227  MISS:          0  HIT %:        100  MISS %:          0   MPKI: 0
LLC PREFETCH  REQUESTED:          0  ISSUED:          0  USEFUL:          2  USELESS:          0
LLC USEFUL LOAD PREFETCHES:          2 PREFETCH ISSUED TO LOWER LEVEL:         18  ACCURACY: 11.1111
LLC TIMELY PREFETCHES:          2 LATE PREFETCHES: 0 DROPPED PREFETCHES: 0
LLC PREFETCHES SAME FILL-ORIGIN LEVEL: 0 DIFFERENT FILL-ORIGIN LEVEL: 0
LLC AVERAGE MISS LATENCY:    187.368 cycles AVERAGE LOAD MISS LATENCY:        185 cycles Load Miss          1
LLC Average MSHR Occupancy: 6.22227e-06
LLC RQ	ACCESS:      12154	FORWARD:          0	MERGED:          0	TO_CACHE:      12154
LLC WQ	ACCESS:       6638	FORWARD:          0	MERGED:          0	TO_CACHE:       6638
LLC PQ	ACCESS:       4970	FORWARD:          0	MERGED:          0	TO_CACHE:       4970

LLC Dense regions hint to LLC: 0

RAW hits: 3751340
Loads Generated: 48251753
Loads sent to L1D: 44500413
Stores Generated: 26377957
Stores sent to L1D: 26377972
Major fault: 0 Minor fault: 1862
Allocated PAGES: 1862
CPU 0 L2C PC-based stride prefetcher final stats
================ Mockingjay (LLC) Pollution Stats ================
Total pollution count in LLC: 3
==================================================================

DRAM Statistics
 CHANNEL 0
 RQ ROW_BUFFER_HIT:          1  ROW_BUFFER_MISS:         18
 DBUS_CONGESTED:          0
 WQ ROW_BUFFER_HIT:          0  ROW_BUFFER_MISS:          0  FULL:          0

 AVG_CONGESTED_CYCLE: -
 All warmup complete: 2
Channel 0 Bank busy for read cycles: 0
Channel 0 Bank busy for write cycles: 0
Channel 0
Rank 0
0banks busy for read cycles: 569083272
0banks busy for write cycles: 0
1banks busy for read cycles: 1549
1banks busy for write cycles: 0
2banks busy for read cycles: 4
2banks busy for write cycles: 0
3banks busy for read cycles: 152
3banks busy for write cycles: 0
4banks busy for read cycles: 3
4banks busy for write cycles: 0
5banks busy for read cycles: 145
5banks busy for write cycles: 0
6banks busy for read cycles: 0
6banks busy for write cycles: 0
7banks busy for read cycles: 0
7banks busy for write cycles: 0
8banks busy for read cycles: 0
8banks busy for write cycles: 0

CPU 0 Branch Prediction Accuracy: 99.8684% MPKI: 0.23283 Average ROB Occupancy at Mispredict: 73.0889
Branch types
NOT_BRANCH: 164620611 82.3103%
BRANCH_DIRECT_JUMP: 2168781 1.08439%
BRANCH_INDIRECT: 11474222 5.73711%
BRANCH_CONDITIONAL: 13548221 6.77411%
BRANCH_DIRECT_CALL: 3455818 1.72791%
BRANCH_INDIRECT_CALL: 638053 0.319026%
BRANCH_RETURN: 4093824 2.04691%
BRANCH_OTHER: 0 0%

===================== LRU L1D STATS =====================
Total pollution count in L1D: 0
=========================================================
================ SRRIP (L2C) Pollution Stats ================
Total pollution count in L2c: 16261
==================================================================
DRAM PAGES: 1048576
Allocated PAGES: 1862
