
*** ChampSim Multicore Out-of-Order Simulator ***

Warmup Instructions: 200000000
Simulation Instructions: 200000000
Number of CPUs: 1
LLC sets: 4096
LLC ways: 12
Off-chip DRAM Size: 4096 MB Channels: 1 Width: 64-bit Data Rate: 6400 MT/s
CPU 0 runs /home1/sweta/traces/gaptraces/pr-3.trace.gz
.gz
BTB has LRU replacement policy
ITLB has LRU replacement policy
DTLB has LRU replacement policy
STLB has LRU replacement policy
L1I has LRU replacement policy
History Sets: 8
History Ways: 16
BERTI Size: 16
BERTI Stride Size: 16
L1D has LRU replacement policy
Initialize SRRIP state for L2C
Initialize Mockingjay state for LLC
Heartbeat CPU 0 instructions: 10000001 cycles: 2623557 heartbeat IPC: 3.81162 cumulative IPC: 3.81162 (Simulation time: 0 hr 0 min 14 sec) 
Heartbeat CPU 0 instructions: 20000002 cycles: 8526475 heartbeat IPC: 1.69408 cumulative IPC: 2.34564 (Simulation time: 0 hr 0 min 51 sec) 
Heartbeat CPU 0 instructions: 30000002 cycles: 14964952 heartbeat IPC: 1.55316 cumulative IPC: 2.00468 (Simulation time: 0 hr 1 min 33 sec) 
Heartbeat CPU 0 instructions: 40000001 cycles: 21407648 heartbeat IPC: 1.55215 cumulative IPC: 1.86849 (Simulation time: 0 hr 2 min 15 sec) 
Heartbeat CPU 0 instructions: 50000001 cycles: 27848269 heartbeat IPC: 1.55265 cumulative IPC: 1.79544 (Simulation time: 0 hr 2 min 57 sec) 
Heartbeat CPU 0 instructions: 60000004 cycles: 34232265 heartbeat IPC: 1.56642 cumulative IPC: 1.75273 (Simulation time: 0 hr 3 min 40 sec) 
Heartbeat CPU 0 instructions: 70000002 cycles: 40668875 heartbeat IPC: 1.55361 cumulative IPC: 1.72122 (Simulation time: 0 hr 4 min 25 sec) 
Heartbeat CPU 0 instructions: 80000004 cycles: 47109039 heartbeat IPC: 1.55276 cumulative IPC: 1.69819 (Simulation time: 0 hr 5 min 8 sec) 
Heartbeat CPU 0 instructions: 90000000 cycles: 53540566 heartbeat IPC: 1.55484 cumulative IPC: 1.68097 (Simulation time: 0 hr 5 min 50 sec) 
Heartbeat CPU 0 instructions: 100000003 cycles: 59991336 heartbeat IPC: 1.5502 cumulative IPC: 1.66691 (Simulation time: 0 hr 6 min 33 sec) 
Heartbeat CPU 0 instructions: 110000004 cycles: 66427632 heartbeat IPC: 1.55369 cumulative IPC: 1.65594 (Simulation time: 0 hr 7 min 14 sec) 
Heartbeat CPU 0 instructions: 120000002 cycles: 72877418 heartbeat IPC: 1.55044 cumulative IPC: 1.6466 (Simulation time: 0 hr 7 min 56 sec) 
Heartbeat CPU 0 instructions: 130000001 cycles: 79303059 heartbeat IPC: 1.55626 cumulative IPC: 1.63928 (Simulation time: 0 hr 8 min 39 sec) 
Heartbeat CPU 0 instructions: 140000003 cycles: 85746038 heartbeat IPC: 1.55208 cumulative IPC: 1.63273 (Simulation time: 0 hr 9 min 22 sec) 
Heartbeat CPU 0 instructions: 150000001 cycles: 92180112 heartbeat IPC: 1.55422 cumulative IPC: 1.62725 (Simulation time: 0 hr 10 min 5 sec) 
Heartbeat CPU 0 instructions: 160000003 cycles: 98619389 heartbeat IPC: 1.55297 cumulative IPC: 1.6224 (Simulation time: 0 hr 10 min 48 sec) 
Heartbeat CPU 0 instructions: 170000004 cycles: 105054997 heartbeat IPC: 1.55385 cumulative IPC: 1.6182 (Simulation time: 0 hr 11 min 30 sec) 
Heartbeat CPU 0 instructions: 180000000 cycles: 111507057 heartbeat IPC: 1.54989 cumulative IPC: 1.61425 (Simulation time: 0 hr 12 min 12 sec) 
Heartbeat CPU 0 instructions: 190000000 cycles: 116818012 heartbeat IPC: 1.8829 cumulative IPC: 1.62646 (Simulation time: 0 hr 12 min 46 sec) 
Heartbeat CPU 0 instructions: 200000002 cycles: 119989759 heartbeat IPC: 3.15284 cumulative IPC: 1.66681 (Simulation time: 0 hr 13 min 2 sec) 

Warmup complete CPU 0 instructions: 200000002 cycles: 119989759 (Simulation time: 0 hr 13 min 2 sec) 

Heartbeat CPU 0 instructions: 210000004 cycles: 237550638 heartbeat IPC: 0.0850623 cumulative IPC: 0.0850623 (Simulation time: 0 hr 15 min 1 sec) 
Heartbeat CPU 0 instructions: 220000002 cycles: 355874324 heartbeat IPC: 0.0845139 cumulative IPC: 0.0847872 (Simulation time: 0 hr 16 min 56 sec) 
Heartbeat CPU 0 instructions: 230000000 cycles: 471748454 heartbeat IPC: 0.0863005 cumulative IPC: 0.0852857 (Simulation time: 0 hr 18 min 46 sec) 
Heartbeat CPU 0 instructions: 240000006 cycles: 588100772 heartbeat IPC: 0.0859459 cumulative IPC: 0.0854498 (Simulation time: 0 hr 20 min 36 sec) 
Heartbeat CPU 0 instructions: 250000002 cycles: 704487074 heartbeat IPC: 0.0859207 cumulative IPC: 0.0855436 (Simulation time: 0 hr 22 min 27 sec) 
Heartbeat CPU 0 instructions: 260000003 cycles: 822664480 heartbeat IPC: 0.0846186 cumulative IPC: 0.085388 (Simulation time: 0 hr 24 min 18 sec) 
Heartbeat CPU 0 instructions: 270000000 cycles: 938394833 heartbeat IPC: 0.0864077 cumulative IPC: 0.0855322 (Simulation time: 0 hr 26 min 6 sec) 
Heartbeat CPU 0 instructions: 280000004 cycles: 1055313937 heartbeat IPC: 0.0855293 cumulative IPC: 0.0855318 (Simulation time: 0 hr 27 min 56 sec) 
Heartbeat CPU 0 instructions: 290000004 cycles: 1174558022 heartbeat IPC: 0.0838616 cumulative IPC: 0.085343 (Simulation time: 0 hr 29 min 48 sec) 
Heartbeat CPU 0 instructions: 300000004 cycles: 1290563794 heartbeat IPC: 0.0862026 cumulative IPC: 0.0854282 (Simulation time: 0 hr 31 min 38 sec) 
Heartbeat CPU 0 instructions: 310000001 cycles: 1408405523 heartbeat IPC: 0.0848596 cumulative IPC: 0.0853762 (Simulation time: 0 hr 33 min 28 sec) 
Heartbeat CPU 0 instructions: 320000001 cycles: 1525170425 heartbeat IPC: 0.0856422 cumulative IPC: 0.0853983 (Simulation time: 0 hr 35 min 18 sec) 
Heartbeat CPU 0 instructions: 330000002 cycles: 1643472032 heartbeat IPC: 0.0845297 cumulative IPC: 0.0853308 (Simulation time: 0 hr 37 min 9 sec) 
Heartbeat CPU 0 instructions: 340000001 cycles: 1759684063 heartbeat IPC: 0.0860496 cumulative IPC: 0.0853818 (Simulation time: 0 hr 38 min 59 sec) 
Heartbeat CPU 0 instructions: 350000000 cycles: 1876756082 heartbeat IPC: 0.0854175 cumulative IPC: 0.0853842 (Simulation time: 0 hr 40 min 48 sec) 
Heartbeat CPU 0 instructions: 360000000 cycles: 1993106285 heartbeat IPC: 0.0859474 cumulative IPC: 0.0854191 (Simulation time: 0 hr 42 min 38 sec) 
Heartbeat CPU 0 instructions: 370000003 cycles: 2109260368 heartbeat IPC: 0.0860926 cumulative IPC: 0.0854585 (Simulation time: 0 hr 44 min 27 sec) 
Heartbeat CPU 0 instructions: 380000002 cycles: 2173575235 heartbeat IPC: 0.155485 cumulative IPC: 0.0876516 (Simulation time: 0 hr 45 min 29 sec) 
Heartbeat CPU 0 instructions: 390000002 cycles: 2243900822 heartbeat IPC: 0.142196 cumulative IPC: 0.0894576 (Simulation time: 0 hr 46 min 36 sec) 
Heartbeat CPU 0 instructions: 400000003 cycles: 2361584450 heartbeat IPC: 0.0849736 cumulative IPC: 0.0892222 (Simulation time: 0 hr 48 min 27 sec) 
Finished CPU 0 instructions: 200000001 cycles: 2241594691 cumulative IPC: 0.0892222 (Simulation time: 0 hr 48 min 27 sec) 

ChampSim completed all CPUs

Region of Interest Statistics

CPU 0 cumulative IPC: 0.0892222 instructions: 200000001 cycles: 2241594691
ITLB TOTAL     ACCESS:   28522531  HIT:   28522531  MISS:          0  HIT %:        100  MISS %:          0   MPKI: 0
ITLB LOAD TRANSLATION ACCESS:   28522531  HIT:   28522531  MISS:          0  HIT %:        100  MISS %:          0   MPKI: 0
ITLB PREFETCH  REQUESTED:          0  ISSUED:          0  USEFUL:          0  USELESS:          0
ITLB USEFUL LOAD PREFETCHES:          0 PREFETCH ISSUED TO LOWER LEVEL:          0  ACCURACY: -nan
ITLB TIMELY PREFETCHES:          0 LATE PREFETCHES: 0 DROPPED PREFETCHES: 0
ITLB PREFETCHES SAME FILL-ORIGIN LEVEL: 0 DIFFERENT FILL-ORIGIN LEVEL: 0
ITLB AVERAGE MISS LATENCY:       -nan cycles AVERAGE LOAD MISS LATENCY:       -nan cycles Load Miss          0
ITLB Average MSHR Occupancy: 8.92222e-08
ITLB RQ	ACCESS:   29649728	FORWARD:          0	MERGED:    1127197	TO_CACHE:   28522531

DTLB TOTAL     ACCESS:   70255648  HIT:   47328928  MISS:   22926720  HIT %:    67.3667  MISS %:    32.6333   MPKI: 114.634
DTLB LOAD TRANSLATION ACCESS:   70255648  HIT:   47328928  MISS:   22926720  HIT %:    67.3667  MISS %:    32.6333   MPKI: 114.634
DTLB PREFETCH  REQUESTED:          0  ISSUED:          0  USEFUL:          0  USELESS:          0
DTLB USEFUL LOAD PREFETCHES:          0 PREFETCH ISSUED TO LOWER LEVEL:          0  ACCURACY: -nan
DTLB TIMELY PREFETCHES:          0 LATE PREFETCHES: 0 DROPPED PREFETCHES: 0
DTLB PREFETCHES SAME FILL-ORIGIN LEVEL: 0 DIFFERENT FILL-ORIGIN LEVEL: 0
DTLB AVERAGE MISS LATENCY:    9.00116 cycles AVERAGE LOAD MISS LATENCY:       -nan cycles Load Miss          0
DTLB Average MSHR Occupancy:  0.0833779
DTLB RQ	ACCESS:   70841424	FORWARD:          0	MERGED:     582363	TO_CACHE:   70259061

STLB TOTAL     ACCESS:   56696343  HIT:   56655479  MISS:      40864  HIT %:    99.9279  MISS %:  0.0720752   MPKI: 0.20432
STLB LOAD TRANSLATION ACCESS:   22926720  HIT:   22925115  MISS:       1605  HIT %:     99.993  MISS %: 0.00700057   MPKI: 0.008025
STLB TRANSLATION FROM L1D PREFETCHER ACCESS:   33769623  HIT:   33730364  MISS:      39259  HIT %:    99.8837  MISS %:   0.116255   MPKI: 0.196295
STLB PREFETCH  REQUESTED:          0  ISSUED:          0  USEFUL:      39259  USELESS:          0
STLB USEFUL LOAD PREFETCHES:      39259 PREFETCH ISSUED TO LOWER LEVEL:          0  ACCURACY: inf
STLB TIMELY PREFETCHES:      39259 LATE PREFETCHES: 12 DROPPED PREFETCHES: 111
STLB PREFETCHES SAME FILL-ORIGIN LEVEL: 0 DIFFERENT FILL-ORIGIN LEVEL: 0
STLB AVERAGE MISS LATENCY:    49.1107 cycles AVERAGE LOAD MISS LATENCY:       -nan cycles Load Miss          0
STLB Average MSHR Occupancy: 0.00254416
STLB RQ	ACCESS:  233995649	FORWARD:          0	MERGED:  177298806	TO_CACHE:   56696843

STLB Hit, L1D data hit: 0
STLB Hit, L2C data hit: 0
STLB Hit, LLC data hit: 0
STLB Hit, LLC data miss: 0
STLB STLB hints to L2: 0
L1D TOTAL     ACCESS:  257536281  HIT:  222897151  MISS:   34639130  HIT %:    86.5498  MISS %:    13.4502   MPKI: 173.196
L1D LOAD      ACCESS:   67516191  HIT:   35551597  MISS:   31964594  HIT %:    52.6564  MISS %:    47.3436   MPKI: 159.823
L1D RFO       ACCESS:    3097403  HIT:    3031844  MISS:      65559  HIT %:    97.8834  MISS %:    2.11658   MPKI: 0.327795
L1D PREFETCH  ACCESS:  186922687  HIT:  184313710  MISS:    2608977  HIT %:    98.6042  MISS %:    1.39575   MPKI: 13.0449
AGUS PREFETCH L1 MISS: 0
L1D PREFETCH  REQUESTED:  443785777  ISSUED:  423280212  USEFUL:    2522283  USELESS:      86712
L1D USEFUL LOAD PREFETCHES:    2522283 PREFETCH ISSUED TO LOWER LEVEL:   21557278  ACCURACY: 11.7004
L1D TIMELY PREFETCHES:    2522283 LATE PREFETCHES: 4499 DROPPED PREFETCHES: 121
L1D PREFETCHES SAME FILL-ORIGIN LEVEL: 2613477 DIFFERENT FILL-ORIGIN LEVEL: 18943801
L1D AVERAGE MISS LATENCY:    54.1526 cycles AVERAGE LOAD MISS LATENCY:    45.6632 cycles Load Miss   31964594
L1D Average MSHR Occupancy:   0.837431
L1D RQ	ACCESS:   77351417	FORWARD:          0	MERGED:    9813970	TO_CACHE:   67537436
L1D WQ	ACCESS:    3303994	FORWARD:         11	MERGED:          6	TO_CACHE:    3303988
L1D PQ	ACCESS:  212211283	FORWARD:          0	MERGED:    1142354	TO_CACHE:  211068929

L1D UNIQUE REGIONS ACCESSED: 0
L1D REGIONS CONFLICTS: 0
L1D Cross Page Prefetch Requests: 29961425
L1D Same Page Prefetch Requests: 357580501
L1D ROI Sum of L1D PQ occupancy: 3074633405
L1D PREFETCHES PUSHED FROM L2C: 0
L1I TOTAL     ACCESS:   29317463  HIT:        247  MISS:   29317216  HIT %: 0.000842501  MISS %:    99.9992   MPKI: 146.586
L1I LOAD      ACCESS:   29317463  HIT:        247  MISS:   29317216  HIT %: 0.000842501  MISS %:    99.9992   MPKI: 146.586
L1I PREFETCH  REQUESTED:          0  ISSUED:          0  USEFUL:          0  USELESS:          0
L1I USEFUL LOAD PREFETCHES:          0 PREFETCH ISSUED TO LOWER LEVEL:          0  ACCURACY: -nan
L1I TIMELY PREFETCHES:          0 LATE PREFETCHES: 0 DROPPED PREFETCHES: 0
L1I PREFETCHES SAME FILL-ORIGIN LEVEL: 0 DIFFERENT FILL-ORIGIN LEVEL: 0
L1I AVERAGE MISS LATENCY:    14.0008 cycles AVERAGE LOAD MISS LATENCY:    14.0008 cycles Load Miss   29317216
L1I Average MSHR Occupancy:    0.17147
L1I RQ	ACCESS:   46766873	FORWARD:          0	MERGED:   17117145	TO_CACHE:   29649728

BTB TOTAL     ACCESS:   37023932  HIT:   37023749  MISS:        183  HIT %:    99.9995  MISS %: 0.000494275   MPKI: 0.000915
BTB BRANCH_DIRECT_JUMP	ACCESS:         67  HIT:         30  MISS:         37
BTB BRANCH_INDIRECT	ACCESS:          4  HIT:          0  MISS:          4
BTB BRANCH_CONDITIONAL	ACCESS:   37023795  HIT:   37023701  MISS:         94
BTB BRANCH_DIRECT_CALL	ACCESS:         28  HIT:          9  MISS:         19
BTB BRANCH_INDIRECT_CALL	ACCESS:          5  HIT:          1  MISS:          4
BTB BRANCH_RETURN	ACCESS:         33  HIT:          8  MISS:         25
BTB BRANCH_OTHER ACCESS:          0  HIT:          0  MISS:          0

L2C TOTAL     ACCESS:   80712022  HIT:   67024302  MISS:   13687720  HIT %:    83.0413  MISS %:    16.9587   MPKI: 68.4386
L2C LOAD      ACCESS:   61277309  HIT:   52133911  MISS:    9143398  HIT %:    85.0787  MISS %:    14.9213   MPKI: 45.717
L2C DATA LOAD MPKI: 45.7165
L2C INSTRUCTION LOAD MPKI: 0.00053
L2C RFO       ACCESS:      65559  HIT:       1992  MISS:      63567  HIT %:    3.03848  MISS %:    96.9615   MPKI: 0.317835
L2C PREFETCH  ACCESS:   19177962  HIT:   14702747  MISS:    4475215  HIT %:    76.6648  MISS %:    23.3352   MPKI: 22.3761
AGUS PREFETCH L1 MISS: 0
L2C DATA PREFETCH MPKI: 22.3761
L2C INSTRUCTION PREFETCH MPKI: 0
L2C WRITEBACK ACCESS:     150074  HIT:     150037  MISS:         37  HIT %:    99.9753  MISS %:  0.0246545   MPKI: 0.000185
L2C LOAD TRANSLATION ACCESS:       1604  HIT:       1368  MISS:        236  HIT %:    85.2868  MISS %:    14.7132   MPKI: 0.00118
L2C TRANSLATION FROM L1D PREFETCHER ACCESS:      39514  HIT:      34247  MISS:       5267  HIT %:    86.6705  MISS %:    13.3295   MPKI: 0.026335
L2C PREFETCH  REQUESTED:          0  ISSUED:          0  USEFUL:     535053  USELESS:    3942078
L2C USEFUL LOAD PREFETCHES:     535053 PREFETCH ISSUED TO LOWER LEVEL:    4537892  ACCURACY: 11.7908
L2C TIMELY PREFETCHES:     535053 LATE PREFETCHES: 62676 DROPPED PREFETCHES: 0
L2C PREFETCHES SAME FILL-ORIGIN LEVEL: 2698231 DIFFERENT FILL-ORIGIN LEVEL: 0
L2C AVERAGE MISS LATENCY:    123.958 cycles AVERAGE LOAD MISS LATENCY:    107.259 cycles Load Miss    9143398
L2C Average MSHR Occupancy:   0.755785
L2C RQ	ACCESS:   61383988	FORWARD:          0	MERGED:          0	TO_CACHE:   61383987
L2C WQ	ACCESS:     150074	FORWARD:          1	MERGED:          0	TO_CACHE:     150074
L2C PQ	ACCESS:   21557278	FORWARD:          0	MERGED:      16046	TO_CACHE:   21541232

L2C Instructions Evicting Data 105
L2C Translations Evicting Data 5493
L2C Data Evicting Data 13676367
L2C Instructions Evicting Instructions 0
L2C Translations Evicting Instructions 0
L2C Data Evicting Instructions 106
L2C Instructions Evicting Translations 1
L2C Translations Evicting Translations 10
L2C Data Evicting Translations 5601
L2C Dense regions hint from L2: 0
PSCL5 TOTAL     ACCESS:      40975  HIT:      40975  MISS:          0  HIT %:        100  MISS %:          0   MPKI: 0
PSCL5 LOAD TRANSLATION ACCESS:       1593  HIT:       1593  MISS:          0  HIT %:        100  MISS %:          0   MPKI: 0
PSCL5 TRANSLATION FROM L1D PREFETCHER ACCESS:      39382  HIT:      39382  MISS:          0  HIT %:        100  MISS %:          0   MPKI: 0
PSCL5 PREFETCH  REQUESTED:          0  ISSUED:          0  USEFUL:          0  USELESS:          0
PSCL5 USEFUL LOAD PREFETCHES:          0 PREFETCH ISSUED TO LOWER LEVEL:          0  ACCURACY: -nan
PSCL5 TIMELY PREFETCHES:          0 LATE PREFETCHES: 0 DROPPED PREFETCHES: 0
PSCL5 PREFETCHES SAME FILL-ORIGIN LEVEL: 0 DIFFERENT FILL-ORIGIN LEVEL: 0

PSCL4 TOTAL     ACCESS:      40975  HIT:      40975  MISS:          0  HIT %:        100  MISS %:          0   MPKI: 0
PSCL4 LOAD TRANSLATION ACCESS:       1593  HIT:       1593  MISS:          0  HIT %:        100  MISS %:          0   MPKI: 0
PSCL4 TRANSLATION FROM L1D PREFETCHER ACCESS:      39382  HIT:      39382  MISS:          0  HIT %:        100  MISS %:          0   MPKI: 0
PSCL4 PREFETCH  REQUESTED:          0  ISSUED:          0  USEFUL:          0  USELESS:          0
PSCL4 USEFUL LOAD PREFETCHES:          0 PREFETCH ISSUED TO LOWER LEVEL:          0  ACCURACY: -nan
PSCL4 TIMELY PREFETCHES:          0 LATE PREFETCHES: 0 DROPPED PREFETCHES: 0
PSCL4 PREFETCHES SAME FILL-ORIGIN LEVEL: 0 DIFFERENT FILL-ORIGIN LEVEL: 0

PSCL3 TOTAL     ACCESS:      40975  HIT:      40975  MISS:          0  HIT %:        100  MISS %:          0   MPKI: 0
PSCL3 LOAD TRANSLATION ACCESS:       1593  HIT:       1593  MISS:          0  HIT %:        100  MISS %:          0   MPKI: 0
PSCL3 TRANSLATION FROM L1D PREFETCHER ACCESS:      39382  HIT:      39382  MISS:          0  HIT %:        100  MISS %:          0   MPKI: 0
PSCL3 PREFETCH  REQUESTED:          0  ISSUED:          0  USEFUL:          0  USELESS:          0
PSCL3 USEFUL LOAD PREFETCHES:          0 PREFETCH ISSUED TO LOWER LEVEL:          0  ACCURACY: -nan
PSCL3 TIMELY PREFETCHES:          0 LATE PREFETCHES: 0 DROPPED PREFETCHES: 0
PSCL3 PREFETCHES SAME FILL-ORIGIN LEVEL: 0 DIFFERENT FILL-ORIGIN LEVEL: 0

PSCL2 TOTAL     ACCESS:      40918  HIT:      40832  MISS:         86  HIT %:    99.7898  MISS %:   0.210176   MPKI: 0.00043
PSCL2 LOAD TRANSLATION ACCESS:       1668  HIT:       1582  MISS:         86  HIT %:    94.8441  MISS %:    5.15588   MPKI: 0.00043
PSCL2 TRANSLATION FROM L1D PREFETCHER ACCESS:      39250  HIT:      39250  MISS:          0  HIT %:        100  MISS %:          0   MPKI: 0
PSCL2 PREFETCH  REQUESTED:          0  ISSUED:          0  USEFUL:          0  USELESS:          0
PSCL2 USEFUL LOAD PREFETCHES:          0 PREFETCH ISSUED TO LOWER LEVEL:          0  ACCURACY: -nan
PSCL2 TIMELY PREFETCHES:          0 LATE PREFETCHES: 0 DROPPED PREFETCHES: 0
PSCL2 PREFETCHES SAME FILL-ORIGIN LEVEL: 0 DIFFERENT FILL-ORIGIN LEVEL: 0

LLC TOTAL     ACCESS:   13826189  HIT:    7192869  MISS:    6633320  HIT %:    52.0235  MISS %:    47.9765   MPKI: 33.1666
LLC LOAD      ACCESS:    9080722  HIT:    5922903  MISS:    3157819  HIT %:     65.225  MISS %:     34.775   MPKI: 15.7891
LLC RFO       ACCESS:      63567  HIT:      35674  MISS:      27893  HIT %:    56.1203  MISS %:    43.8797   MPKI: 0.139465
LLC PREFETCH  ACCESS:    4537891  HIT:    1199366  MISS:    3338525  HIT %:      26.43  MISS %:      73.57   MPKI: 16.6926
AGUS PREFETCH L1 MISS: 0
LLC WRITEBACK ACCESS:     138506  HIT:      34790  MISS:     103716  HIT %:     25.118  MISS %:     74.882   MPKI: 0.51858
LLC LOAD TRANSLATION ACCESS:        236  HIT:         13  MISS:        223  HIT %:    5.50847  MISS %:    94.4915   MPKI: 0.001115
LLC TRANSLATION FROM L1D PREFETCHER ACCESS:       5267  HIT:        123  MISS:       5144  HIT %:     2.3353  MISS %:    97.6647   MPKI: 0.02572
LLC PREFETCH  REQUESTED:          0  ISSUED:          0  USEFUL:      64470  USELESS:     181815
LLC USEFUL LOAD PREFETCHES:      64470 PREFETCH ISSUED TO LOWER LEVEL:    3338526  ACCURACY: 1.93109
LLC TIMELY PREFETCHES:      64470 LATE PREFETCHES: 0 DROPPED PREFETCHES: 0
LLC PREFETCHES SAME FILL-ORIGIN LEVEL: 0 DIFFERENT FILL-ORIGIN LEVEL: 0
LLC AVERAGE MISS LATENCY:    163.611 cycles AVERAGE LOAD MISS LATENCY:    179.609 cycles Load Miss    3157819
LLC Average MSHR Occupancy:   0.481245
LLC RQ	ACCESS:    9149792	FORWARD:          0	MERGED:          0	TO_CACHE:    9149792
LLC WQ	ACCESS:     138506	FORWARD:          0	MERGED:          0	TO_CACHE:     138506
LLC PQ	ACCESS:    4537892	FORWARD:          0	MERGED:          0	TO_CACHE:    4537892

LLC Dense regions hint to LLC: 0

RAW hits: 26
Loads Generated: 77351445
Loads sent to L1D: 77351417
Stores Generated: 3303994
Stores sent to L1D: 3303994
Major fault: 0 Minor fault: 34900
Allocated PAGES: 34900
================ Mockingjay (LLC) Pollution Stats ================
Total pollution count in LLC: 251393
==================================================================

DRAM Statistics
 CHANNEL 0
 RQ ROW_BUFFER_HIT:    1452311  ROW_BUFFER_MISS:    5077292
 DBUS_CONGESTED:        617
 WQ ROW_BUFFER_HIT:      38009  ROW_BUFFER_MISS:     109954  FULL:          0

 AVG_CONGESTED_CYCLE: 3
 All warmup complete: 2
Channel 0 Bank busy for read cycles: 0
Channel 0 Bank busy for write cycles: 0
Channel 0
Rank 0
0banks busy for read cycles: 1506485069
0banks busy for write cycles: 115670
1banks busy for read cycles: 611727637
1banks busy for write cycles: 20411421
2banks busy for read cycles: 82393335
2banks busy for write cycles: 1740513
3banks busy for read cycles: 13775263
3banks busy for write cycles: 489388
4banks busy for read cycles: 2799258
4banks busy for write cycles: 229217
5banks busy for read cycles: 723666
5banks busy for write cycles: 143638
6banks busy for read cycles: 199609
6banks busy for write cycles: 102766
7banks busy for read cycles: 43386
7banks busy for write cycles: 79624
8banks busy for read cycles: 7273
8banks busy for write cycles: 127959

CPU 0 Branch Prediction Accuracy: 96.9538% MPKI: 5.63912 Average ROB Occupancy at Mispredict: 163.493
Branch types
NOT_BRANCH: 162975840 81.4879%
BRANCH_DIRECT_JUMP: 67 3.35e-05%
BRANCH_INDIRECT: 4 2e-06%
BRANCH_CONDITIONAL: 37024019 18.512%
BRANCH_DIRECT_CALL: 28 1.4e-05%
BRANCH_INDIRECT_CALL: 5 2.5e-06%
BRANCH_RETURN: 33 1.65e-05%
BRANCH_OTHER: 0 0%

===================== LRU L1D STATS =====================
Total pollution count in L1D: 4266532
=========================================================
================ SRRIP (L2C) Pollution Stats ================
Total pollution count in L2c: 17811378
==================================================================
DRAM PAGES: 1048576
Allocated PAGES: 34900
