
*** ChampSim Multicore Out-of-Order Simulator ***

Warmup Instructions: 200000000
Simulation Instructions: 200000000
Number of CPUs: 1
LLC sets: 4096
LLC ways: 12
Off-chip DRAM Size: 4096 MB Channels: 1 Width: 64-bit Data Rate: 6400 MT/s
CPU 0 runs ./tracer/traces/602.gcc_s-2226B.champsimtrace.xz
.xz
BTB has LRU replacement policy
ITLB has LRU replacement policy
DTLB has LRU replacement policy
STLB has LRU replacement policy
L1I has LRU replacement policy
IP Table Entries: 1024
CSPT Entries: 128
RR_ENTRIES: 32
RST_ENTRIES: 8
L1D has LRU replacement policy
Initialize SRRIP state for L2C
Initialize Mockingjay state for LLC
Heartbeat CPU 0 instructions: 10000005 cycles: 3710569 heartbeat IPC: 2.69501 cumulative IPC: 2.69501 (Simulation time: 0 hr 1 min 39 sec) 
Heartbeat CPU 0 instructions: 20000001 cycles: 7422991 heartbeat IPC: 2.69366 cumulative IPC: 2.69433 (Simulation time: 0 hr 3 min 19 sec) 
Heartbeat CPU 0 instructions: 30000002 cycles: 11128526 heartbeat IPC: 2.69867 cumulative IPC: 2.69578 (Simulation time: 0 hr 4 min 58 sec) 
Heartbeat CPU 0 instructions: 40000003 cycles: 14833361 heartbeat IPC: 2.69918 cumulative IPC: 2.69662 (Simulation time: 0 hr 6 min 40 sec) 
Heartbeat CPU 0 instructions: 50000000 cycles: 18544168 heartbeat IPC: 2.69483 cumulative IPC: 2.69627 (Simulation time: 0 hr 8 min 25 sec) 
Heartbeat CPU 0 instructions: 60000000 cycles: 22257639 heartbeat IPC: 2.6929 cumulative IPC: 2.6957 (Simulation time: 0 hr 9 min 58 sec) 
Heartbeat CPU 0 instructions: 70000001 cycles: 25959788 heartbeat IPC: 2.70113 cumulative IPC: 2.69648 (Simulation time: 0 hr 11 min 30 sec) 
Heartbeat CPU 0 instructions: 80000004 cycles: 29666208 heartbeat IPC: 2.69802 cumulative IPC: 2.69667 (Simulation time: 0 hr 12 min 38 sec) 
Heartbeat CPU 0 instructions: 90000000 cycles: 33378533 heartbeat IPC: 2.69373 cumulative IPC: 2.69634 (Simulation time: 0 hr 13 min 41 sec) 
Heartbeat CPU 0 instructions: 100000000 cycles: 37088282 heartbeat IPC: 2.6956 cumulative IPC: 2.69627 (Simulation time: 0 hr 14 min 48 sec) 
Heartbeat CPU 0 instructions: 110000003 cycles: 40789379 heartbeat IPC: 2.7019 cumulative IPC: 2.69678 (Simulation time: 0 hr 15 min 51 sec) 
Heartbeat CPU 0 instructions: 120000001 cycles: 44496439 heartbeat IPC: 2.69755 cumulative IPC: 2.69685 (Simulation time: 0 hr 17 min 5 sec) 
Heartbeat CPU 0 instructions: 130000002 cycles: 48208904 heartbeat IPC: 2.69363 cumulative IPC: 2.6966 (Simulation time: 0 hr 18 min 10 sec) 
Heartbeat CPU 0 instructions: 140000000 cycles: 51914366 heartbeat IPC: 2.69872 cumulative IPC: 2.69675 (Simulation time: 0 hr 19 min 19 sec) 
Heartbeat CPU 0 instructions: 150000002 cycles: 55618765 heartbeat IPC: 2.69949 cumulative IPC: 2.69693 (Simulation time: 0 hr 20 min 26 sec) 
Heartbeat CPU 0 instructions: 160000003 cycles: 59330449 heartbeat IPC: 2.6942 cumulative IPC: 2.69676 (Simulation time: 0 hr 21 min 33 sec) 
Heartbeat CPU 0 instructions: 170000002 cycles: 63042942 heartbeat IPC: 2.69361 cumulative IPC: 2.69657 (Simulation time: 0 hr 22 min 49 sec) 
Heartbeat CPU 0 instructions: 180000000 cycles: 66744026 heartbeat IPC: 2.70191 cumulative IPC: 2.69687 (Simulation time: 0 hr 24 min 3 sec) 
Heartbeat CPU 0 instructions: 190000003 cycles: 70446215 heartbeat IPC: 2.70111 cumulative IPC: 2.69709 (Simulation time: 0 hr 25 min 8 sec) 
Heartbeat CPU 0 instructions: 200000003 cycles: 74157986 heartbeat IPC: 2.69413 cumulative IPC: 2.69694 (Simulation time: 0 hr 26 min 7 sec) 

Warmup complete CPU 0 instructions: 200000003 cycles: 74157986 (Simulation time: 0 hr 26 min 7 sec) 

Heartbeat CPU 0 instructions: 210000004 cycles: 102419494 heartbeat IPC: 0.353838 cumulative IPC: 0.353838 (Simulation time: 0 hr 26 min 58 sec) 
Heartbeat CPU 0 instructions: 220000003 cycles: 130424625 heartbeat IPC: 0.357077 cumulative IPC: 0.35545 (Simulation time: 0 hr 27 min 47 sec) 
Heartbeat CPU 0 instructions: 230000001 cycles: 158412382 heartbeat IPC: 0.357299 cumulative IPC: 0.356064 (Simulation time: 0 hr 28 min 36 sec) 
Heartbeat CPU 0 instructions: 240000002 cycles: 186822714 heartbeat IPC: 0.351985 cumulative IPC: 0.355036 (Simulation time: 0 hr 29 min 25 sec) 
Heartbeat CPU 0 instructions: 250000000 cycles: 214954437 heartbeat IPC: 0.355471 cumulative IPC: 0.355123 (Simulation time: 0 hr 30 min 13 sec) 
Heartbeat CPU 0 instructions: 260000000 cycles: 242818461 heartbeat IPC: 0.358886 cumulative IPC: 0.355744 (Simulation time: 0 hr 31 min 1 sec) 
Heartbeat CPU 0 instructions: 270000000 cycles: 271034956 heartbeat IPC: 0.354403 cumulative IPC: 0.355552 (Simulation time: 0 hr 31 min 49 sec) 
Heartbeat CPU 0 instructions: 280000004 cycles: 299420624 heartbeat IPC: 0.352291 cumulative IPC: 0.355141 (Simulation time: 0 hr 32 min 36 sec) 
Heartbeat CPU 0 instructions: 290000004 cycles: 327450583 heartbeat IPC: 0.356761 cumulative IPC: 0.35532 (Simulation time: 0 hr 33 min 22 sec) 
Heartbeat CPU 0 instructions: 300000000 cycles: 355329009 heartbeat IPC: 0.3587 cumulative IPC: 0.355655 (Simulation time: 0 hr 34 min 7 sec) 
Heartbeat CPU 0 instructions: 310000000 cycles: 383688637 heartbeat IPC: 0.352614 cumulative IPC: 0.355377 (Simulation time: 0 hr 34 min 53 sec) 
Heartbeat CPU 0 instructions: 320000004 cycles: 411892201 heartbeat IPC: 0.354565 cumulative IPC: 0.355309 (Simulation time: 0 hr 35 min 38 sec) 
Heartbeat CPU 0 instructions: 330000000 cycles: 439869969 heartbeat IPC: 0.357427 cumulative IPC: 0.355471 (Simulation time: 0 hr 36 min 22 sec) 
Heartbeat CPU 0 instructions: 340000003 cycles: 467912288 heartbeat IPC: 0.356604 cumulative IPC: 0.355552 (Simulation time: 0 hr 37 min 6 sec) 
Heartbeat CPU 0 instructions: 350000000 cycles: 496329380 heartbeat IPC: 0.351901 cumulative IPC: 0.355306 (Simulation time: 0 hr 37 min 50 sec) 
Heartbeat CPU 0 instructions: 360000000 cycles: 524421497 heartbeat IPC: 0.355972 cumulative IPC: 0.355347 (Simulation time: 0 hr 38 min 33 sec) 
Heartbeat CPU 0 instructions: 370000000 cycles: 552199576 heartbeat IPC: 0.359996 cumulative IPC: 0.355618 (Simulation time: 0 hr 39 min 16 sec) 
Heartbeat CPU 0 instructions: 380000003 cycles: 580527158 heartbeat IPC: 0.353013 cumulative IPC: 0.355472 (Simulation time: 0 hr 40 min 0 sec) 
Heartbeat CPU 0 instructions: 390000003 cycles: 608868563 heartbeat IPC: 0.352841 cumulative IPC: 0.355332 (Simulation time: 0 hr 40 min 42 sec) 
Heartbeat CPU 0 instructions: 400000001 cycles: 636904863 heartbeat IPC: 0.35668 cumulative IPC: 0.3554 (Simulation time: 0 hr 41 min 23 sec) 
Finished CPU 0 instructions: 200000001 cycles: 562746888 cumulative IPC: 0.3554 (Simulation time: 0 hr 41 min 23 sec) 

ChampSim completed all CPUs

Region of Interest Statistics

CPU 0 cumulative IPC: 0.3554 instructions: 200000001 cycles: 562746888
ITLB TOTAL     ACCESS:   23741485  HIT:   23741480  MISS:          5  HIT %:        100  MISS %: 2.10602e-05   MPKI: 2.5e-05
ITLB LOAD TRANSLATION ACCESS:   23741485  HIT:   23741480  MISS:          5  HIT %:        100  MISS %: 2.10602e-05   MPKI: 2.5e-05
ITLB PREFETCH  REQUESTED:          0  ISSUED:          0  USEFUL:          0  USELESS:          0
ITLB USEFUL LOAD PREFETCHES:          0 PREFETCH ISSUED TO LOWER LEVEL:          0  ACCURACY: -nan
ITLB TIMELY PREFETCHES:          0 LATE PREFETCHES: 0 DROPPED PREFETCHES: 0
ITLB PREFETCHES SAME FILL-ORIGIN LEVEL: 0 DIFFERENT FILL-ORIGIN LEVEL: 0
ITLB AVERAGE MISS LATENCY:      306.2 cycles AVERAGE LOAD MISS LATENCY:       -nan cycles Load Miss          0
ITLB Average MSHR Occupancy: 1.87829e-06
ITLB RQ	ACCESS:   24139798	FORWARD:          0	MERGED:     398313	TO_CACHE:   23741485

DTLB TOTAL     ACCESS:   36604566  HIT:   36331382  MISS:     273184  HIT %:    99.2537  MISS %:   0.746311   MPKI: 1.36592
DTLB LOAD TRANSLATION ACCESS:   36604566  HIT:   36331382  MISS:     273184  HIT %:    99.2537  MISS %:   0.746311   MPKI: 1.36592
DTLB PREFETCH  REQUESTED:          0  ISSUED:          0  USEFUL:          0  USELESS:          0
DTLB USEFUL LOAD PREFETCHES:          0 PREFETCH ISSUED TO LOWER LEVEL:          0  ACCURACY: -nan
DTLB TIMELY PREFETCHES:          0 LATE PREFETCHES: 0 DROPPED PREFETCHES: 0
DTLB PREFETCHES SAME FILL-ORIGIN LEVEL: 0 DIFFERENT FILL-ORIGIN LEVEL: 0
DTLB AVERAGE MISS LATENCY:    72.2489 cycles AVERAGE LOAD MISS LATENCY:       -nan cycles Load Miss          0
DTLB Average MSHR Occupancy:  0.0357539
DTLB RQ	ACCESS:   42117758	FORWARD:          0	MERGED:    5512050	TO_CACHE:   36605708

STLB TOTAL     ACCESS:   13118251  HIT:   12855048  MISS:     263203  HIT %:    97.9936  MISS %:    2.00639   MPKI: 1.31601
STLB LOAD TRANSLATION ACCESS:     273189  HIT:      10006  MISS:     263183  HIT %:    3.66267  MISS %:    96.3373   MPKI: 1.31591
STLB TRANSLATION FROM L1D PREFETCHER ACCESS:   12845062  HIT:   12845042  MISS:         20  HIT %:    99.9998  MISS %: 0.000155702   MPKI: 0.0001
STLB PREFETCH  REQUESTED:          0  ISSUED:          0  USEFUL:         20  USELESS:          0
STLB USEFUL LOAD PREFETCHES:         20 PREFETCH ISSUED TO LOWER LEVEL:          0  ACCURACY: inf
STLB TIMELY PREFETCHES:         20 LATE PREFETCHES: 0 DROPPED PREFETCHES: 0
STLB PREFETCHES SAME FILL-ORIGIN LEVEL: 0 DIFFERENT FILL-ORIGIN LEVEL: 0
STLB AVERAGE MISS LATENCY:    65.6598 cycles AVERAGE LOAD MISS LATENCY:       -nan cycles Load Miss          0
STLB Average MSHR Occupancy:  0.0308994
STLB RQ	ACCESS:   19917168	FORWARD:          0	MERGED:    6798917	TO_CACHE:   13118251

STLB Hit, L1D data hit: 0
STLB Hit, L2C data hit: 0
STLB Hit, LLC data hit: 0
STLB Hit, LLC data miss: 0
STLB STLB hints to L2: 0
L1D TOTAL     ACCESS:   59853273  HIT:   44605501  MISS:   15247772  HIT %:    74.5247  MISS %:    25.4753   MPKI: 76.2389
L1D LOAD      ACCESS:   39183507  HIT:   37177230  MISS:    2006277  HIT %:    94.8798  MISS %:    5.12021   MPKI: 10.0314
L1D RFO       ACCESS:    2628562  HIT:    2628041  MISS:        521  HIT %:    99.9802  MISS %:  0.0198207   MPKI: 0.002605
L1D PREFETCH  ACCESS:   18041204  HIT:    4800230  MISS:   13240974  HIT %:     26.607  MISS %:     73.393   MPKI: 66.2049
AGUS PREFETCH L1 MISS: 0
L1D PREFETCH  REQUESTED:   39471146  ISSUED:   39287958  USEFUL:   12075784  USELESS:    1165194
L1D USEFUL LOAD PREFETCHES:   12075784 PREFETCH ISSUED TO LOWER LEVEL:   14831490  ACCURACY: 81.4199
L1D TIMELY PREFETCHES:   12075784 LATE PREFETCHES: 1590417 DROPPED PREFETCHES: 0
L1D PREFETCHES SAME FILL-ORIGIN LEVEL: 14831490 DIFFERENT FILL-ORIGIN LEVEL: 0
L1D AVERAGE MISS LATENCY:    127.799 cycles AVERAGE LOAD MISS LATENCY:    26.9407 cycles Load Miss    2006277
L1D Average MSHR Occupancy:    4.01741
L1D RQ	ACCESS:   71802408	FORWARD:          0	MERGED:   32304644	TO_CACHE:   39489166
L1D WQ	ACCESS:    2919711	FORWARD:       8598	MERGED:     291119	TO_CACHE:    2628592
L1D PQ	ACCESS:   19643979	FORWARD:          0	MERGED:          0	TO_CACHE:   19643979

L1D UNIQUE REGIONS ACCESSED: 0
L1D REGIONS CONFLICTS: 0
L1D Cross Page Prefetch Requests: 0
L1D Same Page Prefetch Requests: 38717003
L1D ROI Sum of L1D PQ occupancy: 260627580
L1D PREFETCHES PUSHED FROM L2C: 0
L1I TOTAL     ACCESS:   23905102  HIT:     299541  MISS:   23605561  HIT %:    1.25304  MISS %:     98.747   MPKI: 118.028
L1I LOAD      ACCESS:   23905102  HIT:     299541  MISS:   23605561  HIT %:    1.25304  MISS %:     98.747   MPKI: 118.028
L1I PREFETCH  REQUESTED:          0  ISSUED:          0  USEFUL:          0  USELESS:          0
L1I USEFUL LOAD PREFETCHES:          0 PREFETCH ISSUED TO LOWER LEVEL:          0  ACCURACY: -nan
L1I TIMELY PREFETCHES:          0 LATE PREFETCHES: 0 DROPPED PREFETCHES: 0
L1I PREFETCHES SAME FILL-ORIGIN LEVEL: 0 DIFFERENT FILL-ORIGIN LEVEL: 0
L1I AVERAGE MISS LATENCY:    14.0112 cycles AVERAGE LOAD MISS LATENCY:    14.0112 cycles Load Miss   23605561
L1I Average MSHR Occupancy:   0.547167
L1I RQ	ACCESS:   28911935	FORWARD:          0	MERGED:    4772137	TO_CACHE:   24139798

BTB TOTAL     ACCESS:   47973715  HIT:   47973552  MISS:        163  HIT %:    99.9997  MISS %: 0.000339769   MPKI: 0.000815
BTB BRANCH_DIRECT_JUMP	ACCESS:     678229  HIT:     678200  MISS:         29
BTB BRANCH_INDIRECT	ACCESS:          0  HIT:          0  MISS:          0
BTB BRANCH_CONDITIONAL	ACCESS:   46627068  HIT:   46627006  MISS:         62
BTB BRANCH_DIRECT_CALL	ACCESS:     334208  HIT:     334195  MISS:         13
BTB BRANCH_INDIRECT_CALL	ACCESS:          1  HIT:          0  MISS:          1
BTB BRANCH_RETURN	ACCESS:     334209  HIT:     334151  MISS:         58
BTB BRANCH_OTHER ACCESS:          0  HIT:          0  MISS:          0

L2C TOTAL     ACCESS:   39146504  HIT:   24583805  MISS:   14562699  HIT %:    62.7995  MISS %:    37.2005   MPKI: 72.8135
L2C LOAD      ACCESS:   24021386  HIT:   23694492  MISS:     326894  HIT %:    98.6392  MISS %:    1.36085   MPKI: 1.63447
L2C DATA LOAD MPKI: 1.63344
L2C INSTRUCTION LOAD MPKI: 0.00103
L2C RFO       ACCESS:        427  HIT:        317  MISS:        110  HIT %:    74.2389  MISS %:    25.7611   MPKI: 0.00055
L2C PREFETCH  ACCESS:   14831486  HIT:     653495  MISS:   14177991  HIT %:    4.40613  MISS %:    95.5939   MPKI: 70.89
AGUS PREFETCH L1 MISS: 0
L2C DATA PREFETCH MPKI: 70.89
L2C INSTRUCTION PREFETCH MPKI: 0
L2C WRITEBACK ACCESS:      24104  HIT:      24102  MISS:          2  HIT %:    99.9917  MISS %: 0.00829738   MPKI: 1e-05
L2C LOAD TRANSLATION ACCESS:     269066  HIT:     211389  MISS:      57677  HIT %:     78.564  MISS %:     21.436   MPKI: 0.288385
L2C TRANSLATION FROM L1D PREFETCHER ACCESS:         35  HIT:         10  MISS:         25  HIT %:    28.5714  MISS %:    71.4286   MPKI: 0.000125
L2C PREFETCH  REQUESTED:          0  ISSUED:          0  USEFUL:      26856  USELESS:   14150968
L2C USEFUL LOAD PREFETCHES:      26856 PREFETCH ISSUED TO LOWER LEVEL:   14177994  ACCURACY: 0.18942
L2C TIMELY PREFETCHES:      26856 LATE PREFETCHES: 0 DROPPED PREFETCHES: 0
L2C PREFETCHES SAME FILL-ORIGIN LEVEL: 0 DIFFERENT FILL-ORIGIN LEVEL: 0
L2C AVERAGE MISS LATENCY:    136.166 cycles AVERAGE LOAD MISS LATENCY:    146.256 cycles Load Miss     326894
L2C Average MSHR Occupancy:    3.52321
L2C RQ	ACCESS:   24290950	FORWARD:          0	MERGED:          0	TO_CACHE:   24290915
L2C WQ	ACCESS:      24104	FORWARD:         35	MERGED:          0	TO_CACHE:      24104
L2C PQ	ACCESS:   14831490	FORWARD:          0	MERGED:          0	TO_CACHE:   14831490

L2C Instructions Evicting Data 206
L2C Translations Evicting Data 57447
L2C Data Evicting Data 14447111
L2C Instructions Evicting Instructions 0
L2C Translations Evicting Instructions 1
L2C Data Evicting Instructions 205
L2C Instructions Evicting Translations 0
L2C Translations Evicting Translations 254
L2C Data Evicting Translations 57473
L2C Dense regions hint from L2: 0
PSCL5 TOTAL     ACCESS:     263203  HIT:     263203  MISS:          0  HIT %:        100  MISS %:          0   MPKI: 0
PSCL5 LOAD TRANSLATION ACCESS:     263183  HIT:     263183  MISS:          0  HIT %:        100  MISS %:          0   MPKI: 0
PSCL5 TRANSLATION FROM L1D PREFETCHER ACCESS:         20  HIT:         20  MISS:          0  HIT %:        100  MISS %:          0   MPKI: 0
PSCL5 PREFETCH  REQUESTED:          0  ISSUED:          0  USEFUL:          0  USELESS:          0
PSCL5 USEFUL LOAD PREFETCHES:          0 PREFETCH ISSUED TO LOWER LEVEL:          0  ACCURACY: -nan
PSCL5 TIMELY PREFETCHES:          0 LATE PREFETCHES: 0 DROPPED PREFETCHES: 0
PSCL5 PREFETCHES SAME FILL-ORIGIN LEVEL: 0 DIFFERENT FILL-ORIGIN LEVEL: 0

PSCL4 TOTAL     ACCESS:     263203  HIT:     263203  MISS:          0  HIT %:        100  MISS %:          0   MPKI: 0
PSCL4 LOAD TRANSLATION ACCESS:     263183  HIT:     263183  MISS:          0  HIT %:        100  MISS %:          0   MPKI: 0
PSCL4 TRANSLATION FROM L1D PREFETCHER ACCESS:         20  HIT:         20  MISS:          0  HIT %:        100  MISS %:          0   MPKI: 0
PSCL4 PREFETCH  REQUESTED:          0  ISSUED:          0  USEFUL:          0  USELESS:          0
PSCL4 USEFUL LOAD PREFETCHES:          0 PREFETCH ISSUED TO LOWER LEVEL:          0  ACCURACY: -nan
PSCL4 TIMELY PREFETCHES:          0 LATE PREFETCHES: 0 DROPPED PREFETCHES: 0
PSCL4 PREFETCHES SAME FILL-ORIGIN LEVEL: 0 DIFFERENT FILL-ORIGIN LEVEL: 0

PSCL3 TOTAL     ACCESS:     263197  HIT:     263170  MISS:         27  HIT %:    99.9897  MISS %:  0.0102585   MPKI: 0.000135
PSCL3 LOAD TRANSLATION ACCESS:     263182  HIT:     263155  MISS:         27  HIT %:    99.9897  MISS %:  0.0102591   MPKI: 0.000135
PSCL3 TRANSLATION FROM L1D PREFETCHER ACCESS:         15  HIT:         15  MISS:          0  HIT %:        100  MISS %:          0   MPKI: 0
PSCL3 PREFETCH  REQUESTED:          0  ISSUED:          0  USEFUL:          0  USELESS:          0
PSCL3 USEFUL LOAD PREFETCHES:          0 PREFETCH ISSUED TO LOWER LEVEL:          0  ACCURACY: -nan
PSCL3 TIMELY PREFETCHES:          0 LATE PREFETCHES: 0 DROPPED PREFETCHES: 0
PSCL3 PREFETCHES SAME FILL-ORIGIN LEVEL: 0 DIFFERENT FILL-ORIGIN LEVEL: 0

PSCL2 TOTAL     ACCESS:     263203  HIT:     257328  MISS:       5875  HIT %:    97.7679  MISS %:    2.23212   MPKI: 0.029375
PSCL2 LOAD TRANSLATION ACCESS:     263193  HIT:     257318  MISS:       5875  HIT %:    97.7678  MISS %:     2.2322   MPKI: 0.029375
PSCL2 TRANSLATION FROM L1D PREFETCHER ACCESS:         10  HIT:         10  MISS:          0  HIT %:        100  MISS %:          0   MPKI: 0
PSCL2 PREFETCH  REQUESTED:          0  ISSUED:          0  USEFUL:          0  USELESS:          0
PSCL2 USEFUL LOAD PREFETCHES:          0 PREFETCH ISSUED TO LOWER LEVEL:          0  ACCURACY: -nan
PSCL2 TIMELY PREFETCHES:          0 LATE PREFETCHES: 0 DROPPED PREFETCHES: 0
PSCL2 PREFETCHES SAME FILL-ORIGIN LEVEL: 0 DIFFERENT FILL-ORIGIN LEVEL: 0

LLC TOTAL     ACCESS:   14585062  HIT:     250517  MISS:   14334545  HIT %:    1.71763  MISS %:    98.2824   MPKI: 71.6727
LLC LOAD      ACCESS:     326894  HIT:      16479  MISS:     310415  HIT %:    5.04108  MISS %:    94.9589   MPKI: 1.55207
LLC RFO       ACCESS:        110  HIT:         71  MISS:         39  HIT %:    64.5455  MISS %:    35.4545   MPKI: 0.000195
LLC PREFETCH  ACCESS:   14177991  HIT:     215003  MISS:   13962988  HIT %:    1.51646  MISS %:    98.4835   MPKI: 69.8149
AGUS PREFETCH L1 MISS: 0
LLC WRITEBACK ACCESS:      22365  HIT:      13301  MISS:       9064  HIT %:    59.4724  MISS %:    40.5276   MPKI: 0.04532
LLC LOAD TRANSLATION ACCESS:      57677  HIT:       5638  MISS:      52039  HIT %:    9.77513  MISS %:    90.2249   MPKI: 0.260195
LLC TRANSLATION FROM L1D PREFETCHER ACCESS:         25  HIT:         25  MISS:          0  HIT %:        100  MISS %:          0   MPKI: 0
LLC PREFETCH  REQUESTED:          0  ISSUED:          0  USEFUL:        155  USELESS:        373
LLC USEFUL LOAD PREFETCHES:        155 PREFETCH ISSUED TO LOWER LEVEL:   13962990  ACCURACY: 0.00111008
LLC TIMELY PREFETCHES:        155 LATE PREFETCHES: 0 DROPPED PREFETCHES: 0
LLC PREFETCHES SAME FILL-ORIGIN LEVEL: 0 DIFFERENT FILL-ORIGIN LEVEL: 0
LLC AVERAGE MISS LATENCY:    92.6162 cycles AVERAGE LOAD MISS LATENCY:     106.63 cycles Load Miss     310415
LLC Average MSHR Occupancy:    2.33371
LLC RQ	ACCESS:     384706	FORWARD:          0	MERGED:          0	TO_CACHE:     384706
LLC WQ	ACCESS:      22365	FORWARD:          0	MERGED:          0	TO_CACHE:      22365
LLC PQ	ACCESS:   14177994	FORWARD:          0	MERGED:          0	TO_CACHE:   14177994

LLC Dense regions hint to LLC: 0

RAW hits: 20778
Loads Generated: 71823188
Loads sent to L1D: 71802408
Stores Generated: 2919711
Stores sent to L1D: 2919711
Major fault: 0 Minor fault: 49197
Allocated PAGES: 49197

stream: 
stream:times selected: 67979171
stream:pref_filled: 24855033
stream:pref_useful: 23072562
stream:pref_late: 1850884
stream:misses: 38923
stream:misses_by_poll: 0

CS: 
CS:times selected: 53596517
CS:pref_filled: 247832
CS:pref_useful: 241600
CS:pref_late: 74088
CS:misses: 3188250
CS:misses_by_poll: 2647

CPLX: 
CPLX:times selected: 14368176
CPLX:pref_filled: 2467409
CPLX:pref_useful: 1923248
CPLX:pref_late: 25862
CPLX:misses: 395588
CPLX:misses_by_poll: 23753

NL_L1: 
NL:times selected: 6306
NL:pref_filled: 842
NL:pref_useful: 765
NL:pref_late: 273
NL:misses: 470
NL:misses_by_poll: 0

total selections: 135950170
total_filled: 13240974
total_useful: 12075784
total_late: 2036178
total_polluted: 26400
total_misses_after_warmup: 2311936
conflicts: 64
Degree Incremented Times: 1277945
Degree Decremented Times: 0

L1 IP Table Write Accesses: 39489124
L1 IP Table Read Accesses: 39489060
L1 RST Write Accesses: 28515677
L1 RST Read Accesses: 57031354
L1 CSPT Write Accesses: 28515677
L1 CSPT Read Accesses: 53338182
L1 RR Filter Tag Write Accesses: 19827167
L1 RR Filter Tag Read Accesses: 6449931712
L1 IP Table Tag Write Accesses: 39489166
L1 IP Table Tag Read Accesses: 39489166
L1 RST Tag Write Accesses: 0
L1 RST Tag Read Accesses: 264393748
L1 RR Filter Write Accesses: 0
L1 RR Filter Read Accesses: 233052114
test: 7104074
================ Mockingjay (LLC) Pollution Stats ================
Total pollution count in LLC: 438
==================================================================

DRAM Statistics
 CHANNEL 0
 RQ ROW_BUFFER_HIT:   13406121  ROW_BUFFER_MISS:     919361
 DBUS_CONGESTED:       1863
 WQ ROW_BUFFER_HIT:       1461  ROW_BUFFER_MISS:       7537  FULL:          0

 AVG_CONGESTED_CYCLE: 3
 All warmup complete: 2
Channel 0 Bank busy for read cycles: 0
Channel 0 Bank busy for write cycles: 0
Channel 0
Rank 0
0banks busy for read cycles: 147545569
0banks busy for write cycles: 6850
1banks busy for read cycles: 169716227
1banks busy for write cycles: 2116417
2banks busy for read cycles: 166593407
2banks busy for write cycles: 413257
3banks busy for read cycles: 45692825
3banks busy for write cycles: 84860
4banks busy for read cycles: 11217650
4banks busy for write cycles: 23778
5banks busy for read cycles: 4022011
5banks busy for write cycles: 4255
6banks busy for read cycles: 4729304
6banks busy for write cycles: 888
7banks busy for read cycles: 9749231
7banks busy for write cycles: 317
8banks busy for read cycles: 830043
8banks busy for write cycles: 0

CPU 0 Branch Prediction Accuracy: 99.7043% MPKI: 1.05469 Average ROB Occupancy at Mispredict: 83.4762
Branch types
NOT_BRANCH: 128669220 64.3346%
BRANCH_DIRECT_JUMP: 678229 0.339114%
BRANCH_INDIRECT: 0 0%
BRANCH_CONDITIONAL: 69983549 34.9918%
BRANCH_DIRECT_CALL: 334208 0.167104%
BRANCH_INDIRECT_CALL: 1 5e-07%
BRANCH_RETURN: 334209 0.167104%
BRANCH_OTHER: 0 0%

===================== LRU L1D STATS =====================
Total pollution count in L1D: 2123913
=========================================================
================ SRRIP (L2C) Pollution Stats ================
Total pollution count in L2c: 586357
==================================================================
DRAM PAGES: 1048576
Allocated PAGES: 49197
