
*** ChampSim Multicore Out-of-Order Simulator ***

Warmup Instructions: 200000000
Simulation Instructions: 200000000
Number of CPUs: 1
LLC sets: 4096
LLC ways: 12
Off-chip DRAM Size: 4096 MB Channels: 1 Width: 64-bit Data Rate: 6400 MT/s
CPU 0 runs ./tracer/traces/605.mcf_s-472B.champsimtrace.xz
.xz
BTB has LRU replacement policy
ITLB has LRU replacement policy
DTLB has LRU replacement policy
STLB has LRU replacement policy
L1I has LRU replacement policy
IP Table Entries: 1024
CSPT Entries: 128
RR_ENTRIES: 32
RST_ENTRIES: 8
L1D has LRU replacement policy
Initialize SRRIP state for L2C
Initialize Mockingjay state for LLC
Heartbeat CPU 0 instructions: 10000005 cycles: 3526485 heartbeat IPC: 2.83569 cumulative IPC: 2.83569 (Simulation time: 0 hr 1 min 50 sec) 
Heartbeat CPU 0 instructions: 20000000 cycles: 7420736 heartbeat IPC: 2.56789 cumulative IPC: 2.69515 (Simulation time: 0 hr 3 min 37 sec) 
Heartbeat CPU 0 instructions: 30000003 cycles: 11527269 heartbeat IPC: 2.43514 cumulative IPC: 2.60252 (Simulation time: 0 hr 5 min 19 sec) 
Heartbeat CPU 0 instructions: 40000003 cycles: 15098580 heartbeat IPC: 2.80009 cumulative IPC: 2.64926 (Simulation time: 0 hr 6 min 37 sec) 
Heartbeat CPU 0 instructions: 50000003 cycles: 18756221 heartbeat IPC: 2.734 cumulative IPC: 2.66578 (Simulation time: 0 hr 8 min 18 sec) 
Heartbeat CPU 0 instructions: 60000001 cycles: 22439557 heartbeat IPC: 2.71493 cumulative IPC: 2.67385 (Simulation time: 0 hr 9 min 40 sec) 
Heartbeat CPU 0 instructions: 70000007 cycles: 26027830 heartbeat IPC: 2.78686 cumulative IPC: 2.68943 (Simulation time: 0 hr 10 min 51 sec) 
Heartbeat CPU 0 instructions: 80000005 cycles: 29896310 heartbeat IPC: 2.58499 cumulative IPC: 2.67592 (Simulation time: 0 hr 12 min 34 sec) 
Heartbeat CPU 0 instructions: 90000000 cycles: 33497739 heartbeat IPC: 2.77667 cumulative IPC: 2.68675 (Simulation time: 0 hr 14 min 2 sec) 
Heartbeat CPU 0 instructions: 100000001 cycles: 37298188 heartbeat IPC: 2.63127 cumulative IPC: 2.6811 (Simulation time: 0 hr 15 min 53 sec) 
Heartbeat CPU 0 instructions: 110000007 cycles: 40841775 heartbeat IPC: 2.822 cumulative IPC: 2.69332 (Simulation time: 0 hr 17 min 19 sec) 
Heartbeat CPU 0 instructions: 120000006 cycles: 44524478 heartbeat IPC: 2.7154 cumulative IPC: 2.69515 (Simulation time: 0 hr 18 min 38 sec) 
Heartbeat CPU 0 instructions: 130000002 cycles: 48284001 heartbeat IPC: 2.65991 cumulative IPC: 2.6924 (Simulation time: 0 hr 19 min 52 sec) 
Heartbeat CPU 0 instructions: 140000000 cycles: 52050016 heartbeat IPC: 2.65533 cumulative IPC: 2.68972 (Simulation time: 0 hr 21 min 7 sec) 
Heartbeat CPU 0 instructions: 150000006 cycles: 55839243 heartbeat IPC: 2.63906 cumulative IPC: 2.68628 (Simulation time: 0 hr 22 min 22 sec) 
Heartbeat CPU 0 instructions: 160000003 cycles: 59487429 heartbeat IPC: 2.74109 cumulative IPC: 2.68964 (Simulation time: 0 hr 23 min 32 sec) 
Heartbeat CPU 0 instructions: 170000001 cycles: 63069322 heartbeat IPC: 2.79182 cumulative IPC: 2.69545 (Simulation time: 0 hr 24 min 40 sec) 
Heartbeat CPU 0 instructions: 180000000 cycles: 66627872 heartbeat IPC: 2.81013 cumulative IPC: 2.70157 (Simulation time: 0 hr 25 min 47 sec) 
Heartbeat CPU 0 instructions: 190000000 cycles: 70571941 heartbeat IPC: 2.53545 cumulative IPC: 2.69229 (Simulation time: 0 hr 26 min 59 sec) 
Heartbeat CPU 0 instructions: 200000006 cycles: 74250615 heartbeat IPC: 2.71837 cumulative IPC: 2.69358 (Simulation time: 0 hr 28 min 4 sec) 

Warmup complete CPU 0 instructions: 200000006 cycles: 74250615 (Simulation time: 0 hr 28 min 4 sec) 

Heartbeat CPU 0 instructions: 210000003 cycles: 96924497 heartbeat IPC: 0.441036 cumulative IPC: 0.441036 (Simulation time: 0 hr 29 min 18 sec) 
Heartbeat CPU 0 instructions: 220000006 cycles: 120030779 heartbeat IPC: 0.432783 cumulative IPC: 0.43687 (Simulation time: 0 hr 30 min 32 sec) 
Heartbeat CPU 0 instructions: 230000002 cycles: 143007012 heartbeat IPC: 0.435232 cumulative IPC: 0.436323 (Simulation time: 0 hr 31 min 46 sec) 
Heartbeat CPU 0 instructions: 240000002 cycles: 173324651 heartbeat IPC: 0.329841 cumulative IPC: 0.403738 (Simulation time: 0 hr 32 min 55 sec) 
Heartbeat CPU 0 instructions: 250000000 cycles: 213086336 heartbeat IPC: 0.251498 cumulative IPC: 0.360138 (Simulation time: 0 hr 33 min 51 sec) 
Heartbeat CPU 0 instructions: 260000000 cycles: 253204742 heartbeat IPC: 0.249262 cumulative IPC: 0.335281 (Simulation time: 0 hr 34 min 46 sec) 
Heartbeat CPU 0 instructions: 270000000 cycles: 292657593 heartbeat IPC: 0.253467 cumulative IPC: 0.320503 (Simulation time: 0 hr 35 min 35 sec) 
Heartbeat CPU 0 instructions: 280000000 cycles: 331809058 heartbeat IPC: 0.255418 cumulative IPC: 0.310609 (Simulation time: 0 hr 36 min 24 sec) 
Heartbeat CPU 0 instructions: 290000001 cycles: 364537772 heartbeat IPC: 0.305542 cumulative IPC: 0.310038 (Simulation time: 0 hr 37 min 18 sec) 
Heartbeat CPU 0 instructions: 300000002 cycles: 387657469 heartbeat IPC: 0.432532 cumulative IPC: 0.319074 (Simulation time: 0 hr 38 min 18 sec) 
Heartbeat CPU 0 instructions: 310000002 cycles: 411370049 heartbeat IPC: 0.421717 cumulative IPC: 0.326294 (Simulation time: 0 hr 39 min 17 sec) 
Heartbeat CPU 0 instructions: 320000005 cycles: 436494197 heartbeat IPC: 0.398024 cumulative IPC: 0.331269 (Simulation time: 0 hr 40 min 19 sec) 
Heartbeat CPU 0 instructions: 330000003 cycles: 460166047 heartbeat IPC: 0.422443 cumulative IPC: 0.336861 (Simulation time: 0 hr 41 min 19 sec) 
Heartbeat CPU 0 instructions: 340000003 cycles: 482060930 heartbeat IPC: 0.456728 cumulative IPC: 0.343297 (Simulation time: 0 hr 42 min 15 sec) 
Heartbeat CPU 0 instructions: 350000000 cycles: 506951694 heartbeat IPC: 0.401755 cumulative IPC: 0.34666 (Simulation time: 0 hr 43 min 23 sec) 
Heartbeat CPU 0 instructions: 360000000 cycles: 531408793 heartbeat IPC: 0.408879 cumulative IPC: 0.349988 (Simulation time: 0 hr 44 min 28 sec) 
Heartbeat CPU 0 instructions: 370000004 cycles: 553904125 heartbeat IPC: 0.444537 cumulative IPC: 0.354423 (Simulation time: 0 hr 45 min 27 sec) 
Heartbeat CPU 0 instructions: 380000001 cycles: 576489865 heartbeat IPC: 0.442757 cumulative IPC: 0.358395 (Simulation time: 0 hr 46 min 27 sec) 
Heartbeat CPU 0 instructions: 390000000 cycles: 598947665 heartbeat IPC: 0.44528 cumulative IPC: 0.362114 (Simulation time: 0 hr 47 min 27 sec) 
Heartbeat CPU 0 instructions: 400000001 cycles: 622742018 heartbeat IPC: 0.420268 cumulative IPC: 0.364637 (Simulation time: 0 hr 48 min 30 sec) 
Finished CPU 0 instructions: 200000003 cycles: 548491404 cumulative IPC: 0.364637 (Simulation time: 0 hr 48 min 30 sec) 

ChampSim completed all CPUs

Region of Interest Statistics

CPU 0 cumulative IPC: 0.364637 instructions: 200000003 cycles: 548491404
ITLB TOTAL     ACCESS:   33654714  HIT:   33654714  MISS:          0  HIT %:        100  MISS %:          0   MPKI: 0
ITLB LOAD TRANSLATION ACCESS:   33654714  HIT:   33654714  MISS:          0  HIT %:        100  MISS %:          0   MPKI: 0
ITLB PREFETCH  REQUESTED:          0  ISSUED:          0  USEFUL:          0  USELESS:          0
ITLB USEFUL LOAD PREFETCHES:          0 PREFETCH ISSUED TO LOWER LEVEL:          0  ACCURACY: -nan
ITLB TIMELY PREFETCHES:          0 LATE PREFETCHES: 0 DROPPED PREFETCHES: 0
ITLB PREFETCHES SAME FILL-ORIGIN LEVEL: 0 DIFFERENT FILL-ORIGIN LEVEL: 0
ITLB AVERAGE MISS LATENCY:       -nan cycles AVERAGE LOAD MISS LATENCY:       -nan cycles Load Miss          0
ITLB Average MSHR Occupancy: 2.55246e-08
ITLB RQ	ACCESS:   38453844	FORWARD:          0	MERGED:    4799131	TO_CACHE:   33654713

DTLB TOTAL     ACCESS:   53060217  HIT:   52196444  MISS:     863773  HIT %:    98.3721  MISS %:    1.62791   MPKI: 4.31886
DTLB LOAD TRANSLATION ACCESS:   53060217  HIT:   52196444  MISS:     863773  HIT %:    98.3721  MISS %:    1.62791   MPKI: 4.31886
DTLB PREFETCH  REQUESTED:          0  ISSUED:          0  USEFUL:          0  USELESS:          0
DTLB USEFUL LOAD PREFETCHES:          0 PREFETCH ISSUED TO LOWER LEVEL:          0  ACCURACY: -nan
DTLB TIMELY PREFETCHES:          0 LATE PREFETCHES: 0 DROPPED PREFETCHES: 0
DTLB PREFETCHES SAME FILL-ORIGIN LEVEL: 0 DIFFERENT FILL-ORIGIN LEVEL: 0
DTLB AVERAGE MISS LATENCY:    29.9947 cycles AVERAGE LOAD MISS LATENCY:       -nan cycles Load Miss          0
DTLB Average MSHR Occupancy:  0.0327039
DTLB RQ	ACCESS:   82043124	FORWARD:          0	MERGED:   28824154	TO_CACHE:   53218970

STLB TOTAL     ACCESS:   16791307  HIT:   16508468  MISS:     282839  HIT %:    98.3156  MISS %:    1.68444   MPKI: 1.41419
STLB LOAD TRANSLATION ACCESS:     863773  HIT:     580960  MISS:     282813  HIT %:    67.2584  MISS %:    32.7416   MPKI: 1.41406
STLB TRANSLATION FROM L1D PREFETCHER ACCESS:   15927534  HIT:   15927508  MISS:         26  HIT %:    99.9998  MISS %: 0.000163239   MPKI: 0.00013
STLB PREFETCH  REQUESTED:          0  ISSUED:          0  USEFUL:         25  USELESS:          1
STLB USEFUL LOAD PREFETCHES:         25 PREFETCH ISSUED TO LOWER LEVEL:          0  ACCURACY: inf
STLB TIMELY PREFETCHES:         25 LATE PREFETCHES: 0 DROPPED PREFETCHES: 0
STLB PREFETCHES SAME FILL-ORIGIN LEVEL: 0 DIFFERENT FILL-ORIGIN LEVEL: 0
STLB AVERAGE MISS LATENCY:    64.0098 cycles AVERAGE LOAD MISS LATENCY:       -nan cycles Load Miss          0
STLB Average MSHR Occupancy:  0.0188857
STLB RQ	ACCESS:   25120044	FORWARD:          0	MERGED:    8328735	TO_CACHE:   16791309

STLB Hit, L1D data hit: 0
STLB Hit, L2C data hit: 0
STLB Hit, LLC data hit: 0
STLB Hit, LLC data miss: 0
STLB STLB hints to L2: 0
L1D TOTAL     ACCESS:   97364655  HIT:   80415803  MISS:   16948852  HIT %:    82.5924  MISS %:    17.4076   MPKI: 84.7443
L1D LOAD      ACCESS:   45946044  HIT:   36002671  MISS:    9943373  HIT %:    78.3586  MISS %:    21.6414   MPKI: 49.7169
L1D RFO       ACCESS:   33296251  HIT:   32906770  MISS:     389481  HIT %:    98.8303  MISS %:    1.16974   MPKI: 1.9474
L1D PREFETCH  ACCESS:   18122360  HIT:   11506362  MISS:    6615998  HIT %:    63.4926  MISS %:    36.5074   MPKI: 33.08
AGUS PREFETCH L1 MISS: 0
L1D PREFETCH  REQUESTED:   48582995  ISSUED:   48512645  USEFUL:    2502791  USELESS:    4113177
L1D USEFUL LOAD PREFETCHES:    2502791 PREFETCH ISSUED TO LOWER LEVEL:   11652760  ACCURACY: 21.4781
L1D TIMELY PREFETCHES:    2502791 LATE PREFETCHES: 5032687 DROPPED PREFETCHES: 0
L1D PREFETCHES SAME FILL-ORIGIN LEVEL: 11652760 DIFFERENT FILL-ORIGIN LEVEL: 0
L1D AVERAGE MISS LATENCY:    97.2354 cycles AVERAGE LOAD MISS LATENCY:     52.236 cycles Load Miss    9943373
L1D Average MSHR Occupancy:    4.90748
L1D RQ	ACCESS:   68423718	FORWARD:          0	MERGED:   20974532	TO_CACHE:   47424924
L1D WQ	ACCESS:   35951744	FORWARD:      24367	MERGED:    1333544	TO_CACHE:   34618200
L1D PQ	ACCESS:   24256375	FORWARD:          0	MERGED:          0	TO_CACHE:   24256270

L1D UNIQUE REGIONS ACCESSED: 0
L1D REGIONS CONFLICTS: 0
L1D Cross Page Prefetch Requests: 0
L1D Same Page Prefetch Requests: 50688533
L1D ROI Sum of L1D PQ occupancy: 370569187
L1D PREFETCHES PUSHED FROM L2C: 0
L1I TOTAL     ACCESS:   37739170  HIT:        220  MISS:   37738950  HIT %: 0.000582949  MISS %:    99.9994   MPKI: 188.695
L1I LOAD      ACCESS:   37739170  HIT:        220  MISS:   37738950  HIT %: 0.000582949  MISS %:    99.9994   MPKI: 188.695
L1I PREFETCH  REQUESTED:          0  ISSUED:          0  USEFUL:          0  USELESS:          0
L1I USEFUL LOAD PREFETCHES:          0 PREFETCH ISSUED TO LOWER LEVEL:          0  ACCURACY: -nan
L1I TIMELY PREFETCHES:          0 LATE PREFETCHES: 0 DROPPED PREFETCHES: 0
L1I PREFETCHES SAME FILL-ORIGIN LEVEL: 0 DIFFERENT FILL-ORIGIN LEVEL: 0
L1I AVERAGE MISS LATENCY:    14.0759 cycles AVERAGE LOAD MISS LATENCY:    14.0759 cycles Load Miss   37738950
L1I Average MSHR Occupancy:   0.931638
L1I RQ	ACCESS:   57140956	FORWARD:          0	MERGED:   18687112	TO_CACHE:   38453844

BTB TOTAL     ACCESS:   33888721  HIT:   33888678  MISS:         43  HIT %:    99.9999  MISS %: 0.000126886   MPKI: 0.000215
BTB BRANCH_DIRECT_JUMP	ACCESS:    1924944  HIT:    1924938  MISS:          6
BTB BRANCH_INDIRECT	ACCESS:          0  HIT:          0  MISS:          0
BTB BRANCH_CONDITIONAL	ACCESS:   31963335  HIT:   31963304  MISS:         31
BTB BRANCH_DIRECT_CALL	ACCESS:        221  HIT:        218  MISS:          3
BTB BRANCH_INDIRECT_CALL	ACCESS:          0  HIT:          0  MISS:          0
BTB BRANCH_RETURN	ACCESS:        221  HIT:        218  MISS:          3
BTB BRANCH_OTHER ACCESS:          0  HIT:          0  MISS:          0

L2C TOTAL     ACCESS:   55832831  HIT:   39677793  MISS:   16155038  HIT %:    71.0653  MISS %:    28.9347   MPKI: 80.7752
L2C LOAD      ACCESS:   42649534  HIT:   37926208  MISS:    4723326  HIT %:    88.9253  MISS %:    11.0747   MPKI: 23.6166
L2C DATA LOAD MPKI: 23.6021
L2C INSTRUCTION LOAD MPKI: 0.01451
L2C RFO       ACCESS:     385403  HIT:      16149  MISS:     369254  HIT %:    4.19016  MISS %:    95.8098   MPKI: 1.84627
L2C PREFETCH  ACCESS:   11652701  HIT:     627428  MISS:   11025273  HIT %:     5.3844  MISS %:    94.6156   MPKI: 55.1264
AGUS PREFETCH L1 MISS: 0
L2C DATA PREFETCH MPKI: 55.1264
L2C INSTRUCTION PREFETCH MPKI: 0
L2C WRITEBACK ACCESS:     861751  HIT:     861484  MISS:        267  HIT %:     99.969  MISS %:  0.0309834   MPKI: 0.001335
L2C LOAD TRANSLATION ACCESS:     283414  HIT:     246524  MISS:      36890  HIT %:    86.9837  MISS %:    13.0163   MPKI: 0.18445
L2C TRANSLATION FROM L1D PREFETCHER ACCESS:         28  HIT:          0  MISS:         28  HIT %:          0  MISS %:        100   MPKI: 0.00014
L2C PREFETCH  REQUESTED:          0  ISSUED:          0  USEFUL:      38321  USELESS:   10986170
L2C USEFUL LOAD PREFETCHES:      38321 PREFETCH ISSUED TO LOWER LEVEL:   11025276  ACCURACY: 0.347574
L2C TIMELY PREFETCHES:      38321 LATE PREFETCHES: 0 DROPPED PREFETCHES: 0
L2C PREFETCHES SAME FILL-ORIGIN LEVEL: 0 DIFFERENT FILL-ORIGIN LEVEL: 0
L2C AVERAGE MISS LATENCY:    134.291 cycles AVERAGE LOAD MISS LATENCY:    94.2506 cycles Load Miss    4723326
L2C Average MSHR Occupancy:    3.93261
L2C RQ	ACCESS:   43318489	FORWARD:          0	MERGED:          0	TO_CACHE:   43318383
L2C WQ	ACCESS:     861751	FORWARD:        163	MERGED:          0	TO_CACHE:     861751
L2C PQ	ACCESS:   11652760	FORWARD:          0	MERGED:          0	TO_CACHE:   11652703

L2C Instructions Evicting Data 2885
L2C Translations Evicting Data 36885
L2C Data Evicting Data 16075151
L2C Instructions Evicting Instructions 0
L2C Translations Evicting Instructions 3
L2C Data Evicting Instructions 2899
L2C Instructions Evicting Translations 17
L2C Translations Evicting Translations 30
L2C Data Evicting Translations 36901
L2C Dense regions hint from L2: 0
PSCL5 TOTAL     ACCESS:     282839  HIT:     282839  MISS:          0  HIT %:        100  MISS %:          0   MPKI: 0
PSCL5 LOAD TRANSLATION ACCESS:     282813  HIT:     282813  MISS:          0  HIT %:        100  MISS %:          0   MPKI: 0
PSCL5 TRANSLATION FROM L1D PREFETCHER ACCESS:         26  HIT:         26  MISS:          0  HIT %:        100  MISS %:          0   MPKI: 0
PSCL5 PREFETCH  REQUESTED:          0  ISSUED:          0  USEFUL:          0  USELESS:          0
PSCL5 USEFUL LOAD PREFETCHES:          0 PREFETCH ISSUED TO LOWER LEVEL:          0  ACCURACY: -nan
PSCL5 TIMELY PREFETCHES:          0 LATE PREFETCHES: 0 DROPPED PREFETCHES: 0
PSCL5 PREFETCHES SAME FILL-ORIGIN LEVEL: 0 DIFFERENT FILL-ORIGIN LEVEL: 0

PSCL4 TOTAL     ACCESS:     282839  HIT:     282839  MISS:          0  HIT %:        100  MISS %:          0   MPKI: 0
PSCL4 LOAD TRANSLATION ACCESS:     282813  HIT:     282813  MISS:          0  HIT %:        100  MISS %:          0   MPKI: 0
PSCL4 TRANSLATION FROM L1D PREFETCHER ACCESS:         26  HIT:         26  MISS:          0  HIT %:        100  MISS %:          0   MPKI: 0
PSCL4 PREFETCH  REQUESTED:          0  ISSUED:          0  USEFUL:          0  USELESS:          0
PSCL4 USEFUL LOAD PREFETCHES:          0 PREFETCH ISSUED TO LOWER LEVEL:          0  ACCURACY: -nan
PSCL4 TIMELY PREFETCHES:          0 LATE PREFETCHES: 0 DROPPED PREFETCHES: 0
PSCL4 PREFETCHES SAME FILL-ORIGIN LEVEL: 0 DIFFERENT FILL-ORIGIN LEVEL: 0

PSCL3 TOTAL     ACCESS:     282427  HIT:     282417  MISS:         10  HIT %:    99.9965  MISS %: 0.00354074   MPKI: 5e-05
PSCL3 LOAD TRANSLATION ACCESS:     282401  HIT:     282391  MISS:         10  HIT %:    99.9965  MISS %: 0.00354106   MPKI: 5e-05
PSCL3 TRANSLATION FROM L1D PREFETCHER ACCESS:         26  HIT:         26  MISS:          0  HIT %:        100  MISS %:          0   MPKI: 0
PSCL3 PREFETCH  REQUESTED:          0  ISSUED:          0  USEFUL:          0  USELESS:          0
PSCL3 USEFUL LOAD PREFETCHES:          0 PREFETCH ISSUED TO LOWER LEVEL:          0  ACCURACY: -nan
PSCL3 TIMELY PREFETCHES:          0 LATE PREFETCHES: 0 DROPPED PREFETCHES: 0
PSCL3 PREFETCHES SAME FILL-ORIGIN LEVEL: 0 DIFFERENT FILL-ORIGIN LEVEL: 0

PSCL2 TOTAL     ACCESS:     282839  HIT:     282071  MISS:        768  HIT %:    99.7285  MISS %:   0.271533   MPKI: 0.00384
PSCL2 LOAD TRANSLATION ACCESS:     282815  HIT:     282047  MISS:        768  HIT %:    99.7284  MISS %:   0.271556   MPKI: 0.00384
PSCL2 TRANSLATION FROM L1D PREFETCHER ACCESS:         24  HIT:         24  MISS:          0  HIT %:        100  MISS %:          0   MPKI: 0
PSCL2 PREFETCH  REQUESTED:          0  ISSUED:          0  USEFUL:          0  USELESS:          0
PSCL2 USEFUL LOAD PREFETCHES:          0 PREFETCH ISSUED TO LOWER LEVEL:          0  ACCURACY: -nan
PSCL2 TIMELY PREFETCHES:          0 LATE PREFETCHES: 0 DROPPED PREFETCHES: 0
PSCL2 PREFETCHES SAME FILL-ORIGIN LEVEL: 0 DIFFERENT FILL-ORIGIN LEVEL: 0

LLC TOTAL     ACCESS:   16852729  HIT:    5029113  MISS:   11823616  HIT %:    29.8415  MISS %:    70.1585   MPKI: 59.1181
LLC LOAD      ACCESS:    4723326  HIT:    2990902  MISS:    1732424  HIT %:    63.3219  MISS %:    36.6781   MPKI: 8.66212
LLC RFO       ACCESS:     369254  HIT:        483  MISS:     368771  HIT %:   0.130804  MISS %:    99.8692   MPKI: 1.84385
LLC PREFETCH  ACCESS:   11025273  HIT:    2017860  MISS:    9007413  HIT %:    18.3021  MISS %:    81.6979   MPKI: 45.0371
AGUS PREFETCH L1 MISS: 0
LLC WRITEBACK ACCESS:     697958  HIT:        934  MISS:     697024  HIT %:   0.133819  MISS %:    99.8662   MPKI: 3.48512
LLC LOAD TRANSLATION ACCESS:      36890  HIT:      18929  MISS:      17961  HIT %:     51.312  MISS %:     48.688   MPKI: 0.089805
LLC TRANSLATION FROM L1D PREFETCHER ACCESS:         28  HIT:          5  MISS:         23  HIT %:    17.8571  MISS %:    82.1429   MPKI: 0.000115
LLC PREFETCH  REQUESTED:          0  ISSUED:          0  USEFUL:      55833  USELESS:    1772631
LLC USEFUL LOAD PREFETCHES:      55833 PREFETCH ISSUED TO LOWER LEVEL:    9007416  ACCURACY: 0.619856
LLC TIMELY PREFETCHES:      55833 LATE PREFETCHES: 0 DROPPED PREFETCHES: 0
LLC PREFETCHES SAME FILL-ORIGIN LEVEL: 0 DIFFERENT FILL-ORIGIN LEVEL: 0
LLC AVERAGE MISS LATENCY:    121.662 cycles AVERAGE LOAD MISS LATENCY:    134.176 cycles Load Miss    1732424
LLC Average MSHR Occupancy:    2.60232
LLC RQ	ACCESS:    5129498	FORWARD:          0	MERGED:          0	TO_CACHE:    5129498
LLC WQ	ACCESS:     697958	FORWARD:          0	MERGED:          0	TO_CACHE:     697958
LLC PQ	ACCESS:   11025276	FORWARD:          0	MERGED:          0	TO_CACHE:   11025276

LLC Dense regions hint to LLC: 0

RAW hits: 2343243
Loads Generated: 70766958
Loads sent to L1D: 68423718
Stores Generated: 35951747
Stores sent to L1D: 35951744
Major fault: 0 Minor fault: 117371
Allocated PAGES: 117371

stream: 
stream:times selected: 53969650
stream:pref_filled: 8057382
stream:pref_useful: 944289
stream:pref_late: 1513984
stream:misses: 1459591
stream:misses_by_poll: 0

CS: 
CS:times selected: 6473739
CS:pref_filled: 1959067
CS:pref_useful: 1946157
CS:pref_late: 3423412
CS:misses: 3550654
CS:misses_by_poll: 1838

CPLX: 
CPLX:times selected: 47284518
CPLX:pref_filled: 3491042
CPLX:pref_useful: 1419294
CPLX:pref_late: 2380166
CPLX:misses: 14654277
CPLX:misses_by_poll: 14206

NL_L1: 
NL:times selected: 200815
NL:pref_filled: 34620
NL:pref_useful: 11641
NL:pref_late: 10651
NL:misses: 93113
NL:misses_by_poll: 1

total selections: 107928722
total_filled: 6615998
total_useful: 2502791
total_late: 7375335
total_polluted: 16045
total_misses_after_warmup: 11422251
conflicts: 40
Degree Incremented Times: 361354
Degree Decremented Times: 889761

L1 IP Table Write Accesses: 47424779
L1 IP Table Read Accesses: 47424739
L1 RST Write Accesses: 26260533
L1 RST Read Accesses: 52521066
L1 CSPT Write Accesses: 26260533
L1 CSPT Read Accesses: 47630829
L1 RR Filter Tag Write Accesses: 24326725
L1 RR Filter Tag Read Accesses: 1482152229
L1 IP Table Tag Write Accesses: 47424922
L1 IP Table Tag Read Accesses: 47424922
L1 RST Tag Write Accesses: 0
L1 RST Tag Read Accesses: 254369497
L1 RR Filter Write Accesses: 0
L1 RR Filter Read Accesses: 50080065
test: 18796762
================ Mockingjay (LLC) Pollution Stats ================
Total pollution count in LLC: 606710
==================================================================

DRAM Statistics
 CHANNEL 0
 RQ ROW_BUFFER_HIT:    8328318  ROW_BUFFER_MISS:    2798267
 DBUS_CONGESTED:       9399
 WQ ROW_BUFFER_HIT:     218814  ROW_BUFFER_MISS:     478502  FULL:        101

 AVG_CONGESTED_CYCLE: 4
 All warmup complete: 2
Channel 0 Bank busy for read cycles: 0
Channel 0 Bank busy for write cycles: 0
Channel 0
Rank 0
0banks busy for read cycles: 163166756
0banks busy for write cycles: 66734
1banks busy for read cycles: 156180124
1banks busy for write cycles: 9809176
2banks busy for read cycles: 78553473
2banks busy for write cycles: 3725198
3banks busy for read cycles: 39836521
3banks busy for write cycles: 2097084
4banks busy for read cycles: 29430839
4banks busy for write cycles: 1593221
5banks busy for read cycles: 22627365
5banks busy for write cycles: 1469110
6banks busy for read cycles: 15126322
6banks busy for write cycles: 1479061
7banks busy for read cycles: 8009164
7banks busy for write cycles: 2396926
8banks busy for read cycles: 3510470
8banks busy for write cycles: 9413861

CPU 0 Branch Prediction Accuracy: 98.9722% MPKI: 1.75813 Average ROB Occupancy at Mispredict: 106.633
Branch types
NOT_BRANCH: 165789335 82.8947%
BRANCH_DIRECT_JUMP: 1924944 0.962472%
BRANCH_INDIRECT: 0 0%
BRANCH_CONDITIONAL: 32284845 16.1424%
BRANCH_DIRECT_CALL: 221 0.0001105%
BRANCH_INDIRECT_CALL: 0 0%
BRANCH_RETURN: 221 0.0001105%
BRANCH_OTHER: 0 0%

===================== LRU L1D STATS =====================
Total pollution count in L1D: 6393440
=========================================================
================ SRRIP (L2C) Pollution Stats ================
Total pollution count in L2c: 9076136
==================================================================
DRAM PAGES: 1048576
Allocated PAGES: 117371
