
*** ChampSim Multicore Out-of-Order Simulator ***

Warmup Instructions: 200000000
Simulation Instructions: 200000000
Number of CPUs: 1
LLC sets: 4096
LLC ways: 12
Off-chip DRAM Size: 4096 MB Channels: 1 Width: 64-bit Data Rate: 6400 MT/s
CPU 0 runs ./tracer/traces/620.omnetpp_s-874B.champsimtrace.xz
.xz
BTB has LRU replacement policy
ITLB has LRU replacement policy
DTLB has LRU replacement policy
STLB has LRU replacement policy
L1I has LRU replacement policy
IP Table Entries: 1024
CSPT Entries: 128
RR_ENTRIES: 32
RST_ENTRIES: 8
L1D has LRU replacement policy
Initialize SRRIP state for L2C
Initialize Mockingjay state for LLC
Heartbeat CPU 0 instructions: 10000000 cycles: 3775503 heartbeat IPC: 2.64865 cumulative IPC: 2.64865 (Simulation time: 0 hr 1 min 16 sec) 
Heartbeat CPU 0 instructions: 20000004 cycles: 7547556 heartbeat IPC: 2.65108 cumulative IPC: 2.64986 (Simulation time: 0 hr 2 min 24 sec) 
Heartbeat CPU 0 instructions: 30000003 cycles: 11315703 heartbeat IPC: 2.65382 cumulative IPC: 2.65118 (Simulation time: 0 hr 3 min 33 sec) 
Heartbeat CPU 0 instructions: 40000000 cycles: 15090450 heartbeat IPC: 2.64918 cumulative IPC: 2.65068 (Simulation time: 0 hr 4 min 43 sec) 
Heartbeat CPU 0 instructions: 50000001 cycles: 18866158 heartbeat IPC: 2.64851 cumulative IPC: 2.65025 (Simulation time: 0 hr 5 min 53 sec) 
Heartbeat CPU 0 instructions: 60000002 cycles: 22644738 heartbeat IPC: 2.6465 cumulative IPC: 2.64962 (Simulation time: 0 hr 7 min 6 sec) 
Heartbeat CPU 0 instructions: 70000001 cycles: 26410043 heartbeat IPC: 2.65583 cumulative IPC: 2.65051 (Simulation time: 0 hr 8 min 19 sec) 
Heartbeat CPU 0 instructions: 80000003 cycles: 30180630 heartbeat IPC: 2.65211 cumulative IPC: 2.65071 (Simulation time: 0 hr 9 min 30 sec) 
Heartbeat CPU 0 instructions: 90000000 cycles: 33956717 heartbeat IPC: 2.64824 cumulative IPC: 2.65043 (Simulation time: 0 hr 10 min 41 sec) 
Heartbeat CPU 0 instructions: 100000000 cycles: 37732023 heartbeat IPC: 2.64879 cumulative IPC: 2.65027 (Simulation time: 0 hr 11 min 50 sec) 
Heartbeat CPU 0 instructions: 110000000 cycles: 41498140 heartbeat IPC: 2.65525 cumulative IPC: 2.65072 (Simulation time: 0 hr 12 min 59 sec) 
Heartbeat CPU 0 instructions: 120000004 cycles: 45271672 heartbeat IPC: 2.65004 cumulative IPC: 2.65066 (Simulation time: 0 hr 14 min 7 sec) 
Heartbeat CPU 0 instructions: 130000000 cycles: 49037613 heartbeat IPC: 2.65538 cumulative IPC: 2.65103 (Simulation time: 0 hr 15 min 15 sec) 
Heartbeat CPU 0 instructions: 140000005 cycles: 52808019 heartbeat IPC: 2.65224 cumulative IPC: 2.65111 (Simulation time: 0 hr 16 min 25 sec) 
Heartbeat CPU 0 instructions: 150000002 cycles: 56583941 heartbeat IPC: 2.64836 cumulative IPC: 2.65093 (Simulation time: 0 hr 17 min 33 sec) 
Heartbeat CPU 0 instructions: 160000000 cycles: 60358585 heartbeat IPC: 2.64926 cumulative IPC: 2.65082 (Simulation time: 0 hr 18 min 41 sec) 
Heartbeat CPU 0 instructions: 170000007 cycles: 64129342 heartbeat IPC: 2.65199 cumulative IPC: 2.65089 (Simulation time: 0 hr 19 min 48 sec) 
Heartbeat CPU 0 instructions: 180000000 cycles: 67900976 heartbeat IPC: 2.65137 cumulative IPC: 2.65092 (Simulation time: 0 hr 20 min 53 sec) 
Heartbeat CPU 0 instructions: 190000005 cycles: 71668057 heartbeat IPC: 2.65458 cumulative IPC: 2.65111 (Simulation time: 0 hr 21 min 58 sec) 
Heartbeat CPU 0 instructions: 200000000 cycles: 75435149 heartbeat IPC: 2.65457 cumulative IPC: 2.65128 (Simulation time: 0 hr 23 min 3 sec) 

Warmup complete CPU 0 instructions: 200000006 cycles: 75435150 (Simulation time: 0 hr 23 min 3 sec) 

Heartbeat CPU 0 instructions: 210000000 cycles: 116886666 heartbeat IPC: 0.241246 cumulative IPC: 0.241246 (Simulation time: 0 hr 24 min 3 sec) 
Heartbeat CPU 0 instructions: 220000006 cycles: 157990303 heartbeat IPC: 0.243288 cumulative IPC: 0.242262 (Simulation time: 0 hr 25 min 2 sec) 
Heartbeat CPU 0 instructions: 230000007 cycles: 199099770 heartbeat IPC: 0.243253 cumulative IPC: 0.242592 (Simulation time: 0 hr 26 min 0 sec) 
Heartbeat CPU 0 instructions: 240000005 cycles: 240630085 heartbeat IPC: 0.240788 cumulative IPC: 0.242138 (Simulation time: 0 hr 26 min 59 sec) 
Heartbeat CPU 0 instructions: 250000004 cycles: 281894230 heartbeat IPC: 0.242341 cumulative IPC: 0.242179 (Simulation time: 0 hr 27 min 47 sec) 
Heartbeat CPU 0 instructions: 260000000 cycles: 323098775 heartbeat IPC: 0.242692 cumulative IPC: 0.242264 (Simulation time: 0 hr 28 min 33 sec) 
Heartbeat CPU 0 instructions: 270000000 cycles: 364601778 heartbeat IPC: 0.240946 cumulative IPC: 0.242075 (Simulation time: 0 hr 29 min 18 sec) 
Heartbeat CPU 0 instructions: 280000001 cycles: 405661873 heartbeat IPC: 0.243545 cumulative IPC: 0.242258 (Simulation time: 0 hr 30 min 3 sec) 
Heartbeat CPU 0 instructions: 290000000 cycles: 446954608 heartbeat IPC: 0.242173 cumulative IPC: 0.242248 (Simulation time: 0 hr 30 min 48 sec) 
Heartbeat CPU 0 instructions: 300000000 cycles: 488247264 heartbeat IPC: 0.242174 cumulative IPC: 0.242241 (Simulation time: 0 hr 31 min 34 sec) 
Heartbeat CPU 0 instructions: 310000000 cycles: 529219444 heartbeat IPC: 0.244068 cumulative IPC: 0.242406 (Simulation time: 0 hr 32 min 19 sec) 
Heartbeat CPU 0 instructions: 320000005 cycles: 570573388 heartbeat IPC: 0.241815 cumulative IPC: 0.242357 (Simulation time: 0 hr 33 min 4 sec) 
Heartbeat CPU 0 instructions: 330000004 cycles: 611873722 heartbeat IPC: 0.242129 cumulative IPC: 0.242339 (Simulation time: 0 hr 33 min 49 sec) 
Heartbeat CPU 0 instructions: 340000005 cycles: 653179963 heartbeat IPC: 0.242094 cumulative IPC: 0.242322 (Simulation time: 0 hr 34 min 34 sec) 
Heartbeat CPU 0 instructions: 350000002 cycles: 694468484 heartbeat IPC: 0.242198 cumulative IPC: 0.242313 (Simulation time: 0 hr 35 min 19 sec) 
Heartbeat CPU 0 instructions: 360000000 cycles: 735776850 heartbeat IPC: 0.242082 cumulative IPC: 0.242299 (Simulation time: 0 hr 36 min 3 sec) 
Heartbeat CPU 0 instructions: 370000001 cycles: 776912018 heartbeat IPC: 0.243101 cumulative IPC: 0.242346 (Simulation time: 0 hr 36 min 48 sec) 
Heartbeat CPU 0 instructions: 380000001 cycles: 818023991 heartbeat IPC: 0.243238 cumulative IPC: 0.242395 (Simulation time: 0 hr 37 min 32 sec) 
Heartbeat CPU 0 instructions: 390000007 cycles: 858995343 heartbeat IPC: 0.244073 cumulative IPC: 0.242483 (Simulation time: 0 hr 38 min 17 sec) 
Heartbeat CPU 0 instructions: 400000000 cycles: 900413961 heartbeat IPC: 0.241437 cumulative IPC: 0.24243 (Simulation time: 0 hr 39 min 1 sec) 
Finished CPU 0 instructions: 200000000 cycles: 824978881 cumulative IPC: 0.24243 (Simulation time: 0 hr 39 min 1 sec) 

ChampSim completed all CPUs

Region of Interest Statistics

CPU 0 cumulative IPC: 0.24243 instructions: 200000000 cycles: 824978881
ITLB TOTAL     ACCESS:   25563573  HIT:   25254115  MISS:     309458  HIT %:    98.7895  MISS %:    1.21054   MPKI: 1.54729
ITLB LOAD TRANSLATION ACCESS:   25563573  HIT:   25254115  MISS:     309458  HIT %:    98.7895  MISS %:    1.21054   MPKI: 1.54729
ITLB PREFETCH  REQUESTED:          0  ISSUED:          0  USEFUL:          0  USELESS:          0
ITLB USEFUL LOAD PREFETCHES:          0 PREFETCH ISSUED TO LOWER LEVEL:          0  ACCURACY: -nan
ITLB TIMELY PREFETCHES:          0 LATE PREFETCHES: 0 DROPPED PREFETCHES: 0
ITLB PREFETCHES SAME FILL-ORIGIN LEVEL: 0 DIFFERENT FILL-ORIGIN LEVEL: 0
ITLB AVERAGE MISS LATENCY:    9.63235 cycles AVERAGE LOAD MISS LATENCY:       -nan cycles Load Miss          0
ITLB Average MSHR Occupancy: 0.00330111
ITLB RQ	ACCESS:   28915010	FORWARD:          0	MERGED:    3118223	TO_CACHE:   25796787

DTLB TOTAL     ACCESS:   75373702  HIT:   71553876  MISS:    3819826  HIT %:    94.9322  MISS %:    5.06785   MPKI: 19.0991
DTLB LOAD TRANSLATION ACCESS:   75373702  HIT:   71553876  MISS:    3819826  HIT %:    94.9322  MISS %:    5.06785   MPKI: 19.0991
DTLB PREFETCH  REQUESTED:          0  ISSUED:          0  USEFUL:          0  USELESS:          0
DTLB USEFUL LOAD PREFETCHES:          0 PREFETCH ISSUED TO LOWER LEVEL:          0  ACCURACY: -nan
DTLB TIMELY PREFETCHES:          0 LATE PREFETCHES: 0 DROPPED PREFETCHES: 0
DTLB PREFETCHES SAME FILL-ORIGIN LEVEL: 0 DIFFERENT FILL-ORIGIN LEVEL: 0
DTLB AVERAGE MISS LATENCY:    20.7262 cycles AVERAGE LOAD MISS LATENCY:       -nan cycles Load Miss          0
DTLB Average MSHR Occupancy:  0.0999146
DTLB RQ	ACCESS:   85967212	FORWARD:          0	MERGED:   10501408	TO_CACHE:   75465804

STLB TOTAL     ACCESS:   12315146  HIT:   11456311  MISS:     858835  HIT %:    93.0262  MISS %:    6.97381   MPKI: 4.29418
STLB LOAD TRANSLATION ACCESS:    4129284  HIT:    3270455  MISS:     858829  HIT %:    79.2015  MISS %:    20.7985   MPKI: 4.29415
STLB TRANSLATION FROM L1D PREFETCHER ACCESS:    8185862  HIT:    8185856  MISS:          6  HIT %:    99.9999  MISS %: 7.32971e-05   MPKI: 3e-05
STLB PREFETCH  REQUESTED:          0  ISSUED:          0  USEFUL:          3  USELESS:          3
STLB USEFUL LOAD PREFETCHES:          3 PREFETCH ISSUED TO LOWER LEVEL:          0  ACCURACY: inf
STLB TIMELY PREFETCHES:          3 LATE PREFETCHES: 0 DROPPED PREFETCHES: 0
STLB PREFETCHES SAME FILL-ORIGIN LEVEL: 0 DIFFERENT FILL-ORIGIN LEVEL: 0
STLB AVERAGE MISS LATENCY:    52.2351 cycles AVERAGE LOAD MISS LATENCY:       -nan cycles Load Miss          0
STLB Average MSHR Occupancy:  0.0577329
STLB RQ	ACCESS:   14962172	FORWARD:          0	MERGED:    2647025	TO_CACHE:   12315147

STLB Hit, L1D data hit: 0
STLB Hit, L2C data hit: 0
STLB Hit, LLC data hit: 0
STLB Hit, LLC data miss: 0
STLB STLB hints to L2: 0
L1D TOTAL     ACCESS:   95748500  HIT:   88309564  MISS:    7438936  HIT %:    92.2308  MISS %:    7.76925   MPKI: 37.1947
L1D LOAD      ACCESS:   48999167  HIT:   45996913  MISS:    3002254  HIT %:    93.8728  MISS %:    6.12715   MPKI: 15.0113
L1D RFO       ACCESS:   36340888  HIT:   35951465  MISS:     389423  HIT %:    98.9284  MISS %:    1.07158   MPKI: 1.94711
L1D PREFETCH  ACCESS:   10408445  HIT:    6361186  MISS:    4047259  HIT %:    61.1156  MISS %:    38.8844   MPKI: 20.2363
AGUS PREFETCH L1 MISS: 0
L1D PREFETCH  REQUESTED:   21700438  ISSUED:   21671023  USEFUL:     558294  USELESS:    3488942
L1D USEFUL LOAD PREFETCHES:     558294 PREFETCH ISSUED TO LOWER LEVEL:    4080701  ACCURACY: 13.6813
L1D TIMELY PREFETCHES:     558294 LATE PREFETCHES: 19859 DROPPED PREFETCHES: 0
L1D PREFETCHES SAME FILL-ORIGIN LEVEL: 4080701 DIFFERENT FILL-ORIGIN LEVEL: 0
L1D AVERAGE MISS LATENCY:    120.329 cycles AVERAGE LOAD MISS LATENCY:    104.613 cycles Load Miss    3002254
L1D Average MSHR Occupancy:    1.15204
L1D RQ	ACCESS:   64506988	FORWARD:          0	MERGED:   12466768	TO_CACHE:   49217755
L1D WQ	ACCESS:   37130825	FORWARD:    2827712	MERGED:     381368	TO_CACHE:   36749457
L1D PQ	ACCESS:   10838135	FORWARD:          0	MERGED:          0	TO_CACHE:   10832888

L1D UNIQUE REGIONS ACCESSED: 0
L1D REGIONS CONFLICTS: 0
L1D Cross Page Prefetch Requests: 0
L1D Same Page Prefetch Requests: 21060118
L1D ROI Sum of L1D PQ occupancy: 139937136
L1D PREFETCHES PUSHED FROM L2C: 0
L1I TOTAL     ACCESS:   28228290  HIT:   12933854  MISS:   15294436  HIT %:    45.8188  MISS %:    54.1812   MPKI: 76.4722
L1I LOAD      ACCESS:   28228290  HIT:   12933854  MISS:   15294436  HIT %:    45.8188  MISS %:    54.1812   MPKI: 76.4722
L1I PREFETCH  REQUESTED:          0  ISSUED:          0  USEFUL:          0  USELESS:          0
L1I USEFUL LOAD PREFETCHES:          0 PREFETCH ISSUED TO LOWER LEVEL:          0  ACCURACY: -nan
L1I TIMELY PREFETCHES:          0 LATE PREFETCHES: 0 DROPPED PREFETCHES: 0
L1I PREFETCHES SAME FILL-ORIGIN LEVEL: 0 DIFFERENT FILL-ORIGIN LEVEL: 0
L1I AVERAGE MISS LATENCY:    14.1319 cycles AVERAGE LOAD MISS LATENCY:    14.1319 cycles Load Miss   15294436
L1I Average MSHR Occupancy:   0.252454
L1I RQ	ACCESS:   46547457	FORWARD:          0	MERGED:   17632447	TO_CACHE:   28915010

BTB TOTAL     ACCESS:   31973403  HIT:   30080056  MISS:    1893347  HIT %:    94.0784  MISS %:    5.92163   MPKI: 9.46673
BTB BRANCH_DIRECT_JUMP	ACCESS:    2289515  HIT:    2289397  MISS:        118
BTB BRANCH_INDIRECT	ACCESS:     673588  HIT:     588484  MISS:      85104
BTB BRANCH_CONDITIONAL	ACCESS:   17112635  HIT:   17112178  MISS:        457
BTB BRANCH_DIRECT_CALL	ACCESS:    3554663  HIT:    3554434  MISS:        229
BTB BRANCH_INDIRECT_CALL	ACCESS:    2394169  HIT:    2386347  MISS:       7822
BTB BRANCH_RETURN	ACCESS:    5948833  HIT:    4149216  MISS:    1799617
BTB BRANCH_OTHER ACCESS:          0  HIT:          0  MISS:          0

L2C TOTAL     ACCESS:   25871669  HIT:   21803444  MISS:    4068225  HIT %:    84.2754  MISS %:    15.7246   MPKI: 20.3411
L2C LOAD      ACCESS:   18276694  HIT:   16852429  MISS:    1424265  HIT %:    92.2072  MISS %:    7.79279   MPKI: 7.12132
L2C DATA LOAD MPKI: 7.11174
L2C INSTRUCTION LOAD MPKI: 0.009585
L2C RFO       ACCESS:     375831  HIT:     240580  MISS:     135251  HIT %:    64.0128  MISS %:    35.9872   MPKI: 0.676255
L2C PREFETCH  ACCESS:    4080615  HIT:    1801309  MISS:    2279306  HIT %:    44.1431  MISS %:    55.8569   MPKI: 11.3965
AGUS PREFETCH L1 MISS: 0
L2C DATA PREFETCH MPKI: 11.3965
L2C INSTRUCTION PREFETCH MPKI: 0
L2C WRITEBACK ACCESS:    1922584  HIT:    1922411  MISS:        173  HIT %:     99.991  MISS %: 0.00899831   MPKI: 0.000865
L2C LOAD TRANSLATION ACCESS:    1215933  HIT:     986708  MISS:     229225  HIT %:    81.1482  MISS %:    18.8518   MPKI: 1.14613
L2C TRANSLATION FROM L1D PREFETCHER ACCESS:         12  HIT:          7  MISS:          5  HIT %:    58.3333  MISS %:    41.6667   MPKI: 2.5e-05
L2C PREFETCH  REQUESTED:          0  ISSUED:          0  USEFUL:     177724  USELESS:    2101788
L2C USEFUL LOAD PREFETCHES:     177724 PREFETCH ISSUED TO LOWER LEVEL:    2279307  ACCURACY: 7.79728
L2C TIMELY PREFETCHES:     177724 LATE PREFETCHES: 0 DROPPED PREFETCHES: 0
L2C PREFETCHES SAME FILL-ORIGIN LEVEL: 0 DIFFERENT FILL-ORIGIN LEVEL: 0
L2C AVERAGE MISS LATENCY:    199.424 cycles AVERAGE LOAD MISS LATENCY:    189.176 cycles Load Miss    1424265
L2C Average MSHR Occupancy:   0.982687
L2C RQ	ACCESS:   19868619	FORWARD:          0	MERGED:          0	TO_CACHE:   19868471
L2C WQ	ACCESS:    1922584	FORWARD:        232	MERGED:          0	TO_CACHE:    1922584
L2C PQ	ACCESS:    4080701	FORWARD:          0	MERGED:          0	TO_CACHE:    4080617

L2C Instructions Evicting Data 1818
L2C Translations Evicting Data 215386
L2C Data Evicting Data 3619528
L2C Instructions Evicting Instructions 1
L2C Translations Evicting Instructions 84
L2C Data Evicting Instructions 1837
L2C Instructions Evicting Translations 98
L2C Translations Evicting Translations 13760
L2C Data Evicting Translations 215540
L2C Dense regions hint from L2: 0
PSCL5 TOTAL     ACCESS:     858835  HIT:     858835  MISS:          0  HIT %:        100  MISS %:          0   MPKI: 0
PSCL5 LOAD TRANSLATION ACCESS:     858829  HIT:     858829  MISS:          0  HIT %:        100  MISS %:          0   MPKI: 0
PSCL5 TRANSLATION FROM L1D PREFETCHER ACCESS:          6  HIT:          6  MISS:          0  HIT %:        100  MISS %:          0   MPKI: 0
PSCL5 PREFETCH  REQUESTED:          0  ISSUED:          0  USEFUL:          0  USELESS:          0
PSCL5 USEFUL LOAD PREFETCHES:          0 PREFETCH ISSUED TO LOWER LEVEL:          0  ACCURACY: -nan
PSCL5 TIMELY PREFETCHES:          0 LATE PREFETCHES: 0 DROPPED PREFETCHES: 0
PSCL5 PREFETCHES SAME FILL-ORIGIN LEVEL: 0 DIFFERENT FILL-ORIGIN LEVEL: 0

PSCL4 TOTAL     ACCESS:     858835  HIT:     858835  MISS:          0  HIT %:        100  MISS %:          0   MPKI: 0
PSCL4 LOAD TRANSLATION ACCESS:     858829  HIT:     858829  MISS:          0  HIT %:        100  MISS %:          0   MPKI: 0
PSCL4 TRANSLATION FROM L1D PREFETCHER ACCESS:          6  HIT:          6  MISS:          0  HIT %:        100  MISS %:          0   MPKI: 0
PSCL4 PREFETCH  REQUESTED:          0  ISSUED:          0  USEFUL:          0  USELESS:          0
PSCL4 USEFUL LOAD PREFETCHES:          0 PREFETCH ISSUED TO LOWER LEVEL:          0  ACCURACY: -nan
PSCL4 TIMELY PREFETCHES:          0 LATE PREFETCHES: 0 DROPPED PREFETCHES: 0
PSCL4 PREFETCHES SAME FILL-ORIGIN LEVEL: 0 DIFFERENT FILL-ORIGIN LEVEL: 0

PSCL3 TOTAL     ACCESS:     858835  HIT:     858835  MISS:          0  HIT %:        100  MISS %:          0   MPKI: 0
PSCL3 LOAD TRANSLATION ACCESS:     858829  HIT:     858829  MISS:          0  HIT %:        100  MISS %:          0   MPKI: 0
PSCL3 TRANSLATION FROM L1D PREFETCHER ACCESS:          6  HIT:          6  MISS:          0  HIT %:        100  MISS %:          0   MPKI: 0
PSCL3 PREFETCH  REQUESTED:          0  ISSUED:          0  USEFUL:          0  USELESS:          0
PSCL3 USEFUL LOAD PREFETCHES:          0 PREFETCH ISSUED TO LOWER LEVEL:          0  ACCURACY: -nan
PSCL3 TIMELY PREFETCHES:          0 LATE PREFETCHES: 0 DROPPED PREFETCHES: 0
PSCL3 PREFETCHES SAME FILL-ORIGIN LEVEL: 0 DIFFERENT FILL-ORIGIN LEVEL: 0

PSCL2 TOTAL     ACCESS:     858835  HIT:     501725  MISS:     357110  HIT %:    58.4193  MISS %:    41.5807   MPKI: 1.78555
PSCL2 LOAD TRANSLATION ACCESS:     858835  HIT:     501725  MISS:     357110  HIT %:    58.4193  MISS %:    41.5807   MPKI: 1.78555
PSCL2 PREFETCH  REQUESTED:          0  ISSUED:          0  USEFUL:          0  USELESS:          0
PSCL2 USEFUL LOAD PREFETCHES:          0 PREFETCH ISSUED TO LOWER LEVEL:          0  ACCURACY: -nan
PSCL2 TIMELY PREFETCHES:          0 LATE PREFETCHES: 0 DROPPED PREFETCHES: 0
PSCL2 PREFETCHES SAME FILL-ORIGIN LEVEL: 0 DIFFERENT FILL-ORIGIN LEVEL: 0

LLC TOTAL     ACCESS:    4956517  HIT:     828495  MISS:    4128022  HIT %:    16.7153  MISS %:    83.2847   MPKI: 20.6401
LLC LOAD      ACCESS:    1424263  HIT:     244566  MISS:    1179697  HIT %:    17.1714  MISS %:    82.8286   MPKI: 5.89848
LLC RFO       ACCESS:     135251  HIT:      40665  MISS:      94586  HIT %:    30.0663  MISS %:    69.9337   MPKI: 0.47293
LLC PREFETCH  ACCESS:    2279305  HIT:     122025  MISS:    2157280  HIT %:    5.35361  MISS %:    94.6464   MPKI: 10.7864
AGUS PREFETCH L1 MISS: 0
LLC WRITEBACK ACCESS:     888468  HIT:     248484  MISS:     639984  HIT %:    27.9677  MISS %:    72.0323   MPKI: 3.19992
LLC LOAD TRANSLATION ACCESS:     229225  HIT:     172750  MISS:      56475  HIT %:    75.3626  MISS %:    24.6374   MPKI: 0.282375
LLC TRANSLATION FROM L1D PREFETCHER ACCESS:          5  HIT:          5  MISS:          0  HIT %:        100  MISS %:          0   MPKI: 0
LLC PREFETCH  REQUESTED:          0  ISSUED:          0  USEFUL:      25638  USELESS:     169338
LLC USEFUL LOAD PREFETCHES:      25638 PREFETCH ISSUED TO LOWER LEVEL:    2157281  ACCURACY: 1.18844
LLC TIMELY PREFETCHES:      25638 LATE PREFETCHES: 0 DROPPED PREFETCHES: 0
LLC PREFETCHES SAME FILL-ORIGIN LEVEL: 0 DIFFERENT FILL-ORIGIN LEVEL: 0
LLC AVERAGE MISS LATENCY:    152.186 cycles AVERAGE LOAD MISS LATENCY:    174.065 cycles Load Miss    1179697
LLC Average MSHR Occupancy:   0.757281
LLC RQ	ACCESS:    1788746	FORWARD:          0	MERGED:          0	TO_CACHE:    1788744
LLC WQ	ACCESS:     888468	FORWARD:          3	MERGED:          0	TO_CACHE:     888468
LLC PQ	ACCESS:    2279307	FORWARD:          0	MERGED:          0	TO_CACHE:    2279306

LLC Dense regions hint to LLC: 0

RAW hits: 2980724
Loads Generated: 67487713
Loads sent to L1D: 64506988
Stores Generated: 37130829
Stores sent to L1D: 37130825
Major fault: 0 Minor fault: 48232
Allocated PAGES: 48232

stream: 
stream:times selected: 32283027
stream:pref_filled: 4886086
stream:pref_useful: 899021
stream:pref_late: 110030
stream:misses: 1312237
stream:misses_by_poll: 0

CS: 
CS:times selected: 414312
CS:pref_filled: 117506
CS:pref_useful: 19856
CS:pref_late: 9
CS:misses: 8619
CS:misses_by_poll: 11

CPLX: 
CPLX:times selected: 32063992
CPLX:pref_filled: 2778544
CPLX:pref_useful: 136313
CPLX:pref_late: 5544
CPLX:misses: 4171093
CPLX:misses_by_poll: 7380

NL_L1: 
NL:times selected: 152136
NL:pref_filled: 51462
NL:pref_useful: 10932
NL:pref_late: 1565
NL:misses: 46821
NL:misses_by_poll: 8

total selections: 64913467
total_filled: 4047259
total_useful: 558294
total_late: 118849
total_polluted: 7399
total_misses_after_warmup: 3220844
conflicts: 1225930
Degree Incremented Times: 0
Degree Decremented Times: 1435596

L1 IP Table Write Accesses: 44936464
L1 IP Table Read Accesses: 43710534
L1 RST Write Accesses: 16958328
L1 RST Read Accesses: 33916656
L1 CSPT Write Accesses: 16958328
L1 CSPT Read Accesses: 33798117
L1 RR Filter Tag Write Accesses: 10867550
L1 RR Filter Tag Read Accesses: 645346751
L1 IP Table Tag Write Accesses: 49217757
L1 IP Table Tag Read Accesses: 49217757
L1 RST Tag Write Accesses: 0
L1 RST Tag Read Accesses: 142738220
L1 RR Filter Write Accesses: 0
L1 RR Filter Read Accesses: 22612080
test: 16274598
================ Mockingjay (LLC) Pollution Stats ================
Total pollution count in LLC: 173192
==================================================================

DRAM Statistics
 CHANNEL 0
 RQ ROW_BUFFER_HIT:     440732  ROW_BUFFER_MISS:    3047297
 DBUS_CONGESTED:       1248
 WQ ROW_BUFFER_HIT:     162565  ROW_BUFFER_MISS:     614642  FULL:          0

 AVG_CONGESTED_CYCLE: 4
 All warmup complete: 2
Channel 0 Bank busy for read cycles: 0
Channel 0 Bank busy for write cycles: 0
Channel 0
Rank 0
0banks busy for read cycles: 451668061
0banks busy for write cycles: 428539
1banks busy for read cycles: 140192065
1banks busy for write cycles: 65939657
2banks busy for read cycles: 83854949
2banks busy for write cycles: 22990045
3banks busy for read cycles: 33263797
3banks busy for write cycles: 7308779
4banks busy for read cycles: 11536502
4banks busy for write cycles: 2146621
5banks busy for read cycles: 3746531
5banks busy for write cycles: 628193
6banks busy for read cycles: 952624
6banks busy for write cycles: 165585
7banks busy for read cycles: 113361
7banks busy for write cycles: 33873
8banks busy for read cycles: 7074
8banks busy for write cycles: 2626

CPU 0 Branch Prediction Accuracy: 98.2058% MPKI: 3.73423 Average ROB Occupancy at Mispredict: 12.7502
Branch types
NOT_BRANCH: 158374092 79.187%
BRANCH_DIRECT_JUMP: 2289515 1.14476%
BRANCH_INDIRECT: 673588 0.336794%
BRANCH_CONDITIONAL: 26764517 13.3823%
BRANCH_DIRECT_CALL: 3554663 1.77733%
BRANCH_INDIRECT_CALL: 2394169 1.19708%
BRANCH_RETURN: 5948833 2.97442%
BRANCH_OTHER: 0 0%

===================== LRU L1D STATS =====================
Total pollution count in L1D: 3226640
=========================================================
================ SRRIP (L2C) Pollution Stats ================
Total pollution count in L2c: 2513182
==================================================================
DRAM PAGES: 1048576
Allocated PAGES: 48232
