Initialize SIGNATURE TABLE
ST_SET: 1
ST_WAY: 256
ST_TAG_BIT: 16
ST_TAG_MASK: ffff

Initialize PATTERN TABLE
PT_SET: 512
PT_WAY: 4
SIG_DELTA_BIT: 7
C_SIG_BIT: 4
C_DELTA_BIT: 4

Initialize PREFETCH FILTER
FILTER_SET: 1024

Initialize PERCEPTRON
PERC_ENTRIES: 4096
PERC_FEATURES: 9

*** ChampSim Multicore Out-of-Order Simulator ***

Warmup Instructions: 200000000
Simulation Instructions: 200000000
Number of CPUs: 1
LLC sets: 4096
LLC ways: 12
Off-chip DRAM Size: 4096 MB Channels: 1 Width: 64-bit Data Rate: 6400 MT/s
CPU 0 runs ./tracer/traces/600.perlbench_s-570B.champsimtrace.xz
.xz
BTB has LRU replacement policy
ITLB has LRU replacement policy
DTLB has LRU replacement policy
STLB has LRU replacement policy
L1I has LRU replacement policy
L1D has LRU replacement policy
PERC_ENTRIES: 4096
Initialize SRRIP state for L2C
Initialize Mockingjay state for LLC
Heartbeat CPU 0 instructions: 10000003 cycles: 2434743 heartbeat IPC: 4.10721 cumulative IPC: 4.10721 (Simulation time: 0 hr 0 min 38 sec) 
Heartbeat CPU 0 instructions: 20000001 cycles: 4751625 heartbeat IPC: 4.31614 cumulative IPC: 4.20909 (Simulation time: 0 hr 1 min 17 sec) 
Heartbeat CPU 0 instructions: 30000001 cycles: 7236478 heartbeat IPC: 4.02438 cumulative IPC: 4.14566 (Simulation time: 0 hr 1 min 58 sec) 
Heartbeat CPU 0 instructions: 40000006 cycles: 9634405 heartbeat IPC: 4.17027 cumulative IPC: 4.15179 (Simulation time: 0 hr 2 min 38 sec) 
Heartbeat CPU 0 instructions: 50000006 cycles: 11985592 heartbeat IPC: 4.25317 cumulative IPC: 4.17168 (Simulation time: 0 hr 3 min 18 sec) 
Heartbeat CPU 0 instructions: 60000004 cycles: 14346436 heartbeat IPC: 4.23577 cumulative IPC: 4.18222 (Simulation time: 0 hr 3 min 59 sec) 
Heartbeat CPU 0 instructions: 70000006 cycles: 17247166 heartbeat IPC: 3.44741 cumulative IPC: 4.05864 (Simulation time: 0 hr 4 min 47 sec) 
Heartbeat CPU 0 instructions: 80000005 cycles: 20266604 heartbeat IPC: 3.31187 cumulative IPC: 3.94738 (Simulation time: 0 hr 5 min 32 sec) 
Heartbeat CPU 0 instructions: 90000000 cycles: 23565818 heartbeat IPC: 3.03102 cumulative IPC: 3.81909 (Simulation time: 0 hr 6 min 15 sec) 
Heartbeat CPU 0 instructions: 100000005 cycles: 25932195 heartbeat IPC: 4.22587 cumulative IPC: 3.85621 (Simulation time: 0 hr 6 min 54 sec) 
Heartbeat CPU 0 instructions: 110000001 cycles: 28289684 heartbeat IPC: 4.2418 cumulative IPC: 3.88834 (Simulation time: 0 hr 7 min 35 sec) 
Heartbeat CPU 0 instructions: 120000003 cycles: 30752113 heartbeat IPC: 4.06103 cumulative IPC: 3.90217 (Simulation time: 0 hr 8 min 13 sec) 
Heartbeat CPU 0 instructions: 130000001 cycles: 33189214 heartbeat IPC: 4.10323 cumulative IPC: 3.91694 (Simulation time: 0 hr 8 min 52 sec) 
Heartbeat CPU 0 instructions: 140000004 cycles: 36484247 heartbeat IPC: 3.03487 cumulative IPC: 3.83727 (Simulation time: 0 hr 9 min 36 sec) 
Heartbeat CPU 0 instructions: 150000004 cycles: 39696339 heartbeat IPC: 3.11324 cumulative IPC: 3.77869 (Simulation time: 0 hr 10 min 19 sec) 
Heartbeat CPU 0 instructions: 160000002 cycles: 42567408 heartbeat IPC: 3.48302 cumulative IPC: 3.75874 (Simulation time: 0 hr 11 min 1 sec) 
Heartbeat CPU 0 instructions: 170000000 cycles: 45050142 heartbeat IPC: 4.02782 cumulative IPC: 3.77357 (Simulation time: 0 hr 11 min 41 sec) 
Heartbeat CPU 0 instructions: 180000000 cycles: 47806785 heartbeat IPC: 3.6276 cumulative IPC: 3.76516 (Simulation time: 0 hr 12 min 24 sec) 
Heartbeat CPU 0 instructions: 190000000 cycles: 51114161 heartbeat IPC: 3.02355 cumulative IPC: 3.71717 (Simulation time: 0 hr 13 min 10 sec) 
Heartbeat CPU 0 instructions: 200000002 cycles: 54410858 heartbeat IPC: 3.03334 cumulative IPC: 3.67574 (Simulation time: 0 hr 13 min 57 sec) 

Warmup complete CPU 0 instructions: 200000002 cycles: 54410858 (Simulation time: 0 hr 13 min 57 sec) 

Heartbeat CPU 0 instructions: 210000000 cycles: 73438908 heartbeat IPC: 0.52554 cumulative IPC: 0.52554 (Simulation time: 0 hr 14 min 36 sec) 
Heartbeat CPU 0 instructions: 220000004 cycles: 88114620 heartbeat IPC: 0.681398 cumulative IPC: 0.593406 (Simulation time: 0 hr 15 min 16 sec) 
Heartbeat CPU 0 instructions: 230000006 cycles: 101244635 heartbeat IPC: 0.761614 cumulative IPC: 0.640563 (Simulation time: 0 hr 16 min 14 sec) 
Heartbeat CPU 0 instructions: 240000002 cycles: 115504425 heartbeat IPC: 0.701272 cumulative IPC: 0.654733 (Simulation time: 0 hr 17 min 27 sec) 
Heartbeat CPU 0 instructions: 250000002 cycles: 130691162 heartbeat IPC: 0.658469 cumulative IPC: 0.655477 (Simulation time: 0 hr 18 min 40 sec) 
Heartbeat CPU 0 instructions: 260000005 cycles: 145547058 heartbeat IPC: 0.673134 cumulative IPC: 0.658355 (Simulation time: 0 hr 19 min 49 sec) 
Heartbeat CPU 0 instructions: 270000000 cycles: 160560273 heartbeat IPC: 0.66608 cumulative IPC: 0.659448 (Simulation time: 0 hr 21 min 10 sec) 
Heartbeat CPU 0 instructions: 280000002 cycles: 175758818 heartbeat IPC: 0.657958 cumulative IPC: 0.659261 (Simulation time: 0 hr 22 min 19 sec) 
Heartbeat CPU 0 instructions: 290000005 cycles: 194520874 heartbeat IPC: 0.532991 cumulative IPC: 0.642352 (Simulation time: 0 hr 23 min 21 sec) 
Heartbeat CPU 0 instructions: 300000005 cycles: 220485425 heartbeat IPC: 0.385141 cumulative IPC: 0.602139 (Simulation time: 0 hr 24 min 24 sec) 
Heartbeat CPU 0 instructions: 310000001 cycles: 245782420 heartbeat IPC: 0.395304 cumulative IPC: 0.574798 (Simulation time: 0 hr 25 min 33 sec) 
Heartbeat CPU 0 instructions: 320000000 cycles: 265517208 heartbeat IPC: 0.506719 cumulative IPC: 0.568434 (Simulation time: 0 hr 26 min 35 sec) 
Heartbeat CPU 0 instructions: 330000000 cycles: 278655394 heartbeat IPC: 0.76114 cumulative IPC: 0.579724 (Simulation time: 0 hr 27 min 31 sec) 
Heartbeat CPU 0 instructions: 340000000 cycles: 292812692 heartbeat IPC: 0.706349 cumulative IPC: 0.587244 (Simulation time: 0 hr 28 min 18 sec) 
Heartbeat CPU 0 instructions: 350000002 cycles: 307050300 heartbeat IPC: 0.702365 cumulative IPC: 0.593732 (Simulation time: 0 hr 29 min 15 sec) 
Heartbeat CPU 0 instructions: 360000000 cycles: 321355743 heartbeat IPC: 0.699035 cumulative IPC: 0.599375 (Simulation time: 0 hr 30 min 2 sec) 
Heartbeat CPU 0 instructions: 370000002 cycles: 347544322 heartbeat IPC: 0.381846 cumulative IPC: 0.579941 (Simulation time: 0 hr 30 min 56 sec) 
Heartbeat CPU 0 instructions: 380000001 cycles: 372611720 heartbeat IPC: 0.398924 cumulative IPC: 0.56568 (Simulation time: 0 hr 31 min 49 sec) 
Heartbeat CPU 0 instructions: 390000007 cycles: 393135682 heartbeat IPC: 0.487236 cumulative IPC: 0.560927 (Simulation time: 0 hr 32 min 40 sec) 
Heartbeat CPU 0 instructions: 400000001 cycles: 405729840 heartbeat IPC: 0.794018 cumulative IPC: 0.569283 (Simulation time: 0 hr 33 min 27 sec) 
Finished CPU 0 instructions: 200000000 cycles: 351318993 cumulative IPC: 0.569283 (Simulation time: 0 hr 33 min 27 sec) 

ChampSim completed all CPUs

Region of Interest Statistics

CPU 0 cumulative IPC: 0.569283 instructions: 200000000 cycles: 351318993
ITLB TOTAL     ACCESS:   23217043  HIT:   23163193  MISS:      53850  HIT %:    99.7681  MISS %:   0.231942   MPKI: 0.26925
ITLB LOAD TRANSLATION ACCESS:   23217043  HIT:   23163193  MISS:      53850  HIT %:    99.7681  MISS %:   0.231942   MPKI: 0.26925
ITLB PREFETCH  REQUESTED:          0  ISSUED:          0  USEFUL:          0  USELESS:          0
ITLB USEFUL LOAD PREFETCHES:          0 PREFETCH ISSUED TO LOWER LEVEL:          0  ACCURACY: -nan
ITLB TIMELY PREFETCHES:          0 LATE PREFETCHES: 0 DROPPED PREFETCHES: 0
ITLB PREFETCHES SAME FILL-ORIGIN LEVEL: 0 DIFFERENT FILL-ORIGIN LEVEL: 0
ITLB AVERAGE MISS LATENCY:    9.47227 cycles AVERAGE LOAD MISS LATENCY:       -nan cycles Load Miss          0
ITLB Average MSHR Occupancy: 0.00130633
ITLB RQ	ACCESS:   26839815	FORWARD:          0	MERGED:    3540248	TO_CACHE:   23299567

DTLB TOTAL     ACCESS:   48708234  HIT:   48262638  MISS:     445596  HIT %:    99.0852  MISS %:   0.914827   MPKI: 2.22798
DTLB LOAD TRANSLATION ACCESS:   48708234  HIT:   48262638  MISS:     445596  HIT %:    99.0852  MISS %:   0.914827   MPKI: 2.22798
DTLB PREFETCH  REQUESTED:          0  ISSUED:          0  USEFUL:          0  USELESS:          0
DTLB USEFUL LOAD PREFETCHES:          0 PREFETCH ISSUED TO LOWER LEVEL:          0  ACCURACY: -nan
DTLB TIMELY PREFETCHES:          0 LATE PREFETCHES: 0 DROPPED PREFETCHES: 0
DTLB PREFETCHES SAME FILL-ORIGIN LEVEL: 0 DIFFERENT FILL-ORIGIN LEVEL: 0
DTLB AVERAGE MISS LATENCY:    11.1176 cycles AVERAGE LOAD MISS LATENCY:       -nan cycles Load Miss          0
DTLB Average MSHR Occupancy:  0.0130308
DTLB RQ	ACCESS:   72939936	FORWARD:          0	MERGED:   24216454	TO_CACHE:   48723482

STLB TOTAL     ACCESS:     499446  HIT:     481045  MISS:      18401  HIT %:    96.3157  MISS %:    3.68428   MPKI: 0.092005
STLB LOAD TRANSLATION ACCESS:     499446  HIT:     481045  MISS:      18401  HIT %:    96.3157  MISS %:    3.68428   MPKI: 0.092005
STLB PREFETCH  REQUESTED:          0  ISSUED:          0  USEFUL:          0  USELESS:          0
STLB USEFUL LOAD PREFETCHES:          0 PREFETCH ISSUED TO LOWER LEVEL:          0  ACCURACY: -nan
STLB TIMELY PREFETCHES:          0 LATE PREFETCHES: 0 DROPPED PREFETCHES: 0
STLB PREFETCHES SAME FILL-ORIGIN LEVEL: 0 DIFFERENT FILL-ORIGIN LEVEL: 0
STLB AVERAGE MISS LATENCY:    51.8971 cycles AVERAGE LOAD MISS LATENCY:       -nan cycles Load Miss          0
STLB Average MSHR Occupancy: 0.00276449
STLB RQ	ACCESS:     499446	FORWARD:          0	MERGED:          0	TO_CACHE:     499446

STLB Hit, L1D data hit: 0
STLB Hit, L2C data hit: 0
STLB Hit, LLC data hit: 0
STLB Hit, LLC data miss: 0
STLB STLB hints to L2: 0
L1D TOTAL     ACCESS:   72867398  HIT:   72448435  MISS:     418963  HIT %:     99.425  MISS %:   0.574966   MPKI: 2.09482
L1D LOAD      ACCESS:   32941675  HIT:   32555622  MISS:     386053  HIT %:    98.8281  MISS %:    1.17193   MPKI: 1.93026
L1D RFO       ACCESS:   39925723  HIT:   39892813  MISS:      32910  HIT %:    99.9176  MISS %:  0.0824281   MPKI: 0.16455
L1D PREFETCH  REQUESTED:          0  ISSUED:          0  USEFUL:          0  USELESS:          0
L1D USEFUL LOAD PREFETCHES:          0 PREFETCH ISSUED TO LOWER LEVEL:          0  ACCURACY: -nan
L1D TIMELY PREFETCHES:          0 LATE PREFETCHES: 0 DROPPED PREFETCHES: 0
L1D PREFETCHES SAME FILL-ORIGIN LEVEL: 0 DIFFERENT FILL-ORIGIN LEVEL: 0
L1D AVERAGE MISS LATENCY:    46.4145 cycles AVERAGE LOAD MISS LATENCY:    46.1681 cycles Load Miss     386053
L1D Average MSHR Occupancy:  0.0559172
L1D RQ	ACCESS:   45082361	FORWARD:          0	MERGED:   10944566	TO_CACHE:   32953977
L1D WQ	ACCESS:   40543770	FORWARD:    1183818	MERGED:     557811	TO_CACHE:   39985959

L1D UNIQUE REGIONS ACCESSED: 0
L1D REGIONS CONFLICTS: 0
L1D Cross Page Prefetch Requests: 0
L1D Same Page Prefetch Requests: 0
L1D ROI Sum of L1D PQ occupancy: 0
L1D PREFETCHES PUSHED FROM L2C: 0
L1I TOTAL     ACCESS:   25858873  HIT:    6965797  MISS:   18893076  HIT %:    26.9377  MISS %:    73.0623   MPKI: 94.4654
L1I LOAD      ACCESS:   25858873  HIT:    6965797  MISS:   18893076  HIT %:    26.9377  MISS %:    73.0623   MPKI: 94.4654
L1I PREFETCH  REQUESTED:          0  ISSUED:          0  USEFUL:          0  USELESS:          0
L1I USEFUL LOAD PREFETCHES:          0 PREFETCH ISSUED TO LOWER LEVEL:          0  ACCURACY: -nan
L1I TIMELY PREFETCHES:          0 LATE PREFETCHES: 0 DROPPED PREFETCHES: 0
L1I PREFETCHES SAME FILL-ORIGIN LEVEL: 0 DIFFERENT FILL-ORIGIN LEVEL: 0
L1I AVERAGE MISS LATENCY:    14.1148 cycles AVERAGE LOAD MISS LATENCY:    14.1148 cycles Load Miss   18893076
L1I Average MSHR Occupancy:   0.725562
L1I RQ	ACCESS:   48200429	FORWARD:          0	MERGED:   21360614	TO_CACHE:   26839815

BTB TOTAL     ACCESS:   25030815  HIT:   23603193  MISS:    1427622  HIT %:    94.2965  MISS %:    5.70346   MPKI: 7.13811
BTB BRANCH_DIRECT_JUMP	ACCESS:    4141935  HIT:    4133782  MISS:       8153
BTB BRANCH_INDIRECT	ACCESS:    1300384  HIT:     405519  MISS:     894865
BTB BRANCH_CONDITIONAL	ACCESS:   15853044  HIT:   15830422  MISS:      22622
BTB BRANCH_DIRECT_CALL	ACCESS:    1509771  HIT:    1504005  MISS:       5766
BTB BRANCH_INDIRECT_CALL	ACCESS:     357955  HIT:      53954  MISS:     304001
BTB BRANCH_RETURN	ACCESS:    1867726  HIT:    1675511  MISS:     192215
BTB BRANCH_OTHER ACCESS:          0  HIT:          0  MISS:          0

L2C TOTAL     ACCESS:   19881815  HIT:   19618020  MISS:     263795  HIT %:    98.6732  MISS %:    1.32682   MPKI: 1.31898
L2C LOAD      ACCESS:   19279128  HIT:   19184366  MISS:      94762  HIT %:    99.5085  MISS %:   0.491526   MPKI: 0.47381
L2C DATA LOAD MPKI: 0.44005
L2C INSTRUCTION LOAD MPKI: 0.03376
L2C RFO       ACCESS:      32909  HIT:      25059  MISS:       7850  HIT %:    76.1463  MISS %:    23.8537   MPKI: 0.03925
L2C PREFETCH  ACCESS:     437330  HIT:     280795  MISS:     156535  HIT %:    64.2067  MISS %:    35.7933   MPKI: 0.782675
AGUS PREFETCH L1 MISS: 0
L2C DATA PREFETCH MPKI: 0.782675
L2C INSTRUCTION PREFETCH MPKI: 0
L2C WRITEBACK ACCESS:     110674  HIT:     110561  MISS:        113  HIT %:    99.8979  MISS %:   0.102102   MPKI: 0.000565
L2C LOAD TRANSLATION ACCESS:      21774  HIT:      17239  MISS:       4535  HIT %:    79.1724  MISS %:    20.8276   MPKI: 0.022675
L2C PREFETCH  REQUESTED:     465803  ISSUED:     465803  USEFUL:      67341  USELESS:      90838
L2C USEFUL LOAD PREFETCHES:      67341 PREFETCH ISSUED TO LOWER LEVEL:     177964  ACCURACY: 37.8397
L2C TIMELY PREFETCHES:      67341 LATE PREFETCHES: 6497 DROPPED PREFETCHES: 0
L2C PREFETCHES SAME FILL-ORIGIN LEVEL: 163032 DIFFERENT FILL-ORIGIN LEVEL: 14932
L2C AVERAGE MISS LATENCY:    154.109 cycles AVERAGE LOAD MISS LATENCY:    136.127 cycles Load Miss      94762
L2C Average MSHR Occupancy:   0.117435
L2C RQ	ACCESS:   19333812	FORWARD:          0	MERGED:          0	TO_CACHE:   19333811
L2C WQ	ACCESS:     110674	FORWARD:          1	MERGED:          0	TO_CACHE:     110674
L2C PQ	ACCESS:     465803	FORWARD:          0	MERGED:        261	TO_CACHE:     465542

L2C Instructions Evicting Data 6551
L2C Translations Evicting Data 4329
L2C Data Evicting Data 240768
L2C Instructions Evicting Instructions 114
L2C Translations Evicting Instructions 118
L2C Data Evicting Instructions 7257
L2C Instructions Evicting Translations 87
L2C Translations Evicting Translations 88
L2C Data Evicting Translations 4370
L2C Dense regions hint from L2: 0
PSCL5 TOTAL     ACCESS:      18401  HIT:      18401  MISS:          0  HIT %:        100  MISS %:          0   MPKI: 0
PSCL5 LOAD TRANSLATION ACCESS:      18401  HIT:      18401  MISS:          0  HIT %:        100  MISS %:          0   MPKI: 0
PSCL5 PREFETCH  REQUESTED:          0  ISSUED:          0  USEFUL:          0  USELESS:          0
PSCL5 USEFUL LOAD PREFETCHES:          0 PREFETCH ISSUED TO LOWER LEVEL:          0  ACCURACY: -nan
PSCL5 TIMELY PREFETCHES:          0 LATE PREFETCHES: 0 DROPPED PREFETCHES: 0
PSCL5 PREFETCHES SAME FILL-ORIGIN LEVEL: 0 DIFFERENT FILL-ORIGIN LEVEL: 0

PSCL4 TOTAL     ACCESS:      18401  HIT:      18401  MISS:          0  HIT %:        100  MISS %:          0   MPKI: 0
PSCL4 LOAD TRANSLATION ACCESS:      18401  HIT:      18401  MISS:          0  HIT %:        100  MISS %:          0   MPKI: 0
PSCL4 PREFETCH  REQUESTED:          0  ISSUED:          0  USEFUL:          0  USELESS:          0
PSCL4 USEFUL LOAD PREFETCHES:          0 PREFETCH ISSUED TO LOWER LEVEL:          0  ACCURACY: -nan
PSCL4 TIMELY PREFETCHES:          0 LATE PREFETCHES: 0 DROPPED PREFETCHES: 0
PSCL4 PREFETCHES SAME FILL-ORIGIN LEVEL: 0 DIFFERENT FILL-ORIGIN LEVEL: 0

PSCL3 TOTAL     ACCESS:      18401  HIT:      18401  MISS:          0  HIT %:        100  MISS %:          0   MPKI: 0
PSCL3 LOAD TRANSLATION ACCESS:      18401  HIT:      18401  MISS:          0  HIT %:        100  MISS %:          0   MPKI: 0
PSCL3 PREFETCH  REQUESTED:          0  ISSUED:          0  USEFUL:          0  USELESS:          0
PSCL3 USEFUL LOAD PREFETCHES:          0 PREFETCH ISSUED TO LOWER LEVEL:          0  ACCURACY: -nan
PSCL3 TIMELY PREFETCHES:          0 LATE PREFETCHES: 0 DROPPED PREFETCHES: 0
PSCL3 PREFETCHES SAME FILL-ORIGIN LEVEL: 0 DIFFERENT FILL-ORIGIN LEVEL: 0

PSCL2 TOTAL     ACCESS:      18401  HIT:      15028  MISS:       3373  HIT %:    81.6695  MISS %:    18.3305   MPKI: 0.016865
PSCL2 LOAD TRANSLATION ACCESS:      18401  HIT:      15028  MISS:       3373  HIT %:    81.6695  MISS %:    18.3305   MPKI: 0.016865
PSCL2 PREFETCH  REQUESTED:          0  ISSUED:          0  USEFUL:          0  USELESS:          0
PSCL2 USEFUL LOAD PREFETCHES:          0 PREFETCH ISSUED TO LOWER LEVEL:          0  ACCURACY: -nan
PSCL2 TIMELY PREFETCHES:          0 LATE PREFETCHES: 0 DROPPED PREFETCHES: 0
PSCL2 PREFETCHES SAME FILL-ORIGIN LEVEL: 0 DIFFERENT FILL-ORIGIN LEVEL: 0

LLC TOTAL     ACCESS:     309852  HIT:     101413  MISS:     208439  HIT %:    32.7295  MISS %:    67.2705   MPKI: 1.04219
LLC LOAD      ACCESS:      88329  HIT:      36034  MISS:      52295  HIT %:    40.7952  MISS %:    59.2048   MPKI: 0.261475
LLC RFO       ACCESS:       7786  HIT:       3079  MISS:       4707  HIT %:    39.5453  MISS %:    60.4547   MPKI: 0.023535
LLC PREFETCH  ACCESS:     177875  HIT:      40789  MISS:     137086  HIT %:    22.9313  MISS %:    77.0687   MPKI: 0.68543
AGUS PREFETCH L1 MISS: 0
LLC WRITEBACK ACCESS:      31327  HIT:      18769  MISS:      12558  HIT %:    59.9132  MISS %:    40.0868   MPKI: 0.06279
LLC LOAD TRANSLATION ACCESS:       4535  HIT:       2742  MISS:       1793  HIT %:    60.4631  MISS %:    39.5369   MPKI: 0.008965
LLC PREFETCH  REQUESTED:          0  ISSUED:          0  USEFUL:       2499  USELESS:      46347
LLC USEFUL LOAD PREFETCHES:       2499 PREFETCH ISSUED TO LOWER LEVEL:     137137  ACCURACY: 1.82227
LLC TIMELY PREFETCHES:       2499 LATE PREFETCHES: 51 DROPPED PREFETCHES: 0
LLC PREFETCHES SAME FILL-ORIGIN LEVEL: 9877 DIFFERENT FILL-ORIGIN LEVEL: 0
LLC AVERAGE MISS LATENCY:    149.223 cycles AVERAGE LOAD MISS LATENCY:    158.437 cycles Load Miss      52295
LLC Average MSHR Occupancy:  0.0879851
LLC RQ	ACCESS:     100650	FORWARD:          0	MERGED:          0	TO_CACHE:     100650
LLC WQ	ACCESS:      31327	FORWARD:          0	MERGED:          0	TO_CACHE:      31327
LLC PQ	ACCESS:     177964	FORWARD:          0	MERGED:         12	TO_CACHE:     177952

LLC Dense regions hint to LLC: 0

RAW hits: 4414000
Loads Generated: 49496361
Loads sent to L1D: 45082361
Stores Generated: 40543769
Stores sent to L1D: 40543770
Major fault: 0 Minor fault: 6007
Allocated PAGES: 6007
------------------
Depth Distribution
------------------
depth 0: 104317
depth 1: 521622
depth 2: 215586
depth 3: 28291
depth 4: 6362
depth 5: 547
depth 6: 15
depth 7: 19
depth 8: 27
depth 9: 18
depth 10: 0
depth 11: 5
depth 12: 0
depth 13: 0
depth 14: 0
depth 15: 0
depth 16: 0
depth 17: 0
depth 18: 0
depth 19: 0
depth 20: 0
depth 21: 0
depth 22: 0
depth 23: 0
depth 24: 0
depth 25: 0
depth 26: 0
depth 27: 0
depth 28: 0
depth 29: 0
Total: 876809
------------------
ST read accesses: 330582
ST write accesses: 55471
PT read accesses: 5272214
PT write accesses: 431580
FILTER read accesses: 1736802
FILTER write accesses: 1232641
GHR read accesses: 726957
GHR write accesses: 40594
PERC read accesses: 32233977
PERC write accesses: 3879462
GHR counter read accesses: 772106
GHR counter write accesses: 1054611
GHR ip read accesses: 2805327
GHR ip write accesses: 1544212
ST tag read accesses: 176448666
ST tag write accesses: 24324098
================ Mockingjay (LLC) Pollution Stats ================
Total pollution count in LLC: 32222
==================================================================

DRAM Statistics
 CHANNEL 0
 RQ ROW_BUFFER_HIT:      58912  ROW_BUFFER_MISS:     136969
 DBUS_CONGESTED:         49
 WQ ROW_BUFFER_HIT:       3036  ROW_BUFFER_MISS:      17564  FULL:          0

 AVG_CONGESTED_CYCLE: 5
 All warmup complete: 2
Channel 0 Bank busy for read cycles: 0
Channel 0 Bank busy for write cycles: 0
Channel 0
Rank 0
0banks busy for read cycles: 333410086
0banks busy for write cycles: 16856
1banks busy for read cycles: 8878080
1banks busy for write cycles: 2692236
2banks busy for read cycles: 3827508
2banks busy for write cycles: 347585
3banks busy for read cycles: 1524133
3banks busy for write cycles: 53946
4banks busy for read cycles: 426257
4banks busy for write cycles: 10918
5banks busy for read cycles: 100803
5banks busy for write cycles: 1948
6banks busy for read cycles: 21837
6banks busy for write cycles: 130
7banks busy for read cycles: 5095
7banks busy for write cycles: 307
8banks busy for read cycles: 1269
8banks busy for write cycles: 0

CPU 0 Branch Prediction Accuracy: 99.1253% MPKI: 1.40288 Average ROB Occupancy at Mispredict: 61.9821
Branch types
NOT_BRANCH: 167922785 83.9614%
BRANCH_DIRECT_JUMP: 4141935 2.07097%
BRANCH_INDIRECT: 1300384 0.650192%
BRANCH_CONDITIONAL: 22898777 11.4494%
BRANCH_DIRECT_CALL: 1509771 0.754885%
BRANCH_INDIRECT_CALL: 357955 0.178978%
BRANCH_RETURN: 1867726 0.933863%
BRANCH_OTHER: 0 0%

===================== LRU L1D STATS =====================
Total pollution count in L1D: 0
=========================================================
================ SRRIP (L2C) Pollution Stats ================
Total pollution count in L2c: 163032
==================================================================
DRAM PAGES: 1048576
Allocated PAGES: 6007
