Initialize SIGNATURE TABLE
ST_SET: 1
ST_WAY: 256
ST_TAG_BIT: 16
ST_TAG_MASK: ffff

Initialize PATTERN TABLE
PT_SET: 512
PT_WAY: 4
SIG_DELTA_BIT: 7
C_SIG_BIT: 4
C_DELTA_BIT: 4

Initialize PREFETCH FILTER
FILTER_SET: 1024

Initialize PERCEPTRON
PERC_ENTRIES: 4096
PERC_FEATURES: 9

*** ChampSim Multicore Out-of-Order Simulator ***

Warmup Instructions: 200000000
Simulation Instructions: 200000000
Number of CPUs: 1
LLC sets: 4096
LLC ways: 12
Off-chip DRAM Size: 4096 MB Channels: 1 Width: 64-bit Data Rate: 6400 MT/s
CPU 0 runs ./tracer/traces/603.bwaves_s-1740B.champsimtrace.xz
.xz
BTB has LRU replacement policy
ITLB has LRU replacement policy
DTLB has LRU replacement policy
STLB has LRU replacement policy
L1I has LRU replacement policy
L1D has LRU replacement policy
PERC_ENTRIES: 4096
Initialize SRRIP state for L2C
Initialize Mockingjay state for LLC
Heartbeat CPU 0 instructions: 10000000 cycles: 2825822 heartbeat IPC: 3.53879 cumulative IPC: 3.53879 (Simulation time: 0 hr 0 min 30 sec) 
Heartbeat CPU 0 instructions: 20000003 cycles: 5651219 heartbeat IPC: 3.53933 cumulative IPC: 3.53906 (Simulation time: 0 hr 1 min 0 sec) 
Heartbeat CPU 0 instructions: 30000000 cycles: 8476833 heartbeat IPC: 3.53905 cumulative IPC: 3.53906 (Simulation time: 0 hr 1 min 39 sec) 
Heartbeat CPU 0 instructions: 40000005 cycles: 11301798 heartbeat IPC: 3.53987 cumulative IPC: 3.53926 (Simulation time: 0 hr 2 min 23 sec) 
Heartbeat CPU 0 instructions: 50000004 cycles: 14126871 heartbeat IPC: 3.53973 cumulative IPC: 3.53935 (Simulation time: 0 hr 3 min 6 sec) 
Heartbeat CPU 0 instructions: 60000000 cycles: 16952073 heartbeat IPC: 3.53957 cumulative IPC: 3.53939 (Simulation time: 0 hr 3 min 41 sec) 
Heartbeat CPU 0 instructions: 70000006 cycles: 19777564 heartbeat IPC: 3.53921 cumulative IPC: 3.53936 (Simulation time: 0 hr 4 min 19 sec) 
Heartbeat CPU 0 instructions: 80000006 cycles: 22602779 heartbeat IPC: 3.53955 cumulative IPC: 3.53939 (Simulation time: 0 hr 5 min 0 sec) 
Heartbeat CPU 0 instructions: 90000000 cycles: 25428374 heartbeat IPC: 3.53908 cumulative IPC: 3.53935 (Simulation time: 0 hr 5 min 34 sec) 
Heartbeat CPU 0 instructions: 100000007 cycles: 28253906 heartbeat IPC: 3.53916 cumulative IPC: 3.53933 (Simulation time: 0 hr 6 min 7 sec) 
Heartbeat CPU 0 instructions: 110000001 cycles: 31078948 heartbeat IPC: 3.53977 cumulative IPC: 3.53937 (Simulation time: 0 hr 6 min 42 sec) 
Heartbeat CPU 0 instructions: 120000000 cycles: 33904114 heartbeat IPC: 3.53961 cumulative IPC: 3.53939 (Simulation time: 0 hr 7 min 16 sec) 
Heartbeat CPU 0 instructions: 130000000 cycles: 36729239 heartbeat IPC: 3.53967 cumulative IPC: 3.53941 (Simulation time: 0 hr 7 min 51 sec) 
Heartbeat CPU 0 instructions: 140000000 cycles: 39554947 heartbeat IPC: 3.53894 cumulative IPC: 3.53938 (Simulation time: 0 hr 8 min 24 sec) 
Heartbeat CPU 0 instructions: 150000002 cycles: 42380055 heartbeat IPC: 3.53969 cumulative IPC: 3.5394 (Simulation time: 0 hr 8 min 58 sec) 
Heartbeat CPU 0 instructions: 160000002 cycles: 45205713 heartbeat IPC: 3.539 cumulative IPC: 3.53938 (Simulation time: 0 hr 9 min 33 sec) 
Heartbeat CPU 0 instructions: 170000001 cycles: 48031046 heartbeat IPC: 3.53941 cumulative IPC: 3.53938 (Simulation time: 0 hr 10 min 7 sec) 
Heartbeat CPU 0 instructions: 180000000 cycles: 50856252 heartbeat IPC: 3.53956 cumulative IPC: 3.53939 (Simulation time: 0 hr 10 min 41 sec) 
Heartbeat CPU 0 instructions: 190000000 cycles: 53681437 heartbeat IPC: 3.53959 cumulative IPC: 3.5394 (Simulation time: 0 hr 11 min 14 sec) 
Heartbeat CPU 0 instructions: 200000002 cycles: 56507143 heartbeat IPC: 3.53894 cumulative IPC: 3.53938 (Simulation time: 0 hr 11 min 45 sec) 

Warmup complete CPU 0 instructions: 200000002 cycles: 56507143 (Simulation time: 0 hr 11 min 45 sec) 

Heartbeat CPU 0 instructions: 210000007 cycles: 63546554 heartbeat IPC: 1.42057 cumulative IPC: 1.42057 (Simulation time: 0 hr 12 min 22 sec) 
Heartbeat CPU 0 instructions: 220000000 cycles: 70579152 heartbeat IPC: 1.42195 cumulative IPC: 1.42126 (Simulation time: 0 hr 13 min 5 sec) 
Heartbeat CPU 0 instructions: 230000000 cycles: 77618023 heartbeat IPC: 1.42068 cumulative IPC: 1.42107 (Simulation time: 0 hr 13 min 46 sec) 
Heartbeat CPU 0 instructions: 240000000 cycles: 84660648 heartbeat IPC: 1.41993 cumulative IPC: 1.42078 (Simulation time: 0 hr 14 min 26 sec) 
Heartbeat CPU 0 instructions: 250000000 cycles: 91696326 heartbeat IPC: 1.42133 cumulative IPC: 1.42089 (Simulation time: 0 hr 15 min 4 sec) 
Heartbeat CPU 0 instructions: 260000007 cycles: 98738055 heartbeat IPC: 1.42011 cumulative IPC: 1.42076 (Simulation time: 0 hr 16 min 37 sec) 
Heartbeat CPU 0 instructions: 270000000 cycles: 105775366 heartbeat IPC: 1.421 cumulative IPC: 1.42079 (Simulation time: 0 hr 18 min 11 sec) 
Heartbeat CPU 0 instructions: 280000004 cycles: 112815045 heartbeat IPC: 1.42052 cumulative IPC: 1.42076 (Simulation time: 0 hr 19 min 9 sec) 
Heartbeat CPU 0 instructions: 290000000 cycles: 119854893 heartbeat IPC: 1.42048 cumulative IPC: 1.42073 (Simulation time: 0 hr 20 min 19 sec) 
Heartbeat CPU 0 instructions: 300000003 cycles: 126891622 heartbeat IPC: 1.42112 cumulative IPC: 1.42077 (Simulation time: 0 hr 21 min 46 sec) 
Heartbeat CPU 0 instructions: 310000004 cycles: 133934018 heartbeat IPC: 1.41997 cumulative IPC: 1.4207 (Simulation time: 0 hr 23 min 22 sec) 
Heartbeat CPU 0 instructions: 320000002 cycles: 140973691 heartbeat IPC: 1.42052 cumulative IPC: 1.42068 (Simulation time: 0 hr 24 min 44 sec) 
Heartbeat CPU 0 instructions: 330000004 cycles: 148014376 heartbeat IPC: 1.42032 cumulative IPC: 1.42065 (Simulation time: 0 hr 25 min 32 sec) 
Heartbeat CPU 0 instructions: 340000001 cycles: 155053489 heartbeat IPC: 1.42063 cumulative IPC: 1.42065 (Simulation time: 0 hr 26 min 23 sec) 
Heartbeat CPU 0 instructions: 350000000 cycles: 162096018 heartbeat IPC: 1.41994 cumulative IPC: 1.4206 (Simulation time: 0 hr 27 min 22 sec) 
Heartbeat CPU 0 instructions: 360000000 cycles: 169136613 heartbeat IPC: 1.42033 cumulative IPC: 1.42059 (Simulation time: 0 hr 28 min 10 sec) 
Heartbeat CPU 0 instructions: 370000001 cycles: 176174883 heartbeat IPC: 1.4208 cumulative IPC: 1.4206 (Simulation time: 0 hr 28 min 57 sec) 
Heartbeat CPU 0 instructions: 380000007 cycles: 183217667 heartbeat IPC: 1.41989 cumulative IPC: 1.42056 (Simulation time: 0 hr 29 min 49 sec) 
Heartbeat CPU 0 instructions: 390000002 cycles: 190258840 heartbeat IPC: 1.42022 cumulative IPC: 1.42054 (Simulation time: 0 hr 30 min 35 sec) 
Heartbeat CPU 0 instructions: 400000002 cycles: 197292719 heartbeat IPC: 1.42169 cumulative IPC: 1.4206 (Simulation time: 0 hr 31 min 27 sec) 
Finished CPU 0 instructions: 200000000 cycles: 140785576 cumulative IPC: 1.4206 (Simulation time: 0 hr 31 min 27 sec) 

ChampSim completed all CPUs

Region of Interest Statistics

CPU 0 cumulative IPC: 1.4206 instructions: 200000000 cycles: 140785576
ITLB TOTAL     ACCESS:   20906379  HIT:   20906379  MISS:          0  HIT %:        100  MISS %:          0   MPKI: 0
ITLB LOAD TRANSLATION ACCESS:   20906379  HIT:   20906379  MISS:          0  HIT %:        100  MISS %:          0   MPKI: 0
ITLB PREFETCH  REQUESTED:          0  ISSUED:          0  USEFUL:          0  USELESS:          0
ITLB USEFUL LOAD PREFETCHES:          0 PREFETCH ISSUED TO LOWER LEVEL:          0  ACCURACY: -nan
ITLB TIMELY PREFETCHES:          0 LATE PREFETCHES: 0 DROPPED PREFETCHES: 0
ITLB PREFETCHES SAME FILL-ORIGIN LEVEL: 0 DIFFERENT FILL-ORIGIN LEVEL: 0
ITLB AVERAGE MISS LATENCY:       -nan cycles AVERAGE LOAD MISS LATENCY:       -nan cycles Load Miss          0
ITLB Average MSHR Occupancy:  7.103e-09
ITLB RQ	ACCESS:   22521853	FORWARD:          0	MERGED:    1615475	TO_CACHE:   20906378

DTLB TOTAL     ACCESS:   56970422  HIT:   56661051  MISS:     309371  HIT %:     99.457  MISS %:   0.543038   MPKI: 1.54686
DTLB LOAD TRANSLATION ACCESS:   56970422  HIT:   56661051  MISS:     309371  HIT %:     99.457  MISS %:   0.543038   MPKI: 1.54686
DTLB PREFETCH  REQUESTED:          0  ISSUED:          0  USEFUL:          0  USELESS:          0
DTLB USEFUL LOAD PREFETCHES:          0 PREFETCH ISSUED TO LOWER LEVEL:          0  ACCURACY: -nan
DTLB TIMELY PREFETCHES:          0 LATE PREFETCHES: 0 DROPPED PREFETCHES: 0
DTLB PREFETCHES SAME FILL-ORIGIN LEVEL: 0 DIFFERENT FILL-ORIGIN LEVEL: 0
DTLB AVERAGE MISS LATENCY:    105.521 cycles AVERAGE LOAD MISS LATENCY:       -nan cycles Load Miss          0
DTLB Average MSHR Occupancy:  0.0868398
DTLB RQ	ACCESS:   69319649	FORWARD:          0	MERGED:   12257713	TO_CACHE:   57061936

STLB TOTAL     ACCESS:     309371  HIT:     249988  MISS:      59383  HIT %:    80.8052  MISS %:    19.1948   MPKI: 0.296915
STLB LOAD TRANSLATION ACCESS:     309371  HIT:     249988  MISS:      59383  HIT %:    80.8052  MISS %:    19.1948   MPKI: 0.296915
STLB PREFETCH  REQUESTED:          0  ISSUED:          0  USEFUL:          0  USELESS:          0
STLB USEFUL LOAD PREFETCHES:          0 PREFETCH ISSUED TO LOWER LEVEL:          0  ACCURACY: -nan
STLB TIMELY PREFETCHES:          0 LATE PREFETCHES: 0 DROPPED PREFETCHES: 0
STLB PREFETCHES SAME FILL-ORIGIN LEVEL: 0 DIFFERENT FILL-ORIGIN LEVEL: 0
STLB AVERAGE MISS LATENCY:    495.993 cycles AVERAGE LOAD MISS LATENCY:       -nan cycles Load Miss          0
STLB Average MSHR Occupancy:  0.0679433
STLB RQ	ACCESS:     309371	FORWARD:          0	MERGED:          0	TO_CACHE:     309371

STLB Hit, L1D data hit: 0
STLB Hit, L2C data hit: 0
STLB Hit, LLC data hit: 0
STLB Hit, LLC data miss: 0
STLB STLB hints to L2: 0
L1D TOTAL     ACCESS:   69018084  HIT:   65019721  MISS:    3998363  HIT %:    94.2068  MISS %:    5.79321   MPKI: 19.9918
L1D LOAD      ACCESS:   57937940  HIT:   54037025  MISS:    3900915  HIT %:    93.2671  MISS %:    6.73292   MPKI: 19.5046
L1D RFO       ACCESS:   11080144  HIT:   10982696  MISS:      97448  HIT %:    99.1205  MISS %:   0.879483   MPKI: 0.48724
L1D PREFETCH  REQUESTED:          0  ISSUED:          0  USEFUL:          0  USELESS:          0
L1D USEFUL LOAD PREFETCHES:          0 PREFETCH ISSUED TO LOWER LEVEL:          0  ACCURACY: -nan
L1D TIMELY PREFETCHES:          0 LATE PREFETCHES: 0 DROPPED PREFETCHES: 0
L1D PREFETCHES SAME FILL-ORIGIN LEVEL: 0 DIFFERENT FILL-ORIGIN LEVEL: 0
L1D AVERAGE MISS LATENCY:     30.469 cycles AVERAGE LOAD MISS LATENCY:    25.1832 cycles Load Miss    3900915
L1D Average MSHR Occupancy:   0.785207
L1D RQ	ACCESS:   82608513	FORWARD:          0	MERGED:   24485159	TO_CACHE:   58053114
L1D WQ	ACCESS:   11266797	FORWARD:      70240	MERGED:        262	TO_CACHE:   11266535

L1D UNIQUE REGIONS ACCESSED: 0
L1D REGIONS CONFLICTS: 0
L1D Cross Page Prefetch Requests: 0
L1D Same Page Prefetch Requests: 0
L1D ROI Sum of L1D PQ occupancy: 0
L1D PREFETCHES PUSHED FROM L2C: 0
L1I TOTAL     ACCESS:   20649404  HIT:          0  MISS:   20649404  HIT %:          0  MISS %:        100   MPKI: 103.247
L1I LOAD      ACCESS:   20649404  HIT:          0  MISS:   20649404  HIT %:          0  MISS %:        100   MPKI: 103.247
L1I PREFETCH  REQUESTED:          0  ISSUED:          0  USEFUL:          0  USELESS:          0
L1I USEFUL LOAD PREFETCHES:          0 PREFETCH ISSUED TO LOWER LEVEL:          0  ACCURACY: -nan
L1I TIMELY PREFETCHES:          0 LATE PREFETCHES: 0 DROPPED PREFETCHES: 0
L1I PREFETCHES SAME FILL-ORIGIN LEVEL: 0 DIFFERENT FILL-ORIGIN LEVEL: 0
L1I AVERAGE MISS LATENCY:    14.4998 cycles AVERAGE LOAD MISS LATENCY:    14.4998 cycles Load Miss   20649404
L1I Average MSHR Occupancy:    1.98007
L1I RQ	ACCESS:   39657961	FORWARD:          0	MERGED:   17136108	TO_CACHE:   22521853

BTB TOTAL     ACCESS:    4834907  HIT:    4834902  MISS:          5  HIT %:    99.9999  MISS %: 0.000103415   MPKI: 2.5e-05
BTB BRANCH_DIRECT_JUMP	ACCESS:          0  HIT:          0  MISS:          0
BTB BRANCH_INDIRECT	ACCESS:          0  HIT:          0  MISS:          0
BTB BRANCH_CONDITIONAL	ACCESS:    4834907  HIT:    4834902  MISS:          5
BTB BRANCH_DIRECT_CALL	ACCESS:          0  HIT:          0  MISS:          0
BTB BRANCH_INDIRECT_CALL	ACCESS:          0  HIT:          0  MISS:          0
BTB BRANCH_RETURN	ACCESS:          0  HIT:          0  MISS:          0
BTB BRANCH_OTHER ACCESS:          0  HIT:          0  MISS:          0

L2C TOTAL     ACCESS:   29763454  HIT:   25954352  MISS:    3809102  HIT %:    87.2021  MISS %:    12.7979   MPKI: 19.0455
L2C LOAD      ACCESS:   24550320  HIT:   24405347  MISS:     144973  HIT %:    99.4095  MISS %:   0.590514   MPKI: 0.724865
L2C DATA LOAD MPKI: 0.72459
L2C INSTRUCTION LOAD MPKI: 0.000275
L2C RFO       ACCESS:      97448  HIT:          0  MISS:      97448  HIT %:          0  MISS %:        100   MPKI: 0.48724
L2C PREFETCH  ACCESS:    4957367  HIT:    1398754  MISS:    3558613  HIT %:    28.2157  MISS %:    71.7843   MPKI: 17.7931
AGUS PREFETCH L1 MISS: 0
L2C DATA PREFETCH MPKI: 17.7931
L2C INSTRUCTION PREFETCH MPKI: 0
L2C WRITEBACK ACCESS:      98933  HIT:      98431  MISS:        502  HIT %:    99.4926  MISS %:   0.507414   MPKI: 0.00251
L2C LOAD TRANSLATION ACCESS:      59386  HIT:      51820  MISS:       7566  HIT %:    87.2596  MISS %:    12.7404   MPKI: 0.03783
L2C PREFETCH  REQUESTED:    5150602  ISSUED:    5150529  USEFUL:    3558170  USELESS:        423
L2C USEFUL LOAD PREFETCHES:    3558170 PREFETCH ISSUED TO LOWER LEVEL:    3593845  ACCURACY: 99.0073
L2C TIMELY PREFETCHES:    3558170 LATE PREFETCHES: 35156 DROPPED PREFETCHES: 0
L2C PREFETCHES SAME FILL-ORIGIN LEVEL: 3593780 DIFFERENT FILL-ORIGIN LEVEL: 65
L2C AVERAGE MISS LATENCY:    290.238 cycles AVERAGE LOAD MISS LATENCY:    206.395 cycles Load Miss     144973
L2C Average MSHR Occupancy:    7.70177
L2C RQ	ACCESS:   24707155	FORWARD:          0	MERGED:          0	TO_CACHE:   24707155
L2C WQ	ACCESS:      98933	FORWARD:          0	MERGED:          0	TO_CACHE:      98933
L2C PQ	ACCESS:    5150529	FORWARD:          0	MERGED:      16648	TO_CACHE:    5133881

L2C Instructions Evicting Data 55
L2C Translations Evicting Data 7562
L2C Data Evicting Data 3793360
L2C Instructions Evicting Instructions 0
L2C Translations Evicting Instructions 0
L2C Data Evicting Instructions 55
L2C Instructions Evicting Translations 0
L2C Translations Evicting Translations 4
L2C Data Evicting Translations 7564
L2C Dense regions hint from L2: 0
PSCL5 TOTAL     ACCESS:      59383  HIT:      59383  MISS:          0  HIT %:        100  MISS %:          0   MPKI: 0
PSCL5 LOAD TRANSLATION ACCESS:      59383  HIT:      59383  MISS:          0  HIT %:        100  MISS %:          0   MPKI: 0
PSCL5 PREFETCH  REQUESTED:          0  ISSUED:          0  USEFUL:          0  USELESS:          0
PSCL5 USEFUL LOAD PREFETCHES:          0 PREFETCH ISSUED TO LOWER LEVEL:          0  ACCURACY: -nan
PSCL5 TIMELY PREFETCHES:          0 LATE PREFETCHES: 0 DROPPED PREFETCHES: 0
PSCL5 PREFETCHES SAME FILL-ORIGIN LEVEL: 0 DIFFERENT FILL-ORIGIN LEVEL: 0

PSCL4 TOTAL     ACCESS:      59383  HIT:      59383  MISS:          0  HIT %:        100  MISS %:          0   MPKI: 0
PSCL4 LOAD TRANSLATION ACCESS:      59383  HIT:      59383  MISS:          0  HIT %:        100  MISS %:          0   MPKI: 0
PSCL4 PREFETCH  REQUESTED:          0  ISSUED:          0  USEFUL:          0  USELESS:          0
PSCL4 USEFUL LOAD PREFETCHES:          0 PREFETCH ISSUED TO LOWER LEVEL:          0  ACCURACY: -nan
PSCL4 TIMELY PREFETCHES:          0 LATE PREFETCHES: 0 DROPPED PREFETCHES: 0
PSCL4 PREFETCHES SAME FILL-ORIGIN LEVEL: 0 DIFFERENT FILL-ORIGIN LEVEL: 0

PSCL3 TOTAL     ACCESS:      59383  HIT:      59383  MISS:          0  HIT %:        100  MISS %:          0   MPKI: 0
PSCL3 LOAD TRANSLATION ACCESS:      59383  HIT:      59383  MISS:          0  HIT %:        100  MISS %:          0   MPKI: 0
PSCL3 PREFETCH  REQUESTED:          0  ISSUED:          0  USEFUL:          0  USELESS:          0
PSCL3 USEFUL LOAD PREFETCHES:          0 PREFETCH ISSUED TO LOWER LEVEL:          0  ACCURACY: -nan
PSCL3 TIMELY PREFETCHES:          0 LATE PREFETCHES: 0 DROPPED PREFETCHES: 0
PSCL3 PREFETCHES SAME FILL-ORIGIN LEVEL: 0 DIFFERENT FILL-ORIGIN LEVEL: 0

PSCL2 TOTAL     ACCESS:      59383  HIT:      59272  MISS:        111  HIT %:    99.8131  MISS %:   0.186922   MPKI: 0.000555
PSCL2 LOAD TRANSLATION ACCESS:      59383  HIT:      59272  MISS:        111  HIT %:    99.8131  MISS %:   0.186922   MPKI: 0.000555
PSCL2 PREFETCH  REQUESTED:          0  ISSUED:          0  USEFUL:          0  USELESS:          0
PSCL2 USEFUL LOAD PREFETCHES:          0 PREFETCH ISSUED TO LOWER LEVEL:          0  ACCURACY: -nan
PSCL2 TIMELY PREFETCHES:          0 LATE PREFETCHES: 0 DROPPED PREFETCHES: 0
PSCL2 PREFETCHES SAME FILL-ORIGIN LEVEL: 0 DIFFERENT FILL-ORIGIN LEVEL: 0

LLC TOTAL     ACCESS:    3906150  HIT:        303  MISS:    3905847  HIT %:   0.007757  MISS %:    99.9922   MPKI: 19.5292
LLC LOAD      ACCESS:     109817  HIT:         80  MISS:     109737  HIT %:  0.0728485  MISS %:    99.9272   MPKI: 0.548685
LLC RFO       ACCESS:      97448  HIT:          0  MISS:      97448  HIT %:          0  MISS %:        100   MPKI: 0.48724
LLC PREFETCH  ACCESS:    3593834  HIT:        201  MISS:    3593633  HIT %: 0.00559291  MISS %:    99.9944   MPKI: 17.9682
AGUS PREFETCH L1 MISS: 0
LLC WRITEBACK ACCESS:      97485  HIT:         22  MISS:      97463  HIT %:  0.0225676  MISS %:    99.9774   MPKI: 0.487315
LLC LOAD TRANSLATION ACCESS:       7566  HIT:          0  MISS:       7566  HIT %:          0  MISS %:        100   MPKI: 0.03783
LLC PREFETCH  REQUESTED:          0  ISSUED:          0  USEFUL:          0  USELESS:          5
LLC USEFUL LOAD PREFETCHES:          0 PREFETCH ISSUED TO LOWER LEVEL:    3593644  ACCURACY: 0
LLC TIMELY PREFETCHES:          0 LATE PREFETCHES: 0 DROPPED PREFETCHES: 0
LLC PREFETCHES SAME FILL-ORIGIN LEVEL: 0 DIFFERENT FILL-ORIGIN LEVEL: 0
LLC AVERAGE MISS LATENCY:    238.785 cycles AVERAGE LOAD MISS LATENCY:    146.055 cycles Load Miss     109737
LLC Average MSHR Occupancy:    6.59763
LLC RQ	ACCESS:     214831	FORWARD:          0	MERGED:          0	TO_CACHE:     214831
LLC WQ	ACCESS:      97485	FORWARD:          0	MERGED:          0	TO_CACHE:      97485
LLC PQ	ACCESS:    3593845	FORWARD:          0	MERGED:          0	TO_CACHE:    3593845

LLC Dense regions hint to LLC: 0

RAW hits: 3351705
Loads Generated: 85960224
Loads sent to L1D: 82608513
Stores Generated: 11266797
Stores sent to L1D: 11266797
Major fault: 0 Minor fault: 113213
Allocated PAGES: 113213
------------------
Depth Distribution
------------------
depth 0: 1506939
depth 1: 39855
depth 2: 43225
depth 3: 37563
depth 4: 37570
depth 5: 34800
depth 6: 39313
depth 7: 1081328
depth 8: 2552742
depth 9: 564292
depth 10: 223339
depth 11: 1133912
depth 12: 366975
depth 13: 59861
depth 14: 77562
depth 15: 1574
depth 16: 706
depth 17: 226
depth 18: 93
depth 19: 6
depth 20: 1
depth 21: 0
depth 22: 0
depth 23: 0
depth 24: 0
depth 25: 0
depth 26: 0
depth 27: 0
depth 28: 0
depth 29: 0
Total: 7801882
------------------
ST read accesses: 3843105
ST write accesses: 57810
PT read accesses: 168320443
PT write accesses: 5764380
FILTER read accesses: 33516895
FILTER write accesses: 16340741
GHR read accesses: 12944719
GHR write accesses: 2221080
PERC read accesses: 1217387322
PERC write accesses: 39711005
GHR counter read accesses: 7801830
GHR counter write accesses: 12907157
GHR ip read accesses: 27162462
GHR ip write accesses: 15603660
ST tag read accesses: 1531416431
ST tag write accesses: 44793641
================ Mockingjay (LLC) Pollution Stats ================
Total pollution count in LLC: 832
==================================================================

DRAM Statistics
 CHANNEL 0
 RQ ROW_BUFFER_HIT:    2836301  ROW_BUFFER_MISS:     972086
 DBUS_CONGESTED:        556
 WQ ROW_BUFFER_HIT:      17712  ROW_BUFFER_MISS:      79750  FULL:          0

 AVG_CONGESTED_CYCLE: 4
 All warmup complete: 2
Channel 0 Bank busy for read cycles: 0
Channel 0 Bank busy for write cycles: 0
Channel 0
Rank 0
0banks busy for read cycles: 32536198
0banks busy for write cycles: 29249
1banks busy for read cycles: 23021455
1banks busy for write cycles: 3168047
2banks busy for read cycles: 23001977
2banks busy for write cycles: 1311484
3banks busy for read cycles: 27373564
3banks busy for write cycles: 878683
4banks busy for read cycles: 13846036
4banks busy for write cycles: 486197
5banks busy for read cycles: 6922785
5banks busy for write cycles: 334973
6banks busy for read cycles: 3847603
6banks busy for write cycles: 273837
7banks busy for read cycles: 1895281
7banks busy for write cycles: 239295
8banks busy for read cycles: 1270690
8banks busy for write cycles: 348223

CPU 0 Branch Prediction Accuracy: 99.9707% MPKI: 0.007325 Average ROB Occupancy at Mispredict: 50.5884
Branch types
NOT_BRANCH: 195007528 97.5038%
BRANCH_DIRECT_JUMP: 0 0%
BRANCH_INDIRECT: 0 0%
BRANCH_CONDITIONAL: 4992279 2.49614%
BRANCH_DIRECT_CALL: 0 0%
BRANCH_INDIRECT_CALL: 0 0%
BRANCH_RETURN: 0 0%
BRANCH_OTHER: 0 0%

===================== LRU L1D STATS =====================
Total pollution count in L1D: 0
=========================================================
================ SRRIP (L2C) Pollution Stats ================
Total pollution count in L2c: 86847
==================================================================
DRAM PAGES: 1048576
Allocated PAGES: 113213
