Initialize SIGNATURE TABLE
ST_SET: 1
ST_WAY: 256
ST_TAG_BIT: 16
ST_TAG_MASK: ffff

Initialize PATTERN TABLE
PT_SET: 512
PT_WAY: 4
SIG_DELTA_BIT: 7
C_SIG_BIT: 4
C_DELTA_BIT: 4

Initialize PREFETCH FILTER
FILTER_SET: 1024

Initialize PERCEPTRON
PERC_ENTRIES: 4096
PERC_FEATURES: 9

*** ChampSim Multicore Out-of-Order Simulator ***

Warmup Instructions: 200000000
Simulation Instructions: 200000000
Number of CPUs: 1
LLC sets: 4096
LLC ways: 12
Off-chip DRAM Size: 4096 MB Channels: 1 Width: 64-bit Data Rate: 6400 MT/s
CPU 0 runs ./tracer/traces/605.mcf_s-665B.champsimtrace.xz
.xz
BTB has LRU replacement policy
ITLB has LRU replacement policy
DTLB has LRU replacement policy
STLB has LRU replacement policy
L1I has LRU replacement policy
L1D has LRU replacement policy
PERC_ENTRIES: 4096
Initialize SRRIP state for L2C
Initialize Mockingjay state for LLC
Heartbeat CPU 0 instructions: 10000002 cycles: 3127833 heartbeat IPC: 3.1971 cumulative IPC: 3.1971 (Simulation time: 0 hr 0 min 38 sec) 
Heartbeat CPU 0 instructions: 20000006 cycles: 6255548 heartbeat IPC: 3.19722 cumulative IPC: 3.19716 (Simulation time: 0 hr 1 min 17 sec) 
Heartbeat CPU 0 instructions: 30000006 cycles: 9376821 heartbeat IPC: 3.20382 cumulative IPC: 3.19938 (Simulation time: 0 hr 1 min 56 sec) 
Heartbeat CPU 0 instructions: 40000000 cycles: 12498935 heartbeat IPC: 3.20296 cumulative IPC: 3.20027 (Simulation time: 0 hr 2 min 44 sec) 
Heartbeat CPU 0 instructions: 50000003 cycles: 15619023 heartbeat IPC: 3.20504 cumulative IPC: 3.20122 (Simulation time: 0 hr 3 min 19 sec) 
Heartbeat CPU 0 instructions: 60000006 cycles: 18742146 heartbeat IPC: 3.20192 cumulative IPC: 3.20134 (Simulation time: 0 hr 3 min 57 sec) 
Heartbeat CPU 0 instructions: 70000001 cycles: 21863939 heartbeat IPC: 3.20329 cumulative IPC: 3.20162 (Simulation time: 0 hr 4 min 40 sec) 
Heartbeat CPU 0 instructions: 80000001 cycles: 24989187 heartbeat IPC: 3.19975 cumulative IPC: 3.20138 (Simulation time: 0 hr 5 min 24 sec) 
Heartbeat CPU 0 instructions: 90000000 cycles: 28114193 heartbeat IPC: 3.19999 cumulative IPC: 3.20123 (Simulation time: 0 hr 6 min 5 sec) 
Heartbeat CPU 0 instructions: 100000004 cycles: 31221904 heartbeat IPC: 3.2178 cumulative IPC: 3.20288 (Simulation time: 0 hr 6 min 43 sec) 
Heartbeat CPU 0 instructions: 110000005 cycles: 34338024 heartbeat IPC: 3.20912 cumulative IPC: 3.20345 (Simulation time: 0 hr 7 min 24 sec) 
Heartbeat CPU 0 instructions: 120000005 cycles: 37444547 heartbeat IPC: 3.21903 cumulative IPC: 3.20474 (Simulation time: 0 hr 8 min 1 sec) 
Heartbeat CPU 0 instructions: 130000007 cycles: 40555765 heartbeat IPC: 3.21418 cumulative IPC: 3.20546 (Simulation time: 0 hr 8 min 40 sec) 
Heartbeat CPU 0 instructions: 140000000 cycles: 43671862 heartbeat IPC: 3.20914 cumulative IPC: 3.20573 (Simulation time: 0 hr 9 min 18 sec) 
Heartbeat CPU 0 instructions: 150000001 cycles: 46777281 heartbeat IPC: 3.22018 cumulative IPC: 3.20668 (Simulation time: 0 hr 9 min 50 sec) 
Heartbeat CPU 0 instructions: 160000001 cycles: 49881819 heartbeat IPC: 3.22109 cumulative IPC: 3.20758 (Simulation time: 0 hr 10 min 22 sec) 
Heartbeat CPU 0 instructions: 170000004 cycles: 52984879 heartbeat IPC: 3.22263 cumulative IPC: 3.20846 (Simulation time: 0 hr 11 min 1 sec) 
Heartbeat CPU 0 instructions: 180000000 cycles: 56087835 heartbeat IPC: 3.22273 cumulative IPC: 3.20925 (Simulation time: 0 hr 11 min 40 sec) 
Heartbeat CPU 0 instructions: 190000006 cycles: 59198296 heartbeat IPC: 3.21496 cumulative IPC: 3.20955 (Simulation time: 0 hr 12 min 18 sec) 
Heartbeat CPU 0 instructions: 200000001 cycles: 62311992 heartbeat IPC: 3.21162 cumulative IPC: 3.20966 (Simulation time: 0 hr 12 min 51 sec) 

Warmup complete CPU 0 instructions: 200000001 cycles: 62311992 (Simulation time: 0 hr 12 min 51 sec) 

Heartbeat CPU 0 instructions: 210000000 cycles: 94251166 heartbeat IPC: 0.313095 cumulative IPC: 0.313095 (Simulation time: 0 hr 13 min 24 sec) 
Heartbeat CPU 0 instructions: 220000000 cycles: 126089484 heartbeat IPC: 0.314087 cumulative IPC: 0.31359 (Simulation time: 0 hr 13 min 59 sec) 
Heartbeat CPU 0 instructions: 230000000 cycles: 158488326 heartbeat IPC: 0.308653 cumulative IPC: 0.311927 (Simulation time: 0 hr 14 min 35 sec) 
Heartbeat CPU 0 instructions: 240000003 cycles: 190440895 heartbeat IPC: 0.312964 cumulative IPC: 0.312186 (Simulation time: 0 hr 15 min 12 sec) 
Heartbeat CPU 0 instructions: 250000001 cycles: 222410323 heartbeat IPC: 0.312799 cumulative IPC: 0.312308 (Simulation time: 0 hr 16 min 6 sec) 
Heartbeat CPU 0 instructions: 260000000 cycles: 254512387 heartbeat IPC: 0.311506 cumulative IPC: 0.312174 (Simulation time: 0 hr 17 min 1 sec) 
Heartbeat CPU 0 instructions: 270000000 cycles: 286507489 heartbeat IPC: 0.312548 cumulative IPC: 0.312227 (Simulation time: 0 hr 17 min 52 sec) 
Heartbeat CPU 0 instructions: 280000001 cycles: 318574797 heartbeat IPC: 0.311844 cumulative IPC: 0.31218 (Simulation time: 0 hr 18 min 44 sec) 
Heartbeat CPU 0 instructions: 290000001 cycles: 350656408 heartbeat IPC: 0.311705 cumulative IPC: 0.312127 (Simulation time: 0 hr 19 min 32 sec) 
Heartbeat CPU 0 instructions: 300000000 cycles: 382687706 heartbeat IPC: 0.312195 cumulative IPC: 0.312134 (Simulation time: 0 hr 20 min 20 sec) 
Heartbeat CPU 0 instructions: 310000002 cycles: 414084563 heartbeat IPC: 0.318503 cumulative IPC: 0.312702 (Simulation time: 0 hr 21 min 12 sec) 
Heartbeat CPU 0 instructions: 320000001 cycles: 445862836 heartbeat IPC: 0.31468 cumulative IPC: 0.312866 (Simulation time: 0 hr 22 min 15 sec) 
Heartbeat CPU 0 instructions: 330000003 cycles: 477247730 heartbeat IPC: 0.318625 cumulative IPC: 0.313302 (Simulation time: 0 hr 23 min 7 sec) 
Heartbeat CPU 0 instructions: 340000000 cycles: 508586428 heartbeat IPC: 0.319094 cumulative IPC: 0.313708 (Simulation time: 0 hr 24 min 3 sec) 
Heartbeat CPU 0 instructions: 350000003 cycles: 539975443 heartbeat IPC: 0.318583 cumulative IPC: 0.314029 (Simulation time: 0 hr 25 min 5 sec) 
Heartbeat CPU 0 instructions: 360000000 cycles: 571332113 heartbeat IPC: 0.318911 cumulative IPC: 0.314329 (Simulation time: 0 hr 25 min 59 sec) 
Heartbeat CPU 0 instructions: 370000003 cycles: 602709795 heartbeat IPC: 0.318698 cumulative IPC: 0.314583 (Simulation time: 0 hr 26 min 44 sec) 
Heartbeat CPU 0 instructions: 380000000 cycles: 634132658 heartbeat IPC: 0.31824 cumulative IPC: 0.314784 (Simulation time: 0 hr 27 min 29 sec) 
Heartbeat CPU 0 instructions: 390000000 cycles: 665494499 heartbeat IPC: 0.318859 cumulative IPC: 0.314996 (Simulation time: 0 hr 28 min 13 sec) 
Heartbeat CPU 0 instructions: 400000004 cycles: 696807581 heartbeat IPC: 0.319355 cumulative IPC: 0.315211 (Simulation time: 0 hr 28 min 58 sec) 
Finished CPU 0 instructions: 200000003 cycles: 634495589 cumulative IPC: 0.315211 (Simulation time: 0 hr 28 min 58 sec) 

ChampSim completed all CPUs

Region of Interest Statistics

CPU 0 cumulative IPC: 0.315211 instructions: 200000003 cycles: 634495589
ITLB TOTAL     ACCESS:   30963238  HIT:   30963238  MISS:          0  HIT %:        100  MISS %:          0   MPKI: 0
ITLB LOAD TRANSLATION ACCESS:   30963238  HIT:   30963238  MISS:          0  HIT %:        100  MISS %:          0   MPKI: 0
ITLB PREFETCH  REQUESTED:          0  ISSUED:          0  USEFUL:          0  USELESS:          0
ITLB USEFUL LOAD PREFETCHES:          0 PREFETCH ISSUED TO LOWER LEVEL:          0  ACCURACY: -nan
ITLB TIMELY PREFETCHES:          0 LATE PREFETCHES: 0 DROPPED PREFETCHES: 0
ITLB PREFETCHES SAME FILL-ORIGIN LEVEL: 0 DIFFERENT FILL-ORIGIN LEVEL: 0
ITLB AVERAGE MISS LATENCY:       -nan cycles AVERAGE LOAD MISS LATENCY:       -nan cycles Load Miss          0
ITLB Average MSHR Occupancy: 3.15211e-08
ITLB RQ	ACCESS:   32554792	FORWARD:          0	MERGED:    1591555	TO_CACHE:   30963237

DTLB TOTAL     ACCESS:   60288786  HIT:   57588196  MISS:    2700590  HIT %:    95.5206  MISS %:    4.47942   MPKI: 13.5029
DTLB LOAD TRANSLATION ACCESS:   60288786  HIT:   57588196  MISS:    2700590  HIT %:    95.5206  MISS %:    4.47942   MPKI: 13.5029
DTLB PREFETCH  REQUESTED:          0  ISSUED:          0  USEFUL:          0  USELESS:          0
DTLB USEFUL LOAD PREFETCHES:          0 PREFETCH ISSUED TO LOWER LEVEL:          0  ACCURACY: -nan
DTLB TIMELY PREFETCHES:          0 LATE PREFETCHES: 0 DROPPED PREFETCHES: 0
DTLB PREFETCHES SAME FILL-ORIGIN LEVEL: 0 DIFFERENT FILL-ORIGIN LEVEL: 0
DTLB AVERAGE MISS LATENCY:     10.333 cycles AVERAGE LOAD MISS LATENCY:       -nan cycles Load Miss          0
DTLB Average MSHR Occupancy:  0.0376696
DTLB RQ	ACCESS:   76597334	FORWARD:          0	MERGED:   16116822	TO_CACHE:   60480512

STLB TOTAL     ACCESS:    2700590  HIT:    2666233  MISS:      34357  HIT %:    98.7278  MISS %:     1.2722   MPKI: 0.171785
STLB LOAD TRANSLATION ACCESS:    2700590  HIT:    2666233  MISS:      34357  HIT %:    98.7278  MISS %:     1.2722   MPKI: 0.171785
STLB PREFETCH  REQUESTED:          0  ISSUED:          0  USEFUL:          0  USELESS:          0
STLB USEFUL LOAD PREFETCHES:          0 PREFETCH ISSUED TO LOWER LEVEL:          0  ACCURACY: -nan
STLB TIMELY PREFETCHES:          0 LATE PREFETCHES: 0 DROPPED PREFETCHES: 0
STLB PREFETCHES SAME FILL-ORIGIN LEVEL: 0 DIFFERENT FILL-ORIGIN LEVEL: 0
STLB AVERAGE MISS LATENCY:    96.0817 cycles AVERAGE LOAD MISS LATENCY:       -nan cycles Load Miss          0
STLB Average MSHR Occupancy: 0.00236641
STLB RQ	ACCESS:    2700590	FORWARD:          0	MERGED:          0	TO_CACHE:    2700590

STLB Hit, L1D data hit: 0
STLB Hit, L2C data hit: 0
STLB Hit, LLC data hit: 0
STLB Hit, LLC data miss: 0
STLB STLB hints to L2: 0
L1D TOTAL     ACCESS:   75301363  HIT:   68536543  MISS:    6764820  HIT %:    91.0163  MISS %:    8.98366   MPKI: 33.8241
L1D LOAD      ACCESS:   52622697  HIT:   46607995  MISS:    6014702  HIT %:    88.5701  MISS %:    11.4299   MPKI: 30.0735
L1D RFO       ACCESS:   22678666  HIT:   21928548  MISS:     750118  HIT %:    96.6924  MISS %:    3.30759   MPKI: 3.75059
L1D PREFETCH  REQUESTED:          0  ISSUED:          0  USEFUL:          0  USELESS:          0
L1D USEFUL LOAD PREFETCHES:          0 PREFETCH ISSUED TO LOWER LEVEL:          0  ACCURACY: -nan
L1D TIMELY PREFETCHES:          0 LATE PREFETCHES: 0 DROPPED PREFETCHES: 0
L1D PREFETCHES SAME FILL-ORIGIN LEVEL: 0 DIFFERENT FILL-ORIGIN LEVEL: 0
L1D AVERAGE MISS LATENCY:    22.4811 cycles AVERAGE LOAD MISS LATENCY:    23.3589 cycles Load Miss    6014702
L1D Average MSHR Occupancy:   0.254819
L1D RQ	ACCESS:   67446489	FORWARD:          0	MERGED:   12188817	TO_CACHE:   52681632
L1D WQ	ACCESS:   24013212	FORWARD:    2576040	MERGED:      97510	TO_CACHE:   23915702

L1D UNIQUE REGIONS ACCESSED: 0
L1D REGIONS CONFLICTS: 0
L1D Cross Page Prefetch Requests: 0
L1D Same Page Prefetch Requests: 0
L1D ROI Sum of L1D PQ occupancy: 0
L1D PREFETCHES PUSHED FROM L2C: 0
L1I TOTAL     ACCESS:   31365527  HIT:   14654986  MISS:   16710541  HIT %:    46.7232  MISS %:    53.2768   MPKI: 83.5527
L1I LOAD      ACCESS:   31365527  HIT:   14654986  MISS:   16710541  HIT %:    46.7232  MISS %:    53.2768   MPKI: 83.5527
L1I PREFETCH  REQUESTED:          0  ISSUED:          0  USEFUL:          0  USELESS:          0
L1I USEFUL LOAD PREFETCHES:          0 PREFETCH ISSUED TO LOWER LEVEL:          0  ACCURACY: -nan
L1I TIMELY PREFETCHES:          0 LATE PREFETCHES: 0 DROPPED PREFETCHES: 0
L1I PREFETCHES SAME FILL-ORIGIN LEVEL: 0 DIFFERENT FILL-ORIGIN LEVEL: 0
L1I AVERAGE MISS LATENCY:    14.0346 cycles AVERAGE LOAD MISS LATENCY:    14.0346 cycles Load Miss   16710541
L1I Average MSHR Occupancy:   0.356109
L1I RQ	ACCESS:   50451443	FORWARD:          0	MERGED:   17896651	TO_CACHE:   32554792

BTB TOTAL     ACCESS:   47252879  HIT:   44736520  MISS:    2516359  HIT %:    94.6747  MISS %:     5.3253   MPKI: 12.5818
BTB BRANCH_DIRECT_JUMP	ACCESS:    5118832  HIT:    5118796  MISS:         36
BTB BRANCH_INDIRECT	ACCESS:          0  HIT:          0  MISS:          0
BTB BRANCH_CONDITIONAL	ACCESS:   30834262  HIT:   30834187  MISS:         75
BTB BRANCH_DIRECT_CALL	ACCESS:    5349611  HIT:    5349593  MISS:         18
BTB BRANCH_INDIRECT_CALL	ACCESS:     300281  HIT:     300273  MISS:          8
BTB BRANCH_RETURN	ACCESS:    5649893  HIT:    3133671  MISS:    2516222
BTB BRANCH_OTHER ACCESS:          0  HIT:          0  MISS:          0

L2C TOTAL     ACCESS:   26813590  HIT:   24792607  MISS:    2020983  HIT %:    92.4628  MISS %:    7.53716   MPKI: 10.1049
L2C LOAD      ACCESS:   22725234  HIT:   21989282  MISS:     735952  HIT %:    96.7615  MISS %:    3.23848   MPKI: 3.67976
L2C DATA LOAD MPKI: 3.67957
L2C INSTRUCTION LOAD MPKI: 0.000185
L2C RFO       ACCESS:     750089  HIT:     748999  MISS:       1090  HIT %:    99.8547  MISS %:   0.145316   MPKI: 0.00545
L2C PREFETCH  ACCESS:    2206704  HIT:     927893  MISS:    1278811  HIT %:    42.0488  MISS %:    57.9512   MPKI: 6.39405
AGUS PREFETCH L1 MISS: 0
L2C DATA PREFETCH MPKI: 6.39405
L2C INSTRUCTION PREFETCH MPKI: 0
L2C WRITEBACK ACCESS:    1097084  HIT:    1097068  MISS:         16  HIT %:    99.9985  MISS %: 0.00145841   MPKI: 8e-05
L2C LOAD TRANSLATION ACCESS:      34479  HIT:      29365  MISS:       5114  HIT %:    85.1678  MISS %:    14.8322   MPKI: 0.02557
L2C PREFETCH  REQUESTED:    2394607  ISSUED:    2394607  USEFUL:    1108676  USELESS:     169512
L2C USEFUL LOAD PREFETCHES:    1108676 PREFETCH ISSUED TO LOWER LEVEL:    1426536  ACCURACY: 77.7181
L2C TIMELY PREFETCHES:    1108676 LATE PREFETCHES: 54470 DROPPED PREFETCHES: 0
L2C PREFETCHES SAME FILL-ORIGIN LEVEL: 1333281 DIFFERENT FILL-ORIGIN LEVEL: 93255
L2C AVERAGE MISS LATENCY:    108.878 cycles AVERAGE LOAD MISS LATENCY:       67.3 cycles Load Miss     735952
L2C Average MSHR Occupancy:   0.352266
L2C RQ	ACCESS:   23509838	FORWARD:          0	MERGED:          0	TO_CACHE:   23509801
L2C WQ	ACCESS:    1097084	FORWARD:         37	MERGED:          0	TO_CACHE:    1097084
L2C PQ	ACCESS:    2394607	FORWARD:          0	MERGED:      14842	TO_CACHE:    2379765

L2C Instructions Evicting Data 37
L2C Translations Evicting Data 5104
L2C Data Evicting Data 2010655
L2C Instructions Evicting Instructions 0
L2C Translations Evicting Instructions 0
L2C Data Evicting Instructions 38
L2C Instructions Evicting Translations 0
L2C Translations Evicting Translations 10
L2C Data Evicting Translations 5123
L2C Dense regions hint from L2: 0
PSCL5 TOTAL     ACCESS:      34357  HIT:      34357  MISS:          0  HIT %:        100  MISS %:          0   MPKI: 0
PSCL5 LOAD TRANSLATION ACCESS:      34357  HIT:      34357  MISS:          0  HIT %:        100  MISS %:          0   MPKI: 0
PSCL5 PREFETCH  REQUESTED:          0  ISSUED:          0  USEFUL:          0  USELESS:          0
PSCL5 USEFUL LOAD PREFETCHES:          0 PREFETCH ISSUED TO LOWER LEVEL:          0  ACCURACY: -nan
PSCL5 TIMELY PREFETCHES:          0 LATE PREFETCHES: 0 DROPPED PREFETCHES: 0
PSCL5 PREFETCHES SAME FILL-ORIGIN LEVEL: 0 DIFFERENT FILL-ORIGIN LEVEL: 0

PSCL4 TOTAL     ACCESS:      34357  HIT:      34357  MISS:          0  HIT %:        100  MISS %:          0   MPKI: 0
PSCL4 LOAD TRANSLATION ACCESS:      34357  HIT:      34357  MISS:          0  HIT %:        100  MISS %:          0   MPKI: 0
PSCL4 PREFETCH  REQUESTED:          0  ISSUED:          0  USEFUL:          0  USELESS:          0
PSCL4 USEFUL LOAD PREFETCHES:          0 PREFETCH ISSUED TO LOWER LEVEL:          0  ACCURACY: -nan
PSCL4 TIMELY PREFETCHES:          0 LATE PREFETCHES: 0 DROPPED PREFETCHES: 0
PSCL4 PREFETCHES SAME FILL-ORIGIN LEVEL: 0 DIFFERENT FILL-ORIGIN LEVEL: 0

PSCL3 TOTAL     ACCESS:      34357  HIT:      34357  MISS:          0  HIT %:        100  MISS %:          0   MPKI: 0
PSCL3 LOAD TRANSLATION ACCESS:      34357  HIT:      34357  MISS:          0  HIT %:        100  MISS %:          0   MPKI: 0
PSCL3 PREFETCH  REQUESTED:          0  ISSUED:          0  USEFUL:          0  USELESS:          0
PSCL3 USEFUL LOAD PREFETCHES:          0 PREFETCH ISSUED TO LOWER LEVEL:          0  ACCURACY: -nan
PSCL3 TIMELY PREFETCHES:          0 LATE PREFETCHES: 0 DROPPED PREFETCHES: 0
PSCL3 PREFETCHES SAME FILL-ORIGIN LEVEL: 0 DIFFERENT FILL-ORIGIN LEVEL: 0

PSCL2 TOTAL     ACCESS:      34357  HIT:      34103  MISS:        254  HIT %:    99.2607  MISS %:   0.739296   MPKI: 0.00127
PSCL2 LOAD TRANSLATION ACCESS:      34357  HIT:      34103  MISS:        254  HIT %:    99.2607  MISS %:   0.739296   MPKI: 0.00127
PSCL2 PREFETCH  REQUESTED:          0  ISSUED:          0  USEFUL:          0  USELESS:          0
PSCL2 USEFUL LOAD PREFETCHES:          0 PREFETCH ISSUED TO LOWER LEVEL:          0  ACCURACY: -nan
PSCL2 TIMELY PREFETCHES:          0 LATE PREFETCHES: 0 DROPPED PREFETCHES: 0
PSCL2 PREFETCHES SAME FILL-ORIGIN LEVEL: 0 DIFFERENT FILL-ORIGIN LEVEL: 0

LLC TOTAL     ACCESS:    2129399  HIT:     804089  MISS:    1325310  HIT %:    37.7613  MISS %:    62.2387   MPKI: 6.62655
LLC LOAD      ACCESS:     681482  HIT:     588558  MISS:      92924  HIT %:    86.3644  MISS %:    13.6356   MPKI: 0.46462
LLC RFO       ACCESS:       1089  HIT:        717  MISS:        372  HIT %:    65.8402  MISS %:    34.1598   MPKI: 0.00186
LLC PREFETCH  ACCESS:    1426499  HIT:     201664  MISS:    1224835  HIT %:     14.137  MISS %:     85.863   MPKI: 6.12417
AGUS PREFETCH L1 MISS: 0
LLC WRITEBACK ACCESS:      15215  HIT:      11407  MISS:       3808  HIT %:    74.9721  MISS %:    25.0279   MPKI: 0.01904
LLC LOAD TRANSLATION ACCESS:       5114  HIT:       1743  MISS:       3371  HIT %:    34.0829  MISS %:    65.9171   MPKI: 0.016855
LLC PREFETCH  REQUESTED:          0  ISSUED:          0  USEFUL:       4219  USELESS:       8534
LLC USEFUL LOAD PREFETCHES:       4219 PREFETCH ISSUED TO LOWER LEVEL:    1224841  ACCURACY: 0.344453
LLC TIMELY PREFETCHES:       4219 LATE PREFETCHES: 6 DROPPED PREFETCHES: 0
LLC PREFETCHES SAME FILL-ORIGIN LEVEL: 25643 DIFFERENT FILL-ORIGIN LEVEL: 0
LLC AVERAGE MISS LATENCY:    104.127 cycles AVERAGE LOAD MISS LATENCY:    147.562 cycles Load Miss      92924
LLC Average MSHR Occupancy:   0.215415
LLC RQ	ACCESS:     687686	FORWARD:          0	MERGED:          0	TO_CACHE:     687685
LLC WQ	ACCESS:      15215	FORWARD:          1	MERGED:          0	TO_CACHE:      15215
LLC PQ	ACCESS:    1426536	FORWARD:          0	MERGED:         18	TO_CACHE:    1426518

LLC Dense regions hint to LLC: 0

RAW hits: 3052151
Loads Generated: 70498641
Loads sent to L1D: 67446489
Stores Generated: 24013226
Stores sent to L1D: 24013212
Major fault: 0 Minor fault: 44975
Allocated PAGES: 44975
------------------
Depth Distribution
------------------
depth 0: 8972029
depth 1: 1460682
depth 2: 219199
depth 3: 142216
depth 4: 233517
depth 5: 245197
depth 6: 162332
depth 7: 306976
depth 8: 364126
depth 9: 321391
depth 10: 23101
depth 11: 24497
depth 12: 21
depth 13: 0
depth 14: 0
depth 15: 0
depth 16: 0
depth 17: 0
depth 18: 0
depth 19: 0
depth 20: 0
depth 21: 0
depth 22: 0
depth 23: 0
depth 24: 0
depth 25: 0
depth 26: 0
depth 27: 0
depth 28: 0
depth 29: 0
Total: 12475284
------------------
ST read accesses: 4432720
ST write accesses: 1581974
PT read accesses: 100715422
PT write accesses: 5905275
FILTER read accesses: 23404001
FILTER write accesses: 8509472
GHR read accesses: 17534125
GHR write accesses: 833591
PERC read accesses: 619750080
PERC write accesses: 19839044
GHR counter read accesses: 12029388
GHR counter write accesses: 10045578
GHR ip read accesses: 26675121
GHR ip write accesses: 24058776
ST tag read accesses: 3122235178
ST tag write accesses: 539886198
================ Mockingjay (LLC) Pollution Stats ================
Total pollution count in LLC: 9986
==================================================================

DRAM Statistics
 CHANNEL 0
 RQ ROW_BUFFER_HIT:    1096109  ROW_BUFFER_MISS:     225391
 DBUS_CONGESTED:        263
 WQ ROW_BUFFER_HIT:       1245  ROW_BUFFER_MISS:       4294  FULL:          0

 AVG_CONGESTED_CYCLE: 5
 All warmup complete: 2
Channel 0 Bank busy for read cycles: 0
Channel 0 Bank busy for write cycles: 0
Channel 0
Rank 0
0banks busy for read cycles: 585596502
0banks busy for write cycles: 4894
1banks busy for read cycles: 26515859
1banks busy for write cycles: 974628
2banks busy for read cycles: 10945588
2banks busy for write cycles: 76858
3banks busy for read cycles: 5508819
3banks busy for write cycles: 12171
4banks busy for read cycles: 2596163
4banks busy for write cycles: 1811
5banks busy for read cycles: 1173684
5banks busy for write cycles: 685
6banks busy for read cycles: 511627
6banks busy for write cycles: 117
7banks busy for read cycles: 248887
7banks busy for write cycles: 0
8banks busy for read cycles: 327297
8banks busy for write cycles: 0

CPU 0 Branch Prediction Accuracy: 93.0555% MPKI: 17.1543 Average ROB Occupancy at Mispredict: 8.1826
Branch types
NOT_BRANCH: 150595524 75.2978%
BRANCH_DIRECT_JUMP: 5118832 2.55942%
BRANCH_INDIRECT: 0 0%
BRANCH_CONDITIONAL: 32985247 16.4926%
BRANCH_DIRECT_CALL: 5349611 2.67481%
BRANCH_INDIRECT_CALL: 300281 0.15014%
BRANCH_RETURN: 5649893 2.82495%
BRANCH_OTHER: 0 0%

===================== LRU L1D STATS =====================
Total pollution count in L1D: 0
=========================================================
================ SRRIP (L2C) Pollution Stats ================
Total pollution count in L2c: 1315071
==================================================================
DRAM PAGES: 1048576
Allocated PAGES: 44975
