Initialize SIGNATURE TABLE
ST_SET: 1
ST_WAY: 256
ST_TAG_BIT: 16
ST_TAG_MASK: ffff

Initialize PATTERN TABLE
PT_SET: 512
PT_WAY: 4
SIG_DELTA_BIT: 7
C_SIG_BIT: 4
C_DELTA_BIT: 4

Initialize PREFETCH FILTER
FILTER_SET: 1024

Initialize PERCEPTRON
PERC_ENTRIES: 4096
PERC_FEATURES: 9

*** ChampSim Multicore Out-of-Order Simulator ***

Warmup Instructions: 200000000
Simulation Instructions: 200000000
Number of CPUs: 1
LLC sets: 4096
LLC ways: 12
Off-chip DRAM Size: 4096 MB Channels: 1 Width: 64-bit Data Rate: 6400 MT/s
CPU 0 runs ./tracer/traces/621.wrf_s-6673B.champsimtrace.xz
.xz
BTB has LRU replacement policy
ITLB has LRU replacement policy
DTLB has LRU replacement policy
STLB has LRU replacement policy
L1I has LRU replacement policy
L1D has LRU replacement policy
PERC_ENTRIES: 4096
Initialize SRRIP state for L2C
Initialize Mockingjay state for LLC
Heartbeat CPU 0 instructions: 10000002 cycles: 3334619 heartbeat IPC: 2.99884 cumulative IPC: 2.99884 (Simulation time: 0 hr 0 min 38 sec) 
Heartbeat CPU 0 instructions: 20000002 cycles: 5918394 heartbeat IPC: 3.87031 cumulative IPC: 3.3793 (Simulation time: 0 hr 1 min 4 sec) 
Heartbeat CPU 0 instructions: 30000007 cycles: 8085552 heartbeat IPC: 4.61434 cumulative IPC: 3.71032 (Simulation time: 0 hr 1 min 30 sec) 
Heartbeat CPU 0 instructions: 40000004 cycles: 10207431 heartbeat IPC: 4.7128 cumulative IPC: 3.91871 (Simulation time: 0 hr 2 min 2 sec) 
Heartbeat CPU 0 instructions: 50000003 cycles: 12370331 heartbeat IPC: 4.62342 cumulative IPC: 4.04193 (Simulation time: 0 hr 2 min 28 sec) 
Heartbeat CPU 0 instructions: 60000000 cycles: 14893678 heartbeat IPC: 3.96299 cumulative IPC: 4.02855 (Simulation time: 0 hr 3 min 1 sec) 
Heartbeat CPU 0 instructions: 70000000 cycles: 17544486 heartbeat IPC: 3.77243 cumulative IPC: 3.98986 (Simulation time: 0 hr 3 min 33 sec) 
Heartbeat CPU 0 instructions: 80000000 cycles: 19859074 heartbeat IPC: 4.32042 cumulative IPC: 4.02839 (Simulation time: 0 hr 4 min 3 sec) 
Heartbeat CPU 0 instructions: 90000000 cycles: 22438778 heartbeat IPC: 3.87641 cumulative IPC: 4.01091 (Simulation time: 0 hr 4 min 35 sec) 
Heartbeat CPU 0 instructions: 100000000 cycles: 24929461 heartbeat IPC: 4.01496 cumulative IPC: 4.01132 (Simulation time: 0 hr 5 min 9 sec) 
Heartbeat CPU 0 instructions: 110000005 cycles: 27069440 heartbeat IPC: 4.67295 cumulative IPC: 4.06362 (Simulation time: 0 hr 5 min 41 sec) 
Heartbeat CPU 0 instructions: 120000002 cycles: 29242429 heartbeat IPC: 4.60195 cumulative IPC: 4.10363 (Simulation time: 0 hr 6 min 10 sec) 
Heartbeat CPU 0 instructions: 130000001 cycles: 31309139 heartbeat IPC: 4.83861 cumulative IPC: 4.15214 (Simulation time: 0 hr 6 min 41 sec) 
Heartbeat CPU 0 instructions: 140000005 cycles: 33535251 heartbeat IPC: 4.49214 cumulative IPC: 4.17471 (Simulation time: 0 hr 7 min 12 sec) 
Heartbeat CPU 0 instructions: 150000001 cycles: 35581357 heartbeat IPC: 4.88733 cumulative IPC: 4.21569 (Simulation time: 0 hr 7 min 51 sec) 
Heartbeat CPU 0 instructions: 160000001 cycles: 37777994 heartbeat IPC: 4.55241 cumulative IPC: 4.23527 (Simulation time: 0 hr 8 min 35 sec) 
Heartbeat CPU 0 instructions: 170000004 cycles: 39945048 heartbeat IPC: 4.61456 cumulative IPC: 4.25585 (Simulation time: 0 hr 9 min 5 sec) 
Heartbeat CPU 0 instructions: 180000000 cycles: 42021244 heartbeat IPC: 4.8165 cumulative IPC: 4.28355 (Simulation time: 0 hr 9 min 36 sec) 
Heartbeat CPU 0 instructions: 190000000 cycles: 44905289 heartbeat IPC: 3.46735 cumulative IPC: 4.23113 (Simulation time: 0 hr 10 min 5 sec) 
Heartbeat CPU 0 instructions: 200000007 cycles: 48538552 heartbeat IPC: 2.75235 cumulative IPC: 4.12044 (Simulation time: 0 hr 10 min 36 sec) 

Warmup complete CPU 0 instructions: 200000007 cycles: 48538552 (Simulation time: 0 hr 10 min 36 sec) 

Heartbeat CPU 0 instructions: 210000000 cycles: 61839956 heartbeat IPC: 0.7518 cumulative IPC: 0.7518 (Simulation time: 0 hr 11 min 39 sec) 
Heartbeat CPU 0 instructions: 220000001 cycles: 75277008 heartbeat IPC: 0.744211 cumulative IPC: 0.747986 (Simulation time: 0 hr 12 min 45 sec) 
Heartbeat CPU 0 instructions: 230000000 cycles: 94805693 heartbeat IPC: 0.512067 cumulative IPC: 0.648408 (Simulation time: 0 hr 13 min 28 sec) 
Heartbeat CPU 0 instructions: 240000000 cycles: 111499665 heartbeat IPC: 0.599019 cumulative IPC: 0.635313 (Simulation time: 0 hr 14 min 20 sec) 
Heartbeat CPU 0 instructions: 250000004 cycles: 122349838 heartbeat IPC: 0.921645 cumulative IPC: 0.677403 (Simulation time: 0 hr 14 min 52 sec) 
Heartbeat CPU 0 instructions: 260000005 cycles: 128225776 heartbeat IPC: 1.70186 cumulative IPC: 0.752944 (Simulation time: 0 hr 16 min 2 sec) 
Heartbeat CPU 0 instructions: 270000000 cycles: 137765934 heartbeat IPC: 1.0482 cumulative IPC: 0.784512 (Simulation time: 0 hr 17 min 38 sec) 
Heartbeat CPU 0 instructions: 280000000 cycles: 149731983 heartbeat IPC: 0.835698 cumulative IPC: 0.790565 (Simulation time: 0 hr 18 min 53 sec) 
Heartbeat CPU 0 instructions: 290000000 cycles: 157381837 heartbeat IPC: 1.30721 cumulative IPC: 0.826877 (Simulation time: 0 hr 20 min 16 sec) 
Heartbeat CPU 0 instructions: 300000004 cycles: 163518665 heartbeat IPC: 1.62951 cumulative IPC: 0.869716 (Simulation time: 0 hr 21 min 20 sec) 
Heartbeat CPU 0 instructions: 310000001 cycles: 169466445 heartbeat IPC: 1.6813 cumulative IPC: 0.909633 (Simulation time: 0 hr 22 min 42 sec) 
Heartbeat CPU 0 instructions: 320000000 cycles: 182512842 heartbeat IPC: 0.766495 cumulative IPC: 0.895694 (Simulation time: 0 hr 24 min 22 sec) 
Heartbeat CPU 0 instructions: 330000003 cycles: 195891164 heartbeat IPC: 0.747478 cumulative IPC: 0.882237 (Simulation time: 0 hr 25 min 24 sec) 
Heartbeat CPU 0 instructions: 340000007 cycles: 207179365 heartbeat IPC: 0.885881 cumulative IPC: 0.882497 (Simulation time: 0 hr 26 min 29 sec) 
Heartbeat CPU 0 instructions: 350000000 cycles: 220041952 heartbeat IPC: 0.777448 cumulative IPC: 0.874618 (Simulation time: 0 hr 27 min 38 sec) 
Heartbeat CPU 0 instructions: 360000000 cycles: 230144014 heartbeat IPC: 0.989897 cumulative IPC: 0.881031 (Simulation time: 0 hr 28 min 34 sec) 
Heartbeat CPU 0 instructions: 370000002 cycles: 242803693 heartbeat IPC: 0.78991 cumulative IPC: 0.875093 (Simulation time: 0 hr 29 min 53 sec) 
Heartbeat CPU 0 instructions: 380000000 cycles: 259269153 heartbeat IPC: 0.607332 cumulative IPC: 0.854171 (Simulation time: 0 hr 31 min 18 sec) 
Heartbeat CPU 0 instructions: 390000003 cycles: 269857098 heartbeat IPC: 0.944471 cumulative IPC: 0.858491 (Simulation time: 0 hr 32 min 47 sec) 
Heartbeat CPU 0 instructions: 400000001 cycles: 283891993 heartbeat IPC: 0.71251 cumulative IPC: 0.849786 (Simulation time: 0 hr 34 min 3 sec) 
Finished CPU 0 instructions: 200000002 cycles: 235353442 cumulative IPC: 0.849786 (Simulation time: 0 hr 34 min 3 sec) 

ChampSim completed all CPUs

Region of Interest Statistics

CPU 0 cumulative IPC: 0.849786 instructions: 200000002 cycles: 235353442
ITLB TOTAL     ACCESS:   23620130  HIT:   23619890  MISS:        240  HIT %:     99.999  MISS %: 0.00101608   MPKI: 0.0012
ITLB LOAD TRANSLATION ACCESS:   23620130  HIT:   23619890  MISS:        240  HIT %:     99.999  MISS %: 0.00101608   MPKI: 0.0012
ITLB PREFETCH  REQUESTED:          0  ISSUED:          0  USEFUL:          0  USELESS:          0
ITLB USEFUL LOAD PREFETCHES:          0 PREFETCH ISSUED TO LOWER LEVEL:          0  ACCURACY: -nan
ITLB TIMELY PREFETCHES:          0 LATE PREFETCHES: 0 DROPPED PREFETCHES: 0
ITLB PREFETCHES SAME FILL-ORIGIN LEVEL: 0 DIFFERENT FILL-ORIGIN LEVEL: 0
ITLB AVERAGE MISS LATENCY:    219.925 cycles AVERAGE LOAD MISS LATENCY:       -nan cycles Load Miss          0
ITLB Average MSHR Occupancy: 0.000192995
ITLB RQ	ACCESS:   27947231	FORWARD:          0	MERGED:    4326697	TO_CACHE:   23620534

DTLB TOTAL     ACCESS:   46165688  HIT:   45995562  MISS:     170126  HIT %:    99.6315  MISS %:   0.368512   MPKI: 0.85063
DTLB LOAD TRANSLATION ACCESS:   46165688  HIT:   45995562  MISS:     170126  HIT %:    99.6315  MISS %:   0.368512   MPKI: 0.85063
DTLB PREFETCH  REQUESTED:          0  ISSUED:          0  USEFUL:          0  USELESS:          0
DTLB USEFUL LOAD PREFETCHES:          0 PREFETCH ISSUED TO LOWER LEVEL:          0  ACCURACY: -nan
DTLB TIMELY PREFETCHES:          0 LATE PREFETCHES: 0 DROPPED PREFETCHES: 0
DTLB PREFETCHES SAME FILL-ORIGIN LEVEL: 0 DIFFERENT FILL-ORIGIN LEVEL: 0
DTLB AVERAGE MISS LATENCY:    25.6375 cycles AVERAGE LOAD MISS LATENCY:       -nan cycles Load Miss          0
DTLB Average MSHR Occupancy:  0.0182788
DTLB RQ	ACCESS:   52241884	FORWARD:          0	MERGED:    6010251	TO_CACHE:   46231633

STLB TOTAL     ACCESS:     170366  HIT:     140542  MISS:      29824  HIT %:    82.4942  MISS %:    17.5058   MPKI: 0.14912
STLB LOAD TRANSLATION ACCESS:     170366  HIT:     140542  MISS:      29824  HIT %:    82.4942  MISS %:    17.5058   MPKI: 0.14912
STLB PREFETCH  REQUESTED:          0  ISSUED:          0  USEFUL:          0  USELESS:          0
STLB USEFUL LOAD PREFETCHES:          0 PREFETCH ISSUED TO LOWER LEVEL:          0  ACCURACY: -nan
STLB TIMELY PREFETCHES:          0 LATE PREFETCHES: 0 DROPPED PREFETCHES: 0
STLB PREFETCHES SAME FILL-ORIGIN LEVEL: 0 DIFFERENT FILL-ORIGIN LEVEL: 0
STLB AVERAGE MISS LATENCY:    96.1007 cycles AVERAGE LOAD MISS LATENCY:       -nan cycles Load Miss          0
STLB Average MSHR Occupancy:  0.0121419
STLB RQ	ACCESS:     170366	FORWARD:          0	MERGED:          0	TO_CACHE:     170366

STLB Hit, L1D data hit: 0
STLB Hit, L2C data hit: 0
STLB Hit, LLC data hit: 0
STLB Hit, LLC data miss: 0
STLB STLB hints to L2: 0
L1D TOTAL     ACCESS:   50276543  HIT:   46391640  MISS:    3884903  HIT %:    92.2729  MISS %:    7.72707   MPKI: 19.4245
L1D LOAD      ACCESS:   41728413  HIT:   38417866  MISS:    3310547  HIT %:    92.0664  MISS %:    7.93356   MPKI: 16.5527
L1D RFO       ACCESS:    8548130  HIT:    7973774  MISS:     574356  HIT %:    93.2809  MISS %:    6.71908   MPKI: 2.87178
L1D PREFETCH  REQUESTED:          0  ISSUED:          0  USEFUL:          0  USELESS:          0
L1D USEFUL LOAD PREFETCHES:          0 PREFETCH ISSUED TO LOWER LEVEL:          0  ACCURACY: -nan
L1D TIMELY PREFETCHES:          0 LATE PREFETCHES: 0 DROPPED PREFETCHES: 0
L1D PREFETCHES SAME FILL-ORIGIN LEVEL: 0 DIFFERENT FILL-ORIGIN LEVEL: 0
L1D AVERAGE MISS LATENCY:    74.4336 cycles AVERAGE LOAD MISS LATENCY:    35.2045 cycles Load Miss    3310547
L1D Average MSHR Occupancy:    1.23696
L1D RQ	ACCESS:   61505517	FORWARD:          0	MERGED:   19306350	TO_CACHE:   42161527
L1D WQ	ACCESS:   10110222	FORWARD:      37640	MERGED:      29865	TO_CACHE:   10080357

L1D UNIQUE REGIONS ACCESSED: 0
L1D REGIONS CONFLICTS: 0
L1D Cross Page Prefetch Requests: 0
L1D Same Page Prefetch Requests: 0
L1D ROI Sum of L1D PQ occupancy: 0
L1D PREFETCHES PUSHED FROM L2C: 0
L1I TOTAL     ACCESS:   27265195  HIT:   14118030  MISS:   13147165  HIT %:    51.7804  MISS %:    48.2196   MPKI: 65.7358
L1I LOAD      ACCESS:   27265195  HIT:   14118030  MISS:   13147165  HIT %:    51.7804  MISS %:    48.2196   MPKI: 65.7358
L1I PREFETCH  REQUESTED:          0  ISSUED:          0  USEFUL:          0  USELESS:          0
L1I USEFUL LOAD PREFETCHES:          0 PREFETCH ISSUED TO LOWER LEVEL:          0  ACCURACY: -nan
L1I TIMELY PREFETCHES:          0 LATE PREFETCHES: 0 DROPPED PREFETCHES: 0
L1I PREFETCHES SAME FILL-ORIGIN LEVEL: 0 DIFFERENT FILL-ORIGIN LEVEL: 0
L1I AVERAGE MISS LATENCY:    14.2278 cycles AVERAGE LOAD MISS LATENCY:    14.2278 cycles Load Miss   13147165
L1I Average MSHR Occupancy:   0.763151
L1I RQ	ACCESS:   48523137	FORWARD:          0	MERGED:   20575906	TO_CACHE:   27947231

BTB TOTAL     ACCESS:    9078981  HIT:    9071192  MISS:       7789  HIT %:    99.9142  MISS %:  0.0857916   MPKI: 0.038945
BTB BRANCH_DIRECT_JUMP	ACCESS:     159771  HIT:     159632  MISS:        139
BTB BRANCH_INDIRECT	ACCESS:          8  HIT:          0  MISS:          8
BTB BRANCH_CONDITIONAL	ACCESS:    8584711  HIT:    8583443  MISS:       1268
BTB BRANCH_DIRECT_CALL	ACCESS:     167244  HIT:     166675  MISS:        569
BTB BRANCH_INDIRECT_CALL	ACCESS:          0  HIT:          0  MISS:          0
BTB BRANCH_RETURN	ACCESS:     167247  HIT:     161442  MISS:       5805
BTB BRANCH_OTHER ACCESS:          0  HIT:          0  MISS:          0

L2C TOTAL     ACCESS:   22138873  HIT:   19438812  MISS:    2700061  HIT %:     87.804  MISS %:     12.196   MPKI: 13.5003
L2C LOAD      ACCESS:   16457666  HIT:   16185728  MISS:     271938  HIT %:    98.3477  MISS %:    1.65235   MPKI: 1.35969
L2C DATA LOAD MPKI: 1.32331
L2C INSTRUCTION LOAD MPKI: 0.036375
L2C RFO       ACCESS:     574348  HIT:     165114  MISS:     409234  HIT %:    28.7481  MISS %:    71.2519   MPKI: 2.04617
L2C PREFETCH  ACCESS:    3804577  HIT:    1792775  MISS:    2011802  HIT %:    47.1215  MISS %:    52.8785   MPKI: 10.059
AGUS PREFETCH L1 MISS: 0
L2C DATA PREFETCH MPKI: 10.059
L2C INSTRUCTION PREFETCH MPKI: 0
L2C WRITEBACK ACCESS:    1272260  HIT:    1269975  MISS:       2285  HIT %:    99.8204  MISS %:   0.179602   MPKI: 0.011425
L2C LOAD TRANSLATION ACCESS:      30022  HIT:      25220  MISS:       4802  HIT %:    84.0051  MISS %:    15.9949   MPKI: 0.02401
L2C PREFETCH  REQUESTED:    4072668  ISSUED:    4069571  USEFUL:    1890269  USELESS:     121266
L2C USEFUL LOAD PREFETCHES:    1890269 PREFETCH ISSUED TO LOWER LEVEL:    2143893  ACCURACY: 88.1699
L2C TIMELY PREFETCHES:    1890269 LATE PREFETCHES: 130719 DROPPED PREFETCHES: 0
L2C PREFETCHES SAME FILL-ORIGIN LEVEL: 2142521 DIFFERENT FILL-ORIGIN LEVEL: 1372
L2C AVERAGE MISS LATENCY:    264.829 cycles AVERAGE LOAD MISS LATENCY:    246.256 cycles Load Miss     271938
L2C Average MSHR Occupancy:    3.18632
L2C RQ	ACCESS:   17062090	FORWARD:          0	MERGED:          0	TO_CACHE:   17062036
L2C WQ	ACCESS:    1272260	FORWARD:        122	MERGED:          0	TO_CACHE:    1272260
L2C PQ	ACCESS:    4069571	FORWARD:          0	MERGED:      17308	TO_CACHE:    4052195

L2C Instructions Evicting Data 7254
L2C Translations Evicting Data 4787
L2C Data Evicting Data 2673822
L2C Instructions Evicting Instructions 12
L2C Translations Evicting Instructions 11
L2C Data Evicting Instructions 7104
L2C Instructions Evicting Translations 9
L2C Translations Evicting Translations 4
L2C Data Evicting Translations 4773
L2C Dense regions hint from L2: 0
PSCL5 TOTAL     ACCESS:      29824  HIT:      29824  MISS:          0  HIT %:        100  MISS %:          0   MPKI: 0
PSCL5 LOAD TRANSLATION ACCESS:      29824  HIT:      29824  MISS:          0  HIT %:        100  MISS %:          0   MPKI: 0
PSCL5 PREFETCH  REQUESTED:          0  ISSUED:          0  USEFUL:          0  USELESS:          0
PSCL5 USEFUL LOAD PREFETCHES:          0 PREFETCH ISSUED TO LOWER LEVEL:          0  ACCURACY: -nan
PSCL5 TIMELY PREFETCHES:          0 LATE PREFETCHES: 0 DROPPED PREFETCHES: 0
PSCL5 PREFETCHES SAME FILL-ORIGIN LEVEL: 0 DIFFERENT FILL-ORIGIN LEVEL: 0

PSCL4 TOTAL     ACCESS:      29824  HIT:      29824  MISS:          0  HIT %:        100  MISS %:          0   MPKI: 0
PSCL4 LOAD TRANSLATION ACCESS:      29824  HIT:      29824  MISS:          0  HIT %:        100  MISS %:          0   MPKI: 0
PSCL4 PREFETCH  REQUESTED:          0  ISSUED:          0  USEFUL:          0  USELESS:          0
PSCL4 USEFUL LOAD PREFETCHES:          0 PREFETCH ISSUED TO LOWER LEVEL:          0  ACCURACY: -nan
PSCL4 TIMELY PREFETCHES:          0 LATE PREFETCHES: 0 DROPPED PREFETCHES: 0
PSCL4 PREFETCHES SAME FILL-ORIGIN LEVEL: 0 DIFFERENT FILL-ORIGIN LEVEL: 0

PSCL3 TOTAL     ACCESS:      29824  HIT:      29824  MISS:          0  HIT %:        100  MISS %:          0   MPKI: 0
PSCL3 LOAD TRANSLATION ACCESS:      29824  HIT:      29824  MISS:          0  HIT %:        100  MISS %:          0   MPKI: 0
PSCL3 PREFETCH  REQUESTED:          0  ISSUED:          0  USEFUL:          0  USELESS:          0
PSCL3 USEFUL LOAD PREFETCHES:          0 PREFETCH ISSUED TO LOWER LEVEL:          0  ACCURACY: -nan
PSCL3 TIMELY PREFETCHES:          0 LATE PREFETCHES: 0 DROPPED PREFETCHES: 0
PSCL3 PREFETCHES SAME FILL-ORIGIN LEVEL: 0 DIFFERENT FILL-ORIGIN LEVEL: 0

PSCL2 TOTAL     ACCESS:      29824  HIT:      29626  MISS:        198  HIT %:    99.3361  MISS %:   0.663895   MPKI: 0.00099
PSCL2 LOAD TRANSLATION ACCESS:      29824  HIT:      29626  MISS:        198  HIT %:    99.3361  MISS %:   0.663895   MPKI: 0.00099
PSCL2 PREFETCH  REQUESTED:          0  ISSUED:          0  USEFUL:          0  USELESS:          0
PSCL2 USEFUL LOAD PREFETCHES:          0 PREFETCH ISSUED TO LOWER LEVEL:          0  ACCURACY: -nan
PSCL2 TIMELY PREFETCHES:          0 LATE PREFETCHES: 0 DROPPED PREFETCHES: 0
PSCL2 PREFETCHES SAME FILL-ORIGIN LEVEL: 0 DIFFERENT FILL-ORIGIN LEVEL: 0

LLC TOTAL     ACCESS:    3582416  HIT:     928600  MISS:    2653816  HIT %:    25.9211  MISS %:    74.0789   MPKI: 13.2691
LLC LOAD      ACCESS:     142709  HIT:      33098  MISS:     109611  HIT %:    23.1927  MISS %:    76.8073   MPKI: 0.548055
LLC RFO       ACCESS:     407744  HIT:      15407  MISS:     392337  HIT %:     3.7786  MISS %:    96.2214   MPKI: 1.96168
LLC PREFETCH  ACCESS:    2143756  HIT:     559155  MISS:    1584601  HIT %:     26.083  MISS %:     73.917   MPKI: 7.923
AGUS PREFETCH L1 MISS: 0
LLC WRITEBACK ACCESS:     883405  HIT:     320283  MISS:     563122  HIT %:    36.2555  MISS %:    63.7445   MPKI: 2.81561
LLC LOAD TRANSLATION ACCESS:       4802  HIT:        657  MISS:       4145  HIT %:    13.6818  MISS %:    86.3182   MPKI: 0.020725
LLC PREFETCH  REQUESTED:          0  ISSUED:          0  USEFUL:      24486  USELESS:     655589
LLC USEFUL LOAD PREFETCHES:      24486 PREFETCH ISSUED TO LOWER LEVEL:    1584601  ACCURACY: 1.54525
LLC TIMELY PREFETCHES:      24486 LATE PREFETCHES: 0 DROPPED PREFETCHES: 0
LLC PREFETCHES SAME FILL-ORIGIN LEVEL: 875 DIFFERENT FILL-ORIGIN LEVEL: 0
LLC AVERAGE MISS LATENCY:    237.158 cycles AVERAGE LOAD MISS LATENCY:    284.179 cycles Load Miss     109611
LLC Average MSHR Occupancy:    2.66528
LLC RQ	ACCESS:     555255	FORWARD:          0	MERGED:          0	TO_CACHE:     555255
LLC WQ	ACCESS:     883405	FORWARD:          2	MERGED:          0	TO_CACHE:     883405
LLC PQ	ACCESS:    2143893	FORWARD:          0	MERGED:         24	TO_CACHE:    2143867

LLC Dense regions hint to LLC: 0

RAW hits: 573364
Loads Generated: 62078884
Loads sent to L1D: 61505517
Stores Generated: 10110225
Stores sent to L1D: 10110230
Major fault: 0 Minor fault: 10704
Allocated PAGES: 10704
------------------
Depth Distribution
------------------
depth 0: 435637
depth 1: 57715
depth 2: 111999
depth 3: 107191
depth 4: 86530
depth 5: 130448
depth 6: 148554
depth 7: 618739
depth 8: 1958586
depth 9: 1702864
depth 10: 211849
depth 11: 684954
depth 12: 224085
depth 13: 42751
depth 14: 73210
depth 15: 4844
depth 16: 3249
depth 17: 1375
depth 18: 780
depth 19: 97
depth 20: 21
depth 21: 26
depth 22: 47
depth 23: 0
depth 24: 35
depth 25: 25
depth 26: 0
depth 27: 12
depth 28: 4
depth 29: 0
Total: 6605627
------------------
ST read accesses: 3261259
ST write accesses: 49242
PT read accesses: 147510663
PT write accesses: 4874978
FILTER read accesses: 30109125
FILTER write accesses: 12387653
GHR read accesses: 14344928
GHR write accesses: 2362724
PERC read accesses: 1059672213
PERC write accesses: 32342944
GHR counter read accesses: 6621002
GHR counter write accesses: 10523124
GHR ip read accesses: 22161639
GHR ip write accesses: 13242004
ST tag read accesses: 1300852799
ST tag write accesses: 36391655
================ Mockingjay (LLC) Pollution Stats ================
Total pollution count in LLC: 83579
==================================================================

DRAM Statistics
 CHANNEL 0
 RQ ROW_BUFFER_HIT:     723599  ROW_BUFFER_MISS:    1366901
 DBUS_CONGESTED:       1646
 WQ ROW_BUFFER_HIT:     173255  ROW_BUFFER_MISS:     647805  FULL:      92819

 AVG_CONGESTED_CYCLE: 5
 All warmup complete: 2
Channel 0 Bank busy for read cycles: 0
Channel 0 Bank busy for write cycles: 0
Channel 0
Rank 0
0banks busy for read cycles: 118452285
0banks busy for write cycles: 89826
1banks busy for read cycles: 28953676
1banks busy for write cycles: 12212605
2banks busy for read cycles: 17047900
2banks busy for write cycles: 4301494
3banks busy for read cycles: 8844973
3banks busy for write cycles: 2047873
4banks busy for read cycles: 5564107
4banks busy for write cycles: 1376391
5banks busy for read cycles: 4428485
5banks busy for write cycles: 1078430
6banks busy for read cycles: 3928724
6banks busy for write cycles: 937621
7banks busy for read cycles: 3962996
7banks busy for write cycles: 1923542
8banks busy for read cycles: 8198272
8banks busy for write cycles: 12004243

CPU 0 Branch Prediction Accuracy: 99.7631% MPKI: 0.12963 Average ROB Occupancy at Mispredict: 204.343
Branch types
NOT_BRANCH: 189054143 94.5271%
BRANCH_DIRECT_JUMP: 159771 0.0798855%
BRANCH_INDIRECT: 8 4e-06%
BRANCH_CONDITIONAL: 10451053 5.22553%
BRANCH_DIRECT_CALL: 167244 0.083622%
BRANCH_INDIRECT_CALL: 0 0%
BRANCH_RETURN: 167247 0.0836235%
BRANCH_OTHER: 0 0%

===================== LRU L1D STATS =====================
Total pollution count in L1D: 0
=========================================================
================ SRRIP (L2C) Pollution Stats ================
Total pollution count in L2c: 527196
==================================================================
DRAM PAGES: 1048576
Allocated PAGES: 10704
