Initialize SIGNATURE TABLE
ST_SET: 1
ST_WAY: 256
ST_TAG_BIT: 16
ST_TAG_MASK: ffff

Initialize PATTERN TABLE
PT_SET: 512
PT_WAY: 4
SIG_DELTA_BIT: 7
C_SIG_BIT: 4
C_DELTA_BIT: 4

Initialize PREFETCH FILTER
FILTER_SET: 1024

Initialize PERCEPTRON
PERC_ENTRIES: 4096
PERC_FEATURES: 9

*** ChampSim Multicore Out-of-Order Simulator ***

Warmup Instructions: 200000000
Simulation Instructions: 200000000
Number of CPUs: 1
LLC sets: 4096
LLC ways: 12
Off-chip DRAM Size: 4096 MB Channels: 1 Width: 64-bit Data Rate: 6400 MT/s
CPU 0 runs ./tracer/traces/654.roms_s-1390B.champsimtrace.xz
.xz
BTB has LRU replacement policy
ITLB has LRU replacement policy
DTLB has LRU replacement policy
STLB has LRU replacement policy
L1I has LRU replacement policy
L1D has LRU replacement policy
PERC_ENTRIES: 4096
Initialize SRRIP state for L2C
Initialize Mockingjay state for LLC
Heartbeat CPU 0 instructions: 10000000 cycles: 3401947 heartbeat IPC: 2.93949 cumulative IPC: 2.93949 (Simulation time: 0 hr 0 min 47 sec) 
Heartbeat CPU 0 instructions: 20000000 cycles: 6332191 heartbeat IPC: 3.41269 cumulative IPC: 3.15846 (Simulation time: 0 hr 1 min 22 sec) 
Heartbeat CPU 0 instructions: 30000007 cycles: 9283227 heartbeat IPC: 3.38864 cumulative IPC: 3.23164 (Simulation time: 0 hr 1 min 53 sec) 
Heartbeat CPU 0 instructions: 40000004 cycles: 12451118 heartbeat IPC: 3.15667 cumulative IPC: 3.21256 (Simulation time: 0 hr 2 min 42 sec) 
Heartbeat CPU 0 instructions: 50000004 cycles: 16211567 heartbeat IPC: 2.65926 cumulative IPC: 3.08422 (Simulation time: 0 hr 3 min 53 sec) 
Heartbeat CPU 0 instructions: 60000005 cycles: 18106081 heartbeat IPC: 5.2784 cumulative IPC: 3.3138 (Simulation time: 0 hr 4 min 47 sec) 
Heartbeat CPU 0 instructions: 70000003 cycles: 19927029 heartbeat IPC: 5.49164 cumulative IPC: 3.51282 (Simulation time: 0 hr 5 min 40 sec) 
Heartbeat CPU 0 instructions: 80000004 cycles: 21746924 heartbeat IPC: 5.49482 cumulative IPC: 3.67868 (Simulation time: 0 hr 6 min 28 sec) 
Heartbeat CPU 0 instructions: 90000000 cycles: 24268780 heartbeat IPC: 3.96533 cumulative IPC: 3.70847 (Simulation time: 0 hr 7 min 5 sec) 
Heartbeat CPU 0 instructions: 100000005 cycles: 26798433 heartbeat IPC: 3.95311 cumulative IPC: 3.73156 (Simulation time: 0 hr 7 min 33 sec) 
Heartbeat CPU 0 instructions: 110000001 cycles: 29471384 heartbeat IPC: 3.74118 cumulative IPC: 3.73243 (Simulation time: 0 hr 7 min 57 sec) 
Heartbeat CPU 0 instructions: 120000006 cycles: 32382776 heartbeat IPC: 3.43478 cumulative IPC: 3.70567 (Simulation time: 0 hr 8 min 17 sec) 
Heartbeat CPU 0 instructions: 130000001 cycles: 35164148 heartbeat IPC: 3.59535 cumulative IPC: 3.69695 (Simulation time: 0 hr 8 min 39 sec) 
Heartbeat CPU 0 instructions: 140000007 cycles: 38768198 heartbeat IPC: 2.77466 cumulative IPC: 3.61121 (Simulation time: 0 hr 9 min 23 sec) 
Heartbeat CPU 0 instructions: 150000003 cycles: 42383693 heartbeat IPC: 2.76587 cumulative IPC: 3.5391 (Simulation time: 0 hr 9 min 58 sec) 
Heartbeat CPU 0 instructions: 160000000 cycles: 46580271 heartbeat IPC: 2.38289 cumulative IPC: 3.43493 (Simulation time: 0 hr 10 min 56 sec) 
Heartbeat CPU 0 instructions: 170000001 cycles: 50621030 heartbeat IPC: 2.47478 cumulative IPC: 3.35829 (Simulation time: 0 hr 11 min 46 sec) 
Heartbeat CPU 0 instructions: 180000000 cycles: 54566584 heartbeat IPC: 2.5345 cumulative IPC: 3.29872 (Simulation time: 0 hr 12 min 26 sec) 
Heartbeat CPU 0 instructions: 190000001 cycles: 57456345 heartbeat IPC: 3.46049 cumulative IPC: 3.30686 (Simulation time: 0 hr 12 min 44 sec) 
Heartbeat CPU 0 instructions: 200000006 cycles: 59883424 heartbeat IPC: 4.12018 cumulative IPC: 3.33982 (Simulation time: 0 hr 12 min 59 sec) 

Warmup complete CPU 0 instructions: 200000006 cycles: 59883424 (Simulation time: 0 hr 12 min 59 sec) 

Heartbeat CPU 0 instructions: 210000002 cycles: 68035186 heartbeat IPC: 1.22673 cumulative IPC: 1.22673 (Simulation time: 0 hr 13 min 48 sec) 
Heartbeat CPU 0 instructions: 220000000 cycles: 79850562 heartbeat IPC: 0.846355 cumulative IPC: 1.00165 (Simulation time: 0 hr 14 min 31 sec) 
Heartbeat CPU 0 instructions: 230000006 cycles: 108613308 heartbeat IPC: 0.347672 cumulative IPC: 0.615639 (Simulation time: 0 hr 15 min 14 sec) 
Heartbeat CPU 0 instructions: 240000002 cycles: 119547014 heartbeat IPC: 0.914603 cumulative IPC: 0.670426 (Simulation time: 0 hr 16 min 41 sec) 
Heartbeat CPU 0 instructions: 250000004 cycles: 129531086 heartbeat IPC: 1.0016 cumulative IPC: 0.717899 (Simulation time: 0 hr 18 min 7 sec) 
Heartbeat CPU 0 instructions: 260000002 cycles: 138911649 heartbeat IPC: 1.06603 cumulative IPC: 0.759222 (Simulation time: 0 hr 19 min 13 sec) 
Heartbeat CPU 0 instructions: 270000000 cycles: 144225850 heartbeat IPC: 1.88175 cumulative IPC: 0.82995 (Simulation time: 0 hr 20 min 0 sec) 
Heartbeat CPU 0 instructions: 280000006 cycles: 149569842 heartbeat IPC: 1.87126 cumulative IPC: 0.891997 (Simulation time: 0 hr 20 min 58 sec) 
Heartbeat CPU 0 instructions: 290000000 cycles: 156251432 heartbeat IPC: 1.49665 cumulative IPC: 0.93392 (Simulation time: 0 hr 21 min 54 sec) 
Heartbeat CPU 0 instructions: 300000000 cycles: 177108202 heartbeat IPC: 0.479461 cumulative IPC: 0.853062 (Simulation time: 0 hr 22 min 59 sec) 
Heartbeat CPU 0 instructions: 310000004 cycles: 204154284 heartbeat IPC: 0.369739 cumulative IPC: 0.762455 (Simulation time: 0 hr 23 min 58 sec) 
Heartbeat CPU 0 instructions: 320000000 cycles: 224519735 heartbeat IPC: 0.491027 cumulative IPC: 0.728879 (Simulation time: 0 hr 24 min 51 sec) 
Heartbeat CPU 0 instructions: 330000000 cycles: 241380646 heartbeat IPC: 0.593088 cumulative IPC: 0.716264 (Simulation time: 0 hr 25 min 37 sec) 
Heartbeat CPU 0 instructions: 340000000 cycles: 267579032 heartbeat IPC: 0.381703 cumulative IPC: 0.674063 (Simulation time: 0 hr 26 min 34 sec) 
Heartbeat CPU 0 instructions: 350000000 cycles: 283983132 heartbeat IPC: 0.609604 cumulative IPC: 0.669345 (Simulation time: 0 hr 27 min 33 sec) 
Heartbeat CPU 0 instructions: 360000000 cycles: 310625778 heartbeat IPC: 0.375338 cumulative IPC: 0.638105 (Simulation time: 0 hr 28 min 38 sec) 
Heartbeat CPU 0 instructions: 370000000 cycles: 338609924 heartbeat IPC: 0.357345 cumulative IPC: 0.609917 (Simulation time: 0 hr 29 min 37 sec) 
Heartbeat CPU 0 instructions: 380000000 cycles: 359733774 heartbeat IPC: 0.473399 cumulative IPC: 0.600299 (Simulation time: 0 hr 30 min 26 sec) 
Heartbeat CPU 0 instructions: 390000001 cycles: 381323579 heartbeat IPC: 0.463182 cumulative IPC: 0.59109 (Simulation time: 0 hr 31 min 18 sec) 
Heartbeat CPU 0 instructions: 400000000 cycles: 393150647 heartbeat IPC: 0.845518 cumulative IPC: 0.600119 (Simulation time: 0 hr 31 min 53 sec) 
Finished CPU 0 instructions: 200000006 cycles: 333267599 cumulative IPC: 0.600118 (Simulation time: 0 hr 31 min 53 sec) 

ChampSim completed all CPUs

Region of Interest Statistics

CPU 0 cumulative IPC: 0.600118 instructions: 200000006 cycles: 333267599
ITLB TOTAL     ACCESS:   25413354  HIT:   25413354  MISS:          0  HIT %:        100  MISS %:          0   MPKI: 0
ITLB LOAD TRANSLATION ACCESS:   25413354  HIT:   25413354  MISS:          0  HIT %:        100  MISS %:          0   MPKI: 0
ITLB PREFETCH  REQUESTED:          0  ISSUED:          0  USEFUL:          0  USELESS:          0
ITLB USEFUL LOAD PREFETCHES:          0 PREFETCH ISSUED TO LOWER LEVEL:          0  ACCURACY: -nan
ITLB TIMELY PREFETCHES:          0 LATE PREFETCHES: 0 DROPPED PREFETCHES: 0
ITLB PREFETCHES SAME FILL-ORIGIN LEVEL: 0 DIFFERENT FILL-ORIGIN LEVEL: 0
ITLB AVERAGE MISS LATENCY:       -nan cycles AVERAGE LOAD MISS LATENCY:       -nan cycles Load Miss          0
ITLB Average MSHR Occupancy: 5.52109e-07
ITLB RQ	ACCESS:   31495085	FORWARD:          0	MERGED:    6081732	TO_CACHE:   25413353

DTLB TOTAL     ACCESS:   59062026  HIT:   58871735  MISS:     190291  HIT %:    99.6778  MISS %:   0.322188   MPKI: 0.951455
DTLB LOAD TRANSLATION ACCESS:   59062026  HIT:   58871735  MISS:     190291  HIT %:    99.6778  MISS %:   0.322188   MPKI: 0.951455
DTLB PREFETCH  REQUESTED:          0  ISSUED:          0  USEFUL:          0  USELESS:          0
DTLB USEFUL LOAD PREFETCHES:          0 PREFETCH ISSUED TO LOWER LEVEL:          0  ACCURACY: -nan
DTLB TIMELY PREFETCHES:          0 LATE PREFETCHES: 0 DROPPED PREFETCHES: 0
DTLB PREFETCHES SAME FILL-ORIGIN LEVEL: 0 DIFFERENT FILL-ORIGIN LEVEL: 0
DTLB AVERAGE MISS LATENCY:    86.5855 cycles AVERAGE LOAD MISS LATENCY:       -nan cycles Load Miss          0
DTLB Average MSHR Occupancy:  0.0479535
DTLB RQ	ACCESS:   69429038	FORWARD:          0	MERGED:   10305977	TO_CACHE:   59123061

STLB TOTAL     ACCESS:     190291  HIT:      77362  MISS:     112929  HIT %:    40.6546  MISS %:    59.3454   MPKI: 0.564645
STLB LOAD TRANSLATION ACCESS:     190291  HIT:      77362  MISS:     112929  HIT %:    40.6546  MISS %:    59.3454   MPKI: 0.564645
STLB PREFETCH  REQUESTED:          0  ISSUED:          0  USEFUL:          0  USELESS:          0
STLB USEFUL LOAD PREFETCHES:          0 PREFETCH ISSUED TO LOWER LEVEL:          0  ACCURACY: -nan
STLB TIMELY PREFETCHES:          0 LATE PREFETCHES: 0 DROPPED PREFETCHES: 0
STLB PREFETCHES SAME FILL-ORIGIN LEVEL: 0 DIFFERENT FILL-ORIGIN LEVEL: 0
STLB AVERAGE MISS LATENCY:    130.636 cycles AVERAGE LOAD MISS LATENCY:       -nan cycles Load Miss          0
STLB Average MSHR Occupancy:   0.042672
STLB RQ	ACCESS:     190291	FORWARD:          0	MERGED:          0	TO_CACHE:     190291

STLB Hit, L1D data hit: 0
STLB Hit, L2C data hit: 0
STLB Hit, LLC data hit: 0
STLB Hit, LLC data miss: 0
STLB STLB hints to L2: 0
L1D TOTAL     ACCESS:   64477640  HIT:   58869616  MISS:    5608024  HIT %:    91.3024  MISS %:    8.69763   MPKI: 28.0401
L1D LOAD      ACCESS:   56013580  HIT:   51568351  MISS:    4445229  HIT %:     92.064  MISS %:    7.93598   MPKI: 22.2261
L1D RFO       ACCESS:    8464060  HIT:    7301265  MISS:    1162795  HIT %:     86.262  MISS %:     13.738   MPKI: 5.81397
L1D PREFETCH  REQUESTED:          0  ISSUED:          0  USEFUL:          0  USELESS:          0
L1D USEFUL LOAD PREFETCHES:          0 PREFETCH ISSUED TO LOWER LEVEL:          0  ACCURACY: -nan
L1D TIMELY PREFETCHES:          0 LATE PREFETCHES: 0 DROPPED PREFETCHES: 0
L1D PREFETCHES SAME FILL-ORIGIN LEVEL: 0 DIFFERENT FILL-ORIGIN LEVEL: 0
L1D AVERAGE MISS LATENCY:    77.9255 cycles AVERAGE LOAD MISS LATENCY:    25.3349 cycles Load Miss    4445229
L1D Average MSHR Occupancy:    1.31798
L1D RQ	ACCESS:   76668287	FORWARD:          0	MERGED:   20132503	TO_CACHE:   56477227
L1D WQ	ACCESS:   12951922	FORWARD:      58557	MERGED:        111	TO_CACHE:   12951811

L1D UNIQUE REGIONS ACCESSED: 0
L1D REGIONS CONFLICTS: 0
L1D Cross Page Prefetch Requests: 0
L1D Same Page Prefetch Requests: 0
L1D ROI Sum of L1D PQ occupancy: 0
L1D PREFETCHES PUSHED FROM L2C: 0
L1I TOTAL     ACCESS:   30989665  HIT:    8289006  MISS:   22700659  HIT %:    26.7476  MISS %:    73.2524   MPKI: 113.503
L1I LOAD      ACCESS:   30989665  HIT:    8289006  MISS:   22700659  HIT %:    26.7476  MISS %:    73.2524   MPKI: 113.503
L1I PREFETCH  REQUESTED:          0  ISSUED:          0  USEFUL:          0  USELESS:          0
L1I USEFUL LOAD PREFETCHES:          0 PREFETCH ISSUED TO LOWER LEVEL:          0  ACCURACY: -nan
L1I TIMELY PREFETCHES:          0 LATE PREFETCHES: 0 DROPPED PREFETCHES: 0
L1I PREFETCHES SAME FILL-ORIGIN LEVEL: 0 DIFFERENT FILL-ORIGIN LEVEL: 0
L1I AVERAGE MISS LATENCY:    14.0279 cycles AVERAGE LOAD MISS LATENCY:    14.0279 cycles Load Miss   22700659
L1I Average MSHR Occupancy:   0.913866
L1I RQ	ACCESS:   46379708	FORWARD:          0	MERGED:   14884623	TO_CACHE:   31495085

BTB TOTAL     ACCESS:    6786582  HIT:    6786283  MISS:        299  HIT %:    99.9956  MISS %: 0.00440575   MPKI: 0.001495
BTB BRANCH_DIRECT_JUMP	ACCESS:       1192  HIT:       1166  MISS:         26
BTB BRANCH_INDIRECT	ACCESS:          0  HIT:          0  MISS:          0
BTB BRANCH_CONDITIONAL	ACCESS:    6785118  HIT:    6784968  MISS:        150
BTB BRANCH_DIRECT_CALL	ACCESS:        136  HIT:         76  MISS:         60
BTB BRANCH_INDIRECT_CALL	ACCESS:          0  HIT:          0  MISS:          0
BTB BRANCH_RETURN	ACCESS:        136  HIT:         73  MISS:         63
BTB BRANCH_OTHER ACCESS:          0  HIT:          0  MISS:          0

L2C TOTAL     ACCESS:   35336675  HIT:   30038108  MISS:    5298567  HIT %:    85.0055  MISS %:    14.9945   MPKI: 26.4928
L2C LOAD      ACCESS:   27145876  HIT:   26959058  MISS:     186818  HIT %:    99.3118  MISS %:     0.6882   MPKI: 0.93409
L2C DATA LOAD MPKI: 0.930365
L2C INSTRUCTION LOAD MPKI: 0.003725
L2C RFO       ACCESS:    1162795  HIT:         55  MISS:    1162740  HIT %: 0.00472998  MISS %:    99.9953   MPKI: 5.8137
L2C PREFETCH  ACCESS:    5483281  HIT:    1560392  MISS:    3922889  HIT %:    28.4573  MISS %:    71.5427   MPKI: 19.6144
AGUS PREFETCH L1 MISS: 0
L2C DATA PREFETCH MPKI: 19.6144
L2C INSTRUCTION PREFETCH MPKI: 0
L2C WRITEBACK ACCESS:    1430969  HIT:    1428549  MISS:       2420  HIT %:    99.8309  MISS %:   0.169116   MPKI: 0.0121
L2C LOAD TRANSLATION ACCESS:     113754  HIT:      90054  MISS:      23700  HIT %:    79.1656  MISS %:    20.8344   MPKI: 0.1185
L2C PREFETCH  REQUESTED:    5625392  ISSUED:    5625326  USEFUL:    3692626  USELESS:     230593
L2C USEFUL LOAD PREFETCHES:    3692626 PREFETCH ISSUED TO LOWER LEVEL:    3975276  ACCURACY: 92.8898
L2C TIMELY PREFETCHES:    3692626 LATE PREFETCHES: 52040 DROPPED PREFETCHES: 0
L2C PREFETCHES SAME FILL-ORIGIN LEVEL: 3974929 DIFFERENT FILL-ORIGIN LEVEL: 347
L2C AVERAGE MISS LATENCY:    278.201 cycles AVERAGE LOAD MISS LATENCY:    246.538 cycles Load Miss     186818
L2C Average MSHR Occupancy:    4.46033
L2C RQ	ACCESS:   28422436	FORWARD:          0	MERGED:          0	TO_CACHE:   28422425
L2C WQ	ACCESS:    1430969	FORWARD:         11	MERGED:          0	TO_CACHE:    1430969
L2C PQ	ACCESS:    5625326	FORWARD:          0	MERGED:       5638	TO_CACHE:    5619688

L2C Instructions Evicting Data 728
L2C Translations Evicting Data 23572
L2C Data Evicting Data 5247349
L2C Instructions Evicting Instructions 1
L2C Translations Evicting Instructions 3
L2C Data Evicting Instructions 744
L2C Instructions Evicting Translations 16
L2C Translations Evicting Translations 125
L2C Data Evicting Translations 23609
L2C Dense regions hint from L2: 0
PSCL5 TOTAL     ACCESS:     112929  HIT:     112929  MISS:          0  HIT %:        100  MISS %:          0   MPKI: 0
PSCL5 LOAD TRANSLATION ACCESS:     112929  HIT:     112929  MISS:          0  HIT %:        100  MISS %:          0   MPKI: 0
PSCL5 PREFETCH  REQUESTED:          0  ISSUED:          0  USEFUL:          0  USELESS:          0
PSCL5 USEFUL LOAD PREFETCHES:          0 PREFETCH ISSUED TO LOWER LEVEL:          0  ACCURACY: -nan
PSCL5 TIMELY PREFETCHES:          0 LATE PREFETCHES: 0 DROPPED PREFETCHES: 0
PSCL5 PREFETCHES SAME FILL-ORIGIN LEVEL: 0 DIFFERENT FILL-ORIGIN LEVEL: 0

PSCL4 TOTAL     ACCESS:     112929  HIT:     112929  MISS:          0  HIT %:        100  MISS %:          0   MPKI: 0
PSCL4 LOAD TRANSLATION ACCESS:     112929  HIT:     112929  MISS:          0  HIT %:        100  MISS %:          0   MPKI: 0
PSCL4 PREFETCH  REQUESTED:          0  ISSUED:          0  USEFUL:          0  USELESS:          0
PSCL4 USEFUL LOAD PREFETCHES:          0 PREFETCH ISSUED TO LOWER LEVEL:          0  ACCURACY: -nan
PSCL4 TIMELY PREFETCHES:          0 LATE PREFETCHES: 0 DROPPED PREFETCHES: 0
PSCL4 PREFETCHES SAME FILL-ORIGIN LEVEL: 0 DIFFERENT FILL-ORIGIN LEVEL: 0

PSCL3 TOTAL     ACCESS:     112562  HIT:     112553  MISS:          9  HIT %:     99.992  MISS %: 0.00799559   MPKI: 4.5e-05
PSCL3 LOAD TRANSLATION ACCESS:     112562  HIT:     112553  MISS:          9  HIT %:     99.992  MISS %: 0.00799559   MPKI: 4.5e-05
PSCL3 PREFETCH  REQUESTED:          0  ISSUED:          0  USEFUL:          0  USELESS:          0
PSCL3 USEFUL LOAD PREFETCHES:          0 PREFETCH ISSUED TO LOWER LEVEL:          0  ACCURACY: -nan
PSCL3 TIMELY PREFETCHES:          0 LATE PREFETCHES: 0 DROPPED PREFETCHES: 0
PSCL3 PREFETCHES SAME FILL-ORIGIN LEVEL: 0 DIFFERENT FILL-ORIGIN LEVEL: 0

PSCL2 TOTAL     ACCESS:     112929  HIT:     112108  MISS:        821  HIT %:     99.273  MISS %:   0.727005   MPKI: 0.004105
PSCL2 LOAD TRANSLATION ACCESS:     112929  HIT:     112108  MISS:        821  HIT %:     99.273  MISS %:   0.727005   MPKI: 0.004105
PSCL2 PREFETCH  REQUESTED:          0  ISSUED:          0  USEFUL:          0  USELESS:          0
PSCL2 USEFUL LOAD PREFETCHES:          0 PREFETCH ISSUED TO LOWER LEVEL:          0  ACCURACY: -nan
PSCL2 TIMELY PREFETCHES:          0 LATE PREFETCHES: 0 DROPPED PREFETCHES: 0
PSCL2 PREFETCHES SAME FILL-ORIGIN LEVEL: 0 DIFFERENT FILL-ORIGIN LEVEL: 0

LLC TOTAL     ACCESS:    6725914  HIT:     791936  MISS:    5933978  HIT %:    11.7744  MISS %:    88.2256   MPKI: 29.6699
LLC LOAD      ACCESS:     134781  HIT:      14252  MISS:     120529  HIT %:    10.5742  MISS %:    89.4258   MPKI: 0.602645
LLC RFO       ACCESS:    1162737  HIT:     161067  MISS:    1001670  HIT %:    13.8524  MISS %:    86.1476   MPKI: 5.00835
LLC PREFETCH  ACCESS:    3975273  HIT:     282529  MISS:    3692744  HIT %:    7.10716  MISS %:    92.8928   MPKI: 18.4637
AGUS PREFETCH L1 MISS: 0
LLC WRITEBACK ACCESS:    1429423  HIT:     330491  MISS:    1098932  HIT %:    23.1206  MISS %:    76.8794   MPKI: 5.49466
LLC LOAD TRANSLATION ACCESS:      23700  HIT:       3597  MISS:      20103  HIT %:    15.1772  MISS %:    84.8228   MPKI: 0.100515
LLC PREFETCH  REQUESTED:          0  ISSUED:          0  USEFUL:      97427  USELESS:     367833
LLC USEFUL LOAD PREFETCHES:      97427 PREFETCH ISSUED TO LOWER LEVEL:    3692746  ACCURACY: 2.63833
LLC TIMELY PREFETCHES:      97427 LATE PREFETCHES: 2 DROPPED PREFETCHES: 0
LLC PREFETCHES SAME FILL-ORIGIN LEVEL: 245 DIFFERENT FILL-ORIGIN LEVEL: 0
LLC AVERAGE MISS LATENCY:    210.754 cycles AVERAGE LOAD MISS LATENCY:    245.885 cycles Load Miss     120529
LLC Average MSHR Occupancy:    3.73807
LLC RQ	ACCESS:    1321218	FORWARD:          0	MERGED:          0	TO_CACHE:    1321218
LLC WQ	ACCESS:    1429424	FORWARD:          0	MERGED:          0	TO_CACHE:    1429424
LLC PQ	ACCESS:    3975276	FORWARD:          0	MERGED:          1	TO_CACHE:    3975275

LLC Dense regions hint to LLC: 0

RAW hits: 3119934
Loads Generated: 79788225
Loads sent to L1D: 76668287
Stores Generated: 12953045
Stores sent to L1D: 12953045
Major fault: 0 Minor fault: 55470
Allocated PAGES: 55470
------------------
Depth Distribution
------------------
depth 0: 140181
depth 1: 11584
depth 2: 12867
depth 3: 12114
depth 4: 18992
depth 5: 151680
depth 6: 1230951
depth 7: 1949382
depth 8: 1798431
depth 9: 2290501
depth 10: 265789
depth 11: 658875
depth 12: 226525
depth 13: 37982
depth 14: 261212
depth 15: 30162
depth 16: 19031
depth 17: 8022
depth 18: 3840
depth 19: 248
depth 20: 10
depth 21: 0
depth 22: 0
depth 23: 0
depth 24: 0
depth 25: 0
depth 26: 0
depth 27: 0
depth 28: 0
depth 29: 0
Total: 9128379
------------------
ST read accesses: 4352034
ST write accesses: 93183
PT read accesses: 204197296
PT write accesses: 6481019
FILTER read accesses: 42178921
FILTER write accesses: 20223744
GHR read accesses: 17200374
GHR write accesses: 2871008
PERC read accesses: 1476558198
PERC write accesses: 45346792
GHR counter read accesses: 8890434
GHR counter write accesses: 14419601
GHR ip read accesses: 30231480
GHR ip write accesses: 17780868
ST tag read accesses: 1757187218
ST tag write accesses: 53677937
================ Mockingjay (LLC) Pollution Stats ================
Total pollution count in LLC: 33331
==================================================================

DRAM Statistics
 CHANNEL 0
 RQ ROW_BUFFER_HIT:    1003735  ROW_BUFFER_MISS:    3831308
 DBUS_CONGESTED:       1445
 WQ ROW_BUFFER_HIT:     365953  ROW_BUFFER_MISS:     999159  FULL:      38589

 AVG_CONGESTED_CYCLE: 4
 All warmup complete: 2
Channel 0 Bank busy for read cycles: 0
Channel 0 Bank busy for write cycles: 0
Channel 0
Rank 0
0banks busy for read cycles: 33733490
0banks busy for write cycles: 90933
1banks busy for read cycles: 83411530
1banks busy for write cycles: 13098877
2banks busy for read cycles: 57345505
2banks busy for write cycles: 7434900
3banks busy for read cycles: 36575751
3banks busy for write cycles: 4421690
4banks busy for read cycles: 22881823
4banks busy for write cycles: 2920036
5banks busy for read cycles: 15275307
5banks busy for write cycles: 2203786
6banks busy for read cycles: 9961921
6banks busy for write cycles: 1890603
7banks busy for read cycles: 6338547
7banks busy for write cycles: 3236539
8banks busy for read cycles: 7547112
8banks busy for write cycles: 24899250

CPU 0 Branch Prediction Accuracy: 99.7719% MPKI: 0.077665 Average ROB Occupancy at Mispredict: 124.385
Branch types
NOT_BRANCH: 193189758 96.5949%
BRANCH_DIRECT_JUMP: 1192 0.000596%
BRANCH_INDIRECT: 0 0%
BRANCH_CONDITIONAL: 6808589 3.40429%
BRANCH_DIRECT_CALL: 136 6.8e-05%
BRANCH_INDIRECT_CALL: 0 0%
BRANCH_RETURN: 136 6.8e-05%
BRANCH_OTHER: 0 0%

===================== LRU L1D STATS =====================
Total pollution count in L1D: 0
=========================================================
================ SRRIP (L2C) Pollution Stats ================
Total pollution count in L2c: 342330
==================================================================
DRAM PAGES: 1048576
Allocated PAGES: 55470
