Initialize SIGNATURE TABLE
ST_SET: 1
ST_WAY: 256
ST_TAG_BIT: 16
ST_TAG_MASK: ffff

Initialize PATTERN TABLE
PT_SET: 512
PT_WAY: 4
SIG_DELTA_BIT: 7
C_SIG_BIT: 4
C_DELTA_BIT: 4

Initialize PREFETCH FILTER
FILTER_SET: 1024

*** ChampSim Multicore Out-of-Order Simulator ***

Warmup Instructions: 200000000
Simulation Instructions: 200000000
Number of CPUs: 1
LLC sets: 4096
LLC ways: 12
Off-chip DRAM Size: 4096 MB Channels: 1 Width: 64-bit Data Rate: 6400 MT/s
CPU 0 runs /home1/sweta/traces/DPC4-Traces/AI_ML/vit.cpp-large-ggml-model-f16.gguf.armadillo.1.champsimtrace.gz
.gz
BTB has LRU replacement policy
ITLB has LRU replacement policy
DTLB has LRU replacement policy
STLB has LRU replacement policy
L1I has LRU replacement policy
L1D has LRU replacement policy
ST_WAYS: 256
PT_SETS: 512
Initialize SRRIP state for L2C
Initialize Mockingjay state for LLC
Heartbeat CPU 0 instructions: 10000000 cycles: 2510686 heartbeat IPC: 3.98298 cumulative IPC: 3.98298 (Simulation time: 0 hr 0 min 24 sec) 
Heartbeat CPU 0 instructions: 20000002 cycles: 5021194 heartbeat IPC: 3.98326 cumulative IPC: 3.98312 (Simulation time: 0 hr 0 min 49 sec) 
Heartbeat CPU 0 instructions: 30000003 cycles: 7531723 heartbeat IPC: 3.98322 cumulative IPC: 3.98315 (Simulation time: 0 hr 1 min 14 sec) 
Heartbeat CPU 0 instructions: 40000002 cycles: 10042292 heartbeat IPC: 3.98316 cumulative IPC: 3.98315 (Simulation time: 0 hr 1 min 40 sec) 
Heartbeat CPU 0 instructions: 50000007 cycles: 12552819 heartbeat IPC: 3.98323 cumulative IPC: 3.98317 (Simulation time: 0 hr 2 min 4 sec) 
Heartbeat CPU 0 instructions: 60000007 cycles: 15063268 heartbeat IPC: 3.98335 cumulative IPC: 3.9832 (Simulation time: 0 hr 2 min 29 sec) 
Heartbeat CPU 0 instructions: 70000004 cycles: 17573794 heartbeat IPC: 3.98323 cumulative IPC: 3.9832 (Simulation time: 0 hr 2 min 54 sec) 
Heartbeat CPU 0 instructions: 80000004 cycles: 20084243 heartbeat IPC: 3.98335 cumulative IPC: 3.98322 (Simulation time: 0 hr 3 min 19 sec) 
Heartbeat CPU 0 instructions: 90000000 cycles: 22594505 heartbeat IPC: 3.98365 cumulative IPC: 3.98327 (Simulation time: 0 hr 3 min 44 sec) 
Heartbeat CPU 0 instructions: 100000000 cycles: 25104674 heartbeat IPC: 3.9838 cumulative IPC: 3.98332 (Simulation time: 0 hr 4 min 8 sec) 
Heartbeat CPU 0 instructions: 110000000 cycles: 27615733 heartbeat IPC: 3.98238 cumulative IPC: 3.98324 (Simulation time: 0 hr 4 min 32 sec) 
Heartbeat CPU 0 instructions: 120000003 cycles: 30553805 heartbeat IPC: 3.40359 cumulative IPC: 3.9275 (Simulation time: 0 hr 4 min 50 sec) 
Heartbeat CPU 0 instructions: 130000002 cycles: 32965600 heartbeat IPC: 4.14629 cumulative IPC: 3.9435 (Simulation time: 0 hr 5 min 12 sec) 
Heartbeat CPU 0 instructions: 140000001 cycles: 35375931 heartbeat IPC: 4.14881 cumulative IPC: 3.95749 (Simulation time: 0 hr 5 min 33 sec) 
Heartbeat CPU 0 instructions: 150000000 cycles: 37786261 heartbeat IPC: 4.14881 cumulative IPC: 3.9697 (Simulation time: 0 hr 5 min 54 sec) 
Heartbeat CPU 0 instructions: 160000005 cycles: 40196683 heartbeat IPC: 4.14865 cumulative IPC: 3.98043 (Simulation time: 0 hr 6 min 15 sec) 
Heartbeat CPU 0 instructions: 170000005 cycles: 42607114 heartbeat IPC: 4.14864 cumulative IPC: 3.98994 (Simulation time: 0 hr 6 min 36 sec) 
Heartbeat CPU 0 instructions: 180000000 cycles: 45017546 heartbeat IPC: 4.14863 cumulative IPC: 3.99844 (Simulation time: 0 hr 6 min 57 sec) 
Heartbeat CPU 0 instructions: 190000003 cycles: 47427888 heartbeat IPC: 4.14879 cumulative IPC: 4.00608 (Simulation time: 0 hr 7 min 18 sec) 
Heartbeat CPU 0 instructions: 200000002 cycles: 49838263 heartbeat IPC: 4.14873 cumulative IPC: 4.01298 (Simulation time: 0 hr 7 min 39 sec) 

Warmup complete CPU 0 instructions: 200000002 cycles: 49838263 (Simulation time: 0 hr 7 min 39 sec) 

Heartbeat CPU 0 instructions: 210000002 cycles: 59689238 heartbeat IPC: 1.01513 cumulative IPC: 1.01513 (Simulation time: 0 hr 7 min 57 sec) 
Heartbeat CPU 0 instructions: 220000004 cycles: 69540048 heartbeat IPC: 1.01515 cumulative IPC: 1.01514 (Simulation time: 0 hr 8 min 15 sec) 
Heartbeat CPU 0 instructions: 230000004 cycles: 79393643 heartbeat IPC: 1.01486 cumulative IPC: 1.01504 (Simulation time: 0 hr 8 min 34 sec) 
Heartbeat CPU 0 instructions: 240000000 cycles: 89251543 heartbeat IPC: 1.01441 cumulative IPC: 1.01489 (Simulation time: 0 hr 8 min 52 sec) 
Heartbeat CPU 0 instructions: 250000000 cycles: 99104753 heartbeat IPC: 1.0149 cumulative IPC: 1.01489 (Simulation time: 0 hr 9 min 11 sec) 
Heartbeat CPU 0 instructions: 260000007 cycles: 108960724 heartbeat IPC: 1.01461 cumulative IPC: 1.01484 (Simulation time: 0 hr 9 min 30 sec) 
Heartbeat CPU 0 instructions: 270000000 cycles: 118816134 heartbeat IPC: 1.01467 cumulative IPC: 1.01482 (Simulation time: 0 hr 9 min 48 sec) 
Heartbeat CPU 0 instructions: 280000002 cycles: 128673983 heartbeat IPC: 1.01442 cumulative IPC: 1.01477 (Simulation time: 0 hr 10 min 6 sec) 
Heartbeat CPU 0 instructions: 290000001 cycles: 138528444 heartbeat IPC: 1.01477 cumulative IPC: 1.01477 (Simulation time: 0 hr 10 min 25 sec) 
Heartbeat CPU 0 instructions: 300000000 cycles: 148385350 heartbeat IPC: 1.01452 cumulative IPC: 1.01474 (Simulation time: 0 hr 10 min 43 sec) 
Heartbeat CPU 0 instructions: 310000005 cycles: 158244129 heartbeat IPC: 1.01432 cumulative IPC: 1.01471 (Simulation time: 0 hr 11 min 1 sec) 
Heartbeat CPU 0 instructions: 320000000 cycles: 168098051 heartbeat IPC: 1.01482 cumulative IPC: 1.01472 (Simulation time: 0 hr 11 min 20 sec) 
Heartbeat CPU 0 instructions: 330000007 cycles: 177956113 heartbeat IPC: 1.0144 cumulative IPC: 1.01469 (Simulation time: 0 hr 11 min 38 sec) 
Heartbeat CPU 0 instructions: 340000000 cycles: 187811463 heartbeat IPC: 1.01468 cumulative IPC: 1.01469 (Simulation time: 0 hr 11 min 57 sec) 
Heartbeat CPU 0 instructions: 350000005 cycles: 197669865 heartbeat IPC: 1.01436 cumulative IPC: 1.01467 (Simulation time: 0 hr 12 min 15 sec) 
Heartbeat CPU 0 instructions: 360000000 cycles: 207529343 heartbeat IPC: 1.01425 cumulative IPC: 1.01464 (Simulation time: 0 hr 12 min 33 sec) 
Heartbeat CPU 0 instructions: 370000002 cycles: 217385769 heartbeat IPC: 1.01457 cumulative IPC: 1.01464 (Simulation time: 0 hr 12 min 51 sec) 
Heartbeat CPU 0 instructions: 380000000 cycles: 227244265 heartbeat IPC: 1.01435 cumulative IPC: 1.01462 (Simulation time: 0 hr 13 min 9 sec) 
Heartbeat CPU 0 instructions: 390000004 cycles: 237099905 heartbeat IPC: 1.01465 cumulative IPC: 1.01462 (Simulation time: 0 hr 13 min 27 sec) 
Heartbeat CPU 0 instructions: 400000001 cycles: 246956739 heartbeat IPC: 1.01452 cumulative IPC: 1.01462 (Simulation time: 0 hr 13 min 45 sec) 
Finished CPU 0 instructions: 200000000 cycles: 197118483 cumulative IPC: 1.01462 (Simulation time: 0 hr 13 min 45 sec) 

ChampSim completed all CPUs

Region of Interest Statistics

CPU 0 cumulative IPC: 1.01462 instructions: 200000000 cycles: 197118483
ITLB TOTAL     ACCESS:   23069383  HIT:   23069383  MISS:          0  HIT %:        100  MISS %:          0   MPKI: 0
ITLB LOAD TRANSLATION ACCESS:   23069383  HIT:   23069383  MISS:          0  HIT %:        100  MISS %:          0   MPKI: 0
ITLB PREFETCH  REQUESTED:          0  ISSUED:          0  USEFUL:          0  USELESS:          0
ITLB USEFUL LOAD PREFETCHES:          0 PREFETCH ISSUED TO LOWER LEVEL:          0  ACCURACY: -nan
ITLB TIMELY PREFETCHES:          0 LATE PREFETCHES: 0 DROPPED PREFETCHES: 0
ITLB PREFETCHES SAME FILL-ORIGIN LEVEL: 0 DIFFERENT FILL-ORIGIN LEVEL: 0
ITLB AVERAGE MISS LATENCY:       -nan cycles AVERAGE LOAD MISS LATENCY:       -nan cycles Load Miss          0
ITLB Average MSHR Occupancy: 3.90628e-07
ITLB RQ	ACCESS:   34144762	FORWARD:          0	MERGED:   11075379	TO_CACHE:   23069383

DTLB TOTAL     ACCESS:   43069711  HIT:   43054243  MISS:      15468  HIT %:    99.9641  MISS %:  0.0359139   MPKI: 0.07734
DTLB LOAD TRANSLATION ACCESS:   43069711  HIT:   43054243  MISS:      15468  HIT %:    99.9641  MISS %:  0.0359139   MPKI: 0.07734
DTLB PREFETCH  REQUESTED:          0  ISSUED:          0  USEFUL:          0  USELESS:          0
DTLB USEFUL LOAD PREFETCHES:          0 PREFETCH ISSUED TO LOWER LEVEL:          0  ACCURACY: -nan
DTLB TIMELY PREFETCHES:          0 LATE PREFETCHES: 0 DROPPED PREFETCHES: 0
DTLB PREFETCHES SAME FILL-ORIGIN LEVEL: 0 DIFFERENT FILL-ORIGIN LEVEL: 0
DTLB AVERAGE MISS LATENCY:    34.6998 cycles AVERAGE LOAD MISS LATENCY:       -nan cycles Load Miss          0
DTLB Average MSHR Occupancy: 0.00271769
DTLB RQ	ACCESS:   45549803	FORWARD:          0	MERGED:    2459620	TO_CACHE:   43090183

STLB TOTAL     ACCESS:      15468  HIT:       8885  MISS:       6583  HIT %:    57.4412  MISS %:    42.5588   MPKI: 0.032915
STLB LOAD TRANSLATION ACCESS:      15468  HIT:       8885  MISS:       6583  HIT %:    57.4412  MISS %:    42.5588   MPKI: 0.032915
STLB PREFETCH  REQUESTED:          0  ISSUED:          0  USEFUL:          0  USELESS:          0
STLB USEFUL LOAD PREFETCHES:          0 PREFETCH ISSUED TO LOWER LEVEL:          0  ACCURACY: -nan
STLB TIMELY PREFETCHES:          0 LATE PREFETCHES: 0 DROPPED PREFETCHES: 0
STLB PREFETCHES SAME FILL-ORIGIN LEVEL: 0 DIFFERENT FILL-ORIGIN LEVEL: 0
STLB AVERAGE MISS LATENCY:    60.3816 cycles AVERAGE LOAD MISS LATENCY:       -nan cycles Load Miss          0
STLB Average MSHR Occupancy: 0.00199303
STLB RQ	ACCESS:      15468	FORWARD:          0	MERGED:          0	TO_CACHE:      15468

STLB Hit, L1D data hit: 0
STLB Hit, L2C data hit: 0
STLB Hit, LLC data hit: 0
STLB Hit, LLC data miss: 0
STLB STLB hints to L2: 0
L1D TOTAL     ACCESS:   45132088  HIT:   43655366  MISS:    1476722  HIT %:     96.728  MISS %:      3.272   MPKI: 7.38361
L1D LOAD      ACCESS:   44205399  HIT:   42773327  MISS:    1432072  HIT %:    96.7604  MISS %:    3.23959   MPKI: 7.16036
L1D RFO       ACCESS:     926689  HIT:     882039  MISS:      44650  HIT %:    95.1818  MISS %:    4.81823   MPKI: 0.22325
L1D PREFETCH  REQUESTED:          0  ISSUED:          0  USEFUL:          0  USELESS:          0
L1D USEFUL LOAD PREFETCHES:          0 PREFETCH ISSUED TO LOWER LEVEL:          0  ACCURACY: -nan
L1D TIMELY PREFETCHES:          0 LATE PREFETCHES: 0 DROPPED PREFETCHES: 0
L1D PREFETCHES SAME FILL-ORIGIN LEVEL: 0 DIFFERENT FILL-ORIGIN LEVEL: 0
L1D AVERAGE MISS LATENCY:    42.1853 cycles AVERAGE LOAD MISS LATENCY:    40.6067 cycles Load Miss    1432072
L1D Average MSHR Occupancy:   0.314402
L1D RQ	ACCESS:   93633031	FORWARD:          0	MERGED:   49009062	TO_CACHE:   44623114
L1D WQ	ACCESS:     926689	FORWARD:        855	MERGED:          0	TO_CACHE:     926689

L1D UNIQUE REGIONS ACCESSED: 0
L1D REGIONS CONFLICTS: 0
L1D Cross Page Prefetch Requests: 0
L1D Same Page Prefetch Requests: 0
L1D ROI Sum of L1D PQ occupancy: 0
L1D PREFETCHES PUSHED FROM L2C: 0
L1I TOTAL     ACCESS:   34144754  HIT:   33225045  MISS:     919709  HIT %:    97.3064  MISS %:    2.69356   MPKI: 4.59854
L1I LOAD      ACCESS:   34144754  HIT:   33225045  MISS:     919709  HIT %:    97.3064  MISS %:    2.69356   MPKI: 4.59854
L1I PREFETCH  REQUESTED:          0  ISSUED:          0  USEFUL:          0  USELESS:          0
L1I USEFUL LOAD PREFETCHES:          0 PREFETCH ISSUED TO LOWER LEVEL:          0  ACCURACY: -nan
L1I TIMELY PREFETCHES:          0 LATE PREFETCHES: 0 DROPPED PREFETCHES: 0
L1I PREFETCHES SAME FILL-ORIGIN LEVEL: 0 DIFFERENT FILL-ORIGIN LEVEL: 0
L1I AVERAGE MISS LATENCY:    14.0061 cycles AVERAGE LOAD MISS LATENCY:    14.0061 cycles Load Miss     919709
L1I Average MSHR Occupancy:   0.064895
L1I RQ	ACCESS:   38952868	FORWARD:          0	MERGED:    4808106	TO_CACHE:   34144762

BTB TOTAL     ACCESS:   13017354  HIT:   13017340  MISS:         14  HIT %:    99.9999  MISS %: 0.000107549   MPKI: 7e-05
BTB BRANCH_DIRECT_JUMP	ACCESS:      44666  HIT:      44663  MISS:          3
BTB BRANCH_INDIRECT	ACCESS:          0  HIT:          0  MISS:          0
BTB BRANCH_CONDITIONAL	ACCESS:   12213526  HIT:   12213519  MISS:          7
BTB BRANCH_DIRECT_CALL	ACCESS:      22329  HIT:      22328  MISS:          1
BTB BRANCH_INDIRECT_CALL	ACCESS:     357252  HIT:     357251  MISS:          1
BTB BRANCH_RETURN	ACCESS:     379581  HIT:     379579  MISS:          2
BTB BRANCH_OTHER ACCESS:          0  HIT:          0  MISS:          0

L2C TOTAL     ACCESS:    5733167  HIT:    4990531  MISS:     742636  HIT %:    87.0467  MISS %:    12.9533   MPKI: 3.71318
L2C LOAD      ACCESS:    2351781  HIT:    1659822  MISS:     691959  HIT %:    70.5772  MISS %:    29.4228   MPKI: 3.4598
L2C DATA LOAD MPKI: 3.45972
L2C INSTRUCTION LOAD MPKI: 8e-05
L2C RFO       ACCESS:      44650  HIT:      22201  MISS:      22449  HIT %:    49.7223  MISS %:    50.2777   MPKI: 0.112245
L2C PREFETCH  ACCESS:    3285494  HIT:    3258574  MISS:      26920  HIT %:    99.1806  MISS %:   0.819359   MPKI: 0.1346
AGUS PREFETCH L1 MISS: 0
L2C DATA PREFETCH MPKI: 0.1346
L2C INSTRUCTION PREFETCH MPKI: 0
L2C WRITEBACK ACCESS:      44659  HIT:      44659  MISS:          0  HIT %:        100  MISS %:          0   MPKI: 0
L2C LOAD TRANSLATION ACCESS:       6583  HIT:       5275  MISS:       1308  HIT %:    80.1306  MISS %:    19.8694   MPKI: 0.00654
L2C PREFETCH  REQUESTED:   12203350  ISSUED:   12052444  USEFUL:      26913  USELESS:          7
L2C USEFUL LOAD PREFETCHES:      26913 PREFETCH ISSUED TO LOWER LEVEL:    3791099  ACCURACY: 0.7099
L2C TIMELY PREFETCHES:      26913 LATE PREFETCHES: 290827 DROPPED PREFETCHES: 0
L2C PREFETCHES SAME FILL-ORIGIN LEVEL: 317747 DIFFERENT FILL-ORIGIN LEVEL: 3473352
L2C AVERAGE MISS LATENCY:    59.5638 cycles AVERAGE LOAD MISS LATENCY:    57.1131 cycles Load Miss     691959
L2C Average MSHR Occupancy:   0.219801
L2C RQ	ACCESS:    2403016	FORWARD:          0	MERGED:          0	TO_CACHE:    2403016
L2C WQ	ACCESS:      44659	FORWARD:          0	MERGED:          0	TO_CACHE:      44659
L2C PQ	ACCESS:   12052444	FORWARD:          0	MERGED:    4748102	TO_CACHE:    7304342

L2C Instructions Evicting Data 16
L2C Translations Evicting Data 1308
L2C Data Evicting Data 740079
L2C Instructions Evicting Instructions 0
L2C Translations Evicting Instructions 0
L2C Data Evicting Instructions 14
L2C Instructions Evicting Translations 0
L2C Translations Evicting Translations 0
L2C Data Evicting Translations 1219
L2C Dense regions hint from L2: 0
PSCL5 TOTAL     ACCESS:       6583  HIT:       6583  MISS:          0  HIT %:        100  MISS %:          0   MPKI: 0
PSCL5 LOAD TRANSLATION ACCESS:       6583  HIT:       6583  MISS:          0  HIT %:        100  MISS %:          0   MPKI: 0
PSCL5 PREFETCH  REQUESTED:          0  ISSUED:          0  USEFUL:          0  USELESS:          0
PSCL5 USEFUL LOAD PREFETCHES:          0 PREFETCH ISSUED TO LOWER LEVEL:          0  ACCURACY: -nan
PSCL5 TIMELY PREFETCHES:          0 LATE PREFETCHES: 0 DROPPED PREFETCHES: 0
PSCL5 PREFETCHES SAME FILL-ORIGIN LEVEL: 0 DIFFERENT FILL-ORIGIN LEVEL: 0

PSCL4 TOTAL     ACCESS:       6583  HIT:       6583  MISS:          0  HIT %:        100  MISS %:          0   MPKI: 0
PSCL4 LOAD TRANSLATION ACCESS:       6583  HIT:       6583  MISS:          0  HIT %:        100  MISS %:          0   MPKI: 0
PSCL4 PREFETCH  REQUESTED:          0  ISSUED:          0  USEFUL:          0  USELESS:          0
PSCL4 USEFUL LOAD PREFETCHES:          0 PREFETCH ISSUED TO LOWER LEVEL:          0  ACCURACY: -nan
PSCL4 TIMELY PREFETCHES:          0 LATE PREFETCHES: 0 DROPPED PREFETCHES: 0
PSCL4 PREFETCHES SAME FILL-ORIGIN LEVEL: 0 DIFFERENT FILL-ORIGIN LEVEL: 0

PSCL3 TOTAL     ACCESS:       6583  HIT:       6583  MISS:          0  HIT %:        100  MISS %:          0   MPKI: 0
PSCL3 LOAD TRANSLATION ACCESS:       6583  HIT:       6583  MISS:          0  HIT %:        100  MISS %:          0   MPKI: 0
PSCL3 PREFETCH  REQUESTED:          0  ISSUED:          0  USEFUL:          0  USELESS:          0
PSCL3 USEFUL LOAD PREFETCHES:          0 PREFETCH ISSUED TO LOWER LEVEL:          0  ACCURACY: -nan
PSCL3 TIMELY PREFETCHES:          0 LATE PREFETCHES: 0 DROPPED PREFETCHES: 0
PSCL3 PREFETCHES SAME FILL-ORIGIN LEVEL: 0 DIFFERENT FILL-ORIGIN LEVEL: 0

PSCL2 TOTAL     ACCESS:       6583  HIT:       6582  MISS:          1  HIT %:    99.9848  MISS %:  0.0151906   MPKI: 5e-06
PSCL2 LOAD TRANSLATION ACCESS:       6583  HIT:       6582  MISS:          1  HIT %:    99.9848  MISS %:  0.0151906   MPKI: 5e-06
PSCL2 PREFETCH  REQUESTED:          0  ISSUED:          0  USEFUL:          0  USELESS:          0
PSCL2 USEFUL LOAD PREFETCHES:          0 PREFETCH ISSUED TO LOWER LEVEL:          0  ACCURACY: -nan
PSCL2 TIMELY PREFETCHES:          0 LATE PREFETCHES: 0 DROPPED PREFETCHES: 0
PSCL2 PREFETCHES SAME FILL-ORIGIN LEVEL: 0 DIFFERENT FILL-ORIGIN LEVEL: 0

LLC TOTAL     ACCESS:    1957200  HIT:    1401052  MISS:     556148  HIT %:    71.5845  MISS %:    28.4155   MPKI: 2.78074
LLC LOAD      ACCESS:     401132  HIT:     318778  MISS:      82354  HIT %:    79.4696  MISS %:    20.5304   MPKI: 0.41177
LLC RFO       ACCESS:      22449  HIT:        120  MISS:      22329  HIT %:   0.534545  MISS %:    99.4655   MPKI: 0.111645
LLC PREFETCH  ACCESS:    1511340  HIT:    1081731  MISS:     429609  HIT %:    71.5743  MISS %:    28.4257   MPKI: 2.14805
AGUS PREFETCH L1 MISS: 0
LLC WRITEBACK ACCESS:      20971  HIT:        186  MISS:      20785  HIT %:   0.886939  MISS %:    99.1131   MPKI: 0.103925
LLC LOAD TRANSLATION ACCESS:       1308  HIT:        237  MISS:       1071  HIT %:    18.1193  MISS %:    81.8807   MPKI: 0.005355
LLC PREFETCH  REQUESTED:          0  ISSUED:          0  USEFUL:     273232  USELESS:     134082
LLC USEFUL LOAD PREFETCHES:     273232 PREFETCH ISSUED TO LOWER LEVEL:     486245  ACCURACY: 56.1922
LLC TIMELY PREFETCHES:     273232 LATE PREFETCHES: 56636 DROPPED PREFETCHES: 0
LLC PREFETCHES SAME FILL-ORIGIN LEVEL: 472870 DIFFERENT FILL-ORIGIN LEVEL: 0
LLC AVERAGE MISS LATENCY:    105.735 cycles AVERAGE LOAD MISS LATENCY:    108.154 cycles Load Miss      82354
LLC Average MSHR Occupancy:   0.310662
LLC RQ	ACCESS:     424889	FORWARD:          0	MERGED:          0	TO_CACHE:     424889
LLC WQ	ACCESS:      20971	FORWARD:          0	MERGED:          0	TO_CACHE:      20971
LLC PQ	ACCESS:    3791099	FORWARD:          0	MERGED:    1748928	TO_CACHE:    2042171

LLC Dense regions hint to LLC: 0

RAW hits: 112240
Loads Generated: 93745228
Loads sent to L1D: 93633031
Stores Generated: 926689
Stores sent to L1D: 926689
Major fault: 0 Minor fault: 4771
Allocated PAGES: 4771
 All Calls: 9668655
 Critical Calls: 9668655
------------------
Depth Distribution
------------------
depth 0: 0
depth 1: 7719133
depth 2: 7550305
depth 3: 7366920
depth 4: 7196389
depth 5: 7019546
depth 6: 6742441
depth 7: 6289728
depth 8: 5374085
depth 9: 4320593
depth 10: 3370943
depth 11: 2381016
depth 12: 1418328
depth 13: 718713
depth 14: 94021
depth 15: 89857
depth 16: 15
depth 17: 0
depth 18: 0
depth 19: 0
depth 20: 0
depth 21: 0
depth 22: 0
depth 23: 0
depth 24: 0
depth 25: 0
depth 26: 0
depth 27: 0
depth 28: 0
depth 29: 0
Total: 67652033
-----------------------------
-----------------------------
	Captured at Filter
-----------------------------
depth 0: 0
depth 1: 1581208
depth 2: 1549094
depth 3: 1525402
depth 4: 1500603
depth 5: 1473906
depth 6: 1443118
depth 7: 1371874
depth 8: 1195271
depth 9: 959256
depth 10: 710768
depth 11: 493757
depth 12: 313755
depth 13: 158596
depth 14: 20933
depth 15: 18341
depth 16: 6
depth 17: 0
depth 18: 0
depth 19: 0
depth 20: 0
depth 21: 0
depth 22: 0
depth 23: 0
depth 24: 0
depth 25: 0
depth 26: 0
depth 27: 0
depth 28: 0
depth 29: 0
-----------------------------
-----------------------------
		Lost at Page
-----------------------------
depth 0: 0
depth 1: 150687
depth 2: 299961
depth 3: 449354
depth 4: 599039
depth 5: 748711
depth 6: 898359
depth 7: 1037879
depth 8: 1083287
depth 9: 1043427
depth 10: 929377
depth 11: 739427
depth 12: 501349
depth 13: 280338
depth 14: 40086
depth 15: 42948
depth 16: 8
depth 17: 0
depth 18: 0
depth 19: 0
depth 20: 0
depth 21: 0
depth 22: 0
depth 23: 0
depth 24: 0
depth 25: 0
depth 26: 0
depth 27: 0
depth 28: 0
depth 29: 0
-----------------------------
-----------------------------
	Lost due to PQ Size
-----------------------------
3412394
-----------------------------
ST read accesses: 1420832
ST write accesses: 11240
PT read accesses: 85046648
PT write accesses: 2128204
FILTER read accesses: 16141347
FILTER write accesses: 2451066
GHR read accesses: 7537945
GHR write accesses: 1597286
GHR counter read accesses: 70836308
GHR counter write accesses: 3144925
ST tag read accesses: 557238228
ST tag write accesses: 4634394
================ Mockingjay (LLC) Pollution Stats ================
Total pollution count in LLC: 62437
==================================================================

DRAM Statistics
 CHANNEL 0
 RQ ROW_BUFFER_HIT:     439587  ROW_BUFFER_MISS:      95776
 DBUS_CONGESTED:       1057
 WQ ROW_BUFFER_HIT:       9402  ROW_BUFFER_MISS:      11546  FULL:          0

 AVG_CONGESTED_CYCLE: 4
 All warmup complete: 2
Channel 0 Bank busy for read cycles: 0
Channel 0 Bank busy for write cycles: 0
Channel 0
Rank 0
0banks busy for read cycles: 184484488
0banks busy for write cycles: 2312
1banks busy for read cycles: 3338788
1banks busy for write cycles: 346032
2banks busy for read cycles: 1537264
2banks busy for write cycles: 197559
3banks busy for read cycles: 1522639
3banks busy for write cycles: 169942
4banks busy for read cycles: 1326967
4banks busy for write cycles: 168056
5banks busy for read cycles: 1130468
5banks busy for write cycles: 187516
6banks busy for read cycles: 915686
6banks busy for write cycles: 199780
7banks busy for read cycles: 716500
7banks busy for write cycles: 193845
8banks busy for read cycles: 488055
8banks busy for write cycles: 192587

CPU 0 Branch Prediction Accuracy: 99.8274% MPKI: 0.11867 Average ROB Occupancy at Mispredict: 31.4387
Branch types
NOT_BRANCH: 186245326 93.1227%
BRANCH_DIRECT_JUMP: 44666 0.022333%
BRANCH_INDIRECT: 0 0%
BRANCH_CONDITIONAL: 12950376 6.47519%
BRANCH_DIRECT_CALL: 22329 0.0111645%
BRANCH_INDIRECT_CALL: 357252 0.178626%
BRANCH_RETURN: 379581 0.189791%
BRANCH_OTHER: 0 0%

===================== LRU L1D STATS =====================
Total pollution count in L1D: 0
=========================================================
================ SRRIP (L2C) Pollution Stats ================
Total pollution count in L2c: 1163615
==================================================================
DRAM PAGES: 1048576
Allocated PAGES: 4771
