
*** ChampSim Multicore Out-of-Order Simulator ***

Warmup Instructions: 200000000
Simulation Instructions: 200000000
Number of CPUs: 1
LLC sets: 4096
LLC ways: 12
Off-chip DRAM Size: 4096 MB Channels: 1 Width: 64-bit Data Rate: 6400 MT/s
CPU 0 runs /home1/sweta/traces/qualcomm_traces/server_002.champsimtrace.xz
.xz
BTB has LRU replacement policy
ITLB has LRU replacement policy
DTLB has LRU replacement policy
STLB has LRU replacement policy
L1I has LRU replacement policy
IP Table Entries: 1024
CSPT Entries: 128
RR_ENTRIES: 32
RST_ENTRIES: 8
L1D has LRU replacement policy
Initialize SRRIP state for L2C
Initialize Mockingjay state for LLC
Heartbeat CPU 0 instructions: 10000003 cycles: 2013353 heartbeat IPC: 4.96684 cumulative IPC: 4.96684 (Simulation time: 0 hr 0 min 25 sec) 
Heartbeat CPU 0 instructions: 20000002 cycles: 4051718 heartbeat IPC: 4.90589 cumulative IPC: 4.93618 (Simulation time: 0 hr 0 min 48 sec) 
Heartbeat CPU 0 instructions: 30000000 cycles: 6057363 heartbeat IPC: 4.98593 cumulative IPC: 4.95265 (Simulation time: 0 hr 1 min 10 sec) 
Heartbeat CPU 0 instructions: 40000000 cycles: 8066042 heartbeat IPC: 4.9784 cumulative IPC: 4.95906 (Simulation time: 0 hr 1 min 34 sec) 
Heartbeat CPU 0 instructions: 50000007 cycles: 10071882 heartbeat IPC: 4.98545 cumulative IPC: 4.96432 (Simulation time: 0 hr 1 min 56 sec) 
Heartbeat CPU 0 instructions: 60000000 cycles: 12078129 heartbeat IPC: 4.98443 cumulative IPC: 4.96766 (Simulation time: 0 hr 2 min 19 sec) 
Heartbeat CPU 0 instructions: 70000003 cycles: 14084190 heartbeat IPC: 4.98489 cumulative IPC: 4.97011 (Simulation time: 0 hr 2 min 41 sec) 
Heartbeat CPU 0 instructions: 80000002 cycles: 16089872 heartbeat IPC: 4.98583 cumulative IPC: 4.97207 (Simulation time: 0 hr 3 min 3 sec) 
Heartbeat CPU 0 instructions: 90000000 cycles: 18095229 heartbeat IPC: 4.98664 cumulative IPC: 4.97369 (Simulation time: 0 hr 3 min 25 sec) 
Heartbeat CPU 0 instructions: 100000005 cycles: 20101145 heartbeat IPC: 4.98526 cumulative IPC: 4.97484 (Simulation time: 0 hr 3 min 48 sec) 
Heartbeat CPU 0 instructions: 110000000 cycles: 22107250 heartbeat IPC: 4.98478 cumulative IPC: 4.97574 (Simulation time: 0 hr 4 min 10 sec) 
Heartbeat CPU 0 instructions: 120000006 cycles: 24112832 heartbeat IPC: 4.98609 cumulative IPC: 4.9766 (Simulation time: 0 hr 4 min 33 sec) 
*** Reached end of trace for Core: 0 Repeating trace: /home1/sweta/traces/qualcomm_traces/server_002.champsimtrace.xz
Heartbeat CPU 0 instructions: 130000007 cycles: 26125967 heartbeat IPC: 4.96738 cumulative IPC: 4.97589 (Simulation time: 0 hr 4 min 56 sec) 
Heartbeat CPU 0 instructions: 140000003 cycles: 28165302 heartbeat IPC: 4.90356 cumulative IPC: 4.97065 (Simulation time: 0 hr 5 min 19 sec) 
Heartbeat CPU 0 instructions: 150000000 cycles: 30170877 heartbeat IPC: 4.9861 cumulative IPC: 4.97168 (Simulation time: 0 hr 5 min 41 sec) 
Heartbeat CPU 0 instructions: 160000003 cycles: 32179365 heartbeat IPC: 4.97887 cumulative IPC: 4.97213 (Simulation time: 0 hr 6 min 4 sec) 
Heartbeat CPU 0 instructions: 170000000 cycles: 34185202 heartbeat IPC: 4.98545 cumulative IPC: 4.97291 (Simulation time: 0 hr 6 min 26 sec) 
Heartbeat CPU 0 instructions: 180000000 cycles: 36191271 heartbeat IPC: 4.98487 cumulative IPC: 4.97358 (Simulation time: 0 hr 6 min 48 sec) 
Heartbeat CPU 0 instructions: 190000006 cycles: 38197579 heartbeat IPC: 4.98428 cumulative IPC: 4.97414 (Simulation time: 0 hr 7 min 10 sec) 
Heartbeat CPU 0 instructions: 200000002 cycles: 40203384 heartbeat IPC: 4.98553 cumulative IPC: 4.97471 (Simulation time: 0 hr 7 min 33 sec) 

Warmup complete CPU 0 instructions: 200000002 cycles: 40203384 (Simulation time: 0 hr 7 min 33 sec) 

Heartbeat CPU 0 instructions: 210000003 cycles: 52294655 heartbeat IPC: 0.827043 cumulative IPC: 0.827043 (Simulation time: 0 hr 8 min 0 sec) 
Heartbeat CPU 0 instructions: 220000002 cycles: 64380025 heartbeat IPC: 0.827447 cumulative IPC: 0.827245 (Simulation time: 0 hr 8 min 26 sec) 
Heartbeat CPU 0 instructions: 230000000 cycles: 76449977 heartbeat IPC: 0.828504 cumulative IPC: 0.827664 (Simulation time: 0 hr 8 min 54 sec) 
Heartbeat CPU 0 instructions: 240000006 cycles: 88519327 heartbeat IPC: 0.828546 cumulative IPC: 0.827884 (Simulation time: 0 hr 9 min 22 sec) 
*** Reached end of trace for Core: 0 Repeating trace: /home1/sweta/traces/qualcomm_traces/server_002.champsimtrace.xz
Heartbeat CPU 0 instructions: 250000000 cycles: 100567247 heartbeat IPC: 0.830018 cumulative IPC: 0.82831 (Simulation time: 0 hr 9 min 47 sec) 
Heartbeat CPU 0 instructions: 260000004 cycles: 113225356 heartbeat IPC: 0.790008 cumulative IPC: 0.821671 (Simulation time: 0 hr 10 min 14 sec) 
Heartbeat CPU 0 instructions: 270000000 cycles: 125330040 heartbeat IPC: 0.826126 cumulative IPC: 0.822304 (Simulation time: 0 hr 10 min 40 sec) 
Heartbeat CPU 0 instructions: 280000000 cycles: 137535098 heartbeat IPC: 0.819332 cumulative IPC: 0.821931 (Simulation time: 0 hr 11 min 5 sec) 
Heartbeat CPU 0 instructions: 290000002 cycles: 149624304 heartbeat IPC: 0.827184 cumulative IPC: 0.822512 (Simulation time: 0 hr 11 min 30 sec) 
Heartbeat CPU 0 instructions: 300000006 cycles: 161709059 heartbeat IPC: 0.827489 cumulative IPC: 0.823007 (Simulation time: 0 hr 11 min 56 sec) 
Heartbeat CPU 0 instructions: 310000004 cycles: 173781234 heartbeat IPC: 0.828351 cumulative IPC: 0.82349 (Simulation time: 0 hr 12 min 25 sec) 
Heartbeat CPU 0 instructions: 320000006 cycles: 185830865 heartbeat IPC: 0.829901 cumulative IPC: 0.82402 (Simulation time: 0 hr 13 min 0 sec) 
Heartbeat CPU 0 instructions: 330000003 cycles: 197899589 heartbeat IPC: 0.828588 cumulative IPC: 0.82437 (Simulation time: 0 hr 13 min 25 sec) 
Heartbeat CPU 0 instructions: 340000007 cycles: 209975804 heartbeat IPC: 0.828074 cumulative IPC: 0.824633 (Simulation time: 0 hr 13 min 50 sec) 
Heartbeat CPU 0 instructions: 350000004 cycles: 222057672 heartbeat IPC: 0.827686 cumulative IPC: 0.824836 (Simulation time: 0 hr 14 min 15 sec) 
Heartbeat CPU 0 instructions: 360000000 cycles: 234134603 heartbeat IPC: 0.828025 cumulative IPC: 0.825035 (Simulation time: 0 hr 14 min 41 sec) 
*** Reached end of trace for Core: 0 Repeating trace: /home1/sweta/traces/qualcomm_traces/server_002.champsimtrace.xz
Heartbeat CPU 0 instructions: 370000002 cycles: 246232019 heartbeat IPC: 0.826623 cumulative IPC: 0.825128 (Simulation time: 0 hr 15 min 6 sec) 
Heartbeat CPU 0 instructions: 380000004 cycles: 258338575 heartbeat IPC: 0.825999 cumulative IPC: 0.825176 (Simulation time: 0 hr 15 min 32 sec) 
Heartbeat CPU 0 instructions: 390000000 cycles: 270787116 heartbeat IPC: 0.803307 cumulative IPC: 0.823996 (Simulation time: 0 hr 15 min 57 sec) 
Heartbeat CPU 0 instructions: 400000007 cycles: 282978890 heartbeat IPC: 0.820226 cumulative IPC: 0.823806 (Simulation time: 0 hr 16 min 23 sec) 
Finished CPU 0 instructions: 200000005 cycles: 242775506 cumulative IPC: 0.823806 (Simulation time: 0 hr 16 min 23 sec) 

ChampSim completed all CPUs

Region of Interest Statistics

CPU 0 cumulative IPC: 0.823806 instructions: 200000005 cycles: 242775506
ITLB TOTAL     ACCESS:   23902307  HIT:   22924601  MISS:     977706  HIT %:    95.9096  MISS %:    4.09043   MPKI: 4.88853
ITLB LOAD TRANSLATION ACCESS:   23902307  HIT:   22924601  MISS:     977706  HIT %:    95.9096  MISS %:    4.09043   MPKI: 4.88853
ITLB PREFETCH  REQUESTED:          0  ISSUED:          0  USEFUL:          0  USELESS:          0
ITLB USEFUL LOAD PREFETCHES:          0 PREFETCH ISSUED TO LOWER LEVEL:          0  ACCURACY: -nan
ITLB TIMELY PREFETCHES:          0 LATE PREFETCHES: 0 DROPPED PREFETCHES: 0
ITLB PREFETCHES SAME FILL-ORIGIN LEVEL: 0 DIFFERENT FILL-ORIGIN LEVEL: 0
ITLB AVERAGE MISS LATENCY:    9.02882 cycles AVERAGE LOAD MISS LATENCY:       -nan cycles Load Miss          0
ITLB Average MSHR Occupancy:   0.032567
ITLB RQ	ACCESS:   28642420	FORWARD:          0	MERGED:    3651500	TO_CACHE:   24990920

DTLB TOTAL     ACCESS:   31847865  HIT:   30934975  MISS:     912890  HIT %:    97.1336  MISS %:    2.86641   MPKI: 4.56445
DTLB LOAD TRANSLATION ACCESS:   31847865  HIT:   30934975  MISS:     912890  HIT %:    97.1336  MISS %:    2.86641   MPKI: 4.56445
DTLB PREFETCH  REQUESTED:          0  ISSUED:          0  USEFUL:          0  USELESS:          0
DTLB USEFUL LOAD PREFETCHES:          0 PREFETCH ISSUED TO LOWER LEVEL:          0  ACCURACY: -nan
DTLB TIMELY PREFETCHES:          0 LATE PREFETCHES: 0 DROPPED PREFETCHES: 0
DTLB PREFETCHES SAME FILL-ORIGIN LEVEL: 0 DIFFERENT FILL-ORIGIN LEVEL: 0
DTLB AVERAGE MISS LATENCY:    9.18744 cycles AVERAGE LOAD MISS LATENCY:       -nan cycles Load Miss          0
DTLB Average MSHR Occupancy:  0.0313783
DTLB RQ	ACCESS:   53984578	FORWARD:          0	MERGED:   21943930	TO_CACHE:   32040648

STLB TOTAL     ACCESS:    5082224  HIT:    5079839  MISS:       2385  HIT %:    99.9531  MISS %:  0.0469283   MPKI: 0.011925
STLB LOAD TRANSLATION ACCESS:    1890596  HIT:    1888211  MISS:       2385  HIT %:    99.8738  MISS %:   0.126151   MPKI: 0.011925
STLB TRANSLATION FROM L1D PREFETCHER ACCESS:    3191628  HIT:    3191628  MISS:          0  HIT %:        100  MISS %:          0   MPKI: 0
STLB PREFETCH  REQUESTED:          0  ISSUED:          0  USEFUL:          0  USELESS:          0
STLB USEFUL LOAD PREFETCHES:          0 PREFETCH ISSUED TO LOWER LEVEL:          0  ACCURACY: -nan
STLB TIMELY PREFETCHES:          0 LATE PREFETCHES: 0 DROPPED PREFETCHES: 0
STLB PREFETCHES SAME FILL-ORIGIN LEVEL: 0 DIFFERENT FILL-ORIGIN LEVEL: 0
STLB AVERAGE MISS LATENCY:     71.039 cycles AVERAGE LOAD MISS LATENCY:       -nan cycles Load Miss          0
STLB Average MSHR Occupancy: 0.000726119
STLB RQ	ACCESS:    6979063	FORWARD:          0	MERGED:    1896838	TO_CACHE:    5082225

STLB Hit, L1D data hit: 0
STLB Hit, L2C data hit: 0
STLB Hit, LLC data hit: 0
STLB Hit, LLC data miss: 0
STLB STLB hints to L2: 0
L1D TOTAL     ACCESS:   58942441  HIT:   58801316  MISS:     141125  HIT %:    99.7606  MISS %:   0.239428   MPKI: 0.705625
L1D LOAD      ACCESS:   22525785  HIT:   22478491  MISS:      47294  HIT %:      99.79  MISS %:   0.209955   MPKI: 0.23647
L1D RFO       ACCESS:   31350025  HIT:   31285384  MISS:      64641  HIT %:    99.7938  MISS %:   0.206191   MPKI: 0.323205
L1D PREFETCH  ACCESS:    5066631  HIT:    5037441  MISS:      29190  HIT %:    99.4239  MISS %:   0.576122   MPKI: 0.14595
AGUS PREFETCH L1 MISS: 0
L1D PREFETCH  REQUESTED:   10185820  ISSUED:   10184516  USEFUL:      12157  USELESS:      17137
L1D USEFUL LOAD PREFETCHES:      12157 PREFETCH ISSUED TO LOWER LEVEL:      36763  ACCURACY: 33.0686
L1D TIMELY PREFETCHES:      12157 LATE PREFETCHES: 7542 DROPPED PREFETCHES: 0
L1D PREFETCHES SAME FILL-ORIGIN LEVEL: 36763 DIFFERENT FILL-ORIGIN LEVEL: 0
L1D AVERAGE MISS LATENCY:    60.9805 cycles AVERAGE LOAD MISS LATENCY:    46.4035 cycles Load Miss      47294
L1D Average MSHR Occupancy:  0.0406137
L1D RQ	ACCESS:   41565228	FORWARD:          0	MERGED:   18866698	TO_CACHE:   22527561
L1D WQ	ACCESS:   31947486	FORWARD:     178551	MERGED:     490469	TO_CACHE:   31457017
L1D PQ	ACCESS:    5096049	FORWARD:          0	MERGED:          0	TO_CACHE:    5088467

L1D UNIQUE REGIONS ACCESSED: 0
L1D REGIONS CONFLICTS: 0
L1D Cross Page Prefetch Requests: 0
L1D Same Page Prefetch Requests: 10118239
L1D ROI Sum of L1D PQ occupancy: 65880520
L1D PREFETCHES PUSHED FROM L2C: 0
L1I TOTAL     ACCESS:   27788459  HIT:   13664363  MISS:   14124096  HIT %:    49.1728  MISS %:    50.8272   MPKI: 70.6205
L1I LOAD      ACCESS:   27788459  HIT:   13664363  MISS:   14124096  HIT %:    49.1728  MISS %:    50.8272   MPKI: 70.6205
L1I PREFETCH  REQUESTED:          0  ISSUED:          0  USEFUL:          0  USELESS:          0
L1I USEFUL LOAD PREFETCHES:          0 PREFETCH ISSUED TO LOWER LEVEL:          0  ACCURACY: -nan
L1I TIMELY PREFETCHES:          0 LATE PREFETCHES: 0 DROPPED PREFETCHES: 0
L1I PREFETCHES SAME FILL-ORIGIN LEVEL: 0 DIFFERENT FILL-ORIGIN LEVEL: 0
L1I AVERAGE MISS LATENCY:    14.2296 cycles AVERAGE LOAD MISS LATENCY:    14.2296 cycles Load Miss   14124096
L1I Average MSHR Occupancy:   0.793046
L1I RQ	ACCESS:   49168038	FORWARD:          0	MERGED:   20525618	TO_CACHE:   28642420

BTB TOTAL     ACCESS:   27354795  HIT:   24454940  MISS:    2899855  HIT %:    89.3991  MISS %:    10.6009   MPKI: 14.4993
BTB BRANCH_DIRECT_JUMP	ACCESS:    1712960  HIT:    1681492  MISS:      31468
BTB BRANCH_INDIRECT	ACCESS:   11559092  HIT:   10517483  MISS:    1041609
BTB BRANCH_CONDITIONAL	ACCESS:    4600666  HIT:    4596834  MISS:       3832
BTB BRANCH_DIRECT_CALL	ACCESS:    4320086  HIT:    4253363  MISS:      66723
BTB BRANCH_INDIRECT_CALL	ACCESS:     420971  HIT:     357985  MISS:      62986
BTB BRANCH_RETURN	ACCESS:    4741020  HIT:    3047783  MISS:    1693237
BTB BRANCH_OTHER ACCESS:          0  HIT:          0  MISS:          0

L2C TOTAL     ACCESS:   14344366  HIT:   14242928  MISS:     101438  HIT %:    99.2928  MISS %:   0.707163   MPKI: 0.50719
L2C LOAD      ACCESS:   14163847  HIT:   14131555  MISS:      32292  HIT %:     99.772  MISS %:   0.227989   MPKI: 0.16146
L2C DATA LOAD MPKI: 0.103265
L2C INSTRUCTION LOAD MPKI: 0.058195
L2C RFO       ACCESS:      64610  HIT:      18510  MISS:      46100  HIT %:    28.6488  MISS %:    71.3512   MPKI: 0.2305
L2C PREFETCH  ACCESS:      36763  HIT:      14786  MISS:      21977  HIT %:    40.2198  MISS %:    59.7802   MPKI: 0.109885
AGUS PREFETCH L1 MISS: 0
L2C DATA PREFETCH MPKI: 0.109885
L2C INSTRUCTION PREFETCH MPKI: 0
L2C WRITEBACK ACCESS:      76444  HIT:      76432  MISS:         12  HIT %:    99.9843  MISS %:  0.0156978   MPKI: 6e-05
L2C LOAD TRANSLATION ACCESS:       2702  HIT:       1645  MISS:       1057  HIT %:    60.8808  MISS %:    39.1192   MPKI: 0.005285
L2C PREFETCH  REQUESTED:          0  ISSUED:          0  USEFUL:        883  USELESS:      21916
L2C USEFUL LOAD PREFETCHES:        883 PREFETCH ISSUED TO LOWER LEVEL:      21977  ACCURACY: 4.01784
L2C TIMELY PREFETCHES:        883 LATE PREFETCHES: 0 DROPPED PREFETCHES: 0
L2C PREFETCHES SAME FILL-ORIGIN LEVEL: 0 DIFFERENT FILL-ORIGIN LEVEL: 0
L2C AVERAGE MISS LATENCY:    82.0496 cycles AVERAGE LOAD MISS LATENCY:    81.5828 cycles Load Miss      32292
L2C Average MSHR Occupancy:  0.0342148
L2C RQ	ACCESS:   14231160	FORWARD:          0	MERGED:          0	TO_CACHE:   14231159
L2C WQ	ACCESS:      76444	FORWARD:          1	MERGED:          0	TO_CACHE:      76444
L2C PQ	ACCESS:      36763	FORWARD:          0	MERGED:          0	TO_CACHE:      36763

L2C Instructions Evicting Data 10259
L2C Translations Evicting Data 937
L2C Data Evicting Data 77632
L2C Instructions Evicting Instructions 1238
L2C Translations Evicting Instructions 108
L2C Data Evicting Instructions 10198
L2C Instructions Evicting Translations 142
L2C Translations Evicting Translations 12
L2C Data Evicting Translations 900
L2C Dense regions hint from L2: 0
PSCL5 TOTAL     ACCESS:       2385  HIT:       2385  MISS:          0  HIT %:        100  MISS %:          0   MPKI: 0
PSCL5 LOAD TRANSLATION ACCESS:       2385  HIT:       2385  MISS:          0  HIT %:        100  MISS %:          0   MPKI: 0
PSCL5 PREFETCH  REQUESTED:          0  ISSUED:          0  USEFUL:          0  USELESS:          0
PSCL5 USEFUL LOAD PREFETCHES:          0 PREFETCH ISSUED TO LOWER LEVEL:          0  ACCURACY: -nan
PSCL5 TIMELY PREFETCHES:          0 LATE PREFETCHES: 0 DROPPED PREFETCHES: 0
PSCL5 PREFETCHES SAME FILL-ORIGIN LEVEL: 0 DIFFERENT FILL-ORIGIN LEVEL: 0

PSCL4 TOTAL     ACCESS:       1375  HIT:       1365  MISS:         10  HIT %:    99.2727  MISS %:   0.727273   MPKI: 5e-05
PSCL4 LOAD TRANSLATION ACCESS:       1375  HIT:       1365  MISS:         10  HIT %:    99.2727  MISS %:   0.727273   MPKI: 5e-05
PSCL4 PREFETCH  REQUESTED:          0  ISSUED:          0  USEFUL:          0  USELESS:          0
PSCL4 USEFUL LOAD PREFETCHES:          0 PREFETCH ISSUED TO LOWER LEVEL:          0  ACCURACY: -nan
PSCL4 TIMELY PREFETCHES:          0 LATE PREFETCHES: 0 DROPPED PREFETCHES: 0
PSCL4 PREFETCHES SAME FILL-ORIGIN LEVEL: 0 DIFFERENT FILL-ORIGIN LEVEL: 0

PSCL3 TOTAL     ACCESS:       2165  HIT:       2155  MISS:         10  HIT %:    99.5381  MISS %:   0.461894   MPKI: 5e-05
PSCL3 LOAD TRANSLATION ACCESS:       2165  HIT:       2155  MISS:         10  HIT %:    99.5381  MISS %:   0.461894   MPKI: 5e-05
PSCL3 PREFETCH  REQUESTED:          0  ISSUED:          0  USEFUL:          0  USELESS:          0
PSCL3 USEFUL LOAD PREFETCHES:          0 PREFETCH ISSUED TO LOWER LEVEL:          0  ACCURACY: -nan
PSCL3 TIMELY PREFETCHES:          0 LATE PREFETCHES: 0 DROPPED PREFETCHES: 0
PSCL3 PREFETCHES SAME FILL-ORIGIN LEVEL: 0 DIFFERENT FILL-ORIGIN LEVEL: 0

PSCL2 TOTAL     ACCESS:       2385  HIT:       2088  MISS:        297  HIT %:    87.5472  MISS %:    12.4528   MPKI: 0.001485
PSCL2 LOAD TRANSLATION ACCESS:       2385  HIT:       2088  MISS:        297  HIT %:    87.5472  MISS %:    12.4528   MPKI: 0.001485
PSCL2 PREFETCH  REQUESTED:          0  ISSUED:          0  USEFUL:          0  USELESS:          0
PSCL2 USEFUL LOAD PREFETCHES:          0 PREFETCH ISSUED TO LOWER LEVEL:          0  ACCURACY: -nan
PSCL2 TIMELY PREFETCHES:          0 LATE PREFETCHES: 0 DROPPED PREFETCHES: 0
PSCL2 PREFETCHES SAME FILL-ORIGIN LEVEL: 0 DIFFERENT FILL-ORIGIN LEVEL: 0

LLC TOTAL     ACCESS:     152234  HIT:     123413  MISS:      28821  HIT %:     81.068  MISS %:     18.932   MPKI: 0.144105
LLC LOAD      ACCESS:      32292  HIT:      25775  MISS:       6517  HIT %:    79.8185  MISS %:    20.1815   MPKI: 0.032585
LLC RFO       ACCESS:      46098  HIT:      38122  MISS:       7976  HIT %:    82.6977  MISS %:    17.3023   MPKI: 0.03988
LLC PREFETCH  ACCESS:      21977  HIT:      16568  MISS:       5409  HIT %:    75.3879  MISS %:    24.6121   MPKI: 0.027045
AGUS PREFETCH L1 MISS: 0
LLC WRITEBACK ACCESS:      50810  HIT:      42155  MISS:       8655  HIT %:     82.966  MISS %:     17.034   MPKI: 0.043275
LLC LOAD TRANSLATION ACCESS:       1057  HIT:        793  MISS:        264  HIT %:    75.0237  MISS %:    24.9763   MPKI: 0.00132
LLC PREFETCH  REQUESTED:          0  ISSUED:          0  USEFUL:       5201  USELESS:       4550
LLC USEFUL LOAD PREFETCHES:       5201 PREFETCH ISSUED TO LOWER LEVEL:       5409  ACCURACY: 96.1546
LLC TIMELY PREFETCHES:       5201 LATE PREFETCHES: 0 DROPPED PREFETCHES: 0
LLC PREFETCHES SAME FILL-ORIGIN LEVEL: 0 DIFFERENT FILL-ORIGIN LEVEL: 0
LLC AVERAGE MISS LATENCY:    130.388 cycles AVERAGE LOAD MISS LATENCY:    181.243 cycles Load Miss       6517
LLC Average MSHR Occupancy:  0.0153959
LLC RQ	ACCESS:      79449	FORWARD:          0	MERGED:          0	TO_CACHE:      79447
LLC WQ	ACCESS:      50810	FORWARD:          2	MERGED:          0	TO_CACHE:      50810
LLC PQ	ACCESS:      21977	FORWARD:          0	MERGED:          0	TO_CACHE:      21977

LLC Dense regions hint to LLC: 0

RAW hits: 6507934
Loads Generated: 48073162
Loads sent to L1D: 41565228
Stores Generated: 31947483
Stores sent to L1D: 31947486
Major fault: 0 Minor fault: 2002
Allocated PAGES: 2002

stream: 
stream:times selected: 10093828
stream:pref_filled: 25140
stream:pref_useful: 6057
stream:pref_late: 1159
stream:misses: 4620
stream:misses_by_poll: 0

CS: 
CS:times selected: 3246936
CS:pref_filled: 36255
CS:pref_useful: 35140
CS:pref_late: 8369
CS:misses: 24281
CS:misses_by_poll: 66

CPLX: 
CPLX:times selected: 6845315
CPLX:pref_filled: 22153
CPLX:pref_useful: 2079
CPLX:pref_late: 345
CPLX:misses: 14743
CPLX:misses_by_poll: 29

NL_L1: 
NL:times selected: 103265
NL:pref_filled: 344
NL:pref_useful: 37
NL:pref_late: 8
NL:misses: 302
NL:misses_by_poll: 0

total selections: 20289344
total_filled: 29190
total_useful: 12157
total_late: 10282
total_polluted: 95
total_misses_after_warmup: 49073
conflicts: 4997967
Degree Incremented Times: 24069
Degree Decremented Times: 152447

L1 IP Table Write Accesses: 14385756
L1 IP Table Read Accesses: 9387789
L1 RST Write Accesses: 5227818
L1 RST Read Accesses: 10455636
L1 CSPT Write Accesses: 5227818
L1 CSPT Read Accesses: 8576031
L1 RR Filter Tag Write Accesses: 5097353
L1 RR Filter Tag Read Accesses: 379332333
L1 IP Table Tag Write Accesses: 22527564
L1 IP Table Tag Read Accesses: 22527564
L1 RST Tag Write Accesses: 0
L1 RST Tag Read Accesses: 47607223
L1 RR Filter Write Accesses: 0
L1 RR Filter Read Accesses: 12652710
test: 4398034
================ Mockingjay (LLC) Pollution Stats ================
Total pollution count in LLC: 1562
==================================================================

DRAM Statistics
 CHANNEL 0
 RQ ROW_BUFFER_HIT:       6512  ROW_BUFFER_MISS:      13653
 DBUS_CONGESTED:         18
 WQ ROW_BUFFER_HIT:       2925  ROW_BUFFER_MISS:      10294  FULL:          0

 AVG_CONGESTED_CYCLE: 5
 All warmup complete: 2
Channel 0 Bank busy for read cycles: 0
Channel 0 Bank busy for write cycles: 0
Channel 0
Rank 0
0banks busy for read cycles: 240335464
0banks busy for write cycles: 4282
1banks busy for read cycles: 966518
1banks busy for write cycles: 643161
2banks busy for read cycles: 217258
2banks busy for write cycles: 154690
3banks busy for read cycles: 83779
3banks busy for write cycles: 53108
4banks busy for read cycles: 49706
4banks busy for write cycles: 27270
5banks busy for read cycles: 35039
5banks busy for write cycles: 18374
6banks busy for read cycles: 26086
6banks busy for write cycles: 19853
7banks busy for read cycles: 15843
7banks busy for write cycles: 29115
8banks busy for read cycles: 11873
8banks busy for write cycles: 84088

CPU 0 Branch Prediction Accuracy: 99.8607% MPKI: 0.21692 Average ROB Occupancy at Mispredict: 11.8838
Branch types
NOT_BRANCH: 168855080 84.4275%
BRANCH_DIRECT_JUMP: 1712960 0.85648%
BRANCH_INDIRECT: 11559092 5.77955%
BRANCH_CONDITIONAL: 8390526 4.19526%
BRANCH_DIRECT_CALL: 4320086 2.16004%
BRANCH_INDIRECT_CALL: 420971 0.210485%
BRANCH_RETURN: 4741020 2.37051%
BRANCH_OTHER: 0 0%

===================== LRU L1D STATS =====================
Total pollution count in L1D: 25942
=========================================================
================ SRRIP (L2C) Pollution Stats ================
Total pollution count in L2c: 44391
==================================================================
DRAM PAGES: 1048576
Allocated PAGES: 2002
