
*** ChampSim Multicore Out-of-Order Simulator ***

Warmup Instructions: 200000000
Simulation Instructions: 200000000
Number of CPUs: 1
LLC sets: 4096
LLC ways: 12
Off-chip DRAM Size: 4096 MB Channels: 1 Width: 64-bit Data Rate: 6400 MT/s
CPU 0 runs /home1/sweta/traces/qualcomm_traces/server_025.champsimtrace.xz
.xz
BTB has LRU replacement policy
ITLB has LRU replacement policy
DTLB has LRU replacement policy
STLB has LRU replacement policy
L1I has LRU replacement policy
IP Table Entries: 1024
CSPT Entries: 128
RR_ENTRIES: 32
RST_ENTRIES: 8
L1D has LRU replacement policy
Initialize SRRIP state for L2C
Initialize Mockingjay state for LLC
Heartbeat CPU 0 instructions: 10000000 cycles: 2043413 heartbeat IPC: 4.89377 cumulative IPC: 4.89377 (Simulation time: 0 hr 0 min 31 sec) 
Heartbeat CPU 0 instructions: 20000002 cycles: 4090783 heartbeat IPC: 4.88432 cumulative IPC: 4.88904 (Simulation time: 0 hr 1 min 3 sec) 
Heartbeat CPU 0 instructions: 30000005 cycles: 6134285 heartbeat IPC: 4.89356 cumulative IPC: 4.89055 (Simulation time: 0 hr 1 min 36 sec) 
Heartbeat CPU 0 instructions: 40000005 cycles: 8178313 heartbeat IPC: 4.8923 cumulative IPC: 4.89099 (Simulation time: 0 hr 2 min 6 sec) 
Heartbeat CPU 0 instructions: 50000001 cycles: 10227723 heartbeat IPC: 4.87945 cumulative IPC: 4.88867 (Simulation time: 0 hr 2 min 36 sec) 
Heartbeat CPU 0 instructions: 60000007 cycles: 12271461 heartbeat IPC: 4.893 cumulative IPC: 4.88939 (Simulation time: 0 hr 3 min 5 sec) 
Heartbeat CPU 0 instructions: 70000004 cycles: 14316969 heartbeat IPC: 4.88876 cumulative IPC: 4.8893 (Simulation time: 0 hr 3 min 35 sec) 
Heartbeat CPU 0 instructions: 80000000 cycles: 16367731 heartbeat IPC: 4.87623 cumulative IPC: 4.88767 (Simulation time: 0 hr 4 min 4 sec) 
Heartbeat CPU 0 instructions: 90000000 cycles: 18416003 heartbeat IPC: 4.88216 cumulative IPC: 4.88705 (Simulation time: 0 hr 4 min 33 sec) 
Heartbeat CPU 0 instructions: 100000000 cycles: 20551997 heartbeat IPC: 4.68166 cumulative IPC: 4.86571 (Simulation time: 0 hr 4 min 56 sec) 
*** Reached end of trace for Core: 0 Repeating trace: /home1/sweta/traces/qualcomm_traces/server_025.champsimtrace.xz
Heartbeat CPU 0 instructions: 110000006 cycles: 22596871 heartbeat IPC: 4.89028 cumulative IPC: 4.86793 (Simulation time: 0 hr 5 min 26 sec) 
Heartbeat CPU 0 instructions: 120000000 cycles: 24639947 heartbeat IPC: 4.89458 cumulative IPC: 4.87014 (Simulation time: 0 hr 5 min 55 sec) 
Heartbeat CPU 0 instructions: 130000006 cycles: 26688622 heartbeat IPC: 4.88121 cumulative IPC: 4.87099 (Simulation time: 0 hr 6 min 25 sec) 
Heartbeat CPU 0 instructions: 140000000 cycles: 28732988 heartbeat IPC: 4.89149 cumulative IPC: 4.87245 (Simulation time: 0 hr 6 min 55 sec) 
Heartbeat CPU 0 instructions: 150000004 cycles: 30778562 heartbeat IPC: 4.88861 cumulative IPC: 4.87352 (Simulation time: 0 hr 7 min 24 sec) 
Heartbeat CPU 0 instructions: 160000006 cycles: 32824537 heartbeat IPC: 4.88765 cumulative IPC: 4.8744 (Simulation time: 0 hr 7 min 53 sec) 
Heartbeat CPU 0 instructions: 170000002 cycles: 34865989 heartbeat IPC: 4.89847 cumulative IPC: 4.87581 (Simulation time: 0 hr 8 min 22 sec) 
Heartbeat CPU 0 instructions: 180000000 cycles: 36917913 heartbeat IPC: 4.87347 cumulative IPC: 4.87568 (Simulation time: 0 hr 8 min 52 sec) 
Heartbeat CPU 0 instructions: 190000006 cycles: 38964677 heartbeat IPC: 4.88576 cumulative IPC: 4.87621 (Simulation time: 0 hr 9 min 20 sec) 
Heartbeat CPU 0 instructions: 200000006 cycles: 41068539 heartbeat IPC: 4.75316 cumulative IPC: 4.86991 (Simulation time: 0 hr 9 min 45 sec) 

Warmup complete CPU 0 instructions: 200000006 cycles: 41068539 (Simulation time: 0 hr 9 min 45 sec) 

*** Reached end of trace for Core: 0 Repeating trace: /home1/sweta/traces/qualcomm_traces/server_025.champsimtrace.xz
Heartbeat CPU 0 instructions: 210000000 cycles: 66990471 heartbeat IPC: 0.385773 cumulative IPC: 0.385773 (Simulation time: 0 hr 10 min 16 sec) 
Heartbeat CPU 0 instructions: 220000000 cycles: 96992181 heartbeat IPC: 0.333314 cumulative IPC: 0.35763 (Simulation time: 0 hr 10 min 47 sec) 
Heartbeat CPU 0 instructions: 230000000 cycles: 127043359 heartbeat IPC: 0.332766 cumulative IPC: 0.348939 (Simulation time: 0 hr 11 min 18 sec) 
Heartbeat CPU 0 instructions: 240000003 cycles: 156911059 heartbeat IPC: 0.33481 cumulative IPC: 0.345296 (Simulation time: 0 hr 11 min 49 sec) 
Heartbeat CPU 0 instructions: 250000001 cycles: 186960558 heartbeat IPC: 0.332784 cumulative IPC: 0.342719 (Simulation time: 0 hr 12 min 20 sec) 
Heartbeat CPU 0 instructions: 260000001 cycles: 216956337 heartbeat IPC: 0.33338 cumulative IPC: 0.341127 (Simulation time: 0 hr 12 min 53 sec) 
Heartbeat CPU 0 instructions: 270000000 cycles: 246890489 heartbeat IPC: 0.334067 cumulative IPC: 0.3401 (Simulation time: 0 hr 13 min 24 sec) 
Heartbeat CPU 0 instructions: 280000001 cycles: 277128115 heartbeat IPC: 0.330714 cumulative IPC: 0.338897 (Simulation time: 0 hr 13 min 55 sec) 
Heartbeat CPU 0 instructions: 290000003 cycles: 307274671 heartbeat IPC: 0.331713 cumulative IPC: 0.338084 (Simulation time: 0 hr 14 min 25 sec) 
Heartbeat CPU 0 instructions: 300000001 cycles: 336761019 heartbeat IPC: 0.33914 cumulative IPC: 0.338189 (Simulation time: 0 hr 14 min 56 sec) 
Heartbeat CPU 0 instructions: 310000000 cycles: 355772418 heartbeat IPC: 0.526 cumulative IPC: 0.349535 (Simulation time: 0 hr 15 min 24 sec) 
*** Reached end of trace for Core: 0 Repeating trace: /home1/sweta/traces/qualcomm_traces/server_025.champsimtrace.xz
Heartbeat CPU 0 instructions: 320000001 cycles: 385667216 heartbeat IPC: 0.334506 cumulative IPC: 0.348231 (Simulation time: 0 hr 15 min 58 sec) 
Heartbeat CPU 0 instructions: 330000002 cycles: 415722176 heartbeat IPC: 0.332724 cumulative IPC: 0.346987 (Simulation time: 0 hr 16 min 29 sec) 
Heartbeat CPU 0 instructions: 340000000 cycles: 445690357 heartbeat IPC: 0.333687 cumulative IPC: 0.346002 (Simulation time: 0 hr 17 min 1 sec) 
Heartbeat CPU 0 instructions: 350000000 cycles: 475670630 heartbeat IPC: 0.333553 cumulative IPC: 0.345143 (Simulation time: 0 hr 17 min 32 sec) 
Heartbeat CPU 0 instructions: 360000000 cycles: 505555393 heartbeat IPC: 0.334619 cumulative IPC: 0.344466 (Simulation time: 0 hr 18 min 3 sec) 
Heartbeat CPU 0 instructions: 370000000 cycles: 535659701 heartbeat IPC: 0.332178 cumulative IPC: 0.343718 (Simulation time: 0 hr 18 min 35 sec) 
Heartbeat CPU 0 instructions: 380000001 cycles: 565731741 heartbeat IPC: 0.332535 cumulative IPC: 0.343077 (Simulation time: 0 hr 19 min 7 sec) 
Heartbeat CPU 0 instructions: 390000002 cycles: 595815162 heartbeat IPC: 0.332409 cumulative IPC: 0.342499 (Simulation time: 0 hr 19 min 39 sec) 
Heartbeat CPU 0 instructions: 400000000 cycles: 626051016 heartbeat IPC: 0.330733 cumulative IPC: 0.341891 (Simulation time: 0 hr 20 min 11 sec) 
Finished CPU 0 instructions: 200000001 cycles: 584982504 cumulative IPC: 0.341891 (Simulation time: 0 hr 20 min 11 sec) 

ChampSim completed all CPUs

Region of Interest Statistics

CPU 0 cumulative IPC: 0.341891 instructions: 200000001 cycles: 584982504
ITLB TOTAL     ACCESS:   25954483  HIT:   24001668  MISS:    1952815  HIT %:     92.476  MISS %:      7.524   MPKI: 9.76407
ITLB LOAD TRANSLATION ACCESS:   25954483  HIT:   24001668  MISS:    1952815  HIT %:     92.476  MISS %:      7.524   MPKI: 9.76407
ITLB PREFETCH  REQUESTED:          0  ISSUED:          0  USEFUL:          0  USELESS:          0
ITLB USEFUL LOAD PREFETCHES:          0 PREFETCH ISSUED TO LOWER LEVEL:          0  ACCURACY: -nan
ITLB TIMELY PREFETCHES:          0 LATE PREFETCHES: 0 DROPPED PREFETCHES: 0
ITLB PREFETCHES SAME FILL-ORIGIN LEVEL: 0 DIFFERENT FILL-ORIGIN LEVEL: 0
ITLB AVERAGE MISS LATENCY:    9.03036 cycles AVERAGE LOAD MISS LATENCY:       -nan cycles Load Miss          0
ITLB Average MSHR Occupancy:   0.026973
ITLB RQ	ACCESS:   31384562	FORWARD:          0	MERGED:    4311563	TO_CACHE:   27072999

DTLB TOTAL     ACCESS:   41318320  HIT:   39520632  MISS:    1797688  HIT %:    95.6492  MISS %:    4.35083   MPKI: 8.98844
DTLB LOAD TRANSLATION ACCESS:   41318320  HIT:   39520632  MISS:    1797688  HIT %:    95.6492  MISS %:    4.35083   MPKI: 8.98844
DTLB PREFETCH  REQUESTED:          0  ISSUED:          0  USEFUL:          0  USELESS:          0
DTLB USEFUL LOAD PREFETCHES:          0 PREFETCH ISSUED TO LOWER LEVEL:          0  ACCURACY: -nan
DTLB TIMELY PREFETCHES:          0 LATE PREFETCHES: 0 DROPPED PREFETCHES: 0
DTLB PREFETCHES SAME FILL-ORIGIN LEVEL: 0 DIFFERENT FILL-ORIGIN LEVEL: 0
DTLB AVERAGE MISS LATENCY:    9.11719 cycles AVERAGE LOAD MISS LATENCY:       -nan cycles Load Miss          0
DTLB Average MSHR Occupancy:  0.0253959
DTLB RQ	ACCESS:   57802673	FORWARD:          0	MERGED:   16424884	TO_CACHE:   41377789

STLB TOTAL     ACCESS:    5463522  HIT:    5454438  MISS:       9084  HIT %:    99.8337  MISS %:   0.166266   MPKI: 0.04542
STLB LOAD TRANSLATION ACCESS:    3750503  HIT:    3741419  MISS:       9084  HIT %:    99.7578  MISS %:   0.242208   MPKI: 0.04542
STLB TRANSLATION FROM L1D PREFETCHER ACCESS:    1713019  HIT:    1713019  MISS:          0  HIT %:        100  MISS %:          0   MPKI: 0
STLB PREFETCH  REQUESTED:          0  ISSUED:          0  USEFUL:          0  USELESS:          0
STLB USEFUL LOAD PREFETCHES:          0 PREFETCH ISSUED TO LOWER LEVEL:          0  ACCURACY: -nan
STLB TIMELY PREFETCHES:          0 LATE PREFETCHES: 0 DROPPED PREFETCHES: 0
STLB PREFETCHES SAME FILL-ORIGIN LEVEL: 0 DIFFERENT FILL-ORIGIN LEVEL: 0
STLB AVERAGE MISS LATENCY:     25.437 cycles AVERAGE LOAD MISS LATENCY:       -nan cycles Load Miss          0
STLB Average MSHR Occupancy: 0.00041551
STLB RQ	ACCESS:    6008790	FORWARD:          0	MERGED:     545268	TO_CACHE:    5463522

STLB Hit, L1D data hit: 0
STLB Hit, L2C data hit: 0
STLB Hit, LLC data hit: 0
STLB Hit, LLC data miss: 0
STLB STLB hints to L2: 0
L1D TOTAL     ACCESS:   58262377  HIT:   53803653  MISS:    4458724  HIT %:    92.3472  MISS %:    7.65284   MPKI: 22.2936
L1D LOAD      ACCESS:   31065060  HIT:   28382677  MISS:    2682383  HIT %:    91.3653  MISS %:    8.63473   MPKI: 13.4119
L1D RFO       ACCESS:   25062290  HIT:   23991538  MISS:    1070752  HIT %:    95.7276  MISS %:    4.27236   MPKI: 5.35376
L1D PREFETCH  ACCESS:    2135027  HIT:    1429438  MISS:     705589  HIT %:    66.9518  MISS %:    33.0482   MPKI: 3.52794
AGUS PREFETCH L1 MISS: 0
L1D PREFETCH  REQUESTED:    4531552  ISSUED:    4519132  USEFUL:     194187  USELESS:     511425
L1D USEFUL LOAD PREFETCHES:     194187 PREFETCH ISSUED TO LOWER LEVEL:     755405  ACCURACY: 25.7063
L1D TIMELY PREFETCHES:     194187 LATE PREFETCHES: 47972 DROPPED PREFETCHES: 0
L1D PREFETCHES SAME FILL-ORIGIN LEVEL: 755405 DIFFERENT FILL-ORIGIN LEVEL: 0
L1D AVERAGE MISS LATENCY:    16.3333 cycles AVERAGE LOAD MISS LATENCY:    15.2131 cycles Load Miss    2682383
L1D Average MSHR Occupancy:   0.147276
L1D RQ	ACCESS:   44914558	FORWARD:          0	MERGED:   13618179	TO_CACHE:   31116645
L1D WQ	ACCESS:   26956498	FORWARD:     182292	MERGED:     270470	TO_CACHE:   26686028
L1D PQ	ACCESS:    2260845	FORWARD:          0	MERGED:          0	TO_CACHE:    2258287

L1D UNIQUE REGIONS ACCESSED: 0
L1D REGIONS CONFLICTS: 0
L1D Cross Page Prefetch Requests: 0
L1D Same Page Prefetch Requests: 4346250
L1D ROI Sum of L1D PQ occupancy: 28841398
L1D PREFETCHES PUSHED FROM L2C: 0
L1I TOTAL     ACCESS:   31015700  HIT:   11564379  MISS:   19451321  HIT %:    37.2856  MISS %:    62.7144   MPKI: 97.2566
L1I LOAD      ACCESS:   31015700  HIT:   11564379  MISS:   19451321  HIT %:    37.2856  MISS %:    62.7144   MPKI: 97.2566
L1I PREFETCH  REQUESTED:          0  ISSUED:          0  USEFUL:          0  USELESS:          0
L1I USEFUL LOAD PREFETCHES:          0 PREFETCH ISSUED TO LOWER LEVEL:          0  ACCURACY: -nan
L1I TIMELY PREFETCHES:          0 LATE PREFETCHES: 0 DROPPED PREFETCHES: 0
L1I PREFETCHES SAME FILL-ORIGIN LEVEL: 0 DIFFERENT FILL-ORIGIN LEVEL: 0
L1I AVERAGE MISS LATENCY:    14.1305 cycles AVERAGE LOAD MISS LATENCY:    14.1305 cycles Load Miss   19451321
L1I Average MSHR Occupancy:   0.457259
L1I RQ	ACCESS:   49398271	FORWARD:          0	MERGED:   18013709	TO_CACHE:   31384562

BTB TOTAL     ACCESS:   30287267  HIT:   17940208  MISS:   12347059  HIT %:    59.2335  MISS %:    40.7665   MPKI: 61.7353
BTB BRANCH_DIRECT_JUMP	ACCESS:    2030709  HIT:    1181391  MISS:     849318
BTB BRANCH_INDIRECT	ACCESS:   12061785  HIT:    7326336  MISS:    4735449
BTB BRANCH_CONDITIONAL	ACCESS:    7402003  HIT:    6123525  MISS:    1278478
BTB BRANCH_DIRECT_CALL	ACCESS:    3712357  HIT:    1708206  MISS:    2004151
BTB BRANCH_INDIRECT_CALL	ACCESS:     683988  HIT:     297149  MISS:     386839
BTB BRANCH_RETURN	ACCESS:    4396425  HIT:    1303601  MISS:    3092824
BTB BRANCH_OTHER ACCESS:          0  HIT:          0  MISS:          0

L2C TOTAL     ACCESS:   25902417  HIT:   25804823  MISS:      97594  HIT %:    99.6232  MISS %:   0.376776   MPKI: 0.48797
L2C LOAD      ACCESS:   22085725  HIT:   22069678  MISS:      16047  HIT %:    99.9273  MISS %:  0.0726578   MPKI: 0.080235
L2C DATA LOAD MPKI: 0.069935
L2C INSTRUCTION LOAD MPKI: 0.0103
L2C RFO       ACCESS:    1068906  HIT:    1021667  MISS:      47239  HIT %:    95.5806  MISS %:    4.41938   MPKI: 0.236195
L2C PREFETCH  ACCESS:     755403  HIT:     721762  MISS:      33641  HIT %:    95.5466  MISS %:    4.45338   MPKI: 0.168205
AGUS PREFETCH L1 MISS: 0
L2C DATA PREFETCH MPKI: 0.168205
L2C INSTRUCTION PREFETCH MPKI: 0
L2C WRITEBACK ACCESS:    1982654  HIT:    1982638  MISS:         16  HIT %:    99.9992  MISS %: 0.000806999   MPKI: 8e-05
L2C LOAD TRANSLATION ACCESS:       9729  HIT:       9078  MISS:        651  HIT %:    93.3087  MISS %:    6.69134   MPKI: 0.003255
L2C PREFETCH  REQUESTED:          0  ISSUED:          0  USEFUL:       2088  USELESS:      31793
L2C USEFUL LOAD PREFETCHES:       2088 PREFETCH ISSUED TO LOWER LEVEL:      33641  ACCURACY: 6.20671
L2C TIMELY PREFETCHES:       2088 LATE PREFETCHES: 0 DROPPED PREFETCHES: 0
L2C PREFETCHES SAME FILL-ORIGIN LEVEL: 0 DIFFERENT FILL-ORIGIN LEVEL: 0
L2C AVERAGE MISS LATENCY:    75.8924 cycles AVERAGE LOAD MISS LATENCY:    79.6254 cycles Load Miss      16047
L2C Average MSHR Occupancy:  0.0126217
L2C RQ	ACCESS:   23164369	FORWARD:          0	MERGED:          0	TO_CACHE:   23164360
L2C WQ	ACCESS:    1982654	FORWARD:         11	MERGED:          0	TO_CACHE:    1982654
L2C PQ	ACCESS:     755405	FORWARD:          0	MERGED:          0	TO_CACHE:     755403

L2C Instructions Evicting Data 1949
L2C Translations Evicting Data 622
L2C Data Evicting Data 92112
L2C Instructions Evicting Instructions 94
L2C Translations Evicting Instructions 29
L2C Data Evicting Instructions 2105
L2C Instructions Evicting Translations 17
L2C Translations Evicting Translations 0
L2C Data Evicting Translations 650
L2C Dense regions hint from L2: 0
PSCL5 TOTAL     ACCESS:       9084  HIT:       9084  MISS:          0  HIT %:        100  MISS %:          0   MPKI: 0
PSCL5 LOAD TRANSLATION ACCESS:       9084  HIT:       9084  MISS:          0  HIT %:        100  MISS %:          0   MPKI: 0
PSCL5 PREFETCH  REQUESTED:          0  ISSUED:          0  USEFUL:          0  USELESS:          0
PSCL5 USEFUL LOAD PREFETCHES:          0 PREFETCH ISSUED TO LOWER LEVEL:          0  ACCURACY: -nan
PSCL5 TIMELY PREFETCHES:          0 LATE PREFETCHES: 0 DROPPED PREFETCHES: 0
PSCL5 PREFETCHES SAME FILL-ORIGIN LEVEL: 0 DIFFERENT FILL-ORIGIN LEVEL: 0

PSCL4 TOTAL     ACCESS:       7509  HIT:       7464  MISS:         45  HIT %:    99.4007  MISS %:   0.599281   MPKI: 0.000225
PSCL4 LOAD TRANSLATION ACCESS:       7509  HIT:       7464  MISS:         45  HIT %:    99.4007  MISS %:   0.599281   MPKI: 0.000225
PSCL4 PREFETCH  REQUESTED:          0  ISSUED:          0  USEFUL:          0  USELESS:          0
PSCL4 USEFUL LOAD PREFETCHES:          0 PREFETCH ISSUED TO LOWER LEVEL:          0  ACCURACY: -nan
PSCL4 TIMELY PREFETCHES:          0 LATE PREFETCHES: 0 DROPPED PREFETCHES: 0
PSCL4 PREFETCHES SAME FILL-ORIGIN LEVEL: 0 DIFFERENT FILL-ORIGIN LEVEL: 0

PSCL3 TOTAL     ACCESS:       8563  HIT:       8476  MISS:         87  HIT %:     98.984  MISS %:      1.016   MPKI: 0.000435
PSCL3 LOAD TRANSLATION ACCESS:       8563  HIT:       8476  MISS:         87  HIT %:     98.984  MISS %:      1.016   MPKI: 0.000435
PSCL3 PREFETCH  REQUESTED:          0  ISSUED:          0  USEFUL:          0  USELESS:          0
PSCL3 USEFUL LOAD PREFETCHES:          0 PREFETCH ISSUED TO LOWER LEVEL:          0  ACCURACY: -nan
PSCL3 TIMELY PREFETCHES:          0 LATE PREFETCHES: 0 DROPPED PREFETCHES: 0
PSCL3 PREFETCHES SAME FILL-ORIGIN LEVEL: 0 DIFFERENT FILL-ORIGIN LEVEL: 0

PSCL2 TOTAL     ACCESS:       9084  HIT:       8571  MISS:        513  HIT %:    94.3527  MISS %:    5.64729   MPKI: 0.002565
PSCL2 LOAD TRANSLATION ACCESS:       9084  HIT:       8571  MISS:        513  HIT %:    94.3527  MISS %:    5.64729   MPKI: 0.002565
PSCL2 PREFETCH  REQUESTED:          0  ISSUED:          0  USEFUL:          0  USELESS:          0
PSCL2 USEFUL LOAD PREFETCHES:          0 PREFETCH ISSUED TO LOWER LEVEL:          0  ACCURACY: -nan
PSCL2 TIMELY PREFETCHES:          0 LATE PREFETCHES: 0 DROPPED PREFETCHES: 0
PSCL2 PREFETCHES SAME FILL-ORIGIN LEVEL: 0 DIFFERENT FILL-ORIGIN LEVEL: 0

LLC TOTAL     ACCESS:     148088  HIT:     127303  MISS:      20785  HIT %:    85.9644  MISS %:    14.0356   MPKI: 0.103925
LLC LOAD      ACCESS:      16047  HIT:      12769  MISS:       3278  HIT %:    79.5725  MISS %:    20.4275   MPKI: 0.01639
LLC RFO       ACCESS:      47239  HIT:      41109  MISS:       6130  HIT %:    87.0234  MISS %:    12.9766   MPKI: 0.03065
LLC PREFETCH  ACCESS:      33641  HIT:      24138  MISS:       9503  HIT %:    71.7517  MISS %:    28.2483   MPKI: 0.047515
AGUS PREFETCH L1 MISS: 0
LLC WRITEBACK ACCESS:      50510  HIT:      48751  MISS:       1759  HIT %:    96.5175  MISS %:    3.48248   MPKI: 0.008795
LLC LOAD TRANSLATION ACCESS:        651  HIT:        536  MISS:        115  HIT %:    82.3349  MISS %:    17.6651   MPKI: 0.000575
LLC PREFETCH  REQUESTED:          0  ISSUED:          0  USEFUL:        934  USELESS:       5967
LLC USEFUL LOAD PREFETCHES:        934 PREFETCH ISSUED TO LOWER LEVEL:       9503  ACCURACY: 9.82848
LLC TIMELY PREFETCHES:        934 LATE PREFETCHES: 0 DROPPED PREFETCHES: 0
LLC PREFETCHES SAME FILL-ORIGIN LEVEL: 0 DIFFERENT FILL-ORIGIN LEVEL: 0
LLC AVERAGE MISS LATENCY:    145.077 cycles AVERAGE LOAD MISS LATENCY:    169.502 cycles Load Miss       3278
LLC Average MSHR Occupancy: 0.00512222
LLC RQ	ACCESS:      63937	FORWARD:          0	MERGED:          0	TO_CACHE:      63937
LLC WQ	ACCESS:      50510	FORWARD:          0	MERGED:          0	TO_CACHE:      50510
LLC PQ	ACCESS:      33641	FORWARD:          0	MERGED:          0	TO_CACHE:      33641

LLC Dense regions hint to LLC: 0

RAW hits: 4088984
Loads Generated: 49003542
Loads sent to L1D: 44914558
Stores Generated: 26956488
Stores sent to L1D: 26956498
Major fault: 0 Minor fault: 2563
Allocated PAGES: 2563

stream: 
stream:times selected: 7095306
stream:pref_filled: 897295
stream:pref_useful: 162156
stream:pref_late: 54490
stream:misses: 58578
stream:misses_by_poll: 0

CS: 
CS:times selected: 693136
CS:pref_filled: 245725
CS:pref_useful: 142739
CS:pref_late: 56948
CS:misses: 99348
CS:misses_by_poll: 801

CPLX: 
CPLX:times selected: 6385134
CPLX:pref_filled: 177023
CPLX:pref_useful: 28070
CPLX:pref_late: 10500
CPLX:misses: 540534
CPLX:misses_by_poll: 15

NL_L1: 
NL:times selected: 36521
NL:pref_filled: 5808
NL:pref_useful: 1206
NL:pref_late: 195
NL:misses: 2007
NL:misses_by_poll: 0

total selections: 14210097
total_filled: 705589
total_useful: 194187
total_late: 131205
total_polluted: 816
total_misses_after_warmup: 2733968
conflicts: 10510852
Degree Incremented Times: 0
Degree Decremented Times: 570699

L1 IP Table Write Accesses: 19534744
L1 IP Table Read Accesses: 9023892
L1 RST Write Accesses: 3677341
L1 RST Read Accesses: 7354682
L1 CSPT Write Accesses: 3677341
L1 CSPT Read Accesses: 6957014
L1 RR Filter Tag Write Accesses: 2273265
L1 RR Filter Tag Read Accesses: 149262729
L1 IP Table Tag Write Accesses: 31116645
L1 IP Table Tag Read Accesses: 31116645
L1 RST Tag Write Accesses: 0
L1 RST Tag Read Accesses: 32936059
L1 RR Filter Write Accesses: 0
L1 RR Filter Read Accesses: 5561132
test: 1439664
================ Mockingjay (LLC) Pollution Stats ================
Total pollution count in LLC: 1152
==================================================================

DRAM Statistics
 CHANNEL 0
 RQ ROW_BUFFER_HIT:       5226  ROW_BUFFER_MISS:      13800
 DBUS_CONGESTED:        147
 WQ ROW_BUFFER_HIT:        496  ROW_BUFFER_MISS:       6920  FULL:          0

 AVG_CONGESTED_CYCLE: 5
 All warmup complete: 2
Channel 0 Bank busy for read cycles: 0
Channel 0 Bank busy for write cycles: 0
Channel 0
Rank 0
0banks busy for read cycles: 582569517
0banks busy for write cycles: 3954
1banks busy for read cycles: 1278680
1banks busy for write cycles: 521823
2banks busy for read cycles: 249773
2banks busy for write cycles: 100138
3banks busy for read cycles: 83079
3banks busy for write cycles: 46004
4banks busy for read cycles: 34067
4banks busy for write cycles: 25655
5banks busy for read cycles: 17425
5banks busy for write cycles: 16868
6banks busy for read cycles: 8498
6banks busy for write cycles: 9999
7banks busy for read cycles: 3561
7banks busy for write cycles: 7673
8banks busy for read cycles: 664
8banks busy for write cycles: 5127

CPU 0 Branch Prediction Accuracy: 99.8795% MPKI: 0.21328 Average ROB Occupancy at Mispredict: 27.6686
Branch types
NOT_BRANCH: 164614224 82.3071%
BRANCH_DIRECT_JUMP: 2030709 1.01535%
BRANCH_INDIRECT: 12061785 6.03089%
BRANCH_CONDITIONAL: 12500434 6.25022%
BRANCH_DIRECT_CALL: 3712357 1.85618%
BRANCH_INDIRECT_CALL: 683988 0.341994%
BRANCH_RETURN: 4396425 2.19821%
BRANCH_OTHER: 0 0%

===================== LRU L1D STATS =====================
Total pollution count in L1D: 855688
=========================================================
================ SRRIP (L2C) Pollution Stats ================
Total pollution count in L2c: 26240
==================================================================
DRAM PAGES: 1048576
Allocated PAGES: 2563
