
*** ChampSim Multicore Out-of-Order Simulator ***

Warmup Instructions: 200000000
Simulation Instructions: 200000000
Number of CPUs: 1
LLC sets: 4096
LLC ways: 12
Off-chip DRAM Size: 4096 MB Channels: 1 Width: 64-bit Data Rate: 6400 MT/s
CPU 0 runs /home1/sweta/traces/qualcomm_traces/server_039.champsimtrace.xz
.xz
BTB has LRU replacement policy
ITLB has LRU replacement policy
DTLB has LRU replacement policy
STLB has LRU replacement policy
L1I has LRU replacement policy
IP Table Entries: 1024
CSPT Entries: 128
RR_ENTRIES: 32
RST_ENTRIES: 8
L1D has LRU replacement policy
Initialize SRRIP state for L2C
Initialize Mockingjay state for LLC
Heartbeat CPU 0 instructions: 10000000 cycles: 1972241 heartbeat IPC: 5.07037 cumulative IPC: 5.07037 (Simulation time: 0 hr 0 min 25 sec) 
Heartbeat CPU 0 instructions: 20000006 cycles: 3943880 heartbeat IPC: 5.07193 cumulative IPC: 5.07115 (Simulation time: 0 hr 0 min 50 sec) 
Heartbeat CPU 0 instructions: 30000007 cycles: 5916073 heartbeat IPC: 5.0705 cumulative IPC: 5.07093 (Simulation time: 0 hr 1 min 14 sec) 
Heartbeat CPU 0 instructions: 40000004 cycles: 7887597 heartbeat IPC: 5.07222 cumulative IPC: 5.07125 (Simulation time: 0 hr 1 min 38 sec) 
Heartbeat CPU 0 instructions: 50000005 cycles: 9859041 heartbeat IPC: 5.07242 cumulative IPC: 5.07149 (Simulation time: 0 hr 2 min 3 sec) 
Heartbeat CPU 0 instructions: 60000004 cycles: 11830473 heartbeat IPC: 5.07245 cumulative IPC: 5.07165 (Simulation time: 0 hr 2 min 28 sec) 
Heartbeat CPU 0 instructions: 70000002 cycles: 13801997 heartbeat IPC: 5.07222 cumulative IPC: 5.07173 (Simulation time: 0 hr 2 min 52 sec) 
Heartbeat CPU 0 instructions: 80000005 cycles: 15773429 heartbeat IPC: 5.07246 cumulative IPC: 5.07182 (Simulation time: 0 hr 3 min 16 sec) 
Heartbeat CPU 0 instructions: 90000000 cycles: 17744976 heartbeat IPC: 5.07216 cumulative IPC: 5.07186 (Simulation time: 0 hr 3 min 39 sec) 
Heartbeat CPU 0 instructions: 100000001 cycles: 19716659 heartbeat IPC: 5.07181 cumulative IPC: 5.07185 (Simulation time: 0 hr 4 min 3 sec) 
Heartbeat CPU 0 instructions: 110000004 cycles: 21688269 heartbeat IPC: 5.072 cumulative IPC: 5.07187 (Simulation time: 0 hr 4 min 27 sec) 
Heartbeat CPU 0 instructions: 120000002 cycles: 23659747 heartbeat IPC: 5.07234 cumulative IPC: 5.07191 (Simulation time: 0 hr 4 min 50 sec) 
Heartbeat CPU 0 instructions: 130000001 cycles: 25631311 heartbeat IPC: 5.07211 cumulative IPC: 5.07192 (Simulation time: 0 hr 5 min 15 sec) 
Heartbeat CPU 0 instructions: 140000007 cycles: 27602938 heartbeat IPC: 5.07196 cumulative IPC: 5.07192 (Simulation time: 0 hr 5 min 38 sec) 
Heartbeat CPU 0 instructions: 150000005 cycles: 29574546 heartbeat IPC: 5.072 cumulative IPC: 5.07193 (Simulation time: 0 hr 6 min 2 sec) 
Heartbeat CPU 0 instructions: 160000003 cycles: 31546035 heartbeat IPC: 5.07231 cumulative IPC: 5.07195 (Simulation time: 0 hr 6 min 25 sec) 
*** Reached end of trace for Core: 0 Repeating trace: /home1/sweta/traces/qualcomm_traces/server_039.champsimtrace.xz
Heartbeat CPU 0 instructions: 170000003 cycles: 33519198 heartbeat IPC: 5.06801 cumulative IPC: 5.07172 (Simulation time: 0 hr 6 min 50 sec) 
Heartbeat CPU 0 instructions: 180000000 cycles: 35490878 heartbeat IPC: 5.07182 cumulative IPC: 5.07173 (Simulation time: 0 hr 7 min 13 sec) 
Heartbeat CPU 0 instructions: 190000001 cycles: 37462517 heartbeat IPC: 5.07192 cumulative IPC: 5.07174 (Simulation time: 0 hr 7 min 36 sec) 
Heartbeat CPU 0 instructions: 200000005 cycles: 39434579 heartbeat IPC: 5.07084 cumulative IPC: 5.07169 (Simulation time: 0 hr 7 min 59 sec) 

Warmup complete CPU 0 instructions: 200000005 cycles: 39434579 (Simulation time: 0 hr 7 min 59 sec) 

Heartbeat CPU 0 instructions: 210000005 cycles: 51997103 heartbeat IPC: 0.796018 cumulative IPC: 0.796018 (Simulation time: 0 hr 8 min 26 sec) 
Heartbeat CPU 0 instructions: 220000001 cycles: 64513670 heartbeat IPC: 0.798941 cumulative IPC: 0.797477 (Simulation time: 0 hr 8 min 53 sec) 
Heartbeat CPU 0 instructions: 230000003 cycles: 77018479 heartbeat IPC: 0.799693 cumulative IPC: 0.798214 (Simulation time: 0 hr 9 min 19 sec) 
Heartbeat CPU 0 instructions: 240000001 cycles: 89526473 heartbeat IPC: 0.799489 cumulative IPC: 0.798532 (Simulation time: 0 hr 9 min 46 sec) 
Heartbeat CPU 0 instructions: 250000004 cycles: 102103016 heartbeat IPC: 0.795131 cumulative IPC: 0.79785 (Simulation time: 0 hr 10 min 11 sec) 
Heartbeat CPU 0 instructions: 260000004 cycles: 114736565 heartbeat IPC: 0.791543 cumulative IPC: 0.796792 (Simulation time: 0 hr 10 min 38 sec) 
Heartbeat CPU 0 instructions: 270000000 cycles: 127363763 heartbeat IPC: 0.791941 cumulative IPC: 0.796095 (Simulation time: 0 hr 11 min 3 sec) 
Heartbeat CPU 0 instructions: 280000004 cycles: 139910406 heartbeat IPC: 0.797026 cumulative IPC: 0.796211 (Simulation time: 0 hr 11 min 29 sec) 
Heartbeat CPU 0 instructions: 290000007 cycles: 152411883 heartbeat IPC: 0.799906 cumulative IPC: 0.79662 (Simulation time: 0 hr 11 min 55 sec) 
Heartbeat CPU 0 instructions: 300000000 cycles: 164917283 heartbeat IPC: 0.799654 cumulative IPC: 0.796923 (Simulation time: 0 hr 12 min 21 sec) 
Heartbeat CPU 0 instructions: 310000002 cycles: 177443337 heartbeat IPC: 0.798336 cumulative IPC: 0.797051 (Simulation time: 0 hr 12 min 47 sec) 
Heartbeat CPU 0 instructions: 320000005 cycles: 189957746 heartbeat IPC: 0.799079 cumulative IPC: 0.797219 (Simulation time: 0 hr 13 min 13 sec) 
*** Reached end of trace for Core: 0 Repeating trace: /home1/sweta/traces/qualcomm_traces/server_039.champsimtrace.xz
Heartbeat CPU 0 instructions: 330000000 cycles: 202614811 heartbeat IPC: 0.790072 cumulative IPC: 0.796665 (Simulation time: 0 hr 13 min 39 sec) 
Heartbeat CPU 0 instructions: 340000001 cycles: 215050796 heartbeat IPC: 0.804118 cumulative IPC: 0.797193 (Simulation time: 0 hr 14 min 4 sec) 
Heartbeat CPU 0 instructions: 350000005 cycles: 227484222 heartbeat IPC: 0.804284 cumulative IPC: 0.797662 (Simulation time: 0 hr 14 min 31 sec) 
Heartbeat CPU 0 instructions: 360000000 cycles: 239997360 heartbeat IPC: 0.79916 cumulative IPC: 0.797755 (Simulation time: 0 hr 14 min 57 sec) 
Heartbeat CPU 0 instructions: 370000003 cycles: 252502797 heartbeat IPC: 0.799652 cumulative IPC: 0.797867 (Simulation time: 0 hr 15 min 22 sec) 
Heartbeat CPU 0 instructions: 380000002 cycles: 265010783 heartbeat IPC: 0.799489 cumulative IPC: 0.797956 (Simulation time: 0 hr 15 min 49 sec) 
Heartbeat CPU 0 instructions: 390000001 cycles: 277516057 heartbeat IPC: 0.799663 cumulative IPC: 0.798046 (Simulation time: 0 hr 16 min 15 sec) 
Heartbeat CPU 0 instructions: 400000001 cycles: 290023890 heartbeat IPC: 0.799499 cumulative IPC: 0.798119 (Simulation time: 0 hr 16 min 41 sec) 
Finished CPU 0 instructions: 200000003 cycles: 250589317 cumulative IPC: 0.798119 (Simulation time: 0 hr 16 min 41 sec) 

ChampSim completed all CPUs

Region of Interest Statistics

CPU 0 cumulative IPC: 0.798119 instructions: 200000003 cycles: 250589317
ITLB TOTAL     ACCESS:   22645527  HIT:   20490866  MISS:    2154661  HIT %:    90.4853  MISS %:    9.51473   MPKI: 10.7733
ITLB LOAD TRANSLATION ACCESS:   22645527  HIT:   20490866  MISS:    2154661  HIT %:    90.4853  MISS %:    9.51473   MPKI: 10.7733
ITLB PREFETCH  REQUESTED:          0  ISSUED:          0  USEFUL:          0  USELESS:          0
ITLB USEFUL LOAD PREFETCHES:          0 PREFETCH ISSUED TO LOWER LEVEL:          0  ACCURACY: -nan
ITLB TIMELY PREFETCHES:          0 LATE PREFETCHES: 0 DROPPED PREFETCHES: 0
ITLB PREFETCHES SAME FILL-ORIGIN LEVEL: 0 DIFFERENT FILL-ORIGIN LEVEL: 0
ITLB AVERAGE MISS LATENCY:    9.00589 cycles AVERAGE LOAD MISS LATENCY:       -nan cycles Load Miss          0
ITLB Average MSHR Occupancy:  0.0690639
ITLB RQ	ACCESS:   27991506	FORWARD:          0	MERGED:    3187289	TO_CACHE:   24804217

DTLB TOTAL     ACCESS:   31891311  HIT:   30734919  MISS:    1156392  HIT %:     96.374  MISS %:    3.62604   MPKI: 5.78196
DTLB LOAD TRANSLATION ACCESS:   31891311  HIT:   30734919  MISS:    1156392  HIT %:     96.374  MISS %:    3.62604   MPKI: 5.78196
DTLB PREFETCH  REQUESTED:          0  ISSUED:          0  USEFUL:          0  USELESS:          0
DTLB USEFUL LOAD PREFETCHES:          0 PREFETCH ISSUED TO LOWER LEVEL:          0  ACCURACY: -nan
DTLB TIMELY PREFETCHES:          0 LATE PREFETCHES: 0 DROPPED PREFETCHES: 0
DTLB PREFETCHES SAME FILL-ORIGIN LEVEL: 0 DIFFERENT FILL-ORIGIN LEVEL: 0
DTLB AVERAGE MISS LATENCY:    9.02164 cycles AVERAGE LOAD MISS LATENCY:       -nan cycles Load Miss          0
DTLB Average MSHR Occupancy:  0.0374601
DTLB RQ	ACCESS:   52362971	FORWARD:          0	MERGED:   20361179	TO_CACHE:   32001792

STLB TOTAL     ACCESS:    4301477  HIT:    4301477  MISS:          0  HIT %:        100  MISS %:          0   MPKI: 0
STLB LOAD TRANSLATION ACCESS:    3311053  HIT:    3311053  MISS:          0  HIT %:        100  MISS %:          0   MPKI: 0
STLB TRANSLATION FROM L1D PREFETCHER ACCESS:     990424  HIT:     990424  MISS:          0  HIT %:        100  MISS %:          0   MPKI: 0
STLB PREFETCH  REQUESTED:          0  ISSUED:          0  USEFUL:          0  USELESS:          0
STLB USEFUL LOAD PREFETCHES:          0 PREFETCH ISSUED TO LOWER LEVEL:          0  ACCURACY: -nan
STLB TIMELY PREFETCHES:          0 LATE PREFETCHES: 0 DROPPED PREFETCHES: 0
STLB PREFETCHES SAME FILL-ORIGIN LEVEL: 0 DIFFERENT FILL-ORIGIN LEVEL: 0
STLB AVERAGE MISS LATENCY:       -nan cycles AVERAGE LOAD MISS LATENCY:       -nan cycles Load Miss          0
STLB Average MSHR Occupancy: 9.34996e-06
STLB RQ	ACCESS:    4745237	FORWARD:          0	MERGED:     443760	TO_CACHE:    4301477

STLB Hit, L1D data hit: 0
STLB Hit, L2C data hit: 0
STLB Hit, LLC data hit: 0
STLB Hit, LLC data miss: 0
STLB STLB hints to L2: 0
L1D TOTAL     ACCESS:   53707729  HIT:   53487617  MISS:     220112  HIT %:    99.5902  MISS %:   0.409833   MPKI: 1.10056
L1D LOAD      ACCESS:   24710791  HIT:   24548369  MISS:     162422  HIT %:    99.3427  MISS %:   0.657292   MPKI: 0.81211
L1D RFO       ACCESS:   27562836  HIT:   27524640  MISS:      38196  HIT %:    99.8614  MISS %:   0.138578   MPKI: 0.19098
L1D PREFETCH  ACCESS:    1434102  HIT:    1414608  MISS:      19494  HIT %:    98.6407  MISS %:    1.35932   MPKI: 0.09747
AGUS PREFETCH L1 MISS: 0
L1D PREFETCH  REQUESTED:    2868706  ISSUED:    2868706  USEFUL:      11711  USELESS:       7812
L1D USEFUL LOAD PREFETCHES:      11711 PREFETCH ISSUED TO LOWER LEVEL:      19521  ACCURACY: 59.9918
L1D TIMELY PREFETCHES:      11711 LATE PREFETCHES: 27 DROPPED PREFETCHES: 0
L1D PREFETCHES SAME FILL-ORIGIN LEVEL: 19521 DIFFERENT FILL-ORIGIN LEVEL: 0
L1D AVERAGE MISS LATENCY:    15.1914 cycles AVERAGE LOAD MISS LATENCY:    15.0168 cycles Load Miss     162422
L1D Average MSHR Occupancy:  0.0137059
L1D RQ	ACCESS:   42187817	FORWARD:          0	MERGED:   17217841	TO_CACHE:   24712299
L1D WQ	ACCESS:   28081576	FORWARD:     258015	MERGED:     430904	TO_CACHE:   27650672
L1D PQ	ACCESS:    1434522	FORWARD:          0	MERGED:          0	TO_CACHE:    1434184

L1D UNIQUE REGIONS ACCESSED: 0
L1D REGIONS CONFLICTS: 0
L1D Cross Page Prefetch Requests: 0
L1D Same Page Prefetch Requests: 2726853
L1D ROI Sum of L1D PQ occupancy: 18260476
L1D PREFETCHES PUSHED FROM L2C: 0
L1I TOTAL     ACCESS:   27017260  HIT:    9518760  MISS:   17498500  HIT %:    35.2321  MISS %:    64.7679   MPKI: 87.4925
L1I LOAD      ACCESS:   27017260  HIT:    9518760  MISS:   17498500  HIT %:    35.2321  MISS %:    64.7679   MPKI: 87.4925
L1I PREFETCH  REQUESTED:          0  ISSUED:          0  USEFUL:          0  USELESS:          0
L1I USEFUL LOAD PREFETCHES:          0 PREFETCH ISSUED TO LOWER LEVEL:          0  ACCURACY: -nan
L1I TIMELY PREFETCHES:          0 LATE PREFETCHES: 0 DROPPED PREFETCHES: 0
L1I PREFETCHES SAME FILL-ORIGIN LEVEL: 0 DIFFERENT FILL-ORIGIN LEVEL: 0
L1I AVERAGE MISS LATENCY:    14.2418 cycles AVERAGE LOAD MISS LATENCY:    14.2418 cycles Load Miss   17498500
L1I Average MSHR Occupancy:   0.944811
L1I RQ	ACCESS:   49100519	FORWARD:          0	MERGED:   21109013	TO_CACHE:   27991506

BTB TOTAL     ACCESS:   27127363  HIT:   23747129  MISS:    3380234  HIT %:    87.5394  MISS %:    12.4606   MPKI: 16.9012
BTB BRANCH_DIRECT_JUMP	ACCESS:    1854670  HIT:    1769528  MISS:      85142
BTB BRANCH_INDIRECT	ACCESS:   11982837  HIT:   10670768  MISS:    1312069
BTB BRANCH_CONDITIONAL	ACCESS:    4159484  HIT:    4059954  MISS:      99530
BTB BRANCH_DIRECT_CALL	ACCESS:    3881833  HIT:    3707799  MISS:     174034
BTB BRANCH_INDIRECT_CALL	ACCESS:     683352  HIT:     534463  MISS:     148889
BTB BRANCH_RETURN	ACCESS:    4565187  HIT:    3004617  MISS:    1560570
BTB BRANCH_OTHER ACCESS:          0  HIT:          0  MISS:          0

L2C TOTAL     ACCESS:   17817989  HIT:   17817827  MISS:        162  HIT %:    99.9991  MISS %: 0.000909194   MPKI: 0.00081
L2C LOAD      ACCESS:   17660894  HIT:   17660894  MISS:          0  HIT %:        100  MISS %:          0   MPKI: 0
L2C DATA LOAD MPKI: 0
L2C INSTRUCTION LOAD MPKI: 0
L2C RFO       ACCESS:      38196  HIT:      38196  MISS:          0  HIT %:        100  MISS %:          0   MPKI: 0
L2C PREFETCH  ACCESS:      19521  HIT:      19359  MISS:        162  HIT %:    99.1701  MISS %:   0.829876   MPKI: 0.00081
AGUS PREFETCH L1 MISS: 0
L2C DATA PREFETCH MPKI: 0.00081
L2C INSTRUCTION PREFETCH MPKI: 0
L2C WRITEBACK ACCESS:      99378  HIT:      99378  MISS:          0  HIT %:        100  MISS %:          0   MPKI: 0
L2C PREFETCH  REQUESTED:          0  ISSUED:          0  USEFUL:         12  USELESS:          0
L2C USEFUL LOAD PREFETCHES:         12 PREFETCH ISSUED TO LOWER LEVEL:        162  ACCURACY: 7.40741
L2C TIMELY PREFETCHES:         12 LATE PREFETCHES: 0 DROPPED PREFETCHES: 0
L2C PREFETCHES SAME FILL-ORIGIN LEVEL: 0 DIFFERENT FILL-ORIGIN LEVEL: 0
L2C AVERAGE MISS LATENCY:        218 cycles AVERAGE LOAD MISS LATENCY:       -nan cycles Load Miss          0
L2C Average MSHR Occupancy: 0.000164388
L2C RQ	ACCESS:   17699089	FORWARD:          0	MERGED:          0	TO_CACHE:   17699089
L2C WQ	ACCESS:      99378	FORWARD:          0	MERGED:          0	TO_CACHE:      99378
L2C PQ	ACCESS:      19521	FORWARD:          0	MERGED:          0	TO_CACHE:      19521

L2C Instructions Evicting Data 0
L2C Translations Evicting Data 0
L2C Data Evicting Data 0
L2C Instructions Evicting Instructions 0
L2C Translations Evicting Instructions 0
L2C Data Evicting Instructions 0
L2C Instructions Evicting Translations 0
L2C Translations Evicting Translations 0
L2C Data Evicting Translations 0
L2C Dense regions hint from L2: 0
PSCL5 PREFETCH  REQUESTED:          0  ISSUED:          0  USEFUL:          0  USELESS:          0
PSCL5 USEFUL LOAD PREFETCHES:          0 PREFETCH ISSUED TO LOWER LEVEL:          0  ACCURACY: -nan
PSCL5 TIMELY PREFETCHES:          0 LATE PREFETCHES: 0 DROPPED PREFETCHES: 0
PSCL5 PREFETCHES SAME FILL-ORIGIN LEVEL: 0 DIFFERENT FILL-ORIGIN LEVEL: 0

PSCL4 PREFETCH  REQUESTED:          0  ISSUED:          0  USEFUL:          0  USELESS:          0
PSCL4 USEFUL LOAD PREFETCHES:          0 PREFETCH ISSUED TO LOWER LEVEL:          0  ACCURACY: -nan
PSCL4 TIMELY PREFETCHES:          0 LATE PREFETCHES: 0 DROPPED PREFETCHES: 0
PSCL4 PREFETCHES SAME FILL-ORIGIN LEVEL: 0 DIFFERENT FILL-ORIGIN LEVEL: 0

PSCL3 PREFETCH  REQUESTED:          0  ISSUED:          0  USEFUL:          0  USELESS:          0
PSCL3 USEFUL LOAD PREFETCHES:          0 PREFETCH ISSUED TO LOWER LEVEL:          0  ACCURACY: -nan
PSCL3 TIMELY PREFETCHES:          0 LATE PREFETCHES: 0 DROPPED PREFETCHES: 0
PSCL3 PREFETCHES SAME FILL-ORIGIN LEVEL: 0 DIFFERENT FILL-ORIGIN LEVEL: 0

PSCL2 PREFETCH  REQUESTED:          0  ISSUED:          0  USEFUL:          0  USELESS:          0
PSCL2 USEFUL LOAD PREFETCHES:          0 PREFETCH ISSUED TO LOWER LEVEL:          0  ACCURACY: -nan
PSCL2 TIMELY PREFETCHES:          0 LATE PREFETCHES: 0 DROPPED PREFETCHES: 0
PSCL2 PREFETCHES SAME FILL-ORIGIN LEVEL: 0 DIFFERENT FILL-ORIGIN LEVEL: 0

LLC TOTAL     ACCESS:        162  HIT:          0  MISS:        162  HIT %:          0  MISS %:        100   MPKI: 0.00081
LLC PREFETCH  ACCESS:        162  HIT:          0  MISS:        162  HIT %:          0  MISS %:        100   MPKI: 0.00081
AGUS PREFETCH L1 MISS: 0
LLC PREFETCH  REQUESTED:          0  ISSUED:          0  USEFUL:          0  USELESS:          0
LLC USEFUL LOAD PREFETCHES:          0 PREFETCH ISSUED TO LOWER LEVEL:        162  ACCURACY: 0
LLC TIMELY PREFETCHES:          0 LATE PREFETCHES: 0 DROPPED PREFETCHES: 0
LLC PREFETCHES SAME FILL-ORIGIN LEVEL: 0 DIFFERENT FILL-ORIGIN LEVEL: 0
LLC AVERAGE MISS LATENCY:        173 cycles AVERAGE LOAD MISS LATENCY:       -nan cycles Load Miss          0
LLC Average MSHR Occupancy: 0.000111194
LLC PQ	ACCESS:        162	FORWARD:          0	MERGED:          0	TO_CACHE:        162

LLC Dense regions hint to LLC: 0

RAW hits: 6597231
Loads Generated: 48785042
Loads sent to L1D: 42187817
Stores Generated: 28081560
Stores sent to L1D: 28081576
Major fault: 0 Minor fault: 690
Allocated PAGES: 690

stream: 
stream:times selected: 2976545
stream:pref_filled: 8842
stream:pref_useful: 528
stream:pref_late: 67
stream:misses: 705
stream:misses_by_poll: 0

CS: 
CS:times selected: 1088127
CS:pref_filled: 266
CS:pref_useful: 23
CS:pref_late: 3
CS:misses: 8
CS:misses_by_poll: 0

CPLX: 
CPLX:times selected: 2934352
CPLX:pref_filled: 29002
CPLX:pref_useful: 15664
CPLX:pref_late: 59
CPLX:misses: 3504
CPLX:misses_by_poll: 0

NL_L1: 
NL:times selected: 11213
NL:pref_filled: 11
NL:pref_useful: 1
NL:pref_late: 1
NL:misses: 7
NL:misses_by_poll: 0

total selections: 7010237
total_filled: 19494
total_useful: 11711
total_late: 137
total_polluted: 0
total_misses_after_warmup: 163930
conflicts: 10682281
Degree Incremented Times: 0
Degree Decremented Times: 19332149

L1 IP Table Write Accesses: 13373745
L1 IP Table Read Accesses: 2691464
L1 RST Write Accesses: 1655064
L1 RST Read Accesses: 3310128
L1 CSPT Write Accesses: 1655064
L1 CSPT Read Accesses: 3295909
L1 RR Filter Tag Write Accesses: 1434522
L1 RR Filter Tag Read Accesses: 112561485
L1 IP Table Tag Write Accesses: 24712299
L1 IP Table Tag Read Accesses: 24712299
L1 RST Tag Write Accesses: 0
L1 RST Tag Read Accesses: 19303224
L1 RR Filter Write Accesses: 0
L1 RR Filter Read Accesses: 3619955
test: 913705
================ Mockingjay (LLC) Pollution Stats ================
Total pollution count in LLC: 0
==================================================================

DRAM Statistics
 CHANNEL 0
 RQ ROW_BUFFER_HIT:         22  ROW_BUFFER_MISS:        140
 DBUS_CONGESTED:          0
 WQ ROW_BUFFER_HIT:          0  ROW_BUFFER_MISS:          0  FULL:          0

 AVG_CONGESTED_CYCLE: -
 All warmup complete: 2
Channel 0 Bank busy for read cycles: 0
Channel 0 Bank busy for write cycles: 0
Channel 0
Rank 0
0banks busy for read cycles: 250570384
0banks busy for write cycles: 0
1banks busy for read cycles: 16270
1banks busy for write cycles: 0
2banks busy for read cycles: 2176
2banks busy for write cycles: 0
3banks busy for read cycles: 474
3banks busy for write cycles: 0
4banks busy for read cycles: 14
4banks busy for write cycles: 0
5banks busy for read cycles: 0
5banks busy for write cycles: 0
6banks busy for read cycles: 0
6banks busy for write cycles: 0
7banks busy for read cycles: 0
7banks busy for write cycles: 0
8banks busy for read cycles: 0
8banks busy for write cycles: 0

CPU 0 Branch Prediction Accuracy: 99.9425% MPKI: 0.092405 Average ROB Occupancy at Mispredict: 78.3263
Branch types
NOT_BRANCH: 167870578 83.9353%
BRANCH_DIRECT_JUMP: 1854670 0.927335%
BRANCH_INDIRECT: 11982837 5.99142%
BRANCH_CONDITIONAL: 9161380 4.58069%
BRANCH_DIRECT_CALL: 3881833 1.94092%
BRANCH_INDIRECT_CALL: 683352 0.341676%
BRANCH_RETURN: 4565187 2.28259%
BRANCH_OTHER: 0 0%

===================== LRU L1D STATS =====================
Total pollution count in L1D: 24719
=========================================================
================ SRRIP (L2C) Pollution Stats ================
Total pollution count in L2c: 0
==================================================================
DRAM PAGES: 1048576
Allocated PAGES: 690
