
*** ChampSim Multicore Out-of-Order Simulator ***

Warmup Instructions: 200000000
Simulation Instructions: 200000000
Number of CPUs: 1
LLC sets: 4096
LLC ways: 12
Off-chip DRAM Size: 4096 MB Channels: 1 Width: 64-bit Data Rate: 6400 MT/s
CPU 0 runs /home1/sweta/traces/qualcomm_traces/srv_32.champsimtrace.xz
.xz
BTB has LRU replacement policy
ITLB has LRU replacement policy
DTLB has LRU replacement policy
STLB has LRU replacement policy
L1I has LRU replacement policy
IP Table Entries: 1024
CSPT Entries: 128
RR_ENTRIES: 32
RST_ENTRIES: 8
L1D has LRU replacement policy
Initialize SRRIP state for L2C
Initialize Mockingjay state for LLC
Heartbeat CPU 0 instructions: 10000002 cycles: 1982201 heartbeat IPC: 5.0449 cumulative IPC: 5.0449 (Simulation time: 0 hr 0 min 25 sec) 
Heartbeat CPU 0 instructions: 20000005 cycles: 3965038 heartbeat IPC: 5.04328 cumulative IPC: 5.04409 (Simulation time: 0 hr 0 min 50 sec) 
Heartbeat CPU 0 instructions: 30000003 cycles: 5947297 heartbeat IPC: 5.04475 cumulative IPC: 5.04431 (Simulation time: 0 hr 1 min 15 sec) 
*** Reached end of trace for Core: 0 Repeating trace: /home1/sweta/traces/qualcomm_traces/srv_32.champsimtrace.xz
Heartbeat CPU 0 instructions: 40000007 cycles: 7929253 heartbeat IPC: 5.04552 cumulative IPC: 5.04461 (Simulation time: 0 hr 1 min 40 sec) 
Heartbeat CPU 0 instructions: 50000005 cycles: 9911803 heartbeat IPC: 5.04401 cumulative IPC: 5.04449 (Simulation time: 0 hr 2 min 5 sec) 
Heartbeat CPU 0 instructions: 60000006 cycles: 11894336 heartbeat IPC: 5.04405 cumulative IPC: 5.04442 (Simulation time: 0 hr 2 min 30 sec) 
*** Reached end of trace for Core: 0 Repeating trace: /home1/sweta/traces/qualcomm_traces/srv_32.champsimtrace.xz
Heartbeat CPU 0 instructions: 70000006 cycles: 13876093 heartbeat IPC: 5.04603 cumulative IPC: 5.04465 (Simulation time: 0 hr 2 min 55 sec) 
Heartbeat CPU 0 instructions: 80000000 cycles: 15858869 heartbeat IPC: 5.04343 cumulative IPC: 5.0445 (Simulation time: 0 hr 3 min 20 sec) 
Heartbeat CPU 0 instructions: 90000000 cycles: 17841441 heartbeat IPC: 5.04395 cumulative IPC: 5.04444 (Simulation time: 0 hr 3 min 44 sec) 
*** Reached end of trace for Core: 0 Repeating trace: /home1/sweta/traces/qualcomm_traces/srv_32.champsimtrace.xz
Heartbeat CPU 0 instructions: 100000002 cycles: 19823072 heartbeat IPC: 5.04635 cumulative IPC: 5.04463 (Simulation time: 0 hr 4 min 8 sec) 
Heartbeat CPU 0 instructions: 110000006 cycles: 21805639 heartbeat IPC: 5.04397 cumulative IPC: 5.04457 (Simulation time: 0 hr 4 min 32 sec) 
Heartbeat CPU 0 instructions: 120000000 cycles: 23787897 heartbeat IPC: 5.04475 cumulative IPC: 5.04458 (Simulation time: 0 hr 4 min 56 sec) 
*** Reached end of trace for Core: 0 Repeating trace: /home1/sweta/traces/qualcomm_traces/srv_32.champsimtrace.xz
Heartbeat CPU 0 instructions: 130000003 cycles: 25770282 heartbeat IPC: 5.04443 cumulative IPC: 5.04457 (Simulation time: 0 hr 5 min 28 sec) 
Heartbeat CPU 0 instructions: 140000003 cycles: 27752767 heartbeat IPC: 5.04417 cumulative IPC: 5.04454 (Simulation time: 0 hr 5 min 53 sec) 
Heartbeat CPU 0 instructions: 150000001 cycles: 29735051 heartbeat IPC: 5.04468 cumulative IPC: 5.04455 (Simulation time: 0 hr 6 min 18 sec) 
*** Reached end of trace for Core: 0 Repeating trace: /home1/sweta/traces/qualcomm_traces/srv_32.champsimtrace.xz
Heartbeat CPU 0 instructions: 160000007 cycles: 31716994 heartbeat IPC: 5.04556 cumulative IPC: 5.04461 (Simulation time: 0 hr 6 min 45 sec) 
Heartbeat CPU 0 instructions: 170000006 cycles: 33699837 heartbeat IPC: 5.04326 cumulative IPC: 5.04454 (Simulation time: 0 hr 7 min 9 sec) 
Heartbeat CPU 0 instructions: 180000000 cycles: 35682169 heartbeat IPC: 5.04456 cumulative IPC: 5.04454 (Simulation time: 0 hr 7 min 34 sec) 
*** Reached end of trace for Core: 0 Repeating trace: /home1/sweta/traces/qualcomm_traces/srv_32.champsimtrace.xz
Heartbeat CPU 0 instructions: 190000002 cycles: 37664113 heartbeat IPC: 5.04555 cumulative IPC: 5.04459 (Simulation time: 0 hr 8 min 0 sec) 
Heartbeat CPU 0 instructions: 200000007 cycles: 39646378 heartbeat IPC: 5.04474 cumulative IPC: 5.0446 (Simulation time: 0 hr 8 min 24 sec) 

Warmup complete CPU 0 instructions: 200000007 cycles: 39646378 (Simulation time: 0 hr 8 min 24 sec) 

Heartbeat CPU 0 instructions: 210000006 cycles: 53324403 heartbeat IPC: 0.7311 cumulative IPC: 0.7311 (Simulation time: 0 hr 8 min 51 sec) 
Heartbeat CPU 0 instructions: 220000000 cycles: 66880106 heartbeat IPC: 0.737696 cumulative IPC: 0.734383 (Simulation time: 0 hr 9 min 19 sec) 
*** Reached end of trace for Core: 0 Repeating trace: /home1/sweta/traces/qualcomm_traces/srv_32.champsimtrace.xz
Heartbeat CPU 0 instructions: 230000002 cycles: 80448154 heartbeat IPC: 0.737026 cumulative IPC: 0.735262 (Simulation time: 0 hr 9 min 45 sec) 
Heartbeat CPU 0 instructions: 240000002 cycles: 93999115 heartbeat IPC: 0.737955 cumulative IPC: 0.735933 (Simulation time: 0 hr 10 min 13 sec) 
Heartbeat CPU 0 instructions: 250000001 cycles: 107611322 heartbeat IPC: 0.734635 cumulative IPC: 0.735673 (Simulation time: 0 hr 10 min 39 sec) 
*** Reached end of trace for Core: 0 Repeating trace: /home1/sweta/traces/qualcomm_traces/srv_32.champsimtrace.xz
Heartbeat CPU 0 instructions: 260000003 cycles: 121174069 heartbeat IPC: 0.737314 cumulative IPC: 0.735946 (Simulation time: 0 hr 11 min 6 sec) 
Heartbeat CPU 0 instructions: 270000000 cycles: 134725822 heartbeat IPC: 0.737912 cumulative IPC: 0.736226 (Simulation time: 0 hr 11 min 33 sec) 
Heartbeat CPU 0 instructions: 280000003 cycles: 148336034 heartbeat IPC: 0.734743 cumulative IPC: 0.736041 (Simulation time: 0 hr 12 min 0 sec) 
*** Reached end of trace for Core: 0 Repeating trace: /home1/sweta/traces/qualcomm_traces/srv_32.champsimtrace.xz
Heartbeat CPU 0 instructions: 290000000 cycles: 161895099 heartbeat IPC: 0.737514 cumulative IPC: 0.736204 (Simulation time: 0 hr 12 min 27 sec) 
Heartbeat CPU 0 instructions: 300000000 cycles: 175453535 heartbeat IPC: 0.737548 cumulative IPC: 0.736338 (Simulation time: 0 hr 12 min 54 sec) 
Heartbeat CPU 0 instructions: 310000001 cycles: 189052562 heartbeat IPC: 0.735347 cumulative IPC: 0.736248 (Simulation time: 0 hr 13 min 21 sec) 
*** Reached end of trace for Core: 0 Repeating trace: /home1/sweta/traces/qualcomm_traces/srv_32.champsimtrace.xz
Heartbeat CPU 0 instructions: 320000005 cycles: 202613370 heartbeat IPC: 0.737419 cumulative IPC: 0.736345 (Simulation time: 0 hr 13 min 47 sec) 
Heartbeat CPU 0 instructions: 330000000 cycles: 216166261 heartbeat IPC: 0.73785 cumulative IPC: 0.736461 (Simulation time: 0 hr 14 min 13 sec) 
Heartbeat CPU 0 instructions: 340000002 cycles: 229772113 heartbeat IPC: 0.734978 cumulative IPC: 0.736355 (Simulation time: 0 hr 14 min 40 sec) 
*** Reached end of trace for Core: 0 Repeating trace: /home1/sweta/traces/qualcomm_traces/srv_32.champsimtrace.xz
Heartbeat CPU 0 instructions: 350000000 cycles: 243328929 heartbeat IPC: 0.737636 cumulative IPC: 0.73644 (Simulation time: 0 hr 15 min 7 sec) 
Heartbeat CPU 0 instructions: 360000000 cycles: 256881960 heartbeat IPC: 0.737842 cumulative IPC: 0.736528 (Simulation time: 0 hr 15 min 34 sec) 
Heartbeat CPU 0 instructions: 370000005 cycles: 270482507 heartbeat IPC: 0.735265 cumulative IPC: 0.736453 (Simulation time: 0 hr 16 min 1 sec) 
*** Reached end of trace for Core: 0 Repeating trace: /home1/sweta/traces/qualcomm_traces/srv_32.champsimtrace.xz
Heartbeat CPU 0 instructions: 380000005 cycles: 284031804 heartbeat IPC: 0.738046 cumulative IPC: 0.736541 (Simulation time: 0 hr 16 min 28 sec) 
Heartbeat CPU 0 instructions: 390000002 cycles: 297591199 heartbeat IPC: 0.737496 cumulative IPC: 0.736592 (Simulation time: 0 hr 16 min 55 sec) 
Heartbeat CPU 0 instructions: 400000002 cycles: 311213255 heartbeat IPC: 0.734104 cumulative IPC: 0.736467 (Simulation time: 0 hr 17 min 23 sec) 
Finished CPU 0 instructions: 200000003 cycles: 271566878 cumulative IPC: 0.736467 (Simulation time: 0 hr 17 min 23 sec) 

ChampSim completed all CPUs

Region of Interest Statistics

CPU 0 cumulative IPC: 0.736467 instructions: 200000003 cycles: 271566878
ITLB TOTAL     ACCESS:   22091610  HIT:   19605144  MISS:    2486466  HIT %:    88.7447  MISS %:    11.2553   MPKI: 12.4323
ITLB LOAD TRANSLATION ACCESS:   22091610  HIT:   19605144  MISS:    2486466  HIT %:    88.7447  MISS %:    11.2553   MPKI: 12.4323
ITLB PREFETCH  REQUESTED:          0  ISSUED:          0  USEFUL:          0  USELESS:          0
ITLB USEFUL LOAD PREFETCHES:          0 PREFETCH ISSUED TO LOWER LEVEL:          0  ACCURACY: -nan
ITLB TIMELY PREFETCHES:          0 LATE PREFETCHES: 0 DROPPED PREFETCHES: 0
ITLB PREFETCHES SAME FILL-ORIGIN LEVEL: 0 DIFFERENT FILL-ORIGIN LEVEL: 0
ITLB AVERAGE MISS LATENCY:     9.0068 cycles AVERAGE LOAD MISS LATENCY:       -nan cycles Load Miss          0
ITLB Average MSHR Occupancy:  0.0735573
ITLB RQ	ACCESS:   28627653	FORWARD:          0	MERGED:    4076729	TO_CACHE:   24550924

DTLB TOTAL     ACCESS:   32203118  HIT:   30206911  MISS:    1996207  HIT %:    93.8012  MISS %:     6.1988   MPKI: 9.98103
DTLB LOAD TRANSLATION ACCESS:   32203118  HIT:   30206911  MISS:    1996207  HIT %:    93.8012  MISS %:     6.1988   MPKI: 9.98103
DTLB PREFETCH  REQUESTED:          0  ISSUED:          0  USEFUL:          0  USELESS:          0
DTLB USEFUL LOAD PREFETCHES:          0 PREFETCH ISSUED TO LOWER LEVEL:          0  ACCURACY: -nan
DTLB TIMELY PREFETCHES:          0 LATE PREFETCHES: 0 DROPPED PREFETCHES: 0
DTLB PREFETCHES SAME FILL-ORIGIN LEVEL: 0 DIFFERENT FILL-ORIGIN LEVEL: 0
DTLB AVERAGE MISS LATENCY:    9.28317 cycles AVERAGE LOAD MISS LATENCY:       -nan cycles Load Miss          0
DTLB Average MSHR Occupancy:  0.0620716
DTLB RQ	ACCESS:   50075643	FORWARD:          0	MERGED:   17697917	TO_CACHE:   32377726

STLB TOTAL     ACCESS:    5142422  HIT:    5119956  MISS:      22466  HIT %:    99.5631  MISS %:   0.436876   MPKI: 0.11233
STLB LOAD TRANSLATION ACCESS:    4482673  HIT:    4460207  MISS:      22466  HIT %:    99.4988  MISS %:   0.501174   MPKI: 0.11233
STLB TRANSLATION FROM L1D PREFETCHER ACCESS:     659749  HIT:     659749  MISS:          0  HIT %:        100  MISS %:          0   MPKI: 0
STLB PREFETCH  REQUESTED:          0  ISSUED:          0  USEFUL:          0  USELESS:          0
STLB USEFUL LOAD PREFETCHES:          0 PREFETCH ISSUED TO LOWER LEVEL:          0  ACCURACY: -nan
STLB TIMELY PREFETCHES:          0 LATE PREFETCHES: 0 DROPPED PREFETCHES: 0
STLB PREFETCHES SAME FILL-ORIGIN LEVEL: 0 DIFFERENT FILL-ORIGIN LEVEL: 0
STLB AVERAGE MISS LATENCY:    24.6899 cycles AVERAGE LOAD MISS LATENCY:       -nan cycles Load Miss          0
STLB Average MSHR Occupancy: 0.00213105
STLB RQ	ACCESS:    5552748	FORWARD:          0	MERGED:     410326	TO_CACHE:    5142422

STLB Hit, L1D data hit: 0
STLB Hit, L2C data hit: 0
STLB Hit, LLC data hit: 0
STLB Hit, LLC data miss: 0
STLB STLB hints to L2: 0
L1D TOTAL     ACCESS:   50755749  HIT:   48753218  MISS:    2002531  HIT %:    96.0546  MISS %:    3.94543   MPKI: 10.0127
L1D LOAD      ACCESS:   25679000  HIT:   24206098  MISS:    1472902  HIT %:    94.2642  MISS %:    5.73582   MPKI: 7.36451
L1D RFO       ACCESS:   24044520  HIT:   23810193  MISS:     234327  HIT %:    99.0254  MISS %:   0.974555   MPKI: 1.17163
L1D PREFETCH  ACCESS:    1032229  HIT:     736927  MISS:     295302  HIT %:    71.3918  MISS %:    28.6082   MPKI: 1.47651
AGUS PREFETCH L1 MISS: 0
L1D PREFETCH  REQUESTED:    2160201  ISSUED:    2140959  USEFUL:      74666  USELESS:     220611
L1D USEFUL LOAD PREFETCHES:      74666 PREFETCH ISSUED TO LOWER LEVEL:     301346  ACCURACY: 24.7775
L1D TIMELY PREFETCHES:      74666 LATE PREFETCHES: 3201 DROPPED PREFETCHES: 0
L1D PREFETCHES SAME FILL-ORIGIN LEVEL: 301346 DIFFERENT FILL-ORIGIN LEVEL: 0
L1D AVERAGE MISS LATENCY:     16.048 cycles AVERAGE LOAD MISS LATENCY:    15.6882 cycles Load Miss    1472902
L1D Average MSHR Occupancy:   0.136781
L1D RQ	ACCESS:   41964855	FORWARD:          0	MERGED:   16044072	TO_CACHE:   25717242
L1D WQ	ACCESS:   24705102	FORWARD:     204350	MERGED:     346701	TO_CACHE:   24358401
L1D PQ	ACCESS:    1070884	FORWARD:          0	MERGED:          0	TO_CACHE:    1070075

L1D UNIQUE REGIONS ACCESSED: 0
L1D REGIONS CONFLICTS: 0
L1D Cross Page Prefetch Requests: 0
L1D Same Page Prefetch Requests: 1963655
L1D ROI Sum of L1D PQ occupancy: 13798019
L1D PREFETCHES PUSHED FROM L2C: 0
L1I TOTAL     ACCESS:   27668813  HIT:    6645355  MISS:   21023458  HIT %:    24.0175  MISS %:    75.9825   MPKI: 105.117
L1I LOAD      ACCESS:   27668813  HIT:    6645355  MISS:   21023458  HIT %:    24.0175  MISS %:    75.9825   MPKI: 105.117
L1I PREFETCH  REQUESTED:          0  ISSUED:          0  USEFUL:          0  USELESS:          0
L1I USEFUL LOAD PREFETCHES:          0 PREFETCH ISSUED TO LOWER LEVEL:          0  ACCURACY: -nan
L1I TIMELY PREFETCHES:          0 LATE PREFETCHES: 0 DROPPED PREFETCHES: 0
L1I PREFETCHES SAME FILL-ORIGIN LEVEL: 0 DIFFERENT FILL-ORIGIN LEVEL: 0
L1I AVERAGE MISS LATENCY:    14.2845 cycles AVERAGE LOAD MISS LATENCY:    14.2845 cycles Load Miss   21023458
L1I Average MSHR Occupancy:    1.06474
L1I RQ	ACCESS:   51279585	FORWARD:          0	MERGED:   22651932	TO_CACHE:   28627653

BTB TOTAL     ACCESS:   28035146  HIT:   24469021  MISS:    3566125  HIT %:    87.2798  MISS %:    12.7202   MPKI: 17.8306
BTB BRANCH_DIRECT_JUMP	ACCESS:    2068926  HIT:    1957471  MISS:     111455
BTB BRANCH_INDIRECT	ACCESS:   12587168  HIT:   11350962  MISS:    1236206
BTB BRANCH_CONDITIONAL	ACCESS:    3930931  HIT:    3817494  MISS:     113437
BTB BRANCH_DIRECT_CALL	ACCESS:    3828105  HIT:    3576396  MISS:     251709
BTB BRANCH_INDIRECT_CALL	ACCESS:     895959  HIT:     719473  MISS:     176486
BTB BRANCH_RETURN	ACCESS:    4724057  HIT:    3047225  MISS:    1676832
BTB BRANCH_OTHER ACCESS:          0  HIT:          0  MISS:          0

L2C TOTAL     ACCESS:   23971845  HIT:   23940912  MISS:      30933  HIT %:     99.871  MISS %:   0.129039   MPKI: 0.154665
L2C LOAD      ACCESS:   22492979  HIT:   22478739  MISS:      14240  HIT %:    99.9367  MISS %:  0.0633086   MPKI: 0.0712
L2C DATA LOAD MPKI: 0.06746
L2C INSTRUCTION LOAD MPKI: 0.00374
L2C RFO       ACCESS:     231484  HIT:     224262  MISS:       7222  HIT %:    96.8801  MISS %:    3.11987   MPKI: 0.03611
L2C PREFETCH  ACCESS:     301346  HIT:     292524  MISS:       8822  HIT %:    97.0725  MISS %:    2.92753   MPKI: 0.04411
AGUS PREFETCH L1 MISS: 0
L2C DATA PREFETCH MPKI: 0.04411
L2C INSTRUCTION PREFETCH MPKI: 0
L2C WRITEBACK ACCESS:     914845  HIT:     914823  MISS:         22  HIT %:    99.9976  MISS %: 0.00240478   MPKI: 0.00011
L2C LOAD TRANSLATION ACCESS:      31191  HIT:      30564  MISS:        627  HIT %:    97.9898  MISS %:     2.0102   MPKI: 0.003135
L2C PREFETCH  REQUESTED:          0  ISSUED:          0  USEFUL:        735  USELESS:       7971
L2C USEFUL LOAD PREFETCHES:        735 PREFETCH ISSUED TO LOWER LEVEL:       8822  ACCURACY: 8.33144
L2C TIMELY PREFETCHES:        735 LATE PREFETCHES: 0 DROPPED PREFETCHES: 0
L2C PREFETCHES SAME FILL-ORIGIN LEVEL: 0 DIFFERENT FILL-ORIGIN LEVEL: 0
L2C AVERAGE MISS LATENCY:    57.7085 cycles AVERAGE LOAD MISS LATENCY:    47.5916 cycles Load Miss      14240
L2C Average MSHR Occupancy: 0.00657693
L2C RQ	ACCESS:   22755834	FORWARD:          0	MERGED:          0	TO_CACHE:   22755655
L2C WQ	ACCESS:     914845	FORWARD:        179	MERGED:          0	TO_CACHE:     914845
L2C PQ	ACCESS:     301346	FORWARD:          0	MERGED:          0	TO_CACHE:     301346

L2C Instructions Evicting Data 700
L2C Translations Evicting Data 586
L2C Data Evicting Data 27413
L2C Instructions Evicting Instructions 28
L2C Translations Evicting Instructions 7
L2C Data Evicting Instructions 650
L2C Instructions Evicting Translations 20
L2C Translations Evicting Translations 34
L2C Data Evicting Translations 599
L2C Dense regions hint from L2: 0
PSCL5 TOTAL     ACCESS:      22466  HIT:      22466  MISS:          0  HIT %:        100  MISS %:          0   MPKI: 0
PSCL5 LOAD TRANSLATION ACCESS:      22466  HIT:      22466  MISS:          0  HIT %:        100  MISS %:          0   MPKI: 0
PSCL5 PREFETCH  REQUESTED:          0  ISSUED:          0  USEFUL:          0  USELESS:          0
PSCL5 USEFUL LOAD PREFETCHES:          0 PREFETCH ISSUED TO LOWER LEVEL:          0  ACCURACY: -nan
PSCL5 TIMELY PREFETCHES:          0 LATE PREFETCHES: 0 DROPPED PREFETCHES: 0
PSCL5 PREFETCHES SAME FILL-ORIGIN LEVEL: 0 DIFFERENT FILL-ORIGIN LEVEL: 0

PSCL4 TOTAL     ACCESS:      22466  HIT:      22466  MISS:          0  HIT %:        100  MISS %:          0   MPKI: 0
PSCL4 LOAD TRANSLATION ACCESS:      22466  HIT:      22466  MISS:          0  HIT %:        100  MISS %:          0   MPKI: 0
PSCL4 PREFETCH  REQUESTED:          0  ISSUED:          0  USEFUL:          0  USELESS:          0
PSCL4 USEFUL LOAD PREFETCHES:          0 PREFETCH ISSUED TO LOWER LEVEL:          0  ACCURACY: -nan
PSCL4 TIMELY PREFETCHES:          0 LATE PREFETCHES: 0 DROPPED PREFETCHES: 0
PSCL4 PREFETCHES SAME FILL-ORIGIN LEVEL: 0 DIFFERENT FILL-ORIGIN LEVEL: 0

PSCL3 TOTAL     ACCESS:      22394  HIT:      22364  MISS:         30  HIT %:     99.866  MISS %:   0.133964   MPKI: 0.00015
PSCL3 LOAD TRANSLATION ACCESS:      22394  HIT:      22364  MISS:         30  HIT %:     99.866  MISS %:   0.133964   MPKI: 0.00015
PSCL3 PREFETCH  REQUESTED:          0  ISSUED:          0  USEFUL:          0  USELESS:          0
PSCL3 USEFUL LOAD PREFETCHES:          0 PREFETCH ISSUED TO LOWER LEVEL:          0  ACCURACY: -nan
PSCL3 TIMELY PREFETCHES:          0 LATE PREFETCHES: 0 DROPPED PREFETCHES: 0
PSCL3 PREFETCHES SAME FILL-ORIGIN LEVEL: 0 DIFFERENT FILL-ORIGIN LEVEL: 0

PSCL2 TOTAL     ACCESS:      22466  HIT:      13771  MISS:       8695  HIT %:    61.2971  MISS %:    38.7029   MPKI: 0.043475
PSCL2 LOAD TRANSLATION ACCESS:      22466  HIT:      13771  MISS:       8695  HIT %:    61.2971  MISS %:    38.7029   MPKI: 0.043475
PSCL2 PREFETCH  REQUESTED:          0  ISSUED:          0  USEFUL:          0  USELESS:          0
PSCL2 USEFUL LOAD PREFETCHES:          0 PREFETCH ISSUED TO LOWER LEVEL:          0  ACCURACY: -nan
PSCL2 TIMELY PREFETCHES:          0 LATE PREFETCHES: 0 DROPPED PREFETCHES: 0
PSCL2 PREFETCHES SAME FILL-ORIGIN LEVEL: 0 DIFFERENT FILL-ORIGIN LEVEL: 0

LLC TOTAL     ACCESS:      41218  HIT:      38922  MISS:       2296  HIT %:    94.4296  MISS %:    5.57038   MPKI: 0.01148
LLC LOAD      ACCESS:      14240  HIT:      14031  MISS:        209  HIT %:    98.5323  MISS %:     1.4677   MPKI: 0.001045
LLC RFO       ACCESS:       7222  HIT:       6956  MISS:        266  HIT %:    96.3168  MISS %:    3.68319   MPKI: 0.00133
LLC PREFETCH  ACCESS:       8822  HIT:       7109  MISS:       1713  HIT %:    80.5826  MISS %:    19.4174   MPKI: 0.008565
AGUS PREFETCH L1 MISS: 0
LLC WRITEBACK ACCESS:      10307  HIT:      10204  MISS:        103  HIT %:    99.0007  MISS %:   0.999321   MPKI: 0.000515
LLC LOAD TRANSLATION ACCESS:        627  HIT:        622  MISS:          5  HIT %:    99.2026  MISS %:   0.797448   MPKI: 2.5e-05
LLC PREFETCH  REQUESTED:          0  ISSUED:          0  USEFUL:        317  USELESS:        106
LLC USEFUL LOAD PREFETCHES:        317 PREFETCH ISSUED TO LOWER LEVEL:       1713  ACCURACY: 18.5055
LLC TIMELY PREFETCHES:        317 LATE PREFETCHES: 0 DROPPED PREFETCHES: 0
LLC PREFETCHES SAME FILL-ORIGIN LEVEL: 0 DIFFERENT FILL-ORIGIN LEVEL: 0
LLC AVERAGE MISS LATENCY:    171.646 cycles AVERAGE LOAD MISS LATENCY:    176.569 cycles Load Miss        209
LLC Average MSHR Occupancy: 0.00144313
LLC RQ	ACCESS:      22089	FORWARD:          0	MERGED:          0	TO_CACHE:      22089
LLC WQ	ACCESS:      10307	FORWARD:          0	MERGED:          0	TO_CACHE:      10307
LLC PQ	ACCESS:       8822	FORWARD:          0	MERGED:          0	TO_CACHE:       8822

LLC Dense regions hint to LLC: 0

RAW hits: 6148386
Loads Generated: 48113241
Loads sent to L1D: 41964855
Stores Generated: 24705073
Stores sent to L1D: 24705102
Major fault: 0 Minor fault: 3454
Allocated PAGES: 3454

stream: 
stream:times selected: 1793807
stream:pref_filled: 346093
stream:pref_useful: 107055
stream:pref_late: 6872
stream:misses: 13477
stream:misses_by_poll: 0

CS: 
CS:times selected: 37282
CS:pref_filled: 9983
CS:pref_useful: 7575
CS:pref_late: 437
CS:misses: 1674
CS:misses_by_poll: 0

CPLX: 
CPLX:times selected: 1701229
CPLX:pref_filled: 242981
CPLX:pref_useful: 44869
CPLX:pref_late: 2585
CPLX:misses: 74882
CPLX:misses_by_poll: 8

NL_L1: 
NL:times selected: 17891
NL:pref_filled: 9812
NL:pref_useful: 936
NL:pref_late: 1
NL:misses: 217
NL:misses_by_poll: 0

total selections: 3550209
total_filled: 295302
total_useful: 74666
total_late: 9969
total_polluted: 8
total_misses_after_warmup: 1511144
conflicts: 11055562
Degree Incremented Times: 112568
Degree Decremented Times: 571984

L1 IP Table Write Accesses: 14063821
L1 IP Table Read Accesses: 3008259
L1 RST Write Accesses: 958904
L1 RST Read Accesses: 1917808
L1 CSPT Write Accesses: 958904
L1 CSPT Read Accesses: 1862157
L1 RR Filter Tag Write Accesses: 1090126
L1 RR Filter Tag Read Accesses: 47148219
L1 IP Table Tag Write Accesses: 25717242
L1 IP Table Tag Read Accesses: 25717242
L1 RST Tag Write Accesses: 0
L1 RST Tag Read Accesses: 9435247
L1 RR Filter Write Accesses: 0
L1 RR Filter Read Accesses: 1577406
test: 739879
================ Mockingjay (LLC) Pollution Stats ================
Total pollution count in LLC: 59
==================================================================

DRAM Statistics
 CHANNEL 0
 RQ ROW_BUFFER_HIT:        162  ROW_BUFFER_MISS:       2031
 DBUS_CONGESTED:          0
 WQ ROW_BUFFER_HIT:          3  ROW_BUFFER_MISS:        393  FULL:          0

 AVG_CONGESTED_CYCLE: -
 All warmup complete: 2
Channel 0 Bank busy for read cycles: 0
Channel 0 Bank busy for write cycles: 0
Channel 0
Rank 0
0banks busy for read cycles: 271222349
0banks busy for write cycles: 372
1banks busy for read cycles: 263914
1banks busy for write cycles: 54257
2banks busy for read cycles: 21565
2banks busy for write cycles: 2140
3banks busy for read cycles: 1902
3banks busy for write cycles: 380
4banks busy for read cycles: 0
4banks busy for write cycles: 0
5banks busy for read cycles: 0
5banks busy for write cycles: 0
6banks busy for read cycles: 0
6banks busy for write cycles: 0
7banks busy for read cycles: 0
7banks busy for write cycles: 0
8banks busy for read cycles: 0
8banks busy for write cycles: 0

CPU 0 Branch Prediction Accuracy: 99.9789% MPKI: 0.03624 Average ROB Occupancy at Mispredict: 23.3888
Branch types
NOT_BRANCH: 165663764 82.8319%
BRANCH_DIRECT_JUMP: 2068926 1.03446%
BRANCH_INDIRECT: 12587168 6.29358%
BRANCH_CONDITIONAL: 10231905 5.11595%
BRANCH_DIRECT_CALL: 3828105 1.91405%
BRANCH_INDIRECT_CALL: 895959 0.447979%
BRANCH_RETURN: 4724057 2.36203%
BRANCH_OTHER: 0 0%

===================== LRU L1D STATS =====================
Total pollution count in L1D: 453931
=========================================================
================ SRRIP (L2C) Pollution Stats ================
Total pollution count in L2c: 25855
==================================================================
DRAM PAGES: 1048576
Allocated PAGES: 3454
