
*** ChampSim Multicore Out-of-Order Simulator ***

Warmup Instructions: 200000000
Simulation Instructions: 200000000
Number of CPUs: 1
LLC sets: 4096
LLC ways: 12
Off-chip DRAM Size: 4096 MB Channels: 1 Width: 64-bit Data Rate: 6400 MT/s
CPU 0 runs /home1/sweta/traces/qualcomm_traces/srv_40.champsimtrace.xz
.xz
BTB has LRU replacement policy
ITLB has LRU replacement policy
DTLB has LRU replacement policy
STLB has LRU replacement policy
L1I has LRU replacement policy
IP Table Entries: 1024
CSPT Entries: 128
RR_ENTRIES: 32
RST_ENTRIES: 8
L1D has LRU replacement policy
Initialize SRRIP state for L2C
Initialize Mockingjay state for LLC
Heartbeat CPU 0 instructions: 10000000 cycles: 2034766 heartbeat IPC: 4.91457 cumulative IPC: 4.91457 (Simulation time: 0 hr 0 min 24 sec) 
Heartbeat CPU 0 instructions: 20000003 cycles: 4952132 heartbeat IPC: 3.42775 cumulative IPC: 4.03867 (Simulation time: 0 hr 1 min 3 sec) 
Heartbeat CPU 0 instructions: 30000002 cycles: 7906137 heartbeat IPC: 3.38523 cumulative IPC: 3.79452 (Simulation time: 0 hr 1 min 42 sec) 
*** Reached end of trace for Core: 0 Repeating trace: /home1/sweta/traces/qualcomm_traces/srv_40.champsimtrace.xz
Heartbeat CPU 0 instructions: 40000004 cycles: 9985566 heartbeat IPC: 4.80901 cumulative IPC: 4.00578 (Simulation time: 0 hr 2 min 7 sec) 
Heartbeat CPU 0 instructions: 50000007 cycles: 12860289 heartbeat IPC: 3.4786 cumulative IPC: 3.88794 (Simulation time: 0 hr 2 min 45 sec) 
Heartbeat CPU 0 instructions: 60000000 cycles: 15814604 heartbeat IPC: 3.38488 cumulative IPC: 3.79396 (Simulation time: 0 hr 3 min 22 sec) 
*** Reached end of trace for Core: 0 Repeating trace: /home1/sweta/traces/qualcomm_traces/srv_40.champsimtrace.xz
Heartbeat CPU 0 instructions: 70000004 cycles: 17922932 heartbeat IPC: 4.7431 cumulative IPC: 3.90561 (Simulation time: 0 hr 3 min 46 sec) 
Heartbeat CPU 0 instructions: 80000001 cycles: 20768380 heartbeat IPC: 3.51438 cumulative IPC: 3.85201 (Simulation time: 0 hr 4 min 21 sec) 
Heartbeat CPU 0 instructions: 90000000 cycles: 23721654 heartbeat IPC: 3.38607 cumulative IPC: 3.794 (Simulation time: 0 hr 4 min 57 sec) 
*** Reached end of trace for Core: 0 Repeating trace: /home1/sweta/traces/qualcomm_traces/srv_40.champsimtrace.xz
Heartbeat CPU 0 instructions: 100000005 cycles: 25876611 heartbeat IPC: 4.64047 cumulative IPC: 3.86449 (Simulation time: 0 hr 5 min 21 sec) 
Heartbeat CPU 0 instructions: 110000003 cycles: 28676681 heartbeat IPC: 3.57134 cumulative IPC: 3.83587 (Simulation time: 0 hr 5 min 53 sec) 
Heartbeat CPU 0 instructions: 120000001 cycles: 31629016 heartbeat IPC: 3.38715 cumulative IPC: 3.79398 (Simulation time: 0 hr 6 min 27 sec) 
*** Reached end of trace for Core: 0 Repeating trace: /home1/sweta/traces/qualcomm_traces/srv_40.champsimtrace.xz
Heartbeat CPU 0 instructions: 130000001 cycles: 33838110 heartbeat IPC: 4.52674 cumulative IPC: 3.84182 (Simulation time: 0 hr 6 min 52 sec) 
Heartbeat CPU 0 instructions: 140000003 cycles: 36584284 heartbeat IPC: 3.64143 cumulative IPC: 3.82678 (Simulation time: 0 hr 7 min 23 sec) 
Heartbeat CPU 0 instructions: 150000003 cycles: 39537910 heartbeat IPC: 3.38567 cumulative IPC: 3.79383 (Simulation time: 0 hr 7 min 57 sec) 
*** Reached end of trace for Core: 0 Repeating trace: /home1/sweta/traces/qualcomm_traces/srv_40.champsimtrace.xz
Heartbeat CPU 0 instructions: 160000003 cycles: 41805624 heartbeat IPC: 4.40973 cumulative IPC: 3.82724 (Simulation time: 0 hr 8 min 22 sec) 
Heartbeat CPU 0 instructions: 170000002 cycles: 44492019 heartbeat IPC: 3.72246 cumulative IPC: 3.82091 (Simulation time: 0 hr 8 min 52 sec) 
Heartbeat CPU 0 instructions: 180000000 cycles: 47445475 heartbeat IPC: 3.38586 cumulative IPC: 3.79383 (Simulation time: 0 hr 9 min 26 sec) 
*** Reached end of trace for Core: 0 Repeating trace: /home1/sweta/traces/qualcomm_traces/srv_40.champsimtrace.xz
Heartbeat CPU 0 instructions: 190000005 cycles: 49773461 heartbeat IPC: 4.29556 cumulative IPC: 3.8173 (Simulation time: 0 hr 9 min 51 sec) 
Heartbeat CPU 0 instructions: 200000005 cycles: 52399793 heartbeat IPC: 3.80759 cumulative IPC: 3.81681 (Simulation time: 0 hr 10 min 20 sec) 

Warmup complete CPU 0 instructions: 200000005 cycles: 52399793 (Simulation time: 0 hr 10 min 20 sec) 

Heartbeat CPU 0 instructions: 210000000 cycles: 62700206 heartbeat IPC: 0.970834 cumulative IPC: 0.970834 (Simulation time: 0 hr 11 min 0 sec) 
*** Reached end of trace for Core: 0 Repeating trace: /home1/sweta/traces/qualcomm_traces/srv_40.champsimtrace.xz
Heartbeat CPU 0 instructions: 220000000 cycles: 75348311 heartbeat IPC: 0.790632 cumulative IPC: 0.871516 (Simulation time: 0 hr 11 min 30 sec) 
Heartbeat CPU 0 instructions: 230000000 cycles: 85976461 heartbeat IPC: 0.940898 cumulative IPC: 0.893477 (Simulation time: 0 hr 12 min 3 sec) 
Heartbeat CPU 0 instructions: 240000000 cycles: 96231196 heartbeat IPC: 0.975159 cumulative IPC: 0.912588 (Simulation time: 0 hr 12 min 42 sec) 
*** Reached end of trace for Core: 0 Repeating trace: /home1/sweta/traces/qualcomm_traces/srv_40.champsimtrace.xz
Heartbeat CPU 0 instructions: 250000001 cycles: 108544920 heartbeat IPC: 0.812102 cumulative IPC: 0.890549 (Simulation time: 0 hr 13 min 15 sec) 
Heartbeat CPU 0 instructions: 260000004 cycles: 119296914 heartbeat IPC: 0.93006 cumulative IPC: 0.8969 (Simulation time: 0 hr 13 min 47 sec) 
Heartbeat CPU 0 instructions: 270000000 cycles: 129558698 heartbeat IPC: 0.974489 cumulative IPC: 0.907219 (Simulation time: 0 hr 14 min 26 sec) 
*** Reached end of trace for Core: 0 Repeating trace: /home1/sweta/traces/qualcomm_traces/srv_40.champsimtrace.xz
Heartbeat CPU 0 instructions: 280000002 cycles: 141867823 heartbeat IPC: 0.812406 cumulative IPC: 0.894174 (Simulation time: 0 hr 14 min 58 sec) 
Heartbeat CPU 0 instructions: 290000001 cycles: 152606680 heartbeat IPC: 0.931198 cumulative IPC: 0.898142 (Simulation time: 0 hr 15 min 28 sec) 
Heartbeat CPU 0 instructions: 300000001 cycles: 162861711 heartbeat IPC: 0.975131 cumulative IPC: 0.905289 (Simulation time: 0 hr 16 min 6 sec) 
*** Reached end of trace for Core: 0 Repeating trace: /home1/sweta/traces/qualcomm_traces/srv_40.champsimtrace.xz
Heartbeat CPU 0 instructions: 310000002 cycles: 175299911 heartbeat IPC: 0.803975 cumulative IPC: 0.895036 (Simulation time: 0 hr 16 min 37 sec) 
Heartbeat CPU 0 instructions: 320000000 cycles: 185762119 heartbeat IPC: 0.955821 cumulative IPC: 0.899804 (Simulation time: 0 hr 17 min 5 sec) 
Heartbeat CPU 0 instructions: 330000002 cycles: 196006116 heartbeat IPC: 0.976182 cumulative IPC: 0.905253 (Simulation time: 0 hr 17 min 41 sec) 
*** Reached end of trace for Core: 0 Repeating trace: /home1/sweta/traces/qualcomm_traces/srv_40.champsimtrace.xz
Heartbeat CPU 0 instructions: 340000003 cycles: 208613286 heartbeat IPC: 0.793199 cumulative IPC: 0.896209 (Simulation time: 0 hr 18 min 13 sec) 
Heartbeat CPU 0 instructions: 350000001 cycles: 218949992 heartbeat IPC: 0.967426 cumulative IPC: 0.900629 (Simulation time: 0 hr 18 min 39 sec) 
Heartbeat CPU 0 instructions: 360000000 cycles: 229203379 heartbeat IPC: 0.975287 cumulative IPC: 0.904959 (Simulation time: 0 hr 19 min 14 sec) 
*** Reached end of trace for Core: 0 Repeating trace: /home1/sweta/traces/qualcomm_traces/srv_40.champsimtrace.xz
Heartbeat CPU 0 instructions: 370000000 cycles: 242014929 heartbeat IPC: 0.780546 cumulative IPC: 0.896553 (Simulation time: 0 hr 19 min 46 sec) 
Heartbeat CPU 0 instructions: 380000004 cycles: 252126705 heartbeat IPC: 0.988946 cumulative IPC: 0.901231 (Simulation time: 0 hr 20 min 12 sec) 
Heartbeat CPU 0 instructions: 390000004 cycles: 262309568 heartbeat IPC: 0.982042 cumulative IPC: 0.905151 (Simulation time: 0 hr 20 min 47 sec) 
*** Reached end of trace for Core: 0 Repeating trace: /home1/sweta/traces/qualcomm_traces/srv_40.champsimtrace.xz
Heartbeat CPU 0 instructions: 400000001 cycles: 275372744 heartbeat IPC: 0.76551 cumulative IPC: 0.89697 (Simulation time: 0 hr 21 min 21 sec) 
Finished CPU 0 instructions: 200000000 cycles: 222972971 cumulative IPC: 0.89697 (Simulation time: 0 hr 21 min 21 sec) 

ChampSim completed all CPUs

Region of Interest Statistics

CPU 0 cumulative IPC: 0.89697 instructions: 200000000 cycles: 222972971
ITLB TOTAL     ACCESS:   20089644  HIT:   19822365  MISS:     267279  HIT %:    98.6696  MISS %:    1.33043   MPKI: 1.33639
ITLB LOAD TRANSLATION ACCESS:   20089644  HIT:   19822365  MISS:     267279  HIT %:    98.6696  MISS %:    1.33043   MPKI: 1.33639
ITLB PREFETCH  REQUESTED:          0  ISSUED:          0  USEFUL:          0  USELESS:          0
ITLB USEFUL LOAD PREFETCHES:          0 PREFETCH ISSUED TO LOWER LEVEL:          0  ACCURACY: -nan
ITLB TIMELY PREFETCHES:          0 LATE PREFETCHES: 0 DROPPED PREFETCHES: 0
ITLB PREFETCHES SAME FILL-ORIGIN LEVEL: 0 DIFFERENT FILL-ORIGIN LEVEL: 0
ITLB AVERAGE MISS LATENCY:    10.2374 cycles AVERAGE LOAD MISS LATENCY:       -nan cycles Load Miss          0
ITLB Average MSHR Occupancy:  0.0112917
ITLB RQ	ACCESS:   22650618	FORWARD:          0	MERGED:    2320594	TO_CACHE:   20330024

DTLB TOTAL     ACCESS:   30133643  HIT:   29817944  MISS:     315699  HIT %:    98.9523  MISS %:    1.04766   MPKI: 1.57849
DTLB LOAD TRANSLATION ACCESS:   30133643  HIT:   29817944  MISS:     315699  HIT %:    98.9523  MISS %:    1.04766   MPKI: 1.57849
DTLB PREFETCH  REQUESTED:          0  ISSUED:          0  USEFUL:          0  USELESS:          0
DTLB USEFUL LOAD PREFETCHES:          0 PREFETCH ISSUED TO LOWER LEVEL:          0  ACCURACY: -nan
DTLB TIMELY PREFETCHES:          0 LATE PREFETCHES: 0 DROPPED PREFETCHES: 0
DTLB PREFETCHES SAME FILL-ORIGIN LEVEL: 0 DIFFERENT FILL-ORIGIN LEVEL: 0
DTLB AVERAGE MISS LATENCY:    17.6841 cycles AVERAGE LOAD MISS LATENCY:       -nan cycles Load Miss          0
DTLB Average MSHR Occupancy:  0.0246074
DTLB RQ	ACCESS:   53003581	FORWARD:          0	MERGED:   22760001	TO_CACHE:   30243580

STLB TOTAL     ACCESS:    7411178  HIT:    7363162  MISS:      48016  HIT %:    99.3521  MISS %:   0.647886   MPKI: 0.24008
STLB LOAD TRANSLATION ACCESS:     582978  HIT:     534976  MISS:      48002  HIT %:    91.7661  MISS %:    8.23393   MPKI: 0.24001
STLB TRANSLATION FROM L1D PREFETCHER ACCESS:    6828200  HIT:    6828186  MISS:         14  HIT %:    99.9998  MISS %: 0.000205032   MPKI: 7e-05
STLB PREFETCH  REQUESTED:          0  ISSUED:          0  USEFUL:          7  USELESS:          7
STLB USEFUL LOAD PREFETCHES:          7 PREFETCH ISSUED TO LOWER LEVEL:          0  ACCURACY: inf
STLB TIMELY PREFETCHES:          7 LATE PREFETCHES: 0 DROPPED PREFETCHES: 0
STLB PREFETCHES SAME FILL-ORIGIN LEVEL: 0 DIFFERENT FILL-ORIGIN LEVEL: 0
STLB AVERAGE MISS LATENCY:     63.779 cycles AVERAGE LOAD MISS LATENCY:       -nan cycles Load Miss          0
STLB Average MSHR Occupancy:  0.0142867
STLB RQ	ACCESS:   15587374	FORWARD:          0	MERGED:    8176195	TO_CACHE:    7411179

STLB Hit, L1D data hit: 0
STLB Hit, L2C data hit: 0
STLB Hit, LLC data hit: 0
STLB Hit, LLC data miss: 0
STLB STLB hints to L2: 0
L1D TOTAL     ACCESS:   64139391  HIT:   61609514  MISS:    2529877  HIT %:    96.0557  MISS %:    3.94434   MPKI: 12.6494
L1D LOAD      ACCESS:   41188099  HIT:   40030234  MISS:    1157865  HIT %:    97.1888  MISS %:    2.81116   MPKI: 5.78932
L1D RFO       ACCESS:    8375269  HIT:    7258718  MISS:    1116551  HIT %:    86.6685  MISS %:    13.3315   MPKI: 5.58275
L1D PREFETCH  ACCESS:   14576023  HIT:   14320562  MISS:     255461  HIT %:    98.2474  MISS %:    1.75261   MPKI: 1.2773
AGUS PREFETCH L1 MISS: 0
L1D PREFETCH  REQUESTED:   30332665  ISSUED:   30009299  USEFUL:     155970  USELESS:      99372
L1D USEFUL LOAD PREFETCHES:     155970 PREFETCH ISSUED TO LOWER LEVEL:     565272  ACCURACY: 27.592
L1D TIMELY PREFETCHES:     155970 LATE PREFETCHES: 309270 DROPPED PREFETCHES: 0
L1D PREFETCHES SAME FILL-ORIGIN LEVEL: 565272 DIFFERENT FILL-ORIGIN LEVEL: 0
L1D AVERAGE MISS LATENCY:    146.327 cycles AVERAGE LOAD MISS LATENCY:    48.9084 cycles Load Miss    1157865
L1D Average MSHR Occupancy:      2.166
L1D RQ	ACCESS:   49008540	FORWARD:          0	MERGED:    7653756	TO_CACHE:   41276195
L1D WQ	ACCESS:   11866828	FORWARD:      79096	MERGED:     139442	TO_CACHE:   11727386
L1D PQ	ACCESS:   15004903	FORWARD:          0	MERGED:          0	TO_CACHE:   15004396

L1D UNIQUE REGIONS ACCESSED: 0
L1D REGIONS CONFLICTS: 0
L1D Cross Page Prefetch Requests: 0
L1D Same Page Prefetch Requests: 29301318
L1D ROI Sum of L1D PQ occupancy: 206367021
L1D PREFETCHES PUSHED FROM L2C: 0
L1I TOTAL     ACCESS:   21141838  HIT:   10287872  MISS:   10853966  HIT %:    48.6612  MISS %:    51.3388   MPKI: 54.2698
L1I LOAD      ACCESS:   21141838  HIT:   10287872  MISS:   10853966  HIT %:    48.6612  MISS %:    51.3388   MPKI: 54.2698
L1I PREFETCH  REQUESTED:          0  ISSUED:          0  USEFUL:          0  USELESS:          0
L1I USEFUL LOAD PREFETCHES:          0 PREFETCH ISSUED TO LOWER LEVEL:          0  ACCURACY: -nan
L1I TIMELY PREFETCHES:          0 LATE PREFETCHES: 0 DROPPED PREFETCHES: 0
L1I PREFETCHES SAME FILL-ORIGIN LEVEL: 0 DIFFERENT FILL-ORIGIN LEVEL: 0
L1I AVERAGE MISS LATENCY:    14.5005 cycles AVERAGE LOAD MISS LATENCY:    14.5005 cycles Load Miss   10853966
L1I Average MSHR Occupancy:   0.684567
L1I RQ	ACCESS:   67032969	FORWARD:          0	MERGED:   44382351	TO_CACHE:   22650618

BTB TOTAL     ACCESS:   12772737  HIT:   11728485  MISS:    1044252  HIT %:    91.8244  MISS %:    8.17563   MPKI: 5.22126
BTB BRANCH_DIRECT_JUMP	ACCESS:    1356199  HIT:    1300995  MISS:      55204
BTB BRANCH_INDIRECT	ACCESS:    4567162  HIT:    4228849  MISS:     338313
BTB BRANCH_CONDITIONAL	ACCESS:    4734674  HIT:    4672084  MISS:      62590
BTB BRANCH_DIRECT_CALL	ACCESS:     935026  HIT:     833387  MISS:     101639
BTB BRANCH_INDIRECT_CALL	ACCESS:     122338  HIT:      97706  MISS:      24632
BTB BRANCH_RETURN	ACCESS:    1057338  HIT:     595464  MISS:     461874
BTB BRANCH_OTHER ACCESS:          0  HIT:          0  MISS:          0

L2C TOTAL     ACCESS:   14761469  HIT:   13140640  MISS:    1620829  HIT %:    89.0199  MISS %:    10.9801   MPKI: 8.10415
L2C LOAD      ACCESS:   11702544  HIT:   11462038  MISS:     240506  HIT %:    97.9448  MISS %:    2.05516   MPKI: 1.20253
L2C DATA LOAD MPKI: 0.935105
L2C INSTRUCTION LOAD MPKI: 0.267425
L2C RFO       ACCESS:    1116001  HIT:     148988  MISS:     967013  HIT %:    13.3502  MISS %:    86.6498   MPKI: 4.83507
L2C PREFETCH  ACCESS:     565268  HIT:     166683  MISS:     398585  HIT %:    29.4874  MISS %:    70.5126   MPKI: 1.99293
AGUS PREFETCH L1 MISS: 0
L2C DATA PREFETCH MPKI: 1.99293
L2C INSTRUCTION PREFETCH MPKI: 0
L2C WRITEBACK ACCESS:    1317142  HIT:    1317047  MISS:         95  HIT %:    99.9928  MISS %: 0.00721259   MPKI: 0.000475
L2C LOAD TRANSLATION ACCESS:      60486  HIT:      45856  MISS:      14630  HIT %:    75.8126  MISS %:    24.1874   MPKI: 0.07315
L2C TRANSLATION FROM L1D PREFETCHER ACCESS:         28  HIT:         28  MISS:          0  HIT %:        100  MISS %:          0   MPKI: 0
L2C PREFETCH  REQUESTED:          0  ISSUED:          0  USEFUL:       6288  USELESS:     393674
L2C USEFUL LOAD PREFETCHES:       6288 PREFETCH ISSUED TO LOWER LEVEL:     398585  ACCURACY: 1.57758
L2C TIMELY PREFETCHES:       6288 LATE PREFETCHES: 0 DROPPED PREFETCHES: 0
L2C PREFETCHES SAME FILL-ORIGIN LEVEL: 0 DIFFERENT FILL-ORIGIN LEVEL: 0
L2C AVERAGE MISS LATENCY:    270.858 cycles AVERAGE LOAD MISS LATENCY:    201.398 cycles Load Miss     240506
L2C Average MSHR Occupancy:    1.96775
L2C RQ	ACCESS:   12879085	FORWARD:          0	MERGED:          0	TO_CACHE:   12879059
L2C WQ	ACCESS:    1317142	FORWARD:         30	MERGED:          0	TO_CACHE:    1317142
L2C PQ	ACCESS:     565272	FORWARD:          0	MERGED:          0	TO_CACHE:     565268

L2C Instructions Evicting Data 51872
L2C Translations Evicting Data 14057
L2C Data Evicting Data 1493524
L2C Instructions Evicting Instructions 1081
L2C Translations Evicting Instructions 363
L2C Data Evicting Instructions 46143
L2C Instructions Evicting Translations 532
L2C Translations Evicting Translations 210
L2C Data Evicting Translations 13165
L2C Dense regions hint from L2: 0
PSCL5 TOTAL     ACCESS:      48016  HIT:      48016  MISS:          0  HIT %:        100  MISS %:          0   MPKI: 0
PSCL5 LOAD TRANSLATION ACCESS:      48002  HIT:      48002  MISS:          0  HIT %:        100  MISS %:          0   MPKI: 0
PSCL5 TRANSLATION FROM L1D PREFETCHER ACCESS:         14  HIT:         14  MISS:          0  HIT %:        100  MISS %:          0   MPKI: 0
PSCL5 PREFETCH  REQUESTED:          0  ISSUED:          0  USEFUL:          0  USELESS:          0
PSCL5 USEFUL LOAD PREFETCHES:          0 PREFETCH ISSUED TO LOWER LEVEL:          0  ACCURACY: -nan
PSCL5 TIMELY PREFETCHES:          0 LATE PREFETCHES: 0 DROPPED PREFETCHES: 0
PSCL5 PREFETCHES SAME FILL-ORIGIN LEVEL: 0 DIFFERENT FILL-ORIGIN LEVEL: 0

PSCL4 TOTAL     ACCESS:      47766  HIT:      47641  MISS:        125  HIT %:    99.7383  MISS %:   0.261692   MPKI: 0.000625
PSCL4 LOAD TRANSLATION ACCESS:      47752  HIT:      47627  MISS:        125  HIT %:    99.7382  MISS %:   0.261769   MPKI: 0.000625
PSCL4 TRANSLATION FROM L1D PREFETCHER ACCESS:         14  HIT:         14  MISS:          0  HIT %:        100  MISS %:          0   MPKI: 0
PSCL4 PREFETCH  REQUESTED:          0  ISSUED:          0  USEFUL:          0  USELESS:          0
PSCL4 USEFUL LOAD PREFETCHES:          0 PREFETCH ISSUED TO LOWER LEVEL:          0  ACCURACY: -nan
PSCL4 TIMELY PREFETCHES:          0 LATE PREFETCHES: 0 DROPPED PREFETCHES: 0
PSCL4 PREFETCHES SAME FILL-ORIGIN LEVEL: 0 DIFFERENT FILL-ORIGIN LEVEL: 0

PSCL3 TOTAL     ACCESS:      40226  HIT:      36901  MISS:       3325  HIT %:    91.7342  MISS %:     8.2658   MPKI: 0.016625
PSCL3 LOAD TRANSLATION ACCESS:      40219  HIT:      36894  MISS:       3325  HIT %:    91.7328  MISS %:    8.26724   MPKI: 0.016625
PSCL3 TRANSLATION FROM L1D PREFETCHER ACCESS:          7  HIT:          7  MISS:          0  HIT %:        100  MISS %:          0   MPKI: 0
PSCL3 PREFETCH  REQUESTED:          0  ISSUED:          0  USEFUL:          0  USELESS:          0
PSCL3 USEFUL LOAD PREFETCHES:          0 PREFETCH ISSUED TO LOWER LEVEL:          0  ACCURACY: -nan
PSCL3 TIMELY PREFETCHES:          0 LATE PREFETCHES: 0 DROPPED PREFETCHES: 0
PSCL3 PREFETCHES SAME FILL-ORIGIN LEVEL: 0 DIFFERENT FILL-ORIGIN LEVEL: 0

PSCL2 TOTAL     ACCESS:      48016  HIT:      38968  MISS:       9048  HIT %:    81.1563  MISS %:    18.8437   MPKI: 0.04524
PSCL2 LOAD TRANSLATION ACCESS:      48009  HIT:      38961  MISS:       9048  HIT %:    81.1535  MISS %:    18.8465   MPKI: 0.04524
PSCL2 TRANSLATION FROM L1D PREFETCHER ACCESS:          7  HIT:          7  MISS:          0  HIT %:        100  MISS %:          0   MPKI: 0
PSCL2 PREFETCH  REQUESTED:          0  ISSUED:          0  USEFUL:          0  USELESS:          0
PSCL2 USEFUL LOAD PREFETCHES:          0 PREFETCH ISSUED TO LOWER LEVEL:          0  ACCURACY: -nan
PSCL2 TIMELY PREFETCHES:          0 LATE PREFETCHES: 0 DROPPED PREFETCHES: 0
PSCL2 PREFETCHES SAME FILL-ORIGIN LEVEL: 0 DIFFERENT FILL-ORIGIN LEVEL: 0

LLC TOTAL     ACCESS:    2642269  HIT:     502852  MISS:    2139417  HIT %:    19.0311  MISS %:    80.9689   MPKI: 10.6971
LLC LOAD      ACCESS:     240506  HIT:      86795  MISS:     153711  HIT %:    36.0885  MISS %:    63.9115   MPKI: 0.768555
LLC RFO       ACCESS:     967013  HIT:     168696  MISS:     798317  HIT %:    17.4451  MISS %:    82.5549   MPKI: 3.99159
LLC PREFETCH  ACCESS:     398585  HIT:      27542  MISS:     371043  HIT %:    6.90994  MISS %:    93.0901   MPKI: 1.85522
AGUS PREFETCH L1 MISS: 0
LLC WRITEBACK ACCESS:    1021535  HIT:     210695  MISS:     810840  HIT %:    20.6253  MISS %:    79.3747   MPKI: 4.0542
LLC LOAD TRANSLATION ACCESS:      14630  HIT:       9124  MISS:       5506  HIT %:     62.365  MISS %:     37.635   MPKI: 0.02753
LLC PREFETCH  REQUESTED:          0  ISSUED:          0  USEFUL:        880  USELESS:       9109
LLC USEFUL LOAD PREFETCHES:        880 PREFETCH ISSUED TO LOWER LEVEL:     371043  ACCURACY: 0.237169
LLC TIMELY PREFETCHES:        880 LATE PREFETCHES: 0 DROPPED PREFETCHES: 0
LLC PREFETCHES SAME FILL-ORIGIN LEVEL: 0 DIFFERENT FILL-ORIGIN LEVEL: 0
LLC AVERAGE MISS LATENCY:    171.111 cycles AVERAGE LOAD MISS LATENCY:     244.71 cycles Load Miss     153711
LLC Average MSHR Occupancy:    1.63585
LLC RQ	ACCESS:    1222149	FORWARD:          0	MERGED:          0	TO_CACHE:    1222149
LLC WQ	ACCESS:    1021535	FORWARD:          0	MERGED:          0	TO_CACHE:    1021535
LLC PQ	ACCESS:     398585	FORWARD:          0	MERGED:          0	TO_CACHE:     398585

LLC Dense regions hint to LLC: 0

RAW hits: 1925048
Loads Generated: 50933579
Loads sent to L1D: 49008540
Stores Generated: 11866812
Stores sent to L1D: 11866828
Major fault: 0 Minor fault: 6461
Allocated PAGES: 6461

stream: 
stream:times selected: 41630718
stream:pref_filled: 265522
stream:pref_useful: 143271
stream:pref_late: 10988
stream:misses: 30013
stream:misses_by_poll: 0

CS: 
CS:times selected: 3429169
CS:pref_filled: 340236
CS:pref_useful: 329896
CS:pref_late: 484603
CS:misses: 611686
CS:misses_by_poll: 114

CPLX: 
CPLX:times selected: 38190928
CPLX:pref_filled: 96525
CPLX:pref_useful: 32207
CPLX:pref_late: 1853
CPLX:misses: 203226
CPLX:misses_by_poll: 33

NL_L1: 
NL:times selected: 323479
NL:pref_filled: 2098
NL:pref_useful: 859
NL:pref_late: 89
NL:misses: 3045
NL:misses_by_poll: 0

total selections: 83574294
total_filled: 255461
total_useful: 155970
total_late: 500730
total_polluted: 147
total_misses_after_warmup: 1245964
conflicts: 1844103
Degree Incremented Times: 337843
Degree Decremented Times: 414096

L1 IP Table Write Accesses: 37796945
L1 IP Table Read Accesses: 35952842
L1 RST Write Accesses: 21269603
L1 RST Read Accesses: 42539206
L1 CSPT Write Accesses: 21269603
L1 CSPT Read Accesses: 40842507
L1 RR Filter Tag Write Accesses: 15328269
L1 RR Filter Tag Read Accesses: 734222678
L1 IP Table Tag Write Accesses: 41276198
L1 IP Table Tag Read Accesses: 41276198
L1 RST Tag Write Accesses: 0
L1 RST Tag Read Accesses: 130813481
L1 RR Filter Write Accesses: 0
L1 RR Filter Read Accesses: 28375414
test: 4151562
================ Mockingjay (LLC) Pollution Stats ================
Total pollution count in LLC: 5107
==================================================================

DRAM Statistics
 CHANNEL 0
 RQ ROW_BUFFER_HIT:     708543  ROW_BUFFER_MISS:     620034
 DBUS_CONGESTED:        616
 WQ ROW_BUFFER_HIT:     230749  ROW_BUFFER_MISS:     612513  FULL:     345894

 AVG_CONGESTED_CYCLE: 5
 All warmup complete: 2
Channel 0 Bank busy for read cycles: 0
Channel 0 Bank busy for write cycles: 0
Channel 0
Rank 0
0banks busy for read cycles: 166624299
0banks busy for write cycles: 57968
1banks busy for read cycles: 8674869
1banks busy for write cycles: 8529534
2banks busy for read cycles: 2172922
2banks busy for write cycles: 3304188
3banks busy for read cycles: 1309574
3banks busy for write cycles: 1462826
4banks busy for read cycles: 1315894
4banks busy for write cycles: 738628
5banks busy for read cycles: 1322322
5banks busy for write cycles: 453923
6banks busy for read cycles: 1388882
6banks busy for write cycles: 367629
7banks busy for read cycles: 2208741
7banks busy for write cycles: 1121777
8banks busy for read cycles: 9825896
8banks busy for write cycles: 12093100

CPU 0 Branch Prediction Accuracy: 99.6954% MPKI: 0.222705 Average ROB Occupancy at Mispredict: 105.544
Branch types
NOT_BRANCH: 185377374 92.6887%
BRANCH_DIRECT_JUMP: 1356199 0.678099%
BRANCH_INDIRECT: 4567162 2.28358%
BRANCH_CONDITIONAL: 6583959 3.29198%
BRANCH_DIRECT_CALL: 935026 0.467513%
BRANCH_INDIRECT_CALL: 122338 0.061169%
BRANCH_RETURN: 1057338 0.528669%
BRANCH_OTHER: 0 0%

===================== LRU L1D STATS =====================
Total pollution count in L1D: 324423
=========================================================
================ SRRIP (L2C) Pollution Stats ================
Total pollution count in L2c: 363944
==================================================================
DRAM PAGES: 1048576
Allocated PAGES: 6461
