
*** ChampSim Multicore Out-of-Order Simulator ***

Warmup Instructions: 200000000
Simulation Instructions: 200000000
Number of CPUs: 1
LLC sets: 4096
LLC ways: 12
Off-chip DRAM Size: 4096 MB Channels: 1 Width: 64-bit Data Rate: 6400 MT/s
CPU 0 runs /home1/sweta/traces/qualcomm_traces/srv_1.champsimtrace.xz
.xz
BTB has LRU replacement policy
ITLB has LRU replacement policy
DTLB has LRU replacement policy
STLB has LRU replacement policy
L1I has LRU replacement policy
IP Table Entries: 1024
CSPT Entries: 128
RR_ENTRIES: 32
RST_ENTRIES: 8
L1D has LRU replacement policy
Initialize SRRIP state for L2C
Initialize Mockingjay state for LLC
Heartbeat CPU 0 instructions: 10000000 cycles: 4327739 heartbeat IPC: 2.31068 cumulative IPC: 2.31068 (Simulation time: 0 hr 1 min 3 sec) 
Heartbeat CPU 0 instructions: 20000007 cycles: 7278668 heartbeat IPC: 3.38877 cumulative IPC: 2.74776 (Simulation time: 0 hr 1 min 47 sec) 
Heartbeat CPU 0 instructions: 30000000 cycles: 9242661 heartbeat IPC: 5.09166 cumulative IPC: 3.24582 (Simulation time: 0 hr 2 min 15 sec) 
*** Reached end of trace for Core: 0 Repeating trace: /home1/sweta/traces/qualcomm_traces/srv_1.champsimtrace.xz
Heartbeat CPU 0 instructions: 40000002 cycles: 13353783 heartbeat IPC: 2.43243 cumulative IPC: 2.99541 (Simulation time: 0 hr 3 min 2 sec) 
Heartbeat CPU 0 instructions: 50000004 cycles: 16525218 heartbeat IPC: 3.15315 cumulative IPC: 3.02568 (Simulation time: 0 hr 3 min 41 sec) 
Heartbeat CPU 0 instructions: 60000000 cycles: 18487678 heartbeat IPC: 5.09564 cumulative IPC: 3.2454 (Simulation time: 0 hr 4 min 9 sec) 
*** Reached end of trace for Core: 0 Repeating trace: /home1/sweta/traces/qualcomm_traces/srv_1.champsimtrace.xz
Heartbeat CPU 0 instructions: 70000005 cycles: 22375930 heartbeat IPC: 2.57185 cumulative IPC: 3.12836 (Simulation time: 0 hr 4 min 55 sec) 
Heartbeat CPU 0 instructions: 80000000 cycles: 25769707 heartbeat IPC: 2.94657 cumulative IPC: 3.10442 (Simulation time: 0 hr 5 min 37 sec) 
Heartbeat CPU 0 instructions: 90000000 cycles: 27732970 heartbeat IPC: 5.09356 cumulative IPC: 3.24523 (Simulation time: 0 hr 6 min 5 sec) 
*** Reached end of trace for Core: 0 Repeating trace: /home1/sweta/traces/qualcomm_traces/srv_1.champsimtrace.xz
Heartbeat CPU 0 instructions: 100000001 cycles: 31399182 heartbeat IPC: 2.72761 cumulative IPC: 3.1848 (Simulation time: 0 hr 6 min 50 sec) 
Heartbeat CPU 0 instructions: 110000007 cycles: 35012773 heartbeat IPC: 2.76733 cumulative IPC: 3.14171 (Simulation time: 0 hr 7 min 36 sec) 
Heartbeat CPU 0 instructions: 120000006 cycles: 36974832 heartbeat IPC: 5.09669 cumulative IPC: 3.24545 (Simulation time: 0 hr 8 min 6 sec) 
*** Reached end of trace for Core: 0 Repeating trace: /home1/sweta/traces/qualcomm_traces/srv_1.champsimtrace.xz
Heartbeat CPU 0 instructions: 130000002 cycles: 40424739 heartbeat IPC: 2.89863 cumulative IPC: 3.21585 (Simulation time: 0 hr 8 min 48 sec) 
Heartbeat CPU 0 instructions: 140000004 cycles: 44259834 heartbeat IPC: 2.6075 cumulative IPC: 3.16314 (Simulation time: 0 hr 9 min 35 sec) 
Heartbeat CPU 0 instructions: 150000006 cycles: 46221346 heartbeat IPC: 5.09811 cumulative IPC: 3.24525 (Simulation time: 0 hr 10 min 4 sec) 
*** Reached end of trace for Core: 0 Repeating trace: /home1/sweta/traces/qualcomm_traces/srv_1.champsimtrace.xz
Heartbeat CPU 0 instructions: 160000001 cycles: 49449104 heartbeat IPC: 3.09812 cumulative IPC: 3.23565 (Simulation time: 0 hr 10 min 44 sec) 
Heartbeat CPU 0 instructions: 170000006 cycles: 53506421 heartbeat IPC: 2.46468 cumulative IPC: 3.17719 (Simulation time: 0 hr 11 min 33 sec) 
Heartbeat CPU 0 instructions: 180000000 cycles: 55466555 heartbeat IPC: 5.10169 cumulative IPC: 3.2452 (Simulation time: 0 hr 12 min 2 sec) 
*** Reached end of trace for Core: 0 Repeating trace: /home1/sweta/traces/qualcomm_traces/srv_1.champsimtrace.xz
Heartbeat CPU 0 instructions: 190000002 cycles: 58467607 heartbeat IPC: 3.33217 cumulative IPC: 3.24966 (Simulation time: 0 hr 12 min 40 sec) 
Heartbeat CPU 0 instructions: 200000003 cycles: 62749375 heartbeat IPC: 2.33548 cumulative IPC: 3.18728 (Simulation time: 0 hr 13 min 30 sec) 

Warmup complete CPU 0 instructions: 200000003 cycles: 62749375 (Simulation time: 0 hr 13 min 30 sec) 

Heartbeat CPU 0 instructions: 210000001 cycles: 80655400 heartbeat IPC: 0.558471 cumulative IPC: 0.558471 (Simulation time: 0 hr 14 min 2 sec) 
*** Reached end of trace for Core: 0 Repeating trace: /home1/sweta/traces/qualcomm_traces/srv_1.champsimtrace.xz
Heartbeat CPU 0 instructions: 220000000 cycles: 102887426 heartbeat IPC: 0.449802 cumulative IPC: 0.49828 (Simulation time: 0 hr 14 min 38 sec) 
Heartbeat CPU 0 instructions: 230000000 cycles: 138898158 heartbeat IPC: 0.277695 cumulative IPC: 0.393966 (Simulation time: 0 hr 15 min 26 sec) 
Heartbeat CPU 0 instructions: 240000003 cycles: 156553123 heartbeat IPC: 0.566413 cumulative IPC: 0.426422 (Simulation time: 0 hr 15 min 58 sec) 
*** Reached end of trace for Core: 0 Repeating trace: /home1/sweta/traces/qualcomm_traces/srv_1.champsimtrace.xz
Heartbeat CPU 0 instructions: 250000001 cycles: 176659389 heartbeat IPC: 0.497357 cumulative IPC: 0.438943 (Simulation time: 0 hr 16 min 33 sec) 
Heartbeat CPU 0 instructions: 260000000 cycles: 214121762 heartbeat IPC: 0.266934 cumulative IPC: 0.396373 (Simulation time: 0 hr 17 min 23 sec) 
Heartbeat CPU 0 instructions: 270000000 cycles: 232319023 heartbeat IPC: 0.549533 cumulative IPC: 0.41281 (Simulation time: 0 hr 17 min 55 sec) 
*** Reached end of trace for Core: 0 Repeating trace: /home1/sweta/traces/qualcomm_traces/srv_1.champsimtrace.xz
Heartbeat CPU 0 instructions: 280000004 cycles: 249710752 heartbeat IPC: 0.574986 cumulative IPC: 0.427896 (Simulation time: 0 hr 18 min 32 sec) 
Heartbeat CPU 0 instructions: 290000003 cycles: 288400482 heartbeat IPC: 0.258467 cumulative IPC: 0.398846 (Simulation time: 0 hr 19 min 22 sec) 
Heartbeat CPU 0 instructions: 300000000 cycles: 308328590 heartbeat IPC: 0.501804 cumulative IPC: 0.407201 (Simulation time: 0 hr 19 min 54 sec) 
*** Reached end of trace for Core: 0 Repeating trace: /home1/sweta/traces/qualcomm_traces/srv_1.champsimtrace.xz
Heartbeat CPU 0 instructions: 310000000 cycles: 325486169 heartbeat IPC: 0.582833 cumulative IPC: 0.41867 (Simulation time: 0 hr 20 min 29 sec) 
Heartbeat CPU 0 instructions: 320000002 cycles: 362648589 heartbeat IPC: 0.269089 cumulative IPC: 0.400134 (Simulation time: 0 hr 21 min 18 sec) 
Heartbeat CPU 0 instructions: 330000001 cycles: 383913608 heartbeat IPC: 0.470256 cumulative IPC: 0.404777 (Simulation time: 0 hr 21 min 52 sec) 
*** Reached end of trace for Core: 0 Repeating trace: /home1/sweta/traces/qualcomm_traces/srv_1.champsimtrace.xz
Heartbeat CPU 0 instructions: 340000001 cycles: 401107439 heartbeat IPC: 0.581604 cumulative IPC: 0.413763 (Simulation time: 0 hr 22 min 21 sec) 
Heartbeat CPU 0 instructions: 350000002 cycles: 436848962 heartbeat IPC: 0.279787 cumulative IPC: 0.400963 (Simulation time: 0 hr 23 min 1 sec) 
Heartbeat CPU 0 instructions: 360000000 cycles: 459638168 heartbeat IPC: 0.438804 cumulative IPC: 0.403136 (Simulation time: 0 hr 23 min 31 sec) 
*** Reached end of trace for Core: 0 Repeating trace: /home1/sweta/traces/qualcomm_traces/srv_1.champsimtrace.xz
Heartbeat CPU 0 instructions: 370000002 cycles: 477129932 heartbeat IPC: 0.571698 cumulative IPC: 0.410251 (Simulation time: 0 hr 23 min 58 sec) 
Heartbeat CPU 0 instructions: 380000000 cycles: 511051925 heartbeat IPC: 0.294794 cumulative IPC: 0.401515 (Simulation time: 0 hr 24 min 35 sec) 
Heartbeat CPU 0 instructions: 390000000 cycles: 535467179 heartbeat IPC: 0.40958 cumulative IPC: 0.401931 (Simulation time: 0 hr 25 min 6 sec) 
Heartbeat CPU 0 instructions: 400000007 cycles: 553025612 heartbeat IPC: 0.569527 cumulative IPC: 0.407933 (Simulation time: 0 hr 25 min 33 sec) 
Finished CPU 0 instructions: 200000004 cycles: 490276237 cumulative IPC: 0.407933 (Simulation time: 0 hr 25 min 33 sec) 

ChampSim completed all CPUs

Region of Interest Statistics

CPU 0 cumulative IPC: 0.407933 instructions: 200000004 cycles: 490276237
ITLB TOTAL     ACCESS:   25731389  HIT:   25177594  MISS:     553795  HIT %:    97.8478  MISS %:    2.15222   MPKI: 2.76897
ITLB LOAD TRANSLATION ACCESS:   25731389  HIT:   25177594  MISS:     553795  HIT %:    97.8478  MISS %:    2.15222   MPKI: 2.76897
ITLB PREFETCH  REQUESTED:          0  ISSUED:          0  USEFUL:          0  USELESS:          0
ITLB USEFUL LOAD PREFETCHES:          0 PREFETCH ISSUED TO LOWER LEVEL:          0  ACCURACY: -nan
ITLB TIMELY PREFETCHES:          0 LATE PREFETCHES: 0 DROPPED PREFETCHES: 0
ITLB PREFETCHES SAME FILL-ORIGIN LEVEL: 0 DIFFERENT FILL-ORIGIN LEVEL: 0
ITLB AVERAGE MISS LATENCY:    13.7305 cycles AVERAGE LOAD MISS LATENCY:       -nan cycles Load Miss          0
ITLB Average MSHR Occupancy:  0.0152358
ITLB RQ	ACCESS:   29367452	FORWARD:          0	MERGED:    3220958	TO_CACHE:   26146494

DTLB TOTAL     ACCESS:   40200338  HIT:   31596161  MISS:    8604177  HIT %:    78.5968  MISS %:    21.4032   MPKI: 43.0209
DTLB LOAD TRANSLATION ACCESS:   40200338  HIT:   31596161  MISS:    8604177  HIT %:    78.5968  MISS %:    21.4032   MPKI: 43.0209
DTLB PREFETCH  REQUESTED:          0  ISSUED:          0  USEFUL:          0  USELESS:          0
DTLB USEFUL LOAD PREFETCHES:          0 PREFETCH ISSUED TO LOWER LEVEL:          0  ACCURACY: -nan
DTLB TIMELY PREFETCHES:          0 LATE PREFETCHES: 0 DROPPED PREFETCHES: 0
DTLB PREFETCHES SAME FILL-ORIGIN LEVEL: 0 DIFFERENT FILL-ORIGIN LEVEL: 0
DTLB AVERAGE MISS LATENCY:    9.63038 cycles AVERAGE LOAD MISS LATENCY:       -nan cycles Load Miss          0
DTLB Average MSHR Occupancy:   0.159799
DTLB RQ	ACCESS:   56298985	FORWARD:          0	MERGED:   15860810	TO_CACHE:   40438175

STLB TOTAL     ACCESS:   18531591  HIT:   18205029  MISS:     326562  HIT %:    98.2378  MISS %:    1.76219   MPKI: 1.63281
STLB LOAD TRANSLATION ACCESS:    9157972  HIT:    8831410  MISS:     326562  HIT %:    96.4341  MISS %:    3.56588   MPKI: 1.63281
STLB TRANSLATION FROM L1D PREFETCHER ACCESS:    9373619  HIT:    9373619  MISS:          0  HIT %:        100  MISS %:          0   MPKI: 0
STLB PREFETCH  REQUESTED:          0  ISSUED:          0  USEFUL:          0  USELESS:          0
STLB USEFUL LOAD PREFETCHES:          0 PREFETCH ISSUED TO LOWER LEVEL:          0  ACCURACY: -nan
STLB TIMELY PREFETCHES:          0 LATE PREFETCHES: 0 DROPPED PREFETCHES: 0
STLB PREFETCHES SAME FILL-ORIGIN LEVEL: 0 DIFFERENT FILL-ORIGIN LEVEL: 0
STLB AVERAGE MISS LATENCY:    24.4827 cycles AVERAGE LOAD MISS LATENCY:       -nan cycles Load Miss          0
STLB Average MSHR Occupancy:  0.0175306
STLB RQ	ACCESS:   28812239	FORWARD:          0	MERGED:   10280647	TO_CACHE:   18531592

STLB Hit, L1D data hit: 0
STLB Hit, L2C data hit: 0
STLB Hit, LLC data hit: 0
STLB Hit, LLC data miss: 0
STLB STLB hints to L2: 0
L1D TOTAL     ACCESS:   75095317  HIT:   52675080  MISS:   22420237  HIT %:    70.1443  MISS %:    29.8557   MPKI: 112.101
L1D LOAD      ACCESS:   38372745  HIT:   27177788  MISS:   11194957  HIT %:    70.8258  MISS %:    29.1742   MPKI: 55.9748
L1D RFO       ACCESS:   17408244  HIT:   16927100  MISS:     481144  HIT %:    97.2361  MISS %:    2.76389   MPKI: 2.40572
L1D PREFETCH  ACCESS:   19314328  HIT:    8570192  MISS:   10744136  HIT %:    44.3722  MISS %:    55.6278   MPKI: 53.7207
AGUS PREFETCH L1 MISS: 0
L1D PREFETCH  REQUESTED:   39310793  ISSUED:   39309209  USEFUL:    1139547  USELESS:    9604629
L1D USEFUL LOAD PREFETCHES:    1139547 PREFETCH ISSUED TO LOWER LEVEL:   10987374  ACCURACY: 10.3714
L1D TIMELY PREFETCHES:    1139547 LATE PREFETCHES: 242518 DROPPED PREFETCHES: 0
L1D PREFETCHES SAME FILL-ORIGIN LEVEL: 10987374 DIFFERENT FILL-ORIGIN LEVEL: 0
L1D AVERAGE MISS LATENCY:    15.9105 cycles AVERAGE LOAD MISS LATENCY:    15.7179 cycles Load Miss   11194957
L1D Average MSHR Occupancy:    1.32991
L1D RQ	ACCESS:   52293659	FORWARD:          0	MERGED:   13679294	TO_CACHE:   38409623
L1D WQ	ACCESS:   18312337	FORWARD:     205419	MERGED:     422975	TO_CACHE:   17889362
L1D PQ	ACCESS:   19654943	FORWARD:          0	MERGED:          0	TO_CACHE:   19654266

L1D UNIQUE REGIONS ACCESSED: 0
L1D REGIONS CONFLICTS: 0
L1D Cross Page Prefetch Requests: 0
L1D Same Page Prefetch Requests: 40479493
L1D ROI Sum of L1D PQ occupancy: 255337863
L1D PREFETCHES PUSHED FROM L2C: 0
L1I TOTAL     ACCESS:   28475331  HIT:    9629644  MISS:   18845687  HIT %:    33.8175  MISS %:    66.1825   MPKI: 94.2284
L1I LOAD      ACCESS:   28475331  HIT:    9629644  MISS:   18845687  HIT %:    33.8175  MISS %:    66.1825   MPKI: 94.2284
L1I PREFETCH  REQUESTED:          0  ISSUED:          0  USEFUL:          0  USELESS:          0
L1I USEFUL LOAD PREFETCHES:          0 PREFETCH ISSUED TO LOWER LEVEL:          0  ACCURACY: -nan
L1I TIMELY PREFETCHES:          0 LATE PREFETCHES: 0 DROPPED PREFETCHES: 0
L1I PREFETCHES SAME FILL-ORIGIN LEVEL: 0 DIFFERENT FILL-ORIGIN LEVEL: 0
L1I AVERAGE MISS LATENCY:    14.1969 cycles AVERAGE LOAD MISS LATENCY:    14.1969 cycles Load Miss   18845687
L1I Average MSHR Occupancy:   0.536207
L1I RQ	ACCESS:   54559033	FORWARD:          0	MERGED:   25191581	TO_CACHE:   29367452

BTB TOTAL     ACCESS:   33833951  HIT:   29170057  MISS:    4663894  HIT %:    86.2153  MISS %:    13.7847   MPKI: 23.3195
BTB BRANCH_DIRECT_JUMP	ACCESS:    1821010  HIT:    1607367  MISS:     213643
BTB BRANCH_INDIRECT	ACCESS:   19663884  HIT:   17252569  MISS:    2411315
BTB BRANCH_CONDITIONAL	ACCESS:    4755221  HIT:    4424110  MISS:     331111
BTB BRANCH_DIRECT_CALL	ACCESS:    3068764  HIT:    2651588  MISS:     417176
BTB BRANCH_INDIRECT_CALL	ACCESS:     724836  HIT:     677541  MISS:      47295
BTB BRANCH_RETURN	ACCESS:    3800236  HIT:    2556882  MISS:    1243354
BTB BRANCH_OTHER ACCESS:          0  HIT:          0  MISS:          0

L2C TOTAL     ACCESS:   42606501  HIT:   42313192  MISS:     293309  HIT %:    99.3116  MISS %:   0.688414   MPKI: 1.46654
L2C LOAD      ACCESS:   29798080  HIT:   29621865  MISS:     176215  HIT %:    99.4086  MISS %:   0.591364   MPKI: 0.881075
L2C DATA LOAD MPKI: 0.703025
L2C INSTRUCTION LOAD MPKI: 0.17805
L2C RFO       ACCESS:     480412  HIT:     450733  MISS:      29679  HIT %:    93.8222  MISS %:    6.17782   MPKI: 0.148395
L2C PREFETCH  ACCESS:   10987369  HIT:   10908049  MISS:      79320  HIT %:    99.2781  MISS %:    0.72192   MPKI: 0.3966
AGUS PREFETCH L1 MISS: 0
L2C DATA PREFETCH MPKI: 0.3966
L2C INSTRUCTION PREFETCH MPKI: 0
L2C WRITEBACK ACCESS:     925740  HIT:     925167  MISS:        573  HIT %:    99.9381  MISS %:  0.0618964   MPKI: 0.002865
L2C LOAD TRANSLATION ACCESS:     414900  HIT:     407378  MISS:       7522  HIT %:     98.187  MISS %:    1.81297   MPKI: 0.03761
L2C PREFETCH  REQUESTED:          0  ISSUED:          0  USEFUL:       5821  USELESS:      75031
L2C USEFUL LOAD PREFETCHES:       5821 PREFETCH ISSUED TO LOWER LEVEL:      79320  ACCURACY: 7.33863
L2C TIMELY PREFETCHES:       5821 LATE PREFETCHES: 0 DROPPED PREFETCHES: 0
L2C PREFETCHES SAME FILL-ORIGIN LEVEL: 0 DIFFERENT FILL-ORIGIN LEVEL: 0
L2C AVERAGE MISS LATENCY:     61.449 cycles AVERAGE LOAD MISS LATENCY:     59.107 cycles Load Miss     176215
L2C Average MSHR Occupancy:  0.0363828
L2C RQ	ACCESS:   30693450	FORWARD:          0	MERGED:          0	TO_CACHE:   30693392
L2C WQ	ACCESS:     925740	FORWARD:         63	MERGED:          0	TO_CACHE:     925740
L2C PQ	ACCESS:   10987374	FORWARD:          0	MERGED:          0	TO_CACHE:   10987369

L2C Instructions Evicting Data 25599
L2C Translations Evicting Data 6280
L2C Data Evicting Data 217582
L2C Instructions Evicting Instructions 8961
L2C Translations Evicting Instructions 1064
L2C Data Evicting Instructions 25665
L2C Instructions Evicting Translations 1050
L2C Translations Evicting Translations 178
L2C Data Evicting Translations 6354
L2C Dense regions hint from L2: 0
PSCL5 TOTAL     ACCESS:     326562  HIT:     326562  MISS:          0  HIT %:        100  MISS %:          0   MPKI: 0
PSCL5 LOAD TRANSLATION ACCESS:     326562  HIT:     326562  MISS:          0  HIT %:        100  MISS %:          0   MPKI: 0
PSCL5 PREFETCH  REQUESTED:          0  ISSUED:          0  USEFUL:          0  USELESS:          0
PSCL5 USEFUL LOAD PREFETCHES:          0 PREFETCH ISSUED TO LOWER LEVEL:          0  ACCURACY: -nan
PSCL5 TIMELY PREFETCHES:          0 LATE PREFETCHES: 0 DROPPED PREFETCHES: 0
PSCL5 PREFETCHES SAME FILL-ORIGIN LEVEL: 0 DIFFERENT FILL-ORIGIN LEVEL: 0

PSCL4 TOTAL     ACCESS:     315569  HIT:     314749  MISS:        820  HIT %:    99.7402  MISS %:   0.259848   MPKI: 0.0041
PSCL4 LOAD TRANSLATION ACCESS:     315569  HIT:     314749  MISS:        820  HIT %:    99.7402  MISS %:   0.259848   MPKI: 0.0041
PSCL4 PREFETCH  REQUESTED:          0  ISSUED:          0  USEFUL:          0  USELESS:          0
PSCL4 USEFUL LOAD PREFETCHES:          0 PREFETCH ISSUED TO LOWER LEVEL:          0  ACCURACY: -nan
PSCL4 TIMELY PREFETCHES:          0 LATE PREFETCHES: 0 DROPPED PREFETCHES: 0
PSCL4 PREFETCHES SAME FILL-ORIGIN LEVEL: 0 DIFFERENT FILL-ORIGIN LEVEL: 0

PSCL3 TOTAL     ACCESS:     323405  HIT:     320746  MISS:       2659  HIT %:    99.1778  MISS %:   0.822189   MPKI: 0.013295
PSCL3 LOAD TRANSLATION ACCESS:     323405  HIT:     320746  MISS:       2659  HIT %:    99.1778  MISS %:   0.822189   MPKI: 0.013295
PSCL3 PREFETCH  REQUESTED:          0  ISSUED:          0  USEFUL:          0  USELESS:          0
PSCL3 USEFUL LOAD PREFETCHES:          0 PREFETCH ISSUED TO LOWER LEVEL:          0  ACCURACY: -nan
PSCL3 TIMELY PREFETCHES:          0 LATE PREFETCHES: 0 DROPPED PREFETCHES: 0
PSCL3 PREFETCHES SAME FILL-ORIGIN LEVEL: 0 DIFFERENT FILL-ORIGIN LEVEL: 0

PSCL2 TOTAL     ACCESS:     326562  HIT:     241703  MISS:      84859  HIT %:    74.0144  MISS %:    25.9856   MPKI: 0.424295
PSCL2 LOAD TRANSLATION ACCESS:     326562  HIT:     241703  MISS:      84859  HIT %:    74.0144  MISS %:    25.9856   MPKI: 0.424295
PSCL2 PREFETCH  REQUESTED:          0  ISSUED:          0  USEFUL:          0  USELESS:          0
PSCL2 USEFUL LOAD PREFETCHES:          0 PREFETCH ISSUED TO LOWER LEVEL:          0  ACCURACY: -nan
PSCL2 TIMELY PREFETCHES:          0 LATE PREFETCHES: 0 DROPPED PREFETCHES: 0
PSCL2 PREFETCHES SAME FILL-ORIGIN LEVEL: 0 DIFFERENT FILL-ORIGIN LEVEL: 0

LLC TOTAL     ACCESS:     428341  HIT:     395116  MISS:      33225  HIT %:    92.2433  MISS %:    7.75667   MPKI: 0.166125
LLC LOAD      ACCESS:     176215  HIT:     161559  MISS:      14656  HIT %:    91.6829  MISS %:    8.31711   MPKI: 0.07328
LLC RFO       ACCESS:      29679  HIT:      27298  MISS:       2381  HIT %:    91.9775  MISS %:    8.02251   MPKI: 0.011905
LLC PREFETCH  ACCESS:      79320  HIT:      68715  MISS:      10605  HIT %:    86.6301  MISS %:    13.3699   MPKI: 0.053025
AGUS PREFETCH L1 MISS: 0
LLC WRITEBACK ACCESS:     135605  HIT:     130740  MISS:       4865  HIT %:    96.4124  MISS %:    3.58763   MPKI: 0.024325
LLC LOAD TRANSLATION ACCESS:       7522  HIT:       6804  MISS:        718  HIT %:    90.4547  MISS %:    9.54533   MPKI: 0.00359
LLC PREFETCH  REQUESTED:          0  ISSUED:          0  USEFUL:        835  USELESS:       7010
LLC USEFUL LOAD PREFETCHES:        835 PREFETCH ISSUED TO LOWER LEVEL:      10605  ACCURACY: 7.87364
LLC TIMELY PREFETCHES:        835 LATE PREFETCHES: 0 DROPPED PREFETCHES: 0
LLC PREFETCHES SAME FILL-ORIGIN LEVEL: 0 DIFFERENT FILL-ORIGIN LEVEL: 0
LLC AVERAGE MISS LATENCY:    145.981 cycles AVERAGE LOAD MISS LATENCY:     169.61 cycles Load Miss      14656
LLC Average MSHR Occupancy: 0.00983501
LLC RQ	ACCESS:     213416	FORWARD:          0	MERGED:          0	TO_CACHE:     213416
LLC WQ	ACCESS:     135605	FORWARD:          0	MERGED:          0	TO_CACHE:     135605
LLC PQ	ACCESS:      79320	FORWARD:          0	MERGED:          0	TO_CACHE:      79320

LLC Dense regions hint to LLC: 0

RAW hits: 3886159
Loads Generated: 56179820
Loads sent to L1D: 52293659
Stores Generated: 18312360
Stores sent to L1D: 18312337
Major fault: 0 Minor fault: 4447
Allocated PAGES: 4447

stream: 
stream:times selected: 29553043
stream:pref_filled: 12132154
stream:pref_useful: 277063
stream:pref_late: 201243
stream:misses: 9936630
stream:misses_by_poll: 0

CS: 
CS:times selected: 7671299
CS:pref_filled: 2810409
CS:pref_useful: 292728
CS:pref_late: 136751
CS:misses: 536175
CS:misses_by_poll: 17

CPLX: 
CPLX:times selected: 27107508
CPLX:pref_filled: 4685634
CPLX:pref_useful: 879960
CPLX:pref_late: 396443
CPLX:misses: 10951591
CPLX:misses_by_poll: 49

NL_L1: 
NL:times selected: 87462
NL:pref_filled: 3669
NL:pref_useful: 704
NL:pref_late: 102
NL:misses: 1256
NL:misses_by_poll: 0

total selections: 64419312
total_filled: 10744136
total_useful: 1139547
total_late: 943542
total_polluted: 66
total_misses_after_warmup: 11231836
conflicts: 4241052
Degree Incremented Times: 0
Degree Decremented Times: 1006173

L1 IP Table Write Accesses: 32180442
L1 IP Table Read Accesses: 27939390
L1 RST Write Accesses: 13831661
L1 RST Read Accesses: 27663322
L1 CSPT Write Accesses: 13831661
L1 CSPT Read Accesses: 26532493
L1 RR Filter Tag Write Accesses: 19656527
L1 RR Filter Tag Read Accesses: 777102188
L1 IP Table Tag Write Accesses: 38409624
L1 IP Table Tag Read Accesses: 38409624
L1 RST Tag Write Accesses: 0
L1 RST Tag Read Accesses: 107561785
L1 RR Filter Write Accesses: 0
L1 RR Filter Read Accesses: 24654771
test: 15582097
================ Mockingjay (LLC) Pollution Stats ================
Total pollution count in LLC: 8522
==================================================================

DRAM Statistics
 CHANNEL 0
 RQ ROW_BUFFER_HIT:       4388  ROW_BUFFER_MISS:      23972
 DBUS_CONGESTED:         13
 WQ ROW_BUFFER_HIT:        506  ROW_BUFFER_MISS:      10665  FULL:          0

 AVG_CONGESTED_CYCLE: 3
 All warmup complete: 2
Channel 0 Bank busy for read cycles: 0
Channel 0 Bank busy for write cycles: 0
Channel 0
Rank 0
0banks busy for read cycles: 485240836
0banks busy for write cycles: 9711
1banks busy for read cycles: 3168686
1banks busy for write cycles: 1452481
2banks busy for read cycles: 227269
2banks busy for write cycles: 91042
3banks busy for read cycles: 36460
3banks busy for write cycles: 17790
4banks busy for read cycles: 10891
4banks busy for write cycles: 6476
5banks busy for read cycles: 3615
5banks busy for write cycles: 5367
6banks busy for read cycles: 1459
6banks busy for write cycles: 1942
7banks busy for read cycles: 1036
7banks busy for write cycles: 409
8banks busy for read cycles: 625
8banks busy for write cycles: 143

CPU 0 Branch Prediction Accuracy: 99.859% MPKI: 0.309285 Average ROB Occupancy at Mispredict: 47.5335
Branch types
NOT_BRANCH: 156144288 78.0721%
BRANCH_DIRECT_JUMP: 1821010 0.910505%
BRANCH_INDIRECT: 19663884 9.83194%
BRANCH_CONDITIONAL: 14776987 7.38849%
BRANCH_DIRECT_CALL: 3068764 1.53438%
BRANCH_INDIRECT_CALL: 724836 0.362418%
BRANCH_RETURN: 3800236 1.90012%
BRANCH_OTHER: 0 0%

===================== LRU L1D STATS =====================
Total pollution count in L1D: 6598166
=========================================================
================ SRRIP (L2C) Pollution Stats ================
Total pollution count in L2c: 331601
==================================================================
DRAM PAGES: 1048576
Allocated PAGES: 4447
