
*** ChampSim Multicore Out-of-Order Simulator ***

Warmup Instructions: 200000000
Simulation Instructions: 200000000
Number of CPUs: 1
LLC sets: 4096
LLC ways: 12
Off-chip DRAM Size: 4096 MB Channels: 1 Width: 64-bit Data Rate: 6400 MT/s
CPU 0 runs /home1/sweta/traces/qualcomm_traces/srv_7.champsimtrace.xz
.xz
BTB has LRU replacement policy
ITLB has LRU replacement policy
DTLB has LRU replacement policy
STLB has LRU replacement policy
L1I has LRU replacement policy
IP Table Entries: 1024
CSPT Entries: 128
RR_ENTRIES: 32
RST_ENTRIES: 8
L1D has LRU replacement policy
Initialize SRRIP state for L2C
Initialize Mockingjay state for LLC
Heartbeat CPU 0 instructions: 10000001 cycles: 1927954 heartbeat IPC: 5.18685 cumulative IPC: 5.18685 (Simulation time: 0 hr 0 min 28 sec) 
Heartbeat CPU 0 instructions: 20000001 cycles: 3849478 heartbeat IPC: 5.2042 cumulative IPC: 5.19551 (Simulation time: 0 hr 0 min 54 sec) 
Heartbeat CPU 0 instructions: 30000006 cycles: 5774474 heartbeat IPC: 5.19482 cumulative IPC: 5.19528 (Simulation time: 0 hr 1 min 20 sec) 
*** Reached end of trace for Core: 0 Repeating trace: /home1/sweta/traces/qualcomm_traces/srv_7.champsimtrace.xz
Heartbeat CPU 0 instructions: 40000005 cycles: 7703129 heartbeat IPC: 5.18496 cumulative IPC: 5.1927 (Simulation time: 0 hr 1 min 46 sec) 
Heartbeat CPU 0 instructions: 50000000 cycles: 9624305 heartbeat IPC: 5.20514 cumulative IPC: 5.19518 (Simulation time: 0 hr 2 min 12 sec) 
Heartbeat CPU 0 instructions: 60000005 cycles: 11548507 heartbeat IPC: 5.19696 cumulative IPC: 5.19548 (Simulation time: 0 hr 2 min 38 sec) 
*** Reached end of trace for Core: 0 Repeating trace: /home1/sweta/traces/qualcomm_traces/srv_7.champsimtrace.xz
Heartbeat CPU 0 instructions: 70000000 cycles: 13476634 heartbeat IPC: 5.18638 cumulative IPC: 5.19418 (Simulation time: 0 hr 3 min 3 sec) 
Heartbeat CPU 0 instructions: 80000003 cycles: 15398582 heartbeat IPC: 5.20306 cumulative IPC: 5.19528 (Simulation time: 0 hr 3 min 28 sec) 
Heartbeat CPU 0 instructions: 90000000 cycles: 17323154 heartbeat IPC: 5.19596 cumulative IPC: 5.19536 (Simulation time: 0 hr 3 min 52 sec) 
*** Reached end of trace for Core: 0 Repeating trace: /home1/sweta/traces/qualcomm_traces/srv_7.champsimtrace.xz
Heartbeat CPU 0 instructions: 100000002 cycles: 19246953 heartbeat IPC: 5.19805 cumulative IPC: 5.19563 (Simulation time: 0 hr 4 min 17 sec) 
Heartbeat CPU 0 instructions: 110000002 cycles: 21172877 heartbeat IPC: 5.19231 cumulative IPC: 5.19533 (Simulation time: 0 hr 4 min 42 sec) 
Heartbeat CPU 0 instructions: 120000003 cycles: 23097830 heartbeat IPC: 5.19493 cumulative IPC: 5.19529 (Simulation time: 0 hr 5 min 7 sec) 
*** Reached end of trace for Core: 0 Repeating trace: /home1/sweta/traces/qualcomm_traces/srv_7.champsimtrace.xz
Heartbeat CPU 0 instructions: 130000002 cycles: 25021112 heartbeat IPC: 5.19945 cumulative IPC: 5.19561 (Simulation time: 0 hr 5 min 33 sec) 
Heartbeat CPU 0 instructions: 140000003 cycles: 26948452 heartbeat IPC: 5.1885 cumulative IPC: 5.1951 (Simulation time: 0 hr 5 min 57 sec) 
Heartbeat CPU 0 instructions: 150000003 cycles: 28874469 heartbeat IPC: 5.19206 cumulative IPC: 5.1949 (Simulation time: 0 hr 6 min 22 sec) 
*** Reached end of trace for Core: 0 Repeating trace: /home1/sweta/traces/qualcomm_traces/srv_7.champsimtrace.xz
Heartbeat CPU 0 instructions: 160000002 cycles: 30797137 heartbeat IPC: 5.20111 cumulative IPC: 5.19529 (Simulation time: 0 hr 6 min 47 sec) 
Heartbeat CPU 0 instructions: 170000003 cycles: 32725388 heartbeat IPC: 5.18605 cumulative IPC: 5.19474 (Simulation time: 0 hr 7 min 13 sec) 
Heartbeat CPU 0 instructions: 180000000 cycles: 34650782 heartbeat IPC: 5.19374 cumulative IPC: 5.19469 (Simulation time: 0 hr 7 min 38 sec) 
*** Reached end of trace for Core: 0 Repeating trace: /home1/sweta/traces/qualcomm_traces/srv_7.champsimtrace.xz
Heartbeat CPU 0 instructions: 190000000 cycles: 36573029 heartbeat IPC: 5.20225 cumulative IPC: 5.19509 (Simulation time: 0 hr 8 min 3 sec) 
Heartbeat CPU 0 instructions: 200000002 cycles: 38501503 heartbeat IPC: 5.18545 cumulative IPC: 5.1946 (Simulation time: 0 hr 8 min 27 sec) 

Warmup complete CPU 0 instructions: 200000002 cycles: 38501503 (Simulation time: 0 hr 8 min 27 sec) 

Heartbeat CPU 0 instructions: 210000007 cycles: 54722546 heartbeat IPC: 0.616483 cumulative IPC: 0.616483 (Simulation time: 0 hr 8 min 53 sec) 
*** Reached end of trace for Core: 0 Repeating trace: /home1/sweta/traces/qualcomm_traces/srv_7.champsimtrace.xz
Heartbeat CPU 0 instructions: 220000000 cycles: 70862891 heartbeat IPC: 0.619565 cumulative IPC: 0.61802 (Simulation time: 0 hr 9 min 21 sec) 
Heartbeat CPU 0 instructions: 230000000 cycles: 87226725 heartbeat IPC: 0.611104 cumulative IPC: 0.615698 (Simulation time: 0 hr 9 min 49 sec) 
Heartbeat CPU 0 instructions: 240000005 cycles: 103184919 heartbeat IPC: 0.626638 cumulative IPC: 0.618397 (Simulation time: 0 hr 10 min 16 sec) 
*** Reached end of trace for Core: 0 Repeating trace: /home1/sweta/traces/qualcomm_traces/srv_7.champsimtrace.xz
Heartbeat CPU 0 instructions: 250000001 cycles: 119462443 heartbeat IPC: 0.614344 cumulative IPC: 0.617582 (Simulation time: 0 hr 10 min 42 sec) 
Heartbeat CPU 0 instructions: 260000000 cycles: 135704576 heartbeat IPC: 0.615683 cumulative IPC: 0.617264 (Simulation time: 0 hr 11 min 10 sec) 
Heartbeat CPU 0 instructions: 270000000 cycles: 151722546 heartbeat IPC: 0.624299 cumulative IPC: 0.61826 (Simulation time: 0 hr 11 min 37 sec) 
*** Reached end of trace for Core: 0 Repeating trace: /home1/sweta/traces/qualcomm_traces/srv_7.champsimtrace.xz
Heartbeat CPU 0 instructions: 280000002 cycles: 167940776 heartbeat IPC: 0.61659 cumulative IPC: 0.61805 (Simulation time: 0 hr 12 min 4 sec) 
Heartbeat CPU 0 instructions: 290000000 cycles: 184249498 heartbeat IPC: 0.613169 cumulative IPC: 0.617504 (Simulation time: 0 hr 12 min 30 sec) 
Heartbeat CPU 0 instructions: 300000001 cycles: 200176293 heartbeat IPC: 0.627873 cumulative IPC: 0.618526 (Simulation time: 0 hr 12 min 55 sec) 
*** Reached end of trace for Core: 0 Repeating trace: /home1/sweta/traces/qualcomm_traces/srv_7.champsimtrace.xz
Heartbeat CPU 0 instructions: 310000005 cycles: 216431221 heartbeat IPC: 0.615198 cumulative IPC: 0.618222 (Simulation time: 0 hr 13 min 19 sec) 
Heartbeat CPU 0 instructions: 320000004 cycles: 232562488 heartbeat IPC: 0.619914 cumulative IPC: 0.618362 (Simulation time: 0 hr 13 min 43 sec) 
Heartbeat CPU 0 instructions: 330000004 cycles: 248736596 heartbeat IPC: 0.618272 cumulative IPC: 0.618355 (Simulation time: 0 hr 14 min 7 sec) 
*** Reached end of trace for Core: 0 Repeating trace: /home1/sweta/traces/qualcomm_traces/srv_7.champsimtrace.xz
Heartbeat CPU 0 instructions: 340000006 cycles: 264928581 heartbeat IPC: 0.61759 cumulative IPC: 0.618301 (Simulation time: 0 hr 14 min 31 sec) 
Heartbeat CPU 0 instructions: 350000003 cycles: 281093030 heartbeat IPC: 0.618641 cumulative IPC: 0.618323 (Simulation time: 0 hr 14 min 55 sec) 
Heartbeat CPU 0 instructions: 360000000 cycles: 297353351 heartbeat IPC: 0.614994 cumulative IPC: 0.618114 (Simulation time: 0 hr 15 min 19 sec) 
Heartbeat CPU 0 instructions: 370000002 cycles: 313377073 heartbeat IPC: 0.624075 cumulative IPC: 0.618462 (Simulation time: 0 hr 15 min 42 sec) 
*** Reached end of trace for Core: 0 Repeating trace: /home1/sweta/traces/qualcomm_traces/srv_7.champsimtrace.xz
Heartbeat CPU 0 instructions: 380000004 cycles: 329657857 heartbeat IPC: 0.614221 cumulative IPC: 0.618225 (Simulation time: 0 hr 16 min 6 sec) 
Heartbeat CPU 0 instructions: 390000002 cycles: 345736730 heartbeat IPC: 0.621934 cumulative IPC: 0.618419 (Simulation time: 0 hr 16 min 30 sec) 
Heartbeat CPU 0 instructions: 400000000 cycles: 361743013 heartbeat IPC: 0.624755 cumulative IPC: 0.618732 (Simulation time: 0 hr 16 min 54 sec) 
Finished CPU 0 instructions: 200000001 cycles: 323241512 cumulative IPC: 0.618732 (Simulation time: 0 hr 16 min 54 sec) 

ChampSim completed all CPUs

Region of Interest Statistics

CPU 0 cumulative IPC: 0.618732 instructions: 200000001 cycles: 323241512
ITLB TOTAL     ACCESS:   22157922  HIT:   21342111  MISS:     815811  HIT %:    96.3182  MISS %:     3.6818   MPKI: 4.07905
ITLB LOAD TRANSLATION ACCESS:   22157922  HIT:   21342111  MISS:     815811  HIT %:    96.3182  MISS %:     3.6818   MPKI: 4.07905
ITLB PREFETCH  REQUESTED:          0  ISSUED:          0  USEFUL:          0  USELESS:          0
ITLB USEFUL LOAD PREFETCHES:          0 PREFETCH ISSUED TO LOWER LEVEL:          0  ACCURACY: -nan
ITLB TIMELY PREFETCHES:          0 LATE PREFETCHES: 0 DROPPED PREFETCHES: 0
ITLB PREFETCHES SAME FILL-ORIGIN LEVEL: 0 DIFFERENT FILL-ORIGIN LEVEL: 0
ITLB AVERAGE MISS LATENCY:    13.1265 cycles AVERAGE LOAD MISS LATENCY:       -nan cycles Load Miss          0
ITLB Average MSHR Occupancy:  0.0323504
ITLB RQ	ACCESS:   25710881	FORWARD:          0	MERGED:    2938531	TO_CACHE:   22772350

DTLB TOTAL     ACCESS:   32137980  HIT:   29780138  MISS:    2357842  HIT %:    92.6634  MISS %:    7.33662   MPKI: 11.7892
DTLB LOAD TRANSLATION ACCESS:   32137980  HIT:   29780138  MISS:    2357842  HIT %:    92.6634  MISS %:    7.33662   MPKI: 11.7892
DTLB PREFETCH  REQUESTED:          0  ISSUED:          0  USEFUL:          0  USELESS:          0
DTLB USEFUL LOAD PREFETCHES:          0 PREFETCH ISSUED TO LOWER LEVEL:          0  ACCURACY: -nan
DTLB TIMELY PREFETCHES:          0 LATE PREFETCHES: 0 DROPPED PREFETCHES: 0
DTLB PREFETCHES SAME FILL-ORIGIN LEVEL: 0 DIFFERENT FILL-ORIGIN LEVEL: 0
DTLB AVERAGE MISS LATENCY:    12.4512 cycles AVERAGE LOAD MISS LATENCY:       -nan cycles Load Miss          0
DTLB Average MSHR Occupancy:  0.0879106
DTLB RQ	ACCESS:   43933842	FORWARD:          0	MERGED:   11635823	TO_CACHE:   32298019

STLB TOTAL     ACCESS:    4132104  HIT:    3708057  MISS:     424047  HIT %:    89.7377  MISS %:    10.2623   MPKI: 2.12023
STLB LOAD TRANSLATION ACCESS:    3173653  HIT:    2749606  MISS:     424047  HIT %:    86.6385  MISS %:    13.3615   MPKI: 2.12023
STLB TRANSLATION FROM L1D PREFETCHER ACCESS:     958451  HIT:     958451  MISS:          0  HIT %:        100  MISS %:          0   MPKI: 0
STLB PREFETCH  REQUESTED:          0  ISSUED:          0  USEFUL:          0  USELESS:          0
STLB USEFUL LOAD PREFETCHES:          0 PREFETCH ISSUED TO LOWER LEVEL:          0  ACCURACY: -nan
STLB TIMELY PREFETCHES:          0 LATE PREFETCHES: 0 DROPPED PREFETCHES: 0
STLB PREFETCHES SAME FILL-ORIGIN LEVEL: 0 DIFFERENT FILL-ORIGIN LEVEL: 0
STLB AVERAGE MISS LATENCY:    26.9652 cycles AVERAGE LOAD MISS LATENCY:       -nan cycles Load Miss          0
STLB Average MSHR Occupancy:  0.0378577
STLB RQ	ACCESS:    4437460	FORWARD:          0	MERGED:     305356	TO_CACHE:    4132104

STLB Hit, L1D data hit: 0
STLB Hit, L2C data hit: 0
STLB Hit, LLC data hit: 0
STLB Hit, LLC data miss: 0
STLB STLB hints to L2: 0
L1D TOTAL     ACCESS:   44699011  HIT:   41762113  MISS:    2936898  HIT %:    93.4296  MISS %:    6.57039   MPKI: 14.6845
L1D LOAD      ACCESS:   24146091  HIT:   22067510  MISS:    2078581  HIT %:    91.3916  MISS %:    8.60835   MPKI: 10.3929
L1D RFO       ACCESS:   19335926  HIT:   18986625  MISS:     349301  HIT %:    98.1935  MISS %:    1.80649   MPKI: 1.7465
L1D PREFETCH  ACCESS:    1216994  HIT:     707978  MISS:     509016  HIT %:    58.1743  MISS %:    41.8257   MPKI: 2.54508
AGUS PREFETCH L1 MISS: 0
L1D PREFETCH  REQUESTED:    2531000  ISSUED:    2528445  USEFUL:     123917  USELESS:     385182
L1D USEFUL LOAD PREFETCHES:     123917 PREFETCH ISSUED TO LOWER LEVEL:     519752  ACCURACY: 23.8416
L1D TIMELY PREFETCHES:     123917 LATE PREFETCHES: 10344 DROPPED PREFETCHES: 0
L1D PREFETCHES SAME FILL-ORIGIN LEVEL: 519752 DIFFERENT FILL-ORIGIN LEVEL: 0
L1D AVERAGE MISS LATENCY:    26.8469 cycles AVERAGE LOAD MISS LATENCY:    23.6338 cycles Load Miss    2078581
L1D Average MSHR Occupancy:   0.271755
L1D RQ	ACCESS:   40019196	FORWARD:          0	MERGED:   15477283	TO_CACHE:   24205822
L1D WQ	ACCESS:   20433965	FORWARD:     336922	MERGED:     705945	TO_CACHE:   19728020
L1D PQ	ACCESS:    1264638	FORWARD:          0	MERGED:          0	TO_CACHE:    1263807

L1D UNIQUE REGIONS ACCESSED: 0
L1D REGIONS CONFLICTS: 0
L1D Cross Page Prefetch Requests: 0
L1D Same Page Prefetch Requests: 2510582
L1D ROI Sum of L1D PQ occupancy: 16353436
L1D PREFETCHES PUSHED FROM L2C: 0
L1I TOTAL     ACCESS:   24980931  HIT:   10018330  MISS:   14962601  HIT %:    40.1039  MISS %:    59.8961   MPKI: 74.813
L1I LOAD      ACCESS:   24980931  HIT:   10018330  MISS:   14962601  HIT %:    40.1039  MISS %:    59.8961   MPKI: 74.813
L1I PREFETCH  REQUESTED:          0  ISSUED:          0  USEFUL:          0  USELESS:          0
L1I USEFUL LOAD PREFETCHES:          0 PREFETCH ISSUED TO LOWER LEVEL:          0  ACCURACY: -nan
L1I TIMELY PREFETCHES:          0 LATE PREFETCHES: 0 DROPPED PREFETCHES: 0
L1I PREFETCHES SAME FILL-ORIGIN LEVEL: 0 DIFFERENT FILL-ORIGIN LEVEL: 0
L1I AVERAGE MISS LATENCY:    14.3199 cycles AVERAGE LOAD MISS LATENCY:    14.3199 cycles Load Miss   14962601
L1I Average MSHR Occupancy:   0.644025
L1I RQ	ACCESS:   47845367	FORWARD:          0	MERGED:   22134486	TO_CACHE:   25710881

BTB TOTAL     ACCESS:   22368649  HIT:   17722412  MISS:    4646237  HIT %:    79.2288  MISS %:    20.7712   MPKI: 23.2312
BTB BRANCH_DIRECT_JUMP	ACCESS:    1867873  HIT:    1583477  MISS:     284396
BTB BRANCH_INDIRECT	ACCESS:    9382679  HIT:    7211518  MISS:    2171161
BTB BRANCH_CONDITIONAL	ACCESS:    4611392  HIT:    4178222  MISS:     433170
BTB BRANCH_DIRECT_CALL	ACCESS:    2586302  HIT:    2042119  MISS:     544183
BTB BRANCH_INDIRECT_CALL	ACCESS:     666399  HIT:     608100  MISS:      58299
BTB BRANCH_RETURN	ACCESS:    3254004  HIT:    2098976  MISS:    1155028
BTB BRANCH_OTHER ACCESS:          0  HIT:          0  MISS:          0

L2C TOTAL     ACCESS:   19494739  HIT:   19056414  MISS:     438325  HIT %:    97.7516  MISS %:    2.24843   MPKI: 2.19162
L2C LOAD      ACCESS:   17030763  HIT:   16781637  MISS:     249126  HIT %:    98.5372  MISS %:     1.4628   MPKI: 1.24563
L2C DATA LOAD MPKI: 1.03216
L2C INSTRUCTION LOAD MPKI: 0.213465
L2C RFO       ACCESS:     348908  HIT:     300384  MISS:      48524  HIT %:    86.0926  MISS %:    13.9074   MPKI: 0.24262
L2C PREFETCH  ACCESS:     519752  HIT:     400637  MISS:     119115  HIT %:    77.0823  MISS %:    22.9177   MPKI: 0.595575
AGUS PREFETCH L1 MISS: 0
L2C DATA PREFETCH MPKI: 0.595575
L2C INSTRUCTION PREFETCH MPKI: 0
L2C WRITEBACK ACCESS:    1039237  HIT:    1038956  MISS:        281  HIT %:     99.973  MISS %:  0.0270391   MPKI: 0.001405
L2C LOAD TRANSLATION ACCESS:     556079  HIT:     534800  MISS:      21279  HIT %:    96.1734  MISS %:    3.82661   MPKI: 0.106395
L2C PREFETCH  REQUESTED:          0  ISSUED:          0  USEFUL:      13186  USELESS:     105948
L2C USEFUL LOAD PREFETCHES:      13186 PREFETCH ISSUED TO LOWER LEVEL:     119115  ACCURACY: 11.07
L2C TIMELY PREFETCHES:      13186 LATE PREFETCHES: 0 DROPPED PREFETCHES: 0
L2C PREFETCHES SAME FILL-ORIGIN LEVEL: 0 DIFFERENT FILL-ORIGIN LEVEL: 0
L2C AVERAGE MISS LATENCY:    91.7251 cycles AVERAGE LOAD MISS LATENCY:    84.0331 cycles Load Miss     249126
L2C Average MSHR Occupancy:   0.123749
L2C RQ	ACCESS:   17935826	FORWARD:          0	MERGED:          0	TO_CACHE:   17935750
L2C WQ	ACCESS:    1039237	FORWARD:         76	MERGED:          0	TO_CACHE:    1039237
L2C PQ	ACCESS:     519752	FORWARD:          0	MERGED:          0	TO_CACHE:     519752

L2C Instructions Evicting Data 36217
L2C Translations Evicting Data 17979
L2C Data Evicting Data 319983
L2C Instructions Evicting Instructions 4277
L2C Translations Evicting Instructions 2288
L2C Data Evicting Instructions 36134
L2C Instructions Evicting Translations 2199
L2C Translations Evicting Translations 1012
L2C Data Evicting Translations 17955
L2C Dense regions hint from L2: 0
PSCL5 TOTAL     ACCESS:     424047  HIT:     424047  MISS:          0  HIT %:        100  MISS %:          0   MPKI: 0
PSCL5 LOAD TRANSLATION ACCESS:     424047  HIT:     424047  MISS:          0  HIT %:        100  MISS %:          0   MPKI: 0
PSCL5 PREFETCH  REQUESTED:          0  ISSUED:          0  USEFUL:          0  USELESS:          0
PSCL5 USEFUL LOAD PREFETCHES:          0 PREFETCH ISSUED TO LOWER LEVEL:          0  ACCURACY: -nan
PSCL5 TIMELY PREFETCHES:          0 LATE PREFETCHES: 0 DROPPED PREFETCHES: 0
PSCL5 PREFETCHES SAME FILL-ORIGIN LEVEL: 0 DIFFERENT FILL-ORIGIN LEVEL: 0

PSCL4 TOTAL     ACCESS:     409939  HIT:     408321  MISS:       1618  HIT %:    99.6053  MISS %:   0.394693   MPKI: 0.00809
PSCL4 LOAD TRANSLATION ACCESS:     409939  HIT:     408321  MISS:       1618  HIT %:    99.6053  MISS %:   0.394693   MPKI: 0.00809
PSCL4 PREFETCH  REQUESTED:          0  ISSUED:          0  USEFUL:          0  USELESS:          0
PSCL4 USEFUL LOAD PREFETCHES:          0 PREFETCH ISSUED TO LOWER LEVEL:          0  ACCURACY: -nan
PSCL4 TIMELY PREFETCHES:          0 LATE PREFETCHES: 0 DROPPED PREFETCHES: 0
PSCL4 PREFETCHES SAME FILL-ORIGIN LEVEL: 0 DIFFERENT FILL-ORIGIN LEVEL: 0

PSCL3 TOTAL     ACCESS:     420301  HIT:     418653  MISS:       1648  HIT %:    99.6079  MISS %:     0.3921   MPKI: 0.00824
PSCL3 LOAD TRANSLATION ACCESS:     420301  HIT:     418653  MISS:       1648  HIT %:    99.6079  MISS %:     0.3921   MPKI: 0.00824
PSCL3 PREFETCH  REQUESTED:          0  ISSUED:          0  USEFUL:          0  USELESS:          0
PSCL3 USEFUL LOAD PREFETCHES:          0 PREFETCH ISSUED TO LOWER LEVEL:          0  ACCURACY: -nan
PSCL3 TIMELY PREFETCHES:          0 LATE PREFETCHES: 0 DROPPED PREFETCHES: 0
PSCL3 PREFETCHES SAME FILL-ORIGIN LEVEL: 0 DIFFERENT FILL-ORIGIN LEVEL: 0

PSCL2 TOTAL     ACCESS:     424047  HIT:     295281  MISS:     128766  HIT %:     69.634  MISS %:     30.366   MPKI: 0.64383
PSCL2 LOAD TRANSLATION ACCESS:     424047  HIT:     295281  MISS:     128766  HIT %:     69.634  MISS %:     30.366   MPKI: 0.64383
PSCL2 PREFETCH  REQUESTED:          0  ISSUED:          0  USEFUL:          0  USELESS:          0
PSCL2 USEFUL LOAD PREFETCHES:          0 PREFETCH ISSUED TO LOWER LEVEL:          0  ACCURACY: -nan
PSCL2 TIMELY PREFETCHES:          0 LATE PREFETCHES: 0 DROPPED PREFETCHES: 0
PSCL2 PREFETCHES SAME FILL-ORIGIN LEVEL: 0 DIFFERENT FILL-ORIGIN LEVEL: 0

LLC TOTAL     ACCESS:     657582  HIT:     490262  MISS:     167320  HIT %:    74.5553  MISS %:    25.4447   MPKI: 0.8366
LLC LOAD      ACCESS:     249126  HIT:     189652  MISS:      59474  HIT %:    76.1269  MISS %:    23.8731   MPKI: 0.29737
LLC RFO       ACCESS:      48524  HIT:      40095  MISS:       8429  HIT %:    82.6292  MISS %:    17.3708   MPKI: 0.042145
LLC PREFETCH  ACCESS:     119115  HIT:      64034  MISS:      55081  HIT %:    53.7581  MISS %:    46.2419   MPKI: 0.275405
AGUS PREFETCH L1 MISS: 0
LLC WRITEBACK ACCESS:     219538  HIT:     177920  MISS:      41618  HIT %:    81.0429  MISS %:    18.9571   MPKI: 0.20809
LLC LOAD TRANSLATION ACCESS:      21279  HIT:      18561  MISS:       2718  HIT %:    87.2268  MISS %:    12.7732   MPKI: 0.01359
LLC PREFETCH  REQUESTED:          0  ISSUED:          0  USEFUL:       1341  USELESS:      29610
LLC USEFUL LOAD PREFETCHES:       1341 PREFETCH ISSUED TO LOWER LEVEL:      55081  ACCURACY: 2.4346
LLC TIMELY PREFETCHES:       1341 LATE PREFETCHES: 0 DROPPED PREFETCHES: 0
LLC PREFETCHES SAME FILL-ORIGIN LEVEL: 0 DIFFERENT FILL-ORIGIN LEVEL: 0
LLC AVERAGE MISS LATENCY:    122.478 cycles AVERAGE LOAD MISS LATENCY:    163.501 cycles Load Miss      59474
LLC Average MSHR Occupancy:  0.0630093
LLC RQ	ACCESS:     318929	FORWARD:          0	MERGED:          0	TO_CACHE:     318929
LLC WQ	ACCESS:     219538	FORWARD:          0	MERGED:          0	TO_CACHE:     219538
LLC PQ	ACCESS:     119115	FORWARD:          0	MERGED:          0	TO_CACHE:     119115

LLC Dense regions hint to LLC: 0

RAW hits: 4866832
Loads Generated: 44886031
Loads sent to L1D: 40019196
Stores Generated: 20433963
Stores sent to L1D: 20433965
Major fault: 0 Minor fault: 6471
Allocated PAGES: 6471

stream: 
stream:times selected: 3542906
stream:pref_filled: 674723
stream:pref_useful: 166102
stream:pref_late: 23239
stream:misses: 86014
stream:misses_by_poll: 0

CS: 
CS:times selected: 162042
CS:pref_filled: 64892
CS:pref_useful: 36023
CS:pref_late: 2276
CS:misses: 4622
CS:misses_by_poll: 0

CPLX: 
CPLX:times selected: 3328146
CPLX:pref_filled: 274487
CPLX:pref_useful: 38794
CPLX:pref_late: 2692
CPLX:misses: 329456
CPLX:misses_by_poll: 40

NL_L1: 
NL:times selected: 27488
NL:pref_filled: 9626
NL:pref_useful: 1783
NL:pref_late: 241
NL:misses: 2955
NL:misses_by_poll: 6

total selections: 7060582
total_filled: 509016
total_useful: 123917
total_late: 29328
total_polluted: 46
total_misses_after_warmup: 2138311
conflicts: 5581091
Degree Incremented Times: 0
Degree Decremented Times: 546204

L1 IP Table Write Accesses: 17091653
L1 IP Table Read Accesses: 11510562
L1 RST Write Accesses: 1759289
L1 RST Read Accesses: 3518578
L1 CSPT Write Accesses: 1759289
L1 CSPT Read Accesses: 3416903
L1 RR Filter Tag Write Accesses: 1267193
L1 RR Filter Tag Read Accesses: 65981308
L1 IP Table Tag Write Accesses: 24205821
L1 IP Table Tag Read Accesses: 24205821
L1 RST Tag Write Accesses: 0
L1 RST Tag Read Accesses: 16684247
L1 RR Filter Write Accesses: 0
L1 RR Filter Read Accesses: 2393056
test: 1109322
================ Mockingjay (LLC) Pollution Stats ================
Total pollution count in LLC: 22333
==================================================================

DRAM Statistics
 CHANNEL 0
 RQ ROW_BUFFER_HIT:      29909  ROW_BUFFER_MISS:      95793
 DBUS_CONGESTED:        246
 WQ ROW_BUFFER_HIT:       8217  ROW_BUFFER_MISS:      63476  FULL:          0

 AVG_CONGESTED_CYCLE: 3
 All warmup complete: 2
Channel 0 Bank busy for read cycles: 0
Channel 0 Bank busy for write cycles: 0
Channel 0
Rank 0
0banks busy for read cycles: 301062864
0banks busy for write cycles: 48721
1banks busy for read cycles: 11005430
1banks busy for write cycles: 7152277
2banks busy for read cycles: 1690705
2banks busy for write cycles: 1148081
3banks busy for read cycles: 358001
3banks busy for write cycles: 381499
4banks busy for read cycles: 78468
4banks busy for write cycles: 167552
5banks busy for read cycles: 12986
5banks busy for write cycles: 77756
6banks busy for read cycles: 3259
6banks busy for write cycles: 34704
7banks busy for read cycles: 712
7banks busy for write cycles: 11617
8banks busy for read cycles: 147
8banks busy for write cycles: 6734

CPU 0 Branch Prediction Accuracy: 99.8755% MPKI: 0.2237 Average ROB Occupancy at Mispredict: 109.68
Branch types
NOT_BRANCH: 164068743 82.0344%
BRANCH_DIRECT_JUMP: 1867873 0.933936%
BRANCH_INDIRECT: 9382679 4.69134%
BRANCH_CONDITIONAL: 18173444 9.08672%
BRANCH_DIRECT_CALL: 2586302 1.29315%
BRANCH_INDIRECT_CALL: 666399 0.333199%
BRANCH_RETURN: 3254004 1.627%
BRANCH_OTHER: 0 0%

===================== LRU L1D STATS =====================
Total pollution count in L1D: 762614
=========================================================
================ SRRIP (L2C) Pollution Stats ================
Total pollution count in L2c: 471365
==================================================================
DRAM PAGES: 1048576
Allocated PAGES: 6471
