
*** ChampSim Multicore Out-of-Order Simulator ***

Warmup Instructions: 200000000
Simulation Instructions: 200000000
Number of CPUs: 1
LLC sets: 4096
LLC ways: 12
Off-chip DRAM Size: 4096 MB Channels: 1 Width: 64-bit Data Rate: 6400 MT/s
CPU 0 runs /home1/sweta/traces/qualcomm_traces/srv_75.champsimtrace.xz
.xz
BTB has LRU replacement policy
ITLB has LRU replacement policy
DTLB has LRU replacement policy
STLB has LRU replacement policy
L1I has LRU replacement policy
IP Table Entries: 1024
CSPT Entries: 128
RR_ENTRIES: 32
RST_ENTRIES: 8
L1D has LRU replacement policy
Initialize SRRIP state for L2C
Initialize Mockingjay state for LLC
Heartbeat CPU 0 instructions: 10000007 cycles: 2297033 heartbeat IPC: 4.35345 cumulative IPC: 4.35345 (Simulation time: 0 hr 0 min 30 sec) 
Heartbeat CPU 0 instructions: 20000003 cycles: 4575624 heartbeat IPC: 4.38868 cumulative IPC: 4.37099 (Simulation time: 0 hr 0 min 59 sec) 
Heartbeat CPU 0 instructions: 30000000 cycles: 6866547 heartbeat IPC: 4.36505 cumulative IPC: 4.36901 (Simulation time: 0 hr 1 min 29 sec) 
*** Reached end of trace for Core: 0 Repeating trace: /home1/sweta/traces/qualcomm_traces/srv_75.champsimtrace.xz
Heartbeat CPU 0 instructions: 40000003 cycles: 9156595 heartbeat IPC: 4.36672 cumulative IPC: 4.36844 (Simulation time: 0 hr 1 min 57 sec) 
Heartbeat CPU 0 instructions: 50000001 cycles: 11444689 heartbeat IPC: 4.37045 cumulative IPC: 4.36884 (Simulation time: 0 hr 2 min 25 sec) 
Heartbeat CPU 0 instructions: 60000003 cycles: 13726695 heartbeat IPC: 4.38211 cumulative IPC: 4.37105 (Simulation time: 0 hr 2 min 51 sec) 
*** Reached end of trace for Core: 0 Repeating trace: /home1/sweta/traces/qualcomm_traces/srv_75.champsimtrace.xz
Heartbeat CPU 0 instructions: 70000000 cycles: 16016487 heartbeat IPC: 4.36721 cumulative IPC: 4.3705 (Simulation time: 0 hr 3 min 17 sec) 
Heartbeat CPU 0 instructions: 80000000 cycles: 18310815 heartbeat IPC: 4.35857 cumulative IPC: 4.369 (Simulation time: 0 hr 3 min 43 sec) 
Heartbeat CPU 0 instructions: 90000000 cycles: 20587206 heartbeat IPC: 4.39292 cumulative IPC: 4.37165 (Simulation time: 0 hr 4 min 9 sec) 
*** Reached end of trace for Core: 0 Repeating trace: /home1/sweta/traces/qualcomm_traces/srv_75.champsimtrace.xz
Heartbeat CPU 0 instructions: 100000004 cycles: 22882737 heartbeat IPC: 4.35629 cumulative IPC: 4.37011 (Simulation time: 0 hr 4 min 35 sec) 
Heartbeat CPU 0 instructions: 110000000 cycles: 25171198 heartbeat IPC: 4.36975 cumulative IPC: 4.37007 (Simulation time: 0 hr 5 min 1 sec) 
Heartbeat CPU 0 instructions: 120000003 cycles: 27456147 heartbeat IPC: 4.37647 cumulative IPC: 4.37061 (Simulation time: 0 hr 5 min 27 sec) 
*** Reached end of trace for Core: 0 Repeating trace: /home1/sweta/traces/qualcomm_traces/srv_75.champsimtrace.xz
Heartbeat CPU 0 instructions: 130000003 cycles: 29752036 heartbeat IPC: 4.35561 cumulative IPC: 4.36945 (Simulation time: 0 hr 5 min 53 sec) 
Heartbeat CPU 0 instructions: 140000002 cycles: 32032156 heartbeat IPC: 4.38573 cumulative IPC: 4.37061 (Simulation time: 0 hr 6 min 20 sec) 
Heartbeat CPU 0 instructions: 150000007 cycles: 34325247 heartbeat IPC: 4.36093 cumulative IPC: 4.36996 (Simulation time: 0 hr 6 min 46 sec) 
Heartbeat CPU 0 instructions: 160000003 cycles: 36603391 heartbeat IPC: 4.38954 cumulative IPC: 4.37118 (Simulation time: 0 hr 7 min 13 sec) 
*** Reached end of trace for Core: 0 Repeating trace: /home1/sweta/traces/qualcomm_traces/srv_75.champsimtrace.xz
Heartbeat CPU 0 instructions: 170000000 cycles: 38893839 heartbeat IPC: 4.36596 cumulative IPC: 4.37087 (Simulation time: 0 hr 7 min 40 sec) 
Heartbeat CPU 0 instructions: 180000000 cycles: 41186666 heartbeat IPC: 4.36143 cumulative IPC: 4.37035 (Simulation time: 0 hr 8 min 7 sec) 
Heartbeat CPU 0 instructions: 190000000 cycles: 43466949 heartbeat IPC: 4.38542 cumulative IPC: 4.37114 (Simulation time: 0 hr 8 min 33 sec) 
*** Reached end of trace for Core: 0 Repeating trace: /home1/sweta/traces/qualcomm_traces/srv_75.champsimtrace.xz
Heartbeat CPU 0 instructions: 200000007 cycles: 45762083 heartbeat IPC: 4.35705 cumulative IPC: 4.37043 (Simulation time: 0 hr 8 min 59 sec) 

Warmup complete CPU 0 instructions: 200000007 cycles: 45762083 (Simulation time: 0 hr 8 min 59 sec) 

Heartbeat CPU 0 instructions: 210000003 cycles: 57685497 heartbeat IPC: 0.838686 cumulative IPC: 0.838686 (Simulation time: 0 hr 9 min 30 sec) 
Heartbeat CPU 0 instructions: 220000005 cycles: 69483266 heartbeat IPC: 0.847618 cumulative IPC: 0.843128 (Simulation time: 0 hr 10 min 1 sec) 
*** Reached end of trace for Core: 0 Repeating trace: /home1/sweta/traces/qualcomm_traces/srv_75.champsimtrace.xz
Heartbeat CPU 0 instructions: 230000000 cycles: 81309208 heartbeat IPC: 0.845598 cumulative IPC: 0.84395 (Simulation time: 0 hr 10 min 33 sec) 
Heartbeat CPU 0 instructions: 240000000 cycles: 93087097 heartbeat IPC: 0.849049 cumulative IPC: 0.845219 (Simulation time: 0 hr 11 min 5 sec) 
Heartbeat CPU 0 instructions: 250000003 cycles: 104845069 heartbeat IPC: 0.850487 cumulative IPC: 0.846267 (Simulation time: 0 hr 11 min 37 sec) 
*** Reached end of trace for Core: 0 Repeating trace: /home1/sweta/traces/qualcomm_traces/srv_75.champsimtrace.xz
Heartbeat CPU 0 instructions: 260000001 cycles: 116714257 heartbeat IPC: 0.842517 cumulative IPC: 0.84564 (Simulation time: 0 hr 12 min 9 sec) 
Heartbeat CPU 0 instructions: 270000000 cycles: 128459342 heartbeat IPC: 0.85142 cumulative IPC: 0.846461 (Simulation time: 0 hr 12 min 39 sec) 
Heartbeat CPU 0 instructions: 280000000 cycles: 140168593 heartbeat IPC: 0.854026 cumulative IPC: 0.847399 (Simulation time: 0 hr 13 min 10 sec) 
*** Reached end of trace for Core: 0 Repeating trace: /home1/sweta/traces/qualcomm_traces/srv_75.champsimtrace.xz
Heartbeat CPU 0 instructions: 290000003 cycles: 152000088 heartbeat IPC: 0.845202 cumulative IPC: 0.847154 (Simulation time: 0 hr 13 min 41 sec) 
Heartbeat CPU 0 instructions: 300000005 cycles: 163715741 heartbeat IPC: 0.853559 cumulative IPC: 0.847791 (Simulation time: 0 hr 14 min 9 sec) 
Heartbeat CPU 0 instructions: 310000001 cycles: 175475980 heartbeat IPC: 0.850322 cumulative IPC: 0.84802 (Simulation time: 0 hr 14 min 37 sec) 
Heartbeat CPU 0 instructions: 320000006 cycles: 187337730 heartbeat IPC: 0.843046 cumulative IPC: 0.847603 (Simulation time: 0 hr 15 min 6 sec) 
*** Reached end of trace for Core: 0 Repeating trace: /home1/sweta/traces/qualcomm_traces/srv_75.champsimtrace.xz
Heartbeat CPU 0 instructions: 330000001 cycles: 199054696 heartbeat IPC: 0.853463 cumulative IPC: 0.848051 (Simulation time: 0 hr 15 min 34 sec) 
Heartbeat CPU 0 instructions: 340000005 cycles: 210838382 heartbeat IPC: 0.848631 cumulative IPC: 0.848093 (Simulation time: 0 hr 16 min 2 sec) 
Heartbeat CPU 0 instructions: 350000003 cycles: 222602990 heartbeat IPC: 0.850007 cumulative IPC: 0.84822 (Simulation time: 0 hr 16 min 30 sec) 
*** Reached end of trace for Core: 0 Repeating trace: /home1/sweta/traces/qualcomm_traces/srv_75.champsimtrace.xz
Heartbeat CPU 0 instructions: 360000000 cycles: 234373819 heartbeat IPC: 0.849558 cumulative IPC: 0.848303 (Simulation time: 0 hr 16 min 58 sec) 
Heartbeat CPU 0 instructions: 370000005 cycles: 246143199 heartbeat IPC: 0.849663 cumulative IPC: 0.848383 (Simulation time: 0 hr 17 min 27 sec) 
Heartbeat CPU 0 instructions: 380000002 cycles: 257840975 heartbeat IPC: 0.854863 cumulative IPC: 0.848741 (Simulation time: 0 hr 17 min 56 sec) 
*** Reached end of trace for Core: 0 Repeating trace: /home1/sweta/traces/qualcomm_traces/srv_75.champsimtrace.xz
Heartbeat CPU 0 instructions: 390000002 cycles: 269686995 heartbeat IPC: 0.844165 cumulative IPC: 0.848499 (Simulation time: 0 hr 18 min 25 sec) 
Heartbeat CPU 0 instructions: 400000007 cycles: 281455757 heartbeat IPC: 0.849707 cumulative IPC: 0.848559 (Simulation time: 0 hr 18 min 57 sec) 
Finished CPU 0 instructions: 200000000 cycles: 235693674 cumulative IPC: 0.848559 (Simulation time: 0 hr 18 min 57 sec) 

ChampSim completed all CPUs

Region of Interest Statistics

CPU 0 cumulative IPC: 0.848559 instructions: 200000000 cycles: 235693674
ITLB TOTAL     ACCESS:   21721848  HIT:   20185679  MISS:    1536169  HIT %:     92.928  MISS %:      7.072   MPKI: 7.68084
ITLB LOAD TRANSLATION ACCESS:   21721848  HIT:   20185679  MISS:    1536169  HIT %:     92.928  MISS %:      7.072   MPKI: 7.68084
ITLB PREFETCH  REQUESTED:          0  ISSUED:          0  USEFUL:          0  USELESS:          0
ITLB USEFUL LOAD PREFETCHES:          0 PREFETCH ISSUED TO LOWER LEVEL:          0  ACCURACY: -nan
ITLB TIMELY PREFETCHES:          0 LATE PREFETCHES: 0 DROPPED PREFETCHES: 0
ITLB PREFETCHES SAME FILL-ORIGIN LEVEL: 0 DIFFERENT FILL-ORIGIN LEVEL: 0
ITLB AVERAGE MISS LATENCY:    9.11723 cycles AVERAGE LOAD MISS LATENCY:       -nan cycles Load Miss          0
ITLB Average MSHR Occupancy:  0.0531755
ITLB RQ	ACCESS:   27539189	FORWARD:          0	MERGED:    4032327	TO_CACHE:   23506862

DTLB TOTAL     ACCESS:   31909278  HIT:   30391399  MISS:    1517879  HIT %:    95.2431  MISS %:    4.75686   MPKI: 7.58939
DTLB LOAD TRANSLATION ACCESS:   31909278  HIT:   30391399  MISS:    1517879  HIT %:    95.2431  MISS %:    4.75686   MPKI: 7.58939
DTLB PREFETCH  REQUESTED:          0  ISSUED:          0  USEFUL:          0  USELESS:          0
DTLB USEFUL LOAD PREFETCHES:          0 PREFETCH ISSUED TO LOWER LEVEL:          0  ACCURACY: -nan
DTLB TIMELY PREFETCHES:          0 LATE PREFETCHES: 0 DROPPED PREFETCHES: 0
DTLB PREFETCHES SAME FILL-ORIGIN LEVEL: 0 DIFFERENT FILL-ORIGIN LEVEL: 0
DTLB AVERAGE MISS LATENCY:    12.3319 cycles AVERAGE LOAD MISS LATENCY:       -nan cycles Load Miss          0
DTLB Average MSHR Occupancy:  0.0748658
DTLB RQ	ACCESS:   55944066	FORWARD:          0	MERGED:   23563959	TO_CACHE:   32380107

STLB TOTAL     ACCESS:    5648837  HIT:    5573556  MISS:      75281  HIT %:    98.6673  MISS %:    1.33268   MPKI: 0.376405
STLB LOAD TRANSLATION ACCESS:    3054048  HIT:    2978767  MISS:      75281  HIT %:     97.535  MISS %:    2.46496   MPKI: 0.376405
STLB TRANSLATION FROM L1D PREFETCHER ACCESS:    2594789  HIT:    2594789  MISS:          0  HIT %:        100  MISS %:          0   MPKI: 0
STLB PREFETCH  REQUESTED:          0  ISSUED:          0  USEFUL:          0  USELESS:          0
STLB USEFUL LOAD PREFETCHES:          0 PREFETCH ISSUED TO LOWER LEVEL:          0  ACCURACY: -nan
STLB TIMELY PREFETCHES:          0 LATE PREFETCHES: 0 DROPPED PREFETCHES: 0
STLB PREFETCHES SAME FILL-ORIGIN LEVEL: 0 DIFFERENT FILL-ORIGIN LEVEL: 0
STLB AVERAGE MISS LATENCY:    68.9076 cycles AVERAGE LOAD MISS LATENCY:       -nan cycles Load Miss          0
STLB Average MSHR Occupancy:  0.0224812
STLB RQ	ACCESS:    6630035	FORWARD:          0	MERGED:     981197	TO_CACHE:    5648838

STLB Hit, L1D data hit: 0
STLB Hit, L2C data hit: 0
STLB Hit, LLC data hit: 0
STLB Hit, LLC data miss: 0
STLB STLB hints to L2: 0
L1D TOTAL     ACCESS:   46323158  HIT:   39016835  MISS:    7306323  HIT %:    84.2275  MISS %:    15.7725   MPKI: 36.5316
L1D LOAD      ACCESS:   21881158  HIT:   19066658  MISS:    2814500  HIT %:    87.1373  MISS %:    12.8627   MPKI: 14.0725
L1D RFO       ACCESS:   21893778  HIT:   18203323  MISS:    3690455  HIT %:    83.1438  MISS %:    16.8562   MPKI: 18.4523
L1D PREFETCH  ACCESS:    2548222  HIT:    1746854  MISS:     801368  HIT %:    68.5519  MISS %:    31.4481   MPKI: 4.00684
AGUS PREFETCH L1 MISS: 0
L1D PREFETCH  REQUESTED:    7276089  ISSUED:    7158610  USEFUL:     341722  USELESS:     459661
L1D USEFUL LOAD PREFETCHES:     341722 PREFETCH ISSUED TO LOWER LEVEL:    1437610  ACCURACY: 23.7701
L1D TIMELY PREFETCHES:     341722 LATE PREFETCHES: 635253 DROPPED PREFETCHES: 0
L1D PREFETCHES SAME FILL-ORIGIN LEVEL: 1437610 DIFFERENT FILL-ORIGIN LEVEL: 0
L1D AVERAGE MISS LATENCY:    111.639 cycles AVERAGE LOAD MISS LATENCY:    25.8367 cycles Load Miss    2814500
L1D Average MSHR Occupancy:    3.76494
L1D RQ	ACCESS:   41933213	FORWARD:          0	MERGED:   19517412	TO_CACHE:   22110711
L1D WQ	ACCESS:   34256050	FORWARD:     311726	MERGED:     422695	TO_CACHE:   33833355
L1D PQ	ACCESS:    3582623	FORWARD:          0	MERGED:          0	TO_CACHE:    3575987

L1D UNIQUE REGIONS ACCESSED: 0
L1D REGIONS CONFLICTS: 0
L1D Cross Page Prefetch Requests: 0
L1D Same Page Prefetch Requests: 6872922
L1D ROI Sum of L1D PQ occupancy: 51228302
L1D PREFETCHES PUSHED FROM L2C: 0
L1I TOTAL     ACCESS:   26668129  HIT:   14197962  MISS:   12470167  HIT %:    53.2394  MISS %:    46.7606   MPKI: 62.3508
L1I LOAD      ACCESS:   26668129  HIT:   14197962  MISS:   12470167  HIT %:    53.2394  MISS %:    46.7606   MPKI: 62.3508
L1I PREFETCH  REQUESTED:          0  ISSUED:          0  USEFUL:          0  USELESS:          0
L1I USEFUL LOAD PREFETCHES:          0 PREFETCH ISSUED TO LOWER LEVEL:          0  ACCURACY: -nan
L1I TIMELY PREFETCHES:          0 LATE PREFETCHES: 0 DROPPED PREFETCHES: 0
L1I PREFETCHES SAME FILL-ORIGIN LEVEL: 0 DIFFERENT FILL-ORIGIN LEVEL: 0
L1I AVERAGE MISS LATENCY:    14.3872 cycles AVERAGE LOAD MISS LATENCY:    14.3872 cycles Load Miss   12470167
L1I Average MSHR Occupancy:   0.741653
L1I RQ	ACCESS:   49646144	FORWARD:          0	MERGED:   22106955	TO_CACHE:   27539189

BTB TOTAL     ACCESS:   25669916  HIT:   24129318  MISS:    1540598  HIT %:    93.9984  MISS %:    6.00157   MPKI: 7.70299
BTB BRANCH_DIRECT_JUMP	ACCESS:    1658010  HIT:    1648348  MISS:       9662
BTB BRANCH_INDIRECT	ACCESS:    9963533  HIT:    9451356  MISS:     512177
BTB BRANCH_CONDITIONAL	ACCESS:    7226144  HIT:    7212636  MISS:      13508
BTB BRANCH_DIRECT_CALL	ACCESS:    2819116  HIT:    2785769  MISS:      33347
BTB BRANCH_INDIRECT_CALL	ACCESS:     591955  HIT:     480956  MISS:     110999
BTB BRANCH_RETURN	ACCESS:    3411158  HIT:    2550253  MISS:     860905
BTB BRANCH_OTHER ACCESS:          0  HIT:          0  MISS:          0

L2C TOTAL     ACCESS:   24238735  HIT:   19705261  MISS:    4533474  HIT %:    81.2966  MISS %:    18.7034   MPKI: 22.6674
L2C LOAD      ACCESS:   14649143  HIT:   14015603  MISS:     633540  HIT %:    95.6752  MISS %:    4.32476   MPKI: 3.1677
L2C DATA LOAD MPKI: 3.08426
L2C INSTRUCTION LOAD MPKI: 0.08344
L2C RFO       ACCESS:    3689424  HIT:     808568  MISS:    2880856  HIT %:    21.9158  MISS %:    78.0842   MPKI: 14.4043
L2C PREFETCH  ACCESS:    1437580  HIT:     446693  MISS:     990887  HIT %:    31.0726  MISS %:    68.9274   MPKI: 4.95444
AGUS PREFETCH L1 MISS: 0
L2C DATA PREFETCH MPKI: 4.95444
L2C INSTRUCTION PREFETCH MPKI: 0
L2C WRITEBACK ACCESS:    4380518  HIT:    4379656  MISS:        862  HIT %:    99.9803  MISS %:   0.019678   MPKI: 0.00431
L2C LOAD TRANSLATION ACCESS:      82070  HIT:      54741  MISS:      27329  HIT %:    66.7004  MISS %:    33.2996   MPKI: 0.136645
L2C PREFETCH  REQUESTED:          0  ISSUED:          0  USEFUL:      28345  USELESS:     963030
L2C USEFUL LOAD PREFETCHES:      28345 PREFETCH ISSUED TO LOWER LEVEL:     990887  ACCURACY: 2.86057
L2C TIMELY PREFETCHES:      28345 LATE PREFETCHES: 0 DROPPED PREFETCHES: 0
L2C PREFETCHES SAME FILL-ORIGIN LEVEL: 0 DIFFERENT FILL-ORIGIN LEVEL: 0
L2C AVERAGE MISS LATENCY:    166.664 cycles AVERAGE LOAD MISS LATENCY:    64.6691 cycles Load Miss     633540
L2C Average MSHR Occupancy:    3.19746
L2C RQ	ACCESS:   18420961	FORWARD:          0	MERGED:          0	TO_CACHE:   18420649
L2C WQ	ACCESS:    4380518	FORWARD:        342	MERGED:          0	TO_CACHE:    4380518
L2C PQ	ACCESS:    1437610	FORWARD:          0	MERGED:          0	TO_CACHE:    1437580

L2C Instructions Evicting Data 16514
L2C Translations Evicting Data 27123
L2C Data Evicting Data 4444930
L2C Instructions Evicting Instructions 98
L2C Translations Evicting Instructions 79
L2C Data Evicting Instructions 16537
L2C Instructions Evicting Translations 76
L2C Translations Evicting Translations 127
L2C Data Evicting Translations 27128
L2C Dense regions hint from L2: 0
PSCL5 TOTAL     ACCESS:      75281  HIT:      75281  MISS:          0  HIT %:        100  MISS %:          0   MPKI: 0
PSCL5 LOAD TRANSLATION ACCESS:      75281  HIT:      75281  MISS:          0  HIT %:        100  MISS %:          0   MPKI: 0
PSCL5 PREFETCH  REQUESTED:          0  ISSUED:          0  USEFUL:          0  USELESS:          0
PSCL5 USEFUL LOAD PREFETCHES:          0 PREFETCH ISSUED TO LOWER LEVEL:          0  ACCURACY: -nan
PSCL5 TIMELY PREFETCHES:          0 LATE PREFETCHES: 0 DROPPED PREFETCHES: 0
PSCL5 PREFETCHES SAME FILL-ORIGIN LEVEL: 0 DIFFERENT FILL-ORIGIN LEVEL: 0

PSCL4 TOTAL     ACCESS:      65240  HIT:      65145  MISS:         95  HIT %:    99.8544  MISS %:   0.145616   MPKI: 0.000475
PSCL4 LOAD TRANSLATION ACCESS:      65240  HIT:      65145  MISS:         95  HIT %:    99.8544  MISS %:   0.145616   MPKI: 0.000475
PSCL4 PREFETCH  REQUESTED:          0  ISSUED:          0  USEFUL:          0  USELESS:          0
PSCL4 USEFUL LOAD PREFETCHES:          0 PREFETCH ISSUED TO LOWER LEVEL:          0  ACCURACY: -nan
PSCL4 TIMELY PREFETCHES:          0 LATE PREFETCHES: 0 DROPPED PREFETCHES: 0
PSCL4 PREFETCHES SAME FILL-ORIGIN LEVEL: 0 DIFFERENT FILL-ORIGIN LEVEL: 0

PSCL3 TOTAL     ACCESS:      74427  HIT:      74238  MISS:        189  HIT %:    99.7461  MISS %:    0.25394   MPKI: 0.000945
PSCL3 LOAD TRANSLATION ACCESS:      74427  HIT:      74238  MISS:        189  HIT %:    99.7461  MISS %:    0.25394   MPKI: 0.000945
PSCL3 PREFETCH  REQUESTED:          0  ISSUED:          0  USEFUL:          0  USELESS:          0
PSCL3 USEFUL LOAD PREFETCHES:          0 PREFETCH ISSUED TO LOWER LEVEL:          0  ACCURACY: -nan
PSCL3 TIMELY PREFETCHES:          0 LATE PREFETCHES: 0 DROPPED PREFETCHES: 0
PSCL3 PREFETCHES SAME FILL-ORIGIN LEVEL: 0 DIFFERENT FILL-ORIGIN LEVEL: 0

PSCL2 TOTAL     ACCESS:      75281  HIT:      68776  MISS:       6505  HIT %:     91.359  MISS %:    8.64096   MPKI: 0.032525
PSCL2 LOAD TRANSLATION ACCESS:      75281  HIT:      68776  MISS:       6505  HIT %:     91.359  MISS %:    8.64096   MPKI: 0.032525
PSCL2 PREFETCH  REQUESTED:          0  ISSUED:          0  USEFUL:          0  USELESS:          0
PSCL2 USEFUL LOAD PREFETCHES:          0 PREFETCH ISSUED TO LOWER LEVEL:          0  ACCURACY: -nan
PSCL2 TIMELY PREFETCHES:          0 LATE PREFETCHES: 0 DROPPED PREFETCHES: 0
PSCL2 PREFETCHES SAME FILL-ORIGIN LEVEL: 0 DIFFERENT FILL-ORIGIN LEVEL: 0

LLC TOTAL     ACCESS:    7561088  HIT:    2775196  MISS:    4785892  HIT %:    36.7037  MISS %:    63.2963   MPKI: 23.9295
LLC LOAD      ACCESS:     633539  HIT:     566768  MISS:      66771  HIT %:    89.4606  MISS %:    10.5394   MPKI: 0.333855
LLC RFO       ACCESS:    2880719  HIT:     576608  MISS:    2304111  HIT %:    20.0161  MISS %:    79.9839   MPKI: 11.5206
LLC PREFETCH  ACCESS:     990886  HIT:     904239  MISS:      86647  HIT %:    91.2556  MISS %:     8.7444   MPKI: 0.433235
AGUS PREFETCH L1 MISS: 0
LLC WRITEBACK ACCESS:    3028615  HIT:     708577  MISS:    2320038  HIT %:    23.3961  MISS %:    76.6039   MPKI: 11.6002
LLC LOAD TRANSLATION ACCESS:      27329  HIT:      19004  MISS:       8325  HIT %:    69.5379  MISS %:    30.4621   MPKI: 0.041625
LLC PREFETCH  REQUESTED:          0  ISSUED:          0  USEFUL:      22096  USELESS:      43303
LLC USEFUL LOAD PREFETCHES:      22096 PREFETCH ISSUED TO LOWER LEVEL:      86647  ACCURACY: 25.5012
LLC TIMELY PREFETCHES:      22096 LATE PREFETCHES: 0 DROPPED PREFETCHES: 0
LLC PREFETCHES SAME FILL-ORIGIN LEVEL: 0 DIFFERENT FILL-ORIGIN LEVEL: 0
LLC AVERAGE MISS LATENCY:    115.256 cycles AVERAGE LOAD MISS LATENCY:    186.624 cycles Load Miss      66771
LLC Average MSHR Occupancy:    2.32988
LLC RQ	ACCESS:    3541736	FORWARD:          0	MERGED:          0	TO_CACHE:    3541598
LLC WQ	ACCESS:    3028617	FORWARD:        139	MERGED:          0	TO_CACHE:    3028617
LLC PQ	ACCESS:     990887	FORWARD:          0	MERGED:          0	TO_CACHE:     990886

LLC Dense regions hint to LLC: 0

RAW hits: 5782058
Loads Generated: 47715273
Loads sent to L1D: 41933213
Stores Generated: 34256026
Stores sent to L1D: 34256050
Major fault: 0 Minor fault: 8372
Allocated PAGES: 8372

stream: 
stream:times selected: 8468335
stream:pref_filled: 654380
stream:pref_useful: 129342
stream:pref_late: 39224
stream:misses: 182964
stream:misses_by_poll: 0

CS: 
CS:times selected: 5295213
CS:pref_filled: 1489942
CS:pref_useful: 1408037
CS:pref_late: 615441
CS:misses: 955461
CS:misses_by_poll: 1091

CPLX: 
CPLX:times selected: 3077997
CPLX:pref_filled: 276373
CPLX:pref_useful: 47404
CPLX:pref_late: 5764
CPLX:misses: 697976
CPLX:misses_by_poll: 194

NL_L1: 
NL:times selected: 11096
NL:pref_filled: 4329
NL:pref_useful: 294
NL:pref_late: 141
NL:misses: 4320
NL:misses_by_poll: 0

total selections: 16852641
total_filled: 801368
total_useful: 341722
total_late: 690768
total_polluted: 1285
total_misses_after_warmup: 3044052
conflicts: 6429949
Degree Incremented Times: 162185
Degree Decremented Times: 537341

L1 IP Table Write Accesses: 14598214
L1 IP Table Read Accesses: 8168265
L1 RST Write Accesses: 4772936
L1 RST Read Accesses: 9545872
L1 CSPT Write Accesses: 4772936
L1 CSPT Read Accesses: 6428580
L1 RR Filter Tag Write Accesses: 3700102
L1 RR Filter Tag Read Accesses: 449001672
L1 IP Table Tag Write Accesses: 22110710
L1 IP Table Tag Read Accesses: 22110710
L1 RST Tag Write Accesses: 0
L1 RST Tag Read Accesses: 42504509
L1 RR Filter Write Accesses: 0
L1 RR Filter Read Accesses: 14551908
test: 1392783
================ Mockingjay (LLC) Pollution Stats ================
Total pollution count in LLC: 4098
==================================================================

DRAM Statistics
 CHANNEL 0
 RQ ROW_BUFFER_HIT:    1667510  ROW_BUFFER_MISS:     798323
 DBUS_CONGESTED:       1715
 WQ ROW_BUFFER_HIT:     669197  ROW_BUFFER_MISS:    1674856  FULL:     124894

 AVG_CONGESTED_CYCLE: 4
 All warmup complete: 2
Channel 0 Bank busy for read cycles: 0
Channel 0 Bank busy for write cycles: 0
Channel 0
Rank 0
0banks busy for read cycles: 113649894
0banks busy for write cycles: 172354
1banks busy for read cycles: 13758562
1banks busy for write cycles: 23444880
2banks busy for read cycles: 4314665
2banks busy for write cycles: 7518027
3banks busy for read cycles: 3676766
3banks busy for write cycles: 3677940
4banks busy for read cycles: 5843059
4banks busy for write cycles: 2978091
5banks busy for read cycles: 1732904
5banks busy for write cycles: 3180571
6banks busy for read cycles: 2070136
6banks busy for write cycles: 3764732
7banks busy for read cycles: 3198124
7banks busy for write cycles: 6054898
8banks busy for read cycles: 13525824
8banks busy for write cycles: 23132248

CPU 0 Branch Prediction Accuracy: 99.9538% MPKI: 0.070455 Average ROB Occupancy at Mispredict: 211.283
Branch types
NOT_BRANCH: 169468082 84.734%
BRANCH_DIRECT_JUMP: 1658010 0.829005%
BRANCH_INDIRECT: 9963533 4.98177%
BRANCH_CONDITIONAL: 12087990 6.04399%
BRANCH_DIRECT_CALL: 2819116 1.40956%
BRANCH_INDIRECT_CALL: 591955 0.295978%
BRANCH_RETURN: 3411158 1.70558%
BRANCH_OTHER: 0 0%

===================== LRU L1D STATS =====================
Total pollution count in L1D: 721435
=========================================================
================ SRRIP (L2C) Pollution Stats ================
Total pollution count in L2c: 989333
==================================================================
DRAM PAGES: 1048576
Allocated PAGES: 8372
