
*** ChampSim Multicore Out-of-Order Simulator ***

Warmup Instructions: 200000000
Simulation Instructions: 200000000
Number of CPUs: 1
LLC sets: 4096
LLC ways: 12
Off-chip DRAM Size: 4096 MB Channels: 1 Width: 64-bit Data Rate: 6400 MT/s
CPU 0 runs /home1/sweta/traces/qualcomm_traces/srv_64.champsimtrace.xz
.xz
BTB has LRU replacement policy
ITLB has LRU replacement policy
DTLB has LRU replacement policy
STLB has LRU replacement policy
L1I has LRU replacement policy
IP Table Entries: 1024
CSPT Entries: 128
RR_ENTRIES: 32
RST_ENTRIES: 8
L1D has LRU replacement policy
Initialize SRRIP state for L2C
Initialize Mockingjay state for LLC
Heartbeat CPU 0 instructions: 10000006 cycles: 1910342 heartbeat IPC: 5.23467 cumulative IPC: 5.23467 (Simulation time: 0 hr 0 min 28 sec) 
Heartbeat CPU 0 instructions: 20000006 cycles: 3824717 heartbeat IPC: 5.22364 cumulative IPC: 5.22915 (Simulation time: 0 hr 0 min 56 sec) 
Heartbeat CPU 0 instructions: 30000001 cycles: 5741103 heartbeat IPC: 5.21815 cumulative IPC: 5.22548 (Simulation time: 0 hr 1 min 22 sec) 
*** Reached end of trace for Core: 0 Repeating trace: /home1/sweta/traces/qualcomm_traces/srv_64.champsimtrace.xz
Heartbeat CPU 0 instructions: 40000001 cycles: 7649593 heartbeat IPC: 5.23974 cumulative IPC: 5.22904 (Simulation time: 0 hr 1 min 49 sec) 
Heartbeat CPU 0 instructions: 50000003 cycles: 9564582 heartbeat IPC: 5.22196 cumulative IPC: 5.22762 (Simulation time: 0 hr 2 min 15 sec) 
Heartbeat CPU 0 instructions: 60000005 cycles: 11479230 heartbeat IPC: 5.22289 cumulative IPC: 5.22683 (Simulation time: 0 hr 2 min 41 sec) 
*** Reached end of trace for Core: 0 Repeating trace: /home1/sweta/traces/qualcomm_traces/srv_64.champsimtrace.xz
Heartbeat CPU 0 instructions: 70000002 cycles: 13388478 heartbeat IPC: 5.23766 cumulative IPC: 5.22838 (Simulation time: 0 hr 3 min 6 sec) 
Heartbeat CPU 0 instructions: 80000007 cycles: 15300831 heartbeat IPC: 5.22916 cumulative IPC: 5.22847 (Simulation time: 0 hr 3 min 31 sec) 
Heartbeat CPU 0 instructions: 90000000 cycles: 17209909 heartbeat IPC: 5.23813 cumulative IPC: 5.22955 (Simulation time: 0 hr 3 min 56 sec) 
*** Reached end of trace for Core: 0 Repeating trace: /home1/sweta/traces/qualcomm_traces/srv_64.champsimtrace.xz
Heartbeat CPU 0 instructions: 100000000 cycles: 19125584 heartbeat IPC: 5.22009 cumulative IPC: 5.2286 (Simulation time: 0 hr 4 min 21 sec) 
Heartbeat CPU 0 instructions: 110000000 cycles: 21038913 heartbeat IPC: 5.22649 cumulative IPC: 5.22841 (Simulation time: 0 hr 4 min 46 sec) 
Heartbeat CPU 0 instructions: 120000004 cycles: 22948090 heartbeat IPC: 5.23786 cumulative IPC: 5.22919 (Simulation time: 0 hr 5 min 11 sec) 
*** Reached end of trace for Core: 0 Repeating trace: /home1/sweta/traces/qualcomm_traces/srv_64.champsimtrace.xz
Heartbeat CPU 0 instructions: 130000001 cycles: 24863130 heartbeat IPC: 5.22182 cumulative IPC: 5.22863 (Simulation time: 0 hr 5 min 36 sec) 
Heartbeat CPU 0 instructions: 140000003 cycles: 26777336 heartbeat IPC: 5.2241 cumulative IPC: 5.2283 (Simulation time: 0 hr 6 min 1 sec) 
Heartbeat CPU 0 instructions: 150000001 cycles: 28687626 heartbeat IPC: 5.23481 cumulative IPC: 5.22874 (Simulation time: 0 hr 6 min 26 sec) 
*** Reached end of trace for Core: 0 Repeating trace: /home1/sweta/traces/qualcomm_traces/srv_64.champsimtrace.xz
Heartbeat CPU 0 instructions: 160000007 cycles: 30603046 heartbeat IPC: 5.22079 cumulative IPC: 5.22824 (Simulation time: 0 hr 6 min 51 sec) 
Heartbeat CPU 0 instructions: 170000004 cycles: 32514630 heartbeat IPC: 5.23126 cumulative IPC: 5.22842 (Simulation time: 0 hr 7 min 15 sec) 
Heartbeat CPU 0 instructions: 180000000 cycles: 34423638 heartbeat IPC: 5.23832 cumulative IPC: 5.22897 (Simulation time: 0 hr 7 min 39 sec) 
*** Reached end of trace for Core: 0 Repeating trace: /home1/sweta/traces/qualcomm_traces/srv_64.champsimtrace.xz
Heartbeat CPU 0 instructions: 190000000 cycles: 36337029 heartbeat IPC: 5.22632 cumulative IPC: 5.22883 (Simulation time: 0 hr 8 min 3 sec) 
Heartbeat CPU 0 instructions: 200000006 cycles: 38250684 heartbeat IPC: 5.22561 cumulative IPC: 5.22866 (Simulation time: 0 hr 8 min 27 sec) 

Warmup complete CPU 0 instructions: 200000006 cycles: 38250684 (Simulation time: 0 hr 8 min 27 sec) 

Heartbeat CPU 0 instructions: 210000007 cycles: 53499937 heartbeat IPC: 0.65577 cumulative IPC: 0.65577 (Simulation time: 0 hr 8 min 52 sec) 
*** Reached end of trace for Core: 0 Repeating trace: /home1/sweta/traces/qualcomm_traces/srv_64.champsimtrace.xz
Heartbeat CPU 0 instructions: 220000001 cycles: 68828165 heartbeat IPC: 0.652391 cumulative IPC: 0.654076 (Simulation time: 0 hr 9 min 19 sec) 
Heartbeat CPU 0 instructions: 230000000 cycles: 83754522 heartbeat IPC: 0.669956 cumulative IPC: 0.659285 (Simulation time: 0 hr 9 min 45 sec) 
Heartbeat CPU 0 instructions: 240000004 cycles: 98848366 heartbeat IPC: 0.662522 cumulative IPC: 0.660091 (Simulation time: 0 hr 10 min 12 sec) 
*** Reached end of trace for Core: 0 Repeating trace: /home1/sweta/traces/qualcomm_traces/srv_64.champsimtrace.xz
Heartbeat CPU 0 instructions: 250000004 cycles: 114101240 heartbeat IPC: 0.655614 cumulative IPC: 0.659191 (Simulation time: 0 hr 10 min 40 sec) 
Heartbeat CPU 0 instructions: 260000001 cycles: 129164768 heartbeat IPC: 0.663855 cumulative IPC: 0.659964 (Simulation time: 0 hr 11 min 7 sec) 
Heartbeat CPU 0 instructions: 270000000 cycles: 144154013 heartbeat IPC: 0.667145 cumulative IPC: 0.66098 (Simulation time: 0 hr 11 min 34 sec) 
*** Reached end of trace for Core: 0 Repeating trace: /home1/sweta/traces/qualcomm_traces/srv_64.champsimtrace.xz
Heartbeat CPU 0 instructions: 280000005 cycles: 159548067 heartbeat IPC: 0.649602 cumulative IPC: 0.659536 (Simulation time: 0 hr 12 min 0 sec) 
Heartbeat CPU 0 instructions: 290000002 cycles: 174513019 heartbeat IPC: 0.668228 cumulative IPC: 0.660491 (Simulation time: 0 hr 12 min 25 sec) 
Heartbeat CPU 0 instructions: 300000007 cycles: 189420461 heartbeat IPC: 0.670806 cumulative IPC: 0.661508 (Simulation time: 0 hr 12 min 51 sec) 
*** Reached end of trace for Core: 0 Repeating trace: /home1/sweta/traces/qualcomm_traces/srv_64.champsimtrace.xz
Heartbeat CPU 0 instructions: 310000000 cycles: 204746670 heartbeat IPC: 0.652477 cumulative IPC: 0.660677 (Simulation time: 0 hr 13 min 16 sec) 
Heartbeat CPU 0 instructions: 320000002 cycles: 219448044 heartbeat IPC: 0.680209 cumulative IPC: 0.662261 (Simulation time: 0 hr 13 min 41 sec) 
Heartbeat CPU 0 instructions: 330000007 cycles: 234618297 heartbeat IPC: 0.659185 cumulative IPC: 0.662024 (Simulation time: 0 hr 14 min 5 sec) 
*** Reached end of trace for Core: 0 Repeating trace: /home1/sweta/traces/qualcomm_traces/srv_64.champsimtrace.xz
Heartbeat CPU 0 instructions: 340000002 cycles: 250020430 heartbeat IPC: 0.64926 cumulative IPC: 0.661095 (Simulation time: 0 hr 14 min 29 sec) 
Heartbeat CPU 0 instructions: 350000002 cycles: 264735557 heartbeat IPC: 0.679573 cumulative IPC: 0.662296 (Simulation time: 0 hr 14 min 53 sec) 
Heartbeat CPU 0 instructions: 360000000 cycles: 279989953 heartbeat IPC: 0.655549 cumulative IPC: 0.66187 (Simulation time: 0 hr 15 min 16 sec) 
Heartbeat CPU 0 instructions: 370000003 cycles: 295124546 heartbeat IPC: 0.660738 cumulative IPC: 0.661803 (Simulation time: 0 hr 15 min 39 sec) 
*** Reached end of trace for Core: 0 Repeating trace: /home1/sweta/traces/qualcomm_traces/srv_64.champsimtrace.xz
Heartbeat CPU 0 instructions: 380000000 cycles: 310066701 heartbeat IPC: 0.669247 cumulative IPC: 0.662213 (Simulation time: 0 hr 16 min 2 sec) 
Heartbeat CPU 0 instructions: 390000006 cycles: 325244643 heartbeat IPC: 0.658851 cumulative IPC: 0.662035 (Simulation time: 0 hr 16 min 25 sec) 
Heartbeat CPU 0 instructions: 400000006 cycles: 340473770 heartbeat IPC: 0.656636 cumulative IPC: 0.661763 (Simulation time: 0 hr 16 min 49 sec) 
Finished CPU 0 instructions: 200000000 cycles: 302223086 cumulative IPC: 0.661763 (Simulation time: 0 hr 16 min 49 sec) 

ChampSim completed all CPUs

Region of Interest Statistics

CPU 0 cumulative IPC: 0.661763 instructions: 200000000 cycles: 302223086
ITLB TOTAL     ACCESS:   21993393  HIT:   21195270  MISS:     798123  HIT %:    96.3711  MISS %:    3.62892   MPKI: 3.99062
ITLB LOAD TRANSLATION ACCESS:   21993393  HIT:   21195270  MISS:     798123  HIT %:    96.3711  MISS %:    3.62892   MPKI: 3.99062
ITLB PREFETCH  REQUESTED:          0  ISSUED:          0  USEFUL:          0  USELESS:          0
ITLB USEFUL LOAD PREFETCHES:          0 PREFETCH ISSUED TO LOWER LEVEL:          0  ACCURACY: -nan
ITLB TIMELY PREFETCHES:          0 LATE PREFETCHES: 0 DROPPED PREFETCHES: 0
ITLB PREFETCHES SAME FILL-ORIGIN LEVEL: 0 DIFFERENT FILL-ORIGIN LEVEL: 0
ITLB AVERAGE MISS LATENCY:    11.9736 cycles AVERAGE LOAD MISS LATENCY:       -nan cycles Load Miss          0
ITLB Average MSHR Occupancy:  0.0302996
ITLB RQ	ACCESS:   25648878	FORWARD:          0	MERGED:    2986465	TO_CACHE:   22662413

DTLB TOTAL     ACCESS:   32046073  HIT:   29422039  MISS:    2624034  HIT %:    91.8117  MISS %:    8.18832   MPKI: 13.1202
DTLB LOAD TRANSLATION ACCESS:   32046073  HIT:   29422039  MISS:    2624034  HIT %:    91.8117  MISS %:    8.18832   MPKI: 13.1202
DTLB PREFETCH  REQUESTED:          0  ISSUED:          0  USEFUL:          0  USELESS:          0
DTLB USEFUL LOAD PREFETCHES:          0 PREFETCH ISSUED TO LOWER LEVEL:          0  ACCURACY: -nan
DTLB TIMELY PREFETCHES:          0 LATE PREFETCHES: 0 DROPPED PREFETCHES: 0
DTLB PREFETCHES SAME FILL-ORIGIN LEVEL: 0 DIFFERENT FILL-ORIGIN LEVEL: 0
DTLB AVERAGE MISS LATENCY:    11.5463 cycles AVERAGE LOAD MISS LATENCY:       -nan cycles Load Miss          0
DTLB Average MSHR Occupancy:  0.0954542
DTLB RQ	ACCESS:   43560081	FORWARD:          0	MERGED:   11333539	TO_CACHE:   32226542

STLB TOTAL     ACCESS:    4313969  HIT:    3994652  MISS:     319317  HIT %:    92.5981  MISS %:    7.40193   MPKI: 1.59658
STLB LOAD TRANSLATION ACCESS:    3422157  HIT:    3102840  MISS:     319317  HIT %:    90.6691  MISS %:    9.33087   MPKI: 1.59658
STLB TRANSLATION FROM L1D PREFETCHER ACCESS:     891812  HIT:     891812  MISS:          0  HIT %:        100  MISS %:          0   MPKI: 0
STLB PREFETCH  REQUESTED:          0  ISSUED:          0  USEFUL:          0  USELESS:          0
STLB USEFUL LOAD PREFETCHES:          0 PREFETCH ISSUED TO LOWER LEVEL:          0  ACCURACY: -nan
STLB TIMELY PREFETCHES:          0 LATE PREFETCHES: 0 DROPPED PREFETCHES: 0
STLB PREFETCHES SAME FILL-ORIGIN LEVEL: 0 DIFFERENT FILL-ORIGIN LEVEL: 0
STLB AVERAGE MISS LATENCY:    28.0306 cycles AVERAGE LOAD MISS LATENCY:       -nan cycles Load Miss          0
STLB Average MSHR Occupancy:  0.0315812
STLB RQ	ACCESS:    4592629	FORWARD:          0	MERGED:     278660	TO_CACHE:    4313969

STLB Hit, L1D data hit: 0
STLB Hit, L2C data hit: 0
STLB Hit, LLC data hit: 0
STLB Hit, LLC data miss: 0
STLB STLB hints to L2: 0
L1D TOTAL     ACCESS:   44248631  HIT:   41345723  MISS:    2902908  HIT %:    93.4396  MISS %:    6.56045   MPKI: 14.5145
L1D LOAD      ACCESS:   24011405  HIT:   21931208  MISS:    2080197  HIT %:    91.3366  MISS %:    8.66337   MPKI: 10.401
L1D RFO       ACCESS:   19114702  HIT:   18785138  MISS:     329564  HIT %:    98.2759  MISS %:    1.72414   MPKI: 1.64782
L1D PREFETCH  ACCESS:    1122524  HIT:     629377  MISS:     493147  HIT %:     56.068  MISS %:     43.932   MPKI: 2.46574
AGUS PREFETCH L1 MISS: 0
L1D PREFETCH  REQUESTED:    2343485  ISSUED:    2342424  USEFUL:     126189  USELESS:     366953
L1D USEFUL LOAD PREFETCHES:     126189 PREFETCH ISSUED TO LOWER LEVEL:     504307  ACCURACY: 25.0223
L1D TIMELY PREFETCHES:     126189 LATE PREFETCHES: 9998 DROPPED PREFETCHES: 0
L1D PREFETCHES SAME FILL-ORIGIN LEVEL: 504307 DIFFERENT FILL-ORIGIN LEVEL: 0
L1D AVERAGE MISS LATENCY:    25.7331 cycles AVERAGE LOAD MISS LATENCY:    22.9101 cycles Load Miss    2080197
L1D Average MSHR Occupancy:   0.271682
L1D RQ	ACCESS:   39948312	FORWARD:          0	MERGED:   15521834	TO_CACHE:   24069427
L1D WQ	ACCESS:   20141554	FORWARD:     358531	MERGED:     650900	TO_CACHE:   19490654
L1D PQ	ACCESS:    1171952	FORWARD:          0	MERGED:          0	TO_CACHE:    1170472

L1D UNIQUE REGIONS ACCESSED: 0
L1D REGIONS CONFLICTS: 0
L1D Cross Page Prefetch Requests: 0
L1D Same Page Prefetch Requests: 2355279
L1D ROI Sum of L1D PQ occupancy: 15159536
L1D PREFETCHES PUSHED FROM L2C: 0
L1I TOTAL     ACCESS:   24909819  HIT:    9255551  MISS:   15654268  HIT %:    37.1562  MISS %:    62.8438   MPKI: 78.2713
L1I LOAD      ACCESS:   24909819  HIT:    9255551  MISS:   15654268  HIT %:    37.1562  MISS %:    62.8438   MPKI: 78.2713
L1I PREFETCH  REQUESTED:          0  ISSUED:          0  USEFUL:          0  USELESS:          0
L1I USEFUL LOAD PREFETCHES:          0 PREFETCH ISSUED TO LOWER LEVEL:          0  ACCURACY: -nan
L1I TIMELY PREFETCHES:          0 LATE PREFETCHES: 0 DROPPED PREFETCHES: 0
L1I PREFETCHES SAME FILL-ORIGIN LEVEL: 0 DIFFERENT FILL-ORIGIN LEVEL: 0
L1I AVERAGE MISS LATENCY:    14.1725 cycles AVERAGE LOAD MISS LATENCY:    14.1725 cycles Load Miss   15654268
L1I Average MSHR Occupancy:   0.710549
L1I RQ	ACCESS:   48001260	FORWARD:          0	MERGED:   22352382	TO_CACHE:   25648878

BTB TOTAL     ACCESS:   22124154  HIT:   17903561  MISS:    4220593  HIT %:    80.9231  MISS %:    19.0769   MPKI: 21.103
BTB BRANCH_DIRECT_JUMP	ACCESS:    1749376  HIT:    1515691  MISS:     233685
BTB BRANCH_INDIRECT	ACCESS:    9525944  HIT:    7478627  MISS:    2047317
BTB BRANCH_CONDITIONAL	ACCESS:    4523370  HIT:    4140379  MISS:     382991
BTB BRANCH_DIRECT_CALL	ACCESS:    2479040  HIT:    2022499  MISS:     456541
BTB BRANCH_INDIRECT_CALL	ACCESS:     683298  HIT:     643561  MISS:      39737
BTB BRANCH_RETURN	ACCESS:    3163126  HIT:    2102804  MISS:    1060322
BTB BRANCH_OTHER ACCESS:          0  HIT:          0  MISS:          0

L2C TOTAL     ACCESS:   20020015  HIT:   19632588  MISS:     387427  HIT %:    98.0648  MISS %:     1.9352   MPKI: 1.93714
L2C LOAD      ACCESS:   17724418  HIT:   17509671  MISS:     214747  HIT %:    98.7884  MISS %:    1.21159   MPKI: 1.07374
L2C DATA LOAD MPKI: 1.01239
L2C INSTRUCTION LOAD MPKI: 0.06134
L2C RFO       ACCESS:     328397  HIT:     285483  MISS:      42914  HIT %:    86.9323  MISS %:    13.0677   MPKI: 0.21457
L2C PREFETCH  ACCESS:     504301  HIT:     392614  MISS:     111687  HIT %:    77.8531  MISS %:    22.1469   MPKI: 0.558435
AGUS PREFETCH L1 MISS: 0
L2C DATA PREFETCH MPKI: 0.558435
L2C INSTRUCTION PREFETCH MPKI: 0
L2C WRITEBACK ACCESS:    1039171  HIT:    1039107  MISS:         64  HIT %:    99.9938  MISS %: 0.00615876   MPKI: 0.00032
L2C LOAD TRANSLATION ACCESS:     423728  HIT:     405713  MISS:      18015  HIT %:    95.7485  MISS %:    4.25155   MPKI: 0.090075
L2C PREFETCH  REQUESTED:          0  ISSUED:          0  USEFUL:      12078  USELESS:      99824
L2C USEFUL LOAD PREFETCHES:      12078 PREFETCH ISSUED TO LOWER LEVEL:     111687  ACCURACY: 10.8142
L2C TIMELY PREFETCHES:      12078 LATE PREFETCHES: 0 DROPPED PREFETCHES: 0
L2C PREFETCHES SAME FILL-ORIGIN LEVEL: 0 DIFFERENT FILL-ORIGIN LEVEL: 0
L2C AVERAGE MISS LATENCY:    88.0267 cycles AVERAGE LOAD MISS LATENCY:    80.9244 cycles Load Miss     214747
L2C Average MSHR Occupancy:    0.11221
L2C RQ	ACCESS:   18476596	FORWARD:          0	MERGED:          0	TO_CACHE:   18476543
L2C WQ	ACCESS:    1039171	FORWARD:         59	MERGED:          0	TO_CACHE:    1039171
L2C PQ	ACCESS:     504307	FORWARD:          0	MERGED:          0	TO_CACHE:     504301

L2C Instructions Evicting Data 11224
L2C Translations Evicting Data 16602
L2C Data Evicting Data 329351
L2C Instructions Evicting Instructions 430
L2C Translations Evicting Instructions 547
L2C Data Evicting Instructions 11177
L2C Instructions Evicting Translations 614
L2C Translations Evicting Translations 866
L2C Data Evicting Translations 16552
L2C Dense regions hint from L2: 0
PSCL5 TOTAL     ACCESS:     319317  HIT:     319317  MISS:          0  HIT %:        100  MISS %:          0   MPKI: 0
PSCL5 LOAD TRANSLATION ACCESS:     319317  HIT:     319317  MISS:          0  HIT %:        100  MISS %:          0   MPKI: 0
PSCL5 PREFETCH  REQUESTED:          0  ISSUED:          0  USEFUL:          0  USELESS:          0
PSCL5 USEFUL LOAD PREFETCHES:          0 PREFETCH ISSUED TO LOWER LEVEL:          0  ACCURACY: -nan
PSCL5 TIMELY PREFETCHES:          0 LATE PREFETCHES: 0 DROPPED PREFETCHES: 0
PSCL5 PREFETCHES SAME FILL-ORIGIN LEVEL: 0 DIFFERENT FILL-ORIGIN LEVEL: 0

PSCL4 TOTAL     ACCESS:     313106  HIT:     311576  MISS:       1530  HIT %:    99.5113  MISS %:   0.488652   MPKI: 0.00765
PSCL4 LOAD TRANSLATION ACCESS:     313106  HIT:     311576  MISS:       1530  HIT %:    99.5113  MISS %:   0.488652   MPKI: 0.00765
PSCL4 PREFETCH  REQUESTED:          0  ISSUED:          0  USEFUL:          0  USELESS:          0
PSCL4 USEFUL LOAD PREFETCHES:          0 PREFETCH ISSUED TO LOWER LEVEL:          0  ACCURACY: -nan
PSCL4 TIMELY PREFETCHES:          0 LATE PREFETCHES: 0 DROPPED PREFETCHES: 0
PSCL4 PREFETCHES SAME FILL-ORIGIN LEVEL: 0 DIFFERENT FILL-ORIGIN LEVEL: 0

PSCL3 TOTAL     ACCESS:     318322  HIT:     316792  MISS:       1530  HIT %:    99.5194  MISS %:   0.480645   MPKI: 0.00765
PSCL3 LOAD TRANSLATION ACCESS:     318322  HIT:     316792  MISS:       1530  HIT %:    99.5194  MISS %:   0.480645   MPKI: 0.00765
PSCL3 PREFETCH  REQUESTED:          0  ISSUED:          0  USEFUL:          0  USELESS:          0
PSCL3 USEFUL LOAD PREFETCHES:          0 PREFETCH ISSUED TO LOWER LEVEL:          0  ACCURACY: -nan
PSCL3 TIMELY PREFETCHES:          0 LATE PREFETCHES: 0 DROPPED PREFETCHES: 0
PSCL3 PREFETCHES SAME FILL-ORIGIN LEVEL: 0 DIFFERENT FILL-ORIGIN LEVEL: 0

PSCL2 TOTAL     ACCESS:     319317  HIT:     217966  MISS:     101351  HIT %:    68.2601  MISS %:    31.7399   MPKI: 0.506755
PSCL2 LOAD TRANSLATION ACCESS:     319317  HIT:     217966  MISS:     101351  HIT %:    68.2601  MISS %:    31.7399   MPKI: 0.506755
PSCL2 PREFETCH  REQUESTED:          0  ISSUED:          0  USEFUL:          0  USELESS:          0
PSCL2 USEFUL LOAD PREFETCHES:          0 PREFETCH ISSUED TO LOWER LEVEL:          0  ACCURACY: -nan
PSCL2 TIMELY PREFETCHES:          0 LATE PREFETCHES: 0 DROPPED PREFETCHES: 0
PSCL2 PREFETCHES SAME FILL-ORIGIN LEVEL: 0 DIFFERENT FILL-ORIGIN LEVEL: 0

LLC TOTAL     ACCESS:     605221  HIT:     466945  MISS:     138276  HIT %:    77.1528  MISS %:    22.8472   MPKI: 0.69138
LLC LOAD      ACCESS:     214747  HIT:     167153  MISS:      47594  HIT %:    77.8372  MISS %:    22.1628   MPKI: 0.23797
LLC RFO       ACCESS:      42914  HIT:      36599  MISS:       6315  HIT %:    85.2845  MISS %:    14.7155   MPKI: 0.031575
LLC PREFETCH  ACCESS:     111687  HIT:      66621  MISS:      45066  HIT %:    59.6497  MISS %:    40.3503   MPKI: 0.22533
AGUS PREFETCH L1 MISS: 0
LLC WRITEBACK ACCESS:     217858  HIT:     181348  MISS:      36510  HIT %:    83.2414  MISS %:    16.7586   MPKI: 0.18255
LLC LOAD TRANSLATION ACCESS:      18015  HIT:      15224  MISS:       2791  HIT %:    84.5074  MISS %:    15.4926   MPKI: 0.013955
LLC PREFETCH  REQUESTED:          0  ISSUED:          0  USEFUL:       1020  USELESS:      26000
LLC USEFUL LOAD PREFETCHES:       1020 PREFETCH ISSUED TO LOWER LEVEL:      45066  ACCURACY: 2.26335
LLC TIMELY PREFETCHES:       1020 LATE PREFETCHES: 0 DROPPED PREFETCHES: 0
LLC PREFETCHES SAME FILL-ORIGIN LEVEL: 0 DIFFERENT FILL-ORIGIN LEVEL: 0
LLC AVERAGE MISS LATENCY:    120.572 cycles AVERAGE LOAD MISS LATENCY:    162.091 cycles Load Miss      47594
LLC Average MSHR Occupancy:  0.0548285
LLC RQ	ACCESS:     275676	FORWARD:          0	MERGED:          0	TO_CACHE:     275676
LLC WQ	ACCESS:     217858	FORWARD:          0	MERGED:          0	TO_CACHE:     217858
LLC PQ	ACCESS:     111687	FORWARD:          0	MERGED:          0	TO_CACHE:     111687

LLC Dense regions hint to LLC: 0

RAW hits: 4859991
Loads Generated: 44808302
Loads sent to L1D: 39948312
Stores Generated: 20141548
Stores sent to L1D: 20141554
Major fault: 0 Minor fault: 5806
Allocated PAGES: 5806

stream: 
stream:times selected: 3389258
stream:pref_filled: 653817
stream:pref_useful: 174917
stream:pref_late: 22025
stream:misses: 87431
stream:misses_by_poll: 0

CS: 
CS:times selected: 164281
CS:pref_filled: 72344
CS:pref_useful: 37679
CS:pref_late: 1163
CS:misses: 5728
CS:misses_by_poll: 0

CPLX: 
CPLX:times selected: 3168909
CPLX:pref_filled: 267203
CPLX:pref_useful: 39985
CPLX:pref_late: 2129
CPLX:misses: 315577
CPLX:misses_by_poll: 14

NL_L1: 
NL:times selected: 25628
NL:pref_filled: 8355
NL:pref_useful: 1625
NL:pref_late: 240
NL:misses: 3341
NL:misses_by_poll: 0

total selections: 6748076
total_filled: 493147
total_useful: 126189
total_late: 25980
total_polluted: 14
total_misses_after_warmup: 2138223
conflicts: 5521483
Degree Incremented Times: 0
Degree Decremented Times: 549755

L1 IP Table Write Accesses: 16973412
L1 IP Table Read Accesses: 11451929
L1 RST Write Accesses: 1669152
L1 RST Read Accesses: 3338304
L1 CSPT Write Accesses: 1669152
L1 CSPT Read Accesses: 3232080
L1 RR Filter Tag Write Accesses: 1173013
L1 RR Filter Tag Read Accesses: 63162662
L1 IP Table Tag Write Accesses: 24069431
L1 IP Table Tag Read Accesses: 24069431
L1 RST Tag Write Accesses: 0
L1 RST Tag Read Accesses: 15981918
L1 RR Filter Write Accesses: 0
L1 RR Filter Read Accesses: 2298283
test: 1061640
================ Mockingjay (LLC) Pollution Stats ================
Total pollution count in LLC: 19169
==================================================================

DRAM Statistics
 CHANNEL 0
 RQ ROW_BUFFER_HIT:      23100  ROW_BUFFER_MISS:      78666
 DBUS_CONGESTED:        100
 WQ ROW_BUFFER_HIT:       6285  ROW_BUFFER_MISS:      57441  FULL:          0

 AVG_CONGESTED_CYCLE: 3
 All warmup complete: 2
Channel 0 Bank busy for read cycles: 0
Channel 0 Bank busy for write cycles: 0
Channel 0
Rank 0
0banks busy for read cycles: 283187882
0banks busy for write cycles: 44347
1banks busy for read cycles: 9315115
1banks busy for write cycles: 6479797
2banks busy for read cycles: 1303185
2banks busy for write cycles: 1067001
3banks busy for read cycles: 263888
3banks busy for write cycles: 314052
4banks busy for read cycles: 47921
4banks busy for write cycles: 114339
5banks busy for read cycles: 8195
5banks busy for write cycles: 45714
6banks busy for read cycles: 1157
6banks busy for write cycles: 21971
7banks busy for read cycles: 359
7banks busy for write cycles: 6671
8banks busy for read cycles: 0
8banks busy for write cycles: 1493

CPU 0 Branch Prediction Accuracy: 99.8953% MPKI: 0.18789 Average ROB Occupancy at Mispredict: 108.206
Branch types
NOT_BRANCH: 164120294 82.0601%
BRANCH_DIRECT_JUMP: 1749376 0.874688%
BRANCH_INDIRECT: 9525944 4.76297%
BRANCH_CONDITIONAL: 18278404 9.1392%
BRANCH_DIRECT_CALL: 2479040 1.23952%
BRANCH_INDIRECT_CALL: 683298 0.341649%
BRANCH_RETURN: 3163126 1.58156%
BRANCH_OTHER: 0 0%

===================== LRU L1D STATS =====================
Total pollution count in L1D: 754892
=========================================================
================ SRRIP (L2C) Pollution Stats ================
Total pollution count in L2c: 401092
==================================================================
DRAM PAGES: 1048576
Allocated PAGES: 5806
