
*** ChampSim Multicore Out-of-Order Simulator ***

Warmup Instructions: 200000000
Simulation Instructions: 200000000
Number of CPUs: 1
LLC sets: 4096
LLC ways: 12
Off-chip DRAM Size: 4096 MB Channels: 1 Width: 64-bit Data Rate: 6400 MT/s
CPU 0 runs /home1/sweta/traces/qualcomm_traces/server_015.champsimtrace.xz
.xz
BTB has LRU replacement policy
ITLB has LRU replacement policy
DTLB has LRU replacement policy
STLB has LRU replacement policy
L1I has LRU replacement policy
CPU 0 L1D IP-based stride prefetcher
L1D has LRU replacement policy
Initialize SRRIP state for L2C
Initialize Mockingjay state for LLC
Heartbeat CPU 0 instructions: 10000002 cycles: 2082341 heartbeat IPC: 4.80229 cumulative IPC: 4.80229 (Simulation time: 0 hr 0 min 18 sec) 
Heartbeat CPU 0 instructions: 20000000 cycles: 4180818 heartbeat IPC: 4.76536 cumulative IPC: 4.78375 (Simulation time: 0 hr 0 min 36 sec) 
Heartbeat CPU 0 instructions: 30000006 cycles: 6240883 heartbeat IPC: 4.85422 cumulative IPC: 4.80701 (Simulation time: 0 hr 0 min 54 sec) 
Heartbeat CPU 0 instructions: 40000003 cycles: 8302493 heartbeat IPC: 4.85058 cumulative IPC: 4.81783 (Simulation time: 0 hr 1 min 12 sec) 
Heartbeat CPU 0 instructions: 50000001 cycles: 10361814 heartbeat IPC: 4.85597 cumulative IPC: 4.82541 (Simulation time: 0 hr 1 min 30 sec) 
Heartbeat CPU 0 instructions: 60000005 cycles: 12421221 heartbeat IPC: 4.85577 cumulative IPC: 4.83044 (Simulation time: 0 hr 1 min 47 sec) 
Heartbeat CPU 0 instructions: 70000004 cycles: 14480661 heartbeat IPC: 4.85569 cumulative IPC: 4.83403 (Simulation time: 0 hr 2 min 7 sec) 
Heartbeat CPU 0 instructions: 80000001 cycles: 16540044 heartbeat IPC: 4.85582 cumulative IPC: 4.83675 (Simulation time: 0 hr 2 min 31 sec) 
Heartbeat CPU 0 instructions: 90000000 cycles: 18599510 heartbeat IPC: 4.85563 cumulative IPC: 4.83884 (Simulation time: 0 hr 2 min 50 sec) 
Heartbeat CPU 0 instructions: 100000002 cycles: 20658722 heartbeat IPC: 4.85623 cumulative IPC: 4.84057 (Simulation time: 0 hr 3 min 7 sec) 
Heartbeat CPU 0 instructions: 110000003 cycles: 22718016 heartbeat IPC: 4.85603 cumulative IPC: 4.84197 (Simulation time: 0 hr 3 min 25 sec) 
Heartbeat CPU 0 instructions: 120000004 cycles: 24777243 heartbeat IPC: 4.85619 cumulative IPC: 4.84315 (Simulation time: 0 hr 3 min 42 sec) 
Heartbeat CPU 0 instructions: 130000000 cycles: 26836606 heartbeat IPC: 4.85587 cumulative IPC: 4.84413 (Simulation time: 0 hr 4 min 0 sec) 
Heartbeat CPU 0 instructions: 140000002 cycles: 28896186 heartbeat IPC: 4.85536 cumulative IPC: 4.84493 (Simulation time: 0 hr 4 min 17 sec) 
Heartbeat CPU 0 instructions: 150000001 cycles: 30956166 heartbeat IPC: 4.85442 cumulative IPC: 4.84556 (Simulation time: 0 hr 4 min 34 sec) 
Heartbeat CPU 0 instructions: 160000007 cycles: 33015530 heartbeat IPC: 4.85587 cumulative IPC: 4.8462 (Simulation time: 0 hr 4 min 52 sec) 
Heartbeat CPU 0 instructions: 170000000 cycles: 35074926 heartbeat IPC: 4.85579 cumulative IPC: 4.84677 (Simulation time: 0 hr 5 min 10 sec) 
Heartbeat CPU 0 instructions: 180000000 cycles: 37135376 heartbeat IPC: 4.85331 cumulative IPC: 4.84713 (Simulation time: 0 hr 5 min 27 sec) 
Heartbeat CPU 0 instructions: 190000004 cycles: 39195301 heartbeat IPC: 4.85455 cumulative IPC: 4.84752 (Simulation time: 0 hr 5 min 45 sec) 
Heartbeat CPU 0 instructions: 200000001 cycles: 41255697 heartbeat IPC: 4.85343 cumulative IPC: 4.84782 (Simulation time: 0 hr 6 min 2 sec) 

Warmup complete CPU 0 instructions: 200000001 cycles: 41255697 (Simulation time: 0 hr 6 min 2 sec) 

Heartbeat CPU 0 instructions: 210000005 cycles: 53491700 heartbeat IPC: 0.817261 cumulative IPC: 0.817261 (Simulation time: 0 hr 6 min 29 sec) 
Heartbeat CPU 0 instructions: 220000004 cycles: 65767108 heartbeat IPC: 0.814637 cumulative IPC: 0.815947 (Simulation time: 0 hr 6 min 57 sec) 
Heartbeat CPU 0 instructions: 230000007 cycles: 77978134 heartbeat IPC: 0.818932 cumulative IPC: 0.816939 (Simulation time: 0 hr 7 min 24 sec) 
Heartbeat CPU 0 instructions: 240000004 cycles: 90176533 heartbeat IPC: 0.819779 cumulative IPC: 0.817648 (Simulation time: 0 hr 7 min 51 sec) 
Heartbeat CPU 0 instructions: 250000000 cycles: 102433129 heartbeat IPC: 0.815887 cumulative IPC: 0.817295 (Simulation time: 0 hr 8 min 18 sec) 
Heartbeat CPU 0 instructions: 260000005 cycles: 114635248 heartbeat IPC: 0.81953 cumulative IPC: 0.817667 (Simulation time: 0 hr 8 min 45 sec) 
Heartbeat CPU 0 instructions: 270000000 cycles: 126822408 heartbeat IPC: 0.820535 cumulative IPC: 0.818075 (Simulation time: 0 hr 9 min 11 sec) 
Heartbeat CPU 0 instructions: 280000001 cycles: 139020656 heartbeat IPC: 0.81979 cumulative IPC: 0.818289 (Simulation time: 0 hr 9 min 38 sec) 
Heartbeat CPU 0 instructions: 290000006 cycles: 151258565 heartbeat IPC: 0.817133 cumulative IPC: 0.818161 (Simulation time: 0 hr 10 min 4 sec) 
Heartbeat CPU 0 instructions: 300000001 cycles: 163530523 heartbeat IPC: 0.814865 cumulative IPC: 0.81783 (Simulation time: 0 hr 10 min 31 sec) 
Heartbeat CPU 0 instructions: 310000005 cycles: 175754751 heartbeat IPC: 0.818048 cumulative IPC: 0.81785 (Simulation time: 0 hr 10 min 57 sec) 
Heartbeat CPU 0 instructions: 320000004 cycles: 187993754 heartbeat IPC: 0.81706 cumulative IPC: 0.817784 (Simulation time: 0 hr 11 min 24 sec) 
Heartbeat CPU 0 instructions: 330000000 cycles: 200214055 heartbeat IPC: 0.81831 cumulative IPC: 0.817824 (Simulation time: 0 hr 11 min 50 sec) 
Heartbeat CPU 0 instructions: 340000000 cycles: 212494961 heartbeat IPC: 0.814272 cumulative IPC: 0.817569 (Simulation time: 0 hr 12 min 17 sec) 
Heartbeat CPU 0 instructions: 350000002 cycles: 224685157 heartbeat IPC: 0.820332 cumulative IPC: 0.817753 (Simulation time: 0 hr 12 min 43 sec) 
Heartbeat CPU 0 instructions: 360000000 cycles: 236971141 heartbeat IPC: 0.813935 cumulative IPC: 0.817513 (Simulation time: 0 hr 13 min 10 sec) 
Heartbeat CPU 0 instructions: 370000005 cycles: 249187233 heartbeat IPC: 0.818593 cumulative IPC: 0.817577 (Simulation time: 0 hr 13 min 36 sec) 
*** Reached end of trace for Core: 0 Repeating trace: /home1/sweta/traces/qualcomm_traces/server_015.champsimtrace.xz
Heartbeat CPU 0 instructions: 380000001 cycles: 262177180 heartbeat IPC: 0.769826 cumulative IPC: 0.814769 (Simulation time: 0 hr 14 min 8 sec) 
Heartbeat CPU 0 instructions: 390000006 cycles: 276117092 heartbeat IPC: 0.717365 cumulative IPC: 0.808988 (Simulation time: 0 hr 14 min 35 sec) 
Heartbeat CPU 0 instructions: 400000007 cycles: 288358584 heartbeat IPC: 0.816894 cumulative IPC: 0.809379 (Simulation time: 0 hr 15 min 2 sec) 
Finished CPU 0 instructions: 200000006 cycles: 247102887 cumulative IPC: 0.809379 (Simulation time: 0 hr 15 min 2 sec) 

ChampSim completed all CPUs

Region of Interest Statistics

CPU 0 cumulative IPC: 0.809379 instructions: 200000006 cycles: 247102887
ITLB TOTAL     ACCESS:   22748216  HIT:   21087750  MISS:    1660466  HIT %:    92.7007  MISS %:    7.29932   MPKI: 8.30233
ITLB LOAD TRANSLATION ACCESS:   22748216  HIT:   21087750  MISS:    1660466  HIT %:    92.7007  MISS %:    7.29932   MPKI: 8.30233
ITLB PREFETCH  REQUESTED:          0  ISSUED:          0  USEFUL:          0  USELESS:          0
ITLB USEFUL LOAD PREFETCHES:          0 PREFETCH ISSUED TO LOWER LEVEL:          0  ACCURACY: -nan
ITLB TIMELY PREFETCHES:          0 LATE PREFETCHES: 0 DROPPED PREFETCHES: 0
ITLB PREFETCHES SAME FILL-ORIGIN LEVEL: 0 DIFFERENT FILL-ORIGIN LEVEL: 0
ITLB AVERAGE MISS LATENCY:    9.00823 cycles AVERAGE LOAD MISS LATENCY:       -nan cycles Load Miss          0
ITLB Average MSHR Occupancy:  0.0538488
ITLB RQ	ACCESS:   28409164	FORWARD:          0	MERGED:    4036984	TO_CACHE:   24372180

DTLB TOTAL     ACCESS:   33233741  HIT:   32457385  MISS:     776356  HIT %:     97.664  MISS %:    2.33605   MPKI: 3.88178
DTLB LOAD TRANSLATION ACCESS:   33233741  HIT:   32457385  MISS:     776356  HIT %:     97.664  MISS %:    2.33605   MPKI: 3.88178
DTLB PREFETCH  REQUESTED:          0  ISSUED:          0  USEFUL:          0  USELESS:          0
DTLB USEFUL LOAD PREFETCHES:          0 PREFETCH ISSUED TO LOWER LEVEL:          0  ACCURACY: -nan
DTLB TIMELY PREFETCHES:          0 LATE PREFETCHES: 0 DROPPED PREFETCHES: 0
DTLB PREFETCHES SAME FILL-ORIGIN LEVEL: 0 DIFFERENT FILL-ORIGIN LEVEL: 0
DTLB AVERAGE MISS LATENCY:    9.06259 cycles AVERAGE LOAD MISS LATENCY:       -nan cycles Load Miss          0
DTLB Average MSHR Occupancy:  0.0254193
DTLB RQ	ACCESS:   54964436	FORWARD:          0	MERGED:   21555759	TO_CACHE:   33408677

STLB TOTAL     ACCESS:    3878101  HIT:    3877093  MISS:       1008  HIT %:     99.974  MISS %:  0.0259921   MPKI: 0.00504
STLB LOAD TRANSLATION ACCESS:    2436822  HIT:    2435814  MISS:       1008  HIT %:    99.9586  MISS %:  0.0413654   MPKI: 0.00504
STLB TRANSLATION FROM L1D PREFETCHER ACCESS:    1441279  HIT:    1441279  MISS:          0  HIT %:        100  MISS %:          0   MPKI: 0
STLB PREFETCH  REQUESTED:          0  ISSUED:          0  USEFUL:          0  USELESS:          0
STLB USEFUL LOAD PREFETCHES:          0 PREFETCH ISSUED TO LOWER LEVEL:          0  ACCURACY: -nan
STLB TIMELY PREFETCHES:          0 LATE PREFETCHES: 0 DROPPED PREFETCHES: 0
STLB PREFETCHES SAME FILL-ORIGIN LEVEL: 0 DIFFERENT FILL-ORIGIN LEVEL: 0
STLB AVERAGE MISS LATENCY:    58.7808 cycles AVERAGE LOAD MISS LATENCY:       -nan cycles Load Miss          0
STLB Average MSHR Occupancy: 0.000252263
STLB RQ	ACCESS:    6371120	FORWARD:          0	MERGED:    2493019	TO_CACHE:    3878101

STLB Hit, L1D data hit: 0
STLB Hit, L2C data hit: 0
STLB Hit, LLC data hit: 0
STLB Hit, LLC data miss: 0
STLB STLB hints to L2: 0
L1D TOTAL     ACCESS:   58816181  HIT:   58757556  MISS:      58625  HIT %:    99.9003  MISS %:   0.099675   MPKI: 0.293125
L1D LOAD      ACCESS:   23182190  HIT:   23166408  MISS:      15782  HIT %:    99.9319  MISS %:  0.0680781   MPKI: 0.07891
L1D RFO       ACCESS:   31729806  HIT:   31697789  MISS:      32017  HIT %:    99.8991  MISS %:   0.100905   MPKI: 0.160085
L1D PREFETCH  ACCESS:    3904185  HIT:    3893359  MISS:      10826  HIT %:    99.7227  MISS %:   0.277292   MPKI: 0.05413
AGUS PREFETCH L1 MISS: 0
L1D PREFETCH  REQUESTED:    9244275  ISSUED:    9243610  USEFUL:      10610  USELESS:        222
L1D USEFUL LOAD PREFETCHES:      10610 PREFETCH ISSUED TO LOWER LEVEL:      25476  ACCURACY: 41.647
L1D TIMELY PREFETCHES:      10610 LATE PREFETCHES: 1928 DROPPED PREFETCHES: 0
L1D PREFETCHES SAME FILL-ORIGIN LEVEL: 12757 DIFFERENT FILL-ORIGIN LEVEL: 12719
L1D AVERAGE MISS LATENCY:    69.3791 cycles AVERAGE LOAD MISS LATENCY:     49.599 cycles Load Miss      15782
L1D Average MSHR Occupancy:  0.0199735
L1D RQ	ACCESS:   41164693	FORWARD:          0	MERGED:   17758293	TO_CACHE:   23184769
L1D WQ	ACCESS:   32630291	FORWARD:     221631	MERGED:     850624	TO_CACHE:   31779667
L1D PQ	ACCESS:    5309312	FORWARD:          0	MERGED:    1375014	TO_CACHE:    3934298

L1D UNIQUE REGIONS ACCESSED: 0
L1D REGIONS CONFLICTS: 0
L1D Cross Page Prefetch Requests: 0
L1D Same Page Prefetch Requests: 9906520
L1D ROI Sum of L1D PQ occupancy: 52624572
L1D PREFETCHES PUSHED FROM L2C: 0
L1I TOTAL     ACCESS:   27691826  HIT:    8404632  MISS:   19287194  HIT %:    30.3506  MISS %:    69.6494   MPKI: 96.436
L1I LOAD      ACCESS:   27691826  HIT:    8404632  MISS:   19287194  HIT %:    30.3506  MISS %:    69.6494   MPKI: 96.436
L1I PREFETCH  REQUESTED:          0  ISSUED:          0  USEFUL:          0  USELESS:          0
L1I USEFUL LOAD PREFETCHES:          0 PREFETCH ISSUED TO LOWER LEVEL:          0  ACCURACY: -nan
L1I TIMELY PREFETCHES:          0 LATE PREFETCHES: 0 DROPPED PREFETCHES: 0
L1I PREFETCHES SAME FILL-ORIGIN LEVEL: 0 DIFFERENT FILL-ORIGIN LEVEL: 0
L1I AVERAGE MISS LATENCY:    14.2065 cycles AVERAGE LOAD MISS LATENCY:    14.2065 cycles Load Miss   19287194
L1I Average MSHR Occupancy:    1.05778
L1I RQ	ACCESS:   50374972	FORWARD:          0	MERGED:   21965808	TO_CACHE:   28409164

BTB TOTAL     ACCESS:   27660755  HIT:   25168116  MISS:    2492639  HIT %:    90.9885  MISS %:    9.01146   MPKI: 12.4632
BTB BRANCH_DIRECT_JUMP	ACCESS:    1638768  HIT:    1637370  MISS:       1398
BTB BRANCH_INDIRECT	ACCESS:   12430303  HIT:   11611252  MISS:     819051
BTB BRANCH_CONDITIONAL	ACCESS:    3944825  HIT:    3942865  MISS:       1960
BTB BRANCH_DIRECT_CALL	ACCESS:    4365940  HIT:    4362265  MISS:       3675
BTB BRANCH_INDIRECT_CALL	ACCESS:     457500  HIT:     405505  MISS:      51995
BTB BRANCH_RETURN	ACCESS:    4823419  HIT:    3208859  MISS:    1614560
BTB BRANCH_OTHER ACCESS:          0  HIT:          0  MISS:          0

L2C TOTAL     ACCESS:   19390838  HIT:   19345988  MISS:      44850  HIT %:    99.7687  MISS %:   0.231295   MPKI: 0.22425
L2C LOAD      ACCESS:   19301051  HIT:   19289436  MISS:      11615  HIT %:    99.9398  MISS %:  0.0601781   MPKI: 0.058075
L2C DATA LOAD MPKI: 0.02947
L2C INSTRUCTION LOAD MPKI: 0.028605
L2C RFO       ACCESS:      32014  HIT:       8713  MISS:      23301  HIT %:    27.2162  MISS %:    72.7838   MPKI: 0.116505
L2C PREFETCH  ACCESS:      20091  HIT:      10572  MISS:       9519  HIT %:    52.6206  MISS %:    47.3794   MPKI: 0.047595
AGUS PREFETCH L1 MISS: 0
L2C DATA PREFETCH MPKI: 0.047595
L2C INSTRUCTION PREFETCH MPKI: 0
L2C WRITEBACK ACCESS:      36541  HIT:      36501  MISS:         40  HIT %:    99.8905  MISS %:   0.109466   MPKI: 0.0002
L2C LOAD TRANSLATION ACCESS:       1141  HIT:        766  MISS:        375  HIT %:    67.1341  MISS %:    32.8659   MPKI: 0.001875
L2C PREFETCH  REQUESTED:          0  ISSUED:          0  USEFUL:       1045  USELESS:       6904
L2C USEFUL LOAD PREFETCHES:       1045 PREFETCH ISSUED TO LOWER LEVEL:      10035  ACCURACY: 10.4136
L2C TIMELY PREFETCHES:       1045 LATE PREFETCHES: 516 DROPPED PREFETCHES: 0
L2C PREFETCHES SAME FILL-ORIGIN LEVEL: 3310 DIFFERENT FILL-ORIGIN LEVEL: 0
L2C AVERAGE MISS LATENCY:    93.9756 cycles AVERAGE LOAD MISS LATENCY:    99.1422 cycles Load Miss      11615
L2C Average MSHR Occupancy:  0.0172371
L2C RQ	ACCESS:   19334206	FORWARD:          0	MERGED:          0	TO_CACHE:   19334206
L2C WQ	ACCESS:      36541	FORWARD:          0	MERGED:          0	TO_CACHE:      36541
L2C PQ	ACCESS:      25476	FORWARD:          0	MERGED:         10	TO_CACHE:      25466

L2C Instructions Evicting Data 4948
L2C Translations Evicting Data 320
L2C Data Evicting Data 33375
L2C Instructions Evicting Instructions 719
L2C Translations Evicting Instructions 53
L2C Data Evicting Instructions 4877
L2C Instructions Evicting Translations 54
L2C Translations Evicting Translations 2
L2C Data Evicting Translations 462
L2C Dense regions hint from L2: 0
PSCL5 TOTAL     ACCESS:       1008  HIT:       1008  MISS:          0  HIT %:        100  MISS %:          0   MPKI: 0
PSCL5 LOAD TRANSLATION ACCESS:       1008  HIT:       1008  MISS:          0  HIT %:        100  MISS %:          0   MPKI: 0
PSCL5 PREFETCH  REQUESTED:          0  ISSUED:          0  USEFUL:          0  USELESS:          0
PSCL5 USEFUL LOAD PREFETCHES:          0 PREFETCH ISSUED TO LOWER LEVEL:          0  ACCURACY: -nan
PSCL5 TIMELY PREFETCHES:          0 LATE PREFETCHES: 0 DROPPED PREFETCHES: 0
PSCL5 PREFETCHES SAME FILL-ORIGIN LEVEL: 0 DIFFERENT FILL-ORIGIN LEVEL: 0

PSCL4 TOTAL     ACCESS:        617  HIT:        612  MISS:          5  HIT %:    99.1896  MISS %:   0.810373   MPKI: 2.5e-05
PSCL4 LOAD TRANSLATION ACCESS:        617  HIT:        612  MISS:          5  HIT %:    99.1896  MISS %:   0.810373   MPKI: 2.5e-05
PSCL4 PREFETCH  REQUESTED:          0  ISSUED:          0  USEFUL:          0  USELESS:          0
PSCL4 USEFUL LOAD PREFETCHES:          0 PREFETCH ISSUED TO LOWER LEVEL:          0  ACCURACY: -nan
PSCL4 TIMELY PREFETCHES:          0 LATE PREFETCHES: 0 DROPPED PREFETCHES: 0
PSCL4 PREFETCHES SAME FILL-ORIGIN LEVEL: 0 DIFFERENT FILL-ORIGIN LEVEL: 0

PSCL3 TOTAL     ACCESS:        894  HIT:        889  MISS:          5  HIT %:    99.4407  MISS %:   0.559284   MPKI: 2.5e-05
PSCL3 LOAD TRANSLATION ACCESS:        894  HIT:        889  MISS:          5  HIT %:    99.4407  MISS %:   0.559284   MPKI: 2.5e-05
PSCL3 PREFETCH  REQUESTED:          0  ISSUED:          0  USEFUL:          0  USELESS:          0
PSCL3 USEFUL LOAD PREFETCHES:          0 PREFETCH ISSUED TO LOWER LEVEL:          0  ACCURACY: -nan
PSCL3 TIMELY PREFETCHES:          0 LATE PREFETCHES: 0 DROPPED PREFETCHES: 0
PSCL3 PREFETCHES SAME FILL-ORIGIN LEVEL: 0 DIFFERENT FILL-ORIGIN LEVEL: 0

PSCL2 TOTAL     ACCESS:       1008  HIT:        885  MISS:        123  HIT %:    87.7976  MISS %:    12.2024   MPKI: 0.000615
PSCL2 LOAD TRANSLATION ACCESS:       1008  HIT:        885  MISS:        123  HIT %:    87.7976  MISS %:    12.2024   MPKI: 0.000615
PSCL2 PREFETCH  REQUESTED:          0  ISSUED:          0  USEFUL:          0  USELESS:          0
PSCL2 USEFUL LOAD PREFETCHES:          0 PREFETCH ISSUED TO LOWER LEVEL:          0  ACCURACY: -nan
PSCL2 TIMELY PREFETCHES:          0 LATE PREFETCHES: 0 DROPPED PREFETCHES: 0
PSCL2 PREFETCHES SAME FILL-ORIGIN LEVEL: 0 DIFFERENT FILL-ORIGIN LEVEL: 0

LLC TOTAL     ACCESS:      69081  HIT:      54394  MISS:      14687  HIT %:    78.7395  MISS %:    21.2605   MPKI: 0.073435
LLC LOAD      ACCESS:      11099  HIT:       7873  MISS:       3226  HIT %:    70.9343  MISS %:    29.0657   MPKI: 0.01613
LLC RFO       ACCESS:      23301  HIT:      16911  MISS:       6390  HIT %:    72.5763  MISS %:    27.4237   MPKI: 0.03195
LLC PREFETCH  ACCESS:      10035  HIT:       8114  MISS:       1921  HIT %:     80.857  MISS %:     19.143   MPKI: 0.009605
AGUS PREFETCH L1 MISS: 0
LLC WRITEBACK ACCESS:      24271  HIT:      21225  MISS:       3046  HIT %:      87.45  MISS %:      12.55   MPKI: 0.01523
LLC LOAD TRANSLATION ACCESS:        375  HIT:        271  MISS:        104  HIT %:    72.2667  MISS %:    27.7333   MPKI: 0.00052
LLC PREFETCH  REQUESTED:          0  ISSUED:          0  USEFUL:        446  USELESS:        903
LLC USEFUL LOAD PREFETCHES:        446 PREFETCH ISSUED TO LOWER LEVEL:       1921  ACCURACY: 23.2171
LLC TIMELY PREFETCHES:        446 LATE PREFETCHES: 0 DROPPED PREFETCHES: 0
LLC PREFETCHES SAME FILL-ORIGIN LEVEL: 0 DIFFERENT FILL-ORIGIN LEVEL: 0
LLC AVERAGE MISS LATENCY:    152.129 cycles AVERAGE LOAD MISS LATENCY:    180.381 cycles Load Miss       3226
LLC Average MSHR Occupancy: 0.00899493
LLC RQ	ACCESS:      34775	FORWARD:          0	MERGED:          0	TO_CACHE:      34775
LLC WQ	ACCESS:      24271	FORWARD:          0	MERGED:          0	TO_CACHE:      24271
LLC PQ	ACCESS:      10035	FORWARD:          0	MERGED:          0	TO_CACHE:      10035

LLC Dense regions hint to LLC: 0

RAW hits: 6897180
Loads Generated: 48061871
Loads sent to L1D: 41164693
Stores Generated: 32630297
Stores sent to L1D: 32630291
Major fault: 0 Minor fault: 2023
Allocated PAGES: 2023
CPU 0 L1D PC-based stride prefetcher final stats
Degree: 3
================ Mockingjay (LLC) Pollution Stats ================
Total pollution count in LLC: 272
==================================================================

DRAM Statistics
 CHANNEL 0
 RQ ROW_BUFFER_HIT:       4688  ROW_BUFFER_MISS:       6947
 DBUS_CONGESTED:         25
 WQ ROW_BUFFER_HIT:       1713  ROW_BUFFER_MISS:       4701  FULL:         17

 AVG_CONGESTED_CYCLE: 5
 All warmup complete: 2
Channel 0 Bank busy for read cycles: 0
Channel 0 Bank busy for write cycles: 0
Channel 0
Rank 0
0banks busy for read cycles: 245940755
0banks busy for write cycles: 1799
1banks busy for read cycles: 469670
1banks busy for write cycles: 281186
2banks busy for read cycles: 103636
2banks busy for write cycles: 57740
3banks busy for read cycles: 42555
3banks busy for write cycles: 22943
4banks busy for read cycles: 28652
4banks busy for write cycles: 12987
5banks busy for read cycles: 19923
5banks busy for write cycles: 8812
6banks busy for read cycles: 15064
6banks busy for write cycles: 9046
7banks busy for read cycles: 11874
7banks busy for write cycles: 14887
8banks busy for read cycles: 12484
8banks busy for write cycles: 48875

CPU 0 Branch Prediction Accuracy: 99.8994% MPKI: 0.158085 Average ROB Occupancy at Mispredict: 10.4428
Branch types
NOT_BRANCH: 168559315 84.2797%
BRANCH_DIRECT_JUMP: 1638768 0.819384%
BRANCH_INDIRECT: 12430303 6.21515%
BRANCH_CONDITIONAL: 7724810 3.8624%
BRANCH_DIRECT_CALL: 4365940 2.18297%
BRANCH_INDIRECT_CALL: 457500 0.22875%
BRANCH_RETURN: 4823419 2.41171%
BRANCH_OTHER: 0 0%

===================== LRU L1D STATS =====================
Total pollution count in L1D: 1484
=========================================================
================ SRRIP (L2C) Pollution Stats ================
Total pollution count in L2c: 13151
==================================================================
DRAM PAGES: 1048576
Allocated PAGES: 2023
