
*** ChampSim Multicore Out-of-Order Simulator ***

Warmup Instructions: 200000000
Simulation Instructions: 200000000
Number of CPUs: 1
LLC sets: 4096
LLC ways: 12
Off-chip DRAM Size: 4096 MB Channels: 1 Width: 64-bit Data Rate: 6400 MT/s
CPU 0 runs /home1/sweta/traces/qualcomm_traces/server_010.champsimtrace.xz
.xz
BTB has LRU replacement policy
ITLB has LRU replacement policy
DTLB has LRU replacement policy
STLB has LRU replacement policy
L1I has LRU replacement policy
CPU 0 L1D IP-based stride prefetcher
L1D has LRU replacement policy
Initialize SRRIP state for L2C
Initialize Mockingjay state for LLC
Heartbeat CPU 0 instructions: 10000005 cycles: 1924919 heartbeat IPC: 5.19503 cumulative IPC: 5.19503 (Simulation time: 0 hr 0 min 26 sec) 
Heartbeat CPU 0 instructions: 20000001 cycles: 3844542 heartbeat IPC: 5.20935 cumulative IPC: 5.20218 (Simulation time: 0 hr 0 min 50 sec) 
Heartbeat CPU 0 instructions: 30000002 cycles: 5771486 heartbeat IPC: 5.18956 cumulative IPC: 5.19797 (Simulation time: 0 hr 1 min 15 sec) 
Heartbeat CPU 0 instructions: 40000003 cycles: 7693270 heartbeat IPC: 5.2035 cumulative IPC: 5.19935 (Simulation time: 0 hr 1 min 39 sec) 
Heartbeat CPU 0 instructions: 50000000 cycles: 9618760 heartbeat IPC: 5.19348 cumulative IPC: 5.19818 (Simulation time: 0 hr 2 min 2 sec) 
Heartbeat CPU 0 instructions: 60000007 cycles: 11543528 heartbeat IPC: 5.19544 cumulative IPC: 5.19772 (Simulation time: 0 hr 2 min 26 sec) 
Heartbeat CPU 0 instructions: 70000005 cycles: 13481274 heartbeat IPC: 5.16063 cumulative IPC: 5.19239 (Simulation time: 0 hr 2 min 49 sec) 
Heartbeat CPU 0 instructions: 80000006 cycles: 15405229 heartbeat IPC: 5.19763 cumulative IPC: 5.19304 (Simulation time: 0 hr 3 min 13 sec) 
Heartbeat CPU 0 instructions: 90000000 cycles: 17328208 heartbeat IPC: 5.20026 cumulative IPC: 5.19384 (Simulation time: 0 hr 3 min 36 sec) 
Heartbeat CPU 0 instructions: 100000005 cycles: 20197271 heartbeat IPC: 3.48546 cumulative IPC: 4.95116 (Simulation time: 0 hr 4 min 5 sec) 
*** Reached end of trace for Core: 0 Repeating trace: /home1/sweta/traces/qualcomm_traces/server_010.champsimtrace.xz
Heartbeat CPU 0 instructions: 110000001 cycles: 22735198 heartbeat IPC: 3.94022 cumulative IPC: 4.83831 (Simulation time: 0 hr 4 min 34 sec) 
Heartbeat CPU 0 instructions: 120000006 cycles: 24659871 heartbeat IPC: 5.19569 cumulative IPC: 4.86621 (Simulation time: 0 hr 4 min 57 sec) 
Heartbeat CPU 0 instructions: 130000002 cycles: 26587448 heartbeat IPC: 5.18786 cumulative IPC: 4.88953 (Simulation time: 0 hr 5 min 21 sec) 
Heartbeat CPU 0 instructions: 140000001 cycles: 28508949 heartbeat IPC: 5.20426 cumulative IPC: 4.91074 (Simulation time: 0 hr 5 min 44 sec) 
Heartbeat CPU 0 instructions: 150000007 cycles: 30436053 heartbeat IPC: 5.18914 cumulative IPC: 4.92837 (Simulation time: 0 hr 6 min 8 sec) 
Heartbeat CPU 0 instructions: 160000006 cycles: 32360055 heartbeat IPC: 5.1975 cumulative IPC: 4.94437 (Simulation time: 0 hr 6 min 31 sec) 
Heartbeat CPU 0 instructions: 170000004 cycles: 34298877 heartbeat IPC: 5.15777 cumulative IPC: 4.95643 (Simulation time: 0 hr 6 min 55 sec) 
Heartbeat CPU 0 instructions: 180000000 cycles: 36221605 heartbeat IPC: 5.20094 cumulative IPC: 4.96941 (Simulation time: 0 hr 7 min 18 sec) 
Heartbeat CPU 0 instructions: 190000000 cycles: 38147157 heartbeat IPC: 5.19332 cumulative IPC: 4.98071 (Simulation time: 0 hr 7 min 42 sec) 
Heartbeat CPU 0 instructions: 200000003 cycles: 40299370 heartbeat IPC: 4.64638 cumulative IPC: 4.96286 (Simulation time: 0 hr 8 min 7 sec) 

Warmup complete CPU 0 instructions: 200000003 cycles: 40299370 (Simulation time: 0 hr 8 min 7 sec) 

*** Reached end of trace for Core: 0 Repeating trace: /home1/sweta/traces/qualcomm_traces/server_010.champsimtrace.xz
Heartbeat CPU 0 instructions: 210000000 cycles: 69994193 heartbeat IPC: 0.336759 cumulative IPC: 0.336759 (Simulation time: 0 hr 8 min 45 sec) 
Heartbeat CPU 0 instructions: 220000002 cycles: 87096747 heartbeat IPC: 0.584708 cumulative IPC: 0.427374 (Simulation time: 0 hr 9 min 16 sec) 
Heartbeat CPU 0 instructions: 230000003 cycles: 104036332 heartbeat IPC: 0.590333 cumulative IPC: 0.470684 (Simulation time: 0 hr 9 min 47 sec) 
Heartbeat CPU 0 instructions: 240000000 cycles: 121188357 heartbeat IPC: 0.583021 cumulative IPC: 0.494505 (Simulation time: 0 hr 10 min 17 sec) 
Heartbeat CPU 0 instructions: 250000002 cycles: 138043901 heartbeat IPC: 0.593277 cumulative IPC: 0.511538 (Simulation time: 0 hr 10 min 47 sec) 
Heartbeat CPU 0 instructions: 260000000 cycles: 154791264 heartbeat IPC: 0.597109 cumulative IPC: 0.524055 (Simulation time: 0 hr 11 min 17 sec) 
Heartbeat CPU 0 instructions: 270000000 cycles: 171739906 heartbeat IPC: 0.590018 cumulative IPC: 0.53256 (Simulation time: 0 hr 11 min 47 sec) 
Heartbeat CPU 0 instructions: 280000003 cycles: 188441625 heartbeat IPC: 0.598741 cumulative IPC: 0.540021 (Simulation time: 0 hr 12 min 17 sec) 
Heartbeat CPU 0 instructions: 290000002 cycles: 205216233 heartbeat IPC: 0.596139 cumulative IPC: 0.54573 (Simulation time: 0 hr 12 min 46 sec) 
Heartbeat CPU 0 instructions: 300000001 cycles: 222186837 heartbeat IPC: 0.589254 cumulative IPC: 0.549791 (Simulation time: 0 hr 13 min 16 sec) 
*** Reached end of trace for Core: 0 Repeating trace: /home1/sweta/traces/qualcomm_traces/server_010.champsimtrace.xz
Heartbeat CPU 0 instructions: 310000000 cycles: 254381870 heartbeat IPC: 0.310607 cumulative IPC: 0.513821 (Simulation time: 0 hr 13 min 56 sec) 
Heartbeat CPU 0 instructions: 320000007 cycles: 271241642 heartbeat IPC: 0.593128 cumulative IPC: 0.51961 (Simulation time: 0 hr 14 min 26 sec) 
Heartbeat CPU 0 instructions: 330000003 cycles: 288294954 heartbeat IPC: 0.586396 cumulative IPC: 0.524203 (Simulation time: 0 hr 14 min 57 sec) 
Heartbeat CPU 0 instructions: 340000007 cycles: 305281189 heartbeat IPC: 0.588712 cumulative IPC: 0.528338 (Simulation time: 0 hr 15 min 29 sec) 
Heartbeat CPU 0 instructions: 350000001 cycles: 322188601 heartbeat IPC: 0.591456 cumulative IPC: 0.532124 (Simulation time: 0 hr 15 min 59 sec) 
Heartbeat CPU 0 instructions: 360000000 cycles: 339110512 heartbeat IPC: 0.59095 cumulative IPC: 0.535455 (Simulation time: 0 hr 16 min 30 sec) 
Heartbeat CPU 0 instructions: 370000004 cycles: 355805873 heartbeat IPC: 0.598969 cumulative IPC: 0.538816 (Simulation time: 0 hr 17 min 0 sec) 
Heartbeat CPU 0 instructions: 380000002 cycles: 372736992 heartbeat IPC: 0.590628 cumulative IPC: 0.541455 (Simulation time: 0 hr 17 min 31 sec) 
Heartbeat CPU 0 instructions: 390000000 cycles: 389600786 heartbeat IPC: 0.592986 cumulative IPC: 0.543943 (Simulation time: 0 hr 18 min 2 sec) 
Heartbeat CPU 0 instructions: 400000003 cycles: 406263885 heartbeat IPC: 0.600129 cumulative IPC: 0.546501 (Simulation time: 0 hr 18 min 33 sec) 
Finished CPU 0 instructions: 200000000 cycles: 365964515 cumulative IPC: 0.546501 (Simulation time: 0 hr 18 min 33 sec) 

ChampSim completed all CPUs

Region of Interest Statistics

CPU 0 cumulative IPC: 0.546501 instructions: 200000000 cycles: 365964515
ITLB TOTAL     ACCESS:   22534245  HIT:   21785269  MISS:     748976  HIT %:    96.6763  MISS %:    3.32372   MPKI: 3.74488
ITLB LOAD TRANSLATION ACCESS:   22534245  HIT:   21785269  MISS:     748976  HIT %:    96.6763  MISS %:    3.32372   MPKI: 3.74488
ITLB PREFETCH  REQUESTED:          0  ISSUED:          0  USEFUL:          0  USELESS:          0
ITLB USEFUL LOAD PREFETCHES:          0 PREFETCH ISSUED TO LOWER LEVEL:          0  ACCURACY: -nan
ITLB TIMELY PREFETCHES:          0 LATE PREFETCHES: 0 DROPPED PREFETCHES: 0
ITLB PREFETCHES SAME FILL-ORIGIN LEVEL: 0 DIFFERENT FILL-ORIGIN LEVEL: 0
ITLB AVERAGE MISS LATENCY:    13.6783 cycles AVERAGE LOAD MISS LATENCY:       -nan cycles Load Miss          0
ITLB Average MSHR Occupancy:  0.0275337
ITLB RQ	ACCESS:   26357278	FORWARD:          0	MERGED:    3247421	TO_CACHE:   23109857

DTLB TOTAL     ACCESS:   33674704  HIT:   29904186  MISS:    3770518  HIT %:    88.8031  MISS %:    11.1969   MPKI: 18.8526
DTLB LOAD TRANSLATION ACCESS:   33674704  HIT:   29904186  MISS:    3770518  HIT %:    88.8031  MISS %:    11.1969   MPKI: 18.8526
DTLB PREFETCH  REQUESTED:          0  ISSUED:          0  USEFUL:          0  USELESS:          0
DTLB USEFUL LOAD PREFETCHES:          0 PREFETCH ISSUED TO LOWER LEVEL:          0  ACCURACY: -nan
DTLB TIMELY PREFETCHES:          0 LATE PREFETCHES: 0 DROPPED PREFETCHES: 0
DTLB PREFETCHES SAME FILL-ORIGIN LEVEL: 0 DIFFERENT FILL-ORIGIN LEVEL: 0
DTLB AVERAGE MISS LATENCY:    10.9371 cycles AVERAGE LOAD MISS LATENCY:       -nan cycles Load Miss          0
DTLB Average MSHR Occupancy:   0.106469
DTLB RQ	ACCESS:   46280358	FORWARD:          0	MERGED:   12421677	TO_CACHE:   33858681

STLB TOTAL     ACCESS:    4907539  HIT:    4463866  MISS:     443673  HIT %:    90.9594  MISS %:    9.04064   MPKI: 2.21836
STLB LOAD TRANSLATION ACCESS:    4519493  HIT:    4075820  MISS:     443673  HIT %:    90.1831  MISS %:    9.81688   MPKI: 2.21836
STLB TRANSLATION FROM L1D PREFETCHER ACCESS:     388046  HIT:     388046  MISS:          0  HIT %:        100  MISS %:          0   MPKI: 0
STLB PREFETCH  REQUESTED:          0  ISSUED:          0  USEFUL:          0  USELESS:          0
STLB USEFUL LOAD PREFETCHES:          0 PREFETCH ISSUED TO LOWER LEVEL:          0  ACCURACY: -nan
STLB TIMELY PREFETCHES:          0 LATE PREFETCHES: 0 DROPPED PREFETCHES: 0
STLB PREFETCHES SAME FILL-ORIGIN LEVEL: 0 DIFFERENT FILL-ORIGIN LEVEL: 0
STLB AVERAGE MISS LATENCY:    24.1389 cycles AVERAGE LOAD MISS LATENCY:       -nan cycles Load Miss          0
STLB Average MSHR Occupancy:  0.0316383
STLB RQ	ACCESS:    5634012	FORWARD:          0	MERGED:     726473	TO_CACHE:    4907539

STLB Hit, L1D data hit: 0
STLB Hit, L2C data hit: 0
STLB Hit, LLC data hit: 0
STLB Hit, LLC data miss: 0
STLB STLB hints to L2: 0
L1D TOTAL     ACCESS:   46874175  HIT:   42256535  MISS:    4617640  HIT %:    90.1489  MISS %:    9.85114   MPKI: 23.0882
L1D LOAD      ACCESS:   26983817  HIT:   23075684  MISS:    3908133  HIT %:    85.5168  MISS %:    14.4832   MPKI: 19.5407
L1D RFO       ACCESS:   18832961  HIT:   18471236  MISS:     361725  HIT %:    98.0793  MISS %:     1.9207   MPKI: 1.80862
L1D PREFETCH  ACCESS:    1057397  HIT:     709615  MISS:     347782  HIT %:    67.1096  MISS %:    32.8904   MPKI: 1.73891
AGUS PREFETCH L1 MISS: 0
L1D PREFETCH  REQUESTED:    2292192  ISSUED:    2273899  USEFUL:     132291  USELESS:     215513
L1D USEFUL LOAD PREFETCHES:     132291 PREFETCH ISSUED TO LOWER LEVEL:     389593  ACCURACY: 33.9562
L1D TIMELY PREFETCHES:     132291 LATE PREFETCHES: 41564 DROPPED PREFETCHES: 0
L1D PREFETCHES SAME FILL-ORIGIN LEVEL: 389346 DIFFERENT FILL-ORIGIN LEVEL: 247
L1D AVERAGE MISS LATENCY:    23.0964 cycles AVERAGE LOAD MISS LATENCY:    22.7006 cycles Load Miss    3908133
L1D Average MSHR Occupancy:   0.300349
L1D RQ	ACCESS:   42315235	FORWARD:          0	MERGED:   14960030	TO_CACHE:   27053205
L1D WQ	ACCESS:   19825538	FORWARD:     302288	MERGED:     598385	TO_CACHE:   19227153
L1D PQ	ACCESS:    1159380	FORWARD:          0	MERGED:      44573	TO_CACHE:    1114519

L1D UNIQUE REGIONS ACCESSED: 0
L1D REGIONS CONFLICTS: 0
L1D Cross Page Prefetch Requests: 0
L1D Same Page Prefetch Requests: 2002209
L1D ROI Sum of L1D PQ occupancy: 14893437
L1D PREFETCHES PUSHED FROM L2C: 0
L1I TOTAL     ACCESS:   25972618  HIT:   12594736  MISS:   13377882  HIT %:    48.4924  MISS %:    51.5076   MPKI: 66.8894
L1I LOAD      ACCESS:   25972618  HIT:   12594736  MISS:   13377882  HIT %:    48.4924  MISS %:    51.5076   MPKI: 66.8894
L1I PREFETCH  REQUESTED:          0  ISSUED:          0  USEFUL:          0  USELESS:          0
L1I USEFUL LOAD PREFETCHES:          0 PREFETCH ISSUED TO LOWER LEVEL:          0  ACCURACY: -nan
L1I TIMELY PREFETCHES:          0 LATE PREFETCHES: 0 DROPPED PREFETCHES: 0
L1I PREFETCHES SAME FILL-ORIGIN LEVEL: 0 DIFFERENT FILL-ORIGIN LEVEL: 0
L1I AVERAGE MISS LATENCY:    14.2026 cycles AVERAGE LOAD MISS LATENCY:    14.2026 cycles Load Miss   13377882
L1I Average MSHR Occupancy:   0.507895
L1I RQ	ACCESS:   48462266	FORWARD:          0	MERGED:   22104988	TO_CACHE:   26357278

BTB TOTAL     ACCESS:   24716293  HIT:   19827447  MISS:    4888846  HIT %:    80.2201  MISS %:    19.7799   MPKI: 24.4442
BTB BRANCH_DIRECT_JUMP	ACCESS:    1750812  HIT:    1469747  MISS:     281065
BTB BRANCH_INDIRECT	ACCESS:   11566145  HIT:    9227915  MISS:    2338230
BTB BRANCH_CONDITIONAL	ACCESS:    4634874  HIT:    4190005  MISS:     444869
BTB BRANCH_DIRECT_CALL	ACCESS:    2662170  HIT:    2114115  MISS:     548055
BTB BRANCH_INDIRECT_CALL	ACCESS:     716567  HIT:     661273  MISS:      55294
BTB BRANCH_RETURN	ACCESS:    3385725  HIT:    2164392  MISS:    1221333
BTB BRANCH_OTHER ACCESS:          0  HIT:          0  MISS:          0

L2C TOTAL     ACCESS:   19531990  HIT:   19279418  MISS:     252572  HIT %:    98.7069  MISS %:    1.29312   MPKI: 1.26286
L2C LOAD      ACCESS:   17244365  HIT:   17041096  MISS:     203269  HIT %:    98.8212  MISS %:    1.17876   MPKI: 1.01635
L2C DATA LOAD MPKI: 0.934765
L2C INSTRUCTION LOAD MPKI: 0.08158
L2C RFO       ACCESS:     361723  HIT:     322779  MISS:      38944  HIT %:    89.2338  MISS %:    10.7662   MPKI: 0.19472
L2C PREFETCH  ACCESS:     389391  HIT:     384323  MISS:       5068  HIT %:    98.6985  MISS %:    1.30152   MPKI: 0.02534
AGUS PREFETCH L1 MISS: 0
L2C DATA PREFETCH MPKI: 0.02534
L2C INSTRUCTION PREFETCH MPKI: 0
L2C WRITEBACK ACCESS:     974353  HIT:     974017  MISS:        336  HIT %:    99.9655  MISS %:  0.0344844   MPKI: 0.00168
L2C LOAD TRANSLATION ACCESS:     562158  HIT:     557203  MISS:       4955  HIT %:    99.1186  MISS %:   0.881425   MPKI: 0.024775
L2C PREFETCH  REQUESTED:          0  ISSUED:          0  USEFUL:       1044  USELESS:       4266
L2C USEFUL LOAD PREFETCHES:       1044 PREFETCH ISSUED TO LOWER LEVEL:       5160  ACCURACY: 20.2326
L2C TIMELY PREFETCHES:       1044 LATE PREFETCHES: 92 DROPPED PREFETCHES: 0
L2C PREFETCHES SAME FILL-ORIGIN LEVEL: 149 DIFFERENT FILL-ORIGIN LEVEL: 0
L2C AVERAGE MISS LATENCY:    154.486 cycles AVERAGE LOAD MISS LATENCY:    154.106 cycles Load Miss     203269
L2C Average MSHR Occupancy:   0.106607
L2C RQ	ACCESS:   18168334	FORWARD:          0	MERGED:          0	TO_CACHE:   18168246
L2C WQ	ACCESS:     974353	FORWARD:         88	MERGED:          0	TO_CACHE:     974353
L2C PQ	ACCESS:     389593	FORWARD:          0	MERGED:          0	TO_CACHE:     389593

L2C Instructions Evicting Data 13945
L2C Translations Evicting Data 4358
L2C Data Evicting Data 212333
L2C Instructions Evicting Instructions 1900
L2C Translations Evicting Instructions 499
L2C Data Evicting Instructions 14193
L2C Instructions Evicting Translations 471
L2C Translations Evicting Translations 98
L2C Data Evicting Translations 4439
L2C Dense regions hint from L2: 0
PSCL5 TOTAL     ACCESS:     443673  HIT:     443673  MISS:          0  HIT %:        100  MISS %:          0   MPKI: 0
PSCL5 LOAD TRANSLATION ACCESS:     443673  HIT:     443673  MISS:          0  HIT %:        100  MISS %:          0   MPKI: 0
PSCL5 PREFETCH  REQUESTED:          0  ISSUED:          0  USEFUL:          0  USELESS:          0
PSCL5 USEFUL LOAD PREFETCHES:          0 PREFETCH ISSUED TO LOWER LEVEL:          0  ACCURACY: -nan
PSCL5 TIMELY PREFETCHES:          0 LATE PREFETCHES: 0 DROPPED PREFETCHES: 0
PSCL5 PREFETCHES SAME FILL-ORIGIN LEVEL: 0 DIFFERENT FILL-ORIGIN LEVEL: 0

PSCL4 TOTAL     ACCESS:     407913  HIT:     406788  MISS:       1125  HIT %:    99.7242  MISS %:   0.275794   MPKI: 0.005625
PSCL4 LOAD TRANSLATION ACCESS:     407913  HIT:     406788  MISS:       1125  HIT %:    99.7242  MISS %:   0.275794   MPKI: 0.005625
PSCL4 PREFETCH  REQUESTED:          0  ISSUED:          0  USEFUL:          0  USELESS:          0
PSCL4 USEFUL LOAD PREFETCHES:          0 PREFETCH ISSUED TO LOWER LEVEL:          0  ACCURACY: -nan
PSCL4 TIMELY PREFETCHES:          0 LATE PREFETCHES: 0 DROPPED PREFETCHES: 0
PSCL4 PREFETCHES SAME FILL-ORIGIN LEVEL: 0 DIFFERENT FILL-ORIGIN LEVEL: 0

PSCL3 TOTAL     ACCESS:     440113  HIT:     436543  MISS:       3570  HIT %:    99.1888  MISS %:   0.811155   MPKI: 0.01785
PSCL3 LOAD TRANSLATION ACCESS:     440113  HIT:     436543  MISS:       3570  HIT %:    99.1888  MISS %:   0.811155   MPKI: 0.01785
PSCL3 PREFETCH  REQUESTED:          0  ISSUED:          0  USEFUL:          0  USELESS:          0
PSCL3 USEFUL LOAD PREFETCHES:          0 PREFETCH ISSUED TO LOWER LEVEL:          0  ACCURACY: -nan
PSCL3 TIMELY PREFETCHES:          0 LATE PREFETCHES: 0 DROPPED PREFETCHES: 0
PSCL3 PREFETCHES SAME FILL-ORIGIN LEVEL: 0 DIFFERENT FILL-ORIGIN LEVEL: 0

PSCL2 TOTAL     ACCESS:     443673  HIT:     329883  MISS:     113790  HIT %:    74.3527  MISS %:    25.6473   MPKI: 0.56895
PSCL2 LOAD TRANSLATION ACCESS:     443673  HIT:     329883  MISS:     113790  HIT %:    74.3527  MISS %:    25.6473   MPKI: 0.56895
PSCL2 PREFETCH  REQUESTED:          0  ISSUED:          0  USEFUL:          0  USELESS:          0
PSCL2 USEFUL LOAD PREFETCHES:          0 PREFETCH ISSUED TO LOWER LEVEL:          0  ACCURACY: -nan
PSCL2 TIMELY PREFETCHES:          0 LATE PREFETCHES: 0 DROPPED PREFETCHES: 0
PSCL2 PREFETCHES SAME FILL-ORIGIN LEVEL: 0 DIFFERENT FILL-ORIGIN LEVEL: 0

LLC TOTAL     ACCESS:     442193  HIT:     174736  MISS:     267457  HIT %:    39.5158  MISS %:    60.4842   MPKI: 1.33729
LLC LOAD      ACCESS:     203177  HIT:      68396  MISS:     134781  HIT %:    33.6633  MISS %:    66.3367   MPKI: 0.673905
LLC RFO       ACCESS:      38944  HIT:       8912  MISS:      30032  HIT %:    22.8841  MISS %:    77.1159   MPKI: 0.15016
LLC PREFETCH  ACCESS:       5160  HIT:       1643  MISS:       3517  HIT %:    31.8411  MISS %:    68.1589   MPKI: 0.017585
AGUS PREFETCH L1 MISS: 0
LLC WRITEBACK ACCESS:     189957  HIT:      92761  MISS:      97196  HIT %:    48.8326  MISS %:    51.1674   MPKI: 0.48598
LLC LOAD TRANSLATION ACCESS:       4955  HIT:       3024  MISS:       1931  HIT %:    61.0293  MISS %:    38.9707   MPKI: 0.009655
LLC PREFETCH  REQUESTED:          0  ISSUED:          0  USEFUL:        180  USELESS:       2385
LLC USEFUL LOAD PREFETCHES:        180 PREFETCH ISSUED TO LOWER LEVEL:       3517  ACCURACY: 5.118
LLC TIMELY PREFETCHES:        180 LATE PREFETCHES: 0 DROPPED PREFETCHES: 0
LLC PREFETCHES SAME FILL-ORIGIN LEVEL: 0 DIFFERENT FILL-ORIGIN LEVEL: 0
LLC AVERAGE MISS LATENCY:    103.491 cycles AVERAGE LOAD MISS LATENCY:    164.366 cycles Load Miss     134781
LLC Average MSHR Occupancy:  0.0751687
LLC RQ	ACCESS:     247076	FORWARD:          0	MERGED:          0	TO_CACHE:     247076
LLC WQ	ACCESS:     189957	FORWARD:          0	MERGED:          0	TO_CACHE:     189957
LLC PQ	ACCESS:       5160	FORWARD:          0	MERGED:          0	TO_CACHE:       5160

LLC Dense regions hint to LLC: 0

RAW hits: 4603089
Loads Generated: 46918329
Loads sent to L1D: 42315235
Stores Generated: 19825538
Stores sent to L1D: 19825538
Major fault: 0 Minor fault: 5910
Allocated PAGES: 5910
CPU 0 L1D PC-based stride prefetcher final stats
Degree: 3
================ Mockingjay (LLC) Pollution Stats ================
Total pollution count in LLC: 2355
==================================================================

DRAM Statistics
 CHANNEL 0
 RQ ROW_BUFFER_HIT:      42679  ROW_BUFFER_MISS:     127582
 DBUS_CONGESTED:        130
 WQ ROW_BUFFER_HIT:      14981  ROW_BUFFER_MISS:     136304  FULL:        173

 AVG_CONGESTED_CYCLE: 4
 All warmup complete: 2
Channel 0 Bank busy for read cycles: 0
Channel 0 Bank busy for write cycles: 0
Channel 0
Rank 0
0banks busy for read cycles: 330646522
0banks busy for write cycles: 94159
1banks busy for read cycles: 15083449
1banks busy for write cycles: 13959832
2banks busy for read cycles: 1831129
2banks busy for write cycles: 2535112
3banks busy for read cycles: 273718
3banks busy for write cycles: 564537
4banks busy for read cycles: 129500
4banks busy for write cycles: 210769
5banks busy for read cycles: 81316
5banks busy for write cycles: 130838
6banks busy for read cycles: 52155
6banks busy for write cycles: 103251
7banks busy for read cycles: 34046
7banks busy for write cycles: 98623
8banks busy for read cycles: 29633
8banks busy for write cycles: 105927

CPU 0 Branch Prediction Accuracy: 99.8443% MPKI: 0.29196 Average ROB Occupancy at Mispredict: 76.0564
Branch types
NOT_BRANCH: 162503242 81.2516%
BRANCH_DIRECT_JUMP: 1750812 0.875406%
BRANCH_INDIRECT: 11566145 5.78307%
BRANCH_CONDITIONAL: 17415133 8.70757%
BRANCH_DIRECT_CALL: 2662170 1.33109%
BRANCH_INDIRECT_CALL: 716567 0.358283%
BRANCH_RETURN: 3385725 1.69286%
BRANCH_OTHER: 0 0%

===================== LRU L1D STATS =====================
Total pollution count in L1D: 541654
=========================================================
================ SRRIP (L2C) Pollution Stats ================
Total pollution count in L2c: 333218
==================================================================
DRAM PAGES: 1048576
Allocated PAGES: 5910
