
*** ChampSim Multicore Out-of-Order Simulator ***

Warmup Instructions: 200000000
Simulation Instructions: 200000000
Number of CPUs: 1
LLC sets: 4096
LLC ways: 12
Off-chip DRAM Size: 4096 MB Channels: 1 Width: 64-bit Data Rate: 6400 MT/s
CPU 0 runs /home1/sweta/traces/qualcomm_traces/server_039.champsimtrace.xz
.xz
BTB has LRU replacement policy
ITLB has LRU replacement policy
DTLB has LRU replacement policy
STLB has LRU replacement policy
L1I has LRU replacement policy
CPU 0 L1D IP-based stride prefetcher
L1D has LRU replacement policy
Initialize SRRIP state for L2C
Initialize Mockingjay state for LLC
Heartbeat CPU 0 instructions: 10000000 cycles: 1972253 heartbeat IPC: 5.07034 cumulative IPC: 5.07034 (Simulation time: 0 hr 0 min 19 sec) 
Heartbeat CPU 0 instructions: 20000006 cycles: 3943892 heartbeat IPC: 5.07193 cumulative IPC: 5.07113 (Simulation time: 0 hr 0 min 38 sec) 
Heartbeat CPU 0 instructions: 30000007 cycles: 5916090 heartbeat IPC: 5.07049 cumulative IPC: 5.07092 (Simulation time: 0 hr 0 min 57 sec) 
Heartbeat CPU 0 instructions: 40000004 cycles: 7887604 heartbeat IPC: 5.07224 cumulative IPC: 5.07125 (Simulation time: 0 hr 1 min 17 sec) 
Heartbeat CPU 0 instructions: 50000005 cycles: 9859048 heartbeat IPC: 5.07242 cumulative IPC: 5.07148 (Simulation time: 0 hr 1 min 36 sec) 
Heartbeat CPU 0 instructions: 60000004 cycles: 11830480 heartbeat IPC: 5.07245 cumulative IPC: 5.07165 (Simulation time: 0 hr 1 min 55 sec) 
Heartbeat CPU 0 instructions: 70000002 cycles: 13802004 heartbeat IPC: 5.07222 cumulative IPC: 5.07173 (Simulation time: 0 hr 2 min 15 sec) 
Heartbeat CPU 0 instructions: 80000005 cycles: 15773436 heartbeat IPC: 5.07246 cumulative IPC: 5.07182 (Simulation time: 0 hr 2 min 34 sec) 
Heartbeat CPU 0 instructions: 90000000 cycles: 17744983 heartbeat IPC: 5.07216 cumulative IPC: 5.07186 (Simulation time: 0 hr 2 min 54 sec) 
Heartbeat CPU 0 instructions: 100000001 cycles: 19716666 heartbeat IPC: 5.07181 cumulative IPC: 5.07185 (Simulation time: 0 hr 3 min 12 sec) 
Heartbeat CPU 0 instructions: 110000004 cycles: 21688276 heartbeat IPC: 5.072 cumulative IPC: 5.07186 (Simulation time: 0 hr 3 min 32 sec) 
Heartbeat CPU 0 instructions: 120000002 cycles: 23659757 heartbeat IPC: 5.07233 cumulative IPC: 5.0719 (Simulation time: 0 hr 3 min 52 sec) 
Heartbeat CPU 0 instructions: 130000001 cycles: 25631318 heartbeat IPC: 5.07212 cumulative IPC: 5.07192 (Simulation time: 0 hr 4 min 10 sec) 
Heartbeat CPU 0 instructions: 140000007 cycles: 27602945 heartbeat IPC: 5.07196 cumulative IPC: 5.07192 (Simulation time: 0 hr 4 min 31 sec) 
Heartbeat CPU 0 instructions: 150000005 cycles: 29574553 heartbeat IPC: 5.072 cumulative IPC: 5.07193 (Simulation time: 0 hr 4 min 51 sec) 
Heartbeat CPU 0 instructions: 160000002 cycles: 31546044 heartbeat IPC: 5.0723 cumulative IPC: 5.07195 (Simulation time: 0 hr 5 min 10 sec) 
*** Reached end of trace for Core: 0 Repeating trace: /home1/sweta/traces/qualcomm_traces/server_039.champsimtrace.xz
Heartbeat CPU 0 instructions: 170000003 cycles: 33519214 heartbeat IPC: 5.06799 cumulative IPC: 5.07172 (Simulation time: 0 hr 5 min 29 sec) 
Heartbeat CPU 0 instructions: 180000000 cycles: 35490894 heartbeat IPC: 5.07182 cumulative IPC: 5.07172 (Simulation time: 0 hr 5 min 48 sec) 
Heartbeat CPU 0 instructions: 190000001 cycles: 37462533 heartbeat IPC: 5.07192 cumulative IPC: 5.07173 (Simulation time: 0 hr 6 min 7 sec) 
Heartbeat CPU 0 instructions: 200000005 cycles: 39434591 heartbeat IPC: 5.07085 cumulative IPC: 5.07169 (Simulation time: 0 hr 6 min 25 sec) 

Warmup complete CPU 0 instructions: 200000005 cycles: 39434591 (Simulation time: 0 hr 6 min 25 sec) 

Heartbeat CPU 0 instructions: 210000005 cycles: 51981123 heartbeat IPC: 0.797033 cumulative IPC: 0.797033 (Simulation time: 0 hr 6 min 54 sec) 
Heartbeat CPU 0 instructions: 220000001 cycles: 64481109 heartbeat IPC: 0.800001 cumulative IPC: 0.798514 (Simulation time: 0 hr 7 min 21 sec) 
Heartbeat CPU 0 instructions: 230000003 cycles: 76969825 heartbeat IPC: 0.800723 cumulative IPC: 0.799249 (Simulation time: 0 hr 7 min 48 sec) 
Heartbeat CPU 0 instructions: 240000001 cycles: 89460784 heartbeat IPC: 0.800579 cumulative IPC: 0.799581 (Simulation time: 0 hr 8 min 15 sec) 
Heartbeat CPU 0 instructions: 250000004 cycles: 102020412 heartbeat IPC: 0.796202 cumulative IPC: 0.798903 (Simulation time: 0 hr 8 min 41 sec) 
Heartbeat CPU 0 instructions: 260000004 cycles: 114637394 heartbeat IPC: 0.792583 cumulative IPC: 0.797843 (Simulation time: 0 hr 9 min 8 sec) 
Heartbeat CPU 0 instructions: 270000000 cycles: 127247212 heartbeat IPC: 0.793033 cumulative IPC: 0.797152 (Simulation time: 0 hr 9 min 34 sec) 
Heartbeat CPU 0 instructions: 280000004 cycles: 139776936 heartbeat IPC: 0.798102 cumulative IPC: 0.797271 (Simulation time: 0 hr 10 min 0 sec) 
Heartbeat CPU 0 instructions: 290000007 cycles: 152261182 heartbeat IPC: 0.80101 cumulative IPC: 0.797684 (Simulation time: 0 hr 10 min 26 sec) 
Heartbeat CPU 0 instructions: 300000000 cycles: 164750277 heartbeat IPC: 0.800698 cumulative IPC: 0.797985 (Simulation time: 0 hr 10 min 52 sec) 
Heartbeat CPU 0 instructions: 310000002 cycles: 177257975 heartbeat IPC: 0.799508 cumulative IPC: 0.798123 (Simulation time: 0 hr 11 min 18 sec) 
Heartbeat CPU 0 instructions: 320000005 cycles: 189754569 heartbeat IPC: 0.800218 cumulative IPC: 0.798297 (Simulation time: 0 hr 11 min 44 sec) 
*** Reached end of trace for Core: 0 Repeating trace: /home1/sweta/traces/qualcomm_traces/server_039.champsimtrace.xz
Heartbeat CPU 0 instructions: 330000000 cycles: 202400218 heartbeat IPC: 0.790785 cumulative IPC: 0.797714 (Simulation time: 0 hr 12 min 20 sec) 
Heartbeat CPU 0 instructions: 340000001 cycles: 214820065 heartbeat IPC: 0.805163 cumulative IPC: 0.798242 (Simulation time: 0 hr 12 min 53 sec) 
Heartbeat CPU 0 instructions: 350000005 cycles: 227237910 heartbeat IPC: 0.805293 cumulative IPC: 0.798708 (Simulation time: 0 hr 13 min 18 sec) 
Heartbeat CPU 0 instructions: 360000000 cycles: 239734410 heartbeat IPC: 0.800224 cumulative IPC: 0.798802 (Simulation time: 0 hr 13 min 44 sec) 
Heartbeat CPU 0 instructions: 370000003 cycles: 252223873 heartbeat IPC: 0.800675 cumulative IPC: 0.798912 (Simulation time: 0 hr 14 min 10 sec) 
Heartbeat CPU 0 instructions: 380000002 cycles: 264714771 heartbeat IPC: 0.800583 cumulative IPC: 0.799005 (Simulation time: 0 hr 14 min 36 sec) 
Heartbeat CPU 0 instructions: 390000001 cycles: 277203361 heartbeat IPC: 0.800731 cumulative IPC: 0.799096 (Simulation time: 0 hr 15 min 1 sec) 
Heartbeat CPU 0 instructions: 400000001 cycles: 289694812 heartbeat IPC: 0.800548 cumulative IPC: 0.799168 (Simulation time: 0 hr 15 min 28 sec) 
Finished CPU 0 instructions: 200000003 cycles: 250260227 cumulative IPC: 0.799168 (Simulation time: 0 hr 15 min 28 sec) 

ChampSim completed all CPUs

Region of Interest Statistics

CPU 0 cumulative IPC: 0.799168 instructions: 200000003 cycles: 250260227
ITLB TOTAL     ACCESS:   22657314  HIT:   20502653  MISS:    2154661  HIT %:    90.4902  MISS %:    9.50978   MPKI: 10.7733
ITLB LOAD TRANSLATION ACCESS:   22657314  HIT:   20502653  MISS:    2154661  HIT %:    90.4902  MISS %:    9.50978   MPKI: 10.7733
ITLB PREFETCH  REQUESTED:          0  ISSUED:          0  USEFUL:          0  USELESS:          0
ITLB USEFUL LOAD PREFETCHES:          0 PREFETCH ISSUED TO LOWER LEVEL:          0  ACCURACY: -nan
ITLB TIMELY PREFETCHES:          0 LATE PREFETCHES: 0 DROPPED PREFETCHES: 0
ITLB PREFETCHES SAME FILL-ORIGIN LEVEL: 0 DIFFERENT FILL-ORIGIN LEVEL: 0
ITLB AVERAGE MISS LATENCY:    9.00588 cycles AVERAGE LOAD MISS LATENCY:       -nan cycles Load Miss          0
ITLB Average MSHR Occupancy:   0.069067
ITLB RQ	ACCESS:   27993912	FORWARD:          0	MERGED:    3187475	TO_CACHE:   24806437

DTLB TOTAL     ACCESS:   31844496  HIT:   30688104  MISS:    1156392  HIT %:    96.3686  MISS %:    3.63137   MPKI: 5.78196
DTLB LOAD TRANSLATION ACCESS:   31844496  HIT:   30688104  MISS:    1156392  HIT %:    96.3686  MISS %:    3.63137   MPKI: 5.78196
DTLB PREFETCH  REQUESTED:          0  ISSUED:          0  USEFUL:          0  USELESS:          0
DTLB USEFUL LOAD PREFETCHES:          0 PREFETCH ISSUED TO LOWER LEVEL:          0  ACCURACY: -nan
DTLB TIMELY PREFETCHES:          0 LATE PREFETCHES: 0 DROPPED PREFETCHES: 0
DTLB PREFETCHES SAME FILL-ORIGIN LEVEL: 0 DIFFERENT FILL-ORIGIN LEVEL: 0
DTLB AVERAGE MISS LATENCY:    9.02163 cycles AVERAGE LOAD MISS LATENCY:       -nan cycles Load Miss          0
DTLB Average MSHR Occupancy:  0.0374532
DTLB RQ	ACCESS:   52312420	FORWARD:          0	MERGED:   20357441	TO_CACHE:   31954979

STLB TOTAL     ACCESS:    3809872  HIT:    3809872  MISS:          0  HIT %:        100  MISS %:          0   MPKI: 0
STLB LOAD TRANSLATION ACCESS:    3311053  HIT:    3311053  MISS:          0  HIT %:        100  MISS %:          0   MPKI: 0
STLB TRANSLATION FROM L1D PREFETCHER ACCESS:     498819  HIT:     498819  MISS:          0  HIT %:        100  MISS %:          0   MPKI: 0
STLB PREFETCH  REQUESTED:          0  ISSUED:          0  USEFUL:          0  USELESS:          0
STLB USEFUL LOAD PREFETCHES:          0 PREFETCH ISSUED TO LOWER LEVEL:          0  ACCURACY: -nan
STLB TIMELY PREFETCHES:          0 LATE PREFETCHES: 0 DROPPED PREFETCHES: 0
STLB PREFETCHES SAME FILL-ORIGIN LEVEL: 0 DIFFERENT FILL-ORIGIN LEVEL: 0
STLB AVERAGE MISS LATENCY:       -nan cycles AVERAGE LOAD MISS LATENCY:       -nan cycles Load Miss          0
STLB Average MSHR Occupancy: 9.43418e-06
STLB RQ	ACCESS:    4609380	FORWARD:          0	MERGED:     799508	TO_CACHE:    3809872

STLB Hit, L1D data hit: 0
STLB Hit, L2C data hit: 0
STLB Hit, LLC data hit: 0
STLB Hit, LLC data miss: 0
STLB STLB hints to L2: 0
L1D TOTAL     ACCESS:   53547622  HIT:   53334626  MISS:     212996  HIT %:    99.6022  MISS %:   0.397769   MPKI: 1.06498
L1D LOAD      ACCESS:   24663651  HIT:   24500526  MISS:     163125  HIT %:    99.3386  MISS %:   0.661398   MPKI: 0.815625
L1D RFO       ACCESS:   27585718  HIT:   27554347  MISS:      31371  HIT %:    99.8863  MISS %:   0.113722   MPKI: 0.156855
L1D PREFETCH  ACCESS:    1298253  HIT:    1279753  MISS:      18500  HIT %:     98.575  MISS %:    1.42499   MPKI: 0.0925
AGUS PREFETCH L1 MISS: 0
L1D PREFETCH  REQUESTED:    3325632  ISSUED:    3325632  USEFUL:      12219  USELESS:       6292
L1D USEFUL LOAD PREFETCHES:      12219 PREFETCH ISSUED TO LOWER LEVEL:      18513  ACCURACY: 66.0023
L1D TIMELY PREFETCHES:      12219 LATE PREFETCHES: 13 DROPPED PREFETCHES: 0
L1D PREFETCHES SAME FILL-ORIGIN LEVEL: 18513 DIFFERENT FILL-ORIGIN LEVEL: 0
L1D AVERAGE MISS LATENCY:    15.0207 cycles AVERAGE LOAD MISS LATENCY:    15.0092 cycles Load Miss     163125
L1D Average MSHR Occupancy:  0.0128823
L1D RQ	ACCESS:   42190399	FORWARD:          0	MERGED:   17258784	TO_CACHE:   24665179
L1D WQ	ACCESS:   28081576	FORWARD:     266436	MERGED:     434335	TO_CACHE:   27647241
L1D PQ	ACCESS:    2027305	FORWARD:          0	MERGED:     728978	TO_CACHE:    1298327

L1D UNIQUE REGIONS ACCESSED: 0
L1D REGIONS CONFLICTS: 0
L1D Cross Page Prefetch Requests: 0
L1D Same Page Prefetch Requests: 3562471
L1D ROI Sum of L1D PQ occupancy: 16608801
L1D PREFETCHES PUSHED FROM L2C: 0
L1I TOTAL     ACCESS:   27017261  HIT:    9494764  MISS:   17522497  HIT %:    35.1433  MISS %:    64.8567   MPKI: 87.6125
L1I LOAD      ACCESS:   27017261  HIT:    9494764  MISS:   17522497  HIT %:    35.1433  MISS %:    64.8567   MPKI: 87.6125
L1I PREFETCH  REQUESTED:          0  ISSUED:          0  USEFUL:          0  USELESS:          0
L1I USEFUL LOAD PREFETCHES:          0 PREFETCH ISSUED TO LOWER LEVEL:          0  ACCURACY: -nan
L1I TIMELY PREFETCHES:          0 LATE PREFETCHES: 0 DROPPED PREFETCHES: 0
L1I PREFETCHES SAME FILL-ORIGIN LEVEL: 0 DIFFERENT FILL-ORIGIN LEVEL: 0
L1I AVERAGE MISS LATENCY:    14.2401 cycles AVERAGE LOAD MISS LATENCY:    14.2401 cycles Load Miss   17522497
L1I Average MSHR Occupancy:   0.946999
L1I RQ	ACCESS:   49117648	FORWARD:          0	MERGED:   21123736	TO_CACHE:   27993912

BTB TOTAL     ACCESS:   27127363  HIT:   23747129  MISS:    3380234  HIT %:    87.5394  MISS %:    12.4606   MPKI: 16.9012
BTB BRANCH_DIRECT_JUMP	ACCESS:    1854670  HIT:    1769528  MISS:      85142
BTB BRANCH_INDIRECT	ACCESS:   11982837  HIT:   10670768  MISS:    1312069
BTB BRANCH_CONDITIONAL	ACCESS:    4159484  HIT:    4059954  MISS:      99530
BTB BRANCH_DIRECT_CALL	ACCESS:    3881833  HIT:    3707799  MISS:     174034
BTB BRANCH_INDIRECT_CALL	ACCESS:     683352  HIT:     534463  MISS:     148889
BTB BRANCH_RETURN	ACCESS:    4565187  HIT:    3004617  MISS:    1560570
BTB BRANCH_OTHER ACCESS:          0  HIT:          0  MISS:          0

L2C TOTAL     ACCESS:   17830117  HIT:   17830106  MISS:         11  HIT %:    99.9999  MISS %: 6.16934e-05   MPKI: 5.5e-05
L2C LOAD      ACCESS:   17685608  HIT:   17685608  MISS:          0  HIT %:        100  MISS %:          0   MPKI: 0
L2C DATA LOAD MPKI: 0
L2C INSTRUCTION LOAD MPKI: 0
L2C RFO       ACCESS:      31371  HIT:      31371  MISS:          0  HIT %:        100  MISS %:          0   MPKI: 0
L2C PREFETCH  ACCESS:      18513  HIT:      18502  MISS:         11  HIT %:    99.9406  MISS %:  0.0594177   MPKI: 5.5e-05
AGUS PREFETCH L1 MISS: 0
L2C DATA PREFETCH MPKI: 5.5e-05
L2C INSTRUCTION PREFETCH MPKI: 0
L2C WRITEBACK ACCESS:      94625  HIT:      94625  MISS:          0  HIT %:        100  MISS %:          0   MPKI: 0
L2C PREFETCH  REQUESTED:          0  ISSUED:          0  USEFUL:          0  USELESS:          0
L2C USEFUL LOAD PREFETCHES:          0 PREFETCH ISSUED TO LOWER LEVEL:         11  ACCURACY: 0
L2C TIMELY PREFETCHES:          0 LATE PREFETCHES: 0 DROPPED PREFETCHES: 0
L2C PREFETCHES SAME FILL-ORIGIN LEVEL: 0 DIFFERENT FILL-ORIGIN LEVEL: 0
L2C AVERAGE MISS LATENCY:    243.636 cycles AVERAGE LOAD MISS LATENCY:       -nan cycles Load Miss          0
L2C Average MSHR Occupancy: 3.21665e-05
L2C RQ	ACCESS:   17716978	FORWARD:          0	MERGED:          0	TO_CACHE:   17716978
L2C WQ	ACCESS:      94625	FORWARD:          0	MERGED:          0	TO_CACHE:      94625
L2C PQ	ACCESS:      18513	FORWARD:          0	MERGED:          0	TO_CACHE:      18513

L2C Instructions Evicting Data 0
L2C Translations Evicting Data 0
L2C Data Evicting Data 0
L2C Instructions Evicting Instructions 0
L2C Translations Evicting Instructions 0
L2C Data Evicting Instructions 0
L2C Instructions Evicting Translations 0
L2C Translations Evicting Translations 0
L2C Data Evicting Translations 0
L2C Dense regions hint from L2: 0
PSCL5 PREFETCH  REQUESTED:          0  ISSUED:          0  USEFUL:          0  USELESS:          0
PSCL5 USEFUL LOAD PREFETCHES:          0 PREFETCH ISSUED TO LOWER LEVEL:          0  ACCURACY: -nan
PSCL5 TIMELY PREFETCHES:          0 LATE PREFETCHES: 0 DROPPED PREFETCHES: 0
PSCL5 PREFETCHES SAME FILL-ORIGIN LEVEL: 0 DIFFERENT FILL-ORIGIN LEVEL: 0

PSCL4 PREFETCH  REQUESTED:          0  ISSUED:          0  USEFUL:          0  USELESS:          0
PSCL4 USEFUL LOAD PREFETCHES:          0 PREFETCH ISSUED TO LOWER LEVEL:          0  ACCURACY: -nan
PSCL4 TIMELY PREFETCHES:          0 LATE PREFETCHES: 0 DROPPED PREFETCHES: 0
PSCL4 PREFETCHES SAME FILL-ORIGIN LEVEL: 0 DIFFERENT FILL-ORIGIN LEVEL: 0

PSCL3 PREFETCH  REQUESTED:          0  ISSUED:          0  USEFUL:          0  USELESS:          0
PSCL3 USEFUL LOAD PREFETCHES:          0 PREFETCH ISSUED TO LOWER LEVEL:          0  ACCURACY: -nan
PSCL3 TIMELY PREFETCHES:          0 LATE PREFETCHES: 0 DROPPED PREFETCHES: 0
PSCL3 PREFETCHES SAME FILL-ORIGIN LEVEL: 0 DIFFERENT FILL-ORIGIN LEVEL: 0

PSCL2 PREFETCH  REQUESTED:          0  ISSUED:          0  USEFUL:          0  USELESS:          0
PSCL2 USEFUL LOAD PREFETCHES:          0 PREFETCH ISSUED TO LOWER LEVEL:          0  ACCURACY: -nan
PSCL2 TIMELY PREFETCHES:          0 LATE PREFETCHES: 0 DROPPED PREFETCHES: 0
PSCL2 PREFETCHES SAME FILL-ORIGIN LEVEL: 0 DIFFERENT FILL-ORIGIN LEVEL: 0

LLC TOTAL     ACCESS:         11  HIT:          0  MISS:         11  HIT %:          0  MISS %:        100   MPKI: 5.5e-05
LLC PREFETCH  ACCESS:         11  HIT:          0  MISS:         11  HIT %:          0  MISS %:        100   MPKI: 5.5e-05
AGUS PREFETCH L1 MISS: 0
LLC PREFETCH  REQUESTED:          0  ISSUED:          0  USEFUL:          0  USELESS:          0
LLC USEFUL LOAD PREFETCHES:          0 PREFETCH ISSUED TO LOWER LEVEL:         11  ACCURACY: 0
LLC TIMELY PREFETCHES:          0 LATE PREFETCHES: 0 DROPPED PREFETCHES: 0
LLC PREFETCHES SAME FILL-ORIGIN LEVEL: 0 DIFFERENT FILL-ORIGIN LEVEL: 0
LLC AVERAGE MISS LATENCY:    198.636 cycles AVERAGE LOAD MISS LATENCY:       -nan cycles Load Miss          0
LLC Average MSHR Occupancy: 8.68696e-06
LLC PQ	ACCESS:         11	FORWARD:          0	MERGED:          0	TO_CACHE:         11

LLC Dense regions hint to LLC: 0

RAW hits: 6594649
Loads Generated: 48785042
Loads sent to L1D: 42190399
Stores Generated: 28081560
Stores sent to L1D: 28081576
Major fault: 0 Minor fault: 690
Allocated PAGES: 690
CPU 0 L1D PC-based stride prefetcher final stats
Degree: 3
================ Mockingjay (LLC) Pollution Stats ================
Total pollution count in LLC: 0
==================================================================

DRAM Statistics
 CHANNEL 0
 RQ ROW_BUFFER_HIT:          2  ROW_BUFFER_MISS:          9
 DBUS_CONGESTED:          0
 WQ ROW_BUFFER_HIT:          0  ROW_BUFFER_MISS:          0  FULL:          0

 AVG_CONGESTED_CYCLE: -
 All warmup complete: 2
Channel 0 Bank busy for read cycles: 0
Channel 0 Bank busy for write cycles: 0
Channel 0
Rank 0
0banks busy for read cycles: 250259225
0banks busy for write cycles: 0
1banks busy for read cycles: 556
1banks busy for write cycles: 0
2banks busy for read cycles: 447
2banks busy for write cycles: 0
3banks busy for read cycles: 0
3banks busy for write cycles: 0
4banks busy for read cycles: 0
4banks busy for write cycles: 0
5banks busy for read cycles: 0
5banks busy for write cycles: 0
6banks busy for read cycles: 0
6banks busy for write cycles: 0
7banks busy for read cycles: 0
7banks busy for write cycles: 0
8banks busy for read cycles: 0
8banks busy for write cycles: 0

CPU 0 Branch Prediction Accuracy: 99.9425% MPKI: 0.092405 Average ROB Occupancy at Mispredict: 78.326
Branch types
NOT_BRANCH: 167870578 83.9353%
BRANCH_DIRECT_JUMP: 1854670 0.927335%
BRANCH_INDIRECT: 11982837 5.99142%
BRANCH_CONDITIONAL: 9161380 4.58069%
BRANCH_DIRECT_CALL: 3881833 1.94092%
BRANCH_INDIRECT_CALL: 683352 0.341676%
BRANCH_RETURN: 4565187 2.28259%
BRANCH_OTHER: 0 0%

===================== LRU L1D STATS =====================
Total pollution count in L1D: 25296
=========================================================
================ SRRIP (L2C) Pollution Stats ================
Total pollution count in L2c: 0
==================================================================
DRAM PAGES: 1048576
Allocated PAGES: 690
