
*** ChampSim Multicore Out-of-Order Simulator ***

Warmup Instructions: 200000000
Simulation Instructions: 200000000
Number of CPUs: 1
LLC sets: 4096
LLC ways: 12
Off-chip DRAM Size: 4096 MB Channels: 1 Width: 64-bit Data Rate: 6400 MT/s
CPU 0 runs /home1/sweta/traces/qualcomm_traces/srv_59.champsimtrace.xz
.xz
BTB has LRU replacement policy
ITLB has LRU replacement policy
DTLB has LRU replacement policy
STLB has LRU replacement policy
L1I has LRU replacement policy
CPU 0 L1D IP-based stride prefetcher
L1D has LRU replacement policy
Initialize SRRIP state for L2C
Initialize Mockingjay state for LLC
Heartbeat CPU 0 instructions: 10000000 cycles: 2321719 heartbeat IPC: 4.30715 cumulative IPC: 4.30715 (Simulation time: 0 hr 0 min 29 sec) 
Heartbeat CPU 0 instructions: 20000002 cycles: 4529070 heartbeat IPC: 4.53032 cumulative IPC: 4.41592 (Simulation time: 0 hr 0 min 52 sec) 
Heartbeat CPU 0 instructions: 30000005 cycles: 6698689 heartbeat IPC: 4.60911 cumulative IPC: 4.47849 (Simulation time: 0 hr 1 min 16 sec) 
*** Reached end of trace for Core: 0 Repeating trace: /home1/sweta/traces/qualcomm_traces/srv_59.champsimtrace.xz
Heartbeat CPU 0 instructions: 40000007 cycles: 8998058 heartbeat IPC: 4.34902 cumulative IPC: 4.4454 (Simulation time: 0 hr 1 min 43 sec) 
Heartbeat CPU 0 instructions: 50000003 cycles: 11227223 heartbeat IPC: 4.48598 cumulative IPC: 4.45346 (Simulation time: 0 hr 2 min 6 sec) 
Heartbeat CPU 0 instructions: 60000007 cycles: 13404617 heartbeat IPC: 4.59265 cumulative IPC: 4.47607 (Simulation time: 0 hr 2 min 25 sec) 
*** Reached end of trace for Core: 0 Repeating trace: /home1/sweta/traces/qualcomm_traces/srv_59.champsimtrace.xz
Heartbeat CPU 0 instructions: 70000006 cycles: 15674008 heartbeat IPC: 4.40647 cumulative IPC: 4.46599 (Simulation time: 0 hr 2 min 50 sec) 
Heartbeat CPU 0 instructions: 80000001 cycles: 17933568 heartbeat IPC: 4.42564 cumulative IPC: 4.46091 (Simulation time: 0 hr 3 min 13 sec) 
Heartbeat CPU 0 instructions: 90000000 cycles: 20105990 heartbeat IPC: 4.60316 cumulative IPC: 4.47628 (Simulation time: 0 hr 3 min 32 sec) 
*** Reached end of trace for Core: 0 Repeating trace: /home1/sweta/traces/qualcomm_traces/srv_59.champsimtrace.xz
Heartbeat CPU 0 instructions: 100000001 cycles: 22356303 heartbeat IPC: 4.44383 cumulative IPC: 4.47301 (Simulation time: 0 hr 3 min 55 sec) 
Heartbeat CPU 0 instructions: 110000004 cycles: 24633858 heartbeat IPC: 4.39067 cumulative IPC: 4.4654 (Simulation time: 0 hr 4 min 18 sec) 
Heartbeat CPU 0 instructions: 120000000 cycles: 26802155 heartbeat IPC: 4.61191 cumulative IPC: 4.47725 (Simulation time: 0 hr 4 min 36 sec) 
*** Reached end of trace for Core: 0 Repeating trace: /home1/sweta/traces/qualcomm_traces/srv_59.champsimtrace.xz
Heartbeat CPU 0 instructions: 130000000 cycles: 29039434 heartbeat IPC: 4.46972 cumulative IPC: 4.47667 (Simulation time: 0 hr 4 min 57 sec) 
Heartbeat CPU 0 instructions: 140000004 cycles: 31338757 heartbeat IPC: 4.34911 cumulative IPC: 4.46731 (Simulation time: 0 hr 5 min 20 sec) 
Heartbeat CPU 0 instructions: 150000007 cycles: 33504077 heartbeat IPC: 4.61826 cumulative IPC: 4.47707 (Simulation time: 0 hr 5 min 38 sec) 
*** Reached end of trace for Core: 0 Repeating trace: /home1/sweta/traces/qualcomm_traces/srv_59.champsimtrace.xz
Heartbeat CPU 0 instructions: 160000003 cycles: 35723986 heartbeat IPC: 4.50469 cumulative IPC: 4.47878 (Simulation time: 0 hr 5 min 57 sec) 
Heartbeat CPU 0 instructions: 170000000 cycles: 38042161 heartbeat IPC: 4.31374 cumulative IPC: 4.46873 (Simulation time: 0 hr 6 min 21 sec) 
Heartbeat CPU 0 instructions: 180000000 cycles: 40208669 heartbeat IPC: 4.61572 cumulative IPC: 4.47665 (Simulation time: 0 hr 6 min 39 sec) 
*** Reached end of trace for Core: 0 Repeating trace: /home1/sweta/traces/qualcomm_traces/srv_59.champsimtrace.xz
Heartbeat CPU 0 instructions: 190000000 cycles: 42407010 heartbeat IPC: 4.54888 cumulative IPC: 4.48039 (Simulation time: 0 hr 6 min 57 sec) 
Heartbeat CPU 0 instructions: 200000004 cycles: 44745428 heartbeat IPC: 4.2764 cumulative IPC: 4.46973 (Simulation time: 0 hr 7 min 22 sec) 

Warmup complete CPU 0 instructions: 200000004 cycles: 44745428 (Simulation time: 0 hr 7 min 22 sec) 

Heartbeat CPU 0 instructions: 210000002 cycles: 61622518 heartbeat IPC: 0.592519 cumulative IPC: 0.592519 (Simulation time: 0 hr 7 min 48 sec) 
*** Reached end of trace for Core: 0 Repeating trace: /home1/sweta/traces/qualcomm_traces/srv_59.champsimtrace.xz
Heartbeat CPU 0 instructions: 220000001 cycles: 78258565 heartbeat IPC: 0.601104 cumulative IPC: 0.596781 (Simulation time: 0 hr 8 min 14 sec) 
Heartbeat CPU 0 instructions: 230000007 cycles: 87137791 heartbeat IPC: 1.12622 cumulative IPC: 0.707675 (Simulation time: 0 hr 8 min 44 sec) 
Heartbeat CPU 0 instructions: 240000001 cycles: 103871505 heartbeat IPC: 0.597596 cumulative IPC: 0.67652 (Simulation time: 0 hr 9 min 9 sec) 
*** Reached end of trace for Core: 0 Repeating trace: /home1/sweta/traces/qualcomm_traces/srv_59.champsimtrace.xz
Heartbeat CPU 0 instructions: 250000001 cycles: 120420853 heartbeat IPC: 0.604253 cumulative IPC: 0.660716 (Simulation time: 0 hr 9 min 35 sec) 
Heartbeat CPU 0 instructions: 260000000 cycles: 129676065 heartbeat IPC: 1.08047 cumulative IPC: 0.706459 (Simulation time: 0 hr 10 min 4 sec) 
Heartbeat CPU 0 instructions: 270000000 cycles: 146205321 heartbeat IPC: 0.604988 cumulative IPC: 0.689928 (Simulation time: 0 hr 10 min 30 sec) 
*** Reached end of trace for Core: 0 Repeating trace: /home1/sweta/traces/qualcomm_traces/srv_59.champsimtrace.xz
Heartbeat CPU 0 instructions: 280000000 cycles: 162782121 heartbeat IPC: 0.603253 cumulative IPC: 0.677755 (Simulation time: 0 hr 10 min 56 sec) 
Heartbeat CPU 0 instructions: 290000002 cycles: 172827519 heartbeat IPC: 0.995481 cumulative IPC: 0.702674 (Simulation time: 0 hr 11 min 23 sec) 
Heartbeat CPU 0 instructions: 300000003 cycles: 188382124 heartbeat IPC: 0.642896 cumulative IPC: 0.696201 (Simulation time: 0 hr 11 min 50 sec) 
Heartbeat CPU 0 instructions: 310000003 cycles: 205214286 heartbeat IPC: 0.594101 cumulative IPC: 0.685491 (Simulation time: 0 hr 12 min 16 sec) 
*** Reached end of trace for Core: 0 Repeating trace: /home1/sweta/traces/qualcomm_traces/srv_59.champsimtrace.xz
Heartbeat CPU 0 instructions: 320000003 cycles: 215964267 heartbeat IPC: 0.930234 cumulative IPC: 0.700857 (Simulation time: 0 hr 12 min 44 sec) 
Heartbeat CPU 0 instructions: 330000003 cycles: 230777404 heartbeat IPC: 0.675076 cumulative IPC: 0.698805 (Simulation time: 0 hr 13 min 11 sec) 
Heartbeat CPU 0 instructions: 340000006 cycles: 247517917 heartbeat IPC: 0.597353 cumulative IPC: 0.690429 (Simulation time: 0 hr 13 min 37 sec) 
*** Reached end of trace for Core: 0 Repeating trace: /home1/sweta/traces/qualcomm_traces/srv_59.champsimtrace.xz
Heartbeat CPU 0 instructions: 350000004 cycles: 259101628 heartbeat IPC: 0.863281 cumulative IPC: 0.69977 (Simulation time: 0 hr 14 min 4 sec) 
Heartbeat CPU 0 instructions: 360000000 cycles: 272982914 heartbeat IPC: 0.720394 cumulative IPC: 0.701024 (Simulation time: 0 hr 14 min 30 sec) 
Heartbeat CPU 0 instructions: 370000000 cycles: 289693616 heartbeat IPC: 0.598419 cumulative IPC: 0.694024 (Simulation time: 0 hr 14 min 54 sec) 
*** Reached end of trace for Core: 0 Repeating trace: /home1/sweta/traces/qualcomm_traces/srv_59.champsimtrace.xz
Heartbeat CPU 0 instructions: 380000001 cycles: 302359776 heartbeat IPC: 0.789505 cumulative IPC: 0.698719 (Simulation time: 0 hr 15 min 19 sec) 
Heartbeat CPU 0 instructions: 390000003 cycles: 315206159 heartbeat IPC: 0.778429 cumulative IPC: 0.702505 (Simulation time: 0 hr 15 min 44 sec) 
Heartbeat CPU 0 instructions: 400000000 cycles: 332024599 heartbeat IPC: 0.594585 cumulative IPC: 0.696187 (Simulation time: 0 hr 16 min 7 sec) 
Finished CPU 0 instructions: 200000004 cycles: 287279172 cumulative IPC: 0.696187 (Simulation time: 0 hr 16 min 7 sec) 

ChampSim completed all CPUs

Region of Interest Statistics

CPU 0 cumulative IPC: 0.696187 instructions: 200000004 cycles: 287279172
ITLB TOTAL     ACCESS:   28403969  HIT:   27826960  MISS:     577009  HIT %:    97.9686  MISS %:    2.03144   MPKI: 2.88504
ITLB LOAD TRANSLATION ACCESS:   28403969  HIT:   27826960  MISS:     577009  HIT %:    97.9686  MISS %:    2.03144   MPKI: 2.88504
ITLB PREFETCH  REQUESTED:          0  ISSUED:          0  USEFUL:          0  USELESS:          0
ITLB USEFUL LOAD PREFETCHES:          0 PREFETCH ISSUED TO LOWER LEVEL:          0  ACCURACY: -nan
ITLB TIMELY PREFETCHES:          0 LATE PREFETCHES: 0 DROPPED PREFETCHES: 0
ITLB PREFETCHES SAME FILL-ORIGIN LEVEL: 0 DIFFERENT FILL-ORIGIN LEVEL: 0
ITLB AVERAGE MISS LATENCY:    9.00987 cycles AVERAGE LOAD MISS LATENCY:       -nan cycles Load Miss          0
ITLB Average MSHR Occupancy:  0.0161128
ITLB RQ	ACCESS:   32372365	FORWARD:          0	MERGED:    3495371	TO_CACHE:   28876994

DTLB TOTAL     ACCESS:   37249666  HIT:   36543218  MISS:     706448  HIT %:    98.1035  MISS %:    1.89652   MPKI: 3.53224
DTLB LOAD TRANSLATION ACCESS:   37249666  HIT:   36543218  MISS:     706448  HIT %:    98.1035  MISS %:    1.89652   MPKI: 3.53224
DTLB PREFETCH  REQUESTED:          0  ISSUED:          0  USEFUL:          0  USELESS:          0
DTLB USEFUL LOAD PREFETCHES:          0 PREFETCH ISSUED TO LOWER LEVEL:          0  ACCURACY: -nan
DTLB TIMELY PREFETCHES:          0 LATE PREFETCHES: 0 DROPPED PREFETCHES: 0
DTLB PREFETCHES SAME FILL-ORIGIN LEVEL: 0 DIFFERENT FILL-ORIGIN LEVEL: 0
DTLB AVERAGE MISS LATENCY:    9.03028 cycles AVERAGE LOAD MISS LATENCY:       -nan cycles Load Miss          0
DTLB Average MSHR Occupancy:  0.0199111
DTLB RQ	ACCESS:   54317595	FORWARD:          0	MERGED:   17024679	TO_CACHE:   37292916

STLB TOTAL     ACCESS:    2034569  HIT:    2033907  MISS:        662  HIT %:    99.9675  MISS %:  0.0325376   MPKI: 0.00331
STLB LOAD TRANSLATION ACCESS:    1283457  HIT:    1282795  MISS:        662  HIT %:    99.9484  MISS %:  0.0515794   MPKI: 0.00331
STLB TRANSLATION FROM L1D PREFETCHER ACCESS:     751112  HIT:     751112  MISS:          0  HIT %:        100  MISS %:          0   MPKI: 0
STLB PREFETCH  REQUESTED:          0  ISSUED:          0  USEFUL:          0  USELESS:          0
STLB USEFUL LOAD PREFETCHES:          0 PREFETCH ISSUED TO LOWER LEVEL:          0  ACCURACY: -nan
STLB TIMELY PREFETCHES:          0 LATE PREFETCHES: 0 DROPPED PREFETCHES: 0
STLB PREFETCHES SAME FILL-ORIGIN LEVEL: 0 DIFFERENT FILL-ORIGIN LEVEL: 0
STLB AVERAGE MISS LATENCY:    24.2734 cycles AVERAGE LOAD MISS LATENCY:       -nan cycles Load Miss          0
STLB Average MSHR Occupancy: 7.80426e-05
STLB RQ	ACCESS:    3478126	FORWARD:          0	MERGED:    1443557	TO_CACHE:    2034569

STLB Hit, L1D data hit: 0
STLB Hit, L2C data hit: 0
STLB Hit, LLC data hit: 0
STLB Hit, LLC data miss: 0
STLB STLB hints to L2: 0
L1D TOTAL     ACCESS:   56106326  HIT:   55023165  MISS:    1083161  HIT %:    98.0694  MISS %:    1.93055   MPKI: 5.4158
L1D LOAD      ACCESS:   33422232  HIT:   32735793  MISS:     686439  HIT %:    97.9462  MISS %:    2.05384   MPKI: 3.43219
L1D RFO       ACCESS:   20492721  HIT:   20187433  MISS:     305288  HIT %:    98.5103  MISS %:    1.48974   MPKI: 1.52644
L1D PREFETCH  ACCESS:    2191373  HIT:    2099939  MISS:      91434  HIT %:    95.8275  MISS %:    4.17245   MPKI: 0.45717
AGUS PREFETCH L1 MISS: 0
L1D PREFETCH  REQUESTED:    4423756  ISSUED:    4423728  USEFUL:      68979  USELESS:      22434
L1D USEFUL LOAD PREFETCHES:      68979 PREFETCH ISSUED TO LOWER LEVEL:      94409  ACCURACY: 73.064
L1D TIMELY PREFETCHES:      68979 LATE PREFETCHES: 2961 DROPPED PREFETCHES: 0
L1D PREFETCHES SAME FILL-ORIGIN LEVEL: 94409 DIFFERENT FILL-ORIGIN LEVEL: 0
L1D AVERAGE MISS LATENCY:    15.0591 cycles AVERAGE LOAD MISS LATENCY:    15.0193 cycles Load Miss     686439
L1D Average MSHR Occupancy:  0.0643292
L1D RQ	ACCESS:   48840019	FORWARD:          0	MERGED:   15172706	TO_CACHE:   33445154
L1D WQ	ACCESS:   21285664	FORWARD:     222159	MERGED:     413223	TO_CACHE:   20872441
L1D PQ	ACCESS:    2229059	FORWARD:          0	MERGED:      34390	TO_CACHE:    2194669

L1D UNIQUE REGIONS ACCESSED: 0
L1D REGIONS CONFLICTS: 0
L1D Cross Page Prefetch Requests: 0
L1D Same Page Prefetch Requests: 4383590
L1D ROI Sum of L1D PQ occupancy: 29263099
L1D PREFETCHES PUSHED FROM L2C: 0
L1I TOTAL     ACCESS:   30768146  HIT:    8711618  MISS:   22056528  HIT %:    28.3138  MISS %:    71.6862   MPKI: 110.283
L1I LOAD      ACCESS:   30768146  HIT:    8711618  MISS:   22056528  HIT %:    28.3138  MISS %:    71.6862   MPKI: 110.283
L1I PREFETCH  REQUESTED:          0  ISSUED:          0  USEFUL:          0  USELESS:          0
L1I USEFUL LOAD PREFETCHES:          0 PREFETCH ISSUED TO LOWER LEVEL:          0  ACCURACY: -nan
L1I TIMELY PREFETCHES:          0 LATE PREFETCHES: 0 DROPPED PREFETCHES: 0
L1I PREFETCHES SAME FILL-ORIGIN LEVEL: 0 DIFFERENT FILL-ORIGIN LEVEL: 0
L1I AVERAGE MISS LATENCY:    14.1012 cycles AVERAGE LOAD MISS LATENCY:    14.1012 cycles Load Miss   22056528
L1I Average MSHR Occupancy:    1.05321
L1I RQ	ACCESS:   55095905	FORWARD:          0	MERGED:   22723540	TO_CACHE:   32372365

BTB TOTAL     ACCESS:   34458012  HIT:   30764500  MISS:    3693512  HIT %:    89.2811  MISS %:    10.7189   MPKI: 18.4676
BTB BRANCH_DIRECT_JUMP	ACCESS:    3455809  HIT:    3287456  MISS:     168353
BTB BRANCH_INDIRECT	ACCESS:   13782059  HIT:   12675050  MISS:    1107009
BTB BRANCH_CONDITIONAL	ACCESS:    7884333  HIT:    7671063  MISS:     213270
BTB BRANCH_DIRECT_CALL	ACCESS:    2452263  HIT:    2153972  MISS:     298291
BTB BRANCH_INDIRECT_CALL	ACCESS:    2215668  HIT:    1976858  MISS:     238810
BTB BRANCH_RETURN	ACCESS:    4667880  HIT:    3000101  MISS:    1667779
BTB BRANCH_OTHER ACCESS:          0  HIT:          0  MISS:          0

L2C TOTAL     ACCESS:   23639612  HIT:   23639602  MISS:         10  HIT %:        100  MISS %: 4.23019e-05   MPKI: 5e-05
L2C LOAD      ACCESS:   22740005  HIT:   22740005  MISS:          0  HIT %:        100  MISS %:          0   MPKI: 0
L2C DATA LOAD MPKI: 0
L2C INSTRUCTION LOAD MPKI: 0
L2C RFO       ACCESS:     305273  HIT:     305273  MISS:          0  HIT %:        100  MISS %:          0   MPKI: 0
L2C PREFETCH  ACCESS:      94410  HIT:      94400  MISS:         10  HIT %:    99.9894  MISS %:  0.0105921   MPKI: 5e-05
AGUS PREFETCH L1 MISS: 0
L2C DATA PREFETCH MPKI: 5e-05
L2C INSTRUCTION PREFETCH MPKI: 0
L2C WRITEBACK ACCESS:     498945  HIT:     498945  MISS:          0  HIT %:        100  MISS %:          0   MPKI: 0
L2C LOAD TRANSLATION ACCESS:        979  HIT:        979  MISS:          0  HIT %:        100  MISS %:          0   MPKI: 0
L2C PREFETCH  REQUESTED:          0  ISSUED:          0  USEFUL:        107  USELESS:          0
L2C USEFUL LOAD PREFETCHES:        107 PREFETCH ISSUED TO LOWER LEVEL:         10  ACCURACY: 1070
L2C TIMELY PREFETCHES:        107 LATE PREFETCHES: 0 DROPPED PREFETCHES: 0
L2C PREFETCHES SAME FILL-ORIGIN LEVEL: 0 DIFFERENT FILL-ORIGIN LEVEL: 0
L2C AVERAGE MISS LATENCY:        230 cycles AVERAGE LOAD MISS LATENCY:       -nan cycles Load Miss          0
L2C Average MSHR Occupancy: 6.04778e-05
L2C RQ	ACCESS:   23046263	FORWARD:          0	MERGED:          0	TO_CACHE:   23046263
L2C WQ	ACCESS:     498945	FORWARD:          0	MERGED:          0	TO_CACHE:     498945
L2C PQ	ACCESS:      94409	FORWARD:          0	MERGED:          0	TO_CACHE:      94409

L2C Instructions Evicting Data 0
L2C Translations Evicting Data 0
L2C Data Evicting Data 0
L2C Instructions Evicting Instructions 0
L2C Translations Evicting Instructions 0
L2C Data Evicting Instructions 0
L2C Instructions Evicting Translations 0
L2C Translations Evicting Translations 0
L2C Data Evicting Translations 0
L2C Dense regions hint from L2: 0
PSCL5 TOTAL     ACCESS:        662  HIT:        662  MISS:          0  HIT %:        100  MISS %:          0   MPKI: 0
PSCL5 LOAD TRANSLATION ACCESS:        662  HIT:        662  MISS:          0  HIT %:        100  MISS %:          0   MPKI: 0
PSCL5 PREFETCH  REQUESTED:          0  ISSUED:          0  USEFUL:          0  USELESS:          0
PSCL5 USEFUL LOAD PREFETCHES:          0 PREFETCH ISSUED TO LOWER LEVEL:          0  ACCURACY: -nan
PSCL5 TIMELY PREFETCHES:          0 LATE PREFETCHES: 0 DROPPED PREFETCHES: 0
PSCL5 PREFETCHES SAME FILL-ORIGIN LEVEL: 0 DIFFERENT FILL-ORIGIN LEVEL: 0

PSCL4 TOTAL     ACCESS:        662  HIT:        662  MISS:          0  HIT %:        100  MISS %:          0   MPKI: 0
PSCL4 LOAD TRANSLATION ACCESS:        662  HIT:        662  MISS:          0  HIT %:        100  MISS %:          0   MPKI: 0
PSCL4 PREFETCH  REQUESTED:          0  ISSUED:          0  USEFUL:          0  USELESS:          0
PSCL4 USEFUL LOAD PREFETCHES:          0 PREFETCH ISSUED TO LOWER LEVEL:          0  ACCURACY: -nan
PSCL4 TIMELY PREFETCHES:          0 LATE PREFETCHES: 0 DROPPED PREFETCHES: 0
PSCL4 PREFETCHES SAME FILL-ORIGIN LEVEL: 0 DIFFERENT FILL-ORIGIN LEVEL: 0

PSCL3 TOTAL     ACCESS:        548  HIT:        439  MISS:        109  HIT %:    80.1095  MISS %:    19.8905   MPKI: 0.000545
PSCL3 LOAD TRANSLATION ACCESS:        548  HIT:        439  MISS:        109  HIT %:    80.1095  MISS %:    19.8905   MPKI: 0.000545
PSCL3 PREFETCH  REQUESTED:          0  ISSUED:          0  USEFUL:          0  USELESS:          0
PSCL3 USEFUL LOAD PREFETCHES:          0 PREFETCH ISSUED TO LOWER LEVEL:          0  ACCURACY: -nan
PSCL3 TIMELY PREFETCHES:          0 LATE PREFETCHES: 0 DROPPED PREFETCHES: 0
PSCL3 PREFETCHES SAME FILL-ORIGIN LEVEL: 0 DIFFERENT FILL-ORIGIN LEVEL: 0

PSCL2 TOTAL     ACCESS:        662  HIT:        454  MISS:        208  HIT %:    68.5801  MISS %:    31.4199   MPKI: 0.00104
PSCL2 LOAD TRANSLATION ACCESS:        662  HIT:        454  MISS:        208  HIT %:    68.5801  MISS %:    31.4199   MPKI: 0.00104
PSCL2 PREFETCH  REQUESTED:          0  ISSUED:          0  USEFUL:          0  USELESS:          0
PSCL2 USEFUL LOAD PREFETCHES:          0 PREFETCH ISSUED TO LOWER LEVEL:          0  ACCURACY: -nan
PSCL2 TIMELY PREFETCHES:          0 LATE PREFETCHES: 0 DROPPED PREFETCHES: 0
PSCL2 PREFETCHES SAME FILL-ORIGIN LEVEL: 0 DIFFERENT FILL-ORIGIN LEVEL: 0

LLC TOTAL     ACCESS:         10  HIT:          0  MISS:         10  HIT %:          0  MISS %:        100   MPKI: 5e-05
LLC PREFETCH  ACCESS:         10  HIT:          0  MISS:         10  HIT %:          0  MISS %:        100   MPKI: 5e-05
AGUS PREFETCH L1 MISS: 0
LLC PREFETCH  REQUESTED:          0  ISSUED:          0  USEFUL:          0  USELESS:          0
LLC USEFUL LOAD PREFETCHES:          0 PREFETCH ISSUED TO LOWER LEVEL:         10  ACCURACY: 0
LLC TIMELY PREFETCHES:          0 LATE PREFETCHES: 0 DROPPED PREFETCHES: 0
LLC PREFETCHES SAME FILL-ORIGIN LEVEL: 0 DIFFERENT FILL-ORIGIN LEVEL: 0
LLC AVERAGE MISS LATENCY:        185 cycles AVERAGE LOAD MISS LATENCY:       -nan cycles Load Miss          0
LLC Average MSHR Occupancy: 6.40492e-06
LLC PQ	ACCESS:         10	FORWARD:          0	MERGED:          0	TO_CACHE:         10

LLC Dense regions hint to LLC: 0

RAW hits: 6412874
Loads Generated: 55252897
Loads sent to L1D: 48840019
Stores Generated: 21285666
Stores sent to L1D: 21285664
Major fault: 0 Minor fault: 1240
Allocated PAGES: 1240
CPU 0 L1D PC-based stride prefetcher final stats
Degree: 3
================ Mockingjay (LLC) Pollution Stats ================
Total pollution count in LLC: 0
==================================================================

DRAM Statistics
 CHANNEL 0
 RQ ROW_BUFFER_HIT:          0  ROW_BUFFER_MISS:         10
 DBUS_CONGESTED:          0
 WQ ROW_BUFFER_HIT:          0  ROW_BUFFER_MISS:          0  FULL:          0

 AVG_CONGESTED_CYCLE: -
 All warmup complete: 2
Channel 0 Bank busy for read cycles: 0
Channel 0 Bank busy for write cycles: 0
Channel 0
Rank 0
0banks busy for read cycles: 287278269
0banks busy for write cycles: 0
1banks busy for read cycles: 308
1banks busy for write cycles: 0
2banks busy for read cycles: 596
2banks busy for write cycles: 0
3banks busy for read cycles: 0
3banks busy for write cycles: 0
4banks busy for read cycles: 0
4banks busy for write cycles: 0
5banks busy for read cycles: 0
5banks busy for write cycles: 0
6banks busy for read cycles: 0
6banks busy for write cycles: 0
7banks busy for read cycles: 0
7banks busy for write cycles: 0
8banks busy for read cycles: 0
8banks busy for write cycles: 0

CPU 0 Branch Prediction Accuracy: 99.8799% MPKI: 0.23779 Average ROB Occupancy at Mispredict: 130.048
Branch types
NOT_BRANCH: 160403049 80.2015%
BRANCH_DIRECT_JUMP: 3455809 1.7279%
BRANCH_INDIRECT: 13782059 6.89103%
BRANCH_CONDITIONAL: 13023465 6.51173%
BRANCH_DIRECT_CALL: 2452263 1.22613%
BRANCH_INDIRECT_CALL: 2215668 1.10783%
BRANCH_RETURN: 4667880 2.33394%
BRANCH_OTHER: 0 0%

===================== LRU L1D STATS =====================
Total pollution count in L1D: 106796
=========================================================
================ SRRIP (L2C) Pollution Stats ================
Total pollution count in L2c: 0
==================================================================
DRAM PAGES: 1048576
Allocated PAGES: 1240
