
*** ChampSim Multicore Out-of-Order Simulator ***

Warmup Instructions: 200000000
Simulation Instructions: 200000000
Number of CPUs: 1
LLC sets: 4096
LLC ways: 12
Off-chip DRAM Size: 4096 MB Channels: 1 Width: 64-bit Data Rate: 6400 MT/s
CPU 0 runs /home1/sweta/traces/qualcomm_traces/srv_51.champsimtrace.xz
.xz
BTB has LRU replacement policy
ITLB has LRU replacement policy
DTLB has LRU replacement policy
STLB has LRU replacement policy
L1I has LRU replacement policy
CPU 0 L1D IP-based stride prefetcher
L1D has LRU replacement policy
Initialize SRRIP state for L2C
Initialize Mockingjay state for LLC
Heartbeat CPU 0 instructions: 10000000 cycles: 2099422 heartbeat IPC: 4.76322 cumulative IPC: 4.76322 (Simulation time: 0 hr 0 min 23 sec) 
Heartbeat CPU 0 instructions: 20000004 cycles: 4141017 heartbeat IPC: 4.89813 cumulative IPC: 4.82973 (Simulation time: 0 hr 0 min 41 sec) 
Heartbeat CPU 0 instructions: 30000004 cycles: 6260385 heartbeat IPC: 4.71839 cumulative IPC: 4.79204 (Simulation time: 0 hr 1 min 5 sec) 
*** Reached end of trace for Core: 0 Repeating trace: /home1/sweta/traces/qualcomm_traces/srv_51.champsimtrace.xz
Heartbeat CPU 0 instructions: 40000003 cycles: 8353049 heartbeat IPC: 4.7786 cumulative IPC: 4.78867 (Simulation time: 0 hr 1 min 28 sec) 
Heartbeat CPU 0 instructions: 50000001 cycles: 10392797 heartbeat IPC: 4.90257 cumulative IPC: 4.81102 (Simulation time: 0 hr 1 min 47 sec) 
Heartbeat CPU 0 instructions: 60000000 cycles: 12510555 heartbeat IPC: 4.72197 cumulative IPC: 4.79595 (Simulation time: 0 hr 2 min 12 sec) 
*** Reached end of trace for Core: 0 Repeating trace: /home1/sweta/traces/qualcomm_traces/srv_51.champsimtrace.xz
Heartbeat CPU 0 instructions: 70000006 cycles: 14597635 heartbeat IPC: 4.79139 cumulative IPC: 4.7953 (Simulation time: 0 hr 2 min 36 sec) 
Heartbeat CPU 0 instructions: 80000003 cycles: 16634881 heartbeat IPC: 4.90859 cumulative IPC: 4.80917 (Simulation time: 0 hr 2 min 55 sec) 
Heartbeat CPU 0 instructions: 90000000 cycles: 18766896 heartbeat IPC: 4.6904 cumulative IPC: 4.79568 (Simulation time: 0 hr 3 min 21 sec) 
*** Reached end of trace for Core: 0 Repeating trace: /home1/sweta/traces/qualcomm_traces/srv_51.champsimtrace.xz
Heartbeat CPU 0 instructions: 100000003 cycles: 20843181 heartbeat IPC: 4.8163 cumulative IPC: 4.79773 (Simulation time: 0 hr 3 min 43 sec) 
Heartbeat CPU 0 instructions: 110000001 cycles: 22865797 heartbeat IPC: 4.94409 cumulative IPC: 4.81068 (Simulation time: 0 hr 4 min 1 sec) 
Heartbeat CPU 0 instructions: 120000001 cycles: 25011055 heartbeat IPC: 4.66144 cumulative IPC: 4.79788 (Simulation time: 0 hr 4 min 24 sec) 
*** Reached end of trace for Core: 0 Repeating trace: /home1/sweta/traces/qualcomm_traces/srv_51.champsimtrace.xz
Heartbeat CPU 0 instructions: 130000005 cycles: 27093939 heartbeat IPC: 4.80104 cumulative IPC: 4.79812 (Simulation time: 0 hr 4 min 44 sec) 
Heartbeat CPU 0 instructions: 140000004 cycles: 29131928 heartbeat IPC: 4.9068 cumulative IPC: 4.80572 (Simulation time: 0 hr 5 min 2 sec) 
Heartbeat CPU 0 instructions: 150000000 cycles: 31254678 heartbeat IPC: 4.71087 cumulative IPC: 4.79928 (Simulation time: 0 hr 5 min 23 sec) 
*** Reached end of trace for Core: 0 Repeating trace: /home1/sweta/traces/qualcomm_traces/srv_51.champsimtrace.xz
Heartbeat CPU 0 instructions: 160000006 cycles: 33339808 heartbeat IPC: 4.79587 cumulative IPC: 4.79907 (Simulation time: 0 hr 5 min 43 sec) 
Heartbeat CPU 0 instructions: 170000005 cycles: 35382337 heartbeat IPC: 4.89589 cumulative IPC: 4.80466 (Simulation time: 0 hr 6 min 0 sec) 
Heartbeat CPU 0 instructions: 180000000 cycles: 37506987 heartbeat IPC: 4.70666 cumulative IPC: 4.79911 (Simulation time: 0 hr 6 min 20 sec) 
*** Reached end of trace for Core: 0 Repeating trace: /home1/sweta/traces/qualcomm_traces/srv_51.champsimtrace.xz
Heartbeat CPU 0 instructions: 190000004 cycles: 39582500 heartbeat IPC: 4.81809 cumulative IPC: 4.8001 (Simulation time: 0 hr 6 min 38 sec) 
Heartbeat CPU 0 instructions: 200000003 cycles: 41631217 heartbeat IPC: 4.8811 cumulative IPC: 4.80409 (Simulation time: 0 hr 6 min 55 sec) 

Warmup complete CPU 0 instructions: 200000003 cycles: 41631217 (Simulation time: 0 hr 6 min 55 sec) 

Heartbeat CPU 0 instructions: 210000000 cycles: 60964805 heartbeat IPC: 0.517234 cumulative IPC: 0.517234 (Simulation time: 0 hr 7 min 22 sec) 
*** Reached end of trace for Core: 0 Repeating trace: /home1/sweta/traces/qualcomm_traces/srv_51.champsimtrace.xz
Heartbeat CPU 0 instructions: 220000002 cycles: 80387126 heartbeat IPC: 0.514872 cumulative IPC: 0.51605 (Simulation time: 0 hr 7 min 49 sec) 
Heartbeat CPU 0 instructions: 230000000 cycles: 100100687 heartbeat IPC: 0.507265 cumulative IPC: 0.513088 (Simulation time: 0 hr 8 min 15 sec) 
Heartbeat CPU 0 instructions: 240000001 cycles: 118982654 heartbeat IPC: 0.529606 cumulative IPC: 0.51712 (Simulation time: 0 hr 8 min 41 sec) 
*** Reached end of trace for Core: 0 Repeating trace: /home1/sweta/traces/qualcomm_traces/srv_51.champsimtrace.xz
Heartbeat CPU 0 instructions: 250000007 cycles: 138087217 heartbeat IPC: 0.523435 cumulative IPC: 0.518371 (Simulation time: 0 hr 9 min 6 sec) 
Heartbeat CPU 0 instructions: 260000002 cycles: 158456943 heartbeat IPC: 0.490924 cumulative IPC: 0.513586 (Simulation time: 0 hr 9 min 32 sec) 
Heartbeat CPU 0 instructions: 270000000 cycles: 176478023 heartbeat IPC: 0.554906 cumulative IPC: 0.519108 (Simulation time: 0 hr 9 min 58 sec) 
*** Reached end of trace for Core: 0 Repeating trace: /home1/sweta/traces/qualcomm_traces/srv_51.champsimtrace.xz
Heartbeat CPU 0 instructions: 280000001 cycles: 194513641 heartbeat IPC: 0.554458 cumulative IPC: 0.523278 (Simulation time: 0 hr 10 min 24 sec) 
Heartbeat CPU 0 instructions: 290000000 cycles: 216844042 heartbeat IPC: 0.44782 cumulative IPC: 0.513661 (Simulation time: 0 hr 10 min 50 sec) 
Heartbeat CPU 0 instructions: 300000003 cycles: 233607805 heartbeat IPC: 0.596525 cumulative IPC: 0.520897 (Simulation time: 0 hr 11 min 15 sec) 
*** Reached end of trace for Core: 0 Repeating trace: /home1/sweta/traces/qualcomm_traces/srv_51.champsimtrace.xz
Heartbeat CPU 0 instructions: 310000000 cycles: 251991861 heartbeat IPC: 0.543949 cumulative IPC: 0.522911 (Simulation time: 0 hr 11 min 41 sec) 
Heartbeat CPU 0 instructions: 320000000 cycles: 275341488 heartbeat IPC: 0.428272 cumulative IPC: 0.513456 (Simulation time: 0 hr 12 min 8 sec) 
Heartbeat CPU 0 instructions: 330000000 cycles: 290112367 heartbeat IPC: 0.677008 cumulative IPC: 0.523179 (Simulation time: 0 hr 12 min 32 sec) 
*** Reached end of trace for Core: 0 Repeating trace: /home1/sweta/traces/qualcomm_traces/srv_51.champsimtrace.xz
Heartbeat CPU 0 instructions: 340000003 cycles: 309341795 heartbeat IPC: 0.520036 cumulative IPC: 0.522953 (Simulation time: 0 hr 12 min 58 sec) 
Heartbeat CPU 0 instructions: 350000003 cycles: 333142143 heartbeat IPC: 0.420162 cumulative IPC: 0.51456 (Simulation time: 0 hr 13 min 24 sec) 
Heartbeat CPU 0 instructions: 360000000 cycles: 346301990 heartbeat IPC: 0.759887 cumulative IPC: 0.525157 (Simulation time: 0 hr 13 min 49 sec) 
Heartbeat CPU 0 instructions: 370000004 cycles: 366790708 heartbeat IPC: 0.488074 cumulative IPC: 0.52282 (Simulation time: 0 hr 14 min 14 sec) 
*** Reached end of trace for Core: 0 Repeating trace: /home1/sweta/traces/qualcomm_traces/srv_51.champsimtrace.xz
Heartbeat CPU 0 instructions: 380000001 cycles: 390779590 heartbeat IPC: 0.41686 cumulative IPC: 0.51554 (Simulation time: 0 hr 14 min 41 sec) 
Heartbeat CPU 0 instructions: 390000000 cycles: 403730692 heartbeat IPC: 0.772135 cumulative IPC: 0.524718 (Simulation time: 0 hr 15 min 7 sec) 
Heartbeat CPU 0 instructions: 400000000 cycles: 424779430 heartbeat IPC: 0.475088 cumulative IPC: 0.521991 (Simulation time: 0 hr 15 min 34 sec) 
Finished CPU 0 instructions: 200000000 cycles: 383148244 cumulative IPC: 0.521991 (Simulation time: 0 hr 15 min 34 sec) 

ChampSim completed all CPUs

Region of Interest Statistics

CPU 0 cumulative IPC: 0.521991 instructions: 200000000 cycles: 383148244
ITLB TOTAL     ACCESS:   25052941  HIT:   24174067  MISS:     878874  HIT %:    96.4919  MISS %:    3.50807   MPKI: 4.39437
ITLB LOAD TRANSLATION ACCESS:   25052941  HIT:   24174067  MISS:     878874  HIT %:    96.4919  MISS %:    3.50807   MPKI: 4.39437
ITLB PREFETCH  REQUESTED:          0  ISSUED:          0  USEFUL:          0  USELESS:          0
ITLB USEFUL LOAD PREFETCHES:          0 PREFETCH ISSUED TO LOWER LEVEL:          0  ACCURACY: -nan
ITLB TIMELY PREFETCHES:          0 LATE PREFETCHES: 0 DROPPED PREFETCHES: 0
ITLB PREFETCHES SAME FILL-ORIGIN LEVEL: 0 DIFFERENT FILL-ORIGIN LEVEL: 0
ITLB AVERAGE MISS LATENCY:    9.62727 cycles AVERAGE LOAD MISS LATENCY:       -nan cycles Load Miss          0
ITLB Average MSHR Occupancy:  0.0200113
ITLB RQ	ACCESS:   29348842	FORWARD:          0	MERGED:    3799184	TO_CACHE:   25549658

DTLB TOTAL     ACCESS:   35721701  HIT:   34681584  MISS:    1040117  HIT %:    97.0883  MISS %:    2.91172   MPKI: 5.20059
DTLB LOAD TRANSLATION ACCESS:   35721701  HIT:   34681584  MISS:    1040117  HIT %:    97.0883  MISS %:    2.91172   MPKI: 5.20059
DTLB PREFETCH  REQUESTED:          0  ISSUED:          0  USEFUL:          0  USELESS:          0
DTLB USEFUL LOAD PREFETCHES:          0 PREFETCH ISSUED TO LOWER LEVEL:          0  ACCURACY: -nan
DTLB TIMELY PREFETCHES:          0 LATE PREFETCHES: 0 DROPPED PREFETCHES: 0
DTLB PREFETCHES SAME FILL-ORIGIN LEVEL: 0 DIFFERENT FILL-ORIGIN LEVEL: 0
DTLB AVERAGE MISS LATENCY:    12.3732 cycles AVERAGE LOAD MISS LATENCY:       -nan cycles Load Miss          0
DTLB Average MSHR Occupancy:  0.0319408
DTLB RQ	ACCESS:   50280725	FORWARD:          0	MERGED:   14492018	TO_CACHE:   35788707

STLB TOTAL     ACCESS:    2049504  HIT:    1965000  MISS:      84504  HIT %:    95.8769  MISS %:    4.12314   MPKI: 0.42252
STLB LOAD TRANSLATION ACCESS:    1918991  HIT:    1834487  MISS:      84504  HIT %:    95.5964  MISS %:    4.40356   MPKI: 0.42252
STLB TRANSLATION FROM L1D PREFETCHER ACCESS:     130513  HIT:     130513  MISS:          0  HIT %:        100  MISS %:          0   MPKI: 0
STLB PREFETCH  REQUESTED:          0  ISSUED:          0  USEFUL:          0  USELESS:          0
STLB USEFUL LOAD PREFETCHES:          0 PREFETCH ISSUED TO LOWER LEVEL:          0  ACCURACY: -nan
STLB TIMELY PREFETCHES:          0 LATE PREFETCHES: 0 DROPPED PREFETCHES: 0
STLB PREFETCHES SAME FILL-ORIGIN LEVEL: 0 DIFFERENT FILL-ORIGIN LEVEL: 0
STLB AVERAGE MISS LATENCY:    47.8617 cycles AVERAGE LOAD MISS LATENCY:       -nan cycles Load Miss          0
STLB Average MSHR Occupancy:  0.0111101
STLB RQ	ACCESS:    2316971	FORWARD:          0	MERGED:     267467	TO_CACHE:    2049504

STLB Hit, L1D data hit: 0
STLB Hit, L2C data hit: 0
STLB Hit, LLC data hit: 0
STLB Hit, LLC data miss: 0
STLB STLB hints to L2: 0
L1D TOTAL     ACCESS:   49633179  HIT:   47185894  MISS:    2447285  HIT %:    95.0693  MISS %:    4.93074   MPKI: 12.2364
L1D LOAD      ACCESS:   29429892  HIT:   27775493  MISS:    1654399  HIT %:    94.3785  MISS %:    5.62149   MPKI: 8.272
L1D RFO       ACCESS:   19844992  HIT:   19106826  MISS:     738166  HIT %:    96.2803  MISS %:    3.71966   MPKI: 3.69083
L1D PREFETCH  ACCESS:     358295  HIT:     303575  MISS:      54720  HIT %:    84.7277  MISS %:    15.2723   MPKI: 0.2736
AGUS PREFETCH L1 MISS: 0
L1D PREFETCH  REQUESTED:     867864  ISSUED:     866229  USEFUL:      24642  USELESS:      30068
L1D USEFUL LOAD PREFETCHES:      24642 PREFETCH ISSUED TO LOWER LEVEL:      74233  ACCURACY: 33.1955
L1D TIMELY PREFETCHES:      24642 LATE PREFETCHES: 7797 DROPPED PREFETCHES: 0
L1D PREFETCHES SAME FILL-ORIGIN LEVEL: 62561 DIFFERENT FILL-ORIGIN LEVEL: 11672
L1D AVERAGE MISS LATENCY:     28.399 cycles AVERAGE LOAD MISS LATENCY:    27.1782 cycles Load Miss    1654399
L1D Average MSHR Occupancy:   0.195805
L1D RQ	ACCESS:   43809920	FORWARD:          0	MERGED:   14117052	TO_CACHE:   29501026
L1D WQ	ACCESS:   21212508	FORWARD:     191843	MERGED:     432809	TO_CACHE:   20779699
L1D PQ	ACCESS:     468249	FORWARD:          0	MERGED:      70268	TO_CACHE:     397980

L1D UNIQUE REGIONS ACCESSED: 0
L1D REGIONS CONFLICTS: 0
L1D Cross Page Prefetch Requests: 0
L1D Same Page Prefetch Requests: 916218
L1D ROI Sum of L1D PQ occupancy: 5274884
L1D PREFETCHES PUSHED FROM L2C: 0
L1I TOTAL     ACCESS:   27950111  HIT:   10280784  MISS:   17669327  HIT %:    36.7826  MISS %:    63.2174   MPKI: 88.3466
L1I LOAD      ACCESS:   27950111  HIT:   10280784  MISS:   17669327  HIT %:    36.7826  MISS %:    63.2174   MPKI: 88.3466
L1I PREFETCH  REQUESTED:          0  ISSUED:          0  USEFUL:          0  USELESS:          0
L1I USEFUL LOAD PREFETCHES:          0 PREFETCH ISSUED TO LOWER LEVEL:          0  ACCURACY: -nan
L1I TIMELY PREFETCHES:          0 LATE PREFETCHES: 0 DROPPED PREFETCHES: 0
L1I PREFETCHES SAME FILL-ORIGIN LEVEL: 0 DIFFERENT FILL-ORIGIN LEVEL: 0
L1I AVERAGE MISS LATENCY:    14.1723 cycles AVERAGE LOAD MISS LATENCY:    14.1723 cycles Load Miss   17669327
L1I Average MSHR Occupancy:   0.636745
L1I RQ	ACCESS:   51945661	FORWARD:          0	MERGED:   22596819	TO_CACHE:   29348842

BTB TOTAL     ACCESS:   30728997  HIT:   24273264  MISS:    6455733  HIT %:    78.9914  MISS %:    21.0086   MPKI: 32.2787
BTB BRANCH_DIRECT_JUMP	ACCESS:    3642009  HIT:    3179112  MISS:     462897
BTB BRANCH_INDIRECT	ACCESS:   11988441  HIT:    9544848  MISS:    2443593
BTB BRANCH_CONDITIONAL	ACCESS:    8614164  HIT:    8069248  MISS:     544916
BTB BRANCH_DIRECT_CALL	ACCESS:    2654062  HIT:    1825649  MISS:     828413
BTB BRANCH_INDIRECT_CALL	ACCESS:     588191  HIT:     318071  MISS:     270120
BTB BRANCH_RETURN	ACCESS:    3242130  HIT:    1336336  MISS:    1905794
BTB BRANCH_OTHER ACCESS:          0  HIT:          0  MISS:          0

L2C TOTAL     ACCESS:   21473660  HIT:   21055304  MISS:     418356  HIT %:    98.0518  MISS %:    1.94823   MPKI: 2.09178
L2C LOAD      ACCESS:   19315893  HIT:   19080540  MISS:     235353  HIT %:    98.7816  MISS %:    1.21844   MPKI: 1.17677
L2C DATA LOAD MPKI: 1.09872
L2C INSTRUCTION LOAD MPKI: 0.078045
L2C RFO       ACCESS:     738121  HIT:     595596  MISS:     142525  HIT %:    80.6908  MISS %:    19.3092   MPKI: 0.712625
L2C PREFETCH  ACCESS:      67200  HIT:      48281  MISS:      18919  HIT %:    71.8467  MISS %:    28.1533   MPKI: 0.094595
AGUS PREFETCH L1 MISS: 0
L2C DATA PREFETCH MPKI: 0.094595
L2C INSTRUCTION PREFETCH MPKI: 0
L2C WRITEBACK ACCESS:    1219490  HIT:    1219059  MISS:        431  HIT %:    99.9647  MISS %:  0.0353426   MPKI: 0.002155
L2C LOAD TRANSLATION ACCESS:     132956  HIT:     111828  MISS:      21128  HIT %:     84.109  MISS %:     15.891   MPKI: 0.10564
L2C PREFETCH  REQUESTED:          0  ISSUED:          0  USEFUL:       3345  USELESS:      16473
L2C USEFUL LOAD PREFETCHES:       3345 PREFETCH ISSUED TO LOWER LEVEL:      23826  ACCURACY: 14.0393
L2C TIMELY PREFETCHES:       3345 LATE PREFETCHES: 4907 DROPPED PREFETCHES: 0
L2C PREFETCHES SAME FILL-ORIGIN LEVEL: 8595 DIFFERENT FILL-ORIGIN LEVEL: 0
L2C AVERAGE MISS LATENCY:    88.1445 cycles AVERAGE LOAD MISS LATENCY:    91.6237 cycles Load Miss     235353
L2C Average MSHR Occupancy:  0.0961825
L2C RQ	ACCESS:   20187009	FORWARD:          0	MERGED:          0	TO_CACHE:   20186973
L2C WQ	ACCESS:    1219490	FORWARD:         36	MERGED:          0	TO_CACHE:    1219490
L2C PQ	ACCESS:      74233	FORWARD:          0	MERGED:         15	TO_CACHE:      74218

L2C Instructions Evicting Data 14155
L2C Translations Evicting Data 19206
L2C Data Evicting Data 348411
L2C Instructions Evicting Instructions 624
L2C Translations Evicting Instructions 833
L2C Data Evicting Instructions 13692
L2C Instructions Evicting Translations 830
L2C Translations Evicting Translations 1089
L2C Data Evicting Translations 19085
L2C Dense regions hint from L2: 0
PSCL5 TOTAL     ACCESS:      84504  HIT:      84504  MISS:          0  HIT %:        100  MISS %:          0   MPKI: 0
PSCL5 LOAD TRANSLATION ACCESS:      84504  HIT:      84504  MISS:          0  HIT %:        100  MISS %:          0   MPKI: 0
PSCL5 PREFETCH  REQUESTED:          0  ISSUED:          0  USEFUL:          0  USELESS:          0
PSCL5 USEFUL LOAD PREFETCHES:          0 PREFETCH ISSUED TO LOWER LEVEL:          0  ACCURACY: -nan
PSCL5 TIMELY PREFETCHES:          0 LATE PREFETCHES: 0 DROPPED PREFETCHES: 0
PSCL5 PREFETCHES SAME FILL-ORIGIN LEVEL: 0 DIFFERENT FILL-ORIGIN LEVEL: 0

PSCL4 TOTAL     ACCESS:      83843  HIT:      83403  MISS:        440  HIT %:    99.4752  MISS %:    0.52479   MPKI: 0.0022
PSCL4 LOAD TRANSLATION ACCESS:      83843  HIT:      83403  MISS:        440  HIT %:    99.4752  MISS %:    0.52479   MPKI: 0.0022
PSCL4 PREFETCH  REQUESTED:          0  ISSUED:          0  USEFUL:          0  USELESS:          0
PSCL4 USEFUL LOAD PREFETCHES:          0 PREFETCH ISSUED TO LOWER LEVEL:          0  ACCURACY: -nan
PSCL4 TIMELY PREFETCHES:          0 LATE PREFETCHES: 0 DROPPED PREFETCHES: 0
PSCL4 PREFETCHES SAME FILL-ORIGIN LEVEL: 0 DIFFERENT FILL-ORIGIN LEVEL: 0

PSCL3 TOTAL     ACCESS:      78656  HIT:      65454  MISS:      13202  HIT %:    83.2155  MISS %:    16.7845   MPKI: 0.06601
PSCL3 LOAD TRANSLATION ACCESS:      78656  HIT:      65454  MISS:      13202  HIT %:    83.2155  MISS %:    16.7845   MPKI: 0.06601
PSCL3 PREFETCH  REQUESTED:          0  ISSUED:          0  USEFUL:          0  USELESS:          0
PSCL3 USEFUL LOAD PREFETCHES:          0 PREFETCH ISSUED TO LOWER LEVEL:          0  ACCURACY: -nan
PSCL3 TIMELY PREFETCHES:          0 LATE PREFETCHES: 0 DROPPED PREFETCHES: 0
PSCL3 PREFETCHES SAME FILL-ORIGIN LEVEL: 0 DIFFERENT FILL-ORIGIN LEVEL: 0

PSCL2 TOTAL     ACCESS:      84504  HIT:      49694  MISS:      34810  HIT %:    58.8067  MISS %:    41.1933   MPKI: 0.17405
PSCL2 LOAD TRANSLATION ACCESS:      84504  HIT:      49694  MISS:      34810  HIT %:    58.8067  MISS %:    41.1933   MPKI: 0.17405
PSCL2 PREFETCH  REQUESTED:          0  ISSUED:          0  USEFUL:          0  USELESS:          0
PSCL2 USEFUL LOAD PREFETCHES:          0 PREFETCH ISSUED TO LOWER LEVEL:          0  ACCURACY: -nan
PSCL2 TIMELY PREFETCHES:          0 LATE PREFETCHES: 0 DROPPED PREFETCHES: 0
PSCL2 PREFETCHES SAME FILL-ORIGIN LEVEL: 0 DIFFERENT FILL-ORIGIN LEVEL: 0

LLC TOTAL     ACCESS:     648038  HIT:     502081  MISS:     145957  HIT %:    77.4771  MISS %:    22.5229   MPKI: 0.729785
LLC LOAD      ACCESS:     230446  HIT:     167109  MISS:      63337  HIT %:    72.5155  MISS %:    27.4845   MPKI: 0.316685
LLC RFO       ACCESS:     142525  HIT:     111439  MISS:      31086  HIT %:    78.1891  MISS %:    21.8109   MPKI: 0.15543
LLC PREFETCH  ACCESS:      23826  HIT:      12824  MISS:      11002  HIT %:    53.8236  MISS %:    46.1764   MPKI: 0.05501
AGUS PREFETCH L1 MISS: 0
LLC WRITEBACK ACCESS:     230113  HIT:     194028  MISS:      36085  HIT %:    84.3186  MISS %:    15.6814   MPKI: 0.180425
LLC LOAD TRANSLATION ACCESS:      21128  HIT:      16681  MISS:       4447  HIT %:    78.9521  MISS %:    21.0479   MPKI: 0.022235
LLC PREFETCH  REQUESTED:          0  ISSUED:          0  USEFUL:       1548  USELESS:       5114
LLC USEFUL LOAD PREFETCHES:       1548 PREFETCH ISSUED TO LOWER LEVEL:      11002  ACCURACY: 14.0702
LLC TIMELY PREFETCHES:       1548 LATE PREFETCHES: 0 DROPPED PREFETCHES: 0
LLC PREFETCHES SAME FILL-ORIGIN LEVEL: 0 DIFFERENT FILL-ORIGIN LEVEL: 0
LLC AVERAGE MISS LATENCY:    125.028 cycles AVERAGE LOAD MISS LATENCY:     167.79 cycles Load Miss      63337
LLC Average MSHR Occupancy:  0.0473415
LLC RQ	ACCESS:     394099	FORWARD:          0	MERGED:          0	TO_CACHE:     394099
LLC WQ	ACCESS:     230113	FORWARD:          0	MERGED:          0	TO_CACHE:     230113
LLC PQ	ACCESS:      23826	FORWARD:          0	MERGED:          0	TO_CACHE:      23826

LLC Dense regions hint to LLC: 0

RAW hits: 4512101
Loads Generated: 48322022
Loads sent to L1D: 43809920
Stores Generated: 21212508
Stores sent to L1D: 21212508
Major fault: 0 Minor fault: 6400
Allocated PAGES: 6400
CPU 0 L1D PC-based stride prefetcher final stats
Degree: 3
================ Mockingjay (LLC) Pollution Stats ================
Total pollution count in LLC: 4058
==================================================================

DRAM Statistics
 CHANNEL 0
 RQ ROW_BUFFER_HIT:      30197  ROW_BUFFER_MISS:      79675
 DBUS_CONGESTED:        150
 WQ ROW_BUFFER_HIT:       7391  ROW_BUFFER_MISS:      54271  FULL:          0

 AVG_CONGESTED_CYCLE: 5
 All warmup complete: 2
Channel 0 Bank busy for read cycles: 0
Channel 0 Bank busy for write cycles: 0
Channel 0
Rank 0
0banks busy for read cycles: 366010927
0banks busy for write cycles: 38223
1banks busy for read cycles: 8364542
1banks busy for write cycles: 5796707
2banks busy for read cycles: 935326
2banks busy for write cycles: 661704
3banks busy for read cycles: 260328
3banks busy for write cycles: 150881
4banks busy for read cycles: 138912
4banks busy for write cycles: 84017
5banks busy for read cycles: 99669
5banks busy for write cycles: 70172
6banks busy for read cycles: 81228
6banks busy for write cycles: 64827
7banks busy for read cycles: 70290
7banks busy for write cycles: 80539
8banks busy for read cycles: 51930
8banks busy for write cycles: 188023

CPU 0 Branch Prediction Accuracy: 99.7254% MPKI: 0.49067 Average ROB Occupancy at Mispredict: 76.6353
Branch types
NOT_BRANCH: 164262612 82.1313%
BRANCH_DIRECT_JUMP: 3642009 1.821%
BRANCH_INDIRECT: 11988441 5.99422%
BRANCH_CONDITIONAL: 13622591 6.8113%
BRANCH_DIRECT_CALL: 2654062 1.32703%
BRANCH_INDIRECT_CALL: 588191 0.294096%
BRANCH_RETURN: 3242130 1.62106%
BRANCH_OTHER: 0 0%

===================== LRU L1D STATS =====================
Total pollution count in L1D: 97807
=========================================================
================ SRRIP (L2C) Pollution Stats ================
Total pollution count in L2c: 428138
==================================================================
DRAM PAGES: 1048576
Allocated PAGES: 6400
