
*** ChampSim Multicore Out-of-Order Simulator ***

Warmup Instructions: 200000000
Simulation Instructions: 200000000
Number of CPUs: 1
LLC sets: 4096
LLC ways: 12
Off-chip DRAM Size: 4096 MB Channels: 1 Width: 64-bit Data Rate: 6400 MT/s
CPU 0 runs /home1/sweta/traces/qualcomm_traces/srv_52.champsimtrace.xz
.xz
BTB has LRU replacement policy
ITLB has LRU replacement policy
DTLB has LRU replacement policy
STLB has LRU replacement policy
L1I has LRU replacement policy
CPU 0 L1D IP-based stride prefetcher
L1D has LRU replacement policy
Initialize SRRIP state for L2C
Initialize Mockingjay state for LLC
Heartbeat CPU 0 instructions: 10000000 cycles: 2265203 heartbeat IPC: 4.41462 cumulative IPC: 4.41462 (Simulation time: 0 hr 0 min 26 sec) 
Heartbeat CPU 0 instructions: 20000004 cycles: 4516550 heartbeat IPC: 4.44179 cumulative IPC: 4.42816 (Simulation time: 0 hr 0 min 50 sec) 
Heartbeat CPU 0 instructions: 30000002 cycles: 6745472 heartbeat IPC: 4.48647 cumulative IPC: 4.44743 (Simulation time: 0 hr 1 min 15 sec) 
*** Reached end of trace for Core: 0 Repeating trace: /home1/sweta/traces/qualcomm_traces/srv_52.champsimtrace.xz
Heartbeat CPU 0 instructions: 40000000 cycles: 9013443 heartbeat IPC: 4.40923 cumulative IPC: 4.43782 (Simulation time: 0 hr 1 min 40 sec) 
Heartbeat CPU 0 instructions: 50000005 cycles: 11264853 heartbeat IPC: 4.44166 cumulative IPC: 4.43858 (Simulation time: 0 hr 2 min 5 sec) 
Heartbeat CPU 0 instructions: 60000003 cycles: 13496501 heartbeat IPC: 4.48099 cumulative IPC: 4.4456 (Simulation time: 0 hr 2 min 30 sec) 
*** Reached end of trace for Core: 0 Repeating trace: /home1/sweta/traces/qualcomm_traces/srv_52.champsimtrace.xz
Heartbeat CPU 0 instructions: 70000000 cycles: 15757554 heartbeat IPC: 4.42272 cumulative IPC: 4.44231 (Simulation time: 0 hr 2 min 56 sec) 
Heartbeat CPU 0 instructions: 80000000 cycles: 18005129 heartbeat IPC: 4.44924 cumulative IPC: 4.44318 (Simulation time: 0 hr 3 min 21 sec) 
Heartbeat CPU 0 instructions: 90000000 cycles: 20240851 heartbeat IPC: 4.47283 cumulative IPC: 4.44645 (Simulation time: 0 hr 3 min 46 sec) 
*** Reached end of trace for Core: 0 Repeating trace: /home1/sweta/traces/qualcomm_traces/srv_52.champsimtrace.xz
Heartbeat CPU 0 instructions: 100000000 cycles: 22489182 heartbeat IPC: 4.44774 cumulative IPC: 4.44658 (Simulation time: 0 hr 4 min 11 sec) 
Heartbeat CPU 0 instructions: 110000007 cycles: 24751250 heartbeat IPC: 4.42074 cumulative IPC: 4.44422 (Simulation time: 0 hr 4 min 34 sec) 
Heartbeat CPU 0 instructions: 120000003 cycles: 26981569 heartbeat IPC: 4.48366 cumulative IPC: 4.44748 (Simulation time: 0 hr 4 min 58 sec) 
*** Reached end of trace for Core: 0 Repeating trace: /home1/sweta/traces/qualcomm_traces/srv_52.champsimtrace.xz
Heartbeat CPU 0 instructions: 130000006 cycles: 29238876 heartbeat IPC: 4.43006 cumulative IPC: 4.44614 (Simulation time: 0 hr 5 min 21 sec) 
Heartbeat CPU 0 instructions: 140000005 cycles: 31499559 heartbeat IPC: 4.42344 cumulative IPC: 4.44451 (Simulation time: 0 hr 5 min 43 sec) 
Heartbeat CPU 0 instructions: 150000006 cycles: 33732555 heartbeat IPC: 4.47829 cumulative IPC: 4.44674 (Simulation time: 0 hr 6 min 6 sec) 
*** Reached end of trace for Core: 0 Repeating trace: /home1/sweta/traces/qualcomm_traces/srv_52.champsimtrace.xz
Heartbeat CPU 0 instructions: 160000004 cycles: 35984065 heartbeat IPC: 4.44146 cumulative IPC: 4.44641 (Simulation time: 0 hr 6 min 29 sec) 
Heartbeat CPU 0 instructions: 170000002 cycles: 38244351 heartbeat IPC: 4.42422 cumulative IPC: 4.4451 (Simulation time: 0 hr 6 min 52 sec) 
Heartbeat CPU 0 instructions: 180000000 cycles: 40482138 heartbeat IPC: 4.4687 cumulative IPC: 4.44641 (Simulation time: 0 hr 7 min 14 sec) 
*** Reached end of trace for Core: 0 Repeating trace: /home1/sweta/traces/qualcomm_traces/srv_52.champsimtrace.xz
Heartbeat CPU 0 instructions: 190000002 cycles: 42729056 heartbeat IPC: 4.45054 cumulative IPC: 4.44662 (Simulation time: 0 hr 7 min 37 sec) 
Heartbeat CPU 0 instructions: 200000000 cycles: 44988322 heartbeat IPC: 4.42622 cumulative IPC: 4.4456 (Simulation time: 0 hr 7 min 57 sec) 

Warmup complete CPU 0 instructions: 200000008 cycles: 44988323 (Simulation time: 0 hr 7 min 57 sec) 

Heartbeat CPU 0 instructions: 210000003 cycles: 74146204 heartbeat IPC: 0.342961 cumulative IPC: 0.34296 (Simulation time: 0 hr 8 min 24 sec) 
*** Reached end of trace for Core: 0 Repeating trace: /home1/sweta/traces/qualcomm_traces/srv_52.champsimtrace.xz
Heartbeat CPU 0 instructions: 220000004 cycles: 102637662 heartbeat IPC: 0.350982 cumulative IPC: 0.346925 (Simulation time: 0 hr 8 min 51 sec) 
Heartbeat CPU 0 instructions: 230000001 cycles: 131892262 heartbeat IPC: 0.341826 cumulative IPC: 0.345209 (Simulation time: 0 hr 9 min 19 sec) 
Heartbeat CPU 0 instructions: 240000000 cycles: 160738096 heartbeat IPC: 0.34667 cumulative IPC: 0.345573 (Simulation time: 0 hr 9 min 48 sec) 
*** Reached end of trace for Core: 0 Repeating trace: /home1/sweta/traces/qualcomm_traces/srv_52.champsimtrace.xz
Heartbeat CPU 0 instructions: 250000000 cycles: 189598843 heartbeat IPC: 0.346491 cumulative IPC: 0.345756 (Simulation time: 0 hr 10 min 15 sec) 
Heartbeat CPU 0 instructions: 260000004 cycles: 218608363 heartbeat IPC: 0.344715 cumulative IPC: 0.345582 (Simulation time: 0 hr 10 min 44 sec) 
Heartbeat CPU 0 instructions: 270000000 cycles: 248589379 heartbeat IPC: 0.333544 cumulative IPC: 0.34381 (Simulation time: 0 hr 11 min 13 sec) 
*** Reached end of trace for Core: 0 Repeating trace: /home1/sweta/traces/qualcomm_traces/srv_52.champsimtrace.xz
Heartbeat CPU 0 instructions: 280000006 cycles: 276563974 heartbeat IPC: 0.357467 cumulative IPC: 0.345459 (Simulation time: 0 hr 11 min 41 sec) 
Heartbeat CPU 0 instructions: 290000000 cycles: 305646624 heartbeat IPC: 0.343847 cumulative IPC: 0.34528 (Simulation time: 0 hr 12 min 10 sec) 
Heartbeat CPU 0 instructions: 300000005 cycles: 335276300 heartbeat IPC: 0.3375 cumulative IPC: 0.344485 (Simulation time: 0 hr 12 min 39 sec) 
Heartbeat CPU 0 instructions: 310000000 cycles: 364135464 heartbeat IPC: 0.34651 cumulative IPC: 0.344669 (Simulation time: 0 hr 13 min 7 sec) 
*** Reached end of trace for Core: 0 Repeating trace: /home1/sweta/traces/qualcomm_traces/srv_52.champsimtrace.xz
Heartbeat CPU 0 instructions: 320000001 cycles: 392505343 heartbeat IPC: 0.352487 cumulative IPC: 0.345307 (Simulation time: 0 hr 13 min 36 sec) 
Heartbeat CPU 0 instructions: 330000003 cycles: 422031410 heartbeat IPC: 0.338684 cumulative IPC: 0.344788 (Simulation time: 0 hr 14 min 3 sec) 
Heartbeat CPU 0 instructions: 340000001 cycles: 450870546 heartbeat IPC: 0.346751 cumulative IPC: 0.344928 (Simulation time: 0 hr 14 min 31 sec) 
*** Reached end of trace for Core: 0 Repeating trace: /home1/sweta/traces/qualcomm_traces/srv_52.champsimtrace.xz
Heartbeat CPU 0 instructions: 350000000 cycles: 478995007 heartbeat IPC: 0.355562 cumulative IPC: 0.345617 (Simulation time: 0 hr 14 min 59 sec) 
Heartbeat CPU 0 instructions: 360000000 cycles: 508694629 heartbeat IPC: 0.336705 cumulative IPC: 0.345046 (Simulation time: 0 hr 15 min 27 sec) 
Heartbeat CPU 0 instructions: 370000002 cycles: 537759327 heartbeat IPC: 0.34406 cumulative IPC: 0.344988 (Simulation time: 0 hr 15 min 55 sec) 
*** Reached end of trace for Core: 0 Repeating trace: /home1/sweta/traces/qualcomm_traces/srv_52.champsimtrace.xz
Heartbeat CPU 0 instructions: 380000007 cycles: 566055146 heartbeat IPC: 0.353409 cumulative IPC: 0.345445 (Simulation time: 0 hr 16 min 21 sec) 
Heartbeat CPU 0 instructions: 390000000 cycles: 595622490 heartbeat IPC: 0.338211 cumulative IPC: 0.345057 (Simulation time: 0 hr 16 min 46 sec) 
Heartbeat CPU 0 instructions: 400000003 cycles: 624631464 heartbeat IPC: 0.344721 cumulative IPC: 0.34504 (Simulation time: 0 hr 17 min 10 sec) 
Finished CPU 0 instructions: 200000003 cycles: 579643148 cumulative IPC: 0.34504 (Simulation time: 0 hr 17 min 10 sec) 

ChampSim completed all CPUs

Region of Interest Statistics

CPU 0 cumulative IPC: 0.34504 instructions: 200000003 cycles: 579643148
ITLB TOTAL     ACCESS:   26620233  HIT:   24978436  MISS:    1641797  HIT %:    93.8325  MISS %:    6.16748   MPKI: 8.20898
ITLB LOAD TRANSLATION ACCESS:   26620233  HIT:   24978436  MISS:    1641797  HIT %:    93.8325  MISS %:    6.16748   MPKI: 8.20898
ITLB PREFETCH  REQUESTED:          0  ISSUED:          0  USEFUL:          0  USELESS:          0
ITLB USEFUL LOAD PREFETCHES:          0 PREFETCH ISSUED TO LOWER LEVEL:          0  ACCURACY: -nan
ITLB TIMELY PREFETCHES:          0 LATE PREFETCHES: 0 DROPPED PREFETCHES: 0
ITLB PREFETCHES SAME FILL-ORIGIN LEVEL: 0 DIFFERENT FILL-ORIGIN LEVEL: 0
ITLB AVERAGE MISS LATENCY:    9.61766 cycles AVERAGE LOAD MISS LATENCY:       -nan cycles Load Miss          0
ITLB Average MSHR Occupancy:  0.0247148
ITLB RQ	ACCESS:   31417786	FORWARD:          0	MERGED:    3839416	TO_CACHE:   27578370

DTLB TOTAL     ACCESS:   39034183  HIT:   37339852  MISS:    1694331  HIT %:    95.6594  MISS %:    4.34063   MPKI: 8.47165
DTLB LOAD TRANSLATION ACCESS:   39034183  HIT:   37339852  MISS:    1694331  HIT %:    95.6594  MISS %:    4.34063   MPKI: 8.47165
DTLB PREFETCH  REQUESTED:          0  ISSUED:          0  USEFUL:          0  USELESS:          0
DTLB USEFUL LOAD PREFETCHES:          0 PREFETCH ISSUED TO LOWER LEVEL:          0  ACCURACY: -nan
DTLB TIMELY PREFETCHES:          0 LATE PREFETCHES: 0 DROPPED PREFETCHES: 0
DTLB PREFETCHES SAME FILL-ORIGIN LEVEL: 0 DIFFERENT FILL-ORIGIN LEVEL: 0
DTLB AVERAGE MISS LATENCY:    11.1129 cycles AVERAGE LOAD MISS LATENCY:       -nan cycles Load Miss          0
DTLB Average MSHR Occupancy:  0.0306869
DTLB RQ	ACCESS:   56429525	FORWARD:          0	MERGED:   17275654	TO_CACHE:   39153871

STLB TOTAL     ACCESS:    3465286  HIT:    3319924  MISS:     145362  HIT %:    95.8052  MISS %:    4.19481   MPKI: 0.72681
STLB LOAD TRANSLATION ACCESS:    3336128  HIT:    3190766  MISS:     145362  HIT %:    95.6428  MISS %:    4.35721   MPKI: 0.72681
STLB TRANSLATION FROM L1D PREFETCHER ACCESS:     129158  HIT:     129158  MISS:          0  HIT %:        100  MISS %:          0   MPKI: 0
STLB PREFETCH  REQUESTED:          0  ISSUED:          0  USEFUL:          0  USELESS:          0
STLB USEFUL LOAD PREFETCHES:          0 PREFETCH ISSUED TO LOWER LEVEL:          0  ACCURACY: -nan
STLB TIMELY PREFETCHES:          0 LATE PREFETCHES: 0 DROPPED PREFETCHES: 0
STLB PREFETCHES SAME FILL-ORIGIN LEVEL: 0 DIFFERENT FILL-ORIGIN LEVEL: 0
STLB AVERAGE MISS LATENCY:    31.3745 cycles AVERAGE LOAD MISS LATENCY:       -nan cycles Load Miss          0
STLB Average MSHR Occupancy: 0.00845083
STLB RQ	ACCESS:    3685101	FORWARD:          0	MERGED:     219815	TO_CACHE:    3465286

STLB Hit, L1D data hit: 0
STLB Hit, L2C data hit: 0
STLB Hit, LLC data hit: 0
STLB Hit, LLC data miss: 0
STLB STLB hints to L2: 0
L1D TOTAL     ACCESS:   54950413  HIT:   50803757  MISS:    4146656  HIT %:    92.4538  MISS %:    7.54618   MPKI: 20.7333
L1D LOAD      ACCESS:   33050956  HIT:   30155294  MISS:    2895662  HIT %:    91.2388  MISS %:     8.7612   MPKI: 14.4783
L1D RFO       ACCESS:   21624089  HIT:   20428776  MISS:    1195313  HIT %:    94.4723  MISS %:    5.52769   MPKI: 5.97656
L1D PREFETCH  ACCESS:     275368  HIT:     219687  MISS:      55681  HIT %:    79.7794  MISS %:    20.2206   MPKI: 0.278405
AGUS PREFETCH L1 MISS: 0
L1D PREFETCH  REQUESTED:     843897  ISSUED:     842355  USEFUL:      14443  USELESS:      41242
L1D USEFUL LOAD PREFETCHES:      14443 PREFETCH ISSUED TO LOWER LEVEL:      96946  ACCURACY: 14.898
L1D TIMELY PREFETCHES:      14443 LATE PREFETCHES: 13724 DROPPED PREFETCHES: 0
L1D PREFETCHES SAME FILL-ORIGIN LEVEL: 69454 DIFFERENT FILL-ORIGIN LEVEL: 27492
L1D AVERAGE MISS LATENCY:    19.9749 cycles AVERAGE LOAD MISS LATENCY:     18.868 cycles Load Miss    2895662
L1D Average MSHR Occupancy:   0.156033
L1D RQ	ACCESS:   44530811	FORWARD:          0	MERGED:   11268513	TO_CACHE:   33125050
L1D WQ	ACCESS:   23602131	FORWARD:     137249	MERGED:     297656	TO_CACHE:   23304475
L1D PQ	ACCESS:     493382	FORWARD:          0	MERGED:     144408	TO_CACHE:     348973

L1D UNIQUE REGIONS ACCESSED: 0
L1D REGIONS CONFLICTS: 0
L1D Cross Page Prefetch Requests: 0
L1D Same Page Prefetch Requests: 954318
L1D ROI Sum of L1D PQ occupancy: 4553155
L1D PREFETCHES PUSHED FROM L2C: 0
L1I TOTAL     ACCESS:   30906474  HIT:   11399234  MISS:   19507240  HIT %:     36.883  MISS %:     63.117   MPKI: 97.5362
L1I LOAD      ACCESS:   30906474  HIT:   11399234  MISS:   19507240  HIT %:     36.883  MISS %:     63.117   MPKI: 97.5362
L1I PREFETCH  REQUESTED:          0  ISSUED:          0  USEFUL:          0  USELESS:          0
L1I USEFUL LOAD PREFETCHES:          0 PREFETCH ISSUED TO LOWER LEVEL:          0  ACCURACY: -nan
L1I TIMELY PREFETCHES:          0 LATE PREFETCHES: 0 DROPPED PREFETCHES: 0
L1I PREFETCHES SAME FILL-ORIGIN LEVEL: 0 DIFFERENT FILL-ORIGIN LEVEL: 0
L1I AVERAGE MISS LATENCY:    14.1252 cycles AVERAGE LOAD MISS LATENCY:    14.1252 cycles Load Miss   19507240
L1I Average MSHR Occupancy:   0.464946
L1I RQ	ACCESS:   53233826	FORWARD:          0	MERGED:   21816040	TO_CACHE:   31417786

BTB TOTAL     ACCESS:   30235326  HIT:   19389507  MISS:   10845819  HIT %:    64.1287  MISS %:    35.8713   MPKI: 54.2291
BTB BRANCH_DIRECT_JUMP	ACCESS:    1982837  HIT:    1215041  MISS:     767796
BTB BRANCH_INDIRECT	ACCESS:   12253880  HIT:    7828640  MISS:    4425240
BTB BRANCH_CONDITIONAL	ACCESS:    7044735  HIT:    6115358  MISS:     929377
BTB BRANCH_DIRECT_CALL	ACCESS:    3466817  HIT:    2012661  MISS:    1454156
BTB BRANCH_INDIRECT_CALL	ACCESS:    1010163  HIT:     528826  MISS:     481337
BTB BRANCH_RETURN	ACCESS:    4476894  HIT:    1688981  MISS:    2787913
BTB BRANCH_OTHER ACCESS:          0  HIT:          0  MISS:          0

L2C TOTAL     ACCESS:   25995339  HIT:   25629674  MISS:     365665  HIT %:    98.5933  MISS %:    1.40666   MPKI: 1.82832
L2C LOAD      ACCESS:   22389165  HIT:   22207111  MISS:     182054  HIT %:    99.1869  MISS %:   0.813134   MPKI: 0.91027
L2C DATA LOAD MPKI: 0.88145
L2C INSTRUCTION LOAD MPKI: 0.02882
L2C RFO       ACCESS:    1195226  HIT:    1053008  MISS:     142218  HIT %:    88.1012  MISS %:    11.8988   MPKI: 0.71109
L2C PREFETCH  ACCESS:      77538  HIT:      51280  MISS:      26258  HIT %:    66.1353  MISS %:    33.8647   MPKI: 0.13129
AGUS PREFETCH L1 MISS: 0
L2C DATA PREFETCH MPKI: 0.13129
L2C INSTRUCTION PREFETCH MPKI: 0
L2C WRITEBACK ACCESS:    2109869  HIT:    2109560  MISS:        309  HIT %:    99.9854  MISS %:  0.0146455   MPKI: 0.001545
L2C LOAD TRANSLATION ACCESS:     223541  HIT:     208715  MISS:      14826  HIT %:    93.3677  MISS %:    6.63234   MPKI: 0.07413
L2C PREFETCH  REQUESTED:          0  ISSUED:          0  USEFUL:       5918  USELESS:      21005
L2C USEFUL LOAD PREFETCHES:       5918 PREFETCH ISSUED TO LOWER LEVEL:      40234  ACCURACY: 14.709
L2C TIMELY PREFETCHES:       5918 LATE PREFETCHES: 13976 DROPPED PREFETCHES: 0
L2C PREFETCHES SAME FILL-ORIGIN LEVEL: 22781 DIFFERENT FILL-ORIGIN LEVEL: 0
L2C AVERAGE MISS LATENCY:    63.7408 cycles AVERAGE LOAD MISS LATENCY:    64.1276 cycles Load Miss     182054
L2C Average MSHR Occupancy:   0.040288
L2C RQ	ACCESS:   23807983	FORWARD:          0	MERGED:          0	TO_CACHE:   23807932
L2C WQ	ACCESS:    2109869	FORWARD:         51	MERGED:          0	TO_CACHE:    2109869
L2C PQ	ACCESS:      96946	FORWARD:          0	MERGED:         52	TO_CACHE:      96894

L2C Instructions Evicting Data 5373
L2C Translations Evicting Data 13975
L2C Data Evicting Data 325702
L2C Instructions Evicting Instructions 144
L2C Translations Evicting Instructions 253
L2C Data Evicting Instructions 5206
L2C Instructions Evicting Translations 247
L2C Translations Evicting Translations 598
L2C Data Evicting Translations 13858
L2C Dense regions hint from L2: 0
PSCL5 TOTAL     ACCESS:     145362  HIT:     145362  MISS:          0  HIT %:        100  MISS %:          0   MPKI: 0
PSCL5 LOAD TRANSLATION ACCESS:     145362  HIT:     145362  MISS:          0  HIT %:        100  MISS %:          0   MPKI: 0
PSCL5 PREFETCH  REQUESTED:          0  ISSUED:          0  USEFUL:          0  USELESS:          0
PSCL5 USEFUL LOAD PREFETCHES:          0 PREFETCH ISSUED TO LOWER LEVEL:          0  ACCURACY: -nan
PSCL5 TIMELY PREFETCHES:          0 LATE PREFETCHES: 0 DROPPED PREFETCHES: 0
PSCL5 PREFETCHES SAME FILL-ORIGIN LEVEL: 0 DIFFERENT FILL-ORIGIN LEVEL: 0

PSCL4 TOTAL     ACCESS:     142202  HIT:     140921  MISS:       1281  HIT %:    99.0992  MISS %:   0.900831   MPKI: 0.006405
PSCL4 LOAD TRANSLATION ACCESS:     142202  HIT:     140921  MISS:       1281  HIT %:    99.0992  MISS %:   0.900831   MPKI: 0.006405
PSCL4 PREFETCH  REQUESTED:          0  ISSUED:          0  USEFUL:          0  USELESS:          0
PSCL4 USEFUL LOAD PREFETCHES:          0 PREFETCH ISSUED TO LOWER LEVEL:          0  ACCURACY: -nan
PSCL4 TIMELY PREFETCHES:          0 LATE PREFETCHES: 0 DROPPED PREFETCHES: 0
PSCL4 PREFETCHES SAME FILL-ORIGIN LEVEL: 0 DIFFERENT FILL-ORIGIN LEVEL: 0

PSCL3 TOTAL     ACCESS:     134368  HIT:     115190  MISS:      19178  HIT %:    85.7273  MISS %:    14.2727   MPKI: 0.09589
PSCL3 LOAD TRANSLATION ACCESS:     134368  HIT:     115190  MISS:      19178  HIT %:    85.7273  MISS %:    14.2727   MPKI: 0.09589
PSCL3 PREFETCH  REQUESTED:          0  ISSUED:          0  USEFUL:          0  USELESS:          0
PSCL3 USEFUL LOAD PREFETCHES:          0 PREFETCH ISSUED TO LOWER LEVEL:          0  ACCURACY: -nan
PSCL3 TIMELY PREFETCHES:          0 LATE PREFETCHES: 0 DROPPED PREFETCHES: 0
PSCL3 PREFETCHES SAME FILL-ORIGIN LEVEL: 0 DIFFERENT FILL-ORIGIN LEVEL: 0

PSCL2 TOTAL     ACCESS:     145362  HIT:      87642  MISS:      57720  HIT %:    60.2922  MISS %:    39.7078   MPKI: 0.2886
PSCL2 LOAD TRANSLATION ACCESS:     145362  HIT:      87642  MISS:      57720  HIT %:    60.2922  MISS %:    39.7078   MPKI: 0.2886
PSCL2 PREFETCH  REQUESTED:          0  ISSUED:          0  USEFUL:          0  USELESS:          0
PSCL2 USEFUL LOAD PREFETCHES:          0 PREFETCH ISSUED TO LOWER LEVEL:          0  ACCURACY: -nan
PSCL2 TIMELY PREFETCHES:          0 LATE PREFETCHES: 0 DROPPED PREFETCHES: 0
PSCL2 PREFETCHES SAME FILL-ORIGIN LEVEL: 0 DIFFERENT FILL-ORIGIN LEVEL: 0

LLC TOTAL     ACCESS:     579959  HIT:     524052  MISS:      55907  HIT %:    90.3602  MISS %:    9.63982   MPKI: 0.279535
LLC LOAD      ACCESS:     168078  HIT:     150766  MISS:      17312  HIT %:       89.7  MISS %:       10.3   MPKI: 0.08656
LLC RFO       ACCESS:     142218  HIT:     128317  MISS:      13901  HIT %:    90.2256  MISS %:    9.77443   MPKI: 0.069505
LLC PREFETCH  ACCESS:      40234  HIT:      30906  MISS:       9328  HIT %:    76.8156  MISS %:    23.1844   MPKI: 0.04664
AGUS PREFETCH L1 MISS: 0
LLC WRITEBACK ACCESS:     214603  HIT:     200354  MISS:      14249  HIT %:    93.3603  MISS %:     6.6397   MPKI: 0.071245
LLC LOAD TRANSLATION ACCESS:      14826  HIT:      13709  MISS:       1117  HIT %:    92.4659  MISS %:    7.53406   MPKI: 0.005585
LLC PREFETCH  REQUESTED:          0  ISSUED:          0  USEFUL:       1918  USELESS:       3220
LLC USEFUL LOAD PREFETCHES:       1918 PREFETCH ISSUED TO LOWER LEVEL:       9328  ACCURACY: 20.5617
LLC TIMELY PREFETCHES:       1918 LATE PREFETCHES: 0 DROPPED PREFETCHES: 0
LLC PREFETCHES SAME FILL-ORIGIN LEVEL: 0 DIFFERENT FILL-ORIGIN LEVEL: 0
LLC AVERAGE MISS LATENCY:    127.615 cycles AVERAGE LOAD MISS LATENCY:    175.604 cycles Load Miss      17312
LLC Average MSHR Occupancy:  0.0122367
LLC RQ	ACCESS:     325122	FORWARD:          0	MERGED:          0	TO_CACHE:     325122
LLC WQ	ACCESS:     214603	FORWARD:          0	MERGED:          0	TO_CACHE:     214603
LLC PQ	ACCESS:      40234	FORWARD:          0	MERGED:          0	TO_CACHE:      40234

LLC Dense regions hint to LLC: 0

RAW hits: 3447313
Loads Generated: 47978116
Loads sent to L1D: 44530811
Stores Generated: 23602118
Stores sent to L1D: 23602131
Major fault: 0 Minor fault: 5016
Allocated PAGES: 5016
CPU 0 L1D PC-based stride prefetcher final stats
Degree: 3
================ Mockingjay (LLC) Pollution Stats ================
Total pollution count in LLC: 2436
==================================================================

DRAM Statistics
 CHANNEL 0
 RQ ROW_BUFFER_HIT:      11205  ROW_BUFFER_MISS:      30453
 DBUS_CONGESTED:         64
 WQ ROW_BUFFER_HIT:       2713  ROW_BUFFER_MISS:      22803  FULL:          0

 AVG_CONGESTED_CYCLE: 4
 All warmup complete: 2
Channel 0 Bank busy for read cycles: 0
Channel 0 Bank busy for write cycles: 0
Channel 0
Rank 0
0banks busy for read cycles: 573297197
0banks busy for write cycles: 15555
1banks busy for read cycles: 2773195
1banks busy for write cycles: 2317856
2banks busy for read cycles: 330638
2banks busy for write cycles: 192287
3banks busy for read cycles: 144458
3banks busy for write cycles: 64043
4banks busy for read cycles: 94245
4banks busy for write cycles: 43387
5banks busy for read cycles: 65042
5banks busy for write cycles: 37311
6banks busy for read cycles: 42319
6banks busy for write cycles: 40064
7banks busy for read cycles: 28658
7banks busy for write cycles: 52355
8banks busy for read cycles: 13925
8banks busy for write cycles: 90614

CPU 0 Branch Prediction Accuracy: 99.846% MPKI: 0.268715 Average ROB Occupancy at Mispredict: 33.0193
Branch types
NOT_BRANCH: 165111815 82.5559%
BRANCH_DIRECT_JUMP: 1982837 0.991418%
BRANCH_INDIRECT: 12253880 6.12694%
BRANCH_CONDITIONAL: 11697440 5.84872%
BRANCH_DIRECT_CALL: 3466817 1.73341%
BRANCH_INDIRECT_CALL: 1010163 0.505081%
BRANCH_RETURN: 4476894 2.23845%
BRANCH_OTHER: 0 0%

===================== LRU L1D STATS =====================
Total pollution count in L1D: 107248
=========================================================
================ SRRIP (L2C) Pollution Stats ================
Total pollution count in L2c: 334490
==================================================================
DRAM PAGES: 1048576
Allocated PAGES: 5016
