
*** ChampSim Multicore Out-of-Order Simulator ***

Warmup Instructions: 200000000
Simulation Instructions: 200000000
Number of CPUs: 1
LLC sets: 4096
LLC ways: 12
Off-chip DRAM Size: 4096 MB Channels: 1 Width: 64-bit Data Rate: 6400 MT/s
CPU 0 runs /home1/sweta/traces/qualcomm_traces/srv_48.champsimtrace.xz
.xz
BTB has LRU replacement policy
ITLB has LRU replacement policy
DTLB has LRU replacement policy
STLB has LRU replacement policy
L1I has LRU replacement policy
CPU 0 L1D IP-based stride prefetcher
L1D has LRU replacement policy
Initialize SRRIP state for L2C
Initialize Mockingjay state for LLC
Heartbeat CPU 0 instructions: 10000007 cycles: 2279873 heartbeat IPC: 4.38621 cumulative IPC: 4.38621 (Simulation time: 0 hr 0 min 26 sec) 
Heartbeat CPU 0 instructions: 20000000 cycles: 4559142 heartbeat IPC: 4.38737 cumulative IPC: 4.38679 (Simulation time: 0 hr 0 min 51 sec) 
Heartbeat CPU 0 instructions: 30000002 cycles: 6769165 heartbeat IPC: 4.52484 cumulative IPC: 4.43186 (Simulation time: 0 hr 1 min 13 sec) 
*** Reached end of trace for Core: 0 Repeating trace: /home1/sweta/traces/qualcomm_traces/srv_48.champsimtrace.xz
Heartbeat CPU 0 instructions: 40000000 cycles: 9048916 heartbeat IPC: 4.38644 cumulative IPC: 4.42042 (Simulation time: 0 hr 1 min 38 sec) 
Heartbeat CPU 0 instructions: 50000001 cycles: 11318549 heartbeat IPC: 4.406 cumulative IPC: 4.41753 (Simulation time: 0 hr 2 min 5 sec) 
Heartbeat CPU 0 instructions: 60000005 cycles: 13536549 heartbeat IPC: 4.50857 cumulative IPC: 4.43244 (Simulation time: 0 hr 2 min 27 sec) 
*** Reached end of trace for Core: 0 Repeating trace: /home1/sweta/traces/qualcomm_traces/srv_48.champsimtrace.xz
Heartbeat CPU 0 instructions: 70000007 cycles: 15824289 heartbeat IPC: 4.37113 cumulative IPC: 4.42358 (Simulation time: 0 hr 2 min 54 sec) 
Heartbeat CPU 0 instructions: 80000004 cycles: 18085281 heartbeat IPC: 4.42284 cumulative IPC: 4.42349 (Simulation time: 0 hr 3 min 19 sec) 
Heartbeat CPU 0 instructions: 90000000 cycles: 20332271 heartbeat IPC: 4.4504 cumulative IPC: 4.42646 (Simulation time: 0 hr 3 min 42 sec) 
*** Reached end of trace for Core: 0 Repeating trace: /home1/sweta/traces/qualcomm_traces/srv_48.champsimtrace.xz
Heartbeat CPU 0 instructions: 100000005 cycles: 22610870 heartbeat IPC: 4.38866 cumulative IPC: 4.42265 (Simulation time: 0 hr 4 min 6 sec) 
Heartbeat CPU 0 instructions: 110000006 cycles: 24884013 heartbeat IPC: 4.3992 cumulative IPC: 4.42051 (Simulation time: 0 hr 4 min 31 sec) 
Heartbeat CPU 0 instructions: 120000001 cycles: 27116414 heartbeat IPC: 4.47948 cumulative IPC: 4.42536 (Simulation time: 0 hr 4 min 53 sec) 
*** Reached end of trace for Core: 0 Repeating trace: /home1/sweta/traces/qualcomm_traces/srv_48.champsimtrace.xz
Heartbeat CPU 0 instructions: 130000006 cycles: 29384960 heartbeat IPC: 4.40811 cumulative IPC: 4.42403 (Simulation time: 0 hr 5 min 17 sec) 
Heartbeat CPU 0 instructions: 140000001 cycles: 31643418 heartbeat IPC: 4.4278 cumulative IPC: 4.4243 (Simulation time: 0 hr 5 min 41 sec) 
Heartbeat CPU 0 instructions: 150000000 cycles: 33866224 heartbeat IPC: 4.49882 cumulative IPC: 4.42919 (Simulation time: 0 hr 6 min 2 sec) 
*** Reached end of trace for Core: 0 Repeating trace: /home1/sweta/traces/qualcomm_traces/srv_48.champsimtrace.xz
Heartbeat CPU 0 instructions: 160000007 cycles: 36125735 heartbeat IPC: 4.42574 cumulative IPC: 4.42898 (Simulation time: 0 hr 6 min 24 sec) 
Heartbeat CPU 0 instructions: 170000001 cycles: 38419246 heartbeat IPC: 4.36012 cumulative IPC: 4.42487 (Simulation time: 0 hr 6 min 47 sec) 
Heartbeat CPU 0 instructions: 180000000 cycles: 40605306 heartbeat IPC: 4.57444 cumulative IPC: 4.43292 (Simulation time: 0 hr 7 min 6 sec) 
*** Reached end of trace for Core: 0 Repeating trace: /home1/sweta/traces/qualcomm_traces/srv_48.champsimtrace.xz
Heartbeat CPU 0 instructions: 190000004 cycles: 42881072 heartbeat IPC: 4.39413 cumulative IPC: 4.43086 (Simulation time: 0 hr 7 min 28 sec) 
Heartbeat CPU 0 instructions: 200000000 cycles: 45182665 heartbeat IPC: 4.34482 cumulative IPC: 4.42648 (Simulation time: 0 hr 7 min 51 sec) 

Warmup complete CPU 0 instructions: 200000005 cycles: 45182666 (Simulation time: 0 hr 7 min 51 sec) 

Heartbeat CPU 0 instructions: 210000000 cycles: 64235198 heartbeat IPC: 0.524865 cumulative IPC: 0.524864 (Simulation time: 0 hr 8 min 18 sec) 
*** Reached end of trace for Core: 0 Repeating trace: /home1/sweta/traces/qualcomm_traces/srv_48.champsimtrace.xz
Heartbeat CPU 0 instructions: 220000005 cycles: 83537515 heartbeat IPC: 0.518073 cumulative IPC: 0.521446 (Simulation time: 0 hr 8 min 46 sec) 
Heartbeat CPU 0 instructions: 230000005 cycles: 105449132 heartbeat IPC: 0.456379 cumulative IPC: 0.497789 (Simulation time: 0 hr 9 min 14 sec) 
Heartbeat CPU 0 instructions: 240000003 cycles: 125753802 heartbeat IPC: 0.492497 cumulative IPC: 0.496456 (Simulation time: 0 hr 9 min 43 sec) 
*** Reached end of trace for Core: 0 Repeating trace: /home1/sweta/traces/qualcomm_traces/srv_48.champsimtrace.xz
Heartbeat CPU 0 instructions: 250000000 cycles: 143928529 heartbeat IPC: 0.550214 cumulative IPC: 0.50635 (Simulation time: 0 hr 10 min 10 sec) 
Heartbeat CPU 0 instructions: 260000002 cycles: 165585303 heartbeat IPC: 0.461749 cumulative IPC: 0.498328 (Simulation time: 0 hr 10 min 39 sec) 
Heartbeat CPU 0 instructions: 270000000 cycles: 186471719 heartbeat IPC: 0.47878 cumulative IPC: 0.495438 (Simulation time: 0 hr 11 min 7 sec) 
*** Reached end of trace for Core: 0 Repeating trace: /home1/sweta/traces/qualcomm_traces/srv_48.champsimtrace.xz
Heartbeat CPU 0 instructions: 280000002 cycles: 204091760 heartbeat IPC: 0.567536 cumulative IPC: 0.503432 (Simulation time: 0 hr 11 min 33 sec) 
Heartbeat CPU 0 instructions: 290000001 cycles: 225520375 heartbeat IPC: 0.466666 cumulative IPC: 0.499064 (Simulation time: 0 hr 12 min 1 sec) 
Heartbeat CPU 0 instructions: 300000002 cycles: 247008737 heartbeat IPC: 0.465368 cumulative IPC: 0.495476 (Simulation time: 0 hr 12 min 29 sec) 
Heartbeat CPU 0 instructions: 310000000 cycles: 263675589 heartbeat IPC: 0.599993 cumulative IPC: 0.503449 (Simulation time: 0 hr 12 min 56 sec) 
*** Reached end of trace for Core: 0 Repeating trace: /home1/sweta/traces/qualcomm_traces/srv_48.champsimtrace.xz
Heartbeat CPU 0 instructions: 320000000 cycles: 285197273 heartbeat IPC: 0.464648 cumulative IPC: 0.49997 (Simulation time: 0 hr 13 min 24 sec) 
Heartbeat CPU 0 instructions: 330000004 cycles: 307262835 heartbeat IPC: 0.453195 cumulative IPC: 0.496031 (Simulation time: 0 hr 13 min 52 sec) 
Heartbeat CPU 0 instructions: 340000001 cycles: 323531278 heartbeat IPC: 0.614687 cumulative IPC: 0.502966 (Simulation time: 0 hr 14 min 19 sec) 
*** Reached end of trace for Core: 0 Repeating trace: /home1/sweta/traces/qualcomm_traces/srv_48.champsimtrace.xz
Heartbeat CPU 0 instructions: 350000003 cycles: 343523636 heartbeat IPC: 0.500191 cumulative IPC: 0.50278 (Simulation time: 0 hr 14 min 46 sec) 
Heartbeat CPU 0 instructions: 360000000 cycles: 366243499 heartbeat IPC: 0.440143 cumulative IPC: 0.498348 (Simulation time: 0 hr 15 min 13 sec) 
Heartbeat CPU 0 instructions: 370000000 cycles: 383513398 heartbeat IPC: 0.579042 cumulative IPC: 0.502467 (Simulation time: 0 hr 15 min 39 sec) 
*** Reached end of trace for Core: 0 Repeating trace: /home1/sweta/traces/qualcomm_traces/srv_48.champsimtrace.xz
Heartbeat CPU 0 instructions: 380000000 cycles: 402543909 heartbeat IPC: 0.525472 cumulative IPC: 0.503692 (Simulation time: 0 hr 16 min 6 sec) 
Heartbeat CPU 0 instructions: 390000004 cycles: 425587912 heartbeat IPC: 0.433953 cumulative IPC: 0.499467 (Simulation time: 0 hr 16 min 33 sec) 
Heartbeat CPU 0 instructions: 400000004 cycles: 443190642 heartbeat IPC: 0.568094 cumulative IPC: 0.502503 (Simulation time: 0 hr 16 min 59 sec) 
Finished CPU 0 instructions: 200000007 cycles: 398007977 cumulative IPC: 0.502503 (Simulation time: 0 hr 16 min 59 sec) 

ChampSim completed all CPUs

Region of Interest Statistics

CPU 0 cumulative IPC: 0.502503 instructions: 200000007 cycles: 398007977
ITLB TOTAL     ACCESS:   25893396  HIT:   24849763  MISS:    1043633  HIT %:    95.9695  MISS %:     4.0305   MPKI: 5.21816
ITLB LOAD TRANSLATION ACCESS:   25893396  HIT:   24849763  MISS:    1043633  HIT %:    95.9695  MISS %:     4.0305   MPKI: 5.21816
ITLB PREFETCH  REQUESTED:          0  ISSUED:          0  USEFUL:          0  USELESS:          0
ITLB USEFUL LOAD PREFETCHES:          0 PREFETCH ISSUED TO LOWER LEVEL:          0  ACCURACY: -nan
ITLB TIMELY PREFETCHES:          0 LATE PREFETCHES: 0 DROPPED PREFETCHES: 0
ITLB PREFETCHES SAME FILL-ORIGIN LEVEL: 0 DIFFERENT FILL-ORIGIN LEVEL: 0
ITLB AVERAGE MISS LATENCY:    9.66557 cycles AVERAGE LOAD MISS LATENCY:       -nan cycles Load Miss          0
ITLB Average MSHR Occupancy:  0.0229576
ITLB RQ	ACCESS:   30282645	FORWARD:          0	MERGED:    3656557	TO_CACHE:   26626088

DTLB TOTAL     ACCESS:   38253882  HIT:   37217295  MISS:    1036587  HIT %:    97.2902  MISS %:    2.70976   MPKI: 5.18293
DTLB LOAD TRANSLATION ACCESS:   38253882  HIT:   37217295  MISS:    1036587  HIT %:    97.2902  MISS %:    2.70976   MPKI: 5.18293
DTLB PREFETCH  REQUESTED:          0  ISSUED:          0  USEFUL:          0  USELESS:          0
DTLB USEFUL LOAD PREFETCHES:          0 PREFETCH ISSUED TO LOWER LEVEL:          0  ACCURACY: -nan
DTLB TIMELY PREFETCHES:          0 LATE PREFETCHES: 0 DROPPED PREFETCHES: 0
DTLB PREFETCHES SAME FILL-ORIGIN LEVEL: 0 DIFFERENT FILL-ORIGIN LEVEL: 0
DTLB AVERAGE MISS LATENCY:    12.8313 cycles AVERAGE LOAD MISS LATENCY:       -nan cycles Load Miss          0
DTLB Average MSHR Occupancy:  0.0317548
DTLB RQ	ACCESS:   55501937	FORWARD:          0	MERGED:   17169566	TO_CACHE:   38332371

STLB TOTAL     ACCESS:    2309748  HIT:    2231204  MISS:      78544  HIT %:    96.5995  MISS %:    3.40054   MPKI: 0.39272
STLB LOAD TRANSLATION ACCESS:    2080220  HIT:    2001676  MISS:      78544  HIT %:    96.2242  MISS %:    3.77575   MPKI: 0.39272
STLB TRANSLATION FROM L1D PREFETCHER ACCESS:     229528  HIT:     229528  MISS:          0  HIT %:        100  MISS %:          0   MPKI: 0
STLB PREFETCH  REQUESTED:          0  ISSUED:          0  USEFUL:          0  USELESS:          0
STLB USEFUL LOAD PREFETCHES:          0 PREFETCH ISSUED TO LOWER LEVEL:          0  ACCURACY: -nan
STLB TIMELY PREFETCHES:          0 LATE PREFETCHES: 0 DROPPED PREFETCHES: 0
STLB PREFETCHES SAME FILL-ORIGIN LEVEL: 0 DIFFERENT FILL-ORIGIN LEVEL: 0
STLB AVERAGE MISS LATENCY:    59.2049 cycles AVERAGE LOAD MISS LATENCY:       -nan cycles Load Miss          0
STLB Average MSHR Occupancy:  0.0121991
STLB RQ	ACCESS:    2772049	FORWARD:          0	MERGED:     462301	TO_CACHE:    2309748

STLB Hit, L1D data hit: 0
STLB Hit, L2C data hit: 0
STLB Hit, LLC data hit: 0
STLB Hit, LLC data miss: 0
STLB STLB hints to L2: 0
L1D TOTAL     ACCESS:   54625348  HIT:   52213109  MISS:    2412239  HIT %:     95.584  MISS %:    4.41597   MPKI: 12.0612
L1D LOAD      ACCESS:   33485596  HIT:   31968088  MISS:    1517508  HIT %:    95.4682  MISS %:    4.53182   MPKI: 7.58754
L1D RFO       ACCESS:   20532536  HIT:   19715485  MISS:     817051  HIT %:    96.0207  MISS %:     3.9793   MPKI: 4.08525
L1D PREFETCH  ACCESS:     607216  HIT:     529536  MISS:      77680  HIT %:    87.2072  MISS %:    12.7928   MPKI: 0.3884
AGUS PREFETCH L1 MISS: 0
L1D PREFETCH  REQUESTED:    1506460  ISSUED:    1504674  USEFUL:      56960  USELESS:      20713
L1D USEFUL LOAD PREFETCHES:      56960 PREFETCH ISSUED TO LOWER LEVEL:     128131  ACCURACY: 44.4545
L1D TIMELY PREFETCHES:      56960 LATE PREFETCHES: 17920 DROPPED PREFETCHES: 0
L1D PREFETCHES SAME FILL-ORIGIN LEVEL: 95626 DIFFERENT FILL-ORIGIN LEVEL: 32505
L1D AVERAGE MISS LATENCY:    41.8987 cycles AVERAGE LOAD MISS LATENCY:    35.8248 cycles Load Miss    1517508
L1D Average MSHR Occupancy:   0.276636
L1D RQ	ACCESS:   49758017	FORWARD:          0	MERGED:   16065536	TO_CACHE:   33543046
L1D WQ	ACCESS:   22505154	FORWARD:     149498	MERGED:     546263	TO_CACHE:   21958891
L1D PQ	ACCESS:     812845	FORWARD:          0	MERGED:     120953	TO_CACHE:     691829

L1D UNIQUE REGIONS ACCESSED: 0
L1D REGIONS CONFLICTS: 0
L1D Cross Page Prefetch Requests: 0
L1D Same Page Prefetch Requests: 1561599
L1D ROI Sum of L1D PQ occupancy: 9297751
L1D PREFETCHES PUSHED FROM L2C: 0
L1I TOTAL     ACCESS:   29657898  HIT:   13067842  MISS:   16590056  HIT %:    44.0619  MISS %:    55.9381   MPKI: 82.9503
L1I LOAD      ACCESS:   29657898  HIT:   13067842  MISS:   16590056  HIT %:    44.0619  MISS %:    55.9381   MPKI: 82.9503
L1I PREFETCH  REQUESTED:          0  ISSUED:          0  USEFUL:          0  USELESS:          0
L1I USEFUL LOAD PREFETCHES:          0 PREFETCH ISSUED TO LOWER LEVEL:          0  ACCURACY: -nan
L1I TIMELY PREFETCHES:          0 LATE PREFETCHES: 0 DROPPED PREFETCHES: 0
L1I PREFETCHES SAME FILL-ORIGIN LEVEL: 0 DIFFERENT FILL-ORIGIN LEVEL: 0
L1I AVERAGE MISS LATENCY:    14.5248 cycles AVERAGE LOAD MISS LATENCY:    14.5248 cycles Load Miss   16590056
L1I Average MSHR Occupancy:   0.587851
L1I RQ	ACCESS:   52618851	FORWARD:          0	MERGED:   22336206	TO_CACHE:   30282645

BTB TOTAL     ACCESS:   30509083  HIT:   24842008  MISS:    5667075  HIT %:     81.425  MISS %:     18.575   MPKI: 28.3354
BTB BRANCH_DIRECT_JUMP	ACCESS:    2962620  HIT:    2587727  MISS:     374893
BTB BRANCH_INDIRECT	ACCESS:   12232171  HIT:   10039763  MISS:    2192408
BTB BRANCH_CONDITIONAL	ACCESS:    7947204  HIT:    7486374  MISS:     460830
BTB BRANCH_DIRECT_CALL	ACCESS:    2720115  HIT:    2030708  MISS:     689407
BTB BRANCH_INDIRECT_CALL	ACCESS:     963469  HIT:     680660  MISS:     282809
BTB BRANCH_RETURN	ACCESS:    3683504  HIT:    2016776  MISS:    1666728
BTB BRANCH_OTHER ACCESS:          0  HIT:          0  MISS:          0

L2C TOTAL     ACCESS:   20341871  HIT:   19692014  MISS:     649857  HIT %:    96.8053  MISS %:    3.19468   MPKI: 3.24928
L2C LOAD      ACCESS:   18089632  HIT:   17773801  MISS:     315831  HIT %:    98.2541  MISS %:    1.74592   MPKI: 1.57915
L2C DATA LOAD MPKI: 1.23823
L2C INSTRUCTION LOAD MPKI: 0.34092
L2C RFO       ACCESS:     817012  HIT:     543060  MISS:     273952  HIT %:     66.469  MISS %:     33.531   MPKI: 1.36976
L2C PREFETCH  ACCESS:     103917  HIT:      68050  MISS:      35867  HIT %:     65.485  MISS %:     34.515   MPKI: 0.179335
AGUS PREFETCH L1 MISS: 0
L2C DATA PREFETCH MPKI: 0.179335
L2C INSTRUCTION PREFETCH MPKI: 0
L2C WRITEBACK ACCESS:    1213771  HIT:    1213147  MISS:        624  HIT %:    99.9486  MISS %:    0.05141   MPKI: 0.00312
L2C LOAD TRANSLATION ACCESS:     117539  HIT:      93956  MISS:      23583  HIT %:     79.936  MISS %:     20.064   MPKI: 0.117915
L2C PREFETCH  REQUESTED:          0  ISSUED:          0  USEFUL:       7001  USELESS:      29041
L2C USEFUL LOAD PREFETCHES:       7001 PREFETCH ISSUED TO LOWER LEVEL:      50812  ACCURACY: 13.7782
L2C TIMELY PREFETCHES:       7001 LATE PREFETCHES: 14945 DROPPED PREFETCHES: 0
L2C PREFETCHES SAME FILL-ORIGIN LEVEL: 24359 DIFFERENT FILL-ORIGIN LEVEL: 0
L2C AVERAGE MISS LATENCY:    122.039 cycles AVERAGE LOAD MISS LATENCY:    122.548 cycles Load Miss     315831
L2C Average MSHR Occupancy:   0.201172
L2C RQ	ACCESS:   19024207	FORWARD:          0	MERGED:          0	TO_CACHE:   19024183
L2C WQ	ACCESS:    1213771	FORWARD:         34	MERGED:          0	TO_CACHE:    1213771
L2C PQ	ACCESS:     128131	FORWARD:          0	MERGED:         29	TO_CACHE:     128092

L2C Instructions Evicting Data 56177
L2C Translations Evicting Data 20157
L2C Data Evicting Data 481063
L2C Instructions Evicting Instructions 9216
L2C Translations Evicting Instructions 2542
L2C Data Evicting Instructions 56366
L2C Instructions Evicting Translations 2791
L2C Translations Evicting Translations 884
L2C Data Evicting Translations 20037
L2C Dense regions hint from L2: 0
PSCL5 TOTAL     ACCESS:      78544  HIT:      78544  MISS:          0  HIT %:        100  MISS %:          0   MPKI: 0
PSCL5 LOAD TRANSLATION ACCESS:      78544  HIT:      78544  MISS:          0  HIT %:        100  MISS %:          0   MPKI: 0
PSCL5 PREFETCH  REQUESTED:          0  ISSUED:          0  USEFUL:          0  USELESS:          0
PSCL5 USEFUL LOAD PREFETCHES:          0 PREFETCH ISSUED TO LOWER LEVEL:          0  ACCURACY: -nan
PSCL5 TIMELY PREFETCHES:          0 LATE PREFETCHES: 0 DROPPED PREFETCHES: 0
PSCL5 PREFETCHES SAME FILL-ORIGIN LEVEL: 0 DIFFERENT FILL-ORIGIN LEVEL: 0

PSCL4 TOTAL     ACCESS:      76694  HIT:      75751  MISS:        943  HIT %:    98.7704  MISS %:    1.22956   MPKI: 0.004715
PSCL4 LOAD TRANSLATION ACCESS:      76694  HIT:      75751  MISS:        943  HIT %:    98.7704  MISS %:    1.22956   MPKI: 0.004715
PSCL4 PREFETCH  REQUESTED:          0  ISSUED:          0  USEFUL:          0  USELESS:          0
PSCL4 USEFUL LOAD PREFETCHES:          0 PREFETCH ISSUED TO LOWER LEVEL:          0  ACCURACY: -nan
PSCL4 TIMELY PREFETCHES:          0 LATE PREFETCHES: 0 DROPPED PREFETCHES: 0
PSCL4 PREFETCHES SAME FILL-ORIGIN LEVEL: 0 DIFFERENT FILL-ORIGIN LEVEL: 0

PSCL3 TOTAL     ACCESS:      71525  HIT:      61768  MISS:       9757  HIT %:    86.3586  MISS %:    13.6414   MPKI: 0.048785
PSCL3 LOAD TRANSLATION ACCESS:      71525  HIT:      61768  MISS:       9757  HIT %:    86.3586  MISS %:    13.6414   MPKI: 0.048785
PSCL3 PREFETCH  REQUESTED:          0  ISSUED:          0  USEFUL:          0  USELESS:          0
PSCL3 USEFUL LOAD PREFETCHES:          0 PREFETCH ISSUED TO LOWER LEVEL:          0  ACCURACY: -nan
PSCL3 TIMELY PREFETCHES:          0 LATE PREFETCHES: 0 DROPPED PREFETCHES: 0
PSCL3 PREFETCHES SAME FILL-ORIGIN LEVEL: 0 DIFFERENT FILL-ORIGIN LEVEL: 0

PSCL2 TOTAL     ACCESS:      78544  HIT:      50249  MISS:      28295  HIT %:    63.9756  MISS %:    36.0244   MPKI: 0.141475
PSCL2 LOAD TRANSLATION ACCESS:      78544  HIT:      50249  MISS:      28295  HIT %:    63.9756  MISS %:    36.0244   MPKI: 0.141475
PSCL2 PREFETCH  REQUESTED:          0  ISSUED:          0  USEFUL:          0  USELESS:          0
PSCL2 USEFUL LOAD PREFETCHES:          0 PREFETCH ISSUED TO LOWER LEVEL:          0  ACCURACY: -nan
PSCL2 TIMELY PREFETCHES:          0 LATE PREFETCHES: 0 DROPPED PREFETCHES: 0
PSCL2 PREFETCHES SAME FILL-ORIGIN LEVEL: 0 DIFFERENT FILL-ORIGIN LEVEL: 0

LLC TOTAL     ACCESS:     989719  HIT:     622370  MISS:     367349  HIT %:    62.8835  MISS %:    37.1165   MPKI: 1.83674
LLC LOAD      ACCESS:     300886  HIT:     163952  MISS:     136934  HIT %:    54.4897  MISS %:    45.5103   MPKI: 0.68467
LLC RFO       ACCESS:     273952  HIT:     177005  MISS:      96947  HIT %:    64.6117  MISS %:    35.3883   MPKI: 0.484735
LLC PREFETCH  ACCESS:      50812  HIT:      10546  MISS:      40266  HIT %:    20.7549  MISS %:    79.2451   MPKI: 0.20133
AGUS PREFETCH L1 MISS: 0
LLC WRITEBACK ACCESS:     340486  HIT:     255787  MISS:      84699  HIT %:    75.1241  MISS %:    24.8759   MPKI: 0.423495
LLC LOAD TRANSLATION ACCESS:      23583  HIT:      15080  MISS:       8503  HIT %:    63.9444  MISS %:    36.0556   MPKI: 0.042515
LLC PREFETCH  REQUESTED:          0  ISSUED:          0  USEFUL:        544  USELESS:      12632
LLC USEFUL LOAD PREFETCHES:        544 PREFETCH ISSUED TO LOWER LEVEL:      40266  ACCURACY: 1.35102
LLC TIMELY PREFETCHES:        544 LATE PREFETCHES: 0 DROPPED PREFETCHES: 0
LLC PREFETCHES SAME FILL-ORIGIN LEVEL: 0 DIFFERENT FILL-ORIGIN LEVEL: 0
LLC AVERAGE MISS LATENCY:    139.102 cycles AVERAGE LOAD MISS LATENCY:    164.693 cycles Load Miss     136934
LLC Average MSHR Occupancy:   0.127677
LLC RQ	ACCESS:     598421	FORWARD:          0	MERGED:          0	TO_CACHE:     598421
LLC WQ	ACCESS:     340486	FORWARD:          0	MERGED:          0	TO_CACHE:     340486
LLC PQ	ACCESS:      50812	FORWARD:          0	MERGED:          0	TO_CACHE:      50812

LLC Dense regions hint to LLC: 0

RAW hits: 4028180
Loads Generated: 53786198
Loads sent to L1D: 49758017
Stores Generated: 22505154
Stores sent to L1D: 22505154
Major fault: 0 Minor fault: 5602
Allocated PAGES: 5602
CPU 0 L1D PC-based stride prefetcher final stats
Degree: 3
================ Mockingjay (LLC) Pollution Stats ================
Total pollution count in LLC: 6989
==================================================================

DRAM Statistics
 CHANNEL 0
 RQ ROW_BUFFER_HIT:      98306  ROW_BUFFER_MISS:     184342
 DBUS_CONGESTED:        267
 WQ ROW_BUFFER_HIT:      21530  ROW_BUFFER_MISS:     121320  FULL:          0

 AVG_CONGESTED_CYCLE: 4
 All warmup complete: 2
Channel 0 Bank busy for read cycles: 0
Channel 0 Bank busy for write cycles: 0
Channel 0
Rank 0
0banks busy for read cycles: 361291881
0banks busy for write cycles: 75416
1banks busy for read cycles: 17065583
1banks busy for write cycles: 11574245
2banks busy for read cycles: 2398837
2banks busy for write cycles: 1846561
3banks busy for read cycles: 573808
3banks busy for write cycles: 425697
4banks busy for read cycles: 299474
4banks busy for write cycles: 189158
5banks busy for read cycles: 235630
5banks busy for write cycles: 105977
6banks busy for read cycles: 215705
6banks busy for write cycles: 88125
7banks busy for read cycles: 242987
7banks busy for write cycles: 133873
8banks busy for read cycles: 467818
8banks busy for write cycles: 777203

CPU 0 Branch Prediction Accuracy: 99.623% MPKI: 0.652935 Average ROB Occupancy at Mispredict: 40.3014
Branch types
NOT_BRANCH: 165363902 82.6819%
BRANCH_DIRECT_JUMP: 2962620 1.48131%
BRANCH_INDIRECT: 12232171 6.11609%
BRANCH_CONDITIONAL: 12073669 6.03683%
BRANCH_DIRECT_CALL: 2720115 1.36006%
BRANCH_INDIRECT_CALL: 963469 0.481734%
BRANCH_RETURN: 3683504 1.84175%
BRANCH_OTHER: 0 0%

===================== LRU L1D STATS =====================
Total pollution count in L1D: 120062
=========================================================
================ SRRIP (L2C) Pollution Stats ================
Total pollution count in L2c: 585444
==================================================================
DRAM PAGES: 1048576
Allocated PAGES: 5602
