
*** ChampSim Multicore Out-of-Order Simulator ***

Warmup Instructions: 200000000
Simulation Instructions: 200000000
Number of CPUs: 1
LLC sets: 4096
LLC ways: 12
Off-chip DRAM Size: 4096 MB Channels: 1 Width: 64-bit Data Rate: 6400 MT/s
CPU 0 runs /home1/sweta/traces/qualcomm_traces/srv_65.champsimtrace.xz
.xz
BTB has LRU replacement policy
ITLB has LRU replacement policy
DTLB has LRU replacement policy
STLB has LRU replacement policy
L1I has LRU replacement policy
CPU 0 L1D IP-based stride prefetcher
L1D has LRU replacement policy
Initialize SRRIP state for L2C
Initialize Mockingjay state for LLC
Heartbeat CPU 0 instructions: 10000005 cycles: 1917033 heartbeat IPC: 5.2164 cumulative IPC: 5.2164 (Simulation time: 0 hr 0 min 25 sec) 
Heartbeat CPU 0 instructions: 20000005 cycles: 3841271 heartbeat IPC: 5.19686 cumulative IPC: 5.20661 (Simulation time: 0 hr 0 min 50 sec) 
Heartbeat CPU 0 instructions: 30000000 cycles: 5750101 heartbeat IPC: 5.23881 cumulative IPC: 5.2173 (Simulation time: 0 hr 1 min 13 sec) 
*** Reached end of trace for Core: 0 Repeating trace: /home1/sweta/traces/qualcomm_traces/srv_65.champsimtrace.xz
Heartbeat CPU 0 instructions: 40000006 cycles: 7665736 heartbeat IPC: 5.2202 cumulative IPC: 5.21803 (Simulation time: 0 hr 1 min 37 sec) 
Heartbeat CPU 0 instructions: 50000000 cycles: 9589873 heartbeat IPC: 5.19713 cumulative IPC: 5.21383 (Simulation time: 0 hr 1 min 59 sec) 
Heartbeat CPU 0 instructions: 60000000 cycles: 11499183 heartbeat IPC: 5.23749 cumulative IPC: 5.21776 (Simulation time: 0 hr 2 min 22 sec) 
*** Reached end of trace for Core: 0 Repeating trace: /home1/sweta/traces/qualcomm_traces/srv_65.champsimtrace.xz
Heartbeat CPU 0 instructions: 70000000 cycles: 13416409 heartbeat IPC: 5.21587 cumulative IPC: 5.21749 (Simulation time: 0 hr 2 min 45 sec) 
Heartbeat CPU 0 instructions: 80000000 cycles: 15332913 heartbeat IPC: 5.21783 cumulative IPC: 5.21753 (Simulation time: 0 hr 3 min 8 sec) 
Heartbeat CPU 0 instructions: 90000000 cycles: 17250245 heartbeat IPC: 5.21558 cumulative IPC: 5.21732 (Simulation time: 0 hr 3 min 30 sec) 
*** Reached end of trace for Core: 0 Repeating trace: /home1/sweta/traces/qualcomm_traces/srv_65.champsimtrace.xz
Heartbeat CPU 0 instructions: 100000002 cycles: 19166300 heartbeat IPC: 5.21906 cumulative IPC: 5.21749 (Simulation time: 0 hr 3 min 51 sec) 
Heartbeat CPU 0 instructions: 110000004 cycles: 21072716 heartbeat IPC: 5.24545 cumulative IPC: 5.22002 (Simulation time: 0 hr 4 min 13 sec) 
Heartbeat CPU 0 instructions: 120000001 cycles: 22998168 heartbeat IPC: 5.19358 cumulative IPC: 5.21781 (Simulation time: 0 hr 4 min 34 sec) 
*** Reached end of trace for Core: 0 Repeating trace: /home1/sweta/traces/qualcomm_traces/srv_65.champsimtrace.xz
Heartbeat CPU 0 instructions: 130000003 cycles: 24913547 heartbeat IPC: 5.2209 cumulative IPC: 5.21804 (Simulation time: 0 hr 4 min 54 sec) 
Heartbeat CPU 0 instructions: 140000002 cycles: 26820361 heartbeat IPC: 5.24435 cumulative IPC: 5.21991 (Simulation time: 0 hr 5 min 14 sec) 
Heartbeat CPU 0 instructions: 150000005 cycles: 28744898 heartbeat IPC: 5.19606 cumulative IPC: 5.21832 (Simulation time: 0 hr 5 min 34 sec) 
*** Reached end of trace for Core: 0 Repeating trace: /home1/sweta/traces/qualcomm_traces/srv_65.champsimtrace.xz
Heartbeat CPU 0 instructions: 160000000 cycles: 30662301 heartbeat IPC: 5.21538 cumulative IPC: 5.21813 (Simulation time: 0 hr 5 min 55 sec) 
Heartbeat CPU 0 instructions: 170000002 cycles: 32571147 heartbeat IPC: 5.23877 cumulative IPC: 5.21934 (Simulation time: 0 hr 6 min 15 sec) 
Heartbeat CPU 0 instructions: 180000000 cycles: 34497553 heartbeat IPC: 5.19101 cumulative IPC: 5.21776 (Simulation time: 0 hr 6 min 35 sec) 
*** Reached end of trace for Core: 0 Repeating trace: /home1/sweta/traces/qualcomm_traces/srv_65.champsimtrace.xz
Heartbeat CPU 0 instructions: 190000006 cycles: 36412687 heartbeat IPC: 5.22157 cumulative IPC: 5.21796 (Simulation time: 0 hr 6 min 56 sec) 
Heartbeat CPU 0 instructions: 200000006 cycles: 38322543 heartbeat IPC: 5.236 cumulative IPC: 5.21886 (Simulation time: 0 hr 7 min 16 sec) 

Warmup complete CPU 0 instructions: 200000006 cycles: 38322543 (Simulation time: 0 hr 7 min 16 sec) 

Heartbeat CPU 0 instructions: 210000002 cycles: 53734385 heartbeat IPC: 0.648851 cumulative IPC: 0.648851 (Simulation time: 0 hr 7 min 41 sec) 
*** Reached end of trace for Core: 0 Repeating trace: /home1/sweta/traces/qualcomm_traces/srv_65.champsimtrace.xz
Heartbeat CPU 0 instructions: 220000001 cycles: 68677718 heartbeat IPC: 0.669195 cumulative IPC: 0.658866 (Simulation time: 0 hr 8 min 7 sec) 
Heartbeat CPU 0 instructions: 230000004 cycles: 83943024 heartbeat IPC: 0.65508 cumulative IPC: 0.657599 (Simulation time: 0 hr 8 min 32 sec) 
Heartbeat CPU 0 instructions: 240000005 cycles: 99376539 heartbeat IPC: 0.647941 cumulative IPC: 0.655158 (Simulation time: 0 hr 8 min 57 sec) 
*** Reached end of trace for Core: 0 Repeating trace: /home1/sweta/traces/qualcomm_traces/srv_65.champsimtrace.xz
Heartbeat CPU 0 instructions: 250000002 cycles: 114361834 heartbeat IPC: 0.667321 cumulative IPC: 0.657555 (Simulation time: 0 hr 9 min 23 sec) 
Heartbeat CPU 0 instructions: 260000002 cycles: 129514160 heartbeat IPC: 0.659965 cumulative IPC: 0.657955 (Simulation time: 0 hr 9 min 49 sec) 
Heartbeat CPU 0 instructions: 270000000 cycles: 145012002 heartbeat IPC: 0.645251 cumulative IPC: 0.65611 (Simulation time: 0 hr 10 min 14 sec) 
*** Reached end of trace for Core: 0 Repeating trace: /home1/sweta/traces/qualcomm_traces/srv_65.champsimtrace.xz
Heartbeat CPU 0 instructions: 280000001 cycles: 160115957 heartbeat IPC: 0.662078 cumulative IPC: 0.65685 (Simulation time: 0 hr 10 min 40 sec) 
Heartbeat CPU 0 instructions: 290000001 cycles: 175189102 heartbeat IPC: 0.663432 cumulative IPC: 0.657575 (Simulation time: 0 hr 11 min 5 sec) 
Heartbeat CPU 0 instructions: 300000001 cycles: 190700328 heartbeat IPC: 0.644694 cumulative IPC: 0.656264 (Simulation time: 0 hr 11 min 30 sec) 
*** Reached end of trace for Core: 0 Repeating trace: /home1/sweta/traces/qualcomm_traces/srv_65.champsimtrace.xz
Heartbeat CPU 0 instructions: 310000007 cycles: 205765393 heartbeat IPC: 0.663788 cumulative IPC: 0.656941 (Simulation time: 0 hr 11 min 56 sec) 
Heartbeat CPU 0 instructions: 320000004 cycles: 220719818 heartbeat IPC: 0.668698 cumulative IPC: 0.657905 (Simulation time: 0 hr 12 min 22 sec) 
Heartbeat CPU 0 instructions: 330000002 cycles: 236296217 heartbeat IPC: 0.641997 cumulative IPC: 0.656653 (Simulation time: 0 hr 12 min 48 sec) 
*** Reached end of trace for Core: 0 Repeating trace: /home1/sweta/traces/qualcomm_traces/srv_65.champsimtrace.xz
Heartbeat CPU 0 instructions: 340000000 cycles: 251147676 heartbeat IPC: 0.673334 cumulative IPC: 0.657817 (Simulation time: 0 hr 13 min 13 sec) 
Heartbeat CPU 0 instructions: 350000002 cycles: 266256407 heartbeat IPC: 0.661869 cumulative IPC: 0.658086 (Simulation time: 0 hr 13 min 38 sec) 
Heartbeat CPU 0 instructions: 360000000 cycles: 281943286 heartbeat IPC: 0.637475 cumulative IPC: 0.656758 (Simulation time: 0 hr 14 min 3 sec) 
Heartbeat CPU 0 instructions: 370000007 cycles: 296702374 heartbeat IPC: 0.677549 cumulative IPC: 0.657946 (Simulation time: 0 hr 14 min 27 sec) 
*** Reached end of trace for Core: 0 Repeating trace: /home1/sweta/traces/qualcomm_traces/srv_65.champsimtrace.xz
Heartbeat CPU 0 instructions: 380000001 cycles: 311907305 heartbeat IPC: 0.657681 cumulative IPC: 0.657931 (Simulation time: 0 hr 14 min 52 sec) 
Heartbeat CPU 0 instructions: 390000001 cycles: 327575080 heartbeat IPC: 0.638253 cumulative IPC: 0.656865 (Simulation time: 0 hr 15 min 15 sec) 
Heartbeat CPU 0 instructions: 400000004 cycles: 342410234 heartbeat IPC: 0.674075 cumulative IPC: 0.657705 (Simulation time: 0 hr 15 min 39 sec) 
Finished CPU 0 instructions: 200000006 cycles: 304087692 cumulative IPC: 0.657705 (Simulation time: 0 hr 15 min 39 sec) 

ChampSim completed all CPUs

Region of Interest Statistics

CPU 0 cumulative IPC: 0.657705 instructions: 200000006 cycles: 304087692
ITLB TOTAL     ACCESS:   21925435  HIT:   21125186  MISS:     800249  HIT %:    96.3501  MISS %:    3.64987   MPKI: 4.00124
ITLB LOAD TRANSLATION ACCESS:   21925435  HIT:   21125186  MISS:     800249  HIT %:    96.3501  MISS %:    3.64987   MPKI: 4.00124
ITLB PREFETCH  REQUESTED:          0  ISSUED:          0  USEFUL:          0  USELESS:          0
ITLB USEFUL LOAD PREFETCHES:          0 PREFETCH ISSUED TO LOWER LEVEL:          0  ACCURACY: -nan
ITLB TIMELY PREFETCHES:          0 LATE PREFETCHES: 0 DROPPED PREFETCHES: 0
ITLB PREFETCHES SAME FILL-ORIGIN LEVEL: 0 DIFFERENT FILL-ORIGIN LEVEL: 0
ITLB AVERAGE MISS LATENCY:    11.8647 cycles AVERAGE LOAD MISS LATENCY:       -nan cycles Load Miss          0
ITLB Average MSHR Occupancy:  0.0298438
ITLB RQ	ACCESS:   25795244	FORWARD:          0	MERGED:    3207377	TO_CACHE:   22587867

DTLB TOTAL     ACCESS:   32052056  HIT:   29691083  MISS:    2360973  HIT %:    92.6339  MISS %:    7.36606   MPKI: 11.8049
DTLB LOAD TRANSLATION ACCESS:   32052056  HIT:   29691083  MISS:    2360973  HIT %:    92.6339  MISS %:    7.36606   MPKI: 11.8049
DTLB PREFETCH  REQUESTED:          0  ISSUED:          0  USEFUL:          0  USELESS:          0
DTLB USEFUL LOAD PREFETCHES:          0 PREFETCH ISSUED TO LOWER LEVEL:          0  ACCURACY: -nan
DTLB TIMELY PREFETCHES:          0 LATE PREFETCHES: 0 DROPPED PREFETCHES: 0
DTLB PREFETCHES SAME FILL-ORIGIN LEVEL: 0 DIFFERENT FILL-ORIGIN LEVEL: 0
DTLB AVERAGE MISS LATENCY:    11.6184 cycles AVERAGE LOAD MISS LATENCY:       -nan cycles Load Miss          0
DTLB Average MSHR Occupancy:  0.0861892
DTLB RQ	ACCESS:   43671436	FORWARD:          0	MERGED:   11454628	TO_CACHE:   32216808

STLB TOTAL     ACCESS:    3229865  HIT:    2915838  MISS:     314027  HIT %:    90.2774  MISS %:     9.7226   MPKI: 1.57013
STLB LOAD TRANSLATION ACCESS:    3161222  HIT:    2847195  MISS:     314027  HIT %:    90.0663  MISS %:    9.93372   MPKI: 1.57013
STLB TRANSLATION FROM L1D PREFETCHER ACCESS:      68643  HIT:      68643  MISS:          0  HIT %:        100  MISS %:          0   MPKI: 0
STLB PREFETCH  REQUESTED:          0  ISSUED:          0  USEFUL:          0  USELESS:          0
STLB USEFUL LOAD PREFETCHES:          0 PREFETCH ISSUED TO LOWER LEVEL:          0  ACCURACY: -nan
STLB TIMELY PREFETCHES:          0 LATE PREFETCHES: 0 DROPPED PREFETCHES: 0
STLB PREFETCHES SAME FILL-ORIGIN LEVEL: 0 DIFFERENT FILL-ORIGIN LEVEL: 0
STLB AVERAGE MISS LATENCY:    26.7257 cycles AVERAGE LOAD MISS LATENCY:       -nan cycles Load Miss          0
STLB Average MSHR Occupancy:  0.0297335
STLB RQ	ACCESS:    3384086	FORWARD:          0	MERGED:     154221	TO_CACHE:    3229865

STLB Hit, L1D data hit: 0
STLB Hit, L2C data hit: 0
STLB Hit, LLC data hit: 0
STLB Hit, LLC data miss: 0
STLB STLB hints to L2: 0
L1D TOTAL     ACCESS:   43438437  HIT:   40952903  MISS:    2485534  HIT %:     94.278  MISS %:    5.72197   MPKI: 12.4277
L1D LOAD      ACCESS:   24035272  HIT:   21924799  MISS:    2110473  HIT %:    91.2193  MISS %:    8.78073   MPKI: 10.5524
L1D RFO       ACCESS:   19181558  HIT:   18853523  MISS:     328035  HIT %:    98.2898  MISS %:    1.71016   MPKI: 1.64017
L1D PREFETCH  ACCESS:     221607  HIT:     174581  MISS:      47026  HIT %:    78.7796  MISS %:    21.2204   MPKI: 0.23513
AGUS PREFETCH L1 MISS: 0
L1D PREFETCH  REQUESTED:     469644  ISSUED:     462144  USEFUL:       9039  USELESS:      37993
L1D USEFUL LOAD PREFETCHES:       9039 PREFETCH ISSUED TO LOWER LEVEL:      47415  ACCURACY: 19.0636
L1D TIMELY PREFETCHES:       9039 LATE PREFETCHES: 372 DROPPED PREFETCHES: 0
L1D PREFETCHES SAME FILL-ORIGIN LEVEL: 47404 DIFFERENT FILL-ORIGIN LEVEL: 11
L1D AVERAGE MISS LATENCY:    23.3816 cycles AVERAGE LOAD MISS LATENCY:    23.2049 cycles Load Miss    2110473
L1D Average MSHR Occupancy:   0.201638
L1D RQ	ACCESS:   39910202	FORWARD:          0	MERGED:   15477822	TO_CACHE:   24101719
L1D WQ	ACCESS:   20220299	FORWARD:     330923	MERGED:     650582	TO_CACHE:   19569717
L1D PQ	ACCESS:     239280	FORWARD:          0	MERGED:      16154	TO_CACHE:     222864

L1D UNIQUE REGIONS ACCESSED: 0
L1D REGIONS CONFLICTS: 0
L1D Cross Page Prefetch Requests: 0
L1D Same Page Prefetch Requests: 448565
L1D ROI Sum of L1D PQ occupancy: 2942897
L1D PREFETCHES PUSHED FROM L2C: 0
L1I TOTAL     ACCESS:   24918849  HIT:    9053905  MISS:   15864944  HIT %:    36.3336  MISS %:    63.6664   MPKI: 79.3247
L1I LOAD      ACCESS:   24918849  HIT:    9053905  MISS:   15864944  HIT %:    36.3336  MISS %:    63.6664   MPKI: 79.3247
L1I PREFETCH  REQUESTED:          0  ISSUED:          0  USEFUL:          0  USELESS:          0
L1I USEFUL LOAD PREFETCHES:          0 PREFETCH ISSUED TO LOWER LEVEL:          0  ACCURACY: -nan
L1I TIMELY PREFETCHES:          0 LATE PREFETCHES: 0 DROPPED PREFETCHES: 0
L1I PREFETCHES SAME FILL-ORIGIN LEVEL: 0 DIFFERENT FILL-ORIGIN LEVEL: 0
L1I AVERAGE MISS LATENCY:    14.1483 cycles AVERAGE LOAD MISS LATENCY:    14.1483 cycles Load Miss   15864944
L1I Average MSHR Occupancy:   0.721438
L1I RQ	ACCESS:   48436045	FORWARD:          0	MERGED:   22640801	TO_CACHE:   25795244

BTB TOTAL     ACCESS:   22285514  HIT:   18109529  MISS:    4175985  HIT %:    81.2614  MISS %:    18.7386   MPKI: 20.8799
BTB BRANCH_DIRECT_JUMP	ACCESS:    1793527  HIT:    1564925  MISS:     228602
BTB BRANCH_INDIRECT	ACCESS:    9556703  HIT:    7536481  MISS:    2020222
BTB BRANCH_CONDITIONAL	ACCESS:    4549969  HIT:    4176557  MISS:     373412
BTB BRANCH_DIRECT_CALL	ACCESS:    2505490  HIT:    2059105  MISS:     446385
BTB BRANCH_INDIRECT_CALL	ACCESS:     686308  HIT:     644867  MISS:      41441
BTB BRANCH_RETURN	ACCESS:    3193517  HIT:    2127594  MISS:    1065923
BTB BRANCH_OTHER ACCESS:          0  HIT:          0  MISS:          0

L2C TOTAL     ACCESS:   19777180  HIT:   19460410  MISS:     316770  HIT %:    98.3983  MISS %:    1.60169   MPKI: 1.58385
L2C LOAD      ACCESS:   17974946  HIT:   17727770  MISS:     247176  HIT %:    98.6249  MISS %:    1.37511   MPKI: 1.23588
L2C DATA LOAD MPKI: 1.18582
L2C INSTRUCTION LOAD MPKI: 0.050055
L2C RFO       ACCESS:     328026  HIT:     280925  MISS:      47101  HIT %:    85.6411  MISS %:    14.3589   MPKI: 0.235505
L2C PREFETCH  ACCESS:      47415  HIT:      40817  MISS:       6598  HIT %:    86.0846  MISS %:    13.9154   MPKI: 0.03299
AGUS PREFETCH L1 MISS: 0
L2C DATA PREFETCH MPKI: 0.03299
L2C INSTRUCTION PREFETCH MPKI: 0
L2C WRITEBACK ACCESS:    1011255  HIT:    1011082  MISS:        173  HIT %:    99.9829  MISS %:  0.0171075   MPKI: 0.000865
L2C LOAD TRANSLATION ACCESS:     415538  HIT:     399816  MISS:      15722  HIT %:    96.2165  MISS %:    3.78353   MPKI: 0.07861
L2C PREFETCH  REQUESTED:          0  ISSUED:          0  USEFUL:       2032  USELESS:       4535
L2C USEFUL LOAD PREFETCHES:       2032 PREFETCH ISSUED TO LOWER LEVEL:       6598  ACCURACY: 30.7972
L2C TIMELY PREFETCHES:       2032 LATE PREFETCHES: 0 DROPPED PREFETCHES: 0
L2C PREFETCHES SAME FILL-ORIGIN LEVEL: 9 DIFFERENT FILL-ORIGIN LEVEL: 0
L2C AVERAGE MISS LATENCY:    70.3686 cycles AVERAGE LOAD MISS LATENCY:    72.0371 cycles Load Miss     247176
L2C Average MSHR Occupancy:  0.0726586
L2C RQ	ACCESS:   18718610	FORWARD:          0	MERGED:          0	TO_CACHE:   18718509
L2C WQ	ACCESS:    1011255	FORWARD:        101	MERGED:          0	TO_CACHE:    1011255
L2C PQ	ACCESS:      47415	FORWARD:          0	MERGED:          0	TO_CACHE:      47415

L2C Instructions Evicting Data 9021
L2C Translations Evicting Data 14418
L2C Data Evicting Data 267600
L2C Instructions Evicting Instructions 429
L2C Translations Evicting Instructions 528
L2C Data Evicting Instructions 8891
L2C Instructions Evicting Translations 561
L2C Translations Evicting Translations 776
L2C Data Evicting Translations 14373
L2C Dense regions hint from L2: 0
PSCL5 TOTAL     ACCESS:     314027  HIT:     314027  MISS:          0  HIT %:        100  MISS %:          0   MPKI: 0
PSCL5 LOAD TRANSLATION ACCESS:     314027  HIT:     314027  MISS:          0  HIT %:        100  MISS %:          0   MPKI: 0
PSCL5 PREFETCH  REQUESTED:          0  ISSUED:          0  USEFUL:          0  USELESS:          0
PSCL5 USEFUL LOAD PREFETCHES:          0 PREFETCH ISSUED TO LOWER LEVEL:          0  ACCURACY: -nan
PSCL5 TIMELY PREFETCHES:          0 LATE PREFETCHES: 0 DROPPED PREFETCHES: 0
PSCL5 PREFETCHES SAME FILL-ORIGIN LEVEL: 0 DIFFERENT FILL-ORIGIN LEVEL: 0

PSCL4 TOTAL     ACCESS:     307235  HIT:     305680  MISS:       1555  HIT %:    99.4939  MISS %:   0.506127   MPKI: 0.007775
PSCL4 LOAD TRANSLATION ACCESS:     307235  HIT:     305680  MISS:       1555  HIT %:    99.4939  MISS %:   0.506127   MPKI: 0.007775
PSCL4 PREFETCH  REQUESTED:          0  ISSUED:          0  USEFUL:          0  USELESS:          0
PSCL4 USEFUL LOAD PREFETCHES:          0 PREFETCH ISSUED TO LOWER LEVEL:          0  ACCURACY: -nan
PSCL4 TIMELY PREFETCHES:          0 LATE PREFETCHES: 0 DROPPED PREFETCHES: 0
PSCL4 PREFETCHES SAME FILL-ORIGIN LEVEL: 0 DIFFERENT FILL-ORIGIN LEVEL: 0

PSCL3 TOTAL     ACCESS:     312873  HIT:     311318  MISS:       1555  HIT %:     99.503  MISS %:   0.497007   MPKI: 0.007775
PSCL3 LOAD TRANSLATION ACCESS:     312873  HIT:     311318  MISS:       1555  HIT %:     99.503  MISS %:   0.497007   MPKI: 0.007775
PSCL3 PREFETCH  REQUESTED:          0  ISSUED:          0  USEFUL:          0  USELESS:          0
PSCL3 USEFUL LOAD PREFETCHES:          0 PREFETCH ISSUED TO LOWER LEVEL:          0  ACCURACY: -nan
PSCL3 TIMELY PREFETCHES:          0 LATE PREFETCHES: 0 DROPPED PREFETCHES: 0
PSCL3 PREFETCHES SAME FILL-ORIGIN LEVEL: 0 DIFFERENT FILL-ORIGIN LEVEL: 0

PSCL2 TOTAL     ACCESS:     314027  HIT:     215626  MISS:      98401  HIT %:    68.6648  MISS %:    31.3352   MPKI: 0.492005
PSCL2 LOAD TRANSLATION ACCESS:     314027  HIT:     215626  MISS:      98401  HIT %:    68.6648  MISS %:    31.3352   MPKI: 0.492005
PSCL2 PREFETCH  REQUESTED:          0  ISSUED:          0  USEFUL:          0  USELESS:          0
PSCL2 USEFUL LOAD PREFETCHES:          0 PREFETCH ISSUED TO LOWER LEVEL:          0  ACCURACY: -nan
PSCL2 TIMELY PREFETCHES:          0 LATE PREFETCHES: 0 DROPPED PREFETCHES: 0
PSCL2 PREFETCHES SAME FILL-ORIGIN LEVEL: 0 DIFFERENT FILL-ORIGIN LEVEL: 0

LLC TOTAL     ACCESS:     529164  HIT:     464548  MISS:      64616  HIT %:     87.789  MISS %:     12.211   MPKI: 0.32308
LLC LOAD      ACCESS:     247176  HIT:     206828  MISS:      40348  HIT %:    83.6764  MISS %:    16.3236   MPKI: 0.20174
LLC RFO       ACCESS:      47101  HIT:      42084  MISS:       5017  HIT %:    89.3484  MISS %:    10.6516   MPKI: 0.025085
LLC PREFETCH  ACCESS:       6598  HIT:       5057  MISS:       1541  HIT %:    76.6444  MISS %:    23.3556   MPKI: 0.007705
AGUS PREFETCH L1 MISS: 0
LLC WRITEBACK ACCESS:     212567  HIT:     196382  MISS:      16185  HIT %:    92.3859  MISS %:    7.61407   MPKI: 0.080925
LLC LOAD TRANSLATION ACCESS:      15722  HIT:      14197  MISS:       1525  HIT %:    90.3002  MISS %:    9.69978   MPKI: 0.007625
LLC PREFETCH  REQUESTED:          0  ISSUED:          0  USEFUL:         43  USELESS:       1090
LLC USEFUL LOAD PREFETCHES:         43 PREFETCH ISSUED TO LOWER LEVEL:       1541  ACCURACY: 2.7904
LLC TIMELY PREFETCHES:         43 LATE PREFETCHES: 0 DROPPED PREFETCHES: 0
LLC PREFETCHES SAME FILL-ORIGIN LEVEL: 0 DIFFERENT FILL-ORIGIN LEVEL: 0
LLC AVERAGE MISS LATENCY:    124.485 cycles AVERAGE LOAD MISS LATENCY:    165.631 cycles Load Miss      40348
LLC Average MSHR Occupancy:  0.0262928
LLC RQ	ACCESS:     309999	FORWARD:          0	MERGED:          0	TO_CACHE:     309999
LLC WQ	ACCESS:     212567	FORWARD:          0	MERGED:          0	TO_CACHE:     212567
LLC PQ	ACCESS:       6598	FORWARD:          0	MERGED:          0	TO_CACHE:       6598

LLC Dense regions hint to LLC: 0

RAW hits: 4913904
Loads Generated: 44824114
Loads sent to L1D: 39910202
Stores Generated: 20220304
Stores sent to L1D: 20220299
Major fault: 0 Minor fault: 5727
Allocated PAGES: 5727
CPU 0 L1D PC-based stride prefetcher final stats
Degree: 3
================ Mockingjay (LLC) Pollution Stats ================
Total pollution count in LLC: 1442
==================================================================

DRAM Statistics
 CHANNEL 0
 RQ ROW_BUFFER_HIT:       9281  ROW_BUFFER_MISS:      39150
 DBUS_CONGESTED:         10
 WQ ROW_BUFFER_HIT:       2428  ROW_BUFFER_MISS:      35833  FULL:          0

 AVG_CONGESTED_CYCLE: 6
 All warmup complete: 2
Channel 0 Bank busy for read cycles: 0
Channel 0 Bank busy for write cycles: 0
Channel 0
Rank 0
0banks busy for read cycles: 293069088
0banks busy for write cycles: 30727
1banks busy for read cycles: 5374959
1banks busy for write cycles: 4551222
2banks busy for read cycles: 373018
2banks busy for write cycles: 485471
3banks busy for read cycles: 50004
3banks busy for write cycles: 93252
4banks busy for read cycles: 13357
4banks busy for write cycles: 28394
5banks busy for read cycles: 2141
5banks busy for write cycles: 9226
6banks busy for read cycles: 245
6banks busy for write cycles: 4893
7banks busy for read cycles: 0
7banks busy for write cycles: 1357
8banks busy for read cycles: 0
8banks busy for write cycles: 339

CPU 0 Branch Prediction Accuracy: 99.8882% MPKI: 0.200945 Average ROB Occupancy at Mispredict: 112.995
Branch types
NOT_BRANCH: 164047228 82.0236%
BRANCH_DIRECT_JUMP: 1793527 0.896763%
BRANCH_INDIRECT: 9556703 4.77835%
BRANCH_CONDITIONAL: 18216753 9.10838%
BRANCH_DIRECT_CALL: 2505490 1.25274%
BRANCH_INDIRECT_CALL: 686308 0.343154%
BRANCH_RETURN: 3193517 1.59676%
BRANCH_OTHER: 0 0%

===================== LRU L1D STATS =====================
Total pollution count in L1D: 82419
=========================================================
================ SRRIP (L2C) Pollution Stats ================
Total pollution count in L2c: 462505
==================================================================
DRAM PAGES: 1048576
Allocated PAGES: 5727
