
*** ChampSim Multicore Out-of-Order Simulator ***

Warmup Instructions: 200000000
Simulation Instructions: 200000000
Number of CPUs: 1
LLC sets: 4096
LLC ways: 12
Off-chip DRAM Size: 4096 MB Channels: 1 Width: 64-bit Data Rate: 6400 MT/s
CPU 0 runs /home1/sweta/traces/qualcomm_traces/srv_38.champsimtrace.xz
.xz
BTB has LRU replacement policy
ITLB has LRU replacement policy
DTLB has LRU replacement policy
STLB has LRU replacement policy
L1I has LRU replacement policy
CPU 0 L1D IP-based stride prefetcher
L1D has LRU replacement policy
Initialize SRRIP state for L2C
Initialize Mockingjay state for LLC
Heartbeat CPU 0 instructions: 10000002 cycles: 2313540 heartbeat IPC: 4.32238 cumulative IPC: 4.32238 (Simulation time: 0 hr 0 min 33 sec) 
Heartbeat CPU 0 instructions: 20000001 cycles: 4613242 heartbeat IPC: 4.34839 cumulative IPC: 4.33535 (Simulation time: 0 hr 0 min 58 sec) 
Heartbeat CPU 0 instructions: 30000000 cycles: 6929359 heartbeat IPC: 4.31757 cumulative IPC: 4.3294 (Simulation time: 0 hr 1 min 22 sec) 
*** Reached end of trace for Core: 0 Repeating trace: /home1/sweta/traces/qualcomm_traces/srv_38.champsimtrace.xz
Heartbeat CPU 0 instructions: 40000003 cycles: 9242721 heartbeat IPC: 4.32271 cumulative IPC: 4.32773 (Simulation time: 0 hr 1 min 47 sec) 
Heartbeat CPU 0 instructions: 50000000 cycles: 11539800 heartbeat IPC: 4.35335 cumulative IPC: 4.33283 (Simulation time: 0 hr 2 min 12 sec) 
Heartbeat CPU 0 instructions: 60000003 cycles: 13853019 heartbeat IPC: 4.32298 cumulative IPC: 4.33119 (Simulation time: 0 hr 2 min 37 sec) 
*** Reached end of trace for Core: 0 Repeating trace: /home1/sweta/traces/qualcomm_traces/srv_38.champsimtrace.xz
Heartbeat CPU 0 instructions: 70000000 cycles: 16167021 heartbeat IPC: 4.32152 cumulative IPC: 4.3298 (Simulation time: 0 hr 3 min 4 sec) 
Heartbeat CPU 0 instructions: 80000001 cycles: 18473816 heartbeat IPC: 4.33502 cumulative IPC: 4.33045 (Simulation time: 0 hr 3 min 29 sec) 
Heartbeat CPU 0 instructions: 90000000 cycles: 20778516 heartbeat IPC: 4.33896 cumulative IPC: 4.3314 (Simulation time: 0 hr 3 min 53 sec) 
*** Reached end of trace for Core: 0 Repeating trace: /home1/sweta/traces/qualcomm_traces/srv_38.champsimtrace.xz
Heartbeat CPU 0 instructions: 100000001 cycles: 23091531 heartbeat IPC: 4.32336 cumulative IPC: 4.33059 (Simulation time: 0 hr 4 min 18 sec) 
Heartbeat CPU 0 instructions: 110000003 cycles: 25406774 heartbeat IPC: 4.3192 cumulative IPC: 4.32955 (Simulation time: 0 hr 4 min 43 sec) 
Heartbeat CPU 0 instructions: 120000006 cycles: 27701366 heartbeat IPC: 4.35807 cumulative IPC: 4.33192 (Simulation time: 0 hr 5 min 8 sec) 
*** Reached end of trace for Core: 0 Repeating trace: /home1/sweta/traces/qualcomm_traces/srv_38.champsimtrace.xz
Heartbeat CPU 0 instructions: 130000002 cycles: 30025574 heartbeat IPC: 4.30254 cumulative IPC: 4.32964 (Simulation time: 0 hr 5 min 32 sec) 
Heartbeat CPU 0 instructions: 140000000 cycles: 32331087 heartbeat IPC: 4.33743 cumulative IPC: 4.3302 (Simulation time: 0 hr 5 min 57 sec) 
Heartbeat CPU 0 instructions: 150000004 cycles: 34632732 heartbeat IPC: 4.34472 cumulative IPC: 4.33116 (Simulation time: 0 hr 6 min 20 sec) 
Heartbeat CPU 0 instructions: 160000007 cycles: 36940940 heartbeat IPC: 4.33237 cumulative IPC: 4.33124 (Simulation time: 0 hr 6 min 44 sec) 
*** Reached end of trace for Core: 0 Repeating trace: /home1/sweta/traces/qualcomm_traces/srv_38.champsimtrace.xz
Heartbeat CPU 0 instructions: 170000001 cycles: 39254789 heartbeat IPC: 4.3218 cumulative IPC: 4.33068 (Simulation time: 0 hr 7 min 7 sec) 
Heartbeat CPU 0 instructions: 180000000 cycles: 41568039 heartbeat IPC: 4.32292 cumulative IPC: 4.33025 (Simulation time: 0 hr 7 min 30 sec) 
Heartbeat CPU 0 instructions: 190000005 cycles: 43873458 heartbeat IPC: 4.33761 cumulative IPC: 4.33064 (Simulation time: 0 hr 7 min 53 sec) 
*** Reached end of trace for Core: 0 Repeating trace: /home1/sweta/traces/qualcomm_traces/srv_38.champsimtrace.xz
Heartbeat CPU 0 instructions: 200000005 cycles: 46184817 heartbeat IPC: 4.32646 cumulative IPC: 4.33043 (Simulation time: 0 hr 8 min 16 sec) 

Warmup complete CPU 0 instructions: 200000005 cycles: 46184817 (Simulation time: 0 hr 8 min 16 sec) 

Heartbeat CPU 0 instructions: 210000002 cycles: 57914268 heartbeat IPC: 0.852555 cumulative IPC: 0.852555 (Simulation time: 0 hr 8 min 48 sec) 
Heartbeat CPU 0 instructions: 220000000 cycles: 70007464 heartbeat IPC: 0.826911 cumulative IPC: 0.839537 (Simulation time: 0 hr 9 min 20 sec) 
*** Reached end of trace for Core: 0 Repeating trace: /home1/sweta/traces/qualcomm_traces/srv_38.champsimtrace.xz
Heartbeat CPU 0 instructions: 230000000 cycles: 81869382 heartbeat IPC: 0.843034 cumulative IPC: 0.840699 (Simulation time: 0 hr 9 min 53 sec) 
Heartbeat CPU 0 instructions: 240000005 cycles: 93579259 heartbeat IPC: 0.85398 cumulative IPC: 0.843981 (Simulation time: 0 hr 10 min 25 sec) 
Heartbeat CPU 0 instructions: 250000002 cycles: 105536935 heartbeat IPC: 0.836283 cumulative IPC: 0.84243 (Simulation time: 0 hr 10 min 56 sec) 
*** Reached end of trace for Core: 0 Repeating trace: /home1/sweta/traces/qualcomm_traces/srv_38.champsimtrace.xz
Heartbeat CPU 0 instructions: 260000000 cycles: 117485422 heartbeat IPC: 0.836926 cumulative IPC: 0.841507 (Simulation time: 0 hr 11 min 28 sec) 
Heartbeat CPU 0 instructions: 270000000 cycles: 129210542 heartbeat IPC: 0.85287 cumulative IPC: 0.843112 (Simulation time: 0 hr 11 min 59 sec) 
Heartbeat CPU 0 instructions: 280000001 cycles: 140919765 heartbeat IPC: 0.854028 cumulative IPC: 0.844461 (Simulation time: 0 hr 12 min 31 sec) 
*** Reached end of trace for Core: 0 Repeating trace: /home1/sweta/traces/qualcomm_traces/srv_38.champsimtrace.xz
Heartbeat CPU 0 instructions: 290000001 cycles: 152991624 heartbeat IPC: 0.828373 cumulative IPC: 0.842643 (Simulation time: 0 hr 13 min 2 sec) 
Heartbeat CPU 0 instructions: 300000001 cycles: 164843162 heartbeat IPC: 0.843772 cumulative IPC: 0.842756 (Simulation time: 0 hr 13 min 33 sec) 
Heartbeat CPU 0 instructions: 310000003 cycles: 176481540 heartbeat IPC: 0.859226 cumulative IPC: 0.844227 (Simulation time: 0 hr 14 min 4 sec) 
Heartbeat CPU 0 instructions: 320000002 cycles: 188554845 heartbeat IPC: 0.828274 cumulative IPC: 0.842874 (Simulation time: 0 hr 14 min 35 sec) 
*** Reached end of trace for Core: 0 Repeating trace: /home1/sweta/traces/qualcomm_traces/srv_38.champsimtrace.xz
Heartbeat CPU 0 instructions: 330000001 cycles: 200424186 heartbeat IPC: 0.842507 cumulative IPC: 0.842846 (Simulation time: 0 hr 15 min 7 sec) 
Heartbeat CPU 0 instructions: 340000001 cycles: 212048144 heartbeat IPC: 0.860292 cumulative IPC: 0.844068 (Simulation time: 0 hr 15 min 38 sec) 
Heartbeat CPU 0 instructions: 350000004 cycles: 224098750 heartbeat IPC: 0.829834 cumulative IPC: 0.843104 (Simulation time: 0 hr 16 min 10 sec) 
*** Reached end of trace for Core: 0 Repeating trace: /home1/sweta/traces/qualcomm_traces/srv_38.champsimtrace.xz
Heartbeat CPU 0 instructions: 360000000 cycles: 235939630 heartbeat IPC: 0.844531 cumulative IPC: 0.843193 (Simulation time: 0 hr 16 min 41 sec) 
Heartbeat CPU 0 instructions: 370000002 cycles: 247591223 heartbeat IPC: 0.858252 cumulative IPC: 0.844064 (Simulation time: 0 hr 17 min 11 sec) 
Heartbeat CPU 0 instructions: 380000000 cycles: 259602949 heartbeat IPC: 0.83252 cumulative IPC: 0.843415 (Simulation time: 0 hr 17 min 41 sec) 
*** Reached end of trace for Core: 0 Repeating trace: /home1/sweta/traces/qualcomm_traces/srv_38.champsimtrace.xz
Heartbeat CPU 0 instructions: 390000004 cycles: 271478069 heartbeat IPC: 0.842097 cumulative IPC: 0.843345 (Simulation time: 0 hr 18 min 11 sec) 
Heartbeat CPU 0 instructions: 400000000 cycles: 283182254 heartbeat IPC: 0.854395 cumulative IPC: 0.843891 (Simulation time: 0 hr 18 min 40 sec) 
Finished CPU 0 instructions: 200000003 cycles: 236997438 cumulative IPC: 0.843891 (Simulation time: 0 hr 18 min 40 sec) 

ChampSim completed all CPUs

Region of Interest Statistics

CPU 0 cumulative IPC: 0.843891 instructions: 200000003 cycles: 236997438
ITLB TOTAL     ACCESS:   21576376  HIT:   20051417  MISS:    1524959  HIT %:    92.9323  MISS %:    7.06773   MPKI: 7.62479
ITLB LOAD TRANSLATION ACCESS:   21576376  HIT:   20051417  MISS:    1524959  HIT %:    92.9323  MISS %:    7.06773   MPKI: 7.62479
ITLB PREFETCH  REQUESTED:          0  ISSUED:          0  USEFUL:          0  USELESS:          0
ITLB USEFUL LOAD PREFETCHES:          0 PREFETCH ISSUED TO LOWER LEVEL:          0  ACCURACY: -nan
ITLB TIMELY PREFETCHES:          0 LATE PREFETCHES: 0 DROPPED PREFETCHES: 0
ITLB PREFETCHES SAME FILL-ORIGIN LEVEL: 0 DIFFERENT FILL-ORIGIN LEVEL: 0
ITLB AVERAGE MISS LATENCY:    9.10076 cycles AVERAGE LOAD MISS LATENCY:       -nan cycles Load Miss          0
ITLB Average MSHR Occupancy:  0.0522304
ITLB RQ	ACCESS:   27335761	FORWARD:          0	MERGED:    3977690	TO_CACHE:   23358071

DTLB TOTAL     ACCESS:   31977808  HIT:   30486510  MISS:    1491298  HIT %:    95.3365  MISS %:    4.66354   MPKI: 7.45649
DTLB LOAD TRANSLATION ACCESS:   31977808  HIT:   30486510  MISS:    1491298  HIT %:    95.3365  MISS %:    4.66354   MPKI: 7.45649
DTLB PREFETCH  REQUESTED:          0  ISSUED:          0  USEFUL:          0  USELESS:          0
DTLB USEFUL LOAD PREFETCHES:          0 PREFETCH ISSUED TO LOWER LEVEL:          0  ACCURACY: -nan
DTLB TIMELY PREFETCHES:          0 LATE PREFETCHES: 0 DROPPED PREFETCHES: 0
DTLB PREFETCHES SAME FILL-ORIGIN LEVEL: 0 DIFFERENT FILL-ORIGIN LEVEL: 0
DTLB AVERAGE MISS LATENCY:     12.106 cycles AVERAGE LOAD MISS LATENCY:       -nan cycles Load Miss          0
DTLB Average MSHR Occupancy:  0.0715779
DTLB RQ	ACCESS:   55921997	FORWARD:          0	MERGED:   23504453	TO_CACHE:   32417544

STLB TOTAL     ACCESS:    4710732  HIT:    4636725  MISS:      74007  HIT %:     98.429  MISS %:    1.57103   MPKI: 0.370035
STLB LOAD TRANSLATION ACCESS:    3016257  HIT:    2942250  MISS:      74007  HIT %:    97.5464  MISS %:     2.4536   MPKI: 0.370035
STLB TRANSLATION FROM L1D PREFETCHER ACCESS:    1694475  HIT:    1694475  MISS:          0  HIT %:        100  MISS %:          0   MPKI: 0
STLB PREFETCH  REQUESTED:          0  ISSUED:          0  USEFUL:          0  USELESS:          0
STLB USEFUL LOAD PREFETCHES:          0 PREFETCH ISSUED TO LOWER LEVEL:          0  ACCURACY: -nan
STLB TIMELY PREFETCHES:          0 LATE PREFETCHES: 0 DROPPED PREFETCHES: 0
STLB PREFETCHES SAME FILL-ORIGIN LEVEL: 0 DIFFERENT FILL-ORIGIN LEVEL: 0
STLB AVERAGE MISS LATENCY:     63.948 cycles AVERAGE LOAD MISS LATENCY:       -nan cycles Load Miss          0
STLB Average MSHR Occupancy:  0.0204886
STLB RQ	ACCESS:    7632345	FORWARD:          0	MERGED:    2921613	TO_CACHE:    4710732

STLB Hit, L1D data hit: 0
STLB Hit, L2C data hit: 0
STLB Hit, LLC data hit: 0
STLB Hit, LLC data miss: 0
STLB STLB hints to L2: 0
L1D TOTAL     ACCESS:   46624584  HIT:   39823331  MISS:    6801253  HIT %:    85.4127  MISS %:    14.5873   MPKI: 34.0063
L1D LOAD      ACCESS:   21961703  HIT:   18993577  MISS:    2968126  HIT %:     86.485  MISS %:     13.515   MPKI: 14.8406
L1D RFO       ACCESS:   21723846  HIT:   18025176  MISS:    3698670  HIT %:    82.9741  MISS %:    17.0259   MPKI: 18.4933
L1D PREFETCH  ACCESS:    2939035  HIT:    2804578  MISS:     134457  HIT %:    95.4251  MISS %:    4.57487   MPKI: 0.672285
AGUS PREFETCH L1 MISS: 0
L1D PREFETCH  REQUESTED:   13447440  ISSUED:   13445485  USEFUL:     113748  USELESS:      20706
L1D USEFUL LOAD PREFETCHES:     113748 PREFETCH ISSUED TO LOWER LEVEL:    1150194  ACCURACY: 9.88946
L1D TIMELY PREFETCHES:     113748 LATE PREFETCHES: 464344 DROPPED PREFETCHES: 0
L1D PREFETCHES SAME FILL-ORIGIN LEVEL: 598801 DIFFERENT FILL-ORIGIN LEVEL: 551393
L1D AVERAGE MISS LATENCY:    117.354 cycles AVERAGE LOAD MISS LATENCY:    28.3161 cycles Load Miss    2968126
L1D Average MSHR Occupancy:     3.5539
L1D RQ	ACCESS:   41823620	FORWARD:          0	MERGED:   19322952	TO_CACHE:   22252267
L1D WQ	ACCESS:   34130621	FORWARD:     248402	MERGED:     460891	TO_CACHE:   33669730
L1D PQ	ACCESS:    8829397	FORWARD:          0	MERGED:    4213308	TO_CACHE:    4616088

L1D UNIQUE REGIONS ACCESSED: 0
L1D REGIONS CONFLICTS: 0
L1D Cross Page Prefetch Requests: 0
L1D Same Page Prefetch Requests: 15604103
L1D ROI Sum of L1D PQ occupancy: 61228266
L1D PREFETCHES PUSHED FROM L2C: 0
L1I TOTAL     ACCESS:   26459930  HIT:   12924585  MISS:   13535345  HIT %:    48.8459  MISS %:    51.1541   MPKI: 67.6767
L1I LOAD      ACCESS:   26459930  HIT:   12924585  MISS:   13535345  HIT %:    48.8459  MISS %:    51.1541   MPKI: 67.6767
L1I PREFETCH  REQUESTED:          0  ISSUED:          0  USEFUL:          0  USELESS:          0
L1I USEFUL LOAD PREFETCHES:          0 PREFETCH ISSUED TO LOWER LEVEL:          0  ACCURACY: -nan
L1I TIMELY PREFETCHES:          0 LATE PREFETCHES: 0 DROPPED PREFETCHES: 0
L1I PREFETCHES SAME FILL-ORIGIN LEVEL: 0 DIFFERENT FILL-ORIGIN LEVEL: 0
L1I AVERAGE MISS LATENCY:    14.3979 cycles AVERAGE LOAD MISS LATENCY:    14.3979 cycles Load Miss   13535345
L1I Average MSHR Occupancy:   0.803064
L1I RQ	ACCESS:   49603666	FORWARD:          0	MERGED:   22267905	TO_CACHE:   27335761

BTB TOTAL     ACCESS:   25772244  HIT:   24225043  MISS:    1547201  HIT %:    93.9966  MISS %:    6.00336   MPKI: 7.736
BTB BRANCH_DIRECT_JUMP	ACCESS:    1653034  HIT:    1643396  MISS:       9638
BTB BRANCH_INDIRECT	ACCESS:    9955757  HIT:    9435032  MISS:     520725
BTB BRANCH_CONDITIONAL	ACCESS:    7355206  HIT:    7341656  MISS:      13550
BTB BRANCH_DIRECT_CALL	ACCESS:    2811008  HIT:    2777505  MISS:      33503
BTB BRANCH_INDIRECT_CALL	ACCESS:     593200  HIT:     482641  MISS:     110559
BTB BRANCH_RETURN	ACCESS:    3404039  HIT:    2544813  MISS:     859226
BTB BRANCH_OTHER ACCESS:          0  HIT:          0  MISS:          0

L2C TOTAL     ACCESS:   25060167  HIT:   20634516  MISS:    4425651  HIT %:    82.3399  MISS %:    17.6601   MPKI: 22.1283
L2C LOAD      ACCESS:   16039051  HIT:   15182874  MISS:     856177  HIT %:    94.6619  MISS %:    5.33808   MPKI: 4.28088
L2C DATA LOAD MPKI: 4.1729
L2C INSTRUCTION LOAD MPKI: 0.10798
L2C RFO       ACCESS:    3698668  HIT:     833376  MISS:    2865292  HIT %:    22.5318  MISS %:    77.4682   MPKI: 14.3265
L2C PREFETCH  ACCESS:     885883  HIT:     207946  MISS:     677937  HIT %:    23.4733  MISS %:    76.5267   MPKI: 3.38968
AGUS PREFETCH L1 MISS: 0
L2C DATA PREFETCH MPKI: 3.38968
L2C INSTRUCTION PREFETCH MPKI: 0
L2C WRITEBACK ACCESS:    4357595  HIT:    4356333  MISS:       1262  HIT %:     99.971  MISS %:  0.0289609   MPKI: 0.00631
L2C LOAD TRANSLATION ACCESS:      78970  HIT:      53987  MISS:      24983  HIT %:    68.3639  MISS %:    31.6361   MPKI: 0.124915
L2C PREFETCH  REQUESTED:          0  ISSUED:          0  USEFUL:     102227  USELESS:     576717
L2C USEFUL LOAD PREFETCHES:     102227 PREFETCH ISSUED TO LOWER LEVEL:     848017  ACCURACY: 12.0548
L2C TIMELY PREFETCHES:     102227 LATE PREFETCHES: 170080 DROPPED PREFETCHES: 0
L2C PREFETCHES SAME FILL-ORIGIN LEVEL: 351033 DIFFERENT FILL-ORIGIN LEVEL: 0
L2C AVERAGE MISS LATENCY:    166.819 cycles AVERAGE LOAD MISS LATENCY:    57.4483 cycles Load Miss     856177
L2C Average MSHR Occupancy:    3.11452
L2C RQ	ACCESS:   19816766	FORWARD:          0	MERGED:          0	TO_CACHE:   19816689
L2C WQ	ACCESS:    4357595	FORWARD:         77	MERGED:          0	TO_CACHE:    4357595
L2C PQ	ACCESS:    1150194	FORWARD:          0	MERGED:        982	TO_CACHE:    1149212

L2C Instructions Evicting Data 21330
L2C Translations Evicting Data 24714
L2C Data Evicting Data 4331666
L2C Instructions Evicting Instructions 166
L2C Translations Evicting Instructions 97
L2C Data Evicting Instructions 21440
L2C Instructions Evicting Translations 100
L2C Translations Evicting Translations 172
L2C Data Evicting Translations 24704
L2C Dense regions hint from L2: 0
PSCL5 TOTAL     ACCESS:      74007  HIT:      74007  MISS:          0  HIT %:        100  MISS %:          0   MPKI: 0
PSCL5 LOAD TRANSLATION ACCESS:      74007  HIT:      74007  MISS:          0  HIT %:        100  MISS %:          0   MPKI: 0
PSCL5 PREFETCH  REQUESTED:          0  ISSUED:          0  USEFUL:          0  USELESS:          0
PSCL5 USEFUL LOAD PREFETCHES:          0 PREFETCH ISSUED TO LOWER LEVEL:          0  ACCURACY: -nan
PSCL5 TIMELY PREFETCHES:          0 LATE PREFETCHES: 0 DROPPED PREFETCHES: 0
PSCL5 PREFETCHES SAME FILL-ORIGIN LEVEL: 0 DIFFERENT FILL-ORIGIN LEVEL: 0

PSCL4 TOTAL     ACCESS:      72834  HIT:      72679  MISS:        155  HIT %:    99.7872  MISS %:   0.212813   MPKI: 0.000775
PSCL4 LOAD TRANSLATION ACCESS:      72834  HIT:      72679  MISS:        155  HIT %:    99.7872  MISS %:   0.212813   MPKI: 0.000775
PSCL4 PREFETCH  REQUESTED:          0  ISSUED:          0  USEFUL:          0  USELESS:          0
PSCL4 USEFUL LOAD PREFETCHES:          0 PREFETCH ISSUED TO LOWER LEVEL:          0  ACCURACY: -nan
PSCL4 TIMELY PREFETCHES:          0 LATE PREFETCHES: 0 DROPPED PREFETCHES: 0
PSCL4 PREFETCHES SAME FILL-ORIGIN LEVEL: 0 DIFFERENT FILL-ORIGIN LEVEL: 0

PSCL3 TOTAL     ACCESS:      73279  HIT:      73124  MISS:        155  HIT %:    99.7885  MISS %:    0.21152   MPKI: 0.000775
PSCL3 LOAD TRANSLATION ACCESS:      73279  HIT:      73124  MISS:        155  HIT %:    99.7885  MISS %:    0.21152   MPKI: 0.000775
PSCL3 PREFETCH  REQUESTED:          0  ISSUED:          0  USEFUL:          0  USELESS:          0
PSCL3 USEFUL LOAD PREFETCHES:          0 PREFETCH ISSUED TO LOWER LEVEL:          0  ACCURACY: -nan
PSCL3 TIMELY PREFETCHES:          0 LATE PREFETCHES: 0 DROPPED PREFETCHES: 0
PSCL3 PREFETCHES SAME FILL-ORIGIN LEVEL: 0 DIFFERENT FILL-ORIGIN LEVEL: 0

PSCL2 TOTAL     ACCESS:      74007  HIT:      69354  MISS:       4653  HIT %:    93.7128  MISS %:    6.28724   MPKI: 0.023265
PSCL2 LOAD TRANSLATION ACCESS:      74007  HIT:      69354  MISS:       4653  HIT %:    93.7128  MISS %:    6.28724   MPKI: 0.023265
PSCL2 PREFETCH  REQUESTED:          0  ISSUED:          0  USEFUL:          0  USELESS:          0
PSCL2 USEFUL LOAD PREFETCHES:          0 PREFETCH ISSUED TO LOWER LEVEL:          0  ACCURACY: -nan
PSCL2 TIMELY PREFETCHES:          0 LATE PREFETCHES: 0 DROPPED PREFETCHES: 0
PSCL2 PREFETCHES SAME FILL-ORIGIN LEVEL: 0 DIFFERENT FILL-ORIGIN LEVEL: 0

LLC TOTAL     ACCESS:    7422933  HIT:    2751347  MISS:    4671586  HIT %:    37.0655  MISS %:    62.9345   MPKI: 23.3579
LLC LOAD      ACCESS:     686095  HIT:     626584  MISS:      59511  HIT %:    91.3261  MISS %:    8.67387   MPKI: 0.297555
LLC RFO       ACCESS:    2865266  HIT:     577289  MISS:    2287977  HIT %:    20.1478  MISS %:    79.8522   MPKI: 11.4399
LLC PREFETCH  ACCESS:     848017  HIT:     817833  MISS:      30184  HIT %:    96.4406  MISS %:    3.55936   MPKI: 0.15092
AGUS PREFETCH L1 MISS: 0
LLC WRITEBACK ACCESS:    2998572  HIT:     711359  MISS:    2287213  HIT %:    23.7233  MISS %:    76.2767   MPKI: 11.4361
LLC LOAD TRANSLATION ACCESS:      24983  HIT:      18282  MISS:       6701  HIT %:    73.1778  MISS %:    26.8222   MPKI: 0.033505
LLC PREFETCH  REQUESTED:          0  ISSUED:          0  USEFUL:      10396  USELESS:      24260
LLC USEFUL LOAD PREFETCHES:      10396 PREFETCH ISSUED TO LOWER LEVEL:      30184  ACCURACY: 34.4421
LLC TIMELY PREFETCHES:      10396 LATE PREFETCHES: 0 DROPPED PREFETCHES: 0
LLC PREFETCHES SAME FILL-ORIGIN LEVEL: 0 DIFFERENT FILL-ORIGIN LEVEL: 0
LLC AVERAGE MISS LATENCY:    115.788 cycles AVERAGE LOAD MISS LATENCY:    185.568 cycles Load Miss      59511
LLC Average MSHR Occupancy:     2.2723
LLC RQ	ACCESS:    3576372	FORWARD:          0	MERGED:          0	TO_CACHE:    3576344
LLC WQ	ACCESS:    2998573	FORWARD:         28	MERGED:          0	TO_CACHE:    2998573
LLC PQ	ACCESS:     848017	FORWARD:          0	MERGED:          0	TO_CACHE:     848017

LLC Dense regions hint to LLC: 0

RAW hits: 5769568
Loads Generated: 47593189
Loads sent to L1D: 41823620
Stores Generated: 34130615
Stores sent to L1D: 34130621
Major fault: 0 Minor fault: 8128
Allocated PAGES: 8128
CPU 0 L1D PC-based stride prefetcher final stats
Degree: 3
================ Mockingjay (LLC) Pollution Stats ================
Total pollution count in LLC: 2295
==================================================================

DRAM Statistics
 CHANNEL 0
 RQ ROW_BUFFER_HIT:    1628855  ROW_BUFFER_MISS:     755508
 DBUS_CONGESTED:       1864
 WQ ROW_BUFFER_HIT:     646570  ROW_BUFFER_MISS:    1670738  FULL:     118561

 AVG_CONGESTED_CYCLE: 4
 All warmup complete: 2
Channel 0 Bank busy for read cycles: 0
Channel 0 Bank busy for write cycles: 0
Channel 0
Rank 0
0banks busy for read cycles: 121552924
0banks busy for write cycles: 166461
1banks busy for read cycles: 11894895
1banks busy for write cycles: 22452613
2banks busy for read cycles: 3007852
2banks busy for write cycles: 7068014
3banks busy for read cycles: 3336080
3banks busy for write cycles: 3259281
4banks busy for read cycles: 5571541
4banks busy for write cycles: 2782020
5banks busy for read cycles: 1661603
5banks busy for write cycles: 3108054
6banks busy for read cycles: 1974908
6banks busy for write cycles: 3798864
7banks busy for read cycles: 3061759
7banks busy for write cycles: 6003977
8banks busy for read cycles: 13520397
8banks busy for write cycles: 22776196

CPU 0 Branch Prediction Accuracy: 99.9543% MPKI: 0.06999 Average ROB Occupancy at Mispredict: 205.481
Branch types
NOT_BRANCH: 169369070 84.6845%
BRANCH_DIRECT_JUMP: 1653034 0.826517%
BRANCH_INDIRECT: 9955757 4.97788%
BRANCH_CONDITIONAL: 12213750 6.10687%
BRANCH_DIRECT_CALL: 2811008 1.4055%
BRANCH_INDIRECT_CALL: 593200 0.2966%
BRANCH_RETURN: 3404039 1.70202%
BRANCH_OTHER: 0 0%

===================== LRU L1D STATS =====================
Total pollution count in L1D: 280676
=========================================================
================ SRRIP (L2C) Pollution Stats ================
Total pollution count in L2c: 1309913
==================================================================
DRAM PAGES: 1048576
Allocated PAGES: 8128
