
*** ChampSim Multicore Out-of-Order Simulator ***

Warmup Instructions: 200000000
Simulation Instructions: 200000000
Number of CPUs: 1
LLC sets: 4096
LLC ways: 12
Off-chip DRAM Size: 4096 MB Channels: 1 Width: 64-bit Data Rate: 6400 MT/s
CPU 0 runs /home1/sweta/traces/qualcomm_traces/srv_68.champsimtrace.xz
.xz
BTB has LRU replacement policy
ITLB has LRU replacement policy
DTLB has LRU replacement policy
STLB has LRU replacement policy
L1I has LRU replacement policy
CPU 0 L1D IP-based stride prefetcher
L1D has LRU replacement policy
Initialize SRRIP state for L2C
Initialize Mockingjay state for LLC
Heartbeat CPU 0 instructions: 10000000 cycles: 1911776 heartbeat IPC: 5.23074 cumulative IPC: 5.23074 (Simulation time: 0 hr 0 min 23 sec) 
Heartbeat CPU 0 instructions: 20000003 cycles: 3822959 heartbeat IPC: 5.23236 cumulative IPC: 5.23155 (Simulation time: 0 hr 0 min 47 sec) 
Heartbeat CPU 0 instructions: 30000000 cycles: 5728799 heartbeat IPC: 5.24703 cumulative IPC: 5.2367 (Simulation time: 0 hr 1 min 10 sec) 
*** Reached end of trace for Core: 0 Repeating trace: /home1/sweta/traces/qualcomm_traces/srv_68.champsimtrace.xz
Heartbeat CPU 0 instructions: 40000007 cycles: 7642382 heartbeat IPC: 5.2258 cumulative IPC: 5.23397 (Simulation time: 0 hr 1 min 36 sec) 
Heartbeat CPU 0 instructions: 50000005 cycles: 9549590 heartbeat IPC: 5.24327 cumulative IPC: 5.23583 (Simulation time: 0 hr 2 min 0 sec) 
Heartbeat CPU 0 instructions: 60000001 cycles: 11456645 heartbeat IPC: 5.24369 cumulative IPC: 5.23714 (Simulation time: 0 hr 2 min 25 sec) 
*** Reached end of trace for Core: 0 Repeating trace: /home1/sweta/traces/qualcomm_traces/srv_68.champsimtrace.xz
Heartbeat CPU 0 instructions: 70000006 cycles: 13370237 heartbeat IPC: 5.22578 cumulative IPC: 5.23551 (Simulation time: 0 hr 2 min 49 sec) 
Heartbeat CPU 0 instructions: 80000001 cycles: 15277493 heartbeat IPC: 5.24313 cumulative IPC: 5.23646 (Simulation time: 0 hr 3 min 13 sec) 
Heartbeat CPU 0 instructions: 90000000 cycles: 17183808 heartbeat IPC: 5.24572 cumulative IPC: 5.23749 (Simulation time: 0 hr 3 min 36 sec) 
*** Reached end of trace for Core: 0 Repeating trace: /home1/sweta/traces/qualcomm_traces/srv_68.champsimtrace.xz
Heartbeat CPU 0 instructions: 100000001 cycles: 19102496 heartbeat IPC: 5.2119 cumulative IPC: 5.23492 (Simulation time: 0 hr 3 min 58 sec) 
Heartbeat CPU 0 instructions: 110000002 cycles: 21004378 heartbeat IPC: 5.25795 cumulative IPC: 5.237 (Simulation time: 0 hr 4 min 20 sec) 
Heartbeat CPU 0 instructions: 120000000 cycles: 22911436 heartbeat IPC: 5.24368 cumulative IPC: 5.23756 (Simulation time: 0 hr 4 min 41 sec) 
*** Reached end of trace for Core: 0 Repeating trace: /home1/sweta/traces/qualcomm_traces/srv_68.champsimtrace.xz
Heartbeat CPU 0 instructions: 130000004 cycles: 24829905 heartbeat IPC: 5.21249 cumulative IPC: 5.23562 (Simulation time: 0 hr 5 min 2 sec) 
Heartbeat CPU 0 instructions: 140000001 cycles: 26731427 heartbeat IPC: 5.25894 cumulative IPC: 5.23728 (Simulation time: 0 hr 5 min 22 sec) 
Heartbeat CPU 0 instructions: 150000001 cycles: 28638425 heartbeat IPC: 5.24384 cumulative IPC: 5.23772 (Simulation time: 0 hr 5 min 42 sec) 
*** Reached end of trace for Core: 0 Repeating trace: /home1/sweta/traces/qualcomm_traces/srv_68.champsimtrace.xz
Heartbeat CPU 0 instructions: 160000006 cycles: 30555728 heartbeat IPC: 5.21566 cumulative IPC: 5.23633 (Simulation time: 0 hr 6 min 3 sec) 
Heartbeat CPU 0 instructions: 170000000 cycles: 32458012 heartbeat IPC: 5.25684 cumulative IPC: 5.23754 (Simulation time: 0 hr 6 min 24 sec) 
Heartbeat CPU 0 instructions: 180000000 cycles: 34364983 heartbeat IPC: 5.24392 cumulative IPC: 5.23789 (Simulation time: 0 hr 6 min 45 sec) 
*** Reached end of trace for Core: 0 Repeating trace: /home1/sweta/traces/qualcomm_traces/srv_68.champsimtrace.xz
Heartbeat CPU 0 instructions: 190000002 cycles: 36285683 heartbeat IPC: 5.20644 cumulative IPC: 5.23623 (Simulation time: 0 hr 7 min 6 sec) 
Heartbeat CPU 0 instructions: 200000006 cycles: 38186808 heartbeat IPC: 5.26005 cumulative IPC: 5.23741 (Simulation time: 0 hr 7 min 26 sec) 

Warmup complete CPU 0 instructions: 200000006 cycles: 38186808 (Simulation time: 0 hr 7 min 26 sec) 

Heartbeat CPU 0 instructions: 210000000 cycles: 54113839 heartbeat IPC: 0.627863 cumulative IPC: 0.627863 (Simulation time: 0 hr 7 min 53 sec) 
*** Reached end of trace for Core: 0 Repeating trace: /home1/sweta/traces/qualcomm_traces/srv_68.champsimtrace.xz
Heartbeat CPU 0 instructions: 220000001 cycles: 69148761 heartbeat IPC: 0.665118 cumulative IPC: 0.645954 (Simulation time: 0 hr 8 min 20 sec) 
Heartbeat CPU 0 instructions: 230000002 cycles: 84778744 heartbeat IPC: 0.639796 cumulative IPC: 0.643888 (Simulation time: 0 hr 8 min 45 sec) 
Heartbeat CPU 0 instructions: 240000006 cycles: 100562987 heartbeat IPC: 0.633543 cumulative IPC: 0.64127 (Simulation time: 0 hr 9 min 11 sec) 
*** Reached end of trace for Core: 0 Repeating trace: /home1/sweta/traces/qualcomm_traces/srv_68.champsimtrace.xz
Heartbeat CPU 0 instructions: 250000006 cycles: 115624316 heartbeat IPC: 0.663952 cumulative IPC: 0.645682 (Simulation time: 0 hr 9 min 37 sec) 
Heartbeat CPU 0 instructions: 260000001 cycles: 131323261 heartbeat IPC: 0.636985 cumulative IPC: 0.644216 (Simulation time: 0 hr 10 min 4 sec) 
Heartbeat CPU 0 instructions: 270000000 cycles: 146901028 heartbeat IPC: 0.64194 cumulative IPC: 0.64389 (Simulation time: 0 hr 10 min 29 sec) 
*** Reached end of trace for Core: 0 Repeating trace: /home1/sweta/traces/qualcomm_traces/srv_68.champsimtrace.xz
Heartbeat CPU 0 instructions: 280000004 cycles: 161932368 heartbeat IPC: 0.665277 cumulative IPC: 0.646488 (Simulation time: 0 hr 10 min 55 sec) 
Heartbeat CPU 0 instructions: 290000006 cycles: 177695816 heartbeat IPC: 0.634379 cumulative IPC: 0.64512 (Simulation time: 0 hr 11 min 22 sec) 
Heartbeat CPU 0 instructions: 300000000 cycles: 193366359 heartbeat IPC: 0.63814 cumulative IPC: 0.644415 (Simulation time: 0 hr 11 min 49 sec) 
*** Reached end of trace for Core: 0 Repeating trace: /home1/sweta/traces/qualcomm_traces/srv_68.champsimtrace.xz
Heartbeat CPU 0 instructions: 310000001 cycles: 208245092 heartbeat IPC: 0.6721 cumulative IPC: 0.646837 (Simulation time: 0 hr 12 min 15 sec) 
Heartbeat CPU 0 instructions: 320000000 cycles: 224183089 heartbeat IPC: 0.627431 cumulative IPC: 0.645174 (Simulation time: 0 hr 12 min 41 sec) 
Heartbeat CPU 0 instructions: 330000007 cycles: 239785745 heartbeat IPC: 0.640917 cumulative IPC: 0.644845 (Simulation time: 0 hr 13 min 6 sec) 
*** Reached end of trace for Core: 0 Repeating trace: /home1/sweta/traces/qualcomm_traces/srv_68.champsimtrace.xz
Heartbeat CPU 0 instructions: 340000002 cycles: 254667225 heartbeat IPC: 0.671976 cumulative IPC: 0.64671 (Simulation time: 0 hr 13 min 32 sec) 
Heartbeat CPU 0 instructions: 350000000 cycles: 270511069 heartbeat IPC: 0.63116 cumulative IPC: 0.645649 (Simulation time: 0 hr 13 min 57 sec) 
Heartbeat CPU 0 instructions: 360000000 cycles: 286054691 heartbeat IPC: 0.643351 cumulative IPC: 0.645505 (Simulation time: 0 hr 14 min 22 sec) 
*** Reached end of trace for Core: 0 Repeating trace: /home1/sweta/traces/qualcomm_traces/srv_68.champsimtrace.xz
Heartbeat CPU 0 instructions: 370000005 cycles: 301102922 heartbeat IPC: 0.66453 cumulative IPC: 0.646594 (Simulation time: 0 hr 14 min 48 sec) 
Heartbeat CPU 0 instructions: 380000002 cycles: 316667085 heartbeat IPC: 0.642501 cumulative IPC: 0.646365 (Simulation time: 0 hr 15 min 13 sec) 
Heartbeat CPU 0 instructions: 390000004 cycles: 332378269 heartbeat IPC: 0.636489 cumulative IPC: 0.645838 (Simulation time: 0 hr 15 min 37 sec) 
Heartbeat CPU 0 instructions: 400000001 cycles: 347758845 heartbeat IPC: 0.650171 cumulative IPC: 0.646053 (Simulation time: 0 hr 16 min 0 sec) 
Finished CPU 0 instructions: 200000003 cycles: 309572038 cumulative IPC: 0.646053 (Simulation time: 0 hr 16 min 0 sec) 

ChampSim completed all CPUs

Region of Interest Statistics

CPU 0 cumulative IPC: 0.646053 instructions: 200000003 cycles: 309572038
ITLB TOTAL     ACCESS:   21852753  HIT:   21120385  MISS:     732368  HIT %:    96.6486  MISS %:    3.35138   MPKI: 3.66184
ITLB LOAD TRANSLATION ACCESS:   21852753  HIT:   21120385  MISS:     732368  HIT %:    96.6486  MISS %:    3.35138   MPKI: 3.66184
ITLB PREFETCH  REQUESTED:          0  ISSUED:          0  USEFUL:          0  USELESS:          0
ITLB USEFUL LOAD PREFETCHES:          0 PREFETCH ISSUED TO LOWER LEVEL:          0  ACCURACY: -nan
ITLB TIMELY PREFETCHES:          0 LATE PREFETCHES: 0 DROPPED PREFETCHES: 0
ITLB PREFETCHES SAME FILL-ORIGIN LEVEL: 0 DIFFERENT FILL-ORIGIN LEVEL: 0
ITLB AVERAGE MISS LATENCY:    12.8732 cycles AVERAGE LOAD MISS LATENCY:       -nan cycles Load Miss          0
ITLB Average MSHR Occupancy:  0.0294828
ITLB RQ	ACCESS:   25215907	FORWARD:          0	MERGED:    2774428	TO_CACHE:   22441479

DTLB TOTAL     ACCESS:   31801815  HIT:   29422376  MISS:    2379439  HIT %:    92.5179  MISS %:    7.48209   MPKI: 11.8972
DTLB LOAD TRANSLATION ACCESS:   31801815  HIT:   29422376  MISS:    2379439  HIT %:    92.5179  MISS %:    7.48209   MPKI: 11.8972
DTLB PREFETCH  REQUESTED:          0  ISSUED:          0  USEFUL:          0  USELESS:          0
DTLB USEFUL LOAD PREFETCHES:          0 PREFETCH ISSUED TO LOWER LEVEL:          0  ACCURACY: -nan
DTLB TIMELY PREFETCHES:          0 LATE PREFETCHES: 0 DROPPED PREFETCHES: 0
DTLB PREFETCHES SAME FILL-ORIGIN LEVEL: 0 DIFFERENT FILL-ORIGIN LEVEL: 0
DTLB AVERAGE MISS LATENCY:    12.0072 cycles AVERAGE LOAD MISS LATENCY:       -nan cycles Load Miss          0
DTLB Average MSHR Occupancy:  0.0885978
DTLB RQ	ACCESS:   43403992	FORWARD:          0	MERGED:   11443517	TO_CACHE:   31960475

STLB TOTAL     ACCESS:    3175422  HIT:    2796737  MISS:     378685  HIT %:    88.0745  MISS %:    11.9255   MPKI: 1.89342
STLB LOAD TRANSLATION ACCESS:    3111807  HIT:    2733122  MISS:     378685  HIT %:    87.8307  MISS %:    12.1693   MPKI: 1.89342
STLB TRANSLATION FROM L1D PREFETCHER ACCESS:      63615  HIT:      63615  MISS:          0  HIT %:        100  MISS %:          0   MPKI: 0
STLB PREFETCH  REQUESTED:          0  ISSUED:          0  USEFUL:          0  USELESS:          0
STLB USEFUL LOAD PREFETCHES:          0 PREFETCH ISSUED TO LOWER LEVEL:          0  ACCURACY: -nan
STLB TIMELY PREFETCHES:          0 LATE PREFETCHES: 0 DROPPED PREFETCHES: 0
STLB PREFETCHES SAME FILL-ORIGIN LEVEL: 0 DIFFERENT FILL-ORIGIN LEVEL: 0
STLB AVERAGE MISS LATENCY:    26.2009 cycles AVERAGE LOAD MISS LATENCY:       -nan cycles Load Miss          0
STLB Average MSHR Occupancy:  0.0342577
STLB RQ	ACCESS:    3313034	FORWARD:          0	MERGED:     137613	TO_CACHE:    3175421

STLB Hit, L1D data hit: 0
STLB Hit, L2C data hit: 0
STLB Hit, LLC data hit: 0
STLB Hit, LLC data miss: 0
STLB STLB hints to L2: 0
L1D TOTAL     ACCESS:   43176199  HIT:   40797011  MISS:    2379188  HIT %:    94.4896  MISS %:    5.51042   MPKI: 11.8959
L1D LOAD      ACCESS:   24003678  HIT:   21974749  MISS:    2028929  HIT %:    91.5474  MISS %:    8.45258   MPKI: 10.1446
L1D RFO       ACCESS:   18972850  HIT:   18664069  MISS:     308781  HIT %:    98.3725  MISS %:    1.62749   MPKI: 1.5439
L1D PREFETCH  ACCESS:     199671  HIT:     158193  MISS:      41478  HIT %:    79.2268  MISS %:    20.7732   MPKI: 0.20739
AGUS PREFETCH L1 MISS: 0
L1D PREFETCH  REQUESTED:     426703  ISSUED:     421799  USEFUL:       9321  USELESS:      32161
L1D USEFUL LOAD PREFETCHES:       9321 PREFETCH ISSUED TO LOWER LEVEL:      42164  ACCURACY: 22.1065
L1D TIMELY PREFETCHES:       9321 LATE PREFETCHES: 686 DROPPED PREFETCHES: 0
L1D PREFETCHES SAME FILL-ORIGIN LEVEL: 42164 DIFFERENT FILL-ORIGIN LEVEL: 0
L1D AVERAGE MISS LATENCY:    24.4192 cycles AVERAGE LOAD MISS LATENCY:    24.1402 cycles Load Miss    2028929
L1D Average MSHR Occupancy:   0.196305
L1D RQ	ACCESS:   40425920	FORWARD:          0	MERGED:   16029724	TO_CACHE:   24067658
L1D WQ	ACCESS:   19957805	FORWARD:     328868	MERGED:     621471	TO_CACHE:   19336334
L1D PQ	ACCESS:     220571	FORWARD:          0	MERGED:      19013	TO_CACHE:     201228

L1D UNIQUE REGIONS ACCESSED: 0
L1D REGIONS CONFLICTS: 0
L1D Cross Page Prefetch Requests: 0
L1D Same Page Prefetch Requests: 413618
L1D ROI Sum of L1D PQ occupancy: 2659406
L1D PREFETCHES PUSHED FROM L2C: 0
L1I TOTAL     ACCESS:   24752903  HIT:   11442581  MISS:   13310322  HIT %:    46.2272  MISS %:    53.7728   MPKI: 66.5516
L1I LOAD      ACCESS:   24752903  HIT:   11442581  MISS:   13310322  HIT %:    46.2272  MISS %:    53.7728   MPKI: 66.5516
L1I PREFETCH  REQUESTED:          0  ISSUED:          0  USEFUL:          0  USELESS:          0
L1I USEFUL LOAD PREFETCHES:          0 PREFETCH ISSUED TO LOWER LEVEL:          0  ACCURACY: -nan
L1I TIMELY PREFETCHES:          0 LATE PREFETCHES: 0 DROPPED PREFETCHES: 0
L1I PREFETCHES SAME FILL-ORIGIN LEVEL: 0 DIFFERENT FILL-ORIGIN LEVEL: 0
L1I AVERAGE MISS LATENCY:    14.2142 cycles AVERAGE LOAD MISS LATENCY:    14.2142 cycles Load Miss   13310322
L1I Average MSHR Occupancy:   0.594053
L1I RQ	ACCESS:   47580869	FORWARD:          0	MERGED:   22364962	TO_CACHE:   25215907

BTB TOTAL     ACCESS:   21731303  HIT:   17414479  MISS:    4316824  HIT %:    80.1355  MISS %:    19.8645   MPKI: 21.5841
BTB BRANCH_DIRECT_JUMP	ACCESS:    1706237  HIT:    1457155  MISS:     249082
BTB BRANCH_INDIRECT	ACCESS:    9414496  HIT:    7321738  MISS:    2092758
BTB BRANCH_CONDITIONAL	ACCESS:    4491177  HIT:    4082370  MISS:     408807
BTB BRANCH_DIRECT_CALL	ACCESS:    2427845  HIT:    1963974  MISS:     463871
BTB BRANCH_INDIRECT_CALL	ACCESS:     630914  HIT:     594100  MISS:      36814
BTB BRANCH_RETURN	ACCESS:    3060634  HIT:    1995142  MISS:    1065492
BTB BRANCH_OTHER ACCESS:          0  HIT:          0  MISS:          0

L2C TOTAL     ACCESS:   17145232  HIT:   16814485  MISS:     330747  HIT %:    98.0709  MISS %:    1.92909   MPKI: 1.65373
L2C LOAD      ACCESS:   15338474  HIT:   15079261  MISS:     259213  HIT %:      98.31  MISS %:    1.68995   MPKI: 1.29606
L2C DATA LOAD MPKI: 1.19966
L2C INSTRUCTION LOAD MPKI: 0.0964
L2C RFO       ACCESS:     308779  HIT:     259801  MISS:      48978  HIT %:    84.1382  MISS %:    15.8618   MPKI: 0.24489
L2C PREFETCH  ACCESS:      42164  HIT:      35643  MISS:       6521  HIT %:    84.5342  MISS %:    15.4658   MPKI: 0.032605
AGUS PREFETCH L1 MISS: 0
L2C DATA PREFETCH MPKI: 0.032605
L2C INSTRUCTION PREFETCH MPKI: 0
L2C WRITEBACK ACCESS:     966516  HIT:     966135  MISS:        381  HIT %:    99.9606  MISS %:  0.0394199   MPKI: 0.001905
L2C LOAD TRANSLATION ACCESS:     489299  HIT:     473645  MISS:      15654  HIT %:    96.8007  MISS %:    3.19927   MPKI: 0.07827
L2C PREFETCH  REQUESTED:          0  ISSUED:          0  USEFUL:       2160  USELESS:       4330
L2C USEFUL LOAD PREFETCHES:       2160 PREFETCH ISSUED TO LOWER LEVEL:       6521  ACCURACY: 33.1238
L2C TIMELY PREFETCHES:       2160 LATE PREFETCHES: 0 DROPPED PREFETCHES: 0
L2C PREFETCHES SAME FILL-ORIGIN LEVEL: 0 DIFFERENT FILL-ORIGIN LEVEL: 0
L2C AVERAGE MISS LATENCY:    74.4698 cycles AVERAGE LOAD MISS LATENCY:    75.8973 cycles Load Miss     259213
L2C Average MSHR Occupancy:  0.0789297
L2C RQ	ACCESS:   16136644	FORWARD:          0	MERGED:          0	TO_CACHE:   16136551
L2C WQ	ACCESS:     966517	FORWARD:         93	MERGED:          0	TO_CACHE:     966517
L2C PQ	ACCESS:      42164	FORWARD:          0	MERGED:          0	TO_CACHE:      42164

L2C Instructions Evicting Data 16853
L2C Translations Evicting Data 13819
L2C Data Evicting Data 264800
L2C Instructions Evicting Instructions 1356
L2C Translations Evicting Instructions 1019
L2C Data Evicting Instructions 16855
L2C Instructions Evicting Translations 1071
L2C Translations Evicting Translations 816
L2C Data Evicting Translations 13777
L2C Dense regions hint from L2: 0
PSCL5 TOTAL     ACCESS:     378684  HIT:     378684  MISS:          0  HIT %:        100  MISS %:          0   MPKI: 0
PSCL5 LOAD TRANSLATION ACCESS:     378684  HIT:     378684  MISS:          0  HIT %:        100  MISS %:          0   MPKI: 0
PSCL5 PREFETCH  REQUESTED:          0  ISSUED:          0  USEFUL:          0  USELESS:          0
PSCL5 USEFUL LOAD PREFETCHES:          0 PREFETCH ISSUED TO LOWER LEVEL:          0  ACCURACY: -nan
PSCL5 TIMELY PREFETCHES:          0 LATE PREFETCHES: 0 DROPPED PREFETCHES: 0
PSCL5 PREFETCHES SAME FILL-ORIGIN LEVEL: 0 DIFFERENT FILL-ORIGIN LEVEL: 0

PSCL4 TOTAL     ACCESS:     359239  HIT:     358620  MISS:        619  HIT %:    99.8277  MISS %:   0.172309   MPKI: 0.003095
PSCL4 LOAD TRANSLATION ACCESS:     359239  HIT:     358620  MISS:        619  HIT %:    99.8277  MISS %:   0.172309   MPKI: 0.003095
PSCL4 PREFETCH  REQUESTED:          0  ISSUED:          0  USEFUL:          0  USELESS:          0
PSCL4 USEFUL LOAD PREFETCHES:          0 PREFETCH ISSUED TO LOWER LEVEL:          0  ACCURACY: -nan
PSCL4 TIMELY PREFETCHES:          0 LATE PREFETCHES: 0 DROPPED PREFETCHES: 0
PSCL4 PREFETCHES SAME FILL-ORIGIN LEVEL: 0 DIFFERENT FILL-ORIGIN LEVEL: 0

PSCL3 TOTAL     ACCESS:     377568  HIT:     375599  MISS:       1969  HIT %:    99.4785  MISS %:   0.521495   MPKI: 0.009845
PSCL3 LOAD TRANSLATION ACCESS:     377568  HIT:     375599  MISS:       1969  HIT %:    99.4785  MISS %:   0.521495   MPKI: 0.009845
PSCL3 PREFETCH  REQUESTED:          0  ISSUED:          0  USEFUL:          0  USELESS:          0
PSCL3 USEFUL LOAD PREFETCHES:          0 PREFETCH ISSUED TO LOWER LEVEL:          0  ACCURACY: -nan
PSCL3 TIMELY PREFETCHES:          0 LATE PREFETCHES: 0 DROPPED PREFETCHES: 0
PSCL3 PREFETCHES SAME FILL-ORIGIN LEVEL: 0 DIFFERENT FILL-ORIGIN LEVEL: 0

PSCL2 TOTAL     ACCESS:     378684  HIT:     270657  MISS:     108027  HIT %:     71.473  MISS %:     28.527   MPKI: 0.540135
PSCL2 LOAD TRANSLATION ACCESS:     378684  HIT:     270657  MISS:     108027  HIT %:     71.473  MISS %:     28.527   MPKI: 0.540135
PSCL2 PREFETCH  REQUESTED:          0  ISSUED:          0  USEFUL:          0  USELESS:          0
PSCL2 USEFUL LOAD PREFETCHES:          0 PREFETCH ISSUED TO LOWER LEVEL:          0  ACCURACY: -nan
PSCL2 TIMELY PREFETCHES:          0 LATE PREFETCHES: 0 DROPPED PREFETCHES: 0
PSCL2 PREFETCHES SAME FILL-ORIGIN LEVEL: 0 DIFFERENT FILL-ORIGIN LEVEL: 0

LLC TOTAL     ACCESS:     545467  HIT:     469466  MISS:      76001  HIT %:    86.0668  MISS %:    13.9332   MPKI: 0.380005
LLC LOAD      ACCESS:     259213  HIT:     210568  MISS:      48645  HIT %:    81.2336  MISS %:    18.7664   MPKI: 0.243225
LLC RFO       ACCESS:      48978  HIT:      42448  MISS:       6530  HIT %:    86.6675  MISS %:    13.3325   MPKI: 0.03265
LLC PREFETCH  ACCESS:       6521  HIT:       4915  MISS:       1606  HIT %:    75.3719  MISS %:    24.6281   MPKI: 0.00803
AGUS PREFETCH L1 MISS: 0
LLC WRITEBACK ACCESS:     215101  HIT:     198131  MISS:      16970  HIT %:    92.1107  MISS %:    7.88932   MPKI: 0.08485
LLC LOAD TRANSLATION ACCESS:      15654  HIT:      13404  MISS:       2250  HIT %:    85.6267  MISS %:    14.3733   MPKI: 0.01125
LLC PREFETCH  REQUESTED:          0  ISSUED:          0  USEFUL:        114  USELESS:       1093
LLC USEFUL LOAD PREFETCHES:        114 PREFETCH ISSUED TO LOWER LEVEL:       1606  ACCURACY: 7.09838
LLC TIMELY PREFETCHES:        114 LATE PREFETCHES: 0 DROPPED PREFETCHES: 0
LLC PREFETCHES SAME FILL-ORIGIN LEVEL: 0 DIFFERENT FILL-ORIGIN LEVEL: 0
LLC AVERAGE MISS LATENCY:    128.472 cycles AVERAGE LOAD MISS LATENCY:    164.641 cycles Load Miss      48645
LLC Average MSHR Occupancy:  0.0313495
LLC RQ	ACCESS:     323845	FORWARD:          0	MERGED:          0	TO_CACHE:     323845
LLC WQ	ACCESS:     215101	FORWARD:          0	MERGED:          0	TO_CACHE:     215101
LLC PQ	ACCESS:       6521	FORWARD:          0	MERGED:          0	TO_CACHE:       6521

LLC Dense regions hint to LLC: 0

RAW hits: 5320494
Loads Generated: 45746413
Loads sent to L1D: 40425920
Stores Generated: 19957802
Stores sent to L1D: 19957805
Major fault: 0 Minor fault: 5849
Allocated PAGES: 5849
CPU 0 L1D PC-based stride prefetcher final stats
Degree: 3
================ Mockingjay (LLC) Pollution Stats ================
Total pollution count in LLC: 1436
==================================================================

DRAM Statistics
 CHANNEL 0
 RQ ROW_BUFFER_HIT:      12467  ROW_BUFFER_MISS:      46564
 DBUS_CONGESTED:         23
 WQ ROW_BUFFER_HIT:       2620  ROW_BUFFER_MISS:      39744  FULL:          0

 AVG_CONGESTED_CYCLE: 5
 All warmup complete: 2
Channel 0 Bank busy for read cycles: 0
Channel 0 Bank busy for write cycles: 0
Channel 0
Rank 0
0banks busy for read cycles: 296860594
0banks busy for write cycles: 34236
1banks busy for read cycles: 6373072
1banks busy for write cycles: 5127760
2banks busy for read cycles: 435202
2banks busy for write cycles: 494370
3banks busy for read cycles: 67861
3banks busy for write cycles: 87731
4banks busy for read cycles: 20495
4banks busy for write cycles: 25588
5banks busy for read cycles: 5944
5banks busy for write cycles: 9031
6banks busy for read cycles: 3142
6banks busy for write cycles: 5857
7banks busy for read cycles: 2461
7banks busy for write cycles: 4189
8banks busy for read cycles: 1869
8banks busy for write cycles: 12637

CPU 0 Branch Prediction Accuracy: 99.8464% MPKI: 0.270295 Average ROB Occupancy at Mispredict: 92.2632
Branch types
NOT_BRANCH: 164803073 82.4015%
BRANCH_DIRECT_JUMP: 1706237 0.853118%
BRANCH_INDIRECT: 9414496 4.70725%
BRANCH_CONDITIONAL: 17956229 8.97811%
BRANCH_DIRECT_CALL: 2427845 1.21392%
BRANCH_INDIRECT_CALL: 630914 0.315457%
BRANCH_RETURN: 3060634 1.53032%
BRANCH_OTHER: 0 0%

===================== LRU L1D STATS =====================
Total pollution count in L1D: 70819
=========================================================
================ SRRIP (L2C) Pollution Stats ================
Total pollution count in L2c: 490190
==================================================================
DRAM PAGES: 1048576
Allocated PAGES: 5849
