
*** ChampSim Multicore Out-of-Order Simulator ***

Warmup Instructions: 200000000
Simulation Instructions: 200000000
Number of CPUs: 1
LLC sets: 4096
LLC ways: 12
Off-chip DRAM Size: 4096 MB Channels: 1 Width: 64-bit Data Rate: 6400 MT/s
CPU 0 runs /home1/sweta/traces/qualcomm_traces/srv_1.champsimtrace.xz
.xz
BTB has LRU replacement policy
ITLB has LRU replacement policy
DTLB has LRU replacement policy
STLB has LRU replacement policy
L1I has LRU replacement policy
CPU 0 L1D IP-based stride prefetcher
L1D has LRU replacement policy
Initialize SRRIP state for L2C
Initialize Mockingjay state for LLC
Heartbeat CPU 0 instructions: 10000000 cycles: 3818462 heartbeat IPC: 2.61886 cumulative IPC: 2.61886 (Simulation time: 0 hr 0 min 33 sec) 
Heartbeat CPU 0 instructions: 20000007 cycles: 6604327 heartbeat IPC: 3.58955 cumulative IPC: 3.02832 (Simulation time: 0 hr 1 min 0 sec) 
Heartbeat CPU 0 instructions: 30000000 cycles: 8565564 heartbeat IPC: 5.09882 cumulative IPC: 3.5024 (Simulation time: 0 hr 1 min 24 sec) 
*** Reached end of trace for Core: 0 Repeating trace: /home1/sweta/traces/qualcomm_traces/srv_1.champsimtrace.xz
Heartbeat CPU 0 instructions: 40000000 cycles: 12197618 heartbeat IPC: 2.75326 cumulative IPC: 3.27933 (Simulation time: 0 hr 1 min 57 sec) 
Heartbeat CPU 0 instructions: 50000004 cycles: 15167118 heartbeat IPC: 3.36757 cumulative IPC: 3.29661 (Simulation time: 0 hr 2 min 26 sec) 
Heartbeat CPU 0 instructions: 60000000 cycles: 17126858 heartbeat IPC: 5.10272 cumulative IPC: 3.50327 (Simulation time: 0 hr 2 min 49 sec) 
*** Reached end of trace for Core: 0 Repeating trace: /home1/sweta/traces/qualcomm_traces/srv_1.champsimtrace.xz
Heartbeat CPU 0 instructions: 70000005 cycles: 20576726 heartbeat IPC: 2.89866 cumulative IPC: 3.4019 (Simulation time: 0 hr 3 min 22 sec) 
Heartbeat CPU 0 instructions: 80000000 cycles: 23731444 heartbeat IPC: 3.16985 cumulative IPC: 3.37105 (Simulation time: 0 hr 3 min 53 sec) 
Heartbeat CPU 0 instructions: 90000000 cycles: 25692040 heartbeat IPC: 5.10049 cumulative IPC: 3.50303 (Simulation time: 0 hr 4 min 16 sec) 
*** Reached end of trace for Core: 0 Repeating trace: /home1/sweta/traces/qualcomm_traces/srv_1.champsimtrace.xz
Heartbeat CPU 0 instructions: 100000001 cycles: 28957281 heartbeat IPC: 3.06256 cumulative IPC: 3.45336 (Simulation time: 0 hr 4 min 47 sec) 
Heartbeat CPU 0 instructions: 110000007 cycles: 32295290 heartbeat IPC: 2.9958 cumulative IPC: 3.40607 (Simulation time: 0 hr 5 min 18 sec) 
Heartbeat CPU 0 instructions: 120000006 cycles: 34254933 heartbeat IPC: 5.10297 cumulative IPC: 3.50315 (Simulation time: 0 hr 5 min 41 sec) 
*** Reached end of trace for Core: 0 Repeating trace: /home1/sweta/traces/qualcomm_traces/srv_1.champsimtrace.xz
Heartbeat CPU 0 instructions: 130000002 cycles: 37337080 heartbeat IPC: 3.24449 cumulative IPC: 3.48179 (Simulation time: 0 hr 6 min 10 sec) 
Heartbeat CPU 0 instructions: 140000004 cycles: 40859742 heartbeat IPC: 2.83876 cumulative IPC: 3.42636 (Simulation time: 0 hr 6 min 44 sec) 
Heartbeat CPU 0 instructions: 150000006 cycles: 42818452 heartbeat IPC: 5.1054 cumulative IPC: 3.50316 (Simulation time: 0 hr 7 min 7 sec) 
*** Reached end of trace for Core: 0 Repeating trace: /home1/sweta/traces/qualcomm_traces/srv_1.champsimtrace.xz
Heartbeat CPU 0 instructions: 160000001 cycles: 45716768 heartbeat IPC: 3.45028 cumulative IPC: 3.49981 (Simulation time: 0 hr 7 min 35 sec) 
Heartbeat CPU 0 instructions: 170000006 cycles: 49426140 heartbeat IPC: 2.69588 cumulative IPC: 3.43948 (Simulation time: 0 hr 8 min 9 sec) 
Heartbeat CPU 0 instructions: 180000000 cycles: 51383372 heartbeat IPC: 5.10925 cumulative IPC: 3.50308 (Simulation time: 0 hr 8 min 32 sec) 
*** Reached end of trace for Core: 0 Repeating trace: /home1/sweta/traces/qualcomm_traces/srv_1.champsimtrace.xz
Heartbeat CPU 0 instructions: 190000002 cycles: 54096698 heartbeat IPC: 3.68551 cumulative IPC: 3.51223 (Simulation time: 0 hr 8 min 59 sec) 
Heartbeat CPU 0 instructions: 200000003 cycles: 57989447 heartbeat IPC: 2.56888 cumulative IPC: 3.4489 (Simulation time: 0 hr 9 min 33 sec) 

Warmup complete CPU 0 instructions: 200000003 cycles: 57989447 (Simulation time: 0 hr 9 min 33 sec) 

Heartbeat CPU 0 instructions: 210000001 cycles: 75797219 heartbeat IPC: 0.561552 cumulative IPC: 0.561552 (Simulation time: 0 hr 10 min 2 sec) 
*** Reached end of trace for Core: 0 Repeating trace: /home1/sweta/traces/qualcomm_traces/srv_1.champsimtrace.xz
Heartbeat CPU 0 instructions: 220000000 cycles: 98193497 heartbeat IPC: 0.446503 cumulative IPC: 0.497462 (Simulation time: 0 hr 10 min 35 sec) 
Heartbeat CPU 0 instructions: 230000000 cycles: 134741422 heartbeat IPC: 0.273613 cumulative IPC: 0.390869 (Simulation time: 0 hr 11 min 17 sec) 
Heartbeat CPU 0 instructions: 240000003 cycles: 152280598 heartbeat IPC: 0.570152 cumulative IPC: 0.424218 (Simulation time: 0 hr 11 min 46 sec) 
*** Reached end of trace for Core: 0 Repeating trace: /home1/sweta/traces/qualcomm_traces/srv_1.champsimtrace.xz
Heartbeat CPU 0 instructions: 250000001 cycles: 172451689 heartbeat IPC: 0.495759 cumulative IPC: 0.436825 (Simulation time: 0 hr 12 min 17 sec) 
Heartbeat CPU 0 instructions: 260000000 cycles: 210580604 heartbeat IPC: 0.262268 cumulative IPC: 0.393208 (Simulation time: 0 hr 13 min 2 sec) 
Heartbeat CPU 0 instructions: 270000000 cycles: 228652385 heartbeat IPC: 0.553349 cumulative IPC: 0.410165 (Simulation time: 0 hr 13 min 33 sec) 
*** Reached end of trace for Core: 0 Repeating trace: /home1/sweta/traces/qualcomm_traces/srv_1.champsimtrace.xz
Heartbeat CPU 0 instructions: 280000004 cycles: 245992909 heartbeat IPC: 0.576684 cumulative IPC: 0.425524 (Simulation time: 0 hr 14 min 3 sec) 
Heartbeat CPU 0 instructions: 290000003 cycles: 285411091 heartbeat IPC: 0.25369 cumulative IPC: 0.395741 (Simulation time: 0 hr 14 min 47 sec) 
Heartbeat CPU 0 instructions: 300000000 cycles: 305262900 heartbeat IPC: 0.503732 cumulative IPC: 0.404411 (Simulation time: 0 hr 15 min 17 sec) 
*** Reached end of trace for Core: 0 Repeating trace: /home1/sweta/traces/qualcomm_traces/srv_1.champsimtrace.xz
Heartbeat CPU 0 instructions: 310000000 cycles: 322365467 heartbeat IPC: 0.584708 cumulative IPC: 0.416074 (Simulation time: 0 hr 15 min 52 sec) 
Heartbeat CPU 0 instructions: 320000003 cycles: 360205749 heartbeat IPC: 0.264269 cumulative IPC: 0.397067 (Simulation time: 0 hr 16 min 35 sec) 
Heartbeat CPU 0 instructions: 330000001 cycles: 381476021 heartbeat IPC: 0.47014 cumulative IPC: 0.401871 (Simulation time: 0 hr 17 min 7 sec) 
*** Reached end of trace for Core: 0 Repeating trace: /home1/sweta/traces/qualcomm_traces/srv_1.champsimtrace.xz
Heartbeat CPU 0 instructions: 340000001 cycles: 398614731 heartbeat IPC: 0.583474 cumulative IPC: 0.411009 (Simulation time: 0 hr 17 min 36 sec) 
Heartbeat CPU 0 instructions: 350000002 cycles: 434975420 heartbeat IPC: 0.275022 cumulative IPC: 0.397893 (Simulation time: 0 hr 18 min 19 sec) 
Heartbeat CPU 0 instructions: 360000000 cycles: 457829024 heartbeat IPC: 0.437568 cumulative IPC: 0.40016 (Simulation time: 0 hr 18 min 52 sec) 
*** Reached end of trace for Core: 0 Repeating trace: /home1/sweta/traces/qualcomm_traces/srv_1.champsimtrace.xz
Heartbeat CPU 0 instructions: 370000002 cycles: 475256345 heartbeat IPC: 0.573812 cumulative IPC: 0.407413 (Simulation time: 0 hr 19 min 22 sec) 
Heartbeat CPU 0 instructions: 380000000 cycles: 509742942 heartbeat IPC: 0.289968 cumulative IPC: 0.398447 (Simulation time: 0 hr 20 min 3 sec) 
Heartbeat CPU 0 instructions: 390000000 cycles: 534277335 heartbeat IPC: 0.407591 cumulative IPC: 0.398918 (Simulation time: 0 hr 20 min 37 sec) 
Heartbeat CPU 0 instructions: 400000007 cycles: 551772796 heartbeat IPC: 0.571577 cumulative IPC: 0.405036 (Simulation time: 0 hr 21 min 6 sec) 
Finished CPU 0 instructions: 200000004 cycles: 493783349 cumulative IPC: 0.405036 (Simulation time: 0 hr 21 min 6 sec) 

ChampSim completed all CPUs

Region of Interest Statistics

CPU 0 cumulative IPC: 0.405036 instructions: 200000004 cycles: 493783349
ITLB TOTAL     ACCESS:   25994808  HIT:   25441013  MISS:     553795  HIT %:    97.8696  MISS %:    2.13041   MPKI: 2.76897
ITLB LOAD TRANSLATION ACCESS:   25994808  HIT:   25441013  MISS:     553795  HIT %:    97.8696  MISS %:    2.13041   MPKI: 2.76897
ITLB PREFETCH  REQUESTED:          0  ISSUED:          0  USEFUL:          0  USELESS:          0
ITLB USEFUL LOAD PREFETCHES:          0 PREFETCH ISSUED TO LOWER LEVEL:          0  ACCURACY: -nan
ITLB TIMELY PREFETCHES:          0 LATE PREFETCHES: 0 DROPPED PREFETCHES: 0
ITLB PREFETCHES SAME FILL-ORIGIN LEVEL: 0 DIFFERENT FILL-ORIGIN LEVEL: 0
ITLB AVERAGE MISS LATENCY:    13.6812 cycles AVERAGE LOAD MISS LATENCY:       -nan cycles Load Miss          0
ITLB Average MSHR Occupancy:  0.0150474
ITLB RQ	ACCESS:   29630775	FORWARD:          0	MERGED:    3220829	TO_CACHE:   26409946

DTLB TOTAL     ACCESS:   40146061  HIT:   31542017  MISS:    8604044  HIT %:    78.5681  MISS %:    21.4319   MPKI: 43.0202
DTLB LOAD TRANSLATION ACCESS:   40146061  HIT:   31542017  MISS:    8604044  HIT %:    78.5681  MISS %:    21.4319   MPKI: 43.0202
DTLB PREFETCH  REQUESTED:          0  ISSUED:          0  USEFUL:          0  USELESS:          0
DTLB USEFUL LOAD PREFETCHES:          0 PREFETCH ISSUED TO LOWER LEVEL:          0  ACCURACY: -nan
DTLB TIMELY PREFETCHES:          0 LATE PREFETCHES: 0 DROPPED PREFETCHES: 0
DTLB PREFETCHES SAME FILL-ORIGIN LEVEL: 0 DIFFERENT FILL-ORIGIN LEVEL: 0
DTLB AVERAGE MISS LATENCY:    9.60776 cycles AVERAGE LOAD MISS LATENCY:       -nan cycles Load Miss          0
DTLB Average MSHR Occupancy:     0.1534
DTLB RQ	ACCESS:   56247220	FORWARD:          0	MERGED:   15863628	TO_CACHE:   40383592

STLB TOTAL     ACCESS:   10778976  HIT:   10452040  MISS:     326936  HIT %:    96.9669  MISS %:    3.03309   MPKI: 1.63468
STLB LOAD TRANSLATION ACCESS:    9157839  HIT:    8830903  MISS:     326936  HIT %:      96.43  MISS %:    3.57001   MPKI: 1.63468
STLB TRANSLATION FROM L1D PREFETCHER ACCESS:    1621137  HIT:    1621137  MISS:          0  HIT %:        100  MISS %:          0   MPKI: 0
STLB PREFETCH  REQUESTED:          0  ISSUED:          0  USEFUL:          0  USELESS:          0
STLB USEFUL LOAD PREFETCHES:          0 PREFETCH ISSUED TO LOWER LEVEL:          0  ACCURACY: -nan
STLB TIMELY PREFETCHES:          0 LATE PREFETCHES: 0 DROPPED PREFETCHES: 0
STLB PREFETCHES SAME FILL-ORIGIN LEVEL: 0 DIFFERENT FILL-ORIGIN LEVEL: 0
STLB AVERAGE MISS LATENCY:    23.7728 cycles AVERAGE LOAD MISS LATENCY:       -nan cycles Load Miss          0
STLB Average MSHR Occupancy:  0.0169764
STLB RQ	ACCESS:   13720478	FORWARD:          0	MERGED:    2941501	TO_CACHE:   10778977

STLB Hit, L1D data hit: 0
STLB Hit, L2C data hit: 0
STLB Hit, LLC data hit: 0
STLB Hit, LLC data miss: 0
STLB STLB hints to L2: 0
L1D TOTAL     ACCESS:   60235701  HIT:   47137163  MISS:   13098538  HIT %:    78.2545  MISS %:    21.7455   MPKI: 65.4927
L1D LOAD      ACCESS:   38316259  HIT:   27070976  MISS:   11245283  HIT %:    70.6514  MISS %:    29.3486   MPKI: 56.2264
L1D RFO       ACCESS:   17630529  HIT:   17258370  MISS:     372159  HIT %:    97.8891  MISS %:    2.11088   MPKI: 1.86079
L1D PREFETCH  ACCESS:    4288913  HIT:    2807817  MISS:    1481096  HIT %:    65.4669  MISS %:    34.5331   MPKI: 7.40548
AGUS PREFETCH L1 MISS: 0
L1D PREFETCH  REQUESTED:    9371455  ISSUED:    9299893  USEFUL:     480362  USELESS:    1000745
L1D USEFUL LOAD PREFETCHES:     480362 PREFETCH ISSUED TO LOWER LEVEL:    1681231  ACCURACY: 28.572
L1D TIMELY PREFETCHES:     480362 LATE PREFETCHES: 197793 DROPPED PREFETCHES: 0
L1D PREFETCHES SAME FILL-ORIGIN LEVEL: 1678892 DIFFERENT FILL-ORIGIN LEVEL: 2339
L1D AVERAGE MISS LATENCY:     15.831 cycles AVERAGE LOAD MISS LATENCY:    15.6938 cycles Load Miss   11245283
L1D Average MSHR Occupancy:   0.482857
L1D RQ	ACCESS:   52290887	FORWARD:          0	MERGED:   13734989	TO_CACHE:   38353174
L1D WQ	ACCESS:   18312337	FORWARD:     202834	MERGED:     418291	TO_CACHE:   17894046
L1D PQ	ACCESS:    4737255	FORWARD:          0	MERGED:     174507	TO_CACHE:    4562638

L1D UNIQUE REGIONS ACCESSED: 0
L1D REGIONS CONFLICTS: 0
L1D Cross Page Prefetch Requests: 0
L1D Same Page Prefetch Requests: 10235669
L1D ROI Sum of L1D PQ occupancy: 60923619
L1D PREFETCHES PUSHED FROM L2C: 0
L1I TOTAL     ACCESS:   28737663  HIT:    9608042  MISS:   19129621  HIT %:    33.4336  MISS %:    66.5664   MPKI: 95.6481
L1I LOAD      ACCESS:   28737663  HIT:    9608042  MISS:   19129621  HIT %:    33.4336  MISS %:    66.5664   MPKI: 95.6481
L1I PREFETCH  REQUESTED:          0  ISSUED:          0  USEFUL:          0  USELESS:          0
L1I USEFUL LOAD PREFETCHES:          0 PREFETCH ISSUED TO LOWER LEVEL:          0  ACCURACY: -nan
L1I TIMELY PREFETCHES:          0 LATE PREFETCHES: 0 DROPPED PREFETCHES: 0
L1I PREFETCHES SAME FILL-ORIGIN LEVEL: 0 DIFFERENT FILL-ORIGIN LEVEL: 0
L1I AVERAGE MISS LATENCY:    14.1367 cycles AVERAGE LOAD MISS LATENCY:    14.1367 cycles Load Miss   19129621
L1I Average MSHR Occupancy:   0.536891
L1I RQ	ACCESS:   55022934	FORWARD:          0	MERGED:   25392159	TO_CACHE:   29630775

BTB TOTAL     ACCESS:   33833951  HIT:   29170057  MISS:    4663894  HIT %:    86.2153  MISS %:    13.7847   MPKI: 23.3195
BTB BRANCH_DIRECT_JUMP	ACCESS:    1821010  HIT:    1607367  MISS:     213643
BTB BRANCH_INDIRECT	ACCESS:   19663884  HIT:   17252569  MISS:    2411315
BTB BRANCH_CONDITIONAL	ACCESS:    4755221  HIT:    4424110  MISS:     331111
BTB BRANCH_DIRECT_CALL	ACCESS:    3068764  HIT:    2651588  MISS:     417176
BTB BRANCH_INDIRECT_CALL	ACCESS:     724836  HIT:     677541  MISS:      47295
BTB BRANCH_RETURN	ACCESS:    3800236  HIT:    2556882  MISS:    1243354
BTB BRANCH_OTHER ACCESS:          0  HIT:          0  MISS:          0

L2C TOTAL     ACCESS:   33445702  HIT:   33222099  MISS:     223603  HIT %:    99.3314  MISS %:   0.668555   MPKI: 1.11801
L2C LOAD      ACCESS:   30177091  HIT:   30002081  MISS:     175010  HIT %:    99.4201  MISS %:   0.579943   MPKI: 0.87505
L2C DATA LOAD MPKI: 0.75523
L2C INSTRUCTION LOAD MPKI: 0.11982
L2C RFO       ACCESS:     372138  HIT:     343230  MISS:      28908  HIT %:    92.2319  MISS %:    7.76809   MPKI: 0.14454
L2C PREFETCH  ACCESS:    1680391  HIT:    1667390  MISS:      13001  HIT %:    99.2263  MISS %:   0.773689   MPKI: 0.065005
AGUS PREFETCH L1 MISS: 0
L2C DATA PREFETCH MPKI: 0.065005
L2C INSTRUCTION PREFETCH MPKI: 0
L2C WRITEBACK ACCESS:     800759  HIT:     800258  MISS:        501  HIT %:    99.9374  MISS %:  0.0625656   MPKI: 0.002505
L2C LOAD TRANSLATION ACCESS:     415323  HIT:     409140  MISS:       6183  HIT %:    98.5113  MISS %:    1.48872   MPKI: 0.030915
L2C PREFETCH  REQUESTED:          0  ISSUED:          0  USEFUL:       1325  USELESS:      12284
L2C USEFUL LOAD PREFETCHES:       1325 PREFETCH ISSUED TO LOWER LEVEL:      13447  ACCURACY: 9.8535
L2C TIMELY PREFETCHES:       1325 LATE PREFETCHES: 446 DROPPED PREFETCHES: 0
L2C PREFETCHES SAME FILL-ORIGIN LEVEL: 1722 DIFFERENT FILL-ORIGIN LEVEL: 0
L2C AVERAGE MISS LATENCY:    49.4567 cycles AVERAGE LOAD MISS LATENCY:     49.508 cycles Load Miss     175010
L2C Average MSHR Occupancy:  0.0220795
L2C RQ	ACCESS:   30964590	FORWARD:          0	MERGED:          0	TO_CACHE:   30964552
L2C WQ	ACCESS:     800759	FORWARD:         38	MERGED:          0	TO_CACHE:     800759
L2C PQ	ACCESS:    1681231	FORWARD:          0	MERGED:          0	TO_CACHE:    1681231

L2C Instructions Evicting Data 18385
L2C Translations Evicting Data 5263
L2C Data Evicting Data 168995
L2C Instructions Evicting Instructions 4888
L2C Translations Evicting Instructions 728
L2C Data Evicting Instructions 18585
L2C Instructions Evicting Translations 691
L2C Translations Evicting Translations 192
L2C Data Evicting Translations 5373
L2C Dense regions hint from L2: 0
PSCL5 TOTAL     ACCESS:     326936  HIT:     326936  MISS:          0  HIT %:        100  MISS %:          0   MPKI: 0
PSCL5 LOAD TRANSLATION ACCESS:     326936  HIT:     326936  MISS:          0  HIT %:        100  MISS %:          0   MPKI: 0
PSCL5 PREFETCH  REQUESTED:          0  ISSUED:          0  USEFUL:          0  USELESS:          0
PSCL5 USEFUL LOAD PREFETCHES:          0 PREFETCH ISSUED TO LOWER LEVEL:          0  ACCURACY: -nan
PSCL5 TIMELY PREFETCHES:          0 LATE PREFETCHES: 0 DROPPED PREFETCHES: 0
PSCL5 PREFETCHES SAME FILL-ORIGIN LEVEL: 0 DIFFERENT FILL-ORIGIN LEVEL: 0

PSCL4 TOTAL     ACCESS:     315929  HIT:     315109  MISS:        820  HIT %:    99.7404  MISS %:   0.259552   MPKI: 0.0041
PSCL4 LOAD TRANSLATION ACCESS:     315929  HIT:     315109  MISS:        820  HIT %:    99.7404  MISS %:   0.259552   MPKI: 0.0041
PSCL4 PREFETCH  REQUESTED:          0  ISSUED:          0  USEFUL:          0  USELESS:          0
PSCL4 USEFUL LOAD PREFETCHES:          0 PREFETCH ISSUED TO LOWER LEVEL:          0  ACCURACY: -nan
PSCL4 TIMELY PREFETCHES:          0 LATE PREFETCHES: 0 DROPPED PREFETCHES: 0
PSCL4 PREFETCHES SAME FILL-ORIGIN LEVEL: 0 DIFFERENT FILL-ORIGIN LEVEL: 0

PSCL3 TOTAL     ACCESS:     323814  HIT:     321155  MISS:       2659  HIT %:    99.1788  MISS %:    0.82115   MPKI: 0.013295
PSCL3 LOAD TRANSLATION ACCESS:     323814  HIT:     321155  MISS:       2659  HIT %:    99.1788  MISS %:    0.82115   MPKI: 0.013295
PSCL3 PREFETCH  REQUESTED:          0  ISSUED:          0  USEFUL:          0  USELESS:          0
PSCL3 USEFUL LOAD PREFETCHES:          0 PREFETCH ISSUED TO LOWER LEVEL:          0  ACCURACY: -nan
PSCL3 TIMELY PREFETCHES:          0 LATE PREFETCHES: 0 DROPPED PREFETCHES: 0
PSCL3 PREFETCHES SAME FILL-ORIGIN LEVEL: 0 DIFFERENT FILL-ORIGIN LEVEL: 0

PSCL2 TOTAL     ACCESS:     326936  HIT:     242028  MISS:      84908  HIT %:    74.0292  MISS %:    25.9708   MPKI: 0.42454
PSCL2 LOAD TRANSLATION ACCESS:     326936  HIT:     242028  MISS:      84908  HIT %:    74.0292  MISS %:    25.9708   MPKI: 0.42454
PSCL2 PREFETCH  REQUESTED:          0  ISSUED:          0  USEFUL:          0  USELESS:          0
PSCL2 USEFUL LOAD PREFETCHES:          0 PREFETCH ISSUED TO LOWER LEVEL:          0  ACCURACY: -nan
PSCL2 TIMELY PREFETCHES:          0 LATE PREFETCHES: 0 DROPPED PREFETCHES: 0
PSCL2 PREFETCHES SAME FILL-ORIGIN LEVEL: 0 DIFFERENT FILL-ORIGIN LEVEL: 0

LLC TOTAL     ACCESS:     351438  HIT:     344913  MISS:       6525  HIT %:    98.1433  MISS %:    1.85666   MPKI: 0.032625
LLC LOAD      ACCESS:     174564  HIT:     170060  MISS:       4504  HIT %:    97.4199  MISS %:    2.58014   MPKI: 0.02252
LLC RFO       ACCESS:      28908  HIT:      28142  MISS:        766  HIT %:    97.3502  MISS %:    2.64979   MPKI: 0.00383
LLC PREFETCH  ACCESS:      13447  HIT:      13045  MISS:        402  HIT %:    97.0105  MISS %:    2.98951   MPKI: 0.00201
AGUS PREFETCH L1 MISS: 0
LLC WRITEBACK ACCESS:     128336  HIT:     127652  MISS:        684  HIT %:     99.467  MISS %:   0.532976   MPKI: 0.00342
LLC LOAD TRANSLATION ACCESS:       6183  HIT:       6014  MISS:        169  HIT %:    97.2667  MISS %:     2.7333   MPKI: 0.000845
LLC PREFETCH  REQUESTED:          0  ISSUED:          0  USEFUL:        114  USELESS:        217
LLC USEFUL LOAD PREFETCHES:        114 PREFETCH ISSUED TO LOWER LEVEL:        402  ACCURACY: 28.3582
LLC TIMELY PREFETCHES:        114 LATE PREFETCHES: 0 DROPPED PREFETCHES: 0
LLC PREFETCHES SAME FILL-ORIGIN LEVEL: 0 DIFFERENT FILL-ORIGIN LEVEL: 0
LLC AVERAGE MISS LATENCY:    156.743 cycles AVERAGE LOAD MISS LATENCY:    175.052 cycles Load Miss       4504
LLC Average MSHR Occupancy: 0.00205942
LLC RQ	ACCESS:     209655	FORWARD:          0	MERGED:          0	TO_CACHE:     209655
LLC WQ	ACCESS:     128336	FORWARD:          0	MERGED:          0	TO_CACHE:     128336
LLC PQ	ACCESS:      13447	FORWARD:          0	MERGED:          0	TO_CACHE:      13447

LLC Dense regions hint to LLC: 0

RAW hits: 3888931
Loads Generated: 56179820
Loads sent to L1D: 52290887
Stores Generated: 18312360
Stores sent to L1D: 18312337
Major fault: 0 Minor fault: 4447
Allocated PAGES: 4447
CPU 0 L1D PC-based stride prefetcher final stats
Degree: 3
================ Mockingjay (LLC) Pollution Stats ================
Total pollution count in LLC: 453
==================================================================

DRAM Statistics
 CHANNEL 0
 RQ ROW_BUFFER_HIT:        606  ROW_BUFFER_MISS:       5235
 DBUS_CONGESTED:          3
 WQ ROW_BUFFER_HIT:        104  ROW_BUFFER_MISS:       3220  FULL:          0

 AVG_CONGESTED_CYCLE: 3
 All warmup complete: 2
Channel 0 Bank busy for read cycles: 0
Channel 0 Bank busy for write cycles: 0
Channel 0
Rank 0
0banks busy for read cycles: 492559652
0banks busy for write cycles: 2996
1banks busy for read cycles: 703240
1banks busy for write cycles: 442316
2banks busy for read cycles: 36724
2banks busy for write cycles: 19897
3banks busy for read cycles: 6804
3banks busy for write cycles: 4044
4banks busy for read cycles: 2511
4banks busy for write cycles: 2483
5banks busy for read cycles: 1260
5banks busy for write cycles: 885
6banks busy for read cycles: 331
6banks busy for write cycles: 188
7banks busy for read cycles: 19
7banks busy for write cycles: 0
8banks busy for read cycles: 0
8banks busy for write cycles: 0

CPU 0 Branch Prediction Accuracy: 99.859% MPKI: 0.309285 Average ROB Occupancy at Mispredict: 47.957
Branch types
NOT_BRANCH: 156144288 78.0721%
BRANCH_DIRECT_JUMP: 1821010 0.910505%
BRANCH_INDIRECT: 19663884 9.83194%
BRANCH_CONDITIONAL: 14776987 7.38849%
BRANCH_DIRECT_CALL: 3068764 1.53438%
BRANCH_INDIRECT_CALL: 724836 0.362418%
BRANCH_RETURN: 3800236 1.90012%
BRANCH_OTHER: 0 0%

===================== LRU L1D STATS =====================
Total pollution count in L1D: 2785681
=========================================================
================ SRRIP (L2C) Pollution Stats ================
Total pollution count in L2c: 326534
==================================================================
DRAM PAGES: 1048576
Allocated PAGES: 4447
