
*** ChampSim Multicore Out-of-Order Simulator ***

Warmup Instructions: 200000000
Simulation Instructions: 200000000
Number of CPUs: 1
LLC sets: 4096
LLC ways: 12
Off-chip DRAM Size: 4096 MB Channels: 1 Width: 64-bit Data Rate: 6400 MT/s
CPU 0 runs /home1/sweta/traces/qualcomm_traces/srv_11.champsimtrace.xz
.xz
BTB has LRU replacement policy
ITLB has LRU replacement policy
DTLB has LRU replacement policy
STLB has LRU replacement policy
L1I has LRU replacement policy
CPU 0 L1D IP-based stride prefetcher
L1D has LRU replacement policy
Initialize SRRIP state for L2C
Initialize Mockingjay state for LLC
Heartbeat CPU 0 instructions: 10000002 cycles: 2564350 heartbeat IPC: 3.89962 cumulative IPC: 3.89962 (Simulation time: 0 hr 0 min 28 sec) 
Heartbeat CPU 0 instructions: 20000000 cycles: 6525217 heartbeat IPC: 2.5247 cumulative IPC: 3.06503 (Simulation time: 0 hr 1 min 4 sec) 
Heartbeat CPU 0 instructions: 30000000 cycles: 8442266 heartbeat IPC: 5.21635 cumulative IPC: 3.55355 (Simulation time: 0 hr 1 min 28 sec) 
*** Reached end of trace for Core: 0 Repeating trace: /home1/sweta/traces/qualcomm_traces/srv_11.champsimtrace.xz
Heartbeat CPU 0 instructions: 40000001 cycles: 10808023 heartbeat IPC: 4.22698 cumulative IPC: 3.70095 (Simulation time: 0 hr 1 min 54 sec) 
Heartbeat CPU 0 instructions: 50000001 cycles: 14954685 heartbeat IPC: 2.41158 cumulative IPC: 3.34343 (Simulation time: 0 hr 2 min 32 sec) 
Heartbeat CPU 0 instructions: 60000000 cycles: 16883287 heartbeat IPC: 5.1851 cumulative IPC: 3.55381 (Simulation time: 0 hr 2 min 57 sec) 
*** Reached end of trace for Core: 0 Repeating trace: /home1/sweta/traces/qualcomm_traces/srv_11.champsimtrace.xz
Heartbeat CPU 0 instructions: 70000003 cycles: 18804982 heartbeat IPC: 5.20374 cumulative IPC: 3.72242 (Simulation time: 0 hr 3 min 21 sec) 
Heartbeat CPU 0 instructions: 80000002 cycles: 23233760 heartbeat IPC: 2.25796 cumulative IPC: 3.44327 (Simulation time: 0 hr 4 min 2 sec) 
Heartbeat CPU 0 instructions: 90000000 cycles: 25326289 heartbeat IPC: 4.77891 cumulative IPC: 3.55362 (Simulation time: 0 hr 4 min 28 sec) 
*** Reached end of trace for Core: 0 Repeating trace: /home1/sweta/traces/qualcomm_traces/srv_11.champsimtrace.xz
Heartbeat CPU 0 instructions: 100000004 cycles: 27245890 heartbeat IPC: 5.20942 cumulative IPC: 3.67028 (Simulation time: 0 hr 4 min 54 sec) 
Heartbeat CPU 0 instructions: 110000007 cycles: 31493611 heartbeat IPC: 2.3542 cumulative IPC: 3.49277 (Simulation time: 0 hr 5 min 34 sec) 
Heartbeat CPU 0 instructions: 120000000 cycles: 33769580 heartbeat IPC: 4.39373 cumulative IPC: 3.55349 (Simulation time: 0 hr 6 min 1 sec) 
*** Reached end of trace for Core: 0 Repeating trace: /home1/sweta/traces/qualcomm_traces/srv_11.champsimtrace.xz
Heartbeat CPU 0 instructions: 130000005 cycles: 35689420 heartbeat IPC: 5.20877 cumulative IPC: 3.64254 (Simulation time: 0 hr 6 min 26 sec) 
Heartbeat CPU 0 instructions: 140000002 cycles: 39754272 heartbeat IPC: 2.46011 cumulative IPC: 3.52163 (Simulation time: 0 hr 7 min 6 sec) 
Heartbeat CPU 0 instructions: 150000004 cycles: 42212829 heartbeat IPC: 4.06743 cumulative IPC: 3.55342 (Simulation time: 0 hr 7 min 34 sec) 
*** Reached end of trace for Core: 0 Repeating trace: /home1/sweta/traces/qualcomm_traces/srv_11.champsimtrace.xz
Heartbeat CPU 0 instructions: 160000000 cycles: 44132006 heartbeat IPC: 5.21056 cumulative IPC: 3.62549 (Simulation time: 0 hr 7 min 58 sec) 
Heartbeat CPU 0 instructions: 170000000 cycles: 48013151 heartbeat IPC: 2.57656 cumulative IPC: 3.5407 (Simulation time: 0 hr 8 min 33 sec) 
Heartbeat CPU 0 instructions: 180000000 cycles: 50655009 heartbeat IPC: 3.78521 cumulative IPC: 3.55345 (Simulation time: 0 hr 9 min 0 sec) 
*** Reached end of trace for Core: 0 Repeating trace: /home1/sweta/traces/qualcomm_traces/srv_11.champsimtrace.xz
Heartbeat CPU 0 instructions: 190000004 cycles: 52574462 heartbeat IPC: 5.20982 cumulative IPC: 3.61392 (Simulation time: 0 hr 9 min 24 sec) 
Heartbeat CPU 0 instructions: 200000000 cycles: 56273511 heartbeat IPC: 2.7034 cumulative IPC: 3.55407 (Simulation time: 0 hr 9 min 57 sec) 

Warmup complete CPU 0 instructions: 200000001 cycles: 56273512 (Simulation time: 0 hr 9 min 57 sec) 

Heartbeat CPU 0 instructions: 210000001 cycles: 81312001 heartbeat IPC: 0.399385 cumulative IPC: 0.399385 (Simulation time: 0 hr 10 min 32 sec) 
*** Reached end of trace for Core: 0 Repeating trace: /home1/sweta/traces/qualcomm_traces/srv_11.champsimtrace.xz
Heartbeat CPU 0 instructions: 220000004 cycles: 97775345 heartbeat IPC: 0.60741 cumulative IPC: 0.481907 (Simulation time: 0 hr 11 min 2 sec) 
Heartbeat CPU 0 instructions: 230000000 cycles: 129415236 heartbeat IPC: 0.316057 cumulative IPC: 0.410163 (Simulation time: 0 hr 11 min 44 sec) 
Heartbeat CPU 0 instructions: 240000002 cycles: 156162771 heartbeat IPC: 0.373866 cumulative IPC: 0.400443 (Simulation time: 0 hr 12 min 22 sec) 
*** Reached end of trace for Core: 0 Repeating trace: /home1/sweta/traces/qualcomm_traces/srv_11.champsimtrace.xz
Heartbeat CPU 0 instructions: 250000007 cycles: 172594869 heartbeat IPC: 0.608565 cumulative IPC: 0.429844 (Simulation time: 0 hr 12 min 52 sec) 
Heartbeat CPU 0 instructions: 260000000 cycles: 202486877 heartbeat IPC: 0.334537 cumulative IPC: 0.410359 (Simulation time: 0 hr 13 min 30 sec) 
Heartbeat CPU 0 instructions: 270000000 cycles: 231024237 heartbeat IPC: 0.350418 cumulative IPC: 0.400571 (Simulation time: 0 hr 14 min 7 sec) 
*** Reached end of trace for Core: 0 Repeating trace: /home1/sweta/traces/qualcomm_traces/srv_11.champsimtrace.xz
Heartbeat CPU 0 instructions: 280000002 cycles: 247345175 heartbeat IPC: 0.61271 cumulative IPC: 0.418691 (Simulation time: 0 hr 14 min 36 sec) 
Heartbeat CPU 0 instructions: 290000000 cycles: 275534978 heartbeat IPC: 0.354738 cumulative IPC: 0.410469 (Simulation time: 0 hr 15 min 13 sec) 
Heartbeat CPU 0 instructions: 300000000 cycles: 305727729 heartbeat IPC: 0.331205 cumulative IPC: 0.400875 (Simulation time: 0 hr 15 min 50 sec) 
*** Reached end of trace for Core: 0 Repeating trace: /home1/sweta/traces/qualcomm_traces/srv_11.champsimtrace.xz
Heartbeat CPU 0 instructions: 310000001 cycles: 322170655 heartbeat IPC: 0.608164 cumulative IPC: 0.413694 (Simulation time: 0 hr 16 min 20 sec) 
Heartbeat CPU 0 instructions: 320000004 cycles: 348554499 heartbeat IPC: 0.37902 cumulative IPC: 0.410564 (Simulation time: 0 hr 16 min 56 sec) 
Heartbeat CPU 0 instructions: 330000000 cycles: 380565220 heartbeat IPC: 0.312395 cumulative IPC: 0.400874 (Simulation time: 0 hr 17 min 35 sec) 
*** Reached end of trace for Core: 0 Repeating trace: /home1/sweta/traces/qualcomm_traces/srv_11.champsimtrace.xz
Heartbeat CPU 0 instructions: 340000006 cycles: 396705547 heartbeat IPC: 0.619567 cumulative IPC: 0.411242 (Simulation time: 0 hr 18 min 6 sec) 
Heartbeat CPU 0 instructions: 350000005 cycles: 421563593 heartbeat IPC: 0.402284 cumulative IPC: 0.410633 (Simulation time: 0 hr 18 min 43 sec) 
Heartbeat CPU 0 instructions: 360000000 cycles: 455263956 heartbeat IPC: 0.296733 cumulative IPC: 0.401012 (Simulation time: 0 hr 19 min 27 sec) 
*** Reached end of trace for Core: 0 Repeating trace: /home1/sweta/traces/qualcomm_traces/srv_11.champsimtrace.xz
Heartbeat CPU 0 instructions: 370000001 cycles: 471488711 heartbeat IPC: 0.616342 cumulative IPC: 0.409426 (Simulation time: 0 hr 19 min 58 sec) 
Heartbeat CPU 0 instructions: 380000002 cycles: 494572088 heartbeat IPC: 0.433212 cumulative IPC: 0.410679 (Simulation time: 0 hr 20 min 34 sec) 
Heartbeat CPU 0 instructions: 390000001 cycles: 530019926 heartbeat IPC: 0.282105 cumulative IPC: 0.401058 (Simulation time: 0 hr 21 min 17 sec) 
Heartbeat CPU 0 instructions: 400000006 cycles: 546350250 heartbeat IPC: 0.612358 cumulative IPC: 0.408099 (Simulation time: 0 hr 21 min 47 sec) 
Finished CPU 0 instructions: 200000005 cycles: 490076738 cumulative IPC: 0.408099 (Simulation time: 0 hr 21 min 47 sec) 

ChampSim completed all CPUs

Region of Interest Statistics

CPU 0 cumulative IPC: 0.408099 instructions: 200000005 cycles: 490076738
ITLB TOTAL     ACCESS:   25859609  HIT:   25336905  MISS:     522704  HIT %:    97.9787  MISS %:    2.02131   MPKI: 2.61352
ITLB LOAD TRANSLATION ACCESS:   25859609  HIT:   25336905  MISS:     522704  HIT %:    97.9787  MISS %:    2.02131   MPKI: 2.61352
ITLB PREFETCH  REQUESTED:          0  ISSUED:          0  USEFUL:          0  USELESS:          0
ITLB USEFUL LOAD PREFETCHES:          0 PREFETCH ISSUED TO LOWER LEVEL:          0  ACCURACY: -nan
ITLB TIMELY PREFETCHES:          0 LATE PREFETCHES: 0 DROPPED PREFETCHES: 0
ITLB PREFETCHES SAME FILL-ORIGIN LEVEL: 0 DIFFERENT FILL-ORIGIN LEVEL: 0
ITLB AVERAGE MISS LATENCY:    13.5295 cycles AVERAGE LOAD MISS LATENCY:       -nan cycles Load Miss          0
ITLB Average MSHR Occupancy:  0.0141087
ITLB RQ	ACCESS:   29247305	FORWARD:          0	MERGED:    2980579	TO_CACHE:   26266726

DTLB TOTAL     ACCESS:   40393957  HIT:   31031370  MISS:    9362587  HIT %:    76.8218  MISS %:    23.1782   MPKI: 46.8129
DTLB LOAD TRANSLATION ACCESS:   40393957  HIT:   31031370  MISS:    9362587  HIT %:    76.8218  MISS %:    23.1782   MPKI: 46.8129
DTLB PREFETCH  REQUESTED:          0  ISSUED:          0  USEFUL:          0  USELESS:          0
DTLB USEFUL LOAD PREFETCHES:          0 PREFETCH ISSUED TO LOWER LEVEL:          0  ACCURACY: -nan
DTLB TIMELY PREFETCHES:          0 LATE PREFETCHES: 0 DROPPED PREFETCHES: 0
DTLB PREFETCHES SAME FILL-ORIGIN LEVEL: 0 DIFFERENT FILL-ORIGIN LEVEL: 0
DTLB AVERAGE MISS LATENCY:    9.52337 cycles AVERAGE LOAD MISS LATENCY:       -nan cycles Load Miss          0
DTLB Average MSHR Occupancy:   0.166121
DTLB RQ	ACCESS:   56663302	FORWARD:          0	MERGED:   16047186	TO_CACHE:   40616116

STLB TOTAL     ACCESS:   11542267  HIT:   11237410  MISS:     304857  HIT %:    97.3588  MISS %:    2.64122   MPKI: 1.52428
STLB LOAD TRANSLATION ACCESS:    9885291  HIT:    9580434  MISS:     304857  HIT %:    96.9161  MISS %:    3.08395   MPKI: 1.52428
STLB TRANSLATION FROM L1D PREFETCHER ACCESS:    1656976  HIT:    1656976  MISS:          0  HIT %:        100  MISS %:          0   MPKI: 0
STLB PREFETCH  REQUESTED:          0  ISSUED:          0  USEFUL:          0  USELESS:          0
STLB USEFUL LOAD PREFETCHES:          0 PREFETCH ISSUED TO LOWER LEVEL:          0  ACCURACY: -nan
STLB TIMELY PREFETCHES:          0 LATE PREFETCHES: 0 DROPPED PREFETCHES: 0
STLB PREFETCHES SAME FILL-ORIGIN LEVEL: 0 DIFFERENT FILL-ORIGIN LEVEL: 0
STLB AVERAGE MISS LATENCY:    23.6749 cycles AVERAGE LOAD MISS LATENCY:       -nan cycles Load Miss          0
STLB Average MSHR Occupancy:  0.0157983
STLB RQ	ACCESS:   14567520	FORWARD:          0	MERGED:    3025253	TO_CACHE:   11542267

STLB Hit, L1D data hit: 0
STLB Hit, L2C data hit: 0
STLB Hit, LLC data hit: 0
STLB Hit, LLC data miss: 0
STLB STLB hints to L2: 0
L1D TOTAL     ACCESS:   60738201  HIT:   46805067  MISS:   13933134  HIT %:    77.0603  MISS %:    22.9397   MPKI: 69.6657
L1D LOAD      ACCESS:   39074902  HIT:   27012073  MISS:   12062829  HIT %:     69.129  MISS %:     30.871   MPKI: 60.3141
L1D RFO       ACCESS:   17273612  HIT:   16903521  MISS:     370091  HIT %:    97.8575  MISS %:    2.14252   MPKI: 1.85045
L1D PREFETCH  ACCESS:    4389687  HIT:    2889473  MISS:    1500214  HIT %:    65.8241  MISS %:    34.1759   MPKI: 7.50107
AGUS PREFETCH L1 MISS: 0
L1D PREFETCH  REQUESTED:    9602170  ISSUED:    9527010  USEFUL:     474730  USELESS:    1025493
L1D USEFUL LOAD PREFETCHES:     474730 PREFETCH ISSUED TO LOWER LEVEL:    1715744  ACCURACY: 27.669
L1D TIMELY PREFETCHES:     474730 LATE PREFETCHES: 213782 DROPPED PREFETCHES: 0
L1D PREFETCHES SAME FILL-ORIGIN LEVEL: 1713996 DIFFERENT FILL-ORIGIN LEVEL: 1748
L1D AVERAGE MISS LATENCY:    15.8027 cycles AVERAGE LOAD MISS LATENCY:    15.6696 cycles Load Miss   12062829
L1D Average MSHR Occupancy:   0.492318
L1D RQ	ACCESS:   53161937	FORWARD:          0	MERGED:   13770495	TO_CACHE:   39110497
L1D WQ	ACCESS:   17954184	FORWARD:     281170	MERGED:     401379	TO_CACHE:   17552805
L1D PQ	ACCESS:    4844781	FORWARD:          0	MERGED:     162327	TO_CACHE:    4682229

L1D UNIQUE REGIONS ACCESSED: 0
L1D REGIONS CONFLICTS: 0
L1D Cross Page Prefetch Requests: 0
L1D Same Page Prefetch Requests: 9843008
L1D ROI Sum of L1D PQ occupancy: 62588440
L1D PREFETCHES PUSHED FROM L2C: 0
L1I TOTAL     ACCESS:   28357263  HIT:   13209469  MISS:   15147794  HIT %:    46.5823  MISS %:    53.4177   MPKI: 75.739
L1I LOAD      ACCESS:   28357263  HIT:   13209469  MISS:   15147794  HIT %:    46.5823  MISS %:    53.4177   MPKI: 75.739
L1I PREFETCH  REQUESTED:          0  ISSUED:          0  USEFUL:          0  USELESS:          0
L1I USEFUL LOAD PREFETCHES:          0 PREFETCH ISSUED TO LOWER LEVEL:          0  ACCURACY: -nan
L1I TIMELY PREFETCHES:          0 LATE PREFETCHES: 0 DROPPED PREFETCHES: 0
L1I PREFETCHES SAME FILL-ORIGIN LEVEL: 0 DIFFERENT FILL-ORIGIN LEVEL: 0
L1I AVERAGE MISS LATENCY:     14.149 cycles AVERAGE LOAD MISS LATENCY:     14.149 cycles Load Miss   15147794
L1I Average MSHR Occupancy:   0.427787
L1I RQ	ACCESS:   54367243	FORWARD:          0	MERGED:   25119938	TO_CACHE:   29247305

BTB TOTAL     ACCESS:   34180216  HIT:   29709697  MISS:    4470519  HIT %:    86.9207  MISS %:    13.0793   MPKI: 22.3526
BTB BRANCH_DIRECT_JUMP	ACCESS:    1684879  HIT:    1489339  MISS:     195540
BTB BRANCH_INDIRECT	ACCESS:   20409141  HIT:   18057259  MISS:    2351882
BTB BRANCH_CONDITIONAL	ACCESS:    4581943  HIT:    4271541  MISS:     310402
BTB BRANCH_DIRECT_CALL	ACCESS:    3024207  HIT:    2641469  MISS:     382738
BTB BRANCH_INDIRECT_CALL	ACCESS:     725566  HIT:     684411  MISS:      41155
BTB BRANCH_RETURN	ACCESS:    3754480  HIT:    2565678  MISS:    1188802
BTB BRANCH_OTHER ACCESS:          0  HIT:          0  MISS:          0

L2C TOTAL     ACCESS:   30264597  HIT:   30050176  MISS:     214421  HIT %:    99.2915  MISS %:   0.708488   MPKI: 1.0721
L2C LOAD      ACCESS:   26996786  HIT:   26827600  MISS:     169186  HIT %:    99.3733  MISS %:   0.626689   MPKI: 0.84593
L2C DATA LOAD MPKI: 0.73994
L2C INSTRUCTION LOAD MPKI: 0.10599
L2C RFO       ACCESS:     370091  HIT:     341207  MISS:      28884  HIT %:    92.1954  MISS %:    7.80457   MPKI: 0.14442
L2C PREFETCH  ACCESS:    1714911  HIT:    1704235  MISS:      10676  HIT %:    99.3775  MISS %:    0.62254   MPKI: 0.05338
AGUS PREFETCH L1 MISS: 0
L2C DATA PREFETCH MPKI: 0.05338
L2C INSTRUCTION PREFETCH MPKI: 0
L2C WRITEBACK ACCESS:     796370  HIT:     795889  MISS:        481  HIT %:    99.9396  MISS %:  0.0603991   MPKI: 0.002405
L2C LOAD TRANSLATION ACCESS:     386439  HIT:     381245  MISS:       5194  HIT %:    98.6559  MISS %:    1.34407   MPKI: 0.02597
L2C PREFETCH  REQUESTED:          0  ISSUED:          0  USEFUL:       1202  USELESS:       9541
L2C USEFUL LOAD PREFETCHES:       1202 PREFETCH ISSUED TO LOWER LEVEL:      11383  ACCURACY: 10.5596
L2C TIMELY PREFETCHES:       1202 LATE PREFETCHES: 707 DROPPED PREFETCHES: 0
L2C PREFETCHES SAME FILL-ORIGIN LEVEL: 1470 DIFFERENT FILL-ORIGIN LEVEL: 0
L2C AVERAGE MISS LATENCY:    50.9566 cycles AVERAGE LOAD MISS LATENCY:    50.8207 cycles Load Miss     169186
L2C Average MSHR Occupancy:  0.0220086
L2C RQ	ACCESS:   27753370	FORWARD:          0	MERGED:          0	TO_CACHE:   27753316
L2C WQ	ACCESS:     796370	FORWARD:         54	MERGED:          0	TO_CACHE:     796370
L2C PQ	ACCESS:    1715744	FORWARD:          0	MERGED:          0	TO_CACHE:    1715744

L2C Instructions Evicting Data 17416
L2C Translations Evicting Data 4522
L2C Data Evicting Data 165654
L2C Instructions Evicting Instructions 3223
L2C Translations Evicting Instructions 522
L2C Data Evicting Instructions 17417
L2C Instructions Evicting Translations 559
L2C Translations Evicting Translations 150
L2C Data Evicting Translations 4477
L2C Dense regions hint from L2: 0
PSCL5 TOTAL     ACCESS:     304857  HIT:     304857  MISS:          0  HIT %:        100  MISS %:          0   MPKI: 0
PSCL5 LOAD TRANSLATION ACCESS:     304857  HIT:     304857  MISS:          0  HIT %:        100  MISS %:          0   MPKI: 0
PSCL5 PREFETCH  REQUESTED:          0  ISSUED:          0  USEFUL:          0  USELESS:          0
PSCL5 USEFUL LOAD PREFETCHES:          0 PREFETCH ISSUED TO LOWER LEVEL:          0  ACCURACY: -nan
PSCL5 TIMELY PREFETCHES:          0 LATE PREFETCHES: 0 DROPPED PREFETCHES: 0
PSCL5 PREFETCHES SAME FILL-ORIGIN LEVEL: 0 DIFFERENT FILL-ORIGIN LEVEL: 0

PSCL4 TOTAL     ACCESS:     285732  HIT:     284999  MISS:        733  HIT %:    99.7435  MISS %:   0.256534   MPKI: 0.003665
PSCL4 LOAD TRANSLATION ACCESS:     285732  HIT:     284999  MISS:        733  HIT %:    99.7435  MISS %:   0.256534   MPKI: 0.003665
PSCL4 PREFETCH  REQUESTED:          0  ISSUED:          0  USEFUL:          0  USELESS:          0
PSCL4 USEFUL LOAD PREFETCHES:          0 PREFETCH ISSUED TO LOWER LEVEL:          0  ACCURACY: -nan
PSCL4 TIMELY PREFETCHES:          0 LATE PREFETCHES: 0 DROPPED PREFETCHES: 0
PSCL4 PREFETCHES SAME FILL-ORIGIN LEVEL: 0 DIFFERENT FILL-ORIGIN LEVEL: 0

PSCL3 TOTAL     ACCESS:     302661  HIT:     300327  MISS:       2334  HIT %:    99.2288  MISS %:    0.77116   MPKI: 0.01167
PSCL3 LOAD TRANSLATION ACCESS:     302661  HIT:     300327  MISS:       2334  HIT %:    99.2288  MISS %:    0.77116   MPKI: 0.01167
PSCL3 PREFETCH  REQUESTED:          0  ISSUED:          0  USEFUL:          0  USELESS:          0
PSCL3 USEFUL LOAD PREFETCHES:          0 PREFETCH ISSUED TO LOWER LEVEL:          0  ACCURACY: -nan
PSCL3 TIMELY PREFETCHES:          0 LATE PREFETCHES: 0 DROPPED PREFETCHES: 0
PSCL3 PREFETCHES SAME FILL-ORIGIN LEVEL: 0 DIFFERENT FILL-ORIGIN LEVEL: 0

PSCL2 TOTAL     ACCESS:     304857  HIT:     226342  MISS:      78515  HIT %:    74.2453  MISS %:    25.7547   MPKI: 0.392575
PSCL2 LOAD TRANSLATION ACCESS:     304857  HIT:     226342  MISS:      78515  HIT %:    74.2453  MISS %:    25.7547   MPKI: 0.392575
PSCL2 PREFETCH  REQUESTED:          0  ISSUED:          0  USEFUL:          0  USELESS:          0
PSCL2 USEFUL LOAD PREFETCHES:          0 PREFETCH ISSUED TO LOWER LEVEL:          0  ACCURACY: -nan
PSCL2 TIMELY PREFETCHES:          0 LATE PREFETCHES: 0 DROPPED PREFETCHES: 0
PSCL2 PREFETCHES SAME FILL-ORIGIN LEVEL: 0 DIFFERENT FILL-ORIGIN LEVEL: 0

LLC TOTAL     ACCESS:     346264  HIT:     337790  MISS:       8474  HIT %:    97.5527  MISS %:    2.44727   MPKI: 0.04237
LLC LOAD      ACCESS:     168479  HIT:     162744  MISS:       5735  HIT %:     96.596  MISS %:    3.40399   MPKI: 0.028675
LLC RFO       ACCESS:      28884  HIT:      28025  MISS:        859  HIT %:     97.026  MISS %:    2.97396   MPKI: 0.004295
LLC PREFETCH  ACCESS:      11383  HIT:      10485  MISS:        898  HIT %:     92.111  MISS %:    7.88896   MPKI: 0.00449
AGUS PREFETCH L1 MISS: 0
LLC WRITEBACK ACCESS:     132324  HIT:     131535  MISS:        789  HIT %:    99.4037  MISS %:   0.596264   MPKI: 0.003945
LLC LOAD TRANSLATION ACCESS:       5194  HIT:       5001  MISS:        193  HIT %:    96.2842  MISS %:    3.71583   MPKI: 0.000965
LLC PREFETCH  REQUESTED:          0  ISSUED:          0  USEFUL:        165  USELESS:        240
LLC USEFUL LOAD PREFETCHES:        165 PREFETCH ISSUED TO LOWER LEVEL:        898  ACCURACY: 18.3742
LLC TIMELY PREFETCHES:        165 LATE PREFETCHES: 0 DROPPED PREFETCHES: 0
LLC PREFETCHES SAME FILL-ORIGIN LEVEL: 0 DIFFERENT FILL-ORIGIN LEVEL: 0
LLC AVERAGE MISS LATENCY:    154.259 cycles AVERAGE LOAD MISS LATENCY:      172.5 cycles Load Miss       5735
LLC Average MSHR Occupancy: 0.00265163
LLC RQ	ACCESS:     202557	FORWARD:          0	MERGED:          0	TO_CACHE:     202557
LLC WQ	ACCESS:     132324	FORWARD:          0	MERGED:          0	TO_CACHE:     132324
LLC PQ	ACCESS:      11383	FORWARD:          0	MERGED:          0	TO_CACHE:      11383

LLC Dense regions hint to LLC: 0

RAW hits: 3786190
Loads Generated: 56948127
Loads sent to L1D: 53161937
Stores Generated: 17954184
Stores sent to L1D: 17954184
Major fault: 0 Minor fault: 4241
Allocated PAGES: 4241
CPU 0 L1D PC-based stride prefetcher final stats
Degree: 3
================ Mockingjay (LLC) Pollution Stats ================
Total pollution count in LLC: 409
==================================================================

DRAM Statistics
 CHANNEL 0
 RQ ROW_BUFFER_HIT:       1192  ROW_BUFFER_MISS:       6493
 DBUS_CONGESTED:          2
 WQ ROW_BUFFER_HIT:        179  ROW_BUFFER_MISS:       4054  FULL:          0

 AVG_CONGESTED_CYCLE: 2
 All warmup complete: 2
Channel 0 Bank busy for read cycles: 0
Channel 0 Bank busy for write cycles: 0
Channel 0
Rank 0
0banks busy for read cycles: 488570218
0banks busy for write cycles: 3605
1banks busy for read cycles: 834510
1banks busy for write cycles: 531891
2banks busy for read cycles: 66249
2banks busy for write cycles: 35012
3banks busy for read cycles: 14986
3banks busy for write cycles: 7632
4banks busy for read cycles: 3610
4banks busy for write cycles: 3289
5banks busy for read cycles: 926
5banks busy for write cycles: 2537
6banks busy for read cycles: 358
6banks busy for write cycles: 1176
7banks busy for read cycles: 53
7banks busy for write cycles: 687
8banks busy for read cycles: 0
8banks busy for write cycles: 0

CPU 0 Branch Prediction Accuracy: 99.8742% MPKI: 0.277615 Average ROB Occupancy at Mispredict: 56.9464
Branch types
NOT_BRANCH: 155858578 77.9293%
BRANCH_DIRECT_JUMP: 1684879 0.842439%
BRANCH_INDIRECT: 20409141 10.2046%
BRANCH_CONDITIONAL: 14542621 7.27131%
BRANCH_DIRECT_CALL: 3024207 1.5121%
BRANCH_INDIRECT_CALL: 725566 0.362783%
BRANCH_RETURN: 3754480 1.87724%
BRANCH_OTHER: 0 0%

===================== LRU L1D STATS =====================
Total pollution count in L1D: 2942543
=========================================================
================ SRRIP (L2C) Pollution Stats ================
Total pollution count in L2c: 319443
==================================================================
DRAM PAGES: 1048576
Allocated PAGES: 4241
