
*** ChampSim Multicore Out-of-Order Simulator ***

Warmup Instructions: 200000000
Simulation Instructions: 200000000
Number of CPUs: 1
LLC sets: 4096
LLC ways: 12
Off-chip DRAM Size: 4096 MB Channels: 1 Width: 64-bit Data Rate: 6400 MT/s
CPU 0 runs /home1/sweta/traces/qualcomm_traces/srv_49.champsimtrace.xz
.xz
BTB has LRU replacement policy
ITLB has LRU replacement policy
DTLB has LRU replacement policy
STLB has LRU replacement policy
L1I has LRU replacement policy
CPU 0 L1D IP-based stride prefetcher
L1D has LRU replacement policy
Initialize SRRIP state for L2C
Initialize Mockingjay state for LLC
Heartbeat CPU 0 instructions: 10000006 cycles: 2174078 heartbeat IPC: 4.59965 cumulative IPC: 4.59965 (Simulation time: 0 hr 0 min 23 sec) 
Heartbeat CPU 0 instructions: 20000000 cycles: 4402932 heartbeat IPC: 4.48661 cumulative IPC: 4.54243 (Simulation time: 0 hr 0 min 48 sec) 
Heartbeat CPU 0 instructions: 30000005 cycles: 6625303 heartbeat IPC: 4.4997 cumulative IPC: 4.5281 (Simulation time: 0 hr 1 min 13 sec) 
*** Reached end of trace for Core: 0 Repeating trace: /home1/sweta/traces/qualcomm_traces/srv_49.champsimtrace.xz
Heartbeat CPU 0 instructions: 40000003 cycles: 8790107 heartbeat IPC: 4.61935 cumulative IPC: 4.55057 (Simulation time: 0 hr 1 min 36 sec) 
Heartbeat CPU 0 instructions: 50000007 cycles: 11026850 heartbeat IPC: 4.47079 cumulative IPC: 4.53439 (Simulation time: 0 hr 2 min 2 sec) 
Heartbeat CPU 0 instructions: 60000004 cycles: 13199641 heartbeat IPC: 4.60237 cumulative IPC: 4.54558 (Simulation time: 0 hr 2 min 30 sec) 
*** Reached end of trace for Core: 0 Repeating trace: /home1/sweta/traces/qualcomm_traces/srv_49.champsimtrace.xz
Heartbeat CPU 0 instructions: 70000004 cycles: 15421189 heartbeat IPC: 4.50137 cumulative IPC: 4.53921 (Simulation time: 0 hr 2 min 54 sec) 
Heartbeat CPU 0 instructions: 80000006 cycles: 17630023 heartbeat IPC: 4.52728 cumulative IPC: 4.53771 (Simulation time: 0 hr 3 min 18 sec) 
Heartbeat CPU 0 instructions: 90000000 cycles: 19785915 heartbeat IPC: 4.63845 cumulative IPC: 4.54869 (Simulation time: 0 hr 3 min 42 sec) 
*** Reached end of trace for Core: 0 Repeating trace: /home1/sweta/traces/qualcomm_traces/srv_49.champsimtrace.xz
Heartbeat CPU 0 instructions: 100000004 cycles: 22048549 heartbeat IPC: 4.41963 cumulative IPC: 4.53545 (Simulation time: 0 hr 4 min 7 sec) 
Heartbeat CPU 0 instructions: 110000001 cycles: 24211845 heartbeat IPC: 4.62257 cumulative IPC: 4.54323 (Simulation time: 0 hr 4 min 30 sec) 
Heartbeat CPU 0 instructions: 120000005 cycles: 26417293 heartbeat IPC: 4.53423 cumulative IPC: 4.54248 (Simulation time: 0 hr 4 min 53 sec) 
*** Reached end of trace for Core: 0 Repeating trace: /home1/sweta/traces/qualcomm_traces/srv_49.champsimtrace.xz
Heartbeat CPU 0 instructions: 130000001 cycles: 28660499 heartbeat IPC: 4.4579 cumulative IPC: 4.53586 (Simulation time: 0 hr 5 min 17 sec) 
Heartbeat CPU 0 instructions: 140000000 cycles: 30784858 heartbeat IPC: 4.7073 cumulative IPC: 4.54769 (Simulation time: 0 hr 5 min 38 sec) 
Heartbeat CPU 0 instructions: 150000003 cycles: 33011085 heartbeat IPC: 4.49191 cumulative IPC: 4.54393 (Simulation time: 0 hr 6 min 1 sec) 
*** Reached end of trace for Core: 0 Repeating trace: /home1/sweta/traces/qualcomm_traces/srv_49.champsimtrace.xz
Heartbeat CPU 0 instructions: 160000007 cycles: 35239732 heartbeat IPC: 4.48703 cumulative IPC: 4.54033 (Simulation time: 0 hr 6 min 23 sec) 
Heartbeat CPU 0 instructions: 170000006 cycles: 37380406 heartbeat IPC: 4.67143 cumulative IPC: 4.54784 (Simulation time: 0 hr 6 min 43 sec) 
Heartbeat CPU 0 instructions: 180000000 cycles: 39613357 heartbeat IPC: 4.47838 cumulative IPC: 4.54392 (Simulation time: 0 hr 7 min 6 sec) 
*** Reached end of trace for Core: 0 Repeating trace: /home1/sweta/traces/qualcomm_traces/srv_49.champsimtrace.xz
Heartbeat CPU 0 instructions: 190000001 cycles: 41818262 heartbeat IPC: 4.53534 cumulative IPC: 4.54347 (Simulation time: 0 hr 7 min 27 sec) 
Heartbeat CPU 0 instructions: 200000004 cycles: 43983820 heartbeat IPC: 4.61775 cumulative IPC: 4.54713 (Simulation time: 0 hr 7 min 47 sec) 

Warmup complete CPU 0 instructions: 200000004 cycles: 43983820 (Simulation time: 0 hr 7 min 47 sec) 

Heartbeat CPU 0 instructions: 210000000 cycles: 64098805 heartbeat IPC: 0.497142 cumulative IPC: 0.497142 (Simulation time: 0 hr 8 min 13 sec) 
*** Reached end of trace for Core: 0 Repeating trace: /home1/sweta/traces/qualcomm_traces/srv_49.champsimtrace.xz
Heartbeat CPU 0 instructions: 220000002 cycles: 82893974 heartbeat IPC: 0.532052 cumulative IPC: 0.514005 (Simulation time: 0 hr 8 min 40 sec) 
Heartbeat CPU 0 instructions: 230000002 cycles: 101164896 heartbeat IPC: 0.547318 cumulative IPC: 0.524649 (Simulation time: 0 hr 9 min 5 sec) 
Heartbeat CPU 0 instructions: 240000007 cycles: 121272652 heartbeat IPC: 0.497321 cumulative IPC: 0.517539 (Simulation time: 0 hr 9 min 32 sec) 
*** Reached end of trace for Core: 0 Repeating trace: /home1/sweta/traces/qualcomm_traces/srv_49.champsimtrace.xz
Heartbeat CPU 0 instructions: 250000005 cycles: 140611414 heartbeat IPC: 0.517096 cumulative IPC: 0.517451 (Simulation time: 0 hr 9 min 59 sec) 
Heartbeat CPU 0 instructions: 260000000 cycles: 158107869 heartbeat IPC: 0.571544 cumulative IPC: 0.525744 (Simulation time: 0 hr 10 min 25 sec) 
Heartbeat CPU 0 instructions: 270000000 cycles: 179834471 heartbeat IPC: 0.460265 cumulative IPC: 0.515272 (Simulation time: 0 hr 10 min 53 sec) 
*** Reached end of trace for Core: 0 Repeating trace: /home1/sweta/traces/qualcomm_traces/srv_49.champsimtrace.xz
Heartbeat CPU 0 instructions: 280000004 cycles: 197976220 heartbeat IPC: 0.551215 cumulative IPC: 0.519506 (Simulation time: 0 hr 11 min 19 sec) 
Heartbeat CPU 0 instructions: 290000001 cycles: 215727521 heartbeat IPC: 0.563339 cumulative IPC: 0.524037 (Simulation time: 0 hr 11 min 45 sec) 
Heartbeat CPU 0 instructions: 300000001 cycles: 237231596 heartbeat IPC: 0.465028 cumulative IPC: 0.51747 (Simulation time: 0 hr 12 min 11 sec) 
Heartbeat CPU 0 instructions: 310000000 cycles: 255648075 heartbeat IPC: 0.542992 cumulative IPC: 0.519691 (Simulation time: 0 hr 12 min 37 sec) 
*** Reached end of trace for Core: 0 Repeating trace: /home1/sweta/traces/qualcomm_traces/srv_49.champsimtrace.xz
Heartbeat CPU 0 instructions: 320000002 cycles: 273441749 heartbeat IPC: 0.561998 cumulative IPC: 0.522972 (Simulation time: 0 hr 13 min 2 sec) 
Heartbeat CPU 0 instructions: 330000000 cycles: 295254245 heartbeat IPC: 0.458453 cumulative IPC: 0.517371 (Simulation time: 0 hr 13 min 28 sec) 
Heartbeat CPU 0 instructions: 340000002 cycles: 313478603 heartbeat IPC: 0.548716 cumulative IPC: 0.519491 (Simulation time: 0 hr 13 min 54 sec) 
*** Reached end of trace for Core: 0 Repeating trace: /home1/sweta/traces/qualcomm_traces/srv_49.champsimtrace.xz
Heartbeat CPU 0 instructions: 350000005 cycles: 332449728 heartbeat IPC: 0.527117 cumulative IPC: 0.519992 (Simulation time: 0 hr 14 min 20 sec) 
Heartbeat CPU 0 instructions: 360000000 cycles: 353976502 heartbeat IPC: 0.464538 cumulative IPC: 0.516141 (Simulation time: 0 hr 14 min 47 sec) 
Heartbeat CPU 0 instructions: 370000003 cycles: 371412733 heartbeat IPC: 0.573519 cumulative IPC: 0.519197 (Simulation time: 0 hr 15 min 12 sec) 
*** Reached end of trace for Core: 0 Repeating trace: /home1/sweta/traces/qualcomm_traces/srv_49.champsimtrace.xz
Heartbeat CPU 0 instructions: 380000001 cycles: 391329063 heartbeat IPC: 0.5021 cumulative IPC: 0.518216 (Simulation time: 0 hr 15 min 38 sec) 
Heartbeat CPU 0 instructions: 390000007 cycles: 409851615 heartbeat IPC: 0.539883 cumulative IPC: 0.519313 (Simulation time: 0 hr 16 min 4 sec) 
Heartbeat CPU 0 instructions: 400000001 cycles: 429742115 heartbeat IPC: 0.502752 cumulative IPC: 0.518459 (Simulation time: 0 hr 16 min 29 sec) 
Finished CPU 0 instructions: 200000005 cycles: 385758296 cumulative IPC: 0.518459 (Simulation time: 0 hr 16 min 29 sec) 

ChampSim completed all CPUs

Region of Interest Statistics

CPU 0 cumulative IPC: 0.518459 instructions: 200000005 cycles: 385758296
ITLB TOTAL     ACCESS:   26381637  HIT:   25333462  MISS:    1048175  HIT %:    96.0269  MISS %:    3.97312   MPKI: 5.24087
ITLB LOAD TRANSLATION ACCESS:   26381637  HIT:   25333462  MISS:    1048175  HIT %:    96.0269  MISS %:    3.97312   MPKI: 5.24087
ITLB PREFETCH  REQUESTED:          0  ISSUED:          0  USEFUL:          0  USELESS:          0
ITLB USEFUL LOAD PREFETCHES:          0 PREFETCH ISSUED TO LOWER LEVEL:          0  ACCURACY: -nan
ITLB TIMELY PREFETCHES:          0 LATE PREFETCHES: 0 DROPPED PREFETCHES: 0
ITLB PREFETCHES SAME FILL-ORIGIN LEVEL: 0 DIFFERENT FILL-ORIGIN LEVEL: 0
ITLB AVERAGE MISS LATENCY:     9.6658 cycles AVERAGE LOAD MISS LATENCY:       -nan cycles Load Miss          0
ITLB Average MSHR Occupancy:  0.0238034
ITLB RQ	ACCESS:   30721285	FORWARD:          0	MERGED:    3626303	TO_CACHE:   27094982

DTLB TOTAL     ACCESS:   37364784  HIT:   36297494  MISS:    1067290  HIT %:    97.1436  MISS %:    2.85641   MPKI: 5.33645
DTLB LOAD TRANSLATION ACCESS:   37364784  HIT:   36297494  MISS:    1067290  HIT %:    97.1436  MISS %:    2.85641   MPKI: 5.33645
DTLB PREFETCH  REQUESTED:          0  ISSUED:          0  USEFUL:          0  USELESS:          0
DTLB USEFUL LOAD PREFETCHES:          0 PREFETCH ISSUED TO LOWER LEVEL:          0  ACCURACY: -nan
DTLB TIMELY PREFETCHES:          0 LATE PREFETCHES: 0 DROPPED PREFETCHES: 0
DTLB PREFETCHES SAME FILL-ORIGIN LEVEL: 0 DIFFERENT FILL-ORIGIN LEVEL: 0
DTLB AVERAGE MISS LATENCY:    12.8414 cycles AVERAGE LOAD MISS LATENCY:       -nan cycles Load Miss          0
DTLB Average MSHR Occupancy:  0.0337896
DTLB RQ	ACCESS:   54273112	FORWARD:          0	MERGED:   16832707	TO_CACHE:   37440405

STLB TOTAL     ACCESS:    2253607  HIT:    2164685  MISS:      88922  HIT %:    96.0542  MISS %:    3.94576   MPKI: 0.44461
STLB LOAD TRANSLATION ACCESS:    2115465  HIT:    2026543  MISS:      88922  HIT %:    95.7966  MISS %:    4.20343   MPKI: 0.44461
STLB TRANSLATION FROM L1D PREFETCHER ACCESS:     138142  HIT:     138142  MISS:          0  HIT %:        100  MISS %:          0   MPKI: 0
STLB PREFETCH  REQUESTED:          0  ISSUED:          0  USEFUL:          0  USELESS:          0
STLB USEFUL LOAD PREFETCHES:          0 PREFETCH ISSUED TO LOWER LEVEL:          0  ACCURACY: -nan
STLB TIMELY PREFETCHES:          0 LATE PREFETCHES: 0 DROPPED PREFETCHES: 0
STLB PREFETCHES SAME FILL-ORIGIN LEVEL: 0 DIFFERENT FILL-ORIGIN LEVEL: 0
STLB AVERAGE MISS LATENCY:    53.7606 cycles AVERAGE LOAD MISS LATENCY:       -nan cycles Load Miss          0
STLB Average MSHR Occupancy:  0.0129399
STLB RQ	ACCESS:    2511662	FORWARD:          0	MERGED:     258055	TO_CACHE:    2253607

STLB Hit, L1D data hit: 0
STLB Hit, L2C data hit: 0
STLB Hit, LLC data hit: 0
STLB Hit, LLC data miss: 0
STLB STLB hints to L2: 0
L1D TOTAL     ACCESS:   53119995  HIT:   50851618  MISS:    2268377  HIT %:    95.7297  MISS %:    4.27029   MPKI: 11.3419
L1D LOAD      ACCESS:   31446078  HIT:   29967370  MISS:    1478708  HIT %:    95.2976  MISS %:    4.70236   MPKI: 7.39354
L1D RFO       ACCESS:   21313523  HIT:   20586722  MISS:     726801  HIT %:      96.59  MISS %:    3.41005   MPKI: 3.634
L1D PREFETCH  ACCESS:     360394  HIT:     297526  MISS:      62868  HIT %:    82.5558  MISS %:    17.4442   MPKI: 0.31434
AGUS PREFETCH L1 MISS: 0
L1D PREFETCH  REQUESTED:     909502  ISSUED:     908973  USEFUL:      41493  USELESS:      21384
L1D USEFUL LOAD PREFETCHES:      41493 PREFETCH ISSUED TO LOWER LEVEL:      80448  ACCURACY: 51.5774
L1D TIMELY PREFETCHES:      41493 LATE PREFETCHES: 6540 DROPPED PREFETCHES: 0
L1D PREFETCHES SAME FILL-ORIGIN LEVEL: 69495 DIFFERENT FILL-ORIGIN LEVEL: 10953
L1D AVERAGE MISS LATENCY:    33.5963 cycles AVERAGE LOAD MISS LATENCY:    32.4998 cycles Load Miss    1478708
L1D Average MSHR Occupancy:   0.208755
L1D RQ	ACCESS:   48885946	FORWARD:          0	MERGED:   17217322	TO_CACHE:   31504875
L1D WQ	ACCESS:   23289272	FORWARD:     163838	MERGED:     521035	TO_CACHE:   22768237
L1D PQ	ACCESS:     512776	FORWARD:          0	MERGED:     116490	TO_CACHE:     396197

L1D UNIQUE REGIONS ACCESSED: 0
L1D REGIONS CONFLICTS: 0
L1D Cross Page Prefetch Requests: 0
L1D Same Page Prefetch Requests: 1088473
L1D ROI Sum of L1D PQ occupancy: 5229469
L1D PREFETCHES PUSHED FROM L2C: 0
L1I TOTAL     ACCESS:   29975242  HIT:   14055562  MISS:   15919680  HIT %:    46.8906  MISS %:    53.1094   MPKI: 79.5984
L1I LOAD      ACCESS:   29975242  HIT:   14055562  MISS:   15919680  HIT %:    46.8906  MISS %:    53.1094   MPKI: 79.5984
L1I PREFETCH  REQUESTED:          0  ISSUED:          0  USEFUL:          0  USELESS:          0
L1I USEFUL LOAD PREFETCHES:          0 PREFETCH ISSUED TO LOWER LEVEL:          0  ACCURACY: -nan
L1I TIMELY PREFETCHES:          0 LATE PREFETCHES: 0 DROPPED PREFETCHES: 0
L1I PREFETCHES SAME FILL-ORIGIN LEVEL: 0 DIFFERENT FILL-ORIGIN LEVEL: 0
L1I AVERAGE MISS LATENCY:    14.3377 cycles AVERAGE LOAD MISS LATENCY:    14.3377 cycles Load Miss   15919680
L1I Average MSHR Occupancy:   0.575092
L1I RQ	ACCESS:   51381962	FORWARD:          0	MERGED:   20660677	TO_CACHE:   30721285

BTB TOTAL     ACCESS:   31661842  HIT:   25919169  MISS:    5742673  HIT %:    81.8625  MISS %:    18.1375   MPKI: 28.7134
BTB BRANCH_DIRECT_JUMP	ACCESS:    3042386  HIT:    2662841  MISS:     379545
BTB BRANCH_INDIRECT	ACCESS:   12911979  HIT:   10687772  MISS:    2224207
BTB BRANCH_CONDITIONAL	ACCESS:    8065390  HIT:    7599494  MISS:     465896
BTB BRANCH_DIRECT_CALL	ACCESS:    2848794  HIT:    2158385  MISS:     690409
BTB BRANCH_INDIRECT_CALL	ACCESS:     972306  HIT:     685921  MISS:     286385
BTB BRANCH_RETURN	ACCESS:    3820987  HIT:    2124756  MISS:    1696231
BTB BRANCH_OTHER ACCESS:          0  HIT:          0  MISS:          0

L2C TOTAL     ACCESS:   19453914  HIT:   18943352  MISS:     510562  HIT %:    97.3755  MISS %:    2.62447   MPKI: 2.55281
L2C LOAD      ACCESS:   17391839  HIT:   17101001  MISS:     290838  HIT %:    98.3277  MISS %:    1.67227   MPKI: 1.45419
L2C DATA LOAD MPKI: 1.23728
L2C INSTRUCTION LOAD MPKI: 0.216905
L2C RFO       ACCESS:     726707  HIT:     549917  MISS:     176790  HIT %:    75.6725  MISS %:    24.3275   MPKI: 0.88395
L2C PREFETCH  ACCESS:      76918  HIT:      58583  MISS:      18335  HIT %:    76.1629  MISS %:    23.8371   MPKI: 0.091675
AGUS PREFETCH L1 MISS: 0
L2C DATA PREFETCH MPKI: 0.091675
L2C INSTRUCTION PREFETCH MPKI: 0
L2C WRITEBACK ACCESS:    1128548  HIT:    1127829  MISS:        719  HIT %:    99.9363  MISS %:  0.0637102   MPKI: 0.003595
L2C LOAD TRANSLATION ACCESS:     129902  HIT:     106022  MISS:      23880  HIT %:    81.6169  MISS %:    18.3831   MPKI: 0.1194
L2C PREFETCH  REQUESTED:          0  ISSUED:          0  USEFUL:       3373  USELESS:      15636
L2C USEFUL LOAD PREFETCHES:       3373 PREFETCH ISSUED TO LOWER LEVEL:      20823  ACCURACY: 16.1984
L2C TIMELY PREFETCHES:       3373 LATE PREFETCHES: 2488 DROPPED PREFETCHES: 0
L2C PREFETCHES SAME FILL-ORIGIN LEVEL: 4581 DIFFERENT FILL-ORIGIN LEVEL: 0
L2C AVERAGE MISS LATENCY:    95.6104 cycles AVERAGE LOAD MISS LATENCY:    102.292 cycles Load Miss     290838
L2C Average MSHR Occupancy:   0.126222
L2C RQ	ACCESS:   18248462	FORWARD:          0	MERGED:          0	TO_CACHE:   18248447
L2C WQ	ACCESS:    1128548	FORWARD:         18	MERGED:          0	TO_CACHE:    1128548
L2C PQ	ACCESS:      80448	FORWARD:          0	MERGED:          1	TO_CACHE:      80444

L2C Instructions Evicting Data 35580
L2C Translations Evicting Data 20627
L2C Data Evicting Data 386731
L2C Instructions Evicting Instructions 5727
L2C Translations Evicting Instructions 2183
L2C Data Evicting Instructions 35291
L2C Instructions Evicting Translations 2074
L2C Translations Evicting Translations 1070
L2C Data Evicting Translations 20560
L2C Dense regions hint from L2: 0
PSCL5 TOTAL     ACCESS:      88922  HIT:      88922  MISS:          0  HIT %:        100  MISS %:          0   MPKI: 0
PSCL5 LOAD TRANSLATION ACCESS:      88922  HIT:      88922  MISS:          0  HIT %:        100  MISS %:          0   MPKI: 0
PSCL5 PREFETCH  REQUESTED:          0  ISSUED:          0  USEFUL:          0  USELESS:          0
PSCL5 USEFUL LOAD PREFETCHES:          0 PREFETCH ISSUED TO LOWER LEVEL:          0  ACCURACY: -nan
PSCL5 TIMELY PREFETCHES:          0 LATE PREFETCHES: 0 DROPPED PREFETCHES: 0
PSCL5 PREFETCHES SAME FILL-ORIGIN LEVEL: 0 DIFFERENT FILL-ORIGIN LEVEL: 0

PSCL4 TOTAL     ACCESS:      87418  HIT:      86790  MISS:        628  HIT %:    99.2816  MISS %:   0.718388   MPKI: 0.00314
PSCL4 LOAD TRANSLATION ACCESS:      87418  HIT:      86790  MISS:        628  HIT %:    99.2816  MISS %:   0.718388   MPKI: 0.00314
PSCL4 PREFETCH  REQUESTED:          0  ISSUED:          0  USEFUL:          0  USELESS:          0
PSCL4 USEFUL LOAD PREFETCHES:          0 PREFETCH ISSUED TO LOWER LEVEL:          0  ACCURACY: -nan
PSCL4 TIMELY PREFETCHES:          0 LATE PREFETCHES: 0 DROPPED PREFETCHES: 0
PSCL4 PREFETCHES SAME FILL-ORIGIN LEVEL: 0 DIFFERENT FILL-ORIGIN LEVEL: 0

PSCL3 TOTAL     ACCESS:      82336  HIT:      72262  MISS:      10074  HIT %:    87.7648  MISS %:    12.2352   MPKI: 0.05037
PSCL3 LOAD TRANSLATION ACCESS:      82336  HIT:      72262  MISS:      10074  HIT %:    87.7648  MISS %:    12.2352   MPKI: 0.05037
PSCL3 PREFETCH  REQUESTED:          0  ISSUED:          0  USEFUL:          0  USELESS:          0
PSCL3 USEFUL LOAD PREFETCHES:          0 PREFETCH ISSUED TO LOWER LEVEL:          0  ACCURACY: -nan
PSCL3 TIMELY PREFETCHES:          0 LATE PREFETCHES: 0 DROPPED PREFETCHES: 0
PSCL3 PREFETCHES SAME FILL-ORIGIN LEVEL: 0 DIFFERENT FILL-ORIGIN LEVEL: 0

PSCL2 TOTAL     ACCESS:      88922  HIT:      58644  MISS:      30278  HIT %:    65.9499  MISS %:    34.0501   MPKI: 0.15139
PSCL2 LOAD TRANSLATION ACCESS:      88922  HIT:      58644  MISS:      30278  HIT %:    65.9499  MISS %:    34.0501   MPKI: 0.15139
PSCL2 PREFETCH  REQUESTED:          0  ISSUED:          0  USEFUL:          0  USELESS:          0
PSCL2 USEFUL LOAD PREFETCHES:          0 PREFETCH ISSUED TO LOWER LEVEL:          0  ACCURACY: -nan
PSCL2 TIMELY PREFETCHES:          0 LATE PREFETCHES: 0 DROPPED PREFETCHES: 0
PSCL2 PREFETCHES SAME FILL-ORIGIN LEVEL: 0 DIFFERENT FILL-ORIGIN LEVEL: 0

LLC TOTAL     ACCESS:     761095  HIT:     563759  MISS:     197336  HIT %:    74.0721  MISS %:    25.9279   MPKI: 0.98668
LLC LOAD      ACCESS:     288350  HIT:     187393  MISS:     100957  HIT %:     64.988  MISS %:     35.012   MPKI: 0.504785
LLC RFO       ACCESS:     176790  HIT:     134737  MISS:      42053  HIT %:     76.213  MISS %:     23.787   MPKI: 0.210265
LLC PREFETCH  ACCESS:      20823  HIT:      10389  MISS:      10434  HIT %:    49.8919  MISS %:    50.1081   MPKI: 0.05217
AGUS PREFETCH L1 MISS: 0
LLC WRITEBACK ACCESS:     251252  HIT:     213633  MISS:      37619  HIT %:    85.0274  MISS %:    14.9726   MPKI: 0.188095
LLC LOAD TRANSLATION ACCESS:      23880  HIT:      17607  MISS:       6273  HIT %:    73.7312  MISS %:    26.2688   MPKI: 0.031365
LLC PREFETCH  REQUESTED:          0  ISSUED:          0  USEFUL:       1467  USELESS:       4384
LLC USEFUL LOAD PREFETCHES:       1467 PREFETCH ISSUED TO LOWER LEVEL:      10434  ACCURACY: 14.0598
LLC TIMELY PREFETCHES:       1467 LATE PREFETCHES: 0 DROPPED PREFETCHES: 0
LLC PREFETCHES SAME FILL-ORIGIN LEVEL: 0 DIFFERENT FILL-ORIGIN LEVEL: 0
LLC AVERAGE MISS LATENCY:    131.781 cycles AVERAGE LOAD MISS LATENCY:    162.745 cycles Load Miss     100957
LLC Average MSHR Occupancy:  0.0669989
LLC RQ	ACCESS:     489020	FORWARD:          0	MERGED:          0	TO_CACHE:     489020
LLC WQ	ACCESS:     251252	FORWARD:          0	MERGED:          0	TO_CACHE:     251252
LLC PQ	ACCESS:      20823	FORWARD:          0	MERGED:          0	TO_CACHE:      20823

LLC Dense regions hint to LLC: 0

RAW hits: 4348018
Loads Generated: 53233964
Loads sent to L1D: 48885946
Stores Generated: 23289269
Stores sent to L1D: 23289272
Major fault: 0 Minor fault: 6099
Allocated PAGES: 6099
CPU 0 L1D PC-based stride prefetcher final stats
Degree: 3
================ Mockingjay (LLC) Pollution Stats ================
Total pollution count in LLC: 5734
==================================================================

DRAM Statistics
 CHANNEL 0
 RQ ROW_BUFFER_HIT:      42442  ROW_BUFFER_MISS:     117268
 DBUS_CONGESTED:        135
 WQ ROW_BUFFER_HIT:      10410  ROW_BUFFER_MISS:      69740  FULL:          0

 AVG_CONGESTED_CYCLE: 4
 All warmup complete: 2
Channel 0 Bank busy for read cycles: 0
Channel 0 Bank busy for write cycles: 0
Channel 0
Rank 0
0banks busy for read cycles: 360286461
0banks busy for write cycles: 53146
1banks busy for read cycles: 12817207
1banks busy for write cycles: 8127031
2banks busy for read cycles: 1921785
2banks busy for write cycles: 1110566
3banks busy for read cycles: 433443
3banks busy for write cycles: 241430
4banks busy for read cycles: 152263
4banks busy for write cycles: 104411
5banks busy for read cycles: 78179
5banks busy for write cycles: 70830
6banks busy for read cycles: 45571
6banks busy for write cycles: 60628
7banks busy for read cycles: 33647
7banks busy for write cycles: 65420
8banks busy for read cycles: 30859
8banks busy for write cycles: 125420

CPU 0 Branch Prediction Accuracy: 99.6088% MPKI: 0.705335 Average ROB Occupancy at Mispredict: 40.4389
Branch types
NOT_BRANCH: 163944056 81.972%
BRANCH_DIRECT_JUMP: 3042386 1.52119%
BRANCH_INDIRECT: 12911979 6.45599%
BRANCH_CONDITIONAL: 12459018 6.22951%
BRANCH_DIRECT_CALL: 2848794 1.4244%
BRANCH_INDIRECT_CALL: 972306 0.486153%
BRANCH_RETURN: 3820987 1.91049%
BRANCH_OTHER: 0 0%

===================== LRU L1D STATS =====================
Total pollution count in L1D: 113453
=========================================================
================ SRRIP (L2C) Pollution Stats ================
Total pollution count in L2c: 537163
==================================================================
DRAM PAGES: 1048576
Allocated PAGES: 6099
