Initialize SIGNATURE TABLE
ST_SET: 1
ST_WAY: 256
ST_TAG_BIT: 16
ST_TAG_MASK: ffff

Initialize PATTERN TABLE
PT_SET: 512
PT_WAY: 4
SIG_DELTA_BIT: 7
C_SIG_BIT: 4
C_DELTA_BIT: 4

Initialize PREFETCH FILTER
FILTER_SET: 1024

Initialize PERCEPTRON
PERC_ENTRIES: 4096
PERC_FEATURES: 9

*** ChampSim Multicore Out-of-Order Simulator ***

Warmup Instructions: 200000000
Simulation Instructions: 200000000
Number of CPUs: 1
LLC sets: 4096
LLC ways: 12
Off-chip DRAM Size: 4096 MB Channels: 1 Width: 64-bit Data Rate: 6400 MT/s
CPU 0 runs /home1/sweta/traces/DPC4-Traces/AI_ML/bark.cpp-bark-small.coarse_token_gen.5.champsimtrace.gz
.gz
BTB has LRU replacement policy
ITLB has LRU replacement policy
DTLB has LRU replacement policy
STLB has LRU replacement policy
L1I has LRU replacement policy
L1D has LRU replacement policy
PERC_ENTRIES: 4096
Initialize SRRIP state for L2C
Initialize Mockingjay state for LLC
Heartbeat CPU 0 instructions: 10000000 cycles: 2541697 heartbeat IPC: 3.93438 cumulative IPC: 3.93438 (Simulation time: 0 hr 0 min 18 sec) 
Heartbeat CPU 0 instructions: 20000006 cycles: 5162883 heartbeat IPC: 3.81507 cumulative IPC: 3.87381 (Simulation time: 0 hr 0 min 36 sec) 
Heartbeat CPU 0 instructions: 30000003 cycles: 7681645 heartbeat IPC: 3.9702 cumulative IPC: 3.90541 (Simulation time: 0 hr 0 min 51 sec) 
Heartbeat CPU 0 instructions: 40000000 cycles: 10172205 heartbeat IPC: 4.01516 cumulative IPC: 3.93228 (Simulation time: 0 hr 1 min 7 sec) 
Heartbeat CPU 0 instructions: 50000000 cycles: 12656040 heartbeat IPC: 4.02603 cumulative IPC: 3.95068 (Simulation time: 0 hr 1 min 20 sec) 
Heartbeat CPU 0 instructions: 60000003 cycles: 15148402 heartbeat IPC: 4.01226 cumulative IPC: 3.96081 (Simulation time: 0 hr 1 min 32 sec) 
Heartbeat CPU 0 instructions: 70000000 cycles: 17652797 heartbeat IPC: 3.99298 cumulative IPC: 3.96538 (Simulation time: 0 hr 1 min 47 sec) 
Heartbeat CPU 0 instructions: 80000004 cycles: 20171834 heartbeat IPC: 3.96977 cumulative IPC: 3.96593 (Simulation time: 0 hr 2 min 2 sec) 
Heartbeat CPU 0 instructions: 90000000 cycles: 22671966 heartbeat IPC: 3.99979 cumulative IPC: 3.96966 (Simulation time: 0 hr 2 min 17 sec) 
Heartbeat CPU 0 instructions: 100000007 cycles: 25171727 heartbeat IPC: 4.00039 cumulative IPC: 3.97271 (Simulation time: 0 hr 2 min 32 sec) 
Heartbeat CPU 0 instructions: 110000001 cycles: 27661911 heartbeat IPC: 4.01577 cumulative IPC: 3.97659 (Simulation time: 0 hr 2 min 45 sec) 
Heartbeat CPU 0 instructions: 120000005 cycles: 30128071 heartbeat IPC: 4.05489 cumulative IPC: 3.983 (Simulation time: 0 hr 2 min 57 sec) 
Heartbeat CPU 0 instructions: 130000002 cycles: 32614918 heartbeat IPC: 4.02115 cumulative IPC: 3.98591 (Simulation time: 0 hr 3 min 12 sec) 
Heartbeat CPU 0 instructions: 140000000 cycles: 35098318 heartbeat IPC: 4.02674 cumulative IPC: 3.9888 (Simulation time: 0 hr 3 min 28 sec) 
Heartbeat CPU 0 instructions: 150000000 cycles: 37597447 heartbeat IPC: 4.00139 cumulative IPC: 3.98963 (Simulation time: 0 hr 3 min 43 sec) 
Heartbeat CPU 0 instructions: 160000003 cycles: 40080692 heartbeat IPC: 4.02699 cumulative IPC: 3.99195 (Simulation time: 0 hr 4 min 0 sec) 
Heartbeat CPU 0 instructions: 170000006 cycles: 42676128 heartbeat IPC: 3.85292 cumulative IPC: 3.98349 (Simulation time: 0 hr 4 min 15 sec) 
Heartbeat CPU 0 instructions: 180000000 cycles: 45174393 heartbeat IPC: 4.00278 cumulative IPC: 3.98456 (Simulation time: 0 hr 4 min 30 sec) 
Heartbeat CPU 0 instructions: 190000000 cycles: 47643963 heartbeat IPC: 4.04929 cumulative IPC: 3.98791 (Simulation time: 0 hr 4 min 45 sec) 
Heartbeat CPU 0 instructions: 200000004 cycles: 50160259 heartbeat IPC: 3.9741 cumulative IPC: 3.98722 (Simulation time: 0 hr 5 min 0 sec) 

Warmup complete CPU 0 instructions: 200000004 cycles: 50160259 (Simulation time: 0 hr 5 min 0 sec) 

Heartbeat CPU 0 instructions: 210000000 cycles: 67966553 heartbeat IPC: 0.561599 cumulative IPC: 0.561599 (Simulation time: 0 hr 5 min 30 sec) 
Heartbeat CPU 0 instructions: 220000003 cycles: 85545199 heartbeat IPC: 0.568872 cumulative IPC: 0.565212 (Simulation time: 0 hr 6 min 1 sec) 
Heartbeat CPU 0 instructions: 230000002 cycles: 102343917 heartbeat IPC: 0.595283 cumulative IPC: 0.574893 (Simulation time: 0 hr 6 min 33 sec) 
Heartbeat CPU 0 instructions: 240000000 cycles: 119097501 heartbeat IPC: 0.596887 cumulative IPC: 0.580238 (Simulation time: 0 hr 7 min 6 sec) 
Heartbeat CPU 0 instructions: 250000001 cycles: 135761964 heartbeat IPC: 0.600079 cumulative IPC: 0.5841 (Simulation time: 0 hr 7 min 38 sec) 
Heartbeat CPU 0 instructions: 260000003 cycles: 152414226 heartbeat IPC: 0.600519 cumulative IPC: 0.586774 (Simulation time: 0 hr 8 min 11 sec) 
Heartbeat CPU 0 instructions: 270000000 cycles: 170277195 heartbeat IPC: 0.559817 cumulative IPC: 0.582765 (Simulation time: 0 hr 8 min 40 sec) 
Heartbeat CPU 0 instructions: 280000001 cycles: 187431123 heartbeat IPC: 0.582957 cumulative IPC: 0.582789 (Simulation time: 0 hr 9 min 10 sec) 
Heartbeat CPU 0 instructions: 290000001 cycles: 204017549 heartbeat IPC: 0.602903 cumulative IPC: 0.584958 (Simulation time: 0 hr 9 min 43 sec) 
Heartbeat CPU 0 instructions: 300000003 cycles: 220701247 heartbeat IPC: 0.599388 cumulative IPC: 0.586369 (Simulation time: 0 hr 10 min 15 sec) 
Heartbeat CPU 0 instructions: 310000001 cycles: 236193544 heartbeat IPC: 0.645482 cumulative IPC: 0.591292 (Simulation time: 0 hr 10 min 51 sec) 
Heartbeat CPU 0 instructions: 320000001 cycles: 254956326 heartbeat IPC: 0.53297 cumulative IPC: 0.585949 (Simulation time: 0 hr 11 min 21 sec) 
Heartbeat CPU 0 instructions: 330000001 cycles: 271854642 heartbeat IPC: 0.591775 cumulative IPC: 0.586393 (Simulation time: 0 hr 11 min 53 sec) 
Heartbeat CPU 0 instructions: 340000000 cycles: 288612433 heartbeat IPC: 0.596737 cumulative IPC: 0.58712 (Simulation time: 0 hr 12 min 26 sec) 
Heartbeat CPU 0 instructions: 350000000 cycles: 305288392 heartbeat IPC: 0.599666 cumulative IPC: 0.58794 (Simulation time: 0 hr 12 min 58 sec) 
Heartbeat CPU 0 instructions: 360000000 cycles: 322293701 heartbeat IPC: 0.588052 cumulative IPC: 0.587947 (Simulation time: 0 hr 13 min 30 sec) 
Heartbeat CPU 0 instructions: 370000001 cycles: 340266831 heartbeat IPC: 0.556386 cumulative IPC: 0.585992 (Simulation time: 0 hr 13 min 59 sec) 
Heartbeat CPU 0 instructions: 380000000 cycles: 357068607 heartbeat IPC: 0.595175 cumulative IPC: 0.586494 (Simulation time: 0 hr 14 min 30 sec) 
Heartbeat CPU 0 instructions: 390000002 cycles: 373728638 heartbeat IPC: 0.600239 cumulative IPC: 0.587202 (Simulation time: 0 hr 15 min 3 sec) 
Heartbeat CPU 0 instructions: 400000002 cycles: 390384084 heartbeat IPC: 0.600404 cumulative IPC: 0.587848 (Simulation time: 0 hr 15 min 35 sec) 
Finished CPU 0 instructions: 200000000 cycles: 340223827 cumulative IPC: 0.587848 (Simulation time: 0 hr 15 min 35 sec) 

ChampSim completed all CPUs

Region of Interest Statistics

CPU 0 cumulative IPC: 0.587848 instructions: 200000000 cycles: 340223827
ITLB TOTAL     ACCESS:   46426262  HIT:   46426116  MISS:        146  HIT %:    99.9997  MISS %: 0.000314477   MPKI: 0.00073
ITLB LOAD TRANSLATION ACCESS:   46426262  HIT:   46426116  MISS:        146  HIT %:    99.9997  MISS %: 0.000314477   MPKI: 0.00073
ITLB PREFETCH  REQUESTED:          0  ISSUED:          0  USEFUL:          0  USELESS:          0
ITLB USEFUL LOAD PREFETCHES:          0 PREFETCH ISSUED TO LOWER LEVEL:          0  ACCURACY: -nan
ITLB TIMELY PREFETCHES:          0 LATE PREFETCHES: 0 DROPPED PREFETCHES: 0
ITLB PREFETCHES SAME FILL-ORIGIN LEVEL: 0 DIFFERENT FILL-ORIGIN LEVEL: 0
ITLB AVERAGE MISS LATENCY:     87.411 cycles AVERAGE LOAD MISS LATENCY:       -nan cycles Load Miss          0
ITLB Average MSHR Occupancy: 3.95504e-05
ITLB RQ	ACCESS:   48540917	FORWARD:          0	MERGED:    2114563	TO_CACHE:   46426354

DTLB TOTAL     ACCESS:   47232068  HIT:   43020591  MISS:    4211477  HIT %:    91.0834  MISS %:    8.91656   MPKI: 21.0574
DTLB LOAD TRANSLATION ACCESS:   47232068  HIT:   43020591  MISS:    4211477  HIT %:    91.0834  MISS %:    8.91656   MPKI: 21.0574
DTLB PREFETCH  REQUESTED:          0  ISSUED:          0  USEFUL:          0  USELESS:          0
DTLB USEFUL LOAD PREFETCHES:          0 PREFETCH ISSUED TO LOWER LEVEL:          0  ACCURACY: -nan
DTLB TIMELY PREFETCHES:          0 LATE PREFETCHES: 0 DROPPED PREFETCHES: 0
DTLB PREFETCHES SAME FILL-ORIGIN LEVEL: 0 DIFFERENT FILL-ORIGIN LEVEL: 0
DTLB AVERAGE MISS LATENCY:    10.1006 cycles AVERAGE LOAD MISS LATENCY:       -nan cycles Load Miss          0
DTLB Average MSHR Occupancy:   0.113188
DTLB RQ	ACCESS:   51337979	FORWARD:          0	MERGED:    3849109	TO_CACHE:   47488870

STLB TOTAL     ACCESS:    4211624  HIT:    4134247  MISS:      77377  HIT %:    98.1628  MISS %:    1.83722   MPKI: 0.386885
STLB LOAD TRANSLATION ACCESS:    4211624  HIT:    4134247  MISS:      77377  HIT %:    98.1628  MISS %:    1.83722   MPKI: 0.386885
STLB PREFETCH  REQUESTED:          0  ISSUED:          0  USEFUL:          0  USELESS:          0
STLB USEFUL LOAD PREFETCHES:          0 PREFETCH ISSUED TO LOWER LEVEL:          0  ACCURACY: -nan
STLB TIMELY PREFETCHES:          0 LATE PREFETCHES: 0 DROPPED PREFETCHES: 0
STLB PREFETCHES SAME FILL-ORIGIN LEVEL: 0 DIFFERENT FILL-ORIGIN LEVEL: 0
STLB AVERAGE MISS LATENCY:    60.0457 cycles AVERAGE LOAD MISS LATENCY:       -nan cycles Load Miss          0
STLB Average MSHR Occupancy:   0.013727
STLB RQ	ACCESS:    4211624	FORWARD:          0	MERGED:          0	TO_CACHE:    4211624

STLB Hit, L1D data hit: 0
STLB Hit, L2C data hit: 0
STLB Hit, LLC data hit: 0
STLB Hit, LLC data miss: 0
STLB STLB hints to L2: 0
L1D TOTAL     ACCESS:   49771947  HIT:   39282915  MISS:   10489032  HIT %:    78.9258  MISS %:    21.0742   MPKI: 52.4452
L1D LOAD      ACCESS:   38561846  HIT:   28445955  MISS:   10115891  HIT %:    73.7671  MISS %:    26.2329   MPKI: 50.5795
L1D RFO       ACCESS:   11210101  HIT:   10836960  MISS:     373141  HIT %:    96.6714  MISS %:    3.32861   MPKI: 1.8657
L1D PREFETCH  REQUESTED:          0  ISSUED:          0  USEFUL:          0  USELESS:          0
L1D USEFUL LOAD PREFETCHES:          0 PREFETCH ISSUED TO LOWER LEVEL:          0  ACCURACY: -nan
L1D TIMELY PREFETCHES:          0 LATE PREFETCHES: 0 DROPPED PREFETCHES: 0
L1D PREFETCHES SAME FILL-ORIGIN LEVEL: 0 DIFFERENT FILL-ORIGIN LEVEL: 0
L1D AVERAGE MISS LATENCY:    64.4943 cycles AVERAGE LOAD MISS LATENCY:    59.0771 cycles Load Miss   10115891
L1D Average MSHR Occupancy:    1.97861
L1D RQ	ACCESS:   53014983	FORWARD:          0	MERGED:   13328784	TO_CACHE:   38808313
L1D WQ	ACCESS:   18034834	FORWARD:     877886	MERGED:    5505168	TO_CACHE:   12529666

L1D UNIQUE REGIONS ACCESSED: 0
L1D REGIONS CONFLICTS: 0
L1D Cross Page Prefetch Requests: 0
L1D Same Page Prefetch Requests: 0
L1D ROI Sum of L1D PQ occupancy: 0
L1D PREFETCHES PUSHED FROM L2C: 0
L1I TOTAL     ACCESS:   48482508  HIT:   20883353  MISS:   27599155  HIT %:     43.074  MISS %:     56.926   MPKI: 137.996
L1I LOAD      ACCESS:   48482508  HIT:   20883353  MISS:   27599155  HIT %:     43.074  MISS %:     56.926   MPKI: 137.996
L1I PREFETCH  REQUESTED:          0  ISSUED:          0  USEFUL:          0  USELESS:          0
L1I USEFUL LOAD PREFETCHES:          0 PREFETCH ISSUED TO LOWER LEVEL:          0  ACCURACY: -nan
L1I TIMELY PREFETCHES:          0 LATE PREFETCHES: 0 DROPPED PREFETCHES: 0
L1I PREFETCHES SAME FILL-ORIGIN LEVEL: 0 DIFFERENT FILL-ORIGIN LEVEL: 0
L1I AVERAGE MISS LATENCY:    14.0219 cycles AVERAGE LOAD MISS LATENCY:    14.0219 cycles Load Miss   27599155
L1I Average MSHR Occupancy:    1.05993
L1I RQ	ACCESS:   68286018	FORWARD:          0	MERGED:   19745101	TO_CACHE:   48540917

BTB TOTAL     ACCESS:   42013481  HIT:   42006708  MISS:       6773  HIT %:    99.9839  MISS %:   0.016121   MPKI: 0.033865
BTB BRANCH_DIRECT_JUMP	ACCESS:    5549639  HIT:    5549501  MISS:        138
BTB BRANCH_INDIRECT	ACCESS:       1544  HIT:        819  MISS:        725
BTB BRANCH_CONDITIONAL	ACCESS:   24957436  HIT:   24957052  MISS:        384
BTB BRANCH_DIRECT_CALL	ACCESS:    5530684  HIT:    5530488  MISS:        196
BTB BRANCH_INDIRECT_CALL	ACCESS:     221747  HIT:     221698  MISS:         49
BTB BRANCH_RETURN	ACCESS:    5752431  HIT:    5747150  MISS:       5281
BTB BRANCH_OTHER ACCESS:          0  HIT:          0  MISS:          0

L2C TOTAL     ACCESS:   40206812  HIT:   34922722  MISS:    5284090  HIT %:    86.8577  MISS %:    13.1423   MPKI: 26.4204
L2C LOAD      ACCESS:   37715045  HIT:   33799813  MISS:    3915232  HIT %:    89.6189  MISS %:    10.3811   MPKI: 19.5762
L2C DATA LOAD MPKI: 19.5535
L2C INSTRUCTION LOAD MPKI: 0.02265
L2C RFO       ACCESS:     373141  HIT:       9537  MISS:     363604  HIT %:    2.55587  MISS %:    97.4441   MPKI: 1.81802
L2C PREFETCH  ACCESS:    1647868  HIT:     656853  MISS:     991015  HIT %:    39.8608  MISS %:    60.1392   MPKI: 4.95507
AGUS PREFETCH L1 MISS: 0
L2C DATA PREFETCH MPKI: 4.95507
L2C INSTRUCTION PREFETCH MPKI: 0
L2C WRITEBACK ACCESS:     393063  HIT:     389448  MISS:       3615  HIT %:    99.0803  MISS %:     0.9197   MPKI: 0.018075
L2C LOAD TRANSLATION ACCESS:      77695  HIT:      67071  MISS:      10624  HIT %:     86.326  MISS %:     13.674   MPKI: 0.05312
L2C PREFETCH  REQUESTED:    5704061  ISSUED:    5696058  USEFUL:     962109  USELESS:      28443
L2C USEFUL LOAD PREFETCHES:     962109 PREFETCH ISSUED TO LOWER LEVEL:    4036391  ACCURACY: 23.8359
L2C TIMELY PREFETCHES:     962109 LATE PREFETCHES: 2667345 DROPPED PREFETCHES: 0
L2C PREFETCHES SAME FILL-ORIGIN LEVEL: 3663372 DIFFERENT FILL-ORIGIN LEVEL: 373019
L2C AVERAGE MISS LATENCY:    134.857 cycles AVERAGE LOAD MISS LATENCY:    120.263 cycles Load Miss    3915232
L2C Average MSHR Occupancy:    2.48242
L2C RQ	ACCESS:   38165884	FORWARD:          0	MERGED:          0	TO_CACHE:   38165884
L2C WQ	ACCESS:     393063	FORWARD:          3	MERGED:          0	TO_CACHE:     393063
L2C PQ	ACCESS:    5696058	FORWARD:          0	MERGED:     132022	TO_CACHE:    5564033

L2C Instructions Evicting Data 4512
L2C Translations Evicting Data 10570
L2C Data Evicting Data 5250316
L2C Instructions Evicting Instructions 12
L2C Translations Evicting Instructions 18
L2C Data Evicting Instructions 4495
L2C Instructions Evicting Translations 6
L2C Translations Evicting Translations 36
L2C Data Evicting Translations 10510
L2C Dense regions hint from L2: 0
PSCL5 TOTAL     ACCESS:      77377  HIT:      77377  MISS:          0  HIT %:        100  MISS %:          0   MPKI: 0
PSCL5 LOAD TRANSLATION ACCESS:      77377  HIT:      77377  MISS:          0  HIT %:        100  MISS %:          0   MPKI: 0
PSCL5 PREFETCH  REQUESTED:          0  ISSUED:          0  USEFUL:          0  USELESS:          0
PSCL5 USEFUL LOAD PREFETCHES:          0 PREFETCH ISSUED TO LOWER LEVEL:          0  ACCURACY: -nan
PSCL5 TIMELY PREFETCHES:          0 LATE PREFETCHES: 0 DROPPED PREFETCHES: 0
PSCL5 PREFETCHES SAME FILL-ORIGIN LEVEL: 0 DIFFERENT FILL-ORIGIN LEVEL: 0

PSCL4 TOTAL     ACCESS:      77377  HIT:      77377  MISS:          0  HIT %:        100  MISS %:          0   MPKI: 0
PSCL4 LOAD TRANSLATION ACCESS:      77377  HIT:      77377  MISS:          0  HIT %:        100  MISS %:          0   MPKI: 0
PSCL4 PREFETCH  REQUESTED:          0  ISSUED:          0  USEFUL:          0  USELESS:          0
PSCL4 USEFUL LOAD PREFETCHES:          0 PREFETCH ISSUED TO LOWER LEVEL:          0  ACCURACY: -nan
PSCL4 TIMELY PREFETCHES:          0 LATE PREFETCHES: 0 DROPPED PREFETCHES: 0
PSCL4 PREFETCHES SAME FILL-ORIGIN LEVEL: 0 DIFFERENT FILL-ORIGIN LEVEL: 0

PSCL3 TOTAL     ACCESS:      77377  HIT:      77377  MISS:          0  HIT %:        100  MISS %:          0   MPKI: 0
PSCL3 LOAD TRANSLATION ACCESS:      77377  HIT:      77377  MISS:          0  HIT %:        100  MISS %:          0   MPKI: 0
PSCL3 PREFETCH  REQUESTED:          0  ISSUED:          0  USEFUL:          0  USELESS:          0
PSCL3 USEFUL LOAD PREFETCHES:          0 PREFETCH ISSUED TO LOWER LEVEL:          0  ACCURACY: -nan
PSCL3 TIMELY PREFETCHES:          0 LATE PREFETCHES: 0 DROPPED PREFETCHES: 0
PSCL3 PREFETCHES SAME FILL-ORIGIN LEVEL: 0 DIFFERENT FILL-ORIGIN LEVEL: 0

PSCL2 TOTAL     ACCESS:      77377  HIT:      77059  MISS:        318  HIT %:     99.589  MISS %:   0.410975   MPKI: 0.00159
PSCL2 LOAD TRANSLATION ACCESS:      77377  HIT:      77059  MISS:        318  HIT %:     99.589  MISS %:   0.410975   MPKI: 0.00159
PSCL2 PREFETCH  REQUESTED:          0  ISSUED:          0  USEFUL:          0  USELESS:          0
PSCL2 USEFUL LOAD PREFETCHES:          0 PREFETCH ISSUED TO LOWER LEVEL:          0  ACCURACY: -nan
PSCL2 TIMELY PREFETCHES:          0 LATE PREFETCHES: 0 DROPPED PREFETCHES: 0
PSCL2 PREFETCHES SAME FILL-ORIGIN LEVEL: 0 DIFFERENT FILL-ORIGIN LEVEL: 0

LLC TOTAL     ACCESS:    6004447  HIT:    1064912  MISS:    4939535  HIT %:    17.7354  MISS %:    82.2646   MPKI: 24.6977
LLC LOAD      ACCESS:    1247909  HIT:     257173  MISS:     990736  HIT %:    20.6083  MISS %:    79.3917   MPKI: 4.95368
LLC RFO       ACCESS:     363582  HIT:      17750  MISS:     345832  HIT %:    4.88198  MISS %:     95.118   MPKI: 1.72916
LLC PREFETCH  ACCESS:    4020839  HIT:     438387  MISS:    3582452  HIT %:    10.9029  MISS %:    89.0971   MPKI: 17.9123
AGUS PREFETCH L1 MISS: 0
LLC WRITEBACK ACCESS:     361493  HIT:     351090  MISS:      10403  HIT %:    97.1222  MISS %:    2.87779   MPKI: 0.052015
LLC LOAD TRANSLATION ACCESS:      10624  HIT:        512  MISS:      10112  HIT %:    4.81928  MISS %:    95.1807   MPKI: 0.05056
LLC PREFETCH  REQUESTED:          0  ISSUED:          0  USEFUL:      72478  USELESS:      75269
LLC USEFUL LOAD PREFETCHES:      72478 PREFETCH ISSUED TO LOWER LEVEL:    3582471  ACCURACY: 2.02313
LLC TIMELY PREFETCHES:      72478 LATE PREFETCHES: 19 DROPPED PREFETCHES: 0
LLC PREFETCHES SAME FILL-ORIGIN LEVEL: 97369 DIFFERENT FILL-ORIGIN LEVEL: 0
LLC AVERAGE MISS LATENCY:    131.989 cycles AVERAGE LOAD MISS LATENCY:     137.59 cycles Load Miss     990736
LLC Average MSHR Occupancy:     1.9018
LLC RQ	ACCESS:    1622115	FORWARD:          0	MERGED:          0	TO_CACHE:    1622115
LLC WQ	ACCESS:     361493	FORWARD:          0	MERGED:          0	TO_CACHE:     361493
LLC PQ	ACCESS:    4022417	FORWARD:          0	MERGED:        762	TO_CACHE:    4021655

LLC Dense regions hint to LLC: 0

RAW hits: 231656
Loads Generated: 53246639
Loads sent to L1D: 53014983
Stores Generated: 18034832
Stores sent to L1D: 18034834
Major fault: 0 Minor fault: 58855
Allocated PAGES: 58855
------------------
Depth Distribution
------------------
depth 0: 8974518
depth 1: 1720639
depth 2: 443203
depth 3: 203097
depth 4: 199875
depth 5: 353752
depth 6: 558593
depth 7: 1199152
depth 8: 1183892
depth 9: 566644
depth 10: 327118
depth 11: 370540
depth 12: 926481
depth 13: 209370
depth 14: 2197940
depth 15: 437701
depth 16: 358168
depth 17: 165882
depth 18: 121771
depth 19: 27869
depth 20: 4735
depth 21: 1571
depth 22: 393
depth 23: 0
depth 24: 77
depth 25: 35
depth 26: 0
depth 27: 20
depth 28: 7
depth 29: 23
Total: 20553066
------------------
ST read accesses: 5914666
ST write accesses: 4201224
PT read accesses: 222791618
PT write accesses: 7265462
FILTER read accesses: 83421463
FILTER write accesses: 31918533
GHR read accesses: 57121187
GHR write accesses: 4270705
PERC read accesses: 1591562061
PERC write accesses: 45588233
GHR counter read accesses: 20231780
GHR counter write accesses: 19830145
GHR ip read accesses: 81051690
GHR ip write accesses: 40463560
ST tag read accesses: 6040910446
ST tag write accesses: 1082929779
================ Mockingjay (LLC) Pollution Stats ================
Total pollution count in LLC: 16228
==================================================================

DRAM Statistics
 CHANNEL 0
 RQ ROW_BUFFER_HIT:    4372487  ROW_BUFFER_MISS:     556637
 DBUS_CONGESTED:       2702
 WQ ROW_BUFFER_HIT:      47208  ROW_BUFFER_MISS:     311383  FULL:          0

 AVG_CONGESTED_CYCLE: 4
 All warmup complete: 2
Channel 0 Bank busy for read cycles: 0
Channel 0 Bank busy for write cycles: 0
Channel 0
Rank 0
0banks busy for read cycles: 190963168
0banks busy for write cycles: 249096
1banks busy for read cycles: 58360617
1banks busy for write cycles: 38063007
2banks busy for read cycles: 8216698
2banks busy for write cycles: 3874573
3banks busy for read cycles: 4902865
3banks busy for write cycles: 1944215
4banks busy for read cycles: 4526830
4banks busy for write cycles: 961107
5banks busy for read cycles: 3648337
5banks busy for write cycles: 449786
6banks busy for read cycles: 3526036
6banks busy for write cycles: 168283
7banks busy for read cycles: 6004255
7banks busy for write cycles: 89627
8banks busy for read cycles: 14192152
8banks busy for write cycles: 83176

CPU 0 Branch Prediction Accuracy: 99.9487% MPKI: 0.123785 Average ROB Occupancy at Mispredict: 234.733
Branch types
NOT_BRANCH: 151718589 75.8593%
BRANCH_DIRECT_JUMP: 5549639 2.77482%
BRANCH_INDIRECT: 1544 0.000772%
BRANCH_CONDITIONAL: 31225348 15.6127%
BRANCH_DIRECT_CALL: 5530684 2.76534%
BRANCH_INDIRECT_CALL: 221747 0.110873%
BRANCH_RETURN: 5752431 2.87622%
BRANCH_OTHER: 1 5e-07%

===================== LRU L1D STATS =====================
Total pollution count in L1D: 0
=========================================================
================ SRRIP (L2C) Pollution Stats ================
Total pollution count in L2c: 4412436
==================================================================
DRAM PAGES: 1048576
Allocated PAGES: 58855
