Initialize SIGNATURE TABLE
ST_SET: 1
ST_WAY: 256
ST_TAG_BIT: 16
ST_TAG_MASK: ffff

Initialize PATTERN TABLE
PT_SET: 512
PT_WAY: 4
SIG_DELTA_BIT: 7
C_SIG_BIT: 4
C_DELTA_BIT: 4

Initialize PREFETCH FILTER
FILTER_SET: 1024

Initialize PERCEPTRON
PERC_ENTRIES: 4096
PERC_FEATURES: 9

*** ChampSim Multicore Out-of-Order Simulator ***

Warmup Instructions: 200000000
Simulation Instructions: 200000000
Number of CPUs: 1
LLC sets: 4096
LLC ways: 12
Off-chip DRAM Size: 4096 MB Channels: 1 Width: 64-bit Data Rate: 6400 MT/s
CPU 0 runs /home1/sweta/traces/DPC4-Traces/AI_ML/whisper_trace_1.champsimtrace.gz
.gz
BTB has LRU replacement policy
ITLB has LRU replacement policy
DTLB has LRU replacement policy
STLB has LRU replacement policy
L1I has LRU replacement policy
L1D has LRU replacement policy
PERC_ENTRIES: 4096
Initialize SRRIP state for L2C
Initialize Mockingjay state for LLC
Heartbeat CPU 0 instructions: 10000003 cycles: 2458445 heartbeat IPC: 4.06761 cumulative IPC: 4.06761 (Simulation time: 0 hr 0 min 24 sec) 
Heartbeat CPU 0 instructions: 20000000 cycles: 4916837 heartbeat IPC: 4.0677 cumulative IPC: 4.06766 (Simulation time: 0 hr 0 min 48 sec) 
Heartbeat CPU 0 instructions: 30000001 cycles: 7375274 heartbeat IPC: 4.06763 cumulative IPC: 4.06765 (Simulation time: 0 hr 1 min 11 sec) 
Heartbeat CPU 0 instructions: 40000000 cycles: 9833649 heartbeat IPC: 4.06773 cumulative IPC: 4.06767 (Simulation time: 0 hr 1 min 35 sec) 
Heartbeat CPU 0 instructions: 50000004 cycles: 12291910 heartbeat IPC: 4.06792 cumulative IPC: 4.06772 (Simulation time: 0 hr 1 min 58 sec) 
Heartbeat CPU 0 instructions: 60000006 cycles: 14749907 heartbeat IPC: 4.06835 cumulative IPC: 4.06782 (Simulation time: 0 hr 2 min 22 sec) 
Heartbeat CPU 0 instructions: 70000005 cycles: 17208219 heartbeat IPC: 4.06783 cumulative IPC: 4.06782 (Simulation time: 0 hr 2 min 45 sec) 
Heartbeat CPU 0 instructions: 80000002 cycles: 19666481 heartbeat IPC: 4.06791 cumulative IPC: 4.06784 (Simulation time: 0 hr 3 min 9 sec) 
Heartbeat CPU 0 instructions: 90000000 cycles: 22124459 heartbeat IPC: 4.06838 cumulative IPC: 4.0679 (Simulation time: 0 hr 3 min 33 sec) 
Heartbeat CPU 0 instructions: 100000000 cycles: 24582889 heartbeat IPC: 4.06764 cumulative IPC: 4.06787 (Simulation time: 0 hr 3 min 57 sec) 
Heartbeat CPU 0 instructions: 110000001 cycles: 27041233 heartbeat IPC: 4.06778 cumulative IPC: 4.06786 (Simulation time: 0 hr 4 min 21 sec) 
Heartbeat CPU 0 instructions: 120000003 cycles: 29499353 heartbeat IPC: 4.06815 cumulative IPC: 4.06789 (Simulation time: 0 hr 4 min 45 sec) 
Heartbeat CPU 0 instructions: 130000004 cycles: 31957743 heartbeat IPC: 4.0677 cumulative IPC: 4.06787 (Simulation time: 0 hr 5 min 9 sec) 
Heartbeat CPU 0 instructions: 140000005 cycles: 34416050 heartbeat IPC: 4.06784 cumulative IPC: 4.06787 (Simulation time: 0 hr 5 min 32 sec) 
Heartbeat CPU 0 instructions: 150000007 cycles: 36874088 heartbeat IPC: 4.06829 cumulative IPC: 4.0679 (Simulation time: 0 hr 5 min 56 sec) 
Heartbeat CPU 0 instructions: 160000007 cycles: 39332444 heartbeat IPC: 4.06776 cumulative IPC: 4.06789 (Simulation time: 0 hr 6 min 20 sec) 
Heartbeat CPU 0 instructions: 170000003 cycles: 41790780 heartbeat IPC: 4.06779 cumulative IPC: 4.06788 (Simulation time: 0 hr 6 min 44 sec) 
Heartbeat CPU 0 instructions: 180000000 cycles: 44248848 heartbeat IPC: 4.06823 cumulative IPC: 4.0679 (Simulation time: 0 hr 7 min 7 sec) 
Heartbeat CPU 0 instructions: 190000000 cycles: 46707262 heartbeat IPC: 4.06766 cumulative IPC: 4.06789 (Simulation time: 0 hr 7 min 31 sec) 
Heartbeat CPU 0 instructions: 200000001 cycles: 49165638 heartbeat IPC: 4.06773 cumulative IPC: 4.06788 (Simulation time: 0 hr 7 min 55 sec) 

Warmup complete CPU 0 instructions: 200000001 cycles: 49165638 (Simulation time: 0 hr 7 min 55 sec) 

Heartbeat CPU 0 instructions: 210000006 cycles: 57537439 heartbeat IPC: 1.19449 cumulative IPC: 1.19449 (Simulation time: 0 hr 8 min 17 sec) 
Heartbeat CPU 0 instructions: 220000006 cycles: 65924807 heartbeat IPC: 1.19227 cumulative IPC: 1.19338 (Simulation time: 0 hr 8 min 38 sec) 
Heartbeat CPU 0 instructions: 230000002 cycles: 74389022 heartbeat IPC: 1.18144 cumulative IPC: 1.18937 (Simulation time: 0 hr 9 min 0 sec) 
Heartbeat CPU 0 instructions: 240000000 cycles: 82827492 heartbeat IPC: 1.18505 cumulative IPC: 1.18829 (Simulation time: 0 hr 9 min 22 sec) 
Heartbeat CPU 0 instructions: 250000000 cycles: 91250098 heartbeat IPC: 1.18728 cumulative IPC: 1.18809 (Simulation time: 0 hr 9 min 43 sec) 
Heartbeat CPU 0 instructions: 260000003 cycles: 99736289 heartbeat IPC: 1.17839 cumulative IPC: 1.18646 (Simulation time: 0 hr 10 min 5 sec) 
Heartbeat CPU 0 instructions: 270000000 cycles: 108179646 heartbeat IPC: 1.18436 cumulative IPC: 1.18616 (Simulation time: 0 hr 10 min 27 sec) 
Heartbeat CPU 0 instructions: 280000001 cycles: 116606421 heartbeat IPC: 1.18669 cumulative IPC: 1.18623 (Simulation time: 0 hr 10 min 49 sec) 
Heartbeat CPU 0 instructions: 290000000 cycles: 125083936 heartbeat IPC: 1.17959 cumulative IPC: 1.18548 (Simulation time: 0 hr 11 min 10 sec) 
Heartbeat CPU 0 instructions: 300000000 cycles: 133531337 heartbeat IPC: 1.1838 cumulative IPC: 1.18532 (Simulation time: 0 hr 11 min 32 sec) 
Heartbeat CPU 0 instructions: 310000004 cycles: 141970449 heartbeat IPC: 1.18496 cumulative IPC: 1.18528 (Simulation time: 0 hr 11 min 54 sec) 
Heartbeat CPU 0 instructions: 320000001 cycles: 150438612 heartbeat IPC: 1.18089 cumulative IPC: 1.18492 (Simulation time: 0 hr 12 min 16 sec) 
Heartbeat CPU 0 instructions: 330000005 cycles: 158898246 heartbeat IPC: 1.18208 cumulative IPC: 1.1847 (Simulation time: 0 hr 12 min 37 sec) 
Heartbeat CPU 0 instructions: 340000000 cycles: 167341946 heartbeat IPC: 1.18431 cumulative IPC: 1.18467 (Simulation time: 0 hr 12 min 59 sec) 
Heartbeat CPU 0 instructions: 350000000 cycles: 175809064 heartbeat IPC: 1.18104 cumulative IPC: 1.18443 (Simulation time: 0 hr 13 min 21 sec) 
Heartbeat CPU 0 instructions: 360000000 cycles: 184277746 heartbeat IPC: 1.18082 cumulative IPC: 1.1842 (Simulation time: 0 hr 13 min 43 sec) 
Heartbeat CPU 0 instructions: 370000000 cycles: 192706590 heartbeat IPC: 1.1864 cumulative IPC: 1.18433 (Simulation time: 0 hr 14 min 4 sec) 
Heartbeat CPU 0 instructions: 380000001 cycles: 201177932 heartbeat IPC: 1.18045 cumulative IPC: 1.18411 (Simulation time: 0 hr 14 min 26 sec) 
Heartbeat CPU 0 instructions: 390000003 cycles: 209650331 heartbeat IPC: 1.1803 cumulative IPC: 1.18391 (Simulation time: 0 hr 14 min 49 sec) 
Heartbeat CPU 0 instructions: 400000004 cycles: 218082203 heartbeat IPC: 1.18598 cumulative IPC: 1.18402 (Simulation time: 0 hr 15 min 10 sec) 
Finished CPU 0 instructions: 200000003 cycles: 168916565 cumulative IPC: 1.18402 (Simulation time: 0 hr 15 min 10 sec) 

ChampSim completed all CPUs

Region of Interest Statistics

CPU 0 cumulative IPC: 1.18402 instructions: 200000003 cycles: 168916565
ITLB TOTAL     ACCESS:   28474512  HIT:   28474512  MISS:          0  HIT %:        100  MISS %:          0   MPKI: 0
ITLB LOAD TRANSLATION ACCESS:   28474512  HIT:   28474512  MISS:          0  HIT %:        100  MISS %:          0   MPKI: 0
ITLB PREFETCH  REQUESTED:          0  ISSUED:          0  USEFUL:          0  USELESS:          0
ITLB USEFUL LOAD PREFETCHES:          0 PREFETCH ISSUED TO LOWER LEVEL:          0  ACCURACY: -nan
ITLB TIMELY PREFETCHES:          0 LATE PREFETCHES: 0 DROPPED PREFETCHES: 0
ITLB PREFETCHES SAME FILL-ORIGIN LEVEL: 0 DIFFERENT FILL-ORIGIN LEVEL: 0
ITLB AVERAGE MISS LATENCY:       -nan cycles AVERAGE LOAD MISS LATENCY:       -nan cycles Load Miss          0
ITLB Average MSHR Occupancy: 2.84164e-07
ITLB RQ	ACCESS:   30126536	FORWARD:          0	MERGED:    1652025	TO_CACHE:   28474511

DTLB TOTAL     ACCESS:   42334216  HIT:   42307915  MISS:      26301  HIT %:    99.9379  MISS %:  0.0621271   MPKI: 0.131505
DTLB LOAD TRANSLATION ACCESS:   42334216  HIT:   42307915  MISS:      26301  HIT %:    99.9379  MISS %:  0.0621271   MPKI: 0.131505
DTLB PREFETCH  REQUESTED:          0  ISSUED:          0  USEFUL:          0  USELESS:          0
DTLB USEFUL LOAD PREFETCHES:          0 PREFETCH ISSUED TO LOWER LEVEL:          0  ACCURACY: -nan
DTLB TIMELY PREFETCHES:          0 LATE PREFETCHES: 0 DROPPED PREFETCHES: 0
DTLB PREFETCHES SAME FILL-ORIGIN LEVEL: 0 DIFFERENT FILL-ORIGIN LEVEL: 0
DTLB AVERAGE MISS LATENCY:    42.2803 cycles AVERAGE LOAD MISS LATENCY:       -nan cycles Load Miss          0
DTLB Average MSHR Occupancy: 0.00634881
DTLB RQ	ACCESS:   48942074	FORWARD:          0	MERGED:    6530497	TO_CACHE:   42411577

STLB TOTAL     ACCESS:      26301  HIT:       5065  MISS:      21236  HIT %:    19.2578  MISS %:    80.7422   MPKI: 0.10618
STLB LOAD TRANSLATION ACCESS:      26301  HIT:       5065  MISS:      21236  HIT %:    19.2578  MISS %:    80.7422   MPKI: 0.10618
STLB PREFETCH  REQUESTED:          0  ISSUED:          0  USEFUL:          0  USELESS:          0
STLB USEFUL LOAD PREFETCHES:          0 PREFETCH ISSUED TO LOWER LEVEL:          0  ACCURACY: -nan
STLB TIMELY PREFETCHES:          0 LATE PREFETCHES: 0 DROPPED PREFETCHES: 0
STLB PREFETCHES SAME FILL-ORIGIN LEVEL: 0 DIFFERENT FILL-ORIGIN LEVEL: 0
STLB AVERAGE MISS LATENCY:    41.2177 cycles AVERAGE LOAD MISS LATENCY:       -nan cycles Load Miss          0
STLB Average MSHR Occupancy: 0.00485174
STLB RQ	ACCESS:      26301	FORWARD:          0	MERGED:          0	TO_CACHE:      26301

STLB Hit, L1D data hit: 0
STLB Hit, L2C data hit: 0
STLB Hit, LLC data hit: 0
STLB Hit, LLC data miss: 0
STLB STLB hints to L2: 0
L1D TOTAL     ACCESS:   48738506  HIT:   44987356  MISS:    3751150  HIT %:    92.3035  MISS %:    7.69648   MPKI: 18.7557
L1D LOAD      ACCESS:   46299889  HIT:   42581644  MISS:    3718245  HIT %:    91.9692  MISS %:    8.03079   MPKI: 18.5912
L1D RFO       ACCESS:    2438617  HIT:    2405712  MISS:      32905  HIT %:    98.6507  MISS %:    1.34933   MPKI: 0.164525
L1D PREFETCH  REQUESTED:          0  ISSUED:          0  USEFUL:          0  USELESS:          0
L1D USEFUL LOAD PREFETCHES:          0 PREFETCH ISSUED TO LOWER LEVEL:          0  ACCURACY: -nan
L1D TIMELY PREFETCHES:          0 LATE PREFETCHES: 0 DROPPED PREFETCHES: 0
L1D PREFETCHES SAME FILL-ORIGIN LEVEL: 0 DIFFERENT FILL-ORIGIN LEVEL: 0
L1D AVERAGE MISS LATENCY:    48.6875 cycles AVERAGE LOAD MISS LATENCY:    47.6769 cycles Load Miss    3718245
L1D Average MSHR Occupancy:    1.06791
L1D RQ	ACCESS:   89687550	FORWARD:          0	MERGED:   43186776	TO_CACHE:   46470456
L1D WQ	ACCESS:    2471618	FORWARD:      30318	MERGED:          0	TO_CACHE:    2471618

L1D UNIQUE REGIONS ACCESSED: 0
L1D REGIONS CONFLICTS: 0
L1D Cross Page Prefetch Requests: 0
L1D Same Page Prefetch Requests: 0
L1D ROI Sum of L1D PQ occupancy: 0
L1D PREFETCHES PUSHED FROM L2C: 0
L1I TOTAL     ACCESS:   30124483  HIT:   30083391  MISS:      41092  HIT %:    99.8636  MISS %:   0.136407   MPKI: 0.20546
L1I LOAD      ACCESS:   30124483  HIT:   30083391  MISS:      41092  HIT %:    99.8636  MISS %:   0.136407   MPKI: 0.20546
L1I PREFETCH  REQUESTED:          0  ISSUED:          0  USEFUL:          0  USELESS:          0
L1I USEFUL LOAD PREFETCHES:          0 PREFETCH ISSUED TO LOWER LEVEL:          0  ACCURACY: -nan
L1I TIMELY PREFETCHES:          0 LATE PREFETCHES: 0 DROPPED PREFETCHES: 0
L1I PREFETCHES SAME FILL-ORIGIN LEVEL: 0 DIFFERENT FILL-ORIGIN LEVEL: 0
L1I AVERAGE MISS LATENCY:         14 cycles AVERAGE LOAD MISS LATENCY:         14 cycles Load Miss      41092
L1I Average MSHR Occupancy: 0.00318805
L1I RQ	ACCESS:   37332357	FORWARD:          0	MERGED:    7205821	TO_CACHE:   30126536

BTB TOTAL     ACCESS:   12937585  HIT:   12937561  MISS:         24  HIT %:    99.9998  MISS %: 0.000185506   MPKI: 0.00012
BTB BRANCH_DIRECT_JUMP	ACCESS:      65746  HIT:      65744  MISS:          2
BTB BRANCH_INDIRECT	ACCESS:          0  HIT:          0  MISS:          0
BTB BRANCH_CONDITIONAL	ACCESS:   11745939  HIT:   11745925  MISS:         14
BTB BRANCH_DIRECT_CALL	ACCESS:      36981  HIT:      36978  MISS:          3
BTB BRANCH_INDIRECT_CALL	ACCESS:     525969  HIT:     525968  MISS:          1
BTB BRANCH_RETURN	ACCESS:     562950  HIT:     562946  MISS:          4
BTB BRANCH_OTHER ACCESS:          0  HIT:          0  MISS:          0

L2C TOTAL     ACCESS:    6280281  HIT:    4924228  MISS:    1356053  HIT %:    78.4078  MISS %:    21.5922   MPKI: 6.78026
L2C LOAD      ACCESS:    3759337  HIT:    2730620  MISS:    1028717  HIT %:    72.6357  MISS %:    27.3643   MPKI: 5.14358
L2C DATA LOAD MPKI: 5.14358
L2C INSTRUCTION LOAD MPKI: 0
L2C RFO       ACCESS:      32905  HIT:         32  MISS:      32873  HIT %:  0.0972497  MISS %:    99.9028   MPKI: 0.164365
L2C PREFETCH  ACCESS:    2427130  HIT:    2135546  MISS:     291584  HIT %:    87.9865  MISS %:    12.0135   MPKI: 1.45792
AGUS PREFETCH L1 MISS: 0
L2C DATA PREFETCH MPKI: 1.45792
L2C INSTRUCTION PREFETCH MPKI: 0
L2C WRITEBACK ACCESS:      39673  HIT:      39646  MISS:         27  HIT %:    99.9319  MISS %:  0.0680564   MPKI: 0.000135
L2C LOAD TRANSLATION ACCESS:      21236  HIT:      18384  MISS:       2852  HIT %:      86.57  MISS %:      13.43   MPKI: 0.01426
L2C PREFETCH  REQUESTED:    3492458  ISSUED:    3482321  USEFUL:     290403  USELESS:       1147
L2C USEFUL LOAD PREFETCHES:     290403 PREFETCH ISSUED TO LOWER LEVEL:    1032322  ACCURACY: 28.131
L2C TIMELY PREFETCHES:     290403 LATE PREFETCHES: 739053 DROPPED PREFETCHES: 0
L2C PREFETCHES SAME FILL-ORIGIN LEVEL: 1030637 DIFFERENT FILL-ORIGIN LEVEL: 1685
L2C AVERAGE MISS LATENCY:    125.167 cycles AVERAGE LOAD MISS LATENCY:    124.749 cycles Load Miss    1028717
L2C Average MSHR Occupancy:    1.19768
L2C RQ	ACCESS:    3813478	FORWARD:          0	MERGED:          0	TO_CACHE:    3813478
L2C WQ	ACCESS:      39673	FORWARD:          0	MERGED:          0	TO_CACHE:      39673
L2C PQ	ACCESS:    3482321	FORWARD:          0	MERGED:      69950	TO_CACHE:    3412371

L2C Instructions Evicting Data 0
L2C Translations Evicting Data 2828
L2C Data Evicting Data 1350373
L2C Instructions Evicting Instructions 0
L2C Translations Evicting Instructions 0
L2C Data Evicting Instructions 0
L2C Instructions Evicting Translations 0
L2C Translations Evicting Translations 24
L2C Data Evicting Translations 2801
L2C Dense regions hint from L2: 0
PSCL5 TOTAL     ACCESS:      21236  HIT:      21236  MISS:          0  HIT %:        100  MISS %:          0   MPKI: 0
PSCL5 LOAD TRANSLATION ACCESS:      21236  HIT:      21236  MISS:          0  HIT %:        100  MISS %:          0   MPKI: 0
PSCL5 PREFETCH  REQUESTED:          0  ISSUED:          0  USEFUL:          0  USELESS:          0
PSCL5 USEFUL LOAD PREFETCHES:          0 PREFETCH ISSUED TO LOWER LEVEL:          0  ACCURACY: -nan
PSCL5 TIMELY PREFETCHES:          0 LATE PREFETCHES: 0 DROPPED PREFETCHES: 0
PSCL5 PREFETCHES SAME FILL-ORIGIN LEVEL: 0 DIFFERENT FILL-ORIGIN LEVEL: 0

PSCL4 TOTAL     ACCESS:      21236  HIT:      21236  MISS:          0  HIT %:        100  MISS %:          0   MPKI: 0
PSCL4 LOAD TRANSLATION ACCESS:      21236  HIT:      21236  MISS:          0  HIT %:        100  MISS %:          0   MPKI: 0
PSCL4 PREFETCH  REQUESTED:          0  ISSUED:          0  USEFUL:          0  USELESS:          0
PSCL4 USEFUL LOAD PREFETCHES:          0 PREFETCH ISSUED TO LOWER LEVEL:          0  ACCURACY: -nan
PSCL4 TIMELY PREFETCHES:          0 LATE PREFETCHES: 0 DROPPED PREFETCHES: 0
PSCL4 PREFETCHES SAME FILL-ORIGIN LEVEL: 0 DIFFERENT FILL-ORIGIN LEVEL: 0

PSCL3 TOTAL     ACCESS:      21236  HIT:      21236  MISS:          0  HIT %:        100  MISS %:          0   MPKI: 0
PSCL3 LOAD TRANSLATION ACCESS:      21236  HIT:      21236  MISS:          0  HIT %:        100  MISS %:          0   MPKI: 0
PSCL3 PREFETCH  REQUESTED:          0  ISSUED:          0  USEFUL:          0  USELESS:          0
PSCL3 USEFUL LOAD PREFETCHES:          0 PREFETCH ISSUED TO LOWER LEVEL:          0  ACCURACY: -nan
PSCL3 TIMELY PREFETCHES:          0 LATE PREFETCHES: 0 DROPPED PREFETCHES: 0
PSCL3 PREFETCHES SAME FILL-ORIGIN LEVEL: 0 DIFFERENT FILL-ORIGIN LEVEL: 0

PSCL2 TOTAL     ACCESS:      21236  HIT:      21235  MISS:          1  HIT %:    99.9953  MISS %: 0.00470898   MPKI: 5e-06
PSCL2 LOAD TRANSLATION ACCESS:      21236  HIT:      21235  MISS:          1  HIT %:    99.9953  MISS %: 0.00470898   MPKI: 5e-06
PSCL2 PREFETCH  REQUESTED:          0  ISSUED:          0  USEFUL:          0  USELESS:          0
PSCL2 USEFUL LOAD PREFETCHES:          0 PREFETCH ISSUED TO LOWER LEVEL:          0  ACCURACY: -nan
PSCL2 TIMELY PREFETCHES:          0 LATE PREFETCHES: 0 DROPPED PREFETCHES: 0
PSCL2 PREFETCHES SAME FILL-ORIGIN LEVEL: 0 DIFFERENT FILL-ORIGIN LEVEL: 0

LLC TOTAL     ACCESS:    1390091  HIT:     293059  MISS:    1097032  HIT %:     21.082  MISS %:     78.918   MPKI: 5.48516
LLC LOAD      ACCESS:     289664  HIT:      64254  MISS:     225410  HIT %:    22.1823  MISS %:    77.8177   MPKI: 1.12705
LLC RFO       ACCESS:      32873  HIT:          0  MISS:      32873  HIT %:          0  MISS %:        100   MPKI: 0.164365
LLC PREFETCH  ACCESS:    1032319  HIT:     226468  MISS:     805851  HIT %:    21.9378  MISS %:    78.0622   MPKI: 4.02925
AGUS PREFETCH L1 MISS: 0
LLC WRITEBACK ACCESS:      32383  HIT:        961  MISS:      31422  HIT %:    2.96761  MISS %:    97.0324   MPKI: 0.15711
LLC LOAD TRANSLATION ACCESS:       2852  HIT:       1376  MISS:       1476  HIT %:    48.2468  MISS %:    51.7532   MPKI: 0.00738
LLC PREFETCH  REQUESTED:          0  ISSUED:          0  USEFUL:       7374  USELESS:       2707
LLC USEFUL LOAD PREFETCHES:       7374 PREFETCH ISSUED TO LOWER LEVEL:     805851  ACCURACY: 0.915057
LLC TIMELY PREFETCHES:       7374 LATE PREFETCHES: 0 DROPPED PREFETCHES: 0
LLC PREFETCHES SAME FILL-ORIGIN LEVEL: 59 DIFFERENT FILL-ORIGIN LEVEL: 0
LLC AVERAGE MISS LATENCY:    128.979 cycles AVERAGE LOAD MISS LATENCY:    131.602 cycles Load Miss     225410
LLC Average MSHR Occupancy:   0.831349
LLC RQ	ACCESS:     325389	FORWARD:          0	MERGED:          0	TO_CACHE:     325389
LLC WQ	ACCESS:      32383	FORWARD:          0	MERGED:          0	TO_CACHE:      32383
LLC PQ	ACCESS:    1032322	FORWARD:          0	MERGED:          3	TO_CACHE:    1032319

LLC Dense regions hint to LLC: 0

RAW hits: 156739
Loads Generated: 89844253
Loads sent to L1D: 89687550
Stores Generated: 2471618
Stores sent to L1D: 2471618
Major fault: 0 Minor fault: 4438
Allocated PAGES: 4438
------------------
Depth Distribution
------------------
depth 0: 469244
depth 1: 26380
depth 2: 57314
depth 3: 154446
depth 4: 367882
depth 5: 856362
depth 6: 968739
depth 7: 1097015
depth 8: 908795
depth 9: 1394781
depth 10: 282884
depth 11: 723148
depth 12: 106775
depth 13: 13048
depth 14: 9274
depth 15: 162
depth 16: 148
depth 17: 73
depth 18: 42
depth 19: 5
depth 20: 0
depth 21: 3
depth 22: 1
depth 23: 0
depth 24: 2
depth 25: 1
depth 26: 0
depth 27: 0
depth 28: 0
depth 29: 2
Total: 7436526
------------------
ST read accesses: 3697596
ST write accesses: 20649
PT read accesses: 133256424
PT write accesses: 5373974
FILTER read accesses: 35597998
FILTER write accesses: 8832540
GHR read accesses: 14409362
GHR write accesses: 2319498
PERC read accesses: 935676036
PERC write accesses: 26906010
GHR counter read accesses: 7436490
GHR counter write accesses: 9938345
GHR ip read accesses: 21669552
GHR ip write accesses: 14872980
ST tag read accesses: 1462725367
ST tag write accesses: 14104262
================ Mockingjay (LLC) Pollution Stats ================
Total pollution count in LLC: 47912
==================================================================

DRAM Statistics
 CHANNEL 0
 RQ ROW_BUFFER_HIT:     934998  ROW_BUFFER_MISS:     130612
 DBUS_CONGESTED:       1546
 WQ ROW_BUFFER_HIT:      15098  ROW_BUFFER_MISS:      13227  FULL:          0

 AVG_CONGESTED_CYCLE: 4
 All warmup complete: 2
Channel 0 Bank busy for read cycles: 0
Channel 0 Bank busy for write cycles: 0
Channel 0
Rank 0
0banks busy for read cycles: 151031456
0banks busy for write cycles: 3060
1banks busy for read cycles: 3919819
1banks busy for write cycles: 550587
2banks busy for read cycles: 1396750
2banks busy for write cycles: 288180
3banks busy for read cycles: 1413957
3banks busy for write cycles: 238871
4banks busy for read cycles: 1491189
4banks busy for write cycles: 203258
5banks busy for read cycles: 1517816
5banks busy for write cycles: 182356
6banks busy for read cycles: 1605803
6banks busy for write cycles: 193613
7banks busy for read cycles: 1791573
7banks busy for write cycles: 240843
8banks busy for read cycles: 2459890
8banks busy for write cycles: 387545

CPU 0 Branch Prediction Accuracy: 99.7518% MPKI: 0.174635 Average ROB Occupancy at Mispredict: 47.4094
Branch types
NOT_BRANCH: 185925758 92.9629%
BRANCH_DIRECT_JUMP: 65746 0.032873%
BRANCH_INDIRECT: 0 0%
BRANCH_CONDITIONAL: 12882119 6.44106%
BRANCH_DIRECT_CALL: 36981 0.0184905%
BRANCH_INDIRECT_CALL: 525969 0.262984%
BRANCH_RETURN: 562950 0.281475%
BRANCH_OTHER: 0 0%

===================== LRU L1D STATS =====================
Total pollution count in L1D: 0
=========================================================
================ SRRIP (L2C) Pollution Stats ================
Total pollution count in L2c: 1570496
==================================================================
DRAM PAGES: 1048576
Allocated PAGES: 4438
