
*** ChampSim Multicore Out-of-Order Simulator ***

Warmup Instructions: 200000000
Simulation Instructions: 200000000
Number of CPUs: 1
LLC sets: 4096
LLC ways: 12
Off-chip DRAM Size: 4096 MB Channels: 1 Width: 64-bit Data Rate: 6400 MT/s
CPU 0 runs /home1/sweta/traces/DPC4-Traces/Google_Traces_v2/Google_Traces_v2/arizona/arizona_0002.champsim.gz
.gz
BTB has LRU replacement policy
ITLB has LRU replacement policy
DTLB has LRU replacement policy
STLB has LRU replacement policy
L1I has LRU replacement policy
L1D has LRU replacement policy
Bingo PHT WAYS: 16 and PHT_SIZE: 16384
Initialize SRRIP state for L2C
Initialize Mockingjay state for LLC
Heartbeat CPU 0 instructions: 10000002 cycles: 2450010 heartbeat IPC: 4.08162 cumulative IPC: 4.08162 (Simulation time: 0 hr 0 min 21 sec) 
Heartbeat CPU 0 instructions: 20000003 cycles: 4656287 heartbeat IPC: 4.53252 cumulative IPC: 4.29527 (Simulation time: 0 hr 0 min 38 sec) 
Heartbeat CPU 0 instructions: 30000003 cycles: 6866037 heartbeat IPC: 4.5254 cumulative IPC: 4.36933 (Simulation time: 0 hr 0 min 56 sec) 
Heartbeat CPU 0 instructions: 40000000 cycles: 9066624 heartbeat IPC: 4.54424 cumulative IPC: 4.41179 (Simulation time: 0 hr 1 min 13 sec) 
Heartbeat CPU 0 instructions: 50000001 cycles: 11251688 heartbeat IPC: 4.57653 cumulative IPC: 4.44378 (Simulation time: 0 hr 1 min 31 sec) 
Heartbeat CPU 0 instructions: 60000007 cycles: 13422723 heartbeat IPC: 4.6061 cumulative IPC: 4.47003 (Simulation time: 0 hr 1 min 52 sec) 
Heartbeat CPU 0 instructions: 70000001 cycles: 15630300 heartbeat IPC: 4.52985 cumulative IPC: 4.47848 (Simulation time: 0 hr 2 min 9 sec) 
Heartbeat CPU 0 instructions: 80000003 cycles: 17868464 heartbeat IPC: 4.46795 cumulative IPC: 4.47716 (Simulation time: 0 hr 2 min 28 sec) 
Heartbeat CPU 0 instructions: 90000000 cycles: 20065221 heartbeat IPC: 4.55216 cumulative IPC: 4.48537 (Simulation time: 0 hr 2 min 46 sec) 
Heartbeat CPU 0 instructions: 100000002 cycles: 22272323 heartbeat IPC: 4.53083 cumulative IPC: 4.48988 (Simulation time: 0 hr 3 min 4 sec) 
Heartbeat CPU 0 instructions: 110000000 cycles: 24481310 heartbeat IPC: 4.52696 cumulative IPC: 4.49322 (Simulation time: 0 hr 3 min 21 sec) 
Heartbeat CPU 0 instructions: 120000006 cycles: 26729913 heartbeat IPC: 4.44721 cumulative IPC: 4.48935 (Simulation time: 0 hr 3 min 44 sec) 
Heartbeat CPU 0 instructions: 130000002 cycles: 28967684 heartbeat IPC: 4.46873 cumulative IPC: 4.48776 (Simulation time: 0 hr 4 min 4 sec) 
Heartbeat CPU 0 instructions: 140000000 cycles: 31193368 heartbeat IPC: 4.493 cumulative IPC: 4.48813 (Simulation time: 0 hr 4 min 22 sec) 
Heartbeat CPU 0 instructions: 150000001 cycles: 33401969 heartbeat IPC: 4.52775 cumulative IPC: 4.49075 (Simulation time: 0 hr 4 min 40 sec) 
Heartbeat CPU 0 instructions: 160000001 cycles: 35609101 heartbeat IPC: 4.53077 cumulative IPC: 4.49323 (Simulation time: 0 hr 4 min 58 sec) 
Heartbeat CPU 0 instructions: 170000004 cycles: 37817433 heartbeat IPC: 4.52831 cumulative IPC: 4.49528 (Simulation time: 0 hr 5 min 16 sec) 
Heartbeat CPU 0 instructions: 180000000 cycles: 40032463 heartbeat IPC: 4.51461 cumulative IPC: 4.49635 (Simulation time: 0 hr 5 min 33 sec) 
Heartbeat CPU 0 instructions: 190000001 cycles: 42237043 heartbeat IPC: 4.53601 cumulative IPC: 4.49842 (Simulation time: 0 hr 5 min 51 sec) 
Heartbeat CPU 0 instructions: 200000001 cycles: 44413044 heartbeat IPC: 4.59559 cumulative IPC: 4.50318 (Simulation time: 0 hr 6 min 9 sec) 

Warmup complete CPU 0 instructions: 200000001 cycles: 44413044 (Simulation time: 0 hr 6 min 9 sec) 

Heartbeat CPU 0 instructions: 210000000 cycles: 50837837 heartbeat IPC: 1.55647 cumulative IPC: 1.55647 (Simulation time: 0 hr 6 min 40 sec) 
Heartbeat CPU 0 instructions: 220000002 cycles: 56952538 heartbeat IPC: 1.6354 cumulative IPC: 1.59496 (Simulation time: 0 hr 7 min 13 sec) 
Heartbeat CPU 0 instructions: 230000001 cycles: 79329669 heartbeat IPC: 0.446885 cumulative IPC: 0.85919 (Simulation time: 0 hr 7 min 48 sec) 
Heartbeat CPU 0 instructions: 240000006 cycles: 88643996 heartbeat IPC: 1.07362 cumulative IPC: 0.904344 (Simulation time: 0 hr 8 min 19 sec) 
Heartbeat CPU 0 instructions: 250000001 cycles: 95077971 heartbeat IPC: 1.55425 cumulative IPC: 0.986876 (Simulation time: 0 hr 8 min 47 sec) 
Heartbeat CPU 0 instructions: 260000000 cycles: 108720713 heartbeat IPC: 0.73299 cumulative IPC: 0.933015 (Simulation time: 0 hr 9 min 17 sec) 
Heartbeat CPU 0 instructions: 270000000 cycles: 117598141 heartbeat IPC: 1.12645 cumulative IPC: 0.956479 (Simulation time: 0 hr 9 min 49 sec) 
Heartbeat CPU 0 instructions: 280000001 cycles: 124568319 heartbeat IPC: 1.43468 cumulative IPC: 0.998063 (Simulation time: 0 hr 10 min 20 sec) 
Heartbeat CPU 0 instructions: 290000002 cycles: 130101119 heartbeat IPC: 1.8074 cumulative IPC: 1.05032 (Simulation time: 0 hr 10 min 50 sec) 
Heartbeat CPU 0 instructions: 300000003 cycles: 136375058 heartbeat IPC: 1.5939 cumulative IPC: 1.08741 (Simulation time: 0 hr 11 min 20 sec) 
Heartbeat CPU 0 instructions: 310000005 cycles: 154412110 heartbeat IPC: 0.554414 cumulative IPC: 1.00001 (Simulation time: 0 hr 11 min 52 sec) 
Heartbeat CPU 0 instructions: 320000000 cycles: 162057506 heartbeat IPC: 1.30798 cumulative IPC: 1.02002 (Simulation time: 0 hr 12 min 22 sec) 
Heartbeat CPU 0 instructions: 330000002 cycles: 168139043 heartbeat IPC: 1.64432 cumulative IPC: 1.05071 (Simulation time: 0 hr 12 min 52 sec) 
Heartbeat CPU 0 instructions: 340000002 cycles: 173515147 heartbeat IPC: 1.86008 cumulative IPC: 1.08441 (Simulation time: 0 hr 13 min 22 sec) 
Heartbeat CPU 0 instructions: 350000002 cycles: 179030077 heartbeat IPC: 1.81326 cumulative IPC: 1.11427 (Simulation time: 0 hr 13 min 52 sec) 
Heartbeat CPU 0 instructions: 360000000 cycles: 185631085 heartbeat IPC: 1.51492 cumulative IPC: 1.133 (Simulation time: 0 hr 14 min 22 sec) 
Heartbeat CPU 0 instructions: 370000001 cycles: 191635767 heartbeat IPC: 1.66537 cumulative IPC: 1.15471 (Simulation time: 0 hr 14 min 52 sec) 
Heartbeat CPU 0 instructions: 380000001 cycles: 198826106 heartbeat IPC: 1.39076 cumulative IPC: 1.1657 (Simulation time: 0 hr 15 min 23 sec) 
Heartbeat CPU 0 instructions: 390000004 cycles: 205176079 heartbeat IPC: 1.57481 cumulative IPC: 1.18186 (Simulation time: 0 hr 15 min 54 sec) 
Heartbeat CPU 0 instructions: 400000000 cycles: 210651131 heartbeat IPC: 1.82647 cumulative IPC: 1.20309 (Simulation time: 0 hr 16 min 24 sec) 
Finished CPU 0 instructions: 200000002 cycles: 166238088 cumulative IPC: 1.20309 (Simulation time: 0 hr 16 min 24 sec) 

ChampSim completed all CPUs

Region of Interest Statistics

CPU 0 cumulative IPC: 1.20309 instructions: 200000002 cycles: 166238088
ITLB TOTAL     ACCESS:   17396416  HIT:   17349463  MISS:      46953  HIT %:    99.7301  MISS %:     0.2699   MPKI: 0.234765
ITLB LOAD TRANSLATION ACCESS:   17396416  HIT:   17349463  MISS:      46953  HIT %:    99.7301  MISS %:     0.2699   MPKI: 0.234765
ITLB PREFETCH  REQUESTED:          0  ISSUED:          0  USEFUL:          0  USELESS:          0
ITLB USEFUL LOAD PREFETCHES:          0 PREFETCH ISSUED TO LOWER LEVEL:          0  ACCURACY: -nan
ITLB TIMELY PREFETCHES:          0 LATE PREFETCHES: 0 DROPPED PREFETCHES: 0
ITLB PREFETCHES SAME FILL-ORIGIN LEVEL: 0 DIFFERENT FILL-ORIGIN LEVEL: 0
ITLB AVERAGE MISS LATENCY:    27.0264 cycles AVERAGE LOAD MISS LATENCY:       -nan cycles Load Miss          0
ITLB Average MSHR Occupancy: 0.00736768
ITLB RQ	ACCESS:   18855535	FORWARD:          0	MERGED:    1410775	TO_CACHE:   17444760

DTLB TOTAL     ACCESS:   19437288  HIT:   19005835  MISS:     431453  HIT %:    97.7803  MISS %:    2.21972   MPKI: 2.15726
DTLB LOAD TRANSLATION ACCESS:   19437288  HIT:   19005835  MISS:     431453  HIT %:    97.7803  MISS %:    2.21972   MPKI: 2.15726
DTLB PREFETCH  REQUESTED:          0  ISSUED:          0  USEFUL:          0  USELESS:          0
DTLB USEFUL LOAD PREFETCHES:          0 PREFETCH ISSUED TO LOWER LEVEL:          0  ACCURACY: -nan
DTLB TIMELY PREFETCHES:          0 LATE PREFETCHES: 0 DROPPED PREFETCHES: 0
DTLB PREFETCHES SAME FILL-ORIGIN LEVEL: 0 DIFFERENT FILL-ORIGIN LEVEL: 0
DTLB AVERAGE MISS LATENCY:    49.5953 cycles AVERAGE LOAD MISS LATENCY:       -nan cycles Load Miss          0
DTLB Average MSHR Occupancy:   0.112353
DTLB RQ	ACCESS:   24451925	FORWARD:          0	MERGED:    4950781	TO_CACHE:   19501144

STLB TOTAL     ACCESS:     478406  HIT:     368937  MISS:     109469  HIT %:     77.118  MISS %:     22.882   MPKI: 0.547345
STLB LOAD TRANSLATION ACCESS:     478406  HIT:     368937  MISS:     109469  HIT %:     77.118  MISS %:     22.882   MPKI: 0.547345
STLB PREFETCH  REQUESTED:          0  ISSUED:          0  USEFUL:          0  USELESS:          0
STLB USEFUL LOAD PREFETCHES:          0 PREFETCH ISSUED TO LOWER LEVEL:          0  ACCURACY: -nan
STLB TIMELY PREFETCHES:          0 LATE PREFETCHES: 0 DROPPED PREFETCHES: 0
STLB PREFETCHES SAME FILL-ORIGIN LEVEL: 0 DIFFERENT FILL-ORIGIN LEVEL: 0
STLB AVERAGE MISS LATENCY:    167.054 cycles AVERAGE LOAD MISS LATENCY:       -nan cycles Load Miss          0
STLB Average MSHR Occupancy:  0.0948038
STLB RQ	ACCESS:     478406	FORWARD:          0	MERGED:          0	TO_CACHE:     478406

STLB Hit, L1D data hit: 0
STLB Hit, L2C data hit: 0
STLB Hit, LLC data hit: 0
STLB Hit, LLC data miss: 0
STLB STLB hints to L2: 0
L1D TOTAL     ACCESS:   23497709  HIT:   21997035  MISS:    1500674  HIT %:    93.6135  MISS %:    6.38647   MPKI: 7.50337
L1D LOAD      ACCESS:   14817214  HIT:   13718912  MISS:    1098302  HIT %:    92.5877  MISS %:    7.41234   MPKI: 5.49151
L1D RFO       ACCESS:    8680495  HIT:    8278123  MISS:     402372  HIT %:    95.3646  MISS %:    4.63536   MPKI: 2.01186
L1D PREFETCH  REQUESTED:          0  ISSUED:          0  USEFUL:          0  USELESS:          0
L1D USEFUL LOAD PREFETCHES:          0 PREFETCH ISSUED TO LOWER LEVEL:          0  ACCURACY: -nan
L1D TIMELY PREFETCHES:          0 LATE PREFETCHES: 0 DROPPED PREFETCHES: 0
L1D PREFETCHES SAME FILL-ORIGIN LEVEL: 0 DIFFERENT FILL-ORIGIN LEVEL: 0
L1D AVERAGE MISS LATENCY:    56.8953 cycles AVERAGE LOAD MISS LATENCY:    45.1306 cycles Load Miss    1098302
L1D Average MSHR Occupancy:   0.509579
L1D RQ	ACCESS:   31243554	FORWARD:          0	MERGED:   16127697	TO_CACHE:   14877809
L1D WQ	ACCESS:    9718170	FORWARD:     238048	MERGED:     144054	TO_CACHE:    9574116

L1D UNIQUE REGIONS ACCESSED: 0
L1D REGIONS CONFLICTS: 0
L1D Cross Page Prefetch Requests: 0
L1D Same Page Prefetch Requests: 0
L1D ROI Sum of L1D PQ occupancy: 0
L1D PREFETCHES PUSHED FROM L2C: 0
L1I TOTAL     ACCESS:   18735819  HIT:   16189216  MISS:    2546603  HIT %:    86.4078  MISS %:    13.5922   MPKI: 12.733
L1I LOAD      ACCESS:   18735819  HIT:   16189216  MISS:    2546603  HIT %:    86.4078  MISS %:    13.5922   MPKI: 12.733
L1I PREFETCH  REQUESTED:          0  ISSUED:          0  USEFUL:          0  USELESS:          0
L1I USEFUL LOAD PREFETCHES:          0 PREFETCH ISSUED TO LOWER LEVEL:          0  ACCURACY: -nan
L1I TIMELY PREFETCHES:          0 LATE PREFETCHES: 0 DROPPED PREFETCHES: 0
L1I PREFETCHES SAME FILL-ORIGIN LEVEL: 0 DIFFERENT FILL-ORIGIN LEVEL: 0
L1I AVERAGE MISS LATENCY:    19.0755 cycles AVERAGE LOAD MISS LATENCY:    19.0755 cycles Load Miss    2546603
L1I Average MSHR Occupancy:   0.284715
L1I RQ	ACCESS:   52303087	FORWARD:          0	MERGED:   33447552	TO_CACHE:   18855535

BTB TOTAL     ACCESS:    4711383  HIT:    4509748  MISS:     201635  HIT %:    95.7203  MISS %:    4.27974   MPKI: 1.00817
BTB BRANCH_DIRECT_JUMP	ACCESS:     876953  HIT:     865938  MISS:      11015
BTB BRANCH_INDIRECT	ACCESS:      30715  HIT:      24676  MISS:       6039
BTB BRANCH_CONDITIONAL	ACCESS:    3227730  HIT:    3202415  MISS:      25315
BTB BRANCH_DIRECT_CALL	ACCESS:     238466  HIT:     219687  MISS:      18779
BTB BRANCH_INDIRECT_CALL	ACCESS:      46649  HIT:      40387  MISS:       6262
BTB BRANCH_RETURN	ACCESS:     288065  HIT:     154678  MISS:     133387
BTB BRANCH_OTHER ACCESS:       2805  HIT:       1967  MISS:        838

L2C TOTAL     ACCESS:    5676832  HIT:    4661426  MISS:    1015406  HIT %:    82.1132  MISS %:    17.8868   MPKI: 5.07703
L2C LOAD      ACCESS:    3644903  HIT:    3368885  MISS:     276018  HIT %:    92.4273  MISS %:    7.57271   MPKI: 1.38009
L2C DATA LOAD MPKI: 0.943525
L2C INSTRUCTION LOAD MPKI: 0.436565
L2C RFO       ACCESS:     402368  HIT:     262919  MISS:     139449  HIT %:    65.3429  MISS %:    34.6571   MPKI: 0.697245
L2C PREFETCH  ACCESS:     915331  HIT:     375216  MISS:     540115  HIT %:    40.9924  MISS %:    59.0076   MPKI: 2.70057
AGUS PREFETCH L1 MISS: 0
L2C DATA PREFETCH MPKI: 2.70057
L2C INSTRUCTION PREFETCH MPKI: 0
L2C WRITEBACK ACCESS:     545246  HIT:     544642  MISS:        604  HIT %:    99.8892  MISS %:   0.110776   MPKI: 0.00302
L2C LOAD TRANSLATION ACCESS:     168984  HIT:     109764  MISS:      59220  HIT %:    64.9553  MISS %:    35.0447   MPKI: 0.2961
L2C PREFETCH  REQUESTED:     960019  ISSUED:     960019  USEFUL:     434191  USELESS:     108676
L2C USEFUL LOAD PREFETCHES:     434191 PREFETCH ISSUED TO LOWER LEVEL:     554026  ACCURACY: 78.3701
L2C TIMELY PREFETCHES:     434191 LATE PREFETCHES: 13911 DROPPED PREFETCHES: 0
L2C PREFETCHES SAME FILL-ORIGIN LEVEL: 554026 DIFFERENT FILL-ORIGIN LEVEL: 0
L2C AVERAGE MISS LATENCY:     206.39 cycles AVERAGE LOAD MISS LATENCY:    163.197 cycles Load Miss     276018
L2C Average MSHR Occupancy:    1.25634
L2C RQ	ACCESS:    4216261	FORWARD:          0	MERGED:          0	TO_CACHE:    4216255
L2C WQ	ACCESS:     545246	FORWARD:         16	MERGED:          0	TO_CACHE:     545246
L2C PQ	ACCESS:     960019	FORWARD:          0	MERGED:          0	TO_CACHE:     960009

L2C Instructions Evicting Data 74265
L2C Translations Evicting Data 50425
L2C Data Evicting Data 744207
L2C Instructions Evicting Instructions 8330
L2C Translations Evicting Instructions 5377
L2C Data Evicting Instructions 73079
L2C Instructions Evicting Translations 4718
L2C Translations Evicting Translations 3458
L2C Data Evicting Translations 51719
L2C Dense regions hint from L2: 0
PSCL5 TOTAL     ACCESS:     109469  HIT:     109469  MISS:          0  HIT %:        100  MISS %:          0   MPKI: 0
PSCL5 LOAD TRANSLATION ACCESS:     109469  HIT:     109469  MISS:          0  HIT %:        100  MISS %:          0   MPKI: 0
PSCL5 PREFETCH  REQUESTED:          0  ISSUED:          0  USEFUL:          0  USELESS:          0
PSCL5 USEFUL LOAD PREFETCHES:          0 PREFETCH ISSUED TO LOWER LEVEL:          0  ACCURACY: -nan
PSCL5 TIMELY PREFETCHES:          0 LATE PREFETCHES: 0 DROPPED PREFETCHES: 0
PSCL5 PREFETCHES SAME FILL-ORIGIN LEVEL: 0 DIFFERENT FILL-ORIGIN LEVEL: 0

PSCL4 TOTAL     ACCESS:      96383  HIT:      96125  MISS:        258  HIT %:    99.7323  MISS %:   0.267682   MPKI: 0.00129
PSCL4 LOAD TRANSLATION ACCESS:      96383  HIT:      96125  MISS:        258  HIT %:    99.7323  MISS %:   0.267682   MPKI: 0.00129
PSCL4 PREFETCH  REQUESTED:          0  ISSUED:          0  USEFUL:          0  USELESS:          0
PSCL4 USEFUL LOAD PREFETCHES:          0 PREFETCH ISSUED TO LOWER LEVEL:          0  ACCURACY: -nan
PSCL4 TIMELY PREFETCHES:          0 LATE PREFETCHES: 0 DROPPED PREFETCHES: 0
PSCL4 PREFETCHES SAME FILL-ORIGIN LEVEL: 0 DIFFERENT FILL-ORIGIN LEVEL: 0

PSCL3 TOTAL     ACCESS:     108611  HIT:     104922  MISS:       3689  HIT %:    96.6035  MISS %:    3.39653   MPKI: 0.018445
PSCL3 LOAD TRANSLATION ACCESS:     108611  HIT:     104922  MISS:       3689  HIT %:    96.6035  MISS %:    3.39653   MPKI: 0.018445
PSCL3 PREFETCH  REQUESTED:          0  ISSUED:          0  USEFUL:          0  USELESS:          0
PSCL3 USEFUL LOAD PREFETCHES:          0 PREFETCH ISSUED TO LOWER LEVEL:          0  ACCURACY: -nan
PSCL3 TIMELY PREFETCHES:          0 LATE PREFETCHES: 0 DROPPED PREFETCHES: 0
PSCL3 PREFETCHES SAME FILL-ORIGIN LEVEL: 0 DIFFERENT FILL-ORIGIN LEVEL: 0

PSCL2 TOTAL     ACCESS:     109469  HIT:      53731  MISS:      55738  HIT %:    49.0833  MISS %:    50.9167   MPKI: 0.27869
PSCL2 LOAD TRANSLATION ACCESS:     109469  HIT:      53731  MISS:      55738  HIT %:    49.0833  MISS %:    50.9167   MPKI: 0.27869
PSCL2 PREFETCH  REQUESTED:          0  ISSUED:          0  USEFUL:          0  USELESS:          0
PSCL2 USEFUL LOAD PREFETCHES:          0 PREFETCH ISSUED TO LOWER LEVEL:          0  ACCURACY: -nan
PSCL2 TIMELY PREFETCHES:          0 LATE PREFETCHES: 0 DROPPED PREFETCHES: 0
PSCL2 PREFETCHES SAME FILL-ORIGIN LEVEL: 0 DIFFERENT FILL-ORIGIN LEVEL: 0

LLC TOTAL     ACCESS:    1450858  HIT:     257232  MISS:    1193626  HIT %:    17.7296  MISS %:    82.2704   MPKI: 5.96813
LLC LOAD      ACCESS:     262226  HIT:      99313  MISS:     162913  HIT %:    37.8731  MISS %:    62.1269   MPKI: 0.814565
LLC RFO       ACCESS:     139324  HIT:      10231  MISS:     129093  HIT %:    7.34331  MISS %:    92.6567   MPKI: 0.645465
LLC PREFETCH  ACCESS:     554024  HIT:      35206  MISS:     518818  HIT %:     6.3546  MISS %:    93.6454   MPKI: 2.59409
AGUS PREFETCH L1 MISS: 0
LLC WRITEBACK ACCESS:     436064  HIT:      87379  MISS:     348685  HIT %:    20.0381  MISS %:    79.9619   MPKI: 1.74342
LLC LOAD TRANSLATION ACCESS:      59220  HIT:      25103  MISS:      34117  HIT %:    42.3894  MISS %:    57.6106   MPKI: 0.170585
LLC PREFETCH  REQUESTED:          0  ISSUED:          0  USEFUL:         36  USELESS:        277
LLC USEFUL LOAD PREFETCHES:         36 PREFETCH ISSUED TO LOWER LEVEL:     518818  ACCURACY: 0.00693885
LLC TIMELY PREFETCHES:         36 LATE PREFETCHES: 0 DROPPED PREFETCHES: 0
LLC PREFETCHES SAME FILL-ORIGIN LEVEL: 0 DIFFERENT FILL-ORIGIN LEVEL: 0
LLC AVERAGE MISS LATENCY:    138.102 cycles AVERAGE LOAD MISS LATENCY:    194.435 cycles Load Miss     162913
LLC Average MSHR Occupancy:   0.986523
LLC RQ	ACCESS:     460776	FORWARD:          0	MERGED:          0	TO_CACHE:     460770
LLC WQ	ACCESS:     436064	FORWARD:          8	MERGED:          0	TO_CACHE:     436064
LLC PQ	ACCESS:     554026	FORWARD:          0	MERGED:          0	TO_CACHE:     554024

LLC Dense regions hint to LLC: 0

RAW hits: 678434
Loads Generated: 31921995
Loads sent to L1D: 31243554
Stores Generated: 9718167
Stores sent to L1D: 9718170
Major fault: 0 Minor fault: 61128
Allocated PAGES: 61128
[Bingo] PHT Access: 164410
[Bingo] PHT Hit PC+Addr: 31701
[Bingo] PHT Hit PC+Offs: 81285
[Bingo] PHT Miss: 51424
[Bingo] Prefetch PC+Addr: 0
[Bingo] Prefetch PC+Offs: 0
[Bingo] Useful PC+Addr: 0
[Bingo] Useful PC+Offs: 0
[Bingo] Useless PC+Addr: 0
[Bingo] Useless PC+Offs: 0
[Bingo] L1 Prefetch per Region: 0
[Bingo] L2 Prefetch per Region: 9.84914
[Bingo] L3 Prefetch per Region: 0
[Bingo] No Prefetch per Region: 22.1509
[Bingo] Number of Voters Mean: 8.88014
[Bingo] Number of Voters SD: 11.2181
PHT read accesses: 2234006
PHT write accesses: 71222
AT read accesses: 922905
AT write accesses: 990191
FT read accesses: 245266
FT write accesses: 164410
PS read accesses: 277045
PS write accesses: 112986
PHT tag read accesses: 4263044
PHT tag write accesses: 102923
AT tag read accesses: 37208624
AT tag write accesses: 994127
FT tag read accesses: 26088050
FT tag write accesses: 323533
PS tag read accesses: 21785765
PS tag write accesses: 386914
================ Mockingjay (LLC) Pollution Stats ================
Total pollution count in LLC: 9642
==================================================================

DRAM Statistics
 CHANNEL 0
 RQ ROW_BUFFER_HIT:     382480  ROW_BUFFER_MISS:     462448
 DBUS_CONGESTED:        820
 WQ ROW_BUFFER_HIT:      90248  ROW_BUFFER_MISS:     320977  FULL:      81612

 AVG_CONGESTED_CYCLE: 5
 All warmup complete: 2
Channel 0 Bank busy for read cycles: 0
Channel 0 Bank busy for write cycles: 0
Channel 0
Rank 0
0banks busy for read cycles: 109236986
0banks busy for write cycles: 62967
1banks busy for read cycles: 16174227
1banks busy for write cycles: 8880039
2banks busy for read cycles: 5873466
2banks busy for write cycles: 4729706
3banks busy for read cycles: 3013331
3banks busy for write cycles: 2799306
4banks busy for read cycles: 1626297
4banks busy for write cycles: 1785498
5banks busy for read cycles: 1076198
5banks busy for write cycles: 1326667
6banks busy for read cycles: 814825
6banks busy for write cycles: 1059734
7banks busy for read cycles: 1205818
7banks busy for write cycles: 1070067
8banks busy for read cycles: 3317272
8banks busy for write cycles: 2185685

CPU 0 Branch Prediction Accuracy: 97.646% MPKI: 0.864635 Average ROB Occupancy at Mispredict: 44.0541
Branch types
NOT_BRANCH: 192653297 96.3266%
BRANCH_DIRECT_JUMP: 876953 0.438476%
BRANCH_INDIRECT: 30715 0.0153575%
BRANCH_CONDITIONAL: 5862565 2.93128%
BRANCH_DIRECT_CALL: 238466 0.119233%
BRANCH_INDIRECT_CALL: 46649 0.0233245%
BRANCH_RETURN: 288065 0.144032%
BRANCH_OTHER: 2805 0.0014025%

===================== LRU L1D STATS =====================
Total pollution count in L1D: 0
=========================================================
================ SRRIP (L2C) Pollution Stats ================
Total pollution count in L2c: 360654
==================================================================
DRAM PAGES: 1048576
Allocated PAGES: 61128
