
*** ChampSim Multicore Out-of-Order Simulator ***

Warmup Instructions: 200000000
Simulation Instructions: 200000000
Number of CPUs: 1
LLC sets: 4096
LLC ways: 12
Off-chip DRAM Size: 4096 MB Channels: 1 Width: 64-bit Data Rate: 6400 MT/s
CPU 0 runs /home1/sweta/traces/DPC4-Traces/Google_Traces_v2/Google_Traces_v2/tango/tango_0003.champsim.gz
.gz
BTB has LRU replacement policy
ITLB has LRU replacement policy
DTLB has LRU replacement policy
STLB has LRU replacement policy
L1I has LRU replacement policy
L1D has LRU replacement policy
Bingo PHT WAYS: 16 and PHT_SIZE: 16384
Initialize SRRIP state for L2C
Initialize Mockingjay state for LLC
Heartbeat CPU 0 instructions: 10000000 cycles: 2401852 heartbeat IPC: 4.16345 cumulative IPC: 4.16345 (Simulation time: 0 hr 0 min 21 sec) 
Heartbeat CPU 0 instructions: 20000000 cycles: 4955782 heartbeat IPC: 3.91553 cumulative IPC: 4.03569 (Simulation time: 0 hr 0 min 45 sec) 
Heartbeat CPU 0 instructions: 30000005 cycles: 7569934 heartbeat IPC: 3.82533 cumulative IPC: 3.96305 (Simulation time: 0 hr 1 min 8 sec) 
Heartbeat CPU 0 instructions: 40000007 cycles: 10085115 heartbeat IPC: 3.97586 cumulative IPC: 3.96624 (Simulation time: 0 hr 1 min 33 sec) 
Heartbeat CPU 0 instructions: 50000002 cycles: 12602787 heartbeat IPC: 3.97192 cumulative IPC: 3.96738 (Simulation time: 0 hr 1 min 58 sec) 
Heartbeat CPU 0 instructions: 60000004 cycles: 15141329 heartbeat IPC: 3.93927 cumulative IPC: 3.96266 (Simulation time: 0 hr 2 min 23 sec) 
Heartbeat CPU 0 instructions: 70000000 cycles: 17577825 heartbeat IPC: 4.10425 cumulative IPC: 3.98229 (Simulation time: 0 hr 2 min 46 sec) 
Heartbeat CPU 0 instructions: 80000003 cycles: 20132278 heartbeat IPC: 3.91473 cumulative IPC: 3.97372 (Simulation time: 0 hr 3 min 12 sec) 
Heartbeat CPU 0 instructions: 90000000 cycles: 22543729 heartbeat IPC: 4.14688 cumulative IPC: 3.99224 (Simulation time: 0 hr 3 min 37 sec) 
Heartbeat CPU 0 instructions: 100000002 cycles: 24901648 heartbeat IPC: 4.24103 cumulative IPC: 4.0158 (Simulation time: 0 hr 4 min 2 sec) 
Heartbeat CPU 0 instructions: 110000007 cycles: 27473258 heartbeat IPC: 3.88862 cumulative IPC: 4.00389 (Simulation time: 0 hr 4 min 28 sec) 
Heartbeat CPU 0 instructions: 120000004 cycles: 29955935 heartbeat IPC: 4.02791 cumulative IPC: 4.00588 (Simulation time: 0 hr 4 min 54 sec) 
Heartbeat CPU 0 instructions: 130000005 cycles: 32448816 heartbeat IPC: 4.01142 cumulative IPC: 4.00631 (Simulation time: 0 hr 5 min 20 sec) 
Heartbeat CPU 0 instructions: 140000007 cycles: 34963630 heartbeat IPC: 3.97644 cumulative IPC: 4.00416 (Simulation time: 0 hr 5 min 45 sec) 
Heartbeat CPU 0 instructions: 150000000 cycles: 37526980 heartbeat IPC: 3.90114 cumulative IPC: 3.99712 (Simulation time: 0 hr 6 min 10 sec) 
Heartbeat CPU 0 instructions: 160000003 cycles: 39934902 heartbeat IPC: 4.15296 cumulative IPC: 4.00652 (Simulation time: 0 hr 6 min 34 sec) 
Heartbeat CPU 0 instructions: 170000001 cycles: 42374162 heartbeat IPC: 4.0996 cumulative IPC: 4.01188 (Simulation time: 0 hr 6 min 56 sec) 
Heartbeat CPU 0 instructions: 180000000 cycles: 44968056 heartbeat IPC: 3.85521 cumulative IPC: 4.00284 (Simulation time: 0 hr 7 min 22 sec) 
Heartbeat CPU 0 instructions: 190000000 cycles: 47517382 heartbeat IPC: 3.92261 cumulative IPC: 3.99854 (Simulation time: 0 hr 7 min 46 sec) 
Heartbeat CPU 0 instructions: 200000005 cycles: 50115778 heartbeat IPC: 3.84853 cumulative IPC: 3.99076 (Simulation time: 0 hr 8 min 11 sec) 

Warmup complete CPU 0 instructions: 200000005 cycles: 50115778 (Simulation time: 0 hr 8 min 11 sec) 

Heartbeat CPU 0 instructions: 210000004 cycles: 80665249 heartbeat IPC: 0.327338 cumulative IPC: 0.327338 (Simulation time: 0 hr 8 min 42 sec) 
Heartbeat CPU 0 instructions: 220000000 cycles: 108845243 heartbeat IPC: 0.354862 cumulative IPC: 0.340544 (Simulation time: 0 hr 9 min 11 sec) 
Heartbeat CPU 0 instructions: 230000005 cycles: 139391962 heartbeat IPC: 0.327368 cumulative IPC: 0.336036 (Simulation time: 0 hr 9 min 43 sec) 
Heartbeat CPU 0 instructions: 240000000 cycles: 170001784 heartbeat IPC: 0.326692 cumulative IPC: 0.33365 (Simulation time: 0 hr 10 min 14 sec) 
Heartbeat CPU 0 instructions: 250000005 cycles: 200977490 heartbeat IPC: 0.322834 cumulative IPC: 0.331429 (Simulation time: 0 hr 10 min 46 sec) 
Heartbeat CPU 0 instructions: 260000000 cycles: 230123824 heartbeat IPC: 0.343096 cumulative IPC: 0.333318 (Simulation time: 0 hr 11 min 17 sec) 
Heartbeat CPU 0 instructions: 270000000 cycles: 258302610 heartbeat IPC: 0.354877 cumulative IPC: 0.336236 (Simulation time: 0 hr 11 min 46 sec) 
Heartbeat CPU 0 instructions: 280000006 cycles: 287800063 heartbeat IPC: 0.339013 cumulative IPC: 0.336581 (Simulation time: 0 hr 12 min 17 sec) 
Heartbeat CPU 0 instructions: 290000001 cycles: 316557938 heartbeat IPC: 0.347731 cumulative IPC: 0.337784 (Simulation time: 0 hr 12 min 46 sec) 
Heartbeat CPU 0 instructions: 300000001 cycles: 345266106 heartbeat IPC: 0.348333 cumulative IPC: 0.33881 (Simulation time: 0 hr 13 min 16 sec) 
Heartbeat CPU 0 instructions: 310000004 cycles: 373878925 heartbeat IPC: 0.349494 cumulative IPC: 0.339755 (Simulation time: 0 hr 13 min 46 sec) 
Heartbeat CPU 0 instructions: 320000005 cycles: 405112006 heartbeat IPC: 0.320173 cumulative IPC: 0.338032 (Simulation time: 0 hr 14 min 19 sec) 
Heartbeat CPU 0 instructions: 330000000 cycles: 433554932 heartbeat IPC: 0.351581 cumulative IPC: 0.339037 (Simulation time: 0 hr 14 min 48 sec) 
Heartbeat CPU 0 instructions: 340000001 cycles: 460021975 heartbeat IPC: 0.377828 cumulative IPC: 0.341542 (Simulation time: 0 hr 15 min 21 sec) 
Heartbeat CPU 0 instructions: 350000007 cycles: 489759915 heartbeat IPC: 0.336271 cumulative IPC: 0.341185 (Simulation time: 0 hr 15 min 51 sec) 
Heartbeat CPU 0 instructions: 360000000 cycles: 507031091 heartbeat IPC: 0.578999 cumulative IPC: 0.350174 (Simulation time: 0 hr 16 min 21 sec) 
Heartbeat CPU 0 instructions: 370000000 cycles: 532959494 heartbeat IPC: 0.385677 cumulative IPC: 0.352081 (Simulation time: 0 hr 16 min 53 sec) 
Heartbeat CPU 0 instructions: 380000001 cycles: 563365221 heartbeat IPC: 0.328885 cumulative IPC: 0.350707 (Simulation time: 0 hr 17 min 24 sec) 
Heartbeat CPU 0 instructions: 390000001 cycles: 590058897 heartbeat IPC: 0.374621 cumulative IPC: 0.351889 (Simulation time: 0 hr 17 min 50 sec) 
Heartbeat CPU 0 instructions: 400000002 cycles: 622340530 heartbeat IPC: 0.309774 cumulative IPC: 0.349513 (Simulation time: 0 hr 18 min 18 sec) 
Finished CPU 0 instructions: 200000001 cycles: 572224753 cumulative IPC: 0.349513 (Simulation time: 0 hr 18 min 18 sec) 

ChampSim completed all CPUs

Region of Interest Statistics

CPU 0 cumulative IPC: 0.349513 instructions: 200000001 cycles: 572224753
ITLB TOTAL     ACCESS:   21299301  HIT:   20998325  MISS:     300976  HIT %:    98.5869  MISS %:    1.41308   MPKI: 1.50488
ITLB LOAD TRANSLATION ACCESS:   21299301  HIT:   20998325  MISS:     300976  HIT %:    98.5869  MISS %:    1.41308   MPKI: 1.50488
ITLB PREFETCH  REQUESTED:          0  ISSUED:          0  USEFUL:          0  USELESS:          0
ITLB USEFUL LOAD PREFETCHES:          0 PREFETCH ISSUED TO LOWER LEVEL:          0  ACCURACY: -nan
ITLB TIMELY PREFETCHES:          0 LATE PREFETCHES: 0 DROPPED PREFETCHES: 0
ITLB PREFETCHES SAME FILL-ORIGIN LEVEL: 0 DIFFERENT FILL-ORIGIN LEVEL: 0
ITLB AVERAGE MISS LATENCY:    25.5153 cycles AVERAGE LOAD MISS LATENCY:       -nan cycles Load Miss          0
ITLB Average MSHR Occupancy:   0.013317
ITLB RQ	ACCESS:   24814995	FORWARD:          0	MERGED:    3221128	TO_CACHE:   21593867

DTLB TOTAL     ACCESS:   42970575  HIT:   40796434  MISS:    2174141  HIT %:    94.9404  MISS %:     5.0596   MPKI: 10.8707
DTLB LOAD TRANSLATION ACCESS:   42970575  HIT:   40796434  MISS:    2174141  HIT %:    94.9404  MISS %:     5.0596   MPKI: 10.8707
DTLB PREFETCH  REQUESTED:          0  ISSUED:          0  USEFUL:          0  USELESS:          0
DTLB USEFUL LOAD PREFETCHES:          0 PREFETCH ISSUED TO LOWER LEVEL:          0  ACCURACY: -nan
DTLB TIMELY PREFETCHES:          0 LATE PREFETCHES: 0 DROPPED PREFETCHES: 0
DTLB PREFETCHES SAME FILL-ORIGIN LEVEL: 0 DIFFERENT FILL-ORIGIN LEVEL: 0
DTLB AVERAGE MISS LATENCY:    40.6059 cycles AVERAGE LOAD MISS LATENCY:       -nan cycles Load Miss          0
DTLB Average MSHR Occupancy:   0.147739
DTLB RQ	ACCESS:   56098663	FORWARD:          0	MERGED:   12710707	TO_CACHE:   43387956

STLB TOTAL     ACCESS:    2475117  HIT:    1803615  MISS:     671502  HIT %:    72.8699  MISS %:    27.1301   MPKI: 3.35751
STLB LOAD TRANSLATION ACCESS:    2475117  HIT:    1803615  MISS:     671502  HIT %:    72.8699  MISS %:    27.1301   MPKI: 3.35751
STLB PREFETCH  REQUESTED:          0  ISSUED:          0  USEFUL:          0  USELESS:          0
STLB USEFUL LOAD PREFETCHES:          0 PREFETCH ISSUED TO LOWER LEVEL:          0  ACCURACY: -nan
STLB TIMELY PREFETCHES:          0 LATE PREFETCHES: 0 DROPPED PREFETCHES: 0
STLB PREFETCHES SAME FILL-ORIGIN LEVEL: 0 DIFFERENT FILL-ORIGIN LEVEL: 0
STLB AVERAGE MISS LATENCY:     109.54 cycles AVERAGE LOAD MISS LATENCY:       -nan cycles Load Miss          0
STLB Average MSHR Occupancy:     0.1238
STLB RQ	ACCESS:    2475117	FORWARD:          0	MERGED:          0	TO_CACHE:    2475117

STLB Hit, L1D data hit: 0
STLB Hit, L2C data hit: 0
STLB Hit, LLC data hit: 0
STLB Hit, LLC data miss: 0
STLB STLB hints to L2: 0
L1D TOTAL     ACCESS:   53860069  HIT:   51325662  MISS:    2534407  HIT %:    95.2945  MISS %:    4.70554   MPKI: 12.672
L1D LOAD      ACCESS:   29980774  HIT:   28165593  MISS:    1815181  HIT %:    93.9455  MISS %:    6.05448   MPKI: 9.0759
L1D RFO       ACCESS:   23879295  HIT:   23160069  MISS:     719226  HIT %:    96.9881  MISS %:    3.01192   MPKI: 3.59613
L1D PREFETCH  REQUESTED:          0  ISSUED:          0  USEFUL:          0  USELESS:          0
L1D USEFUL LOAD PREFETCHES:          0 PREFETCH ISSUED TO LOWER LEVEL:          0  ACCURACY: -nan
L1D TIMELY PREFETCHES:          0 LATE PREFETCHES: 0 DROPPED PREFETCHES: 0
L1D PREFETCHES SAME FILL-ORIGIN LEVEL: 0 DIFFERENT FILL-ORIGIN LEVEL: 0
L1D AVERAGE MISS LATENCY:    103.231 cycles AVERAGE LOAD MISS LATENCY:     71.996 cycles Load Miss    1815181
L1D Average MSHR Occupancy:   0.459727
L1D RQ	ACCESS:   43572612	FORWARD:          0	MERGED:   12288593	TO_CACHE:   30156251
L1D WQ	ACCESS:   26740722	FORWARD:    1127768	MERGED:     798310	TO_CACHE:   25942412

L1D UNIQUE REGIONS ACCESSED: 0
L1D REGIONS CONFLICTS: 0
L1D Cross Page Prefetch Requests: 0
L1D Same Page Prefetch Requests: 0
L1D ROI Sum of L1D PQ occupancy: 0
L1D PREFETCHES PUSHED FROM L2C: 0
L1I TOTAL     ACCESS:   24060342  HIT:    9046344  MISS:   15013998  HIT %:    37.5986  MISS %:    62.4014   MPKI: 75.07
L1I LOAD      ACCESS:   24060342  HIT:    9046344  MISS:   15013998  HIT %:    37.5986  MISS %:    62.4014   MPKI: 75.07
L1I PREFETCH  REQUESTED:          0  ISSUED:          0  USEFUL:          0  USELESS:          0
L1I USEFUL LOAD PREFETCHES:          0 PREFETCH ISSUED TO LOWER LEVEL:          0  ACCURACY: -nan
L1I TIMELY PREFETCHES:          0 LATE PREFETCHES: 0 DROPPED PREFETCHES: 0
L1I PREFETCHES SAME FILL-ORIGIN LEVEL: 0 DIFFERENT FILL-ORIGIN LEVEL: 0
L1I AVERAGE MISS LATENCY:    18.6229 cycles AVERAGE LOAD MISS LATENCY:    18.6229 cycles Load Miss   15013998
L1I Average MSHR Occupancy:   0.475166
L1I RQ	ACCESS:   44573806	FORWARD:          0	MERGED:   19758811	TO_CACHE:   24814995

BTB TOTAL     ACCESS:   20137611  HIT:   17301933  MISS:    2835678  HIT %:    85.9185  MISS %:    14.0815   MPKI: 14.1784
BTB BRANCH_DIRECT_JUMP	ACCESS:    1337309  HIT:    1122813  MISS:     214496
BTB BRANCH_INDIRECT	ACCESS:     783366  HIT:     662182  MISS:     121184
BTB BRANCH_CONDITIONAL	ACCESS:   13272346  HIT:   12806601  MISS:     465745
BTB BRANCH_DIRECT_CALL	ACCESS:    2135005  HIT:    1719120  MISS:     415885
BTB BRANCH_INDIRECT_CALL	ACCESS:     234138  HIT:     129312  MISS:     104826
BTB BRANCH_RETURN	ACCESS:    2372425  HIT:     859032  MISS:    1513393
BTB BRANCH_OTHER ACCESS:       3022  HIT:       2873  MISS:        149

L2C TOTAL     ACCESS:   20786760  HIT:   18536690  MISS:    2250070  HIT %:    89.1755  MISS %:    10.8245   MPKI: 11.2503
L2C LOAD      ACCESS:   16829135  HIT:   15837610  MISS:     991525  HIT %:    94.1083  MISS %:    5.89172   MPKI: 4.95762
L2C DATA LOAD MPKI: 2.57886
L2C INSTRUCTION LOAD MPKI: 2.37876
L2C RFO       ACCESS:     719207  HIT:     176499  MISS:     542708  HIT %:    24.5408  MISS %:    75.4592   MPKI: 2.71354
L2C PREFETCH  ACCESS:    1027734  HIT:     575389  MISS:     452345  HIT %:    55.9862  MISS %:    44.0138   MPKI: 2.26172
AGUS PREFETCH L1 MISS: 0
L2C DATA PREFETCH MPKI: 2.26172
L2C INSTRUCTION PREFETCH MPKI: 0
L2C WRITEBACK ACCESS:    1116180  HIT:    1112194  MISS:       3986  HIT %:    99.6429  MISS %:   0.357111   MPKI: 0.01993
L2C LOAD TRANSLATION ACCESS:    1094504  HIT:     834998  MISS:     259506  HIT %:    76.2901  MISS %:    23.7099   MPKI: 1.29753
L2C PREFETCH  REQUESTED:    1085971  ISSUED:    1085971  USEFUL:     195676  USELESS:     257041
L2C USEFUL LOAD PREFETCHES:     195676 PREFETCH ISSUED TO LOWER LEVEL:     469115  ACCURACY: 41.7117
L2C TIMELY PREFETCHES:     195676 LATE PREFETCHES: 16770 DROPPED PREFETCHES: 0
L2C PREFETCHES SAME FILL-ORIGIN LEVEL: 469115 DIFFERENT FILL-ORIGIN LEVEL: 0
L2C AVERAGE MISS LATENCY:    194.363 cycles AVERAGE LOAD MISS LATENCY:    172.587 cycles Load Miss     991525
L2C Average MSHR Occupancy:   0.762909
L2C RQ	ACCESS:   18642908	FORWARD:          0	MERGED:          0	TO_CACHE:   18642846
L2C WQ	ACCESS:    1116180	FORWARD:         64	MERGED:          0	TO_CACHE:    1116180
L2C PQ	ACCESS:    1085971	FORWARD:          0	MERGED:          0	TO_CACHE:    1085969

L2C Instructions Evicting Data 315159
L2C Translations Evicting Data 174429
L2C Data Evicting Data 1024710
L2C Instructions Evicting Instructions 105536
L2C Translations Evicting Instructions 54819
L2C Data Evicting Instructions 312018
L2C Instructions Evicting Translations 55058
L2C Translations Evicting Translations 30258
L2C Data Evicting Translations 174097
L2C Dense regions hint from L2: 0
PSCL5 TOTAL     ACCESS:     671502  HIT:     671502  MISS:          0  HIT %:        100  MISS %:          0   MPKI: 0
PSCL5 LOAD TRANSLATION ACCESS:     671502  HIT:     671502  MISS:          0  HIT %:        100  MISS %:          0   MPKI: 0
PSCL5 PREFETCH  REQUESTED:          0  ISSUED:          0  USEFUL:          0  USELESS:          0
PSCL5 USEFUL LOAD PREFETCHES:          0 PREFETCH ISSUED TO LOWER LEVEL:          0  ACCURACY: -nan
PSCL5 TIMELY PREFETCHES:          0 LATE PREFETCHES: 0 DROPPED PREFETCHES: 0
PSCL5 PREFETCHES SAME FILL-ORIGIN LEVEL: 0 DIFFERENT FILL-ORIGIN LEVEL: 0

PSCL4 TOTAL     ACCESS:     651808  HIT:     649366  MISS:       2442  HIT %:    99.6253  MISS %:    0.37465   MPKI: 0.01221
PSCL4 LOAD TRANSLATION ACCESS:     651808  HIT:     649366  MISS:       2442  HIT %:    99.6253  MISS %:    0.37465   MPKI: 0.01221
PSCL4 PREFETCH  REQUESTED:          0  ISSUED:          0  USEFUL:          0  USELESS:          0
PSCL4 USEFUL LOAD PREFETCHES:          0 PREFETCH ISSUED TO LOWER LEVEL:          0  ACCURACY: -nan
PSCL4 TIMELY PREFETCHES:          0 LATE PREFETCHES: 0 DROPPED PREFETCHES: 0
PSCL4 PREFETCHES SAME FILL-ORIGIN LEVEL: 0 DIFFERENT FILL-ORIGIN LEVEL: 0

PSCL3 TOTAL     ACCESS:     661734  HIT:     630957  MISS:      30777  HIT %:     95.349  MISS %:    4.65096   MPKI: 0.153885
PSCL3 LOAD TRANSLATION ACCESS:     661734  HIT:     630957  MISS:      30777  HIT %:     95.349  MISS %:    4.65096   MPKI: 0.153885
PSCL3 PREFETCH  REQUESTED:          0  ISSUED:          0  USEFUL:          0  USELESS:          0
PSCL3 USEFUL LOAD PREFETCHES:          0 PREFETCH ISSUED TO LOWER LEVEL:          0  ACCURACY: -nan
PSCL3 TIMELY PREFETCHES:          0 LATE PREFETCHES: 0 DROPPED PREFETCHES: 0
PSCL3 PREFETCHES SAME FILL-ORIGIN LEVEL: 0 DIFFERENT FILL-ORIGIN LEVEL: 0

PSCL2 TOTAL     ACCESS:     671502  HIT:     279648  MISS:     391854  HIT %:    41.6451  MISS %:    58.3549   MPKI: 1.95927
PSCL2 LOAD TRANSLATION ACCESS:     671502  HIT:     279648  MISS:     391854  HIT %:    41.6451  MISS %:    58.3549   MPKI: 1.95927
PSCL2 PREFETCH  REQUESTED:          0  ISSUED:          0  USEFUL:          0  USELESS:          0
PSCL2 USEFUL LOAD PREFETCHES:          0 PREFETCH ISSUED TO LOWER LEVEL:          0  ACCURACY: -nan
PSCL2 TIMELY PREFETCHES:          0 LATE PREFETCHES: 0 DROPPED PREFETCHES: 0
PSCL2 PREFETCHES SAME FILL-ORIGIN LEVEL: 0 DIFFERENT FILL-ORIGIN LEVEL: 0

LLC TOTAL     ACCESS:    3020829  HIT:     643706  MISS:    2377123  HIT %:    21.3089  MISS %:    78.6911   MPKI: 11.8856
LLC LOAD      ACCESS:     975124  HIT:     280100  MISS:     695024  HIT %:    28.7246  MISS %:    71.2754   MPKI: 3.47512
LLC RFO       ACCESS:     542339  HIT:      15201  MISS:     527138  HIT %:    2.80286  MISS %:    97.1971   MPKI: 2.63569
LLC PREFETCH  ACCESS:     469115  HIT:      21786  MISS:     447329  HIT %:    4.64406  MISS %:    95.3559   MPKI: 2.23664
AGUS PREFETCH L1 MISS: 0
LLC WRITEBACK ACCESS:     774745  HIT:     233716  MISS:     541029  HIT %:    30.1668  MISS %:    69.8332   MPKI: 2.70514
LLC LOAD TRANSLATION ACCESS:     259506  HIT:      92903  MISS:     166603  HIT %:    35.7999  MISS %:    64.2001   MPKI: 0.833015
LLC PREFETCH  REQUESTED:          0  ISSUED:          0  USEFUL:          0  USELESS:          0
LLC USEFUL LOAD PREFETCHES:          0 PREFETCH ISSUED TO LOWER LEVEL:     447329  ACCURACY: 0
LLC TIMELY PREFETCHES:          0 LATE PREFETCHES: 0 DROPPED PREFETCHES: 0
LLC PREFETCHES SAME FILL-ORIGIN LEVEL: 0 DIFFERENT FILL-ORIGIN LEVEL: 0
LLC AVERAGE MISS LATENCY:    141.951 cycles AVERAGE LOAD MISS LATENCY:    179.712 cycles Load Miss     695024
LLC Average MSHR Occupancy:   0.586479
LLC RQ	ACCESS:    1776969	FORWARD:          0	MERGED:          0	TO_CACHE:    1776969
LLC WQ	ACCESS:     774745	FORWARD:          0	MERGED:          0	TO_CACHE:     774745
LLC PQ	ACCESS:     469115	FORWARD:          0	MERGED:          0	TO_CACHE:     469115

LLC Dense regions hint to LLC: 0

RAW hits: 2834932
Loads Generated: 46407545
Loads sent to L1D: 43572612
Stores Generated: 26740719
Stores sent to L1D: 26740722
Major fault: 0 Minor fault: 149614
Allocated PAGES: 149614
[Bingo] PHT Access: 822443
[Bingo] PHT Hit PC+Addr: 233029
[Bingo] PHT Hit PC+Offs: 163780
[Bingo] PHT Miss: 425634
[Bingo] Prefetch PC+Addr: 0
[Bingo] Prefetch PC+Offs: 0
[Bingo] Useful PC+Addr: 0
[Bingo] Useful PC+Offs: 0
[Bingo] Useless PC+Addr: 0
[Bingo] Useless PC+Offs: 0
[Bingo] L1 Prefetch per Region: 0
[Bingo] L2 Prefetch per Region: 3.76499
[Bingo] L3 Prefetch per Region: 0
[Bingo] No Prefetch per Region: 28.235
[Bingo] Number of Voters Mean: 3.49349
[Bingo] Number of Voters SD: 8.11068
PHT read accesses: 11119539
PHT write accesses: 308515
AT read accesses: 996687
AT write accesses: 1297284
FT read accesses: 935826
FT write accesses: 822443
PS read accesses: 804934
PS write accesses: 396809
PHT tag read accesses: 17982951
PHT tag write accesses: 541544
AT tag read accesses: 79793246
AT tag write accesses: 1305202
FT tag read accesses: 83065323
FT tag write accesses: 1445828
PS tag read accesses: 44821429
PS tag write accesses: 1200856
================ Mockingjay (LLC) Pollution Stats ================
Total pollution count in LLC: 7674
==================================================================

DRAM Statistics
 CHANNEL 0
 RQ ROW_BUFFER_HIT:     280681  ROW_BUFFER_MISS:    1555410
 DBUS_CONGESTED:        582
 WQ ROW_BUFFER_HIT:     193972  ROW_BUFFER_MISS:     562538  FULL:         82

 AVG_CONGESTED_CYCLE: 4
 All warmup complete: 2
Channel 0 Bank busy for read cycles: 0
Channel 0 Bank busy for write cycles: 0
Channel 0
Rank 0
0banks busy for read cycles: 338787364
0banks busy for write cycles: 335412
1banks busy for read cycles: 98136086
1banks busy for write cycles: 54085912
2banks busy for read cycles: 26620793
2banks busy for write cycles: 18865793
3banks busy for read cycles: 10288314
3banks busy for write cycles: 7052945
4banks busy for read cycles: 4619241
4banks busy for write cycles: 2944352
5banks busy for read cycles: 2576299
5banks busy for write cycles: 1401716
6banks busy for read cycles: 1640587
6banks busy for write cycles: 712058
7banks busy for read cycles: 1367543
7banks busy for write cycles: 451805
8banks busy for read cycles: 1796491
8banks busy for write cycles: 542043

CPU 0 Branch Prediction Accuracy: 95.5481% MPKI: 8.30552 Average ROB Occupancy at Mispredict: 17.896
Branch types
NOT_BRANCH: 162687464 81.3437%
BRANCH_DIRECT_JUMP: 1337309 0.668654%
BRANCH_INDIRECT: 783366 0.391683%
BRANCH_CONDITIONAL: 30446643 15.2233%
BRANCH_DIRECT_CALL: 2135005 1.0675%
BRANCH_INDIRECT_CALL: 234138 0.117069%
BRANCH_RETURN: 2372425 1.18621%
BRANCH_OTHER: 3022 0.001511%

===================== LRU L1D STATS =====================
Total pollution count in L1D: 0
=========================================================
================ SRRIP (L2C) Pollution Stats ================
Total pollution count in L2c: 1527439
==================================================================
DRAM PAGES: 1048576
Allocated PAGES: 149614
