
*** ChampSim Multicore Out-of-Order Simulator ***

Warmup Instructions: 200000000
Simulation Instructions: 200000000
Number of CPUs: 1
LLC sets: 4096
LLC ways: 12
Off-chip DRAM Size: 4096 MB Channels: 1 Width: 64-bit Data Rate: 6400 MT/s
CPU 0 runs ./tracer/traces/605.mcf_s-484B.champsimtrace.xz
.xz
BTB has LRU replacement policy
ITLB has LRU replacement policy
DTLB has LRU replacement policy
STLB has LRU replacement policy
L1I has LRU replacement policy
CPU 0 L1D IP-based stride prefetcher
L1D has LRU replacement policy
Initialize SRRIP state for L2C
Initialize Mockingjay state for LLC
Heartbeat CPU 0 instructions: 10000001 cycles: 3367835 heartbeat IPC: 2.96927 cumulative IPC: 2.96927 (Simulation time: 0 hr 0 min 39 sec) 
Heartbeat CPU 0 instructions: 20000000 cycles: 6724396 heartbeat IPC: 2.97924 cumulative IPC: 2.97424 (Simulation time: 0 hr 1 min 18 sec) 
Heartbeat CPU 0 instructions: 30000001 cycles: 10020001 heartbeat IPC: 3.03434 cumulative IPC: 2.99401 (Simulation time: 0 hr 1 min 56 sec) 
Heartbeat CPU 0 instructions: 40000000 cycles: 13377760 heartbeat IPC: 2.97818 cumulative IPC: 2.99004 (Simulation time: 0 hr 2 min 33 sec) 
Heartbeat CPU 0 instructions: 50000004 cycles: 16715820 heartbeat IPC: 2.99575 cumulative IPC: 2.99118 (Simulation time: 0 hr 3 min 12 sec) 
Heartbeat CPU 0 instructions: 60000000 cycles: 20050985 heartbeat IPC: 2.99835 cumulative IPC: 2.99237 (Simulation time: 0 hr 3 min 50 sec) 
Heartbeat CPU 0 instructions: 70000007 cycles: 23384410 heartbeat IPC: 2.99992 cumulative IPC: 2.99345 (Simulation time: 0 hr 4 min 29 sec) 
Heartbeat CPU 0 instructions: 80000000 cycles: 26771056 heartbeat IPC: 2.95277 cumulative IPC: 2.9883 (Simulation time: 0 hr 5 min 8 sec) 
Heartbeat CPU 0 instructions: 90000000 cycles: 30096961 heartbeat IPC: 3.0067 cumulative IPC: 2.99034 (Simulation time: 0 hr 5 min 46 sec) 
Heartbeat CPU 0 instructions: 100000006 cycles: 33417982 heartbeat IPC: 3.01112 cumulative IPC: 2.9924 (Simulation time: 0 hr 6 min 24 sec) 
Heartbeat CPU 0 instructions: 110000007 cycles: 36726973 heartbeat IPC: 3.02207 cumulative IPC: 2.99507 (Simulation time: 0 hr 7 min 2 sec) 
Heartbeat CPU 0 instructions: 120000001 cycles: 40066742 heartbeat IPC: 2.99422 cumulative IPC: 2.995 (Simulation time: 0 hr 7 min 39 sec) 
Heartbeat CPU 0 instructions: 130000000 cycles: 43402147 heartbeat IPC: 2.99814 cumulative IPC: 2.99524 (Simulation time: 0 hr 8 min 28 sec) 
Heartbeat CPU 0 instructions: 140000001 cycles: 46714389 heartbeat IPC: 3.0191 cumulative IPC: 2.99694 (Simulation time: 0 hr 9 min 30 sec) 
Heartbeat CPU 0 instructions: 150000001 cycles: 50037056 heartbeat IPC: 3.00963 cumulative IPC: 2.99778 (Simulation time: 0 hr 10 min 28 sec) 
Heartbeat CPU 0 instructions: 160000006 cycles: 53381386 heartbeat IPC: 2.99014 cumulative IPC: 2.9973 (Simulation time: 0 hr 11 min 26 sec) 
Heartbeat CPU 0 instructions: 170000000 cycles: 56702913 heartbeat IPC: 3.01066 cumulative IPC: 2.99808 (Simulation time: 0 hr 12 min 26 sec) 
Heartbeat CPU 0 instructions: 180000000 cycles: 60007334 heartbeat IPC: 3.02625 cumulative IPC: 2.99963 (Simulation time: 0 hr 13 min 25 sec) 
Heartbeat CPU 0 instructions: 190000000 cycles: 63326640 heartbeat IPC: 3.01268 cumulative IPC: 3.00032 (Simulation time: 0 hr 14 min 24 sec) 
Heartbeat CPU 0 instructions: 200000001 cycles: 66620315 heartbeat IPC: 3.03612 cumulative IPC: 3.00209 (Simulation time: 0 hr 15 min 32 sec) 

Warmup complete CPU 0 instructions: 200000001 cycles: 66620315 (Simulation time: 0 hr 15 min 32 sec) 

Heartbeat CPU 0 instructions: 210000002 cycles: 95952892 heartbeat IPC: 0.340918 cumulative IPC: 0.340918 (Simulation time: 0 hr 17 min 2 sec) 
Heartbeat CPU 0 instructions: 220000003 cycles: 118041035 heartbeat IPC: 0.452732 cumulative IPC: 0.388948 (Simulation time: 0 hr 18 min 22 sec) 
Heartbeat CPU 0 instructions: 230000002 cycles: 143635412 heartbeat IPC: 0.390711 cumulative IPC: 0.389534 (Simulation time: 0 hr 19 min 38 sec) 
Heartbeat CPU 0 instructions: 240000000 cycles: 169486163 heartbeat IPC: 0.386836 cumulative IPC: 0.388856 (Simulation time: 0 hr 20 min 56 sec) 
Heartbeat CPU 0 instructions: 250000001 cycles: 195591659 heartbeat IPC: 0.383061 cumulative IPC: 0.387683 (Simulation time: 0 hr 22 min 16 sec) 
Heartbeat CPU 0 instructions: 260000001 cycles: 217493918 heartbeat IPC: 0.456574 cumulative IPC: 0.397684 (Simulation time: 0 hr 23 min 27 sec) 
Heartbeat CPU 0 instructions: 270000000 cycles: 247062210 heartbeat IPC: 0.3382 cumulative IPC: 0.387937 (Simulation time: 0 hr 24 min 43 sec) 
Heartbeat CPU 0 instructions: 280000001 cycles: 271921376 heartbeat IPC: 0.402266 cumulative IPC: 0.389672 (Simulation time: 0 hr 25 min 54 sec) 
Heartbeat CPU 0 instructions: 290000001 cycles: 298600207 heartbeat IPC: 0.374829 cumulative IPC: 0.387965 (Simulation time: 0 hr 27 min 8 sec) 
Heartbeat CPU 0 instructions: 300000002 cycles: 323097018 heartbeat IPC: 0.408216 cumulative IPC: 0.389899 (Simulation time: 0 hr 28 min 15 sec) 
Heartbeat CPU 0 instructions: 310000000 cycles: 347496953 heartbeat IPC: 0.409837 cumulative IPC: 0.391631 (Simulation time: 0 hr 29 min 21 sec) 
Heartbeat CPU 0 instructions: 320000003 cycles: 375499199 heartbeat IPC: 0.357114 cumulative IPC: 0.388502 (Simulation time: 0 hr 30 min 29 sec) 
Heartbeat CPU 0 instructions: 330000001 cycles: 399991594 heartbeat IPC: 0.40829 cumulative IPC: 0.389956 (Simulation time: 0 hr 31 min 30 sec) 
Heartbeat CPU 0 instructions: 340000003 cycles: 426290809 heartbeat IPC: 0.38024 cumulative IPC: 0.389245 (Simulation time: 0 hr 32 min 36 sec) 
Heartbeat CPU 0 instructions: 350000003 cycles: 452790804 heartbeat IPC: 0.377359 cumulative IPC: 0.388429 (Simulation time: 0 hr 33 min 41 sec) 
Heartbeat CPU 0 instructions: 360000000 cycles: 477889387 heartbeat IPC: 0.398429 cumulative IPC: 0.38904 (Simulation time: 0 hr 34 min 43 sec) 
Heartbeat CPU 0 instructions: 370000000 cycles: 503418739 heartbeat IPC: 0.391706 cumulative IPC: 0.389196 (Simulation time: 0 hr 35 min 43 sec) 
Heartbeat CPU 0 instructions: 380000001 cycles: 526657264 heartbeat IPC: 0.43032 cumulative IPC: 0.391273 (Simulation time: 0 hr 36 min 44 sec) 
Heartbeat CPU 0 instructions: 390000002 cycles: 553630515 heartbeat IPC: 0.370738 cumulative IPC: 0.390136 (Simulation time: 0 hr 37 min 44 sec) 
Heartbeat CPU 0 instructions: 400000001 cycles: 580467990 heartbeat IPC: 0.372613 cumulative IPC: 0.38922 (Simulation time: 0 hr 38 min 44 sec) 
Finished CPU 0 instructions: 200000000 cycles: 513847675 cumulative IPC: 0.38922 (Simulation time: 0 hr 38 min 44 sec) 

ChampSim completed all CPUs

Region of Interest Statistics

CPU 0 cumulative IPC: 0.38922 instructions: 200000000 cycles: 513847675
ITLB TOTAL     ACCESS:   29944200  HIT:   29944200  MISS:          0  HIT %:        100  MISS %:          0   MPKI: 0
ITLB LOAD TRANSLATION ACCESS:   29944200  HIT:   29944200  MISS:          0  HIT %:        100  MISS %:          0   MPKI: 0
ITLB PREFETCH  REQUESTED:          0  ISSUED:          0  USEFUL:          0  USELESS:          0
ITLB USEFUL LOAD PREFETCHES:          0 PREFETCH ISSUED TO LOWER LEVEL:          0  ACCURACY: -nan
ITLB TIMELY PREFETCHES:          0 LATE PREFETCHES: 0 DROPPED PREFETCHES: 0
ITLB PREFETCHES SAME FILL-ORIGIN LEVEL: 0 DIFFERENT FILL-ORIGIN LEVEL: 0
ITLB AVERAGE MISS LATENCY:       -nan cycles AVERAGE LOAD MISS LATENCY:       -nan cycles Load Miss          0
ITLB Average MSHR Occupancy: 3.30837e-08
ITLB RQ	ACCESS:   32097888	FORWARD:          0	MERGED:    2153689	TO_CACHE:   29944199

DTLB TOTAL     ACCESS:   53808791  HIT:   53075108  MISS:     733683  HIT %:    98.6365  MISS %:     1.3635   MPKI: 3.66841
DTLB LOAD TRANSLATION ACCESS:   53808791  HIT:   53075108  MISS:     733683  HIT %:    98.6365  MISS %:     1.3635   MPKI: 3.66841
DTLB PREFETCH  REQUESTED:          0  ISSUED:          0  USEFUL:          0  USELESS:          0
DTLB USEFUL LOAD PREFETCHES:          0 PREFETCH ISSUED TO LOWER LEVEL:          0  ACCURACY: -nan
DTLB TIMELY PREFETCHES:          0 LATE PREFETCHES: 0 DROPPED PREFETCHES: 0
DTLB PREFETCHES SAME FILL-ORIGIN LEVEL: 0 DIFFERENT FILL-ORIGIN LEVEL: 0
DTLB AVERAGE MISS LATENCY:    23.7423 cycles AVERAGE LOAD MISS LATENCY:       -nan cycles Load Miss          0
DTLB Average MSHR Occupancy:   0.023485
DTLB RQ	ACCESS:   93936823	FORWARD:          0	MERGED:   40064260	TO_CACHE:   53872563

STLB TOTAL     ACCESS:    2036705  HIT:    1884729  MISS:     151976  HIT %:    92.5381  MISS %:    7.46186   MPKI: 0.75988
STLB LOAD TRANSLATION ACCESS:     733683  HIT:     581707  MISS:     151976  HIT %:    79.2859  MISS %:    20.7141   MPKI: 0.75988
STLB TRANSLATION FROM L1D PREFETCHER ACCESS:    1303022  HIT:    1303022  MISS:          0  HIT %:        100  MISS %:          0   MPKI: 0
STLB PREFETCH  REQUESTED:          0  ISSUED:          0  USEFUL:          0  USELESS:          0
STLB USEFUL LOAD PREFETCHES:          0 PREFETCH ISSUED TO LOWER LEVEL:          0  ACCURACY: -nan
STLB TIMELY PREFETCHES:          0 LATE PREFETCHES: 0 DROPPED PREFETCHES: 0
STLB PREFETCHES SAME FILL-ORIGIN LEVEL: 0 DIFFERENT FILL-ORIGIN LEVEL: 0
STLB AVERAGE MISS LATENCY:    71.0215 cycles AVERAGE LOAD MISS LATENCY:       -nan cycles Load Miss          0
STLB Average MSHR Occupancy:   0.011443
STLB RQ	ACCESS:    4518127	FORWARD:          0	MERGED:    2481422	TO_CACHE:    2036705

STLB Hit, L1D data hit: 0
STLB Hit, L2C data hit: 0
STLB Hit, LLC data hit: 0
STLB Hit, LLC data miss: 0
STLB STLB hints to L2: 0
L1D TOTAL     ACCESS:   93818974  HIT:   87869837  MISS:    5949137  HIT %:    93.6589  MISS %:    6.34108   MPKI: 29.7457
L1D LOAD      ACCESS:   37932477  HIT:   33771690  MISS:    4160787  HIT %:    89.0311  MISS %:    10.9689   MPKI: 20.8039
L1D RFO       ACCESS:   53992848  HIT:   53504093  MISS:     488755  HIT %:    99.0948  MISS %:   0.905222   MPKI: 2.44378
L1D PREFETCH  ACCESS:    1893649  HIT:     594054  MISS:    1299595  HIT %:    31.3709  MISS %:    68.6291   MPKI: 6.49798
AGUS PREFETCH L1 MISS: 0
L1D PREFETCH  REQUESTED:    7588582  ISSUED:    7574820  USEFUL:     842532  USELESS:     457145
L1D USEFUL LOAD PREFETCHES:     842532 PREFETCH ISSUED TO LOWER LEVEL:    2739786  ACCURACY: 30.7517
L1D TIMELY PREFETCHES:     842532 LATE PREFETCHES: 221821 DROPPED PREFETCHES: 0
L1D PREFETCHES SAME FILL-ORIGIN LEVEL: 1521416 DIFFERENT FILL-ORIGIN LEVEL: 1218370
L1D AVERAGE MISS LATENCY:    145.563 cycles AVERAGE LOAD MISS LATENCY:    116.682 cycles Load Miss    4160787
L1D Average MSHR Occupancy:    1.81291
L1D RQ	ACCESS:   62659739	FORWARD:          0	MERGED:   24300471	TO_CACHE:   38337530
L1D WQ	ACCESS:   57345535	FORWARD:      21738	MERGED:    1746242	TO_CACHE:   55599293
L1D PQ	ACCESS:    3790376	FORWARD:          0	MERGED:       5932	TO_CACHE:    3784444

L1D UNIQUE REGIONS ACCESSED: 0
L1D REGIONS CONFLICTS: 0
L1D Cross Page Prefetch Requests: 0
L1D Same Page Prefetch Requests: 7287659
L1D ROI Sum of L1D PQ occupancy: 51057346
L1D PREFETCHES PUSHED FROM L2C: 0
L1I TOTAL     ACCESS:   32097888  HIT:   32097458  MISS:        430  HIT %:    99.9987  MISS %: 0.00133965   MPKI: 0.00215
L1I LOAD      ACCESS:   32097888  HIT:   32097458  MISS:        430  HIT %:    99.9987  MISS %: 0.00133965   MPKI: 0.00215
L1I PREFETCH  REQUESTED:          0  ISSUED:          0  USEFUL:          0  USELESS:          0
L1I USEFUL LOAD PREFETCHES:          0 PREFETCH ISSUED TO LOWER LEVEL:          0  ACCURACY: -nan
L1I TIMELY PREFETCHES:          0 LATE PREFETCHES: 0 DROPPED PREFETCHES: 0
L1I PREFETCHES SAME FILL-ORIGIN LEVEL: 0 DIFFERENT FILL-ORIGIN LEVEL: 0
L1I AVERAGE MISS LATENCY:    68.8023 cycles AVERAGE LOAD MISS LATENCY:    68.8023 cycles Load Miss        430
L1I Average MSHR Occupancy: 5.79958e-05
L1I RQ	ACCESS:   58825867	FORWARD:          0	MERGED:   26727979	TO_CACHE:   32097888

BTB TOTAL     ACCESS:   19471536  HIT:   19471502  MISS:         34  HIT %:    99.9998  MISS %: 0.000174614   MPKI: 0.00017
BTB BRANCH_DIRECT_JUMP	ACCESS:     995293  HIT:     995287  MISS:          6
BTB BRANCH_INDIRECT	ACCESS:          0  HIT:          0  MISS:          0
BTB BRANCH_CONDITIONAL	ACCESS:   18476055  HIT:   18476031  MISS:         24
BTB BRANCH_DIRECT_CALL	ACCESS:         94  HIT:         92  MISS:          2
BTB BRANCH_INDIRECT_CALL	ACCESS:          0  HIT:          0  MISS:          0
BTB BRANCH_RETURN	ACCESS:         94  HIT:         92  MISS:          2
BTB BRANCH_OTHER ACCESS:          0  HIT:          0  MISS:          0

L2C TOTAL     ACCESS:    8192132  HIT:    2008609  MISS:    6183523  HIT %:    24.5188  MISS %:    75.4812   MPKI: 30.9176
L2C LOAD      ACCESS:    3939373  HIT:     416321  MISS:    3523052  HIT %:    10.5682  MISS %:    89.4318   MPKI: 17.6153
L2C DATA LOAD MPKI: 17.6134
L2C INSTRUCTION LOAD MPKI: 0.00188
L2C RFO       ACCESS:     488754  HIT:       5239  MISS:     483515  HIT %:    1.07191  MISS %:    98.9281   MPKI: 2.41757
L2C PREFETCH  ACCESS:    2322852  HIT:     168445  MISS:    2154407  HIT %:    7.25165  MISS %:    92.7484   MPKI: 10.772
AGUS PREFETCH L1 MISS: 0
L2C DATA PREFETCH MPKI: 10.772
L2C INSTRUCTION PREFETCH MPKI: 0
L2C WRITEBACK ACCESS:    1288223  HIT:    1286983  MISS:       1240  HIT %:    99.9037  MISS %:  0.0962566   MPKI: 0.0062
L2C LOAD TRANSLATION ACCESS:     152930  HIT:     131621  MISS:      21309  HIT %:    86.0662  MISS %:    13.9338   MPKI: 0.106545
L2C PREFETCH  REQUESTED:          0  ISSUED:          0  USEFUL:     301793  USELESS:    1856340
L2C USEFUL LOAD PREFETCHES:     301793 PREFETCH ISSUED TO LOWER LEVEL:    2323109  ACCURACY: 12.9909
L2C TIMELY PREFETCHES:     301793 LATE PREFETCHES: 168702 DROPPED PREFETCHES: 0
L2C PREFETCHES SAME FILL-ORIGIN LEVEL: 1005327 DIFFERENT FILL-ORIGIN LEVEL: 0
L2C AVERAGE MISS LATENCY:    165.313 cycles AVERAGE LOAD MISS LATENCY:    121.438 cycles Load Miss    3523052
L2C Average MSHR Occupancy:    2.01561
L2C RQ	ACCESS:    4581083	FORWARD:          0	MERGED:          0	TO_CACHE:    4581059
L2C WQ	ACCESS:    1288223	FORWARD:         24	MERGED:          0	TO_CACHE:    1288223
L2C PQ	ACCESS:    2739786	FORWARD:          0	MERGED:          1	TO_CACHE:    2739785

L2C Instructions Evicting Data 376
L2C Translations Evicting Data 21260
L2C Data Evicting Data 6138944
L2C Instructions Evicting Instructions 0
L2C Translations Evicting Instructions 1
L2C Data Evicting Instructions 378
L2C Instructions Evicting Translations 0
L2C Translations Evicting Translations 48
L2C Data Evicting Translations 21276
L2C Dense regions hint from L2: 0
PSCL5 TOTAL     ACCESS:     151976  HIT:     151976  MISS:          0  HIT %:        100  MISS %:          0   MPKI: 0
PSCL5 LOAD TRANSLATION ACCESS:     151976  HIT:     151976  MISS:          0  HIT %:        100  MISS %:          0   MPKI: 0
PSCL5 PREFETCH  REQUESTED:          0  ISSUED:          0  USEFUL:          0  USELESS:          0
PSCL5 USEFUL LOAD PREFETCHES:          0 PREFETCH ISSUED TO LOWER LEVEL:          0  ACCURACY: -nan
PSCL5 TIMELY PREFETCHES:          0 LATE PREFETCHES: 0 DROPPED PREFETCHES: 0
PSCL5 PREFETCHES SAME FILL-ORIGIN LEVEL: 0 DIFFERENT FILL-ORIGIN LEVEL: 0

PSCL4 TOTAL     ACCESS:     151976  HIT:     151976  MISS:          0  HIT %:        100  MISS %:          0   MPKI: 0
PSCL4 LOAD TRANSLATION ACCESS:     151976  HIT:     151976  MISS:          0  HIT %:        100  MISS %:          0   MPKI: 0
PSCL4 PREFETCH  REQUESTED:          0  ISSUED:          0  USEFUL:          0  USELESS:          0
PSCL4 USEFUL LOAD PREFETCHES:          0 PREFETCH ISSUED TO LOWER LEVEL:          0  ACCURACY: -nan
PSCL4 TIMELY PREFETCHES:          0 LATE PREFETCHES: 0 DROPPED PREFETCHES: 0
PSCL4 PREFETCHES SAME FILL-ORIGIN LEVEL: 0 DIFFERENT FILL-ORIGIN LEVEL: 0

PSCL3 TOTAL     ACCESS:     151976  HIT:     151976  MISS:          0  HIT %:        100  MISS %:          0   MPKI: 0
PSCL3 LOAD TRANSLATION ACCESS:     151976  HIT:     151976  MISS:          0  HIT %:        100  MISS %:          0   MPKI: 0
PSCL3 PREFETCH  REQUESTED:          0  ISSUED:          0  USEFUL:          0  USELESS:          0
PSCL3 USEFUL LOAD PREFETCHES:          0 PREFETCH ISSUED TO LOWER LEVEL:          0  ACCURACY: -nan
PSCL3 TIMELY PREFETCHES:          0 LATE PREFETCHES: 0 DROPPED PREFETCHES: 0
PSCL3 PREFETCHES SAME FILL-ORIGIN LEVEL: 0 DIFFERENT FILL-ORIGIN LEVEL: 0

PSCL2 TOTAL     ACCESS:     151976  HIT:     150905  MISS:       1071  HIT %:    99.2953  MISS %:   0.704717   MPKI: 0.005355
PSCL2 LOAD TRANSLATION ACCESS:     151976  HIT:     150905  MISS:       1071  HIT %:    99.2953  MISS %:   0.704717   MPKI: 0.005355
PSCL2 PREFETCH  REQUESTED:          0  ISSUED:          0  USEFUL:          0  USELESS:          0
PSCL2 USEFUL LOAD PREFETCHES:          0 PREFETCH ISSUED TO LOWER LEVEL:          0  ACCURACY: -nan
PSCL2 TIMELY PREFETCHES:          0 LATE PREFETCHES: 0 DROPPED PREFETCHES: 0
PSCL2 PREFETCHES SAME FILL-ORIGIN LEVEL: 0 DIFFERENT FILL-ORIGIN LEVEL: 0

LLC TOTAL     ACCESS:    7381791  HIT:    2125732  MISS:    5256059  HIT %:     28.797  MISS %:     71.203   MPKI: 26.2803
LLC LOAD      ACCESS:    3354350  HIT:    1882155  MISS:    1472195  HIT %:    56.1109  MISS %:    43.8891   MPKI: 7.36097
LLC RFO       ACCESS:     483515  HIT:        223  MISS:     483292  HIT %:  0.0461206  MISS %:    99.9539   MPKI: 2.41646
LLC PREFETCH  ACCESS:    2323109  HIT:     232257  MISS:    2090852  HIT %:    9.99768  MISS %:    90.0023   MPKI: 10.4543
AGUS PREFETCH L1 MISS: 0
LLC WRITEBACK ACCESS:    1199508  HIT:        920  MISS:    1198588  HIT %:  0.0766981  MISS %:    99.9233   MPKI: 5.99294
LLC LOAD TRANSLATION ACCESS:      21309  HIT:      10177  MISS:      11132  HIT %:    47.7592  MISS %:    52.2408   MPKI: 0.05566
LLC PREFETCH  REQUESTED:          0  ISSUED:          0  USEFUL:       2029  USELESS:     848602
LLC USEFUL LOAD PREFETCHES:       2029 PREFETCH ISSUED TO LOWER LEVEL:    2090852  ACCURACY: 0.0970418
LLC TIMELY PREFETCHES:       2029 LATE PREFETCHES: 0 DROPPED PREFETCHES: 0
LLC PREFETCHES SAME FILL-ORIGIN LEVEL: 0 DIFFERENT FILL-ORIGIN LEVEL: 0
LLC AVERAGE MISS LATENCY:    144.944 cycles AVERAGE LOAD MISS LATENCY:    170.495 cycles Load Miss    1472195
LLC Average MSHR Occupancy:    1.47471
LLC RQ	ACCESS:    3859176	FORWARD:          0	MERGED:          0	TO_CACHE:    3859176
LLC WQ	ACCESS:    1199508	FORWARD:          0	MERGED:          0	TO_CACHE:    1199508
LLC PQ	ACCESS:    2323109	FORWARD:          0	MERGED:          0	TO_CACHE:    2323109

LLC Dense regions hint to LLC: 0

RAW hits: 1508907
Loads Generated: 64168643
Loads sent to L1D: 62659739
Stores Generated: 57345539
Stores sent to L1D: 57345535
Major fault: 0 Minor fault: 97678
Allocated PAGES: 97678
CPU 0 L1D PC-based stride prefetcher final stats
Degree: 3
================ Mockingjay (LLC) Pollution Stats ================
Total pollution count in LLC: 74068
==================================================================

DRAM Statistics
 CHANNEL 0
 RQ ROW_BUFFER_HIT:    1449165  ROW_BUFFER_MISS:    2608305
 DBUS_CONGESTED:       2649
 WQ ROW_BUFFER_HIT:     389435  ROW_BUFFER_MISS:     808814  FULL:       1380

 AVG_CONGESTED_CYCLE: 4
 All warmup complete: 2
Channel 0 Bank busy for read cycles: 0
Channel 0 Bank busy for write cycles: 0
Channel 0
Rank 0
0banks busy for read cycles: 215072644
0banks busy for write cycles: 196345
1banks busy for read cycles: 137627401
1banks busy for write cycles: 31274327
2banks busy for read cycles: 30767607
2banks busy for write cycles: 11892549
3banks busy for read cycles: 18991176
3banks busy for write cycles: 5458058
4banks busy for read cycles: 14668534
4banks busy for write cycles: 3230928
5banks busy for read cycles: 9861667
5banks busy for write cycles: 1967582
6banks busy for read cycles: 7520528
6banks busy for write cycles: 1581370
7banks busy for read cycles: 5327416
7banks busy for write cycles: 2671801
8banks busy for read cycles: 2511452
8banks busy for write cycles: 13226291

CPU 0 Branch Prediction Accuracy: 99.1697% MPKI: 0.823865 Average ROB Occupancy at Mispredict: 445.098
Branch types
NOT_BRANCH: 180154141 90.0771%
BRANCH_DIRECT_JUMP: 995293 0.497646%
BRANCH_INDIRECT: 0 0%
BRANCH_CONDITIONAL: 18850281 9.42514%
BRANCH_DIRECT_CALL: 94 4.7e-05%
BRANCH_INDIRECT_CALL: 0 0%
BRANCH_RETURN: 94 4.7e-05%
BRANCH_OTHER: 0 0%

===================== LRU L1D STATS =====================
Total pollution count in L1D: 1944557
=========================================================
================ SRRIP (L2C) Pollution Stats ================
Total pollution count in L2c: 4921149
==================================================================
DRAM PAGES: 1048576
Allocated PAGES: 97678
