
*** ChampSim Multicore Out-of-Order Simulator ***

Warmup Instructions: 200000000
Simulation Instructions: 200000000
Number of CPUs: 1
LLC sets: 4096
LLC ways: 12
Off-chip DRAM Size: 4096 MB Channels: 1 Width: 64-bit Data Rate: 6400 MT/s
CPU 0 runs ./tracer/traces/619.lbm_s-2677B.champsimtrace.xz
.xz
BTB has LRU replacement policy
ITLB has LRU replacement policy
DTLB has LRU replacement policy
STLB has LRU replacement policy
L1I has LRU replacement policy
CPU 0 L1D IP-based stride prefetcher
L1D has LRU replacement policy
Initialize SRRIP state for L2C
Initialize Mockingjay state for LLC
Heartbeat CPU 0 instructions: 10000000 cycles: 2036399 heartbeat IPC: 4.91063 cumulative IPC: 4.91063 (Simulation time: 0 hr 0 min 33 sec) 
Heartbeat CPU 0 instructions: 20000004 cycles: 4053567 heartbeat IPC: 4.95745 cumulative IPC: 4.93393 (Simulation time: 0 hr 1 min 5 sec) 
Heartbeat CPU 0 instructions: 30000007 cycles: 6090021 heartbeat IPC: 4.9105 cumulative IPC: 4.92609 (Simulation time: 0 hr 1 min 37 sec) 
Heartbeat CPU 0 instructions: 40000003 cycles: 8113906 heartbeat IPC: 4.94099 cumulative IPC: 4.92981 (Simulation time: 0 hr 2 min 10 sec) 
Heartbeat CPU 0 instructions: 50000007 cycles: 10155021 heartbeat IPC: 4.89928 cumulative IPC: 4.92367 (Simulation time: 0 hr 2 min 41 sec) 
Heartbeat CPU 0 instructions: 60000005 cycles: 12191612 heartbeat IPC: 4.91017 cumulative IPC: 4.92142 (Simulation time: 0 hr 3 min 14 sec) 
Heartbeat CPU 0 instructions: 70000004 cycles: 14217141 heartbeat IPC: 4.93698 cumulative IPC: 4.92363 (Simulation time: 0 hr 3 min 47 sec) 
Heartbeat CPU 0 instructions: 80000000 cycles: 16250192 heartbeat IPC: 4.91871 cumulative IPC: 4.92302 (Simulation time: 0 hr 4 min 19 sec) 
Heartbeat CPU 0 instructions: 90000000 cycles: 18297848 heartbeat IPC: 4.88363 cumulative IPC: 4.91861 (Simulation time: 0 hr 4 min 51 sec) 
Heartbeat CPU 0 instructions: 100000000 cycles: 20342282 heartbeat IPC: 4.89133 cumulative IPC: 4.91587 (Simulation time: 0 hr 5 min 23 sec) 
Heartbeat CPU 0 instructions: 110000002 cycles: 22395714 heartbeat IPC: 4.8699 cumulative IPC: 4.91165 (Simulation time: 0 hr 5 min 55 sec) 
Heartbeat CPU 0 instructions: 120000005 cycles: 24434533 heartbeat IPC: 4.9048 cumulative IPC: 4.91108 (Simulation time: 0 hr 6 min 27 sec) 
Heartbeat CPU 0 instructions: 130000006 cycles: 26471194 heartbeat IPC: 4.91 cumulative IPC: 4.911 (Simulation time: 0 hr 6 min 59 sec) 
Heartbeat CPU 0 instructions: 140000007 cycles: 28515484 heartbeat IPC: 4.89167 cumulative IPC: 4.90961 (Simulation time: 0 hr 7 min 31 sec) 
Heartbeat CPU 0 instructions: 150000003 cycles: 30568149 heartbeat IPC: 4.87171 cumulative IPC: 4.90707 (Simulation time: 0 hr 8 min 4 sec) 
Heartbeat CPU 0 instructions: 160000005 cycles: 32605230 heartbeat IPC: 4.90899 cumulative IPC: 4.90719 (Simulation time: 0 hr 8 min 37 sec) 
Heartbeat CPU 0 instructions: 170000004 cycles: 34635329 heartbeat IPC: 4.92587 cumulative IPC: 4.90828 (Simulation time: 0 hr 9 min 9 sec) 
Heartbeat CPU 0 instructions: 180000000 cycles: 36643246 heartbeat IPC: 4.98028 cumulative IPC: 4.91223 (Simulation time: 0 hr 9 min 40 sec) 
Heartbeat CPU 0 instructions: 190000000 cycles: 38681437 heartbeat IPC: 4.90631 cumulative IPC: 4.91192 (Simulation time: 0 hr 10 min 12 sec) 
Heartbeat CPU 0 instructions: 200000004 cycles: 40710873 heartbeat IPC: 4.92748 cumulative IPC: 4.91269 (Simulation time: 0 hr 10 min 47 sec) 

Warmup complete CPU 0 instructions: 200000004 cycles: 40710873 (Simulation time: 0 hr 10 min 47 sec) 

Heartbeat CPU 0 instructions: 210000000 cycles: 63945283 heartbeat IPC: 0.430396 cumulative IPC: 0.430396 (Simulation time: 0 hr 12 min 30 sec) 
Heartbeat CPU 0 instructions: 220000001 cycles: 87721452 heartbeat IPC: 0.420589 cumulative IPC: 0.425436 (Simulation time: 0 hr 14 min 10 sec) 
Heartbeat CPU 0 instructions: 230000002 cycles: 111668602 heartbeat IPC: 0.417586 cumulative IPC: 0.422787 (Simulation time: 0 hr 15 min 37 sec) 
Heartbeat CPU 0 instructions: 240000002 cycles: 136481040 heartbeat IPC: 0.403024 cumulative IPC: 0.417667 (Simulation time: 0 hr 16 min 59 sec) 
Heartbeat CPU 0 instructions: 250000003 cycles: 160855471 heartbeat IPC: 0.410266 cumulative IPC: 0.416165 (Simulation time: 0 hr 18 min 19 sec) 
Heartbeat CPU 0 instructions: 260000007 cycles: 185030520 heartbeat IPC: 0.41365 cumulative IPC: 0.415744 (Simulation time: 0 hr 19 min 31 sec) 
Heartbeat CPU 0 instructions: 270000000 cycles: 208921162 heartbeat IPC: 0.418574 cumulative IPC: 0.416146 (Simulation time: 0 hr 20 min 44 sec) 
Heartbeat CPU 0 instructions: 280000001 cycles: 232467921 heartbeat IPC: 0.424687 cumulative IPC: 0.417195 (Simulation time: 0 hr 21 min 55 sec) 
Heartbeat CPU 0 instructions: 290000000 cycles: 255660556 heartbeat IPC: 0.431171 cumulative IPC: 0.418703 (Simulation time: 0 hr 23 min 3 sec) 
Heartbeat CPU 0 instructions: 300000000 cycles: 278799488 heartbeat IPC: 0.432172 cumulative IPC: 0.420012 (Simulation time: 0 hr 24 min 8 sec) 
Heartbeat CPU 0 instructions: 310000003 cycles: 301932299 heartbeat IPC: 0.432287 cumulative IPC: 0.421099 (Simulation time: 0 hr 25 min 14 sec) 
Heartbeat CPU 0 instructions: 320000003 cycles: 324742945 heartbeat IPC: 0.438392 cumulative IPC: 0.422487 (Simulation time: 0 hr 26 min 18 sec) 
Heartbeat CPU 0 instructions: 330000007 cycles: 347359688 heartbeat IPC: 0.442151 cumulative IPC: 0.423938 (Simulation time: 0 hr 27 min 20 sec) 
Heartbeat CPU 0 instructions: 340000007 cycles: 370108203 heartbeat IPC: 0.439589 cumulative IPC: 0.425019 (Simulation time: 0 hr 28 min 23 sec) 
Heartbeat CPU 0 instructions: 350000005 cycles: 393367950 heartbeat IPC: 0.429927 cumulative IPC: 0.425342 (Simulation time: 0 hr 29 min 26 sec) 
Heartbeat CPU 0 instructions: 360000000 cycles: 416750820 heartbeat IPC: 0.427663 cumulative IPC: 0.425487 (Simulation time: 0 hr 30 min 30 sec) 
Heartbeat CPU 0 instructions: 370000006 cycles: 440436885 heartbeat IPC: 0.422189 cumulative IPC: 0.425291 (Simulation time: 0 hr 31 min 34 sec) 
Heartbeat CPU 0 instructions: 380000004 cycles: 463994827 heartbeat IPC: 0.424485 cumulative IPC: 0.425246 (Simulation time: 0 hr 32 min 38 sec) 
Heartbeat CPU 0 instructions: 390000000 cycles: 487138514 heartbeat IPC: 0.432083 cumulative IPC: 0.425601 (Simulation time: 0 hr 33 min 42 sec) 
Heartbeat CPU 0 instructions: 400000001 cycles: 510830145 heartbeat IPC: 0.42209 cumulative IPC: 0.425424 (Simulation time: 0 hr 34 min 46 sec) 
Finished CPU 0 instructions: 200000002 cycles: 470119275 cumulative IPC: 0.425424 (Simulation time: 0 hr 34 min 46 sec) 

ChampSim completed all CPUs

Region of Interest Statistics

CPU 0 cumulative IPC: 0.425424 instructions: 200000002 cycles: 470119275
ITLB TOTAL     ACCESS:   21661726  HIT:   21661726  MISS:          0  HIT %:        100  MISS %:          0   MPKI: 0
ITLB LOAD TRANSLATION ACCESS:   21661726  HIT:   21661726  MISS:          0  HIT %:        100  MISS %:          0   MPKI: 0
ITLB PREFETCH  REQUESTED:          0  ISSUED:          0  USEFUL:          0  USELESS:          0
ITLB USEFUL LOAD PREFETCHES:          0 PREFETCH ISSUED TO LOWER LEVEL:          0  ACCURACY: -nan
ITLB TIMELY PREFETCHES:          0 LATE PREFETCHES: 0 DROPPED PREFETCHES: 0
ITLB PREFETCHES SAME FILL-ORIGIN LEVEL: 0 DIFFERENT FILL-ORIGIN LEVEL: 0
ITLB AVERAGE MISS LATENCY:       -nan cycles AVERAGE LOAD MISS LATENCY:       -nan cycles Load Miss          0
ITLB Average MSHR Occupancy: 1.48898e-08
ITLB RQ	ACCESS:   24597496	FORWARD:          0	MERGED:    2935771	TO_CACHE:   21661725

DTLB TOTAL     ACCESS:   29271822  HIT:   28996720  MISS:     275102  HIT %:    99.0602  MISS %:   0.939819   MPKI: 1.37551
DTLB LOAD TRANSLATION ACCESS:   29271822  HIT:   28996720  MISS:     275102  HIT %:    99.0602  MISS %:   0.939819   MPKI: 1.37551
DTLB PREFETCH  REQUESTED:          0  ISSUED:          0  USEFUL:          0  USELESS:          0
DTLB USEFUL LOAD PREFETCHES:          0 PREFETCH ISSUED TO LOWER LEVEL:          0  ACCURACY: -nan
DTLB TIMELY PREFETCHES:          0 LATE PREFETCHES: 0 DROPPED PREFETCHES: 0
DTLB PREFETCHES SAME FILL-ORIGIN LEVEL: 0 DIFFERENT FILL-ORIGIN LEVEL: 0
DTLB AVERAGE MISS LATENCY:    107.649 cycles AVERAGE LOAD MISS LATENCY:       -nan cycles Load Miss          0
DTLB Average MSHR Occupancy:  0.0480891
DTLB RQ	ACCESS:   49303405	FORWARD:          0	MERGED:   19903759	TO_CACHE:   29399646

STLB TOTAL     ACCESS:     611940  HIT:     462664  MISS:     149276  HIT %:    75.6061  MISS %:    24.3939   MPKI: 0.74638
STLB LOAD TRANSLATION ACCESS:     275102  HIT:     125826  MISS:     149276  HIT %:    45.7379  MISS %:    54.2621   MPKI: 0.74638
STLB TRANSLATION FROM L1D PREFETCHER ACCESS:     336838  HIT:     336838  MISS:          0  HIT %:        100  MISS %:          0   MPKI: 0
STLB PREFETCH  REQUESTED:          0  ISSUED:          0  USEFUL:          0  USELESS:          0
STLB USEFUL LOAD PREFETCHES:          0 PREFETCH ISSUED TO LOWER LEVEL:          0  ACCURACY: -nan
STLB TIMELY PREFETCHES:          0 LATE PREFETCHES: 0 DROPPED PREFETCHES: 0
STLB PREFETCHES SAME FILL-ORIGIN LEVEL: 0 DIFFERENT FILL-ORIGIN LEVEL: 0
STLB AVERAGE MISS LATENCY:    181.406 cycles AVERAGE LOAD MISS LATENCY:       -nan cycles Load Miss          0
STLB Average MSHR Occupancy:  0.0427074
STLB RQ	ACCESS:    1195718	FORWARD:          0	MERGED:     583780	TO_CACHE:     611938

STLB Hit, L1D data hit: 0
STLB Hit, L2C data hit: 0
STLB Hit, LLC data hit: 0
STLB Hit, LLC data miss: 0
STLB STLB hints to L2: 0
L1D TOTAL     ACCESS:   48479572  HIT:   32720263  MISS:   15759309  HIT %:    67.4929  MISS %:    32.5071   MPKI: 78.7965
L1D LOAD      ACCESS:   12686191  HIT:   10300814  MISS:    2385377  HIT %:    81.1971  MISS %:    18.8029   MPKI: 11.9269
L1D RFO       ACCESS:   35714190  HIT:   22342842  MISS:   13371348  HIT %:    62.5601  MISS %:    37.4399   MPKI: 66.8567
L1D PREFETCH  ACCESS:      79191  HIT:      76607  MISS:       2584  HIT %:     96.737  MISS %:      3.263   MPKI: 0.01292
AGUS PREFETCH L1 MISS: 0
L1D PREFETCH  REQUESTED:    2455471  ISSUED:    1984286  USEFUL:       2584  USELESS:          0
L1D USEFUL LOAD PREFETCHES:       2584 PREFETCH ISSUED TO LOWER LEVEL:     647811  ACCURACY: 0.398882
L1D TIMELY PREFETCHES:       2584 LATE PREFETCHES: 1264 DROPPED PREFETCHES: 0
L1D PREFETCHES SAME FILL-ORIGIN LEVEL: 3848 DIFFERENT FILL-ORIGIN LEVEL: 643963
L1D AVERAGE MISS LATENCY:    347.786 cycles AVERAGE LOAD MISS LATENCY:    395.738 cycles Load Miss    2385377
L1D Average MSHR Occupancy:    11.9035
L1D RQ	ACCESS:   45660439	FORWARD:          0	MERGED:   28184980	TO_CACHE:   13360291
L1D WQ	ACCESS:   36900397	FORWARD:    4115168	MERGED:     957283	TO_CACHE:   35943114
L1D PQ	ACCESS:    1063668	FORWARD:          0	MERGED:     143050	TO_CACHE:     920618

L1D UNIQUE REGIONS ACCESSED: 0
L1D REGIONS CONFLICTS: 0
L1D Cross Page Prefetch Requests: 0
L1D Same Page Prefetch Requests: 2063028
L1D ROI Sum of L1D PQ occupancy: 660144993
L1D PREFETCHES PUSHED FROM L2C: 0
L1I TOTAL     ACCESS:   22338586  HIT:          0  MISS:   22338586  HIT %:          0  MISS %:        100   MPKI: 111.693
L1I LOAD      ACCESS:   22338586  HIT:          0  MISS:   22338586  HIT %:          0  MISS %:        100   MPKI: 111.693
L1I PREFETCH  REQUESTED:          0  ISSUED:          0  USEFUL:          0  USELESS:          0
L1I USEFUL LOAD PREFETCHES:          0 PREFETCH ISSUED TO LOWER LEVEL:          0  ACCURACY: -nan
L1I TIMELY PREFETCHES:          0 LATE PREFETCHES: 0 DROPPED PREFETCHES: 0
L1I PREFETCHES SAME FILL-ORIGIN LEVEL: 0 DIFFERENT FILL-ORIGIN LEVEL: 0
L1I AVERAGE MISS LATENCY:    14.8383 cycles AVERAGE LOAD MISS LATENCY:    14.8383 cycles Load Miss   22338586
L1I Average MSHR Occupancy:   0.827824
L1I RQ	ACCESS:   50390703	FORWARD:          0	MERGED:   25793207	TO_CACHE:   24597496

BTB TOTAL     ACCESS:    3600616  HIT:    3600610  MISS:          6  HIT %:    99.9998  MISS %: 0.000166638   MPKI: 3e-05
BTB BRANCH_DIRECT_JUMP	ACCESS:     587315  HIT:     587314  MISS:          1
BTB BRANCH_INDIRECT	ACCESS:          0  HIT:          0  MISS:          0
BTB BRANCH_CONDITIONAL	ACCESS:    3013301  HIT:    3013296  MISS:          5
BTB BRANCH_DIRECT_CALL	ACCESS:          0  HIT:          0  MISS:          0
BTB BRANCH_INDIRECT_CALL	ACCESS:          0  HIT:          0  MISS:          0
BTB BRANCH_RETURN	ACCESS:          0  HIT:          0  MISS:          0
BTB BRANCH_OTHER ACCESS:          0  HIT:          0  MISS:          0

L2C TOTAL     ACCESS:   52193703  HIT:   42610980  MISS:    9582723  HIT %:    81.6401  MISS %:    18.3599   MPKI: 47.9136
L2C LOAD      ACCESS:   24722698  HIT:   22823046  MISS:    1899652  HIT %:    92.3162  MISS %:    7.68384   MPKI: 9.49826
L2C DATA LOAD MPKI: 9.49825
L2C INSTRUCTION LOAD MPKI: 5e-06
L2C RFO       ACCESS:   13371344  HIT:    6208475  MISS:    7162869  HIT %:    46.4312  MISS %:    53.5688   MPKI: 35.8143
L2C PREFETCH  ACCESS:     579032  HIT:      90821  MISS:     488211  HIT %:     15.685  MISS %:     84.315   MPKI: 2.44105
AGUS PREFETCH L1 MISS: 0
L2C DATA PREFETCH MPKI: 2.44105
L2C INSTRUCTION PREFETCH MPKI: 0
L2C WRITEBACK ACCESS:   13371343  HIT:   13358219  MISS:      13124  HIT %:    99.9018  MISS %:  0.0981502   MPKI: 0.06562
L2C LOAD TRANSLATION ACCESS:     149286  HIT:     130419  MISS:      18867  HIT %:    87.3618  MISS %:    12.6382   MPKI: 0.094335
L2C PREFETCH  REQUESTED:          0  ISSUED:          0  USEFUL:     484355  USELESS:       3887
L2C USEFUL LOAD PREFETCHES:     484355 PREFETCH ISSUED TO LOWER LEVEL:     539089  ACCURACY: 89.8469
L2C TIMELY PREFETCHES:     484355 LATE PREFETCHES: 50878 DROPPED PREFETCHES: 0
L2C PREFETCHES SAME FILL-ORIGIN LEVEL: 535899 DIFFERENT FILL-ORIGIN LEVEL: 0
L2C AVERAGE MISS LATENCY:    577.479 cycles AVERAGE LOAD MISS LATENCY:    476.329 cycles Load Miss    1899652
L2C Average MSHR Occupancy:    11.6569
L2C RQ	ACCESS:   38243330	FORWARD:          0	MERGED:          0	TO_CACHE:   38243326
L2C WQ	ACCESS:   13371344	FORWARD:          4	MERGED:          0	TO_CACHE:   13371344
L2C PQ	ACCESS:     647799	FORWARD:          0	MERGED:        106	TO_CACHE:     647693

L2C Instructions Evicting Data 1
L2C Translations Evicting Data 18848
L2C Data Evicting Data 9531898
L2C Instructions Evicting Instructions 0
L2C Translations Evicting Instructions 0
L2C Data Evicting Instructions 1
L2C Instructions Evicting Translations 0
L2C Translations Evicting Translations 19
L2C Data Evicting Translations 18832
L2C Dense regions hint from L2: 0
PSCL5 TOTAL     ACCESS:     149275  HIT:     149275  MISS:          0  HIT %:        100  MISS %:          0   MPKI: 0
PSCL5 LOAD TRANSLATION ACCESS:     149275  HIT:     149275  MISS:          0  HIT %:        100  MISS %:          0   MPKI: 0
PSCL5 PREFETCH  REQUESTED:          0  ISSUED:          0  USEFUL:          0  USELESS:          0
PSCL5 USEFUL LOAD PREFETCHES:          0 PREFETCH ISSUED TO LOWER LEVEL:          0  ACCURACY: -nan
PSCL5 TIMELY PREFETCHES:          0 LATE PREFETCHES: 0 DROPPED PREFETCHES: 0
PSCL5 PREFETCHES SAME FILL-ORIGIN LEVEL: 0 DIFFERENT FILL-ORIGIN LEVEL: 0

PSCL4 TOTAL     ACCESS:     149275  HIT:     149275  MISS:          0  HIT %:        100  MISS %:          0   MPKI: 0
PSCL4 LOAD TRANSLATION ACCESS:     149275  HIT:     149275  MISS:          0  HIT %:        100  MISS %:          0   MPKI: 0
PSCL4 PREFETCH  REQUESTED:          0  ISSUED:          0  USEFUL:          0  USELESS:          0
PSCL4 USEFUL LOAD PREFETCHES:          0 PREFETCH ISSUED TO LOWER LEVEL:          0  ACCURACY: -nan
PSCL4 TIMELY PREFETCHES:          0 LATE PREFETCHES: 0 DROPPED PREFETCHES: 0
PSCL4 PREFETCHES SAME FILL-ORIGIN LEVEL: 0 DIFFERENT FILL-ORIGIN LEVEL: 0

PSCL3 TOTAL     ACCESS:     149275  HIT:     149274  MISS:          1  HIT %:    99.9993  MISS %: 0.000669905   MPKI: 5e-06
PSCL3 LOAD TRANSLATION ACCESS:     149275  HIT:     149274  MISS:          1  HIT %:    99.9993  MISS %: 0.000669905   MPKI: 5e-06
PSCL3 PREFETCH  REQUESTED:          0  ISSUED:          0  USEFUL:          0  USELESS:          0
PSCL3 USEFUL LOAD PREFETCHES:          0 PREFETCH ISSUED TO LOWER LEVEL:          0  ACCURACY: -nan
PSCL3 TIMELY PREFETCHES:          0 LATE PREFETCHES: 0 DROPPED PREFETCHES: 0
PSCL3 PREFETCHES SAME FILL-ORIGIN LEVEL: 0 DIFFERENT FILL-ORIGIN LEVEL: 0

PSCL2 TOTAL     ACCESS:     149275  HIT:     149120  MISS:        155  HIT %:    99.8962  MISS %:   0.103835   MPKI: 0.000775
PSCL2 LOAD TRANSLATION ACCESS:     149275  HIT:     149120  MISS:        155  HIT %:    99.8962  MISS %:   0.103835   MPKI: 0.000775
PSCL2 PREFETCH  REQUESTED:          0  ISSUED:          0  USEFUL:          0  USELESS:          0
PSCL2 USEFUL LOAD PREFETCHES:          0 PREFETCH ISSUED TO LOWER LEVEL:          0  ACCURACY: -nan
PSCL2 TIMELY PREFETCHES:          0 LATE PREFETCHES: 0 DROPPED PREFETCHES: 0
PSCL2 PREFETCHES SAME FILL-ORIGIN LEVEL: 0 DIFFERENT FILL-ORIGIN LEVEL: 0

LLC TOTAL     ACCESS:   16733971  HIT:       1496  MISS:   16732475  HIT %:  0.0089399  MISS %:    99.9911   MPKI: 83.6624
LLC LOAD      ACCESS:    1848774  HIT:        238  MISS:    1848536  HIT %:  0.0128734  MISS %:    99.9871   MPKI: 9.24268
LLC RFO       ACCESS:    7162869  HIT:        502  MISS:    7162367  HIT %: 0.00700836  MISS %:     99.993   MPKI: 35.8118
LLC PREFETCH  ACCESS:     539089  HIT:          0  MISS:     539089  HIT %:          0  MISS %:        100   MPKI: 2.69544
AGUS PREFETCH L1 MISS: 0
LLC WRITEBACK ACCESS:    7164372  HIT:        708  MISS:    7163664  HIT %: 0.00988223  MISS %:    99.9901   MPKI: 35.8183
LLC LOAD TRANSLATION ACCESS:      18867  HIT:         48  MISS:      18819  HIT %:   0.254412  MISS %:    99.7456   MPKI: 0.094095
LLC PREFETCH  REQUESTED:          0  ISSUED:          0  USEFUL:          0  USELESS:        353
LLC USEFUL LOAD PREFETCHES:          0 PREFETCH ISSUED TO LOWER LEVEL:     539089  ACCURACY: 0
LLC TIMELY PREFETCHES:          0 LATE PREFETCHES: 0 DROPPED PREFETCHES: 0
LLC PREFETCHES SAME FILL-ORIGIN LEVEL: 0 DIFFERENT FILL-ORIGIN LEVEL: 0
LLC AVERAGE MISS LATENCY:    306.344 cycles AVERAGE LOAD MISS LATENCY:    434.745 cycles Load Miss    1848536
LLC Average MSHR Occupancy:    10.8831
LLC RQ	ACCESS:    9030524	FORWARD:          0	MERGED:          0	TO_CACHE:    9030524
LLC WQ	ACCESS:    7164373	FORWARD:          0	MERGED:          0	TO_CACHE:    7164373
LLC PQ	ACCESS:     539089	FORWARD:          0	MERGED:          0	TO_CACHE:     539089

LLC Dense regions hint to LLC: 0

RAW hits: 6536667
Loads Generated: 52197109
Loads sent to L1D: 45660439
Stores Generated: 36900374
Stores sent to L1D: 36900397
Major fault: 0 Minor fault: 152248
Allocated PAGES: 152248
CPU 0 L1D PC-based stride prefetcher final stats
Degree: 3
================ Mockingjay (LLC) Pollution Stats ================
Total pollution count in LLC: 0
==================================================================

DRAM Statistics
 CHANNEL 0
 RQ ROW_BUFFER_HIT:     865628  ROW_BUFFER_MISS:    8703182
 DBUS_CONGESTED:          0
 WQ ROW_BUFFER_HIT:    1359048  ROW_BUFFER_MISS:    5804545  FULL:      23902

 AVG_CONGESTED_CYCLE: -
 All warmup complete: 2
Channel 0 Bank busy for read cycles: 0
Channel 0 Bank busy for write cycles: 0
Channel 0
Rank 0
0banks busy for read cycles: 326875
0banks busy for write cycles: 0
1banks busy for read cycles: 28084584
1banks busy for write cycles: 728107
2banks busy for read cycles: 11164489
2banks busy for write cycles: 728083
3banks busy for read cycles: 15544982
3banks busy for write cycles: 728074
4banks busy for read cycles: 44572991
4banks busy for write cycles: 728075
5banks busy for read cycles: 66750395
5banks busy for write cycles: 728594
6banks busy for read cycles: 50224417
6banks busy for write cycles: 761646
7banks busy for read cycles: 49235511
7banks busy for write cycles: 8624737
8banks busy for read cycles: 37702720
8banks busy for write cycles: 153484996

CPU 0 Branch Prediction Accuracy: 97.0587% MPKI: 0.529525 Average ROB Occupancy at Mispredict: 434.559
Branch types
NOT_BRANCH: 196399073 98.1995%
BRANCH_DIRECT_JUMP: 587315 0.293657%
BRANCH_INDIRECT: 0 0%
BRANCH_CONDITIONAL: 3013302 1.50665%
BRANCH_DIRECT_CALL: 0 0%
BRANCH_INDIRECT_CALL: 0 0%
BRANCH_RETURN: 0 0%
BRANCH_OTHER: 0 0%

===================== LRU L1D STATS =====================
Total pollution count in L1D: 0
=========================================================
================ SRRIP (L2C) Pollution Stats ================
Total pollution count in L2c: 442
==================================================================
DRAM PAGES: 1048576
Allocated PAGES: 152248
