
*** ChampSim Multicore Out-of-Order Simulator ***

Warmup Instructions: 200000000
Simulation Instructions: 200000000
Number of CPUs: 1
LLC sets: 4096
LLC ways: 12
Off-chip DRAM Size: 4096 MB Channels: 1 Width: 64-bit Data Rate: 6400 MT/s
CPU 0 runs ./tracer/traces/623.xalancbmk_s-10B.champsimtrace.xz
.xz
BTB has LRU replacement policy
ITLB has LRU replacement policy
DTLB has LRU replacement policy
STLB has LRU replacement policy
L1I has LRU replacement policy
CPU 0 L1D IP-based stride prefetcher
L1D has LRU replacement policy
Initialize SRRIP state for L2C
Initialize Mockingjay state for LLC
Heartbeat CPU 0 instructions: 10000000 cycles: 2928679 heartbeat IPC: 3.41451 cumulative IPC: 3.41451 (Simulation time: 0 hr 1 min 1 sec) 
Heartbeat CPU 0 instructions: 20000000 cycles: 5846716 heartbeat IPC: 3.42696 cumulative IPC: 3.42072 (Simulation time: 0 hr 1 min 50 sec) 
Heartbeat CPU 0 instructions: 30000001 cycles: 8792902 heartbeat IPC: 3.39422 cumulative IPC: 3.41184 (Simulation time: 0 hr 2 min 47 sec) 
Heartbeat CPU 0 instructions: 40000004 cycles: 11707555 heartbeat IPC: 3.43094 cumulative IPC: 3.4166 (Simulation time: 0 hr 3 min 35 sec) 
Heartbeat CPU 0 instructions: 50000000 cycles: 14706509 heartbeat IPC: 3.33449 cumulative IPC: 3.39986 (Simulation time: 0 hr 4 min 26 sec) 
Heartbeat CPU 0 instructions: 60000002 cycles: 17622852 heartbeat IPC: 3.42895 cumulative IPC: 3.40467 (Simulation time: 0 hr 5 min 11 sec) 
Heartbeat CPU 0 instructions: 70000000 cycles: 20617773 heartbeat IPC: 3.33899 cumulative IPC: 3.39513 (Simulation time: 0 hr 6 min 10 sec) 
Heartbeat CPU 0 instructions: 80000003 cycles: 23545446 heartbeat IPC: 3.41568 cumulative IPC: 3.39768 (Simulation time: 0 hr 7 min 11 sec) 
Heartbeat CPU 0 instructions: 90000000 cycles: 26480143 heartbeat IPC: 3.40751 cumulative IPC: 3.39877 (Simulation time: 0 hr 7 min 59 sec) 
Heartbeat CPU 0 instructions: 100000005 cycles: 29452658 heartbeat IPC: 3.36416 cumulative IPC: 3.39528 (Simulation time: 0 hr 8 min 47 sec) 
Heartbeat CPU 0 instructions: 110000001 cycles: 32400015 heartbeat IPC: 3.39287 cumulative IPC: 3.39506 (Simulation time: 0 hr 9 min 32 sec) 
Heartbeat CPU 0 instructions: 120000001 cycles: 35263271 heartbeat IPC: 3.49253 cumulative IPC: 3.40297 (Simulation time: 0 hr 10 min 15 sec) 
Heartbeat CPU 0 instructions: 130000004 cycles: 38249893 heartbeat IPC: 3.34827 cumulative IPC: 3.3987 (Simulation time: 0 hr 11 min 0 sec) 
Heartbeat CPU 0 instructions: 140000002 cycles: 41261407 heartbeat IPC: 3.32059 cumulative IPC: 3.393 (Simulation time: 0 hr 11 min 46 sec) 
Heartbeat CPU 0 instructions: 150000000 cycles: 44153987 heartbeat IPC: 3.45712 cumulative IPC: 3.3972 (Simulation time: 0 hr 12 min 30 sec) 
Heartbeat CPU 0 instructions: 160000001 cycles: 47119869 heartbeat IPC: 3.37168 cumulative IPC: 3.3956 (Simulation time: 0 hr 13 min 15 sec) 
Heartbeat CPU 0 instructions: 170000001 cycles: 50008291 heartbeat IPC: 3.4621 cumulative IPC: 3.39944 (Simulation time: 0 hr 14 min 0 sec) 
Heartbeat CPU 0 instructions: 180000000 cycles: 52913978 heartbeat IPC: 3.44153 cumulative IPC: 3.40175 (Simulation time: 0 hr 14 min 46 sec) 
Heartbeat CPU 0 instructions: 190000002 cycles: 55814462 heartbeat IPC: 3.4477 cumulative IPC: 3.40414 (Simulation time: 0 hr 15 min 31 sec) 
Heartbeat CPU 0 instructions: 200000007 cycles: 58756161 heartbeat IPC: 3.3994 cumulative IPC: 3.4039 (Simulation time: 0 hr 16 min 16 sec) 

Warmup complete CPU 0 instructions: 200000007 cycles: 58756161 (Simulation time: 0 hr 16 min 16 sec) 

Heartbeat CPU 0 instructions: 210000002 cycles: 83154075 heartbeat IPC: 0.409871 cumulative IPC: 0.409871 (Simulation time: 0 hr 17 min 27 sec) 
Heartbeat CPU 0 instructions: 220000002 cycles: 107762040 heartbeat IPC: 0.406372 cumulative IPC: 0.408114 (Simulation time: 0 hr 18 min 37 sec) 
Heartbeat CPU 0 instructions: 230000002 cycles: 131292777 heartbeat IPC: 0.424976 cumulative IPC: 0.413584 (Simulation time: 0 hr 19 min 45 sec) 
Heartbeat CPU 0 instructions: 240000002 cycles: 156710643 heartbeat IPC: 0.393424 cumulative IPC: 0.408353 (Simulation time: 0 hr 20 min 57 sec) 
Heartbeat CPU 0 instructions: 250000001 cycles: 181806988 heartbeat IPC: 0.398464 cumulative IPC: 0.406336 (Simulation time: 0 hr 22 min 9 sec) 
Heartbeat CPU 0 instructions: 260000001 cycles: 206197135 heartbeat IPC: 0.410002 cumulative IPC: 0.406942 (Simulation time: 0 hr 23 min 15 sec) 
Heartbeat CPU 0 instructions: 270000000 cycles: 231529522 heartbeat IPC: 0.394752 cumulative IPC: 0.405155 (Simulation time: 0 hr 24 min 24 sec) 
Heartbeat CPU 0 instructions: 280000000 cycles: 256087013 heartbeat IPC: 0.407208 cumulative IPC: 0.40541 (Simulation time: 0 hr 25 min 31 sec) 
Heartbeat CPU 0 instructions: 290000000 cycles: 279434412 heartbeat IPC: 0.428313 cumulative IPC: 0.407834 (Simulation time: 0 hr 26 min 36 sec) 
Heartbeat CPU 0 instructions: 300000004 cycles: 304622316 heartbeat IPC: 0.397016 cumulative IPC: 0.406725 (Simulation time: 0 hr 27 min 36 sec) 
Heartbeat CPU 0 instructions: 310000000 cycles: 328543661 heartbeat IPC: 0.418037 cumulative IPC: 0.407728 (Simulation time: 0 hr 28 min 28 sec) 
Heartbeat CPU 0 instructions: 320000005 cycles: 351964186 heartbeat IPC: 0.426976 cumulative IPC: 0.409266 (Simulation time: 0 hr 29 min 18 sec) 
Heartbeat CPU 0 instructions: 330000002 cycles: 376208760 heartbeat IPC: 0.412463 cumulative IPC: 0.40951 (Simulation time: 0 hr 30 min 11 sec) 
Heartbeat CPU 0 instructions: 340000001 cycles: 400727075 heartbeat IPC: 0.407858 cumulative IPC: 0.409392 (Simulation time: 0 hr 31 min 2 sec) 
Heartbeat CPU 0 instructions: 350000003 cycles: 425093884 heartbeat IPC: 0.410394 cumulative IPC: 0.409458 (Simulation time: 0 hr 31 min 55 sec) 
Heartbeat CPU 0 instructions: 360000000 cycles: 448882885 heartbeat IPC: 0.420362 cumulative IPC: 0.410123 (Simulation time: 0 hr 32 min 44 sec) 
Heartbeat CPU 0 instructions: 370000000 cycles: 472861897 heartbeat IPC: 0.417031 cumulative IPC: 0.410523 (Simulation time: 0 hr 33 min 36 sec) 
Heartbeat CPU 0 instructions: 380000004 cycles: 496616102 heartbeat IPC: 0.420978 cumulative IPC: 0.41109 (Simulation time: 0 hr 34 min 27 sec) 
Heartbeat CPU 0 instructions: 390000000 cycles: 521638844 heartbeat IPC: 0.399636 cumulative IPC: 0.410471 (Simulation time: 0 hr 35 min 20 sec) 
Heartbeat CPU 0 instructions: 400000002 cycles: 546340369 heartbeat IPC: 0.404833 cumulative IPC: 0.410186 (Simulation time: 0 hr 36 min 13 sec) 
Finished CPU 0 instructions: 200000001 cycles: 487584210 cumulative IPC: 0.410186 (Simulation time: 0 hr 36 min 13 sec) 

ChampSim completed all CPUs

Region of Interest Statistics

CPU 0 cumulative IPC: 0.410186 instructions: 200000001 cycles: 487584210
ITLB TOTAL     ACCESS:   23239805  HIT:   23095738  MISS:     144067  HIT %:    99.3801  MISS %:   0.619915   MPKI: 0.720335
ITLB LOAD TRANSLATION ACCESS:   23239805  HIT:   23095738  MISS:     144067  HIT %:    99.3801  MISS %:   0.619915   MPKI: 0.720335
ITLB PREFETCH  REQUESTED:          0  ISSUED:          0  USEFUL:          0  USELESS:          0
ITLB USEFUL LOAD PREFETCHES:          0 PREFETCH ISSUED TO LOWER LEVEL:          0  ACCURACY: -nan
ITLB TIMELY PREFETCHES:          0 LATE PREFETCHES: 0 DROPPED PREFETCHES: 0
ITLB PREFETCHES SAME FILL-ORIGIN LEVEL: 0 DIFFERENT FILL-ORIGIN LEVEL: 0
ITLB AVERAGE MISS LATENCY:    11.1468 cycles AVERAGE LOAD MISS LATENCY:       -nan cycles Load Miss          0
ITLB Average MSHR Occupancy: 0.00305672
ITLB RQ	ACCESS:   24656241	FORWARD:          0	MERGED:    1279220	TO_CACHE:   23377021

DTLB TOTAL     ACCESS:   34994626  HIT:   33666499  MISS:    1328127  HIT %:    96.2048  MISS %:    3.79523   MPKI: 6.64063
DTLB LOAD TRANSLATION ACCESS:   34994626  HIT:   33666499  MISS:    1328127  HIT %:    96.2048  MISS %:    3.79523   MPKI: 6.64063
DTLB PREFETCH  REQUESTED:          0  ISSUED:          0  USEFUL:          0  USELESS:          0
DTLB USEFUL LOAD PREFETCHES:          0 PREFETCH ISSUED TO LOWER LEVEL:          0  ACCURACY: -nan
DTLB TIMELY PREFETCHES:          0 LATE PREFETCHES: 0 DROPPED PREFETCHES: 0
DTLB PREFETCHES SAME FILL-ORIGIN LEVEL: 0 DIFFERENT FILL-ORIGIN LEVEL: 0
DTLB AVERAGE MISS LATENCY:    28.9206 cycles AVERAGE LOAD MISS LATENCY:       -nan cycles Load Miss          0
DTLB Average MSHR Occupancy:   0.080503
DTLB RQ	ACCESS:   40003882	FORWARD:          0	MERGED:    4906873	TO_CACHE:   35097009

STLB TOTAL     ACCESS:    1597012  HIT:     623967  MISS:     973045  HIT %:    39.0709  MISS %:    60.9291   MPKI: 4.86522
STLB LOAD TRANSLATION ACCESS:    1472194  HIT:     499150  MISS:     973044  HIT %:    33.9052  MISS %:    66.0948   MPKI: 4.86522
STLB TRANSLATION FROM L1D PREFETCHER ACCESS:     124818  HIT:     124817  MISS:          1  HIT %:    99.9992  MISS %: 0.000801166   MPKI: 5e-06
STLB PREFETCH  REQUESTED:          0  ISSUED:          0  USEFUL:          1  USELESS:          0
STLB USEFUL LOAD PREFETCHES:          1 PREFETCH ISSUED TO LOWER LEVEL:          0  ACCURACY: inf
STLB TIMELY PREFETCHES:          1 LATE PREFETCHES: 0 DROPPED PREFETCHES: 0
STLB PREFETCHES SAME FILL-ORIGIN LEVEL: 0 DIFFERENT FILL-ORIGIN LEVEL: 0
STLB AVERAGE MISS LATENCY:     27.462 cycles AVERAGE LOAD MISS LATENCY:       -nan cycles Load Miss          0
STLB Average MSHR Occupancy:  0.0552294
STLB RQ	ACCESS:    1871685	FORWARD:          0	MERGED:     274673	TO_CACHE:    1597012

STLB Hit, L1D data hit: 0
STLB Hit, L2C data hit: 0
STLB Hit, LLC data hit: 0
STLB Hit, LLC data miss: 0
STLB STLB hints to L2: 0
L1D TOTAL     ACCESS:   39959992  HIT:   34596769  MISS:    5363223  HIT %:    86.5785  MISS %:    13.4215   MPKI: 26.8161
L1D LOAD      ACCESS:   29728691  HIT:   24615947  MISS:    5112744  HIT %:     82.802  MISS %:     17.198   MPKI: 25.5637
L1D RFO       ACCESS:    9850256  HIT:    9768767  MISS:      81489  HIT %:    99.1727  MISS %:   0.827278   MPKI: 0.407445
L1D PREFETCH  ACCESS:     381045  HIT:     212055  MISS:     168990  HIT %:    55.6509  MISS %:    44.3491   MPKI: 0.84495
AGUS PREFETCH L1 MISS: 0
L1D PREFETCH  REQUESTED:     832498  ISSUED:     815532  USEFUL:      78514  USELESS:      90496
L1D USEFUL LOAD PREFETCHES:      78514 PREFETCH ISSUED TO LOWER LEVEL:     178768  ACCURACY: 43.9195
L1D TIMELY PREFETCHES:      78514 LATE PREFETCHES: 2317 DROPPED PREFETCHES: 0
L1D PREFETCHES SAME FILL-ORIGIN LEVEL: 171307 DIFFERENT FILL-ORIGIN LEVEL: 7461
L1D AVERAGE MISS LATENCY:    65.5241 cycles AVERAGE LOAD MISS LATENCY:    64.6691 cycles Load Miss    5112744
L1D Average MSHR Occupancy:   0.725593
L1D RQ	ACCESS:   58606388	FORWARD:          0	MERGED:   27675561	TO_CACHE:   29952888
L1D WQ	ACCESS:   10142509	FORWARD:     977939	MERGED:      91515	TO_CACHE:   10050994
L1D PQ	ACCESS:     416041	FORWARD:          0	MERGED:      16550	TO_CACHE:     399491

L1D UNIQUE REGIONS ACCESSED: 0
L1D REGIONS CONFLICTS: 0
L1D Cross Page Prefetch Requests: 0
L1D Same Page Prefetch Requests: 634904
L1D ROI Sum of L1D PQ occupancy: 5240885
L1D PREFETCHES PUSHED FROM L2C: 0
L1I TOTAL     ACCESS:   23268939  HIT:   15551957  MISS:    7716982  HIT %:    66.8357  MISS %:    33.1643   MPKI: 38.5849
L1I LOAD      ACCESS:   23268939  HIT:   15551957  MISS:    7716982  HIT %:    66.8357  MISS %:    33.1643   MPKI: 38.5849
L1I PREFETCH  REQUESTED:          0  ISSUED:          0  USEFUL:          0  USELESS:          0
L1I USEFUL LOAD PREFETCHES:          0 PREFETCH ISSUED TO LOWER LEVEL:          0  ACCURACY: -nan
L1I TIMELY PREFETCHES:          0 LATE PREFETCHES: 0 DROPPED PREFETCHES: 0
L1I PREFETCHES SAME FILL-ORIGIN LEVEL: 0 DIFFERENT FILL-ORIGIN LEVEL: 0
L1I AVERAGE MISS LATENCY:     14.188 cycles AVERAGE LOAD MISS LATENCY:     14.188 cycles Load Miss    7716982
L1I Average MSHR Occupancy:   0.214444
L1I RQ	ACCESS:   60955978	FORWARD:          0	MERGED:   36299737	TO_CACHE:   24656241

BTB TOTAL     ACCESS:   33068190  HIT:   32729667  MISS:     338523  HIT %:    98.9763  MISS %:    1.02371   MPKI: 1.69261
BTB BRANCH_DIRECT_JUMP	ACCESS:     551206  HIT:     549258  MISS:       1948
BTB BRANCH_INDIRECT	ACCESS:     112821  HIT:      42965  MISS:      69856
BTB BRANCH_CONDITIONAL	ACCESS:   27612863  HIT:   27602978  MISS:       9885
BTB BRANCH_DIRECT_CALL	ACCESS:    1321785  HIT:    1318059  MISS:       3726
BTB BRANCH_INDIRECT_CALL	ACCESS:    1073864  HIT:    1061245  MISS:      12619
BTB BRANCH_RETURN	ACCESS:    2395651  HIT:    2155162  MISS:     240489
BTB BRANCH_OTHER ACCESS:          0  HIT:          0  MISS:          0

L2C TOTAL     ACCESS:   14216898  HIT:   10081495  MISS:    4135403  HIT %:    70.9121  MISS %:    29.0879   MPKI: 20.677
L2C LOAD      ACCESS:   12827382  HIT:    8841499  MISS:    3985883  HIT %:    68.9268  MISS %:    31.0732   MPKI: 19.9294
L2C DATA LOAD MPKI: 19.8882
L2C INSTRUCTION LOAD MPKI: 0.041255
L2C RFO       ACCESS:      81488  HIT:      47859  MISS:      33629  HIT %:    58.7313  MISS %:    41.2687   MPKI: 0.168145
L2C PREFETCH  ACCESS:     176967  HIT:      92319  MISS:      84648  HIT %:    52.1674  MISS %:    47.8326   MPKI: 0.42324
AGUS PREFETCH L1 MISS: 0
L2C DATA PREFETCH MPKI: 0.42324
L2C INSTRUCTION PREFETCH MPKI: 0
L2C WRITEBACK ACCESS:     153660  HIT:     153652  MISS:          8  HIT %:    99.9948  MISS %:  0.0052063   MPKI: 4e-05
L2C LOAD TRANSLATION ACCESS:     977400  HIT:     946165  MISS:      31235  HIT %:    96.8043  MISS %:    3.19572   MPKI: 0.156175
L2C TRANSLATION FROM L1D PREFETCHER ACCESS:          1  HIT:          1  MISS:          0  HIT %:        100  MISS %:          0   MPKI: 0
L2C PREFETCH  REQUESTED:          0  ISSUED:          0  USEFUL:       5395  USELESS:      78998
L2C USEFUL LOAD PREFETCHES:       5395 PREFETCH ISSUED TO LOWER LEVEL:      85678  ACCURACY: 6.29683
L2C TIMELY PREFETCHES:       5395 LATE PREFETCHES: 1030 DROPPED PREFETCHES: 0
L2C PREFETCHES SAME FILL-ORIGIN LEVEL: 5219 DIFFERENT FILL-ORIGIN LEVEL: 0
L2C AVERAGE MISS LATENCY:    66.9396 cycles AVERAGE LOAD MISS LATENCY:    63.7529 cycles Load Miss    3985883
L2C Average MSHR Occupancy:   0.561293
L2C RQ	ACCESS:   13886298	FORWARD:          0	MERGED:          0	TO_CACHE:   13886271
L2C WQ	ACCESS:     153660	FORWARD:         27	MERGED:          0	TO_CACHE:     153660
L2C PQ	ACCESS:     178768	FORWARD:          0	MERGED:          2	TO_CACHE:     178766

L2C Instructions Evicting Data 8037
L2C Translations Evicting Data 29234
L2C Data Evicting Data 4058683
L2C Instructions Evicting Instructions 93
L2C Translations Evicting Instructions 306
L2C Data Evicting Instructions 7864
L2C Instructions Evicting Translations 121
L2C Translations Evicting Translations 1695
L2C Data Evicting Translations 29362
L2C Dense regions hint from L2: 0
PSCL5 TOTAL     ACCESS:     973045  HIT:     973045  MISS:          0  HIT %:        100  MISS %:          0   MPKI: 0
PSCL5 LOAD TRANSLATION ACCESS:     973044  HIT:     973044  MISS:          0  HIT %:        100  MISS %:          0   MPKI: 0
PSCL5 TRANSLATION FROM L1D PREFETCHER ACCESS:          1  HIT:          1  MISS:          0  HIT %:        100  MISS %:          0   MPKI: 0
PSCL5 PREFETCH  REQUESTED:          0  ISSUED:          0  USEFUL:          0  USELESS:          0
PSCL5 USEFUL LOAD PREFETCHES:          0 PREFETCH ISSUED TO LOWER LEVEL:          0  ACCURACY: -nan
PSCL5 TIMELY PREFETCHES:          0 LATE PREFETCHES: 0 DROPPED PREFETCHES: 0
PSCL5 PREFETCHES SAME FILL-ORIGIN LEVEL: 0 DIFFERENT FILL-ORIGIN LEVEL: 0

PSCL4 TOTAL     ACCESS:     973045  HIT:     973045  MISS:          0  HIT %:        100  MISS %:          0   MPKI: 0
PSCL4 LOAD TRANSLATION ACCESS:     973044  HIT:     973044  MISS:          0  HIT %:        100  MISS %:          0   MPKI: 0
PSCL4 TRANSLATION FROM L1D PREFETCHER ACCESS:          1  HIT:          1  MISS:          0  HIT %:        100  MISS %:          0   MPKI: 0
PSCL4 PREFETCH  REQUESTED:          0  ISSUED:          0  USEFUL:          0  USELESS:          0
PSCL4 USEFUL LOAD PREFETCHES:          0 PREFETCH ISSUED TO LOWER LEVEL:          0  ACCURACY: -nan
PSCL4 TIMELY PREFETCHES:          0 LATE PREFETCHES: 0 DROPPED PREFETCHES: 0
PSCL4 PREFETCHES SAME FILL-ORIGIN LEVEL: 0 DIFFERENT FILL-ORIGIN LEVEL: 0

PSCL3 TOTAL     ACCESS:     973045  HIT:     973045  MISS:          0  HIT %:        100  MISS %:          0   MPKI: 0
PSCL3 LOAD TRANSLATION ACCESS:     973044  HIT:     973044  MISS:          0  HIT %:        100  MISS %:          0   MPKI: 0
PSCL3 TRANSLATION FROM L1D PREFETCHER ACCESS:          1  HIT:          1  MISS:          0  HIT %:        100  MISS %:          0   MPKI: 0
PSCL3 PREFETCH  REQUESTED:          0  ISSUED:          0  USEFUL:          0  USELESS:          0
PSCL3 USEFUL LOAD PREFETCHES:          0 PREFETCH ISSUED TO LOWER LEVEL:          0  ACCURACY: -nan
PSCL3 TIMELY PREFETCHES:          0 LATE PREFETCHES: 0 DROPPED PREFETCHES: 0
PSCL3 PREFETCHES SAME FILL-ORIGIN LEVEL: 0 DIFFERENT FILL-ORIGIN LEVEL: 0

PSCL2 TOTAL     ACCESS:     973045  HIT:     968688  MISS:       4357  HIT %:    99.5522  MISS %:    0.44777   MPKI: 0.021785
PSCL2 LOAD TRANSLATION ACCESS:     973044  HIT:     968687  MISS:       4357  HIT %:    99.5522  MISS %:    0.44777   MPKI: 0.021785
PSCL2 TRANSLATION FROM L1D PREFETCHER ACCESS:          1  HIT:          1  MISS:          0  HIT %:        100  MISS %:          0   MPKI: 0
PSCL2 PREFETCH  REQUESTED:          0  ISSUED:          0  USEFUL:          0  USELESS:          0
PSCL2 USEFUL LOAD PREFETCHES:          0 PREFETCH ISSUED TO LOWER LEVEL:          0  ACCURACY: -nan
PSCL2 TIMELY PREFETCHES:          0 LATE PREFETCHES: 0 DROPPED PREFETCHES: 0
PSCL2 PREFETCHES SAME FILL-ORIGIN LEVEL: 0 DIFFERENT FILL-ORIGIN LEVEL: 0

LLC TOTAL     ACCESS:    4173373  HIT:    3564525  MISS:     608848  HIT %:    85.4111  MISS %:    14.5889   MPKI: 3.04424
LLC LOAD      ACCESS:    3984853  HIT:    3514523  MISS:     470330  HIT %:    88.1971  MISS %:    11.8029   MPKI: 2.35165
LLC RFO       ACCESS:      33629  HIT:       4958  MISS:      28671  HIT %:    14.7432  MISS %:    85.2568   MPKI: 0.143355
LLC PREFETCH  ACCESS:      85678  HIT:      22098  MISS:      63580  HIT %:    25.7919  MISS %:    74.2081   MPKI: 0.3179
AGUS PREFETCH L1 MISS: 0
LLC WRITEBACK ACCESS:      37978  HIT:      10897  MISS:      27081  HIT %:    28.6929  MISS %:    71.3071   MPKI: 0.135405
LLC LOAD TRANSLATION ACCESS:      31235  HIT:      12049  MISS:      19186  HIT %:    38.5753  MISS %:    61.4247   MPKI: 0.09593
LLC PREFETCH  REQUESTED:          0  ISSUED:          0  USEFUL:        679  USELESS:       9238
LLC USEFUL LOAD PREFETCHES:        679 PREFETCH ISSUED TO LOWER LEVEL:      63580  ACCURACY: 1.06795
LLC TIMELY PREFETCHES:        679 LATE PREFETCHES: 0 DROPPED PREFETCHES: 0
LLC PREFETCHES SAME FILL-ORIGIN LEVEL: 0 DIFFERENT FILL-ORIGIN LEVEL: 0
LLC AVERAGE MISS LATENCY:    149.239 cycles AVERAGE LOAD MISS LATENCY:    158.713 cycles Load Miss     470330
LLC Average MSHR Occupancy:   0.185162
LLC RQ	ACCESS:    4049717	FORWARD:          0	MERGED:          0	TO_CACHE:    4049717
LLC WQ	ACCESS:      37978	FORWARD:          0	MERGED:          0	TO_CACHE:      37978
LLC PQ	ACCESS:      85678	FORWARD:          0	MERGED:          0	TO_CACHE:      85678

LLC Dense regions hint to LLC: 0

RAW hits: 389158
Loads Generated: 58995541
Loads sent to L1D: 58606388
Stores Generated: 10142509
Stores sent to L1D: 10142509
Major fault: 0 Minor fault: 11889
Allocated PAGES: 11889
CPU 0 L1D PC-based stride prefetcher final stats
Degree: 3
================ Mockingjay (LLC) Pollution Stats ================
Total pollution count in LLC: 14470
==================================================================

DRAM Statistics
 CHANNEL 0
 RQ ROW_BUFFER_HIT:     183643  ROW_BUFFER_MISS:     398123
 DBUS_CONGESTED:        132
 WQ ROW_BUFFER_HIT:       3357  ROW_BUFFER_MISS:      29851  FULL:          0

 AVG_CONGESTED_CYCLE: 3
 All warmup complete: 2
Channel 0 Bank busy for read cycles: 0
Channel 0 Bank busy for write cycles: 0
Channel 0
Rank 0
0banks busy for read cycles: 424078922
0banks busy for write cycles: 29051
1banks busy for read cycles: 51245865
1banks busy for write cycles: 4515218
2banks busy for read cycles: 5538566
2banks busy for write cycles: 308578
3banks busy for read cycles: 1083625
3banks busy for write cycles: 61733
4banks busy for read cycles: 379485
4banks busy for write cycles: 16165
5banks busy for read cycles: 135141
5banks busy for write cycles: 6651
6banks busy for read cycles: 75016
6banks busy for write cycles: 4760
7banks busy for read cycles: 52235
7banks busy for write cycles: 2634
8banks busy for read cycles: 39744
8banks busy for write cycles: 10822

CPU 0 Branch Prediction Accuracy: 99.7539% MPKI: 0.63527 Average ROB Occupancy at Mispredict: 202.459
Branch types
NOT_BRANCH: 148372912 74.1865%
BRANCH_DIRECT_JUMP: 551206 0.275603%
BRANCH_INDIRECT: 112821 0.0564105%
BRANCH_CONDITIONAL: 46171764 23.0859%
BRANCH_DIRECT_CALL: 1321785 0.660892%
BRANCH_INDIRECT_CALL: 1073864 0.536932%
BRANCH_RETURN: 2395651 1.19783%
BRANCH_OTHER: 0 0%

===================== LRU L1D STATS =====================
Total pollution count in L1D: 184405
=========================================================
================ SRRIP (L2C) Pollution Stats ================
Total pollution count in L2c: 7974144
==================================================================
DRAM PAGES: 1048576
Allocated PAGES: 11889
