
*** ChampSim Multicore Out-of-Order Simulator ***

Warmup Instructions: 200000000
Simulation Instructions: 200000000
Number of CPUs: 1
LLC sets: 4096
LLC ways: 12
Off-chip DRAM Size: 4096 MB Channels: 1 Width: 64-bit Data Rate: 6400 MT/s
CPU 0 runs ./tracer/traces/649.fotonik3d_s-8225B.champsimtrace.xz
.xz
BTB has LRU replacement policy
ITLB has LRU replacement policy
DTLB has LRU replacement policy
STLB has LRU replacement policy
L1I has LRU replacement policy
CPU 0 L1D IP-based stride prefetcher
L1D has LRU replacement policy
Initialize SRRIP state for L2C
Initialize Mockingjay state for LLC
Heartbeat CPU 0 instructions: 10000000 cycles: 3329884 heartbeat IPC: 3.00311 cumulative IPC: 3.00311 (Simulation time: 0 hr 0 min 14 sec) 
Heartbeat CPU 0 instructions: 20000001 cycles: 6659542 heartbeat IPC: 3.00331 cumulative IPC: 3.00321 (Simulation time: 0 hr 0 min 27 sec) 
Heartbeat CPU 0 instructions: 30000003 cycles: 9989374 heartbeat IPC: 3.00316 cumulative IPC: 3.00319 (Simulation time: 0 hr 0 min 42 sec) 
Heartbeat CPU 0 instructions: 40000000 cycles: 13318995 heartbeat IPC: 3.00334 cumulative IPC: 3.00323 (Simulation time: 0 hr 0 min 57 sec) 
Heartbeat CPU 0 instructions: 50000000 cycles: 16648676 heartbeat IPC: 3.00329 cumulative IPC: 3.00324 (Simulation time: 0 hr 1 min 10 sec) 
Heartbeat CPU 0 instructions: 60000005 cycles: 19978431 heartbeat IPC: 3.00323 cumulative IPC: 3.00324 (Simulation time: 0 hr 1 min 24 sec) 
Heartbeat CPU 0 instructions: 70000002 cycles: 23308297 heartbeat IPC: 3.00312 cumulative IPC: 3.00322 (Simulation time: 0 hr 1 min 37 sec) 
Heartbeat CPU 0 instructions: 80000003 cycles: 26638146 heartbeat IPC: 3.00314 cumulative IPC: 3.00321 (Simulation time: 0 hr 1 min 50 sec) 
Heartbeat CPU 0 instructions: 90000000 cycles: 29968092 heartbeat IPC: 3.00305 cumulative IPC: 3.00319 (Simulation time: 0 hr 2 min 4 sec) 
Heartbeat CPU 0 instructions: 100000001 cycles: 33297812 heartbeat IPC: 3.00326 cumulative IPC: 3.0032 (Simulation time: 0 hr 2 min 17 sec) 
Heartbeat CPU 0 instructions: 110000003 cycles: 36627601 heartbeat IPC: 3.00319 cumulative IPC: 3.0032 (Simulation time: 0 hr 2 min 30 sec) 
Heartbeat CPU 0 instructions: 120000000 cycles: 39957417 heartbeat IPC: 3.00317 cumulative IPC: 3.0032 (Simulation time: 0 hr 2 min 43 sec) 
Heartbeat CPU 0 instructions: 130000002 cycles: 43287108 heartbeat IPC: 3.00328 cumulative IPC: 3.0032 (Simulation time: 0 hr 2 min 56 sec) 
Heartbeat CPU 0 instructions: 140000000 cycles: 46616781 heartbeat IPC: 3.0033 cumulative IPC: 3.00321 (Simulation time: 0 hr 3 min 10 sec) 
Heartbeat CPU 0 instructions: 150000003 cycles: 49946380 heartbeat IPC: 3.00337 cumulative IPC: 3.00322 (Simulation time: 0 hr 3 min 24 sec) 
Heartbeat CPU 0 instructions: 160000000 cycles: 53276269 heartbeat IPC: 3.0031 cumulative IPC: 3.00321 (Simulation time: 0 hr 3 min 37 sec) 
Heartbeat CPU 0 instructions: 170000000 cycles: 56606194 heartbeat IPC: 3.00307 cumulative IPC: 3.0032 (Simulation time: 0 hr 3 min 51 sec) 
Heartbeat CPU 0 instructions: 180000000 cycles: 59935959 heartbeat IPC: 3.00321 cumulative IPC: 3.00321 (Simulation time: 0 hr 4 min 4 sec) 
Heartbeat CPU 0 instructions: 190000001 cycles: 63266066 heartbeat IPC: 3.00291 cumulative IPC: 3.00319 (Simulation time: 0 hr 4 min 18 sec) 
Heartbeat CPU 0 instructions: 200000003 cycles: 66595707 heartbeat IPC: 3.00333 cumulative IPC: 3.0032 (Simulation time: 0 hr 4 min 31 sec) 

Warmup complete CPU 0 instructions: 200000003 cycles: 66595707 (Simulation time: 0 hr 4 min 31 sec) 

Heartbeat CPU 0 instructions: 210000000 cycles: 95125363 heartbeat IPC: 0.350512 cumulative IPC: 0.350512 (Simulation time: 0 hr 5 min 2 sec) 
Heartbeat CPU 0 instructions: 220000000 cycles: 123655175 heartbeat IPC: 0.350511 cumulative IPC: 0.350511 (Simulation time: 0 hr 5 min 33 sec) 
Heartbeat CPU 0 instructions: 230000000 cycles: 152184398 heartbeat IPC: 0.350518 cumulative IPC: 0.350514 (Simulation time: 0 hr 6 min 9 sec) 
Heartbeat CPU 0 instructions: 240000007 cycles: 180714554 heartbeat IPC: 0.350507 cumulative IPC: 0.350512 (Simulation time: 0 hr 6 min 48 sec) 
Heartbeat CPU 0 instructions: 250000001 cycles: 209244082 heartbeat IPC: 0.350514 cumulative IPC: 0.350512 (Simulation time: 0 hr 7 min 26 sec) 
Heartbeat CPU 0 instructions: 260000003 cycles: 237773727 heartbeat IPC: 0.350513 cumulative IPC: 0.350512 (Simulation time: 0 hr 8 min 5 sec) 
Heartbeat CPU 0 instructions: 270000000 cycles: 266302803 heartbeat IPC: 0.350519 cumulative IPC: 0.350513 (Simulation time: 0 hr 8 min 43 sec) 
Heartbeat CPU 0 instructions: 280000001 cycles: 294833274 heartbeat IPC: 0.350502 cumulative IPC: 0.350512 (Simulation time: 0 hr 9 min 21 sec) 
Heartbeat CPU 0 instructions: 290000000 cycles: 323362578 heartbeat IPC: 0.350517 cumulative IPC: 0.350513 (Simulation time: 0 hr 9 min 51 sec) 
Heartbeat CPU 0 instructions: 300000000 cycles: 351892691 heartbeat IPC: 0.350507 cumulative IPC: 0.350512 (Simulation time: 0 hr 10 min 22 sec) 
Heartbeat CPU 0 instructions: 310000000 cycles: 380422285 heartbeat IPC: 0.350513 cumulative IPC: 0.350512 (Simulation time: 0 hr 10 min 53 sec) 
Heartbeat CPU 0 instructions: 320000003 cycles: 408951312 heartbeat IPC: 0.35052 cumulative IPC: 0.350513 (Simulation time: 0 hr 11 min 39 sec) 
Heartbeat CPU 0 instructions: 330000000 cycles: 437481446 heartbeat IPC: 0.350506 cumulative IPC: 0.350512 (Simulation time: 0 hr 12 min 26 sec) 
Heartbeat CPU 0 instructions: 340000006 cycles: 466010588 heartbeat IPC: 0.350519 cumulative IPC: 0.350513 (Simulation time: 0 hr 13 min 13 sec) 
Heartbeat CPU 0 instructions: 350000003 cycles: 494540186 heartbeat IPC: 0.350513 cumulative IPC: 0.350513 (Simulation time: 0 hr 14 min 6 sec) 
Heartbeat CPU 0 instructions: 360000000 cycles: 523069601 heartbeat IPC: 0.350515 cumulative IPC: 0.350513 (Simulation time: 0 hr 15 min 4 sec) 
Heartbeat CPU 0 instructions: 370000000 cycles: 551599797 heartbeat IPC: 0.350506 cumulative IPC: 0.350513 (Simulation time: 0 hr 15 min 58 sec) 
Heartbeat CPU 0 instructions: 380000000 cycles: 580129136 heartbeat IPC: 0.350516 cumulative IPC: 0.350513 (Simulation time: 0 hr 16 min 35 sec) 
Heartbeat CPU 0 instructions: 390000007 cycles: 608659249 heartbeat IPC: 0.350507 cumulative IPC: 0.350512 (Simulation time: 0 hr 17 min 11 sec) 
Heartbeat CPU 0 instructions: 400000004 cycles: 637188368 heartbeat IPC: 0.350519 cumulative IPC: 0.350513 (Simulation time: 0 hr 17 min 47 sec) 
Finished CPU 0 instructions: 200000001 cycles: 570592661 cumulative IPC: 0.350513 (Simulation time: 0 hr 17 min 47 sec) 

ChampSim completed all CPUs

Region of Interest Statistics

CPU 0 cumulative IPC: 0.350513 instructions: 200000001 cycles: 570592661
ITLB TOTAL     ACCESS:   28061220  HIT:   28061220  MISS:          0  HIT %:        100  MISS %:          0   MPKI: 0
ITLB LOAD TRANSLATION ACCESS:   28061220  HIT:   28061220  MISS:          0  HIT %:        100  MISS %:          0   MPKI: 0
ITLB PREFETCH  REQUESTED:          0  ISSUED:          0  USEFUL:          0  USELESS:          0
ITLB USEFUL LOAD PREFETCHES:          0 PREFETCH ISSUED TO LOWER LEVEL:          0  ACCURACY: -nan
ITLB TIMELY PREFETCHES:          0 LATE PREFETCHES: 0 DROPPED PREFETCHES: 0
ITLB PREFETCHES SAME FILL-ORIGIN LEVEL: 0 DIFFERENT FILL-ORIGIN LEVEL: 0
ITLB AVERAGE MISS LATENCY:       -nan cycles AVERAGE LOAD MISS LATENCY:       -nan cycles Load Miss          0
ITLB Average MSHR Occupancy: 8.76282e-09
ITLB RQ	ACCESS:   42079625	FORWARD:          0	MERGED:   14018405	TO_CACHE:   28061220

DTLB TOTAL     ACCESS:   38586954  HIT:   38540033  MISS:      46921  HIT %:    99.8784  MISS %:   0.121598   MPKI: 0.234605
DTLB LOAD TRANSLATION ACCESS:   38586954  HIT:   38540033  MISS:      46921  HIT %:    99.8784  MISS %:   0.121598   MPKI: 0.234605
DTLB PREFETCH  REQUESTED:          0  ISSUED:          0  USEFUL:          0  USELESS:          0
DTLB USEFUL LOAD PREFETCHES:          0 PREFETCH ISSUED TO LOWER LEVEL:          0  ACCURACY: -nan
DTLB TIMELY PREFETCHES:          0 LATE PREFETCHES: 0 DROPPED PREFETCHES: 0
DTLB PREFETCHES SAME FILL-ORIGIN LEVEL: 0 DIFFERENT FILL-ORIGIN LEVEL: 0
DTLB AVERAGE MISS LATENCY:    91.2398 cycles AVERAGE LOAD MISS LATENCY:       -nan cycles Load Miss          0
DTLB Average MSHR Occupancy: 0.00276669
DTLB RQ	ACCESS:   59576807	FORWARD:          0	MERGED:   20989328	TO_CACHE:   38587479

STLB TOTAL     ACCESS:    5207614  HIT:    5180166  MISS:      27448  HIT %:    99.4729  MISS %:   0.527074   MPKI: 0.13724
STLB LOAD TRANSLATION ACCESS:      46921  HIT:      19473  MISS:      27448  HIT %:    41.5017  MISS %:    58.4983   MPKI: 0.13724
STLB TRANSLATION FROM L1D PREFETCHER ACCESS:    5160693  HIT:    5160693  MISS:          0  HIT %:        100  MISS %:          0   MPKI: 0
STLB PREFETCH  REQUESTED:          0  ISSUED:          0  USEFUL:          0  USELESS:          0
STLB USEFUL LOAD PREFETCHES:          0 PREFETCH ISSUED TO LOWER LEVEL:          0  ACCURACY: -nan
STLB TIMELY PREFETCHES:          0 LATE PREFETCHES: 0 DROPPED PREFETCHES: 0
STLB PREFETCHES SAME FILL-ORIGIN LEVEL: 0 DIFFERENT FILL-ORIGIN LEVEL: 0
STLB AVERAGE MISS LATENCY:    140.543 cycles AVERAGE LOAD MISS LATENCY:       -nan cycles Load Miss          0
STLB Average MSHR Occupancy: 0.00200988
STLB RQ	ACCESS:   15277087	FORWARD:          0	MERGED:   10069473	TO_CACHE:    5207614

STLB Hit, L1D data hit: 0
STLB Hit, L2C data hit: 0
STLB Hit, LLC data hit: 0
STLB Hit, LLC data miss: 0
STLB STLB hints to L2: 0
L1D TOTAL     ACCESS:   73051991  HIT:   70401293  MISS:    2650698  HIT %:    96.3715  MISS %:    3.62851   MPKI: 13.2535
L1D LOAD      ACCESS:   45490577  HIT:   45428568  MISS:      62009  HIT %:    99.8637  MISS %:   0.136312   MPKI: 0.310045
L1D RFO       ACCESS:   14036314  HIT:   14033676  MISS:       2638  HIT %:    99.9812  MISS %:  0.0187941   MPKI: 0.01319
L1D PREFETCH  ACCESS:   13525100  HIT:   10939049  MISS:    2586051  HIT %:    80.8796  MISS %:    19.1204   MPKI: 12.9303
AGUS PREFETCH L1 MISS: 0
L1D PREFETCH  REQUESTED:   30461783  ISSUED:   30461783  USEFUL:    2582132  USELESS:       3914
L1D USEFUL LOAD PREFETCHES:    2582132 PREFETCH ISSUED TO LOWER LEVEL:    2588911  ACCURACY: 99.7382
L1D TIMELY PREFETCHES:    2582132 LATE PREFETCHES: 2859 DROPPED PREFETCHES: 0
L1D PREFETCHES SAME FILL-ORIGIN LEVEL: 2588911 DIFFERENT FILL-ORIGIN LEVEL: 0
L1D AVERAGE MISS LATENCY:    166.714 cycles AVERAGE LOAD MISS LATENCY:    120.326 cycles Load Miss      62009
L1D Average MSHR Occupancy:   0.783254
L1D RQ	ACCESS:   70165292	FORWARD:          0	MERGED:   24628783	TO_CACHE:   45535695
L1D WQ	ACCESS:   14041112	FORWARD:        814	MERGED:          0	TO_CACHE:   14041112
L1D PQ	ACCESS:   15231617	FORWARD:          0	MERGED:       1451	TO_CACHE:   15230166

L1D UNIQUE REGIONS ACCESSED: 0
L1D REGIONS CONFLICTS: 0
L1D Cross Page Prefetch Requests: 0
L1D Same Page Prefetch Requests: 35576482
L1D ROI Sum of L1D PQ occupancy: 203024466
L1D PREFETCHES PUSHED FROM L2C: 0
L1I TOTAL     ACCESS:   42078305  HIT:          0  MISS:   42078305  HIT %:          0  MISS %:        100   MPKI: 210.392
L1I LOAD      ACCESS:   42078305  HIT:          0  MISS:   42078305  HIT %:          0  MISS %:        100   MPKI: 210.392
L1I PREFETCH  REQUESTED:          0  ISSUED:          0  USEFUL:          0  USELESS:          0
L1I USEFUL LOAD PREFETCHES:          0 PREFETCH ISSUED TO LOWER LEVEL:          0  ACCURACY: -nan
L1I TIMELY PREFETCHES:          0 LATE PREFETCHES: 0 DROPPED PREFETCHES: 0
L1I PREFETCHES SAME FILL-ORIGIN LEVEL: 0 DIFFERENT FILL-ORIGIN LEVEL: 0
L1I AVERAGE MISS LATENCY:    14.0603 cycles AVERAGE LOAD MISS LATENCY:    14.0603 cycles Load Miss   42078305
L1I Average MSHR Occupancy:   0.976829
L1I RQ	ACCESS:   42104964	FORWARD:          0	MERGED:      25339	TO_CACHE:   42079625

BTB TOTAL     ACCESS:    3509180  HIT:    3509171  MISS:          9  HIT %:    99.9997  MISS %: 0.00025647   MPKI: 4.5e-05
BTB BRANCH_DIRECT_JUMP	ACCESS:        878  HIT:        876  MISS:          2
BTB BRANCH_INDIRECT	ACCESS:          0  HIT:          0  MISS:          0
BTB BRANCH_CONDITIONAL	ACCESS:    3506546  HIT:    3506543  MISS:          3
BTB BRANCH_DIRECT_CALL	ACCESS:        878  HIT:        876  MISS:          2
BTB BRANCH_INDIRECT_CALL	ACCESS:          0  HIT:          0  MISS:          0
BTB BRANCH_RETURN	ACCESS:        878  HIT:        876  MISS:          2
BTB BRANCH_OTHER ACCESS:          0  HIT:          0  MISS:          0

L2C TOTAL     ACCESS:   46513924  HIT:   44752795  MISS:    1761129  HIT %:    96.2138  MISS %:    3.78624   MPKI: 8.80564
L2C LOAD      ACCESS:   42137454  HIT:   42108678  MISS:      28776  HIT %:    99.9317  MISS %:  0.0682908   MPKI: 0.14388
L2C DATA LOAD MPKI: 0.14388
L2C INSTRUCTION LOAD MPKI: 0
L2C RFO       ACCESS:       2638  HIT:       2638  MISS:          0  HIT %:        100  MISS %:          0   MPKI: 0
L2C PREFETCH  ACCESS:    2588910  HIT:     863351  MISS:    1725559  HIT %:     33.348  MISS %:     66.652   MPKI: 8.62779
AGUS PREFETCH L1 MISS: 0
L2C DATA PREFETCH MPKI: 8.62779
L2C INSTRUCTION PREFETCH MPKI: 0
L2C WRITEBACK ACCESS:    1757467  HIT:    1754239  MISS:       3228  HIT %:    99.8163  MISS %:   0.183673   MPKI: 0.01614
L2C LOAD TRANSLATION ACCESS:      27455  HIT:      23889  MISS:       3566  HIT %:    87.0115  MISS %:    12.9885   MPKI: 0.01783
L2C PREFETCH  REQUESTED:          0  ISSUED:          0  USEFUL:       2887  USELESS:    1722644
L2C USEFUL LOAD PREFETCHES:       2887 PREFETCH ISSUED TO LOWER LEVEL:    1725560  ACCURACY: 0.167308
L2C TIMELY PREFETCHES:       2887 LATE PREFETCHES: 0 DROPPED PREFETCHES: 0
L2C PREFETCHES SAME FILL-ORIGIN LEVEL: 0 DIFFERENT FILL-ORIGIN LEVEL: 0
L2C AVERAGE MISS LATENCY:    229.107 cycles AVERAGE LOAD MISS LATENCY:    228.228 cycles Load Miss      28776
L2C Average MSHR Occupancy:   0.707134
L2C RQ	ACCESS:   42167547	FORWARD:          0	MERGED:          0	TO_CACHE:   42167547
L2C WQ	ACCESS:    1757467	FORWARD:          0	MERGED:          0	TO_CACHE:    1757467
L2C PQ	ACCESS:    2588911	FORWARD:          0	MERGED:          0	TO_CACHE:    2588911

L2C Instructions Evicting Data 0
L2C Translations Evicting Data 3566
L2C Data Evicting Data 1750788
L2C Instructions Evicting Instructions 0
L2C Translations Evicting Instructions 0
L2C Data Evicting Instructions 0
L2C Instructions Evicting Translations 0
L2C Translations Evicting Translations 0
L2C Data Evicting Translations 3547
L2C Dense regions hint from L2: 0
PSCL5 TOTAL     ACCESS:      27448  HIT:      27448  MISS:          0  HIT %:        100  MISS %:          0   MPKI: 0
PSCL5 LOAD TRANSLATION ACCESS:      27448  HIT:      27448  MISS:          0  HIT %:        100  MISS %:          0   MPKI: 0
PSCL5 PREFETCH  REQUESTED:          0  ISSUED:          0  USEFUL:          0  USELESS:          0
PSCL5 USEFUL LOAD PREFETCHES:          0 PREFETCH ISSUED TO LOWER LEVEL:          0  ACCURACY: -nan
PSCL5 TIMELY PREFETCHES:          0 LATE PREFETCHES: 0 DROPPED PREFETCHES: 0
PSCL5 PREFETCHES SAME FILL-ORIGIN LEVEL: 0 DIFFERENT FILL-ORIGIN LEVEL: 0

PSCL4 TOTAL     ACCESS:      27448  HIT:      27448  MISS:          0  HIT %:        100  MISS %:          0   MPKI: 0
PSCL4 LOAD TRANSLATION ACCESS:      27448  HIT:      27448  MISS:          0  HIT %:        100  MISS %:          0   MPKI: 0
PSCL4 PREFETCH  REQUESTED:          0  ISSUED:          0  USEFUL:          0  USELESS:          0
PSCL4 USEFUL LOAD PREFETCHES:          0 PREFETCH ISSUED TO LOWER LEVEL:          0  ACCURACY: -nan
PSCL4 TIMELY PREFETCHES:          0 LATE PREFETCHES: 0 DROPPED PREFETCHES: 0
PSCL4 PREFETCHES SAME FILL-ORIGIN LEVEL: 0 DIFFERENT FILL-ORIGIN LEVEL: 0

PSCL3 TOTAL     ACCESS:      27083  HIT:      27078  MISS:          5  HIT %:    99.9815  MISS %:  0.0184618   MPKI: 2.5e-05
PSCL3 LOAD TRANSLATION ACCESS:      27083  HIT:      27078  MISS:          5  HIT %:    99.9815  MISS %:  0.0184618   MPKI: 2.5e-05
PSCL3 PREFETCH  REQUESTED:          0  ISSUED:          0  USEFUL:          0  USELESS:          0
PSCL3 USEFUL LOAD PREFETCHES:          0 PREFETCH ISSUED TO LOWER LEVEL:          0  ACCURACY: -nan
PSCL3 TIMELY PREFETCHES:          0 LATE PREFETCHES: 0 DROPPED PREFETCHES: 0
PSCL3 PREFETCHES SAME FILL-ORIGIN LEVEL: 0 DIFFERENT FILL-ORIGIN LEVEL: 0

PSCL2 TOTAL     ACCESS:      27448  HIT:      27357  MISS:         91  HIT %:    99.6685  MISS %:   0.331536   MPKI: 0.000455
PSCL2 LOAD TRANSLATION ACCESS:      27448  HIT:      27357  MISS:         91  HIT %:    99.6685  MISS %:   0.331536   MPKI: 0.000455
PSCL2 PREFETCH  REQUESTED:          0  ISSUED:          0  USEFUL:          0  USELESS:          0
PSCL2 USEFUL LOAD PREFETCHES:          0 PREFETCH ISSUED TO LOWER LEVEL:          0  ACCURACY: -nan
PSCL2 TIMELY PREFETCHES:          0 LATE PREFETCHES: 0 DROPPED PREFETCHES: 0
PSCL2 PREFETCHES SAME FILL-ORIGIN LEVEL: 0 DIFFERENT FILL-ORIGIN LEVEL: 0

LLC TOTAL     ACCESS:    3510965  HIT:        899  MISS:    3510066  HIT %:  0.0256055  MISS %:    99.9744   MPKI: 17.5503
LLC LOAD      ACCESS:      28776  HIT:        231  MISS:      28545  HIT %:   0.802752  MISS %:    99.1972   MPKI: 0.142725
LLC PREFETCH  ACCESS:    1725559  HIT:        122  MISS:    1725437  HIT %: 0.00707017  MISS %:    99.9929   MPKI: 8.62718
AGUS PREFETCH L1 MISS: 0
LLC WRITEBACK ACCESS:    1753064  HIT:        507  MISS:    1752557  HIT %:  0.0289208  MISS %:    99.9711   MPKI: 8.76278
LLC LOAD TRANSLATION ACCESS:       3566  HIT:         39  MISS:       3527  HIT %:    1.09366  MISS %:    98.9063   MPKI: 0.017635
LLC PREFETCH  REQUESTED:          0  ISSUED:          0  USEFUL:          0  USELESS:       5126
LLC USEFUL LOAD PREFETCHES:          0 PREFETCH ISSUED TO LOWER LEVEL:    1725438  ACCURACY: 0
LLC TIMELY PREFETCHES:          0 LATE PREFETCHES: 0 DROPPED PREFETCHES: 0
LLC PREFETCHES SAME FILL-ORIGIN LEVEL: 0 DIFFERENT FILL-ORIGIN LEVEL: 0
LLC AVERAGE MISS LATENCY:    92.4143 cycles AVERAGE LOAD MISS LATENCY:    184.654 cycles Load Miss      28545
LLC Average MSHR Occupancy:   0.565417
LLC RQ	ACCESS:      32342	FORWARD:          0	MERGED:          0	TO_CACHE:      32342
LLC WQ	ACCESS:    1753064	FORWARD:          0	MERGED:          0	TO_CACHE:    1753064
LLC PQ	ACCESS:    1725560	FORWARD:          0	MERGED:          0	TO_CACHE:    1725560

LLC Dense regions hint to LLC: 0

RAW hits: 3820
Loads Generated: 70169109
Loads sent to L1D: 70165292
Stores Generated: 14041111
Stores sent to L1D: 14041112
Major fault: 0 Minor fault: 55139
Allocated PAGES: 55139
CPU 0 L1D PC-based stride prefetcher final stats
Degree: 3
================ Mockingjay (LLC) Pollution Stats ================
Total pollution count in LLC: 37
==================================================================

DRAM Statistics
 CHANNEL 0
 RQ ROW_BUFFER_HIT:       7609  ROW_BUFFER_MISS:    1749900
 DBUS_CONGESTED:          2
 WQ ROW_BUFFER_HIT:      37941  ROW_BUFFER_MISS:    1715286  FULL:          0

 AVG_CONGESTED_CYCLE: 5
 All warmup complete: 2
Channel 0 Bank busy for read cycles: 0
Channel 0 Bank busy for write cycles: 0
Channel 0
Rank 0
0banks busy for read cycles: 34146489
0banks busy for write cycles: 70538
1banks busy for read cycles: 246156926
1banks busy for write cycles: 168042496
2banks busy for read cycles: 235400
2banks busy for write cycles: 111353688
3banks busy for read cycles: 459567
3banks busy for write cycles: 568776
4banks busy for read cycles: 3713354
4banks busy for write cycles: 4027811
5banks busy for read cycles: 559
5banks busy for write cycles: 1631349
6banks busy for read cycles: 236
6banks busy for write cycles: 184039
7banks busy for read cycles: 28
7banks busy for write cycles: 929
8banks busy for read cycles: 156
8banks busy for write cycles: 321

CPU 0 Branch Prediction Accuracy: 99.975% MPKI: 0.004385 Average ROB Occupancy at Mispredict: 2.813
Branch types
NOT_BRANCH: 196487736 98.2439%
BRANCH_DIRECT_JUMP: 878 0.000439%
BRANCH_INDIRECT: 0 0%
BRANCH_CONDITIONAL: 3509618 1.75481%
BRANCH_DIRECT_CALL: 878 0.000439%
BRANCH_INDIRECT_CALL: 0 0%
BRANCH_RETURN: 878 0.000439%
BRANCH_OTHER: 0 0%

===================== LRU L1D STATS =====================
Total pollution count in L1D: 29910
=========================================================
================ SRRIP (L2C) Pollution Stats ================
Total pollution count in L2c: 824
==================================================================
DRAM PAGES: 1048576
Allocated PAGES: 55139
