
*** ChampSim Multicore Out-of-Order Simulator ***

Warmup Instructions: 200000000
Simulation Instructions: 200000000
Number of CPUs: 1
LLC sets: 4096
LLC ways: 12
Off-chip DRAM Size: 4096 MB Channels: 1 Width: 64-bit Data Rate: 6400 MT/s
CPU 0 runs ./tracer/traces/649.fotonik3d_s-1176B.champsimtrace.xz
.xz
BTB has LRU replacement policy
ITLB has LRU replacement policy
DTLB has LRU replacement policy
STLB has LRU replacement policy
L1I has LRU replacement policy
CPU 0 L1D IP-based stride prefetcher
L1D has LRU replacement policy
Initialize SRRIP state for L2C
Initialize Mockingjay state for LLC
Heartbeat CPU 0 instructions: 10000003 cycles: 3329574 heartbeat IPC: 3.00339 cumulative IPC: 3.00339 (Simulation time: 0 hr 0 min 31 sec) 
Heartbeat CPU 0 instructions: 20000000 cycles: 6658923 heartbeat IPC: 3.00359 cumulative IPC: 3.00349 (Simulation time: 0 hr 0 min 58 sec) 
Heartbeat CPU 0 instructions: 30000000 cycles: 9988221 heartbeat IPC: 3.00364 cumulative IPC: 3.00354 (Simulation time: 0 hr 1 min 14 sec) 
Heartbeat CPU 0 instructions: 40000000 cycles: 13317765 heartbeat IPC: 3.00341 cumulative IPC: 3.00351 (Simulation time: 0 hr 1 min 30 sec) 
Heartbeat CPU 0 instructions: 50000002 cycles: 16647336 heartbeat IPC: 3.00339 cumulative IPC: 3.00348 (Simulation time: 0 hr 1 min 44 sec) 
Heartbeat CPU 0 instructions: 60000003 cycles: 19977107 heartbeat IPC: 3.00321 cumulative IPC: 3.00344 (Simulation time: 0 hr 1 min 58 sec) 
Heartbeat CPU 0 instructions: 70000000 cycles: 23306718 heartbeat IPC: 3.00335 cumulative IPC: 3.00343 (Simulation time: 0 hr 2 min 12 sec) 
Heartbeat CPU 0 instructions: 80000003 cycles: 26636265 heartbeat IPC: 3.00341 cumulative IPC: 3.00342 (Simulation time: 0 hr 2 min 26 sec) 
Heartbeat CPU 0 instructions: 90000000 cycles: 29965827 heartbeat IPC: 3.0034 cumulative IPC: 3.00342 (Simulation time: 0 hr 2 min 41 sec) 
Heartbeat CPU 0 instructions: 100000000 cycles: 33295464 heartbeat IPC: 3.00333 cumulative IPC: 3.00341 (Simulation time: 0 hr 2 min 55 sec) 
Heartbeat CPU 0 instructions: 110000001 cycles: 36625051 heartbeat IPC: 3.00338 cumulative IPC: 3.00341 (Simulation time: 0 hr 3 min 9 sec) 
Heartbeat CPU 0 instructions: 120000003 cycles: 39954567 heartbeat IPC: 3.00344 cumulative IPC: 3.00341 (Simulation time: 0 hr 3 min 22 sec) 
Heartbeat CPU 0 instructions: 130000000 cycles: 43284145 heartbeat IPC: 3.00338 cumulative IPC: 3.00341 (Simulation time: 0 hr 3 min 37 sec) 
Heartbeat CPU 0 instructions: 140000002 cycles: 46613692 heartbeat IPC: 3.00341 cumulative IPC: 3.00341 (Simulation time: 0 hr 3 min 51 sec) 
Heartbeat CPU 0 instructions: 150000002 cycles: 49943103 heartbeat IPC: 3.00353 cumulative IPC: 3.00342 (Simulation time: 0 hr 4 min 5 sec) 
Heartbeat CPU 0 instructions: 160000002 cycles: 53272787 heartbeat IPC: 3.00329 cumulative IPC: 3.00341 (Simulation time: 0 hr 4 min 18 sec) 
Heartbeat CPU 0 instructions: 170000000 cycles: 56602335 heartbeat IPC: 3.00341 cumulative IPC: 3.00341 (Simulation time: 0 hr 4 min 32 sec) 
Heartbeat CPU 0 instructions: 180000000 cycles: 59931788 heartbeat IPC: 3.0035 cumulative IPC: 3.00341 (Simulation time: 0 hr 4 min 46 sec) 
Heartbeat CPU 0 instructions: 190000000 cycles: 63261344 heartbeat IPC: 3.0034 cumulative IPC: 3.00341 (Simulation time: 0 hr 5 min 0 sec) 
Heartbeat CPU 0 instructions: 200000003 cycles: 66590884 heartbeat IPC: 3.00342 cumulative IPC: 3.00341 (Simulation time: 0 hr 5 min 13 sec) 

Warmup complete CPU 0 instructions: 200000003 cycles: 66590884 (Simulation time: 0 hr 5 min 13 sec) 

Heartbeat CPU 0 instructions: 210000003 cycles: 95119581 heartbeat IPC: 0.350524 cumulative IPC: 0.350524 (Simulation time: 0 hr 5 min 45 sec) 
Heartbeat CPU 0 instructions: 220000000 cycles: 123646817 heartbeat IPC: 0.350542 cumulative IPC: 0.350533 (Simulation time: 0 hr 6 min 17 sec) 
Heartbeat CPU 0 instructions: 230000000 cycles: 152174703 heartbeat IPC: 0.350534 cumulative IPC: 0.350534 (Simulation time: 0 hr 6 min 49 sec) 
Heartbeat CPU 0 instructions: 240000000 cycles: 180701667 heartbeat IPC: 0.350546 cumulative IPC: 0.350537 (Simulation time: 0 hr 7 min 21 sec) 
Heartbeat CPU 0 instructions: 250000007 cycles: 209229836 heartbeat IPC: 0.350531 cumulative IPC: 0.350535 (Simulation time: 0 hr 7 min 53 sec) 
Heartbeat CPU 0 instructions: 260000004 cycles: 237756812 heartbeat IPC: 0.350545 cumulative IPC: 0.350537 (Simulation time: 0 hr 8 min 27 sec) 
Heartbeat CPU 0 instructions: 270000000 cycles: 264889374 heartbeat IPC: 0.368561 cumulative IPC: 0.353003 (Simulation time: 0 hr 9 min 4 sec) 
Heartbeat CPU 0 instructions: 280000000 cycles: 290875582 heartbeat IPC: 0.38482 cumulative IPC: 0.35669 (Simulation time: 0 hr 9 min 50 sec) 
Heartbeat CPU 0 instructions: 290000000 cycles: 319403670 heartbeat IPC: 0.350532 cumulative IPC: 0.355995 (Simulation time: 0 hr 10 min 25 sec) 
Heartbeat CPU 0 instructions: 300000006 cycles: 347932156 heartbeat IPC: 0.350527 cumulative IPC: 0.35544 (Simulation time: 0 hr 11 min 8 sec) 
Heartbeat CPU 0 instructions: 310000003 cycles: 376459303 heartbeat IPC: 0.350543 cumulative IPC: 0.354989 (Simulation time: 0 hr 11 min 39 sec) 
Heartbeat CPU 0 instructions: 320000000 cycles: 404987786 heartbeat IPC: 0.350527 cumulative IPC: 0.354613 (Simulation time: 0 hr 12 min 18 sec) 
Heartbeat CPU 0 instructions: 330000000 cycles: 433514770 heartbeat IPC: 0.350545 cumulative IPC: 0.354297 (Simulation time: 0 hr 12 min 57 sec) 
Heartbeat CPU 0 instructions: 340000002 cycles: 462042939 heartbeat IPC: 0.350531 cumulative IPC: 0.354025 (Simulation time: 0 hr 13 min 33 sec) 
Heartbeat CPU 0 instructions: 350000007 cycles: 490570124 heartbeat IPC: 0.350543 cumulative IPC: 0.353791 (Simulation time: 0 hr 14 min 3 sec) 
Heartbeat CPU 0 instructions: 360000000 cycles: 519098302 heartbeat IPC: 0.35053 cumulative IPC: 0.353585 (Simulation time: 0 hr 14 min 34 sec) 
Heartbeat CPU 0 instructions: 370000001 cycles: 547625393 heartbeat IPC: 0.350544 cumulative IPC: 0.353405 (Simulation time: 0 hr 15 min 6 sec) 
Heartbeat CPU 0 instructions: 380000000 cycles: 576152303 heartbeat IPC: 0.350546 cumulative IPC: 0.353245 (Simulation time: 0 hr 15 min 50 sec) 
Heartbeat CPU 0 instructions: 390000000 cycles: 604680026 heartbeat IPC: 0.350536 cumulative IPC: 0.353101 (Simulation time: 0 hr 16 min 26 sec) 
Heartbeat CPU 0 instructions: 400000001 cycles: 633208031 heartbeat IPC: 0.350533 cumulative IPC: 0.352972 (Simulation time: 0 hr 16 min 58 sec) 
Finished CPU 0 instructions: 200000003 cycles: 566617150 cumulative IPC: 0.352972 (Simulation time: 0 hr 16 min 58 sec) 

ChampSim completed all CPUs

Region of Interest Statistics

CPU 0 cumulative IPC: 0.352972 instructions: 200000003 cycles: 566617150
ITLB TOTAL     ACCESS:   28001734  HIT:   28001723  MISS:         11  HIT %:        100  MISS %: 3.92833e-05   MPKI: 5.5e-05
ITLB LOAD TRANSLATION ACCESS:   28001734  HIT:   28001723  MISS:         11  HIT %:        100  MISS %: 3.92833e-05   MPKI: 5.5e-05
ITLB PREFETCH  REQUESTED:          0  ISSUED:          0  USEFUL:          0  USELESS:          0
ITLB USEFUL LOAD PREFETCHES:          0 PREFETCH ISSUED TO LOWER LEVEL:          0  ACCURACY: -nan
ITLB TIMELY PREFETCHES:          0 LATE PREFETCHES: 0 DROPPED PREFETCHES: 0
ITLB PREFETCHES SAME FILL-ORIGIN LEVEL: 0 DIFFERENT FILL-ORIGIN LEVEL: 0
ITLB AVERAGE MISS LATENCY:    246.455 cycles AVERAGE LOAD MISS LATENCY:       -nan cycles Load Miss          0
ITLB Average MSHR Occupancy: 2.85378e-06
ITLB RQ	ACCESS:   41839106	FORWARD:          0	MERGED:   13837365	TO_CACHE:   28001741

DTLB TOTAL     ACCESS:   38563534  HIT:   38517425  MISS:      46109  HIT %:    99.8804  MISS %:   0.119566   MPKI: 0.230545
DTLB LOAD TRANSLATION ACCESS:   38563534  HIT:   38517425  MISS:      46109  HIT %:    99.8804  MISS %:   0.119566   MPKI: 0.230545
DTLB PREFETCH  REQUESTED:          0  ISSUED:          0  USEFUL:          0  USELESS:          0
DTLB USEFUL LOAD PREFETCHES:          0 PREFETCH ISSUED TO LOWER LEVEL:          0  ACCURACY: -nan
DTLB TIMELY PREFETCHES:          0 LATE PREFETCHES: 0 DROPPED PREFETCHES: 0
DTLB PREFETCHES SAME FILL-ORIGIN LEVEL: 0 DIFFERENT FILL-ORIGIN LEVEL: 0
DTLB AVERAGE MISS LATENCY:    91.3932 cycles AVERAGE LOAD MISS LATENCY:       -nan cycles Load Miss          0
DTLB Average MSHR Occupancy: 0.00274829
DTLB RQ	ACCESS:   59350070	FORWARD:          0	MERGED:   20785978	TO_CACHE:   38564092

STLB TOTAL     ACCESS:    5117506  HIT:    5090498  MISS:      27008  HIT %:    99.4722  MISS %:   0.527757   MPKI: 0.13504
STLB LOAD TRANSLATION ACCESS:      46120  HIT:      19112  MISS:      27008  HIT %:    41.4397  MISS %:    58.5603   MPKI: 0.13504
STLB TRANSLATION FROM L1D PREFETCHER ACCESS:    5071386  HIT:    5071386  MISS:          0  HIT %:        100  MISS %:          0   MPKI: 0
STLB PREFETCH  REQUESTED:          0  ISSUED:          0  USEFUL:          0  USELESS:          0
STLB USEFUL LOAD PREFETCHES:          0 PREFETCH ISSUED TO LOWER LEVEL:          0  ACCURACY: -nan
STLB TIMELY PREFETCHES:          0 LATE PREFETCHES: 0 DROPPED PREFETCHES: 0
STLB PREFETCHES SAME FILL-ORIGIN LEVEL: 0 DIFFERENT FILL-ORIGIN LEVEL: 0
STLB AVERAGE MISS LATENCY:    140.727 cycles AVERAGE LOAD MISS LATENCY:       -nan cycles Load Miss          0
STLB Average MSHR Occupancy: 0.00200071
STLB RQ	ACCESS:   15012599	FORWARD:          0	MERGED:    9895093	TO_CACHE:    5117506

STLB Hit, L1D data hit: 0
STLB Hit, L2C data hit: 0
STLB Hit, LLC data hit: 0
STLB Hit, LLC data miss: 0
STLB STLB hints to L2: 0
L1D TOTAL     ACCESS:   72588975  HIT:   69980957  MISS:    2608018  HIT %:    96.4071  MISS %:    3.59286   MPKI: 13.0401
L1D LOAD      ACCESS:   45161530  HIT:   45100173  MISS:      61357  HIT %:    99.8641  MISS %:   0.135861   MPKI: 0.306785
L1D RFO       ACCESS:   14136920  HIT:   14131898  MISS:       5022  HIT %:    99.9645  MISS %:   0.035524   MPKI: 0.02511
L1D PREFETCH  ACCESS:   13290525  HIT:   10748886  MISS:    2541639  HIT %:    80.8763  MISS %:    19.1237   MPKI: 12.7082
AGUS PREFETCH L1 MISS: 0
L1D PREFETCH  REQUESTED:   29934317  ISSUED:   29934317  USEFUL:    2537791  USELESS:       3848
L1D USEFUL LOAD PREFETCHES:    2537791 PREFETCH ISSUED TO LOWER LEVEL:    2544637  ACCURACY: 99.731
L1D TIMELY PREFETCHES:    2537791 LATE PREFETCHES: 2998 DROPPED PREFETCHES: 0
L1D PREFETCHES SAME FILL-ORIGIN LEVEL: 2544637 DIFFERENT FILL-ORIGIN LEVEL: 0
L1D AVERAGE MISS LATENCY:    166.271 cycles AVERAGE LOAD MISS LATENCY:    121.464 cycles Load Miss      61357
L1D Average MSHR Occupancy:   0.774295
L1D RQ	ACCESS:   69615182	FORWARD:          0	MERGED:   24386754	TO_CACHE:   45205608
L1D WQ	ACCESS:   14152361	FORWARD:      22820	MERGED:       7899	TO_CACHE:   14144462
L1D PQ	ACCESS:   14967838	FORWARD:          0	MERGED:       1359	TO_CACHE:   14966479

L1D UNIQUE REGIONS ACCESSED: 0
L1D REGIONS CONFLICTS: 0
L1D Cross Page Prefetch Requests: 0
L1D Same Page Prefetch Requests: 35310811
L1D ROI Sum of L1D PQ occupancy: 199506399
L1D PREFETCHES PUSHED FROM L2C: 0
L1I TOTAL     ACCESS:   41836000  HIT:     322559  MISS:   41513441  HIT %:   0.771008  MISS %:     99.229   MPKI: 207.567
L1I LOAD      ACCESS:   41836000  HIT:     322559  MISS:   41513441  HIT %:   0.771008  MISS %:     99.229   MPKI: 207.567
L1I PREFETCH  REQUESTED:          0  ISSUED:          0  USEFUL:          0  USELESS:          0
L1I USEFUL LOAD PREFETCHES:          0 PREFETCH ISSUED TO LOWER LEVEL:          0  ACCURACY: -nan
L1I TIMELY PREFETCHES:          0 LATE PREFETCHES: 0 DROPPED PREFETCHES: 0
L1I PREFETCHES SAME FILL-ORIGIN LEVEL: 0 DIFFERENT FILL-ORIGIN LEVEL: 0
L1I AVERAGE MISS LATENCY:    14.0617 cycles AVERAGE LOAD MISS LATENCY:    14.0617 cycles Load Miss   41513441
L1I Average MSHR Occupancy:   0.970811
L1I RQ	ACCESS:   42187016	FORWARD:          0	MERGED:     347910	TO_CACHE:   41839106

BTB TOTAL     ACCESS:    3803966  HIT:    3779715  MISS:      24251  HIT %:    99.3625  MISS %:   0.637519   MPKI: 0.121255
BTB BRANCH_DIRECT_JUMP	ACCESS:      72388  HIT:      72297  MISS:         91
BTB BRANCH_INDIRECT	ACCESS:          0  HIT:          0  MISS:          0
BTB BRANCH_CONDITIONAL	ACCESS:    3617586  HIT:    3617465  MISS:        121
BTB BRANCH_DIRECT_CALL	ACCESS:      56996  HIT:      56978  MISS:         18
BTB BRANCH_INDIRECT_CALL	ACCESS:          0  HIT:          0  MISS:          0
BTB BRANCH_RETURN	ACCESS:      56996  HIT:      32975  MISS:      24021
BTB BRANCH_OTHER ACCESS:          0  HIT:          0  MISS:          0

L2C TOTAL     ACCESS:   45877135  HIT:   44145163  MISS:    1731972  HIT %:    96.2248  MISS %:    3.77524   MPKI: 8.65986
L2C LOAD      ACCESS:   41571800  HIT:   41542621  MISS:      29179  HIT %:    99.9298  MISS %:  0.0701894   MPKI: 0.145895
L2C DATA LOAD MPKI: 0.144455
L2C INSTRUCTION LOAD MPKI: 0.00144
L2C RFO       ACCESS:       5022  HIT:       5013  MISS:          9  HIT %:    99.8208  MISS %:   0.179211   MPKI: 4.5e-05
L2C PREFETCH  ACCESS:    2544636  HIT:     848983  MISS:    1695653  HIT %:    33.3636  MISS %:    66.6364   MPKI: 8.47826
AGUS PREFETCH L1 MISS: 0
L2C DATA PREFETCH MPKI: 8.47826
L2C INSTRUCTION PREFETCH MPKI: 0
L2C WRITEBACK ACCESS:    1728656  HIT:    1725040  MISS:       3616  HIT %:    99.7908  MISS %:    0.20918   MPKI: 0.01808
L2C LOAD TRANSLATION ACCESS:      27021  HIT:      23506  MISS:       3515  HIT %:    86.9916  MISS %:    13.0084   MPKI: 0.017575
L2C PREFETCH  REQUESTED:          0  ISSUED:          0  USEFUL:       4812  USELESS:    1692747
L2C USEFUL LOAD PREFETCHES:       4812 PREFETCH ISSUED TO LOWER LEVEL:    1695654  ACCURACY: 0.283784
L2C TIMELY PREFETCHES:       4812 LATE PREFETCHES: 0 DROPPED PREFETCHES: 0
L2C PREFETCHES SAME FILL-ORIGIN LEVEL: 0 DIFFERENT FILL-ORIGIN LEVEL: 0
L2C AVERAGE MISS LATENCY:    228.622 cycles AVERAGE LOAD MISS LATENCY:    227.457 cycles Load Miss      29179
L2C Average MSHR Occupancy:   0.698877
L2C RQ	ACCESS:   41603842	FORWARD:          0	MERGED:          0	TO_CACHE:   41603842
L2C WQ	ACCESS:    1728656	FORWARD:          0	MERGED:          0	TO_CACHE:    1728656
L2C PQ	ACCESS:    2544637	FORWARD:          0	MERGED:          0	TO_CACHE:    2544637

L2C Instructions Evicting Data 288
L2C Translations Evicting Data 3515
L2C Data Evicting Data 1720754
L2C Instructions Evicting Instructions 0
L2C Translations Evicting Instructions 0
L2C Data Evicting Instructions 288
L2C Instructions Evicting Translations 0
L2C Translations Evicting Translations 0
L2C Data Evicting Translations 3511
L2C Dense regions hint from L2: 0
PSCL5 TOTAL     ACCESS:      27008  HIT:      27008  MISS:          0  HIT %:        100  MISS %:          0   MPKI: 0
PSCL5 LOAD TRANSLATION ACCESS:      27008  HIT:      27008  MISS:          0  HIT %:        100  MISS %:          0   MPKI: 0
PSCL5 PREFETCH  REQUESTED:          0  ISSUED:          0  USEFUL:          0  USELESS:          0
PSCL5 USEFUL LOAD PREFETCHES:          0 PREFETCH ISSUED TO LOWER LEVEL:          0  ACCURACY: -nan
PSCL5 TIMELY PREFETCHES:          0 LATE PREFETCHES: 0 DROPPED PREFETCHES: 0
PSCL5 PREFETCHES SAME FILL-ORIGIN LEVEL: 0 DIFFERENT FILL-ORIGIN LEVEL: 0

PSCL4 TOTAL     ACCESS:      27008  HIT:      27008  MISS:          0  HIT %:        100  MISS %:          0   MPKI: 0
PSCL4 LOAD TRANSLATION ACCESS:      27008  HIT:      27008  MISS:          0  HIT %:        100  MISS %:          0   MPKI: 0
PSCL4 PREFETCH  REQUESTED:          0  ISSUED:          0  USEFUL:          0  USELESS:          0
PSCL4 USEFUL LOAD PREFETCHES:          0 PREFETCH ISSUED TO LOWER LEVEL:          0  ACCURACY: -nan
PSCL4 TIMELY PREFETCHES:          0 LATE PREFETCHES: 0 DROPPED PREFETCHES: 0
PSCL4 PREFETCHES SAME FILL-ORIGIN LEVEL: 0 DIFFERENT FILL-ORIGIN LEVEL: 0

PSCL3 TOTAL     ACCESS:      26945  HIT:      26940  MISS:          5  HIT %:    99.9814  MISS %:  0.0185563   MPKI: 2.5e-05
PSCL3 LOAD TRANSLATION ACCESS:      26945  HIT:      26940  MISS:          5  HIT %:    99.9814  MISS %:  0.0185563   MPKI: 2.5e-05
PSCL3 PREFETCH  REQUESTED:          0  ISSUED:          0  USEFUL:          0  USELESS:          0
PSCL3 USEFUL LOAD PREFETCHES:          0 PREFETCH ISSUED TO LOWER LEVEL:          0  ACCURACY: -nan
PSCL3 TIMELY PREFETCHES:          0 LATE PREFETCHES: 0 DROPPED PREFETCHES: 0
PSCL3 PREFETCHES SAME FILL-ORIGIN LEVEL: 0 DIFFERENT FILL-ORIGIN LEVEL: 0

PSCL2 TOTAL     ACCESS:      27008  HIT:      26911  MISS:         97  HIT %:    99.6408  MISS %:   0.359153   MPKI: 0.000485
PSCL2 LOAD TRANSLATION ACCESS:      27008  HIT:      26911  MISS:         97  HIT %:    99.6408  MISS %:   0.359153   MPKI: 0.000485
PSCL2 PREFETCH  REQUESTED:          0  ISSUED:          0  USEFUL:          0  USELESS:          0
PSCL2 USEFUL LOAD PREFETCHES:          0 PREFETCH ISSUED TO LOWER LEVEL:          0  ACCURACY: -nan
PSCL2 TIMELY PREFETCHES:          0 LATE PREFETCHES: 0 DROPPED PREFETCHES: 0
PSCL2 PREFETCHES SAME FILL-ORIGIN LEVEL: 0 DIFFERENT FILL-ORIGIN LEVEL: 0

LLC TOTAL     ACCESS:    3451207  HIT:       5943  MISS:    3445264  HIT %:   0.172201  MISS %:    99.8278   MPKI: 17.2263
LLC LOAD      ACCESS:      29179  HIT:        285  MISS:      28894  HIT %:    0.97673  MISS %:    99.0233   MPKI: 0.14447
LLC RFO       ACCESS:          9  HIT:          3  MISS:          6  HIT %:    33.3333  MISS %:    66.6667   MPKI: 3e-05
LLC PREFETCH  ACCESS:    1695653  HIT:        148  MISS:    1695505  HIT %:  0.0087282  MISS %:    99.9913   MPKI: 8.47752
AGUS PREFETCH L1 MISS: 0
LLC WRITEBACK ACCESS:    1722851  HIT:       5479  MISS:    1717372  HIT %:   0.318019  MISS %:     99.682   MPKI: 8.58686
LLC LOAD TRANSLATION ACCESS:       3515  HIT:         28  MISS:       3487  HIT %:   0.796586  MISS %:    99.2034   MPKI: 0.017435
LLC PREFETCH  REQUESTED:          0  ISSUED:          0  USEFUL:          0  USELESS:       5178
LLC USEFUL LOAD PREFETCHES:          0 PREFETCH ISSUED TO LOWER LEVEL:    1695506  ACCURACY: 0
LLC TIMELY PREFETCHES:          0 LATE PREFETCHES: 0 DROPPED PREFETCHES: 0
LLC PREFETCHES SAME FILL-ORIGIN LEVEL: 0 DIFFERENT FILL-ORIGIN LEVEL: 0
LLC AVERAGE MISS LATENCY:    92.3556 cycles AVERAGE LOAD MISS LATENCY:     184.18 cycles Load Miss      28894
LLC Average MSHR Occupancy:   0.558511
LLC RQ	ACCESS:      32703	FORWARD:          0	MERGED:          0	TO_CACHE:      32703
LLC WQ	ACCESS:    1722850	FORWARD:          0	MERGED:          0	TO_CACHE:    1722850
LLC PQ	ACCESS:    1695654	FORWARD:          0	MERGED:          0	TO_CACHE:    1695654

LLC Dense regions hint to LLC: 0

RAW hits: 116317
Loads Generated: 69731499
Loads sent to L1D: 69615182
Stores Generated: 14152361
Stores sent to L1D: 14152361
Major fault: 0 Minor fault: 54698
Allocated PAGES: 54698
CPU 0 L1D PC-based stride prefetcher final stats
Degree: 3
================ Mockingjay (LLC) Pollution Stats ================
Total pollution count in LLC: 50
==================================================================

DRAM Statistics
 CHANNEL 0
 RQ ROW_BUFFER_HIT:      15027  ROW_BUFFER_MISS:    1712865
 DBUS_CONGESTED:          9
 WQ ROW_BUFFER_HIT:      45929  ROW_BUFFER_MISS:    1676786  FULL:          0

 AVG_CONGESTED_CYCLE: 2
 All warmup complete: 2
Channel 0 Bank busy for read cycles: 0
Channel 0 Bank busy for write cycles: 0
Channel 0
Rank 0
0banks busy for read cycles: 41250123
0banks busy for write cycles: 72345
1banks busy for read cycles: 241179286
1banks busy for write cycles: 164374338
2banks busy for read cycles: 274964
2banks busy for write cycles: 109027283
3banks busy for read cycles: 459789
3banks busy for write cycles: 582663
4banks busy for read cycles: 3636500
4banks busy for write cycles: 3919050
5banks busy for read cycles: 2828
5banks busy for write cycles: 1607770
6banks busy for read cycles: 2075
6banks busy for write cycles: 184188
7banks busy for read cycles: 125
7banks busy for write cycles: 7646
8banks busy for read cycles: 25
8banks busy for write cycles: 36153

CPU 0 Branch Prediction Accuracy: 99.7995% MPKI: 0.03992 Average ROB Occupancy at Mispredict: 81.367
Branch types
NOT_BRANCH: 196017650 98.0088%
BRANCH_DIRECT_JUMP: 72388 0.036194%
BRANCH_INDIRECT: 0 0%
BRANCH_CONDITIONAL: 3795964 1.89798%
BRANCH_DIRECT_CALL: 56996 0.028498%
BRANCH_INDIRECT_CALL: 0 0%
BRANCH_RETURN: 56996 0.028498%
BRANCH_OTHER: 0 0%

===================== LRU L1D STATS =====================
Total pollution count in L1D: 28782
=========================================================
================ SRRIP (L2C) Pollution Stats ================
Total pollution count in L2c: 743
==================================================================
DRAM PAGES: 1048576
Allocated PAGES: 54698
