
*** ChampSim Multicore Out-of-Order Simulator ***

Warmup Instructions: 200000000
Simulation Instructions: 200000000
Number of CPUs: 1
LLC sets: 4096
LLC ways: 12
Off-chip DRAM Size: 4096 MB Channels: 1 Width: 64-bit Data Rate: 6400 MT/s
CPU 0 runs /home1/sweta/traces/gaptraces/bfs-10.trace.gz
.gz
BTB has LRU replacement policy
ITLB has LRU replacement policy
DTLB has LRU replacement policy
STLB has LRU replacement policy
L1I has LRU replacement policy
L1D has LRU replacement policy
L2C has LRU replacement policy with pollution tracking
LLC has LRU replacement policy with pollution tracking
Heartbeat CPU 0 instructions: 10000000 cycles: 3249961 heartbeat IPC: 3.07696 cumulative IPC: 3.07696 (Simulation time: 0 hr 0 min 16 sec) 
Heartbeat CPU 0 instructions: 20000003 cycles: 6461885 heartbeat IPC: 3.1134 cumulative IPC: 3.09507 (Simulation time: 0 hr 0 min 34 sec) 
Heartbeat CPU 0 instructions: 30000001 cycles: 9660371 heartbeat IPC: 3.12648 cumulative IPC: 3.10547 (Simulation time: 0 hr 0 min 52 sec) 
Heartbeat CPU 0 instructions: 40000002 cycles: 12859655 heartbeat IPC: 3.1257 cumulative IPC: 3.1105 (Simulation time: 0 hr 1 min 12 sec) 
Heartbeat CPU 0 instructions: 50000002 cycles: 16058644 heartbeat IPC: 3.12599 cumulative IPC: 3.11359 (Simulation time: 0 hr 1 min 30 sec) 
Heartbeat CPU 0 instructions: 60000001 cycles: 19071735 heartbeat IPC: 3.31885 cumulative IPC: 3.14602 (Simulation time: 0 hr 1 min 50 sec) 
Heartbeat CPU 0 instructions: 70000003 cycles: 21908279 heartbeat IPC: 3.52542 cumulative IPC: 3.19514 (Simulation time: 0 hr 2 min 11 sec) 
Heartbeat CPU 0 instructions: 80000002 cycles: 25071152 heartbeat IPC: 3.16168 cumulative IPC: 3.19092 (Simulation time: 0 hr 2 min 29 sec) 
Heartbeat CPU 0 instructions: 90000000 cycles: 29098070 heartbeat IPC: 2.48329 cumulative IPC: 3.09299 (Simulation time: 0 hr 2 min 43 sec) 
Heartbeat CPU 0 instructions: 100000000 cycles: 32925731 heartbeat IPC: 2.61256 cumulative IPC: 3.03714 (Simulation time: 0 hr 3 min 9 sec) 
Heartbeat CPU 0 instructions: 110000000 cycles: 36122009 heartbeat IPC: 3.12864 cumulative IPC: 3.04523 (Simulation time: 0 hr 3 min 26 sec) 
Heartbeat CPU 0 instructions: 120000000 cycles: 39026134 heartbeat IPC: 3.44338 cumulative IPC: 3.07486 (Simulation time: 0 hr 3 min 47 sec) 
Heartbeat CPU 0 instructions: 130000000 cycles: 41931233 heartbeat IPC: 3.44222 cumulative IPC: 3.10031 (Simulation time: 0 hr 4 min 7 sec) 
Heartbeat CPU 0 instructions: 140000002 cycles: 44861543 heartbeat IPC: 3.41261 cumulative IPC: 3.12071 (Simulation time: 0 hr 4 min 28 sec) 
Heartbeat CPU 0 instructions: 150000003 cycles: 47874578 heartbeat IPC: 3.31891 cumulative IPC: 3.13319 (Simulation time: 0 hr 4 min 47 sec) 
Heartbeat CPU 0 instructions: 160000000 cycles: 51260897 heartbeat IPC: 2.95306 cumulative IPC: 3.12129 (Simulation time: 0 hr 5 min 4 sec) 
Heartbeat CPU 0 instructions: 170000001 cycles: 55345020 heartbeat IPC: 2.44851 cumulative IPC: 3.07164 (Simulation time: 0 hr 5 min 18 sec) 
Heartbeat CPU 0 instructions: 180000000 cycles: 58965669 heartbeat IPC: 2.76194 cumulative IPC: 3.05262 (Simulation time: 0 hr 5 min 43 sec) 
Heartbeat CPU 0 instructions: 190000004 cycles: 62070282 heartbeat IPC: 3.22101 cumulative IPC: 3.06105 (Simulation time: 0 hr 6 min 1 sec) 
Heartbeat CPU 0 instructions: 200000001 cycles: 64976548 heartbeat IPC: 3.44084 cumulative IPC: 3.07803 (Simulation time: 0 hr 6 min 21 sec) 

Warmup complete CPU 0 instructions: 200000001 cycles: 64976548 (Simulation time: 0 hr 6 min 21 sec) 

Heartbeat CPU 0 instructions: 210000000 cycles: 134129343 heartbeat IPC: 0.144607 cumulative IPC: 0.144607 (Simulation time: 0 hr 6 min 56 sec) 
Heartbeat CPU 0 instructions: 220000000 cycles: 212283781 heartbeat IPC: 0.127952 cumulative IPC: 0.135771 (Simulation time: 0 hr 7 min 33 sec) 
Heartbeat CPU 0 instructions: 230000000 cycles: 287765276 heartbeat IPC: 0.132483 cumulative IPC: 0.134657 (Simulation time: 0 hr 8 min 8 sec) 
Heartbeat CPU 0 instructions: 240000004 cycles: 334113187 heartbeat IPC: 0.21576 cumulative IPC: 0.148623 (Simulation time: 0 hr 8 min 36 sec) 
Heartbeat CPU 0 instructions: 250000001 cycles: 362397946 heartbeat IPC: 0.353547 cumulative IPC: 0.168112 (Simulation time: 0 hr 9 min 5 sec) 
Heartbeat CPU 0 instructions: 260000000 cycles: 404528492 heartbeat IPC: 0.237357 cumulative IPC: 0.176703 (Simulation time: 0 hr 9 min 34 sec) 
Heartbeat CPU 0 instructions: 270000000 cycles: 455814623 heartbeat IPC: 0.194984 cumulative IPC: 0.179102 (Simulation time: 0 hr 10 min 10 sec) 
Heartbeat CPU 0 instructions: 280000000 cycles: 519210849 heartbeat IPC: 0.157738 cumulative IPC: 0.176121 (Simulation time: 0 hr 10 min 49 sec) 
Heartbeat CPU 0 instructions: 290000000 cycles: 582925693 heartbeat IPC: 0.156949 cumulative IPC: 0.173762 (Simulation time: 0 hr 11 min 27 sec) 
Heartbeat CPU 0 instructions: 300000002 cycles: 652714665 heartbeat IPC: 0.143289 cumulative IPC: 0.170144 (Simulation time: 0 hr 11 min 58 sec) 
Heartbeat CPU 0 instructions: 310000001 cycles: 681103616 heartbeat IPC: 0.35225 cumulative IPC: 0.178535 (Simulation time: 0 hr 12 min 26 sec) 
Heartbeat CPU 0 instructions: 320000000 cycles: 714829217 heartbeat IPC: 0.296511 cumulative IPC: 0.184657 (Simulation time: 0 hr 13 min 0 sec) 
Heartbeat CPU 0 instructions: 330000003 cycles: 764887694 heartbeat IPC: 0.199766 cumulative IPC: 0.185738 (Simulation time: 0 hr 13 min 31 sec) 
Heartbeat CPU 0 instructions: 340000001 cycles: 818067534 heartbeat IPC: 0.188041 cumulative IPC: 0.185901 (Simulation time: 0 hr 14 min 11 sec) 
Heartbeat CPU 0 instructions: 350000003 cycles: 875233700 heartbeat IPC: 0.174929 cumulative IPC: 0.185126 (Simulation time: 0 hr 14 min 49 sec) 
Heartbeat CPU 0 instructions: 360000000 cycles: 943752940 heartbeat IPC: 0.145944 cumulative IPC: 0.182071 (Simulation time: 0 hr 15 min 28 sec) 
Heartbeat CPU 0 instructions: 370000003 cycles: 1011534057 heartbeat IPC: 0.147534 cumulative IPC: 0.179598 (Simulation time: 0 hr 15 min 59 sec) 
Heartbeat CPU 0 instructions: 380000000 cycles: 1044680967 heartbeat IPC: 0.301687 cumulative IPC: 0.183729 (Simulation time: 0 hr 16 min 28 sec) 
Heartbeat CPU 0 instructions: 390000000 cycles: 1076198226 heartbeat IPC: 0.317286 cumulative IPC: 0.187892 (Simulation time: 0 hr 17 min 0 sec) 
Heartbeat CPU 0 instructions: 400000000 cycles: 1123038334 heartbeat IPC: 0.213492 cumulative IPC: 0.189025 (Simulation time: 0 hr 17 min 31 sec) 
Finished CPU 0 instructions: 200000000 cycles: 1058061822 cumulative IPC: 0.189025 (Simulation time: 0 hr 17 min 31 sec) 

ChampSim completed all CPUs

Region of Interest Statistics

CPU 0 cumulative IPC: 0.189025 instructions: 200000000 cycles: 1058061822
ITLB TOTAL     ACCESS:   20790183  HIT:   20790183  MISS:          0  HIT %:        100  MISS %:          0   MPKI: 0
ITLB LOAD TRANSLATION ACCESS:   20790183  HIT:   20790183  MISS:          0  HIT %:        100  MISS %:          0   MPKI: 0
ITLB PREFETCH  REQUESTED:          0  ISSUED:          0  USEFUL:          0  USELESS:          0
ITLB USEFUL LOAD PREFETCHES:          0 PREFETCH ISSUED TO LOWER LEVEL:          0  ACCURACY: -nan
ITLB TIMELY PREFETCHES:          0 LATE PREFETCHES: 0 DROPPED PREFETCHES: 0
ITLB PREFETCHES SAME FILL-ORIGIN LEVEL: 0 DIFFERENT FILL-ORIGIN LEVEL: 0
ITLB AVERAGE MISS LATENCY:       -nan cycles AVERAGE LOAD MISS LATENCY:       -nan cycles Load Miss          0
ITLB Average MSHR Occupancy: 1.67287e-07
ITLB RQ	ACCESS:   27695379	FORWARD:          0	MERGED:    6905197	TO_CACHE:   20790182

DTLB TOTAL     ACCESS:   37056145  HIT:   36581021  MISS:     475124  HIT %:    98.7178  MISS %:    1.28217   MPKI: 2.37562
DTLB LOAD TRANSLATION ACCESS:   37056145  HIT:   36581021  MISS:     475124  HIT %:    98.7178  MISS %:    1.28217   MPKI: 2.37562
DTLB PREFETCH  REQUESTED:          0  ISSUED:          0  USEFUL:          0  USELESS:          0
DTLB USEFUL LOAD PREFETCHES:          0 PREFETCH ISSUED TO LOWER LEVEL:          0  ACCURACY: -nan
DTLB TIMELY PREFETCHES:          0 LATE PREFETCHES: 0 DROPPED PREFETCHES: 0
DTLB PREFETCHES SAME FILL-ORIGIN LEVEL: 0 DIFFERENT FILL-ORIGIN LEVEL: 0
DTLB AVERAGE MISS LATENCY:    39.4144 cycles AVERAGE LOAD MISS LATENCY:       -nan cycles Load Miss          0
DTLB Average MSHR Occupancy:  0.0175682
DTLB RQ	ACCESS:   39108983	FORWARD:          0	MERGED:    2018839	TO_CACHE:   37090144

STLB TOTAL     ACCESS:     475124  HIT:     308181  MISS:     166943  HIT %:    64.8633  MISS %:    35.1367   MPKI: 0.834715
STLB LOAD TRANSLATION ACCESS:     475124  HIT:     308181  MISS:     166943  HIT %:    64.8633  MISS %:    35.1367   MPKI: 0.834715
STLB PREFETCH  REQUESTED:          0  ISSUED:          0  USEFUL:          0  USELESS:          0
STLB USEFUL LOAD PREFETCHES:          0 PREFETCH ISSUED TO LOWER LEVEL:          0  ACCURACY: -nan
STLB TIMELY PREFETCHES:          0 LATE PREFETCHES: 0 DROPPED PREFETCHES: 0
STLB PREFETCHES SAME FILL-ORIGIN LEVEL: 0 DIFFERENT FILL-ORIGIN LEVEL: 0
STLB AVERAGE MISS LATENCY:    86.1518 cycles AVERAGE LOAD MISS LATENCY:       -nan cycles Load Miss          0
STLB Average MSHR Occupancy:   0.013618
STLB RQ	ACCESS:     475124	FORWARD:          0	MERGED:          0	TO_CACHE:     475124

STLB Hit, L1D data hit: 0
STLB Hit, L2C data hit: 0
STLB Hit, LLC data hit: 0
STLB Hit, LLC data miss: 0
STLB STLB hints to L2: 0
L1D TOTAL     ACCESS:   37194969  HIT:   31603579  MISS:    5591390  HIT %:    84.9673  MISS %:    15.0327   MPKI: 27.9569
L1D LOAD      ACCESS:   30083142  HIT:   24766719  MISS:    5316423  HIT %:    82.3276  MISS %:    17.6724   MPKI: 26.5821
L1D RFO       ACCESS:    7111827  HIT:    6836860  MISS:     274967  HIT %:    96.1337  MISS %:    3.86633   MPKI: 1.37484
L1D PREFETCH  REQUESTED:          0  ISSUED:          0  USEFUL:          0  USELESS:          0
L1D USEFUL LOAD PREFETCHES:          0 PREFETCH ISSUED TO LOWER LEVEL:          0  ACCURACY: -nan
L1D TIMELY PREFETCHES:          0 LATE PREFETCHES: 0 DROPPED PREFETCHES: 0
L1D PREFETCHES SAME FILL-ORIGIN LEVEL: 0 DIFFERENT FILL-ORIGIN LEVEL: 0
L1D AVERAGE MISS LATENCY:    129.342 cycles AVERAGE LOAD MISS LATENCY:    126.173 cycles Load Miss    5316423
L1D Average MSHR Occupancy:   0.690985
L1D RQ	ACCESS:   47775686	FORWARD:          0	MERGED:   16052953	TO_CACHE:   31703324
L1D WQ	ACCESS:    7609177	FORWARD:      19409	MERGED:     203518	TO_CACHE:    7405659

L1D UNIQUE REGIONS ACCESSED: 0
L1D REGIONS CONFLICTS: 0
L1D Cross Page Prefetch Requests: 0
L1D Same Page Prefetch Requests: 0
L1D ROI Sum of L1D PQ occupancy: 0
L1D PREFETCHES PUSHED FROM L2C: 0
L1I TOTAL     ACCESS:   26367339  HIT:     103348  MISS:   26263991  HIT %:   0.391955  MISS %:     99.608   MPKI: 131.32
L1I LOAD      ACCESS:   26367339  HIT:     103348  MISS:   26263991  HIT %:   0.391955  MISS %:     99.608   MPKI: 131.32
L1I PREFETCH  REQUESTED:          0  ISSUED:          0  USEFUL:          0  USELESS:          0
L1I USEFUL LOAD PREFETCHES:          0 PREFETCH ISSUED TO LOWER LEVEL:          0  ACCURACY: -nan
L1I TIMELY PREFETCHES:          0 LATE PREFETCHES: 0 DROPPED PREFETCHES: 0
L1I PREFETCHES SAME FILL-ORIGIN LEVEL: 0 DIFFERENT FILL-ORIGIN LEVEL: 0
L1I AVERAGE MISS LATENCY:    14.0105 cycles AVERAGE LOAD MISS LATENCY:    14.0105 cycles Load Miss   26263991
L1I Average MSHR Occupancy:   0.342092
L1I RQ	ACCESS:   55840127	FORWARD:          0	MERGED:   28144748	TO_CACHE:   27695379

BTB TOTAL     ACCESS:   40182868  HIT:   40182521  MISS:        347  HIT %:    99.9991  MISS %: 0.000863552   MPKI: 0.001735
BTB BRANCH_DIRECT_JUMP	ACCESS:      25669  HIT:      25624  MISS:         45
BTB BRANCH_INDIRECT	ACCESS:          3  HIT:          2  MISS:          1
BTB BRANCH_CONDITIONAL	ACCESS:   40156509  HIT:   40156407  MISS:        102
BTB BRANCH_DIRECT_CALL	ACCESS:        335  HIT:        292  MISS:         43
BTB BRANCH_INDIRECT_CALL	ACCESS:          9  HIT:          6  MISS:          3
BTB BRANCH_RETURN	ACCESS:        343  HIT:        190  MISS:        153
BTB BRANCH_OTHER ACCESS:          0  HIT:          0  MISS:          0

L2C TOTAL     ACCESS:   33098101  HIT:   29465658  MISS:    3632443  HIT %:    89.0252  MISS %:    10.9748   MPKI: 18.1622
L2C LOAD      ACCESS:   31580412  HIT:   28231080  MISS:    3349332  HIT %:    89.3943  MISS %:    10.6057   MPKI: 16.7467
L2C DATA LOAD MPKI: 16.7411
L2C INSTRUCTION LOAD MPKI: 0.00561
L2C RFO       ACCESS:     274967  HIT:      26376  MISS:     248591  HIT %:    9.59242  MISS %:    90.4076   MPKI: 1.24296
L2C WRITEBACK ACCESS:    1074826  HIT:    1074800  MISS:         26  HIT %:    99.9976  MISS %:   0.002419   MPKI: 0.00013
L2C LOAD TRANSLATION ACCESS:     167896  HIT:     133402  MISS:      34494  HIT %:    79.4551  MISS %:    20.5449   MPKI: 0.17247
L2C PREFETCH  REQUESTED:          0  ISSUED:          0  USEFUL:          0  USELESS:          0
L2C USEFUL LOAD PREFETCHES:          0 PREFETCH ISSUED TO LOWER LEVEL:          0  ACCURACY: -nan
L2C TIMELY PREFETCHES:          0 LATE PREFETCHES: 0 DROPPED PREFETCHES: 0
L2C PREFETCHES SAME FILL-ORIGIN LEVEL: 0 DIFFERENT FILL-ORIGIN LEVEL: 0
L2C AVERAGE MISS LATENCY:    178.069 cycles AVERAGE LOAD MISS LATENCY:    176.334 cycles Load Miss    3349332
L2C Average MSHR Occupancy:   0.610712
L2C RQ	ACCESS:   32023275	FORWARD:          0	MERGED:          0	TO_CACHE:   32023274
L2C WQ	ACCESS:    1074826	FORWARD:          1	MERGED:          0	TO_CACHE:    1074826

L2C Instructions Evicting Data 1117
L2C Translations Evicting Data 33873
L2C Data Evicting Data 3561634
L2C Instructions Evicting Instructions 0
L2C Translations Evicting Instructions 14
L2C Data Evicting Instructions 1083
L2C Instructions Evicting Translations 5
L2C Translations Evicting Translations 607
L2C Data Evicting Translations 34084
L2C Dense regions hint from L2: 0
PSCL5 TOTAL     ACCESS:     166943  HIT:     166943  MISS:          0  HIT %:        100  MISS %:          0   MPKI: 0
PSCL5 LOAD TRANSLATION ACCESS:     166943  HIT:     166943  MISS:          0  HIT %:        100  MISS %:          0   MPKI: 0
PSCL5 PREFETCH  REQUESTED:          0  ISSUED:          0  USEFUL:          0  USELESS:          0
PSCL5 USEFUL LOAD PREFETCHES:          0 PREFETCH ISSUED TO LOWER LEVEL:          0  ACCURACY: -nan
PSCL5 TIMELY PREFETCHES:          0 LATE PREFETCHES: 0 DROPPED PREFETCHES: 0
PSCL5 PREFETCHES SAME FILL-ORIGIN LEVEL: 0 DIFFERENT FILL-ORIGIN LEVEL: 0

PSCL4 TOTAL     ACCESS:     166943  HIT:     166943  MISS:          0  HIT %:        100  MISS %:          0   MPKI: 0
PSCL4 LOAD TRANSLATION ACCESS:     166943  HIT:     166943  MISS:          0  HIT %:        100  MISS %:          0   MPKI: 0
PSCL4 PREFETCH  REQUESTED:          0  ISSUED:          0  USEFUL:          0  USELESS:          0
PSCL4 USEFUL LOAD PREFETCHES:          0 PREFETCH ISSUED TO LOWER LEVEL:          0  ACCURACY: -nan
PSCL4 TIMELY PREFETCHES:          0 LATE PREFETCHES: 0 DROPPED PREFETCHES: 0
PSCL4 PREFETCHES SAME FILL-ORIGIN LEVEL: 0 DIFFERENT FILL-ORIGIN LEVEL: 0

PSCL3 TOTAL     ACCESS:     166943  HIT:     166943  MISS:          0  HIT %:        100  MISS %:          0   MPKI: 0
PSCL3 LOAD TRANSLATION ACCESS:     166943  HIT:     166943  MISS:          0  HIT %:        100  MISS %:          0   MPKI: 0
PSCL3 PREFETCH  REQUESTED:          0  ISSUED:          0  USEFUL:          0  USELESS:          0
PSCL3 USEFUL LOAD PREFETCHES:          0 PREFETCH ISSUED TO LOWER LEVEL:          0  ACCURACY: -nan
PSCL3 TIMELY PREFETCHES:          0 LATE PREFETCHES: 0 DROPPED PREFETCHES: 0
PSCL3 PREFETCHES SAME FILL-ORIGIN LEVEL: 0 DIFFERENT FILL-ORIGIN LEVEL: 0

PSCL2 TOTAL     ACCESS:     166943  HIT:     165990  MISS:        953  HIT %:    99.4291  MISS %:   0.570854   MPKI: 0.004765
PSCL2 LOAD TRANSLATION ACCESS:     166943  HIT:     165990  MISS:        953  HIT %:    99.4291  MISS %:   0.570854   MPKI: 0.004765
PSCL2 PREFETCH  REQUESTED:          0  ISSUED:          0  USEFUL:          0  USELESS:          0
PSCL2 USEFUL LOAD PREFETCHES:          0 PREFETCH ISSUED TO LOWER LEVEL:          0  ACCURACY: -nan
PSCL2 TIMELY PREFETCHES:          0 LATE PREFETCHES: 0 DROPPED PREFETCHES: 0
PSCL2 PREFETCHES SAME FILL-ORIGIN LEVEL: 0 DIFFERENT FILL-ORIGIN LEVEL: 0

LLC TOTAL     ACCESS:    4432091  HIT:     995967  MISS:    3436124  HIT %:    22.4717  MISS %:    77.5283   MPKI: 17.1806
LLC LOAD      ACCESS:    3349332  HIT:     254571  MISS:    3094761  HIT %:    7.60065  MISS %:    92.3994   MPKI: 15.4738
LLC RFO       ACCESS:     248591  HIT:       3680  MISS:     244911  HIT %:    1.48034  MISS %:    98.5197   MPKI: 1.22456
LLC WRITEBACK ACCESS:     799674  HIT:     737133  MISS:      62541  HIT %:    92.1792  MISS %:    7.82081   MPKI: 0.312705
LLC LOAD TRANSLATION ACCESS:      34494  HIT:        583  MISS:      33911  HIT %:    1.69015  MISS %:    98.3099   MPKI: 0.169555
LLC PREFETCH  REQUESTED:          0  ISSUED:          0  USEFUL:          0  USELESS:          0
LLC USEFUL LOAD PREFETCHES:          0 PREFETCH ISSUED TO LOWER LEVEL:          0  ACCURACY: -nan
LLC TIMELY PREFETCHES:          0 LATE PREFETCHES: 0 DROPPED PREFETCHES: 0
LLC PREFETCHES SAME FILL-ORIGIN LEVEL: 0 DIFFERENT FILL-ORIGIN LEVEL: 0
LLC AVERAGE MISS LATENCY:    140.652 cycles AVERAGE LOAD MISS LATENCY:    142.131 cycles Load Miss    3094761
LLC Average MSHR Occupancy:   0.453587
LLC RQ	ACCESS:    3632417	FORWARD:          0	MERGED:          0	TO_CACHE:    3632417
LLC WQ	ACCESS:     799674	FORWARD:          0	MERGED:          0	TO_CACHE:     799674

LLC Dense regions hint to LLC: 0

RAW hits: 254698
Loads Generated: 48030387
Loads sent to L1D: 47775686
Stores Generated: 7609177
Stores sent to L1D: 7609177
Major fault: 0 Minor fault: 28314
Allocated PAGES: 28314
================ LLC LRU Pollution Stats ================
Total pollution count in LLC: 0
=========================================================

DRAM Statistics
 CHANNEL 0
 RQ ROW_BUFFER_HIT:    1571779  ROW_BUFFER_MISS:    1801790
 DBUS_CONGESTED:        173
 WQ ROW_BUFFER_HIT:     143604  ROW_BUFFER_MISS:     571203  FULL:        223

 AVG_CONGESTED_CYCLE: 4
 All warmup complete: 2
Channel 0 Bank busy for read cycles: 0
Channel 0 Bank busy for write cycles: 0
Channel 0
Rank 0
0banks busy for read cycles: 661913252
0banks busy for write cycles: 540658
1banks busy for read cycles: 250666111
1banks busy for write cycles: 88693676
2banks busy for read cycles: 37688365
2banks busy for write cycles: 9528666
3banks busy for read cycles: 4244086
3banks busy for write cycles: 1570833
4banks busy for read cycles: 1024932
4banks busy for write cycles: 396038
5banks busy for read cycles: 326782
5banks busy for write cycles: 165262
6banks busy for read cycles: 110319
6banks busy for write cycles: 101415
7banks busy for read cycles: 64829
7banks busy for write cycles: 102986
8banks busy for read cycles: 409649
8banks busy for write cycles: 513964

CPU 0 Branch Prediction Accuracy: 87.5524% MPKI: 26.4578 Average ROB Occupancy at Mispredict: 1.30354
Branch types
NOT_BRANCH: 157489224 78.7446%
BRANCH_DIRECT_JUMP: 25669 0.0128345%
BRANCH_INDIRECT: 3 1.5e-06%
BRANCH_CONDITIONAL: 42484352 21.2422%
BRANCH_DIRECT_CALL: 335 0.0001675%
BRANCH_INDIRECT_CALL: 9 4.5e-06%
BRANCH_RETURN: 343 0.0001715%
BRANCH_OTHER: 0 0%

===================== LRU L1D STATS =====================
Total pollution count in L1D: 0
=========================================================
================ L2 LRU Pollution ================
Total pollution count in L2: 0
========================================================
DRAM PAGES: 1048576
Allocated PAGES: 28314
