
*** ChampSim Multicore Out-of-Order Simulator ***

Warmup Instructions: 200000000
Simulation Instructions: 200000000
Number of CPUs: 1
LLC sets: 4096
LLC ways: 12
Off-chip DRAM Size: 4096 MB Channels: 1 Width: 64-bit Data Rate: 6400 MT/s
CPU 0 runs /home1/sweta/traces/gaptraces/bfs-14.trace.gz
.gz
BTB has LRU replacement policy
ITLB has LRU replacement policy
DTLB has LRU replacement policy
STLB has LRU replacement policy
L1I has LRU replacement policy
L1D has LRU replacement policy
L2C has LRU replacement policy with pollution tracking
LLC has LRU replacement policy with pollution tracking
Heartbeat CPU 0 instructions: 10000006 cycles: 3252012 heartbeat IPC: 3.07502 cumulative IPC: 3.07502 (Simulation time: 0 hr 0 min 13 sec) 
Heartbeat CPU 0 instructions: 20000002 cycles: 6167348 heartbeat IPC: 3.43014 cumulative IPC: 3.24289 (Simulation time: 0 hr 0 min 30 sec) 
Heartbeat CPU 0 instructions: 30000000 cycles: 9054558 heartbeat IPC: 3.46355 cumulative IPC: 3.31325 (Simulation time: 0 hr 0 min 46 sec) 
Heartbeat CPU 0 instructions: 40000001 cycles: 11962631 heartbeat IPC: 3.4387 cumulative IPC: 3.34375 (Simulation time: 0 hr 1 min 3 sec) 
Heartbeat CPU 0 instructions: 50000002 cycles: 14931236 heartbeat IPC: 3.36859 cumulative IPC: 3.34868 (Simulation time: 0 hr 1 min 19 sec) 
Heartbeat CPU 0 instructions: 60000001 cycles: 18214228 heartbeat IPC: 3.046 cumulative IPC: 3.29413 (Simulation time: 0 hr 1 min 33 sec) 
Heartbeat CPU 0 instructions: 70000003 cycles: 22302783 heartbeat IPC: 2.44585 cumulative IPC: 3.13862 (Simulation time: 0 hr 1 min 42 sec) 
Heartbeat CPU 0 instructions: 80000001 cycles: 26016740 heartbeat IPC: 2.69255 cumulative IPC: 3.07494 (Simulation time: 0 hr 2 min 1 sec) 
Heartbeat CPU 0 instructions: 90000000 cycles: 29152113 heartbeat IPC: 3.18941 cumulative IPC: 3.08725 (Simulation time: 0 hr 2 min 14 sec) 
Heartbeat CPU 0 instructions: 100000000 cycles: 31970555 heartbeat IPC: 3.54806 cumulative IPC: 3.12788 (Simulation time: 0 hr 2 min 30 sec) 
Heartbeat CPU 0 instructions: 110000002 cycles: 34790265 heartbeat IPC: 3.54646 cumulative IPC: 3.1618 (Simulation time: 0 hr 2 min 48 sec) 
Heartbeat CPU 0 instructions: 120000004 cycles: 37762483 heartbeat IPC: 3.36449 cumulative IPC: 3.17776 (Simulation time: 0 hr 3 min 5 sec) 
Heartbeat CPU 0 instructions: 130000001 cycles: 40908315 heartbeat IPC: 3.17881 cumulative IPC: 3.17784 (Simulation time: 0 hr 3 min 19 sec) 
Heartbeat CPU 0 instructions: 140000001 cycles: 44739475 heartbeat IPC: 2.61018 cumulative IPC: 3.12923 (Simulation time: 0 hr 3 min 31 sec) 
Heartbeat CPU 0 instructions: 150000000 cycles: 48772686 heartbeat IPC: 2.47941 cumulative IPC: 3.07549 (Simulation time: 0 hr 3 min 50 sec) 
Heartbeat CPU 0 instructions: 160000003 cycles: 52025189 heartbeat IPC: 3.07456 cumulative IPC: 3.07543 (Simulation time: 0 hr 4 min 3 sec) 
Heartbeat CPU 0 instructions: 170000000 cycles: 54883828 heartbeat IPC: 3.49817 cumulative IPC: 3.09745 (Simulation time: 0 hr 4 min 20 sec) 
Heartbeat CPU 0 instructions: 180000000 cycles: 57716067 heartbeat IPC: 3.53078 cumulative IPC: 3.11872 (Simulation time: 0 hr 4 min 38 sec) 
Heartbeat CPU 0 instructions: 190000003 cycles: 60608621 heartbeat IPC: 3.45715 cumulative IPC: 3.13487 (Simulation time: 0 hr 4 min 54 sec) 
Heartbeat CPU 0 instructions: 200000002 cycles: 63660769 heartbeat IPC: 3.27638 cumulative IPC: 3.14165 (Simulation time: 0 hr 5 min 9 sec) 

Warmup complete CPU 0 instructions: 200000002 cycles: 63660769 (Simulation time: 0 hr 5 min 9 sec) 

Heartbeat CPU 0 instructions: 210000001 cycles: 115850468 heartbeat IPC: 0.191609 cumulative IPC: 0.191609 (Simulation time: 0 hr 5 min 35 sec) 
Heartbeat CPU 0 instructions: 220000001 cycles: 143926806 heartbeat IPC: 0.356172 cumulative IPC: 0.249171 (Simulation time: 0 hr 5 min 59 sec) 
Heartbeat CPU 0 instructions: 230000000 cycles: 182811200 heartbeat IPC: 0.257173 cumulative IPC: 0.251783 (Simulation time: 0 hr 6 min 25 sec) 
Heartbeat CPU 0 instructions: 240000000 cycles: 236346043 heartbeat IPC: 0.186794 cumulative IPC: 0.231635 (Simulation time: 0 hr 6 min 55 sec) 
Heartbeat CPU 0 instructions: 250000002 cycles: 298013547 heartbeat IPC: 0.16216 cumulative IPC: 0.213354 (Simulation time: 0 hr 7 min 28 sec) 
Heartbeat CPU 0 instructions: 260000007 cycles: 359586057 heartbeat IPC: 0.16241 cumulative IPC: 0.202754 (Simulation time: 0 hr 8 min 1 sec) 
Heartbeat CPU 0 instructions: 270000000 cycles: 437514181 heartbeat IPC: 0.128323 cumulative IPC: 0.187239 (Simulation time: 0 hr 8 min 31 sec) 
Heartbeat CPU 0 instructions: 280000004 cycles: 465646573 heartbeat IPC: 0.355462 cumulative IPC: 0.199012 (Simulation time: 0 hr 8 min 54 sec) 
Heartbeat CPU 0 instructions: 290000000 cycles: 502694710 heartbeat IPC: 0.269919 cumulative IPC: 0.204996 (Simulation time: 0 hr 9 min 27 sec) 
Heartbeat CPU 0 instructions: 300000002 cycles: 549059653 heartbeat IPC: 0.21568 cumulative IPC: 0.206016 (Simulation time: 0 hr 9 min 53 sec) 
Heartbeat CPU 0 instructions: 310000000 cycles: 619393768 heartbeat IPC: 0.142178 cumulative IPC: 0.197937 (Simulation time: 0 hr 10 min 25 sec) 
Heartbeat CPU 0 instructions: 320000001 cycles: 690229488 heartbeat IPC: 0.141172 cumulative IPC: 0.191519 (Simulation time: 0 hr 10 min 56 sec) 
Heartbeat CPU 0 instructions: 330000000 cycles: 765032234 heartbeat IPC: 0.133685 cumulative IPC: 0.185351 (Simulation time: 0 hr 11 min 27 sec) 
Heartbeat CPU 0 instructions: 340000002 cycles: 849398494 heartbeat IPC: 0.118531 cumulative IPC: 0.178177 (Simulation time: 0 hr 12 min 0 sec) 
Heartbeat CPU 0 instructions: 350000000 cycles: 906803088 heartbeat IPC: 0.174202 cumulative IPC: 0.177906 (Simulation time: 0 hr 12 min 25 sec) 
Heartbeat CPU 0 instructions: 360000000 cycles: 934633499 heartbeat IPC: 0.359319 cumulative IPC: 0.183703 (Simulation time: 0 hr 12 min 50 sec) 
Heartbeat CPU 0 instructions: 370000005 cycles: 971151266 heartbeat IPC: 0.273839 cumulative IPC: 0.18733 (Simulation time: 0 hr 13 min 18 sec) 
Heartbeat CPU 0 instructions: 380000001 cycles: 1019304868 heartbeat IPC: 0.207669 cumulative IPC: 0.188355 (Simulation time: 0 hr 13 min 46 sec) 
Heartbeat CPU 0 instructions: 390000004 cycles: 1067925190 heartbeat IPC: 0.205675 cumulative IPC: 0.189193 (Simulation time: 0 hr 14 min 16 sec) 
Heartbeat CPU 0 instructions: 400000002 cycles: 1116475255 heartbeat IPC: 0.205973 cumulative IPC: 0.189967 (Simulation time: 0 hr 14 min 47 sec) 
Finished CPU 0 instructions: 200000000 cycles: 1052814486 cumulative IPC: 0.189967 (Simulation time: 0 hr 14 min 47 sec) 

ChampSim completed all CPUs

Region of Interest Statistics

CPU 0 cumulative IPC: 0.189967 instructions: 200000000 cycles: 1052814486
ITLB TOTAL     ACCESS:   21396007  HIT:   21396007  MISS:          0  HIT %:        100  MISS %:          0   MPKI: 0
ITLB LOAD TRANSLATION ACCESS:   21396007  HIT:   21396007  MISS:          0  HIT %:        100  MISS %:          0   MPKI: 0
ITLB PREFETCH  REQUESTED:          0  ISSUED:          0  USEFUL:          0  USELESS:          0
ITLB USEFUL LOAD PREFETCHES:          0 PREFETCH ISSUED TO LOWER LEVEL:          0  ACCURACY: -nan
ITLB TIMELY PREFETCHES:          0 LATE PREFETCHES: 0 DROPPED PREFETCHES: 0
ITLB PREFETCHES SAME FILL-ORIGIN LEVEL: 0 DIFFERENT FILL-ORIGIN LEVEL: 0
ITLB AVERAGE MISS LATENCY:       -nan cycles AVERAGE LOAD MISS LATENCY:       -nan cycles Load Miss          0
ITLB Average MSHR Occupancy: 1.7097e-07
ITLB RQ	ACCESS:   28113135	FORWARD:          0	MERGED:    6717129	TO_CACHE:   21396006

DTLB TOTAL     ACCESS:   37396319  HIT:   37135712  MISS:     260607  HIT %:    99.3031  MISS %:   0.696879   MPKI: 1.30303
DTLB LOAD TRANSLATION ACCESS:   37396319  HIT:   37135712  MISS:     260607  HIT %:    99.3031  MISS %:   0.696879   MPKI: 1.30303
DTLB PREFETCH  REQUESTED:          0  ISSUED:          0  USEFUL:          0  USELESS:          0
DTLB USEFUL LOAD PREFETCHES:          0 PREFETCH ISSUED TO LOWER LEVEL:          0  ACCURACY: -nan
DTLB TIMELY PREFETCHES:          0 LATE PREFETCHES: 0 DROPPED PREFETCHES: 0
DTLB PREFETCHES SAME FILL-ORIGIN LEVEL: 0 DIFFERENT FILL-ORIGIN LEVEL: 0
DTLB AVERAGE MISS LATENCY:    51.8832 cycles AVERAGE LOAD MISS LATENCY:       -nan cycles Load Miss          0
DTLB Average MSHR Occupancy:  0.0130399
DTLB RQ	ACCESS:   40224931	FORWARD:          0	MERGED:    2816866	TO_CACHE:   37408065

STLB TOTAL     ACCESS:     260607  HIT:      95653  MISS:     164954  HIT %:    36.7039  MISS %:    63.2961   MPKI: 0.82477
STLB LOAD TRANSLATION ACCESS:     260607  HIT:      95653  MISS:     164954  HIT %:    36.7039  MISS %:    63.2961   MPKI: 0.82477
STLB PREFETCH  REQUESTED:          0  ISSUED:          0  USEFUL:          0  USELESS:          0
STLB USEFUL LOAD PREFETCHES:          0 PREFETCH ISSUED TO LOWER LEVEL:          0  ACCURACY: -nan
STLB TIMELY PREFETCHES:          0 LATE PREFETCHES: 0 DROPPED PREFETCHES: 0
STLB PREFETCHES SAME FILL-ORIGIN LEVEL: 0 DIFFERENT FILL-ORIGIN LEVEL: 0
STLB AVERAGE MISS LATENCY:    67.6866 cycles AVERAGE LOAD MISS LATENCY:       -nan cycles Load Miss          0
STLB Average MSHR Occupancy:  0.0107269
STLB RQ	ACCESS:     260607	FORWARD:          0	MERGED:          0	TO_CACHE:     260607

STLB Hit, L1D data hit: 0
STLB Hit, L2C data hit: 0
STLB Hit, LLC data hit: 0
STLB Hit, LLC data miss: 0
STLB STLB hints to L2: 0
L1D TOTAL     ACCESS:   38426061  HIT:   33071670  MISS:    5354391  HIT %:    86.0657  MISS %:    13.9343   MPKI: 26.772
L1D LOAD      ACCESS:   32283575  HIT:   27164714  MISS:    5118861  HIT %:    84.1441  MISS %:    15.8559   MPKI: 25.5943
L1D RFO       ACCESS:    6142486  HIT:    5906956  MISS:     235530  HIT %:    96.1656  MISS %:    3.83444   MPKI: 1.17765
L1D PREFETCH  REQUESTED:          0  ISSUED:          0  USEFUL:          0  USELESS:          0
L1D USEFUL LOAD PREFETCHES:          0 PREFETCH ISSUED TO LOWER LEVEL:          0  ACCURACY: -nan
L1D TIMELY PREFETCHES:          0 LATE PREFETCHES: 0 DROPPED PREFETCHES: 0
L1D PREFETCHES SAME FILL-ORIGIN LEVEL: 0 DIFFERENT FILL-ORIGIN LEVEL: 0
L1D AVERAGE MISS LATENCY:     124.02 cycles AVERAGE LOAD MISS LATENCY:     121.57 cycles Load Miss    5118861
L1D Average MSHR Occupancy:   0.638813
L1D RQ	ACCESS:   48075678	FORWARD:          0	MERGED:   14208281	TO_CACHE:   33855202
L1D WQ	ACCESS:    6457240	FORWARD:      12195	MERGED:      87511	TO_CACHE:    6369729

L1D UNIQUE REGIONS ACCESSED: 0
L1D REGIONS CONFLICTS: 0
L1D Cross Page Prefetch Requests: 0
L1D Same Page Prefetch Requests: 0
L1D ROI Sum of L1D PQ occupancy: 0
L1D PREFETCHES PUSHED FROM L2C: 0
L1I TOTAL     ACCESS:   26906138  HIT:        905  MISS:   26905233  HIT %: 0.00336354  MISS %:    99.9966   MPKI: 134.526
L1I LOAD      ACCESS:   26906138  HIT:        905  MISS:   26905233  HIT %: 0.00336354  MISS %:    99.9966   MPKI: 134.526
L1I PREFETCH  REQUESTED:          0  ISSUED:          0  USEFUL:          0  USELESS:          0
L1I USEFUL LOAD PREFETCHES:          0 PREFETCH ISSUED TO LOWER LEVEL:          0  ACCURACY: -nan
L1I TIMELY PREFETCHES:          0 LATE PREFETCHES: 0 DROPPED PREFETCHES: 0
L1I PREFETCHES SAME FILL-ORIGIN LEVEL: 0 DIFFERENT FILL-ORIGIN LEVEL: 0
L1I AVERAGE MISS LATENCY:    14.0089 cycles AVERAGE LOAD MISS LATENCY:    14.0089 cycles Load Miss   26905233
L1I Average MSHR Occupancy:   0.352357
L1I RQ	ACCESS:   57027351	FORWARD:          0	MERGED:   28914216	TO_CACHE:   28113135

BTB TOTAL     ACCESS:   41345031  HIT:   41344678  MISS:        353  HIT %:    99.9991  MISS %: 0.000853791   MPKI: 0.001765
BTB BRANCH_DIRECT_JUMP	ACCESS:      49023  HIT:      48977  MISS:         46
BTB BRANCH_INDIRECT	ACCESS:          3  HIT:          2  MISS:          1
BTB BRANCH_CONDITIONAL	ACCESS:   41295361  HIT:   41295258  MISS:        103
BTB BRANCH_DIRECT_CALL	ACCESS:        313  HIT:        269  MISS:         44
BTB BRANCH_INDIRECT_CALL	ACCESS:          9  HIT:          6  MISS:          3
BTB BRANCH_RETURN	ACCESS:        322  HIT:        166  MISS:        156
BTB BRANCH_OTHER ACCESS:          0  HIT:          0  MISS:          0

L2C TOTAL     ACCESS:   33020810  HIT:   29790766  MISS:    3230044  HIT %:    90.2182  MISS %:    9.78184   MPKI: 16.1502
L2C LOAD      ACCESS:   32024093  HIT:   29043896  MISS:    2980197  HIT %:    90.6939  MISS %:    9.30611   MPKI: 14.901
L2C DATA LOAD MPKI: 14.8958
L2C INSTRUCTION LOAD MPKI: 0.00514
L2C RFO       ACCESS:     235530  HIT:      13925  MISS:     221605  HIT %:     5.9122  MISS %:    94.0878   MPKI: 1.10803
L2C WRITEBACK ACCESS:     595288  HIT:     595279  MISS:          9  HIT %:    99.9985  MISS %: 0.00151187   MPKI: 4.5e-05
L2C LOAD TRANSLATION ACCESS:     165899  HIT:     137666  MISS:      28233  HIT %:    82.9818  MISS %:    17.0182   MPKI: 0.141165
L2C PREFETCH  REQUESTED:          0  ISSUED:          0  USEFUL:          0  USELESS:          0
L2C USEFUL LOAD PREFETCHES:          0 PREFETCH ISSUED TO LOWER LEVEL:          0  ACCURACY: -nan
L2C TIMELY PREFETCHES:          0 LATE PREFETCHES: 0 DROPPED PREFETCHES: 0
L2C PREFETCHES SAME FILL-ORIGIN LEVEL: 0 DIFFERENT FILL-ORIGIN LEVEL: 0
L2C AVERAGE MISS LATENCY:    182.631 cycles AVERAGE LOAD MISS LATENCY:    182.931 cycles Load Miss    2980197
L2C Average MSHR Occupancy:   0.560633
L2C RQ	ACCESS:   32425523	FORWARD:          0	MERGED:          0	TO_CACHE:   32425523
L2C WQ	ACCESS:     595288	FORWARD:          0	MERGED:          0	TO_CACHE:     595288

L2C Instructions Evicting Data 1003
L2C Translations Evicting Data 27929
L2C Data Evicting Data 3171892
L2C Instructions Evicting Instructions 0
L2C Translations Evicting Instructions 6
L2C Data Evicting Instructions 1022
L2C Instructions Evicting Translations 25
L2C Translations Evicting Translations 298
L2C Data Evicting Translations 27860
L2C Dense regions hint from L2: 0
PSCL5 TOTAL     ACCESS:     164954  HIT:     164954  MISS:          0  HIT %:        100  MISS %:          0   MPKI: 0
PSCL5 LOAD TRANSLATION ACCESS:     164954  HIT:     164954  MISS:          0  HIT %:        100  MISS %:          0   MPKI: 0
PSCL5 PREFETCH  REQUESTED:          0  ISSUED:          0  USEFUL:          0  USELESS:          0
PSCL5 USEFUL LOAD PREFETCHES:          0 PREFETCH ISSUED TO LOWER LEVEL:          0  ACCURACY: -nan
PSCL5 TIMELY PREFETCHES:          0 LATE PREFETCHES: 0 DROPPED PREFETCHES: 0
PSCL5 PREFETCHES SAME FILL-ORIGIN LEVEL: 0 DIFFERENT FILL-ORIGIN LEVEL: 0

PSCL4 TOTAL     ACCESS:     164954  HIT:     164954  MISS:          0  HIT %:        100  MISS %:          0   MPKI: 0
PSCL4 LOAD TRANSLATION ACCESS:     164954  HIT:     164954  MISS:          0  HIT %:        100  MISS %:          0   MPKI: 0
PSCL4 PREFETCH  REQUESTED:          0  ISSUED:          0  USEFUL:          0  USELESS:          0
PSCL4 USEFUL LOAD PREFETCHES:          0 PREFETCH ISSUED TO LOWER LEVEL:          0  ACCURACY: -nan
PSCL4 TIMELY PREFETCHES:          0 LATE PREFETCHES: 0 DROPPED PREFETCHES: 0
PSCL4 PREFETCHES SAME FILL-ORIGIN LEVEL: 0 DIFFERENT FILL-ORIGIN LEVEL: 0

PSCL3 TOTAL     ACCESS:     164954  HIT:     164954  MISS:          0  HIT %:        100  MISS %:          0   MPKI: 0
PSCL3 LOAD TRANSLATION ACCESS:     164954  HIT:     164954  MISS:          0  HIT %:        100  MISS %:          0   MPKI: 0
PSCL3 PREFETCH  REQUESTED:          0  ISSUED:          0  USEFUL:          0  USELESS:          0
PSCL3 USEFUL LOAD PREFETCHES:          0 PREFETCH ISSUED TO LOWER LEVEL:          0  ACCURACY: -nan
PSCL3 TIMELY PREFETCHES:          0 LATE PREFETCHES: 0 DROPPED PREFETCHES: 0
PSCL3 PREFETCHES SAME FILL-ORIGIN LEVEL: 0 DIFFERENT FILL-ORIGIN LEVEL: 0

PSCL2 TOTAL     ACCESS:     164954  HIT:     164008  MISS:        946  HIT %:    99.4265  MISS %:   0.573493   MPKI: 0.00473
PSCL2 LOAD TRANSLATION ACCESS:     164954  HIT:     164008  MISS:        946  HIT %:    99.4265  MISS %:   0.573493   MPKI: 0.00473
PSCL2 PREFETCH  REQUESTED:          0  ISSUED:          0  USEFUL:          0  USELESS:          0
PSCL2 USEFUL LOAD PREFETCHES:          0 PREFETCH ISSUED TO LOWER LEVEL:          0  ACCURACY: -nan
PSCL2 TIMELY PREFETCHES:          0 LATE PREFETCHES: 0 DROPPED PREFETCHES: 0
PSCL2 PREFETCHES SAME FILL-ORIGIN LEVEL: 0 DIFFERENT FILL-ORIGIN LEVEL: 0

LLC TOTAL     ACCESS:    3764065  HIT:     538993  MISS:    3225072  HIT %:    14.3194  MISS %:    85.6806   MPKI: 16.1254
LLC LOAD      ACCESS:    2980197  HIT:      23864  MISS:    2956333  HIT %:   0.800752  MISS %:    99.1992   MPKI: 14.7817
LLC RFO       ACCESS:     221605  HIT:       1353  MISS:     220252  HIT %:   0.610546  MISS %:    99.3895   MPKI: 1.10126
LLC WRITEBACK ACCESS:     534030  HIT:     513545  MISS:      20485  HIT %:    96.1641  MISS %:    3.83593   MPKI: 0.102425
LLC LOAD TRANSLATION ACCESS:      28233  HIT:        231  MISS:      28002  HIT %:   0.818191  MISS %:    99.1818   MPKI: 0.14001
LLC PREFETCH  REQUESTED:          0  ISSUED:          0  USEFUL:          0  USELESS:          0
LLC USEFUL LOAD PREFETCHES:          0 PREFETCH ISSUED TO LOWER LEVEL:          0  ACCURACY: -nan
LLC TIMELY PREFETCHES:          0 LATE PREFETCHES: 0 DROPPED PREFETCHES: 0
LLC PREFETCHES SAME FILL-ORIGIN LEVEL: 0 DIFFERENT FILL-ORIGIN LEVEL: 0
LLC AVERAGE MISS LATENCY:    137.841 cycles AVERAGE LOAD MISS LATENCY:    139.044 cycles Load Miss    2956333
LLC Average MSHR Occupancy:   0.419202
LLC RQ	ACCESS:    3230035	FORWARD:          0	MERGED:          0	TO_CACHE:    3230035
LLC WQ	ACCESS:     534030	FORWARD:          0	MERGED:          0	TO_CACHE:     534030

LLC Dense regions hint to LLC: 0

RAW hits: 101528
Loads Generated: 48177206
Loads sent to L1D: 48075678
Stores Generated: 6457240
Stores sent to L1D: 6457240
Major fault: 0 Minor fault: 27311
Allocated PAGES: 27311
================ LLC LRU Pollution Stats ================
Total pollution count in LLC: 0
=========================================================

DRAM Statistics
 CHANNEL 0
 RQ ROW_BUFFER_HIT:    1576607  ROW_BUFFER_MISS:    1627978
 DBUS_CONGESTED:        148
 WQ ROW_BUFFER_HIT:      84595  ROW_BUFFER_MISS:     440344  FULL:          0

 AVG_CONGESTED_CYCLE: 4
 All warmup complete: 2
Channel 0 Bank busy for read cycles: 0
Channel 0 Bank busy for write cycles: 0
Channel 0
Rank 0
0banks busy for read cycles: 696405094
0banks busy for write cycles: 450430
1banks busy for read cycles: 241447834
1banks busy for write cycles: 71846077
2banks busy for read cycles: 32666648
2banks busy for write cycles: 4225880
3banks busy for read cycles: 3296973
3banks busy for write cycles: 550738
4banks busy for read cycles: 906147
4banks busy for write cycles: 188551
5banks busy for read cycles: 245927
5banks busy for write cycles: 99402
6banks busy for read cycles: 62308
6banks busy for write cycles: 58938
7banks busy for read cycles: 25935
7banks busy for write cycles: 54182
8banks busy for read cycles: 120055
8banks busy for write cycles: 163368

CPU 0 Branch Prediction Accuracy: 87.3457% MPKI: 27.4173 Average ROB Occupancy at Mispredict: 1.13331
Branch types
NOT_BRANCH: 156667173 78.3336%
BRANCH_DIRECT_JUMP: 49023 0.0245115%
BRANCH_INDIRECT: 3 1.5e-06%
BRANCH_CONDITIONAL: 43283095 21.6415%
BRANCH_DIRECT_CALL: 313 0.0001565%
BRANCH_INDIRECT_CALL: 9 4.5e-06%
BRANCH_RETURN: 322 0.000161%
BRANCH_OTHER: 0 0%

===================== LRU L1D STATS =====================
Total pollution count in L1D: 0
=========================================================
================ L2 LRU Pollution ================
Total pollution count in L2: 0
========================================================
DRAM PAGES: 1048576
Allocated PAGES: 27311
