
*** ChampSim Multicore Out-of-Order Simulator ***

Warmup Instructions: 200000000
Simulation Instructions: 200000000
Number of CPUs: 1
LLC sets: 4096
LLC ways: 12
Off-chip DRAM Size: 4096 MB Channels: 1 Width: 64-bit Data Rate: 6400 MT/s
CPU 0 runs /home1/sweta/traces/gaptraces/cc-6.trace.gz
.gz
BTB has LRU replacement policy
ITLB has LRU replacement policy
DTLB has LRU replacement policy
STLB has LRU replacement policy
L1I has LRU replacement policy
L1D has LRU replacement policy
L2C has LRU replacement policy with pollution tracking
LLC has LRU replacement policy with pollution tracking
Heartbeat CPU 0 instructions: 10000000 cycles: 3063566 heartbeat IPC: 3.26417 cumulative IPC: 3.26417 (Simulation time: 0 hr 0 min 20 sec) 
Heartbeat CPU 0 instructions: 20000000 cycles: 6394347 heartbeat IPC: 3.0023 cumulative IPC: 3.12776 (Simulation time: 0 hr 0 min 39 sec) 
Heartbeat CPU 0 instructions: 30000001 cycles: 9773548 heartbeat IPC: 2.95928 cumulative IPC: 3.06951 (Simulation time: 0 hr 1 min 0 sec) 
Heartbeat CPU 0 instructions: 40000001 cycles: 13181056 heartbeat IPC: 2.9347 cumulative IPC: 3.03466 (Simulation time: 0 hr 1 min 24 sec) 
Heartbeat CPU 0 instructions: 50000002 cycles: 16594231 heartbeat IPC: 2.92982 cumulative IPC: 3.0131 (Simulation time: 0 hr 1 min 47 sec) 
Heartbeat CPU 0 instructions: 60000003 cycles: 20026546 heartbeat IPC: 2.91349 cumulative IPC: 2.99602 (Simulation time: 0 hr 2 min 11 sec) 
Heartbeat CPU 0 instructions: 70000004 cycles: 23455441 heartbeat IPC: 2.91639 cumulative IPC: 2.98438 (Simulation time: 0 hr 2 min 34 sec) 
Heartbeat CPU 0 instructions: 80000000 cycles: 26889153 heartbeat IPC: 2.9123 cumulative IPC: 2.97518 (Simulation time: 0 hr 2 min 58 sec) 
Heartbeat CPU 0 instructions: 90000000 cycles: 30334914 heartbeat IPC: 2.90212 cumulative IPC: 2.96688 (Simulation time: 0 hr 3 min 21 sec) 
Heartbeat CPU 0 instructions: 100000000 cycles: 33779273 heartbeat IPC: 2.9033 cumulative IPC: 2.9604 (Simulation time: 0 hr 3 min 45 sec) 
Heartbeat CPU 0 instructions: 110000003 cycles: 37228092 heartbeat IPC: 2.89954 cumulative IPC: 2.95476 (Simulation time: 0 hr 4 min 8 sec) 
Heartbeat CPU 0 instructions: 120000004 cycles: 40682274 heartbeat IPC: 2.89504 cumulative IPC: 2.94969 (Simulation time: 0 hr 4 min 31 sec) 
Heartbeat CPU 0 instructions: 130000001 cycles: 44137656 heartbeat IPC: 2.89404 cumulative IPC: 2.94533 (Simulation time: 0 hr 4 min 54 sec) 
Heartbeat CPU 0 instructions: 140000002 cycles: 47591336 heartbeat IPC: 2.89546 cumulative IPC: 2.94171 (Simulation time: 0 hr 5 min 18 sec) 
Heartbeat CPU 0 instructions: 150000000 cycles: 51051092 heartbeat IPC: 2.89038 cumulative IPC: 2.93823 (Simulation time: 0 hr 5 min 41 sec) 
Heartbeat CPU 0 instructions: 160000001 cycles: 54503499 heartbeat IPC: 2.89653 cumulative IPC: 2.93559 (Simulation time: 0 hr 6 min 4 sec) 
Heartbeat CPU 0 instructions: 170000002 cycles: 57958167 heartbeat IPC: 2.89463 cumulative IPC: 2.93315 (Simulation time: 0 hr 6 min 27 sec) 
Heartbeat CPU 0 instructions: 180000000 cycles: 61417896 heartbeat IPC: 2.8904 cumulative IPC: 2.93074 (Simulation time: 0 hr 6 min 51 sec) 
Heartbeat CPU 0 instructions: 190000007 cycles: 64874080 heartbeat IPC: 2.89337 cumulative IPC: 2.92875 (Simulation time: 0 hr 7 min 15 sec) 
Heartbeat CPU 0 instructions: 200000001 cycles: 68332441 heartbeat IPC: 2.89154 cumulative IPC: 2.92687 (Simulation time: 0 hr 7 min 39 sec) 

Warmup complete CPU 0 instructions: 200000001 cycles: 68332441 (Simulation time: 0 hr 7 min 39 sec) 

Heartbeat CPU 0 instructions: 210000002 cycles: 123305909 heartbeat IPC: 0.181906 cumulative IPC: 0.181906 (Simulation time: 0 hr 8 min 21 sec) 
Heartbeat CPU 0 instructions: 220000002 cycles: 179011263 heartbeat IPC: 0.179516 cumulative IPC: 0.180703 (Simulation time: 0 hr 9 min 3 sec) 
Heartbeat CPU 0 instructions: 230000004 cycles: 234660572 heartbeat IPC: 0.179697 cumulative IPC: 0.180366 (Simulation time: 0 hr 9 min 46 sec) 
Heartbeat CPU 0 instructions: 240000001 cycles: 293974583 heartbeat IPC: 0.168594 cumulative IPC: 0.177272 (Simulation time: 0 hr 10 min 27 sec) 
Heartbeat CPU 0 instructions: 250000000 cycles: 352777259 heartbeat IPC: 0.17006 cumulative IPC: 0.175781 (Simulation time: 0 hr 11 min 8 sec) 
Heartbeat CPU 0 instructions: 260000003 cycles: 409887881 heartbeat IPC: 0.175099 cumulative IPC: 0.175667 (Simulation time: 0 hr 11 min 51 sec) 
Heartbeat CPU 0 instructions: 270000000 cycles: 466935897 heartbeat IPC: 0.175291 cumulative IPC: 0.175613 (Simulation time: 0 hr 12 min 33 sec) 
Heartbeat CPU 0 instructions: 280000000 cycles: 522439900 heartbeat IPC: 0.180167 cumulative IPC: 0.17617 (Simulation time: 0 hr 13 min 15 sec) 
Heartbeat CPU 0 instructions: 290000004 cycles: 575617702 heartbeat IPC: 0.188048 cumulative IPC: 0.177415 (Simulation time: 0 hr 13 min 59 sec) 
Heartbeat CPU 0 instructions: 300000000 cycles: 631420933 heartbeat IPC: 0.179201 cumulative IPC: 0.177592 (Simulation time: 0 hr 14 min 41 sec) 
Heartbeat CPU 0 instructions: 310000001 cycles: 686577446 heartbeat IPC: 0.181302 cumulative IPC: 0.177923 (Simulation time: 0 hr 15 min 24 sec) 
Heartbeat CPU 0 instructions: 320000002 cycles: 742701836 heartbeat IPC: 0.178176 cumulative IPC: 0.177944 (Simulation time: 0 hr 16 min 5 sec) 
Heartbeat CPU 0 instructions: 330000002 cycles: 799537669 heartbeat IPC: 0.175945 cumulative IPC: 0.177789 (Simulation time: 0 hr 16 min 47 sec) 
Heartbeat CPU 0 instructions: 340000003 cycles: 855136084 heartbeat IPC: 0.179861 cumulative IPC: 0.177935 (Simulation time: 0 hr 17 min 28 sec) 
Heartbeat CPU 0 instructions: 350000000 cycles: 912462046 heartbeat IPC: 0.174441 cumulative IPC: 0.177698 (Simulation time: 0 hr 18 min 8 sec) 
Heartbeat CPU 0 instructions: 360000000 cycles: 968069612 heartbeat IPC: 0.179832 cumulative IPC: 0.17783 (Simulation time: 0 hr 18 min 50 sec) 
Heartbeat CPU 0 instructions: 370000000 cycles: 1024051622 heartbeat IPC: 0.178629 cumulative IPC: 0.177877 (Simulation time: 0 hr 19 min 26 sec) 
Heartbeat CPU 0 instructions: 380000000 cycles: 1079268310 heartbeat IPC: 0.181105 cumulative IPC: 0.178053 (Simulation time: 0 hr 20 min 4 sec) 
Heartbeat CPU 0 instructions: 390000002 cycles: 1135401793 heartbeat IPC: 0.178147 cumulative IPC: 0.178058 (Simulation time: 0 hr 20 min 40 sec) 
Heartbeat CPU 0 instructions: 400000006 cycles: 1190911459 heartbeat IPC: 0.180149 cumulative IPC: 0.178161 (Simulation time: 0 hr 21 min 17 sec) 
Finished CPU 0 instructions: 200000005 cycles: 1122579018 cumulative IPC: 0.178161 (Simulation time: 0 hr 21 min 17 sec) 

ChampSim completed all CPUs

Region of Interest Statistics

CPU 0 cumulative IPC: 0.178161 instructions: 200000005 cycles: 1122579018
ITLB TOTAL     ACCESS:   18776451  HIT:   18776451  MISS:          0  HIT %:        100  MISS %:          0   MPKI: 0
ITLB LOAD TRANSLATION ACCESS:   18776451  HIT:   18776451  MISS:          0  HIT %:        100  MISS %:          0   MPKI: 0
ITLB PREFETCH  REQUESTED:          0  ISSUED:          0  USEFUL:          0  USELESS:          0
ITLB USEFUL LOAD PREFETCHES:          0 PREFETCH ISSUED TO LOWER LEVEL:          0  ACCURACY: -nan
ITLB TIMELY PREFETCHES:          0 LATE PREFETCHES: 0 DROPPED PREFETCHES: 0
ITLB PREFETCHES SAME FILL-ORIGIN LEVEL: 0 DIFFERENT FILL-ORIGIN LEVEL: 0
ITLB AVERAGE MISS LATENCY:       -nan cycles AVERAGE LOAD MISS LATENCY:       -nan cycles Load Miss          0
ITLB Average MSHR Occupancy: 1.73707e-07
ITLB RQ	ACCESS:   24404677	FORWARD:          0	MERGED:    5628227	TO_CACHE:   18776450

DTLB TOTAL     ACCESS:   39113629  HIT:   28296408  MISS:   10817221  HIT %:    72.3441  MISS %:    27.6559   MPKI: 54.0861
DTLB LOAD TRANSLATION ACCESS:   39113629  HIT:   28296408  MISS:   10817221  HIT %:    72.3441  MISS %:    27.6559   MPKI: 54.0861
DTLB PREFETCH  REQUESTED:          0  ISSUED:          0  USEFUL:          0  USELESS:          0
DTLB USEFUL LOAD PREFETCHES:          0 PREFETCH ISSUED TO LOWER LEVEL:          0  ACCURACY: -nan
DTLB TIMELY PREFETCHES:          0 LATE PREFETCHES: 0 DROPPED PREFETCHES: 0
DTLB PREFETCHES SAME FILL-ORIGIN LEVEL: 0 DIFFERENT FILL-ORIGIN LEVEL: 0
DTLB AVERAGE MISS LATENCY:    9.81067 cycles AVERAGE LOAD MISS LATENCY:       -nan cycles Load Miss          0
DTLB Average MSHR Occupancy:  0.0834075
DTLB RQ	ACCESS:   41858370	FORWARD:          0	MERGED:    2689235	TO_CACHE:   39169135

STLB TOTAL     ACCESS:   10817221  HIT:   10800862  MISS:      16359  HIT %:    99.8488  MISS %:   0.151231   MPKI: 0.081795
STLB LOAD TRANSLATION ACCESS:   10817221  HIT:   10800862  MISS:      16359  HIT %:    99.8488  MISS %:   0.151231   MPKI: 0.081795
STLB PREFETCH  REQUESTED:          0  ISSUED:          0  USEFUL:          0  USELESS:          0
STLB USEFUL LOAD PREFETCHES:          0 PREFETCH ISSUED TO LOWER LEVEL:          0  ACCURACY: -nan
STLB TIMELY PREFETCHES:          0 LATE PREFETCHES: 0 DROPPED PREFETCHES: 0
STLB PREFETCHES SAME FILL-ORIGIN LEVEL: 0 DIFFERENT FILL-ORIGIN LEVEL: 0
STLB AVERAGE MISS LATENCY:    140.372 cycles AVERAGE LOAD MISS LATENCY:       -nan cycles Load Miss          0
STLB Average MSHR Occupancy: 0.000610172
STLB RQ	ACCESS:   10817222	FORWARD:          0	MERGED:          0	TO_CACHE:   10817222

STLB Hit, L1D data hit: 0
STLB Hit, L2C data hit: 0
STLB Hit, LLC data hit: 0
STLB Hit, LLC data miss: 0
STLB STLB hints to L2: 0
L1D TOTAL     ACCESS:   40459812  HIT:   23815666  MISS:   16644146  HIT %:    58.8625  MISS %:    41.1375   MPKI: 83.2207
L1D LOAD      ACCESS:   40405030  HIT:   23760884  MISS:   16644146  HIT %:    58.8067  MISS %:    41.1933   MPKI: 83.2207
L1D RFO       ACCESS:      54782  HIT:      54782  MISS:          0  HIT %:        100  MISS %:          0   MPKI: 0
L1D PREFETCH  REQUESTED:          0  ISSUED:          0  USEFUL:          0  USELESS:          0
L1D USEFUL LOAD PREFETCHES:          0 PREFETCH ISSUED TO LOWER LEVEL:          0  ACCURACY: -nan
L1D TIMELY PREFETCHES:          0 LATE PREFETCHES: 0 DROPPED PREFETCHES: 0
L1D PREFETCHES SAME FILL-ORIGIN LEVEL: 0 DIFFERENT FILL-ORIGIN LEVEL: 0
L1D AVERAGE MISS LATENCY:     61.572 cycles AVERAGE LOAD MISS LATENCY:     61.572 cycles Load Miss   16644146
L1D Average MSHR Occupancy:   0.917829
L1D RQ	ACCESS:   58289876	FORWARD:          0	MERGED:   16486287	TO_CACHE:   41803588
L1D WQ	ACCESS:      54782	FORWARD:          1	MERGED:          0	TO_CACHE:      54782

L1D UNIQUE REGIONS ACCESSED: 0
L1D REGIONS CONFLICTS: 0
L1D Cross Page Prefetch Requests: 0
L1D Same Page Prefetch Requests: 0
L1D ROI Sum of L1D PQ occupancy: 0
L1D PREFETCHES PUSHED FROM L2C: 0
L1I TOTAL     ACCESS:   21828683  HIT:          0  MISS:   21828683  HIT %:          0  MISS %:        100   MPKI: 109.143
L1I LOAD      ACCESS:   21828683  HIT:          0  MISS:   21828683  HIT %:          0  MISS %:        100   MPKI: 109.143
L1I PREFETCH  REQUESTED:          0  ISSUED:          0  USEFUL:          0  USELESS:          0
L1I USEFUL LOAD PREFETCHES:          0 PREFETCH ISSUED TO LOWER LEVEL:          0  ACCURACY: -nan
L1I TIMELY PREFETCHES:          0 LATE PREFETCHES: 0 DROPPED PREFETCHES: 0
L1I PREFETCHES SAME FILL-ORIGIN LEVEL: 0 DIFFERENT FILL-ORIGIN LEVEL: 0
L1I AVERAGE MISS LATENCY:    14.0326 cycles AVERAGE LOAD MISS LATENCY:    14.0326 cycles Load Miss   21828683
L1I Average MSHR Occupancy:   0.266056
L1I RQ	ACCESS:   54027985	FORWARD:          0	MERGED:   29623308	TO_CACHE:   24404677

BTB TOTAL     ACCESS:   41859974  HIT:   41859969  MISS:          5  HIT %:        100  MISS %: 1.19446e-05   MPKI: 2.5e-05
BTB BRANCH_DIRECT_JUMP	ACCESS:          0  HIT:          0  MISS:          0
BTB BRANCH_INDIRECT	ACCESS:          0  HIT:          0  MISS:          0
BTB BRANCH_CONDITIONAL	ACCESS:   41859974  HIT:   41859969  MISS:          5
BTB BRANCH_DIRECT_CALL	ACCESS:          0  HIT:          0  MISS:          0
BTB BRANCH_INDIRECT_CALL	ACCESS:          0  HIT:          0  MISS:          0
BTB BRANCH_RETURN	ACCESS:          0  HIT:          0  MISS:          0
BTB BRANCH_OTHER ACCESS:          0  HIT:          0  MISS:          0

L2C TOTAL     ACCESS:   38535963  HIT:   33475524  MISS:    5060439  HIT %:    86.8683  MISS %:    13.1317   MPKI: 25.3022
L2C LOAD      ACCESS:   38472828  HIT:   33414473  MISS:    5058355  HIT %:    86.8521  MISS %:    13.1479   MPKI: 25.2918
L2C DATA LOAD MPKI: 25.2918
L2C INSTRUCTION LOAD MPKI: 5e-06
L2C WRITEBACK ACCESS:      46775  HIT:      46774  MISS:          1  HIT %:    99.9979  MISS %: 0.00213789   MPKI: 5e-06
L2C LOAD TRANSLATION ACCESS:      16360  HIT:      14277  MISS:       2083  HIT %:    87.2677  MISS %:    12.7323   MPKI: 0.010415
L2C PREFETCH  REQUESTED:          0  ISSUED:          0  USEFUL:          0  USELESS:          0
L2C USEFUL LOAD PREFETCHES:          0 PREFETCH ISSUED TO LOWER LEVEL:          0  ACCURACY: -nan
L2C TIMELY PREFETCHES:          0 LATE PREFETCHES: 0 DROPPED PREFETCHES: 0
L2C PREFETCHES SAME FILL-ORIGIN LEVEL: 0 DIFFERENT FILL-ORIGIN LEVEL: 0
L2C AVERAGE MISS LATENCY:    152.337 cycles AVERAGE LOAD MISS LATENCY:    152.305 cycles Load Miss    5058355
L2C Average MSHR Occupancy:   0.684551
L2C RQ	ACCESS:   38489188	FORWARD:          0	MERGED:          0	TO_CACHE:   38489188
L2C WQ	ACCESS:      46775	FORWARD:          0	MERGED:          0	TO_CACHE:      46775

L2C Instructions Evicting Data 1
L2C Translations Evicting Data 2083
L2C Data Evicting Data 5056270
L2C Instructions Evicting Instructions 0
L2C Translations Evicting Instructions 0
L2C Data Evicting Instructions 1
L2C Instructions Evicting Translations 0
L2C Translations Evicting Translations 0
L2C Data Evicting Translations 2083
L2C Dense regions hint from L2: 0
PSCL5 TOTAL     ACCESS:      16359  HIT:      16359  MISS:          0  HIT %:        100  MISS %:          0   MPKI: 0
PSCL5 LOAD TRANSLATION ACCESS:      16359  HIT:      16359  MISS:          0  HIT %:        100  MISS %:          0   MPKI: 0
PSCL5 PREFETCH  REQUESTED:          0  ISSUED:          0  USEFUL:          0  USELESS:          0
PSCL5 USEFUL LOAD PREFETCHES:          0 PREFETCH ISSUED TO LOWER LEVEL:          0  ACCURACY: -nan
PSCL5 TIMELY PREFETCHES:          0 LATE PREFETCHES: 0 DROPPED PREFETCHES: 0
PSCL5 PREFETCHES SAME FILL-ORIGIN LEVEL: 0 DIFFERENT FILL-ORIGIN LEVEL: 0

PSCL4 TOTAL     ACCESS:      16359  HIT:      16359  MISS:          0  HIT %:        100  MISS %:          0   MPKI: 0
PSCL4 LOAD TRANSLATION ACCESS:      16359  HIT:      16359  MISS:          0  HIT %:        100  MISS %:          0   MPKI: 0
PSCL4 PREFETCH  REQUESTED:          0  ISSUED:          0  USEFUL:          0  USELESS:          0
PSCL4 USEFUL LOAD PREFETCHES:          0 PREFETCH ISSUED TO LOWER LEVEL:          0  ACCURACY: -nan
PSCL4 TIMELY PREFETCHES:          0 LATE PREFETCHES: 0 DROPPED PREFETCHES: 0
PSCL4 PREFETCHES SAME FILL-ORIGIN LEVEL: 0 DIFFERENT FILL-ORIGIN LEVEL: 0

PSCL3 TOTAL     ACCESS:      16359  HIT:      16359  MISS:          0  HIT %:        100  MISS %:          0   MPKI: 0
PSCL3 LOAD TRANSLATION ACCESS:      16359  HIT:      16359  MISS:          0  HIT %:        100  MISS %:          0   MPKI: 0
PSCL3 PREFETCH  REQUESTED:          0  ISSUED:          0  USEFUL:          0  USELESS:          0
PSCL3 USEFUL LOAD PREFETCHES:          0 PREFETCH ISSUED TO LOWER LEVEL:          0  ACCURACY: -nan
PSCL3 TIMELY PREFETCHES:          0 LATE PREFETCHES: 0 DROPPED PREFETCHES: 0
PSCL3 PREFETCHES SAME FILL-ORIGIN LEVEL: 0 DIFFERENT FILL-ORIGIN LEVEL: 0

PSCL2 TOTAL     ACCESS:      16359  HIT:      16327  MISS:         32  HIT %:    99.8044  MISS %:   0.195611   MPKI: 0.00016
PSCL2 LOAD TRANSLATION ACCESS:      16359  HIT:      16327  MISS:         32  HIT %:    99.8044  MISS %:   0.195611   MPKI: 0.00016
PSCL2 PREFETCH  REQUESTED:          0  ISSUED:          0  USEFUL:          0  USELESS:          0
PSCL2 USEFUL LOAD PREFETCHES:          0 PREFETCH ISSUED TO LOWER LEVEL:          0  ACCURACY: -nan
PSCL2 TIMELY PREFETCHES:          0 LATE PREFETCHES: 0 DROPPED PREFETCHES: 0
PSCL2 PREFETCHES SAME FILL-ORIGIN LEVEL: 0 DIFFERENT FILL-ORIGIN LEVEL: 0

LLC TOTAL     ACCESS:    5107439  HIT:    1977145  MISS:    3130294  HIT %:    38.7111  MISS %:    61.2889   MPKI: 15.6515
LLC LOAD      ACCESS:    5058355  HIT:    1940156  MISS:    3118199  HIT %:    38.3555  MISS %:    61.6445   MPKI: 15.591
LLC WRITEBACK ACCESS:      47001  HIT:      36984  MISS:      10017  HIT %:    78.6877  MISS %:    21.3123   MPKI: 0.050085
LLC LOAD TRANSLATION ACCESS:       2083  HIT:          5  MISS:       2078  HIT %:   0.240038  MISS %:      99.76   MPKI: 0.01039
LLC PREFETCH  REQUESTED:          0  ISSUED:          0  USEFUL:          0  USELESS:          0
LLC USEFUL LOAD PREFETCHES:          0 PREFETCH ISSUED TO LOWER LEVEL:          0  ACCURACY: -nan
LLC TIMELY PREFETCHES:          0 LATE PREFETCHES: 0 DROPPED PREFETCHES: 0
LLC PREFETCHES SAME FILL-ORIGIN LEVEL: 0 DIFFERENT FILL-ORIGIN LEVEL: 0
LLC AVERAGE MISS LATENCY:    173.484 cycles AVERAGE LOAD MISS LATENCY:    174.033 cycles Load Miss    3118199
LLC Average MSHR Occupancy:   0.480978
LLC RQ	ACCESS:    5060439	FORWARD:          0	MERGED:          0	TO_CACHE:    5060439
LLC WQ	ACCESS:      47001	FORWARD:          0	MERGED:          0	TO_CACHE:      47001

LLC Dense regions hint to LLC: 0

RAW hits: 39
Loads Generated: 58289918
Loads sent to L1D: 58289876
Stores Generated: 54782
Stores sent to L1D: 54782
Major fault: 0 Minor fault: 33218
Allocated PAGES: 33218
================ LLC LRU Pollution Stats ================
Total pollution count in LLC: 0
=========================================================

DRAM Statistics
 CHANNEL 0
 RQ ROW_BUFFER_HIT:     461602  ROW_BUFFER_MISS:    2658675
 DBUS_CONGESTED:         24
 WQ ROW_BUFFER_HIT:      10431  ROW_BUFFER_MISS:      37163  FULL:          0

 AVG_CONGESTED_CYCLE: 5
 All warmup complete: 2
Channel 0 Bank busy for read cycles: 0
Channel 0 Bank busy for write cycles: 0
Channel 0
Rank 0
0banks busy for read cycles: 756663068
0banks busy for write cycles: 46718
1banks busy for read cycles: 302953956
1banks busy for write cycles: 8113405
2banks busy for read cycles: 46354716
2banks busy for write cycles: 87954
3banks busy for read cycles: 7317520
3banks busy for write cycles: 624
4banks busy for read cycles: 944422
4banks busy for write cycles: 16
5banks busy for read cycles: 91886
5banks busy for write cycles: 0
6banks busy for read cycles: 4582
6banks busy for write cycles: 0
7banks busy for read cycles: 152
7banks busy for write cycles: 0
8banks busy for read cycles: 0
8banks busy for write cycles: 0

CPU 0 Branch Prediction Accuracy: 88.3761% MPKI: 24.4453 Average ROB Occupancy at Mispredict: 5.11772
Branch types
NOT_BRANCH: 157939766 78.9699%
BRANCH_DIRECT_JUMP: 0 0%
BRANCH_INDIRECT: 0 0%
BRANCH_CONDITIONAL: 42060460 21.0302%
BRANCH_DIRECT_CALL: 0 0%
BRANCH_INDIRECT_CALL: 0 0%
BRANCH_RETURN: 0 0%
BRANCH_OTHER: 0 0%

===================== LRU L1D STATS =====================
Total pollution count in L1D: 0
=========================================================
================ L2 LRU Pollution ================
Total pollution count in L2: 0
========================================================
DRAM PAGES: 1048576
Allocated PAGES: 33218
