
*** ChampSim Multicore Out-of-Order Simulator ***

Warmup Instructions: 200000000
Simulation Instructions: 200000000
Number of CPUs: 1
LLC sets: 4096
LLC ways: 12
Off-chip DRAM Size: 4096 MB Channels: 1 Width: 64-bit Data Rate: 6400 MT/s
CPU 0 runs /home1/sweta/traces/gaptraces/pr-14.trace.gz
.gz
BTB has LRU replacement policy
ITLB has LRU replacement policy
DTLB has LRU replacement policy
STLB has LRU replacement policy
L1I has LRU replacement policy
L1D has LRU replacement policy
L2C has LRU replacement policy with pollution tracking
LLC has LRU replacement policy with pollution tracking
Heartbeat CPU 0 instructions: 10000007 cycles: 2500113 heartbeat IPC: 3.99982 cumulative IPC: 3.99982 (Simulation time: 0 hr 0 min 14 sec) 
Heartbeat CPU 0 instructions: 20000002 cycles: 7883678 heartbeat IPC: 1.8575 cumulative IPC: 2.53689 (Simulation time: 0 hr 0 min 57 sec) 
Heartbeat CPU 0 instructions: 30000004 cycles: 13758881 heartbeat IPC: 1.70207 cumulative IPC: 2.18041 (Simulation time: 0 hr 1 min 50 sec) 
Heartbeat CPU 0 instructions: 40000004 cycles: 19618571 heartbeat IPC: 1.70657 cumulative IPC: 2.03888 (Simulation time: 0 hr 2 min 42 sec) 
Heartbeat CPU 0 instructions: 50000000 cycles: 25480153 heartbeat IPC: 1.70602 cumulative IPC: 1.96231 (Simulation time: 0 hr 3 min 32 sec) 
Heartbeat CPU 0 instructions: 60000001 cycles: 31342610 heartbeat IPC: 1.70577 cumulative IPC: 1.91433 (Simulation time: 0 hr 4 min 22 sec) 
Heartbeat CPU 0 instructions: 70000001 cycles: 37213894 heartbeat IPC: 1.7032 cumulative IPC: 1.88102 (Simulation time: 0 hr 5 min 12 sec) 
Heartbeat CPU 0 instructions: 80000002 cycles: 43101843 heartbeat IPC: 1.69838 cumulative IPC: 1.85607 (Simulation time: 0 hr 6 min 4 sec) 
Heartbeat CPU 0 instructions: 90000000 cycles: 48981321 heartbeat IPC: 1.70083 cumulative IPC: 1.83744 (Simulation time: 0 hr 6 min 54 sec) 
Heartbeat CPU 0 instructions: 100000004 cycles: 54847550 heartbeat IPC: 1.70467 cumulative IPC: 1.82324 (Simulation time: 0 hr 7 min 44 sec) 
Heartbeat CPU 0 instructions: 110000001 cycles: 60732883 heartbeat IPC: 1.69914 cumulative IPC: 1.81121 (Simulation time: 0 hr 8 min 34 sec) 
Heartbeat CPU 0 instructions: 120000002 cycles: 66603324 heartbeat IPC: 1.70345 cumulative IPC: 1.80171 (Simulation time: 0 hr 9 min 24 sec) 
Heartbeat CPU 0 instructions: 130000000 cycles: 72481720 heartbeat IPC: 1.70114 cumulative IPC: 1.79356 (Simulation time: 0 hr 10 min 14 sec) 
Heartbeat CPU 0 instructions: 140000003 cycles: 78345092 heartbeat IPC: 1.7055 cumulative IPC: 1.78697 (Simulation time: 0 hr 11 min 0 sec) 
Heartbeat CPU 0 instructions: 150000001 cycles: 84222287 heartbeat IPC: 1.70149 cumulative IPC: 1.781 (Simulation time: 0 hr 11 min 41 sec) 
Heartbeat CPU 0 instructions: 160000002 cycles: 90084564 heartbeat IPC: 1.70582 cumulative IPC: 1.77611 (Simulation time: 0 hr 12 min 21 sec) 
Heartbeat CPU 0 instructions: 170000004 cycles: 95977174 heartbeat IPC: 1.69704 cumulative IPC: 1.77125 (Simulation time: 0 hr 12 min 59 sec) 
Heartbeat CPU 0 instructions: 180000000 cycles: 101847114 heartbeat IPC: 1.70359 cumulative IPC: 1.76735 (Simulation time: 0 hr 13 min 40 sec) 
Heartbeat CPU 0 instructions: 190000002 cycles: 106700823 heartbeat IPC: 2.06028 cumulative IPC: 1.78068 (Simulation time: 0 hr 14 min 12 sec) 
Heartbeat CPU 0 instructions: 200000003 cycles: 109712242 heartbeat IPC: 3.32069 cumulative IPC: 1.82295 (Simulation time: 0 hr 14 min 28 sec) 

Warmup complete CPU 0 instructions: 200000003 cycles: 109712242 (Simulation time: 0 hr 14 min 28 sec) 

Heartbeat CPU 0 instructions: 210000002 cycles: 246811564 heartbeat IPC: 0.0729398 cumulative IPC: 0.0729398 (Simulation time: 0 hr 16 min 34 sec) 
Heartbeat CPU 0 instructions: 220000003 cycles: 383979417 heartbeat IPC: 0.0729034 cumulative IPC: 0.0729216 (Simulation time: 0 hr 18 min 41 sec) 
Heartbeat CPU 0 instructions: 230000001 cycles: 520872130 heartbeat IPC: 0.0730499 cumulative IPC: 0.0729643 (Simulation time: 0 hr 20 min 47 sec) 
Heartbeat CPU 0 instructions: 240000003 cycles: 657896239 heartbeat IPC: 0.0729799 cumulative IPC: 0.0729682 (Simulation time: 0 hr 22 min 52 sec) 
Heartbeat CPU 0 instructions: 250000004 cycles: 794474386 heartbeat IPC: 0.0732182 cumulative IPC: 0.0730181 (Simulation time: 0 hr 24 min 55 sec) 
Heartbeat CPU 0 instructions: 260000004 cycles: 931858807 heartbeat IPC: 0.0727885 cumulative IPC: 0.0729797 (Simulation time: 0 hr 26 min 59 sec) 
Heartbeat CPU 0 instructions: 270000000 cycles: 1068927262 heartbeat IPC: 0.0729562 cumulative IPC: 0.0729763 (Simulation time: 0 hr 29 min 2 sec) 
Heartbeat CPU 0 instructions: 280000002 cycles: 1206353266 heartbeat IPC: 0.0727664 cumulative IPC: 0.07295 (Simulation time: 0 hr 31 min 6 sec) 
Heartbeat CPU 0 instructions: 290000002 cycles: 1343467019 heartbeat IPC: 0.0729321 cumulative IPC: 0.072948 (Simulation time: 0 hr 33 min 9 sec) 
Heartbeat CPU 0 instructions: 300000001 cycles: 1480319901 heartbeat IPC: 0.0730712 cumulative IPC: 0.0729603 (Simulation time: 0 hr 35 min 12 sec) 
Heartbeat CPU 0 instructions: 310000000 cycles: 1616991804 heartbeat IPC: 0.0731679 cumulative IPC: 0.0729792 (Simulation time: 0 hr 37 min 15 sec) 
Heartbeat CPU 0 instructions: 320000001 cycles: 1754897994 heartbeat IPC: 0.0725131 cumulative IPC: 0.0729401 (Simulation time: 0 hr 39 min 18 sec) 
Heartbeat CPU 0 instructions: 330000000 cycles: 1892268427 heartbeat IPC: 0.0727959 cumulative IPC: 0.072929 (Simulation time: 0 hr 41 min 21 sec) 
Heartbeat CPU 0 instructions: 340000004 cycles: 2028714218 heartbeat IPC: 0.0732892 cumulative IPC: 0.0729546 (Simulation time: 0 hr 43 min 23 sec) 
Heartbeat CPU 0 instructions: 350000004 cycles: 2166141657 heartbeat IPC: 0.0727657 cumulative IPC: 0.072942 (Simulation time: 0 hr 45 min 27 sec) 
Heartbeat CPU 0 instructions: 360000000 cycles: 2302311451 heartbeat IPC: 0.0734377 cumulative IPC: 0.0729728 (Simulation time: 0 hr 47 min 28 sec) 
Heartbeat CPU 0 instructions: 370000003 cycles: 2438629557 heartbeat IPC: 0.0733579 cumulative IPC: 0.0729953 (Simulation time: 0 hr 49 min 47 sec) 
Heartbeat CPU 0 instructions: 380000004 cycles: 2504914389 heartbeat IPC: 0.150864 cumulative IPC: 0.0751502 (Simulation time: 0 hr 51 min 35 sec) 
Heartbeat CPU 0 instructions: 390000002 cycles: 2578946592 heartbeat IPC: 0.135076 cumulative IPC: 0.0769469 (Simulation time: 0 hr 53 min 13 sec) 
Heartbeat CPU 0 instructions: 400000001 cycles: 2715743156 heartbeat IPC: 0.0731012 cumulative IPC: 0.0767451 (Simulation time: 0 hr 55 min 39 sec) 
Finished CPU 0 instructions: 200000003 cycles: 2606030951 cumulative IPC: 0.0767451 (Simulation time: 0 hr 55 min 39 sec) 

ChampSim completed all CPUs

Region of Interest Statistics

CPU 0 cumulative IPC: 0.0767451 instructions: 200000003 cycles: 2606030951
ITLB TOTAL     ACCESS:   29429584  HIT:   29429584  MISS:          0  HIT %:        100  MISS %:          0   MPKI: 0
ITLB LOAD TRANSLATION ACCESS:   29429584  HIT:   29429584  MISS:          0  HIT %:        100  MISS %:          0   MPKI: 0
ITLB PREFETCH  REQUESTED:          0  ISSUED:          0  USEFUL:          0  USELESS:          0
ITLB USEFUL LOAD PREFETCHES:          0 PREFETCH ISSUED TO LOWER LEVEL:          0  ACCURACY: -nan
ITLB TIMELY PREFETCHES:          0 LATE PREFETCHES: 0 DROPPED PREFETCHES: 0
ITLB PREFETCHES SAME FILL-ORIGIN LEVEL: 0 DIFFERENT FILL-ORIGIN LEVEL: 0
ITLB AVERAGE MISS LATENCY:       -nan cycles AVERAGE LOAD MISS LATENCY:       -nan cycles Load Miss          0
ITLB Average MSHR Occupancy: 8.01986e-08
ITLB RQ	ACCESS:   30555046	FORWARD:          0	MERGED:    1125462	TO_CACHE:   29429584

DTLB TOTAL     ACCESS:   67547732  HIT:   44562232  MISS:   22985500  HIT %:    65.9715  MISS %:    34.0285   MPKI: 114.927
DTLB LOAD TRANSLATION ACCESS:   67547732  HIT:   44562232  MISS:   22985500  HIT %:    65.9715  MISS %:    34.0285   MPKI: 114.927
DTLB PREFETCH  REQUESTED:          0  ISSUED:          0  USEFUL:          0  USELESS:          0
DTLB USEFUL LOAD PREFETCHES:          0 PREFETCH ISSUED TO LOWER LEVEL:          0  ACCURACY: -nan
DTLB TIMELY PREFETCHES:          0 LATE PREFETCHES: 0 DROPPED PREFETCHES: 0
DTLB PREFETCHES SAME FILL-ORIGIN LEVEL: 0 DIFFERENT FILL-ORIGIN LEVEL: 0
DTLB AVERAGE MISS LATENCY:    9.09127 cycles AVERAGE LOAD MISS LATENCY:       -nan cycles Load Miss          0
DTLB Average MSHR Occupancy:  0.0714442
DTLB RQ	ACCESS:   68608870	FORWARD:          0	MERGED:    1050520	TO_CACHE:   67558350

STLB TOTAL     ACCESS:   22985499  HIT:   22944702  MISS:      40797  HIT %:    99.8225  MISS %:    0.17749   MPKI: 0.203985
STLB LOAD TRANSLATION ACCESS:   22985499  HIT:   22944702  MISS:      40797  HIT %:    99.8225  MISS %:    0.17749   MPKI: 0.203985
STLB PREFETCH  REQUESTED:          0  ISSUED:          0  USEFUL:          0  USELESS:          0
STLB USEFUL LOAD PREFETCHES:          0 PREFETCH ISSUED TO LOWER LEVEL:          0  ACCURACY: -nan
STLB TIMELY PREFETCHES:          0 LATE PREFETCHES: 0 DROPPED PREFETCHES: 0
STLB PREFETCHES SAME FILL-ORIGIN LEVEL: 0 DIFFERENT FILL-ORIGIN LEVEL: 0
STLB AVERAGE MISS LATENCY:    49.6034 cycles AVERAGE LOAD MISS LATENCY:       -nan cycles Load Miss          0
STLB Average MSHR Occupancy: 0.000782158
STLB RQ	ACCESS:   22985499	FORWARD:          0	MERGED:          0	TO_CACHE:   22985499

STLB Hit, L1D data hit: 0
STLB Hit, L2C data hit: 0
STLB Hit, LLC data hit: 0
STLB Hit, LLC data miss: 0
STLB STLB hints to L2: 0
L1D TOTAL     ACCESS:   61607643  HIT:   27069062  MISS:   34538581  HIT %:    43.9378  MISS %:    56.0622   MPKI: 172.693
L1D LOAD      ACCESS:   58903027  HIT:   24430006  MISS:   34473021  HIT %:     41.475  MISS %:     58.525   MPKI: 172.365
L1D RFO       ACCESS:    2704616  HIT:    2639056  MISS:      65560  HIT %:     97.576  MISS %:      2.424   MPKI: 0.3278
L1D PREFETCH  REQUESTED:          0  ISSUED:          0  USEFUL:          0  USELESS:          0
L1D USEFUL LOAD PREFETCHES:          0 PREFETCH ISSUED TO LOWER LEVEL:          0  ACCURACY: -nan
L1D TIMELY PREFETCHES:          0 LATE PREFETCHES: 0 DROPPED PREFETCHES: 0
L1D PREFETCHES SAME FILL-ORIGIN LEVEL: 0 DIFFERENT FILL-ORIGIN LEVEL: 0
L1D AVERAGE MISS LATENCY:    70.3269 cycles AVERAGE LOAD MISS LATENCY:    70.1005 cycles Load Miss   34473021
L1D Average MSHR Occupancy:   0.926324
L1D RQ	ACCESS:   77353523	FORWARD:          0	MERGED:   12045401	TO_CACHE:   65308112
L1D WQ	ACCESS:    3300763	FORWARD:         10	MERGED:          5	TO_CACHE:    3300758

L1D UNIQUE REGIONS ACCESSED: 0
L1D REGIONS CONFLICTS: 0
L1D Cross Page Prefetch Requests: 0
L1D Same Page Prefetch Requests: 0
L1D ROI Sum of L1D PQ occupancy: 0
L1D PREFETCHES PUSHED FROM L2C: 0
L1I TOTAL     ACCESS:   30555038  HIT:   30554737  MISS:        301  HIT %:     99.999  MISS %: 0.000985108   MPKI: 0.001505
L1I LOAD      ACCESS:   30555038  HIT:   30554737  MISS:        301  HIT %:     99.999  MISS %: 0.000985108   MPKI: 0.001505
L1I PREFETCH  REQUESTED:          0  ISSUED:          0  USEFUL:          0  USELESS:          0
L1I USEFUL LOAD PREFETCHES:          0 PREFETCH ISSUED TO LOWER LEVEL:          0  ACCURACY: -nan
L1I TIMELY PREFETCHES:          0 LATE PREFETCHES: 0 DROPPED PREFETCHES: 0
L1I PREFETCHES SAME FILL-ORIGIN LEVEL: 0 DIFFERENT FILL-ORIGIN LEVEL: 0
L1I AVERAGE MISS LATENCY:    100.555 cycles AVERAGE LOAD MISS LATENCY:    100.555 cycles Load Miss        301
L1I Average MSHR Occupancy: 1.20474e-05
L1I RQ	ACCESS:   46803926	FORWARD:          0	MERGED:   16248880	TO_CACHE:   30555046

BTB TOTAL     ACCESS:   37026600  HIT:   37026417  MISS:        183  HIT %:    99.9995  MISS %: 0.000494239   MPKI: 0.000915
BTB BRANCH_DIRECT_JUMP	ACCESS:         67  HIT:         30  MISS:         37
BTB BRANCH_INDIRECT	ACCESS:          4  HIT:          0  MISS:          4
BTB BRANCH_CONDITIONAL	ACCESS:   37026463  HIT:   37026369  MISS:         94
BTB BRANCH_DIRECT_CALL	ACCESS:         28  HIT:          9  MISS:         19
BTB BRANCH_INDIRECT_CALL	ACCESS:          5  HIT:          1  MISS:          4
BTB BRANCH_RETURN	ACCESS:         33  HIT:          8  MISS:         25
BTB BRANCH_OTHER ACCESS:          0  HIT:          0  MISS:          0

L2C TOTAL     ACCESS:   34730656  HIT:   23024881  MISS:   11705775  HIT %:    66.2956  MISS %:    33.7044   MPKI: 58.5289
L2C LOAD      ACCESS:   34473318  HIT:   22837125  MISS:   11636193  HIT %:    66.2458  MISS %:    33.7542   MPKI: 58.181
L2C DATA LOAD MPKI: 58.1802
L2C INSTRUCTION LOAD MPKI: 0.000745
L2C RFO       ACCESS:      65560  HIT:       1373  MISS:      64187  HIT %:    2.09426  MISS %:    97.9057   MPKI: 0.320935
L2C WRITEBACK ACCESS:     150895  HIT:     150895  MISS:          0  HIT %:        100  MISS %:          0   MPKI: 0
L2C LOAD TRANSLATION ACCESS:      40883  HIT:      35488  MISS:       5395  HIT %:    86.8038  MISS %:    13.1962   MPKI: 0.026975
L2C PREFETCH  REQUESTED:          0  ISSUED:          0  USEFUL:          0  USELESS:          0
L2C USEFUL LOAD PREFETCHES:          0 PREFETCH ISSUED TO LOWER LEVEL:          0  ACCURACY: -nan
L2C TIMELY PREFETCHES:          0 LATE PREFETCHES: 0 DROPPED PREFETCHES: 0
L2C PREFETCHES SAME FILL-ORIGIN LEVEL: 0 DIFFERENT FILL-ORIGIN LEVEL: 0
L2C AVERAGE MISS LATENCY:     163.31 cycles AVERAGE LOAD MISS LATENCY:    163.199 cycles Load Miss   11636193
L2C Average MSHR Occupancy:   0.732055
L2C RQ	ACCESS:   34579764	FORWARD:          0	MERGED:          0	TO_CACHE:   34579761
L2C WQ	ACCESS:     150895	FORWARD:          3	MERGED:          0	TO_CACHE:     150895

L2C Instructions Evicting Data 149
L2C Translations Evicting Data 5395
L2C Data Evicting Data 11694687
L2C Instructions Evicting Instructions 0
L2C Translations Evicting Instructions 0
L2C Data Evicting Instructions 149
L2C Instructions Evicting Translations 0
L2C Translations Evicting Translations 0
L2C Data Evicting Translations 5395
L2C Dense regions hint from L2: 0
PSCL5 TOTAL     ACCESS:      40797  HIT:      40797  MISS:          0  HIT %:        100  MISS %:          0   MPKI: 0
PSCL5 LOAD TRANSLATION ACCESS:      40797  HIT:      40797  MISS:          0  HIT %:        100  MISS %:          0   MPKI: 0
PSCL5 PREFETCH  REQUESTED:          0  ISSUED:          0  USEFUL:          0  USELESS:          0
PSCL5 USEFUL LOAD PREFETCHES:          0 PREFETCH ISSUED TO LOWER LEVEL:          0  ACCURACY: -nan
PSCL5 TIMELY PREFETCHES:          0 LATE PREFETCHES: 0 DROPPED PREFETCHES: 0
PSCL5 PREFETCHES SAME FILL-ORIGIN LEVEL: 0 DIFFERENT FILL-ORIGIN LEVEL: 0

PSCL4 TOTAL     ACCESS:      40797  HIT:      40797  MISS:          0  HIT %:        100  MISS %:          0   MPKI: 0
PSCL4 LOAD TRANSLATION ACCESS:      40797  HIT:      40797  MISS:          0  HIT %:        100  MISS %:          0   MPKI: 0
PSCL4 PREFETCH  REQUESTED:          0  ISSUED:          0  USEFUL:          0  USELESS:          0
PSCL4 USEFUL LOAD PREFETCHES:          0 PREFETCH ISSUED TO LOWER LEVEL:          0  ACCURACY: -nan
PSCL4 TIMELY PREFETCHES:          0 LATE PREFETCHES: 0 DROPPED PREFETCHES: 0
PSCL4 PREFETCHES SAME FILL-ORIGIN LEVEL: 0 DIFFERENT FILL-ORIGIN LEVEL: 0

PSCL3 TOTAL     ACCESS:      40797  HIT:      40797  MISS:          0  HIT %:        100  MISS %:          0   MPKI: 0
PSCL3 LOAD TRANSLATION ACCESS:      40797  HIT:      40797  MISS:          0  HIT %:        100  MISS %:          0   MPKI: 0
PSCL3 PREFETCH  REQUESTED:          0  ISSUED:          0  USEFUL:          0  USELESS:          0
PSCL3 USEFUL LOAD PREFETCHES:          0 PREFETCH ISSUED TO LOWER LEVEL:          0  ACCURACY: -nan
PSCL3 TIMELY PREFETCHES:          0 LATE PREFETCHES: 0 DROPPED PREFETCHES: 0
PSCL3 PREFETCHES SAME FILL-ORIGIN LEVEL: 0 DIFFERENT FILL-ORIGIN LEVEL: 0

PSCL2 TOTAL     ACCESS:      40797  HIT:      40711  MISS:         86  HIT %:    99.7892  MISS %:     0.2108   MPKI: 0.00043
PSCL2 LOAD TRANSLATION ACCESS:      40797  HIT:      40711  MISS:         86  HIT %:    99.7892  MISS %:     0.2108   MPKI: 0.00043
PSCL2 PREFETCH  REQUESTED:          0  ISSUED:          0  USEFUL:          0  USELESS:          0
PSCL2 USEFUL LOAD PREFETCHES:          0 PREFETCH ISSUED TO LOWER LEVEL:          0  ACCURACY: -nan
PSCL2 TIMELY PREFETCHES:          0 LATE PREFETCHES: 0 DROPPED PREFETCHES: 0
PSCL2 PREFETCHES SAME FILL-ORIGIN LEVEL: 0 DIFFERENT FILL-ORIGIN LEVEL: 0

LLC TOTAL     ACCESS:   11841996  HIT:    4023026  MISS:    7818970  HIT %:    33.9725  MISS %:    66.0275   MPKI: 39.0948
LLC LOAD      ACCESS:   11636193  HIT:    3886835  MISS:    7749358  HIT %:     33.403  MISS %:     66.597   MPKI: 38.7468
LLC RFO       ACCESS:      64187  HIT:       2148  MISS:      62039  HIT %:    3.34647  MISS %:    96.6535   MPKI: 0.310195
LLC WRITEBACK ACCESS:     136221  HIT:     133921  MISS:       2300  HIT %:    98.3116  MISS %:    1.68843   MPKI: 0.0115
LLC LOAD TRANSLATION ACCESS:       5395  HIT:        122  MISS:       5273  HIT %:    2.26135  MISS %:    97.7386   MPKI: 0.026365
LLC PREFETCH  REQUESTED:          0  ISSUED:          0  USEFUL:          0  USELESS:          0
LLC USEFUL LOAD PREFETCHES:          0 PREFETCH ISSUED TO LOWER LEVEL:          0  ACCURACY: -nan
LLC TIMELY PREFETCHES:          0 LATE PREFETCHES: 0 DROPPED PREFETCHES: 0
LLC PREFETCHES SAME FILL-ORIGIN LEVEL: 0 DIFFERENT FILL-ORIGIN LEVEL: 0
LLC AVERAGE MISS LATENCY:    177.122 cycles AVERAGE LOAD MISS LATENCY:    177.483 cycles Load Miss    7749358
LLC Average MSHR Occupancy:   0.528425
LLC RQ	ACCESS:   11705775	FORWARD:          0	MERGED:          0	TO_CACHE:   11705775
LLC WQ	ACCESS:     136221	FORWARD:          0	MERGED:          0	TO_CACHE:     136221

LLC Dense regions hint to LLC: 0

RAW hits: 22
Loads Generated: 77353547
Loads sent to L1D: 77353523
Stores Generated: 3300763
Stores sent to L1D: 3300763
Major fault: 0 Minor fault: 34901
Allocated PAGES: 34901
================ LLC LRU Pollution Stats ================
Total pollution count in LLC: 0
=========================================================

DRAM Statistics
 CHANNEL 0
 RQ ROW_BUFFER_HIT:     787118  ROW_BUFFER_MISS:    7029552
 DBUS_CONGESTED:        401
 WQ ROW_BUFFER_HIT:      71455  ROW_BUFFER_MISS:      66949  FULL:          0

 AVG_CONGESTED_CYCLE: 5
 All warmup complete: 2
Channel 0 Bank busy for read cycles: 0
Channel 0 Bank busy for write cycles: 0
Channel 0
Rank 0
0banks busy for read cycles: 1612347870
0banks busy for write cycles: 82275
1banks busy for read cycles: 867701302
1banks busy for write cycles: 15136396
2banks busy for read cycles: 94703645
2banks busy for write cycles: 1616745
3banks busy for read cycles: 11222149
3banks busy for write cycles: 861028
4banks busy for read cycles: 742700
4banks busy for write cycles: 516176
5banks busy for read cycles: 9189
5banks busy for write cycles: 381158
6banks busy for read cycles: 45
6banks busy for write cycles: 278031
7banks busy for read cycles: 0
7banks busy for write cycles: 173618
8banks busy for read cycles: 0
8banks busy for write cycles: 258625

CPU 0 Branch Prediction Accuracy: 96.9584% MPKI: 5.63106 Average ROB Occupancy at Mispredict: 166.031
Branch types
NOT_BRANCH: 162973184 81.4866%
BRANCH_DIRECT_JUMP: 67 3.35e-05%
BRANCH_INDIRECT: 4 2e-06%
BRANCH_CONDITIONAL: 37026682 18.5133%
BRANCH_DIRECT_CALL: 28 1.4e-05%
BRANCH_INDIRECT_CALL: 5 2.5e-06%
BRANCH_RETURN: 33 1.65e-05%
BRANCH_OTHER: 0 0%

===================== LRU L1D STATS =====================
Total pollution count in L1D: 0
=========================================================
================ L2 LRU Pollution ================
Total pollution count in L2: 0
========================================================
DRAM PAGES: 1048576
Allocated PAGES: 34901
