
*** ChampSim Multicore Out-of-Order Simulator ***

Warmup Instructions: 200000000
Simulation Instructions: 200000000
Number of CPUs: 1
LLC sets: 4096
LLC ways: 12
Off-chip DRAM Size: 4096 MB Channels: 1 Width: 64-bit Data Rate: 6400 MT/s
CPU 0 runs /home1/sweta/traces/DPC4-Traces/Google_Traces_v2/Google_Traces_v2/arizona/arizona_0001.champsim.gz
.gz
BTB has LRU replacement policy
ITLB has LRU replacement policy
DTLB has LRU replacement policy
STLB has LRU replacement policy
L1I has LRU replacement policy
IP Table Entries: 1024
CSPT Entries: 128
RR_ENTRIES: 32
RST_ENTRIES: 8
L1D has LRU replacement policy
Initialize SRRIP state for L2C
Initialize Mockingjay state for LLC
Heartbeat CPU 0 instructions: 10000004 cycles: 2458366 heartbeat IPC: 4.06774 cumulative IPC: 4.06774 (Simulation time: 0 hr 0 min 28 sec) 
Heartbeat CPU 0 instructions: 20000003 cycles: 4760616 heartbeat IPC: 4.34358 cumulative IPC: 4.20114 (Simulation time: 0 hr 0 min 52 sec) 
Heartbeat CPU 0 instructions: 30000006 cycles: 6803427 heartbeat IPC: 4.89522 cumulative IPC: 4.40954 (Simulation time: 0 hr 1 min 14 sec) 
Heartbeat CPU 0 instructions: 40000000 cycles: 9085787 heartbeat IPC: 4.38143 cumulative IPC: 4.40248 (Simulation time: 0 hr 1 min 41 sec) 
Heartbeat CPU 0 instructions: 50000004 cycles: 11472636 heartbeat IPC: 4.18963 cumulative IPC: 4.3582 (Simulation time: 0 hr 2 min 9 sec) 
Heartbeat CPU 0 instructions: 60000000 cycles: 13925236 heartbeat IPC: 4.0773 cumulative IPC: 4.30872 (Simulation time: 0 hr 2 min 36 sec) 
Heartbeat CPU 0 instructions: 70000001 cycles: 16458245 heartbeat IPC: 3.94787 cumulative IPC: 4.25319 (Simulation time: 0 hr 3 min 2 sec) 
Heartbeat CPU 0 instructions: 80000001 cycles: 18936576 heartbeat IPC: 4.03497 cumulative IPC: 4.22463 (Simulation time: 0 hr 3 min 28 sec) 
Heartbeat CPU 0 instructions: 90000000 cycles: 21363186 heartbeat IPC: 4.12098 cumulative IPC: 4.21285 (Simulation time: 0 hr 3 min 56 sec) 
Heartbeat CPU 0 instructions: 100000003 cycles: 23749059 heartbeat IPC: 4.19134 cumulative IPC: 4.21069 (Simulation time: 0 hr 4 min 23 sec) 
Heartbeat CPU 0 instructions: 110000003 cycles: 25975094 heartbeat IPC: 4.49229 cumulative IPC: 4.23483 (Simulation time: 0 hr 4 min 47 sec) 
Heartbeat CPU 0 instructions: 120000002 cycles: 28085601 heartbeat IPC: 4.7382 cumulative IPC: 4.27265 (Simulation time: 0 hr 5 min 11 sec) 
Heartbeat CPU 0 instructions: 130000001 cycles: 30178545 heartbeat IPC: 4.77796 cumulative IPC: 4.3077 (Simulation time: 0 hr 5 min 33 sec) 
Heartbeat CPU 0 instructions: 140000005 cycles: 32681605 heartbeat IPC: 3.99511 cumulative IPC: 4.28376 (Simulation time: 0 hr 5 min 59 sec) 
Heartbeat CPU 0 instructions: 150000000 cycles: 35178975 heartbeat IPC: 4.00421 cumulative IPC: 4.26391 (Simulation time: 0 hr 6 min 26 sec) 
Heartbeat CPU 0 instructions: 160000001 cycles: 37604748 heartbeat IPC: 4.1224 cumulative IPC: 4.25478 (Simulation time: 0 hr 6 min 51 sec) 
Heartbeat CPU 0 instructions: 170000000 cycles: 39645919 heartbeat IPC: 4.89915 cumulative IPC: 4.28796 (Simulation time: 0 hr 7 min 12 sec) 
Heartbeat CPU 0 instructions: 180000000 cycles: 41996446 heartbeat IPC: 4.25436 cumulative IPC: 4.28608 (Simulation time: 0 hr 7 min 37 sec) 
Heartbeat CPU 0 instructions: 190000001 cycles: 44384067 heartbeat IPC: 4.18827 cumulative IPC: 4.28082 (Simulation time: 0 hr 8 min 5 sec) 
Heartbeat CPU 0 instructions: 200000001 cycles: 47212051 heartbeat IPC: 3.53609 cumulative IPC: 4.23621 (Simulation time: 0 hr 8 min 26 sec) 

Warmup complete CPU 0 instructions: 200000001 cycles: 47212051 (Simulation time: 0 hr 8 min 26 sec) 

Heartbeat CPU 0 instructions: 210000002 cycles: 56394987 heartbeat IPC: 1.08898 cumulative IPC: 1.08898 (Simulation time: 0 hr 9 min 0 sec) 
Heartbeat CPU 0 instructions: 220000002 cycles: 65489090 heartbeat IPC: 1.09961 cumulative IPC: 1.09427 (Simulation time: 0 hr 9 min 29 sec) 
Heartbeat CPU 0 instructions: 230000003 cycles: 75685048 heartbeat IPC: 0.980781 cumulative IPC: 1.05363 (Simulation time: 0 hr 10 min 1 sec) 
Heartbeat CPU 0 instructions: 240000006 cycles: 85788735 heartbeat IPC: 0.989738 cumulative IPC: 1.0369 (Simulation time: 0 hr 10 min 29 sec) 
Heartbeat CPU 0 instructions: 250000003 cycles: 95350745 heartbeat IPC: 1.0458 cumulative IPC: 1.03867 (Simulation time: 0 hr 11 min 1 sec) 
Heartbeat CPU 0 instructions: 260000003 cycles: 106684573 heartbeat IPC: 0.882314 cumulative IPC: 1.00887 (Simulation time: 0 hr 11 min 33 sec) 
Heartbeat CPU 0 instructions: 270000000 cycles: 118207008 heartbeat IPC: 0.867872 cumulative IPC: 0.985986 (Simulation time: 0 hr 12 min 5 sec) 
Heartbeat CPU 0 instructions: 280000002 cycles: 127019874 heartbeat IPC: 1.1347 cumulative IPC: 1.00241 (Simulation time: 0 hr 12 min 28 sec) 
Heartbeat CPU 0 instructions: 290000002 cycles: 137197553 heartbeat IPC: 0.982542 cumulative IPC: 1.00016 (Simulation time: 0 hr 12 min 51 sec) 
Heartbeat CPU 0 instructions: 300000004 cycles: 146393436 heartbeat IPC: 1.08744 cumulative IPC: 1.00825 (Simulation time: 0 hr 13 min 21 sec) 
Heartbeat CPU 0 instructions: 310000000 cycles: 158464015 heartbeat IPC: 0.82846 cumulative IPC: 0.988747 (Simulation time: 0 hr 13 min 58 sec) 
Heartbeat CPU 0 instructions: 320000001 cycles: 171236207 heartbeat IPC: 0.782951 cumulative IPC: 0.967553 (Simulation time: 0 hr 14 min 33 sec) 
Heartbeat CPU 0 instructions: 330000000 cycles: 182507645 heartbeat IPC: 0.887198 cumulative IPC: 0.960859 (Simulation time: 0 hr 15 min 8 sec) 
Heartbeat CPU 0 instructions: 340000006 cycles: 194679895 heartbeat IPC: 0.821541 cumulative IPC: 0.94936 (Simulation time: 0 hr 15 min 43 sec) 
Heartbeat CPU 0 instructions: 350000002 cycles: 206987131 heartbeat IPC: 0.81253 cumulative IPC: 0.93882 (Simulation time: 0 hr 16 min 20 sec) 
Heartbeat CPU 0 instructions: 360000000 cycles: 217867344 heartbeat IPC: 0.919099 cumulative IPC: 0.937562 (Simulation time: 0 hr 16 min 49 sec) 
Heartbeat CPU 0 instructions: 370000000 cycles: 226493114 heartbeat IPC: 1.15932 cumulative IPC: 0.948232 (Simulation time: 0 hr 17 min 11 sec) 
Heartbeat CPU 0 instructions: 380000000 cycles: 237007711 heartbeat IPC: 0.951059 cumulative IPC: 0.948388 (Simulation time: 0 hr 17 min 37 sec) 
Heartbeat CPU 0 instructions: 390000000 cycles: 249081729 heartbeat IPC: 0.828225 cumulative IPC: 0.941201 (Simulation time: 0 hr 18 min 9 sec) 
Heartbeat CPU 0 instructions: 400000001 cycles: 260482174 heartbeat IPC: 0.877159 cumulative IPC: 0.937778 (Simulation time: 0 hr 18 min 42 sec) 
Finished CPU 0 instructions: 200000000 cycles: 213270123 cumulative IPC: 0.937778 (Simulation time: 0 hr 18 min 42 sec) 

ChampSim completed all CPUs

Region of Interest Statistics

CPU 0 cumulative IPC: 0.937778 instructions: 200000000 cycles: 213270123
ITLB TOTAL     ACCESS:   21387977  HIT:   21382110  MISS:       5867  HIT %:    99.9726  MISS %:  0.0274313   MPKI: 0.029335
ITLB LOAD TRANSLATION ACCESS:   21387977  HIT:   21382110  MISS:       5867  HIT %:    99.9726  MISS %:  0.0274313   MPKI: 0.029335
ITLB PREFETCH  REQUESTED:          0  ISSUED:          0  USEFUL:          0  USELESS:          0
ITLB USEFUL LOAD PREFETCHES:          0 PREFETCH ISSUED TO LOWER LEVEL:          0  ACCURACY: -nan
ITLB TIMELY PREFETCHES:          0 LATE PREFETCHES: 0 DROPPED PREFETCHES: 0
ITLB PREFETCHES SAME FILL-ORIGIN LEVEL: 0 DIFFERENT FILL-ORIGIN LEVEL: 0
ITLB AVERAGE MISS LATENCY:    72.5816 cycles AVERAGE LOAD MISS LATENCY:       -nan cycles Load Miss          0
ITLB Average MSHR Occupancy: 0.00198089
ITLB RQ	ACCESS:   24269943	FORWARD:          0	MERGED:    2875629	TO_CACHE:   21394314

DTLB TOTAL     ACCESS:   36206762  HIT:   36087449  MISS:     119313  HIT %:    99.6705  MISS %:   0.329532   MPKI: 0.596565
DTLB LOAD TRANSLATION ACCESS:   36206762  HIT:   36087449  MISS:     119313  HIT %:    99.6705  MISS %:   0.329532   MPKI: 0.596565
DTLB PREFETCH  REQUESTED:          0  ISSUED:          0  USEFUL:          0  USELESS:          0
DTLB USEFUL LOAD PREFETCHES:          0 PREFETCH ISSUED TO LOWER LEVEL:          0  ACCURACY: -nan
DTLB TIMELY PREFETCHES:          0 LATE PREFETCHES: 0 DROPPED PREFETCHES: 0
DTLB PREFETCHES SAME FILL-ORIGIN LEVEL: 0 DIFFERENT FILL-ORIGIN LEVEL: 0
DTLB AVERAGE MISS LATENCY:    57.0037 cycles AVERAGE LOAD MISS LATENCY:       -nan cycles Load Miss          0
DTLB Average MSHR Occupancy:  0.0279755
DTLB RQ	ACCESS:   49495665	FORWARD:          0	MERGED:   13244398	TO_CACHE:   36251267

STLB TOTAL     ACCESS:    2955438  HIT:    2924280  MISS:      31158  HIT %:    98.9457  MISS %:    1.05426   MPKI: 0.15579
STLB LOAD TRANSLATION ACCESS:     125180  HIT:      94022  MISS:      31158  HIT %:    75.1094  MISS %:    24.8906   MPKI: 0.15579
STLB TRANSLATION FROM L1D PREFETCHER ACCESS:    2830258  HIT:    2830258  MISS:          0  HIT %:        100  MISS %:          0   MPKI: 0
STLB PREFETCH  REQUESTED:          0  ISSUED:          0  USEFUL:          0  USELESS:          0
STLB USEFUL LOAD PREFETCHES:          0 PREFETCH ISSUED TO LOWER LEVEL:          0  ACCURACY: -nan
STLB TIMELY PREFETCHES:          0 LATE PREFETCHES: 0 DROPPED PREFETCHES: 0
STLB PREFETCHES SAME FILL-ORIGIN LEVEL: 0 DIFFERENT FILL-ORIGIN LEVEL: 0
STLB AVERAGE MISS LATENCY:    195.392 cycles AVERAGE LOAD MISS LATENCY:       -nan cycles Load Miss          0
STLB Average MSHR Occupancy:  0.0247804
STLB RQ	ACCESS:    4212471	FORWARD:          0	MERGED:    1257034	TO_CACHE:    2955437

STLB Hit, L1D data hit: 0
STLB Hit, L2C data hit: 0
STLB Hit, LLC data hit: 0
STLB Hit, LLC data miss: 0
STLB STLB hints to L2: 0
L1D TOTAL     ACCESS:   52059203  HIT:   50376929  MISS:    1682274  HIT %:    96.7685  MISS %:    3.23146   MPKI: 8.41137
L1D LOAD      ACCESS:   24618880  HIT:   24150759  MISS:     468121  HIT %:    98.0985  MISS %:    1.90147   MPKI: 2.34061
L1D RFO       ACCESS:   23543446  HIT:   22911929  MISS:     631517  HIT %:    97.3177  MISS %:    2.68235   MPKI: 3.15759
L1D PREFETCH  ACCESS:    3896877  HIT:    3314241  MISS:     582636  HIT %:    85.0486  MISS %:    14.9514   MPKI: 2.91318
AGUS PREFETCH L1 MISS: 0
L1D PREFETCH  REQUESTED:    8263350  ISSUED:    8175446  USEFUL:     362266  USELESS:     220143
L1D USEFUL LOAD PREFETCHES:     362266 PREFETCH ISSUED TO LOWER LEVEL:     620015  ACCURACY: 58.4286
L1D TIMELY PREFETCHES:     362266 LATE PREFETCHES: 32893 DROPPED PREFETCHES: 0
L1D PREFETCHES SAME FILL-ORIGIN LEVEL: 620015 DIFFERENT FILL-ORIGIN LEVEL: 0
L1D AVERAGE MISS LATENCY:    148.888 cycles AVERAGE LOAD MISS LATENCY:    162.582 cycles Load Miss     468121
L1D Average MSHR Occupancy:    1.30697
L1D RQ	ACCESS:   44409320	FORWARD:          0	MERGED:   19368964	TO_CACHE:   24639949
L1D WQ	ACCESS:   26895719	FORWARD:     401271	MERGED:    2040003	TO_CACHE:   24855716
L1D PQ	ACCESS:    4088155	FORWARD:          0	MERGED:          0	TO_CACHE:    4087291

L1D UNIQUE REGIONS ACCESSED: 0
L1D REGIONS CONFLICTS: 0
L1D Cross Page Prefetch Requests: 0
L1D Same Page Prefetch Requests: 8162547
L1D ROI Sum of L1D PQ occupancy: 87750403
L1D PREFETCHES PUSHED FROM L2C: 0
L1I TOTAL     ACCESS:   23411521  HIT:    6848599  MISS:   16562922  HIT %:    29.2531  MISS %:    70.7469   MPKI: 82.8146
L1I LOAD      ACCESS:   23411521  HIT:    6848599  MISS:   16562922  HIT %:    29.2531  MISS %:    70.7469   MPKI: 82.8146
L1I PREFETCH  REQUESTED:          0  ISSUED:          0  USEFUL:          0  USELESS:          0
L1I USEFUL LOAD PREFETCHES:          0 PREFETCH ISSUED TO LOWER LEVEL:          0  ACCURACY: -nan
L1I TIMELY PREFETCHES:          0 LATE PREFETCHES: 0 DROPPED PREFETCHES: 0
L1I PREFETCHES SAME FILL-ORIGIN LEVEL: 0 DIFFERENT FILL-ORIGIN LEVEL: 0
L1I AVERAGE MISS LATENCY:    14.3365 cycles AVERAGE LOAD MISS LATENCY:    14.3365 cycles Load Miss   16562922
L1I Average MSHR Occupancy:    1.06659
L1I RQ	ACCESS:   43207454	FORWARD:          0	MERGED:   18937511	TO_CACHE:   24269943

BTB TOTAL     ACCESS:   22928153  HIT:   22846933  MISS:      81220  HIT %:    99.6458  MISS %:   0.354237   MPKI: 0.4061
BTB BRANCH_DIRECT_JUMP	ACCESS:    2593042  HIT:    2590805  MISS:       2237
BTB BRANCH_INDIRECT	ACCESS:     531236  HIT:     486144  MISS:      45092
BTB BRANCH_CONDITIONAL	ACCESS:   19355552  HIT:   19350703  MISS:       4849
BTB BRANCH_DIRECT_CALL	ACCESS:     219962  HIT:     217045  MISS:       2917
BTB BRANCH_INDIRECT_CALL	ACCESS:       3802  HIT:       2593  MISS:       1209
BTB BRANCH_RETURN	ACCESS:     224272  HIT:     199440  MISS:      24832
BTB BRANCH_OTHER ACCESS:        287  HIT:        203  MISS:         84

L2C TOTAL     ACCESS:   18954878  HIT:   17978520  MISS:     976358  HIT %:     94.849  MISS %:    5.15096   MPKI: 4.88179
L2C LOAD      ACCESS:   16998139  HIT:   16752389  MISS:     245750  HIT %:    98.5543  MISS %:    1.44575   MPKI: 1.22875
L2C DATA LOAD MPKI: 1.06434
L2C INSTRUCTION LOAD MPKI: 0.164415
L2C RFO       ACCESS:     627026  HIT:     112844  MISS:     514182  HIT %:    17.9967  MISS %:    82.0033   MPKI: 2.57091
L2C PREFETCH  ACCESS:     620008  HIT:     422962  MISS:     197046  HIT %:    68.2188  MISS %:    31.7812   MPKI: 0.98523
AGUS PREFETCH L1 MISS: 0
L2C DATA PREFETCH MPKI: 0.98523
L2C INSTRUCTION PREFETCH MPKI: 0
L2C WRITEBACK ACCESS:     665775  HIT:     665330  MISS:        445  HIT %:    99.9332  MISS %:  0.0668394   MPKI: 0.002225
L2C LOAD TRANSLATION ACCESS:      43930  HIT:      24995  MISS:      18935  HIT %:    56.8973  MISS %:    43.1027   MPKI: 0.094675
L2C PREFETCH  REQUESTED:          0  ISSUED:          0  USEFUL:      12176  USELESS:     182000
L2C USEFUL LOAD PREFETCHES:      12176 PREFETCH ISSUED TO LOWER LEVEL:     197046  ACCURACY: 6.17927
L2C TIMELY PREFETCHES:      12176 LATE PREFETCHES: 0 DROPPED PREFETCHES: 0
L2C PREFETCHES SAME FILL-ORIGIN LEVEL: 0 DIFFERENT FILL-ORIGIN LEVEL: 0
L2C AVERAGE MISS LATENCY:    250.522 cycles AVERAGE LOAD MISS LATENCY:    302.634 cycles Load Miss     245750
L2C Average MSHR Occupancy:    1.13506
L2C RQ	ACCESS:   17669111	FORWARD:          0	MERGED:          0	TO_CACHE:   17669095
L2C WQ	ACCESS:     665775	FORWARD:         23	MERGED:          0	TO_CACHE:     665775
L2C PQ	ACCESS:     620015	FORWARD:          0	MERGED:          0	TO_CACHE:     620008

L2C Instructions Evicting Data 31456
L2C Translations Evicting Data 18078
L2C Data Evicting Data 875219
L2C Instructions Evicting Instructions 842
L2C Translations Evicting Instructions 573
L2C Data Evicting Instructions 31068
L2C Instructions Evicting Translations 585
L2C Translations Evicting Translations 284
L2C Data Evicting Translations 17808
L2C Dense regions hint from L2: 0
PSCL5 TOTAL     ACCESS:      31158  HIT:      31158  MISS:          0  HIT %:        100  MISS %:          0   MPKI: 0
PSCL5 LOAD TRANSLATION ACCESS:      31158  HIT:      31158  MISS:          0  HIT %:        100  MISS %:          0   MPKI: 0
PSCL5 PREFETCH  REQUESTED:          0  ISSUED:          0  USEFUL:          0  USELESS:          0
PSCL5 USEFUL LOAD PREFETCHES:          0 PREFETCH ISSUED TO LOWER LEVEL:          0  ACCURACY: -nan
PSCL5 TIMELY PREFETCHES:          0 LATE PREFETCHES: 0 DROPPED PREFETCHES: 0
PSCL5 PREFETCHES SAME FILL-ORIGIN LEVEL: 0 DIFFERENT FILL-ORIGIN LEVEL: 0

PSCL4 TOTAL     ACCESS:      30237  HIT:      30162  MISS:         75  HIT %:     99.752  MISS %:    0.24804   MPKI: 0.000375
PSCL4 LOAD TRANSLATION ACCESS:      30237  HIT:      30162  MISS:         75  HIT %:     99.752  MISS %:    0.24804   MPKI: 0.000375
PSCL4 PREFETCH  REQUESTED:          0  ISSUED:          0  USEFUL:          0  USELESS:          0
PSCL4 USEFUL LOAD PREFETCHES:          0 PREFETCH ISSUED TO LOWER LEVEL:          0  ACCURACY: -nan
PSCL4 TIMELY PREFETCHES:          0 LATE PREFETCHES: 0 DROPPED PREFETCHES: 0
PSCL4 PREFETCHES SAME FILL-ORIGIN LEVEL: 0 DIFFERENT FILL-ORIGIN LEVEL: 0

PSCL3 TOTAL     ACCESS:      30596  HIT:      29394  MISS:       1202  HIT %:    96.0714  MISS %:    3.92862   MPKI: 0.00601
PSCL3 LOAD TRANSLATION ACCESS:      30596  HIT:      29394  MISS:       1202  HIT %:    96.0714  MISS %:    3.92862   MPKI: 0.00601
PSCL3 PREFETCH  REQUESTED:          0  ISSUED:          0  USEFUL:          0  USELESS:          0
PSCL3 USEFUL LOAD PREFETCHES:          0 PREFETCH ISSUED TO LOWER LEVEL:          0  ACCURACY: -nan
PSCL3 TIMELY PREFETCHES:          0 LATE PREFETCHES: 0 DROPPED PREFETCHES: 0
PSCL3 PREFETCHES SAME FILL-ORIGIN LEVEL: 0 DIFFERENT FILL-ORIGIN LEVEL: 0

PSCL2 TOTAL     ACCESS:      31158  HIT:      19449  MISS:      11709  HIT %:    62.4206  MISS %:    37.5794   MPKI: 0.058545
PSCL2 LOAD TRANSLATION ACCESS:      31158  HIT:      19449  MISS:      11709  HIT %:    62.4206  MISS %:    37.5794   MPKI: 0.058545
PSCL2 PREFETCH  REQUESTED:          0  ISSUED:          0  USEFUL:          0  USELESS:          0
PSCL2 USEFUL LOAD PREFETCHES:          0 PREFETCH ISSUED TO LOWER LEVEL:          0  ACCURACY: -nan
PSCL2 TIMELY PREFETCHES:          0 LATE PREFETCHES: 0 DROPPED PREFETCHES: 0
PSCL2 PREFETCHES SAME FILL-ORIGIN LEVEL: 0 DIFFERENT FILL-ORIGIN LEVEL: 0

LLC TOTAL     ACCESS:    1520827  HIT:     229739  MISS:    1291088  HIT %:    15.1062  MISS %:    84.8938   MPKI: 6.45544
LLC LOAD      ACCESS:     245750  HIT:      53940  MISS:     191810  HIT %:    21.9491  MISS %:    78.0509   MPKI: 0.95905
LLC RFO       ACCESS:     514182  HIT:      58951  MISS:     455231  HIT %:     11.465  MISS %:     88.535   MPKI: 2.27616
LLC PREFETCH  ACCESS:     197046  HIT:      30601  MISS:     166445  HIT %:    15.5299  MISS %:    84.4701   MPKI: 0.832225
AGUS PREFETCH L1 MISS: 0
LLC WRITEBACK ACCESS:     544914  HIT:      78941  MISS:     465973  HIT %:    14.4869  MISS %:    85.5131   MPKI: 2.32986
LLC LOAD TRANSLATION ACCESS:      18935  HIT:       7306  MISS:      11629  HIT %:    38.5846  MISS %:    61.4154   MPKI: 0.058145
LLC PREFETCH  REQUESTED:          0  ISSUED:          0  USEFUL:      16911  USELESS:      48617
LLC USEFUL LOAD PREFETCHES:      16911 PREFETCH ISSUED TO LOWER LEVEL:     166445  ACCURACY: 10.1601
LLC TIMELY PREFETCHES:      16911 LATE PREFETCHES: 0 DROPPED PREFETCHES: 0
LLC PREFETCHES SAME FILL-ORIGIN LEVEL: 0 DIFFERENT FILL-ORIGIN LEVEL: 0
LLC AVERAGE MISS LATENCY:    154.891 cycles AVERAGE LOAD MISS LATENCY:    329.513 cycles Load Miss     191810
LLC Average MSHR Occupancy:   0.933803
LLC RQ	ACCESS:     778867	FORWARD:          0	MERGED:          0	TO_CACHE:     778867
LLC WQ	ACCESS:     544914	FORWARD:          0	MERGED:          0	TO_CACHE:     544914
LLC PQ	ACCESS:     197046	FORWARD:          0	MERGED:          0	TO_CACHE:     197046

LLC Dense regions hint to LLC: 0

RAW hits: 8761971
Loads Generated: 53171297
Loads sent to L1D: 44409320
Stores Generated: 26895721
Stores sent to L1D: 26895719
Major fault: 0 Minor fault: 28139
Allocated PAGES: 28139

stream: 
stream:times selected: 12999625
stream:pref_filled: 381206
stream:pref_useful: 125236
stream:pref_late: 14612
stream:misses: 87952
stream:misses_by_poll: 0

CS: 
CS:times selected: 3672941
CS:pref_filled: 629581
CS:pref_useful: 596635
CS:pref_late: 200119
CS:misses: 417296
CS:misses_by_poll: 1589

CPLX: 
CPLX:times selected: 9275322
CPLX:pref_filled: 243616
CPLX:pref_useful: 80457
CPLX:pref_late: 6637
CPLX:misses: 404986
CPLX:misses_by_poll: 348

NL_L1: 
NL:times selected: 122548
NL:pref_filled: 4621
NL:pref_useful: 2083
NL:pref_late: 114
NL:misses: 3987
NL:misses_by_poll: 1

total selections: 26070436
total_filled: 582636
total_useful: 362266
total_late: 223725
total_polluted: 1938
total_misses_after_warmup: 489190
conflicts: 146150
Degree Incremented Times: 206756
Degree Decremented Times: 378024

L1 IP Table Write Accesses: 24372859
L1 IP Table Read Accesses: 24226709
L1 RST Write Accesses: 6317295
L1 RST Read Accesses: 12634590
L1 CSPT Write Accesses: 6317295
L1 CSPT Read Accesses: 11157893
L1 RR Filter Tag Write Accesses: 4176059
L1 RR Filter Tag Read Accesses: 299515840
L1 IP Table Tag Write Accesses: 24639949
L1 IP Table Tag Read Accesses: 24639949
L1 RST Tag Write Accesses: 0
L1 RST Tag Read Accesses: 53831624
L1 RR Filter Write Accesses: 0
L1 RR Filter Read Accesses: 11254959
test: 3220798
================ Mockingjay (LLC) Pollution Stats ================
Total pollution count in LLC: 14621
==================================================================

DRAM Statistics
 CHANNEL 0
 RQ ROW_BUFFER_HIT:     290456  ROW_BUFFER_MISS:     534635
 DBUS_CONGESTED:        474
 WQ ROW_BUFFER_HIT:     122454  ROW_BUFFER_MISS:     399051  FULL:      40696

 AVG_CONGESTED_CYCLE: 4
 All warmup complete: 2
Channel 0 Bank busy for read cycles: 0
Channel 0 Bank busy for write cycles: 0
Channel 0
Rank 0
0banks busy for read cycles: 136086423
0banks busy for write cycles: 106288
1banks busy for read cycles: 28096757
1banks busy for write cycles: 15596042
2banks busy for read cycles: 6496984
2banks busy for write cycles: 5416799
3banks busy for read cycles: 2326910
3banks busy for write cycles: 2760866
4banks busy for read cycles: 1344599
4banks busy for write cycles: 1559045
5banks busy for read cycles: 1092828
5banks busy for write cycles: 1032874
6banks busy for read cycles: 1203137
6banks busy for write cycles: 788944
7banks busy for read cycles: 1461931
7banks busy for write cycles: 1001428
8banks busy for read cycles: 2764904
8banks busy for write cycles: 4133365

CPU 0 Branch Prediction Accuracy: 98.4624% MPKI: 2.43778 Average ROB Occupancy at Mispredict: 90.6656
Branch types
NOT_BRANCH: 168290655 84.1453%
BRANCH_DIRECT_JUMP: 2593042 1.29652%
BRANCH_INDIRECT: 531236 0.265618%
BRANCH_CONDITIONAL: 28136296 14.0681%
BRANCH_DIRECT_CALL: 219962 0.109981%
BRANCH_INDIRECT_CALL: 3802 0.001901%
BRANCH_RETURN: 224272 0.112136%
BRANCH_OTHER: 287 0.0001435%

===================== LRU L1D STATS =====================
Total pollution count in L1D: 398955
=========================================================
================ SRRIP (L2C) Pollution Stats ================
Total pollution count in L2c: 336247
==================================================================
DRAM PAGES: 1048576
Allocated PAGES: 28139
