
*** ChampSim Multicore Out-of-Order Simulator ***

Warmup Instructions: 200000000
Simulation Instructions: 200000000
Number of CPUs: 1
LLC sets: 4096
LLC ways: 12
Off-chip DRAM Size: 4096 MB Channels: 1 Width: 64-bit Data Rate: 6400 MT/s
CPU 0 runs /home1/sweta/traces/DPC4-Traces/Google_Traces_v2/Google_Traces_v2/arizona/arizona_0002.champsim.gz
.gz
BTB has LRU replacement policy
ITLB has LRU replacement policy
DTLB has LRU replacement policy
STLB has LRU replacement policy
L1I has LRU replacement policy
IP Table Entries: 1024
CSPT Entries: 128
RR_ENTRIES: 32
RST_ENTRIES: 8
L1D has LRU replacement policy
Initialize SRRIP state for L2C
Initialize Mockingjay state for LLC
Heartbeat CPU 0 instructions: 10000002 cycles: 2463789 heartbeat IPC: 4.05879 cumulative IPC: 4.05879 (Simulation time: 0 hr 0 min 27 sec) 
Heartbeat CPU 0 instructions: 20000003 cycles: 4670530 heartbeat IPC: 4.53157 cumulative IPC: 4.28217 (Simulation time: 0 hr 0 min 48 sec) 
Heartbeat CPU 0 instructions: 30000003 cycles: 6881558 heartbeat IPC: 4.52278 cumulative IPC: 4.35948 (Simulation time: 0 hr 1 min 9 sec) 
Heartbeat CPU 0 instructions: 40000000 cycles: 9082284 heartbeat IPC: 4.54395 cumulative IPC: 4.40418 (Simulation time: 0 hr 1 min 32 sec) 
Heartbeat CPU 0 instructions: 50000001 cycles: 11269498 heartbeat IPC: 4.57203 cumulative IPC: 4.43676 (Simulation time: 0 hr 1 min 55 sec) 
Heartbeat CPU 0 instructions: 60000007 cycles: 13447849 heartbeat IPC: 4.59063 cumulative IPC: 4.46168 (Simulation time: 0 hr 2 min 21 sec) 
Heartbeat CPU 0 instructions: 70000001 cycles: 15657659 heartbeat IPC: 4.52527 cumulative IPC: 4.47066 (Simulation time: 0 hr 2 min 42 sec) 
Heartbeat CPU 0 instructions: 80000003 cycles: 17898307 heartbeat IPC: 4.463 cumulative IPC: 4.4697 (Simulation time: 0 hr 3 min 4 sec) 
Heartbeat CPU 0 instructions: 90000000 cycles: 20095174 heartbeat IPC: 4.55194 cumulative IPC: 4.47869 (Simulation time: 0 hr 3 min 27 sec) 
Heartbeat CPU 0 instructions: 100000002 cycles: 22304430 heartbeat IPC: 4.52641 cumulative IPC: 4.48341 (Simulation time: 0 hr 3 min 49 sec) 
Heartbeat CPU 0 instructions: 110000000 cycles: 24515614 heartbeat IPC: 4.52246 cumulative IPC: 4.48694 (Simulation time: 0 hr 4 min 10 sec) 
Heartbeat CPU 0 instructions: 120000006 cycles: 26773938 heartbeat IPC: 4.42807 cumulative IPC: 4.48197 (Simulation time: 0 hr 4 min 37 sec) 
Heartbeat CPU 0 instructions: 130000002 cycles: 29024393 heartbeat IPC: 4.44354 cumulative IPC: 4.47899 (Simulation time: 0 hr 5 min 1 sec) 
Heartbeat CPU 0 instructions: 140000000 cycles: 31253017 heartbeat IPC: 4.48707 cumulative IPC: 4.47957 (Simulation time: 0 hr 5 min 23 sec) 
Heartbeat CPU 0 instructions: 150000001 cycles: 33463683 heartbeat IPC: 4.52352 cumulative IPC: 4.48247 (Simulation time: 0 hr 5 min 44 sec) 
Heartbeat CPU 0 instructions: 160000001 cycles: 35673324 heartbeat IPC: 4.52562 cumulative IPC: 4.48514 (Simulation time: 0 hr 6 min 5 sec) 
Heartbeat CPU 0 instructions: 170000004 cycles: 37883628 heartbeat IPC: 4.52427 cumulative IPC: 4.48743 (Simulation time: 0 hr 6 min 26 sec) 
Heartbeat CPU 0 instructions: 180000000 cycles: 40100970 heartbeat IPC: 4.5099 cumulative IPC: 4.48867 (Simulation time: 0 hr 6 min 48 sec) 
Heartbeat CPU 0 instructions: 190000001 cycles: 42307585 heartbeat IPC: 4.53183 cumulative IPC: 4.49092 (Simulation time: 0 hr 7 min 9 sec) 
Heartbeat CPU 0 instructions: 200000001 cycles: 44486392 heartbeat IPC: 4.58967 cumulative IPC: 4.49576 (Simulation time: 0 hr 7 min 31 sec) 

Warmup complete CPU 0 instructions: 200000001 cycles: 44486392 (Simulation time: 0 hr 7 min 31 sec) 

Heartbeat CPU 0 instructions: 210000000 cycles: 51031733 heartbeat IPC: 1.5278 cumulative IPC: 1.5278 (Simulation time: 0 hr 8 min 1 sec) 
Heartbeat CPU 0 instructions: 220000002 cycles: 57195306 heartbeat IPC: 1.62244 cumulative IPC: 1.5737 (Simulation time: 0 hr 8 min 31 sec) 
Heartbeat CPU 0 instructions: 230000001 cycles: 80162456 heartbeat IPC: 0.435404 cumulative IPC: 0.8409 (Simulation time: 0 hr 9 min 5 sec) 
Heartbeat CPU 0 instructions: 240000003 cycles: 89914726 heartbeat IPC: 1.0254 cumulative IPC: 0.880508 (Simulation time: 0 hr 9 min 34 sec) 
Heartbeat CPU 0 instructions: 250000001 cycles: 96858315 heartbeat IPC: 1.44018 cumulative IPC: 0.95471 (Simulation time: 0 hr 10 min 1 sec) 
Heartbeat CPU 0 instructions: 260000000 cycles: 111289754 heartbeat IPC: 0.692932 cumulative IPC: 0.898158 (Simulation time: 0 hr 10 min 30 sec) 
Heartbeat CPU 0 instructions: 270000000 cycles: 119947286 heartbeat IPC: 1.15506 cumulative IPC: 0.927633 (Simulation time: 0 hr 11 min 1 sec) 
Heartbeat CPU 0 instructions: 280000001 cycles: 126734172 heartbeat IPC: 1.47343 cumulative IPC: 0.972671 (Simulation time: 0 hr 11 min 33 sec) 
Heartbeat CPU 0 instructions: 290000002 cycles: 132219014 heartbeat IPC: 1.82321 cumulative IPC: 1.02584 (Simulation time: 0 hr 12 min 4 sec) 
Heartbeat CPU 0 instructions: 300000003 cycles: 138548962 heartbeat IPC: 1.57979 cumulative IPC: 1.06312 (Simulation time: 0 hr 12 min 36 sec) 
Heartbeat CPU 0 instructions: 310000005 cycles: 157099861 heartbeat IPC: 0.539058 cumulative IPC: 0.976793 (Simulation time: 0 hr 13 min 11 sec) 
Heartbeat CPU 0 instructions: 320000000 cycles: 164828621 heartbeat IPC: 1.29387 cumulative IPC: 0.997156 (Simulation time: 0 hr 13 min 42 sec) 
Heartbeat CPU 0 instructions: 330000002 cycles: 170947978 heartbeat IPC: 1.63416 cumulative IPC: 1.02798 (Simulation time: 0 hr 14 min 13 sec) 
Heartbeat CPU 0 instructions: 340000002 cycles: 176294624 heartbeat IPC: 1.87033 cumulative IPC: 1.06215 (Simulation time: 0 hr 14 min 44 sec) 
Heartbeat CPU 0 instructions: 350000002 cycles: 181798831 heartbeat IPC: 1.81679 cumulative IPC: 1.0924 (Simulation time: 0 hr 15 min 15 sec) 
Heartbeat CPU 0 instructions: 360000000 cycles: 188453113 heartbeat IPC: 1.50279 cumulative IPC: 1.11137 (Simulation time: 0 hr 15 min 47 sec) 
Heartbeat CPU 0 instructions: 370000001 cycles: 194495395 heartbeat IPC: 1.655 cumulative IPC: 1.13327 (Simulation time: 0 hr 16 min 19 sec) 
Heartbeat CPU 0 instructions: 380000001 cycles: 201617127 heartbeat IPC: 1.40415 cumulative IPC: 1.14554 (Simulation time: 0 hr 16 min 51 sec) 
Heartbeat CPU 0 instructions: 390000004 cycles: 208081001 heartbeat IPC: 1.54706 cumulative IPC: 1.16141 (Simulation time: 0 hr 17 min 21 sec) 
Heartbeat CPU 0 instructions: 400000000 cycles: 213519395 heartbeat IPC: 1.83878 cumulative IPC: 1.1832 (Simulation time: 0 hr 17 min 50 sec) 
Finished CPU 0 instructions: 200000002 cycles: 169033004 cumulative IPC: 1.1832 (Simulation time: 0 hr 17 min 50 sec) 

ChampSim completed all CPUs

Region of Interest Statistics

CPU 0 cumulative IPC: 1.1832 instructions: 200000002 cycles: 169033004
ITLB TOTAL     ACCESS:   17370662  HIT:   17323709  MISS:      46953  HIT %:    99.7297  MISS %:   0.270301   MPKI: 0.234765
ITLB LOAD TRANSLATION ACCESS:   17370662  HIT:   17323709  MISS:      46953  HIT %:    99.7297  MISS %:   0.270301   MPKI: 0.234765
ITLB PREFETCH  REQUESTED:          0  ISSUED:          0  USEFUL:          0  USELESS:          0
ITLB USEFUL LOAD PREFETCHES:          0 PREFETCH ISSUED TO LOWER LEVEL:          0  ACCURACY: -nan
ITLB TIMELY PREFETCHES:          0 LATE PREFETCHES: 0 DROPPED PREFETCHES: 0
ITLB PREFETCHES SAME FILL-ORIGIN LEVEL: 0 DIFFERENT FILL-ORIGIN LEVEL: 0
ITLB AVERAGE MISS LATENCY:    28.4647 cycles AVERAGE LOAD MISS LATENCY:       -nan cycles Load Miss          0
ITLB Average MSHR Occupancy: 0.00766785
ITLB RQ	ACCESS:   18861319	FORWARD:          0	MERGED:    1442221	TO_CACHE:   17419098

DTLB TOTAL     ACCESS:   19461666  HIT:   19030212  MISS:     431454  HIT %:    97.7831  MISS %:    2.21694   MPKI: 2.15727
DTLB LOAD TRANSLATION ACCESS:   19461666  HIT:   19030212  MISS:     431454  HIT %:    97.7831  MISS %:    2.21694   MPKI: 2.15727
DTLB PREFETCH  REQUESTED:          0  ISSUED:          0  USEFUL:          0  USELESS:          0
DTLB USEFUL LOAD PREFETCHES:          0 PREFETCH ISSUED TO LOWER LEVEL:          0  ACCURACY: -nan
DTLB TIMELY PREFETCHES:          0 LATE PREFETCHES: 0 DROPPED PREFETCHES: 0
DTLB PREFETCHES SAME FILL-ORIGIN LEVEL: 0 DIFFERENT FILL-ORIGIN LEVEL: 0
DTLB AVERAGE MISS LATENCY:    52.0123 cycles AVERAGE LOAD MISS LATENCY:       -nan cycles Load Miss          0
DTLB Average MSHR Occupancy:     0.1169
DTLB RQ	ACCESS:   24450934	FORWARD:          0	MERGED:    4925651	TO_CACHE:   19525283

STLB TOTAL     ACCESS:    1695412  HIT:    1585981  MISS:     109431  HIT %:    93.5455  MISS %:    6.45454   MPKI: 0.547155
STLB LOAD TRANSLATION ACCESS:     478407  HIT:     368976  MISS:     109431  HIT %:     77.126  MISS %:     22.874   MPKI: 0.547155
STLB TRANSLATION FROM L1D PREFETCHER ACCESS:    1217005  HIT:    1217005  MISS:          0  HIT %:        100  MISS %:          0   MPKI: 0
STLB PREFETCH  REQUESTED:          0  ISSUED:          0  USEFUL:          0  USELESS:          0
STLB USEFUL LOAD PREFETCHES:          0 PREFETCH ISSUED TO LOWER LEVEL:          0  ACCURACY: -nan
STLB TIMELY PREFETCHES:          0 LATE PREFETCHES: 0 DROPPED PREFETCHES: 0
STLB PREFETCHES SAME FILL-ORIGIN LEVEL: 0 DIFFERENT FILL-ORIGIN LEVEL: 0
STLB AVERAGE MISS LATENCY:    177.261 cycles AVERAGE LOAD MISS LATENCY:       -nan cycles Load Miss          0
STLB Average MSHR Occupancy:  0.0996137
STLB RQ	ACCESS:    2085662	FORWARD:          0	MERGED:     390250	TO_CACHE:    1695412

STLB Hit, L1D data hit: 0
STLB Hit, L2C data hit: 0
STLB Hit, LLC data hit: 0
STLB Hit, LLC data miss: 0
STLB STLB hints to L2: 0
L1D TOTAL     ACCESS:   25027773  HIT:   23258022  MISS:    1769751  HIT %:    92.9289  MISS %:    7.07115   MPKI: 8.84875
L1D LOAD      ACCESS:   14830348  HIT:   14337936  MISS:     492412  HIT %:    96.6797  MISS %:     3.3203   MPKI: 2.46206
L1D RFO       ACCESS:    8677272  HIT:    8276262  MISS:     401010  HIT %:    95.3786  MISS %:    4.62138   MPKI: 2.00505
L1D PREFETCH  ACCESS:    1520153  HIT:     643824  MISS:     876329  HIT %:    42.3526  MISS %:    57.6474   MPKI: 4.38164
AGUS PREFETCH L1 MISS: 0
L1D PREFETCH  REQUESTED:    3291260  ISSUED:    3215834  USEFUL:     638354  USELESS:     238020
L1D USEFUL LOAD PREFETCHES:     638354 PREFETCH ISSUED TO LOWER LEVEL:     928197  ACCURACY: 68.7735
L1D TIMELY PREFETCHES:     638354 LATE PREFETCHES: 51388 DROPPED PREFETCHES: 0
L1D PREFETCHES SAME FILL-ORIGIN LEVEL: 928197 DIFFERENT FILL-ORIGIN LEVEL: 0
L1D AVERAGE MISS LATENCY:    108.944 cycles AVERAGE LOAD MISS LATENCY:    90.1237 cycles Load Miss     492412
L1D Average MSHR Occupancy:    1.25153
L1D RQ	ACCESS:   31210236	FORWARD:          0	MERGED:   16128512	TO_CACHE:   14874447
L1D WQ	ACCESS:    9718170	FORWARD:     208599	MERGED:     141683	TO_CACHE:    9576487
L1D PQ	ACCESS:    1608579	FORWARD:          0	MERGED:          2	TO_CACHE:    1607255

L1D UNIQUE REGIONS ACCESSED: 0
L1D REGIONS CONFLICTS: 0
L1D Cross Page Prefetch Requests: 0
L1D Same Page Prefetch Requests: 2990214
L1D ROI Sum of L1D PQ occupancy: 23220122
L1D PREFETCHES PUSHED FROM L2C: 0
L1I TOTAL     ACCESS:   18737671  HIT:   16209165  MISS:    2528506  HIT %:    86.5058  MISS %:    13.4942   MPKI: 12.6425
L1I LOAD      ACCESS:   18737671  HIT:   16209165  MISS:    2528506  HIT %:    86.5058  MISS %:    13.4942   MPKI: 12.6425
L1I PREFETCH  REQUESTED:          0  ISSUED:          0  USEFUL:          0  USELESS:          0
L1I USEFUL LOAD PREFETCHES:          0 PREFETCH ISSUED TO LOWER LEVEL:          0  ACCURACY: -nan
L1I TIMELY PREFETCHES:          0 LATE PREFETCHES: 0 DROPPED PREFETCHES: 0
L1I PREFETCHES SAME FILL-ORIGIN LEVEL: 0 DIFFERENT FILL-ORIGIN LEVEL: 0
L1I AVERAGE MISS LATENCY:    19.5434 cycles AVERAGE LOAD MISS LATENCY:    19.5434 cycles Load Miss    2528506
L1I Average MSHR Occupancy:   0.283936
L1I RQ	ACCESS:   52466010	FORWARD:          0	MERGED:   33604691	TO_CACHE:   18861319

BTB TOTAL     ACCESS:    4711383  HIT:    4509748  MISS:     201635  HIT %:    95.7203  MISS %:    4.27974   MPKI: 1.00817
BTB BRANCH_DIRECT_JUMP	ACCESS:     876953  HIT:     865938  MISS:      11015
BTB BRANCH_INDIRECT	ACCESS:      30715  HIT:      24676  MISS:       6039
BTB BRANCH_CONDITIONAL	ACCESS:    3227730  HIT:    3202415  MISS:      25315
BTB BRANCH_DIRECT_CALL	ACCESS:     238466  HIT:     219687  MISS:      18779
BTB BRANCH_INDIRECT_CALL	ACCESS:      46649  HIT:      40387  MISS:       6262
BTB BRANCH_RETURN	ACCESS:     288065  HIT:     154678  MISS:     133387
BTB BRANCH_OTHER ACCESS:       2805  HIT:       1967  MISS:        838

L2C TOTAL     ACCESS:    5021625  HIT:    3985695  MISS:    1035930  HIT %:    79.3706  MISS %:    20.6294   MPKI: 5.17965
L2C LOAD      ACCESS:    2969511  HIT:    2684351  MISS:     285160  HIT %:    90.3971  MISS %:    9.60293   MPKI: 1.4258
L2C DATA LOAD MPKI: 1.02554
L2C INSTRUCTION LOAD MPKI: 0.400255
L2C RFO       ACCESS:     400518  HIT:     256445  MISS:     144073  HIT %:    64.0283  MISS %:    35.9717   MPKI: 0.720365
L2C PREFETCH  ACCESS:     928160  HIT:     377816  MISS:     550344  HIT %:    40.7059  MISS %:    59.2941   MPKI: 2.75172
AGUS PREFETCH L1 MISS: 0
L2C DATA PREFETCH MPKI: 2.75172
L2C INSTRUCTION PREFETCH MPKI: 0
L2C WRITEBACK ACCESS:     554501  HIT:     554334  MISS:        167  HIT %:    99.9699  MISS %:  0.0301172   MPKI: 0.000835
L2C LOAD TRANSLATION ACCESS:     168935  HIT:     112749  MISS:      56186  HIT %:    66.7411  MISS %:    33.2589   MPKI: 0.28093
L2C PREFETCH  REQUESTED:          0  ISSUED:          0  USEFUL:     211441  USELESS:     343192
L2C USEFUL LOAD PREFETCHES:     211441 PREFETCH ISSUED TO LOWER LEVEL:     550344  ACCURACY: 38.4198
L2C TIMELY PREFETCHES:     211441 LATE PREFETCHES: 0 DROPPED PREFETCHES: 0
L2C PREFETCHES SAME FILL-ORIGIN LEVEL: 0 DIFFERENT FILL-ORIGIN LEVEL: 0
L2C AVERAGE MISS LATENCY:    194.629 cycles AVERAGE LOAD MISS LATENCY:    179.281 cycles Load Miss     285160
L2C Average MSHR Occupancy:    1.17845
L2C RQ	ACCESS:    3538995	FORWARD:          0	MERGED:          0	TO_CACHE:    3538964
L2C WQ	ACCESS:     554501	FORWARD:         68	MERGED:          0	TO_CACHE:     554501
L2C PQ	ACCESS:     928197	FORWARD:          0	MERGED:          0	TO_CACHE:     928160

L2C Instructions Evicting Data 70143
L2C Translations Evicting Data 48681
L2C Data Evicting Data 781213
L2C Instructions Evicting Instructions 6094
L2C Translations Evicting Instructions 4449
L2C Data Evicting Instructions 68524
L2C Instructions Evicting Translations 3814
L2C Translations Evicting Translations 3056
L2C Data Evicting Translations 49789
L2C Dense regions hint from L2: 0
PSCL5 TOTAL     ACCESS:     109431  HIT:     109431  MISS:          0  HIT %:        100  MISS %:          0   MPKI: 0
PSCL5 LOAD TRANSLATION ACCESS:     109431  HIT:     109431  MISS:          0  HIT %:        100  MISS %:          0   MPKI: 0
PSCL5 PREFETCH  REQUESTED:          0  ISSUED:          0  USEFUL:          0  USELESS:          0
PSCL5 USEFUL LOAD PREFETCHES:          0 PREFETCH ISSUED TO LOWER LEVEL:          0  ACCURACY: -nan
PSCL5 TIMELY PREFETCHES:          0 LATE PREFETCHES: 0 DROPPED PREFETCHES: 0
PSCL5 PREFETCHES SAME FILL-ORIGIN LEVEL: 0 DIFFERENT FILL-ORIGIN LEVEL: 0

PSCL4 TOTAL     ACCESS:      96323  HIT:      96065  MISS:        258  HIT %:    99.7322  MISS %:   0.267849   MPKI: 0.00129
PSCL4 LOAD TRANSLATION ACCESS:      96323  HIT:      96065  MISS:        258  HIT %:    99.7322  MISS %:   0.267849   MPKI: 0.00129
PSCL4 PREFETCH  REQUESTED:          0  ISSUED:          0  USEFUL:          0  USELESS:          0
PSCL4 USEFUL LOAD PREFETCHES:          0 PREFETCH ISSUED TO LOWER LEVEL:          0  ACCURACY: -nan
PSCL4 TIMELY PREFETCHES:          0 LATE PREFETCHES: 0 DROPPED PREFETCHES: 0
PSCL4 PREFETCHES SAME FILL-ORIGIN LEVEL: 0 DIFFERENT FILL-ORIGIN LEVEL: 0

PSCL3 TOTAL     ACCESS:     108577  HIT:     104882  MISS:       3695  HIT %:    96.5969  MISS %:    3.40311   MPKI: 0.018475
PSCL3 LOAD TRANSLATION ACCESS:     108577  HIT:     104882  MISS:       3695  HIT %:    96.5969  MISS %:    3.40311   MPKI: 0.018475
PSCL3 PREFETCH  REQUESTED:          0  ISSUED:          0  USEFUL:          0  USELESS:          0
PSCL3 USEFUL LOAD PREFETCHES:          0 PREFETCH ISSUED TO LOWER LEVEL:          0  ACCURACY: -nan
PSCL3 TIMELY PREFETCHES:          0 LATE PREFETCHES: 0 DROPPED PREFETCHES: 0
PSCL3 PREFETCHES SAME FILL-ORIGIN LEVEL: 0 DIFFERENT FILL-ORIGIN LEVEL: 0

PSCL2 TOTAL     ACCESS:     109431  HIT:      53710  MISS:      55721  HIT %:    49.0812  MISS %:    50.9188   MPKI: 0.278605
PSCL2 LOAD TRANSLATION ACCESS:     109431  HIT:      53710  MISS:      55721  HIT %:    49.0812  MISS %:    50.9188   MPKI: 0.278605
PSCL2 PREFETCH  REQUESTED:          0  ISSUED:          0  USEFUL:          0  USELESS:          0
PSCL2 USEFUL LOAD PREFETCHES:          0 PREFETCH ISSUED TO LOWER LEVEL:          0  ACCURACY: -nan
PSCL2 TIMELY PREFETCHES:          0 LATE PREFETCHES: 0 DROPPED PREFETCHES: 0
PSCL2 PREFETCHES SAME FILL-ORIGIN LEVEL: 0 DIFFERENT FILL-ORIGIN LEVEL: 0

LLC TOTAL     ACCESS:    1467585  HIT:     234716  MISS:    1232869  HIT %:    15.9933  MISS %:    84.0067   MPKI: 6.16434
LLC LOAD      ACCESS:     285152  HIT:      88373  MISS:     196779  HIT %:    30.9915  MISS %:    69.0085   MPKI: 0.983895
LLC RFO       ACCESS:     144073  HIT:       6776  MISS:     137297  HIT %:    4.70317  MISS %:    95.2968   MPKI: 0.686485
LLC PREFETCH  ACCESS:     550344  HIT:      41152  MISS:     509192  HIT %:     7.4775  MISS %:    92.5225   MPKI: 2.54596
AGUS PREFETCH L1 MISS: 0
LLC WRITEBACK ACCESS:     431830  HIT:      81235  MISS:     350595  HIT %:    18.8118  MISS %:    81.1882   MPKI: 1.75297
LLC LOAD TRANSLATION ACCESS:      56186  HIT:      17180  MISS:      39006  HIT %:     30.577  MISS %:     69.423   MPKI: 0.19503
LLC PREFETCH  REQUESTED:          0  ISSUED:          0  USEFUL:       3819  USELESS:      95661
LLC USEFUL LOAD PREFETCHES:       3819 PREFETCH ISSUED TO LOWER LEVEL:     509192  ACCURACY: 0.750012
LLC TIMELY PREFETCHES:       3819 LATE PREFETCHES: 0 DROPPED PREFETCHES: 0
LLC PREFETCHES SAME FILL-ORIGIN LEVEL: 0 DIFFERENT FILL-ORIGIN LEVEL: 0
LLC AVERAGE MISS LATENCY:    125.203 cycles AVERAGE LOAD MISS LATENCY:    193.952 cycles Load Miss     196779
LLC Average MSHR Occupancy:    0.90797
LLC RQ	ACCESS:     485419	FORWARD:          0	MERGED:          0	TO_CACHE:     485411
LLC WQ	ACCESS:     431830	FORWARD:          8	MERGED:          0	TO_CACHE:     431830
LLC PQ	ACCESS:     550344	FORWARD:          0	MERGED:          0	TO_CACHE:     550344

LLC Dense regions hint to LLC: 0

RAW hits: 711752
Loads Generated: 31921995
Loads sent to L1D: 31210236
Stores Generated: 9718167
Stores sent to L1D: 9718170
Major fault: 0 Minor fault: 61128
Allocated PAGES: 61128

stream: 
stream:times selected: 7496552
stream:pref_filled: 365845
stream:pref_useful: 55216
stream:pref_late: 21719
stream:misses: 96148
stream:misses_by_poll: 0

CS: 
CS:times selected: 5006208
CS:pref_filled: 1037999
CS:pref_useful: 998400
CS:pref_late: 30503
CS:misses: 65514
CS:misses_by_poll: 4319

CPLX: 
CPLX:times selected: 2451688
CPLX:pref_filled: 135925
CPLX:pref_useful: 21446
CPLX:pref_late: 8760
CPLX:misses: 439884
CPLX:misses_by_poll: 191

NL_L1: 
NL:times selected: 13400
NL:pref_filled: 2735
NL:pref_useful: 421
NL:pref_late: 52
NL:misses: 3103
NL:misses_by_poll: 0

total selections: 14967848
total_filled: 876329
total_useful: 638354
total_late: 64192
total_polluted: 4510
total_misses_after_warmup: 536509
conflicts: 584070
Degree Incremented Times: 132910
Degree Decremented Times: 514161

L1 IP Table Write Accesses: 13751128
L1 IP Table Read Accesses: 13167058
L1 RST Write Accesses: 4203821
L1 RST Read Accesses: 8407642
L1 CSPT Write Accesses: 4203821
L1 CSPT Read Accesses: 5479242
L1 RR Filter Tag Write Accesses: 1684005
L1 RR Filter Tag Read Accesses: 333685893
L1 IP Table Tag Write Accesses: 14874445
L1 IP Table Tag Read Accesses: 14874445
L1 RST Tag Write Accesses: 0
L1 RST Tag Read Accesses: 37975425
L1 RR Filter Write Accesses: 0
L1 RR Filter Read Accesses: 13182933
test: 885546
================ Mockingjay (LLC) Pollution Stats ================
Total pollution count in LLC: 38499
==================================================================

DRAM Statistics
 CHANNEL 0
 RQ ROW_BUFFER_HIT:     294253  ROW_BUFFER_MISS:     588012
 DBUS_CONGESTED:       1915
 WQ ROW_BUFFER_HIT:     117169  ROW_BUFFER_MISS:     300493  FULL:       9970

 AVG_CONGESTED_CYCLE: 5
 All warmup complete: 2
Channel 0 Bank busy for read cycles: 0
Channel 0 Bank busy for write cycles: 0
Channel 0
Rank 0
0banks busy for read cycles: 87645674
0banks busy for write cycles: 93784
1banks busy for read cycles: 24867744
1banks busy for write cycles: 13921581
2banks busy for read cycles: 13879380
2banks busy for write cycles: 6038399
3banks busy for read cycles: 5494216
3banks busy for write cycles: 2844365
4banks busy for read cycles: 3099876
4banks busy for write cycles: 1733441
5banks busy for read cycles: 1732129
5banks busy for write cycles: 1150924
6banks busy for read cycles: 943327
6banks busy for write cycles: 869803
7banks busy for read cycles: 562937
7banks busy for write cycles: 961090
8banks busy for read cycles: 438656
8banks busy for write cycles: 2755679

CPU 0 Branch Prediction Accuracy: 97.646% MPKI: 0.864635 Average ROB Occupancy at Mispredict: 44.7112
Branch types
NOT_BRANCH: 192653297 96.3266%
BRANCH_DIRECT_JUMP: 876953 0.438476%
BRANCH_INDIRECT: 30715 0.0153575%
BRANCH_CONDITIONAL: 5862565 2.93128%
BRANCH_DIRECT_CALL: 238466 0.119233%
BRANCH_INDIRECT_CALL: 46649 0.0233245%
BRANCH_RETURN: 288065 0.144032%
BRANCH_OTHER: 2805 0.0014025%

===================== LRU L1D STATS =====================
Total pollution count in L1D: 264734
=========================================================
================ SRRIP (L2C) Pollution Stats ================
Total pollution count in L2c: 353216
==================================================================
DRAM PAGES: 1048576
Allocated PAGES: 61128
