
*** ChampSim Multicore Out-of-Order Simulator ***

Warmup Instructions: 200000000
Simulation Instructions: 200000000
Number of CPUs: 1
LLC sets: 4096
LLC ways: 12
Off-chip DRAM Size: 4096 MB Channels: 1 Width: 64-bit Data Rate: 6400 MT/s
CPU 0 runs /home1/sweta/traces/DPC4-Traces/Google_Traces_v2/Google_Traces_v2/charlie/charlie_0002.champsim.gz
.gz
BTB has LRU replacement policy
ITLB has LRU replacement policy
DTLB has LRU replacement policy
STLB has LRU replacement policy
L1I has LRU replacement policy
IP Table Entries: 1024
CSPT Entries: 128
RR_ENTRIES: 32
RST_ENTRIES: 8
L1D has LRU replacement policy
Initialize SRRIP state for L2C
Initialize Mockingjay state for LLC
Heartbeat CPU 0 instructions: 10000007 cycles: 2166302 heartbeat IPC: 4.61616 cumulative IPC: 4.61616 (Simulation time: 0 hr 0 min 27 sec) 
Heartbeat CPU 0 instructions: 20000005 cycles: 4379340 heartbeat IPC: 4.51867 cumulative IPC: 4.5669 (Simulation time: 0 hr 0 min 54 sec) 
Heartbeat CPU 0 instructions: 30000004 cycles: 6493144 heartbeat IPC: 4.73081 cumulative IPC: 4.62026 (Simulation time: 0 hr 1 min 21 sec) 
Heartbeat CPU 0 instructions: 40000003 cycles: 8764930 heartbeat IPC: 4.40182 cumulative IPC: 4.56364 (Simulation time: 0 hr 1 min 49 sec) 
Heartbeat CPU 0 instructions: 50000004 cycles: 10938397 heartbeat IPC: 4.60094 cumulative IPC: 4.57105 (Simulation time: 0 hr 2 min 17 sec) 
Heartbeat CPU 0 instructions: 60000005 cycles: 13205612 heartbeat IPC: 4.4107 cumulative IPC: 4.54352 (Simulation time: 0 hr 2 min 46 sec) 
Heartbeat CPU 0 instructions: 70000003 cycles: 15271799 heartbeat IPC: 4.83983 cumulative IPC: 4.58361 (Simulation time: 0 hr 3 min 14 sec) 
Heartbeat CPU 0 instructions: 80000001 cycles: 17299189 heartbeat IPC: 4.93245 cumulative IPC: 4.62449 (Simulation time: 0 hr 3 min 43 sec) 
Heartbeat CPU 0 instructions: 90000000 cycles: 19338578 heartbeat IPC: 4.90343 cumulative IPC: 4.65391 (Simulation time: 0 hr 4 min 10 sec) 
Heartbeat CPU 0 instructions: 100000003 cycles: 21381494 heartbeat IPC: 4.89497 cumulative IPC: 4.67694 (Simulation time: 0 hr 4 min 36 sec) 
Heartbeat CPU 0 instructions: 110000006 cycles: 23413710 heartbeat IPC: 4.92074 cumulative IPC: 4.6981 (Simulation time: 0 hr 5 min 3 sec) 
Heartbeat CPU 0 instructions: 120000000 cycles: 25545042 heartbeat IPC: 4.6919 cumulative IPC: 4.69758 (Simulation time: 0 hr 5 min 30 sec) 
Heartbeat CPU 0 instructions: 130000001 cycles: 27907691 heartbeat IPC: 4.23254 cumulative IPC: 4.65821 (Simulation time: 0 hr 6 min 0 sec) 
Heartbeat CPU 0 instructions: 140000001 cycles: 30233274 heartbeat IPC: 4.3 cumulative IPC: 4.63066 (Simulation time: 0 hr 6 min 29 sec) 
Heartbeat CPU 0 instructions: 150000002 cycles: 32481733 heartbeat IPC: 4.44749 cumulative IPC: 4.61798 (Simulation time: 0 hr 6 min 58 sec) 
Heartbeat CPU 0 instructions: 160000002 cycles: 34912230 heartbeat IPC: 4.11438 cumulative IPC: 4.58292 (Simulation time: 0 hr 7 min 29 sec) 
Heartbeat CPU 0 instructions: 170000000 cycles: 37328822 heartbeat IPC: 4.13806 cumulative IPC: 4.55412 (Simulation time: 0 hr 8 min 1 sec) 
Heartbeat CPU 0 instructions: 180000000 cycles: 39808087 heartbeat IPC: 4.03345 cumulative IPC: 4.52169 (Simulation time: 0 hr 8 min 31 sec) 
Heartbeat CPU 0 instructions: 190000003 cycles: 42264799 heartbeat IPC: 4.07048 cumulative IPC: 4.49547 (Simulation time: 0 hr 9 min 1 sec) 
Heartbeat CPU 0 instructions: 200000000 cycles: 44928270 heartbeat IPC: 3.7545 cumulative IPC: 4.45154 (Simulation time: 0 hr 9 min 35 sec) 

Warmup complete CPU 0 instructions: 200000003 cycles: 44928271 (Simulation time: 0 hr 9 min 35 sec) 

Heartbeat CPU 0 instructions: 210000001 cycles: 70412231 heartbeat IPC: 0.392404 cumulative IPC: 0.392404 (Simulation time: 0 hr 10 min 6 sec) 
Heartbeat CPU 0 instructions: 220000000 cycles: 83415626 heartbeat IPC: 0.76903 cumulative IPC: 0.519651 (Simulation time: 0 hr 10 min 35 sec) 
Heartbeat CPU 0 instructions: 230000000 cycles: 97181448 heartbeat IPC: 0.726437 cumulative IPC: 0.574128 (Simulation time: 0 hr 11 min 4 sec) 
Heartbeat CPU 0 instructions: 240000000 cycles: 110552820 heartbeat IPC: 0.747866 cumulative IPC: 0.609528 (Simulation time: 0 hr 11 min 35 sec) 
Heartbeat CPU 0 instructions: 250000005 cycles: 130677786 heartbeat IPC: 0.496895 cumulative IPC: 0.583094 (Simulation time: 0 hr 12 min 10 sec) 
Heartbeat CPU 0 instructions: 260000003 cycles: 151392858 heartbeat IPC: 0.48274 cumulative IPC: 0.563568 (Simulation time: 0 hr 12 min 47 sec) 
Heartbeat CPU 0 instructions: 270000000 cycles: 177810021 heartbeat IPC: 0.378542 cumulative IPC: 0.526784 (Simulation time: 0 hr 13 min 25 sec) 
Heartbeat CPU 0 instructions: 280000001 cycles: 210194087 heartbeat IPC: 0.308794 cumulative IPC: 0.484069 (Simulation time: 0 hr 13 min 59 sec) 
Heartbeat CPU 0 instructions: 290000005 cycles: 247330785 heartbeat IPC: 0.269276 cumulative IPC: 0.444659 (Simulation time: 0 hr 14 min 33 sec) 
Heartbeat CPU 0 instructions: 300000000 cycles: 265875641 heartbeat IPC: 0.539233 cumulative IPC: 0.452596 (Simulation time: 0 hr 14 min 56 sec) 
Heartbeat CPU 0 instructions: 310000000 cycles: 283513790 heartbeat IPC: 0.566953 cumulative IPC: 0.461051 (Simulation time: 0 hr 15 min 20 sec) 
Heartbeat CPU 0 instructions: 320000000 cycles: 314981660 heartbeat IPC: 0.317784 cumulative IPC: 0.444357 (Simulation time: 0 hr 15 min 54 sec) 
Heartbeat CPU 0 instructions: 330000000 cycles: 344057004 heartbeat IPC: 0.343934 cumulative IPC: 0.434595 (Simulation time: 0 hr 16 min 30 sec) 
Heartbeat CPU 0 instructions: 340000000 cycles: 367500561 heartbeat IPC: 0.426556 cumulative IPC: 0.434011 (Simulation time: 0 hr 17 min 9 sec) 
Heartbeat CPU 0 instructions: 350000003 cycles: 386842121 heartbeat IPC: 0.517022 cumulative IPC: 0.438707 (Simulation time: 0 hr 17 min 51 sec) 
Heartbeat CPU 0 instructions: 360000000 cycles: 406342865 heartbeat IPC: 0.512801 cumulative IPC: 0.442705 (Simulation time: 0 hr 18 min 32 sec) 
Heartbeat CPU 0 instructions: 370000000 cycles: 425592872 heartbeat IPC: 0.51948 cumulative IPC: 0.446587 (Simulation time: 0 hr 19 min 11 sec) 
Heartbeat CPU 0 instructions: 380000006 cycles: 444837078 heartbeat IPC: 0.519637 cumulative IPC: 0.450103 (Simulation time: 0 hr 19 min 49 sec) 
Heartbeat CPU 0 instructions: 390000000 cycles: 464703130 heartbeat IPC: 0.503371 cumulative IPC: 0.452624 (Simulation time: 0 hr 20 min 30 sec) 
Heartbeat CPU 0 instructions: 400000000 cycles: 485332990 heartbeat IPC: 0.484734 cumulative IPC: 0.454128 (Simulation time: 0 hr 21 min 3 sec) 
Finished CPU 0 instructions: 200000000 cycles: 440404737 cumulative IPC: 0.454128 (Simulation time: 0 hr 21 min 3 sec) 

ChampSim completed all CPUs

Region of Interest Statistics

CPU 0 cumulative IPC: 0.454128 instructions: 200000000 cycles: 440404737
ITLB TOTAL     ACCESS:   22283247  HIT:   22220645  MISS:      62602  HIT %:    99.7191  MISS %:   0.280938   MPKI: 0.31301
ITLB LOAD TRANSLATION ACCESS:   22283247  HIT:   22220645  MISS:      62602  HIT %:    99.7191  MISS %:   0.280938   MPKI: 0.31301
ITLB PREFETCH  REQUESTED:          0  ISSUED:          0  USEFUL:          0  USELESS:          0
ITLB USEFUL LOAD PREFETCHES:          0 PREFETCH ISSUED TO LOWER LEVEL:          0  ACCURACY: -nan
ITLB TIMELY PREFETCHES:          0 LATE PREFETCHES: 0 DROPPED PREFETCHES: 0
ITLB PREFETCHES SAME FILL-ORIGIN LEVEL: 0 DIFFERENT FILL-ORIGIN LEVEL: 0
ITLB AVERAGE MISS LATENCY:    41.3779 cycles AVERAGE LOAD MISS LATENCY:       -nan cycles Load Miss          0
ITLB Average MSHR Occupancy: 0.00568545
ITLB RQ	ACCESS:   24862644	FORWARD:          0	MERGED:    2526166	TO_CACHE:   22336478

DTLB TOTAL     ACCESS:   41975793  HIT:   40686223  MISS:    1289570  HIT %:    96.9278  MISS %:    3.07218   MPKI: 6.44785
DTLB LOAD TRANSLATION ACCESS:   41975793  HIT:   40686223  MISS:    1289570  HIT %:    96.9278  MISS %:    3.07218   MPKI: 6.44785
DTLB PREFETCH  REQUESTED:          0  ISSUED:          0  USEFUL:          0  USELESS:          0
DTLB USEFUL LOAD PREFETCHES:          0 PREFETCH ISSUED TO LOWER LEVEL:          0  ACCURACY: -nan
DTLB TIMELY PREFETCHES:          0 LATE PREFETCHES: 0 DROPPED PREFETCHES: 0
DTLB PREFETCHES SAME FILL-ORIGIN LEVEL: 0 DIFFERENT FILL-ORIGIN LEVEL: 0
DTLB AVERAGE MISS LATENCY:    37.2063 cycles AVERAGE LOAD MISS LATENCY:       -nan cycles Load Miss          0
DTLB Average MSHR Occupancy:  0.0957967
DTLB RQ	ACCESS:   54246075	FORWARD:          0	MERGED:   12160556	TO_CACHE:   42085519

STLB TOTAL     ACCESS:    4248553  HIT:    4060839  MISS:     187714  HIT %:    95.5817  MISS %:     4.4183   MPKI: 0.93857
STLB LOAD TRANSLATION ACCESS:    1352172  HIT:    1164459  MISS:     187713  HIT %:    86.1177  MISS %:    13.8823   MPKI: 0.938565
STLB TRANSLATION FROM L1D PREFETCHER ACCESS:    2896381  HIT:    2896380  MISS:          1  HIT %:        100  MISS %: 3.45258e-05   MPKI: 5e-06
STLB PREFETCH  REQUESTED:          0  ISSUED:          0  USEFUL:          1  USELESS:          0
STLB USEFUL LOAD PREFETCHES:          1 PREFETCH ISSUED TO LOWER LEVEL:          0  ACCURACY: inf
STLB TIMELY PREFETCHES:          1 LATE PREFETCHES: 0 DROPPED PREFETCHES: 0
STLB PREFETCHES SAME FILL-ORIGIN LEVEL: 0 DIFFERENT FILL-ORIGIN LEVEL: 0
STLB AVERAGE MISS LATENCY:    203.625 cycles AVERAGE LOAD MISS LATENCY:       -nan cycles Load Miss          0
STLB Average MSHR Occupancy:  0.0752146
STLB RQ	ACCESS:    5670700	FORWARD:          0	MERGED:    1422147	TO_CACHE:    4248553

STLB Hit, L1D data hit: 0
STLB Hit, L2C data hit: 0
STLB Hit, LLC data hit: 0
STLB Hit, LLC data miss: 0
STLB STLB hints to L2: 0
L1D TOTAL     ACCESS:   56544511  HIT:   53570926  MISS:    2973585  HIT %:    94.7412  MISS %:    5.25884   MPKI: 14.8679
L1D LOAD      ACCESS:   30636077  HIT:   29431580  MISS:    1204497  HIT %:    96.0684  MISS %:    3.93163   MPKI: 6.02248
L1D RFO       ACCESS:   21828594  HIT:   21273301  MISS:     555293  HIT %:    97.4561  MISS %:    2.54388   MPKI: 2.77646
L1D PREFETCH  ACCESS:    4079840  HIT:    2866045  MISS:    1213795  HIT %:     70.249  MISS %:     29.751   MPKI: 6.06898
AGUS PREFETCH L1 MISS: 0
L1D PREFETCH  REQUESTED:    8685016  ISSUED:    8639244  USEFUL:     524859  USELESS:     688965
L1D USEFUL LOAD PREFETCHES:     524859 PREFETCH ISSUED TO LOWER LEVEL:    1299297  ACCURACY: 40.3956
L1D TIMELY PREFETCHES:     524859 LATE PREFETCHES: 55436 DROPPED PREFETCHES: 0
L1D PREFETCHES SAME FILL-ORIGIN LEVEL: 1299297 DIFFERENT FILL-ORIGIN LEVEL: 0
L1D AVERAGE MISS LATENCY:    132.616 cycles AVERAGE LOAD MISS LATENCY:    99.7764 cycles Load Miss    1204497
L1D Average MSHR Occupancy:   0.947418
L1D RQ	ACCESS:   47250961	FORWARD:          0	MERGED:   15302615	TO_CACHE:   30791724
L1D WQ	ACCESS:   24236472	FORWARD:    1158810	MERGED:     782121	TO_CACHE:   23454351
L1D PQ	ACCESS:    4320716	FORWARD:          0	MERGED:          0	TO_CACHE:    4318528

L1D UNIQUE REGIONS ACCESSED: 0
L1D REGIONS CONFLICTS: 0
L1D Cross Page Prefetch Requests: 0
L1D Same Page Prefetch Requests: 8404930
L1D ROI Sum of L1D PQ occupancy: 57750517
L1D PREFETCHES PUSHED FROM L2C: 0
L1I TOTAL     ACCESS:   24366551  HIT:   15031323  MISS:    9335228  HIT %:    61.6883  MISS %:    38.3117   MPKI: 46.6761
L1I LOAD      ACCESS:   24366551  HIT:   15031323  MISS:    9335228  HIT %:    61.6883  MISS %:    38.3117   MPKI: 46.6761
L1I PREFETCH  REQUESTED:          0  ISSUED:          0  USEFUL:          0  USELESS:          0
L1I USEFUL LOAD PREFETCHES:          0 PREFETCH ISSUED TO LOWER LEVEL:          0  ACCURACY: -nan
L1I TIMELY PREFETCHES:          0 LATE PREFETCHES: 0 DROPPED PREFETCHES: 0
L1I PREFETCHES SAME FILL-ORIGIN LEVEL: 0 DIFFERENT FILL-ORIGIN LEVEL: 0
L1I AVERAGE MISS LATENCY:    18.3111 cycles AVERAGE LOAD MISS LATENCY:    18.3111 cycles Load Miss    9335228
L1I Average MSHR Occupancy:   0.377769
L1I RQ	ACCESS:   48520935	FORWARD:          0	MERGED:   23658291	TO_CACHE:   24862644

BTB TOTAL     ACCESS:   20843630  HIT:   19869997  MISS:     973633  HIT %:    95.3289  MISS %:    4.67113   MPKI: 4.86817
BTB BRANCH_DIRECT_JUMP	ACCESS:    2709895  HIT:    2655461  MISS:      54434
BTB BRANCH_INDIRECT	ACCESS:     291308  HIT:     184997  MISS:     106311
BTB BRANCH_CONDITIONAL	ACCESS:   13997985  HIT:   13941598  MISS:      56387
BTB BRANCH_DIRECT_CALL	ACCESS:    1726848  HIT:    1678580  MISS:      48268
BTB BRANCH_INDIRECT_CALL	ACCESS:     194502  HIT:     126074  MISS:      68428
BTB BRANCH_RETURN	ACCESS:    1922820  HIT:    1283072  MISS:     639748
BTB BRANCH_OTHER ACCESS:        272  HIT:        215  MISS:         57

L2C TOTAL     ACCESS:   13660609  HIT:   11740215  MISS:    1920394  HIT %:    85.9421  MISS %:    14.0579   MPKI: 9.60197
L2C LOAD      ACCESS:   10484258  HIT:    9828570  MISS:     655688  HIT %:     93.746  MISS %:    6.25402   MPKI: 3.27844
L2C DATA LOAD MPKI: 2.32708
L2C INSTRUCTION LOAD MPKI: 0.951355
L2C RFO       ACCESS:     525161  HIT:      96859  MISS:     428302  HIT %:    18.4437  MISS %:    81.5563   MPKI: 2.14151
L2C PREFETCH  ACCESS:    1299292  HIT:     561356  MISS:     737936  HIT %:    43.2048  MISS %:    56.7952   MPKI: 3.68968
AGUS PREFETCH L1 MISS: 0
L2C DATA PREFETCH MPKI: 3.68968
L2C INSTRUCTION PREFETCH MPKI: 0
L2C WRITEBACK ACCESS:    1024911  HIT:    1024497  MISS:        414  HIT %:    99.9596  MISS %:  0.0403938   MPKI: 0.00207
L2C LOAD TRANSLATION ACCESS:     326983  HIT:     228930  MISS:      98053  HIT %:    70.0128  MISS %:    29.9872   MPKI: 0.490265
L2C TRANSLATION FROM L1D PREFETCHER ACCESS:          4  HIT:          3  MISS:          1  HIT %:         75  MISS %:         25   MPKI: 5e-06
L2C PREFETCH  REQUESTED:          0  ISSUED:          0  USEFUL:      29287  USELESS:     701496
L2C USEFUL LOAD PREFETCHES:      29287 PREFETCH ISSUED TO LOWER LEVEL:     737936  ACCURACY: 3.96877
L2C TIMELY PREFETCHES:      29287 LATE PREFETCHES: 0 DROPPED PREFETCHES: 0
L2C PREFETCHES SAME FILL-ORIGIN LEVEL: 0 DIFFERENT FILL-ORIGIN LEVEL: 0
L2C AVERAGE MISS LATENCY:    221.931 cycles AVERAGE LOAD MISS LATENCY:    215.213 cycles Load Miss     655688
L2C Average MSHR Occupancy:   0.953184
L2C RQ	ACCESS:   11336501	FORWARD:          0	MERGED:          0	TO_CACHE:   11336405
L2C WQ	ACCESS:    1024911	FORWARD:        101	MERGED:          0	TO_CACHE:    1024911
L2C PQ	ACCESS:    1299297	FORWARD:          0	MERGED:          0	TO_CACHE:    1299292

L2C Instructions Evicting Data 149681
L2C Translations Evicting Data 80103
L2C Data Evicting Data 1401302
L2C Instructions Evicting Instructions 28282
L2C Translations Evicting Instructions 11872
L2C Data Evicting Instructions 149332
L2C Instructions Evicting Translations 12308
L2C Translations Evicting Translations 6079
L2C Data Evicting Translations 81021
L2C Dense regions hint from L2: 0
PSCL5 TOTAL     ACCESS:     187714  HIT:     187714  MISS:          0  HIT %:        100  MISS %:          0   MPKI: 0
PSCL5 LOAD TRANSLATION ACCESS:     187713  HIT:     187713  MISS:          0  HIT %:        100  MISS %:          0   MPKI: 0
PSCL5 TRANSLATION FROM L1D PREFETCHER ACCESS:          1  HIT:          1  MISS:          0  HIT %:        100  MISS %:          0   MPKI: 0
PSCL5 PREFETCH  REQUESTED:          0  ISSUED:          0  USEFUL:          0  USELESS:          0
PSCL5 USEFUL LOAD PREFETCHES:          0 PREFETCH ISSUED TO LOWER LEVEL:          0  ACCURACY: -nan
PSCL5 TIMELY PREFETCHES:          0 LATE PREFETCHES: 0 DROPPED PREFETCHES: 0
PSCL5 PREFETCHES SAME FILL-ORIGIN LEVEL: 0 DIFFERENT FILL-ORIGIN LEVEL: 0

PSCL4 TOTAL     ACCESS:     186720  HIT:     186040  MISS:        680  HIT %:    99.6358  MISS %:   0.364182   MPKI: 0.0034
PSCL4 LOAD TRANSLATION ACCESS:     186720  HIT:     186040  MISS:        680  HIT %:    99.6358  MISS %:   0.364182   MPKI: 0.0034
PSCL4 PREFETCH  REQUESTED:          0  ISSUED:          0  USEFUL:          0  USELESS:          0
PSCL4 USEFUL LOAD PREFETCHES:          0 PREFETCH ISSUED TO LOWER LEVEL:          0  ACCURACY: -nan
PSCL4 TIMELY PREFETCHES:          0 LATE PREFETCHES: 0 DROPPED PREFETCHES: 0
PSCL4 PREFETCHES SAME FILL-ORIGIN LEVEL: 0 DIFFERENT FILL-ORIGIN LEVEL: 0

PSCL3 TOTAL     ACCESS:     175468  HIT:     136656  MISS:      38812  HIT %:    77.8809  MISS %:    22.1191   MPKI: 0.19406
PSCL3 LOAD TRANSLATION ACCESS:     175468  HIT:     136656  MISS:      38812  HIT %:    77.8809  MISS %:    22.1191   MPKI: 0.19406
PSCL3 PREFETCH  REQUESTED:          0  ISSUED:          0  USEFUL:          0  USELESS:          0
PSCL3 USEFUL LOAD PREFETCHES:          0 PREFETCH ISSUED TO LOWER LEVEL:          0  ACCURACY: -nan
PSCL3 TIMELY PREFETCHES:          0 LATE PREFETCHES: 0 DROPPED PREFETCHES: 0
PSCL3 PREFETCHES SAME FILL-ORIGIN LEVEL: 0 DIFFERENT FILL-ORIGIN LEVEL: 0

PSCL2 TOTAL     ACCESS:     187714  HIT:      87018  MISS:     100696  HIT %:    46.3567  MISS %:    53.6433   MPKI: 0.50348
PSCL2 LOAD TRANSLATION ACCESS:     187714  HIT:      87018  MISS:     100696  HIT %:    46.3567  MISS %:    53.6433   MPKI: 0.50348
PSCL2 PREFETCH  REQUESTED:          0  ISSUED:          0  USEFUL:          0  USELESS:          0
PSCL2 USEFUL LOAD PREFETCHES:          0 PREFETCH ISSUED TO LOWER LEVEL:          0  ACCURACY: -nan
PSCL2 TIMELY PREFETCHES:          0 LATE PREFETCHES: 0 DROPPED PREFETCHES: 0
PSCL2 PREFETCHES SAME FILL-ORIGIN LEVEL: 0 DIFFERENT FILL-ORIGIN LEVEL: 0

LLC TOTAL     ACCESS:    2770739  HIT:     194161  MISS:    2576578  HIT %:    7.00755  MISS %:    92.9924   MPKI: 12.8829
LLC LOAD      ACCESS:     655688  HIT:      38515  MISS:     617173  HIT %:    5.87398  MISS %:     94.126   MPKI: 3.08587
LLC RFO       ACCESS:     428302  HIT:       2549  MISS:     425753  HIT %:   0.595141  MISS %:    99.4049   MPKI: 2.12877
LLC PREFETCH  ACCESS:     737936  HIT:      17288  MISS:     720648  HIT %:    2.34275  MISS %:    97.6572   MPKI: 3.60324
AGUS PREFETCH L1 MISS: 0
LLC WRITEBACK ACCESS:     850759  HIT:     123770  MISS:     726989  HIT %:    14.5482  MISS %:    85.4518   MPKI: 3.63495
LLC LOAD TRANSLATION ACCESS:      98053  HIT:      12038  MISS:      86015  HIT %:     12.277  MISS %:     87.723   MPKI: 0.430075
LLC TRANSLATION FROM L1D PREFETCHER ACCESS:          1  HIT:          1  MISS:          0  HIT %:        100  MISS %:          0   MPKI: 0
LLC PREFETCH  REQUESTED:          0  ISSUED:          0  USEFUL:       2033  USELESS:     129223
LLC USEFUL LOAD PREFETCHES:       2033 PREFETCH ISSUED TO LOWER LEVEL:     720648  ACCURACY: 0.282107
LLC TIMELY PREFETCHES:       2033 LATE PREFETCHES: 0 DROPPED PREFETCHES: 0
LLC PREFETCHES SAME FILL-ORIGIN LEVEL: 0 DIFFERENT FILL-ORIGIN LEVEL: 0
LLC AVERAGE MISS LATENCY:    131.301 cycles AVERAGE LOAD MISS LATENCY:    180.245 cycles Load Miss     617173
LLC Average MSHR Occupancy:   0.763973
LLC RQ	ACCESS:    1182044	FORWARD:          0	MERGED:          0	TO_CACHE:    1182044
LLC WQ	ACCESS:     850759	FORWARD:          0	MERGED:          0	TO_CACHE:     850759
LLC PQ	ACCESS:     737936	FORWARD:          0	MERGED:          0	TO_CACHE:     737936

LLC Dense regions hint to LLC: 0

RAW hits: 2817551
Loads Generated: 50068512
Loads sent to L1D: 47250961
Stores Generated: 24241445
Stores sent to L1D: 24241458
Major fault: 0 Minor fault: 179245
Allocated PAGES: 179245

stream: 
stream:times selected: 12677805
stream:pref_filled: 1268135
stream:pref_useful: 370011
stream:pref_late: 62261
stream:misses: 278842
stream:misses_by_poll: 0

CS: 
CS:times selected: 2047006
CS:pref_filled: 695167
CS:pref_useful: 577410
CS:pref_late: 49681
CS:misses: 118005
CS:misses_by_poll: 1436

CPLX: 
CPLX:times selected: 10551346
CPLX:pref_filled: 704637
CPLX:pref_useful: 211143
CPLX:pref_late: 9424
CPLX:misses: 1040952
CPLX:misses_by_poll: 848

NL_L1: 
NL:times selected: 79482
NL:pref_filled: 13113
NL:pref_useful: 4516
NL:pref_late: 628
NL:misses: 12372
NL:misses_by_poll: 1

total selections: 25355639
total_filled: 1213795
total_useful: 524859
total_late: 126663
total_polluted: 2285
total_misses_after_warmup: 1360144
conflicts: 2128746
Degree Incremented Times: 207883
Degree Decremented Times: 621503

L1 IP Table Write Accesses: 27488993
L1 IP Table Read Accesses: 25360247
L1 RST Write Accesses: 5986484
L1 RST Read Accesses: 11972968
L1 CSPT Write Accesses: 5986484
L1 CSPT Read Accesses: 11019824
L1 RR Filter Tag Write Accesses: 4366488
L1 RR Filter Tag Read Accesses: 271738192
L1 IP Table Tag Write Accesses: 30791724
L1 IP Table Tag Read Accesses: 30791724
L1 RST Tag Write Accesses: 0
L1 RST Tag Read Accesses: 52105783
L1 RR Filter Write Accesses: 0
L1 RR Filter Read Accesses: 10228893
test: 4140178
================ Mockingjay (LLC) Pollution Stats ================
Total pollution count in LLC: 51106
==================================================================

DRAM Statistics
 CHANNEL 0
 RQ ROW_BUFFER_HIT:     422673  ROW_BUFFER_MISS:    1426915
 DBUS_CONGESTED:       2117
 WQ ROW_BUFFER_HIT:     278975  ROW_BUFFER_MISS:     573109  FULL:        663

 AVG_CONGESTED_CYCLE: 4
 All warmup complete: 2
Channel 0 Bank busy for read cycles: 0
Channel 0 Bank busy for write cycles: 0
Channel 0
Rank 0
0banks busy for read cycles: 246542064
0banks busy for write cycles: 172072
1banks busy for read cycles: 72054950
1banks busy for write cycles: 28367036
2banks busy for read cycles: 31048676
2banks busy for write cycles: 12384973
3banks busy for read cycles: 13566957
3banks busy for write cycles: 6177731
4banks busy for read cycles: 6245918
4banks busy for write cycles: 3628632
5banks busy for read cycles: 3086036
5banks busy for write cycles: 2529818
6banks busy for read cycles: 1601110
6banks busy for write cycles: 2125690
7banks busy for read cycles: 892682
7banks busy for write cycles: 2541037
8banks busy for read cycles: 581440
8banks busy for write cycles: 6857916

CPU 0 Branch Prediction Accuracy: 98.0956% MPKI: 3.72385 Average ROB Occupancy at Mispredict: 50.5737
Branch types
NOT_BRANCH: 160891960 80.446%
BRANCH_DIRECT_JUMP: 2709895 1.35495%
BRANCH_INDIRECT: 291308 0.145654%
BRANCH_CONDITIONAL: 32261745 16.1309%
BRANCH_DIRECT_CALL: 1726848 0.863424%
BRANCH_INDIRECT_CALL: 194502 0.097251%
BRANCH_RETURN: 1922820 0.96141%
BRANCH_OTHER: 272 0.000136%

===================== LRU L1D STATS =====================
Total pollution count in L1D: 669973
=========================================================
================ SRRIP (L2C) Pollution Stats ================
Total pollution count in L2c: 780166
==================================================================
DRAM PAGES: 1048576
Allocated PAGES: 179245
