
*** ChampSim Multicore Out-of-Order Simulator ***

Warmup Instructions: 200000000
Simulation Instructions: 200000000
Number of CPUs: 1
LLC sets: 4096
LLC ways: 12
Off-chip DRAM Size: 4096 MB Channels: 1 Width: 64-bit Data Rate: 6400 MT/s
CPU 0 runs /home1/sweta/traces/DPC4-Traces/Google_Traces_v2/Google_Traces_v2/charlie/charlie_0004.champsim.gz
.gz
BTB has LRU replacement policy
ITLB has LRU replacement policy
DTLB has LRU replacement policy
STLB has LRU replacement policy
L1I has LRU replacement policy
IP Table Entries: 1024
CSPT Entries: 128
RR_ENTRIES: 32
RST_ENTRIES: 8
L1D has LRU replacement policy
Initialize SRRIP state for L2C
Initialize Mockingjay state for LLC
Heartbeat CPU 0 instructions: 10000007 cycles: 2125348 heartbeat IPC: 4.70512 cumulative IPC: 4.70512 (Simulation time: 0 hr 0 min 27 sec) 
Heartbeat CPU 0 instructions: 20000005 cycles: 4327347 heartbeat IPC: 4.54133 cumulative IPC: 4.62177 (Simulation time: 0 hr 0 min 54 sec) 
Heartbeat CPU 0 instructions: 30000002 cycles: 6375049 heartbeat IPC: 4.88352 cumulative IPC: 4.70585 (Simulation time: 0 hr 1 min 20 sec) 
Heartbeat CPU 0 instructions: 40000007 cycles: 8421723 heartbeat IPC: 4.88598 cumulative IPC: 4.74962 (Simulation time: 0 hr 1 min 46 sec) 
Heartbeat CPU 0 instructions: 50000001 cycles: 10702883 heartbeat IPC: 4.38373 cumulative IPC: 4.67164 (Simulation time: 0 hr 2 min 13 sec) 
Heartbeat CPU 0 instructions: 60000000 cycles: 13246698 heartbeat IPC: 3.9311 cumulative IPC: 4.52943 (Simulation time: 0 hr 2 min 42 sec) 
Heartbeat CPU 0 instructions: 70000003 cycles: 15922820 heartbeat IPC: 3.73675 cumulative IPC: 4.39621 (Simulation time: 0 hr 3 min 11 sec) 
Heartbeat CPU 0 instructions: 80000007 cycles: 18526982 heartbeat IPC: 3.84001 cumulative IPC: 4.31803 (Simulation time: 0 hr 3 min 39 sec) 
Heartbeat CPU 0 instructions: 90000000 cycles: 20710983 heartbeat IPC: 4.57875 cumulative IPC: 4.34552 (Simulation time: 0 hr 4 min 4 sec) 
Heartbeat CPU 0 instructions: 100000001 cycles: 22915561 heartbeat IPC: 4.53602 cumulative IPC: 4.36385 (Simulation time: 0 hr 4 min 30 sec) 
Heartbeat CPU 0 instructions: 110000000 cycles: 25162044 heartbeat IPC: 4.4514 cumulative IPC: 4.37166 (Simulation time: 0 hr 4 min 55 sec) 
Heartbeat CPU 0 instructions: 120000003 cycles: 27419742 heartbeat IPC: 4.42929 cumulative IPC: 4.37641 (Simulation time: 0 hr 5 min 21 sec) 
Heartbeat CPU 0 instructions: 130000006 cycles: 29646802 heartbeat IPC: 4.49023 cumulative IPC: 4.38496 (Simulation time: 0 hr 5 min 47 sec) 
Heartbeat CPU 0 instructions: 140000001 cycles: 31948771 heartbeat IPC: 4.3441 cumulative IPC: 4.38202 (Simulation time: 0 hr 6 min 15 sec) 
Heartbeat CPU 0 instructions: 150000001 cycles: 34434249 heartbeat IPC: 4.02337 cumulative IPC: 4.35613 (Simulation time: 0 hr 6 min 42 sec) 
Heartbeat CPU 0 instructions: 160000001 cycles: 36714466 heartbeat IPC: 4.38555 cumulative IPC: 4.35796 (Simulation time: 0 hr 7 min 8 sec) 
Heartbeat CPU 0 instructions: 170000000 cycles: 39303410 heartbeat IPC: 3.86258 cumulative IPC: 4.32532 (Simulation time: 0 hr 7 min 36 sec) 
Heartbeat CPU 0 instructions: 180000000 cycles: 42092247 heartbeat IPC: 3.58572 cumulative IPC: 4.27632 (Simulation time: 0 hr 8 min 7 sec) 
Heartbeat CPU 0 instructions: 190000006 cycles: 44471985 heartbeat IPC: 4.20215 cumulative IPC: 4.27235 (Simulation time: 0 hr 8 min 36 sec) 
Heartbeat CPU 0 instructions: 200000000 cycles: 47078576 heartbeat IPC: 3.83643 cumulative IPC: 4.24822 (Simulation time: 0 hr 9 min 4 sec) 

Warmup complete CPU 0 instructions: 200000002 cycles: 47078577 (Simulation time: 0 hr 9 min 4 sec) 

Heartbeat CPU 0 instructions: 210000002 cycles: 68336251 heartbeat IPC: 0.470418 cumulative IPC: 0.470418 (Simulation time: 0 hr 9 min 43 sec) 
Heartbeat CPU 0 instructions: 220000002 cycles: 88419779 heartbeat IPC: 0.49792 cumulative IPC: 0.483779 (Simulation time: 0 hr 10 min 26 sec) 
Heartbeat CPU 0 instructions: 230000002 cycles: 106452439 heartbeat IPC: 0.554549 cumulative IPC: 0.505273 (Simulation time: 0 hr 11 min 10 sec) 
Heartbeat CPU 0 instructions: 240000001 cycles: 126890528 heartbeat IPC: 0.489282 cumulative IPC: 0.501178 (Simulation time: 0 hr 11 min 49 sec) 
Heartbeat CPU 0 instructions: 250000005 cycles: 152473371 heartbeat IPC: 0.390887 cumulative IPC: 0.474407 (Simulation time: 0 hr 12 min 27 sec) 
Heartbeat CPU 0 instructions: 260000000 cycles: 177813504 heartbeat IPC: 0.394631 cumulative IPC: 0.458944 (Simulation time: 0 hr 12 min 59 sec) 
Heartbeat CPU 0 instructions: 270000000 cycles: 197127375 heartbeat IPC: 0.517763 cumulative IPC: 0.466515 (Simulation time: 0 hr 13 min 27 sec) 
Heartbeat CPU 0 instructions: 280000000 cycles: 230827038 heartbeat IPC: 0.296739 cumulative IPC: 0.435378 (Simulation time: 0 hr 14 min 4 sec) 
Heartbeat CPU 0 instructions: 290000005 cycles: 261443249 heartbeat IPC: 0.326625 cumulative IPC: 0.419845 (Simulation time: 0 hr 14 min 40 sec) 
Heartbeat CPU 0 instructions: 300000004 cycles: 285339197 heartbeat IPC: 0.418481 cumulative IPC: 0.419708 (Simulation time: 0 hr 15 min 15 sec) 
Heartbeat CPU 0 instructions: 310000003 cycles: 308642193 heartbeat IPC: 0.429129 cumulative IPC: 0.420548 (Simulation time: 0 hr 15 min 54 sec) 
Heartbeat CPU 0 instructions: 320000000 cycles: 332692014 heartbeat IPC: 0.415803 cumulative IPC: 0.420148 (Simulation time: 0 hr 16 min 26 sec) 
Heartbeat CPU 0 instructions: 330000002 cycles: 354766471 heartbeat IPC: 0.453012 cumulative IPC: 0.422506 (Simulation time: 0 hr 16 min 58 sec) 
Heartbeat CPU 0 instructions: 340000000 cycles: 380022802 heartbeat IPC: 0.39594 cumulative IPC: 0.420491 (Simulation time: 0 hr 17 min 32 sec) 
Heartbeat CPU 0 instructions: 350000007 cycles: 407723659 heartbeat IPC: 0.361 cumulative IPC: 0.415921 (Simulation time: 0 hr 18 min 6 sec) 
Heartbeat CPU 0 instructions: 360000000 cycles: 437117149 heartbeat IPC: 0.340211 cumulative IPC: 0.410216 (Simulation time: 0 hr 18 min 35 sec) 
Heartbeat CPU 0 instructions: 370000001 cycles: 465854822 heartbeat IPC: 0.347975 cumulative IPC: 0.405945 (Simulation time: 0 hr 19 min 5 sec) 
Heartbeat CPU 0 instructions: 380000004 cycles: 492819353 heartbeat IPC: 0.370858 cumulative IPC: 0.403822 (Simulation time: 0 hr 19 min 33 sec) 
Heartbeat CPU 0 instructions: 390000004 cycles: 513248975 heartbeat IPC: 0.489485 cumulative IPC: 0.407576 (Simulation time: 0 hr 20 min 1 sec) 
Heartbeat CPU 0 instructions: 400000000 cycles: 536429038 heartbeat IPC: 0.431405 cumulative IPC: 0.408705 (Simulation time: 0 hr 20 min 32 sec) 
Finished CPU 0 instructions: 200000006 cycles: 489350462 cumulative IPC: 0.408705 (Simulation time: 0 hr 20 min 32 sec) 

ChampSim completed all CPUs

Region of Interest Statistics

CPU 0 cumulative IPC: 0.408705 instructions: 200000006 cycles: 489350462
ITLB TOTAL     ACCESS:   21563388  HIT:   21497364  MISS:      66024  HIT %:    99.6938  MISS %:   0.306186   MPKI: 0.33012
ITLB LOAD TRANSLATION ACCESS:   21563388  HIT:   21497364  MISS:      66024  HIT %:    99.6938  MISS %:   0.306186   MPKI: 0.33012
ITLB PREFETCH  REQUESTED:          0  ISSUED:          0  USEFUL:          0  USELESS:          0
ITLB USEFUL LOAD PREFETCHES:          0 PREFETCH ISSUED TO LOWER LEVEL:          0  ACCURACY: -nan
ITLB TIMELY PREFETCHES:          0 LATE PREFETCHES: 0 DROPPED PREFETCHES: 0
ITLB PREFETCHES SAME FILL-ORIGIN LEVEL: 0 DIFFERENT FILL-ORIGIN LEVEL: 0
ITLB AVERAGE MISS LATENCY:    48.6142 cycles AVERAGE LOAD MISS LATENCY:       -nan cycles Load Miss          0
ITLB Average MSHR Occupancy: 0.00617073
ITLB RQ	ACCESS:   24103121	FORWARD:          0	MERGED:    2488282	TO_CACHE:   21614839

DTLB TOTAL     ACCESS:   42306984  HIT:   40200885  MISS:    2106099  HIT %:    95.0219  MISS %:    4.97814   MPKI: 10.5305
DTLB LOAD TRANSLATION ACCESS:   42306984  HIT:   40200885  MISS:    2106099  HIT %:    95.0219  MISS %:    4.97814   MPKI: 10.5305
DTLB PREFETCH  REQUESTED:          0  ISSUED:          0  USEFUL:          0  USELESS:          0
DTLB USEFUL LOAD PREFETCHES:          0 PREFETCH ISSUED TO LOWER LEVEL:          0  ACCURACY: -nan
DTLB TIMELY PREFETCHES:          0 LATE PREFETCHES: 0 DROPPED PREFETCHES: 0
DTLB PREFETCHES SAME FILL-ORIGIN LEVEL: 0 DIFFERENT FILL-ORIGIN LEVEL: 0
DTLB AVERAGE MISS LATENCY:    36.7228 cycles AVERAGE LOAD MISS LATENCY:       -nan cycles Load Miss          0
DTLB Average MSHR Occupancy:   0.141412
DTLB RQ	ACCESS:   54763824	FORWARD:          0	MERGED:   12253066	TO_CACHE:   42510758

STLB TOTAL     ACCESS:    5354179  HIT:    5026661  MISS:     327518  HIT %:    93.8829  MISS %:    6.11705   MPKI: 1.63759
STLB LOAD TRANSLATION ACCESS:    2172123  HIT:    1844608  MISS:     327515  HIT %:    84.9219  MISS %:    15.0781   MPKI: 1.63757
STLB TRANSLATION FROM L1D PREFETCHER ACCESS:    3182056  HIT:    3182053  MISS:          3  HIT %:    99.9999  MISS %: 9.42787e-05   MPKI: 1.5e-05
STLB PREFETCH  REQUESTED:          0  ISSUED:          0  USEFUL:          3  USELESS:          0
STLB USEFUL LOAD PREFETCHES:          3 PREFETCH ISSUED TO LOWER LEVEL:          0  ACCURACY: inf
STLB TIMELY PREFETCHES:          3 LATE PREFETCHES: 0 DROPPED PREFETCHES: 0
STLB PREFETCHES SAME FILL-ORIGIN LEVEL: 0 DIFFERENT FILL-ORIGIN LEVEL: 0
STLB AVERAGE MISS LATENCY:    185.083 cycles AVERAGE LOAD MISS LATENCY:       -nan cycles Load Miss          0
STLB Average MSHR Occupancy:   0.108215
STLB RQ	ACCESS:    6875551	FORWARD:          0	MERGED:    1521372	TO_CACHE:    5354179

STLB Hit, L1D data hit: 0
STLB Hit, L2C data hit: 0
STLB Hit, LLC data hit: 0
STLB Hit, LLC data miss: 0
STLB STLB hints to L2: 0
L1D TOTAL     ACCESS:   57912435  HIT:   54352589  MISS:    3559846  HIT %:    93.8531  MISS %:    6.14695   MPKI: 17.7992
L1D LOAD      ACCESS:   31594370  HIT:   30107883  MISS:    1486487  HIT %:    95.2951  MISS %:    4.70491   MPKI: 7.43243
L1D RFO       ACCESS:   21796639  HIT:   21281240  MISS:     515399  HIT %:    97.6354  MISS %:    2.36458   MPKI: 2.57699
L1D PREFETCH  ACCESS:    4521426  HIT:    2963466  MISS:    1557960  HIT %:    65.5427  MISS %:    34.4573   MPKI: 7.7898
AGUS PREFETCH L1 MISS: 0
L1D PREFETCH  REQUESTED:    9436082  ISSUED:    9409124  USEFUL:     381402  USELESS:    1176537
L1D USEFUL LOAD PREFETCHES:     381402 PREFETCH ISSUED TO LOWER LEVEL:    1608044  ACCURACY: 23.7184
L1D TIMELY PREFETCHES:     381402 LATE PREFETCHES: 37469 DROPPED PREFETCHES: 0
L1D PREFETCHES SAME FILL-ORIGIN LEVEL: 1608044 DIFFERENT FILL-ORIGIN LEVEL: 0
L1D AVERAGE MISS LATENCY:    131.393 cycles AVERAGE LOAD MISS LATENCY:    104.399 cycles Load Miss    1486487
L1D Average MSHR Occupancy:    0.98448
L1D RQ	ACCESS:   48702642	FORWARD:          0	MERGED:   15991084	TO_CACHE:   31690109
L1D WQ	ACCESS:   23798912	FORWARD:    1023717	MERGED:     725197	TO_CACHE:   23073715
L1D PQ	ACCESS:    4705696	FORWARD:          0	MERGED:          0	TO_CACHE:    4703428

L1D UNIQUE REGIONS ACCESSED: 0
L1D REGIONS CONFLICTS: 0
L1D Cross Page Prefetch Requests: 0
L1D Same Page Prefetch Requests: 8923045
L1D ROI Sum of L1D PQ occupancy: 63301075
L1D PREFETCHES PUSHED FROM L2C: 0
L1I TOTAL     ACCESS:   23649976  HIT:   13670914  MISS:    9979062  HIT %:    57.8052  MISS %:    42.1948   MPKI: 49.8953
L1I LOAD      ACCESS:   23649976  HIT:   13670914  MISS:    9979062  HIT %:    57.8052  MISS %:    42.1948   MPKI: 49.8953
L1I PREFETCH  REQUESTED:          0  ISSUED:          0  USEFUL:          0  USELESS:          0
L1I USEFUL LOAD PREFETCHES:          0 PREFETCH ISSUED TO LOWER LEVEL:          0  ACCURACY: -nan
L1I TIMELY PREFETCHES:          0 LATE PREFETCHES: 0 DROPPED PREFETCHES: 0
L1I PREFETCHES SAME FILL-ORIGIN LEVEL: 0 DIFFERENT FILL-ORIGIN LEVEL: 0
L1I AVERAGE MISS LATENCY:     19.831 cycles AVERAGE LOAD MISS LATENCY:     19.831 cycles Load Miss    9979062
L1I Average MSHR Occupancy:   0.389242
L1I RQ	ACCESS:   46131569	FORWARD:          0	MERGED:   22028448	TO_CACHE:   24103121

BTB TOTAL     ACCESS:   16773279  HIT:   15727295  MISS:    1045984  HIT %:     93.764  MISS %:    6.23601   MPKI: 5.22992
BTB BRANCH_DIRECT_JUMP	ACCESS:    2257850  HIT:    2187904  MISS:      69946
BTB BRANCH_INDIRECT	ACCESS:     200532  HIT:     127850  MISS:      72682
BTB BRANCH_CONDITIONAL	ACCESS:   10680032  HIT:   10604708  MISS:      75324
BTB BRANCH_DIRECT_CALL	ACCESS:    1700766  HIT:    1622113  MISS:      78653
BTB BRANCH_INDIRECT_CALL	ACCESS:     108965  HIT:      77426  MISS:      31539
BTB BRANCH_RETURN	ACCESS:    1817736  HIT:    1100042  MISS:     717694
BTB BRANCH_OTHER ACCESS:       7398  HIT:       7252  MISS:        146

L2C TOTAL     ACCESS:   14962019  HIT:   12546743  MISS:    2415276  HIT %:    83.8573  MISS %:    16.1427   MPKI: 12.0764
L2C LOAD      ACCESS:   11428066  HIT:   10499396  MISS:     928670  HIT %:    91.8738  MISS %:    8.12622   MPKI: 4.64335
L2C DATA LOAD MPKI: 3.21868
L2C INSTRUCTION LOAD MPKI: 1.42466
L2C RFO       ACCESS:     502758  HIT:     104958  MISS:     397800  HIT %:    20.8764  MISS %:    79.1236   MPKI: 1.989
L2C PREFETCH  ACCESS:    1608032  HIT:     675841  MISS:     932191  HIT %:    42.0291  MISS %:    57.9709   MPKI: 4.66095
AGUS PREFETCH L1 MISS: 0
L2C DATA PREFETCH MPKI: 4.66095
L2C INSTRUCTION PREFETCH MPKI: 0
L2C WRITEBACK ACCESS:     833317  HIT:     832743  MISS:        574  HIT %:    99.9311  MISS %:  0.0688814   MPKI: 0.00287
L2C LOAD TRANSLATION ACCESS:     589838  HIT:     433797  MISS:     156041  HIT %:    73.5451  MISS %:    26.4549   MPKI: 0.780205
L2C TRANSLATION FROM L1D PREFETCHER ACCESS:          8  HIT:          8  MISS:          0  HIT %:        100  MISS %:          0   MPKI: 0
L2C PREFETCH  REQUESTED:          0  ISSUED:          0  USEFUL:      34079  USELESS:     896868
L2C USEFUL LOAD PREFETCHES:      34079 PREFETCH ISSUED TO LOWER LEVEL:     932191  ACCURACY: 3.6558
L2C TIMELY PREFETCHES:      34079 LATE PREFETCHES: 0 DROPPED PREFETCHES: 0
L2C PREFETCHES SAME FILL-ORIGIN LEVEL: 0 DIFFERENT FILL-ORIGIN LEVEL: 0
L2C AVERAGE MISS LATENCY:    212.131 cycles AVERAGE LOAD MISS LATENCY:    204.211 cycles Load Miss     928670
L2C Average MSHR Occupancy:    1.03073
L2C RQ	ACCESS:   12520710	FORWARD:          0	MERGED:          0	TO_CACHE:   12520670
L2C WQ	ACCESS:     833317	FORWARD:         52	MERGED:          0	TO_CACHE:     833317
L2C PQ	ACCESS:    1608044	FORWARD:          0	MERGED:          0	TO_CACHE:    1608032

L2C Instructions Evicting Data 226156
L2C Translations Evicting Data 127170
L2C Data Evicting Data 1620409
L2C Instructions Evicting Instructions 39078
L2C Translations Evicting Instructions 18487
L2C Data Evicting Instructions 227547
L2C Instructions Evicting Translations 19699
L2C Translations Evicting Translations 10384
L2C Data Evicting Translations 125772
L2C Dense regions hint from L2: 0
PSCL5 TOTAL     ACCESS:     327518  HIT:     327518  MISS:          0  HIT %:        100  MISS %:          0   MPKI: 0
PSCL5 LOAD TRANSLATION ACCESS:     327515  HIT:     327515  MISS:          0  HIT %:        100  MISS %:          0   MPKI: 0
PSCL5 TRANSLATION FROM L1D PREFETCHER ACCESS:          3  HIT:          3  MISS:          0  HIT %:        100  MISS %:          0   MPKI: 0
PSCL5 PREFETCH  REQUESTED:          0  ISSUED:          0  USEFUL:          0  USELESS:          0
PSCL5 USEFUL LOAD PREFETCHES:          0 PREFETCH ISSUED TO LOWER LEVEL:          0  ACCURACY: -nan
PSCL5 TIMELY PREFETCHES:          0 LATE PREFETCHES: 0 DROPPED PREFETCHES: 0
PSCL5 PREFETCHES SAME FILL-ORIGIN LEVEL: 0 DIFFERENT FILL-ORIGIN LEVEL: 0

PSCL4 TOTAL     ACCESS:     326078  HIT:     324739  MISS:       1339  HIT %:    99.5894  MISS %:   0.410638   MPKI: 0.006695
PSCL4 LOAD TRANSLATION ACCESS:     326075  HIT:     324736  MISS:       1339  HIT %:    99.5894  MISS %:   0.410642   MPKI: 0.006695
PSCL4 TRANSLATION FROM L1D PREFETCHER ACCESS:          3  HIT:          3  MISS:          0  HIT %:        100  MISS %:          0   MPKI: 0
PSCL4 PREFETCH  REQUESTED:          0  ISSUED:          0  USEFUL:          0  USELESS:          0
PSCL4 USEFUL LOAD PREFETCHES:          0 PREFETCH ISSUED TO LOWER LEVEL:          0  ACCURACY: -nan
PSCL4 TIMELY PREFETCHES:          0 LATE PREFETCHES: 0 DROPPED PREFETCHES: 0
PSCL4 PREFETCHES SAME FILL-ORIGIN LEVEL: 0 DIFFERENT FILL-ORIGIN LEVEL: 0

PSCL3 TOTAL     ACCESS:     305241  HIT:     229863  MISS:      75378  HIT %:    75.3054  MISS %:    24.6946   MPKI: 0.37689
PSCL3 LOAD TRANSLATION ACCESS:     305240  HIT:     229862  MISS:      75378  HIT %:    75.3053  MISS %:    24.6947   MPKI: 0.37689
PSCL3 TRANSLATION FROM L1D PREFETCHER ACCESS:          1  HIT:          1  MISS:          0  HIT %:        100  MISS %:          0   MPKI: 0
PSCL3 PREFETCH  REQUESTED:          0  ISSUED:          0  USEFUL:          0  USELESS:          0
PSCL3 USEFUL LOAD PREFETCHES:          0 PREFETCH ISSUED TO LOWER LEVEL:          0  ACCURACY: -nan
PSCL3 TIMELY PREFETCHES:          0 LATE PREFETCHES: 0 DROPPED PREFETCHES: 0
PSCL3 PREFETCHES SAME FILL-ORIGIN LEVEL: 0 DIFFERENT FILL-ORIGIN LEVEL: 0

PSCL2 TOTAL     ACCESS:     327518  HIT:     140687  MISS:     186831  HIT %:    42.9555  MISS %:    57.0445   MPKI: 0.934155
PSCL2 LOAD TRANSLATION ACCESS:     327518  HIT:     140687  MISS:     186831  HIT %:    42.9555  MISS %:    57.0445   MPKI: 0.934155
PSCL2 PREFETCH  REQUESTED:          0  ISSUED:          0  USEFUL:          0  USELESS:          0
PSCL2 USEFUL LOAD PREFETCHES:          0 PREFETCH ISSUED TO LOWER LEVEL:          0  ACCURACY: -nan
PSCL2 TIMELY PREFETCHES:          0 LATE PREFETCHES: 0 DROPPED PREFETCHES: 0
PSCL2 PREFETCHES SAME FILL-ORIGIN LEVEL: 0 DIFFERENT FILL-ORIGIN LEVEL: 0

LLC TOTAL     ACCESS:    3027326  HIT:     318416  MISS:    2708910  HIT %:    10.5181  MISS %:    89.4819   MPKI: 13.5445
LLC LOAD      ACCESS:     928670  HIT:      99368  MISS:     829302  HIT %:       10.7  MISS %:       89.3   MPKI: 4.14651
LLC RFO       ACCESS:     397800  HIT:       3611  MISS:     394189  HIT %:   0.907743  MISS %:    99.0923   MPKI: 1.97094
LLC PREFETCH  ACCESS:     932191  HIT:      65123  MISS:     867068  HIT %:    6.98601  MISS %:     93.014   MPKI: 4.33534
AGUS PREFETCH L1 MISS: 0
LLC WRITEBACK ACCESS:     612624  HIT:     129844  MISS:     482780  HIT %:    21.1947  MISS %:    78.8053   MPKI: 2.4139
LLC LOAD TRANSLATION ACCESS:     156041  HIT:      20470  MISS:     135571  HIT %:    13.1183  MISS %:    86.8817   MPKI: 0.677855
LLC PREFETCH  REQUESTED:          0  ISSUED:          0  USEFUL:       8149  USELESS:     262229
LLC USEFUL LOAD PREFETCHES:       8149 PREFETCH ISSUED TO LOWER LEVEL:     867068  ACCURACY: 0.939834
LLC TIMELY PREFETCHES:       8149 LATE PREFETCHES: 0 DROPPED PREFETCHES: 0
LLC PREFETCHES SAME FILL-ORIGIN LEVEL: 0 DIFFERENT FILL-ORIGIN LEVEL: 0
LLC AVERAGE MISS LATENCY:    148.427 cycles AVERAGE LOAD MISS LATENCY:    177.947 cycles Load Miss     829302
LLC Average MSHR Occupancy:   0.817103
LLC RQ	ACCESS:    1482511	FORWARD:          0	MERGED:          0	TO_CACHE:    1482511
LLC WQ	ACCESS:     612624	FORWARD:          0	MERGED:          0	TO_CACHE:     612624
LLC PQ	ACCESS:     932191	FORWARD:          0	MERGED:          0	TO_CACHE:     932191

LLC Dense regions hint to LLC: 0

RAW hits: 3257928
Loads Generated: 51960571
Loads sent to L1D: 48702642
Stores Generated: 23798986
Stores sent to L1D: 23798998
Major fault: 0 Minor fault: 161534
Allocated PAGES: 161534

stream: 
stream:times selected: 11691105
stream:pref_filled: 1499280
stream:pref_useful: 277557
stream:pref_late: 41300
stream:misses: 329951
stream:misses_by_poll: 0

CS: 
CS:times selected: 1929038
CS:pref_filled: 518932
CS:pref_useful: 391791
CS:pref_late: 47672
CS:misses: 114978
CS:misses_by_poll: 740

CPLX: 
CPLX:times selected: 9658311
CPLX:pref_filled: 716012
CPLX:pref_useful: 125782
CPLX:pref_late: 6761
CPLX:misses: 1142123
CPLX:misses_by_poll: 1197

NL_L1: 
NL:times selected: 64785
NL:pref_filled: 14524
NL:pref_useful: 3625
NL:pref_late: 474
NL:misses: 13209
NL:misses_by_poll: 1

total selections: 23343239
total_filled: 1557960
total_useful: 381402
total_late: 98921
total_polluted: 1938
total_misses_after_warmup: 1582226
conflicts: 2310157
Degree Incremented Times: 128783
Degree Decremented Times: 673607

L1 IP Table Write Accesses: 27801707
L1 IP Table Read Accesses: 25491550
L1 RST Write Accesses: 5595647
L1 RST Read Accesses: 11191294
L1 CSPT Write Accesses: 5595647
L1 CSPT Read Accesses: 10376591
L1 RR Filter Tag Write Accesses: 4732654
L1 RR Filter Tag Read Accesses: 264880295
L1 IP Table Tag Write Accesses: 31690109
L1 IP Table Tag Read Accesses: 31690109
L1 RST Tag Write Accesses: 0
L1 RST Tag Read Accesses: 50981948
L1 RR Filter Write Accesses: 0
L1 RR Filter Read Accesses: 9468520
test: 3856974
================ Mockingjay (LLC) Pollution Stats ================
Total pollution count in LLC: 63561
==================================================================

DRAM Statistics
 CHANNEL 0
 RQ ROW_BUFFER_HIT:     445846  ROW_BUFFER_MISS:    1780266
 DBUS_CONGESTED:       1517
 WQ ROW_BUFFER_HIT:     202892  ROW_BUFFER_MISS:     402498  FULL:         73

 AVG_CONGESTED_CYCLE: 4
 All warmup complete: 2
Channel 0 Bank busy for read cycles: 0
Channel 0 Bank busy for write cycles: 0
Channel 0
Rank 0
0banks busy for read cycles: 260502857
0banks busy for write cycles: 219172
1banks busy for read cycles: 92380178
1banks busy for write cycles: 36959833
2banks busy for read cycles: 40720201
2banks busy for write cycles: 14163440
3banks busy for read cycles: 16658162
3banks busy for write cycles: 6096276
4banks busy for read cycles: 6846924
4banks busy for write cycles: 3131787
5banks busy for read cycles: 3185394
5banks busy for write cycles: 1780448
6banks busy for read cycles: 1577893
6banks busy for write cycles: 1173822
7banks busy for read cycles: 880075
7banks busy for write cycles: 958087
8banks busy for read cycles: 862241
8banks busy for write cycles: 1253673

CPU 0 Branch Prediction Accuracy: 97.5828% MPKI: 4.61771 Average ROB Occupancy at Mispredict: 33.7662
Branch types
NOT_BRANCH: 161792790 80.8964%
BRANCH_DIRECT_JUMP: 2257850 1.12892%
BRANCH_INDIRECT: 200532 0.100266%
BRANCH_CONDITIONAL: 32113333 16.0567%
BRANCH_DIRECT_CALL: 1700766 0.850383%
BRANCH_INDIRECT_CALL: 108965 0.0544825%
BRANCH_RETURN: 1817736 0.908868%
BRANCH_OTHER: 7398 0.003699%

===================== LRU L1D STATS =====================
Total pollution count in L1D: 852532
=========================================================
================ SRRIP (L2C) Pollution Stats ================
Total pollution count in L2c: 956653
==================================================================
DRAM PAGES: 1048576
Allocated PAGES: 161534
