
*** ChampSim Multicore Out-of-Order Simulator ***

Warmup Instructions: 200000000
Simulation Instructions: 200000000
Number of CPUs: 1
LLC sets: 4096
LLC ways: 12
Off-chip DRAM Size: 4096 MB Channels: 1 Width: 64-bit Data Rate: 6400 MT/s
CPU 0 runs /home1/sweta/traces/DPC4-Traces/Google_Traces_v2/Google_Traces_v2/sierra.a.3/sierra.a.3_0003.champsim.gz
.gz
BTB has LRU replacement policy
ITLB has LRU replacement policy
DTLB has LRU replacement policy
STLB has LRU replacement policy
L1I has LRU replacement policy
IP Table Entries: 1024
CSPT Entries: 128
RR_ENTRIES: 32
RST_ENTRIES: 8
L1D has LRU replacement policy
Initialize SRRIP state for L2C
Initialize Mockingjay state for LLC
Heartbeat CPU 0 instructions: 10000001 cycles: 2498097 heartbeat IPC: 4.00305 cumulative IPC: 4.00305 (Simulation time: 0 hr 0 min 30 sec) 
Heartbeat CPU 0 instructions: 20000005 cycles: 4902612 heartbeat IPC: 4.15884 cumulative IPC: 4.07946 (Simulation time: 0 hr 1 min 0 sec) 
Heartbeat CPU 0 instructions: 30000003 cycles: 7370619 heartbeat IPC: 4.05185 cumulative IPC: 4.07021 (Simulation time: 0 hr 1 min 28 sec) 
Heartbeat CPU 0 instructions: 40000003 cycles: 9814101 heartbeat IPC: 4.09252 cumulative IPC: 4.07577 (Simulation time: 0 hr 1 min 58 sec) 
Heartbeat CPU 0 instructions: 50000006 cycles: 12267816 heartbeat IPC: 4.07545 cumulative IPC: 4.07571 (Simulation time: 0 hr 2 min 27 sec) 
Heartbeat CPU 0 instructions: 60000001 cycles: 14788895 heartbeat IPC: 3.96655 cumulative IPC: 4.0571 (Simulation time: 0 hr 2 min 58 sec) 
Heartbeat CPU 0 instructions: 70000000 cycles: 17334925 heartbeat IPC: 3.92768 cumulative IPC: 4.03809 (Simulation time: 0 hr 3 min 28 sec) 
Heartbeat CPU 0 instructions: 80000002 cycles: 19854154 heartbeat IPC: 3.96947 cumulative IPC: 4.02938 (Simulation time: 0 hr 3 min 53 sec) 
Heartbeat CPU 0 instructions: 90000000 cycles: 22455509 heartbeat IPC: 3.84415 cumulative IPC: 4.00793 (Simulation time: 0 hr 4 min 23 sec) 
Heartbeat CPU 0 instructions: 100000004 cycles: 24830208 heartbeat IPC: 4.21106 cumulative IPC: 4.02735 (Simulation time: 0 hr 4 min 51 sec) 
Heartbeat CPU 0 instructions: 110000000 cycles: 27264047 heartbeat IPC: 4.10873 cumulative IPC: 4.03462 (Simulation time: 0 hr 5 min 19 sec) 
Heartbeat CPU 0 instructions: 120000007 cycles: 29826931 heartbeat IPC: 3.90186 cumulative IPC: 4.02321 (Simulation time: 0 hr 5 min 46 sec) 
Heartbeat CPU 0 instructions: 130000007 cycles: 32383160 heartbeat IPC: 3.91201 cumulative IPC: 4.01443 (Simulation time: 0 hr 6 min 14 sec) 
Heartbeat CPU 0 instructions: 140000000 cycles: 34772273 heartbeat IPC: 4.18565 cumulative IPC: 4.0262 (Simulation time: 0 hr 6 min 43 sec) 
Heartbeat CPU 0 instructions: 150000000 cycles: 37419412 heartbeat IPC: 3.77766 cumulative IPC: 4.00861 (Simulation time: 0 hr 7 min 14 sec) 
Heartbeat CPU 0 instructions: 160000001 cycles: 39953668 heartbeat IPC: 3.94593 cumulative IPC: 4.00464 (Simulation time: 0 hr 7 min 43 sec) 
Heartbeat CPU 0 instructions: 170000000 cycles: 42425216 heartbeat IPC: 4.04605 cumulative IPC: 4.00705 (Simulation time: 0 hr 8 min 12 sec) 
Heartbeat CPU 0 instructions: 180000000 cycles: 45048264 heartbeat IPC: 3.81236 cumulative IPC: 3.99571 (Simulation time: 0 hr 8 min 41 sec) 
Heartbeat CPU 0 instructions: 190000000 cycles: 47581028 heartbeat IPC: 3.94826 cumulative IPC: 3.99319 (Simulation time: 0 hr 9 min 12 sec) 
Heartbeat CPU 0 instructions: 200000000 cycles: 50124681 heartbeat IPC: 3.93135 cumulative IPC: 3.99005 (Simulation time: 0 hr 9 min 41 sec) 

Warmup complete CPU 0 instructions: 200000002 cycles: 50124682 (Simulation time: 0 hr 9 min 41 sec) 

Heartbeat CPU 0 instructions: 210000003 cycles: 81484786 heartbeat IPC: 0.318877 cumulative IPC: 0.318877 (Simulation time: 0 hr 10 min 14 sec) 
Heartbeat CPU 0 instructions: 220000001 cycles: 123760862 heartbeat IPC: 0.23654 cumulative IPC: 0.271606 (Simulation time: 0 hr 10 min 48 sec) 
Heartbeat CPU 0 instructions: 230000005 cycles: 140592151 heartbeat IPC: 0.594132 cumulative IPC: 0.331611 (Simulation time: 0 hr 11 min 28 sec) 
Heartbeat CPU 0 instructions: 240000001 cycles: 176322368 heartbeat IPC: 0.279875 cumulative IPC: 0.316963 (Simulation time: 0 hr 12 min 11 sec) 
Heartbeat CPU 0 instructions: 250000007 cycles: 212629588 heartbeat IPC: 0.275427 cumulative IPC: 0.307683 (Simulation time: 0 hr 12 min 42 sec) 
Heartbeat CPU 0 instructions: 260000001 cycles: 249405476 heartbeat IPC: 0.271917 cumulative IPC: 0.301083 (Simulation time: 0 hr 13 min 15 sec) 
Heartbeat CPU 0 instructions: 270000000 cycles: 285048196 heartbeat IPC: 0.280562 cumulative IPC: 0.297969 (Simulation time: 0 hr 13 min 48 sec) 
Heartbeat CPU 0 instructions: 280000003 cycles: 322139562 heartbeat IPC: 0.269605 cumulative IPC: 0.294102 (Simulation time: 0 hr 14 min 20 sec) 
Heartbeat CPU 0 instructions: 290000004 cycles: 365631195 heartbeat IPC: 0.229929 cumulative IPC: 0.285256 (Simulation time: 0 hr 14 min 53 sec) 
Heartbeat CPU 0 instructions: 300000007 cycles: 403730289 heartbeat IPC: 0.262474 cumulative IPC: 0.282801 (Simulation time: 0 hr 15 min 24 sec) 
Heartbeat CPU 0 instructions: 310000003 cycles: 442817240 heartbeat IPC: 0.25584 cumulative IPC: 0.280117 (Simulation time: 0 hr 15 min 56 sec) 
Heartbeat CPU 0 instructions: 320000000 cycles: 470211577 heartbeat IPC: 0.365039 cumulative IPC: 0.285655 (Simulation time: 0 hr 16 min 25 sec) 
Heartbeat CPU 0 instructions: 330000005 cycles: 506913909 heartbeat IPC: 0.272462 cumulative IPC: 0.284595 (Simulation time: 0 hr 16 min 56 sec) 
Heartbeat CPU 0 instructions: 340000007 cycles: 530512448 heartbeat IPC: 0.423755 cumulative IPC: 0.291431 (Simulation time: 0 hr 17 min 25 sec) 
Heartbeat CPU 0 instructions: 350000005 cycles: 556606371 heartbeat IPC: 0.383231 cumulative IPC: 0.296161 (Simulation time: 0 hr 17 min 53 sec) 
Heartbeat CPU 0 instructions: 360000000 cycles: 599598492 heartbeat IPC: 0.232601 cumulative IPC: 0.291188 (Simulation time: 0 hr 18 min 25 sec) 
Heartbeat CPU 0 instructions: 370000000 cycles: 616913525 heartbeat IPC: 0.577533 cumulative IPC: 0.299935 (Simulation time: 0 hr 18 min 53 sec) 
Heartbeat CPU 0 instructions: 380000004 cycles: 646752124 heartbeat IPC: 0.335137 cumulative IPC: 0.301696 (Simulation time: 0 hr 19 min 21 sec) 
Heartbeat CPU 0 instructions: 390000005 cycles: 668886068 heartbeat IPC: 0.451795 cumulative IPC: 0.307065 (Simulation time: 0 hr 19 min 48 sec) 
Heartbeat CPU 0 instructions: 400000003 cycles: 689444319 heartbeat IPC: 0.486423 cumulative IPC: 0.312833 (Simulation time: 0 hr 20 min 13 sec) 
Finished CPU 0 instructions: 200000001 cycles: 639319637 cumulative IPC: 0.312833 (Simulation time: 0 hr 20 min 13 sec) 

ChampSim completed all CPUs

Region of Interest Statistics

CPU 0 cumulative IPC: 0.312833 instructions: 200000001 cycles: 639319637
ITLB TOTAL     ACCESS:   21470042  HIT:   20984691  MISS:     485351  HIT %:    97.7394  MISS %:     2.2606   MPKI: 2.42675
ITLB LOAD TRANSLATION ACCESS:   21470042  HIT:   20984691  MISS:     485351  HIT %:    97.7394  MISS %:     2.2606   MPKI: 2.42675
ITLB PREFETCH  REQUESTED:          0  ISSUED:          0  USEFUL:          0  USELESS:          0
ITLB USEFUL LOAD PREFETCHES:          0 PREFETCH ISSUED TO LOWER LEVEL:          0  ACCURACY: -nan
ITLB TIMELY PREFETCHES:          0 LATE PREFETCHES: 0 DROPPED PREFETCHES: 0
ITLB PREFETCHES SAME FILL-ORIGIN LEVEL: 0 DIFFERENT FILL-ORIGIN LEVEL: 0
ITLB AVERAGE MISS LATENCY:    26.4987 cycles AVERAGE LOAD MISS LATENCY:       -nan cycles Load Miss          0
ITLB Average MSHR Occupancy:  0.0199962
ITLB RQ	ACCESS:   25511046	FORWARD:          0	MERGED:    3611169	TO_CACHE:   21899877

DTLB TOTAL     ACCESS:   41830584  HIT:   39270551  MISS:    2560033  HIT %:      93.88  MISS %:       6.12   MPKI: 12.8002
DTLB LOAD TRANSLATION ACCESS:   41830584  HIT:   39270551  MISS:    2560033  HIT %:      93.88  MISS %:       6.12   MPKI: 12.8002
DTLB PREFETCH  REQUESTED:          0  ISSUED:          0  USEFUL:          0  USELESS:          0
DTLB USEFUL LOAD PREFETCHES:          0 PREFETCH ISSUED TO LOWER LEVEL:          0  ACCURACY: -nan
DTLB TIMELY PREFETCHES:          0 LATE PREFETCHES: 0 DROPPED PREFETCHES: 0
DTLB PREFETCHES SAME FILL-ORIGIN LEVEL: 0 DIFFERENT FILL-ORIGIN LEVEL: 0
DTLB AVERAGE MISS LATENCY:    42.2547 cycles AVERAGE LOAD MISS LATENCY:       -nan cycles Load Miss          0
DTLB Average MSHR Occupancy:   0.162245
DTLB RQ	ACCESS:   55297437	FORWARD:          0	MERGED:   13087821	TO_CACHE:   42209616

STLB TOTAL     ACCESS:    5700223  HIT:    5062430  MISS:     637793  HIT %:    88.8111  MISS %:    11.1889   MPKI: 3.18896
STLB LOAD TRANSLATION ACCESS:    3045384  HIT:    2407595  MISS:     637789  HIT %:    79.0572  MISS %:    20.9428   MPKI: 3.18894
STLB TRANSLATION FROM L1D PREFETCHER ACCESS:    2654839  HIT:    2654835  MISS:          4  HIT %:    99.9998  MISS %: 0.000150668   MPKI: 2e-05
STLB PREFETCH  REQUESTED:          0  ISSUED:          0  USEFUL:          3  USELESS:          1
STLB USEFUL LOAD PREFETCHES:          3 PREFETCH ISSUED TO LOWER LEVEL:          0  ACCURACY: inf
STLB TIMELY PREFETCHES:          3 LATE PREFETCHES: 0 DROPPED PREFETCHES: 0
STLB PREFETCHES SAME FILL-ORIGIN LEVEL: 0 DIFFERENT FILL-ORIGIN LEVEL: 0
STLB AVERAGE MISS LATENCY:    146.573 cycles AVERAGE LOAD MISS LATENCY:       -nan cycles Load Miss          0
STLB Average MSHR Occupancy:    0.14158
STLB RQ	ACCESS:    7457795	FORWARD:          0	MERGED:    1757572	TO_CACHE:    5700223

STLB Hit, L1D data hit: 0
STLB Hit, L2C data hit: 0
STLB Hit, LLC data hit: 0
STLB Hit, LLC data miss: 0
STLB STLB hints to L2: 0
L1D TOTAL     ACCESS:   57387925  HIT:   52479214  MISS:    4908711  HIT %:    91.4464  MISS %:    8.55356   MPKI: 24.5436
L1D LOAD      ACCESS:   31292462  HIT:   28912436  MISS:    2380026  HIT %:    92.3943  MISS %:    7.60575   MPKI: 11.9001
L1D RFO       ACCESS:   21925084  HIT:   20670169  MISS:    1254915  HIT %:    94.2764  MISS %:    5.72365   MPKI: 6.27457
L1D PREFETCH  ACCESS:    4170379  HIT:    2896609  MISS:    1273770  HIT %:    69.4567  MISS %:    30.5433   MPKI: 6.36885
AGUS PREFETCH L1 MISS: 0
L1D PREFETCH  REQUESTED:    9297250  ISSUED:    8826888  USEFUL:     653147  USELESS:     620732
L1D USEFUL LOAD PREFETCHES:     653147 PREFETCH ISSUED TO LOWER LEVEL:    1338680  ACCURACY: 48.7904
L1D TIMELY PREFETCHES:     653147 LATE PREFETCHES: 63317 DROPPED PREFETCHES: 0
L1D PREFETCHES SAME FILL-ORIGIN LEVEL: 1338680 DIFFERENT FILL-ORIGIN LEVEL: 0
L1D AVERAGE MISS LATENCY:    107.364 cycles AVERAGE LOAD MISS LATENCY:    93.6101 cycles Load Miss    2380026
L1D Average MSHR Occupancy:   0.878348
L1D RQ	ACCESS:   47529710	FORWARD:          0	MERGED:   15390949	TO_CACHE:   31438162
L1D WQ	ACCESS:   24481439	FORWARD:     702661	MERGED:     622164	TO_CACHE:   23859275
L1D PQ	ACCESS:    4414477	FORWARD:          0	MERGED:          4	TO_CACHE:    4412411

L1D UNIQUE REGIONS ACCESSED: 0
L1D REGIONS CONFLICTS: 0
L1D Cross Page Prefetch Requests: 0
L1D Same Page Prefetch Requests: 7757394
L1D ROI Sum of L1D PQ occupancy: 73743904
L1D PREFETCHES PUSHED FROM L2C: 0
L1I TOTAL     ACCESS:   24868528  HIT:    8345701  MISS:   16522827  HIT %:    33.5593  MISS %:    66.4407   MPKI: 82.6141
L1I LOAD      ACCESS:   24868528  HIT:    8345701  MISS:   16522827  HIT %:    33.5593  MISS %:    66.4407   MPKI: 82.6141
L1I PREFETCH  REQUESTED:          0  ISSUED:          0  USEFUL:          0  USELESS:          0
L1I USEFUL LOAD PREFETCHES:          0 PREFETCH ISSUED TO LOWER LEVEL:          0  ACCURACY: -nan
L1I TIMELY PREFETCHES:          0 LATE PREFETCHES: 0 DROPPED PREFETCHES: 0
L1I PREFETCHES SAME FILL-ORIGIN LEVEL: 0 DIFFERENT FILL-ORIGIN LEVEL: 0
L1I AVERAGE MISS LATENCY:    24.4513 cycles AVERAGE LOAD MISS LATENCY:    24.4513 cycles Load Miss   16522827
L1I Average MSHR Occupancy:    0.62352
L1I RQ	ACCESS:   46043947	FORWARD:          0	MERGED:   20532901	TO_CACHE:   25511046

BTB TOTAL     ACCESS:   16116594  HIT:   13100500  MISS:    3016094  HIT %:    81.2858  MISS %:    18.7142   MPKI: 15.0805
BTB BRANCH_DIRECT_JUMP	ACCESS:    3662736  HIT:    2998329  MISS:     664407
BTB BRANCH_INDIRECT	ACCESS:     221988  HIT:     145916  MISS:      76072
BTB BRANCH_CONDITIONAL	ACCESS:    9330515  HIT:    8739405  MISS:     591110
BTB BRANCH_DIRECT_CALL	ACCESS:    1260032  HIT:     775574  MISS:     484458
BTB BRANCH_INDIRECT_CALL	ACCESS:     186081  HIT:      89500  MISS:      96581
BTB BRANCH_RETURN	ACCESS:    1450913  HIT:     350347  MISS:    1100566
BTB BRANCH_OTHER ACCESS:       4329  HIT:       1429  MISS:       2900

L2C TOTAL     ACCESS:   24512802  HIT:   21074616  MISS:    3438186  HIT %:    85.9739  MISS %:    14.0261   MPKI: 17.1909
L2C LOAD      ACCESS:   18838930  HIT:   16952660  MISS:    1886270  HIT %:    89.9874  MISS %:    10.0126   MPKI: 9.43135
L2C DATA LOAD MPKI: 4.26334
L2C INSTRUCTION LOAD MPKI: 5.16801
L2C RFO       ACCESS:    1253279  HIT:     654792  MISS:     598487  HIT %:    52.2463  MISS %:    47.7537   MPKI: 2.99243
L2C PREFETCH  ACCESS:    1338518  HIT:     686816  MISS:     651702  HIT %:    51.3117  MISS %:    48.6883   MPKI: 3.25851
AGUS PREFETCH L1 MISS: 0
L2C DATA PREFETCH MPKI: 3.25851
L2C INSTRUCTION PREFETCH MPKI: 0
L2C WRITEBACK ACCESS:    2025962  HIT:    2021777  MISS:       4185  HIT %:    99.7934  MISS %:   0.206569   MPKI: 0.020925
L2C LOAD TRANSLATION ACCESS:    1056104  HIT:     758562  MISS:     297542  HIT %:    71.8264  MISS %:    28.1736   MPKI: 1.48771
L2C TRANSLATION FROM L1D PREFETCHER ACCESS:          9  HIT:          9  MISS:          0  HIT %:        100  MISS %:          0   MPKI: 0
L2C PREFETCH  REQUESTED:          0  ISSUED:          0  USEFUL:      62979  USELESS:     588912
L2C USEFUL LOAD PREFETCHES:      62979 PREFETCH ISSUED TO LOWER LEVEL:     651702  ACCURACY: 9.66377
L2C TIMELY PREFETCHES:      62979 LATE PREFETCHES: 0 DROPPED PREFETCHES: 0
L2C PREFETCHES SAME FILL-ORIGIN LEVEL: 0 DIFFERENT FILL-ORIGIN LEVEL: 0
L2C AVERAGE MISS LATENCY:    202.095 cycles AVERAGE LOAD MISS LATENCY:    189.849 cycles Load Miss    1886270
L2C Average MSHR Occupancy:    1.07814
L2C RQ	ACCESS:   21148972	FORWARD:          0	MERGED:          0	TO_CACHE:   21148323
L2C WQ	ACCESS:    2025962	FORWARD:        811	MERGED:          0	TO_CACHE:    2025962
L2C PQ	ACCESS:    1338680	FORWARD:          0	MERGED:          0	TO_CACHE:    1338518

L2C Instructions Evicting Data 558010
L2C Translations Evicting Data 169105
L2C Data Evicting Data 1371659
L2C Instructions Evicting Instructions 378713
L2C Translations Evicting Instructions 97815
L2C Data Evicting Instructions 560552
L2C Instructions Evicting Translations 96879
L2C Translations Evicting Translations 30622
L2C Data Evicting Translations 170646
L2C Dense regions hint from L2: 0
PSCL5 TOTAL     ACCESS:     637793  HIT:     637793  MISS:          0  HIT %:        100  MISS %:          0   MPKI: 0
PSCL5 LOAD TRANSLATION ACCESS:     637789  HIT:     637789  MISS:          0  HIT %:        100  MISS %:          0   MPKI: 0
PSCL5 TRANSLATION FROM L1D PREFETCHER ACCESS:          4  HIT:          4  MISS:          0  HIT %:        100  MISS %:          0   MPKI: 0
PSCL5 PREFETCH  REQUESTED:          0  ISSUED:          0  USEFUL:          0  USELESS:          0
PSCL5 USEFUL LOAD PREFETCHES:          0 PREFETCH ISSUED TO LOWER LEVEL:          0  ACCURACY: -nan
PSCL5 TIMELY PREFETCHES:          0 LATE PREFETCHES: 0 DROPPED PREFETCHES: 0
PSCL5 PREFETCHES SAME FILL-ORIGIN LEVEL: 0 DIFFERENT FILL-ORIGIN LEVEL: 0

PSCL4 TOTAL     ACCESS:     501857  HIT:     497828  MISS:       4029  HIT %:    99.1972  MISS %:   0.802818   MPKI: 0.020145
PSCL4 LOAD TRANSLATION ACCESS:     501853  HIT:     497824  MISS:       4029  HIT %:    99.1972  MISS %:   0.802825   MPKI: 0.020145
PSCL4 TRANSLATION FROM L1D PREFETCHER ACCESS:          4  HIT:          4  MISS:          0  HIT %:        100  MISS %:          0   MPKI: 0
PSCL4 PREFETCH  REQUESTED:          0  ISSUED:          0  USEFUL:          0  USELESS:          0
PSCL4 USEFUL LOAD PREFETCHES:          0 PREFETCH ISSUED TO LOWER LEVEL:          0  ACCURACY: -nan
PSCL4 TIMELY PREFETCHES:          0 LATE PREFETCHES: 0 DROPPED PREFETCHES: 0
PSCL4 PREFETCHES SAME FILL-ORIGIN LEVEL: 0 DIFFERENT FILL-ORIGIN LEVEL: 0

PSCL3 TOTAL     ACCESS:     635167  HIT:     619735  MISS:      15432  HIT %:    97.5704  MISS %:     2.4296   MPKI: 0.07716
PSCL3 LOAD TRANSLATION ACCESS:     635165  HIT:     619733  MISS:      15432  HIT %:    97.5704  MISS %:     2.4296   MPKI: 0.07716
PSCL3 TRANSLATION FROM L1D PREFETCHER ACCESS:          2  HIT:          2  MISS:          0  HIT %:        100  MISS %:          0   MPKI: 0
PSCL3 PREFETCH  REQUESTED:          0  ISSUED:          0  USEFUL:          0  USELESS:          0
PSCL3 USEFUL LOAD PREFETCHES:          0 PREFETCH ISSUED TO LOWER LEVEL:          0  ACCURACY: -nan
PSCL3 TIMELY PREFETCHES:          0 LATE PREFETCHES: 0 DROPPED PREFETCHES: 0
PSCL3 PREFETCHES SAME FILL-ORIGIN LEVEL: 0 DIFFERENT FILL-ORIGIN LEVEL: 0

PSCL2 TOTAL     ACCESS:     637793  HIT:     238176  MISS:     399617  HIT %:    37.3438  MISS %:    62.6562   MPKI: 1.99808
PSCL2 LOAD TRANSLATION ACCESS:     637792  HIT:     238175  MISS:     399617  HIT %:    37.3437  MISS %:    62.6563   MPKI: 1.99808
PSCL2 TRANSLATION FROM L1D PREFETCHER ACCESS:          1  HIT:          1  MISS:          0  HIT %:        100  MISS %:          0   MPKI: 0
PSCL2 PREFETCH  REQUESTED:          0  ISSUED:          0  USEFUL:          0  USELESS:          0
PSCL2 USEFUL LOAD PREFETCHES:          0 PREFETCH ISSUED TO LOWER LEVEL:          0  ACCURACY: -nan
PSCL2 TIMELY PREFETCHES:          0 LATE PREFETCHES: 0 DROPPED PREFETCHES: 0
PSCL2 PREFETCHES SAME FILL-ORIGIN LEVEL: 0 DIFFERENT FILL-ORIGIN LEVEL: 0

LLC TOTAL     ACCESS:    4375105  HIT:     734224  MISS:    3640881  HIT %:    16.7819  MISS %:    83.2181   MPKI: 18.2044
LLC LOAD      ACCESS:    1886268  HIT:     398676  MISS:    1487592  HIT %:    21.1357  MISS %:    78.8643   MPKI: 7.43796
LLC RFO       ACCESS:     598487  HIT:      20188  MISS:     578299  HIT %:    3.37317  MISS %:    96.6268   MPKI: 2.89149
LLC PREFETCH  ACCESS:     651702  HIT:      51245  MISS:     600457  HIT %:    7.86326  MISS %:    92.1367   MPKI: 3.00228
AGUS PREFETCH L1 MISS: 0
LLC WRITEBACK ACCESS:     941106  HIT:     203946  MISS:     737160  HIT %:    21.6709  MISS %:    78.3291   MPKI: 3.6858
LLC LOAD TRANSLATION ACCESS:     297542  HIT:      60169  MISS:     237373  HIT %:     20.222  MISS %:     79.778   MPKI: 1.18686
LLC PREFETCH  REQUESTED:          0  ISSUED:          0  USEFUL:       9067  USELESS:     146760
LLC USEFUL LOAD PREFETCHES:       9067 PREFETCH ISSUED TO LOWER LEVEL:     600457  ACCURACY: 1.51002
LLC TIMELY PREFETCHES:       9067 LATE PREFETCHES: 0 DROPPED PREFETCHES: 0
LLC PREFETCHES SAME FILL-ORIGIN LEVEL: 0 DIFFERENT FILL-ORIGIN LEVEL: 0
LLC AVERAGE MISS LATENCY:    147.994 cycles AVERAGE LOAD MISS LATENCY:    183.299 cycles Load Miss    1487592
LLC Average MSHR Occupancy:   0.838273
LLC RQ	ACCESS:    2782299	FORWARD:          0	MERGED:          0	TO_CACHE:    2782297
LLC WQ	ACCESS:     941106	FORWARD:          2	MERGED:          0	TO_CACHE:     941106
LLC PQ	ACCESS:     651702	FORWARD:          0	MERGED:          0	TO_CACHE:     651702

LLC Dense regions hint to LLC: 0

RAW hits: 2526232
Loads Generated: 50055940
Loads sent to L1D: 47529710
Stores Generated: 24481439
Stores sent to L1D: 24481439
Major fault: 0 Minor fault: 134048
Allocated PAGES: 134048

stream: 
stream:times selected: 13496080
stream:pref_filled: 1083977
stream:pref_useful: 272638
stream:pref_late: 50847
stream:misses: 202645
stream:misses_by_poll: 0

CS: 
CS:times selected: 5005342
CS:pref_filled: 734859
CS:pref_useful: 655266
CS:pref_late: 208171
CS:misses: 424429
CS:misses_by_poll: 3004

CPLX: 
CPLX:times selected: 8389127
CPLX:pref_filled: 477845
CPLX:pref_useful: 109919
CPLX:pref_late: 10978
CPLX:misses: 789148
CPLX:misses_by_poll: 540

NL_L1: 
NL:times selected: 106451
NL:pref_filled: 11301
NL:pref_useful: 3218
NL:pref_late: 464
NL:misses: 10533
NL:misses_by_poll: 0

total selections: 26997000
total_filled: 1273770
total_useful: 653147
total_late: 274393
total_polluted: 3544
total_misses_after_warmup: 2525727
conflicts: 6512691
Degree Incremented Times: 158232
Degree Decremented Times: 586152

L1 IP Table Write Accesses: 23696833
L1 IP Table Read Accesses: 17184142
L1 RST Write Accesses: 7287166
L1 RST Read Accesses: 14574332
L1 CSPT Write Accesses: 7287166
L1 CSPT Read Accesses: 11605696
L1 RR Filter Tag Write Accesses: 4884839
L1 RR Filter Tag Read Accesses: 447379745
L1 IP Table Tag Write Accesses: 31438163
L1 IP Table Tag Read Accesses: 31438163
L1 RST Tag Write Accesses: 0
L1 RST Tag Read Accesses: 66304370
L1 RR Filter Write Accesses: 0
L1 RR Filter Read Accesses: 16845046
test: 3326909
================ Mockingjay (LLC) Pollution Stats ================
Total pollution count in LLC: 91284
==================================================================

DRAM Statistics
 CHANNEL 0
 RQ ROW_BUFFER_HIT:     609657  ROW_BUFFER_MISS:    2294024
 DBUS_CONGESTED:       2051
 WQ ROW_BUFFER_HIT:     323349  ROW_BUFFER_MISS:     600364  FULL:       5345

 AVG_CONGESTED_CYCLE: 4
 All warmup complete: 2
Channel 0 Bank busy for read cycles: 0
Channel 0 Bank busy for write cycles: 0
Channel 0
Rank 0
0banks busy for read cycles: 312120616
0banks busy for write cycles: 356323
1banks busy for read cycles: 147153454
1banks busy for write cycles: 62347003
2banks busy for read cycles: 46596793
2banks busy for write cycles: 20813417
3banks busy for read cycles: 16029051
3banks busy for write cycles: 7306421
4banks busy for read cycles: 6980695
4banks busy for write cycles: 3174972
5banks busy for read cycles: 3278391
5banks busy for write cycles: 1705069
6banks busy for read cycles: 2102119
6banks busy for write cycles: 1187856
7banks busy for read cycles: 1706918
7banks busy for write cycles: 1244290
8banks busy for read cycles: 2392864
8banks busy for write cycles: 2823386

CPU 0 Branch Prediction Accuracy: 94.3258% MPKI: 9.52096 Average ROB Occupancy at Mispredict: 15.7259
Branch types
NOT_BRANCH: 166440521 83.2203%
BRANCH_DIRECT_JUMP: 3662736 1.83137%
BRANCH_INDIRECT: 221988 0.110994%
BRANCH_CONDITIONAL: 26772813 13.3864%
BRANCH_DIRECT_CALL: 1260032 0.630016%
BRANCH_INDIRECT_CALL: 186081 0.0930405%
BRANCH_RETURN: 1450913 0.725456%
BRANCH_OTHER: 4329 0.0021645%

===================== LRU L1D STATS =====================
Total pollution count in L1D: 880046
=========================================================
================ SRRIP (L2C) Pollution Stats ================
Total pollution count in L2c: 2941220
==================================================================
DRAM PAGES: 1048576
Allocated PAGES: 134048
