
*** ChampSim Multicore Out-of-Order Simulator ***

Warmup Instructions: 200000000
Simulation Instructions: 200000000
Number of CPUs: 1
LLC sets: 4096
LLC ways: 12
Off-chip DRAM Size: 4096 MB Channels: 1 Width: 64-bit Data Rate: 6400 MT/s
CPU 0 runs /home1/sweta/traces/DPC4-Traces/Google_Traces_v2/Google_Traces_v2/sierra.a.4/sierra.a.4_0003.champsim.gz
.gz
BTB has LRU replacement policy
ITLB has LRU replacement policy
DTLB has LRU replacement policy
STLB has LRU replacement policy
L1I has LRU replacement policy
IP Table Entries: 1024
CSPT Entries: 128
RR_ENTRIES: 32
RST_ENTRIES: 8
L1D has LRU replacement policy
Initialize SRRIP state for L2C
Initialize Mockingjay state for LLC
Heartbeat CPU 0 instructions: 10000006 cycles: 2550589 heartbeat IPC: 3.92067 cumulative IPC: 3.92067 (Simulation time: 0 hr 0 min 29 sec) 
Heartbeat CPU 0 instructions: 20000002 cycles: 5144002 heartbeat IPC: 3.85592 cumulative IPC: 3.88802 (Simulation time: 0 hr 0 min 59 sec) 
Heartbeat CPU 0 instructions: 30000000 cycles: 7669510 heartbeat IPC: 3.9596 cumulative IPC: 3.91159 (Simulation time: 0 hr 1 min 30 sec) 
Heartbeat CPU 0 instructions: 40000002 cycles: 10304401 heartbeat IPC: 3.79522 cumulative IPC: 3.88184 (Simulation time: 0 hr 1 min 59 sec) 
Heartbeat CPU 0 instructions: 50000002 cycles: 12812954 heartbeat IPC: 3.98636 cumulative IPC: 3.9023 (Simulation time: 0 hr 2 min 28 sec) 
Heartbeat CPU 0 instructions: 60000004 cycles: 15030165 heartbeat IPC: 4.51017 cumulative IPC: 3.99197 (Simulation time: 0 hr 2 min 56 sec) 
Heartbeat CPU 0 instructions: 70000004 cycles: 17444006 heartbeat IPC: 4.14278 cumulative IPC: 4.01284 (Simulation time: 0 hr 3 min 24 sec) 
Heartbeat CPU 0 instructions: 80000000 cycles: 19753375 heartbeat IPC: 4.33019 cumulative IPC: 4.04994 (Simulation time: 0 hr 3 min 52 sec) 
Heartbeat CPU 0 instructions: 90000000 cycles: 21922702 heartbeat IPC: 4.60972 cumulative IPC: 4.10533 (Simulation time: 0 hr 4 min 19 sec) 
Heartbeat CPU 0 instructions: 100000002 cycles: 24181829 heartbeat IPC: 4.42649 cumulative IPC: 4.13534 (Simulation time: 0 hr 4 min 46 sec) 
Heartbeat CPU 0 instructions: 110000004 cycles: 26347541 heartbeat IPC: 4.61742 cumulative IPC: 4.17496 (Simulation time: 0 hr 5 min 13 sec) 
Heartbeat CPU 0 instructions: 120000002 cycles: 28967977 heartbeat IPC: 3.81616 cumulative IPC: 4.14251 (Simulation time: 0 hr 5 min 44 sec) 
Heartbeat CPU 0 instructions: 130000004 cycles: 31700233 heartbeat IPC: 3.65998 cumulative IPC: 4.10092 (Simulation time: 0 hr 6 min 13 sec) 
Heartbeat CPU 0 instructions: 140000006 cycles: 34409010 heartbeat IPC: 3.6917 cumulative IPC: 4.0687 (Simulation time: 0 hr 6 min 41 sec) 
Heartbeat CPU 0 instructions: 150000002 cycles: 37149788 heartbeat IPC: 3.6486 cumulative IPC: 4.03771 (Simulation time: 0 hr 7 min 11 sec) 
Heartbeat CPU 0 instructions: 160000006 cycles: 39811588 heartbeat IPC: 3.75686 cumulative IPC: 4.01893 (Simulation time: 0 hr 7 min 39 sec) 
Heartbeat CPU 0 instructions: 170000001 cycles: 42470458 heartbeat IPC: 3.76099 cumulative IPC: 4.00278 (Simulation time: 0 hr 8 min 9 sec) 
Heartbeat CPU 0 instructions: 180000000 cycles: 45169950 heartbeat IPC: 3.7044 cumulative IPC: 3.98495 (Simulation time: 0 hr 8 min 37 sec) 
Heartbeat CPU 0 instructions: 190000000 cycles: 47849811 heartbeat IPC: 3.73154 cumulative IPC: 3.97076 (Simulation time: 0 hr 9 min 5 sec) 
Heartbeat CPU 0 instructions: 200000001 cycles: 50490912 heartbeat IPC: 3.7863 cumulative IPC: 3.96111 (Simulation time: 0 hr 9 min 34 sec) 

Warmup complete CPU 0 instructions: 200000001 cycles: 50490912 (Simulation time: 0 hr 9 min 34 sec) 

Heartbeat CPU 0 instructions: 210000000 cycles: 89448490 heartbeat IPC: 0.256689 cumulative IPC: 0.256689 (Simulation time: 0 hr 10 min 5 sec) 
Heartbeat CPU 0 instructions: 220000000 cycles: 128462822 heartbeat IPC: 0.256316 cumulative IPC: 0.256503 (Simulation time: 0 hr 10 min 37 sec) 
Heartbeat CPU 0 instructions: 230000001 cycles: 178729813 heartbeat IPC: 0.198938 cumulative IPC: 0.233938 (Simulation time: 0 hr 11 min 11 sec) 
Heartbeat CPU 0 instructions: 240000000 cycles: 224997762 heartbeat IPC: 0.216132 cumulative IPC: 0.229217 (Simulation time: 0 hr 11 min 44 sec) 
Heartbeat CPU 0 instructions: 250000004 cycles: 271801841 heartbeat IPC: 0.213657 cumulative IPC: 0.225927 (Simulation time: 0 hr 12 min 18 sec) 
Heartbeat CPU 0 instructions: 260000007 cycles: 308840439 heartbeat IPC: 0.269989 cumulative IPC: 0.232244 (Simulation time: 0 hr 12 min 49 sec) 
Heartbeat CPU 0 instructions: 270000000 cycles: 336690318 heartbeat IPC: 0.359068 cumulative IPC: 0.244585 (Simulation time: 0 hr 13 min 19 sec) 
Heartbeat CPU 0 instructions: 280000007 cycles: 371271951 heartbeat IPC: 0.289171 cumulative IPC: 0.249391 (Simulation time: 0 hr 13 min 55 sec) 
Heartbeat CPU 0 instructions: 290000000 cycles: 412328255 heartbeat IPC: 0.243568 cumulative IPC: 0.248731 (Simulation time: 0 hr 14 min 28 sec) 
Heartbeat CPU 0 instructions: 300000000 cycles: 452573213 heartbeat IPC: 0.248478 cumulative IPC: 0.248705 (Simulation time: 0 hr 15 min 0 sec) 
Heartbeat CPU 0 instructions: 310000000 cycles: 489223874 heartbeat IPC: 0.272846 cumulative IPC: 0.250722 (Simulation time: 0 hr 15 min 31 sec) 
Heartbeat CPU 0 instructions: 320000003 cycles: 521978215 heartbeat IPC: 0.305303 cumulative IPC: 0.254514 (Simulation time: 0 hr 16 min 1 sec) 
Heartbeat CPU 0 instructions: 330000000 cycles: 572656645 heartbeat IPC: 0.197323 cumulative IPC: 0.248963 (Simulation time: 0 hr 16 min 34 sec) 
Heartbeat CPU 0 instructions: 340000000 cycles: 612996942 heartbeat IPC: 0.247891 cumulative IPC: 0.248886 (Simulation time: 0 hr 17 min 7 sec) 
Heartbeat CPU 0 instructions: 350000001 cycles: 659281249 heartbeat IPC: 0.216056 cumulative IPC: 0.24639 (Simulation time: 0 hr 17 min 40 sec) 
Heartbeat CPU 0 instructions: 360000000 cycles: 702103967 heartbeat IPC: 0.233521 cumulative IPC: 0.245544 (Simulation time: 0 hr 18 min 10 sec) 
Heartbeat CPU 0 instructions: 370000003 cycles: 749359933 heartbeat IPC: 0.211614 cumulative IPC: 0.24325 (Simulation time: 0 hr 18 min 41 sec) 
Heartbeat CPU 0 instructions: 380000001 cycles: 788096739 heartbeat IPC: 0.258152 cumulative IPC: 0.244033 (Simulation time: 0 hr 19 min 12 sec) 
Heartbeat CPU 0 instructions: 390000003 cycles: 823742850 heartbeat IPC: 0.280536 cumulative IPC: 0.245716 (Simulation time: 0 hr 19 min 42 sec) 
Heartbeat CPU 0 instructions: 400000001 cycles: 856365707 heartbeat IPC: 0.306533 cumulative IPC: 0.248178 (Simulation time: 0 hr 20 min 13 sec) 
Finished CPU 0 instructions: 200000000 cycles: 805874795 cumulative IPC: 0.248177 (Simulation time: 0 hr 20 min 13 sec) 

ChampSim completed all CPUs

Region of Interest Statistics

CPU 0 cumulative IPC: 0.248177 instructions: 200000000 cycles: 805874795
ITLB TOTAL     ACCESS:   22220788  HIT:   21738347  MISS:     482441  HIT %:    97.8289  MISS %:    2.17112   MPKI: 2.41221
ITLB LOAD TRANSLATION ACCESS:   22220788  HIT:   21738347  MISS:     482441  HIT %:    97.8289  MISS %:    2.17112   MPKI: 2.41221
ITLB PREFETCH  REQUESTED:          0  ISSUED:          0  USEFUL:          0  USELESS:          0
ITLB USEFUL LOAD PREFETCHES:          0 PREFETCH ISSUED TO LOWER LEVEL:          0  ACCURACY: -nan
ITLB TIMELY PREFETCHES:          0 LATE PREFETCHES: 0 DROPPED PREFETCHES: 0
ITLB PREFETCHES SAME FILL-ORIGIN LEVEL: 0 DIFFERENT FILL-ORIGIN LEVEL: 0
ITLB AVERAGE MISS LATENCY:     32.605 cycles AVERAGE LOAD MISS LATENCY:       -nan cycles Load Miss          0
ITLB Average MSHR Occupancy:  0.0193519
ITLB RQ	ACCESS:   26106336	FORWARD:          0	MERGED:    3493199	TO_CACHE:   22613137

DTLB TOTAL     ACCESS:   42697243  HIT:   40495460  MISS:    2201783  HIT %:    94.8433  MISS %:    5.15673   MPKI: 11.0089
DTLB LOAD TRANSLATION ACCESS:   42697243  HIT:   40495460  MISS:    2201783  HIT %:    94.8433  MISS %:    5.15673   MPKI: 11.0089
DTLB PREFETCH  REQUESTED:          0  ISSUED:          0  USEFUL:          0  USELESS:          0
DTLB USEFUL LOAD PREFETCHES:          0 PREFETCH ISSUED TO LOWER LEVEL:          0  ACCURACY: -nan
DTLB TIMELY PREFETCHES:          0 LATE PREFETCHES: 0 DROPPED PREFETCHES: 0
DTLB PREFETCHES SAME FILL-ORIGIN LEVEL: 0 DIFFERENT FILL-ORIGIN LEVEL: 0
DTLB AVERAGE MISS LATENCY:    63.1593 cycles AVERAGE LOAD MISS LATENCY:       -nan cycles Load Miss          0
DTLB Average MSHR Occupancy:   0.166056
DTLB RQ	ACCESS:   56257963	FORWARD:          0	MERGED:   13154781	TO_CACHE:   43103182

STLB TOTAL     ACCESS:    5455089  HIT:    4675832  MISS:     779257  HIT %:     85.715  MISS %:     14.285   MPKI: 3.89629
STLB LOAD TRANSLATION ACCESS:    2684224  HIT:    1904976  MISS:     779248  HIT %:    70.9693  MISS %:    29.0307   MPKI: 3.89624
STLB TRANSLATION FROM L1D PREFETCHER ACCESS:    2770865  HIT:    2770856  MISS:          9  HIT %:    99.9997  MISS %: 0.000324808   MPKI: 4.5e-05
STLB PREFETCH  REQUESTED:          0  ISSUED:          0  USEFUL:          6  USELESS:          3
STLB USEFUL LOAD PREFETCHES:          6 PREFETCH ISSUED TO LOWER LEVEL:          0  ACCURACY: inf
STLB TIMELY PREFETCHES:          6 LATE PREFETCHES: 0 DROPPED PREFETCHES: 0
STLB PREFETCHES SAME FILL-ORIGIN LEVEL: 0 DIFFERENT FILL-ORIGIN LEVEL: 0
STLB AVERAGE MISS LATENCY:    167.454 cycles AVERAGE LOAD MISS LATENCY:       -nan cycles Load Miss          0
STLB Average MSHR Occupancy:   0.156115
STLB RQ	ACCESS:    6519678	FORWARD:          0	MERGED:    1064588	TO_CACHE:    5455090

STLB Hit, L1D data hit: 0
STLB Hit, L2C data hit: 0
STLB Hit, LLC data hit: 0
STLB Hit, LLC data miss: 0
STLB STLB hints to L2: 0
L1D TOTAL     ACCESS:   57139832  HIT:   51238181  MISS:    5901651  HIT %:    89.6716  MISS %:    10.3284   MPKI: 29.5083
L1D LOAD      ACCESS:   31721264  HIT:   29265425  MISS:    2455839  HIT %:    92.2581  MISS %:    7.74193   MPKI: 12.2792
L1D RFO       ACCESS:   21794872  HIT:   19936318  MISS:    1858554  HIT %:    91.4725  MISS %:    8.52748   MPKI: 9.29277
L1D PREFETCH  ACCESS:    3623696  HIT:    2036438  MISS:    1587258  HIT %:    56.1978  MISS %:    43.8022   MPKI: 7.93629
AGUS PREFETCH L1 MISS: 0
L1D PREFETCH  REQUESTED:    7741765  ISSUED:    7673427  USEFUL:     939058  USELESS:     648223
L1D USEFUL LOAD PREFETCHES:     939058 PREFETCH ISSUED TO LOWER LEVEL:    1647654  ACCURACY: 56.9936
L1D TIMELY PREFETCHES:     939058 LATE PREFETCHES: 58513 DROPPED PREFETCHES: 0
L1D PREFETCHES SAME FILL-ORIGIN LEVEL: 1647654 DIFFERENT FILL-ORIGIN LEVEL: 0
L1D AVERAGE MISS LATENCY:    103.826 cycles AVERAGE LOAD MISS LATENCY:    95.3689 cycles Load Miss    2455839
L1D Average MSHR Occupancy:   0.805976
L1D RQ	ACCESS:   45937518	FORWARD:          0	MERGED:   13494528	TO_CACHE:   31874302
L1D WQ	ACCESS:   24868033	FORWARD:     571207	MERGED:     484372	TO_CACHE:   24383661
L1D PQ	ACCESS:    3837973	FORWARD:          0	MERGED:          0	TO_CACHE:    3835454

L1D UNIQUE REGIONS ACCESSED: 0
L1D REGIONS CONFLICTS: 0
L1D Cross Page Prefetch Requests: 0
L1D Same Page Prefetch Requests: 8270665
L1D ROI Sum of L1D PQ occupancy: 64199414
L1D PREFETCHES PUSHED FROM L2C: 0
L1I TOTAL     ACCESS:   25748632  HIT:    9182859  MISS:   16565773  HIT %:    35.6635  MISS %:    64.3365   MPKI: 82.8289
L1I LOAD      ACCESS:   25748632  HIT:    9182859  MISS:   16565773  HIT %:    35.6635  MISS %:    64.3365   MPKI: 82.8289
L1I PREFETCH  REQUESTED:          0  ISSUED:          0  USEFUL:          0  USELESS:          0
L1I USEFUL LOAD PREFETCHES:          0 PREFETCH ISSUED TO LOWER LEVEL:          0  ACCURACY: -nan
L1I TIMELY PREFETCHES:          0 LATE PREFETCHES: 0 DROPPED PREFETCHES: 0
L1I PREFETCHES SAME FILL-ORIGIN LEVEL: 0 DIFFERENT FILL-ORIGIN LEVEL: 0
L1I AVERAGE MISS LATENCY:    30.2896 cycles AVERAGE LOAD MISS LATENCY:    30.2896 cycles Load Miss   16565773
L1I Average MSHR Occupancy:   0.612595
L1I RQ	ACCESS:   45624615	FORWARD:          0	MERGED:   19518279	TO_CACHE:   26106336

BTB TOTAL     ACCESS:   15498749  HIT:   12331720  MISS:    3167029  HIT %:    79.5659  MISS %:    20.4341   MPKI: 15.8351
BTB BRANCH_DIRECT_JUMP	ACCESS:    2796739  HIT:    2077609  MISS:     719130
BTB BRANCH_INDIRECT	ACCESS:     158939  HIT:      89652  MISS:      69287
BTB BRANCH_CONDITIONAL	ACCESS:    9801845  HIT:    9141339  MISS:     660506
BTB BRANCH_DIRECT_CALL	ACCESS:    1180701  HIT:     626010  MISS:     554691
BTB BRANCH_INDIRECT_CALL	ACCESS:     185590  HIT:      77716  MISS:     107874
BTB BRANCH_RETURN	ACCESS:    1370873  HIT:     318222  MISS:    1052651
BTB BRANCH_OTHER ACCESS:       4062  HIT:       1172  MISS:       2890

L2C TOTAL     ACCESS:   26463128  HIT:   21577513  MISS:    4885615  HIT %:     81.538  MISS %:     18.462   MPKI: 24.4281
L2C LOAD      ACCESS:   18962936  HIT:   16096573  MISS:    2866363  HIT %:    84.8844  MISS %:    15.1156   MPKI: 14.3318
L2C DATA LOAD MPKI: 4.73018
L2C INSTRUCTION LOAD MPKI: 9.60163
L2C RFO       ACCESS:    1856637  HIT:     911359  MISS:     945278  HIT %:    49.0865  MISS %:    50.9135   MPKI: 4.72639
L2C PREFETCH  ACCESS:    1647528  HIT:    1005201  MISS:     642327  HIT %:    61.0127  MISS %:    38.9873   MPKI: 3.21163
AGUS PREFETCH L1 MISS: 0
L2C DATA PREFETCH MPKI: 3.21163
L2C INSTRUCTION PREFETCH MPKI: 0
L2C WRITEBACK ACCESS:    2681139  HIT:    2676901  MISS:       4238  HIT %:    99.8419  MISS %:   0.158067   MPKI: 0.02119
L2C LOAD TRANSLATION ACCESS:    1314865  HIT:     887459  MISS:     427406  HIT %:    67.4943  MISS %:    32.5057   MPKI: 2.13703
L2C TRANSLATION FROM L1D PREFETCHER ACCESS:         23  HIT:         20  MISS:          3  HIT %:    86.9565  MISS %:    13.0435   MPKI: 1.5e-05
L2C PREFETCH  REQUESTED:          0  ISSUED:          0  USEFUL:      38641  USELESS:     603612
L2C USEFUL LOAD PREFETCHES:      38641 PREFETCH ISSUED TO LOWER LEVEL:     642327  ACCURACY: 6.01578
L2C TIMELY PREFETCHES:      38641 LATE PREFETCHES: 0 DROPPED PREFETCHES: 0
L2C PREFETCHES SAME FILL-ORIGIN LEVEL: 0 DIFFERENT FILL-ORIGIN LEVEL: 0
L2C AVERAGE MISS LATENCY:    181.124 cycles AVERAGE LOAD MISS LATENCY:    162.321 cycles Load Miss    2866363
L2C Average MSHR Occupancy:    1.08832
L2C RQ	ACCESS:   22134657	FORWARD:          0	MERGED:          0	TO_CACHE:   22134461
L2C WQ	ACCESS:    2681139	FORWARD:        322	MERGED:          0	TO_CACHE:    2681139
L2C PQ	ACCESS:    1647654	FORWARD:          0	MERGED:          0	TO_CACHE:    1647528

L2C Instructions Evicting Data 982563
L2C Translations Evicting Data 220428
L2C Data Evicting Data 1334174
L2C Instructions Evicting Instructions 768305
L2C Translations Evicting Instructions 168670
L2C Data Evicting Instructions 980252
L2C Instructions Evicting Translations 169459
L2C Translations Evicting Translations 38311
L2C Data Evicting Translations 219215
L2C Dense regions hint from L2: 0
PSCL5 TOTAL     ACCESS:     779257  HIT:     779257  MISS:          0  HIT %:        100  MISS %:          0   MPKI: 0
PSCL5 LOAD TRANSLATION ACCESS:     779248  HIT:     779248  MISS:          0  HIT %:        100  MISS %:          0   MPKI: 0
PSCL5 TRANSLATION FROM L1D PREFETCHER ACCESS:          9  HIT:          9  MISS:          0  HIT %:        100  MISS %:          0   MPKI: 0
PSCL5 PREFETCH  REQUESTED:          0  ISSUED:          0  USEFUL:          0  USELESS:          0
PSCL5 USEFUL LOAD PREFETCHES:          0 PREFETCH ISSUED TO LOWER LEVEL:          0  ACCURACY: -nan
PSCL5 TIMELY PREFETCHES:          0 LATE PREFETCHES: 0 DROPPED PREFETCHES: 0
PSCL5 PREFETCHES SAME FILL-ORIGIN LEVEL: 0 DIFFERENT FILL-ORIGIN LEVEL: 0

PSCL4 TOTAL     ACCESS:     579735  HIT:     569547  MISS:      10188  HIT %:    98.2426  MISS %:    1.75735   MPKI: 0.05094
PSCL4 LOAD TRANSLATION ACCESS:     579727  HIT:     569539  MISS:      10188  HIT %:    98.2426  MISS %:    1.75738   MPKI: 0.05094
PSCL4 TRANSLATION FROM L1D PREFETCHER ACCESS:          8  HIT:          8  MISS:          0  HIT %:        100  MISS %:          0   MPKI: 0
PSCL4 PREFETCH  REQUESTED:          0  ISSUED:          0  USEFUL:          0  USELESS:          0
PSCL4 USEFUL LOAD PREFETCHES:          0 PREFETCH ISSUED TO LOWER LEVEL:          0  ACCURACY: -nan
PSCL4 TIMELY PREFETCHES:          0 LATE PREFETCHES: 0 DROPPED PREFETCHES: 0
PSCL4 PREFETCHES SAME FILL-ORIGIN LEVEL: 0 DIFFERENT FILL-ORIGIN LEVEL: 0

PSCL3 TOTAL     ACCESS:     773478  HIT:     749213  MISS:      24265  HIT %:    96.8629  MISS %:    3.13713   MPKI: 0.121325
PSCL3 LOAD TRANSLATION ACCESS:     773474  HIT:     749209  MISS:      24265  HIT %:    96.8629  MISS %:    3.13714   MPKI: 0.121325
PSCL3 TRANSLATION FROM L1D PREFETCHER ACCESS:          4  HIT:          4  MISS:          0  HIT %:        100  MISS %:          0   MPKI: 0
PSCL3 PREFETCH  REQUESTED:          0  ISSUED:          0  USEFUL:          0  USELESS:          0
PSCL3 USEFUL LOAD PREFETCHES:          0 PREFETCH ISSUED TO LOWER LEVEL:          0  ACCURACY: -nan
PSCL3 TIMELY PREFETCHES:          0 LATE PREFETCHES: 0 DROPPED PREFETCHES: 0
PSCL3 PREFETCHES SAME FILL-ORIGIN LEVEL: 0 DIFFERENT FILL-ORIGIN LEVEL: 0

PSCL2 TOTAL     ACCESS:     779257  HIT:     276811  MISS:     502446  HIT %:    35.5224  MISS %:    64.4776   MPKI: 2.51223
PSCL2 LOAD TRANSLATION ACCESS:     779256  HIT:     276810  MISS:     502446  HIT %:    35.5223  MISS %:    64.4777   MPKI: 2.51223
PSCL2 TRANSLATION FROM L1D PREFETCHER ACCESS:          1  HIT:          1  MISS:          0  HIT %:        100  MISS %:          0   MPKI: 0
PSCL2 PREFETCH  REQUESTED:          0  ISSUED:          0  USEFUL:          0  USELESS:          0
PSCL2 USEFUL LOAD PREFETCHES:          0 PREFETCH ISSUED TO LOWER LEVEL:          0  ACCURACY: -nan
PSCL2 TIMELY PREFETCHES:          0 LATE PREFETCHES: 0 DROPPED PREFETCHES: 0
PSCL2 PREFETCHES SAME FILL-ORIGIN LEVEL: 0 DIFFERENT FILL-ORIGIN LEVEL: 0

LLC TOTAL     ACCESS:    6200648  HIT:    1361419  MISS:    4839229  HIT %:    21.9561  MISS %:    78.0439   MPKI: 24.1961
LLC LOAD      ACCESS:    2866363  HIT:     999629  MISS:    1866734  HIT %:    34.8745  MISS %:    65.1255   MPKI: 9.33367
LLC RFO       ACCESS:     945278  HIT:      25968  MISS:     919310  HIT %:    2.74713  MISS %:    97.2529   MPKI: 4.59655
LLC PREFETCH  ACCESS:     642327  HIT:      38121  MISS:     604206  HIT %:    5.93483  MISS %:    94.0652   MPKI: 3.02103
AGUS PREFETCH L1 MISS: 0
LLC WRITEBACK ACCESS:    1319271  HIT:     214767  MISS:    1104504  HIT %:    16.2792  MISS %:    83.7208   MPKI: 5.52252
LLC LOAD TRANSLATION ACCESS:     427406  HIT:      82933  MISS:     344473  HIT %:    19.4038  MISS %:    80.5962   MPKI: 1.72236
LLC TRANSLATION FROM L1D PREFETCHER ACCESS:          3  HIT:          1  MISS:          2  HIT %:    33.3333  MISS %:    66.6667   MPKI: 1e-05
LLC PREFETCH  REQUESTED:          0  ISSUED:          0  USEFUL:       5010  USELESS:     175498
LLC USEFUL LOAD PREFETCHES:       5010 PREFETCH ISSUED TO LOWER LEVEL:     604206  ACCURACY: 0.829187
LLC TIMELY PREFETCHES:       5010 LATE PREFETCHES: 0 DROPPED PREFETCHES: 0
LLC PREFETCHES SAME FILL-ORIGIN LEVEL: 0 DIFFERENT FILL-ORIGIN LEVEL: 0
LLC AVERAGE MISS LATENCY:    137.019 cycles AVERAGE LOAD MISS LATENCY:     179.81 cycles Load Miss    1866734
LLC Average MSHR Occupancy:   0.818155
LLC RQ	ACCESS:    4239050	FORWARD:          0	MERGED:          0	TO_CACHE:    4239050
LLC WQ	ACCESS:    1319271	FORWARD:          0	MERGED:          0	TO_CACHE:    1319271
LLC PQ	ACCESS:     642327	FORWARD:          0	MERGED:          0	TO_CACHE:     642327

LLC Dense regions hint to LLC: 0

RAW hits: 2122148
Loads Generated: 48059665
Loads sent to L1D: 45937518
Stores Generated: 24868036
Stores sent to L1D: 24868033
Major fault: 0 Minor fault: 214974
Allocated PAGES: 214974

stream: 
stream:times selected: 15890102
stream:pref_filled: 1325649
stream:pref_useful: 293223
stream:pref_late: 44222
stream:misses: 231177
stream:misses_by_poll: 0

CS: 
CS:times selected: 6388576
CS:pref_filled: 1188671
CS:pref_useful: 1066736
CS:pref_late: 249071
CS:misses: 506960
CS:misses_by_poll: 5369

CPLX: 
CPLX:times selected: 9439843
CPLX:pref_filled: 524828
CPLX:pref_useful: 77378
CPLX:pref_late: 7170
CPLX:misses: 938657
CPLX:misses_by_poll: 207

NL_L1: 
NL:times selected: 102409
NL:pref_filled: 14519
NL:pref_useful: 4025
NL:pref_late: 420
NL:misses: 12337
NL:misses_by_poll: 0

total selections: 31820930
total_filled: 1587258
total_useful: 939058
total_late: 305058
total_polluted: 5576
total_misses_after_warmup: 2608877
conflicts: 6728010
Degree Incremented Times: 137785
Degree Decremented Times: 756667

L1 IP Table Write Accesses: 24194026
L1 IP Table Read Accesses: 17466016
L1 RST Write Accesses: 7828851
L1 RST Read Accesses: 15657702
L1 CSPT Write Accesses: 7828851
L1 CSPT Read Accesses: 11747066
L1 RR Filter Tag Write Accesses: 3906311
L1 RR Filter Tag Read Accesses: 532030933
L1 IP Table Tag Write Accesses: 31874302
L1 IP Table Tag Read Accesses: 31874302
L1 RST Tag Write Accesses: 0
L1 RST Tag Read Accesses: 68769586
L1 RR Filter Write Accesses: 0
L1 RR Filter Read Accesses: 20164520
test: 3789532
================ Mockingjay (LLC) Pollution Stats ================
Total pollution count in LLC: 136354
==================================================================

DRAM Statistics
 CHANNEL 0
 RQ ROW_BUFFER_HIT:     803790  ROW_BUFFER_MISS:    2930927
 DBUS_CONGESTED:       2199
 WQ ROW_BUFFER_HIT:     480523  ROW_BUFFER_MISS:     816534  FULL:       2060

 AVG_CONGESTED_CYCLE: 4
 All warmup complete: 2
Channel 0 Bank busy for read cycles: 0
Channel 0 Bank busy for write cycles: 0
Channel 0
Rank 0
0banks busy for read cycles: 358633508
0banks busy for write cycles: 501567
1banks busy for read cycles: 201607458
1banks busy for write cycles: 88022557
2banks busy for read cycles: 62660042
2banks busy for write cycles: 31867384
3banks busy for read cycles: 19639995
3banks busy for write cycles: 11926238
4banks busy for read cycles: 7418178
4banks busy for write cycles: 5204890
5banks busy for read cycles: 3259470
5banks busy for write cycles: 2672549
6banks busy for read cycles: 2037731
6banks busy for write cycles: 1608403
7banks busy for read cycles: 1491994
7banks busy for write cycles: 1324660
8banks busy for read cycles: 3235994
8banks busy for write cycles: 2762178

CPU 0 Branch Prediction Accuracy: 90.6424% MPKI: 14.8795 Average ROB Occupancy at Mispredict: 12.5869
Branch types
NOT_BRANCH: 168197454 84.0987%
BRANCH_DIRECT_JUMP: 2796739 1.39837%
BRANCH_INDIRECT: 158939 0.0794695%
BRANCH_CONDITIONAL: 26105018 13.0525%
BRANCH_DIRECT_CALL: 1180701 0.590351%
BRANCH_INDIRECT_CALL: 185590 0.092795%
BRANCH_RETURN: 1370873 0.685437%
BRANCH_OTHER: 4062 0.002031%

===================== LRU L1D STATS =====================
Total pollution count in L1D: 974434
=========================================================
================ SRRIP (L2C) Pollution Stats ================
Total pollution count in L2c: 4286700
==================================================================
DRAM PAGES: 1048576
Allocated PAGES: 214974
