
*** ChampSim Multicore Out-of-Order Simulator ***

Warmup Instructions: 200000000
Simulation Instructions: 200000000
Number of CPUs: 1
LLC sets: 4096
LLC ways: 12
Off-chip DRAM Size: 4096 MB Channels: 1 Width: 64-bit Data Rate: 6400 MT/s
CPU 0 runs /home1/sweta/traces/DPC4-Traces/Google_Traces_v2/Google_Traces_v2/sierra.a.3/sierra.a.3_0001.champsim.gz
.gz
BTB has LRU replacement policy
ITLB has LRU replacement policy
DTLB has LRU replacement policy
STLB has LRU replacement policy
L1I has LRU replacement policy
IP Table Entries: 1024
CSPT Entries: 128
RR_ENTRIES: 32
RST_ENTRIES: 8
L1D has LRU replacement policy
Initialize SRRIP state for L2C
Initialize Mockingjay state for LLC
Heartbeat CPU 0 instructions: 10000002 cycles: 2549053 heartbeat IPC: 3.92303 cumulative IPC: 3.92303 (Simulation time: 0 hr 0 min 31 sec) 
Heartbeat CPU 0 instructions: 20000005 cycles: 5040765 heartbeat IPC: 4.01331 cumulative IPC: 3.96765 (Simulation time: 0 hr 1 min 1 sec) 
Heartbeat CPU 0 instructions: 30000000 cycles: 7607957 heartbeat IPC: 3.8953 cumulative IPC: 3.94324 (Simulation time: 0 hr 1 min 31 sec) 
Heartbeat CPU 0 instructions: 40000001 cycles: 10153536 heartbeat IPC: 3.92838 cumulative IPC: 3.93951 (Simulation time: 0 hr 2 min 1 sec) 
Heartbeat CPU 0 instructions: 50000003 cycles: 12682904 heartbeat IPC: 3.95356 cumulative IPC: 3.94232 (Simulation time: 0 hr 2 min 31 sec) 
Heartbeat CPU 0 instructions: 60000003 cycles: 15212064 heartbeat IPC: 3.95388 cumulative IPC: 3.94424 (Simulation time: 0 hr 3 min 1 sec) 
Heartbeat CPU 0 instructions: 70000000 cycles: 17824136 heartbeat IPC: 3.82838 cumulative IPC: 3.92726 (Simulation time: 0 hr 3 min 32 sec) 
Heartbeat CPU 0 instructions: 80000005 cycles: 20448295 heartbeat IPC: 3.81075 cumulative IPC: 3.91231 (Simulation time: 0 hr 3 min 59 sec) 
Heartbeat CPU 0 instructions: 90000000 cycles: 22844827 heartbeat IPC: 4.17269 cumulative IPC: 3.93962 (Simulation time: 0 hr 4 min 29 sec) 
Heartbeat CPU 0 instructions: 100000001 cycles: 25385577 heartbeat IPC: 3.93585 cumulative IPC: 3.93924 (Simulation time: 0 hr 4 min 59 sec) 
Heartbeat CPU 0 instructions: 110000007 cycles: 27971124 heartbeat IPC: 3.86766 cumulative IPC: 3.93263 (Simulation time: 0 hr 5 min 27 sec) 
Heartbeat CPU 0 instructions: 120000005 cycles: 30526921 heartbeat IPC: 3.91267 cumulative IPC: 3.93096 (Simulation time: 0 hr 5 min 55 sec) 
Heartbeat CPU 0 instructions: 130000001 cycles: 33023059 heartbeat IPC: 4.00619 cumulative IPC: 3.93664 (Simulation time: 0 hr 6 min 21 sec) 
Heartbeat CPU 0 instructions: 140000004 cycles: 35649971 heartbeat IPC: 3.80675 cumulative IPC: 3.92707 (Simulation time: 0 hr 6 min 47 sec) 
Heartbeat CPU 0 instructions: 150000004 cycles: 37949381 heartbeat IPC: 4.34894 cumulative IPC: 3.95263 (Simulation time: 0 hr 7 min 15 sec) 
Heartbeat CPU 0 instructions: 160000006 cycles: 40334071 heartbeat IPC: 4.19342 cumulative IPC: 3.96687 (Simulation time: 0 hr 7 min 44 sec) 
Heartbeat CPU 0 instructions: 170000003 cycles: 42871103 heartbeat IPC: 3.94161 cumulative IPC: 3.96538 (Simulation time: 0 hr 8 min 12 sec) 
Heartbeat CPU 0 instructions: 180000000 cycles: 45544455 heartbeat IPC: 3.74062 cumulative IPC: 3.95218 (Simulation time: 0 hr 8 min 41 sec) 
Heartbeat CPU 0 instructions: 190000000 cycles: 48005836 heartbeat IPC: 4.06276 cumulative IPC: 3.95785 (Simulation time: 0 hr 9 min 10 sec) 
Heartbeat CPU 0 instructions: 200000000 cycles: 50530145 heartbeat IPC: 3.96148 cumulative IPC: 3.95803 (Simulation time: 0 hr 9 min 39 sec) 

Warmup complete CPU 0 instructions: 200000008 cycles: 50530146 (Simulation time: 0 hr 9 min 39 sec) 

Heartbeat CPU 0 instructions: 210000000 cycles: 78684592 heartbeat IPC: 0.355184 cumulative IPC: 0.355183 (Simulation time: 0 hr 10 min 8 sec) 
Heartbeat CPU 0 instructions: 220000001 cycles: 115349565 heartbeat IPC: 0.27274 cumulative IPC: 0.308549 (Simulation time: 0 hr 10 min 40 sec) 
Heartbeat CPU 0 instructions: 230000000 cycles: 147588962 heartbeat IPC: 0.310179 cumulative IPC: 0.309091 (Simulation time: 0 hr 11 min 11 sec) 
Heartbeat CPU 0 instructions: 240000003 cycles: 173827006 heartbeat IPC: 0.381126 cumulative IPC: 0.32442 (Simulation time: 0 hr 11 min 39 sec) 
Heartbeat CPU 0 instructions: 250000000 cycles: 204949504 heartbeat IPC: 0.321311 cumulative IPC: 0.323794 (Simulation time: 0 hr 12 min 13 sec) 
Heartbeat CPU 0 instructions: 260000005 cycles: 239550121 heartbeat IPC: 0.289012 cumulative IPC: 0.317427 (Simulation time: 0 hr 12 min 44 sec) 
Heartbeat CPU 0 instructions: 270000000 cycles: 270904027 heartbeat IPC: 0.318939 cumulative IPC: 0.317642 (Simulation time: 0 hr 13 min 16 sec) 
Heartbeat CPU 0 instructions: 280000001 cycles: 296745182 heartbeat IPC: 0.38698 cumulative IPC: 0.324919 (Simulation time: 0 hr 13 min 46 sec) 
Heartbeat CPU 0 instructions: 290000001 cycles: 326134203 heartbeat IPC: 0.340263 cumulative IPC: 0.326555 (Simulation time: 0 hr 14 min 20 sec) 
Heartbeat CPU 0 instructions: 300000005 cycles: 349248968 heartbeat IPC: 0.432624 cumulative IPC: 0.334763 (Simulation time: 0 hr 14 min 51 sec) 
Heartbeat CPU 0 instructions: 310000000 cycles: 372841873 heartbeat IPC: 0.423856 cumulative IPC: 0.341284 (Simulation time: 0 hr 15 min 19 sec) 
Heartbeat CPU 0 instructions: 320000002 cycles: 387822945 heartbeat IPC: 0.667509 cumulative IPC: 0.355774 (Simulation time: 0 hr 15 min 45 sec) 
Heartbeat CPU 0 instructions: 330000004 cycles: 429716075 heartbeat IPC: 0.238703 cumulative IPC: 0.34284 (Simulation time: 0 hr 16 min 17 sec) 
Heartbeat CPU 0 instructions: 340000005 cycles: 462651427 heartbeat IPC: 0.303625 cumulative IPC: 0.339706 (Simulation time: 0 hr 16 min 47 sec) 
Heartbeat CPU 0 instructions: 350000006 cycles: 501984472 heartbeat IPC: 0.254239 cumulative IPC: 0.33226 (Simulation time: 0 hr 17 min 17 sec) 
Heartbeat CPU 0 instructions: 360000000 cycles: 538176308 heartbeat IPC: 0.276305 cumulative IPC: 0.328107 (Simulation time: 0 hr 17 min 48 sec) 
Heartbeat CPU 0 instructions: 370000006 cycles: 568280416 heartbeat IPC: 0.332181 cumulative IPC: 0.328344 (Simulation time: 0 hr 18 min 19 sec) 
Heartbeat CPU 0 instructions: 380000002 cycles: 599336886 heartbeat IPC: 0.321994 cumulative IPC: 0.327984 (Simulation time: 0 hr 18 min 47 sec) 
Heartbeat CPU 0 instructions: 390000000 cycles: 627938379 heartbeat IPC: 0.349632 cumulative IPC: 0.329057 (Simulation time: 0 hr 19 min 20 sec) 
Heartbeat CPU 0 instructions: 400000000 cycles: 670723015 heartbeat IPC: 0.233729 cumulative IPC: 0.32248 (Simulation time: 0 hr 19 min 51 sec) 
Finished CPU 0 instructions: 200000000 cycles: 620192870 cumulative IPC: 0.32248 (Simulation time: 0 hr 19 min 51 sec) 

ChampSim completed all CPUs

Region of Interest Statistics

CPU 0 cumulative IPC: 0.32248 instructions: 200000000 cycles: 620192870
ITLB TOTAL     ACCESS:   21417431  HIT:   20958496  MISS:     458935  HIT %:    97.8572  MISS %:    2.14281   MPKI: 2.29467
ITLB LOAD TRANSLATION ACCESS:   21417431  HIT:   20958496  MISS:     458935  HIT %:    97.8572  MISS %:    2.14281   MPKI: 2.29467
ITLB PREFETCH  REQUESTED:          0  ISSUED:          0  USEFUL:          0  USELESS:          0
ITLB USEFUL LOAD PREFETCHES:          0 PREFETCH ISSUED TO LOWER LEVEL:          0  ACCURACY: -nan
ITLB TIMELY PREFETCHES:          0 LATE PREFETCHES: 0 DROPPED PREFETCHES: 0
ITLB PREFETCHES SAME FILL-ORIGIN LEVEL: 0 DIFFERENT FILL-ORIGIN LEVEL: 0
ITLB AVERAGE MISS LATENCY:    27.1568 cycles AVERAGE LOAD MISS LATENCY:       -nan cycles Load Miss          0
ITLB Average MSHR Occupancy:  0.0199045
ITLB RQ	ACCESS:   25123512	FORWARD:          0	MERGED:    3305365	TO_CACHE:   21818147

DTLB TOTAL     ACCESS:   40038309  HIT:   37672897  MISS:    2365412  HIT %:    94.0921  MISS %:    5.90787   MPKI: 11.8271
DTLB LOAD TRANSLATION ACCESS:   40038309  HIT:   37672897  MISS:    2365412  HIT %:    94.0921  MISS %:    5.90787   MPKI: 11.8271
DTLB PREFETCH  REQUESTED:          0  ISSUED:          0  USEFUL:          0  USELESS:          0
DTLB USEFUL LOAD PREFETCHES:          0 PREFETCH ISSUED TO LOWER LEVEL:          0  ACCURACY: -nan
DTLB TIMELY PREFETCHES:          0 LATE PREFETCHES: 0 DROPPED PREFETCHES: 0
DTLB PREFETCHES SAME FILL-ORIGIN LEVEL: 0 DIFFERENT FILL-ORIGIN LEVEL: 0
DTLB AVERAGE MISS LATENCY:    43.4923 cycles AVERAGE LOAD MISS LATENCY:       -nan cycles Load Miss          0
DTLB Average MSHR Occupancy:   0.159012
DTLB RQ	ACCESS:   53471483	FORWARD:          0	MERGED:   13071999	TO_CACHE:   40399484

STLB TOTAL     ACCESS:    5133130  HIT:    4533010  MISS:     600120  HIT %:    88.3089  MISS %:    11.6911   MPKI: 3.0006
STLB LOAD TRANSLATION ACCESS:    2824347  HIT:    2224231  MISS:     600116  HIT %:     78.752  MISS %:     21.248   MPKI: 3.00058
STLB TRANSLATION FROM L1D PREFETCHER ACCESS:    2308783  HIT:    2308779  MISS:          4  HIT %:    99.9998  MISS %: 0.000173251   MPKI: 2e-05
STLB PREFETCH  REQUESTED:          0  ISSUED:          0  USEFUL:          4  USELESS:          0
STLB USEFUL LOAD PREFETCHES:          4 PREFETCH ISSUED TO LOWER LEVEL:          0  ACCURACY: inf
STLB TIMELY PREFETCHES:          4 LATE PREFETCHES: 0 DROPPED PREFETCHES: 0
STLB PREFETCHES SAME FILL-ORIGIN LEVEL: 0 DIFFERENT FILL-ORIGIN LEVEL: 0
STLB AVERAGE MISS LATENCY:    149.621 cycles AVERAGE LOAD MISS LATENCY:       -nan cycles Load Miss          0
STLB Average MSHR Occupancy:   0.139954
STLB RQ	ACCESS:    6129268	FORWARD:          0	MERGED:     996139	TO_CACHE:    5133129

STLB Hit, L1D data hit: 0
STLB Hit, L2C data hit: 0
STLB Hit, LLC data hit: 0
STLB Hit, LLC data miss: 0
STLB STLB hints to L2: 0
L1D TOTAL     ACCESS:   54164441  HIT:   49339095  MISS:    4825346  HIT %:    91.0913  MISS %:     8.9087   MPKI: 24.1267
L1D LOAD      ACCESS:   29639316  HIT:   27345743  MISS:    2293573  HIT %:    92.2617  MISS %:    7.73828   MPKI: 11.4679
L1D RFO       ACCESS:   21515041  HIT:   20090116  MISS:    1424925  HIT %:    93.3771  MISS %:    6.62292   MPKI: 7.12462
L1D PREFETCH  ACCESS:    3010084  HIT:    1903236  MISS:    1106848  HIT %:    63.2287  MISS %:    36.7713   MPKI: 5.53424
AGUS PREFETCH L1 MISS: 0
L1D PREFETCH  REQUESTED:    6694134  ISSUED:    6614771  USEFUL:     539706  USELESS:     567161
L1D USEFUL LOAD PREFETCHES:     539706 PREFETCH ISSUED TO LOWER LEVEL:    1240849  ACCURACY: 43.4949
L1D TIMELY PREFETCHES:     539706 LATE PREFETCHES: 132556 DROPPED PREFETCHES: 0
L1D PREFETCHES SAME FILL-ORIGIN LEVEL: 1240849 DIFFERENT FILL-ORIGIN LEVEL: 0
L1D AVERAGE MISS LATENCY:    94.4592 cycles AVERAGE LOAD MISS LATENCY:    82.3909 cycles Load Miss    2293573
L1D Average MSHR Occupancy:   0.762165
L1D RQ	ACCESS:   44364515	FORWARD:          0	MERGED:   13947291	TO_CACHE:   29774140
L1D WQ	ACCESS:   24223675	FORWARD:     648013	MERGED:     526332	TO_CACHE:   23697343
L1D PQ	ACCESS:    3309850	FORWARD:          0	MERGED:          0	TO_CACHE:    3304921

L1D UNIQUE REGIONS ACCESSED: 0
L1D REGIONS CONFLICTS: 0
L1D Cross Page Prefetch Requests: 0
L1D Same Page Prefetch Requests: 6167736
L1D ROI Sum of L1D PQ occupancy: 54437913
L1D PREFETCHES PUSHED FROM L2C: 0
L1I TOTAL     ACCESS:   24374413  HIT:    8395946  MISS:   15978467  HIT %:    34.4457  MISS %:    65.5543   MPKI: 79.8923
L1I LOAD      ACCESS:   24374413  HIT:    8395946  MISS:   15978467  HIT %:    34.4457  MISS %:    65.5543   MPKI: 79.8923
L1I PREFETCH  REQUESTED:          0  ISSUED:          0  USEFUL:          0  USELESS:          0
L1I USEFUL LOAD PREFETCHES:          0 PREFETCH ISSUED TO LOWER LEVEL:          0  ACCURACY: -nan
L1I TIMELY PREFETCHES:          0 LATE PREFETCHES: 0 DROPPED PREFETCHES: 0
L1I PREFETCHES SAME FILL-ORIGIN LEVEL: 0 DIFFERENT FILL-ORIGIN LEVEL: 0
L1I AVERAGE MISS LATENCY:    24.4036 cycles AVERAGE LOAD MISS LATENCY:    24.4036 cycles Load Miss   15978467
L1I Average MSHR Occupancy:   0.619058
L1I RQ	ACCESS:   45836670	FORWARD:          0	MERGED:   20713158	TO_CACHE:   25123512

BTB TOTAL     ACCESS:   15714933  HIT:   12852094  MISS:    2862839  HIT %:    81.7827  MISS %:    18.2173   MPKI: 14.3142
BTB BRANCH_DIRECT_JUMP	ACCESS:    3448160  HIT:    2816790  MISS:     631370
BTB BRANCH_INDIRECT	ACCESS:     164084  HIT:      91215  MISS:      72869
BTB BRANCH_CONDITIONAL	ACCESS:    9353827  HIT:    8783157  MISS:     570670
BTB BRANCH_DIRECT_CALL	ACCESS:    1192287  HIT:     724279  MISS:     468008
BTB BRANCH_INDIRECT_CALL	ACCESS:     177086  HIT:      83826  MISS:      93260
BTB BRANCH_RETURN	ACCESS:    1374716  HIT:     351482  MISS:    1023234
BTB BRANCH_OTHER ACCESS:       4773  HIT:       1345  MISS:       3428

L2C TOTAL     ACCESS:   23950283  HIT:   20773864  MISS:    3176419  HIT %:    86.7374  MISS %:    13.2626   MPKI: 15.8821
L2C LOAD      ACCESS:   18139192  HIT:   16317481  MISS:    1821711  HIT %:     89.957  MISS %:     10.043   MPKI: 9.10856
L2C DATA LOAD MPKI: 3.5976
L2C INSTRUCTION LOAD MPKI: 5.51096
L2C RFO       ACCESS:    1423383  HIT:     863315  MISS:     560068  HIT %:    60.6523  MISS %:    39.3477   MPKI: 2.80034
L2C PREFETCH  ACCESS:    1240795  HIT:     740702  MISS:     500093  HIT %:    59.6958  MISS %:    40.3042   MPKI: 2.50047
AGUS PREFETCH L1 MISS: 0
L2C DATA PREFETCH MPKI: 2.50047
L2C INSTRUCTION PREFETCH MPKI: 0
L2C WRITEBACK ACCESS:    2150543  HIT:    2146312  MISS:       4231  HIT %:    99.8033  MISS %:   0.196741   MPKI: 0.021155
L2C LOAD TRANSLATION ACCESS:     996363  HIT:     706047  MISS:     290316  HIT %:    70.8624  MISS %:    29.1376   MPKI: 1.45158
L2C TRANSLATION FROM L1D PREFETCHER ACCESS:          7  HIT:          7  MISS:          0  HIT %:        100  MISS %:          0   MPKI: 0
L2C PREFETCH  REQUESTED:          0  ISSUED:          0  USEFUL:      46694  USELESS:     453510
L2C USEFUL LOAD PREFETCHES:      46694 PREFETCH ISSUED TO LOWER LEVEL:     500093  ACCURACY: 9.33706
L2C TIMELY PREFETCHES:      46694 LATE PREFETCHES: 0 DROPPED PREFETCHES: 0
L2C PREFETCHES SAME FILL-ORIGIN LEVEL: 0 DIFFERENT FILL-ORIGIN LEVEL: 0
L2C AVERAGE MISS LATENCY:    193.319 cycles AVERAGE LOAD MISS LATENCY:    175.933 cycles Load Miss    1821711
L2C Average MSHR Occupancy:   0.981151
L2C RQ	ACCESS:   20559334	FORWARD:          0	MERGED:          0	TO_CACHE:   20558945
L2C WQ	ACCESS:    2150543	FORWARD:        443	MERGED:          0	TO_CACHE:    2150543
L2C PQ	ACCESS:    1240849	FORWARD:          0	MERGED:          0	TO_CACHE:    1240795

L2C Instructions Evicting Data 593442
L2C Translations Evicting Data 162660
L2C Data Evicting Data 1029348
L2C Instructions Evicting Instructions 407759
L2C Translations Evicting Instructions 100242
L2C Data Evicting Instructions 589484
L2C Instructions Evicting Translations 100991
L2C Translations Evicting Translations 27414
L2C Data Evicting Translations 160848
L2C Dense regions hint from L2: 0
PSCL5 TOTAL     ACCESS:     600120  HIT:     600120  MISS:          0  HIT %:        100  MISS %:          0   MPKI: 0
PSCL5 LOAD TRANSLATION ACCESS:     600116  HIT:     600116  MISS:          0  HIT %:        100  MISS %:          0   MPKI: 0
PSCL5 TRANSLATION FROM L1D PREFETCHER ACCESS:          4  HIT:          4  MISS:          0  HIT %:        100  MISS %:          0   MPKI: 0
PSCL5 PREFETCH  REQUESTED:          0  ISSUED:          0  USEFUL:          0  USELESS:          0
PSCL5 USEFUL LOAD PREFETCHES:          0 PREFETCH ISSUED TO LOWER LEVEL:          0  ACCURACY: -nan
PSCL5 TIMELY PREFETCHES:          0 LATE PREFETCHES: 0 DROPPED PREFETCHES: 0
PSCL5 PREFETCHES SAME FILL-ORIGIN LEVEL: 0 DIFFERENT FILL-ORIGIN LEVEL: 0

PSCL4 TOTAL     ACCESS:     477517  HIT:     473665  MISS:       3852  HIT %:    99.1933  MISS %:   0.806673   MPKI: 0.01926
PSCL4 LOAD TRANSLATION ACCESS:     477514  HIT:     473662  MISS:       3852  HIT %:    99.1933  MISS %:   0.806678   MPKI: 0.01926
PSCL4 TRANSLATION FROM L1D PREFETCHER ACCESS:          3  HIT:          3  MISS:          0  HIT %:        100  MISS %:          0   MPKI: 0
PSCL4 PREFETCH  REQUESTED:          0  ISSUED:          0  USEFUL:          0  USELESS:          0
PSCL4 USEFUL LOAD PREFETCHES:          0 PREFETCH ISSUED TO LOWER LEVEL:          0  ACCURACY: -nan
PSCL4 TIMELY PREFETCHES:          0 LATE PREFETCHES: 0 DROPPED PREFETCHES: 0
PSCL4 PREFETCHES SAME FILL-ORIGIN LEVEL: 0 DIFFERENT FILL-ORIGIN LEVEL: 0

PSCL3 TOTAL     ACCESS:     597902  HIT:     583139  MISS:      14763  HIT %:    97.5309  MISS %:    2.46913   MPKI: 0.073815
PSCL3 LOAD TRANSLATION ACCESS:     597899  HIT:     583136  MISS:      14763  HIT %:    97.5309  MISS %:    2.46915   MPKI: 0.073815
PSCL3 TRANSLATION FROM L1D PREFETCHER ACCESS:          3  HIT:          3  MISS:          0  HIT %:        100  MISS %:          0   MPKI: 0
PSCL3 PREFETCH  REQUESTED:          0  ISSUED:          0  USEFUL:          0  USELESS:          0
PSCL3 USEFUL LOAD PREFETCHES:          0 PREFETCH ISSUED TO LOWER LEVEL:          0  ACCURACY: -nan
PSCL3 TIMELY PREFETCHES:          0 LATE PREFETCHES: 0 DROPPED PREFETCHES: 0
PSCL3 PREFETCHES SAME FILL-ORIGIN LEVEL: 0 DIFFERENT FILL-ORIGIN LEVEL: 0

PSCL2 TOTAL     ACCESS:     600120  HIT:     221612  MISS:     378508  HIT %:    36.9279  MISS %:    63.0721   MPKI: 1.89254
PSCL2 LOAD TRANSLATION ACCESS:     600118  HIT:     221610  MISS:     378508  HIT %:    36.9277  MISS %:    63.0723   MPKI: 1.89254
PSCL2 TRANSLATION FROM L1D PREFETCHER ACCESS:          2  HIT:          2  MISS:          0  HIT %:        100  MISS %:          0   MPKI: 0
PSCL2 PREFETCH  REQUESTED:          0  ISSUED:          0  USEFUL:          0  USELESS:          0
PSCL2 USEFUL LOAD PREFETCHES:          0 PREFETCH ISSUED TO LOWER LEVEL:          0  ACCURACY: -nan
PSCL2 TIMELY PREFETCHES:          0 LATE PREFETCHES: 0 DROPPED PREFETCHES: 0
PSCL2 PREFETCHES SAME FILL-ORIGIN LEVEL: 0 DIFFERENT FILL-ORIGIN LEVEL: 0

LLC TOTAL     ACCESS:    4050637  HIT:     803527  MISS:    3247110  HIT %:    19.8371  MISS %:    80.1629   MPKI: 16.2355
LLC LOAD      ACCESS:    1821711  HIT:     507795  MISS:    1313916  HIT %:    27.8746  MISS %:    72.1254   MPKI: 6.56958
LLC RFO       ACCESS:     560068  HIT:      21036  MISS:     539032  HIT %:    3.75597  MISS %:     96.244   MPKI: 2.69516
LLC PREFETCH  ACCESS:     500093  HIT:      24994  MISS:     475099  HIT %:    4.99787  MISS %:    95.0021   MPKI: 2.37549
AGUS PREFETCH L1 MISS: 0
LLC WRITEBACK ACCESS:     878449  HIT:     188994  MISS:     689455  HIT %:    21.5145  MISS %:    78.4855   MPKI: 3.44727
LLC LOAD TRANSLATION ACCESS:     290316  HIT:      60708  MISS:     229608  HIT %:     20.911  MISS %:     79.089   MPKI: 1.14804
LLC PREFETCH  REQUESTED:          0  ISSUED:          0  USEFUL:       4048  USELESS:     144447
LLC USEFUL LOAD PREFETCHES:       4048 PREFETCH ISSUED TO LOWER LEVEL:     475099  ACCURACY: 0.852033
LLC TIMELY PREFETCHES:       4048 LATE PREFETCHES: 0 DROPPED PREFETCHES: 0
LLC PREFETCHES SAME FILL-ORIGIN LEVEL: 0 DIFFERENT FILL-ORIGIN LEVEL: 0
LLC AVERAGE MISS LATENCY:    144.729 cycles AVERAGE LOAD MISS LATENCY:    181.208 cycles Load Miss    1313916
LLC Average MSHR Occupancy:   0.753628
LLC RQ	ACCESS:    2672095	FORWARD:          0	MERGED:          0	TO_CACHE:    2672095
LLC WQ	ACCESS:     878449	FORWARD:          0	MERGED:          0	TO_CACHE:     878449
LLC PQ	ACCESS:     500093	FORWARD:          0	MERGED:          0	TO_CACHE:     500093

LLC Dense regions hint to LLC: 0

RAW hits: 2443905
Loads Generated: 46808423
Loads sent to L1D: 44364515
Stores Generated: 24223674
Stores sent to L1D: 24223675
Major fault: 0 Minor fault: 133678
Allocated PAGES: 133678

stream: 
stream:times selected: 11827889
stream:pref_filled: 987758
stream:pref_useful: 205135
stream:pref_late: 25177
stream:misses: 145674
stream:misses_by_poll: 0

CS: 
CS:times selected: 4279641
CS:pref_filled: 609390
CS:pref_useful: 546994
CS:pref_late: 83600
CS:misses: 271284
CS:misses_by_poll: 2929

CPLX: 
CPLX:times selected: 7484181
CPLX:pref_filled: 405624
CPLX:pref_useful: 51356
CPLX:pref_late: 7521
CPLX:misses: 627878
CPLX:misses_by_poll: 246

NL_L1: 
NL:times selected: 93497
NL:pref_filled: 9371
NL:pref_useful: 2248
NL:pref_late: 262
NL:misses: 8269
NL:misses_by_poll: 0

total selections: 23685208
total_filled: 1106848
total_useful: 539706
total_late: 181918
total_polluted: 3175
total_misses_after_warmup: 2428400
conflicts: 6215699
Degree Incremented Times: 167050
Degree Decremented Times: 657041

L1 IP Table Write Accesses: 22396860
L1 IP Table Read Accesses: 16181161
L1 RST Write Accesses: 6607677
L1 RST Read Accesses: 13215354
L1 CSPT Write Accesses: 6607677
L1 CSPT Read Accesses: 10354333
L1 RR Filter Tag Write Accesses: 3389213
L1 RR Filter Tag Read Accesses: 415750434
L1 IP Table Tag Write Accesses: 29774143
L1 IP Table Tag Read Accesses: 29774143
L1 RST Tag Write Accesses: 0
L1 RST Tag Read Accesses: 58072470
L1 RR Filter Write Accesses: 0
L1 RR Filter Read Accesses: 15895488
test: 2793473
================ Mockingjay (LLC) Pollution Stats ================
Total pollution count in LLC: 86637
==================================================================

DRAM Statistics
 CHANNEL 0
 RQ ROW_BUFFER_HIT:     475168  ROW_BUFFER_MISS:    2082478
 DBUS_CONGESTED:       1594
 WQ ROW_BUFFER_HIT:     302444  ROW_BUFFER_MISS:     556275  FULL:       3200

 AVG_CONGESTED_CYCLE: 5
 All warmup complete: 2
Channel 0 Bank busy for read cycles: 0
Channel 0 Bank busy for write cycles: 0
Channel 0
Rank 0
0banks busy for read cycles: 312437257
0banks busy for write cycles: 346211
1banks busy for read cycles: 140156366
1banks busy for write cycles: 60591172
2banks busy for read cycles: 43230238
2banks busy for write cycles: 20682196
3banks busy for read cycles: 14189042
3banks busy for write cycles: 7370505
4banks busy for read cycles: 5437243
4banks busy for write cycles: 3171927
5banks busy for read cycles: 2441122
5banks busy for write cycles: 1589834
6banks busy for read cycles: 1491695
6banks busy for write cycles: 947258
7banks busy for read cycles: 1161650
7banks busy for write cycles: 827271
8banks busy for read cycles: 2091405
8banks busy for write cycles: 2030479

CPU 0 Branch Prediction Accuracy: 93.7019% MPKI: 10.0763 Average ROB Occupancy at Mispredict: 15.6466
Branch types
NOT_BRANCH: 168002003 84.001%
BRANCH_DIRECT_JUMP: 3448160 1.72408%
BRANCH_INDIRECT: 164084 0.082042%
BRANCH_CONDITIONAL: 25636806 12.8184%
BRANCH_DIRECT_CALL: 1192287 0.596144%
BRANCH_INDIRECT_CALL: 177086 0.088543%
BRANCH_RETURN: 1374716 0.687358%
BRANCH_OTHER: 4773 0.0023865%

===================== LRU L1D STATS =====================
Total pollution count in L1D: 829873
=========================================================
================ SRRIP (L2C) Pollution Stats ================
Total pollution count in L2c: 2753440
==================================================================
DRAM PAGES: 1048576
Allocated PAGES: 133678
