
*** ChampSim Multicore Out-of-Order Simulator ***

Warmup Instructions: 200000000
Simulation Instructions: 200000000
Number of CPUs: 1
LLC sets: 4096
LLC ways: 12
Off-chip DRAM Size: 4096 MB Channels: 1 Width: 64-bit Data Rate: 6400 MT/s
CPU 0 runs /home1/sweta/traces/DPC4-Traces/Google_Traces_v2/Google_Traces_v2/sierra.a.3/sierra.a.3_0004.champsim.gz
.gz
BTB has LRU replacement policy
ITLB has LRU replacement policy
DTLB has LRU replacement policy
STLB has LRU replacement policy
L1I has LRU replacement policy
IP Table Entries: 1024
CSPT Entries: 128
RR_ENTRIES: 32
RST_ENTRIES: 8
L1D has LRU replacement policy
Initialize SRRIP state for L2C
Initialize Mockingjay state for LLC
Heartbeat CPU 0 instructions: 10000006 cycles: 2602145 heartbeat IPC: 3.84299 cumulative IPC: 3.84299 (Simulation time: 0 hr 0 min 27 sec) 
Heartbeat CPU 0 instructions: 20000005 cycles: 5065207 heartbeat IPC: 4.05999 cumulative IPC: 3.94851 (Simulation time: 0 hr 0 min 57 sec) 
Heartbeat CPU 0 instructions: 30000005 cycles: 7302883 heartbeat IPC: 4.46892 cumulative IPC: 4.10797 (Simulation time: 0 hr 1 min 23 sec) 
Heartbeat CPU 0 instructions: 40000006 cycles: 9695451 heartbeat IPC: 4.17961 cumulative IPC: 4.12565 (Simulation time: 0 hr 1 min 52 sec) 
Heartbeat CPU 0 instructions: 50000003 cycles: 12058436 heartbeat IPC: 4.23193 cumulative IPC: 4.14647 (Simulation time: 0 hr 2 min 19 sec) 
Heartbeat CPU 0 instructions: 60000007 cycles: 14431190 heartbeat IPC: 4.21451 cumulative IPC: 4.15766 (Simulation time: 0 hr 2 min 47 sec) 
Heartbeat CPU 0 instructions: 70000001 cycles: 16700203 heartbeat IPC: 4.4072 cumulative IPC: 4.19157 (Simulation time: 0 hr 3 min 13 sec) 
Heartbeat CPU 0 instructions: 80000001 cycles: 19223757 heartbeat IPC: 3.96267 cumulative IPC: 4.16152 (Simulation time: 0 hr 3 min 43 sec) 
Heartbeat CPU 0 instructions: 90000000 cycles: 21615815 heartbeat IPC: 4.1805 cumulative IPC: 4.16362 (Simulation time: 0 hr 4 min 14 sec) 
Heartbeat CPU 0 instructions: 100000001 cycles: 24206998 heartbeat IPC: 3.85924 cumulative IPC: 4.13104 (Simulation time: 0 hr 4 min 43 sec) 
Heartbeat CPU 0 instructions: 110000002 cycles: 26658557 heartbeat IPC: 4.07904 cumulative IPC: 4.12626 (Simulation time: 0 hr 5 min 13 sec) 
Heartbeat CPU 0 instructions: 120000001 cycles: 29208398 heartbeat IPC: 3.92181 cumulative IPC: 4.10841 (Simulation time: 0 hr 5 min 40 sec) 
Heartbeat CPU 0 instructions: 130000007 cycles: 31787622 heartbeat IPC: 3.87714 cumulative IPC: 4.08964 (Simulation time: 0 hr 6 min 11 sec) 
Heartbeat CPU 0 instructions: 140000003 cycles: 34320542 heartbeat IPC: 3.94801 cumulative IPC: 4.07919 (Simulation time: 0 hr 6 min 42 sec) 
Heartbeat CPU 0 instructions: 150000000 cycles: 36847648 heartbeat IPC: 3.95709 cumulative IPC: 4.07082 (Simulation time: 0 hr 7 min 12 sec) 
Heartbeat CPU 0 instructions: 160000004 cycles: 39446710 heartbeat IPC: 3.84754 cumulative IPC: 4.05611 (Simulation time: 0 hr 7 min 39 sec) 
Heartbeat CPU 0 instructions: 170000001 cycles: 41957376 heartbeat IPC: 3.98301 cumulative IPC: 4.05173 (Simulation time: 0 hr 8 min 11 sec) 
Heartbeat CPU 0 instructions: 180000000 cycles: 44450263 heartbeat IPC: 4.01141 cumulative IPC: 4.04947 (Simulation time: 0 hr 8 min 42 sec) 
Heartbeat CPU 0 instructions: 190000006 cycles: 46920719 heartbeat IPC: 4.04784 cumulative IPC: 4.04938 (Simulation time: 0 hr 9 min 12 sec) 
Heartbeat CPU 0 instructions: 200000000 cycles: 49406792 heartbeat IPC: 4.02241 cumulative IPC: 4.04803 (Simulation time: 0 hr 9 min 44 sec) 

Warmup complete CPU 0 instructions: 200000001 cycles: 49406793 (Simulation time: 0 hr 9 min 44 sec) 

Heartbeat CPU 0 instructions: 210000003 cycles: 84742426 heartbeat IPC: 0.283001 cumulative IPC: 0.283 (Simulation time: 0 hr 10 min 17 sec) 
Heartbeat CPU 0 instructions: 220000003 cycles: 120595818 heartbeat IPC: 0.278914 cumulative IPC: 0.280942 (Simulation time: 0 hr 10 min 55 sec) 
Heartbeat CPU 0 instructions: 230000001 cycles: 143012004 heartbeat IPC: 0.446106 cumulative IPC: 0.320495 (Simulation time: 0 hr 11 min 46 sec) 
Heartbeat CPU 0 instructions: 240000002 cycles: 184646321 heartbeat IPC: 0.240186 cumulative IPC: 0.295772 (Simulation time: 0 hr 12 min 20 sec) 
Heartbeat CPU 0 instructions: 250000005 cycles: 213879123 heartbeat IPC: 0.342082 cumulative IPC: 0.304003 (Simulation time: 0 hr 12 min 52 sec) 
Heartbeat CPU 0 instructions: 260000000 cycles: 244167461 heartbeat IPC: 0.33016 cumulative IPC: 0.30807 (Simulation time: 0 hr 13 min 28 sec) 
Heartbeat CPU 0 instructions: 270000000 cycles: 269039887 heartbeat IPC: 0.402052 cumulative IPC: 0.318713 (Simulation time: 0 hr 13 min 59 sec) 
Heartbeat CPU 0 instructions: 280000000 cycles: 300491883 heartbeat IPC: 0.317945 cumulative IPC: 0.318617 (Simulation time: 0 hr 14 min 32 sec) 
Heartbeat CPU 0 instructions: 290000000 cycles: 335918198 heartbeat IPC: 0.282276 cumulative IPC: 0.314124 (Simulation time: 0 hr 15 min 9 sec) 
Heartbeat CPU 0 instructions: 300000002 cycles: 365538131 heartbeat IPC: 0.337611 cumulative IPC: 0.316324 (Simulation time: 0 hr 15 min 40 sec) 
Heartbeat CPU 0 instructions: 310000000 cycles: 401229975 heartbeat IPC: 0.280176 cumulative IPC: 0.312657 (Simulation time: 0 hr 16 min 15 sec) 
Heartbeat CPU 0 instructions: 320000000 cycles: 439277937 heartbeat IPC: 0.262826 cumulative IPC: 0.307794 (Simulation time: 0 hr 16 min 50 sec) 
Heartbeat CPU 0 instructions: 330000000 cycles: 459952190 heartbeat IPC: 0.483693 cumulative IPC: 0.316652 (Simulation time: 0 hr 17 min 17 sec) 
Heartbeat CPU 0 instructions: 340000004 cycles: 485065382 heartbeat IPC: 0.398197 cumulative IPC: 0.321353 (Simulation time: 0 hr 17 min 47 sec) 
Heartbeat CPU 0 instructions: 350000007 cycles: 519472517 heartbeat IPC: 0.290637 cumulative IPC: 0.319104 (Simulation time: 0 hr 18 min 18 sec) 
Heartbeat CPU 0 instructions: 360000000 cycles: 547462152 heartbeat IPC: 0.357275 cumulative IPC: 0.321249 (Simulation time: 0 hr 18 min 46 sec) 
Heartbeat CPU 0 instructions: 370000003 cycles: 574256016 heartbeat IPC: 0.37322 cumulative IPC: 0.323903 (Simulation time: 0 hr 19 min 14 sec) 
Heartbeat CPU 0 instructions: 380000003 cycles: 602532122 heartbeat IPC: 0.353655 cumulative IPC: 0.325424 (Simulation time: 0 hr 19 min 46 sec) 
Heartbeat CPU 0 instructions: 390000004 cycles: 635358750 heartbeat IPC: 0.304631 cumulative IPC: 0.324259 (Simulation time: 0 hr 20 min 16 sec) 
Heartbeat CPU 0 instructions: 400000004 cycles: 659717820 heartbeat IPC: 0.410525 cumulative IPC: 0.327702 (Simulation time: 0 hr 20 min 45 sec) 
Finished CPU 0 instructions: 200000003 cycles: 610311027 cumulative IPC: 0.327702 (Simulation time: 0 hr 20 min 45 sec) 

ChampSim completed all CPUs

Region of Interest Statistics

CPU 0 cumulative IPC: 0.327702 instructions: 200000003 cycles: 610311027
ITLB TOTAL     ACCESS:   21547433  HIT:   21091105  MISS:     456328  HIT %:    97.8822  MISS %:    2.11778   MPKI: 2.28164
ITLB LOAD TRANSLATION ACCESS:   21547433  HIT:   21091105  MISS:     456328  HIT %:    97.8822  MISS %:    2.11778   MPKI: 2.28164
ITLB PREFETCH  REQUESTED:          0  ISSUED:          0  USEFUL:          0  USELESS:          0
ITLB USEFUL LOAD PREFETCHES:          0 PREFETCH ISSUED TO LOWER LEVEL:          0  ACCURACY: -nan
ITLB TIMELY PREFETCHES:          0 LATE PREFETCHES: 0 DROPPED PREFETCHES: 0
ITLB PREFETCHES SAME FILL-ORIGIN LEVEL: 0 DIFFERENT FILL-ORIGIN LEVEL: 0
ITLB AVERAGE MISS LATENCY:    26.7307 cycles AVERAGE LOAD MISS LATENCY:       -nan cycles Load Miss          0
ITLB Average MSHR Occupancy:  0.0199121
ITLB RQ	ACCESS:   25564963	FORWARD:          0	MERGED:    3595964	TO_CACHE:   21968999

DTLB TOTAL     ACCESS:   42137463  HIT:   39798875  MISS:    2338588  HIT %:    94.4501  MISS %:     5.5499   MPKI: 11.6929
DTLB LOAD TRANSLATION ACCESS:   42137463  HIT:   39798875  MISS:    2338588  HIT %:    94.4501  MISS %:     5.5499   MPKI: 11.6929
DTLB PREFETCH  REQUESTED:          0  ISSUED:          0  USEFUL:          0  USELESS:          0
DTLB USEFUL LOAD PREFETCHES:          0 PREFETCH ISSUED TO LOWER LEVEL:          0  ACCURACY: -nan
DTLB TIMELY PREFETCHES:          0 LATE PREFETCHES: 0 DROPPED PREFETCHES: 0
DTLB PREFETCHES SAME FILL-ORIGIN LEVEL: 0 DIFFERENT FILL-ORIGIN LEVEL: 0
DTLB AVERAGE MISS LATENCY:    44.7182 cycles AVERAGE LOAD MISS LATENCY:       -nan cycles Load Miss          0
DTLB Average MSHR Occupancy:   0.164033
DTLB RQ	ACCESS:   55994594	FORWARD:          0	MERGED:   13486664	TO_CACHE:   42507930

STLB TOTAL     ACCESS:    5844534  HIT:    5226748  MISS:     617786  HIT %:    89.4297  MISS %:    10.5703   MPKI: 3.08893
STLB LOAD TRANSLATION ACCESS:    2794916  HIT:    2177135  MISS:     617781  HIT %:    77.8963  MISS %:    22.1037   MPKI: 3.0889
STLB TRANSLATION FROM L1D PREFETCHER ACCESS:    3049618  HIT:    3049613  MISS:          5  HIT %:    99.9998  MISS %: 0.000163955   MPKI: 2.5e-05
STLB PREFETCH  REQUESTED:          0  ISSUED:          0  USEFUL:          5  USELESS:          0
STLB USEFUL LOAD PREFETCHES:          5 PREFETCH ISSUED TO LOWER LEVEL:          0  ACCURACY: inf
STLB TIMELY PREFETCHES:          5 LATE PREFETCHES: 0 DROPPED PREFETCHES: 0
STLB PREFETCHES SAME FILL-ORIGIN LEVEL: 0 DIFFERENT FILL-ORIGIN LEVEL: 0
STLB AVERAGE MISS LATENCY:      148.1 cycles AVERAGE LOAD MISS LATENCY:       -nan cycles Load Miss          0
STLB Average MSHR Occupancy:   0.144673
STLB RQ	ACCESS:    7925249	FORWARD:          0	MERGED:    2080715	TO_CACHE:    5844534

STLB Hit, L1D data hit: 0
STLB Hit, L2C data hit: 0
STLB Hit, LLC data hit: 0
STLB Hit, LLC data miss: 0
STLB STLB hints to L2: 0
L1D TOTAL     ACCESS:   58407771  HIT:   52806972  MISS:    5600799  HIT %:    90.4109  MISS %:    9.58913   MPKI: 28.004
L1D LOAD      ACCESS:   31739483  HIT:   29340830  MISS:    2398653  HIT %:    92.4427  MISS %:    7.55732   MPKI: 11.9933
L1D RFO       ACCESS:   21830517  HIT:   20213604  MISS:    1616913  HIT %:    92.5933  MISS %:    7.40666   MPKI: 8.08456
L1D PREFETCH  ACCESS:    4837771  HIT:    3252538  MISS:    1585233  HIT %:    67.2322  MISS %:    32.7678   MPKI: 7.92616
AGUS PREFETCH L1 MISS: 0
L1D PREFETCH  REQUESTED:   10751120  ISSUED:   10263357  USEFUL:     930560  USELESS:     654576
L1D USEFUL LOAD PREFETCHES:     930560 PREFETCH ISSUED TO LOWER LEVEL:    1670556  ACCURACY: 55.7036
L1D TIMELY PREFETCHES:     930560 LATE PREFETCHES: 83782 DROPPED PREFETCHES: 0
L1D PREFETCHES SAME FILL-ORIGIN LEVEL: 1670556 DIFFERENT FILL-ORIGIN LEVEL: 0
L1D AVERAGE MISS LATENCY:    100.004 cycles AVERAGE LOAD MISS LATENCY:    89.1346 cycles Load Miss    2398653
L1D Average MSHR Occupancy:   0.973331
L1D RQ	ACCESS:   47858752	FORWARD:          0	MERGED:   15297557	TO_CACHE:   31891515
L1D WQ	ACCESS:   24700653	FORWARD:     672367	MERGED:     597574	TO_CACHE:   24103079
L1D PQ	ACCESS:    5133024	FORWARD:          0	MERGED:          4	TO_CACHE:    5130333

L1D UNIQUE REGIONS ACCESSED: 0
L1D REGIONS CONFLICTS: 0
L1D Cross Page Prefetch Requests: 0
L1D Same Page Prefetch Requests: 8307040
L1D ROI Sum of L1D PQ occupancy: 85190013
L1D PREFETCHES PUSHED FROM L2C: 0
L1I TOTAL     ACCESS:   24918757  HIT:    8927500  MISS:   15991257  HIT %:    35.8264  MISS %:    64.1736   MPKI: 79.9563
L1I LOAD      ACCESS:   24918757  HIT:    8927500  MISS:   15991257  HIT %:    35.8264  MISS %:    64.1736   MPKI: 79.9563
L1I PREFETCH  REQUESTED:          0  ISSUED:          0  USEFUL:          0  USELESS:          0
L1I USEFUL LOAD PREFETCHES:          0 PREFETCH ISSUED TO LOWER LEVEL:          0  ACCURACY: -nan
L1I TIMELY PREFETCHES:          0 LATE PREFETCHES: 0 DROPPED PREFETCHES: 0
L1I PREFETCHES SAME FILL-ORIGIN LEVEL: 0 DIFFERENT FILL-ORIGIN LEVEL: 0
L1I AVERAGE MISS LATENCY:    24.0518 cycles AVERAGE LOAD MISS LATENCY:    24.0518 cycles Load Miss   15991257
L1I Average MSHR Occupancy:   0.617797
L1I RQ	ACCESS:   45473059	FORWARD:          0	MERGED:   19908096	TO_CACHE:   25564963

BTB TOTAL     ACCESS:   15328826  HIT:   12458712  MISS:    2870114  HIT %:    81.2764  MISS %:    18.7236   MPKI: 14.3506
BTB BRANCH_DIRECT_JUMP	ACCESS:    3285230  HIT:    2645490  MISS:     639740
BTB BRANCH_INDIRECT	ACCESS:     159717  HIT:      89933  MISS:      69784
BTB BRANCH_CONDITIONAL	ACCESS:    9236452  HIT:    8651777  MISS:     584675
BTB BRANCH_DIRECT_CALL	ACCESS:    1155516  HIT:     680564  MISS:     474952
BTB BRANCH_INDIRECT_CALL	ACCESS:     163290  HIT:      71210  MISS:      92080
BTB BRANCH_RETURN	ACCESS:    1324009  HIT:     318342  MISS:    1005667
BTB BRANCH_OTHER ACCESS:       4612  HIT:       1396  MISS:       3216

L2C TOTAL     ACCESS:   25029573  HIT:   21483629  MISS:    3545944  HIT %:     85.833  MISS %:     14.167   MPKI: 17.7297
L2C LOAD      ACCESS:   18305883  HIT:   16469016  MISS:    1836867  HIT %:    89.9657  MISS %:    10.0343   MPKI: 9.18433
L2C DATA LOAD MPKI: 4.05899
L2C INSTRUCTION LOAD MPKI: 5.12534
L2C RFO       ACCESS:    1615338  HIT:     923565  MISS:     691773  HIT %:    57.1747  MISS %:    42.8253   MPKI: 3.45886
L2C PREFETCH  ACCESS:    1670384  HIT:     952031  MISS:     718353  HIT %:    56.9947  MISS %:    43.0053   MPKI: 3.59176
AGUS PREFETCH L1 MISS: 0
L2C DATA PREFETCH MPKI: 3.59176
L2C INSTRUCTION PREFETCH MPKI: 0
L2C WRITEBACK ACCESS:    2412377  HIT:    2407874  MISS:       4503  HIT %:    99.8133  MISS %:   0.186662   MPKI: 0.022515
L2C LOAD TRANSLATION ACCESS:    1025582  HIT:     731134  MISS:     294448  HIT %:    71.2897  MISS %:    28.7103   MPKI: 1.47224
L2C TRANSLATION FROM L1D PREFETCHER ACCESS:          9  HIT:          9  MISS:          0  HIT %:        100  MISS %:          0   MPKI: 0
L2C PREFETCH  REQUESTED:          0  ISSUED:          0  USEFUL:      62183  USELESS:     655525
L2C USEFUL LOAD PREFETCHES:      62183 PREFETCH ISSUED TO LOWER LEVEL:     718353  ACCURACY: 8.65633
L2C TIMELY PREFETCHES:      62183 LATE PREFETCHES: 0 DROPPED PREFETCHES: 0
L2C PREFETCHES SAME FILL-ORIGIN LEVEL: 0 DIFFERENT FILL-ORIGIN LEVEL: 0
L2C AVERAGE MISS LATENCY:    199.457 cycles AVERAGE LOAD MISS LATENCY:    183.301 cycles Load Miss    1836867
L2C Average MSHR Occupancy:    1.14867
L2C RQ	ACCESS:   20947088	FORWARD:          0	MERGED:          0	TO_CACHE:   20946812
L2C WQ	ACCESS:    2412377	FORWARD:        449	MERGED:          0	TO_CACHE:    2412377
L2C PQ	ACCESS:    1670556	FORWARD:          0	MERGED:          0	TO_CACHE:    1670383

L2C Instructions Evicting Data 570946
L2C Translations Evicting Data 173050
L2C Data Evicting Data 1469464
L2C Instructions Evicting Instructions 358644
L2C Translations Evicting Instructions 93737
L2C Data Evicting Instructions 579928
L2C Instructions Evicting Translations 95479
L2C Translations Evicting Translations 27661
L2C Data Evicting Translations 172532
L2C Dense regions hint from L2: 0
PSCL5 TOTAL     ACCESS:     617786  HIT:     617786  MISS:          0  HIT %:        100  MISS %:          0   MPKI: 0
PSCL5 LOAD TRANSLATION ACCESS:     617781  HIT:     617781  MISS:          0  HIT %:        100  MISS %:          0   MPKI: 0
PSCL5 TRANSLATION FROM L1D PREFETCHER ACCESS:          5  HIT:          5  MISS:          0  HIT %:        100  MISS %:          0   MPKI: 0
PSCL5 PREFETCH  REQUESTED:          0  ISSUED:          0  USEFUL:          0  USELESS:          0
PSCL5 USEFUL LOAD PREFETCHES:          0 PREFETCH ISSUED TO LOWER LEVEL:          0  ACCURACY: -nan
PSCL5 TIMELY PREFETCHES:          0 LATE PREFETCHES: 0 DROPPED PREFETCHES: 0
PSCL5 PREFETCHES SAME FILL-ORIGIN LEVEL: 0 DIFFERENT FILL-ORIGIN LEVEL: 0

PSCL4 TOTAL     ACCESS:     490451  HIT:     486338  MISS:       4113  HIT %:    99.1614  MISS %:   0.838616   MPKI: 0.020565
PSCL4 LOAD TRANSLATION ACCESS:     490446  HIT:     486333  MISS:       4113  HIT %:    99.1614  MISS %:   0.838624   MPKI: 0.020565
PSCL4 TRANSLATION FROM L1D PREFETCHER ACCESS:          5  HIT:          5  MISS:          0  HIT %:        100  MISS %:          0   MPKI: 0
PSCL4 PREFETCH  REQUESTED:          0  ISSUED:          0  USEFUL:          0  USELESS:          0
PSCL4 USEFUL LOAD PREFETCHES:          0 PREFETCH ISSUED TO LOWER LEVEL:          0  ACCURACY: -nan
PSCL4 TIMELY PREFETCHES:          0 LATE PREFETCHES: 0 DROPPED PREFETCHES: 0
PSCL4 PREFETCHES SAME FILL-ORIGIN LEVEL: 0 DIFFERENT FILL-ORIGIN LEVEL: 0

PSCL3 TOTAL     ACCESS:     615249  HIT:     598955  MISS:      16294  HIT %:    97.3516  MISS %:    2.64836   MPKI: 0.08147
PSCL3 LOAD TRANSLATION ACCESS:     615245  HIT:     598951  MISS:      16294  HIT %:    97.3516  MISS %:    2.64838   MPKI: 0.08147
PSCL3 TRANSLATION FROM L1D PREFETCHER ACCESS:          4  HIT:          4  MISS:          0  HIT %:        100  MISS %:          0   MPKI: 0
PSCL3 PREFETCH  REQUESTED:          0  ISSUED:          0  USEFUL:          0  USELESS:          0
PSCL3 USEFUL LOAD PREFETCHES:          0 PREFETCH ISSUED TO LOWER LEVEL:          0  ACCURACY: -nan
PSCL3 TIMELY PREFETCHES:          0 LATE PREFETCHES: 0 DROPPED PREFETCHES: 0
PSCL3 PREFETCHES SAME FILL-ORIGIN LEVEL: 0 DIFFERENT FILL-ORIGIN LEVEL: 0

PSCL2 TOTAL     ACCESS:     617786  HIT:     229053  MISS:     388733  HIT %:    37.0764  MISS %:    62.9236   MPKI: 1.94366
PSCL2 LOAD TRANSLATION ACCESS:     617784  HIT:     229051  MISS:     388733  HIT %:    37.0762  MISS %:    62.9238   MPKI: 1.94366
PSCL2 TRANSLATION FROM L1D PREFETCHER ACCESS:          2  HIT:          2  MISS:          0  HIT %:        100  MISS %:          0   MPKI: 0
PSCL2 PREFETCH  REQUESTED:          0  ISSUED:          0  USEFUL:          0  USELESS:          0
PSCL2 USEFUL LOAD PREFETCHES:          0 PREFETCH ISSUED TO LOWER LEVEL:          0  ACCURACY: -nan
PSCL2 TIMELY PREFETCHES:          0 LATE PREFETCHES: 0 DROPPED PREFETCHES: 0
PSCL2 PREFETCHES SAME FILL-ORIGIN LEVEL: 0 DIFFERENT FILL-ORIGIN LEVEL: 0

LLC TOTAL     ACCESS:    4550222  HIT:     796914  MISS:    3753308  HIT %:    17.5137  MISS %:    82.4863   MPKI: 18.7665
LLC LOAD      ACCESS:    1836867  HIT:     464830  MISS:    1372037  HIT %:    25.3056  MISS %:    74.6944   MPKI: 6.86018
LLC RFO       ACCESS:     691773  HIT:      28890  MISS:     662883  HIT %:    4.17623  MISS %:    95.8238   MPKI: 3.31441
LLC PREFETCH  ACCESS:     718353  HIT:      37330  MISS:     681023  HIT %:    5.19661  MISS %:    94.8034   MPKI: 3.40511
AGUS PREFETCH L1 MISS: 0
LLC WRITEBACK ACCESS:    1008781  HIT:     204429  MISS:     804352  HIT %:     20.265  MISS %:     79.735   MPKI: 4.02176
LLC LOAD TRANSLATION ACCESS:     294448  HIT:      61435  MISS:     233013  HIT %:    20.8645  MISS %:    79.1355   MPKI: 1.16506
LLC PREFETCH  REQUESTED:          0  ISSUED:          0  USEFUL:      16475  USELESS:     210304
LLC USEFUL LOAD PREFETCHES:      16475 PREFETCH ISSUED TO LOWER LEVEL:     681023  ACCURACY: 2.41915
LLC TIMELY PREFETCHES:      16475 LATE PREFETCHES: 0 DROPPED PREFETCHES: 0
LLC PREFETCHES SAME FILL-ORIGIN LEVEL: 0 DIFFERENT FILL-ORIGIN LEVEL: 0
LLC AVERAGE MISS LATENCY:     145.54 cycles AVERAGE LOAD MISS LATENCY:    184.783 cycles Load Miss    1372037
LLC Average MSHR Occupancy:   0.890213
LLC RQ	ACCESS:    2823088	FORWARD:          0	MERGED:          0	TO_CACHE:    2823088
LLC WQ	ACCESS:    1008781	FORWARD:          0	MERGED:          0	TO_CACHE:    1008781
LLC PQ	ACCESS:     718353	FORWARD:          0	MERGED:          0	TO_CACHE:     718353

LLC Dense regions hint to LLC: 0

RAW hits: 2533729
Loads Generated: 50392476
Loads sent to L1D: 47858752
Stores Generated: 24700655
Stores sent to L1D: 24700653
Major fault: 0 Minor fault: 137869
Allocated PAGES: 137869

stream: 
stream:times selected: 15219421
stream:pref_filled: 1074242
stream:pref_useful: 278050
stream:pref_late: 54969
stream:misses: 212534
stream:misses_by_poll: 0

CS: 
CS:times selected: 6546784
CS:pref_filled: 1043297
CS:pref_useful: 955886
CS:pref_late: 191732
CS:misses: 421167
CS:misses_by_poll: 5615

CPLX: 
CPLX:times selected: 8556949
CPLX:pref_filled: 491967
CPLX:pref_useful: 126490
CPLX:pref_late: 11325
CPLX:misses: 791820
CPLX:misses_by_poll: 651

NL_L1: 
NL:times selected: 93756
NL:pref_filled: 10728
NL:pref_useful: 3069
NL:pref_late: 417
NL:misses: 9884
NL:misses_by_poll: 0

total selections: 30416910
total_filled: 1585233
total_useful: 930560
total_late: 263870
total_polluted: 6266
total_misses_after_warmup: 2550682
conflicts: 6194535
Degree Incremented Times: 235940
Degree Decremented Times: 650306

L1 IP Table Write Accesses: 24621403
L1 IP Table Read Accesses: 18426868
L1 RST Write Accesses: 9013010
L1 RST Read Accesses: 18026020
L1 CSPT Write Accesses: 9013010
L1 CSPT Read Accesses: 13590885
L1 RR Filter Tag Write Accesses: 5620787
L1 RR Filter Tag Read Accesses: 605967478
L1 IP Table Tag Write Accesses: 31891512
L1 IP Table Tag Read Accesses: 31891512
L1 RST Tag Write Accesses: 0
L1 RST Tag Read Accesses: 79092901
L1 RR Filter Write Accesses: 0
L1 RR Filter Read Accesses: 22980945
test: 3575848
================ Mockingjay (LLC) Pollution Stats ================
Total pollution count in LLC: 106373
==================================================================

DRAM Statistics
 CHANNEL 0
 RQ ROW_BUFFER_HIT:     710496  ROW_BUFFER_MISS:    2238449
 DBUS_CONGESTED:       2738
 WQ ROW_BUFFER_HIT:     329247  ROW_BUFFER_MISS:     659682  FULL:       5951

 AVG_CONGESTED_CYCLE: 4
 All warmup complete: 2
Channel 0 Bank busy for read cycles: 0
Channel 0 Bank busy for write cycles: 0
Channel 0
Rank 0
0banks busy for read cycles: 293718703
0banks busy for write cycles: 338084
1banks busy for read cycles: 137956039
1banks busy for write cycles: 58413520
2banks busy for read cycles: 45268057
2banks busy for write cycles: 20602717
3banks busy for read cycles: 16065956
3banks busy for write cycles: 7794711
4banks busy for read cycles: 7259885
4banks busy for write cycles: 3664644
5banks busy for read cycles: 3465450
5banks busy for write cycles: 2032836
6banks busy for read cycles: 2375764
6banks busy for write cycles: 1401379
7banks busy for read cycles: 1953582
7banks busy for write cycles: 1478795
8banks busy for read cycles: 2808645
8banks busy for write cycles: 3712261

CPU 0 Branch Prediction Accuracy: 94.659% MPKI: 8.28578 Average ROB Occupancy at Mispredict: 17.9875
Branch types
NOT_BRANCH: 168972287 84.4861%
BRANCH_DIRECT_JUMP: 3285230 1.64261%
BRANCH_INDIRECT: 159717 0.0798585%
BRANCH_CONDITIONAL: 24934749 12.4674%
BRANCH_DIRECT_CALL: 1155516 0.577758%
BRANCH_INDIRECT_CALL: 163290 0.081645%
BRANCH_RETURN: 1324009 0.662004%
BRANCH_OTHER: 4612 0.002306%

===================== LRU L1D STATS =====================
Total pollution count in L1D: 917564
=========================================================
================ SRRIP (L2C) Pollution Stats ================
Total pollution count in L2c: 2959860
==================================================================
DRAM PAGES: 1048576
Allocated PAGES: 137869
