
*** ChampSim Multicore Out-of-Order Simulator ***

Warmup Instructions: 200000000
Simulation Instructions: 200000000
Number of CPUs: 1
LLC sets: 4096
LLC ways: 12
Off-chip DRAM Size: 4096 MB Channels: 1 Width: 64-bit Data Rate: 6400 MT/s
CPU 0 runs /home1/sweta/traces/DPC4-Traces/Google_Traces_v2/Google_Traces_v2/tahoe/tahoe_0001.champsim.gz
.gz
BTB has LRU replacement policy
ITLB has LRU replacement policy
DTLB has LRU replacement policy
STLB has LRU replacement policy
L1I has LRU replacement policy
IP Table Entries: 1024
CSPT Entries: 128
RR_ENTRIES: 32
RST_ENTRIES: 8
L1D has LRU replacement policy
Initialize SRRIP state for L2C
Initialize Mockingjay state for LLC
Heartbeat CPU 0 instructions: 10000006 cycles: 2695561 heartbeat IPC: 3.70981 cumulative IPC: 3.70981 (Simulation time: 0 hr 0 min 28 sec) 
Heartbeat CPU 0 instructions: 20000000 cycles: 5229637 heartbeat IPC: 3.94621 cumulative IPC: 3.82436 (Simulation time: 0 hr 0 min 57 sec) 
Heartbeat CPU 0 instructions: 30000004 cycles: 7762158 heartbeat IPC: 3.94864 cumulative IPC: 3.86491 (Simulation time: 0 hr 1 min 26 sec) 
Heartbeat CPU 0 instructions: 40000002 cycles: 10272171 heartbeat IPC: 3.98404 cumulative IPC: 3.89402 (Simulation time: 0 hr 1 min 55 sec) 
Heartbeat CPU 0 instructions: 50000000 cycles: 12719724 heartbeat IPC: 4.08571 cumulative IPC: 3.9309 (Simulation time: 0 hr 2 min 23 sec) 
Heartbeat CPU 0 instructions: 60000001 cycles: 15297259 heartbeat IPC: 3.87968 cumulative IPC: 3.92227 (Simulation time: 0 hr 2 min 53 sec) 
Heartbeat CPU 0 instructions: 70000006 cycles: 17835376 heartbeat IPC: 3.93993 cumulative IPC: 3.92478 (Simulation time: 0 hr 3 min 23 sec) 
Heartbeat CPU 0 instructions: 80000000 cycles: 20364790 heartbeat IPC: 3.95348 cumulative IPC: 3.92835 (Simulation time: 0 hr 3 min 52 sec) 
Heartbeat CPU 0 instructions: 90000000 cycles: 23099442 heartbeat IPC: 3.65677 cumulative IPC: 3.8962 (Simulation time: 0 hr 4 min 20 sec) 
Heartbeat CPU 0 instructions: 100000007 cycles: 25633216 heartbeat IPC: 3.94668 cumulative IPC: 3.90119 (Simulation time: 0 hr 4 min 49 sec) 
Heartbeat CPU 0 instructions: 110000005 cycles: 28365188 heartbeat IPC: 3.66036 cumulative IPC: 3.87799 (Simulation time: 0 hr 5 min 13 sec) 
Heartbeat CPU 0 instructions: 120000001 cycles: 30864906 heartbeat IPC: 4.00045 cumulative IPC: 3.88791 (Simulation time: 0 hr 5 min 43 sec) 
Heartbeat CPU 0 instructions: 130000004 cycles: 33253710 heartbeat IPC: 4.1862 cumulative IPC: 3.90934 (Simulation time: 0 hr 6 min 11 sec) 
Heartbeat CPU 0 instructions: 140000000 cycles: 35678674 heartbeat IPC: 4.12377 cumulative IPC: 3.92391 (Simulation time: 0 hr 6 min 38 sec) 
Heartbeat CPU 0 instructions: 150000007 cycles: 38168537 heartbeat IPC: 4.01629 cumulative IPC: 3.92994 (Simulation time: 0 hr 7 min 8 sec) 
Heartbeat CPU 0 instructions: 160000001 cycles: 40675460 heartbeat IPC: 3.98895 cumulative IPC: 3.93358 (Simulation time: 0 hr 7 min 37 sec) 
Heartbeat CPU 0 instructions: 170000000 cycles: 43092366 heartbeat IPC: 4.13752 cumulative IPC: 3.94501 (Simulation time: 0 hr 8 min 6 sec) 
Heartbeat CPU 0 instructions: 180000000 cycles: 45711674 heartbeat IPC: 3.8178 cumulative IPC: 3.93773 (Simulation time: 0 hr 8 min 35 sec) 
Heartbeat CPU 0 instructions: 190000000 cycles: 48173555 heartbeat IPC: 4.06193 cumulative IPC: 3.94407 (Simulation time: 0 hr 9 min 3 sec) 
Heartbeat CPU 0 instructions: 200000003 cycles: 50727524 heartbeat IPC: 3.91548 cumulative IPC: 3.94263 (Simulation time: 0 hr 9 min 34 sec) 

Warmup complete CPU 0 instructions: 200000003 cycles: 50727524 (Simulation time: 0 hr 9 min 34 sec) 

Heartbeat CPU 0 instructions: 210000005 cycles: 81341068 heartbeat IPC: 0.326653 cumulative IPC: 0.326653 (Simulation time: 0 hr 10 min 6 sec) 
Heartbeat CPU 0 instructions: 220000000 cycles: 115997377 heartbeat IPC: 0.288548 cumulative IPC: 0.30642 (Simulation time: 0 hr 10 min 40 sec) 
Heartbeat CPU 0 instructions: 230000007 cycles: 151427310 heartbeat IPC: 0.282247 cumulative IPC: 0.297915 (Simulation time: 0 hr 11 min 13 sec) 
Heartbeat CPU 0 instructions: 240000000 cycles: 178872079 heartbeat IPC: 0.364368 cumulative IPC: 0.312147 (Simulation time: 0 hr 11 min 47 sec) 
Heartbeat CPU 0 instructions: 250000000 cycles: 212615686 heartbeat IPC: 0.296352 cumulative IPC: 0.308855 (Simulation time: 0 hr 12 min 21 sec) 
Heartbeat CPU 0 instructions: 260000003 cycles: 244752466 heartbeat IPC: 0.31117 cumulative IPC: 0.309239 (Simulation time: 0 hr 12 min 54 sec) 
Heartbeat CPU 0 instructions: 270000000 cycles: 278281072 heartbeat IPC: 0.298253 cumulative IPC: 0.30762 (Simulation time: 0 hr 13 min 27 sec) 
Heartbeat CPU 0 instructions: 280000003 cycles: 305315661 heartbeat IPC: 0.369897 cumulative IPC: 0.314233 (Simulation time: 0 hr 14 min 0 sec) 
Heartbeat CPU 0 instructions: 290000002 cycles: 336396182 heartbeat IPC: 0.321745 cumulative IPC: 0.31505 (Simulation time: 0 hr 14 min 34 sec) 
Heartbeat CPU 0 instructions: 300000000 cycles: 368164857 heartbeat IPC: 0.314775 cumulative IPC: 0.315023 (Simulation time: 0 hr 15 min 6 sec) 
Heartbeat CPU 0 instructions: 310000000 cycles: 394803857 heartbeat IPC: 0.375389 cumulative IPC: 0.319696 (Simulation time: 0 hr 15 min 39 sec) 
Heartbeat CPU 0 instructions: 320000000 cycles: 416948265 heartbeat IPC: 0.451581 cumulative IPC: 0.327671 (Simulation time: 0 hr 16 min 13 sec) 
Heartbeat CPU 0 instructions: 330000002 cycles: 450281348 heartbeat IPC: 0.300002 cumulative IPC: 0.325363 (Simulation time: 0 hr 16 min 48 sec) 
Heartbeat CPU 0 instructions: 340000000 cycles: 478976888 heartbeat IPC: 0.348486 cumulative IPC: 0.326912 (Simulation time: 0 hr 17 min 25 sec) 
Heartbeat CPU 0 instructions: 350000006 cycles: 507057240 heartbeat IPC: 0.356121 cumulative IPC: 0.32871 (Simulation time: 0 hr 17 min 56 sec) 
Heartbeat CPU 0 instructions: 360000000 cycles: 541421602 heartbeat IPC: 0.290999 cumulative IPC: 0.326069 (Simulation time: 0 hr 18 min 27 sec) 
Heartbeat CPU 0 instructions: 370000001 cycles: 566037049 heartbeat IPC: 0.406249 cumulative IPC: 0.329899 (Simulation time: 0 hr 18 min 54 sec) 
Heartbeat CPU 0 instructions: 380000001 cycles: 586266694 heartbeat IPC: 0.494324 cumulative IPC: 0.33611 (Simulation time: 0 hr 19 min 20 sec) 
Heartbeat CPU 0 instructions: 390000000 cycles: 627512740 heartbeat IPC: 0.242447 cumulative IPC: 0.329412 (Simulation time: 0 hr 19 min 50 sec) 
Heartbeat CPU 0 instructions: 400000001 cycles: 660422898 heartbeat IPC: 0.303858 cumulative IPC: 0.328033 (Simulation time: 0 hr 20 min 19 sec) 
Finished CPU 0 instructions: 200000001 cycles: 609695376 cumulative IPC: 0.328033 (Simulation time: 0 hr 20 min 19 sec) 

ChampSim completed all CPUs

Region of Interest Statistics

CPU 0 cumulative IPC: 0.328033 instructions: 200000001 cycles: 609695376
ITLB TOTAL     ACCESS:   21093716  HIT:   20783880  MISS:     309836  HIT %:    98.5311  MISS %:    1.46885   MPKI: 1.54918
ITLB LOAD TRANSLATION ACCESS:   21093716  HIT:   20783880  MISS:     309836  HIT %:    98.5311  MISS %:    1.46885   MPKI: 1.54918
ITLB PREFETCH  REQUESTED:          0  ISSUED:          0  USEFUL:          0  USELESS:          0
ITLB USEFUL LOAD PREFETCHES:          0 PREFETCH ISSUED TO LOWER LEVEL:          0  ACCURACY: -nan
ITLB TIMELY PREFETCHES:          0 LATE PREFETCHES: 0 DROPPED PREFETCHES: 0
ITLB PREFETCHES SAME FILL-ORIGIN LEVEL: 0 DIFFERENT FILL-ORIGIN LEVEL: 0
ITLB AVERAGE MISS LATENCY:      31.19 cycles AVERAGE LOAD MISS LATENCY:       -nan cycles Load Miss          0
ITLB Average MSHR Occupancy:  0.0158426
ITLB RQ	ACCESS:   24235697	FORWARD:          0	MERGED:    2871992	TO_CACHE:   21363705

DTLB TOTAL     ACCESS:   42894069  HIT:   41085752  MISS:    1808317  HIT %:    95.7842  MISS %:    4.21577   MPKI: 9.04158
DTLB LOAD TRANSLATION ACCESS:   42894069  HIT:   41085752  MISS:    1808317  HIT %:    95.7842  MISS %:    4.21577   MPKI: 9.04158
DTLB PREFETCH  REQUESTED:          0  ISSUED:          0  USEFUL:          0  USELESS:          0
DTLB USEFUL LOAD PREFETCHES:          0 PREFETCH ISSUED TO LOWER LEVEL:          0  ACCURACY: -nan
DTLB TIMELY PREFETCHES:          0 LATE PREFETCHES: 0 DROPPED PREFETCHES: 0
DTLB PREFETCHES SAME FILL-ORIGIN LEVEL: 0 DIFFERENT FILL-ORIGIN LEVEL: 0
DTLB AVERAGE MISS LATENCY:    50.5175 cycles AVERAGE LOAD MISS LATENCY:       -nan cycles Load Miss          0
DTLB Average MSHR Occupancy:   0.142794
DTLB RQ	ACCESS:   55619217	FORWARD:          0	MERGED:   12416989	TO_CACHE:   43202228

STLB TOTAL     ACCESS:    5477494  HIT:    4886953  MISS:     590541  HIT %:    89.2188  MISS %:    10.7812   MPKI: 2.9527
STLB LOAD TRANSLATION ACCESS:    2118153  HIT:    1527613  MISS:     590540  HIT %:      72.12  MISS %:      27.88   MPKI: 2.9527
STLB TRANSLATION FROM L1D PREFETCHER ACCESS:    3359341  HIT:    3359340  MISS:          1  HIT %:        100  MISS %: 2.97677e-05   MPKI: 5e-06
STLB PREFETCH  REQUESTED:          0  ISSUED:          0  USEFUL:          1  USELESS:          0
STLB USEFUL LOAD PREFETCHES:          1 PREFETCH ISSUED TO LOWER LEVEL:          0  ACCURACY: inf
STLB TIMELY PREFETCHES:          1 LATE PREFETCHES: 0 DROPPED PREFETCHES: 0
STLB PREFETCHES SAME FILL-ORIGIN LEVEL: 0 DIFFERENT FILL-ORIGIN LEVEL: 0
STLB AVERAGE MISS LATENCY:    138.585 cycles AVERAGE LOAD MISS LATENCY:       -nan cycles Load Miss          0
STLB Average MSHR Occupancy:    0.12838
STLB RQ	ACCESS:    7427307	FORWARD:          0	MERGED:    1949813	TO_CACHE:    5477494

STLB Hit, L1D data hit: 0
STLB Hit, L2C data hit: 0
STLB Hit, LLC data hit: 0
STLB Hit, LLC data miss: 0
STLB STLB hints to L2: 0
L1D TOTAL     ACCESS:   58977840  HIT:   55142443  MISS:    3835397  HIT %:    93.4969  MISS %:    6.50312   MPKI: 19.177
L1D LOAD      ACCESS:   31779412  HIT:   29876845  MISS:    1902567  HIT %:    94.0132  MISS %:    5.98679   MPKI: 9.51283
L1D RFO       ACCESS:   22174534  HIT:   21525862  MISS:     648672  HIT %:    97.0747  MISS %:     2.9253   MPKI: 3.24336
L1D PREFETCH  ACCESS:    5023894  HIT:    3739736  MISS:    1284158  HIT %:     74.439  MISS %:     25.561   MPKI: 6.42079
AGUS PREFETCH L1 MISS: 0
L1D PREFETCH  REQUESTED:   10668863  ISSUED:   10622393  USEFUL:     320630  USELESS:     963566
L1D USEFUL LOAD PREFETCHES:     320630 PREFETCH ISSUED TO LOWER LEVEL:    1414623  ACCURACY: 22.6654
L1D TIMELY PREFETCHES:     320630 LATE PREFETCHES: 124000 DROPPED PREFETCHES: 0
L1D PREFETCHES SAME FILL-ORIGIN LEVEL: 1414623 DIFFERENT FILL-ORIGIN LEVEL: 0
L1D AVERAGE MISS LATENCY:    121.612 cycles AVERAGE LOAD MISS LATENCY:    89.1804 cycles Load Miss    1902567
L1D Average MSHR Occupancy:   0.821213
L1D RQ	ACCESS:   50011755	FORWARD:          0	MERGED:   16992153	TO_CACHE:   31961017
L1D WQ	ACCESS:   24456645	FORWARD:    1062670	MERGED:     798445	TO_CACHE:   23658200
L1D PQ	ACCESS:    5313239	FORWARD:          0	MERGED:          0	TO_CACHE:    5309154

L1D UNIQUE REGIONS ACCESSED: 0
L1D REGIONS CONFLICTS: 0
L1D Cross Page Prefetch Requests: 0
L1D Same Page Prefetch Requests: 9453611
L1D ROI Sum of L1D PQ occupancy: 71278480
L1D PREFETCHES PUSHED FROM L2C: 0
L1I TOTAL     ACCESS:   23749477  HIT:   11870491  MISS:   11878986  HIT %:    49.9821  MISS %:    50.0179   MPKI: 59.3949
L1I LOAD      ACCESS:   23749477  HIT:   11870491  MISS:   11878986  HIT %:    49.9821  MISS %:    50.0179   MPKI: 59.3949
L1I PREFETCH  REQUESTED:          0  ISSUED:          0  USEFUL:          0  USELESS:          0
L1I USEFUL LOAD PREFETCHES:          0 PREFETCH ISSUED TO LOWER LEVEL:          0  ACCURACY: -nan
L1I TIMELY PREFETCHES:          0 LATE PREFETCHES: 0 DROPPED PREFETCHES: 0
L1I PREFETCHES SAME FILL-ORIGIN LEVEL: 0 DIFFERENT FILL-ORIGIN LEVEL: 0
L1I AVERAGE MISS LATENCY:     24.633 cycles AVERAGE LOAD MISS LATENCY:     24.633 cycles Load Miss   11878986
L1I Average MSHR Occupancy:   0.470387
L1I RQ	ACCESS:   44486814	FORWARD:          0	MERGED:   20251117	TO_CACHE:   24235697

BTB TOTAL     ACCESS:   20770002  HIT:   18722052  MISS:    2047950  HIT %:    90.1399  MISS %:    9.86013   MPKI: 10.2397
BTB BRANCH_DIRECT_JUMP	ACCESS:    1662723  HIT:    1493571  MISS:     169152
BTB BRANCH_INDIRECT	ACCESS:     337166  HIT:     245734  MISS:      91432
BTB BRANCH_CONDITIONAL	ACCESS:   14784158  HIT:   14389778  MISS:     394380
BTB BRANCH_DIRECT_CALL	ACCESS:    1522848  HIT:    1266584  MISS:     256264
BTB BRANCH_INDIRECT_CALL	ACCESS:     469191  HIT:     297556  MISS:     171635
BTB BRANCH_RETURN	ACCESS:    1993175  HIT:    1028215  MISS:     964960
BTB BRANCH_OTHER ACCESS:        741  HIT:        614  MISS:        127

L2C TOTAL     ACCESS:   17733982  HIT:   14587794  MISS:    3146188  HIT %:     82.259  MISS %:     17.741   MPKI: 15.7309
L2C LOAD      ACCESS:   13657510  HIT:   12149613  MISS:    1507897  HIT %:    88.9592  MISS %:    11.0408   MPKI: 7.53948
L2C DATA LOAD MPKI: 3.49245
L2C INSTRUCTION LOAD MPKI: 4.04703
L2C RFO       ACCESS:     642157  HIT:     167999  MISS:     474158  HIT %:    26.1617  MISS %:    73.8383   MPKI: 2.37079
L2C PREFETCH  ACCESS:    1414608  HIT:     518069  MISS:     896539  HIT %:    36.6228  MISS %:    63.3772   MPKI: 4.48269
AGUS PREFETCH L1 MISS: 0
L2C DATA PREFETCH MPKI: 4.48269
L2C INSTRUCTION PREFETCH MPKI: 0
L2C WRITEBACK ACCESS:    1065393  HIT:    1064251  MISS:       1142  HIT %:    99.8928  MISS %:    0.10719   MPKI: 0.00571
L2C LOAD TRANSLATION ACCESS:     954312  HIT:     687860  MISS:     266452  HIT %:    72.0792  MISS %:    27.9208   MPKI: 1.33226
L2C TRANSLATION FROM L1D PREFETCHER ACCESS:          2  HIT:          2  MISS:          0  HIT %:        100  MISS %:          0   MPKI: 0
L2C PREFETCH  REQUESTED:          0  ISSUED:          0  USEFUL:      34619  USELESS:     864273
L2C USEFUL LOAD PREFETCHES:      34619 PREFETCH ISSUED TO LOWER LEVEL:     896540  ACCURACY: 3.8614
L2C TIMELY PREFETCHES:      34619 LATE PREFETCHES: 0 DROPPED PREFETCHES: 0
L2C PREFETCHES SAME FILL-ORIGIN LEVEL: 0 DIFFERENT FILL-ORIGIN LEVEL: 0
L2C AVERAGE MISS LATENCY:    193.114 cycles AVERAGE LOAD MISS LATENCY:    177.131 cycles Load Miss    1507897
L2C Average MSHR Occupancy:   0.990675
L2C RQ	ACCESS:   15254071	FORWARD:          0	MERGED:          0	TO_CACHE:   15253978
L2C WQ	ACCESS:    1065393	FORWARD:        107	MERGED:          0	TO_CACHE:    1065393
L2C PQ	ACCESS:    1414623	FORWARD:          0	MERGED:          0	TO_CACHE:    1414609

L2C Instructions Evicting Data 529130
L2C Translations Evicting Data 175573
L2C Data Evicting Data 1366902
L2C Instructions Evicting Instructions 211889
L2C Translations Evicting Instructions 68566
L2C Data Evicting Instructions 526395
L2C Instructions Evicting Translations 68387
L2C Translations Evicting Translations 22313
L2C Data Evicting Translations 175891
L2C Dense regions hint from L2: 0
PSCL5 TOTAL     ACCESS:     590541  HIT:     590541  MISS:          0  HIT %:        100  MISS %:          0   MPKI: 0
PSCL5 LOAD TRANSLATION ACCESS:     590540  HIT:     590540  MISS:          0  HIT %:        100  MISS %:          0   MPKI: 0
PSCL5 TRANSLATION FROM L1D PREFETCHER ACCESS:          1  HIT:          1  MISS:          0  HIT %:        100  MISS %:          0   MPKI: 0
PSCL5 PREFETCH  REQUESTED:          0  ISSUED:          0  USEFUL:          0  USELESS:          0
PSCL5 USEFUL LOAD PREFETCHES:          0 PREFETCH ISSUED TO LOWER LEVEL:          0  ACCURACY: -nan
PSCL5 TIMELY PREFETCHES:          0 LATE PREFETCHES: 0 DROPPED PREFETCHES: 0
PSCL5 PREFETCHES SAME FILL-ORIGIN LEVEL: 0 DIFFERENT FILL-ORIGIN LEVEL: 0

PSCL4 TOTAL     ACCESS:     506772  HIT:     503697  MISS:       3075  HIT %:    99.3932  MISS %:   0.606782   MPKI: 0.015375
PSCL4 LOAD TRANSLATION ACCESS:     506771  HIT:     503696  MISS:       3075  HIT %:    99.3932  MISS %:   0.606783   MPKI: 0.015375
PSCL4 TRANSLATION FROM L1D PREFETCHER ACCESS:          1  HIT:          1  MISS:          0  HIT %:        100  MISS %:          0   MPKI: 0
PSCL4 PREFETCH  REQUESTED:          0  ISSUED:          0  USEFUL:          0  USELESS:          0
PSCL4 USEFUL LOAD PREFETCHES:          0 PREFETCH ISSUED TO LOWER LEVEL:          0  ACCURACY: -nan
PSCL4 TIMELY PREFETCHES:          0 LATE PREFETCHES: 0 DROPPED PREFETCHES: 0
PSCL4 PREFETCHES SAME FILL-ORIGIN LEVEL: 0 DIFFERENT FILL-ORIGIN LEVEL: 0

PSCL3 TOTAL     ACCESS:     584717  HIT:     559604  MISS:      25113  HIT %:    95.7051  MISS %:     4.2949   MPKI: 0.125565
PSCL3 LOAD TRANSLATION ACCESS:     584716  HIT:     559603  MISS:      25113  HIT %:    95.7051  MISS %:    4.29491   MPKI: 0.125565
PSCL3 TRANSLATION FROM L1D PREFETCHER ACCESS:          1  HIT:          1  MISS:          0  HIT %:        100  MISS %:          0   MPKI: 0
PSCL3 PREFETCH  REQUESTED:          0  ISSUED:          0  USEFUL:          0  USELESS:          0
PSCL3 USEFUL LOAD PREFETCHES:          0 PREFETCH ISSUED TO LOWER LEVEL:          0  ACCURACY: -nan
PSCL3 TIMELY PREFETCHES:          0 LATE PREFETCHES: 0 DROPPED PREFETCHES: 0
PSCL3 PREFETCHES SAME FILL-ORIGIN LEVEL: 0 DIFFERENT FILL-ORIGIN LEVEL: 0

PSCL2 TOTAL     ACCESS:     590541  HIT:     252221  MISS:     338320  HIT %:    42.7102  MISS %:    57.2898   MPKI: 1.6916
PSCL2 LOAD TRANSLATION ACCESS:     590541  HIT:     252221  MISS:     338320  HIT %:    42.7102  MISS %:    57.2898   MPKI: 1.6916
PSCL2 PREFETCH  REQUESTED:          0  ISSUED:          0  USEFUL:          0  USELESS:          0
PSCL2 USEFUL LOAD PREFETCHES:          0 PREFETCH ISSUED TO LOWER LEVEL:          0  ACCURACY: -nan
PSCL2 TIMELY PREFETCHES:          0 LATE PREFETCHES: 0 DROPPED PREFETCHES: 0
PSCL2 PREFETCHES SAME FILL-ORIGIN LEVEL: 0 DIFFERENT FILL-ORIGIN LEVEL: 0

LLC TOTAL     ACCESS:    3831825  HIT:     639399  MISS:    3192426  HIT %:    16.6865  MISS %:    83.3135   MPKI: 15.9621
LLC LOAD      ACCESS:    1507896  HIT:     377858  MISS:    1130038  HIT %:    25.0586  MISS %:    74.9414   MPKI: 5.65019
LLC RFO       ACCESS:     474158  HIT:       8576  MISS:     465582  HIT %:    1.80868  MISS %:    98.1913   MPKI: 2.32791
LLC PREFETCH  ACCESS:     896539  HIT:      43766  MISS:     852773  HIT %:    4.88166  MISS %:    95.1183   MPKI: 4.26386
AGUS PREFETCH L1 MISS: 0
LLC WRITEBACK ACCESS:     686780  HIT:     148980  MISS:     537800  HIT %:    21.6925  MISS %:    78.3075   MPKI: 2.689
LLC LOAD TRANSLATION ACCESS:     266452  HIT:      60219  MISS:     206233  HIT %:    22.6003  MISS %:    77.3997   MPKI: 1.03116
LLC PREFETCH  REQUESTED:          0  ISSUED:          0  USEFUL:       5289  USELESS:     184172
LLC USEFUL LOAD PREFETCHES:       5289 PREFETCH ISSUED TO LOWER LEVEL:     852774  ACCURACY: 0.620211
LLC TIMELY PREFETCHES:       5289 LATE PREFETCHES: 0 DROPPED PREFETCHES: 0
LLC PREFETCHES SAME FILL-ORIGIN LEVEL: 0 DIFFERENT FILL-ORIGIN LEVEL: 0
LLC AVERAGE MISS LATENCY:    145.625 cycles AVERAGE LOAD MISS LATENCY:    175.951 cycles Load Miss    1130038
LLC Average MSHR Occupancy:   0.758152
LLC RQ	ACCESS:    2248506	FORWARD:          0	MERGED:          0	TO_CACHE:    2248505
LLC WQ	ACCESS:     686779	FORWARD:          1	MERGED:          0	TO_CACHE:     686779
LLC PQ	ACCESS:     896540	FORWARD:          0	MERGED:          0	TO_CACHE:     896540

LLC Dense regions hint to LLC: 0

RAW hits: 4115246
Loads Generated: 54126994
Loads sent to L1D: 50011755
Stores Generated: 24456637
Stores sent to L1D: 24456645
Major fault: 0 Minor fault: 164264
Allocated PAGES: 164264

stream: 
stream:times selected: 12857849
stream:pref_filled: 1475171
stream:pref_useful: 293687
stream:pref_late: 40520
stream:misses: 262005
stream:misses_by_poll: 0

CS: 
CS:times selected: 2556067
CS:pref_filled: 631077
CS:pref_useful: 504871
CS:pref_late: 154881
CS:misses: 316074
CS:misses_by_poll: 506

CPLX: 
CPLX:times selected: 10236749
CPLX:pref_filled: 735981
CPLX:pref_useful: 133422
CPLX:pref_late: 5116
CPLX:misses: 1094400
CPLX:misses_by_poll: 835

NL_L1: 
NL:times selected: 73239
NL:pref_filled: 11643
NL:pref_useful: 3379
NL:pref_late: 331
NL:misses: 12094
NL:misses_by_poll: 1

total selections: 25723904
total_filled: 1284158
total_useful: 320630
total_late: 204224
total_polluted: 1342
total_misses_after_warmup: 2084172
conflicts: 3491236
Degree Incremented Times: 252443
Degree Decremented Times: 720181

L1 IP Table Write Accesses: 27458281
L1 IP Table Read Accesses: 23967045
L1 RST Write Accesses: 6912219
L1 RST Read Accesses: 13824438
L1 CSPT Write Accesses: 6912219
L1 CSPT Read Accesses: 12759119
L1 RR Filter Tag Write Accesses: 5359709
L1 RR Filter Tag Read Accesses: 336919885
L1 IP Table Tag Write Accesses: 31961017
L1 IP Table Tag Read Accesses: 31961017
L1 RST Tag Write Accesses: 0
L1 RST Tag Read Accesses: 63403426
L1 RR Filter Write Accesses: 0
L1 RR Filter Read Accesses: 12272405
test: 4378836
================ Mockingjay (LLC) Pollution Stats ================
Total pollution count in LLC: 133304
==================================================================

DRAM Statistics
 CHANNEL 0
 RQ ROW_BUFFER_HIT:     491468  ROW_BUFFER_MISS:    2163145
 DBUS_CONGESTED:       2099
 WQ ROW_BUFFER_HIT:     226749  ROW_BUFFER_MISS:     447935  FULL:          0

 AVG_CONGESTED_CYCLE: 5
 All warmup complete: 2
Channel 0 Bank busy for read cycles: 0
Channel 0 Bank busy for write cycles: 0
Channel 0
Rank 0
0banks busy for read cycles: 305052533
0banks busy for write cycles: 330712
1banks busy for read cycles: 138885663
1banks busy for write cycles: 56818513
2banks busy for read cycles: 50524017
2banks busy for write cycles: 17863612
3banks busy for read cycles: 17673433
3banks busy for write cycles: 5882141
4banks busy for read cycles: 6215346
4banks busy for write cycles: 2328330
5banks busy for read cycles: 2521640
5banks busy for write cycles: 1102319
6banks busy for read cycles: 1230828
6banks busy for write cycles: 641339
7banks busy for read cycles: 695400
7banks busy for write cycles: 499814
8banks busy for read cycles: 807822
8banks busy for write cycles: 621915

CPU 0 Branch Prediction Accuracy: 94.7776% MPKI: 9.91018 Average ROB Occupancy at Mispredict: 20.7421
Branch types
NOT_BRANCH: 162046727 81.0234%
BRANCH_DIRECT_JUMP: 1662723 0.831361%
BRANCH_INDIRECT: 337166 0.168583%
BRANCH_CONDITIONAL: 31966817 15.9834%
BRANCH_DIRECT_CALL: 1522848 0.761424%
BRANCH_INDIRECT_CALL: 469191 0.234595%
BRANCH_RETURN: 1993175 0.996587%
BRANCH_OTHER: 741 0.0003705%

===================== LRU L1D STATS =====================
Total pollution count in L1D: 836779
=========================================================
================ SRRIP (L2C) Pollution Stats ================
Total pollution count in L2c: 2363176
==================================================================
DRAM PAGES: 1048576
Allocated PAGES: 164264
