
*** ChampSim Multicore Out-of-Order Simulator ***

Warmup Instructions: 200000000
Simulation Instructions: 200000000
Number of CPUs: 1
LLC sets: 4096
LLC ways: 12
Off-chip DRAM Size: 4096 MB Channels: 1 Width: 64-bit Data Rate: 6400 MT/s
CPU 0 runs /home1/sweta/traces/DPC4-Traces/Google_Traces_v2/Google_Traces_v2/tango/tango_0002.champsim.gz
.gz
BTB has LRU replacement policy
ITLB has LRU replacement policy
DTLB has LRU replacement policy
STLB has LRU replacement policy
L1I has LRU replacement policy
IP Table Entries: 1024
CSPT Entries: 128
RR_ENTRIES: 32
RST_ENTRIES: 8
L1D has LRU replacement policy
Initialize SRRIP state for L2C
Initialize Mockingjay state for LLC
Heartbeat CPU 0 instructions: 10000000 cycles: 2627150 heartbeat IPC: 3.80641 cumulative IPC: 3.80641 (Simulation time: 0 hr 0 min 28 sec) 
Heartbeat CPU 0 instructions: 20000002 cycles: 5191542 heartbeat IPC: 3.89956 cumulative IPC: 3.85242 (Simulation time: 0 hr 0 min 55 sec) 
Heartbeat CPU 0 instructions: 30000000 cycles: 7815501 heartbeat IPC: 3.81103 cumulative IPC: 3.83853 (Simulation time: 0 hr 1 min 24 sec) 
Heartbeat CPU 0 instructions: 40000002 cycles: 10390875 heartbeat IPC: 3.88293 cumulative IPC: 3.84953 (Simulation time: 0 hr 1 min 55 sec) 
Heartbeat CPU 0 instructions: 50000004 cycles: 12859206 heartbeat IPC: 4.05132 cumulative IPC: 3.88827 (Simulation time: 0 hr 2 min 24 sec) 
Heartbeat CPU 0 instructions: 60000001 cycles: 15278623 heartbeat IPC: 4.13323 cumulative IPC: 3.92706 (Simulation time: 0 hr 2 min 53 sec) 
Heartbeat CPU 0 instructions: 70000000 cycles: 17851388 heartbeat IPC: 3.88687 cumulative IPC: 3.92126 (Simulation time: 0 hr 3 min 23 sec) 
Heartbeat CPU 0 instructions: 80000006 cycles: 20413686 heartbeat IPC: 3.90275 cumulative IPC: 3.91894 (Simulation time: 0 hr 3 min 54 sec) 
Heartbeat CPU 0 instructions: 90000000 cycles: 22874280 heartbeat IPC: 4.06406 cumulative IPC: 3.93455 (Simulation time: 0 hr 4 min 23 sec) 
Heartbeat CPU 0 instructions: 100000000 cycles: 25365156 heartbeat IPC: 4.01465 cumulative IPC: 3.94242 (Simulation time: 0 hr 4 min 52 sec) 
Heartbeat CPU 0 instructions: 110000004 cycles: 27793601 heartbeat IPC: 4.11786 cumulative IPC: 3.95775 (Simulation time: 0 hr 5 min 20 sec) 
Heartbeat CPU 0 instructions: 120000004 cycles: 30323633 heartbeat IPC: 3.95252 cumulative IPC: 3.95731 (Simulation time: 0 hr 5 min 50 sec) 
Heartbeat CPU 0 instructions: 130000001 cycles: 33050531 heartbeat IPC: 3.66717 cumulative IPC: 3.93337 (Simulation time: 0 hr 6 min 19 sec) 
Heartbeat CPU 0 instructions: 140000002 cycles: 35607485 heartbeat IPC: 3.9109 cumulative IPC: 3.93176 (Simulation time: 0 hr 6 min 47 sec) 
Heartbeat CPU 0 instructions: 150000003 cycles: 38170370 heartbeat IPC: 3.90185 cumulative IPC: 3.92975 (Simulation time: 0 hr 7 min 16 sec) 
Heartbeat CPU 0 instructions: 160000005 cycles: 40773091 heartbeat IPC: 3.84213 cumulative IPC: 3.92416 (Simulation time: 0 hr 7 min 44 sec) 
Heartbeat CPU 0 instructions: 170000002 cycles: 43275932 heartbeat IPC: 3.99546 cumulative IPC: 3.92828 (Simulation time: 0 hr 8 min 14 sec) 
Heartbeat CPU 0 instructions: 180000000 cycles: 45808227 heartbeat IPC: 3.94899 cumulative IPC: 3.92943 (Simulation time: 0 hr 8 min 41 sec) 
Heartbeat CPU 0 instructions: 190000004 cycles: 48355628 heartbeat IPC: 3.92557 cumulative IPC: 3.92922 (Simulation time: 0 hr 9 min 9 sec) 
Heartbeat CPU 0 instructions: 200000002 cycles: 50875462 heartbeat IPC: 3.96851 cumulative IPC: 3.93117 (Simulation time: 0 hr 9 min 38 sec) 

Warmup complete CPU 0 instructions: 200000002 cycles: 50875462 (Simulation time: 0 hr 9 min 38 sec) 

Heartbeat CPU 0 instructions: 210000000 cycles: 87196690 heartbeat IPC: 0.275321 cumulative IPC: 0.275321 (Simulation time: 0 hr 10 min 10 sec) 
Heartbeat CPU 0 instructions: 220000002 cycles: 118681348 heartbeat IPC: 0.317615 cumulative IPC: 0.29496 (Simulation time: 0 hr 10 min 39 sec) 
Heartbeat CPU 0 instructions: 230000000 cycles: 151324951 heartbeat IPC: 0.306339 cumulative IPC: 0.298658 (Simulation time: 0 hr 11 min 8 sec) 
Heartbeat CPU 0 instructions: 240000000 cycles: 184261342 heartbeat IPC: 0.303616 cumulative IPC: 0.299882 (Simulation time: 0 hr 11 min 39 sec) 
Heartbeat CPU 0 instructions: 250000001 cycles: 215900984 heartbeat IPC: 0.316059 cumulative IPC: 0.302983 (Simulation time: 0 hr 12 min 9 sec) 
Heartbeat CPU 0 instructions: 260000004 cycles: 233818887 heartbeat IPC: 0.558101 cumulative IPC: 0.32797 (Simulation time: 0 hr 12 min 33 sec) 
Heartbeat CPU 0 instructions: 270000000 cycles: 264156166 heartbeat IPC: 0.329627 cumulative IPC: 0.328206 (Simulation time: 0 hr 13 min 3 sec) 
Heartbeat CPU 0 instructions: 280000002 cycles: 292392834 heartbeat IPC: 0.354149 cumulative IPC: 0.331239 (Simulation time: 0 hr 13 min 31 sec) 
Heartbeat CPU 0 instructions: 290000001 cycles: 319289890 heartbeat IPC: 0.371788 cumulative IPC: 0.335302 (Simulation time: 0 hr 13 min 59 sec) 
Heartbeat CPU 0 instructions: 300000003 cycles: 344916353 heartbeat IPC: 0.390222 cumulative IPC: 0.340089 (Simulation time: 0 hr 14 min 28 sec) 
Heartbeat CPU 0 instructions: 310000005 cycles: 374823352 heartbeat IPC: 0.33437 cumulative IPC: 0.339561 (Simulation time: 0 hr 14 min 58 sec) 
Heartbeat CPU 0 instructions: 320000001 cycles: 406848775 heartbeat IPC: 0.312252 cumulative IPC: 0.337104 (Simulation time: 0 hr 15 min 29 sec) 
Heartbeat CPU 0 instructions: 330000001 cycles: 439323071 heartbeat IPC: 0.307936 cumulative IPC: 0.334665 (Simulation time: 0 hr 15 min 58 sec) 
Heartbeat CPU 0 instructions: 340000002 cycles: 473884124 heartbeat IPC: 0.289343 cumulative IPC: 0.330962 (Simulation time: 0 hr 16 min 28 sec) 
Heartbeat CPU 0 instructions: 350000000 cycles: 507353392 heartbeat IPC: 0.298781 cumulative IPC: 0.328603 (Simulation time: 0 hr 16 min 58 sec) 
Heartbeat CPU 0 instructions: 360000000 cycles: 540189222 heartbeat IPC: 0.304545 cumulative IPC: 0.326989 (Simulation time: 0 hr 17 min 27 sec) 
Heartbeat CPU 0 instructions: 370000000 cycles: 564392318 heartbeat IPC: 0.41317 cumulative IPC: 0.33105 (Simulation time: 0 hr 17 min 59 sec) 
Heartbeat CPU 0 instructions: 380000006 cycles: 586791697 heartbeat IPC: 0.446441 cumulative IPC: 0.335873 (Simulation time: 0 hr 18 min 29 sec) 
Heartbeat CPU 0 instructions: 390000003 cycles: 612797799 heartbeat IPC: 0.384525 cumulative IPC: 0.338125 (Simulation time: 0 hr 18 min 59 sec) 
Heartbeat CPU 0 instructions: 400000002 cycles: 642028751 heartbeat IPC: 0.342103 cumulative IPC: 0.338322 (Simulation time: 0 hr 19 min 26 sec) 
Finished CPU 0 instructions: 200000000 cycles: 591153289 cumulative IPC: 0.338322 (Simulation time: 0 hr 19 min 26 sec) 

ChampSim completed all CPUs

Region of Interest Statistics

CPU 0 cumulative IPC: 0.338322 instructions: 200000000 cycles: 591153289
ITLB TOTAL     ACCESS:   21438135  HIT:   21151042  MISS:     287093  HIT %:    98.6608  MISS %:    1.33917   MPKI: 1.43546
ITLB LOAD TRANSLATION ACCESS:   21438135  HIT:   21151042  MISS:     287093  HIT %:    98.6608  MISS %:    1.33917   MPKI: 1.43546
ITLB PREFETCH  REQUESTED:          0  ISSUED:          0  USEFUL:          0  USELESS:          0
ITLB USEFUL LOAD PREFETCHES:          0 PREFETCH ISSUED TO LOWER LEVEL:          0  ACCURACY: -nan
ITLB TIMELY PREFETCHES:          0 LATE PREFETCHES: 0 DROPPED PREFETCHES: 0
ITLB PREFETCHES SAME FILL-ORIGIN LEVEL: 0 DIFFERENT FILL-ORIGIN LEVEL: 0
ITLB AVERAGE MISS LATENCY:    26.9582 cycles AVERAGE LOAD MISS LATENCY:       -nan cycles Load Miss          0
ITLB Average MSHR Occupancy:  0.0129697
ITLB RQ	ACCESS:   24924907	FORWARD:          0	MERGED:    3209712	TO_CACHE:   21715195

DTLB TOTAL     ACCESS:   42502488  HIT:   40527258  MISS:    1975230  HIT %:    95.3527  MISS %:    4.64733   MPKI: 9.87615
DTLB LOAD TRANSLATION ACCESS:   42502488  HIT:   40527258  MISS:    1975230  HIT %:    95.3527  MISS %:    4.64733   MPKI: 9.87615
DTLB PREFETCH  REQUESTED:          0  ISSUED:          0  USEFUL:          0  USELESS:          0
DTLB USEFUL LOAD PREFETCHES:          0 PREFETCH ISSUED TO LOWER LEVEL:          0  ACCURACY: -nan
DTLB TIMELY PREFETCHES:          0 LATE PREFETCHES: 0 DROPPED PREFETCHES: 0
DTLB PREFETCHES SAME FILL-ORIGIN LEVEL: 0 DIFFERENT FILL-ORIGIN LEVEL: 0
DTLB AVERAGE MISS LATENCY:    46.6871 cycles AVERAGE LOAD MISS LATENCY:       -nan cycles Load Miss          0
DTLB Average MSHR Occupancy:   0.149422
DTLB RQ	ACCESS:   55191413	FORWARD:          0	MERGED:   12297478	TO_CACHE:   42893935

STLB TOTAL     ACCESS:    4757298  HIT:    4093606  MISS:     663692  HIT %:     86.049  MISS %:     13.951   MPKI: 3.31846
STLB LOAD TRANSLATION ACCESS:    2262323  HIT:    1598637  MISS:     663686  HIT %:    70.6635  MISS %:    29.3365   MPKI: 3.31843
STLB TRANSLATION FROM L1D PREFETCHER ACCESS:    2494975  HIT:    2494969  MISS:          6  HIT %:    99.9998  MISS %: 0.000240483   MPKI: 3e-05
STLB PREFETCH  REQUESTED:          0  ISSUED:          0  USEFUL:          6  USELESS:          0
STLB USEFUL LOAD PREFETCHES:          6 PREFETCH ISSUED TO LOWER LEVEL:          0  ACCURACY: inf
STLB TIMELY PREFETCHES:          6 LATE PREFETCHES: 0 DROPPED PREFETCHES: 0
STLB PREFETCHES SAME FILL-ORIGIN LEVEL: 0 DIFFERENT FILL-ORIGIN LEVEL: 0
STLB AVERAGE MISS LATENCY:    119.772 cycles AVERAGE LOAD MISS LATENCY:       -nan cycles Load Miss          0
STLB Average MSHR Occupancy:   0.129064
STLB RQ	ACCESS:    5641440	FORWARD:          0	MERGED:     884142	TO_CACHE:    4757298

STLB Hit, L1D data hit: 0
STLB Hit, L2C data hit: 0
STLB Hit, LLC data hit: 0
STLB Hit, LLC data miss: 0
STLB STLB hints to L2: 0
L1D TOTAL     ACCESS:   56252671  HIT:   52593066  MISS:    3659605  HIT %:    93.4943  MISS %:    6.50566   MPKI: 18.298
L1D LOAD      ACCESS:   29499541  HIT:   27794348  MISS:    1705193  HIT %:    94.2196  MISS %:    5.78041   MPKI: 8.52596
L1D RFO       ACCESS:   23505604  HIT:   22796119  MISS:     709485  HIT %:    96.9816  MISS %:    3.01837   MPKI: 3.54743
L1D PREFETCH  ACCESS:    3247526  HIT:    2002599  MISS:    1244927  HIT %:    61.6654  MISS %:    38.3346   MPKI: 6.22464
AGUS PREFETCH L1 MISS: 0
L1D PREFETCH  REQUESTED:    6780223  ISSUED:    6766145  USEFUL:     311833  USELESS:     933271
L1D USEFUL LOAD PREFETCHES:     311833 PREFETCH ISSUED TO LOWER LEVEL:    1277222  ACCURACY: 24.4149
L1D TIMELY PREFETCHES:     311833 LATE PREFETCHES: 26150 DROPPED PREFETCHES: 0
L1D PREFETCHES SAME FILL-ORIGIN LEVEL: 1277222 DIFFERENT FILL-ORIGIN LEVEL: 0
L1D AVERAGE MISS LATENCY:    129.461 cycles AVERAGE LOAD MISS LATENCY:    91.0273 cycles Load Miss    1705193
L1D Average MSHR Occupancy:   0.825173
L1D RQ	ACCESS:   43032315	FORWARD:          0	MERGED:   12299855	TO_CACHE:   29655432
L1D WQ	ACCESS:   26343127	FORWARD:    1084939	MERGED:     807146	TO_CACHE:   25535981
L1D PQ	ACCESS:    3387028	FORWARD:          0	MERGED:          0	TO_CACHE:    3379117

L1D UNIQUE REGIONS ACCESSED: 0
L1D REGIONS CONFLICTS: 0
L1D Cross Page Prefetch Requests: 0
L1D Same Page Prefetch Requests: 7156574
L1D ROI Sum of L1D PQ occupancy: 46330415
L1D PREFETCHES PUSHED FROM L2C: 0
L1I TOTAL     ACCESS:   24069888  HIT:    8941345  MISS:   15128543  HIT %:    37.1474  MISS %:    62.8526   MPKI: 75.6427
L1I LOAD      ACCESS:   24069888  HIT:    8941345  MISS:   15128543  HIT %:    37.1474  MISS %:    62.8526   MPKI: 75.6427
L1I PREFETCH  REQUESTED:          0  ISSUED:          0  USEFUL:          0  USELESS:          0
L1I USEFUL LOAD PREFETCHES:          0 PREFETCH ISSUED TO LOWER LEVEL:          0  ACCURACY: -nan
L1I TIMELY PREFETCHES:          0 LATE PREFETCHES: 0 DROPPED PREFETCHES: 0
L1I PREFETCHES SAME FILL-ORIGIN LEVEL: 0 DIFFERENT FILL-ORIGIN LEVEL: 0
L1I AVERAGE MISS LATENCY:    19.1971 cycles AVERAGE LOAD MISS LATENCY:    19.1971 cycles Load Miss   15128543
L1I Average MSHR Occupancy:   0.477159
L1I RQ	ACCESS:   44827433	FORWARD:          0	MERGED:   19902526	TO_CACHE:   24924907

BTB TOTAL     ACCESS:   19683114  HIT:   16994313  MISS:    2688801  HIT %:    86.3396  MISS %:    13.6604   MPKI: 13.444
BTB BRANCH_DIRECT_JUMP	ACCESS:    1293968  HIT:    1079928  MISS:     214040
BTB BRANCH_INDIRECT	ACCESS:     656896  HIT:     535408  MISS:     121488
BTB BRANCH_CONDITIONAL	ACCESS:   13262985  HIT:   12799372  MISS:     463613
BTB BRANCH_DIRECT_CALL	ACCESS:    2020227  HIT:    1605860  MISS:     414367
BTB BRANCH_INDIRECT_CALL	ACCESS:     212214  HIT:     118093  MISS:      94121
BTB BRANCH_RETURN	ACCESS:    2234822  HIT:     853795  MISS:    1381027
BTB BRANCH_OTHER ACCESS:       2002  HIT:       1857  MISS:        145

L2C TOTAL     ACCESS:   21047675  HIT:   18353770  MISS:    2693905  HIT %:    87.2009  MISS %:    12.7991   MPKI: 13.4695
L2C LOAD      ACCESS:   16807539  HIT:   15698417  MISS:    1109122  HIT %:     93.401  MISS %:    6.59896   MPKI: 5.54561
L2C DATA LOAD MPKI: 3.15403
L2C INSTRUCTION LOAD MPKI: 2.39158
L2C RFO       ACCESS:     703322  HIT:     164061  MISS:     539261  HIT %:    23.3266  MISS %:    76.6734   MPKI: 2.69631
L2C PREFETCH  ACCESS:    1277208  HIT:     485101  MISS:     792107  HIT %:    37.9814  MISS %:    62.0186   MPKI: 3.96054
AGUS PREFETCH L1 MISS: 0
L2C DATA PREFETCH MPKI: 3.96054
L2C INSTRUCTION PREFETCH MPKI: 0
L2C WRITEBACK ACCESS:    1186688  HIT:    1184250  MISS:       2438  HIT %:    99.7946  MISS %:   0.205446   MPKI: 0.01219
L2C LOAD TRANSLATION ACCESS:    1072905  HIT:     821928  MISS:     250977  HIT %:    76.6077  MISS %:    23.3923   MPKI: 1.25489
L2C TRANSLATION FROM L1D PREFETCHER ACCESS:         13  HIT:         13  MISS:          0  HIT %:        100  MISS %:          0   MPKI: 0
L2C PREFETCH  REQUESTED:          0  ISSUED:          0  USEFUL:      32290  USELESS:     760568
L2C USEFUL LOAD PREFETCHES:      32290 PREFETCH ISSUED TO LOWER LEVEL:     792107  ACCURACY: 4.07647
L2C TIMELY PREFETCHES:      32290 LATE PREFETCHES: 0 DROPPED PREFETCHES: 0
L2C PREFETCHES SAME FILL-ORIGIN LEVEL: 0 DIFFERENT FILL-ORIGIN LEVEL: 0
L2C AVERAGE MISS LATENCY:     203.48 cycles AVERAGE LOAD MISS LATENCY:    186.446 cycles Load Miss    1109122
L2C Average MSHR Occupancy:      0.921
L2C RQ	ACCESS:   18583844	FORWARD:          0	MERGED:          0	TO_CACHE:   18583779
L2C WQ	ACCESS:    1186688	FORWARD:         79	MERGED:          0	TO_CACHE:    1186688
L2C PQ	ACCESS:    1277222	FORWARD:          0	MERGED:          0	TO_CACHE:    1277208

L2C Instructions Evicting Data 342820
L2C Translations Evicting Data 183445
L2C Data Evicting Data 1437828
L2C Instructions Evicting Instructions 90699
L2C Translations Evicting Instructions 43948
L2C Data Evicting Instructions 341868
L2C Instructions Evicting Translations 44797
L2C Translations Evicting Translations 23584
L2C Data Evicting Translations 182478
L2C Dense regions hint from L2: 0
PSCL5 TOTAL     ACCESS:     663692  HIT:     663692  MISS:          0  HIT %:        100  MISS %:          0   MPKI: 0
PSCL5 LOAD TRANSLATION ACCESS:     663686  HIT:     663686  MISS:          0  HIT %:        100  MISS %:          0   MPKI: 0
PSCL5 TRANSLATION FROM L1D PREFETCHER ACCESS:          6  HIT:          6  MISS:          0  HIT %:        100  MISS %:          0   MPKI: 0
PSCL5 PREFETCH  REQUESTED:          0  ISSUED:          0  USEFUL:          0  USELESS:          0
PSCL5 USEFUL LOAD PREFETCHES:          0 PREFETCH ISSUED TO LOWER LEVEL:          0  ACCURACY: -nan
PSCL5 TIMELY PREFETCHES:          0 LATE PREFETCHES: 0 DROPPED PREFETCHES: 0
PSCL5 PREFETCHES SAME FILL-ORIGIN LEVEL: 0 DIFFERENT FILL-ORIGIN LEVEL: 0

PSCL4 TOTAL     ACCESS:     646822  HIT:     644486  MISS:       2336  HIT %:    99.6388  MISS %:    0.36115   MPKI: 0.01168
PSCL4 LOAD TRANSLATION ACCESS:     646816  HIT:     644480  MISS:       2336  HIT %:    99.6388  MISS %:   0.361154   MPKI: 0.01168
PSCL4 TRANSLATION FROM L1D PREFETCHER ACCESS:          6  HIT:          6  MISS:          0  HIT %:        100  MISS %:          0   MPKI: 0
PSCL4 PREFETCH  REQUESTED:          0  ISSUED:          0  USEFUL:          0  USELESS:          0
PSCL4 USEFUL LOAD PREFETCHES:          0 PREFETCH ISSUED TO LOWER LEVEL:          0  ACCURACY: -nan
PSCL4 TIMELY PREFETCHES:          0 LATE PREFETCHES: 0 DROPPED PREFETCHES: 0
PSCL4 PREFETCHES SAME FILL-ORIGIN LEVEL: 0 DIFFERENT FILL-ORIGIN LEVEL: 0

PSCL3 TOTAL     ACCESS:     654524  HIT:     626234  MISS:      28290  HIT %:    95.6778  MISS %:    4.32223   MPKI: 0.14145
PSCL3 LOAD TRANSLATION ACCESS:     654520  HIT:     626230  MISS:      28290  HIT %:    95.6777  MISS %:    4.32225   MPKI: 0.14145
PSCL3 TRANSLATION FROM L1D PREFETCHER ACCESS:          4  HIT:          4  MISS:          0  HIT %:        100  MISS %:          0   MPKI: 0
PSCL3 PREFETCH  REQUESTED:          0  ISSUED:          0  USEFUL:          0  USELESS:          0
PSCL3 USEFUL LOAD PREFETCHES:          0 PREFETCH ISSUED TO LOWER LEVEL:          0  ACCURACY: -nan
PSCL3 TIMELY PREFETCHES:          0 LATE PREFETCHES: 0 DROPPED PREFETCHES: 0
PSCL3 PREFETCHES SAME FILL-ORIGIN LEVEL: 0 DIFFERENT FILL-ORIGIN LEVEL: 0

PSCL2 TOTAL     ACCESS:     663692  HIT:     282875  MISS:     380817  HIT %:    42.6214  MISS %:    57.3786   MPKI: 1.90409
PSCL2 LOAD TRANSLATION ACCESS:     663691  HIT:     282874  MISS:     380817  HIT %:    42.6213  MISS %:    57.3787   MPKI: 1.90409
PSCL2 TRANSLATION FROM L1D PREFETCHER ACCESS:          1  HIT:          1  MISS:          0  HIT %:        100  MISS %:          0   MPKI: 0
PSCL2 PREFETCH  REQUESTED:          0  ISSUED:          0  USEFUL:          0  USELESS:          0
PSCL2 USEFUL LOAD PREFETCHES:          0 PREFETCH ISSUED TO LOWER LEVEL:          0  ACCURACY: -nan
PSCL2 TIMELY PREFETCHES:          0 LATE PREFETCHES: 0 DROPPED PREFETCHES: 0
PSCL2 PREFETCHES SAME FILL-ORIGIN LEVEL: 0 DIFFERENT FILL-ORIGIN LEVEL: 0

LLC TOTAL     ACCESS:    3510833  HIT:     598495  MISS:    2912338  HIT %:    17.0471  MISS %:    82.9529   MPKI: 14.5617
LLC LOAD      ACCESS:    1109120  HIT:     243014  MISS:     866106  HIT %:    21.9105  MISS %:    78.0895   MPKI: 4.33053
LLC RFO       ACCESS:     539261  HIT:      12466  MISS:     526795  HIT %:    2.31168  MISS %:    97.6883   MPKI: 2.63397
LLC PREFETCH  ACCESS:     792107  HIT:      54492  MISS:     737615  HIT %:    6.87937  MISS %:    93.1206   MPKI: 3.68807
AGUS PREFETCH L1 MISS: 0
LLC WRITEBACK ACCESS:     819368  HIT:     223732  MISS:     595636  HIT %:    27.3054  MISS %:    72.6946   MPKI: 2.97818
LLC LOAD TRANSLATION ACCESS:     250977  HIT:      64791  MISS:     186186  HIT %:    25.8155  MISS %:    74.1845   MPKI: 0.93093
LLC PREFETCH  REQUESTED:          0  ISSUED:          0  USEFUL:       5263  USELESS:     207240
LLC USEFUL LOAD PREFETCHES:       5263 PREFETCH ISSUED TO LOWER LEVEL:     737615  ACCURACY: 0.713516
LLC TIMELY PREFETCHES:       5263 LATE PREFETCHES: 0 DROPPED PREFETCHES: 0
LLC PREFETCHES SAME FILL-ORIGIN LEVEL: 0 DIFFERENT FILL-ORIGIN LEVEL: 0
LLC AVERAGE MISS LATENCY:    146.342 cycles AVERAGE LOAD MISS LATENCY:    180.837 cycles Load Miss     866106
LLC Average MSHR Occupancy:   0.717042
LLC RQ	ACCESS:    1899360	FORWARD:          0	MERGED:          0	TO_CACHE:    1899358
LLC WQ	ACCESS:     819368	FORWARD:          2	MERGED:          0	TO_CACHE:     819368
LLC PQ	ACCESS:     792107	FORWARD:          0	MERGED:          0	TO_CACHE:     792107

LLC Dense regions hint to LLC: 0

RAW hits: 2722785
Loads Generated: 45755100
Loads sent to L1D: 43032315
Stores Generated: 26343126
Stores sent to L1D: 26343127
Major fault: 0 Minor fault: 139412
Allocated PAGES: 139412

stream: 
stream:times selected: 11546619
stream:pref_filled: 1411503
stream:pref_useful: 266338
stream:pref_late: 36223
stream:misses: 217492
stream:misses_by_poll: 0

CS: 
CS:times selected: 1067859
CS:pref_filled: 421646
CS:pref_useful: 300219
CS:pref_late: 22641
CS:misses: 81389
CS:misses_by_poll: 720

CPLX: 
CPLX:times selected: 10404886
CPLX:pref_filled: 715986
CPLX:pref_useful: 97872
CPLX:pref_late: 4870
CPLX:misses: 886726
CPLX:misses_by_poll: 920

NL_L1: 
NL:times selected: 114939
NL:pref_filled: 13199
NL:pref_useful: 3648
NL:pref_late: 366
NL:misses: 9175
NL:misses_by_poll: 0

total selections: 23134303
total_filled: 1244927
total_useful: 311833
total_late: 65376
total_polluted: 1640
total_misses_after_warmup: 1861082
conflicts: 4275786
Degree Incremented Times: 0
Degree Decremented Times: 660106

L1 IP Table Write Accesses: 24228289
L1 IP Table Read Accesses: 19952503
L1 RST Write Accesses: 5342118
L1 RST Read Accesses: 10684236
L1 CSPT Write Accesses: 5342118
L1 CSPT Read Accesses: 10176933
L1 RR Filter Tag Write Accesses: 3401106
L1 RR Filter Tag Read Accesses: 218752406
L1 IP Table Tag Write Accesses: 29655430
L1 IP Table Tag Read Accesses: 29655430
L1 RST Tag Write Accesses: 0
L1 RST Tag Read Accesses: 47394823
L1 RR Filter Write Accesses: 0
L1 RR Filter Read Accesses: 8041089
test: 4421620
================ Mockingjay (LLC) Pollution Stats ================
Total pollution count in LLC: 80044
==================================================================

DRAM Statistics
 CHANNEL 0
 RQ ROW_BUFFER_HIT:     272145  ROW_BUFFER_MISS:    2044516
 DBUS_CONGESTED:        926
 WQ ROW_BUFFER_HIT:     241528  ROW_BUFFER_MISS:     562638  FULL:        736

 AVG_CONGESTED_CYCLE: 4
 All warmup complete: 2
Channel 0 Bank busy for read cycles: 0
Channel 0 Bank busy for write cycles: 0
Channel 0
Rank 0
0banks busy for read cycles: 298437306
0banks busy for write cycles: 345872
1banks busy for read cycles: 128550635
1banks busy for write cycles: 56757371
2banks busy for read cycles: 45082399
2banks busy for write cycles: 20088964
3banks busy for read cycles: 15410476
3banks busy for write cycles: 7828647
4banks busy for read cycles: 5735438
4banks busy for write cycles: 3354316
5banks busy for read cycles: 2528886
5banks busy for write cycles: 1518241
6banks busy for read cycles: 1215881
6banks busy for write cycles: 846716
7banks busy for read cycles: 793740
7banks busy for write cycles: 712899
8banks busy for read cycles: 879098
8banks busy for write cycles: 1066405

CPU 0 Branch Prediction Accuracy: 95.4641% MPKI: 8.22327 Average ROB Occupancy at Mispredict: 17.4032
Branch types
NOT_BRANCH: 163741090 81.8705%
BRANCH_DIRECT_JUMP: 1293968 0.646984%
BRANCH_INDIRECT: 656896 0.328448%
BRANCH_CONDITIONAL: 29838412 14.9192%
BRANCH_DIRECT_CALL: 2020227 1.01011%
BRANCH_INDIRECT_CALL: 212214 0.106107%
BRANCH_RETURN: 2234822 1.11741%
BRANCH_OTHER: 2002 0.001001%

===================== LRU L1D STATS =====================
Total pollution count in L1D: 865652
=========================================================
================ SRRIP (L2C) Pollution Stats ================
Total pollution count in L2c: 1442888
==================================================================
DRAM PAGES: 1048576
Allocated PAGES: 139412
