
*** ChampSim Multicore Out-of-Order Simulator ***

Warmup Instructions: 200000000
Simulation Instructions: 200000000
Number of CPUs: 1
LLC sets: 4096
LLC ways: 12
Off-chip DRAM Size: 4096 MB Channels: 1 Width: 64-bit Data Rate: 6400 MT/s
CPU 0 runs /home1/sweta/traces/qualcomm_traces/server_021.champsimtrace.xz
.xz
BTB has LRU replacement policy
ITLB has LRU replacement policy
DTLB has LRU replacement policy
STLB has LRU replacement policy
L1I has LRU replacement policy
History Sets: 8
History Ways: 16
BERTI Size: 16
BERTI Stride Size: 16
L1D has LRU replacement policy
Initialize SRRIP state for L2C
Initialize Mockingjay state for LLC
Heartbeat CPU 0 instructions: 10000002 cycles: 2314332 heartbeat IPC: 4.3209 cumulative IPC: 4.3209 (Simulation time: 0 hr 0 min 29 sec) 
Heartbeat CPU 0 instructions: 20000001 cycles: 4614853 heartbeat IPC: 4.34684 cumulative IPC: 4.33383 (Simulation time: 0 hr 0 min 57 sec) 
Heartbeat CPU 0 instructions: 30000000 cycles: 6932131 heartbeat IPC: 4.31541 cumulative IPC: 4.32767 (Simulation time: 0 hr 1 min 24 sec) 
Heartbeat CPU 0 instructions: 40000001 cycles: 9231982 heartbeat IPC: 4.34811 cumulative IPC: 4.33276 (Simulation time: 0 hr 1 min 51 sec) 
Heartbeat CPU 0 instructions: 50000000 cycles: 11543477 heartbeat IPC: 4.3262 cumulative IPC: 4.33145 (Simulation time: 0 hr 2 min 18 sec) 
Heartbeat CPU 0 instructions: 60000005 cycles: 13850497 heartbeat IPC: 4.3346 cumulative IPC: 4.33197 (Simulation time: 0 hr 2 min 46 sec) 
Heartbeat CPU 0 instructions: 70000000 cycles: 16153472 heartbeat IPC: 4.34221 cumulative IPC: 4.33343 (Simulation time: 0 hr 3 min 21 sec) 
Heartbeat CPU 0 instructions: 80000007 cycles: 18463975 heartbeat IPC: 4.32806 cumulative IPC: 4.33276 (Simulation time: 0 hr 3 min 49 sec) 
Heartbeat CPU 0 instructions: 90000000 cycles: 20763901 heartbeat IPC: 4.34796 cumulative IPC: 4.33445 (Simulation time: 0 hr 4 min 15 sec) 
Heartbeat CPU 0 instructions: 100000004 cycles: 23074645 heartbeat IPC: 4.32761 cumulative IPC: 4.33376 (Simulation time: 0 hr 4 min 42 sec) 
*** Reached end of trace for Core: 0 Repeating trace: /home1/sweta/traces/qualcomm_traces/server_021.champsimtrace.xz
Heartbeat CPU 0 instructions: 110000004 cycles: 25377076 heartbeat IPC: 4.34324 cumulative IPC: 4.33462 (Simulation time: 0 hr 5 min 10 sec) 
Heartbeat CPU 0 instructions: 120000005 cycles: 27690847 heartbeat IPC: 4.32195 cumulative IPC: 4.33356 (Simulation time: 0 hr 5 min 37 sec) 
Heartbeat CPU 0 instructions: 130000004 cycles: 29987118 heartbeat IPC: 4.35489 cumulative IPC: 4.3352 (Simulation time: 0 hr 6 min 4 sec) 
Heartbeat CPU 0 instructions: 140000001 cycles: 32303608 heartbeat IPC: 4.31687 cumulative IPC: 4.33388 (Simulation time: 0 hr 6 min 31 sec) 
Heartbeat CPU 0 instructions: 150000004 cycles: 34612831 heartbeat IPC: 4.33046 cumulative IPC: 4.33365 (Simulation time: 0 hr 6 min 58 sec) 
Heartbeat CPU 0 instructions: 160000002 cycles: 36913827 heartbeat IPC: 4.34594 cumulative IPC: 4.33442 (Simulation time: 0 hr 7 min 24 sec) 
Heartbeat CPU 0 instructions: 170000001 cycles: 39231375 heartbeat IPC: 4.3149 cumulative IPC: 4.33327 (Simulation time: 0 hr 7 min 51 sec) 
Heartbeat CPU 0 instructions: 180000000 cycles: 41527701 heartbeat IPC: 4.35478 cumulative IPC: 4.33446 (Simulation time: 0 hr 8 min 18 sec) 
Heartbeat CPU 0 instructions: 190000007 cycles: 43841847 heartbeat IPC: 4.32125 cumulative IPC: 4.33376 (Simulation time: 0 hr 8 min 45 sec) 
Heartbeat CPU 0 instructions: 200000005 cycles: 46138821 heartbeat IPC: 4.35355 cumulative IPC: 4.33474 (Simulation time: 0 hr 9 min 11 sec) 

Warmup complete CPU 0 instructions: 200000005 cycles: 46138821 (Simulation time: 0 hr 9 min 11 sec) 

Heartbeat CPU 0 instructions: 210000001 cycles: 58521929 heartbeat IPC: 0.807551 cumulative IPC: 0.807551 (Simulation time: 0 hr 9 min 47 sec) 
*** Reached end of trace for Core: 0 Repeating trace: /home1/sweta/traces/qualcomm_traces/server_021.champsimtrace.xz
Heartbeat CPU 0 instructions: 220000000 cycles: 71042624 heartbeat IPC: 0.798678 cumulative IPC: 0.80309 (Simulation time: 0 hr 10 min 24 sec) 
Heartbeat CPU 0 instructions: 230000006 cycles: 83288805 heartbeat IPC: 0.816582 cumulative IPC: 0.807537 (Simulation time: 0 hr 11 min 0 sec) 
Heartbeat CPU 0 instructions: 240000001 cycles: 95651607 heartbeat IPC: 0.808878 cumulative IPC: 0.807872 (Simulation time: 0 hr 11 min 35 sec) 
Heartbeat CPU 0 instructions: 250000000 cycles: 107958394 heartbeat IPC: 0.81256 cumulative IPC: 0.808805 (Simulation time: 0 hr 12 min 11 sec) 
Heartbeat CPU 0 instructions: 260000000 cycles: 120362552 heartbeat IPC: 0.806181 cumulative IPC: 0.808367 (Simulation time: 0 hr 12 min 48 sec) 
Heartbeat CPU 0 instructions: 270000000 cycles: 132907259 heartbeat IPC: 0.797149 cumulative IPC: 0.806745 (Simulation time: 0 hr 13 min 24 sec) 
Heartbeat CPU 0 instructions: 280000002 cycles: 145247635 heartbeat IPC: 0.810348 cumulative IPC: 0.807194 (Simulation time: 0 hr 13 min 59 sec) 
Heartbeat CPU 0 instructions: 290000005 cycles: 157539064 heartbeat IPC: 0.813575 cumulative IPC: 0.807898 (Simulation time: 0 hr 14 min 35 sec) 
Heartbeat CPU 0 instructions: 300000001 cycles: 169923717 heartbeat IPC: 0.807451 cumulative IPC: 0.807853 (Simulation time: 0 hr 15 min 11 sec) 
Heartbeat CPU 0 instructions: 310000001 cycles: 182258467 heartbeat IPC: 0.810718 cumulative IPC: 0.808113 (Simulation time: 0 hr 15 min 47 sec) 
Heartbeat CPU 0 instructions: 320000001 cycles: 194580834 heartbeat IPC: 0.811532 cumulative IPC: 0.808396 (Simulation time: 0 hr 16 min 23 sec) 
*** Reached end of trace for Core: 0 Repeating trace: /home1/sweta/traces/qualcomm_traces/server_021.champsimtrace.xz
Heartbeat CPU 0 instructions: 330000000 cycles: 207078566 heartbeat IPC: 0.800145 cumulative IPC: 0.807756 (Simulation time: 0 hr 17 min 0 sec) 
Heartbeat CPU 0 instructions: 340000000 cycles: 219337528 heartbeat IPC: 0.81573 cumulative IPC: 0.80832 (Simulation time: 0 hr 17 min 37 sec) 
Heartbeat CPU 0 instructions: 350000001 cycles: 231723458 heartbeat IPC: 0.807368 cumulative IPC: 0.808257 (Simulation time: 0 hr 18 min 13 sec) 
Heartbeat CPU 0 instructions: 360000000 cycles: 244059236 heartbeat IPC: 0.81065 cumulative IPC: 0.808406 (Simulation time: 0 hr 18 min 49 sec) 
Heartbeat CPU 0 instructions: 370000004 cycles: 256417945 heartbeat IPC: 0.809146 cumulative IPC: 0.808449 (Simulation time: 0 hr 19 min 26 sec) 
Heartbeat CPU 0 instructions: 380000004 cycles: 268982944 heartbeat IPC: 0.795862 cumulative IPC: 0.807739 (Simulation time: 0 hr 20 min 2 sec) 
Heartbeat CPU 0 instructions: 390000003 cycles: 281284898 heartbeat IPC: 0.812879 cumulative IPC: 0.808008 (Simulation time: 0 hr 20 min 38 sec) 
Heartbeat CPU 0 instructions: 400000002 cycles: 293603890 heartbeat IPC: 0.811755 cumulative IPC: 0.808195 (Simulation time: 0 hr 21 min 13 sec) 
Finished CPU 0 instructions: 200000000 cycles: 247465081 cumulative IPC: 0.808195 (Simulation time: 0 hr 21 min 13 sec) 

ChampSim completed all CPUs

Region of Interest Statistics

CPU 0 cumulative IPC: 0.808195 instructions: 200000000 cycles: 247465081
ITLB TOTAL     ACCESS:   20655971  HIT:   19123147  MISS:    1532824  HIT %:    92.5793  MISS %:    7.42073   MPKI: 7.66412
ITLB LOAD TRANSLATION ACCESS:   20655971  HIT:   19123147  MISS:    1532824  HIT %:    92.5793  MISS %:    7.42073   MPKI: 7.66412
ITLB PREFETCH  REQUESTED:          0  ISSUED:          0  USEFUL:          0  USELESS:          0
ITLB USEFUL LOAD PREFETCHES:          0 PREFETCH ISSUED TO LOWER LEVEL:          0  ACCURACY: -nan
ITLB TIMELY PREFETCHES:          0 LATE PREFETCHES: 0 DROPPED PREFETCHES: 0
ITLB PREFETCHES SAME FILL-ORIGIN LEVEL: 0 DIFFERENT FILL-ORIGIN LEVEL: 0
ITLB AVERAGE MISS LATENCY:    9.10648 cycles AVERAGE LOAD MISS LATENCY:       -nan cycles Load Miss          0
ITLB Average MSHR Occupancy:   0.050322
ITLB RQ	ACCESS:   27378929	FORWARD:          0	MERGED:    5006449	TO_CACHE:   22372480

DTLB TOTAL     ACCESS:   33287340  HIT:   31797693  MISS:    1489647  HIT %:    95.5249  MISS %:    4.47512   MPKI: 7.44824
DTLB LOAD TRANSLATION ACCESS:   33287340  HIT:   31797693  MISS:    1489647  HIT %:    95.5249  MISS %:    4.47512   MPKI: 7.44824
DTLB PREFETCH  REQUESTED:          0  ISSUED:          0  USEFUL:          0  USELESS:          0
DTLB USEFUL LOAD PREFETCHES:          0 PREFETCH ISSUED TO LOWER LEVEL:          0  ACCURACY: -nan
DTLB TIMELY PREFETCHES:          0 LATE PREFETCHES: 0 DROPPED PREFETCHES: 0
DTLB PREFETCHES SAME FILL-ORIGIN LEVEL: 0 DIFFERENT FILL-ORIGIN LEVEL: 0
DTLB AVERAGE MISS LATENCY:    12.1606 cycles AVERAGE LOAD MISS LATENCY:       -nan cycles Load Miss          0
DTLB Average MSHR Occupancy:  0.0687895
DTLB RQ	ACCESS:   56753640	FORWARD:          0	MERGED:   23078155	TO_CACHE:   33675485

STLB TOTAL     ACCESS:    4323236  HIT:    4246940  MISS:      76296  HIT %:    98.2352  MISS %:    1.76479   MPKI: 0.38148
STLB LOAD TRANSLATION ACCESS:    3022471  HIT:    2954645  MISS:      67826  HIT %:    97.7559  MISS %:    2.24406   MPKI: 0.33913
STLB TRANSLATION FROM L1D PREFETCHER ACCESS:    1300765  HIT:    1292295  MISS:       8470  HIT %:    99.3488  MISS %:   0.651155   MPKI: 0.04235
STLB PREFETCH  REQUESTED:          0  ISSUED:          0  USEFUL:       8199  USELESS:        273
STLB USEFUL LOAD PREFETCHES:       8199 PREFETCH ISSUED TO LOWER LEVEL:          0  ACCURACY: inf
STLB TIMELY PREFETCHES:       8199 LATE PREFETCHES: 78 DROPPED PREFETCHES: 7720
STLB PREFETCHES SAME FILL-ORIGIN LEVEL: 0 DIFFERENT FILL-ORIGIN LEVEL: 0
STLB AVERAGE MISS LATENCY:    66.7364 cycles AVERAGE LOAD MISS LATENCY:       -nan cycles Load Miss          0
STLB Average MSHR Occupancy:  0.0232204
STLB RQ	ACCESS:   10892672	FORWARD:          0	MERGED:    6558851	TO_CACHE:    4333821

STLB Hit, L1D data hit: 0
STLB Hit, L2C data hit: 0
STLB Hit, LLC data hit: 0
STLB Hit, LLC data miss: 0
STLB STLB hints to L2: 0
L1D TOTAL     ACCESS:   50778191  HIT:   43911889  MISS:    6866302  HIT %:    86.4779  MISS %:    13.5221   MPKI: 34.3315
L1D LOAD      ACCESS:   22736701  HIT:   20443763  MISS:    2292938  HIT %:    89.9153  MISS %:    10.0847   MPKI: 11.4647
L1D RFO       ACCESS:   22822398  HIT:   19138476  MISS:    3683922  HIT %:    83.8583  MISS %:    16.1417   MPKI: 18.4196
L1D PREFETCH  ACCESS:    5219092  HIT:    4329650  MISS:     889442  HIT %:    82.9579  MISS %:    17.0421   MPKI: 4.44721
AGUS PREFETCH L1 MISS: 0
L1D PREFETCH  REQUESTED:   22702866  ISSUED:   17128734  USEFUL:     801227  USELESS:      88215
L1D USEFUL LOAD PREFETCHES:     801227 PREFETCH ISSUED TO LOWER LEVEL:    2431670  ACCURACY: 32.9497
L1D TIMELY PREFETCHES:     801227 LATE PREFETCHES: 58578 DROPPED PREFETCHES: 16265
L1D PREFETCHES SAME FILL-ORIGIN LEVEL: 948020 DIFFERENT FILL-ORIGIN LEVEL: 1483650
L1D AVERAGE MISS LATENCY:    120.896 cycles AVERAGE LOAD MISS LATENCY:    31.4458 cycles Load Miss    2292938
L1D Average MSHR Occupancy:    3.49643
L1D RQ	ACCESS:   42026142	FORWARD:          0	MERGED:   18693049	TO_CACHE:   23045621
L1D WQ	ACCESS:   34126003	FORWARD:     287472	MERGED:     417984	TO_CACHE:   33708019
L1D PQ	ACCESS:    9258533	FORWARD:          0	MERGED:    1388332	TO_CACHE:    7870201

L1D UNIQUE REGIONS ACCESSED: 0
L1D REGIONS CONFLICTS: 0
L1D Cross Page Prefetch Requests: 1589087
L1D Same Page Prefetch Requests: 17208252
L1D ROI Sum of L1D PQ occupancy: 122148054
L1D PREFETCHES PUSHED FROM L2C: 0
L1I TOTAL     ACCESS:   26399134  HIT:   10513189  MISS:   15885945  HIT %:     39.824  MISS %:     60.176   MPKI: 79.4297
L1I LOAD      ACCESS:   26399134  HIT:   10513189  MISS:   15885945  HIT %:     39.824  MISS %:     60.176   MPKI: 79.4297
L1I PREFETCH  REQUESTED:          0  ISSUED:          0  USEFUL:          0  USELESS:          0
L1I USEFUL LOAD PREFETCHES:          0 PREFETCH ISSUED TO LOWER LEVEL:          0  ACCURACY: -nan
L1I TIMELY PREFETCHES:          0 LATE PREFETCHES: 0 DROPPED PREFETCHES: 0
L1I PREFETCHES SAME FILL-ORIGIN LEVEL: 0 DIFFERENT FILL-ORIGIN LEVEL: 0
L1I AVERAGE MISS LATENCY:    14.3614 cycles AVERAGE LOAD MISS LATENCY:    14.3614 cycles Load Miss   15885945
L1I Average MSHR Occupancy:   0.903505
L1I RQ	ACCESS:   50637903	FORWARD:          0	MERGED:   23258974	TO_CACHE:   27378929

BTB TOTAL     ACCESS:   25729816  HIT:   24173250  MISS:    1556566  HIT %:    93.9503  MISS %:    6.04966   MPKI: 7.78283
BTB BRANCH_DIRECT_JUMP	ACCESS:    1655851  HIT:    1645760  MISS:      10091
BTB BRANCH_INDIRECT	ACCESS:    9982408  HIT:    9458546  MISS:     523862
BTB BRANCH_CONDITIONAL	ACCESS:    7259671  HIT:    7245574  MISS:      14097
BTB BRANCH_DIRECT_CALL	ACCESS:    2819441  HIT:    2785208  MISS:      34233
BTB BRANCH_INDIRECT_CALL	ACCESS:     596507  HIT:     485298  MISS:     111209
BTB BRANCH_RETURN	ACCESS:    3415938  HIT:    2552864  MISS:     863074
BTB BRANCH_OTHER ACCESS:          0  HIT:          0  MISS:          0

L2C TOTAL     ACCESS:   28125869  HIT:   23596247  MISS:    4529622  HIT %:    83.8952  MISS %:    16.1048   MPKI: 22.6481
L2C LOAD      ACCESS:   18119943  HIT:   17501815  MISS:     618128  HIT %:    96.5887  MISS %:    3.41131   MPKI: 3.09064
L2C DATA LOAD MPKI: 2.94531
L2C INSTRUCTION LOAD MPKI: 0.145325
L2C RFO       ACCESS:    3683919  HIT:     813592  MISS:    2870327  HIT %:     22.085  MISS %:     77.915   MPKI: 14.3516
L2C PREFETCH  ACCESS:    1888400  HIT:     878496  MISS:    1009904  HIT %:    46.5207  MISS %:    53.4793   MPKI: 5.04952
AGUS PREFETCH L1 MISS: 0
L2C DATA PREFETCH MPKI: 5.04952
L2C INSTRUCTION PREFETCH MPKI: 0
L2C WRITEBACK ACCESS:    4342647  HIT:    4341096  MISS:       1551  HIT %:    99.9643  MISS %:  0.0357155   MPKI: 0.007755
L2C LOAD TRANSLATION ACCESS:      73567  HIT:      48393  MISS:      25174  HIT %:    65.7809  MISS %:    34.2191   MPKI: 0.12587
L2C TRANSLATION FROM L1D PREFETCHER ACCESS:      17393  HIT:      12855  MISS:       4538  HIT %:     73.909  MISS %:     26.091   MPKI: 0.02269
L2C PREFETCH  REQUESTED:          0  ISSUED:          0  USEFUL:     120513  USELESS:     893817
L2C USEFUL LOAD PREFETCHES:     120513 PREFETCH ISSUED TO LOWER LEVEL:    1030178  ACCURACY: 11.6983
L2C TIMELY PREFETCHES:     120513 LATE PREFETCHES: 20274 DROPPED PREFETCHES: 0
L2C PREFETCHES SAME FILL-ORIGIN LEVEL: 469711 DIFFERENT FILL-ORIGIN LEVEL: 0
L2C AVERAGE MISS LATENCY:    167.776 cycles AVERAGE LOAD MISS LATENCY:    65.8087 cycles Load Miss     618128
L2C Average MSHR Occupancy:    3.06574
L2C RQ	ACCESS:   21895187	FORWARD:          0	MERGED:          0	TO_CACHE:   21894822
L2C WQ	ACCESS:    4342647	FORWARD:        365	MERGED:          0	TO_CACHE:    4342647
L2C PQ	ACCESS:    2431377	FORWARD:          0	MERGED:       7490	TO_CACHE:    2423887

L2C Instructions Evicting Data 28596
L2C Translations Evicting Data 29296
L2C Data Evicting Data 4411546
L2C Instructions Evicting Instructions 238
L2C Translations Evicting Instructions 195
L2C Data Evicting Instructions 28584
L2C Instructions Evicting Translations 231
L2C Translations Evicting Translations 221
L2C Data Evicting Translations 29221
L2C Dense regions hint from L2: 0
PSCL5 TOTAL     ACCESS:      84008  HIT:      84008  MISS:          0  HIT %:        100  MISS %:          0   MPKI: 0
PSCL5 LOAD TRANSLATION ACCESS:      67748  HIT:      67748  MISS:          0  HIT %:        100  MISS %:          0   MPKI: 0
PSCL5 TRANSLATION FROM L1D PREFETCHER ACCESS:      16260  HIT:      16260  MISS:          0  HIT %:        100  MISS %:          0   MPKI: 0
PSCL5 PREFETCH  REQUESTED:          0  ISSUED:          0  USEFUL:          0  USELESS:          0
PSCL5 USEFUL LOAD PREFETCHES:          0 PREFETCH ISSUED TO LOWER LEVEL:          0  ACCURACY: -nan
PSCL5 TIMELY PREFETCHES:          0 LATE PREFETCHES: 0 DROPPED PREFETCHES: 0
PSCL5 PREFETCHES SAME FILL-ORIGIN LEVEL: 0 DIFFERENT FILL-ORIGIN LEVEL: 0

PSCL4 TOTAL     ACCESS:      81877  HIT:      81690  MISS:        187  HIT %:    99.7716  MISS %:   0.228391   MPKI: 0.000935
PSCL4 LOAD TRANSLATION ACCESS:      66209  HIT:      66022  MISS:        187  HIT %:    99.7176  MISS %:   0.282439   MPKI: 0.000935
PSCL4 TRANSLATION FROM L1D PREFETCHER ACCESS:      15668  HIT:      15668  MISS:          0  HIT %:        100  MISS %:          0   MPKI: 0
PSCL4 PREFETCH  REQUESTED:          0  ISSUED:          0  USEFUL:          0  USELESS:          0
PSCL4 USEFUL LOAD PREFETCHES:          0 PREFETCH ISSUED TO LOWER LEVEL:          0  ACCURACY: -nan
PSCL4 TIMELY PREFETCHES:          0 LATE PREFETCHES: 0 DROPPED PREFETCHES: 0
PSCL4 PREFETCHES SAME FILL-ORIGIN LEVEL: 0 DIFFERENT FILL-ORIGIN LEVEL: 0

PSCL3 TOTAL     ACCESS:      82843  HIT:      82656  MISS:        187  HIT %:    99.7743  MISS %:   0.225728   MPKI: 0.000935
PSCL3 LOAD TRANSLATION ACCESS:      66690  HIT:      66503  MISS:        187  HIT %:    99.7196  MISS %:   0.280402   MPKI: 0.000935
PSCL3 TRANSLATION FROM L1D PREFETCHER ACCESS:      16153  HIT:      16153  MISS:          0  HIT %:        100  MISS %:          0   MPKI: 0
PSCL3 PREFETCH  REQUESTED:          0  ISSUED:          0  USEFUL:          0  USELESS:          0
PSCL3 USEFUL LOAD PREFETCHES:          0 PREFETCH ISSUED TO LOWER LEVEL:          0  ACCURACY: -nan
PSCL3 TIMELY PREFETCHES:          0 LATE PREFETCHES: 0 DROPPED PREFETCHES: 0
PSCL3 PREFETCHES SAME FILL-ORIGIN LEVEL: 0 DIFFERENT FILL-ORIGIN LEVEL: 0

PSCL2 TOTAL     ACCESS:      83051  HIT:      77446  MISS:       5605  HIT %:    93.2511  MISS %:    6.74887   MPKI: 0.028025
PSCL2 LOAD TRANSLATION ACCESS:      67894  HIT:      62289  MISS:       5605  HIT %:    91.7445  MISS %:    8.25552   MPKI: 0.028025
PSCL2 TRANSLATION FROM L1D PREFETCHER ACCESS:      15157  HIT:      15157  MISS:          0  HIT %:        100  MISS %:          0   MPKI: 0
PSCL2 PREFETCH  REQUESTED:          0  ISSUED:          0  USEFUL:          0  USELESS:          0
PSCL2 USEFUL LOAD PREFETCHES:          0 PREFETCH ISSUED TO LOWER LEVEL:          0  ACCURACY: -nan
PSCL2 TIMELY PREFETCHES:          0 LATE PREFETCHES: 0 DROPPED PREFETCHES: 0
PSCL2 PREFETCHES SAME FILL-ORIGIN LEVEL: 0 DIFFERENT FILL-ORIGIN LEVEL: 0

LLC TOTAL     ACCESS:    7564112  HIT:    2754010  MISS:    4810102  HIT %:    36.4089  MISS %:    63.5911   MPKI: 24.0505
LLC LOAD      ACCESS:     597852  HIT:     530013  MISS:      67839  HIT %:    88.6529  MISS %:    11.3471   MPKI: 0.339195
LLC RFO       ACCESS:    2870299  HIT:     536845  MISS:    2333454  HIT %:    18.7035  MISS %:    81.2965   MPKI: 11.6673
LLC PREFETCH  ACCESS:    1030178  HIT:     965274  MISS:      64904  HIT %:    93.6997  MISS %:    6.30027   MPKI: 0.32452
AGUS PREFETCH L1 MISS: 0
LLC WRITEBACK ACCESS:    3036071  HIT:     700686  MISS:    2335385  HIT %:    23.0787  MISS %:    76.9213   MPKI: 11.6769
LLC LOAD TRANSLATION ACCESS:      25174  HIT:      17361  MISS:       7813  HIT %:     68.964  MISS %:     31.036   MPKI: 0.039065
LLC TRANSLATION FROM L1D PREFETCHER ACCESS:       4538  HIT:       3831  MISS:        707  HIT %:    84.4204  MISS %:    15.5796   MPKI: 0.003535
LLC PREFETCH  REQUESTED:          0  ISSUED:          0  USEFUL:      11118  USELESS:      50500
LLC USEFUL LOAD PREFETCHES:      11118 PREFETCH ISSUED TO LOWER LEVEL:      64904  ACCURACY: 17.1299
LLC TIMELY PREFETCHES:      11118 LATE PREFETCHES: 0 DROPPED PREFETCHES: 0
LLC PREFETCHES SAME FILL-ORIGIN LEVEL: 0 DIFFERENT FILL-ORIGIN LEVEL: 0
LLC AVERAGE MISS LATENCY:    115.768 cycles AVERAGE LOAD MISS LATENCY:    184.571 cycles Load Miss      67839
LLC Average MSHR Occupancy:    2.24024
LLC RQ	ACCESS:    3497893	FORWARD:          0	MERGED:          0	TO_CACHE:    3497863
LLC WQ	ACCESS:    3036072	FORWARD:         30	MERGED:          0	TO_CACHE:    3036072
LLC PQ	ACCESS:    1030178	FORWARD:          0	MERGED:          0	TO_CACHE:    1030178

LLC Dense regions hint to LLC: 0

RAW hits: 5649968
Loads Generated: 47676113
Loads sent to L1D: 42026142
Stores Generated: 34125984
Stores sent to L1D: 34126003
Major fault: 0 Minor fault: 22424
Allocated PAGES: 22424
================ Mockingjay (LLC) Pollution Stats ================
Total pollution count in LLC: 3120
==================================================================

DRAM Statistics
 CHANNEL 0
 RQ ROW_BUFFER_HIT:    1646330  ROW_BUFFER_MISS:     828384
 DBUS_CONGESTED:       1010
 WQ ROW_BUFFER_HIT:     635605  ROW_BUFFER_MISS:    1729748  FULL:      94033

 AVG_CONGESTED_CYCLE: 4
 All warmup complete: 2
Channel 0 Bank busy for read cycles: 0
Channel 0 Bank busy for write cycles: 0
Channel 0
Rank 0
0banks busy for read cycles: 123961382
0banks busy for write cycles: 178350
1banks busy for read cycles: 13861177
1banks busy for write cycles: 23982080
2banks busy for read cycles: 3452775
2banks busy for write cycles: 8181393
3banks busy for read cycles: 3250229
3banks busy for write cycles: 4127458
4banks busy for read cycles: 5695282
4banks busy for write cycles: 3536714
5banks busy for read cycles: 1650636
5banks busy for write cycles: 3683362
6banks busy for read cycles: 1945309
6banks busy for write cycles: 4126583
7banks busy for read cycles: 2637917
7banks busy for write cycles: 6024734
8banks busy for read cycles: 14848791
8banks busy for write cycles: 22320910

CPU 0 Branch Prediction Accuracy: 99.9504% MPKI: 0.075835 Average ROB Occupancy at Mispredict: 132.97
Branch types
NOT_BRANCH: 169401146 84.7006%
BRANCH_DIRECT_JUMP: 1655851 0.827925%
BRANCH_INDIRECT: 9982408 4.9912%
BRANCH_CONDITIONAL: 12128378 6.06419%
BRANCH_DIRECT_CALL: 2819441 1.40972%
BRANCH_INDIRECT_CALL: 596507 0.298254%
BRANCH_RETURN: 3415938 1.70797%
BRANCH_OTHER: 0 0%

===================== LRU L1D STATS =====================
Total pollution count in L1D: 614399
=========================================================
================ SRRIP (L2C) Pollution Stats ================
Total pollution count in L2c: 1157302
==================================================================
DRAM PAGES: 1048576
Allocated PAGES: 22424
