
*** ChampSim Multicore Out-of-Order Simulator ***

Warmup Instructions: 200000000
Simulation Instructions: 200000000
Number of CPUs: 1
LLC sets: 4096
LLC ways: 12
Off-chip DRAM Size: 4096 MB Channels: 1 Width: 64-bit Data Rate: 6400 MT/s
CPU 0 runs /home1/sweta/traces/qualcomm_traces/server_019.champsimtrace.xz
.xz
BTB has LRU replacement policy
ITLB has LRU replacement policy
DTLB has LRU replacement policy
STLB has LRU replacement policy
L1I has LRU replacement policy
History Sets: 8
History Ways: 16
BERTI Size: 16
BERTI Stride Size: 16
L1D has LRU replacement policy
Initialize SRRIP state for L2C
Initialize Mockingjay state for LLC
Heartbeat CPU 0 instructions: 10000007 cycles: 2307524 heartbeat IPC: 4.33365 cumulative IPC: 4.33365 (Simulation time: 0 hr 0 min 28 sec) 
Heartbeat CPU 0 instructions: 20000001 cycles: 4615265 heartbeat IPC: 4.33324 cumulative IPC: 4.33345 (Simulation time: 0 hr 0 min 56 sec) 
Heartbeat CPU 0 instructions: 30000002 cycles: 6916317 heartbeat IPC: 4.34584 cumulative IPC: 4.33757 (Simulation time: 0 hr 1 min 24 sec) 
Heartbeat CPU 0 instructions: 40000003 cycles: 9232032 heartbeat IPC: 4.31832 cumulative IPC: 4.33274 (Simulation time: 0 hr 1 min 52 sec) 
Heartbeat CPU 0 instructions: 50000001 cycles: 11527188 heartbeat IPC: 4.357 cumulative IPC: 4.33757 (Simulation time: 0 hr 2 min 20 sec) 
Heartbeat CPU 0 instructions: 60000000 cycles: 13871761 heartbeat IPC: 4.26517 cumulative IPC: 4.32533 (Simulation time: 0 hr 2 min 47 sec) 
Heartbeat CPU 0 instructions: 70000002 cycles: 16174407 heartbeat IPC: 4.34283 cumulative IPC: 4.32783 (Simulation time: 0 hr 3 min 15 sec) 
Heartbeat CPU 0 instructions: 80000005 cycles: 18352014 heartbeat IPC: 4.5922 cumulative IPC: 4.35919 (Simulation time: 0 hr 3 min 45 sec) 
Heartbeat CPU 0 instructions: 90000000 cycles: 20654219 heartbeat IPC: 4.34366 cumulative IPC: 4.35746 (Simulation time: 0 hr 4 min 16 sec) 
Heartbeat CPU 0 instructions: 100000000 cycles: 22957403 heartbeat IPC: 4.34182 cumulative IPC: 4.35589 (Simulation time: 0 hr 4 min 44 sec) 
*** Reached end of trace for Core: 0 Repeating trace: /home1/sweta/traces/qualcomm_traces/server_019.champsimtrace.xz
Heartbeat CPU 0 instructions: 110000007 cycles: 25258721 heartbeat IPC: 4.34534 cumulative IPC: 4.35493 (Simulation time: 0 hr 5 min 14 sec) 
Heartbeat CPU 0 instructions: 120000005 cycles: 27562506 heartbeat IPC: 4.34068 cumulative IPC: 4.35374 (Simulation time: 0 hr 5 min 41 sec) 
Heartbeat CPU 0 instructions: 130000002 cycles: 29869979 heartbeat IPC: 4.33374 cumulative IPC: 4.3522 (Simulation time: 0 hr 6 min 10 sec) 
Heartbeat CPU 0 instructions: 140000002 cycles: 32176706 heartbeat IPC: 4.33515 cumulative IPC: 4.35097 (Simulation time: 0 hr 6 min 37 sec) 
Heartbeat CPU 0 instructions: 150000007 cycles: 34488240 heartbeat IPC: 4.32613 cumulative IPC: 4.34931 (Simulation time: 0 hr 7 min 5 sec) 
Heartbeat CPU 0 instructions: 160000004 cycles: 36786663 heartbeat IPC: 4.35081 cumulative IPC: 4.3494 (Simulation time: 0 hr 7 min 32 sec) 
Heartbeat CPU 0 instructions: 170000005 cycles: 39129366 heartbeat IPC: 4.26857 cumulative IPC: 4.34456 (Simulation time: 0 hr 7 min 59 sec) 
Heartbeat CPU 0 instructions: 180000000 cycles: 41409052 heartbeat IPC: 4.38657 cumulative IPC: 4.34688 (Simulation time: 0 hr 8 min 26 sec) 
Heartbeat CPU 0 instructions: 190000005 cycles: 43608602 heartbeat IPC: 4.54639 cumulative IPC: 4.35694 (Simulation time: 0 hr 8 min 52 sec) 
Heartbeat CPU 0 instructions: 200000004 cycles: 45910533 heartbeat IPC: 4.34418 cumulative IPC: 4.3563 (Simulation time: 0 hr 9 min 19 sec) 

Warmup complete CPU 0 instructions: 200000004 cycles: 45910533 (Simulation time: 0 hr 9 min 19 sec) 

Heartbeat CPU 0 instructions: 210000001 cycles: 59416896 heartbeat IPC: 0.740392 cumulative IPC: 0.740392 (Simulation time: 0 hr 9 min 59 sec) 
*** Reached end of trace for Core: 0 Repeating trace: /home1/sweta/traces/qualcomm_traces/server_019.champsimtrace.xz
Heartbeat CPU 0 instructions: 220000003 cycles: 72214932 heartbeat IPC: 0.78137 cumulative IPC: 0.760329 (Simulation time: 0 hr 10 min 44 sec) 
Heartbeat CPU 0 instructions: 230000000 cycles: 84789464 heartbeat IPC: 0.795258 cumulative IPC: 0.771626 (Simulation time: 0 hr 11 min 20 sec) 
Heartbeat CPU 0 instructions: 240000001 cycles: 96965550 heartbeat IPC: 0.821282 cumulative IPC: 0.783468 (Simulation time: 0 hr 11 min 57 sec) 
Heartbeat CPU 0 instructions: 250000000 cycles: 109281483 heartbeat IPC: 0.811956 cumulative IPC: 0.789005 (Simulation time: 0 hr 12 min 33 sec) 
Heartbeat CPU 0 instructions: 260000000 cycles: 121464211 heartbeat IPC: 0.820834 cumulative IPC: 0.794137 (Simulation time: 0 hr 13 min 9 sec) 
Heartbeat CPU 0 instructions: 270000000 cycles: 134743778 heartbeat IPC: 0.753037 cumulative IPC: 0.787993 (Simulation time: 0 hr 13 min 48 sec) 
Heartbeat CPU 0 instructions: 280000002 cycles: 149387871 heartbeat IPC: 0.682869 cumulative IPC: 0.773116 (Simulation time: 0 hr 14 min 28 sec) 
Heartbeat CPU 0 instructions: 290000000 cycles: 172749363 heartbeat IPC: 0.428055 cumulative IPC: 0.709562 (Simulation time: 0 hr 15 min 8 sec) 
Heartbeat CPU 0 instructions: 300000005 cycles: 189648676 heartbeat IPC: 0.59174 cumulative IPC: 0.69571 (Simulation time: 0 hr 15 min 45 sec) 
Heartbeat CPU 0 instructions: 310000001 cycles: 203207248 heartbeat IPC: 0.73754 cumulative IPC: 0.699315 (Simulation time: 0 hr 16 min 23 sec) 
Heartbeat CPU 0 instructions: 320000004 cycles: 216636775 heartbeat IPC: 0.744628 cumulative IPC: 0.70288 (Simulation time: 0 hr 16 min 59 sec) 
*** Reached end of trace for Core: 0 Repeating trace: /home1/sweta/traces/qualcomm_traces/server_019.champsimtrace.xz
Heartbeat CPU 0 instructions: 330000003 cycles: 229137440 heartbeat IPC: 0.799957 cumulative IPC: 0.709503 (Simulation time: 0 hr 17 min 36 sec) 
Heartbeat CPU 0 instructions: 340000002 cycles: 241621767 heartbeat IPC: 0.801004 cumulative IPC: 0.71534 (Simulation time: 0 hr 18 min 13 sec) 
Heartbeat CPU 0 instructions: 350000003 cycles: 253834011 heartbeat IPC: 0.81885 cumulative IPC: 0.721419 (Simulation time: 0 hr 18 min 49 sec) 
Heartbeat CPU 0 instructions: 360000000 cycles: 266145297 heartbeat IPC: 0.812263 cumulative IPC: 0.726497 (Simulation time: 0 hr 19 min 25 sec) 
Heartbeat CPU 0 instructions: 370000007 cycles: 278359766 heartbeat IPC: 0.818702 cumulative IPC: 0.731342 (Simulation time: 0 hr 20 min 2 sec) 
Heartbeat CPU 0 instructions: 380000004 cycles: 292841322 heartbeat IPC: 0.690533 cumulative IPC: 0.728949 (Simulation time: 0 hr 20 min 43 sec) 
Heartbeat CPU 0 instructions: 390000002 cycles: 306656442 heartbeat IPC: 0.723844 cumulative IPC: 0.728679 (Simulation time: 0 hr 21 min 19 sec) 
Heartbeat CPU 0 instructions: 400000001 cycles: 333360623 heartbeat IPC: 0.374473 cumulative IPC: 0.695773 (Simulation time: 0 hr 21 min 57 sec) 
Finished CPU 0 instructions: 200000001 cycles: 287450146 cumulative IPC: 0.695773 (Simulation time: 0 hr 21 min 57 sec) 

ChampSim completed all CPUs

Region of Interest Statistics

CPU 0 cumulative IPC: 0.695773 instructions: 200000001 cycles: 287450146
ITLB TOTAL     ACCESS:   20282817  HIT:   18849632  MISS:    1433185  HIT %:     92.934  MISS %:    7.06601   MPKI: 7.16592
ITLB LOAD TRANSLATION ACCESS:   20282817  HIT:   18849632  MISS:    1433185  HIT %:     92.934  MISS %:    7.06601   MPKI: 7.16592
ITLB PREFETCH  REQUESTED:          0  ISSUED:          0  USEFUL:          0  USELESS:          0
ITLB USEFUL LOAD PREFETCHES:          0 PREFETCH ISSUED TO LOWER LEVEL:          0  ACCURACY: -nan
ITLB TIMELY PREFETCHES:          0 LATE PREFETCHES: 0 DROPPED PREFETCHES: 0
ITLB PREFETCHES SAME FILL-ORIGIN LEVEL: 0 DIFFERENT FILL-ORIGIN LEVEL: 0
ITLB AVERAGE MISS LATENCY:    9.20359 cycles AVERAGE LOAD MISS LATENCY:       -nan cycles Load Miss          0
ITLB Average MSHR Occupancy:  0.0410471
ITLB RQ	ACCESS:   26793447	FORWARD:          0	MERGED:    4864181	TO_CACHE:   21929266

DTLB TOTAL     ACCESS:   32782366  HIT:   31191174  MISS:    1591192  HIT %:    95.1462  MISS %:     4.8538   MPKI: 7.95596
DTLB LOAD TRANSLATION ACCESS:   32782366  HIT:   31191174  MISS:    1591192  HIT %:    95.1462  MISS %:     4.8538   MPKI: 7.95596
DTLB PREFETCH  REQUESTED:          0  ISSUED:          0  USEFUL:          0  USELESS:          0
DTLB USEFUL LOAD PREFETCHES:          0 PREFETCH ISSUED TO LOWER LEVEL:          0  ACCURACY: -nan
DTLB TIMELY PREFETCHES:          0 LATE PREFETCHES: 0 DROPPED PREFETCHES: 0
DTLB PREFETCHES SAME FILL-ORIGIN LEVEL: 0 DIFFERENT FILL-ORIGIN LEVEL: 0
DTLB AVERAGE MISS LATENCY:    15.0501 cycles AVERAGE LOAD MISS LATENCY:       -nan cycles Load Miss          0
DTLB Average MSHR Occupancy:  0.0804093
DTLB RQ	ACCESS:   54968417	FORWARD:          0	MERGED:   21794535	TO_CACHE:   33173882

STLB TOTAL     ACCESS:    4464651  HIT:    4299243  MISS:     165408  HIT %:    96.2952  MISS %:    3.70484   MPKI: 0.82704
STLB LOAD TRANSLATION ACCESS:    3024377  HIT:    2868335  MISS:     156042  HIT %:    94.8405  MISS %:    5.15948   MPKI: 0.78021
STLB TRANSLATION FROM L1D PREFETCHER ACCESS:    1440274  HIT:    1430908  MISS:       9366  HIT %:    99.3497  MISS %:   0.650293   MPKI: 0.04683
STLB PREFETCH  REQUESTED:          0  ISSUED:          0  USEFUL:       9151  USELESS:        213
STLB USEFUL LOAD PREFETCHES:       9151 PREFETCH ISSUED TO LOWER LEVEL:          0  ACCURACY: inf
STLB TIMELY PREFETCHES:       9151 LATE PREFETCHES: 68 DROPPED PREFETCHES: 10582
STLB PREFETCHES SAME FILL-ORIGIN LEVEL: 0 DIFFERENT FILL-ORIGIN LEVEL: 0
STLB AVERAGE MISS LATENCY:    61.4607 cycles AVERAGE LOAD MISS LATENCY:       -nan cycles Load Miss          0
STLB Average MSHR Occupancy:  0.0380604
STLB RQ	ACCESS:   11402372	FORWARD:          0	MERGED:    6924203	TO_CACHE:    4478169

STLB Hit, L1D data hit: 0
STLB Hit, L2C data hit: 0
STLB Hit, LLC data hit: 0
STLB Hit, LLC data miss: 0
STLB STLB hints to L2: 0
L1D TOTAL     ACCESS:   50301083  HIT:   43457098  MISS:    6843985  HIT %:     86.394  MISS %:     13.606   MPKI: 34.2199
L1D LOAD      ACCESS:   22432255  HIT:   20038052  MISS:    2394203  HIT %:     89.327  MISS %:     10.673   MPKI: 11.971
L1D RFO       ACCESS:   22103524  HIT:   18551059  MISS:    3552465  HIT %:    83.9281  MISS %:    16.0719   MPKI: 17.7623
L1D PREFETCH  ACCESS:    5765304  HIT:    4867987  MISS:     897317  HIT %:    84.4359  MISS %:    15.5641   MPKI: 4.48658
AGUS PREFETCH L1 MISS: 0
L1D PREFETCH  REQUESTED:   23600304  ISSUED:   18072506  USEFUL:     810089  USELESS:      87228
L1D USEFUL LOAD PREFETCHES:     810089 PREFETCH ISSUED TO LOWER LEVEL:    2447177  ACCURACY: 33.103
L1D TIMELY PREFETCHES:     810089 LATE PREFETCHES: 53203 DROPPED PREFETCHES: 32378
L1D PREFETCHES SAME FILL-ORIGIN LEVEL: 951053 DIFFERENT FILL-ORIGIN LEVEL: 1496124
L1D AVERAGE MISS LATENCY:    130.612 cycles AVERAGE LOAD MISS LATENCY:    51.8803 cycles Load Miss    2394203
L1D Average MSHR Occupancy:    3.22264
L1D RQ	ACCESS:   41290057	FORWARD:          0	MERGED:   18353023	TO_CACHE:   22712417
L1D WQ	ACCESS:   32667184	FORWARD:     224617	MERGED:     411184	TO_CACHE:   32256000
L1D PQ	ACCESS:    9694511	FORWARD:          0	MERGED:    1316516	TO_CACHE:    8377995

L1D UNIQUE REGIONS ACCESSED: 0
L1D REGIONS CONFLICTS: 0
L1D Cross Page Prefetch Requests: 1604869
L1D Same Page Prefetch Requests: 17851206
L1D ROI Sum of L1D PQ occupancy: 129168076
L1D PREFETCHES PUSHED FROM L2C: 0
L1I TOTAL     ACCESS:   25895029  HIT:   11714340  MISS:   14180689  HIT %:    45.2378  MISS %:    54.7622   MPKI: 70.9034
L1I LOAD      ACCESS:   25895029  HIT:   11714340  MISS:   14180689  HIT %:    45.2378  MISS %:    54.7622   MPKI: 70.9034
L1I PREFETCH  REQUESTED:          0  ISSUED:          0  USEFUL:          0  USELESS:          0
L1I USEFUL LOAD PREFETCHES:          0 PREFETCH ISSUED TO LOWER LEVEL:          0  ACCURACY: -nan
L1I TIMELY PREFETCHES:          0 LATE PREFETCHES: 0 DROPPED PREFETCHES: 0
L1I PREFETCHES SAME FILL-ORIGIN LEVEL: 0 DIFFERENT FILL-ORIGIN LEVEL: 0
L1I AVERAGE MISS LATENCY:    14.5219 cycles AVERAGE LOAD MISS LATENCY:    14.5219 cycles Load Miss   14180689
L1I Average MSHR Occupancy:   0.700174
L1I RQ	ACCESS:   50041245	FORWARD:          0	MERGED:   23247798	TO_CACHE:   26793447

BTB TOTAL     ACCESS:   25827671  HIT:   24204971  MISS:    1622700  HIT %:    93.7172  MISS %:     6.2828   MPKI: 8.1135
BTB BRANCH_DIRECT_JUMP	ACCESS:    1691066  HIT:    1680686  MISS:      10380
BTB BRANCH_INDIRECT	ACCESS:    9829948  HIT:    9197692  MISS:     632256
BTB BRANCH_CONDITIONAL	ACCESS:    7643159  HIT:    7628665  MISS:      14494
BTB BRANCH_DIRECT_CALL	ACCESS:    2646412  HIT:    2612394  MISS:      34018
BTB BRANCH_INDIRECT_CALL	ACCESS:     685333  HIT:     581809  MISS:     103524
BTB BRANCH_RETURN	ACCESS:    3331753  HIT:    2503725  MISS:     828028
BTB BRANCH_OTHER ACCESS:          0  HIT:          0  MISS:          0

L2C TOTAL     ACCESS:   26605596  HIT:   21911622  MISS:    4693974  HIT %:    82.3572  MISS %:    17.6428   MPKI: 23.4699
L2C LOAD      ACCESS:   16521644  HIT:   15703874  MISS:     817770  HIT %:    95.0503  MISS %:    4.94969   MPKI: 4.08885
L2C DATA LOAD MPKI: 3.85771
L2C INSTRUCTION LOAD MPKI: 0.231135
L2C RFO       ACCESS:    3552454  HIT:     725703  MISS:    2826751  HIT %:    20.4282  MISS %:    79.5718   MPKI: 14.1338
L2C PREFETCH  ACCESS:    1939402  HIT:     944109  MISS:     995293  HIT %:    48.6804  MISS %:    51.3196   MPKI: 4.97646
AGUS PREFETCH L1 MISS: 0
L2C DATA PREFETCH MPKI: 4.97646
L2C INSTRUCTION PREFETCH MPKI: 0
L2C WRITEBACK ACCESS:    4356010  HIT:    4354203  MISS:       1807  HIT %:    99.9585  MISS %:  0.0414829   MPKI: 0.009035
L2C LOAD TRANSLATION ACCESS:     212305  HIT:     163887  MISS:      48418  HIT %:    77.1941  MISS %:    22.8059   MPKI: 0.24209
L2C TRANSLATION FROM L1D PREFETCHER ACCESS:      23781  HIT:      19846  MISS:       3935  HIT %:    83.4532  MISS %:    16.5468   MPKI: 0.019675
L2C PREFETCH  REQUESTED:          0  ISSUED:          0  USEFUL:     107777  USELESS:     891505
L2C USEFUL LOAD PREFETCHES:     107777 PREFETCH ISSUED TO LOWER LEVEL:    1010976  ACCURACY: 10.6607
L2C TIMELY PREFETCHES:     107777 LATE PREFETCHES: 15683 DROPPED PREFETCHES: 0
L2C PREFETCHES SAME FILL-ORIGIN LEVEL: 446483 DIFFERENT FILL-ORIGIN LEVEL: 0
L2C AVERAGE MISS LATENCY:    176.684 cycles AVERAGE LOAD MISS LATENCY:    113.836 cycles Load Miss     817770
L2C Average MSHR Occupancy:    2.88066
L2C RQ	ACCESS:   20310239	FORWARD:          0	MERGED:          0	TO_CACHE:   20310183
L2C WQ	ACCESS:    4356010	FORWARD:         56	MERGED:          0	TO_CACHE:    4356010
L2C PQ	ACCESS:    2445949	FORWARD:          0	MERGED:       5714	TO_CACHE:    2440235

L2C Instructions Evicting Data 44765
L2C Translations Evicting Data 51092
L2C Data Evicting Data 4498074
L2C Instructions Evicting Instructions 945
L2C Translations Evicting Instructions 502
L2C Data Evicting Instructions 44898
L2C Instructions Evicting Translations 517
L2C Translations Evicting Translations 759
L2C Data Evicting Translations 50932
L2C Dense regions hint from L2: 0
PSCL5 TOTAL     ACCESS:     175970  HIT:     175970  MISS:          0  HIT %:        100  MISS %:          0   MPKI: 0
PSCL5 LOAD TRANSLATION ACCESS:     155974  HIT:     155974  MISS:          0  HIT %:        100  MISS %:          0   MPKI: 0
PSCL5 TRANSLATION FROM L1D PREFETCHER ACCESS:      19996  HIT:      19996  MISS:          0  HIT %:        100  MISS %:          0   MPKI: 0
PSCL5 PREFETCH  REQUESTED:          0  ISSUED:          0  USEFUL:          0  USELESS:          0
PSCL5 USEFUL LOAD PREFETCHES:          0 PREFETCH ISSUED TO LOWER LEVEL:          0  ACCURACY: -nan
PSCL5 TIMELY PREFETCHES:          0 LATE PREFETCHES: 0 DROPPED PREFETCHES: 0
PSCL5 PREFETCHES SAME FILL-ORIGIN LEVEL: 0 DIFFERENT FILL-ORIGIN LEVEL: 0

PSCL4 TOTAL     ACCESS:     172412  HIT:     172088  MISS:        324  HIT %:    99.8121  MISS %:   0.187922   MPKI: 0.00162
PSCL4 LOAD TRANSLATION ACCESS:     152904  HIT:     152580  MISS:        324  HIT %:    99.7881  MISS %:   0.211898   MPKI: 0.00162
PSCL4 TRANSLATION FROM L1D PREFETCHER ACCESS:      19508  HIT:      19508  MISS:          0  HIT %:        100  MISS %:          0   MPKI: 0
PSCL4 PREFETCH  REQUESTED:          0  ISSUED:          0  USEFUL:          0  USELESS:          0
PSCL4 USEFUL LOAD PREFETCHES:          0 PREFETCH ISSUED TO LOWER LEVEL:          0  ACCURACY: -nan
PSCL4 TIMELY PREFETCHES:          0 LATE PREFETCHES: 0 DROPPED PREFETCHES: 0
PSCL4 PREFETCHES SAME FILL-ORIGIN LEVEL: 0 DIFFERENT FILL-ORIGIN LEVEL: 0

PSCL3 TOTAL     ACCESS:     171852  HIT:     170223  MISS:       1629  HIT %:    99.0521  MISS %:   0.947909   MPKI: 0.008145
PSCL3 LOAD TRANSLATION ACCESS:     152190  HIT:     150561  MISS:       1629  HIT %:    98.9296  MISS %:    1.07037   MPKI: 0.008145
PSCL3 TRANSLATION FROM L1D PREFETCHER ACCESS:      19662  HIT:      19662  MISS:          0  HIT %:        100  MISS %:          0   MPKI: 0
PSCL3 PREFETCH  REQUESTED:          0  ISSUED:          0  USEFUL:          0  USELESS:          0
PSCL3 USEFUL LOAD PREFETCHES:          0 PREFETCH ISSUED TO LOWER LEVEL:          0  ACCURACY: -nan
PSCL3 TIMELY PREFETCHES:          0 LATE PREFETCHES: 0 DROPPED PREFETCHES: 0
PSCL3 PREFETCHES SAME FILL-ORIGIN LEVEL: 0 DIFFERENT FILL-ORIGIN LEVEL: 0

PSCL2 TOTAL     ACCESS:     173496  HIT:     117937  MISS:      55559  HIT %:    67.9768  MISS %:    32.0232   MPKI: 0.277795
PSCL2 LOAD TRANSLATION ACCESS:     157134  HIT:     101575  MISS:      55559  HIT %:    64.6423  MISS %:    35.3577   MPKI: 0.277795
PSCL2 TRANSLATION FROM L1D PREFETCHER ACCESS:      16362  HIT:      16362  MISS:          0  HIT %:        100  MISS %:          0   MPKI: 0
PSCL2 PREFETCH  REQUESTED:          0  ISSUED:          0  USEFUL:          0  USELESS:          0
PSCL2 USEFUL LOAD PREFETCHES:          0 PREFETCH ISSUED TO LOWER LEVEL:          0  ACCURACY: -nan
PSCL2 TIMELY PREFETCHES:          0 LATE PREFETCHES: 0 DROPPED PREFETCHES: 0
PSCL2 PREFETCHES SAME FILL-ORIGIN LEVEL: 0 DIFFERENT FILL-ORIGIN LEVEL: 0

LLC TOTAL     ACCESS:    7841093  HIT:    2668151  MISS:    5172942  HIT %:    34.0278  MISS %:    65.9722   MPKI: 25.8647
LLC LOAD      ACCESS:     802084  HIT:     505542  MISS:     296542  HIT %:    63.0286  MISS %:    36.9714   MPKI: 1.48271
LLC RFO       ACCESS:    2826721  HIT:     521483  MISS:    2305238  HIT %:    18.4483  MISS %:    81.5517   MPKI: 11.5262
LLC PREFETCH  ACCESS:    1010976  HIT:     919829  MISS:      91147  HIT %:    90.9843  MISS %:    9.01574   MPKI: 0.455735
AGUS PREFETCH L1 MISS: 0
LLC WRITEBACK ACCESS:    3148959  HIT:     685669  MISS:    2463290  HIT %:    21.7745  MISS %:    78.2255   MPKI: 12.3164
LLC LOAD TRANSLATION ACCESS:      48418  HIT:      32179  MISS:      16239  HIT %:    66.4608  MISS %:    33.5392   MPKI: 0.081195
LLC TRANSLATION FROM L1D PREFETCHER ACCESS:       3935  HIT:       3449  MISS:        486  HIT %:    87.6493  MISS %:    12.3507   MPKI: 0.00243
LLC PREFETCH  REQUESTED:          0  ISSUED:          0  USEFUL:      11583  USELESS:      39166
LLC USEFUL LOAD PREFETCHES:      11583 PREFETCH ISSUED TO LOWER LEVEL:      91147  ACCURACY: 12.708
LLC TIMELY PREFETCHES:      11583 LATE PREFETCHES: 0 DROPPED PREFETCHES: 0
LLC PREFETCHES SAME FILL-ORIGIN LEVEL: 0 DIFFERENT FILL-ORIGIN LEVEL: 0
LLC AVERAGE MISS LATENCY:    119.605 cycles AVERAGE LOAD MISS LATENCY:     189.06 cycles Load Miss     296542
LLC Average MSHR Occupancy:    2.14298
LLC RQ	ACCESS:    3681191	FORWARD:          0	MERGED:          0	TO_CACHE:    3681158
LLC WQ	ACCESS:    3148961	FORWARD:         33	MERGED:          0	TO_CACHE:    3148961
LLC PQ	ACCESS:    1010976	FORWARD:          0	MERGED:          0	TO_CACHE:    1010976

LLC Dense regions hint to LLC: 0

RAW hits: 5510217
Loads Generated: 46800270
Loads sent to L1D: 41290057
Stores Generated: 32667185
Stores sent to L1D: 32667184
Major fault: 0 Minor fault: 25901
Allocated PAGES: 25901
================ Mockingjay (LLC) Pollution Stats ================
Total pollution count in LLC: 15003
==================================================================

DRAM Statistics
 CHANNEL 0
 RQ ROW_BUFFER_HIT:    1601243  ROW_BUFFER_MISS:    1108403
 DBUS_CONGESTED:       1840
 WQ ROW_BUFFER_HIT:     667108  ROW_BUFFER_MISS:    1832046  FULL:      94065

 AVG_CONGESTED_CYCLE: 5
 All warmup complete: 2
Channel 0 Bank busy for read cycles: 0
Channel 0 Bank busy for write cycles: 0
Channel 0
Rank 0
0banks busy for read cycles: 117614246
0banks busy for write cycles: 214842
1banks busy for read cycles: 32946628
1banks busy for write cycles: 31333776
2banks busy for read cycles: 11255648
2banks busy for write cycles: 13892256
3banks busy for read cycles: 4658312
3banks busy for write cycles: 7086634
4banks busy for read cycles: 5603647
4banks busy for write cycles: 4783191
5banks busy for read cycles: 1504145
5banks busy for write cycles: 4096687
6banks busy for read cycles: 1766741
6banks busy for write cycles: 4215164
7banks busy for read cycles: 2463822
7banks busy for write cycles: 5971934
8banks busy for read cycles: 15348225
8banks busy for write cycles: 22694249

CPU 0 Branch Prediction Accuracy: 99.9463% MPKI: 0.083665 Average ROB Occupancy at Mispredict: 125.714
Branch types
NOT_BRANCH: 168863071 84.4315%
BRANCH_DIRECT_JUMP: 1691066 0.845533%
BRANCH_INDIRECT: 9829948 4.91497%
BRANCH_CONDITIONAL: 12952259 6.47613%
BRANCH_DIRECT_CALL: 2646412 1.32321%
BRANCH_INDIRECT_CALL: 685333 0.342666%
BRANCH_RETURN: 3331753 1.66588%
BRANCH_OTHER: 0 0%

===================== LRU L1D STATS =====================
Total pollution count in L1D: 642719
=========================================================
================ SRRIP (L2C) Pollution Stats ================
Total pollution count in L2c: 1470849
==================================================================
DRAM PAGES: 1048576
Allocated PAGES: 25901
