
*** ChampSim Multicore Out-of-Order Simulator ***

Warmup Instructions: 200000000
Simulation Instructions: 200000000
Number of CPUs: 1
LLC sets: 4096
LLC ways: 12
Off-chip DRAM Size: 4096 MB Channels: 1 Width: 64-bit Data Rate: 6400 MT/s
CPU 0 runs /home1/sweta/traces/qualcomm_traces/srv_38.champsimtrace.xz
.xz
BTB has LRU replacement policy
ITLB has LRU replacement policy
DTLB has LRU replacement policy
STLB has LRU replacement policy
L1I has LRU replacement policy
History Sets: 8
History Ways: 16
BERTI Size: 16
BERTI Stride Size: 16
L1D has LRU replacement policy
Initialize SRRIP state for L2C
Initialize Mockingjay state for LLC
Heartbeat CPU 0 instructions: 10000002 cycles: 2313835 heartbeat IPC: 4.32183 cumulative IPC: 4.32183 (Simulation time: 0 hr 0 min 31 sec) 
Heartbeat CPU 0 instructions: 20000001 cycles: 4614015 heartbeat IPC: 4.34749 cumulative IPC: 4.33462 (Simulation time: 0 hr 0 min 57 sec) 
Heartbeat CPU 0 instructions: 30000000 cycles: 6930382 heartbeat IPC: 4.3171 cumulative IPC: 4.32877 (Simulation time: 0 hr 1 min 23 sec) 
*** Reached end of trace for Core: 0 Repeating trace: /home1/sweta/traces/qualcomm_traces/srv_38.champsimtrace.xz
Heartbeat CPU 0 instructions: 40000003 cycles: 9244205 heartbeat IPC: 4.32185 cumulative IPC: 4.32704 (Simulation time: 0 hr 1 min 48 sec) 
Heartbeat CPU 0 instructions: 50000000 cycles: 11541767 heartbeat IPC: 4.35244 cumulative IPC: 4.33209 (Simulation time: 0 hr 2 min 15 sec) 
Heartbeat CPU 0 instructions: 60000003 cycles: 13855248 heartbeat IPC: 4.32249 cumulative IPC: 4.33049 (Simulation time: 0 hr 2 min 40 sec) 
*** Reached end of trace for Core: 0 Repeating trace: /home1/sweta/traces/qualcomm_traces/srv_38.champsimtrace.xz
Heartbeat CPU 0 instructions: 70000000 cycles: 16169846 heartbeat IPC: 4.3204 cumulative IPC: 4.32905 (Simulation time: 0 hr 3 min 6 sec) 
Heartbeat CPU 0 instructions: 80000001 cycles: 18476985 heartbeat IPC: 4.33437 cumulative IPC: 4.32971 (Simulation time: 0 hr 3 min 32 sec) 
Heartbeat CPU 0 instructions: 90000000 cycles: 20781820 heartbeat IPC: 4.33871 cumulative IPC: 4.33071 (Simulation time: 0 hr 3 min 58 sec) 
*** Reached end of trace for Core: 0 Repeating trace: /home1/sweta/traces/qualcomm_traces/srv_38.champsimtrace.xz
Heartbeat CPU 0 instructions: 100000001 cycles: 23095235 heartbeat IPC: 4.32261 cumulative IPC: 4.3299 (Simulation time: 0 hr 4 min 25 sec) 
Heartbeat CPU 0 instructions: 110000003 cycles: 25410707 heartbeat IPC: 4.31877 cumulative IPC: 4.32888 (Simulation time: 0 hr 4 min 51 sec) 
Heartbeat CPU 0 instructions: 120000006 cycles: 27705866 heartbeat IPC: 4.357 cumulative IPC: 4.33121 (Simulation time: 0 hr 5 min 17 sec) 
*** Reached end of trace for Core: 0 Repeating trace: /home1/sweta/traces/qualcomm_traces/srv_38.champsimtrace.xz
Heartbeat CPU 0 instructions: 130000002 cycles: 30030437 heartbeat IPC: 4.30187 cumulative IPC: 4.32894 (Simulation time: 0 hr 5 min 42 sec) 
Heartbeat CPU 0 instructions: 140000000 cycles: 32336234 heartbeat IPC: 4.33689 cumulative IPC: 4.32951 (Simulation time: 0 hr 6 min 7 sec) 
Heartbeat CPU 0 instructions: 150000004 cycles: 34638329 heartbeat IPC: 4.34387 cumulative IPC: 4.33046 (Simulation time: 0 hr 6 min 32 sec) 
Heartbeat CPU 0 instructions: 160000007 cycles: 36946914 heartbeat IPC: 4.33166 cumulative IPC: 4.33054 (Simulation time: 0 hr 6 min 56 sec) 
*** Reached end of trace for Core: 0 Repeating trace: /home1/sweta/traces/qualcomm_traces/srv_38.champsimtrace.xz
Heartbeat CPU 0 instructions: 170000003 cycles: 39261177 heartbeat IPC: 4.32103 cumulative IPC: 4.32998 (Simulation time: 0 hr 7 min 19 sec) 
Heartbeat CPU 0 instructions: 180000000 cycles: 41574898 heartbeat IPC: 4.32204 cumulative IPC: 4.32954 (Simulation time: 0 hr 7 min 43 sec) 
Heartbeat CPU 0 instructions: 190000005 cycles: 43880736 heartbeat IPC: 4.33682 cumulative IPC: 4.32992 (Simulation time: 0 hr 8 min 6 sec) 
*** Reached end of trace for Core: 0 Repeating trace: /home1/sweta/traces/qualcomm_traces/srv_38.champsimtrace.xz
Heartbeat CPU 0 instructions: 200000005 cycles: 46192669 heartbeat IPC: 4.32539 cumulative IPC: 4.32969 (Simulation time: 0 hr 8 min 29 sec) 

Warmup complete CPU 0 instructions: 200000005 cycles: 46192669 (Simulation time: 0 hr 8 min 29 sec) 

Heartbeat CPU 0 instructions: 210000002 cycles: 57897465 heartbeat IPC: 0.85435 cumulative IPC: 0.85435 (Simulation time: 0 hr 9 min 2 sec) 
Heartbeat CPU 0 instructions: 220000000 cycles: 69914322 heartbeat IPC: 0.832164 cumulative IPC: 0.843111 (Simulation time: 0 hr 9 min 34 sec) 
*** Reached end of trace for Core: 0 Repeating trace: /home1/sweta/traces/qualcomm_traces/srv_38.champsimtrace.xz
Heartbeat CPU 0 instructions: 230000001 cycles: 81682055 heartbeat IPC: 0.849781 cumulative IPC: 0.845323 (Simulation time: 0 hr 10 min 7 sec) 
Heartbeat CPU 0 instructions: 240000005 cycles: 93336958 heartbeat IPC: 0.858008 cumulative IPC: 0.848459 (Simulation time: 0 hr 10 min 39 sec) 
Heartbeat CPU 0 instructions: 250000002 cycles: 105216978 heartbeat IPC: 0.841749 cumulative IPC: 0.847109 (Simulation time: 0 hr 11 min 11 sec) 
*** Reached end of trace for Core: 0 Repeating trace: /home1/sweta/traces/qualcomm_traces/srv_38.champsimtrace.xz
Heartbeat CPU 0 instructions: 260000003 cycles: 117063686 heartbeat IPC: 0.844116 cumulative IPC: 0.846608 (Simulation time: 0 hr 11 min 43 sec) 
Heartbeat CPU 0 instructions: 270000000 cycles: 128722665 heartbeat IPC: 0.857708 cumulative IPC: 0.848176 (Simulation time: 0 hr 12 min 14 sec) 
Heartbeat CPU 0 instructions: 280000001 cycles: 140359713 heartbeat IPC: 0.859325 cumulative IPC: 0.849554 (Simulation time: 0 hr 12 min 46 sec) 
*** Reached end of trace for Core: 0 Repeating trace: /home1/sweta/traces/qualcomm_traces/srv_38.champsimtrace.xz
Heartbeat CPU 0 instructions: 290000001 cycles: 152366213 heartbeat IPC: 0.832882 cumulative IPC: 0.847669 (Simulation time: 0 hr 13 min 18 sec) 
Heartbeat CPU 0 instructions: 300000001 cycles: 164125587 heartbeat IPC: 0.850385 cumulative IPC: 0.84794 (Simulation time: 0 hr 13 min 50 sec) 
Heartbeat CPU 0 instructions: 310000003 cycles: 175748039 heartbeat IPC: 0.860404 cumulative IPC: 0.849058 (Simulation time: 0 hr 14 min 22 sec) 
Heartbeat CPU 0 instructions: 320000003 cycles: 187740913 heartbeat IPC: 0.833829 cumulative IPC: 0.847767 (Simulation time: 0 hr 14 min 54 sec) 
*** Reached end of trace for Core: 0 Repeating trace: /home1/sweta/traces/qualcomm_traces/srv_38.champsimtrace.xz
Heartbeat CPU 0 instructions: 330000001 cycles: 199534280 heartbeat IPC: 0.847934 cumulative IPC: 0.84778 (Simulation time: 0 hr 15 min 26 sec) 
Heartbeat CPU 0 instructions: 340000001 cycles: 211123933 heartbeat IPC: 0.862839 cumulative IPC: 0.848838 (Simulation time: 0 hr 15 min 58 sec) 
Heartbeat CPU 0 instructions: 350000004 cycles: 223095563 heartbeat IPC: 0.835308 cumulative IPC: 0.847923 (Simulation time: 0 hr 16 min 29 sec) 
*** Reached end of trace for Core: 0 Repeating trace: /home1/sweta/traces/qualcomm_traces/srv_38.champsimtrace.xz
Heartbeat CPU 0 instructions: 360000000 cycles: 234861933 heartbeat IPC: 0.849879 cumulative IPC: 0.848045 (Simulation time: 0 hr 17 min 2 sec) 
Heartbeat CPU 0 instructions: 370000002 cycles: 246481392 heartbeat IPC: 0.860625 cumulative IPC: 0.848775 (Simulation time: 0 hr 17 min 33 sec) 
Heartbeat CPU 0 instructions: 380000000 cycles: 258434375 heartbeat IPC: 0.836611 cumulative IPC: 0.84809 (Simulation time: 0 hr 18 min 3 sec) 
*** Reached end of trace for Core: 0 Repeating trace: /home1/sweta/traces/qualcomm_traces/srv_38.champsimtrace.xz
Heartbeat CPU 0 instructions: 390000004 cycles: 270244179 heartbeat IPC: 0.846754 cumulative IPC: 0.848019 (Simulation time: 0 hr 18 min 34 sec) 
Heartbeat CPU 0 instructions: 400000007 cycles: 281919456 heartbeat IPC: 0.856511 cumulative IPC: 0.84844 (Simulation time: 0 hr 19 min 3 sec) 
Finished CPU 0 instructions: 200000002 cycles: 235726787 cumulative IPC: 0.84844 (Simulation time: 0 hr 19 min 3 sec) 

ChampSim completed all CPUs

Region of Interest Statistics

CPU 0 cumulative IPC: 0.84844 instructions: 200000002 cycles: 235726787
ITLB TOTAL     ACCESS:   21560706  HIT:   20035584  MISS:    1525122  HIT %:    92.9264  MISS %:    7.07362   MPKI: 7.62561
ITLB LOAD TRANSLATION ACCESS:   21560706  HIT:   20035584  MISS:    1525122  HIT %:    92.9264  MISS %:    7.07362   MPKI: 7.62561
ITLB PREFETCH  REQUESTED:          0  ISSUED:          0  USEFUL:          0  USELESS:          0
ITLB USEFUL LOAD PREFETCHES:          0 PREFETCH ISSUED TO LOWER LEVEL:          0  ACCURACY: -nan
ITLB TIMELY PREFETCHES:          0 LATE PREFETCHES: 0 DROPPED PREFETCHES: 0
ITLB PREFETCHES SAME FILL-ORIGIN LEVEL: 0 DIFFERENT FILL-ORIGIN LEVEL: 0
ITLB AVERAGE MISS LATENCY:    9.11729 cycles AVERAGE LOAD MISS LATENCY:       -nan cycles Load Miss          0
ITLB Average MSHR Occupancy:  0.0526303
ITLB RQ	ACCESS:   27312635	FORWARD:          0	MERGED:    3966109	TO_CACHE:   23346526

DTLB TOTAL     ACCESS:   32150972  HIT:   30659645  MISS:    1491327  HIT %:    95.3615  MISS %:    4.63851   MPKI: 7.45663
DTLB LOAD TRANSLATION ACCESS:   32150972  HIT:   30659645  MISS:    1491327  HIT %:    95.3615  MISS %:    4.63851   MPKI: 7.45663
DTLB PREFETCH  REQUESTED:          0  ISSUED:          0  USEFUL:          0  USELESS:          0
DTLB USEFUL LOAD PREFETCHES:          0 PREFETCH ISSUED TO LOWER LEVEL:          0  ACCURACY: -nan
DTLB TIMELY PREFETCHES:          0 LATE PREFETCHES: 0 DROPPED PREFETCHES: 0
DTLB PREFETCHES SAME FILL-ORIGIN LEVEL: 0 DIFFERENT FILL-ORIGIN LEVEL: 0
DTLB AVERAGE MISS LATENCY:    12.0256 cycles AVERAGE LOAD MISS LATENCY:       -nan cycles Load Miss          0
DTLB Average MSHR Occupancy:  0.0713841
DTLB RQ	ACCESS:   55939476	FORWARD:          0	MERGED:   23367356	TO_CACHE:   32572120

STLB TOTAL     ACCESS:    3804727  HIT:    3730274  MISS:      74453  HIT %:    98.0431  MISS %:    1.95686   MPKI: 0.372265
STLB LOAD TRANSLATION ACCESS:    3016449  HIT:    2949042  MISS:      67407  HIT %:    97.7654  MISS %:    2.23465   MPKI: 0.337035
STLB TRANSLATION FROM L1D PREFETCHER ACCESS:     788278  HIT:     781232  MISS:       7046  HIT %:    99.1062  MISS %:   0.893847   MPKI: 0.03523
STLB PREFETCH  REQUESTED:          0  ISSUED:          0  USEFUL:       6955  USELESS:         94
STLB USEFUL LOAD PREFETCHES:       6955 PREFETCH ISSUED TO LOWER LEVEL:          0  ACCURACY: inf
STLB TIMELY PREFETCHES:       6955 LATE PREFETCHES: 144 DROPPED PREFETCHES: 6957
STLB PREFETCHES SAME FILL-ORIGIN LEVEL: 0 DIFFERENT FILL-ORIGIN LEVEL: 0
STLB AVERAGE MISS LATENCY:    65.0498 cycles AVERAGE LOAD MISS LATENCY:       -nan cycles Load Miss          0
STLB Average MSHR Occupancy:  0.0230547
STLB RQ	ACCESS:    7266542	FORWARD:          0	MERGED:    3449704	TO_CACHE:    3816838

STLB Hit, L1D data hit: 0
STLB Hit, L2C data hit: 0
STLB Hit, LLC data hit: 0
STLB Hit, LLC data miss: 0
STLB STLB hints to L2: 0
L1D TOTAL     ACCESS:   45501303  HIT:   38641066  MISS:    6860237  HIT %:     84.923  MISS %:     15.077   MPKI: 34.3012
L1D LOAD      ACCESS:   22034670  HIT:   19447276  MISS:    2587394  HIT %:    88.2576  MISS %:    11.7424   MPKI: 12.937
L1D RFO       ACCESS:   21572946  HIT:   17873994  MISS:    3698952  HIT %:    82.8537  MISS %:    17.1463   MPKI: 18.4948
L1D PREFETCH  ACCESS:    1893687  HIT:    1319796  MISS:     573891  HIT %:    69.6945  MISS %:    30.3055   MPKI: 2.86945
AGUS PREFETCH L1 MISS: 0
L1D PREFETCH  REQUESTED:   16399634  ISSUED:   10085008  USEFUL:     506217  USELESS:      67673
L1D USEFUL LOAD PREFETCHES:     506217 PREFETCH ISSUED TO LOWER LEVEL:    2047783  ACCURACY: 24.7202
L1D TIMELY PREFETCHES:     506217 LATE PREFETCHES: 208736 DROPPED PREFETCHES: 17027
L1D PREFETCHES SAME FILL-ORIGIN LEVEL: 782627 DIFFERENT FILL-ORIGIN LEVEL: 1265156
L1D AVERAGE MISS LATENCY:    117.164 cycles AVERAGE LOAD MISS LATENCY:    28.9002 cycles Load Miss    2587394
L1D Average MSHR Occupancy:    3.54618
L1D RQ	ACCESS:   41827061	FORWARD:          0	MERGED:   19317855	TO_CACHE:   22260562
L1D WQ	ACCESS:   34130621	FORWARD:     248644	MERGED:     451707	TO_CACHE:   33678914
L1D PQ	ACCESS:    5834916	FORWARD:          0	MERGED:    1584824	TO_CACHE:    4250092

L1D UNIQUE REGIONS ACCESSED: 0
L1D REGIONS CONFLICTS: 0
L1D Cross Page Prefetch Requests: 1282467
L1D Same Page Prefetch Requests: 14357331
L1D ROI Sum of L1D PQ occupancy: 70165215
L1D PREFETCHES PUSHED FROM L2C: 0
L1I TOTAL     ACCESS:   26436364  HIT:   12905723  MISS:   13530641  HIT %:    48.8181  MISS %:    51.1819   MPKI: 67.6532
L1I LOAD      ACCESS:   26436364  HIT:   12905723  MISS:   13530641  HIT %:    48.8181  MISS %:    51.1819   MPKI: 67.6532
L1I PREFETCH  REQUESTED:          0  ISSUED:          0  USEFUL:          0  USELESS:          0
L1I USEFUL LOAD PREFETCHES:          0 PREFETCH ISSUED TO LOWER LEVEL:          0  ACCURACY: -nan
L1I TIMELY PREFETCHES:          0 LATE PREFETCHES: 0 DROPPED PREFETCHES: 0
L1I PREFETCHES SAME FILL-ORIGIN LEVEL: 0 DIFFERENT FILL-ORIGIN LEVEL: 0
L1I AVERAGE MISS LATENCY:    14.3918 cycles AVERAGE LOAD MISS LATENCY:    14.3918 cycles Load Miss   13530641
L1I Average MSHR Occupancy:   0.807503
L1I RQ	ACCESS:   49565635	FORWARD:          0	MERGED:   22253000	TO_CACHE:   27312635

BTB TOTAL     ACCESS:   25772234  HIT:   24225034  MISS:    1547200  HIT %:    93.9966  MISS %:    6.00336   MPKI: 7.736
BTB BRANCH_DIRECT_JUMP	ACCESS:    1653033  HIT:    1643395  MISS:       9638
BTB BRANCH_INDIRECT	ACCESS:    9955755  HIT:    9435030  MISS:     520725
BTB BRANCH_CONDITIONAL	ACCESS:    7355205  HIT:    7341655  MISS:      13550
BTB BRANCH_DIRECT_CALL	ACCESS:    2811007  HIT:    2777504  MISS:      33503
BTB BRANCH_INDIRECT_CALL	ACCESS:     593200  HIT:     482641  MISS:     110559
BTB BRANCH_RETURN	ACCESS:    3404034  HIT:    2544809  MISS:     859225
BTB BRANCH_OTHER ACCESS:          0  HIT:          0  MISS:          0

L2C TOTAL     ACCESS:   25576278  HIT:   21051317  MISS:    4524961  HIT %:     82.308  MISS %:     17.692   MPKI: 22.6248
L2C LOAD      ACCESS:   15909187  HIT:   15244748  MISS:     664439  HIT %:    95.8236  MISS %:    4.17645   MPKI: 3.32219
L2C DATA LOAD MPKI: 3.20901
L2C INSTRUCTION LOAD MPKI: 0.11318
L2C RFO       ACCESS:    3698949  HIT:     806318  MISS:    2892631  HIT %:    21.7986  MISS %:    78.2014   MPKI: 14.4632
L2C PREFETCH  ACCESS:    1524634  HIT:     586716  MISS:     937918  HIT %:    38.4824  MISS %:    61.5176   MPKI: 4.68959
AGUS PREFETCH L1 MISS: 0
L2C DATA PREFETCH MPKI: 4.68959
L2C INSTRUCTION PREFETCH MPKI: 0
L2C WRITEBACK ACCESS:    4355896  HIT:    4354349  MISS:       1547  HIT %:    99.9645  MISS %:  0.0355151   MPKI: 0.007735
L2C LOAD TRANSLATION ACCESS:      72277  HIT:      47901  MISS:      24376  HIT %:    66.2742  MISS %:    33.7258   MPKI: 0.12188
L2C TRANSLATION FROM L1D PREFETCHER ACCESS:      15335  HIT:      11285  MISS:       4050  HIT %:    73.5898  MISS %:    26.4102   MPKI: 0.02025
L2C PREFETCH  REQUESTED:          0  ISSUED:          0  USEFUL:     197621  USELESS:     745945
L2C USEFUL LOAD PREFETCHES:     197621 PREFETCH ISSUED TO LOWER LEVEL:     991120  ACCURACY: 19.9392
L2C TIMELY PREFETCHES:     197621 LATE PREFETCHES: 53202 DROPPED PREFETCHES: 0
L2C PREFETCHES SAME FILL-ORIGIN LEVEL: 545445 DIFFERENT FILL-ORIGIN LEVEL: 0
L2C AVERAGE MISS LATENCY:    163.934 cycles AVERAGE LOAD MISS LATENCY:    61.2728 cycles Load Miss     664439
L2C Average MSHR Occupancy:    3.14412
L2C RQ	ACCESS:   19695863	FORWARD:          0	MERGED:          0	TO_CACHE:   19695749
L2C WQ	ACCESS:    4355896	FORWARD:        114	MERGED:          0	TO_CACHE:    4355896
L2C PQ	ACCESS:    2047783	FORWARD:          0	MERGED:      19045	TO_CACHE:    2028738

L2C Instructions Evicting Data 22329
L2C Translations Evicting Data 28088
L2C Data Evicting Data 4422703
L2C Instructions Evicting Instructions 200
L2C Translations Evicting Instructions 103
L2C Data Evicting Instructions 22416
L2C Instructions Evicting Translations 107
L2C Translations Evicting Translations 235
L2C Data Evicting Translations 28079
L2C Dense regions hint from L2: 0
PSCL5 TOTAL     ACCESS:      81405  HIT:      81405  MISS:          0  HIT %:        100  MISS %:          0   MPKI: 0
PSCL5 LOAD TRANSLATION ACCESS:      67263  HIT:      67263  MISS:          0  HIT %:        100  MISS %:          0   MPKI: 0
PSCL5 TRANSLATION FROM L1D PREFETCHER ACCESS:      14142  HIT:      14142  MISS:          0  HIT %:        100  MISS %:          0   MPKI: 0
PSCL5 PREFETCH  REQUESTED:          0  ISSUED:          0  USEFUL:          0  USELESS:          0
PSCL5 USEFUL LOAD PREFETCHES:          0 PREFETCH ISSUED TO LOWER LEVEL:          0  ACCURACY: -nan
PSCL5 TIMELY PREFETCHES:          0 LATE PREFETCHES: 0 DROPPED PREFETCHES: 0
PSCL5 PREFETCHES SAME FILL-ORIGIN LEVEL: 0 DIFFERENT FILL-ORIGIN LEVEL: 0

PSCL4 TOTAL     ACCESS:      79980  HIT:      79827  MISS:        153  HIT %:    99.8087  MISS %:   0.191298   MPKI: 0.000765
PSCL4 LOAD TRANSLATION ACCESS:      66165  HIT:      66012  MISS:        153  HIT %:    99.7688  MISS %:    0.23124   MPKI: 0.000765
PSCL4 TRANSLATION FROM L1D PREFETCHER ACCESS:      13815  HIT:      13815  MISS:          0  HIT %:        100  MISS %:          0   MPKI: 0
PSCL4 PREFETCH  REQUESTED:          0  ISSUED:          0  USEFUL:          0  USELESS:          0
PSCL4 USEFUL LOAD PREFETCHES:          0 PREFETCH ISSUED TO LOWER LEVEL:          0  ACCURACY: -nan
PSCL4 TIMELY PREFETCHES:          0 LATE PREFETCHES: 0 DROPPED PREFETCHES: 0
PSCL4 PREFETCHES SAME FILL-ORIGIN LEVEL: 0 DIFFERENT FILL-ORIGIN LEVEL: 0

PSCL3 TOTAL     ACCESS:      80507  HIT:      80354  MISS:        153  HIT %:      99.81  MISS %:   0.190046   MPKI: 0.000765
PSCL3 LOAD TRANSLATION ACCESS:      66479  HIT:      66326  MISS:        153  HIT %:    99.7699  MISS %:   0.230148   MPKI: 0.000765
PSCL3 TRANSLATION FROM L1D PREFETCHER ACCESS:      14028  HIT:      14028  MISS:          0  HIT %:        100  MISS %:          0   MPKI: 0
PSCL3 PREFETCH  REQUESTED:          0  ISSUED:          0  USEFUL:          0  USELESS:          0
PSCL3 USEFUL LOAD PREFETCHES:          0 PREFETCH ISSUED TO LOWER LEVEL:          0  ACCURACY: -nan
PSCL3 TIMELY PREFETCHES:          0 LATE PREFETCHES: 0 DROPPED PREFETCHES: 0
PSCL3 PREFETCHES SAME FILL-ORIGIN LEVEL: 0 DIFFERENT FILL-ORIGIN LEVEL: 0

PSCL2 TOTAL     ACCESS:      80384  HIT:      75573  MISS:       4811  HIT %:     94.015  MISS %:    5.98502   MPKI: 0.024055
PSCL2 LOAD TRANSLATION ACCESS:      67342  HIT:      62531  MISS:       4811  HIT %:    92.8559  MISS %:    7.14413   MPKI: 0.024055
PSCL2 TRANSLATION FROM L1D PREFETCHER ACCESS:      13042  HIT:      13042  MISS:          0  HIT %:        100  MISS %:          0   MPKI: 0
PSCL2 PREFETCH  REQUESTED:          0  ISSUED:          0  USEFUL:          0  USELESS:          0
PSCL2 USEFUL LOAD PREFETCHES:          0 PREFETCH ISSUED TO LOWER LEVEL:          0  ACCURACY: -nan
PSCL2 TIMELY PREFETCHES:          0 LATE PREFETCHES: 0 DROPPED PREFETCHES: 0
PSCL2 PREFETCHES SAME FILL-ORIGIN LEVEL: 0 DIFFERENT FILL-ORIGIN LEVEL: 0

LLC TOTAL     ACCESS:    7563364  HIT:    2855298  MISS:    4708066  HIT %:    37.7517  MISS %:    62.2483   MPKI: 23.5403
LLC LOAD      ACCESS:     611237  HIT:     553926  MISS:      57311  HIT %:    90.6238  MISS %:    9.37623   MPKI: 0.286555
LLC RFO       ACCESS:    2892568  HIT:     595889  MISS:    2296679  HIT %:    20.6007  MISS %:    79.3993   MPKI: 11.4834
LLC PREFETCH  ACCESS:     991120  HIT:     939909  MISS:      51211  HIT %:     94.833  MISS %:    5.16698   MPKI: 0.256055
AGUS PREFETCH L1 MISS: 0
LLC WRITEBACK ACCESS:    3040013  HIT:     744979  MISS:    2295034  HIT %:    24.5058  MISS %:    75.4942   MPKI: 11.4752
LLC LOAD TRANSLATION ACCESS:      24376  HIT:      16898  MISS:       7478  HIT %:    69.3223  MISS %:    30.6777   MPKI: 0.03739
LLC TRANSLATION FROM L1D PREFETCHER ACCESS:       4050  HIT:       3697  MISS:        353  HIT %:     91.284  MISS %:    8.71605   MPKI: 0.001765
LLC PREFETCH  REQUESTED:          0  ISSUED:          0  USEFUL:      10480  USELESS:      42223
LLC USEFUL LOAD PREFETCHES:      10480 PREFETCH ISSUED TO LOWER LEVEL:      51211  ACCURACY: 20.4644
LLC TIMELY PREFETCHES:      10480 LATE PREFETCHES: 0 DROPPED PREFETCHES: 0
LLC PREFETCHES SAME FILL-ORIGIN LEVEL: 0 DIFFERENT FILL-ORIGIN LEVEL: 0
LLC AVERAGE MISS LATENCY:      114.6 cycles AVERAGE LOAD MISS LATENCY:    184.816 cycles Load Miss      57311
LLC Average MSHR Occupancy:    2.27861
LLC RQ	ACCESS:    3532294	FORWARD:          0	MERGED:          0	TO_CACHE:    3532231
LLC WQ	ACCESS:    3040013	FORWARD:         63	MERGED:          0	TO_CACHE:    3040013
LLC PQ	ACCESS:     991120	FORWARD:          0	MERGED:          0	TO_CACHE:     991120

LLC Dense regions hint to LLC: 0

RAW hits: 5766101
Loads Generated: 47593156
Loads sent to L1D: 41827061
Stores Generated: 34130613
Stores sent to L1D: 34130621
Major fault: 0 Minor fault: 8128
Allocated PAGES: 8128
================ Mockingjay (LLC) Pollution Stats ================
Total pollution count in LLC: 3233
==================================================================

DRAM Statistics
 CHANNEL 0
 RQ ROW_BUFFER_HIT:    1646551  ROW_BUFFER_MISS:     766472
 DBUS_CONGESTED:       1789
 WQ ROW_BUFFER_HIT:     673844  ROW_BUFFER_MISS:    1648638  FULL:     175397

 AVG_CONGESTED_CYCLE: 4
 All warmup complete: 2
Channel 0 Bank busy for read cycles: 0
Channel 0 Bank busy for write cycles: 0
Channel 0
Rank 0
0banks busy for read cycles: 119273473
0banks busy for write cycles: 172160
1banks busy for read cycles: 11916282
1banks busy for write cycles: 23100868
2banks busy for read cycles: 3437555
2banks busy for write cycles: 7421012
3banks busy for read cycles: 3529046
3banks busy for write cycles: 3253526
4banks busy for read cycles: 5708655
4banks busy for write cycles: 2494984
5banks busy for read cycles: 1717760
5banks busy for write cycles: 2587764
6banks busy for read cycles: 1989912
6banks busy for write cycles: 3151438
7banks busy for read cycles: 3076861
7banks busy for write cycles: 5624916
8banks busy for read cycles: 13515569
8banks busy for write cycles: 23755007

CPU 0 Branch Prediction Accuracy: 99.9543% MPKI: 0.06999 Average ROB Occupancy at Mispredict: 176.635
Branch types
NOT_BRANCH: 169369013 84.6845%
BRANCH_DIRECT_JUMP: 1653033 0.826516%
BRANCH_INDIRECT: 9955755 4.97788%
BRANCH_CONDITIONAL: 12213748 6.10687%
BRANCH_DIRECT_CALL: 2811007 1.4055%
BRANCH_INDIRECT_CALL: 593200 0.2966%
BRANCH_RETURN: 3404034 1.70202%
BRANCH_OTHER: 0 0%

===================== LRU L1D STATS =====================
Total pollution count in L1D: 518858
=========================================================
================ SRRIP (L2C) Pollution Stats ================
Total pollution count in L2c: 1174038
==================================================================
DRAM PAGES: 1048576
Allocated PAGES: 8128
