
*** ChampSim Multicore Out-of-Order Simulator ***

Warmup Instructions: 200000000
Simulation Instructions: 200000000
Number of CPUs: 1
LLC sets: 4096
LLC ways: 12
Off-chip DRAM Size: 4096 MB Channels: 1 Width: 64-bit Data Rate: 6400 MT/s
CPU 0 runs /home1/sweta/traces/qualcomm_traces/srv_66.champsimtrace.xz
.xz
BTB has LRU replacement policy
ITLB has LRU replacement policy
DTLB has LRU replacement policy
STLB has LRU replacement policy
L1I has LRU replacement policy
History Sets: 8
History Ways: 16
BERTI Size: 16
BERTI Stride Size: 16
L1D has LRU replacement policy
Initialize SRRIP state for L2C
Initialize Mockingjay state for LLC
Heartbeat CPU 0 instructions: 10000000 cycles: 1917117 heartbeat IPC: 5.21617 cumulative IPC: 5.21617 (Simulation time: 0 hr 0 min 27 sec) 
Heartbeat CPU 0 instructions: 20000003 cycles: 3828066 heartbeat IPC: 5.233 cumulative IPC: 5.22457 (Simulation time: 0 hr 0 min 51 sec) 
Heartbeat CPU 0 instructions: 30000006 cycles: 5740424 heartbeat IPC: 5.22915 cumulative IPC: 5.2261 (Simulation time: 0 hr 1 min 16 sec) 
*** Reached end of trace for Core: 0 Repeating trace: /home1/sweta/traces/qualcomm_traces/srv_66.champsimtrace.xz
Heartbeat CPU 0 instructions: 40000001 cycles: 7656793 heartbeat IPC: 5.2182 cumulative IPC: 5.22412 (Simulation time: 0 hr 1 min 39 sec) 
Heartbeat CPU 0 instructions: 50000005 cycles: 9566949 heartbeat IPC: 5.23518 cumulative IPC: 5.22633 (Simulation time: 0 hr 2 min 3 sec) 
Heartbeat CPU 0 instructions: 60000004 cycles: 11479951 heartbeat IPC: 5.22739 cumulative IPC: 5.2265 (Simulation time: 0 hr 2 min 26 sec) 
*** Reached end of trace for Core: 0 Repeating trace: /home1/sweta/traces/qualcomm_traces/srv_66.champsimtrace.xz
Heartbeat CPU 0 instructions: 70000001 cycles: 13395207 heartbeat IPC: 5.22123 cumulative IPC: 5.22575 (Simulation time: 0 hr 2 min 48 sec) 
Heartbeat CPU 0 instructions: 80000003 cycles: 15305852 heartbeat IPC: 5.23384 cumulative IPC: 5.22676 (Simulation time: 0 hr 3 min 11 sec) 
Heartbeat CPU 0 instructions: 90000000 cycles: 17218959 heartbeat IPC: 5.2271 cumulative IPC: 5.2268 (Simulation time: 0 hr 3 min 33 sec) 
*** Reached end of trace for Core: 0 Repeating trace: /home1/sweta/traces/qualcomm_traces/srv_66.champsimtrace.xz
Heartbeat CPU 0 instructions: 100000001 cycles: 19134686 heartbeat IPC: 5.21995 cumulative IPC: 5.22611 (Simulation time: 0 hr 3 min 54 sec) 
Heartbeat CPU 0 instructions: 110000000 cycles: 21045411 heartbeat IPC: 5.23361 cumulative IPC: 5.22679 (Simulation time: 0 hr 4 min 16 sec) 
Heartbeat CPU 0 instructions: 120000007 cycles: 22957011 heartbeat IPC: 5.23122 cumulative IPC: 5.22716 (Simulation time: 0 hr 4 min 37 sec) 
*** Reached end of trace for Core: 0 Repeating trace: /home1/sweta/traces/qualcomm_traces/srv_66.champsimtrace.xz
Heartbeat CPU 0 instructions: 130000006 cycles: 24871272 heartbeat IPC: 5.22395 cumulative IPC: 5.22691 (Simulation time: 0 hr 4 min 59 sec) 
Heartbeat CPU 0 instructions: 140000005 cycles: 26783358 heartbeat IPC: 5.22989 cumulative IPC: 5.22713 (Simulation time: 0 hr 5 min 20 sec) 
Heartbeat CPU 0 instructions: 150000003 cycles: 28695386 heartbeat IPC: 5.23005 cumulative IPC: 5.22732 (Simulation time: 0 hr 5 min 41 sec) 
*** Reached end of trace for Core: 0 Repeating trace: /home1/sweta/traces/qualcomm_traces/srv_66.champsimtrace.xz
Heartbeat CPU 0 instructions: 160000005 cycles: 30607438 heartbeat IPC: 5.22998 cumulative IPC: 5.22749 (Simulation time: 0 hr 6 min 3 sec) 
Heartbeat CPU 0 instructions: 170000004 cycles: 32522069 heartbeat IPC: 5.22294 cumulative IPC: 5.22722 (Simulation time: 0 hr 6 min 24 sec) 
Heartbeat CPU 0 instructions: 180000000 cycles: 34433886 heartbeat IPC: 5.23062 cumulative IPC: 5.22741 (Simulation time: 0 hr 6 min 45 sec) 
*** Reached end of trace for Core: 0 Repeating trace: /home1/sweta/traces/qualcomm_traces/srv_66.champsimtrace.xz
Heartbeat CPU 0 instructions: 190000004 cycles: 36345474 heartbeat IPC: 5.23126 cumulative IPC: 5.22761 (Simulation time: 0 hr 7 min 6 sec) 
Heartbeat CPU 0 instructions: 200000004 cycles: 38260402 heartbeat IPC: 5.22213 cumulative IPC: 5.22734 (Simulation time: 0 hr 7 min 27 sec) 

Warmup complete CPU 0 instructions: 200000004 cycles: 38260402 (Simulation time: 0 hr 7 min 27 sec) 

Heartbeat CPU 0 instructions: 210000007 cycles: 53386028 heartbeat IPC: 0.66113 cumulative IPC: 0.66113 (Simulation time: 0 hr 7 min 54 sec) 
*** Reached end of trace for Core: 0 Repeating trace: /home1/sweta/traces/qualcomm_traces/srv_66.champsimtrace.xz
Heartbeat CPU 0 instructions: 220000001 cycles: 68350515 heartbeat IPC: 0.668248 cumulative IPC: 0.66467 (Simulation time: 0 hr 8 min 21 sec) 
Heartbeat CPU 0 instructions: 230000004 cycles: 83311856 heartbeat IPC: 0.668389 cumulative IPC: 0.665905 (Simulation time: 0 hr 8 min 48 sec) 
Heartbeat CPU 0 instructions: 240000001 cycles: 98336640 heartbeat IPC: 0.665567 cumulative IPC: 0.665821 (Simulation time: 0 hr 9 min 15 sec) 
*** Reached end of trace for Core: 0 Repeating trace: /home1/sweta/traces/qualcomm_traces/srv_66.champsimtrace.xz
Heartbeat CPU 0 instructions: 250000000 cycles: 113171841 heartbeat IPC: 0.674072 cumulative IPC: 0.667455 (Simulation time: 0 hr 9 min 42 sec) 
Heartbeat CPU 0 instructions: 260000006 cycles: 128320046 heartbeat IPC: 0.660145 cumulative IPC: 0.666225 (Simulation time: 0 hr 10 min 9 sec) 
Heartbeat CPU 0 instructions: 270000000 cycles: 143104377 heartbeat IPC: 0.676391 cumulative IPC: 0.667659 (Simulation time: 0 hr 10 min 36 sec) 
*** Reached end of trace for Core: 0 Repeating trace: /home1/sweta/traces/qualcomm_traces/srv_66.champsimtrace.xz
Heartbeat CPU 0 instructions: 280000001 cycles: 158092131 heartbeat IPC: 0.667211 cumulative IPC: 0.667603 (Simulation time: 0 hr 11 min 3 sec) 
Heartbeat CPU 0 instructions: 290000001 cycles: 173133448 heartbeat IPC: 0.664835 cumulative IPC: 0.667294 (Simulation time: 0 hr 11 min 30 sec) 
Heartbeat CPU 0 instructions: 300000002 cycles: 188016812 heartbeat IPC: 0.671891 cumulative IPC: 0.667751 (Simulation time: 0 hr 11 min 57 sec) 
*** Reached end of trace for Core: 0 Repeating trace: /home1/sweta/traces/qualcomm_traces/srv_66.champsimtrace.xz
Heartbeat CPU 0 instructions: 310000001 cycles: 202688533 heartbeat IPC: 0.681583 cumulative IPC: 0.668985 (Simulation time: 0 hr 12 min 24 sec) 
Heartbeat CPU 0 instructions: 320000000 cycles: 217970030 heartbeat IPC: 0.654386 cumulative IPC: 0.667744 (Simulation time: 0 hr 12 min 51 sec) 
Heartbeat CPU 0 instructions: 330000001 cycles: 232787538 heartbeat IPC: 0.674877 cumulative IPC: 0.668287 (Simulation time: 0 hr 13 min 18 sec) 
*** Reached end of trace for Core: 0 Repeating trace: /home1/sweta/traces/qualcomm_traces/srv_66.champsimtrace.xz
Heartbeat CPU 0 instructions: 340000003 cycles: 247641215 heartbeat IPC: 0.673234 cumulative IPC: 0.668638 (Simulation time: 0 hr 13 min 43 sec) 
Heartbeat CPU 0 instructions: 350000003 cycles: 262832569 heartbeat IPC: 0.658269 cumulative IPC: 0.667937 (Simulation time: 0 hr 14 min 8 sec) 
Heartbeat CPU 0 instructions: 360000000 cycles: 277635088 heartbeat IPC: 0.67556 cumulative IPC: 0.668408 (Simulation time: 0 hr 14 min 33 sec) 
Heartbeat CPU 0 instructions: 370000000 cycles: 292569149 heartbeat IPC: 0.66961 cumulative IPC: 0.668479 (Simulation time: 0 hr 14 min 58 sec) 
*** Reached end of trace for Core: 0 Repeating trace: /home1/sweta/traces/qualcomm_traces/srv_66.champsimtrace.xz
Heartbeat CPU 0 instructions: 380000000 cycles: 307696499 heartbeat IPC: 0.661054 cumulative IPC: 0.668062 (Simulation time: 0 hr 15 min 23 sec) 
Heartbeat CPU 0 instructions: 390000002 cycles: 322493635 heartbeat IPC: 0.675807 cumulative IPC: 0.668465 (Simulation time: 0 hr 15 min 47 sec) 
Heartbeat CPU 0 instructions: 400000000 cycles: 337174520 heartbeat IPC: 0.681158 cumulative IPC: 0.669088 (Simulation time: 0 hr 16 min 11 sec) 
Finished CPU 0 instructions: 200000001 cycles: 298914119 cumulative IPC: 0.669089 (Simulation time: 0 hr 16 min 11 sec) 

ChampSim completed all CPUs

Region of Interest Statistics

CPU 0 cumulative IPC: 0.669089 instructions: 200000001 cycles: 298914119
ITLB TOTAL     ACCESS:   21729998  HIT:   20938539  MISS:     791459  HIT %:    96.3578  MISS %:    3.64224   MPKI: 3.95729
ITLB LOAD TRANSLATION ACCESS:   21729998  HIT:   20938539  MISS:     791459  HIT %:    96.3578  MISS %:    3.64224   MPKI: 3.95729
ITLB PREFETCH  REQUESTED:          0  ISSUED:          0  USEFUL:          0  USELESS:          0
ITLB USEFUL LOAD PREFETCHES:          0 PREFETCH ISSUED TO LOWER LEVEL:          0  ACCURACY: -nan
ITLB TIMELY PREFETCHES:          0 LATE PREFETCHES: 0 DROPPED PREFETCHES: 0
ITLB PREFETCHES SAME FILL-ORIGIN LEVEL: 0 DIFFERENT FILL-ORIGIN LEVEL: 0
ITLB AVERAGE MISS LATENCY:    12.3001 cycles AVERAGE LOAD MISS LATENCY:       -nan cycles Load Miss          0
ITLB Average MSHR Occupancy:  0.0312877
ITLB RQ	ACCESS:   25241853	FORWARD:          0	MERGED:    2860035	TO_CACHE:   22381818

DTLB TOTAL     ACCESS:   31788469  HIT:   29192614  MISS:    2595855  HIT %:     91.834  MISS %:    8.16603   MPKI: 12.9793
DTLB LOAD TRANSLATION ACCESS:   31788469  HIT:   29192614  MISS:    2595855  HIT %:     91.834  MISS %:    8.16603   MPKI: 12.9793
DTLB PREFETCH  REQUESTED:          0  ISSUED:          0  USEFUL:          0  USELESS:          0
DTLB USEFUL LOAD PREFETCHES:          0 PREFETCH ISSUED TO LOWER LEVEL:          0  ACCURACY: -nan
DTLB TIMELY PREFETCHES:          0 LATE PREFETCHES: 0 DROPPED PREFETCHES: 0
DTLB PREFETCHES SAME FILL-ORIGIN LEVEL: 0 DIFFERENT FILL-ORIGIN LEVEL: 0
DTLB AVERAGE MISS LATENCY:     11.652 cycles AVERAGE LOAD MISS LATENCY:       -nan cycles Load Miss          0
DTLB Average MSHR Occupancy:  0.0963906
DTLB RQ	ACCESS:   43560479	FORWARD:          0	MERGED:   11592022	TO_CACHE:   31968457

STLB TOTAL     ACCESS:    3430816  HIT:    3088452  MISS:     342364  HIT %:    90.0209  MISS %:    9.97908   MPKI: 1.71182
STLB LOAD TRANSLATION ACCESS:    3387314  HIT:    3045373  MISS:     341941  HIT %:    89.9052  MISS %:    10.0948   MPKI: 1.7097
STLB TRANSLATION FROM L1D PREFETCHER ACCESS:      43502  HIT:      43079  MISS:        423  HIT %:    99.0276  MISS %:   0.972369   MPKI: 0.002115
STLB PREFETCH  REQUESTED:          0  ISSUED:          0  USEFUL:        313  USELESS:        109
STLB USEFUL LOAD PREFETCHES:        313 PREFETCH ISSUED TO LOWER LEVEL:          0  ACCURACY: inf
STLB TIMELY PREFETCHES:        313 LATE PREFETCHES: 0 DROPPED PREFETCHES: 3383
STLB PREFETCHES SAME FILL-ORIGIN LEVEL: 0 DIFFERENT FILL-ORIGIN LEVEL: 0
STLB AVERAGE MISS LATENCY:    27.4765 cycles AVERAGE LOAD MISS LATENCY:       -nan cycles Load Miss          0
STLB Average MSHR Occupancy:  0.0337924
STLB RQ	ACCESS:    3522214	FORWARD:          0	MERGED:      88003	TO_CACHE:    3434211

STLB Hit, L1D data hit: 0
STLB Hit, L2C data hit: 0
STLB Hit, LLC data hit: 0
STLB Hit, LLC data miss: 0
STLB STLB hints to L2: 0
L1D TOTAL     ACCESS:   43138586  HIT:   40704891  MISS:    2433695  HIT %:    94.3584  MISS %:    5.64157   MPKI: 12.1685
L1D LOAD      ACCESS:   23838923  HIT:   21735001  MISS:    2103922  HIT %:    91.1744  MISS %:    8.82557   MPKI: 10.5196
L1D RFO       ACCESS:   19237625  HIT:   18908976  MISS:     328649  HIT %:    98.2916  MISS %:    1.70837   MPKI: 1.64324
L1D PREFETCH  ACCESS:      62038  HIT:      60914  MISS:       1124  HIT %:    98.1882  MISS %:    1.81179   MPKI: 0.00562
AGUS PREFETCH L1 MISS: 0
L1D PREFETCH  REQUESTED:     271642  ISSUED:     271211  USEFUL:        366  USELESS:        760
L1D USEFUL LOAD PREFETCHES:        366 PREFETCH ISSUED TO LOWER LEVEL:      69415  ACCURACY: 0.527264
L1D TIMELY PREFETCHES:        366 LATE PREFETCHES: 3 DROPPED PREFETCHES: 4510
L1D PREFETCHES SAME FILL-ORIGIN LEVEL: 1127 DIFFERENT FILL-ORIGIN LEVEL: 68288
L1D AVERAGE MISS LATENCY:    24.1474 cycles AVERAGE LOAD MISS LATENCY:    23.7966 cycles Load Miss    2103922
L1D Average MSHR Occupancy:   0.203932
L1D RQ	ACCESS:   39964065	FORWARD:          0	MERGED:   15704876	TO_CACHE:   23917775
L1D WQ	ACCESS:   20282906	FORWARD:     341414	MERGED:     640202	TO_CACHE:   19642704
L1D PQ	ACCESS:     136311	FORWARD:          0	MERGED:       1411	TO_CACHE:     134900

L1D UNIQUE REGIONS ACCESSED: 0
L1D REGIONS CONFLICTS: 0
L1D Cross Page Prefetch Requests: 23720
L1D Same Page Prefetch Requests: 251890
L1D ROI Sum of L1D PQ occupancy: 2014070
L1D PREFETCHES PUSHED FROM L2C: 0
L1I TOTAL     ACCESS:   24665196  HIT:   10570422  MISS:   14094774  HIT %:    42.8556  MISS %:    57.1444   MPKI: 70.4739
L1I LOAD      ACCESS:   24665196  HIT:   10570422  MISS:   14094774  HIT %:    42.8556  MISS %:    57.1444   MPKI: 70.4739
L1I PREFETCH  REQUESTED:          0  ISSUED:          0  USEFUL:          0  USELESS:          0
L1I USEFUL LOAD PREFETCHES:          0 PREFETCH ISSUED TO LOWER LEVEL:          0  ACCURACY: -nan
L1I TIMELY PREFETCHES:          0 LATE PREFETCHES: 0 DROPPED PREFETCHES: 0
L1I PREFETCHES SAME FILL-ORIGIN LEVEL: 0 DIFFERENT FILL-ORIGIN LEVEL: 0
L1I AVERAGE MISS LATENCY:    14.2705 cycles AVERAGE LOAD MISS LATENCY:    14.2705 cycles Load Miss   14094774
L1I Average MSHR Occupancy:   0.652919
L1I RQ	ACCESS:   47974350	FORWARD:          0	MERGED:   22732497	TO_CACHE:   25241853

BTB TOTAL     ACCESS:   22229564  HIT:   18071858  MISS:    4157706  HIT %:    81.2965  MISS %:    18.7035   MPKI: 20.7885
BTB BRANCH_DIRECT_JUMP	ACCESS:    1718936  HIT:    1474776  MISS:     244160
BTB BRANCH_INDIRECT	ACCESS:    9438877  HIT:    7436718  MISS:    2002159
BTB BRANCH_CONDITIONAL	ACCESS:    4754695  HIT:    4375035  MISS:     379660
BTB BRANCH_DIRECT_CALL	ACCESS:    2480822  HIT:    2032895  MISS:     447927
BTB BRANCH_INDIRECT_CALL	ACCESS:     677290  HIT:     637610  MISS:      39680
BTB BRANCH_RETURN	ACCESS:    3158944  HIT:    2114824  MISS:    1044120
BTB BRANCH_OTHER ACCESS:          0  HIT:          0  MISS:          0

L2C TOTAL     ACCESS:   18060156  HIT:   17719468  MISS:     340688  HIT %:    98.1136  MISS %:    1.88641   MPKI: 1.70344
L2C LOAD      ACCESS:   16198630  HIT:   15936207  MISS:     262423  HIT %:      98.38  MISS %:    1.62003   MPKI: 1.31211
L2C DATA LOAD MPKI: 1.17458
L2C INSTRUCTION LOAD MPKI: 0.137535
L2C RFO       ACCESS:     328649  HIT:     281452  MISS:      47197  HIT %:    85.6391  MISS %:    14.3609   MPKI: 0.235985
L2C PREFETCH  ACCESS:      69076  HIT:      56441  MISS:      12635  HIT %:    81.7086  MISS %:    18.2914   MPKI: 0.063175
AGUS PREFETCH L1 MISS: 0
L2C DATA PREFETCH MPKI: 0.063175
L2C INSTRUCTION PREFETCH MPKI: 0
L2C WRITEBACK ACCESS:    1005690  HIT:    1005495  MISS:        195  HIT %:    99.9806  MISS %:  0.0193897   MPKI: 0.000975
L2C LOAD TRANSLATION ACCESS:     454029  HIT:     435831  MISS:      18198  HIT %:    95.9919  MISS %:    4.00811   MPKI: 0.09099
L2C TRANSLATION FROM L1D PREFETCHER ACCESS:       4082  HIT:       4042  MISS:         40  HIT %:    99.0201  MISS %:   0.979912   MPKI: 0.0002
L2C PREFETCH  REQUESTED:          0  ISSUED:          0  USEFUL:      10466  USELESS:       2197
L2C USEFUL LOAD PREFETCHES:      10466 PREFETCH ISSUED TO LOWER LEVEL:      12776  ACCURACY: 81.9192
L2C TIMELY PREFETCHES:      10466 LATE PREFETCHES: 141 DROPPED PREFETCHES: 0
L2C PREFETCHES SAME FILL-ORIGIN LEVEL: 12603 DIFFERENT FILL-ORIGIN LEVEL: 0
L2C AVERAGE MISS LATENCY:    78.2291 cycles AVERAGE LOAD MISS LATENCY:    77.7953 cycles Load Miss     262423
L2C Average MSHR Occupancy:  0.0885324
L2C RQ	ACCESS:   16985454	FORWARD:          0	MERGED:          0	TO_CACHE:   16985390
L2C WQ	ACCESS:    1005690	FORWARD:         64	MERGED:          0	TO_CACHE:    1005690
L2C PQ	ACCESS:      69415	FORWARD:          0	MERGED:          2	TO_CACHE:      69413

L2C Instructions Evicting Data 23832
L2C Translations Evicting Data 15934
L2C Data Evicting Data 254067
L2C Instructions Evicting Instructions 2141
L2C Translations Evicting Instructions 1451
L2C Data Evicting Instructions 24846
L2C Instructions Evicting Translations 1534
L2C Translations Evicting Translations 853
L2C Data Evicting Translations 15835
L2C Dense regions hint from L2: 0
PSCL5 TOTAL     ACCESS:     345747  HIT:     345747  MISS:          0  HIT %:        100  MISS %:          0   MPKI: 0
PSCL5 LOAD TRANSLATION ACCESS:     341941  HIT:     341941  MISS:          0  HIT %:        100  MISS %:          0   MPKI: 0
PSCL5 TRANSLATION FROM L1D PREFETCHER ACCESS:       3806  HIT:       3806  MISS:          0  HIT %:        100  MISS %:          0   MPKI: 0
PSCL5 PREFETCH  REQUESTED:          0  ISSUED:          0  USEFUL:          0  USELESS:          0
PSCL5 USEFUL LOAD PREFETCHES:          0 PREFETCH ISSUED TO LOWER LEVEL:          0  ACCURACY: -nan
PSCL5 TIMELY PREFETCHES:          0 LATE PREFETCHES: 0 DROPPED PREFETCHES: 0
PSCL5 PREFETCHES SAME FILL-ORIGIN LEVEL: 0 DIFFERENT FILL-ORIGIN LEVEL: 0

PSCL4 TOTAL     ACCESS:     336548  HIT:     335283  MISS:       1265  HIT %:    99.6241  MISS %:   0.375875   MPKI: 0.006325
PSCL4 LOAD TRANSLATION ACCESS:     332832  HIT:     331567  MISS:       1265  HIT %:    99.6199  MISS %:   0.380072   MPKI: 0.006325
PSCL4 TRANSLATION FROM L1D PREFETCHER ACCESS:       3716  HIT:       3716  MISS:          0  HIT %:        100  MISS %:          0   MPKI: 0
PSCL4 PREFETCH  REQUESTED:          0  ISSUED:          0  USEFUL:          0  USELESS:          0
PSCL4 USEFUL LOAD PREFETCHES:          0 PREFETCH ISSUED TO LOWER LEVEL:          0  ACCURACY: -nan
PSCL4 TIMELY PREFETCHES:          0 LATE PREFETCHES: 0 DROPPED PREFETCHES: 0
PSCL4 PREFETCHES SAME FILL-ORIGIN LEVEL: 0 DIFFERENT FILL-ORIGIN LEVEL: 0

PSCL3 TOTAL     ACCESS:     343182  HIT:     341917  MISS:       1265  HIT %:    99.6314  MISS %:   0.368609   MPKI: 0.006325
PSCL3 LOAD TRANSLATION ACCESS:     339376  HIT:     338111  MISS:       1265  HIT %:    99.6273  MISS %:   0.372743   MPKI: 0.006325
PSCL3 TRANSLATION FROM L1D PREFETCHER ACCESS:       3806  HIT:       3806  MISS:          0  HIT %:        100  MISS %:          0   MPKI: 0
PSCL3 PREFETCH  REQUESTED:          0  ISSUED:          0  USEFUL:          0  USELESS:          0
PSCL3 USEFUL LOAD PREFETCHES:          0 PREFETCH ISSUED TO LOWER LEVEL:          0  ACCURACY: -nan
PSCL3 TIMELY PREFETCHES:          0 LATE PREFETCHES: 0 DROPPED PREFETCHES: 0
PSCL3 PREFETCHES SAME FILL-ORIGIN LEVEL: 0 DIFFERENT FILL-ORIGIN LEVEL: 0

PSCL2 TOTAL     ACCESS:     345654  HIT:     235913  MISS:     109741  HIT %:    68.2512  MISS %:    31.7488   MPKI: 0.548705
PSCL2 LOAD TRANSLATION ACCESS:     342124  HIT:     232383  MISS:     109741  HIT %:    67.9236  MISS %:    32.0764   MPKI: 0.548705
PSCL2 TRANSLATION FROM L1D PREFETCHER ACCESS:       3530  HIT:       3530  MISS:          0  HIT %:        100  MISS %:          0   MPKI: 0
PSCL2 PREFETCH  REQUESTED:          0  ISSUED:          0  USEFUL:          0  USELESS:          0
PSCL2 USEFUL LOAD PREFETCHES:          0 PREFETCH ISSUED TO LOWER LEVEL:          0  ACCURACY: -nan
PSCL2 TIMELY PREFETCHES:          0 LATE PREFETCHES: 0 DROPPED PREFETCHES: 0
PSCL2 PREFETCHES SAME FILL-ORIGIN LEVEL: 0 DIFFERENT FILL-ORIGIN LEVEL: 0

LLC TOTAL     ACCESS:     556380  HIT:     465394  MISS:      90986  HIT %:    83.6468  MISS %:    16.3532   MPKI: 0.45493
LLC LOAD      ACCESS:     262282  HIT:     210835  MISS:      51447  HIT %:    80.3849  MISS %:    19.6151   MPKI: 0.257235
LLC RFO       ACCESS:      47197  HIT:      37283  MISS:       9914  HIT %:    78.9944  MISS %:    21.0056   MPKI: 0.04957
LLC PREFETCH  ACCESS:      12776  HIT:       8779  MISS:       3997  HIT %:    68.7148  MISS %:    31.2852   MPKI: 0.019985
AGUS PREFETCH L1 MISS: 0
LLC WRITEBACK ACCESS:     215887  HIT:     192859  MISS:      23028  HIT %:    89.3333  MISS %:    10.6667   MPKI: 0.11514
LLC LOAD TRANSLATION ACCESS:      18198  HIT:      15610  MISS:       2588  HIT %:    85.7787  MISS %:    14.2213   MPKI: 0.01294
LLC TRANSLATION FROM L1D PREFETCHER ACCESS:         40  HIT:         28  MISS:         12  HIT %:         70  MISS %:         30   MPKI: 6e-05
LLC PREFETCH  REQUESTED:          0  ISSUED:          0  USEFUL:        270  USELESS:       2072
LLC USEFUL LOAD PREFETCHES:        270 PREFETCH ISSUED TO LOWER LEVEL:       3997  ACCURACY: 6.75507
LLC TIMELY PREFETCHES:        270 LATE PREFETCHES: 0 DROPPED PREFETCHES: 0
LLC PREFETCHES SAME FILL-ORIGIN LEVEL: 0 DIFFERENT FILL-ORIGIN LEVEL: 0
LLC AVERAGE MISS LATENCY:    124.585 cycles AVERAGE LOAD MISS LATENCY:    167.208 cycles Load Miss      51447
LLC Average MSHR Occupancy:  0.0376948
LLC RQ	ACCESS:     327717	FORWARD:          0	MERGED:          0	TO_CACHE:     327717
LLC WQ	ACCESS:     215887	FORWARD:          0	MERGED:          0	TO_CACHE:     215887
LLC PQ	ACCESS:      12776	FORWARD:          0	MERGED:          0	TO_CACHE:      12776

LLC Dense regions hint to LLC: 0

RAW hits: 5003048
Loads Generated: 44967119
Loads sent to L1D: 39964065
Stores Generated: 20282870
Stores sent to L1D: 20282906
Major fault: 0 Minor fault: 6269
Allocated PAGES: 6269
================ Mockingjay (LLC) Pollution Stats ================
Total pollution count in LLC: 1814
==================================================================

DRAM Statistics
 CHANNEL 0
 RQ ROW_BUFFER_HIT:      12933  ROW_BUFFER_MISS:      55025
 DBUS_CONGESTED:         44
 WQ ROW_BUFFER_HIT:       4108  ROW_BUFFER_MISS:      49479  FULL:          0

 AVG_CONGESTED_CYCLE: 4
 All warmup complete: 2
Channel 0 Bank busy for read cycles: 0
Channel 0 Bank busy for write cycles: 0
Channel 0
Rank 0
0banks busy for read cycles: 284343465
0banks busy for write cycles: 38968
1banks busy for read cycles: 6791765
1banks busy for write cycles: 5736498
2banks busy for read cycles: 678588
2banks busy for write cycles: 792758
3banks busy for read cycles: 137635
3banks busy for write cycles: 181154
4banks busy for read cycles: 42617
4banks busy for write cycles: 69799
5banks busy for read cycles: 18857
5banks busy for write cycles: 34585
6banks busy for read cycles: 10132
6banks busy for write cycles: 19425
7banks busy for read cycles: 1720
7banks busy for write cycles: 11341
8banks busy for read cycles: 145
8banks busy for write cycles: 4668

CPU 0 Branch Prediction Accuracy: 99.8831% MPKI: 0.20925 Average ROB Occupancy at Mispredict: 119.304
Branch types
NOT_BRANCH: 164197700 82.0988%
BRANCH_DIRECT_JUMP: 1718936 0.859468%
BRANCH_INDIRECT: 9438877 4.71944%
BRANCH_CONDITIONAL: 18327443 9.16372%
BRANCH_DIRECT_CALL: 2480822 1.24041%
BRANCH_INDIRECT_CALL: 677290 0.338645%
BRANCH_RETURN: 3158944 1.57947%
BRANCH_OTHER: 0 0%

===================== LRU L1D STATS =====================
Total pollution count in L1D: 2039
=========================================================
================ SRRIP (L2C) Pollution Stats ================
Total pollution count in L2c: 499175
==================================================================
DRAM PAGES: 1048576
Allocated PAGES: 6269
