
*** ChampSim Multicore Out-of-Order Simulator ***

Warmup Instructions: 200000000
Simulation Instructions: 200000000
Number of CPUs: 1
LLC sets: 4096
LLC ways: 12
Off-chip DRAM Size: 4096 MB Channels: 1 Width: 64-bit Data Rate: 6400 MT/s
CPU 0 runs /home1/sweta/traces/qualcomm_traces/srv_47.champsimtrace.xz
.xz
BTB has LRU replacement policy
ITLB has LRU replacement policy
DTLB has LRU replacement policy
STLB has LRU replacement policy
L1I has LRU replacement policy
History Sets: 8
History Ways: 16
BERTI Size: 16
BERTI Stride Size: 16
L1D has LRU replacement policy
Initialize SRRIP state for L2C
Initialize Mockingjay state for LLC
Heartbeat CPU 0 instructions: 10000001 cycles: 2303112 heartbeat IPC: 4.34195 cumulative IPC: 4.34195 (Simulation time: 0 hr 0 min 30 sec) 
Heartbeat CPU 0 instructions: 20000001 cycles: 4642421 heartbeat IPC: 4.27477 cumulative IPC: 4.3081 (Simulation time: 0 hr 0 min 59 sec) 
Heartbeat CPU 0 instructions: 30000000 cycles: 6948407 heartbeat IPC: 4.33654 cumulative IPC: 4.31754 (Simulation time: 0 hr 1 min 29 sec) 
*** Reached end of trace for Core: 0 Repeating trace: /home1/sweta/traces/qualcomm_traces/srv_47.champsimtrace.xz
Heartbeat CPU 0 instructions: 40000004 cycles: 9232572 heartbeat IPC: 4.37797 cumulative IPC: 4.33249 (Simulation time: 0 hr 1 min 58 sec) 
Heartbeat CPU 0 instructions: 50000007 cycles: 11591877 heartbeat IPC: 4.23854 cumulative IPC: 4.31337 (Simulation time: 0 hr 2 min 26 sec) 
Heartbeat CPU 0 instructions: 60000003 cycles: 13900925 heartbeat IPC: 4.33079 cumulative IPC: 4.31626 (Simulation time: 0 hr 2 min 55 sec) 
*** Reached end of trace for Core: 0 Repeating trace: /home1/sweta/traces/qualcomm_traces/srv_47.champsimtrace.xz
Heartbeat CPU 0 instructions: 70000006 cycles: 16187891 heartbeat IPC: 4.37261 cumulative IPC: 4.32422 (Simulation time: 0 hr 3 min 25 sec) 
Heartbeat CPU 0 instructions: 80000001 cycles: 18505869 heartbeat IPC: 4.3141 cumulative IPC: 4.32295 (Simulation time: 0 hr 3 min 54 sec) 
Heartbeat CPU 0 instructions: 90000000 cycles: 20832284 heartbeat IPC: 4.29846 cumulative IPC: 4.32022 (Simulation time: 0 hr 4 min 23 sec) 
*** Reached end of trace for Core: 0 Repeating trace: /home1/sweta/traces/qualcomm_traces/srv_47.champsimtrace.xz
Heartbeat CPU 0 instructions: 100000000 cycles: 23134209 heartbeat IPC: 4.34419 cumulative IPC: 4.3226 (Simulation time: 0 hr 4 min 50 sec) 
Heartbeat CPU 0 instructions: 110000004 cycles: 25459208 heartbeat IPC: 4.30108 cumulative IPC: 4.32064 (Simulation time: 0 hr 5 min 16 sec) 
Heartbeat CPU 0 instructions: 120000006 cycles: 27781893 heartbeat IPC: 4.30536 cumulative IPC: 4.31936 (Simulation time: 0 hr 5 min 41 sec) 
*** Reached end of trace for Core: 0 Repeating trace: /home1/sweta/traces/qualcomm_traces/srv_47.champsimtrace.xz
Heartbeat CPU 0 instructions: 130000002 cycles: 30065366 heartbeat IPC: 4.37929 cumulative IPC: 4.32391 (Simulation time: 0 hr 6 min 7 sec) 
Heartbeat CPU 0 instructions: 140000007 cycles: 32398116 heartbeat IPC: 4.28679 cumulative IPC: 4.32124 (Simulation time: 0 hr 6 min 34 sec) 
Heartbeat CPU 0 instructions: 150000006 cycles: 34712145 heartbeat IPC: 4.32147 cumulative IPC: 4.32125 (Simulation time: 0 hr 6 min 59 sec) 
*** Reached end of trace for Core: 0 Repeating trace: /home1/sweta/traces/qualcomm_traces/srv_47.champsimtrace.xz
Heartbeat CPU 0 instructions: 160000005 cycles: 37015040 heartbeat IPC: 4.34236 cumulative IPC: 4.32257 (Simulation time: 0 hr 7 min 25 sec) 
Heartbeat CPU 0 instructions: 170000000 cycles: 39348207 heartbeat IPC: 4.28602 cumulative IPC: 4.3204 (Simulation time: 0 hr 7 min 50 sec) 
Heartbeat CPU 0 instructions: 180000000 cycles: 41640189 heartbeat IPC: 4.36304 cumulative IPC: 4.32275 (Simulation time: 0 hr 8 min 16 sec) 
*** Reached end of trace for Core: 0 Repeating trace: /home1/sweta/traces/qualcomm_traces/srv_47.champsimtrace.xz
Heartbeat CPU 0 instructions: 190000000 cycles: 43935862 heartbeat IPC: 4.35602 cumulative IPC: 4.32449 (Simulation time: 0 hr 8 min 42 sec) 
Heartbeat CPU 0 instructions: 200000002 cycles: 46276880 heartbeat IPC: 4.27165 cumulative IPC: 4.32181 (Simulation time: 0 hr 9 min 7 sec) 

Warmup complete CPU 0 instructions: 200000002 cycles: 46276880 (Simulation time: 0 hr 9 min 7 sec) 

Heartbeat CPU 0 instructions: 210000005 cycles: 66513137 heartbeat IPC: 0.494163 cumulative IPC: 0.494163 (Simulation time: 0 hr 9 min 37 sec) 
*** Reached end of trace for Core: 0 Repeating trace: /home1/sweta/traces/qualcomm_traces/srv_47.champsimtrace.xz
Heartbeat CPU 0 instructions: 220000000 cycles: 86983610 heartbeat IPC: 0.488508 cumulative IPC: 0.491319 (Simulation time: 0 hr 10 min 6 sec) 
Heartbeat CPU 0 instructions: 230000002 cycles: 106497371 heartbeat IPC: 0.512459 cumulative IPC: 0.498169 (Simulation time: 0 hr 10 min 36 sec) 
Heartbeat CPU 0 instructions: 240000004 cycles: 126849387 heartbeat IPC: 0.491352 cumulative IPC: 0.496447 (Simulation time: 0 hr 11 min 6 sec) 
*** Reached end of trace for Core: 0 Repeating trace: /home1/sweta/traces/qualcomm_traces/srv_47.champsimtrace.xz
Heartbeat CPU 0 instructions: 250000006 cycles: 147630239 heartbeat IPC: 0.481212 cumulative IPC: 0.493324 (Simulation time: 0 hr 11 min 36 sec) 
Heartbeat CPU 0 instructions: 260000006 cycles: 166798322 heartbeat IPC: 0.521701 cumulative IPC: 0.497837 (Simulation time: 0 hr 12 min 4 sec) 
Heartbeat CPU 0 instructions: 270000000 cycles: 186780755 heartbeat IPC: 0.500439 cumulative IPC: 0.498207 (Simulation time: 0 hr 12 min 32 sec) 
Heartbeat CPU 0 instructions: 280000000 cycles: 207680436 heartbeat IPC: 0.478476 cumulative IPC: 0.495652 (Simulation time: 0 hr 13 min 1 sec) 
*** Reached end of trace for Core: 0 Repeating trace: /home1/sweta/traces/qualcomm_traces/srv_47.champsimtrace.xz
Heartbeat CPU 0 instructions: 290000000 cycles: 227830130 heartbeat IPC: 0.496285 cumulative IPC: 0.495722 (Simulation time: 0 hr 13 min 30 sec) 
Heartbeat CPU 0 instructions: 300000001 cycles: 247365922 heartbeat IPC: 0.511881 cumulative IPC: 0.497292 (Simulation time: 0 hr 14 min 0 sec) 
Heartbeat CPU 0 instructions: 310000000 cycles: 267634748 heartbeat IPC: 0.493368 cumulative IPC: 0.496933 (Simulation time: 0 hr 14 min 30 sec) 
*** Reached end of trace for Core: 0 Repeating trace: /home1/sweta/traces/qualcomm_traces/srv_47.champsimtrace.xz
Heartbeat CPU 0 instructions: 320000001 cycles: 288173069 heartbeat IPC: 0.486895 cumulative IPC: 0.496081 (Simulation time: 0 hr 14 min 59 sec) 
Heartbeat CPU 0 instructions: 330000000 cycles: 307667239 heartbeat IPC: 0.512974 cumulative IPC: 0.49734 (Simulation time: 0 hr 15 min 27 sec) 
Heartbeat CPU 0 instructions: 340000001 cycles: 328242623 heartbeat IPC: 0.486018 cumulative IPC: 0.496514 (Simulation time: 0 hr 15 min 55 sec) 
*** Reached end of trace for Core: 0 Repeating trace: /home1/sweta/traces/qualcomm_traces/srv_47.champsimtrace.xz
Heartbeat CPU 0 instructions: 350000006 cycles: 348168063 heartbeat IPC: 0.501871 cumulative IPC: 0.496868 (Simulation time: 0 hr 16 min 23 sec) 
Heartbeat CPU 0 instructions: 360000000 cycles: 368316094 heartbeat IPC: 0.496326 cumulative IPC: 0.496834 (Simulation time: 0 hr 16 min 51 sec) 
Heartbeat CPU 0 instructions: 370000000 cycles: 388311793 heartbeat IPC: 0.500108 cumulative IPC: 0.497025 (Simulation time: 0 hr 17 min 18 sec) 
*** Reached end of trace for Core: 0 Repeating trace: /home1/sweta/traces/qualcomm_traces/srv_47.champsimtrace.xz
Heartbeat CPU 0 instructions: 380000000 cycles: 408212266 heartbeat IPC: 0.502501 cumulative IPC: 0.497326 (Simulation time: 0 hr 17 min 44 sec) 
Heartbeat CPU 0 instructions: 390000000 cycles: 428314690 heartbeat IPC: 0.497452 cumulative IPC: 0.497333 (Simulation time: 0 hr 18 min 10 sec) 
Heartbeat CPU 0 instructions: 400000005 cycles: 447901481 heartbeat IPC: 0.510548 cumulative IPC: 0.497977 (Simulation time: 0 hr 18 min 35 sec) 
Finished CPU 0 instructions: 200000003 cycles: 401624601 cumulative IPC: 0.497977 (Simulation time: 0 hr 18 min 35 sec) 

ChampSim completed all CPUs

Region of Interest Statistics

CPU 0 cumulative IPC: 0.497977 instructions: 200000003 cycles: 401624601
ITLB TOTAL     ACCESS:   27458164  HIT:   26120174  MISS:    1337990  HIT %:    95.1272  MISS %:    4.87283   MPKI: 6.68995
ITLB LOAD TRANSLATION ACCESS:   27458164  HIT:   26120174  MISS:    1337990  HIT %:    95.1272  MISS %:    4.87283   MPKI: 6.68995
ITLB PREFETCH  REQUESTED:          0  ISSUED:          0  USEFUL:          0  USELESS:          0
ITLB USEFUL LOAD PREFETCHES:          0 PREFETCH ISSUED TO LOWER LEVEL:          0  ACCURACY: -nan
ITLB TIMELY PREFETCHES:          0 LATE PREFETCHES: 0 DROPPED PREFETCHES: 0
ITLB PREFETCHES SAME FILL-ORIGIN LEVEL: 0 DIFFERENT FILL-ORIGIN LEVEL: 0
ITLB AVERAGE MISS LATENCY:    9.24664 cycles AVERAGE LOAD MISS LATENCY:       -nan cycles Load Miss          0
ITLB Average MSHR Occupancy:    0.02766
ITLB RQ	ACCESS:   32173440	FORWARD:          0	MERGED:    3724671	TO_CACHE:   28448769

DTLB TOTAL     ACCESS:   39642064  HIT:   38389324  MISS:    1252740  HIT %:    96.8399  MISS %:    3.16013   MPKI: 6.2637
DTLB LOAD TRANSLATION ACCESS:   39642064  HIT:   38389324  MISS:    1252740  HIT %:    96.8399  MISS %:    3.16013   MPKI: 6.2637
DTLB PREFETCH  REQUESTED:          0  ISSUED:          0  USEFUL:          0  USELESS:          0
DTLB USEFUL LOAD PREFETCHES:          0 PREFETCH ISSUED TO LOWER LEVEL:          0  ACCURACY: -nan
DTLB TIMELY PREFETCHES:          0 LATE PREFETCHES: 0 DROPPED PREFETCHES: 0
DTLB PREFETCHES SAME FILL-ORIGIN LEVEL: 0 DIFFERENT FILL-ORIGIN LEVEL: 0
DTLB AVERAGE MISS LATENCY:    11.0122 cycles AVERAGE LOAD MISS LATENCY:       -nan cycles Load Miss          0
DTLB Average MSHR Occupancy:  0.0320783
DTLB RQ	ACCESS:   58564549	FORWARD:          0	MERGED:   18835742	TO_CACHE:   39728807

STLB TOTAL     ACCESS:    3058637  HIT:    3001008  MISS:      57629  HIT %:    98.1159  MISS %:    1.88414   MPKI: 0.288145
STLB LOAD TRANSLATION ACCESS:    2590730  HIT:    2534241  MISS:      56489  HIT %:    97.8196  MISS %:    2.18043   MPKI: 0.282445
STLB TRANSLATION FROM L1D PREFETCHER ACCESS:     467907  HIT:     466767  MISS:       1140  HIT %:    99.7564  MISS %:   0.243638   MPKI: 0.0057
STLB PREFETCH  REQUESTED:          0  ISSUED:          0  USEFUL:       1055  USELESS:         83
STLB USEFUL LOAD PREFETCHES:       1055 PREFETCH ISSUED TO LOWER LEVEL:          0  ACCURACY: inf
STLB TIMELY PREFETCHES:       1055 LATE PREFETCHES: 0 DROPPED PREFETCHES: 13793
STLB PREFETCHES SAME FILL-ORIGIN LEVEL: 0 DIFFERENT FILL-ORIGIN LEVEL: 0
STLB AVERAGE MISS LATENCY:      49.57 cycles AVERAGE LOAD MISS LATENCY:       -nan cycles Load Miss          0
STLB Average MSHR Occupancy: 0.00833641
STLB RQ	ACCESS:    4862749	FORWARD:          0	MERGED:    1790038	TO_CACHE:    3072711

STLB Hit, L1D data hit: 0
STLB Hit, L2C data hit: 0
STLB Hit, LLC data hit: 0
STLB Hit, LLC data miss: 0
STLB STLB hints to L2: 0
L1D TOTAL     ACCESS:   58074762  HIT:   55443286  MISS:    2631476  HIT %:    95.4688  MISS %:    4.53119   MPKI: 13.1574
L1D LOAD      ACCESS:   34170141  HIT:   32540709  MISS:    1629432  HIT %:    95.2314  MISS %:    4.76858   MPKI: 8.14716
L1D RFO       ACCESS:   22643301  HIT:   21782093  MISS:     861208  HIT %:    96.1966  MISS %:    3.80337   MPKI: 4.30604
L1D PREFETCH  ACCESS:    1261320  HIT:    1120484  MISS:     140836  HIT %:    88.8342  MISS %:    11.1658   MPKI: 0.70418
AGUS PREFETCH L1 MISS: 0
L1D PREFETCH  REQUESTED:    5069637  ISSUED:    4580381  USEFUL:     109254  USELESS:      31586
L1D USEFUL LOAD PREFETCHES:     109254 PREFETCH ISSUED TO LOWER LEVEL:    1094689  ACCURACY: 9.98037
L1D TIMELY PREFETCHES:     109254 LATE PREFETCHES: 5318 DROPPED PREFETCHES: 22791
L1D PREFETCHES SAME FILL-ORIGIN LEVEL: 147107 DIFFERENT FILL-ORIGIN LEVEL: 947582
L1D AVERAGE MISS LATENCY:    23.9107 cycles AVERAGE LOAD MISS LATENCY:    21.7712 cycles Load Miss    1629432
L1D Average MSHR Occupancy:   0.173217
L1D RQ	ACCESS:   53425828	FORWARD:          0	MERGED:   19071137	TO_CACHE:   34217245
L1D WQ	ACCESS:   24961489	FORWARD:     137446	MERGED:     614185	TO_CACHE:   24347304
L1D PQ	ACCESS:    2308362	FORWARD:          0	MERGED:      36343	TO_CACHE:    2272019

L1D UNIQUE REGIONS ACCESSED: 0
L1D REGIONS CONFLICTS: 0
L1D Cross Page Prefetch Requests: 856863
L1D Same Page Prefetch Requests: 3820299
L1D ROI Sum of L1D PQ occupancy: 32850423
L1D PREFETCHES PUSHED FROM L2C: 0
L1I TOTAL     ACCESS:   31475195  HIT:   11950023  MISS:   19525172  HIT %:    37.9665  MISS %:    62.0335   MPKI: 97.6259
L1I LOAD      ACCESS:   31475195  HIT:   11950023  MISS:   19525172  HIT %:    37.9665  MISS %:    62.0335   MPKI: 97.6259
L1I PREFETCH  REQUESTED:          0  ISSUED:          0  USEFUL:          0  USELESS:          0
L1I USEFUL LOAD PREFETCHES:          0 PREFETCH ISSUED TO LOWER LEVEL:          0  ACCURACY: -nan
L1I TIMELY PREFETCHES:          0 LATE PREFETCHES: 0 DROPPED PREFETCHES: 0
L1I PREFETCHES SAME FILL-ORIGIN LEVEL: 0 DIFFERENT FILL-ORIGIN LEVEL: 0
L1I AVERAGE MISS LATENCY:    14.1913 cycles AVERAGE LOAD MISS LATENCY:    14.1913 cycles Load Miss   19525172
L1I Average MSHR Occupancy:    0.67229
L1I RQ	ACCESS:   52263225	FORWARD:          0	MERGED:   20089785	TO_CACHE:   32173440

BTB TOTAL     ACCESS:   31767925  HIT:   25201037  MISS:    6566888  HIT %:    79.3286  MISS %:    20.6714   MPKI: 32.8344
BTB BRANCH_DIRECT_JUMP	ACCESS:    2589468  HIT:    2153121  MISS:     436347
BTB BRANCH_INDIRECT	ACCESS:   13306335  HIT:   10755581  MISS:    2550754
BTB BRANCH_CONDITIONAL	ACCESS:    7093418  HIT:    6567664  MISS:     525754
BTB BRANCH_DIRECT_CALL	ACCESS:    3069763  HIT:    2279845  MISS:     789918
BTB BRANCH_INDIRECT_CALL	ACCESS:    1319619  HIT:     949541  MISS:     370078
BTB BRANCH_RETURN	ACCESS:    4389322  HIT:    2495285  MISS:    1894037
BTB BRANCH_OTHER ACCESS:          0  HIT:          0  MISS:          0

L2C TOTAL     ACCESS:   24434784  HIT:   23976009  MISS:     458775  HIT %:    98.1225  MISS %:    1.87755   MPKI: 2.29387
L2C LOAD      ACCESS:   21149263  HIT:   20991769  MISS:     157494  HIT %:    99.2553  MISS %:   0.744678   MPKI: 0.78747
L2C DATA LOAD MPKI: 0.74298
L2C INSTRUCTION LOAD MPKI: 0.04449
L2C RFO       ACCESS:     861178  HIT:     722292  MISS:     138886  HIT %:    83.8726  MISS %:    16.1274   MPKI: 0.69443
L2C PREFETCH  ACCESS:    1057982  HIT:     915236  MISS:     142746  HIT %:    86.5077  MISS %:    13.4923   MPKI: 0.71373
AGUS PREFETCH L1 MISS: 0
L2C DATA PREFETCH MPKI: 0.71373
L2C INSTRUCTION PREFETCH MPKI: 0
L2C WRITEBACK ACCESS:    1262124  HIT:    1261731  MISS:        393  HIT %:    99.9689  MISS %:   0.031138   MPKI: 0.001965
L2C LOAD TRANSLATION ACCESS:      87617  HIT:      68748  MISS:      18869  HIT %:    78.4642  MISS %:    21.5358   MPKI: 0.094345
L2C TRANSLATION FROM L1D PREFETCHER ACCESS:      16620  HIT:      16233  MISS:        387  HIT %:    97.6715  MISS %:    2.32852   MPKI: 0.001935
L2C PREFETCH  REQUESTED:          0  ISSUED:          0  USEFUL:      42822  USELESS:     100286
L2C USEFUL LOAD PREFETCHES:      42822 PREFETCH ISSUED TO LOWER LEVEL:     144334  ACCURACY: 29.6687
L2C TIMELY PREFETCHES:      42822 LATE PREFETCHES: 1588 DROPPED PREFETCHES: 0
L2C PREFETCHES SAME FILL-ORIGIN LEVEL: 116950 DIFFERENT FILL-ORIGIN LEVEL: 0
L2C AVERAGE MISS LATENCY:    84.9585 cycles AVERAGE LOAD MISS LATENCY:      74.32 cycles Load Miss     157494
L2C Average MSHR Occupancy:  0.0968119
L2C RQ	ACCESS:   22114731	FORWARD:          0	MERGED:          0	TO_CACHE:   22114678
L2C WQ	ACCESS:    1262124	FORWARD:         53	MERGED:          0	TO_CACHE:    1262124
L2C PQ	ACCESS:    1087308	FORWARD:          0	MERGED:        534	TO_CACHE:    1086774

L2C Instructions Evicting Data 8209
L2C Translations Evicting Data 18101
L2C Data Evicting Data 403879
L2C Instructions Evicting Instructions 342
L2C Translations Evicting Instructions 341
L2C Data Evicting Instructions 8376
L2C Instructions Evicting Translations 347
L2C Translations Evicting Translations 814
L2C Data Evicting Translations 17973
L2C Dense regions hint from L2: 0
PSCL5 TOTAL     ACCESS:      71422  HIT:      71422  MISS:          0  HIT %:        100  MISS %:          0   MPKI: 0
PSCL5 LOAD TRANSLATION ACCESS:      56489  HIT:      56489  MISS:          0  HIT %:        100  MISS %:          0   MPKI: 0
PSCL5 TRANSLATION FROM L1D PREFETCHER ACCESS:      14933  HIT:      14933  MISS:          0  HIT %:        100  MISS %:          0   MPKI: 0
PSCL5 PREFETCH  REQUESTED:          0  ISSUED:          0  USEFUL:          0  USELESS:          0
PSCL5 USEFUL LOAD PREFETCHES:          0 PREFETCH ISSUED TO LOWER LEVEL:          0  ACCURACY: -nan
PSCL5 TIMELY PREFETCHES:          0 LATE PREFETCHES: 0 DROPPED PREFETCHES: 0
PSCL5 PREFETCHES SAME FILL-ORIGIN LEVEL: 0 DIFFERENT FILL-ORIGIN LEVEL: 0

PSCL4 TOTAL     ACCESS:      70405  HIT:      69965  MISS:        440  HIT %:     99.375  MISS %:   0.624956   MPKI: 0.0022
PSCL4 LOAD TRANSLATION ACCESS:      55477  HIT:      55037  MISS:        440  HIT %:    99.2069  MISS %:   0.793121   MPKI: 0.0022
PSCL4 TRANSLATION FROM L1D PREFETCHER ACCESS:      14928  HIT:      14928  MISS:          0  HIT %:        100  MISS %:          0   MPKI: 0
PSCL4 PREFETCH  REQUESTED:          0  ISSUED:          0  USEFUL:          0  USELESS:          0
PSCL4 USEFUL LOAD PREFETCHES:          0 PREFETCH ISSUED TO LOWER LEVEL:          0  ACCURACY: -nan
PSCL4 TIMELY PREFETCHES:          0 LATE PREFETCHES: 0 DROPPED PREFETCHES: 0
PSCL4 PREFETCHES SAME FILL-ORIGIN LEVEL: 0 DIFFERENT FILL-ORIGIN LEVEL: 0

PSCL3 TOTAL     ACCESS:      65792  HIT:      57911  MISS:       7881  HIT %:    88.0213  MISS %:    11.9787   MPKI: 0.039405
PSCL3 LOAD TRANSLATION ACCESS:      52639  HIT:      44758  MISS:       7881  HIT %:    85.0282  MISS %:    14.9718   MPKI: 0.039405
PSCL3 TRANSLATION FROM L1D PREFETCHER ACCESS:      13153  HIT:      13153  MISS:          0  HIT %:        100  MISS %:          0   MPKI: 0
PSCL3 PREFETCH  REQUESTED:          0  ISSUED:          0  USEFUL:          0  USELESS:          0
PSCL3 USEFUL LOAD PREFETCHES:          0 PREFETCH ISSUED TO LOWER LEVEL:          0  ACCURACY: -nan
PSCL3 TIMELY PREFETCHES:          0 LATE PREFETCHES: 0 DROPPED PREFETCHES: 0
PSCL3 PREFETCHES SAME FILL-ORIGIN LEVEL: 0 DIFFERENT FILL-ORIGIN LEVEL: 0

PSCL2 TOTAL     ACCESS:      70115  HIT:      47280  MISS:      22835  HIT %:    67.4321  MISS %:    32.5679   MPKI: 0.114175
PSCL2 LOAD TRANSLATION ACCESS:      56510  HIT:      33675  MISS:      22835  HIT %:    59.5912  MISS %:    40.4088   MPKI: 0.114175
PSCL2 TRANSLATION FROM L1D PREFETCHER ACCESS:      13605  HIT:      13605  MISS:          0  HIT %:        100  MISS %:          0   MPKI: 0
PSCL2 PREFETCH  REQUESTED:          0  ISSUED:          0  USEFUL:          0  USELESS:          0
PSCL2 USEFUL LOAD PREFETCHES:          0 PREFETCH ISSUED TO LOWER LEVEL:          0  ACCURACY: -nan
PSCL2 TIMELY PREFETCHES:          0 LATE PREFETCHES: 0 DROPPED PREFETCHES: 0
PSCL2 PREFETCHES SAME FILL-ORIGIN LEVEL: 0 DIFFERENT FILL-ORIGIN LEVEL: 0

LLC TOTAL     ACCESS:     644906  HIT:     503620  MISS:     141286  HIT %:     78.092  MISS %:     21.908   MPKI: 0.70643
LLC LOAD      ACCESS:     155906  HIT:     127988  MISS:      27918  HIT %:    82.0931  MISS %:    17.9069   MPKI: 0.13959
LLC RFO       ACCESS:     138886  HIT:     122834  MISS:      16052  HIT %:    88.4423  MISS %:    11.5577   MPKI: 0.08026
LLC PREFETCH  ACCESS:     144334  HIT:      64584  MISS:      79750  HIT %:    44.7462  MISS %:    55.2538   MPKI: 0.39875
AGUS PREFETCH L1 MISS: 0
LLC WRITEBACK ACCESS:     186524  HIT:     171109  MISS:      15415  HIT %:    91.7356  MISS %:    8.26435   MPKI: 0.077075
LLC LOAD TRANSLATION ACCESS:      18869  HIT:      16795  MISS:       2074  HIT %:    89.0084  MISS %:    10.9916   MPKI: 0.01037
LLC TRANSLATION FROM L1D PREFETCHER ACCESS:        387  HIT:        310  MISS:         77  HIT %:    80.1034  MISS %:    19.8966   MPKI: 0.000385
LLC PREFETCH  REQUESTED:          0  ISSUED:          0  USEFUL:        681  USELESS:      17899
LLC USEFUL LOAD PREFETCHES:        681 PREFETCH ISSUED TO LOWER LEVEL:      79750  ACCURACY: 0.853918
LLC TIMELY PREFETCHES:        681 LATE PREFETCHES: 0 DROPPED PREFETCHES: 0
LLC PREFETCHES SAME FILL-ORIGIN LEVEL: 0 DIFFERENT FILL-ORIGIN LEVEL: 0
LLC AVERAGE MISS LATENCY:    130.812 cycles AVERAGE LOAD MISS LATENCY:    162.891 cycles Load Miss      27918
LLC Average MSHR Occupancy:  0.0457045
LLC RQ	ACCESS:     314048	FORWARD:          0	MERGED:          0	TO_CACHE:     314048
LLC WQ	ACCESS:     186524	FORWARD:          0	MERGED:          0	TO_CACHE:     186524
LLC PQ	ACCESS:     144334	FORWARD:          0	MERGED:          0	TO_CACHE:     144334

LLC Dense regions hint to LLC: 0

RAW hits: 3958835
Loads Generated: 57384660
Loads sent to L1D: 53425828
Stores Generated: 24961481
Stores sent to L1D: 24961489
Major fault: 0 Minor fault: 5261
Allocated PAGES: 5261
================ Mockingjay (LLC) Pollution Stats ================
Total pollution count in LLC: 8357
==================================================================

DRAM Statistics
 CHANNEL 0
 RQ ROW_BUFFER_HIT:      62420  ROW_BUFFER_MISS:      63451
 DBUS_CONGESTED:        118
 WQ ROW_BUFFER_HIT:       2653  ROW_BUFFER_MISS:      30250  FULL:          0

 AVG_CONGESTED_CYCLE: 4
 All warmup complete: 2
Channel 0 Bank busy for read cycles: 0
Channel 0 Bank busy for write cycles: 0
Channel 0
Rank 0
0banks busy for read cycles: 388818886
0banks busy for write cycles: 22990
1banks busy for read cycles: 6663747
1banks busy for write cycles: 3391762
2banks busy for read cycles: 1279165
2banks busy for write cycles: 382342
3banks busy for read cycles: 365726
3banks busy for write cycles: 95117
4banks busy for read cycles: 173448
4banks busy for write cycles: 45561
5banks busy for read cycles: 95001
5banks busy for write cycles: 29344
6banks busy for read cycles: 62291
6banks busy for write cycles: 28155
7banks busy for read cycles: 50575
7banks busy for write cycles: 26623
8banks busy for read cycles: 53271
8banks busy for write cycles: 40598

CPU 0 Branch Prediction Accuracy: 99.8096% MPKI: 0.339645 Average ROB Occupancy at Mispredict: 40.5724
Branch types
NOT_BRANCH: 164316027 82.158%
BRANCH_DIRECT_JUMP: 2589468 1.29473%
BRANCH_INDIRECT: 13306335 6.65317%
BRANCH_CONDITIONAL: 11008871 5.50444%
BRANCH_DIRECT_CALL: 3069763 1.53488%
BRANCH_INDIRECT_CALL: 1319619 0.659809%
BRANCH_RETURN: 4389322 2.19466%
BRANCH_OTHER: 0 0%

===================== LRU L1D STATS =====================
Total pollution count in L1D: 186850
=========================================================
================ SRRIP (L2C) Pollution Stats ================
Total pollution count in L2c: 296171
==================================================================
DRAM PAGES: 1048576
Allocated PAGES: 5261
