
*** ChampSim Multicore Out-of-Order Simulator ***

Warmup Instructions: 200000000
Simulation Instructions: 200000000
Number of CPUs: 1
LLC sets: 4096
LLC ways: 12
Off-chip DRAM Size: 4096 MB Channels: 1 Width: 64-bit Data Rate: 6400 MT/s
CPU 0 runs /home1/sweta/traces/qualcomm_traces/srv_43.champsimtrace.xz
.xz
BTB has LRU replacement policy
ITLB has LRU replacement policy
DTLB has LRU replacement policy
STLB has LRU replacement policy
L1I has LRU replacement policy
History Sets: 8
History Ways: 16
BERTI Size: 16
BERTI Stride Size: 16
L1D has LRU replacement policy
Initialize SRRIP state for L2C
Initialize Mockingjay state for LLC
Heartbeat CPU 0 instructions: 10000007 cycles: 2224957 heartbeat IPC: 4.49447 cumulative IPC: 4.49447 (Simulation time: 0 hr 0 min 28 sec) 
Heartbeat CPU 0 instructions: 20000000 cycles: 4445994 heartbeat IPC: 4.5024 cumulative IPC: 4.49843 (Simulation time: 0 hr 0 min 55 sec) 
Heartbeat CPU 0 instructions: 30000005 cycles: 6665843 heartbeat IPC: 4.50481 cumulative IPC: 4.50056 (Simulation time: 0 hr 1 min 22 sec) 
*** Reached end of trace for Core: 0 Repeating trace: /home1/sweta/traces/qualcomm_traces/srv_43.champsimtrace.xz
Heartbeat CPU 0 instructions: 40000007 cycles: 8887321 heartbeat IPC: 4.50151 cumulative IPC: 4.50079 (Simulation time: 0 hr 1 min 50 sec) 
Heartbeat CPU 0 instructions: 50000007 cycles: 11106805 heartbeat IPC: 4.50555 cumulative IPC: 4.50175 (Simulation time: 0 hr 2 min 17 sec) 
Heartbeat CPU 0 instructions: 60000001 cycles: 13328708 heartbeat IPC: 4.50064 cumulative IPC: 4.50156 (Simulation time: 0 hr 2 min 45 sec) 
*** Reached end of trace for Core: 0 Repeating trace: /home1/sweta/traces/qualcomm_traces/srv_43.champsimtrace.xz
Heartbeat CPU 0 instructions: 70000007 cycles: 15551256 heartbeat IPC: 4.49934 cumulative IPC: 4.50124 (Simulation time: 0 hr 3 min 11 sec) 
Heartbeat CPU 0 instructions: 80000003 cycles: 17770799 heartbeat IPC: 4.50543 cumulative IPC: 4.50177 (Simulation time: 0 hr 3 min 37 sec) 
Heartbeat CPU 0 instructions: 90000000 cycles: 19989991 heartbeat IPC: 4.50614 cumulative IPC: 4.50225 (Simulation time: 0 hr 4 min 3 sec) 
*** Reached end of trace for Core: 0 Repeating trace: /home1/sweta/traces/qualcomm_traces/srv_43.champsimtrace.xz
Heartbeat CPU 0 instructions: 100000005 cycles: 22211333 heartbeat IPC: 4.50179 cumulative IPC: 4.50221 (Simulation time: 0 hr 4 min 30 sec) 
Heartbeat CPU 0 instructions: 110000001 cycles: 24433025 heartbeat IPC: 4.50107 cumulative IPC: 4.5021 (Simulation time: 0 hr 4 min 56 sec) 
Heartbeat CPU 0 instructions: 120000003 cycles: 26652420 heartbeat IPC: 4.50573 cumulative IPC: 4.50241 (Simulation time: 0 hr 5 min 22 sec) 
*** Reached end of trace for Core: 0 Repeating trace: /home1/sweta/traces/qualcomm_traces/srv_43.champsimtrace.xz
Heartbeat CPU 0 instructions: 130000001 cycles: 28873454 heartbeat IPC: 4.50241 cumulative IPC: 4.50241 (Simulation time: 0 hr 5 min 47 sec) 
Heartbeat CPU 0 instructions: 140000003 cycles: 31094249 heartbeat IPC: 4.50289 cumulative IPC: 4.50244 (Simulation time: 0 hr 6 min 11 sec) 
Heartbeat CPU 0 instructions: 150000002 cycles: 33315190 heartbeat IPC: 4.5026 cumulative IPC: 4.50245 (Simulation time: 0 hr 6 min 35 sec) 
*** Reached end of trace for Core: 0 Repeating trace: /home1/sweta/traces/qualcomm_traces/srv_43.champsimtrace.xz
Heartbeat CPU 0 instructions: 160000003 cycles: 35535216 heartbeat IPC: 4.50445 cumulative IPC: 4.50258 (Simulation time: 0 hr 6 min 59 sec) 
Heartbeat CPU 0 instructions: 170000007 cycles: 37757005 heartbeat IPC: 4.50088 cumulative IPC: 4.50248 (Simulation time: 0 hr 7 min 22 sec) 
Heartbeat CPU 0 instructions: 180000000 cycles: 39977103 heartbeat IPC: 4.5043 cumulative IPC: 4.50258 (Simulation time: 0 hr 7 min 44 sec) 
*** Reached end of trace for Core: 0 Repeating trace: /home1/sweta/traces/qualcomm_traces/srv_43.champsimtrace.xz
Heartbeat CPU 0 instructions: 190000002 cycles: 42197091 heartbeat IPC: 4.50453 cumulative IPC: 4.50268 (Simulation time: 0 hr 8 min 6 sec) 
Heartbeat CPU 0 instructions: 200000003 cycles: 44421376 heartbeat IPC: 4.49583 cumulative IPC: 4.50234 (Simulation time: 0 hr 8 min 28 sec) 

Warmup complete CPU 0 instructions: 200000003 cycles: 44421376 (Simulation time: 0 hr 8 min 28 sec) 

Heartbeat CPU 0 instructions: 210000006 cycles: 71722386 heartbeat IPC: 0.366287 cumulative IPC: 0.366287 (Simulation time: 0 hr 8 min 57 sec) 
*** Reached end of trace for Core: 0 Repeating trace: /home1/sweta/traces/qualcomm_traces/srv_43.champsimtrace.xz
Heartbeat CPU 0 instructions: 220000002 cycles: 99095494 heartbeat IPC: 0.365322 cumulative IPC: 0.365804 (Simulation time: 0 hr 9 min 26 sec) 
Heartbeat CPU 0 instructions: 230000005 cycles: 126324825 heartbeat IPC: 0.367251 cumulative IPC: 0.366285 (Simulation time: 0 hr 9 min 56 sec) 
Heartbeat CPU 0 instructions: 240000000 cycles: 153518023 heartbeat IPC: 0.367739 cumulative IPC: 0.366647 (Simulation time: 0 hr 10 min 25 sec) 
*** Reached end of trace for Core: 0 Repeating trace: /home1/sweta/traces/qualcomm_traces/srv_43.champsimtrace.xz
Heartbeat CPU 0 instructions: 250000002 cycles: 180873606 heartbeat IPC: 0.365556 cumulative IPC: 0.366429 (Simulation time: 0 hr 10 min 54 sec) 
Heartbeat CPU 0 instructions: 260000003 cycles: 208143348 heartbeat IPC: 0.366707 cumulative IPC: 0.366475 (Simulation time: 0 hr 11 min 22 sec) 
Heartbeat CPU 0 instructions: 270000000 cycles: 235396384 heartbeat IPC: 0.366931 cumulative IPC: 0.36654 (Simulation time: 0 hr 11 min 51 sec) 
*** Reached end of trace for Core: 0 Repeating trace: /home1/sweta/traces/qualcomm_traces/srv_43.champsimtrace.xz
Heartbeat CPU 0 instructions: 280000000 cycles: 262739576 heartbeat IPC: 0.365722 cumulative IPC: 0.366438 (Simulation time: 0 hr 12 min 19 sec) 
Heartbeat CPU 0 instructions: 290000003 cycles: 289956246 heartbeat IPC: 0.367422 cumulative IPC: 0.366547 (Simulation time: 0 hr 12 min 47 sec) 
Heartbeat CPU 0 instructions: 300000004 cycles: 317200273 heartbeat IPC: 0.367053 cumulative IPC: 0.366597 (Simulation time: 0 hr 13 min 17 sec) 
Heartbeat CPU 0 instructions: 310000000 cycles: 344566114 heartbeat IPC: 0.365419 cumulative IPC: 0.36649 (Simulation time: 0 hr 13 min 47 sec) 
*** Reached end of trace for Core: 0 Repeating trace: /home1/sweta/traces/qualcomm_traces/srv_43.champsimtrace.xz
Heartbeat CPU 0 instructions: 320000000 cycles: 371789607 heartbeat IPC: 0.36733 cumulative IPC: 0.36656 (Simulation time: 0 hr 14 min 15 sec) 
Heartbeat CPU 0 instructions: 330000003 cycles: 399025337 heartbeat IPC: 0.367165 cumulative IPC: 0.366606 (Simulation time: 0 hr 14 min 44 sec) 
Heartbeat CPU 0 instructions: 340000000 cycles: 426336204 heartbeat IPC: 0.366154 cumulative IPC: 0.366574 (Simulation time: 0 hr 15 min 13 sec) 
*** Reached end of trace for Core: 0 Repeating trace: /home1/sweta/traces/qualcomm_traces/srv_43.champsimtrace.xz
Heartbeat CPU 0 instructions: 350000004 cycles: 453599283 heartbeat IPC: 0.366797 cumulative IPC: 0.366589 (Simulation time: 0 hr 15 min 41 sec) 
Heartbeat CPU 0 instructions: 360000000 cycles: 480845184 heartbeat IPC: 0.367028 cumulative IPC: 0.366616 (Simulation time: 0 hr 16 min 9 sec) 
Heartbeat CPU 0 instructions: 370000002 cycles: 508196739 heartbeat IPC: 0.36561 cumulative IPC: 0.366557 (Simulation time: 0 hr 16 min 37 sec) 
*** Reached end of trace for Core: 0 Repeating trace: /home1/sweta/traces/qualcomm_traces/srv_43.champsimtrace.xz
Heartbeat CPU 0 instructions: 380000000 cycles: 535446473 heartbeat IPC: 0.366976 cumulative IPC: 0.36658 (Simulation time: 0 hr 17 min 6 sec) 
Heartbeat CPU 0 instructions: 390000003 cycles: 562654079 heartbeat IPC: 0.367544 cumulative IPC: 0.366631 (Simulation time: 0 hr 17 min 34 sec) 
Heartbeat CPU 0 instructions: 400000001 cycles: 589951365 heartbeat IPC: 0.366337 cumulative IPC: 0.366616 (Simulation time: 0 hr 18 min 1 sec) 
Finished CPU 0 instructions: 200000001 cycles: 545529994 cumulative IPC: 0.366616 (Simulation time: 0 hr 18 min 1 sec) 

ChampSim completed all CPUs

Region of Interest Statistics

CPU 0 cumulative IPC: 0.366616 instructions: 200000001 cycles: 545529994
ITLB TOTAL     ACCESS:   27043100  HIT:   25398907  MISS:    1644193  HIT %:    93.9201  MISS %:     6.0799   MPKI: 8.22096
ITLB LOAD TRANSLATION ACCESS:   27043100  HIT:   25398907  MISS:    1644193  HIT %:    93.9201  MISS %:     6.0799   MPKI: 8.22096
ITLB PREFETCH  REQUESTED:          0  ISSUED:          0  USEFUL:          0  USELESS:          0
ITLB USEFUL LOAD PREFETCHES:          0 PREFETCH ISSUED TO LOWER LEVEL:          0  ACCURACY: -nan
ITLB TIMELY PREFETCHES:          0 LATE PREFETCHES: 0 DROPPED PREFETCHES: 0
ITLB PREFETCHES SAME FILL-ORIGIN LEVEL: 0 DIFFERENT FILL-ORIGIN LEVEL: 0
ITLB AVERAGE MISS LATENCY:    9.46704 cycles AVERAGE LOAD MISS LATENCY:       -nan cycles Load Miss          0
ITLB Average MSHR Occupancy:  0.0258064
ITLB RQ	ACCESS:   31862206	FORWARD:          0	MERGED:    3823709	TO_CACHE:   28038497

DTLB TOTAL     ACCESS:   42464635  HIT:   40658985  MISS:    1805650  HIT %:    95.7479  MISS %:    4.25213   MPKI: 9.02825
DTLB LOAD TRANSLATION ACCESS:   42464635  HIT:   40658985  MISS:    1805650  HIT %:    95.7479  MISS %:    4.25213   MPKI: 9.02825
DTLB PREFETCH  REQUESTED:          0  ISSUED:          0  USEFUL:          0  USELESS:          0
DTLB USEFUL LOAD PREFETCHES:          0 PREFETCH ISSUED TO LOWER LEVEL:          0  ACCURACY: -nan
DTLB TIMELY PREFETCHES:          0 LATE PREFETCHES: 0 DROPPED PREFETCHES: 0
DTLB PREFETCHES SAME FILL-ORIGIN LEVEL: 0 DIFFERENT FILL-ORIGIN LEVEL: 0
DTLB AVERAGE MISS LATENCY:    10.5185 cycles AVERAGE LOAD MISS LATENCY:       -nan cycles Load Miss          0
DTLB Average MSHR Occupancy:  0.0326656
DTLB RQ	ACCESS:   59588994	FORWARD:          0	MERGED:   17013985	TO_CACHE:   42575009

STLB TOTAL     ACCESS:    3559774  HIT:    3441448  MISS:     118326  HIT %:     96.676  MISS %:    3.32398   MPKI: 0.59163
STLB LOAD TRANSLATION ACCESS:    3449842  HIT:    3331871  MISS:     117971  HIT %:    96.5804  MISS %:    3.41961   MPKI: 0.589855
STLB TRANSLATION FROM L1D PREFETCHER ACCESS:     109932  HIT:     109577  MISS:        355  HIT %:    99.6771  MISS %:   0.322927   MPKI: 0.001775
STLB PREFETCH  REQUESTED:          0  ISSUED:          0  USEFUL:        335  USELESS:         20
STLB USEFUL LOAD PREFETCHES:        335 PREFETCH ISSUED TO LOWER LEVEL:          0  ACCURACY: inf
STLB TIMELY PREFETCHES:        335 LATE PREFETCHES: 0 DROPPED PREFETCHES: 647
STLB PREFETCHES SAME FILL-ORIGIN LEVEL: 0 DIFFERENT FILL-ORIGIN LEVEL: 0
STLB AVERAGE MISS LATENCY:    29.2869 cycles AVERAGE LOAD MISS LATENCY:       -nan cycles Load Miss          0
STLB Average MSHR Occupancy: 0.00700636
STLB RQ	ACCESS:    3679768	FORWARD:          0	MERGED:     119344	TO_CACHE:    3560424

STLB Hit, L1D data hit: 0
STLB Hit, L2C data hit: 0
STLB Hit, LLC data hit: 0
STLB Hit, LLC data miss: 0
STLB STLB hints to L2: 0
L1D TOTAL     ACCESS:   57843395  HIT:   53352920  MISS:    4490475  HIT %:    92.2368  MISS %:    7.76316   MPKI: 22.4524
L1D LOAD      ACCESS:   34005365  HIT:   30813893  MISS:    3191472  HIT %:    90.6148  MISS %:     9.3852   MPKI: 15.9574
L1D RFO       ACCESS:   23683117  HIT:   22400449  MISS:    1282668  HIT %:     94.584  MISS %:    5.41596   MPKI: 6.41334
L1D PREFETCH  ACCESS:     154913  HIT:     138578  MISS:      16335  HIT %:    89.4554  MISS %:    10.5446   MPKI: 0.081675
AGUS PREFETCH L1 MISS: 0
L1D PREFETCH  REQUESTED:     510576  ISSUED:     471519  USEFUL:      14693  USELESS:       1642
L1D USEFUL LOAD PREFETCHES:      14693 PREFETCH ISSUED TO LOWER LEVEL:      87224  ACCURACY: 16.8451
L1D TIMELY PREFETCHES:      14693 LATE PREFETCHES: 97 DROPPED PREFETCHES: 1357
L1D PREFETCHES SAME FILL-ORIGIN LEVEL: 16432 DIFFERENT FILL-ORIGIN LEVEL: 70792
L1D AVERAGE MISS LATENCY:    16.0787 cycles AVERAGE LOAD MISS LATENCY:    16.1271 cycles Load Miss    3191472
L1D Average MSHR Occupancy:   0.144081
L1D RQ	ACCESS:   45633834	FORWARD:          0	MERGED:   11411790	TO_CACHE:   34064319
L1D WQ	ACCESS:   25870634	FORWARD:     157725	MERGED:     345959	TO_CACHE:   25524675
L1D PQ	ACCESS:     241593	FORWARD:          0	MERGED:      11667	TO_CACHE:     229926

L1D UNIQUE REGIONS ACCESSED: 0
L1D REGIONS CONFLICTS: 0
L1D Cross Page Prefetch Requests: 47453
L1D Same Page Prefetch Requests: 509556
L1D ROI Sum of L1D PQ occupancy: 3239893
L1D PREFETCHES PUSHED FROM L2C: 0
L1I TOTAL     ACCESS:   31318325  HIT:   10670306  MISS:   20648019  HIT %:    34.0705  MISS %:    65.9295   MPKI: 103.24
L1I LOAD      ACCESS:   31318325  HIT:   10670306  MISS:   20648019  HIT %:    34.0705  MISS %:    65.9295   MPKI: 103.24
L1I PREFETCH  REQUESTED:          0  ISSUED:          0  USEFUL:          0  USELESS:          0
L1I USEFUL LOAD PREFETCHES:          0 PREFETCH ISSUED TO LOWER LEVEL:          0  ACCURACY: -nan
L1I TIMELY PREFETCHES:          0 LATE PREFETCHES: 0 DROPPED PREFETCHES: 0
L1I PREFETCHES SAME FILL-ORIGIN LEVEL: 0 DIFFERENT FILL-ORIGIN LEVEL: 0
L1I AVERAGE MISS LATENCY:    14.1305 cycles AVERAGE LOAD MISS LATENCY:    14.1305 cycles Load Miss   20648019
L1I Average MSHR Occupancy:   0.524982
L1I RQ	ACCESS:   51555636	FORWARD:          0	MERGED:   19693430	TO_CACHE:   31862206

BTB TOTAL     ACCESS:   29902128  HIT:   19969816  MISS:    9932312  HIT %:    66.7839  MISS %:    33.2161   MPKI: 49.6616
BTB BRANCH_DIRECT_JUMP	ACCESS:    2616591  HIT:    1794669  MISS:     821922
BTB BRANCH_INDIRECT	ACCESS:   12515884  HIT:    8362948  MISS:    4152936
BTB BRANCH_CONDITIONAL	ACCESS:    6697775  HIT:    5806537  MISS:     891238
BTB BRANCH_DIRECT_CALL	ACCESS:    3084362  HIT:    1615954  MISS:    1468408
BTB BRANCH_INDIRECT_CALL	ACCESS:     951585  HIT:     669115  MISS:     282470
BTB BRANCH_RETURN	ACCESS:    4035931  HIT:    1720593  MISS:    2315338
BTB BRANCH_OTHER ACCESS:          0  HIT:          0  MISS:          0

L2C TOTAL     ACCESS:   27466648  HIT:   27383794  MISS:      82854  HIT %:    99.6983  MISS %:   0.301653   MPKI: 0.41427
L2C LOAD      ACCESS:   23839387  HIT:   23781850  MISS:      57537  HIT %:    99.7586  MISS %:   0.241353   MPKI: 0.287685
L2C DATA LOAD MPKI: 0.26995
L2C INSTRUCTION LOAD MPKI: 0.017735
L2C RFO       ACCESS:    1282666  HIT:    1268365  MISS:      14301  HIT %:    98.8851  MISS %:    1.11494   MPKI: 0.071505
L2C PREFETCH  ACCESS:      86911  HIT:      80203  MISS:       6708  HIT %:    92.2818  MISS %:    7.71824   MPKI: 0.03354
AGUS PREFETCH L1 MISS: 0
L2C DATA PREFETCH MPKI: 0.03354
L2C INSTRUCTION PREFETCH MPKI: 0
L2C WRITEBACK ACCESS:    2048952  HIT:    2048899  MISS:         53  HIT %:    99.9974  MISS %: 0.00258669   MPKI: 0.000265
L2C LOAD TRANSLATION ACCESS:     207522  HIT:     203320  MISS:       4202  HIT %:    97.9752  MISS %:    2.02485   MPKI: 0.02101
L2C TRANSLATION FROM L1D PREFETCHER ACCESS:       1210  HIT:       1157  MISS:         53  HIT %:    95.6198  MISS %:    4.38017   MPKI: 0.000265
L2C PREFETCH  REQUESTED:          0  ISSUED:          0  USEFUL:        185  USELESS:       6862
L2C USEFUL LOAD PREFETCHES:        185 PREFETCH ISSUED TO LOWER LEVEL:       6709  ACCURACY: 2.75749
L2C TIMELY PREFETCHES:        185 LATE PREFETCHES: 1 DROPPED PREFETCHES: 0
L2C PREFETCHES SAME FILL-ORIGIN LEVEL: 667 DIFFERENT FILL-ORIGIN LEVEL: 0
L2C AVERAGE MISS LATENCY:    59.5499 cycles AVERAGE LOAD MISS LATENCY:    60.1392 cycles Load Miss      57537
L2C Average MSHR Occupancy: 0.00897526
L2C RQ	ACCESS:   25330792	FORWARD:          0	MERGED:          0	TO_CACHE:   25330784
L2C WQ	ACCESS:    2048952	FORWARD:          8	MERGED:          0	TO_CACHE:    2048952
L2C PQ	ACCESS:      87224	FORWARD:          0	MERGED:          2	TO_CACHE:      87222

L2C Instructions Evicting Data 3157
L2C Translations Evicting Data 3868
L2C Data Evicting Data 68025
L2C Instructions Evicting Instructions 153
L2C Translations Evicting Instructions 178
L2C Data Evicting Instructions 3158
L2C Instructions Evicting Translations 237
L2C Translations Evicting Translations 209
L2C Data Evicting Translations 3784
L2C Dense regions hint from L2: 0
PSCL5 TOTAL     ACCESS:     118973  HIT:     118973  MISS:          0  HIT %:        100  MISS %:          0   MPKI: 0
PSCL5 LOAD TRANSLATION ACCESS:     117971  HIT:     117971  MISS:          0  HIT %:        100  MISS %:          0   MPKI: 0
PSCL5 TRANSLATION FROM L1D PREFETCHER ACCESS:       1002  HIT:       1002  MISS:          0  HIT %:        100  MISS %:          0   MPKI: 0
PSCL5 PREFETCH  REQUESTED:          0  ISSUED:          0  USEFUL:          0  USELESS:          0
PSCL5 USEFUL LOAD PREFETCHES:          0 PREFETCH ISSUED TO LOWER LEVEL:          0  ACCURACY: -nan
PSCL5 TIMELY PREFETCHES:          0 LATE PREFETCHES: 0 DROPPED PREFETCHES: 0
PSCL5 PREFETCHES SAME FILL-ORIGIN LEVEL: 0 DIFFERENT FILL-ORIGIN LEVEL: 0

PSCL4 TOTAL     ACCESS:     112303  HIT:     108989  MISS:       3314  HIT %:    97.0491  MISS %:    2.95095   MPKI: 0.01657
PSCL4 LOAD TRANSLATION ACCESS:     111301  HIT:     107987  MISS:       3314  HIT %:    97.0225  MISS %:    2.97751   MPKI: 0.01657
PSCL4 TRANSLATION FROM L1D PREFETCHER ACCESS:       1002  HIT:       1002  MISS:          0  HIT %:        100  MISS %:          0   MPKI: 0
PSCL4 PREFETCH  REQUESTED:          0  ISSUED:          0  USEFUL:          0  USELESS:          0
PSCL4 USEFUL LOAD PREFETCHES:          0 PREFETCH ISSUED TO LOWER LEVEL:          0  ACCURACY: -nan
PSCL4 TIMELY PREFETCHES:          0 LATE PREFETCHES: 0 DROPPED PREFETCHES: 0
PSCL4 PREFETCHES SAME FILL-ORIGIN LEVEL: 0 DIFFERENT FILL-ORIGIN LEVEL: 0

PSCL3 TOTAL     ACCESS:     112191  HIT:      88661  MISS:      23530  HIT %:    79.0268  MISS %:    20.9732   MPKI: 0.11765
PSCL3 LOAD TRANSLATION ACCESS:     111312  HIT:      87782  MISS:      23530  HIT %:    78.8612  MISS %:    21.1388   MPKI: 0.11765
PSCL3 TRANSLATION FROM L1D PREFETCHER ACCESS:        879  HIT:        879  MISS:          0  HIT %:        100  MISS %:          0   MPKI: 0
PSCL3 PREFETCH  REQUESTED:          0  ISSUED:          0  USEFUL:          0  USELESS:          0
PSCL3 USEFUL LOAD PREFETCHES:          0 PREFETCH ISSUED TO LOWER LEVEL:          0  ACCURACY: -nan
PSCL3 TIMELY PREFETCHES:          0 LATE PREFETCHES: 0 DROPPED PREFETCHES: 0
PSCL3 PREFETCHES SAME FILL-ORIGIN LEVEL: 0 DIFFERENT FILL-ORIGIN LEVEL: 0

PSCL2 TOTAL     ACCESS:     118822  HIT:      56076  MISS:      62746  HIT %:    47.1933  MISS %:    52.8067   MPKI: 0.31373
PSCL2 LOAD TRANSLATION ACCESS:     118000  HIT:      55254  MISS:      62746  HIT %:    46.8254  MISS %:    53.1746   MPKI: 0.31373
PSCL2 TRANSLATION FROM L1D PREFETCHER ACCESS:        822  HIT:        822  MISS:          0  HIT %:        100  MISS %:          0   MPKI: 0
PSCL2 PREFETCH  REQUESTED:          0  ISSUED:          0  USEFUL:          0  USELESS:          0
PSCL2 USEFUL LOAD PREFETCHES:          0 PREFETCH ISSUED TO LOWER LEVEL:          0  ACCURACY: -nan
PSCL2 TIMELY PREFETCHES:          0 LATE PREFETCHES: 0 DROPPED PREFETCHES: 0
PSCL2 PREFETCHES SAME FILL-ORIGIN LEVEL: 0 DIFFERENT FILL-ORIGIN LEVEL: 0

LLC TOTAL     ACCESS:     115524  HIT:     106768  MISS:       8756  HIT %:    92.4206  MISS %:    7.57938   MPKI: 0.04378
LLC LOAD      ACCESS:      57536  HIT:      52520  MISS:       5016  HIT %:     91.282  MISS %:    8.71802   MPKI: 0.02508
LLC RFO       ACCESS:      14301  HIT:      12935  MISS:       1366  HIT %:    90.4482  MISS %:    9.55178   MPKI: 0.00683
LLC PREFETCH  ACCESS:       6709  HIT:       6263  MISS:        446  HIT %:    93.3522  MISS %:    6.64779   MPKI: 0.00223
AGUS PREFETCH L1 MISS: 0
LLC WRITEBACK ACCESS:      32723  HIT:      30974  MISS:       1749  HIT %:    94.6551  MISS %:    5.34486   MPKI: 0.008745
LLC LOAD TRANSLATION ACCESS:       4202  HIT:       4036  MISS:        166  HIT %:    96.0495  MISS %:     3.9505   MPKI: 0.00083
LLC TRANSLATION FROM L1D PREFETCHER ACCESS:         53  HIT:         40  MISS:         13  HIT %:    75.4717  MISS %:    24.5283   MPKI: 6.5e-05
LLC PREFETCH  REQUESTED:          0  ISSUED:          0  USEFUL:         18  USELESS:        311
LLC USEFUL LOAD PREFETCHES:         18 PREFETCH ISSUED TO LOWER LEVEL:        446  ACCURACY: 4.03587
LLC TIMELY PREFETCHES:         18 LATE PREFETCHES: 0 DROPPED PREFETCHES: 0
LLC PREFETCHES SAME FILL-ORIGIN LEVEL: 0 DIFFERENT FILL-ORIGIN LEVEL: 0
LLC AVERAGE MISS LATENCY:     137.95 cycles AVERAGE LOAD MISS LATENCY:    173.661 cycles Load Miss       5016
LLC Average MSHR Occupancy: 0.00220132
LLC RQ	ACCESS:      76092	FORWARD:          0	MERGED:          0	TO_CACHE:      76092
LLC WQ	ACCESS:      32723	FORWARD:          0	MERGED:          0	TO_CACHE:      32723
LLC PQ	ACCESS:       6709	FORWARD:          0	MERGED:          0	TO_CACHE:       6709

LLC Dense regions hint to LLC: 0

RAW hits: 4148227
Loads Generated: 49782065
Loads sent to L1D: 45633834
Stores Generated: 25870618
Stores sent to L1D: 25870634
Major fault: 0 Minor fault: 4436
Allocated PAGES: 4436
================ Mockingjay (LLC) Pollution Stats ================
Total pollution count in LLC: 384
==================================================================

DRAM Statistics
 CHANNEL 0
 RQ ROW_BUFFER_HIT:        897  ROW_BUFFER_MISS:       6110
 DBUS_CONGESTED:          0
 WQ ROW_BUFFER_HIT:        324  ROW_BUFFER_MISS:       3487  FULL:          0

 AVG_CONGESTED_CYCLE: -
 All warmup complete: 2
Channel 0 Bank busy for read cycles: 0
Channel 0 Bank busy for write cycles: 0
Channel 0
Rank 0
0banks busy for read cycles: 544128038
0banks busy for write cycles: 3377
1banks busy for read cycles: 770590
1banks busy for write cycles: 494757
2banks busy for read cycles: 84829
2banks busy for write cycles: 37074
3banks busy for read cycles: 4370
3banks busy for write cycles: 3990
4banks busy for read cycles: 1938
4banks busy for write cycles: 752
5banks busy for read cycles: 48
5banks busy for write cycles: 232
6banks busy for read cycles: 0
6banks busy for write cycles: 0
7banks busy for read cycles: 0
7banks busy for write cycles: 0
8banks busy for read cycles: 0
8banks busy for write cycles: 0

CPU 0 Branch Prediction Accuracy: 99.838% MPKI: 0.288275 Average ROB Occupancy at Mispredict: 57.6845
Branch types
NOT_BRANCH: 164405171 82.2026%
BRANCH_DIRECT_JUMP: 2616591 1.3083%
BRANCH_INDIRECT: 12515884 6.25794%
BRANCH_CONDITIONAL: 12390005 6.195%
BRANCH_DIRECT_CALL: 3084362 1.54218%
BRANCH_INDIRECT_CALL: 951585 0.475792%
BRANCH_RETURN: 4035931 2.01797%
BRANCH_OTHER: 0 0%

===================== LRU L1D STATS =====================
Total pollution count in L1D: 12840
=========================================================
================ SRRIP (L2C) Pollution Stats ================
Total pollution count in L2c: 112071
==================================================================
DRAM PAGES: 1048576
Allocated PAGES: 4436
