
*** ChampSim Multicore Out-of-Order Simulator ***

Warmup Instructions: 200000000
Simulation Instructions: 200000000
Number of CPUs: 1
LLC sets: 4096
LLC ways: 12
Off-chip DRAM Size: 4096 MB Channels: 1 Width: 64-bit Data Rate: 6400 MT/s
CPU 0 runs /home1/sweta/traces/qualcomm_traces/srv_9.champsimtrace.xz
.xz
BTB has LRU replacement policy
ITLB has LRU replacement policy
DTLB has LRU replacement policy
STLB has LRU replacement policy
L1I has LRU replacement policy
History Sets: 8
History Ways: 16
BERTI Size: 16
BERTI Stride Size: 16
L1D has LRU replacement policy
Initialize SRRIP state for L2C
Initialize Mockingjay state for LLC
Heartbeat CPU 0 instructions: 10000000 cycles: 3095914 heartbeat IPC: 3.23006 cumulative IPC: 3.23006 (Simulation time: 0 hr 0 min 34 sec) 
Heartbeat CPU 0 instructions: 20000004 cycles: 6854653 heartbeat IPC: 2.66047 cumulative IPC: 2.91773 (Simulation time: 0 hr 1 min 8 sec) 
Heartbeat CPU 0 instructions: 30000000 cycles: 9933290 heartbeat IPC: 3.24819 cumulative IPC: 3.02015 (Simulation time: 0 hr 1 min 25 sec) 
*** Reached end of trace for Core: 0 Repeating trace: /home1/sweta/traces/qualcomm_traces/srv_9.champsimtrace.xz
Heartbeat CPU 0 instructions: 40000002 cycles: 12967332 heartbeat IPC: 3.29593 cumulative IPC: 3.08467 (Simulation time: 0 hr 1 min 54 sec) 
Heartbeat CPU 0 instructions: 50000003 cycles: 16616454 heartbeat IPC: 2.74039 cumulative IPC: 3.00907 (Simulation time: 0 hr 2 min 25 sec) 
Heartbeat CPU 0 instructions: 60000001 cycles: 19876856 heartbeat IPC: 3.06711 cumulative IPC: 3.01859 (Simulation time: 0 hr 2 min 44 sec) 
*** Reached end of trace for Core: 0 Repeating trace: /home1/sweta/traces/qualcomm_traces/srv_9.champsimtrace.xz
Heartbeat CPU 0 instructions: 70000001 cycles: 22848571 heartbeat IPC: 3.36506 cumulative IPC: 3.06365 (Simulation time: 0 hr 3 min 11 sec) 
Heartbeat CPU 0 instructions: 80000003 cycles: 26634317 heartbeat IPC: 2.64149 cumulative IPC: 3.00364 (Simulation time: 0 hr 3 min 42 sec) 
Heartbeat CPU 0 instructions: 90000000 cycles: 29819078 heartbeat IPC: 3.13995 cumulative IPC: 3.0182 (Simulation time: 0 hr 4 min 1 sec) 
*** Reached end of trace for Core: 0 Repeating trace: /home1/sweta/traces/qualcomm_traces/srv_9.champsimtrace.xz
Heartbeat CPU 0 instructions: 100000004 cycles: 32726955 heartbeat IPC: 3.43894 cumulative IPC: 3.05559 (Simulation time: 0 hr 4 min 26 sec) 
Heartbeat CPU 0 instructions: 110000006 cycles: 36660697 heartbeat IPC: 2.54211 cumulative IPC: 3.00049 (Simulation time: 0 hr 4 min 57 sec) 
Heartbeat CPU 0 instructions: 120000001 cycles: 39765466 heartbeat IPC: 3.22085 cumulative IPC: 3.01769 (Simulation time: 0 hr 5 min 14 sec) 
*** Reached end of trace for Core: 0 Repeating trace: /home1/sweta/traces/qualcomm_traces/srv_9.champsimtrace.xz
Heartbeat CPU 0 instructions: 130000003 cycles: 42608938 heartbeat IPC: 3.51683 cumulative IPC: 3.051 (Simulation time: 0 hr 5 min 37 sec) 
Heartbeat CPU 0 instructions: 140000000 cycles: 46613198 heartbeat IPC: 2.49734 cumulative IPC: 3.00344 (Simulation time: 0 hr 6 min 10 sec) 
Heartbeat CPU 0 instructions: 150000000 cycles: 49705616 heartbeat IPC: 3.23372 cumulative IPC: 3.01777 (Simulation time: 0 hr 6 min 28 sec) 
*** Reached end of trace for Core: 0 Repeating trace: /home1/sweta/traces/qualcomm_traces/srv_9.champsimtrace.xz
Heartbeat CPU 0 instructions: 160000007 cycles: 52483812 heartbeat IPC: 3.59946 cumulative IPC: 3.04856 (Simulation time: 0 hr 6 min 50 sec) 
Heartbeat CPU 0 instructions: 170000002 cycles: 56551119 heartbeat IPC: 2.45863 cumulative IPC: 3.00613 (Simulation time: 0 hr 7 min 23 sec) 
Heartbeat CPU 0 instructions: 180000000 cycles: 59643370 heartbeat IPC: 3.23389 cumulative IPC: 3.01794 (Simulation time: 0 hr 7 min 41 sec) 
*** Reached end of trace for Core: 0 Repeating trace: /home1/sweta/traces/qualcomm_traces/srv_9.champsimtrace.xz
Heartbeat CPU 0 instructions: 190000000 cycles: 62350208 heartbeat IPC: 3.69435 cumulative IPC: 3.0473 (Simulation time: 0 hr 8 min 2 sec) 
Heartbeat CPU 0 instructions: 200000000 cycles: 66554113 heartbeat IPC: 2.37874 cumulative IPC: 3.00507 (Simulation time: 0 hr 8 min 36 sec) 

Warmup complete CPU 0 instructions: 200000003 cycles: 66554114 (Simulation time: 0 hr 8 min 36 sec) 

Heartbeat CPU 0 instructions: 210000000 cycles: 91712287 heartbeat IPC: 0.397485 cumulative IPC: 0.397485 (Simulation time: 0 hr 9 min 7 sec) 
*** Reached end of trace for Core: 0 Repeating trace: /home1/sweta/traces/qualcomm_traces/srv_9.champsimtrace.xz
Heartbeat CPU 0 instructions: 220000001 cycles: 109972038 heartbeat IPC: 0.547653 cumulative IPC: 0.460639 (Simulation time: 0 hr 9 min 36 sec) 
Heartbeat CPU 0 instructions: 230000000 cycles: 148902757 heartbeat IPC: 0.256867 cumulative IPC: 0.364305 (Simulation time: 0 hr 10 min 16 sec) 
Heartbeat CPU 0 instructions: 240000001 cycles: 174713939 heartbeat IPC: 0.387429 cumulative IPC: 0.369823 (Simulation time: 0 hr 10 min 50 sec) 
*** Reached end of trace for Core: 0 Repeating trace: /home1/sweta/traces/qualcomm_traces/srv_9.champsimtrace.xz
Heartbeat CPU 0 instructions: 250000007 cycles: 192533034 heartbeat IPC: 0.561196 cumulative IPC: 0.396892 (Simulation time: 0 hr 11 min 21 sec) 
Heartbeat CPU 0 instructions: 260000000 cycles: 230944871 heartbeat IPC: 0.260336 cumulative IPC: 0.364984 (Simulation time: 0 hr 12 min 0 sec) 
Heartbeat CPU 0 instructions: 270000000 cycles: 257646380 heartbeat IPC: 0.374511 cumulative IPC: 0.366315 (Simulation time: 0 hr 12 min 33 sec) 
*** Reached end of trace for Core: 0 Repeating trace: /home1/sweta/traces/qualcomm_traces/srv_9.champsimtrace.xz
Heartbeat CPU 0 instructions: 280000006 cycles: 276170499 heartbeat IPC: 0.539837 cumulative IPC: 0.38165 (Simulation time: 0 hr 13 min 2 sec) 
Heartbeat CPU 0 instructions: 290000000 cycles: 312960623 heartbeat IPC: 0.271812 cumulative IPC: 0.36525 (Simulation time: 0 hr 13 min 40 sec) 
Heartbeat CPU 0 instructions: 300000003 cycles: 340539469 heartbeat IPC: 0.362597 cumulative IPC: 0.364983 (Simulation time: 0 hr 14 min 12 sec) 
*** Reached end of trace for Core: 0 Repeating trace: /home1/sweta/traces/qualcomm_traces/srv_9.champsimtrace.xz
Heartbeat CPU 0 instructions: 310000002 cycles: 359250843 heartbeat IPC: 0.534434 cumulative IPC: 0.375816 (Simulation time: 0 hr 14 min 39 sec) 
Heartbeat CPU 0 instructions: 320000002 cycles: 394876127 heartbeat IPC: 0.2807 cumulative IPC: 0.365495 (Simulation time: 0 hr 15 min 15 sec) 
Heartbeat CPU 0 instructions: 330000002 cycles: 423321785 heartbeat IPC: 0.351548 cumulative IPC: 0.364383 (Simulation time: 0 hr 15 min 45 sec) 
*** Reached end of trace for Core: 0 Repeating trace: /home1/sweta/traces/qualcomm_traces/srv_9.champsimtrace.xz
Heartbeat CPU 0 instructions: 340000003 cycles: 442625015 heartbeat IPC: 0.518048 cumulative IPC: 0.37227 (Simulation time: 0 hr 16 min 12 sec) 
Heartbeat CPU 0 instructions: 350000000 cycles: 476782819 heartbeat IPC: 0.292759 cumulative IPC: 0.36565 (Simulation time: 0 hr 16 min 46 sec) 
Heartbeat CPU 0 instructions: 360000000 cycles: 506097921 heartbeat IPC: 0.341121 cumulative IPC: 0.364014 (Simulation time: 0 hr 17 min 17 sec) 
*** Reached end of trace for Core: 0 Repeating trace: /home1/sweta/traces/qualcomm_traces/srv_9.champsimtrace.xz
Heartbeat CPU 0 instructions: 370000002 cycles: 526175808 heartbeat IPC: 0.49806 cumulative IPC: 0.369869 (Simulation time: 0 hr 17 min 44 sec) 
Heartbeat CPU 0 instructions: 380000001 cycles: 558624585 heartbeat IPC: 0.308178 cumulative IPC: 0.365801 (Simulation time: 0 hr 18 min 18 sec) 
Heartbeat CPU 0 instructions: 390000001 cycles: 588876518 heartbeat IPC: 0.330557 cumulative IPC: 0.36376 (Simulation time: 0 hr 18 min 50 sec) 
*** Reached end of trace for Core: 0 Repeating trace: /home1/sweta/traces/qualcomm_traces/srv_9.champsimtrace.xz
Heartbeat CPU 0 instructions: 400000003 cycles: 609622719 heartbeat IPC: 0.482016 cumulative IPC: 0.368278 (Simulation time: 0 hr 19 min 19 sec) 
Finished CPU 0 instructions: 200000000 cycles: 543068605 cumulative IPC: 0.368278 (Simulation time: 0 hr 19 min 19 sec) 

ChampSim completed all CPUs

Region of Interest Statistics

CPU 0 cumulative IPC: 0.368278 instructions: 200000000 cycles: 543068605
ITLB TOTAL     ACCESS:   30775946  HIT:   30635779  MISS:     140167  HIT %:    99.5446  MISS %:   0.455443   MPKI: 0.700835
ITLB LOAD TRANSLATION ACCESS:   30775946  HIT:   30635779  MISS:     140167  HIT %:    99.5446  MISS %:   0.455443   MPKI: 0.700835
ITLB PREFETCH  REQUESTED:          0  ISSUED:          0  USEFUL:          0  USELESS:          0
ITLB USEFUL LOAD PREFETCHES:          0 PREFETCH ISSUED TO LOWER LEVEL:          0  ACCURACY: -nan
ITLB TIMELY PREFETCHES:          0 LATE PREFETCHES: 0 DROPPED PREFETCHES: 0
ITLB PREFETCHES SAME FILL-ORIGIN LEVEL: 0 DIFFERENT FILL-ORIGIN LEVEL: 0
ITLB AVERAGE MISS LATENCY:    15.7151 cycles AVERAGE LOAD MISS LATENCY:       -nan cycles Load Miss          0
ITLB Average MSHR Occupancy: 0.00396702
ITLB RQ	ACCESS:   32708153	FORWARD:          0	MERGED:    1801825	TO_CACHE:   30906328

DTLB TOTAL     ACCESS:   50005507  HIT:   41422330  MISS:    8583177  HIT %:    82.8355  MISS %:    17.1645   MPKI: 42.9159
DTLB LOAD TRANSLATION ACCESS:   50005507  HIT:   41422330  MISS:    8583177  HIT %:    82.8355  MISS %:    17.1645   MPKI: 42.9159
DTLB PREFETCH  REQUESTED:          0  ISSUED:          0  USEFUL:          0  USELESS:          0
DTLB USEFUL LOAD PREFETCHES:          0 PREFETCH ISSUED TO LOWER LEVEL:          0  ACCURACY: -nan
DTLB TIMELY PREFETCHES:          0 LATE PREFETCHES: 0 DROPPED PREFETCHES: 0
DTLB PREFETCHES SAME FILL-ORIGIN LEVEL: 0 DIFFERENT FILL-ORIGIN LEVEL: 0
DTLB AVERAGE MISS LATENCY:    9.50446 cycles AVERAGE LOAD MISS LATENCY:       -nan cycles Load Miss          0
DTLB Average MSHR Occupancy:   0.143734
DTLB RQ	ACCESS:   63759906	FORWARD:          0	MERGED:   13586312	TO_CACHE:   50173594

STLB TOTAL     ACCESS:   19288356  HIT:   19186083  MISS:     102273  HIT %:    99.4698  MISS %:   0.530232   MPKI: 0.511365
STLB LOAD TRANSLATION ACCESS:    8723344  HIT:    8641711  MISS:      81633  HIT %:    99.0642  MISS %:   0.935799   MPKI: 0.408165
STLB TRANSLATION FROM L1D PREFETCHER ACCESS:   10565012  HIT:   10544372  MISS:      20640  HIT %:    99.8046  MISS %:   0.195362   MPKI: 0.1032
STLB PREFETCH  REQUESTED:          0  ISSUED:          0  USEFUL:      20583  USELESS:         62
STLB USEFUL LOAD PREFETCHES:      20583 PREFETCH ISSUED TO LOWER LEVEL:          0  ACCURACY: inf
STLB TIMELY PREFETCHES:      20583 LATE PREFETCHES: 36 DROPPED PREFETCHES: 2375365
STLB PREFETCHES SAME FILL-ORIGIN LEVEL: 0 DIFFERENT FILL-ORIGIN LEVEL: 0
STLB AVERAGE MISS LATENCY:    62.7864 cycles AVERAGE LOAD MISS LATENCY:       -nan cycles Load Miss          0
STLB Average MSHR Occupancy:   0.131851
STLB RQ	ACCESS:   57988655	FORWARD:          0	MERGED:   36179473	TO_CACHE:   21809182

STLB Hit, L1D data hit: 0
STLB Hit, L2C data hit: 0
STLB Hit, LLC data hit: 0
STLB Hit, LLC data miss: 0
STLB STLB hints to L2: 0
L1D TOTAL     ACCESS:   95496660  HIT:   82049989  MISS:   13446671  HIT %:    85.9192  MISS %:    14.0808   MPKI: 67.2334
L1D LOAD      ACCESS:   46482891  HIT:   34457542  MISS:   12025349  HIT %:    74.1295  MISS %:    25.8705   MPKI: 60.1267
L1D RFO       ACCESS:   16926010  HIT:   16707401  MISS:     218609  HIT %:    98.7084  MISS %:    1.29156   MPKI: 1.09305
L1D PREFETCH  ACCESS:   32087759  HIT:   30885046  MISS:    1202713  HIT %:    96.2518  MISS %:     3.7482   MPKI: 6.01356
AGUS PREFETCH L1 MISS: 0
L1D PREFETCH  REQUESTED:  111658424  ISSUED:   98809150  USEFUL:     814567  USELESS:     388190
L1D USEFUL LOAD PREFETCHES:     814567 PREFETCH ISSUED TO LOWER LEVEL:   10733393  ACCURACY: 7.58909
L1D TIMELY PREFETCHES:     814567 LATE PREFETCHES: 14438 DROPPED PREFETCHES: 4828900
L1D PREFETCHES SAME FILL-ORIGIN LEVEL: 1217151 DIFFERENT FILL-ORIGIN LEVEL: 9516242
L1D AVERAGE MISS LATENCY:    25.0591 cycles AVERAGE LOAD MISS LATENCY:    18.8459 cycles Load Miss   12025349
L1D Average MSHR Occupancy:   0.641833
L1D RQ	ACCESS:   58147447	FORWARD:          0	MERGED:   11465696	TO_CACHE:   46566976
L1D WQ	ACCESS:   18230678	FORWARD:     114780	MERGED:    1037748	TO_CACHE:   17192930
L1D PQ	ACCESS:   49543839	FORWARD:          0	MERGED:     278523	TO_CACHE:   49265311

L1D UNIQUE REGIONS ACCESSED: 0
L1D REGIONS CONFLICTS: 0
L1D Cross Page Prefetch Requests: 26432896
L1D Same Page Prefetch Requests: 60299059
L1D ROI Sum of L1D PQ occupancy: 884535109
L1D PREFETCHES PUSHED FROM L2C: 0
L1I TOTAL     ACCESS:   32147514  HIT:   14192892  MISS:   17954622  HIT %:    44.1493  MISS %:    55.8507   MPKI: 89.7731
L1I LOAD      ACCESS:   32147514  HIT:   14192892  MISS:   17954622  HIT %:    44.1493  MISS %:    55.8507   MPKI: 89.7731
L1I PREFETCH  REQUESTED:          0  ISSUED:          0  USEFUL:          0  USELESS:          0
L1I USEFUL LOAD PREFETCHES:          0 PREFETCH ISSUED TO LOWER LEVEL:          0  ACCURACY: -nan
L1I TIMELY PREFETCHES:          0 LATE PREFETCHES: 0 DROPPED PREFETCHES: 0
L1I PREFETCHES SAME FILL-ORIGIN LEVEL: 0 DIFFERENT FILL-ORIGIN LEVEL: 0
L1I AVERAGE MISS LATENCY:    14.7661 cycles AVERAGE LOAD MISS LATENCY:    14.7661 cycles Load Miss   17954622
L1I Average MSHR Occupancy:   0.469745
L1I RQ	ACCESS:   61079645	FORWARD:          0	MERGED:   28371492	TO_CACHE:   32708153

BTB TOTAL     ACCESS:   41350909  HIT:   39121191  MISS:    2229718  HIT %:    94.6078  MISS %:    5.39219   MPKI: 11.1486
BTB BRANCH_DIRECT_JUMP	ACCESS:    1869371  HIT:    1838311  MISS:      31060
BTB BRANCH_INDIRECT	ACCESS:   24466419  HIT:   23059539  MISS:    1406880
BTB BRANCH_CONDITIONAL	ACCESS:    9673833  HIT:    9626538  MISS:      47295
BTB BRANCH_DIRECT_CALL	ACCESS:    2094640  HIT:    2039221  MISS:      55419
BTB BRANCH_INDIRECT_CALL	ACCESS:     573375  HIT:     555154  MISS:      18221
BTB BRANCH_RETURN	ACCESS:    2673271  HIT:    2002428  MISS:     670843
BTB BRANCH_OTHER ACCESS:          0  HIT:          0  MISS:          0

L2C TOTAL     ACCESS:   43985384  HIT:   42600547  MISS:    1384837  HIT %:    96.8516  MISS %:     3.1484   MPKI: 6.92418
L2C LOAD      ACCESS:   29965532  HIT:   29467259  MISS:     498273  HIT %:    98.3372  MISS %:    1.66282   MPKI: 2.49137
L2C DATA LOAD MPKI: 1.83163
L2C INSTRUCTION LOAD MPKI: 0.65973
L2C RFO       ACCESS:     218602  HIT:     161339  MISS:      57263  HIT %:    73.8049  MISS %:    26.1951   MPKI: 0.286315
L2C PREFETCH  ACCESS:   10587161  HIT:    9788347  MISS:     798814  HIT %:    92.4549  MISS %:    7.54512   MPKI: 3.99407
AGUS PREFETCH L1 MISS: 0
L2C DATA PREFETCH MPKI: 3.99407
L2C INSTRUCTION PREFETCH MPKI: 0
L2C WRITEBACK ACCESS:     349578  HIT:     349307  MISS:        271  HIT %:    99.9225  MISS %:   0.077522   MPKI: 0.001355
L2C LOAD TRANSLATION ACCESS:     102901  HIT:      75033  MISS:      27868  HIT %:    72.9177  MISS %:    27.0823   MPKI: 0.13934
L2C TRANSLATION FROM L1D PREFETCHER ACCESS:    2761610  HIT:    2759262  MISS:       2348  HIT %:     99.915  MISS %:  0.0850229   MPKI: 0.01174
L2C PREFETCH  REQUESTED:          0  ISSUED:          0  USEFUL:      55586  USELESS:     736553
L2C USEFUL LOAD PREFETCHES:      55586 PREFETCH ISSUED TO LOWER LEVEL:     810569  ACCURACY: 6.85765
L2C TIMELY PREFETCHES:      55586 LATE PREFETCHES: 11755 DROPPED PREFETCHES: 0
L2C PREFETCHES SAME FILL-ORIGIN LEVEL: 198475 DIFFERENT FILL-ORIGIN LEVEL: 0
L2C AVERAGE MISS LATENCY:    132.823 cycles AVERAGE LOAD MISS LATENCY:    113.726 cycles Load Miss     498273
L2C Average MSHR Occupancy:   0.340866
L2C RQ	ACCESS:   33048651	FORWARD:          0	MERGED:          0	TO_CACHE:   33048644
L2C WQ	ACCESS:     349578	FORWARD:          9	MERGED:          0	TO_CACHE:     349578
L2C PQ	ACCESS:   10733046	FORWARD:          0	MERGED:        112	TO_CACHE:   10732932

L2C Instructions Evicting Data 112299
L2C Translations Evicting Data 25999
L2C Data Evicting Data 1081909
L2C Instructions Evicting Instructions 16285
L2C Translations Evicting Instructions 3413
L2C Data Evicting Instructions 114587
L2C Instructions Evicting Translations 3362
L2C Translations Evicting Translations 804
L2C Data Evicting Translations 25908
L2C Dense regions hint from L2: 0
PSCL5 TOTAL     ACCESS:    2477638  HIT:    2477638  MISS:          0  HIT %:        100  MISS %:          0   MPKI: 0
PSCL5 LOAD TRANSLATION ACCESS:      81597  HIT:      81597  MISS:          0  HIT %:        100  MISS %:          0   MPKI: 0
PSCL5 TRANSLATION FROM L1D PREFETCHER ACCESS:    2396041  HIT:    2396041  MISS:          0  HIT %:        100  MISS %:          0   MPKI: 0
PSCL5 PREFETCH  REQUESTED:          0  ISSUED:          0  USEFUL:          0  USELESS:          0
PSCL5 USEFUL LOAD PREFETCHES:          0 PREFETCH ISSUED TO LOWER LEVEL:          0  ACCURACY: -nan
PSCL5 TIMELY PREFETCHES:          0 LATE PREFETCHES: 0 DROPPED PREFETCHES: 0
PSCL5 PREFETCHES SAME FILL-ORIGIN LEVEL: 0 DIFFERENT FILL-ORIGIN LEVEL: 0

PSCL4 TOTAL     ACCESS:    2465797  HIT:    2465696  MISS:        101  HIT %:    99.9959  MISS %: 0.00409604   MPKI: 0.000505
PSCL4 LOAD TRANSLATION ACCESS:      71174  HIT:      71073  MISS:        101  HIT %:    99.8581  MISS %:   0.141906   MPKI: 0.000505
PSCL4 TRANSLATION FROM L1D PREFETCHER ACCESS:    2394623  HIT:    2394623  MISS:          0  HIT %:        100  MISS %:          0   MPKI: 0
PSCL4 PREFETCH  REQUESTED:          0  ISSUED:          0  USEFUL:          0  USELESS:          0
PSCL4 USEFUL LOAD PREFETCHES:          0 PREFETCH ISSUED TO LOWER LEVEL:          0  ACCURACY: -nan
PSCL4 TIMELY PREFETCHES:          0 LATE PREFETCHES: 0 DROPPED PREFETCHES: 0
PSCL4 PREFETCHES SAME FILL-ORIGIN LEVEL: 0 DIFFERENT FILL-ORIGIN LEVEL: 0

PSCL3 TOTAL     ACCESS:    2477377  HIT:    2477138  MISS:        239  HIT %:    99.9904  MISS %:  0.0096473   MPKI: 0.001195
PSCL3 LOAD TRANSLATION ACCESS:      81365  HIT:      81126  MISS:        239  HIT %:    99.7063  MISS %:   0.293738   MPKI: 0.001195
PSCL3 TRANSLATION FROM L1D PREFETCHER ACCESS:    2396012  HIT:    2396012  MISS:          0  HIT %:        100  MISS %:          0   MPKI: 0
PSCL3 PREFETCH  REQUESTED:          0  ISSUED:          0  USEFUL:          0  USELESS:          0
PSCL3 USEFUL LOAD PREFETCHES:          0 PREFETCH ISSUED TO LOWER LEVEL:          0  ACCURACY: -nan
PSCL3 TIMELY PREFETCHES:          0 LATE PREFETCHES: 0 DROPPED PREFETCHES: 0
PSCL3 PREFETCHES SAME FILL-ORIGIN LEVEL: 0 DIFFERENT FILL-ORIGIN LEVEL: 0

PSCL2 TOTAL     ACCESS:    2112128  HIT:    2091076  MISS:      21052  HIT %:    99.0033  MISS %:    0.99672   MPKI: 0.10526
PSCL2 LOAD TRANSLATION ACCESS:      81685  HIT:      60633  MISS:      21052  HIT %:    74.2278  MISS %:    25.7722   MPKI: 0.10526
PSCL2 TRANSLATION FROM L1D PREFETCHER ACCESS:    2030443  HIT:    2030443  MISS:          0  HIT %:        100  MISS %:          0   MPKI: 0
PSCL2 PREFETCH  REQUESTED:          0  ISSUED:          0  USEFUL:          0  USELESS:          0
PSCL2 USEFUL LOAD PREFETCHES:          0 PREFETCH ISSUED TO LOWER LEVEL:          0  ACCURACY: -nan
PSCL2 TIMELY PREFETCHES:          0 LATE PREFETCHES: 0 DROPPED PREFETCHES: 0
PSCL2 PREFETCHES SAME FILL-ORIGIN LEVEL: 0 DIFFERENT FILL-ORIGIN LEVEL: 0

LLC TOTAL     ACCESS:    1546459  HIT:     444728  MISS:    1101731  HIT %:    28.7578  MISS %:    71.2422   MPKI: 5.50866
LLC LOAD      ACCESS:     486519  HIT:     275852  MISS:     210667  HIT %:    56.6991  MISS %:    43.3009   MPKI: 1.05333
LLC RFO       ACCESS:      57262  HIT:      28490  MISS:      28772  HIT %:    49.7538  MISS %:    50.2462   MPKI: 0.14386
LLC PREFETCH  ACCESS:     810569  HIT:      34272  MISS:     776297  HIT %:    4.22814  MISS %:    95.7719   MPKI: 3.88149
AGUS PREFETCH L1 MISS: 0
LLC WRITEBACK ACCESS:     161893  HIT:      88828  MISS:      73065  HIT %:    54.8683  MISS %:    45.1317   MPKI: 0.365325
LLC LOAD TRANSLATION ACCESS:      27868  HIT:      16056  MISS:      11812  HIT %:    57.6145  MISS %:    42.3855   MPKI: 0.05906
LLC TRANSLATION FROM L1D PREFETCHER ACCESS:       2348  HIT:       1230  MISS:       1118  HIT %:     52.385  MISS %:     47.615   MPKI: 0.00559
LLC PREFETCH  REQUESTED:          0  ISSUED:          0  USEFUL:       1626  USELESS:      14196
LLC USEFUL LOAD PREFETCHES:       1626 PREFETCH ISSUED TO LOWER LEVEL:     776297  ACCURACY: 0.209456
LLC TIMELY PREFETCHES:       1626 LATE PREFETCHES: 0 DROPPED PREFETCHES: 0
LLC PREFETCHES SAME FILL-ORIGIN LEVEL: 0 DIFFERENT FILL-ORIGIN LEVEL: 0
LLC AVERAGE MISS LATENCY:    111.794 cycles AVERAGE LOAD MISS LATENCY:    159.489 cycles Load Miss     210667
LLC Average MSHR Occupancy:   0.224904
LLC RQ	ACCESS:     573997	FORWARD:          0	MERGED:          0	TO_CACHE:     573997
LLC WQ	ACCESS:     161893	FORWARD:          0	MERGED:          0	TO_CACHE:     161893
LLC PQ	ACCESS:     810569	FORWARD:          0	MERGED:          0	TO_CACHE:     810569

LLC Dense regions hint to LLC: 0

RAW hits: 7963176
Loads Generated: 66110625
Loads sent to L1D: 58147447
Stores Generated: 18230678
Stores sent to L1D: 18230678
Major fault: 0 Minor fault: 9438
Allocated PAGES: 9438
================ Mockingjay (LLC) Pollution Stats ================
Total pollution count in LLC: 50945
==================================================================

DRAM Statistics
 CHANNEL 0
 RQ ROW_BUFFER_HIT:     778557  ROW_BUFFER_MISS:     250108
 DBUS_CONGESTED:        989
 WQ ROW_BUFFER_HIT:      40950  ROW_BUFFER_MISS:      61587  FULL:          0

 AVG_CONGESTED_CYCLE: 5
 All warmup complete: 2
Channel 0 Bank busy for read cycles: 0
Channel 0 Bank busy for write cycles: 0
Channel 0
Rank 0
0banks busy for read cycles: 469899584
0banks busy for write cycles: 50703
1banks busy for read cycles: 50528518
1banks busy for write cycles: 8678990
2banks busy for read cycles: 6444052
2banks busy for write cycles: 1704774
3banks busy for read cycles: 1951625
3banks busy for write cycles: 681951
4banks busy for read cycles: 790620
4banks busy for write cycles: 456148
5banks busy for read cycles: 355909
5banks busy for write cycles: 336107
6banks busy for read cycles: 187421
6banks busy for write cycles: 272582
7banks busy for read cycles: 100260
7banks busy for write cycles: 264557
8banks busy for read cycles: 51807
8banks busy for write cycles: 312998

CPU 0 Branch Prediction Accuracy: 99.7112% MPKI: 0.6813 Average ROB Occupancy at Mispredict: 31.5497
Branch types
NOT_BRANCH: 152824938 76.4125%
BRANCH_DIRECT_JUMP: 1869371 0.934685%
BRANCH_INDIRECT: 24466419 12.2332%
BRANCH_CONDITIONAL: 15498130 7.74906%
BRANCH_DIRECT_CALL: 2094640 1.04732%
BRANCH_INDIRECT_CALL: 573375 0.286687%
BRANCH_RETURN: 2673271 1.33664%
BRANCH_OTHER: 0 0%

===================== LRU L1D STATS =====================
Total pollution count in L1D: 1023449
=========================================================
================ SRRIP (L2C) Pollution Stats ================
Total pollution count in L2c: 918522
==================================================================
DRAM PAGES: 1048576
Allocated PAGES: 9438
