
*** ChampSim Multicore Out-of-Order Simulator ***

Warmup Instructions: 200000000
Simulation Instructions: 200000000
Number of CPUs: 1
LLC sets: 4096
LLC ways: 12
Off-chip DRAM Size: 4096 MB Channels: 1 Width: 64-bit Data Rate: 6400 MT/s
CPU 0 runs /home1/sweta/traces/qualcomm_traces/srv_28.champsimtrace.xz
.xz
BTB has LRU replacement policy
ITLB has LRU replacement policy
DTLB has LRU replacement policy
STLB has LRU replacement policy
L1I has LRU replacement policy
History Sets: 8
History Ways: 16
BERTI Size: 16
BERTI Stride Size: 16
L1D has LRU replacement policy
Initialize SRRIP state for L2C
Initialize Mockingjay state for LLC
Heartbeat CPU 0 instructions: 10000002 cycles: 2202658 heartbeat IPC: 4.53997 cumulative IPC: 4.53997 (Simulation time: 0 hr 0 min 29 sec) 
Heartbeat CPU 0 instructions: 20000004 cycles: 4400465 heartbeat IPC: 4.54999 cumulative IPC: 4.54498 (Simulation time: 0 hr 0 min 59 sec) 
Heartbeat CPU 0 instructions: 30000004 cycles: 6607073 heartbeat IPC: 4.53184 cumulative IPC: 4.54059 (Simulation time: 0 hr 1 min 28 sec) 
*** Reached end of trace for Core: 0 Repeating trace: /home1/sweta/traces/qualcomm_traces/srv_28.champsimtrace.xz
Heartbeat CPU 0 instructions: 40000007 cycles: 8801554 heartbeat IPC: 4.55689 cumulative IPC: 4.54465 (Simulation time: 0 hr 1 min 50 sec) 
Heartbeat CPU 0 instructions: 50000007 cycles: 10999915 heartbeat IPC: 4.54884 cumulative IPC: 4.54549 (Simulation time: 0 hr 2 min 12 sec) 
Heartbeat CPU 0 instructions: 60000007 cycles: 13205178 heartbeat IPC: 4.53461 cumulative IPC: 4.54367 (Simulation time: 0 hr 2 min 34 sec) 
*** Reached end of trace for Core: 0 Repeating trace: /home1/sweta/traces/qualcomm_traces/srv_28.champsimtrace.xz
Heartbeat CPU 0 instructions: 70000005 cycles: 15400310 heartbeat IPC: 4.55553 cumulative IPC: 4.54536 (Simulation time: 0 hr 2 min 58 sec) 
Heartbeat CPU 0 instructions: 80000003 cycles: 17597759 heartbeat IPC: 4.55073 cumulative IPC: 4.54603 (Simulation time: 0 hr 3 min 21 sec) 
Heartbeat CPU 0 instructions: 90000000 cycles: 19801260 heartbeat IPC: 4.53823 cumulative IPC: 4.54517 (Simulation time: 0 hr 3 min 44 sec) 
*** Reached end of trace for Core: 0 Repeating trace: /home1/sweta/traces/qualcomm_traces/srv_28.champsimtrace.xz
Heartbeat CPU 0 instructions: 100000000 cycles: 21999091 heartbeat IPC: 4.54994 cumulative IPC: 4.54564 (Simulation time: 0 hr 4 min 8 sec) 
Heartbeat CPU 0 instructions: 110000003 cycles: 24201737 heartbeat IPC: 4.54 cumulative IPC: 4.54513 (Simulation time: 0 hr 4 min 30 sec) 
Heartbeat CPU 0 instructions: 120000000 cycles: 26398711 heartbeat IPC: 4.55171 cumulative IPC: 4.54568 (Simulation time: 0 hr 4 min 52 sec) 
*** Reached end of trace for Core: 0 Repeating trace: /home1/sweta/traces/qualcomm_traces/srv_28.champsimtrace.xz
Heartbeat CPU 0 instructions: 130000000 cycles: 28599741 heartbeat IPC: 4.54333 cumulative IPC: 4.5455 (Simulation time: 0 hr 5 min 14 sec) 
Heartbeat CPU 0 instructions: 140000002 cycles: 30802977 heartbeat IPC: 4.53878 cumulative IPC: 4.54502 (Simulation time: 0 hr 5 min 37 sec) 
Heartbeat CPU 0 instructions: 150000002 cycles: 32997164 heartbeat IPC: 4.5575 cumulative IPC: 4.54585 (Simulation time: 0 hr 6 min 0 sec) 
*** Reached end of trace for Core: 0 Repeating trace: /home1/sweta/traces/qualcomm_traces/srv_28.champsimtrace.xz
Heartbeat CPU 0 instructions: 160000002 cycles: 35197887 heartbeat IPC: 4.54396 cumulative IPC: 4.54573 (Simulation time: 0 hr 6 min 22 sec) 
Heartbeat CPU 0 instructions: 170000007 cycles: 37399884 heartbeat IPC: 4.54133 cumulative IPC: 4.54547 (Simulation time: 0 hr 6 min 45 sec) 
Heartbeat CPU 0 instructions: 180000000 cycles: 39595955 heartbeat IPC: 4.55358 cumulative IPC: 4.54592 (Simulation time: 0 hr 7 min 8 sec) 
Heartbeat CPU 0 instructions: 190000001 cycles: 41800354 heartbeat IPC: 4.53638 cumulative IPC: 4.54542 (Simulation time: 0 hr 7 min 31 sec) 
*** Reached end of trace for Core: 0 Repeating trace: /home1/sweta/traces/qualcomm_traces/srv_28.champsimtrace.xz
Heartbeat CPU 0 instructions: 200000003 cycles: 43996112 heartbeat IPC: 4.55424 cumulative IPC: 4.54586 (Simulation time: 0 hr 7 min 53 sec) 

Warmup complete CPU 0 instructions: 200000003 cycles: 43996112 (Simulation time: 0 hr 7 min 53 sec) 

Heartbeat CPU 0 instructions: 210000001 cycles: 55750401 heartbeat IPC: 0.850753 cumulative IPC: 0.850753 (Simulation time: 0 hr 8 min 23 sec) 
Heartbeat CPU 0 instructions: 220000003 cycles: 67392310 heartbeat IPC: 0.858966 cumulative IPC: 0.85484 (Simulation time: 0 hr 8 min 54 sec) 
*** Reached end of trace for Core: 0 Repeating trace: /home1/sweta/traces/qualcomm_traces/srv_28.champsimtrace.xz
Heartbeat CPU 0 instructions: 230000005 cycles: 79087112 heartbeat IPC: 0.855081 cumulative IPC: 0.85492 (Simulation time: 0 hr 9 min 24 sec) 
Heartbeat CPU 0 instructions: 240000007 cycles: 90756132 heartbeat IPC: 0.85697 cumulative IPC: 0.855432 (Simulation time: 0 hr 9 min 54 sec) 
Heartbeat CPU 0 instructions: 250000000 cycles: 102423262 heartbeat IPC: 0.857108 cumulative IPC: 0.855766 (Simulation time: 0 hr 10 min 24 sec) 
*** Reached end of trace for Core: 0 Repeating trace: /home1/sweta/traces/qualcomm_traces/srv_28.champsimtrace.xz
Heartbeat CPU 0 instructions: 260000004 cycles: 114135756 heartbeat IPC: 0.853789 cumulative IPC: 0.855436 (Simulation time: 0 hr 10 min 54 sec) 
Heartbeat CPU 0 instructions: 270000000 cycles: 125802661 heartbeat IPC: 0.857125 cumulative IPC: 0.855677 (Simulation time: 0 hr 11 min 24 sec) 
Heartbeat CPU 0 instructions: 280000005 cycles: 137421664 heartbeat IPC: 0.860659 cumulative IPC: 0.856297 (Simulation time: 0 hr 11 min 54 sec) 
*** Reached end of trace for Core: 0 Repeating trace: /home1/sweta/traces/qualcomm_traces/srv_28.champsimtrace.xz
Heartbeat CPU 0 instructions: 290000001 cycles: 149137138 heartbeat IPC: 0.853572 cumulative IPC: 0.855993 (Simulation time: 0 hr 12 min 24 sec) 
Heartbeat CPU 0 instructions: 300000004 cycles: 160774024 heartbeat IPC: 0.859337 cumulative IPC: 0.856326 (Simulation time: 0 hr 12 min 54 sec) 
Heartbeat CPU 0 instructions: 310000004 cycles: 172444622 heartbeat IPC: 0.856854 cumulative IPC: 0.856374 (Simulation time: 0 hr 13 min 24 sec) 
*** Reached end of trace for Core: 0 Repeating trace: /home1/sweta/traces/qualcomm_traces/srv_28.champsimtrace.xz
Heartbeat CPU 0 instructions: 320000001 cycles: 184148752 heartbeat IPC: 0.854399 cumulative IPC: 0.856209 (Simulation time: 0 hr 13 min 56 sec) 
Heartbeat CPU 0 instructions: 330000000 cycles: 195774648 heartbeat IPC: 0.860149 cumulative IPC: 0.856511 (Simulation time: 0 hr 14 min 32 sec) 
Heartbeat CPU 0 instructions: 340000000 cycles: 207452791 heartbeat IPC: 0.856301 cumulative IPC: 0.856496 (Simulation time: 0 hr 15 min 3 sec) 
Heartbeat CPU 0 instructions: 350000005 cycles: 219151824 heartbeat IPC: 0.854772 cumulative IPC: 0.856381 (Simulation time: 0 hr 15 min 33 sec) 
*** Reached end of trace for Core: 0 Repeating trace: /home1/sweta/traces/qualcomm_traces/srv_28.champsimtrace.xz
Heartbeat CPU 0 instructions: 360000000 cycles: 230774766 heartbeat IPC: 0.860367 cumulative IPC: 0.856629 (Simulation time: 0 hr 16 min 1 sec) 
Heartbeat CPU 0 instructions: 370000002 cycles: 242440943 heartbeat IPC: 0.857179 cumulative IPC: 0.856661 (Simulation time: 0 hr 16 min 29 sec) 
Heartbeat CPU 0 instructions: 380000007 cycles: 254076293 heartbeat IPC: 0.85945 cumulative IPC: 0.856816 (Simulation time: 0 hr 16 min 58 sec) 
*** Reached end of trace for Core: 0 Repeating trace: /home1/sweta/traces/qualcomm_traces/srv_28.champsimtrace.xz
Heartbeat CPU 0 instructions: 390000003 cycles: 265753299 heartbeat IPC: 0.856384 cumulative IPC: 0.856793 (Simulation time: 0 hr 17 min 26 sec) 
Heartbeat CPU 0 instructions: 400000003 cycles: 277391733 heartbeat IPC: 0.859222 cumulative IPC: 0.856914 (Simulation time: 0 hr 17 min 54 sec) 
Finished CPU 0 instructions: 200000000 cycles: 233395621 cumulative IPC: 0.856914 (Simulation time: 0 hr 17 min 54 sec) 

ChampSim completed all CPUs

Region of Interest Statistics

CPU 0 cumulative IPC: 0.856914 instructions: 200000000 cycles: 233395621
ITLB TOTAL     ACCESS:   24348815  HIT:   24240450  MISS:     108365  HIT %:    99.5549  MISS %:   0.445052   MPKI: 0.541825
ITLB LOAD TRANSLATION ACCESS:   24348815  HIT:   24240450  MISS:     108365  HIT %:    99.5549  MISS %:   0.445052   MPKI: 0.541825
ITLB PREFETCH  REQUESTED:          0  ISSUED:          0  USEFUL:          0  USELESS:          0
ITLB USEFUL LOAD PREFETCHES:          0 PREFETCH ISSUED TO LOWER LEVEL:          0  ACCURACY: -nan
ITLB TIMELY PREFETCHES:          0 LATE PREFETCHES: 0 DROPPED PREFETCHES: 0
ITLB PREFETCHES SAME FILL-ORIGIN LEVEL: 0 DIFFERENT FILL-ORIGIN LEVEL: 0
ITLB AVERAGE MISS LATENCY:    9.98435 cycles AVERAGE LOAD MISS LATENCY:       -nan cycles Load Miss          0
ITLB Average MSHR Occupancy: 0.00425199
ITLB RQ	ACCESS:   28138245	FORWARD:          0	MERGED:    3675131	TO_CACHE:   24463114

DTLB TOTAL     ACCESS:   33845717  HIT:   32105132  MISS:    1740585  HIT %:    94.8573  MISS %:     5.1427   MPKI: 8.70293
DTLB LOAD TRANSLATION ACCESS:   33845717  HIT:   32105132  MISS:    1740585  HIT %:    94.8573  MISS %:     5.1427   MPKI: 8.70293
DTLB PREFETCH  REQUESTED:          0  ISSUED:          0  USEFUL:          0  USELESS:          0
DTLB USEFUL LOAD PREFETCHES:          0 PREFETCH ISSUED TO LOWER LEVEL:          0  ACCURACY: -nan
DTLB TIMELY PREFETCHES:          0 LATE PREFETCHES: 0 DROPPED PREFETCHES: 0
DTLB PREFETCHES SAME FILL-ORIGIN LEVEL: 0 DIFFERENT FILL-ORIGIN LEVEL: 0
DTLB AVERAGE MISS LATENCY:    10.2175 cycles AVERAGE LOAD MISS LATENCY:       -nan cycles Load Miss          0
DTLB Average MSHR Occupancy:  0.0700324
DTLB RQ	ACCESS:   50781089	FORWARD:          0	MERGED:   16652884	TO_CACHE:   34128205

STLB TOTAL     ACCESS:    2876390  HIT:    2788865  MISS:      87525  HIT %:    96.9571  MISS %:    3.04288   MPKI: 0.437625
STLB LOAD TRANSLATION ACCESS:    1848950  HIT:    1762843  MISS:      86107  HIT %:    95.3429  MISS %:    4.65708   MPKI: 0.430535
STLB TRANSLATION FROM L1D PREFETCHER ACCESS:    1027440  HIT:    1026022  MISS:       1418  HIT %:     99.862  MISS %:   0.138013   MPKI: 0.00709
STLB PREFETCH  REQUESTED:          0  ISSUED:          0  USEFUL:       1329  USELESS:         87
STLB USEFUL LOAD PREFETCHES:       1329 PREFETCH ISSUED TO LOWER LEVEL:          0  ACCURACY: inf
STLB TIMELY PREFETCHES:       1329 LATE PREFETCHES: 1 DROPPED PREFETCHES: 11122
STLB PREFETCHES SAME FILL-ORIGIN LEVEL: 0 DIFFERENT FILL-ORIGIN LEVEL: 0
STLB AVERAGE MISS LATENCY:    25.5539 cycles AVERAGE LOAD MISS LATENCY:       -nan cycles Load Miss          0
STLB Average MSHR Occupancy:  0.0113313
STLB RQ	ACCESS:    9339404	FORWARD:          0	MERGED:    6451248	TO_CACHE:    2888156

STLB Hit, L1D data hit: 0
STLB Hit, L2C data hit: 0
STLB Hit, LLC data hit: 0
STLB Hit, LLC data miss: 0
STLB STLB hints to L2: 0
L1D TOTAL     ACCESS:   57659711  HIT:   57123283  MISS:     536428  HIT %:    99.0697  MISS %:   0.930334   MPKI: 2.68214
L1D LOAD      ACCESS:   27000267  HIT:   26694483  MISS:     305784  HIT %:    98.8675  MISS %:    1.13252   MPKI: 1.52892
L1D RFO       ACCESS:   23373005  HIT:   23239364  MISS:     133641  HIT %:    99.4282  MISS %:   0.571775   MPKI: 0.668205
L1D PREFETCH  ACCESS:    7286439  HIT:    7189436  MISS:      97003  HIT %:    98.6687  MISS %:    1.33128   MPKI: 0.485015
AGUS PREFETCH L1 MISS: 0
L1D PREFETCH  REQUESTED:   17924051  ISSUED:   15298228  USEFUL:      79666  USELESS:      17318
L1D USEFUL LOAD PREFETCHES:      79666 PREFETCH ISSUED TO LOWER LEVEL:     246713  ACCURACY: 32.291
L1D TIMELY PREFETCHES:      79666 LATE PREFETCHES: 3880 DROPPED PREFETCHES: 16278
L1D PREFETCHES SAME FILL-ORIGIN LEVEL: 100883 DIFFERENT FILL-ORIGIN LEVEL: 145830
L1D AVERAGE MISS LATENCY:    39.4312 cycles AVERAGE LOAD MISS LATENCY:    46.4136 cycles Load Miss     305784
L1D Average MSHR Occupancy:   0.105051
L1D RQ	ACCESS:   47006535	FORWARD:          0	MERGED:   19647404	TO_CACHE:   27046285
L1D WQ	ACCESS:   24185118	FORWARD:     312846	MERGED:     450314	TO_CACHE:   23734804
L1D PQ	ACCESS:    7807774	FORWARD:          0	MERGED:     317320	TO_CACHE:    7490454

L1D UNIQUE REGIONS ACCESSED: 0
L1D REGIONS CONFLICTS: 0
L1D Cross Page Prefetch Requests: 340147
L1D Same Page Prefetch Requests: 14888933
L1D ROI Sum of L1D PQ occupancy: 107753125
L1D PREFETCHES PUSHED FROM L2C: 0
L1I TOTAL     ACCESS:   27232001  HIT:    7483774  MISS:   19748227  HIT %:    27.4815  MISS %:    72.5185   MPKI: 98.7411
L1I LOAD      ACCESS:   27232001  HIT:    7483774  MISS:   19748227  HIT %:    27.4815  MISS %:    72.5185   MPKI: 98.7411
L1I PREFETCH  REQUESTED:          0  ISSUED:          0  USEFUL:          0  USELESS:          0
L1I USEFUL LOAD PREFETCHES:          0 PREFETCH ISSUED TO LOWER LEVEL:          0  ACCURACY: -nan
L1I TIMELY PREFETCHES:          0 LATE PREFETCHES: 0 DROPPED PREFETCHES: 0
L1I PREFETCHES SAME FILL-ORIGIN LEVEL: 0 DIFFERENT FILL-ORIGIN LEVEL: 0
L1I AVERAGE MISS LATENCY:    14.0435 cycles AVERAGE LOAD MISS LATENCY:    14.0435 cycles Load Miss   19748227
L1I Average MSHR Occupancy:    1.13251
L1I RQ	ACCESS:   52019008	FORWARD:          0	MERGED:   23880763	TO_CACHE:   28138245

BTB TOTAL     ACCESS:   29606850  HIT:   27952698  MISS:    1654152  HIT %:    94.4129  MISS %:    5.58706   MPKI: 8.27076
BTB BRANCH_DIRECT_JUMP	ACCESS:    2283392  HIT:    2282273  MISS:       1119
BTB BRANCH_INDIRECT	ACCESS:   12535127  HIT:   11989615  MISS:     545512
BTB BRANCH_CONDITIONAL	ACCESS:    7231335  HIT:    7229635  MISS:       1700
BTB BRANCH_DIRECT_CALL	ACCESS:    3327330  HIT:    3324205  MISS:       3125
BTB BRANCH_INDIRECT_CALL	ACCESS:     451162  HIT:     257512  MISS:     193650
BTB BRANCH_RETURN	ACCESS:    3778504  HIT:    2869458  MISS:     909046
BTB BRANCH_OTHER ACCESS:          0  HIT:          0  MISS:          0

L2C TOTAL     ACCESS:   20724415  HIT:   20471650  MISS:     252765  HIT %:    98.7804  MISS %:    1.21965   MPKI: 1.26382
L2C LOAD      ACCESS:   20050075  HIT:   19876590  MISS:     173485  HIT %:    99.1347  MISS %:   0.865259   MPKI: 0.867425
L2C DATA LOAD MPKI: 0.8518
L2C INSTRUCTION LOAD MPKI: 0.015625
L2C RFO       ACCESS:     133635  HIT:     106993  MISS:      26642  HIT %:    80.0636  MISS %:    19.9364   MPKI: 0.13321
L2C PREFETCH  ACCESS:     222210  HIT:     171507  MISS:      50703  HIT %:    77.1824  MISS %:    22.8176   MPKI: 0.253515
AGUS PREFETCH L1 MISS: 0
L2C DATA PREFETCH MPKI: 0.253515
L2C INSTRUCTION PREFETCH MPKI: 0
L2C WRITEBACK ACCESS:     179990  HIT:     179982  MISS:          8  HIT %:    99.9956  MISS %: 0.00444469   MPKI: 4e-05
L2C LOAD TRANSLATION ACCESS:     123541  HIT:     121752  MISS:       1789  HIT %:    98.5519  MISS %:     1.4481   MPKI: 0.008945
L2C TRANSLATION FROM L1D PREFETCHER ACCESS:      14964  HIT:      14826  MISS:        138  HIT %:    99.0778  MISS %:   0.922213   MPKI: 0.00069
L2C PREFETCH  REQUESTED:          0  ISSUED:          0  USEFUL:       5954  USELESS:      44056
L2C USEFUL LOAD PREFETCHES:       5954 PREFETCH ISSUED TO LOWER LEVEL:      52210  ACCURACY: 11.4039
L2C TIMELY PREFETCHES:       5954 LATE PREFETCHES: 1507 DROPPED PREFETCHES: 0
L2C PREFETCHES SAME FILL-ORIGIN LEVEL: 25814 DIFFERENT FILL-ORIGIN LEVEL: 0
L2C AVERAGE MISS LATENCY:    60.0683 cycles AVERAGE LOAD MISS LATENCY:    56.6506 cycles Load Miss     173485
L2C Average MSHR Occupancy:  0.0646614
L2C RQ	ACCESS:   20322277	FORWARD:          0	MERGED:          0	TO_CACHE:   20322215
L2C WQ	ACCESS:     179990	FORWARD:         62	MERGED:          0	TO_CACHE:     179990
L2C PQ	ACCESS:     246713	FORWARD:          0	MERGED:        447	TO_CACHE:     246266

L2C Instructions Evicting Data 3066
L2C Translations Evicting Data 1902
L2C Data Evicting Data 242962
L2C Instructions Evicting Instructions 39
L2C Translations Evicting Instructions 11
L2C Data Evicting Instructions 2884
L2C Instructions Evicting Translations 20
L2C Translations Evicting Translations 14
L2C Data Evicting Translations 1859
L2C Dense regions hint from L2: 0
PSCL5 TOTAL     ACCESS:      98647  HIT:      98647  MISS:          0  HIT %:        100  MISS %:          0   MPKI: 0
PSCL5 LOAD TRANSLATION ACCESS:      86106  HIT:      86106  MISS:          0  HIT %:        100  MISS %:          0   MPKI: 0
PSCL5 TRANSLATION FROM L1D PREFETCHER ACCESS:      12541  HIT:      12541  MISS:          0  HIT %:        100  MISS %:          0   MPKI: 0
PSCL5 PREFETCH  REQUESTED:          0  ISSUED:          0  USEFUL:          0  USELESS:          0
PSCL5 USEFUL LOAD PREFETCHES:          0 PREFETCH ISSUED TO LOWER LEVEL:          0  ACCURACY: -nan
PSCL5 TIMELY PREFETCHES:          0 LATE PREFETCHES: 0 DROPPED PREFETCHES: 0
PSCL5 PREFETCHES SAME FILL-ORIGIN LEVEL: 0 DIFFERENT FILL-ORIGIN LEVEL: 0

PSCL4 TOTAL     ACCESS:      95764  HIT:      95656  MISS:        108  HIT %:    99.8872  MISS %:   0.112777   MPKI: 0.00054
PSCL4 LOAD TRANSLATION ACCESS:      83645  HIT:      83537  MISS:        108  HIT %:    99.8709  MISS %:   0.129117   MPKI: 0.00054
PSCL4 TRANSLATION FROM L1D PREFETCHER ACCESS:      12119  HIT:      12119  MISS:          0  HIT %:        100  MISS %:          0   MPKI: 0
PSCL4 PREFETCH  REQUESTED:          0  ISSUED:          0  USEFUL:          0  USELESS:          0
PSCL4 USEFUL LOAD PREFETCHES:          0 PREFETCH ISSUED TO LOWER LEVEL:          0  ACCURACY: -nan
PSCL4 TIMELY PREFETCHES:          0 LATE PREFETCHES: 0 DROPPED PREFETCHES: 0
PSCL4 PREFETCHES SAME FILL-ORIGIN LEVEL: 0 DIFFERENT FILL-ORIGIN LEVEL: 0

PSCL3 TOTAL     ACCESS:      98138  HIT:      97721  MISS:        417  HIT %:    99.5751  MISS %:   0.424912   MPKI: 0.002085
PSCL3 LOAD TRANSLATION ACCESS:      85779  HIT:      85362  MISS:        417  HIT %:    99.5139  MISS %:   0.486133   MPKI: 0.002085
PSCL3 TRANSLATION FROM L1D PREFETCHER ACCESS:      12359  HIT:      12359  MISS:          0  HIT %:        100  MISS %:          0   MPKI: 0
PSCL3 PREFETCH  REQUESTED:          0  ISSUED:          0  USEFUL:          0  USELESS:          0
PSCL3 USEFUL LOAD PREFETCHES:          0 PREFETCH ISSUED TO LOWER LEVEL:          0  ACCURACY: -nan
PSCL3 TIMELY PREFETCHES:          0 LATE PREFETCHES: 0 DROPPED PREFETCHES: 0
PSCL3 PREFETCHES SAME FILL-ORIGIN LEVEL: 0 DIFFERENT FILL-ORIGIN LEVEL: 0

PSCL2 TOTAL     ACCESS:      96492  HIT:      59360  MISS:      37132  HIT %:    61.5181  MISS %:    38.4819   MPKI: 0.18566
PSCL2 LOAD TRANSLATION ACCESS:      86328  HIT:      49196  MISS:      37132  HIT %:    56.9873  MISS %:    43.0127   MPKI: 0.18566
PSCL2 TRANSLATION FROM L1D PREFETCHER ACCESS:      10164  HIT:      10164  MISS:          0  HIT %:        100  MISS %:          0   MPKI: 0
PSCL2 PREFETCH  REQUESTED:          0  ISSUED:          0  USEFUL:          0  USELESS:          0
PSCL2 USEFUL LOAD PREFETCHES:          0 PREFETCH ISSUED TO LOWER LEVEL:          0  ACCURACY: -nan
PSCL2 TIMELY PREFETCHES:          0 LATE PREFETCHES: 0 DROPPED PREFETCHES: 0
PSCL2 PREFETCHES SAME FILL-ORIGIN LEVEL: 0 DIFFERENT FILL-ORIGIN LEVEL: 0

LLC TOTAL     ACCESS:     285092  HIT:     257507  MISS:      27585  HIT %:    90.3242  MISS %:    9.67582   MPKI: 0.137925
LLC LOAD      ACCESS:     171978  HIT:     160961  MISS:      11017  HIT %:    93.5939  MISS %:    6.40605   MPKI: 0.055085
LLC RFO       ACCESS:      26641  HIT:      24543  MISS:       2098  HIT %:    92.1249  MISS %:    7.87508   MPKI: 0.01049
LLC PREFETCH  ACCESS:      52210  HIT:      41651  MISS:      10559  HIT %:    79.7759  MISS %:    20.2241   MPKI: 0.052795
AGUS PREFETCH L1 MISS: 0
LLC WRITEBACK ACCESS:      32336  HIT:      28729  MISS:       3607  HIT %:    88.8452  MISS %:    11.1548   MPKI: 0.018035
LLC LOAD TRANSLATION ACCESS:       1789  HIT:       1537  MISS:        252  HIT %:    85.9139  MISS %:    14.0861   MPKI: 0.00126
LLC TRANSLATION FROM L1D PREFETCHER ACCESS:        138  HIT:         86  MISS:         52  HIT %:    62.3188  MISS %:    37.6812   MPKI: 0.00026
LLC PREFETCH  REQUESTED:          0  ISSUED:          0  USEFUL:        459  USELESS:       3229
LLC USEFUL LOAD PREFETCHES:        459 PREFETCH ISSUED TO LOWER LEVEL:      10559  ACCURACY: 4.347
LLC TIMELY PREFETCHES:        459 LATE PREFETCHES: 0 DROPPED PREFETCHES: 0
LLC PREFETCHES SAME FILL-ORIGIN LEVEL: 0 DIFFERENT FILL-ORIGIN LEVEL: 0
LLC AVERAGE MISS LATENCY:     140.53 cycles AVERAGE LOAD MISS LATENCY:    179.117 cycles Load Miss      11017
LLC Average MSHR Occupancy:  0.0165065
LLC RQ	ACCESS:     200547	FORWARD:          0	MERGED:          0	TO_CACHE:     200546
LLC WQ	ACCESS:      32336	FORWARD:          1	MERGED:          0	TO_CACHE:      32336
LLC PQ	ACCESS:      52210	FORWARD:          0	MERGED:          0	TO_CACHE:      52210

LLC Dense regions hint to LLC: 0

RAW hits: 4888264
Loads Generated: 51894798
Loads sent to L1D: 47006535
Stores Generated: 24185113
Stores sent to L1D: 24185118
Major fault: 0 Minor fault: 6201
Allocated PAGES: 6201
================ Mockingjay (LLC) Pollution Stats ================
Total pollution count in LLC: 3572
==================================================================

DRAM Statistics
 CHANNEL 0
 RQ ROW_BUFFER_HIT:       6184  ROW_BUFFER_MISS:      17791
 DBUS_CONGESTED:         20
 WQ ROW_BUFFER_HIT:        417  ROW_BUFFER_MISS:       4713  FULL:          0

 AVG_CONGESTED_CYCLE: 4
 All warmup complete: 2
Channel 0 Bank busy for read cycles: 0
Channel 0 Bank busy for write cycles: 0
Channel 0
Rank 0
0banks busy for read cycles: 230249461
0banks busy for write cycles: 4112
1banks busy for read cycles: 2106807
1banks busy for write cycles: 618584
2banks busy for read cycles: 208102
2banks busy for write cycles: 48508
3banks busy for read cycles: 71826
3banks busy for write cycles: 19872
4banks busy for read cycles: 27254
4banks busy for write cycles: 9212
5banks busy for read cycles: 12849
5banks busy for write cycles: 5451
6banks busy for read cycles: 7309
6banks busy for write cycles: 2266
7banks busy for read cycles: 2631
7banks busy for write cycles: 734
8banks busy for read cycles: 494
8banks busy for write cycles: 150

CPU 0 Branch Prediction Accuracy: 99.7976% MPKI: 0.36941 Average ROB Occupancy at Mispredict: 18.161
Branch types
NOT_BRANCH: 163494426 81.7472%
BRANCH_DIRECT_JUMP: 2283392 1.1417%
BRANCH_INDIRECT: 12535127 6.26756%
BRANCH_CONDITIONAL: 14129979 7.06499%
BRANCH_DIRECT_CALL: 3327330 1.66366%
BRANCH_INDIRECT_CALL: 451162 0.225581%
BRANCH_RETURN: 3778504 1.88925%
BRANCH_OTHER: 0 0%

===================== LRU L1D STATS =====================
Total pollution count in L1D: 78256
=========================================================
================ SRRIP (L2C) Pollution Stats ================
Total pollution count in L2c: 329557
==================================================================
DRAM PAGES: 1048576
Allocated PAGES: 6201
