
*** ChampSim Multicore Out-of-Order Simulator ***

Warmup Instructions: 200000000
Simulation Instructions: 200000000
Number of CPUs: 1
LLC sets: 4096
LLC ways: 12
Off-chip DRAM Size: 4096 MB Channels: 1 Width: 64-bit Data Rate: 6400 MT/s
CPU 0 runs /home1/sweta/traces/qualcomm_traces/srv_41.champsimtrace.xz
.xz
BTB has LRU replacement policy
ITLB has LRU replacement policy
DTLB has LRU replacement policy
STLB has LRU replacement policy
L1I has LRU replacement policy
History Sets: 8
History Ways: 16
BERTI Size: 16
BERTI Stride Size: 16
L1D has LRU replacement policy
Initialize SRRIP state for L2C
Initialize Mockingjay state for LLC
Heartbeat CPU 0 instructions: 10000000 cycles: 2105735 heartbeat IPC: 4.74894 cumulative IPC: 4.74894 (Simulation time: 0 hr 0 min 21 sec) 
Heartbeat CPU 0 instructions: 20000006 cycles: 4211714 heartbeat IPC: 4.74839 cumulative IPC: 4.74866 (Simulation time: 0 hr 0 min 42 sec) 
Heartbeat CPU 0 instructions: 30000001 cycles: 6333950 heartbeat IPC: 4.71201 cumulative IPC: 4.73638 (Simulation time: 0 hr 1 min 4 sec) 
*** Reached end of trace for Core: 0 Repeating trace: /home1/sweta/traces/qualcomm_traces/srv_41.champsimtrace.xz
Heartbeat CPU 0 instructions: 40000000 cycles: 8413946 heartbeat IPC: 4.8077 cumulative IPC: 4.75401 (Simulation time: 0 hr 1 min 26 sec) 
Heartbeat CPU 0 instructions: 50000006 cycles: 10524298 heartbeat IPC: 4.73855 cumulative IPC: 4.75091 (Simulation time: 0 hr 1 min 47 sec) 
Heartbeat CPU 0 instructions: 60000002 cycles: 12658305 heartbeat IPC: 4.68602 cumulative IPC: 4.73997 (Simulation time: 0 hr 2 min 10 sec) 
*** Reached end of trace for Core: 0 Repeating trace: /home1/sweta/traces/qualcomm_traces/srv_41.champsimtrace.xz
Heartbeat CPU 0 instructions: 70000001 cycles: 14723266 heartbeat IPC: 4.84271 cumulative IPC: 4.75438 (Simulation time: 0 hr 2 min 30 sec) 
Heartbeat CPU 0 instructions: 80000007 cycles: 16838390 heartbeat IPC: 4.72786 cumulative IPC: 4.75105 (Simulation time: 0 hr 2 min 51 sec) 
Heartbeat CPU 0 instructions: 90000000 cycles: 18966540 heartbeat IPC: 4.69891 cumulative IPC: 4.7452 (Simulation time: 0 hr 3 min 14 sec) 
*** Reached end of trace for Core: 0 Repeating trace: /home1/sweta/traces/qualcomm_traces/srv_41.champsimtrace.xz
Heartbeat CPU 0 instructions: 100000006 cycles: 21040969 heartbeat IPC: 4.82061 cumulative IPC: 4.75263 (Simulation time: 0 hr 3 min 35 sec) 
Heartbeat CPU 0 instructions: 110000002 cycles: 23159310 heartbeat IPC: 4.72067 cumulative IPC: 4.74971 (Simulation time: 0 hr 3 min 57 sec) 
Heartbeat CPU 0 instructions: 120000000 cycles: 25288273 heartbeat IPC: 4.69712 cumulative IPC: 4.74528 (Simulation time: 0 hr 4 min 19 sec) 
*** Reached end of trace for Core: 0 Repeating trace: /home1/sweta/traces/qualcomm_traces/srv_41.champsimtrace.xz
Heartbeat CPU 0 instructions: 130000000 cycles: 27360275 heartbeat IPC: 4.82625 cumulative IPC: 4.75141 (Simulation time: 0 hr 4 min 39 sec) 
Heartbeat CPU 0 instructions: 140000000 cycles: 29473687 heartbeat IPC: 4.73169 cumulative IPC: 4.75 (Simulation time: 0 hr 5 min 0 sec) 
Heartbeat CPU 0 instructions: 150000000 cycles: 31600581 heartbeat IPC: 4.70169 cumulative IPC: 4.74675 (Simulation time: 0 hr 5 min 21 sec) 
*** Reached end of trace for Core: 0 Repeating trace: /home1/sweta/traces/qualcomm_traces/srv_41.champsimtrace.xz
Heartbeat CPU 0 instructions: 160000000 cycles: 33666197 heartbeat IPC: 4.84117 cumulative IPC: 4.75254 (Simulation time: 0 hr 5 min 40 sec) 
Heartbeat CPU 0 instructions: 170000000 cycles: 35807815 heartbeat IPC: 4.66937 cumulative IPC: 4.74757 (Simulation time: 0 hr 6 min 0 sec) 
Heartbeat CPU 0 instructions: 180000000 cycles: 37915071 heartbeat IPC: 4.74551 cumulative IPC: 4.74745 (Simulation time: 0 hr 6 min 19 sec) 
*** Reached end of trace for Core: 0 Repeating trace: /home1/sweta/traces/qualcomm_traces/srv_41.champsimtrace.xz
Heartbeat CPU 0 instructions: 190000003 cycles: 39970357 heartbeat IPC: 4.8655 cumulative IPC: 4.75352 (Simulation time: 0 hr 6 min 38 sec) 
Heartbeat CPU 0 instructions: 200000003 cycles: 42123177 heartbeat IPC: 4.64507 cumulative IPC: 4.74798 (Simulation time: 0 hr 6 min 58 sec) 

Warmup complete CPU 0 instructions: 200000003 cycles: 42123177 (Simulation time: 0 hr 6 min 58 sec) 

Heartbeat CPU 0 instructions: 210000007 cycles: 60256432 heartbeat IPC: 0.551473 cumulative IPC: 0.551473 (Simulation time: 0 hr 7 min 25 sec) 
*** Reached end of trace for Core: 0 Repeating trace: /home1/sweta/traces/qualcomm_traces/srv_41.champsimtrace.xz
Heartbeat CPU 0 instructions: 220000006 cycles: 79114245 heartbeat IPC: 0.530284 cumulative IPC: 0.540671 (Simulation time: 0 hr 7 min 51 sec) 
Heartbeat CPU 0 instructions: 230000000 cycles: 98591146 heartbeat IPC: 0.513428 cumulative IPC: 0.531275 (Simulation time: 0 hr 8 min 18 sec) 
Heartbeat CPU 0 instructions: 240000000 cycles: 116889556 heartbeat IPC: 0.546496 cumulative IPC: 0.535 (Simulation time: 0 hr 8 min 43 sec) 
*** Reached end of trace for Core: 0 Repeating trace: /home1/sweta/traces/qualcomm_traces/srv_41.champsimtrace.xz
Heartbeat CPU 0 instructions: 250000002 cycles: 136052757 heartbeat IPC: 0.521834 cumulative IPC: 0.532314 (Simulation time: 0 hr 9 min 10 sec) 
Heartbeat CPU 0 instructions: 260000001 cycles: 155481095 heartbeat IPC: 0.514712 cumulative IPC: 0.529297 (Simulation time: 0 hr 9 min 36 sec) 
Heartbeat CPU 0 instructions: 270000000 cycles: 175020885 heartbeat IPC: 0.511776 cumulative IPC: 0.526721 (Simulation time: 0 hr 10 min 2 sec) 
*** Reached end of trace for Core: 0 Repeating trace: /home1/sweta/traces/qualcomm_traces/srv_41.champsimtrace.xz
Heartbeat CPU 0 instructions: 280000005 cycles: 193960317 heartbeat IPC: 0.527999 cumulative IPC: 0.52688 (Simulation time: 0 hr 10 min 29 sec) 
Heartbeat CPU 0 instructions: 290000007 cycles: 213645526 heartbeat IPC: 0.507996 cumulative IPC: 0.524713 (Simulation time: 0 hr 10 min 55 sec) 
Heartbeat CPU 0 instructions: 300000003 cycles: 233090929 heartbeat IPC: 0.51426 cumulative IPC: 0.523649 (Simulation time: 0 hr 11 min 22 sec) 
*** Reached end of trace for Core: 0 Repeating trace: /home1/sweta/traces/qualcomm_traces/srv_41.champsimtrace.xz
Heartbeat CPU 0 instructions: 310000002 cycles: 252140856 heartbeat IPC: 0.524936 cumulative IPC: 0.523765 (Simulation time: 0 hr 11 min 48 sec) 
Heartbeat CPU 0 instructions: 320000000 cycles: 271504484 heartbeat IPC: 0.516432 cumulative IPC: 0.523146 (Simulation time: 0 hr 12 min 14 sec) 
Heartbeat CPU 0 instructions: 330000001 cycles: 289871806 heartbeat IPC: 0.544445 cumulative IPC: 0.524725 (Simulation time: 0 hr 12 min 40 sec) 
*** Reached end of trace for Core: 0 Repeating trace: /home1/sweta/traces/qualcomm_traces/srv_41.champsimtrace.xz
Heartbeat CPU 0 instructions: 340000005 cycles: 309874261 heartbeat IPC: 0.499939 cumulative IPC: 0.522874 (Simulation time: 0 hr 13 min 7 sec) 
Heartbeat CPU 0 instructions: 350000000 cycles: 328208329 heartbeat IPC: 0.545432 cumulative IPC: 0.524319 (Simulation time: 0 hr 13 min 32 sec) 
Heartbeat CPU 0 instructions: 360000000 cycles: 346442860 heartbeat IPC: 0.54841 cumulative IPC: 0.525763 (Simulation time: 0 hr 13 min 59 sec) 
*** Reached end of trace for Core: 0 Repeating trace: /home1/sweta/traces/qualcomm_traces/srv_41.champsimtrace.xz
Heartbeat CPU 0 instructions: 370000002 cycles: 366191803 heartbeat IPC: 0.506356 cumulative IPC: 0.52458 (Simulation time: 0 hr 14 min 24 sec) 
Heartbeat CPU 0 instructions: 380000007 cycles: 384734362 heartbeat IPC: 0.5393 cumulative IPC: 0.525377 (Simulation time: 0 hr 14 min 51 sec) 
Heartbeat CPU 0 instructions: 390000001 cycles: 402819885 heartbeat IPC: 0.552928 cumulative IPC: 0.526758 (Simulation time: 0 hr 15 min 17 sec) 
Heartbeat CPU 0 instructions: 400000006 cycles: 424161446 heartbeat IPC: 0.46857 cumulative IPC: 0.523508 (Simulation time: 0 hr 15 min 43 sec) 
Finished CPU 0 instructions: 200000003 cycles: 382038269 cumulative IPC: 0.523508 (Simulation time: 0 hr 15 min 43 sec) 

ChampSim completed all CPUs

Region of Interest Statistics

CPU 0 cumulative IPC: 0.523508 instructions: 200000003 cycles: 382038269
ITLB TOTAL     ACCESS:   24916171  HIT:   24025524  MISS:     890647  HIT %:    96.4254  MISS %:    3.57457   MPKI: 4.45323
ITLB LOAD TRANSLATION ACCESS:   24916171  HIT:   24025524  MISS:     890647  HIT %:    96.4254  MISS %:    3.57457   MPKI: 4.45323
ITLB PREFETCH  REQUESTED:          0  ISSUED:          0  USEFUL:          0  USELESS:          0
ITLB USEFUL LOAD PREFETCHES:          0 PREFETCH ISSUED TO LOWER LEVEL:          0  ACCURACY: -nan
ITLB TIMELY PREFETCHES:          0 LATE PREFETCHES: 0 DROPPED PREFETCHES: 0
ITLB PREFETCHES SAME FILL-ORIGIN LEVEL: 0 DIFFERENT FILL-ORIGIN LEVEL: 0
ITLB AVERAGE MISS LATENCY:    9.74287 cycles AVERAGE LOAD MISS LATENCY:       -nan cycles Load Miss          0
ITLB Average MSHR Occupancy:  0.0206849
ITLB RQ	ACCESS:   28805277	FORWARD:          0	MERGED:    3316954	TO_CACHE:   25488323

DTLB TOTAL     ACCESS:   32402766  HIT:   31416313  MISS:     986453  HIT %:    96.9557  MISS %:    3.04435   MPKI: 4.93226
DTLB LOAD TRANSLATION ACCESS:   32402766  HIT:   31416313  MISS:     986453  HIT %:    96.9557  MISS %:    3.04435   MPKI: 4.93226
DTLB PREFETCH  REQUESTED:          0  ISSUED:          0  USEFUL:          0  USELESS:          0
DTLB USEFUL LOAD PREFETCHES:          0 PREFETCH ISSUED TO LOWER LEVEL:          0  ACCURACY: -nan
DTLB TIMELY PREFETCHES:          0 LATE PREFETCHES: 0 DROPPED PREFETCHES: 0
DTLB PREFETCHES SAME FILL-ORIGIN LEVEL: 0 DIFFERENT FILL-ORIGIN LEVEL: 0
DTLB AVERAGE MISS LATENCY:    12.1171 cycles AVERAGE LOAD MISS LATENCY:       -nan cycles Load Miss          0
DTLB Average MSHR Occupancy:  0.0299488
DTLB RQ	ACCESS:   46358894	FORWARD:          0	MERGED:   13891476	TO_CACHE:   32467418

STLB TOTAL     ACCESS:    2170097  HIT:    2068552  MISS:     101545  HIT %:    95.3207  MISS %:    4.67928   MPKI: 0.507725
STLB LOAD TRANSLATION ACCESS:    1877100  HIT:    1775985  MISS:     101115  HIT %:    94.6132  MISS %:    5.38677   MPKI: 0.505575
STLB TRANSLATION FROM L1D PREFETCHER ACCESS:     292997  HIT:     292567  MISS:        430  HIT %:    99.8532  MISS %:   0.146759   MPKI: 0.00215
STLB PREFETCH  REQUESTED:          0  ISSUED:          0  USEFUL:        412  USELESS:         18
STLB USEFUL LOAD PREFETCHES:        412 PREFETCH ISSUED TO LOWER LEVEL:          0  ACCURACY: inf
STLB TIMELY PREFETCHES:        412 LATE PREFETCHES: 4 DROPPED PREFETCHES: 17200
STLB PREFETCHES SAME FILL-ORIGIN LEVEL: 0 DIFFERENT FILL-ORIGIN LEVEL: 0
STLB AVERAGE MISS LATENCY:    36.7415 cycles AVERAGE LOAD MISS LATENCY:       -nan cycles Load Miss          0
STLB Average MSHR Occupancy:  0.0115642
STLB RQ	ACCESS:    3018879	FORWARD:          0	MERGED:     831177	TO_CACHE:    2187702

STLB Hit, L1D data hit: 0
STLB Hit, L2C data hit: 0
STLB Hit, LLC data hit: 0
STLB Hit, LLC data miss: 0
STLB STLB hints to L2: 0
L1D TOTAL     ACCESS:   46152408  HIT:   43777436  MISS:    2374972  HIT %:    94.8541  MISS %:    5.14593   MPKI: 11.8749
L1D LOAD      ACCESS:   26358070  HIT:   24700242  MISS:    1657828  HIT %:    93.7104  MISS %:    6.28964   MPKI: 8.28914
L1D RFO       ACCESS:   19084579  HIT:   18403460  MISS:     681119  HIT %:    96.4311  MISS %:    3.56895   MPKI: 3.40559
L1D PREFETCH  ACCESS:     709759  HIT:     673734  MISS:      36025  HIT %:    94.9243  MISS %:    5.07567   MPKI: 0.180125
AGUS PREFETCH L1 MISS: 0
L1D PREFETCH  REQUESTED:    2584200  ISSUED:    2336801  USEFUL:      31474  USELESS:       4551
L1D USEFUL LOAD PREFETCHES:      31474 PREFETCH ISSUED TO LOWER LEVEL:     418577  ACCURACY: 7.51929
L1D TIMELY PREFETCHES:      31474 LATE PREFETCHES: 1408 DROPPED PREFETCHES: 39292
L1D PREFETCHES SAME FILL-ORIGIN LEVEL: 37433 DIFFERENT FILL-ORIGIN LEVEL: 381144
L1D AVERAGE MISS LATENCY:    24.2592 cycles AVERAGE LOAD MISS LATENCY:    22.5009 cycles Load Miss    1657828
L1D Average MSHR Occupancy:   0.163358
L1D RQ	ACCESS:   39772054	FORWARD:          0	MERGED:   13140314	TO_CACHE:   26415751
L1D WQ	ACCESS:   20254368	FORWARD:     216505	MERGED:     311225	TO_CACHE:   19943143
L1D PQ	ACCESS:    1195022	FORWARD:          0	MERGED:      52727	TO_CACHE:    1141779

L1D UNIQUE REGIONS ACCESSED: 0
L1D REGIONS CONFLICTS: 0
L1D Cross Page Prefetch Requests: 401537
L1D Same Page Prefetch Requests: 2254154
L1D ROI Sum of L1D PQ occupancy: 17342515
L1D PREFETCHES PUSHED FROM L2C: 0
L1I TOTAL     ACCESS:   27660317  HIT:   10249503  MISS:   17410814  HIT %:    37.0549  MISS %:    62.9451   MPKI: 87.0541
L1I LOAD      ACCESS:   27660317  HIT:   10249503  MISS:   17410814  HIT %:    37.0549  MISS %:    62.9451   MPKI: 87.0541
L1I PREFETCH  REQUESTED:          0  ISSUED:          0  USEFUL:          0  USELESS:          0
L1I USEFUL LOAD PREFETCHES:          0 PREFETCH ISSUED TO LOWER LEVEL:          0  ACCURACY: -nan
L1I TIMELY PREFETCHES:          0 LATE PREFETCHES: 0 DROPPED PREFETCHES: 0
L1I PREFETCHES SAME FILL-ORIGIN LEVEL: 0 DIFFERENT FILL-ORIGIN LEVEL: 0
L1I AVERAGE MISS LATENCY:    14.1636 cycles AVERAGE LOAD MISS LATENCY:    14.1636 cycles Load Miss   17410814
L1I Average MSHR Occupancy:   0.629653
L1I RQ	ACCESS:   52018984	FORWARD:          0	MERGED:   23213707	TO_CACHE:   28805277

BTB TOTAL     ACCESS:   31985550  HIT:   26196774  MISS:    5788776  HIT %:    81.9019  MISS %:    18.0981   MPKI: 28.9439
BTB BRANCH_DIRECT_JUMP	ACCESS:    3117421  HIT:    2720939  MISS:     396482
BTB BRANCH_INDIRECT	ACCESS:   11718915  HIT:    9357381  MISS:    2361534
BTB BRANCH_CONDITIONAL	ACCESS:   10800239  HIT:   10331220  MISS:     469019
BTB BRANCH_DIRECT_CALL	ACCESS:    2716251  HIT:    1978826  MISS:     737425
BTB BRANCH_INDIRECT_CALL	ACCESS:     458241  HIT:     279866  MISS:     178375
BTB BRANCH_RETURN	ACCESS:    3174483  HIT:    1528542  MISS:    1645941
BTB BRANCH_OTHER ACCESS:          0  HIT:          0  MISS:          0

L2C TOTAL     ACCESS:   21564593  HIT:   21215854  MISS:     348739  HIT %:    98.3828  MISS %:    1.61718   MPKI: 1.74369
L2C LOAD      ACCESS:   19067224  HIT:   18886870  MISS:     180354  HIT %:    99.0541  MISS %:   0.945885   MPKI: 0.90177
L2C DATA LOAD MPKI: 0.83719
L2C INSTRUCTION LOAD MPKI: 0.06458
L2C RFO       ACCESS:     681092  HIT:     558428  MISS:     122664  HIT %:    81.9901  MISS %:    18.0099   MPKI: 0.61332
L2C PREFETCH  ACCESS:     408704  HIT:     378181  MISS:      30523  HIT %:    92.5318  MISS %:    7.46824   MPKI: 0.152615
AGUS PREFETCH L1 MISS: 0
L2C DATA PREFETCH MPKI: 0.152615
L2C INSTRUCTION PREFETCH MPKI: 0
L2C WRITEBACK ACCESS:    1229074  HIT:    1228627  MISS:        447  HIT %:    99.9636  MISS %:  0.0363688   MPKI: 0.002235
L2C LOAD TRANSLATION ACCESS:     159063  HIT:     144506  MISS:      14557  HIT %:    90.8483  MISS %:    9.15172   MPKI: 0.072785
L2C TRANSLATION FROM L1D PREFETCHER ACCESS:      19436  HIT:      19242  MISS:        194  HIT %:    99.0019  MISS %:   0.998148   MPKI: 0.00097
L2C PREFETCH  REQUESTED:          0  ISSUED:          0  USEFUL:       3623  USELESS:      26756
L2C USEFUL LOAD PREFETCHES:       3623 PREFETCH ISSUED TO LOWER LEVEL:      30967  ACCURACY: 11.6996
L2C TIMELY PREFETCHES:       3623 LATE PREFETCHES: 444 DROPPED PREFETCHES: 0
L2C PREFETCHES SAME FILL-ORIGIN LEVEL: 23411 DIFFERENT FILL-ORIGIN LEVEL: 0
L2C AVERAGE MISS LATENCY:    74.2385 cycles AVERAGE LOAD MISS LATENCY:    73.8576 cycles Load Miss     180354
L2C Average MSHR Occupancy:  0.0673108
L2C RQ	ACCESS:   19926852	FORWARD:          0	MERGED:          0	TO_CACHE:   19926815
L2C WQ	ACCESS:    1229074	FORWARD:         45	MERGED:          0	TO_CACHE:    1229074
L2C PQ	ACCESS:     418577	FORWARD:          0	MERGED:        135	TO_CACHE:     418434

L2C Instructions Evicting Data 11703
L2C Translations Evicting Data 13489
L2C Data Evicting Data 295164
L2C Instructions Evicting Instructions 629
L2C Translations Evicting Instructions 562
L2C Data Evicting Instructions 12040
L2C Instructions Evicting Translations 584
L2C Translations Evicting Translations 700
L2C Data Evicting Translations 13421
L2C Dense regions hint from L2: 0
PSCL5 TOTAL     ACCESS:     118745  HIT:     118745  MISS:          0  HIT %:        100  MISS %:          0   MPKI: 0
PSCL5 LOAD TRANSLATION ACCESS:     101111  HIT:     101111  MISS:          0  HIT %:        100  MISS %:          0   MPKI: 0
PSCL5 TRANSLATION FROM L1D PREFETCHER ACCESS:      17634  HIT:      17634  MISS:          0  HIT %:        100  MISS %:          0   MPKI: 0
PSCL5 PREFETCH  REQUESTED:          0  ISSUED:          0  USEFUL:          0  USELESS:          0
PSCL5 USEFUL LOAD PREFETCHES:          0 PREFETCH ISSUED TO LOWER LEVEL:          0  ACCURACY: -nan
PSCL5 TIMELY PREFETCHES:          0 LATE PREFETCHES: 0 DROPPED PREFETCHES: 0
PSCL5 PREFETCHES SAME FILL-ORIGIN LEVEL: 0 DIFFERENT FILL-ORIGIN LEVEL: 0

PSCL4 TOTAL     ACCESS:     117877  HIT:     117572  MISS:        305  HIT %:    99.7413  MISS %:   0.258744   MPKI: 0.001525
PSCL4 LOAD TRANSLATION ACCESS:     100484  HIT:     100179  MISS:        305  HIT %:    99.6965  MISS %:   0.303531   MPKI: 0.001525
PSCL4 TRANSLATION FROM L1D PREFETCHER ACCESS:      17393  HIT:      17393  MISS:          0  HIT %:        100  MISS %:          0   MPKI: 0
PSCL4 PREFETCH  REQUESTED:          0  ISSUED:          0  USEFUL:          0  USELESS:          0
PSCL4 USEFUL LOAD PREFETCHES:          0 PREFETCH ISSUED TO LOWER LEVEL:          0  ACCURACY: -nan
PSCL4 TIMELY PREFETCHES:          0 LATE PREFETCHES: 0 DROPPED PREFETCHES: 0
PSCL4 PREFETCHES SAME FILL-ORIGIN LEVEL: 0 DIFFERENT FILL-ORIGIN LEVEL: 0

PSCL3 TOTAL     ACCESS:     103028  HIT:      86749  MISS:      16279  HIT %:    84.1994  MISS %:    15.8006   MPKI: 0.081395
PSCL3 LOAD TRANSLATION ACCESS:      93829  HIT:      77550  MISS:      16279  HIT %:    82.6504  MISS %:    17.3496   MPKI: 0.081395
PSCL3 TRANSLATION FROM L1D PREFETCHER ACCESS:       9199  HIT:       9199  MISS:          0  HIT %:        100  MISS %:          0   MPKI: 0
PSCL3 PREFETCH  REQUESTED:          0  ISSUED:          0  USEFUL:          0  USELESS:          0
PSCL3 USEFUL LOAD PREFETCHES:          0 PREFETCH ISSUED TO LOWER LEVEL:          0  ACCURACY: -nan
PSCL3 TIMELY PREFETCHES:          0 LATE PREFETCHES: 0 DROPPED PREFETCHES: 0
PSCL3 PREFETCHES SAME FILL-ORIGIN LEVEL: 0 DIFFERENT FILL-ORIGIN LEVEL: 0

PSCL2 TOTAL     ACCESS:     117326  HIT:      75823  MISS:      41503  HIT %:    64.6259  MISS %:    35.3741   MPKI: 0.207515
PSCL2 LOAD TRANSLATION ACCESS:     101209  HIT:      59706  MISS:      41503  HIT %:    58.9928  MISS %:    41.0072   MPKI: 0.207515
PSCL2 TRANSLATION FROM L1D PREFETCHER ACCESS:      16117  HIT:      16117  MISS:          0  HIT %:        100  MISS %:          0   MPKI: 0
PSCL2 PREFETCH  REQUESTED:          0  ISSUED:          0  USEFUL:          0  USELESS:          0
PSCL2 USEFUL LOAD PREFETCHES:          0 PREFETCH ISSUED TO LOWER LEVEL:          0  ACCURACY: -nan
PSCL2 TIMELY PREFETCHES:          0 LATE PREFETCHES: 0 DROPPED PREFETCHES: 0
PSCL2 PREFETCHES SAME FILL-ORIGIN LEVEL: 0 DIFFERENT FILL-ORIGIN LEVEL: 0

LLC TOTAL     ACCESS:     555270  HIT:     476981  MISS:      78289  HIT %:    85.9007  MISS %:    14.0993   MPKI: 0.391445
LLC LOAD      ACCESS:     179910  HIT:     150298  MISS:      29612  HIT %:    83.5407  MISS %:    16.4593   MPKI: 0.14806
LLC RFO       ACCESS:     122664  HIT:     103493  MISS:      19171  HIT %:    84.3711  MISS %:    15.6289   MPKI: 0.095855
LLC PREFETCH  ACCESS:      30967  HIT:      21883  MISS:       9084  HIT %:    70.6655  MISS %:    29.3345   MPKI: 0.04542
AGUS PREFETCH L1 MISS: 0
LLC WRITEBACK ACCESS:     206978  HIT:     188959  MISS:      18019  HIT %:    91.2942  MISS %:    8.70576   MPKI: 0.090095
LLC LOAD TRANSLATION ACCESS:      14557  HIT:      12229  MISS:       2328  HIT %:    84.0077  MISS %:    15.9923   MPKI: 0.01164
LLC TRANSLATION FROM L1D PREFETCHER ACCESS:        194  HIT:        119  MISS:         75  HIT %:    61.3402  MISS %:    38.6598   MPKI: 0.000375
LLC PREFETCH  REQUESTED:          0  ISSUED:          0  USEFUL:        144  USELESS:       3481
LLC USEFUL LOAD PREFETCHES:        144 PREFETCH ISSUED TO LOWER LEVEL:       9084  ACCURACY: 1.5852
LLC TIMELY PREFETCHES:        144 LATE PREFETCHES: 0 DROPPED PREFETCHES: 0
LLC PREFETCHES SAME FILL-ORIGIN LEVEL: 0 DIFFERENT FILL-ORIGIN LEVEL: 0
LLC AVERAGE MISS LATENCY:    130.764 cycles AVERAGE LOAD MISS LATENCY:    175.427 cycles Load Miss      29612
LLC Average MSHR Occupancy:   0.026639
LLC RQ	ACCESS:     317325	FORWARD:          0	MERGED:          0	TO_CACHE:     317325
LLC WQ	ACCESS:     206978	FORWARD:          0	MERGED:          0	TO_CACHE:     206978
LLC PQ	ACCESS:      30967	FORWARD:          0	MERGED:          0	TO_CACHE:      30967

LLC Dense regions hint to LLC: 0

RAW hits: 4242538
Loads Generated: 44014596
Loads sent to L1D: 39772054
Stores Generated: 20254351
Stores sent to L1D: 20254368
Major fault: 0 Minor fault: 5392
Allocated PAGES: 5392
================ Mockingjay (LLC) Pollution Stats ================
Total pollution count in LLC: 2752
==================================================================

DRAM Statistics
 CHANNEL 0
 RQ ROW_BUFFER_HIT:      12438  ROW_BUFFER_MISS:      47830
 DBUS_CONGESTED:         49
 WQ ROW_BUFFER_HIT:       2975  ROW_BUFFER_MISS:      36120  FULL:          0

 AVG_CONGESTED_CYCLE: 4
 All warmup complete: 2
Channel 0 Bank busy for read cycles: 0
Channel 0 Bank busy for write cycles: 0
Channel 0
Rank 0
0banks busy for read cycles: 370849145
0banks busy for write cycles: 27224
1banks busy for read cycles: 5473805
1banks busy for write cycles: 4039313
2banks busy for read cycles: 631232
2banks busy for write cycles: 447375
3banks busy for read cycles: 162498
3banks busy for write cycles: 99149
4banks busy for read cycles: 66891
4banks busy for write cycles: 46589
5banks busy for read cycles: 30940
5banks busy for write cycles: 28066
6banks busy for read cycles: 13525
6banks busy for write cycles: 23583
7banks busy for read cycles: 6841
7banks busy for write cycles: 29186
8banks busy for read cycles: 3326
8banks busy for write cycles: 59582

CPU 0 Branch Prediction Accuracy: 99.6411% MPKI: 0.659055 Average ROB Occupancy at Mispredict: 58.8263
Branch types
NOT_BRANCH: 163277389 81.6387%
BRANCH_DIRECT_JUMP: 3117421 1.55871%
BRANCH_INDIRECT: 11718915 5.85946%
BRANCH_CONDITIONAL: 15537190 7.76859%
BRANCH_DIRECT_CALL: 2716251 1.35813%
BRANCH_INDIRECT_CALL: 458241 0.22912%
BRANCH_RETURN: 3174483 1.58724%
BRANCH_OTHER: 0 0%

===================== LRU L1D STATS =====================
Total pollution count in L1D: 41964
=========================================================
================ SRRIP (L2C) Pollution Stats ================
Total pollution count in L2c: 345693
==================================================================
DRAM PAGES: 1048576
Allocated PAGES: 5392
