
*** ChampSim Multicore Out-of-Order Simulator ***

Warmup Instructions: 200000000
Simulation Instructions: 200000000
Number of CPUs: 1
LLC sets: 4096
LLC ways: 12
Off-chip DRAM Size: 4096 MB Channels: 1 Width: 64-bit Data Rate: 6400 MT/s
CPU 0 runs /home1/sweta/traces/qualcomm_traces/srv_70.champsimtrace.xz
.xz
BTB has LRU replacement policy
ITLB has LRU replacement policy
DTLB has LRU replacement policy
STLB has LRU replacement policy
L1I has LRU replacement policy
History Sets: 8
History Ways: 16
BERTI Size: 16
BERTI Stride Size: 16
L1D has LRU replacement policy
Initialize SRRIP state for L2C
Initialize Mockingjay state for LLC
Heartbeat CPU 0 instructions: 10000002 cycles: 2057100 heartbeat IPC: 4.86121 cumulative IPC: 4.86121 (Simulation time: 0 hr 0 min 25 sec) 
Heartbeat CPU 0 instructions: 20000002 cycles: 4116804 heartbeat IPC: 4.85507 cumulative IPC: 4.85814 (Simulation time: 0 hr 0 min 50 sec) 
Heartbeat CPU 0 instructions: 30000003 cycles: 6172251 heartbeat IPC: 4.86512 cumulative IPC: 4.86046 (Simulation time: 0 hr 1 min 15 sec) 
*** Reached end of trace for Core: 0 Repeating trace: /home1/sweta/traces/qualcomm_traces/srv_70.champsimtrace.xz
Heartbeat CPU 0 instructions: 40000007 cycles: 8228068 heartbeat IPC: 4.86425 cumulative IPC: 4.86141 (Simulation time: 0 hr 1 min 39 sec) 
Heartbeat CPU 0 instructions: 50000005 cycles: 10288803 heartbeat IPC: 4.85264 cumulative IPC: 4.85965 (Simulation time: 0 hr 2 min 1 sec) 
Heartbeat CPU 0 instructions: 60000002 cycles: 12343993 heartbeat IPC: 4.86573 cumulative IPC: 4.86066 (Simulation time: 0 hr 2 min 23 sec) 
*** Reached end of trace for Core: 0 Repeating trace: /home1/sweta/traces/qualcomm_traces/srv_70.champsimtrace.xz
Heartbeat CPU 0 instructions: 70000002 cycles: 14400088 heartbeat IPC: 4.86359 cumulative IPC: 4.86108 (Simulation time: 0 hr 2 min 45 sec) 
Heartbeat CPU 0 instructions: 80000005 cycles: 16459836 heartbeat IPC: 4.85496 cumulative IPC: 4.86032 (Simulation time: 0 hr 3 min 7 sec) 
Heartbeat CPU 0 instructions: 90000000 cycles: 18515125 heartbeat IPC: 4.86549 cumulative IPC: 4.86089 (Simulation time: 0 hr 3 min 28 sec) 
*** Reached end of trace for Core: 0 Repeating trace: /home1/sweta/traces/qualcomm_traces/srv_70.champsimtrace.xz
Heartbeat CPU 0 instructions: 100000006 cycles: 20570944 heartbeat IPC: 4.86424 cumulative IPC: 4.86123 (Simulation time: 0 hr 3 min 49 sec) 
Heartbeat CPU 0 instructions: 110000003 cycles: 22631862 heartbeat IPC: 4.85221 cumulative IPC: 4.8604 (Simulation time: 0 hr 4 min 9 sec) 
Heartbeat CPU 0 instructions: 120000003 cycles: 24687474 heartbeat IPC: 4.86473 cumulative IPC: 4.86076 (Simulation time: 0 hr 4 min 30 sec) 
*** Reached end of trace for Core: 0 Repeating trace: /home1/sweta/traces/qualcomm_traces/srv_70.champsimtrace.xz
Heartbeat CPU 0 instructions: 130000005 cycles: 26742329 heartbeat IPC: 4.86652 cumulative IPC: 4.86121 (Simulation time: 0 hr 4 min 51 sec) 
Heartbeat CPU 0 instructions: 140000005 cycles: 28802595 heartbeat IPC: 4.85374 cumulative IPC: 4.86067 (Simulation time: 0 hr 5 min 11 sec) 
Heartbeat CPU 0 instructions: 150000004 cycles: 30858071 heartbeat IPC: 4.86505 cumulative IPC: 4.86097 (Simulation time: 0 hr 5 min 32 sec) 
*** Reached end of trace for Core: 0 Repeating trace: /home1/sweta/traces/qualcomm_traces/srv_70.champsimtrace.xz
Heartbeat CPU 0 instructions: 160000004 cycles: 32912774 heartbeat IPC: 4.86688 cumulative IPC: 4.86133 (Simulation time: 0 hr 5 min 52 sec) 
Heartbeat CPU 0 instructions: 170000003 cycles: 34968656 heartbeat IPC: 4.86409 cumulative IPC: 4.8615 (Simulation time: 0 hr 6 min 12 sec) 
Heartbeat CPU 0 instructions: 180000000 cycles: 37028497 heartbeat IPC: 4.85474 cumulative IPC: 4.86112 (Simulation time: 0 hr 6 min 32 sec) 
*** Reached end of trace for Core: 0 Repeating trace: /home1/sweta/traces/qualcomm_traces/srv_70.champsimtrace.xz
Heartbeat CPU 0 instructions: 190000000 cycles: 39084411 heartbeat IPC: 4.86402 cumulative IPC: 4.86127 (Simulation time: 0 hr 6 min 53 sec) 
Heartbeat CPU 0 instructions: 200000001 cycles: 41140213 heartbeat IPC: 4.86428 cumulative IPC: 4.86142 (Simulation time: 0 hr 7 min 13 sec) 

Warmup complete CPU 0 instructions: 200000001 cycles: 41140213 (Simulation time: 0 hr 7 min 13 sec) 

Heartbeat CPU 0 instructions: 210000001 cycles: 69325162 heartbeat IPC: 0.354799 cumulative IPC: 0.354799 (Simulation time: 0 hr 7 min 41 sec) 
*** Reached end of trace for Core: 0 Repeating trace: /home1/sweta/traces/qualcomm_traces/srv_70.champsimtrace.xz
Heartbeat CPU 0 instructions: 220000000 cycles: 97313215 heartbeat IPC: 0.357295 cumulative IPC: 0.356043 (Simulation time: 0 hr 8 min 7 sec) 
Heartbeat CPU 0 instructions: 230000004 cycles: 124991742 heartbeat IPC: 0.361291 cumulative IPC: 0.357775 (Simulation time: 0 hr 8 min 34 sec) 
Heartbeat CPU 0 instructions: 240000005 cycles: 153157279 heartbeat IPC: 0.355044 cumulative IPC: 0.357088 (Simulation time: 0 hr 9 min 1 sec) 
*** Reached end of trace for Core: 0 Repeating trace: /home1/sweta/traces/qualcomm_traces/srv_70.champsimtrace.xz
Heartbeat CPU 0 instructions: 250000001 cycles: 181144807 heartbeat IPC: 0.357302 cumulative IPC: 0.357131 (Simulation time: 0 hr 9 min 27 sec) 
Heartbeat CPU 0 instructions: 260000004 cycles: 208841379 heartbeat IPC: 0.361056 cumulative IPC: 0.357779 (Simulation time: 0 hr 9 min 54 sec) 
Heartbeat CPU 0 instructions: 270000000 cycles: 236924673 heartbeat IPC: 0.356083 cumulative IPC: 0.357536 (Simulation time: 0 hr 10 min 21 sec) 
Heartbeat CPU 0 instructions: 280000002 cycles: 265051448 heartbeat IPC: 0.355533 cumulative IPC: 0.357284 (Simulation time: 0 hr 10 min 49 sec) 
*** Reached end of trace for Core: 0 Repeating trace: /home1/sweta/traces/qualcomm_traces/srv_70.champsimtrace.xz
Heartbeat CPU 0 instructions: 290000007 cycles: 292686005 heartbeat IPC: 0.361866 cumulative IPC: 0.357788 (Simulation time: 0 hr 11 min 16 sec) 
Heartbeat CPU 0 instructions: 300000001 cycles: 320747323 heartbeat IPC: 0.356362 cumulative IPC: 0.357645 (Simulation time: 0 hr 11 min 43 sec) 
Heartbeat CPU 0 instructions: 310000001 cycles: 348957027 heartbeat IPC: 0.354488 cumulative IPC: 0.357355 (Simulation time: 0 hr 12 min 10 sec) 
*** Reached end of trace for Core: 0 Repeating trace: /home1/sweta/traces/qualcomm_traces/srv_70.champsimtrace.xz
Heartbeat CPU 0 instructions: 320000000 cycles: 376726375 heartbeat IPC: 0.360109 cumulative IPC: 0.357583 (Simulation time: 0 hr 12 min 37 sec) 
Heartbeat CPU 0 instructions: 330000002 cycles: 404639081 heartbeat IPC: 0.35826 cumulative IPC: 0.357635 (Simulation time: 0 hr 13 min 3 sec) 
Heartbeat CPU 0 instructions: 340000000 cycles: 432777662 heartbeat IPC: 0.355384 cumulative IPC: 0.357473 (Simulation time: 0 hr 13 min 30 sec) 
*** Reached end of trace for Core: 0 Repeating trace: /home1/sweta/traces/qualcomm_traces/srv_70.champsimtrace.xz
Heartbeat CPU 0 instructions: 350000002 cycles: 460619241 heartbeat IPC: 0.359175 cumulative IPC: 0.357586 (Simulation time: 0 hr 13 min 56 sec) 
Heartbeat CPU 0 instructions: 360000000 cycles: 488761271 heartbeat IPC: 0.35534 cumulative IPC: 0.357445 (Simulation time: 0 hr 14 min 21 sec) 
Heartbeat CPU 0 instructions: 370000000 cycles: 516623319 heartbeat IPC: 0.358911 cumulative IPC: 0.357531 (Simulation time: 0 hr 14 min 46 sec) 
*** Reached end of trace for Core: 0 Repeating trace: /home1/sweta/traces/qualcomm_traces/srv_70.champsimtrace.xz
Heartbeat CPU 0 instructions: 380000004 cycles: 544606529 heartbeat IPC: 0.357357 cumulative IPC: 0.357521 (Simulation time: 0 hr 15 min 11 sec) 
Heartbeat CPU 0 instructions: 390000002 cycles: 572565009 heartbeat IPC: 0.357673 cumulative IPC: 0.357529 (Simulation time: 0 hr 15 min 35 sec) 
Heartbeat CPU 0 instructions: 400000001 cycles: 600537278 heartbeat IPC: 0.357497 cumulative IPC: 0.357528 (Simulation time: 0 hr 15 min 59 sec) 
Finished CPU 0 instructions: 200000000 cycles: 559397065 cumulative IPC: 0.357528 (Simulation time: 0 hr 15 min 59 sec) 

ChampSim completed all CPUs

Region of Interest Statistics

CPU 0 cumulative IPC: 0.357528 instructions: 200000000 cycles: 559397065
ITLB TOTAL     ACCESS:   25603445  HIT:   23754908  MISS:    1848537  HIT %:    92.7801  MISS %:    7.21988   MPKI: 9.24268
ITLB LOAD TRANSLATION ACCESS:   25603445  HIT:   23754908  MISS:    1848537  HIT %:    92.7801  MISS %:    7.21988   MPKI: 9.24268
ITLB PREFETCH  REQUESTED:          0  ISSUED:          0  USEFUL:          0  USELESS:          0
ITLB USEFUL LOAD PREFETCHES:          0 PREFETCH ISSUED TO LOWER LEVEL:          0  ACCURACY: -nan
ITLB TIMELY PREFETCHES:          0 LATE PREFETCHES: 0 DROPPED PREFETCHES: 0
ITLB PREFETCHES SAME FILL-ORIGIN LEVEL: 0 DIFFERENT FILL-ORIGIN LEVEL: 0
ITLB AVERAGE MISS LATENCY:    9.02178 cycles AVERAGE LOAD MISS LATENCY:       -nan cycles Load Miss          0
ITLB Average MSHR Occupancy:  0.0265668
ITLB RQ	ACCESS:   30581367	FORWARD:          0	MERGED:    3879727	TO_CACHE:   26701640

DTLB TOTAL     ACCESS:   41455485  HIT:   39664188  MISS:    1791297  HIT %:     95.679  MISS %:    4.32101   MPKI: 8.95649
DTLB LOAD TRANSLATION ACCESS:   41455485  HIT:   39664188  MISS:    1791297  HIT %:     95.679  MISS %:    4.32101   MPKI: 8.95649
DTLB PREFETCH  REQUESTED:          0  ISSUED:          0  USEFUL:          0  USELESS:          0
DTLB USEFUL LOAD PREFETCHES:          0 PREFETCH ISSUED TO LOWER LEVEL:          0  ACCURACY: -nan
DTLB TIMELY PREFETCHES:          0 LATE PREFETCHES: 0 DROPPED PREFETCHES: 0
DTLB PREFETCHES SAME FILL-ORIGIN LEVEL: 0 DIFFERENT FILL-ORIGIN LEVEL: 0
DTLB AVERAGE MISS LATENCY:    9.11529 cycles AVERAGE LOAD MISS LATENCY:       -nan cycles Load Miss          0
DTLB Average MSHR Occupancy:  0.0263708
DTLB RQ	ACCESS:   57198278	FORWARD:          0	MERGED:   15674998	TO_CACHE:   41523280

STLB TOTAL     ACCESS:    3944060  HIT:    3933981  MISS:      10079  HIT %:    99.7445  MISS %:   0.255549   MPKI: 0.050395
STLB LOAD TRANSLATION ACCESS:    3639834  HIT:    3630009  MISS:       9825  HIT %:    99.7301  MISS %:    0.26993   MPKI: 0.049125
STLB TRANSLATION FROM L1D PREFETCHER ACCESS:     304226  HIT:     303972  MISS:        254  HIT %:    99.9165  MISS %:  0.0834906   MPKI: 0.00127
STLB PREFETCH  REQUESTED:          0  ISSUED:          0  USEFUL:        215  USELESS:         37
STLB USEFUL LOAD PREFETCHES:        215 PREFETCH ISSUED TO LOWER LEVEL:          0  ACCURACY: inf
STLB TIMELY PREFETCHES:        215 LATE PREFETCHES: 0 DROPPED PREFETCHES: 4594
STLB PREFETCHES SAME FILL-ORIGIN LEVEL: 0 DIFFERENT FILL-ORIGIN LEVEL: 0
STLB AVERAGE MISS LATENCY:     21.358 cycles AVERAGE LOAD MISS LATENCY:       -nan cycles Load Miss          0
STLB Average MSHR Occupancy: 0.000587811
STLB RQ	ACCESS:    5453563	FORWARD:          0	MERGED:    1504872	TO_CACHE:    3948691

STLB Hit, L1D data hit: 0
STLB Hit, L2C data hit: 0
STLB Hit, LLC data hit: 0
STLB Hit, LLC data miss: 0
STLB STLB hints to L2: 0
L1D TOTAL     ACCESS:   56699426  HIT:   52805128  MISS:    3894298  HIT %:    93.1317  MISS %:    6.86832   MPKI: 19.4715
L1D LOAD      ACCESS:   31101835  HIT:   28469629  MISS:    2632206  HIT %:    91.5368  MISS %:    8.46319   MPKI: 13.161
L1D RFO       ACCESS:   24448572  HIT:   23375320  MISS:    1073252  HIT %:    95.6102  MISS %:    4.38984   MPKI: 5.36626
L1D PREFETCH  ACCESS:    1149019  HIT:     960179  MISS:     188840  HIT %:    83.5651  MISS %:    16.4349   MPKI: 0.9442
AGUS PREFETCH L1 MISS: 0
L1D PREFETCH  REQUESTED:    5931392  ISSUED:    3707118  USEFUL:     153850  USELESS:      34986
L1D USEFUL LOAD PREFETCHES:     153850 PREFETCH ISSUED TO LOWER LEVEL:     817887  ACCURACY: 18.8107
L1D TIMELY PREFETCHES:     153850 LATE PREFETCHES: 12530 DROPPED PREFETCHES: 6824
L1D PREFETCHES SAME FILL-ORIGIN LEVEL: 201370 DIFFERENT FILL-ORIGIN LEVEL: 616517
L1D AVERAGE MISS LATENCY:    15.3377 cycles AVERAGE LOAD MISS LATENCY:    15.2764 cycles Load Miss    2632206
L1D Average MSHR Occupancy:   0.116364
L1D RQ	ACCESS:   44535419	FORWARD:          0	MERGED:   13192709	TO_CACHE:   31163991
L1D WQ	ACCESS:   26307227	FORWARD:     178730	MERGED:     272940	TO_CACHE:   26034287
L1D PQ	ACCESS:    1893389	FORWARD:          0	MERGED:      79649	TO_CACHE:    1813729

L1D UNIQUE REGIONS ACCESSED: 0
L1D REGIONS CONFLICTS: 0
L1D Cross Page Prefetch Requests: 233174
L1D Same Page Prefetch Requests: 3227217
L1D ROI Sum of L1D PQ occupancy: 26007327
L1D PREFETCHES PUSHED FROM L2C: 0
L1I TOTAL     ACCESS:   30289208  HIT:   10375247  MISS:   19913961  HIT %:    34.2539  MISS %:    65.7461   MPKI: 99.5698
L1I LOAD      ACCESS:   30289208  HIT:   10375247  MISS:   19913961  HIT %:    34.2539  MISS %:    65.7461   MPKI: 99.5698
L1I PREFETCH  REQUESTED:          0  ISSUED:          0  USEFUL:          0  USELESS:          0
L1I USEFUL LOAD PREFETCHES:          0 PREFETCH ISSUED TO LOWER LEVEL:          0  ACCURACY: -nan
L1I TIMELY PREFETCHES:          0 LATE PREFETCHES: 0 DROPPED PREFETCHES: 0
L1I PREFETCHES SAME FILL-ORIGIN LEVEL: 0 DIFFERENT FILL-ORIGIN LEVEL: 0
L1I AVERAGE MISS LATENCY:    14.1204 cycles AVERAGE LOAD MISS LATENCY:    14.1204 cycles Load Miss   19913961
L1I Average MSHR Occupancy:   0.487143
L1I RQ	ACCESS:   48414536	FORWARD:          0	MERGED:   17833169	TO_CACHE:   30581367

BTB TOTAL     ACCESS:   30324241  HIT:   18866422  MISS:   11457819  HIT %:    62.2156  MISS %:    37.7844   MPKI: 57.2891
BTB BRANCH_DIRECT_JUMP	ACCESS:    2183819  HIT:    1382497  MISS:     801322
BTB BRANCH_INDIRECT	ACCESS:   11402225  HIT:    7106361  MISS:    4295864
BTB BRANCH_CONDITIONAL	ACCESS:    8670311  HIT:    7511621  MISS:    1158690
BTB BRANCH_DIRECT_CALL	ACCESS:    3408577  HIT:    1528380  MISS:    1880197
BTB BRANCH_INDIRECT_CALL	ACCESS:     625372  HIT:     245928  MISS:     379444
BTB BRANCH_RETURN	ACCESS:    4033937  HIT:    1091635  MISS:    2942302
BTB BRANCH_OTHER ACCESS:          0  HIT:          0  MISS:          0

L2C TOTAL     ACCESS:   26251127  HIT:   26219429  MISS:      31698  HIT %:    99.8793  MISS %:   0.120749   MPKI: 0.15849
L2C LOAD      ACCESS:   22533610  HIT:   22515693  MISS:      17917  HIT %:    99.9205  MISS %:  0.0795123   MPKI: 0.089585
L2C DATA LOAD MPKI: 0.083395
L2C INSTRUCTION LOAD MPKI: 0.00619
L2C RFO       ACCESS:    1073252  HIT:    1063476  MISS:       9776  HIT %:    99.0891  MISS %:   0.910876   MPKI: 0.04888
L2C PREFETCH  ACCESS:     816700  HIT:     813012  MISS:       3688  HIT %:    99.5484  MISS %:   0.451573   MPKI: 0.01844
AGUS PREFETCH L1 MISS: 0
L2C DATA PREFETCH MPKI: 0.01844
L2C INSTRUCTION PREFETCH MPKI: 0
L2C WRITEBACK ACCESS:    1810798  HIT:    1810789  MISS:          9  HIT %:    99.9995  MISS %: 0.000497018   MPKI: 4.5e-05
L2C LOAD TRANSLATION ACCESS:      10724  HIT:      10428  MISS:        296  HIT %:    97.2398  MISS %:    2.76016   MPKI: 0.00148
L2C TRANSLATION FROM L1D PREFETCHER ACCESS:       6043  HIT:       6031  MISS:         12  HIT %:    99.8014  MISS %:   0.198577   MPKI: 6e-05
L2C PREFETCH  REQUESTED:          0  ISSUED:          0  USEFUL:        294  USELESS:       3667
L2C USEFUL LOAD PREFETCHES:        294 PREFETCH ISSUED TO LOWER LEVEL:       3702  ACCURACY: 7.94165
L2C TIMELY PREFETCHES:        294 LATE PREFETCHES: 14 DROPPED PREFETCHES: 0
L2C PREFETCHES SAME FILL-ORIGIN LEVEL: 3387 DIFFERENT FILL-ORIGIN LEVEL: 0
L2C AVERAGE MISS LATENCY:     46.272 cycles AVERAGE LOAD MISS LATENCY:    45.0464 cycles Load Miss      17917
L2C Average MSHR Occupancy: 0.00262326
L2C RQ	ACCESS:   23623658	FORWARD:          0	MERGED:          0	TO_CACHE:   23623631
L2C WQ	ACCESS:    1810798	FORWARD:         27	MERGED:          0	TO_CACHE:    1810798
L2C PQ	ACCESS:     817887	FORWARD:          0	MERGED:        561	TO_CACHE:     817326

L2C Instructions Evicting Data 1154
L2C Translations Evicting Data 300
L2C Data Evicting Data 28683
L2C Instructions Evicting Instructions 74
L2C Translations Evicting Instructions 2
L2C Data Evicting Instructions 1056
L2C Instructions Evicting Translations 10
L2C Translations Evicting Translations 6
L2C Data Evicting Translations 289
L2C Dense regions hint from L2: 0
PSCL5 TOTAL     ACCESS:      14673  HIT:      14673  MISS:          0  HIT %:        100  MISS %:          0   MPKI: 0
PSCL5 LOAD TRANSLATION ACCESS:       9825  HIT:       9825  MISS:          0  HIT %:        100  MISS %:          0   MPKI: 0
PSCL5 TRANSLATION FROM L1D PREFETCHER ACCESS:       4848  HIT:       4848  MISS:          0  HIT %:        100  MISS %:          0   MPKI: 0
PSCL5 PREFETCH  REQUESTED:          0  ISSUED:          0  USEFUL:          0  USELESS:          0
PSCL5 USEFUL LOAD PREFETCHES:          0 PREFETCH ISSUED TO LOWER LEVEL:          0  ACCURACY: -nan
PSCL5 TIMELY PREFETCHES:          0 LATE PREFETCHES: 0 DROPPED PREFETCHES: 0
PSCL5 PREFETCHES SAME FILL-ORIGIN LEVEL: 0 DIFFERENT FILL-ORIGIN LEVEL: 0

PSCL4 TOTAL     ACCESS:      14593  HIT:      14558  MISS:         35  HIT %:    99.7602  MISS %:   0.239841   MPKI: 0.000175
PSCL4 LOAD TRANSLATION ACCESS:       9762  HIT:       9727  MISS:         35  HIT %:    99.6415  MISS %:   0.358533   MPKI: 0.000175
PSCL4 TRANSLATION FROM L1D PREFETCHER ACCESS:       4831  HIT:       4831  MISS:          0  HIT %:        100  MISS %:          0   MPKI: 0
PSCL4 PREFETCH  REQUESTED:          0  ISSUED:          0  USEFUL:          0  USELESS:          0
PSCL4 USEFUL LOAD PREFETCHES:          0 PREFETCH ISSUED TO LOWER LEVEL:          0  ACCURACY: -nan
PSCL4 TIMELY PREFETCHES:          0 LATE PREFETCHES: 0 DROPPED PREFETCHES: 0
PSCL4 PREFETCHES SAME FILL-ORIGIN LEVEL: 0 DIFFERENT FILL-ORIGIN LEVEL: 0

PSCL3 TOTAL     ACCESS:      14643  HIT:      14608  MISS:         35  HIT %:     99.761  MISS %:   0.239022   MPKI: 0.000175
PSCL3 LOAD TRANSLATION ACCESS:       9804  HIT:       9769  MISS:         35  HIT %:     99.643  MISS %:   0.356997   MPKI: 0.000175
PSCL3 TRANSLATION FROM L1D PREFETCHER ACCESS:       4839  HIT:       4839  MISS:          0  HIT %:        100  MISS %:          0   MPKI: 0
PSCL3 PREFETCH  REQUESTED:          0  ISSUED:          0  USEFUL:          0  USELESS:          0
PSCL3 USEFUL LOAD PREFETCHES:          0 PREFETCH ISSUED TO LOWER LEVEL:          0  ACCURACY: -nan
PSCL3 TIMELY PREFETCHES:          0 LATE PREFETCHES: 0 DROPPED PREFETCHES: 0
PSCL3 PREFETCHES SAME FILL-ORIGIN LEVEL: 0 DIFFERENT FILL-ORIGIN LEVEL: 0

PSCL2 TOTAL     ACCESS:      13495  HIT:      12659  MISS:        836  HIT %:    93.8051  MISS %:    6.19489   MPKI: 0.00418
PSCL2 LOAD TRANSLATION ACCESS:       9832  HIT:       8996  MISS:        836  HIT %:    91.4972  MISS %:    8.50285   MPKI: 0.00418
PSCL2 TRANSLATION FROM L1D PREFETCHER ACCESS:       3663  HIT:       3663  MISS:          0  HIT %:        100  MISS %:          0   MPKI: 0
PSCL2 PREFETCH  REQUESTED:          0  ISSUED:          0  USEFUL:          0  USELESS:          0
PSCL2 USEFUL LOAD PREFETCHES:          0 PREFETCH ISSUED TO LOWER LEVEL:          0  ACCURACY: -nan
PSCL2 TIMELY PREFETCHES:          0 LATE PREFETCHES: 0 DROPPED PREFETCHES: 0
PSCL2 PREFETCHES SAME FILL-ORIGIN LEVEL: 0 DIFFERENT FILL-ORIGIN LEVEL: 0

LLC TOTAL     ACCESS:      42285  HIT:      42058  MISS:        227  HIT %:    99.4632  MISS %:   0.536833   MPKI: 0.001135
LLC LOAD      ACCESS:      17903  HIT:      17897  MISS:          6  HIT %:    99.9665  MISS %:  0.0335139   MPKI: 3e-05
LLC RFO       ACCESS:       9776  HIT:       9771  MISS:          5  HIT %:    99.9489  MISS %:  0.0511457   MPKI: 2.5e-05
LLC PREFETCH  ACCESS:       3702  HIT:       3494  MISS:        208  HIT %:    94.3814  MISS %:    5.61858   MPKI: 0.00104
AGUS PREFETCH L1 MISS: 0
LLC WRITEBACK ACCESS:      10596  HIT:      10589  MISS:          7  HIT %:    99.9339  MISS %:  0.0660627   MPKI: 3.5e-05
LLC LOAD TRANSLATION ACCESS:        296  HIT:        296  MISS:          0  HIT %:        100  MISS %:          0   MPKI: 0
LLC TRANSLATION FROM L1D PREFETCHER ACCESS:         12  HIT:         11  MISS:          1  HIT %:    91.6667  MISS %:    8.33333   MPKI: 5e-06
LLC PREFETCH  REQUESTED:          0  ISSUED:          0  USEFUL:         57  USELESS:          2
LLC USEFUL LOAD PREFETCHES:         57 PREFETCH ISSUED TO LOWER LEVEL:        208  ACCURACY: 27.4038
LLC TIMELY PREFETCHES:         57 LATE PREFETCHES: 0 DROPPED PREFETCHES: 0
LLC PREFETCHES SAME FILL-ORIGIN LEVEL: 0 DIFFERENT FILL-ORIGIN LEVEL: 0
LLC AVERAGE MISS LATENCY:    180.194 cycles AVERAGE LOAD MISS LATENCY:    168.333 cycles Load Miss          6
LLC Average MSHR Occupancy: 7.27283e-05
LLC RQ	ACCESS:      27987	FORWARD:          0	MERGED:          0	TO_CACHE:      27987
LLC WQ	ACCESS:      10596	FORWARD:          0	MERGED:          0	TO_CACHE:      10596
LLC PQ	ACCESS:       3702	FORWARD:          0	MERGED:          0	TO_CACHE:       3702

LLC Dense regions hint to LLC: 0

RAW hits: 3760512
Loads Generated: 48295925
Loads sent to L1D: 44535419
Stores Generated: 26307224
Stores sent to L1D: 26307227
Major fault: 0 Minor fault: 1865
Allocated PAGES: 1865
================ Mockingjay (LLC) Pollution Stats ================
Total pollution count in LLC: 22
==================================================================

DRAM Statistics
 CHANNEL 0
 RQ ROW_BUFFER_HIT:         21  ROW_BUFFER_MISS:        199
 DBUS_CONGESTED:          0
 WQ ROW_BUFFER_HIT:          0  ROW_BUFFER_MISS:          5  FULL:          0

 AVG_CONGESTED_CYCLE: -
 All warmup complete: 2
Channel 0 Bank busy for read cycles: 0
Channel 0 Bank busy for write cycles: 0
Channel 0
Rank 0
0banks busy for read cycles: 559378946
0banks busy for write cycles: 5
1banks busy for read cycles: 10448
1banks busy for write cycles: 750
2banks busy for read cycles: 3398
2banks busy for write cycles: 0
3banks busy for read cycles: 1728
3banks busy for write cycles: 0
4banks busy for read cycles: 877
4banks busy for write cycles: 0
5banks busy for read cycles: 675
5banks busy for write cycles: 0
6banks busy for read cycles: 84
6banks busy for write cycles: 0
7banks busy for read cycles: 155
7banks busy for write cycles: 0
8banks busy for read cycles: 0
8banks busy for write cycles: 0

CPU 0 Branch Prediction Accuracy: 99.8683% MPKI: 0.23256 Average ROB Occupancy at Mispredict: 74.054
Branch types
NOT_BRANCH: 164672291 82.3361%
BRANCH_DIRECT_JUMP: 2183819 1.09191%
BRANCH_INDIRECT: 11402225 5.70111%
BRANCH_CONDITIONAL: 13673475 6.83674%
BRANCH_DIRECT_CALL: 3408577 1.70429%
BRANCH_INDIRECT_CALL: 625372 0.312686%
BRANCH_RETURN: 4033937 2.01697%
BRANCH_OTHER: 0 0%

===================== LRU L1D STATS =====================
Total pollution count in L1D: 283175
=========================================================
================ SRRIP (L2C) Pollution Stats ================
Total pollution count in L2c: 34281
==================================================================
DRAM PAGES: 1048576
Allocated PAGES: 1865
