
*** ChampSim Multicore Out-of-Order Simulator ***

Warmup Instructions: 200000000
Simulation Instructions: 200000000
Number of CPUs: 1
LLC sets: 4096
LLC ways: 12
Off-chip DRAM Size: 4096 MB Channels: 1 Width: 64-bit Data Rate: 6400 MT/s
CPU 0 runs /home1/sweta/traces/qualcomm_traces/srv_52.champsimtrace.xz
.xz
BTB has LRU replacement policy
ITLB has LRU replacement policy
DTLB has LRU replacement policy
STLB has LRU replacement policy
L1I has LRU replacement policy
History Sets: 8
History Ways: 16
BERTI Size: 16
BERTI Stride Size: 16
L1D has LRU replacement policy
Initialize SRRIP state for L2C
Initialize Mockingjay state for LLC
Heartbeat CPU 0 instructions: 10000000 cycles: 2265012 heartbeat IPC: 4.41499 cumulative IPC: 4.41499 (Simulation time: 0 hr 0 min 26 sec) 
Heartbeat CPU 0 instructions: 20000004 cycles: 4516403 heartbeat IPC: 4.4417 cumulative IPC: 4.4283 (Simulation time: 0 hr 0 min 53 sec) 
Heartbeat CPU 0 instructions: 30000002 cycles: 6745191 heartbeat IPC: 4.48674 cumulative IPC: 4.44761 (Simulation time: 0 hr 1 min 18 sec) 
*** Reached end of trace for Core: 0 Repeating trace: /home1/sweta/traces/qualcomm_traces/srv_52.champsimtrace.xz
Heartbeat CPU 0 instructions: 40000000 cycles: 9013219 heartbeat IPC: 4.40912 cumulative IPC: 4.43793 (Simulation time: 0 hr 1 min 45 sec) 
Heartbeat CPU 0 instructions: 50000005 cycles: 11264395 heartbeat IPC: 4.44212 cumulative IPC: 4.43877 (Simulation time: 0 hr 2 min 10 sec) 
Heartbeat CPU 0 instructions: 60000003 cycles: 13495782 heartbeat IPC: 4.48152 cumulative IPC: 4.44583 (Simulation time: 0 hr 2 min 34 sec) 
*** Reached end of trace for Core: 0 Repeating trace: /home1/sweta/traces/qualcomm_traces/srv_52.champsimtrace.xz
Heartbeat CPU 0 instructions: 70000000 cycles: 15756730 heartbeat IPC: 4.42292 cumulative IPC: 4.44255 (Simulation time: 0 hr 2 min 59 sec) 
Heartbeat CPU 0 instructions: 80000000 cycles: 18004135 heartbeat IPC: 4.44958 cumulative IPC: 4.44342 (Simulation time: 0 hr 3 min 24 sec) 
Heartbeat CPU 0 instructions: 90000000 cycles: 20239474 heartbeat IPC: 4.47359 cumulative IPC: 4.44676 (Simulation time: 0 hr 3 min 48 sec) 
*** Reached end of trace for Core: 0 Repeating trace: /home1/sweta/traces/qualcomm_traces/srv_52.champsimtrace.xz
Heartbeat CPU 0 instructions: 100000000 cycles: 22487559 heartbeat IPC: 4.44823 cumulative IPC: 4.4469 (Simulation time: 0 hr 4 min 11 sec) 
Heartbeat CPU 0 instructions: 110000007 cycles: 24749313 heartbeat IPC: 4.42135 cumulative IPC: 4.44457 (Simulation time: 0 hr 4 min 35 sec) 
Heartbeat CPU 0 instructions: 120000003 cycles: 26979412 heartbeat IPC: 4.4841 cumulative IPC: 4.44784 (Simulation time: 0 hr 4 min 57 sec) 
*** Reached end of trace for Core: 0 Repeating trace: /home1/sweta/traces/qualcomm_traces/srv_52.champsimtrace.xz
Heartbeat CPU 0 instructions: 130000006 cycles: 29236715 heartbeat IPC: 4.43007 cumulative IPC: 4.44646 (Simulation time: 0 hr 5 min 20 sec) 
Heartbeat CPU 0 instructions: 140000005 cycles: 31497373 heartbeat IPC: 4.42349 cumulative IPC: 4.44482 (Simulation time: 0 hr 5 min 43 sec) 
Heartbeat CPU 0 instructions: 150000006 cycles: 33730216 heartbeat IPC: 4.4786 cumulative IPC: 4.44705 (Simulation time: 0 hr 6 min 5 sec) 
*** Reached end of trace for Core: 0 Repeating trace: /home1/sweta/traces/qualcomm_traces/srv_52.champsimtrace.xz
Heartbeat CPU 0 instructions: 160000004 cycles: 35981561 heartbeat IPC: 4.44179 cumulative IPC: 4.44672 (Simulation time: 0 hr 6 min 28 sec) 
Heartbeat CPU 0 instructions: 170000002 cycles: 38241625 heartbeat IPC: 4.42465 cumulative IPC: 4.44542 (Simulation time: 0 hr 6 min 51 sec) 
Heartbeat CPU 0 instructions: 180000000 cycles: 40479357 heartbeat IPC: 4.46881 cumulative IPC: 4.44671 (Simulation time: 0 hr 7 min 13 sec) 
*** Reached end of trace for Core: 0 Repeating trace: /home1/sweta/traces/qualcomm_traces/srv_52.champsimtrace.xz
Heartbeat CPU 0 instructions: 190000002 cycles: 42726043 heartbeat IPC: 4.451 cumulative IPC: 4.44694 (Simulation time: 0 hr 7 min 36 sec) 
Heartbeat CPU 0 instructions: 200000000 cycles: 44985261 heartbeat IPC: 4.42631 cumulative IPC: 4.4459 (Simulation time: 0 hr 7 min 59 sec) 

Warmup complete CPU 0 instructions: 200000008 cycles: 44985262 (Simulation time: 0 hr 7 min 59 sec) 

Heartbeat CPU 0 instructions: 210000003 cycles: 74125222 heartbeat IPC: 0.343171 cumulative IPC: 0.343171 (Simulation time: 0 hr 8 min 27 sec) 
*** Reached end of trace for Core: 0 Repeating trace: /home1/sweta/traces/qualcomm_traces/srv_52.champsimtrace.xz
Heartbeat CPU 0 instructions: 220000004 cycles: 102586335 heartbeat IPC: 0.351357 cumulative IPC: 0.347216 (Simulation time: 0 hr 8 min 57 sec) 
Heartbeat CPU 0 instructions: 230000001 cycles: 131817808 heartbeat IPC: 0.342097 cumulative IPC: 0.345492 (Simulation time: 0 hr 9 min 26 sec) 
Heartbeat CPU 0 instructions: 240000000 cycles: 160635920 heartbeat IPC: 0.347004 cumulative IPC: 0.345869 (Simulation time: 0 hr 9 min 55 sec) 
*** Reached end of trace for Core: 0 Repeating trace: /home1/sweta/traces/qualcomm_traces/srv_52.champsimtrace.xz
Heartbeat CPU 0 instructions: 250000000 cycles: 189473349 heartbeat IPC: 0.346772 cumulative IPC: 0.346049 (Simulation time: 0 hr 10 min 24 sec) 
Heartbeat CPU 0 instructions: 260000004 cycles: 218450153 heartbeat IPC: 0.345104 cumulative IPC: 0.345891 (Simulation time: 0 hr 10 min 53 sec) 
Heartbeat CPU 0 instructions: 270000000 cycles: 248393497 heartbeat IPC: 0.333964 cumulative IPC: 0.344135 (Simulation time: 0 hr 11 min 22 sec) 
*** Reached end of trace for Core: 0 Repeating trace: /home1/sweta/traces/qualcomm_traces/srv_52.champsimtrace.xz
Heartbeat CPU 0 instructions: 280000006 cycles: 276350081 heartbeat IPC: 0.357698 cumulative IPC: 0.345774 (Simulation time: 0 hr 11 min 50 sec) 
Heartbeat CPU 0 instructions: 290000000 cycles: 305396817 heartbeat IPC: 0.344273 cumulative IPC: 0.345607 (Simulation time: 0 hr 12 min 19 sec) 
Heartbeat CPU 0 instructions: 300000005 cycles: 334991107 heartbeat IPC: 0.337903 cumulative IPC: 0.344821 (Simulation time: 0 hr 12 min 48 sec) 
Heartbeat CPU 0 instructions: 310000000 cycles: 363819889 heartbeat IPC: 0.346875 cumulative IPC: 0.345006 (Simulation time: 0 hr 13 min 17 sec) 
*** Reached end of trace for Core: 0 Repeating trace: /home1/sweta/traces/qualcomm_traces/srv_52.champsimtrace.xz
Heartbeat CPU 0 instructions: 320000001 cycles: 392144483 heartbeat IPC: 0.35305 cumulative IPC: 0.345663 (Simulation time: 0 hr 13 min 46 sec) 
Heartbeat CPU 0 instructions: 330000003 cycles: 421636188 heartbeat IPC: 0.339078 cumulative IPC: 0.345147 (Simulation time: 0 hr 14 min 14 sec) 
Heartbeat CPU 0 instructions: 340000001 cycles: 450453764 heartbeat IPC: 0.34701 cumulative IPC: 0.34528 (Simulation time: 0 hr 14 min 42 sec) 
*** Reached end of trace for Core: 0 Repeating trace: /home1/sweta/traces/qualcomm_traces/srv_52.champsimtrace.xz
Heartbeat CPU 0 instructions: 350000000 cycles: 478537948 heartbeat IPC: 0.356072 cumulative IPC: 0.345979 (Simulation time: 0 hr 15 min 9 sec) 
Heartbeat CPU 0 instructions: 360000000 cycles: 508199470 heartbeat IPC: 0.337137 cumulative IPC: 0.345413 (Simulation time: 0 hr 15 min 36 sec) 
Heartbeat CPU 0 instructions: 370000002 cycles: 537235684 heartbeat IPC: 0.344398 cumulative IPC: 0.345353 (Simulation time: 0 hr 16 min 2 sec) 
*** Reached end of trace for Core: 0 Repeating trace: /home1/sweta/traces/qualcomm_traces/srv_52.champsimtrace.xz
Heartbeat CPU 0 instructions: 380000007 cycles: 565499157 heartbeat IPC: 0.353814 cumulative IPC: 0.345812 (Simulation time: 0 hr 16 min 27 sec) 
Heartbeat CPU 0 instructions: 390000000 cycles: 595029550 heartbeat IPC: 0.338634 cumulative IPC: 0.345427 (Simulation time: 0 hr 16 min 53 sec) 
Heartbeat CPU 0 instructions: 400000003 cycles: 624008115 heartbeat IPC: 0.345083 cumulative IPC: 0.34541 (Simulation time: 0 hr 17 min 19 sec) 
Finished CPU 0 instructions: 200000003 cycles: 579022860 cumulative IPC: 0.34541 (Simulation time: 0 hr 17 min 19 sec) 

ChampSim completed all CPUs

Region of Interest Statistics

CPU 0 cumulative IPC: 0.34541 instructions: 200000003 cycles: 579022860
ITLB TOTAL     ACCESS:   26618011  HIT:   24976214  MISS:    1641797  HIT %:     93.832  MISS %:    6.16799   MPKI: 8.20898
ITLB LOAD TRANSLATION ACCESS:   26618011  HIT:   24976214  MISS:    1641797  HIT %:     93.832  MISS %:    6.16799   MPKI: 8.20898
ITLB PREFETCH  REQUESTED:          0  ISSUED:          0  USEFUL:          0  USELESS:          0
ITLB USEFUL LOAD PREFETCHES:          0 PREFETCH ISSUED TO LOWER LEVEL:          0  ACCURACY: -nan
ITLB TIMELY PREFETCHES:          0 LATE PREFETCHES: 0 DROPPED PREFETCHES: 0
ITLB PREFETCHES SAME FILL-ORIGIN LEVEL: 0 DIFFERENT FILL-ORIGIN LEVEL: 0
ITLB AVERAGE MISS LATENCY:    9.61458 cycles AVERAGE LOAD MISS LATENCY:       -nan cycles Load Miss          0
ITLB Average MSHR Occupancy:  0.0247299
ITLB RQ	ACCESS:   31413827	FORWARD:          0	MERGED:    3837679	TO_CACHE:   27576148

DTLB TOTAL     ACCESS:   39035754  HIT:   37341443  MISS:    1694311  HIT %:    95.6596  MISS %:    4.34041   MPKI: 8.47155
DTLB LOAD TRANSLATION ACCESS:   39035754  HIT:   37341443  MISS:    1694311  HIT %:    95.6596  MISS %:    4.34041   MPKI: 8.47155
DTLB PREFETCH  REQUESTED:          0  ISSUED:          0  USEFUL:          0  USELESS:          0
DTLB USEFUL LOAD PREFETCHES:          0 PREFETCH ISSUED TO LOWER LEVEL:          0  ACCURACY: -nan
DTLB TIMELY PREFETCHES:          0 LATE PREFETCHES: 0 DROPPED PREFETCHES: 0
DTLB PREFETCHES SAME FILL-ORIGIN LEVEL: 0 DIFFERENT FILL-ORIGIN LEVEL: 0
DTLB AVERAGE MISS LATENCY:    11.0939 cycles AVERAGE LOAD MISS LATENCY:       -nan cycles Load Miss          0
DTLB Average MSHR Occupancy:  0.0306624
DTLB RQ	ACCESS:   56428378	FORWARD:          0	MERGED:   17274217	TO_CACHE:   39154161

STLB TOTAL     ACCESS:    3369320  HIT:    3223897  MISS:     145423  HIT %:    95.6839  MISS %:    4.31609   MPKI: 0.727115
STLB LOAD TRANSLATION ACCESS:    3336108  HIT:    3191297  MISS:     144811  HIT %:    95.6593  MISS %:    4.34072   MPKI: 0.724055
STLB TRANSLATION FROM L1D PREFETCHER ACCESS:      33212  HIT:      32600  MISS:        612  HIT %:    98.1573  MISS %:    1.84271   MPKI: 0.00306
STLB PREFETCH  REQUESTED:          0  ISSUED:          0  USEFUL:        603  USELESS:          9
STLB USEFUL LOAD PREFETCHES:        603 PREFETCH ISSUED TO LOWER LEVEL:          0  ACCURACY: inf
STLB TIMELY PREFETCHES:        603 LATE PREFETCHES: 4 DROPPED PREFETCHES: 492
STLB PREFETCHES SAME FILL-ORIGIN LEVEL: 0 DIFFERENT FILL-ORIGIN LEVEL: 0
STLB AVERAGE MISS LATENCY:    31.2066 cycles AVERAGE LOAD MISS LATENCY:       -nan cycles Load Miss          0
STLB Average MSHR Occupancy: 0.00846928
STLB RQ	ACCESS:    3496206	FORWARD:          0	MERGED:     126035	TO_CACHE:    3370171

STLB Hit, L1D data hit: 0
STLB Hit, L2C data hit: 0
STLB Hit, LLC data hit: 0
STLB Hit, LLC data miss: 0
STLB STLB hints to L2: 0
L1D TOTAL     ACCESS:   54721270  HIT:   50630449  MISS:    4090821  HIT %:    92.5243  MISS %:    7.47574   MPKI: 20.4541
L1D LOAD      ACCESS:   33049480  HIT:   30167294  MISS:    2882186  HIT %:    91.2792  MISS %:    8.72082   MPKI: 14.4109
L1D RFO       ACCESS:   21617431  HIT:   20421584  MISS:    1195847  HIT %:    94.4681  MISS %:    5.53186   MPKI: 5.97923
L1D PREFETCH  ACCESS:      54359  HIT:      41571  MISS:      12788  HIT %:    76.4749  MISS %:    23.5251   MPKI: 0.06394
AGUS PREFETCH L1 MISS: 0
L1D PREFETCH  REQUESTED:     595270  ISSUED:     361600  USEFUL:      12350  USELESS:        439
L1D USEFUL LOAD PREFETCHES:      12350 PREFETCH ISSUED TO LOWER LEVEL:      90671  ACCURACY: 13.6207
L1D TIMELY PREFETCHES:      12350 LATE PREFETCHES: 13691 DROPPED PREFETCHES: 1962
L1D PREFETCHES SAME FILL-ORIGIN LEVEL: 26479 DIFFERENT FILL-ORIGIN LEVEL: 64192
L1D AVERAGE MISS LATENCY:    19.5519 cycles AVERAGE LOAD MISS LATENCY:     18.337 cycles Load Miss    2882186
L1D Average MSHR Occupancy:   0.150676
L1D RQ	ACCESS:   44531064	FORWARD:          0	MERGED:   11269818	TO_CACHE:   33123987
L1D WQ	ACCESS:   23602131	FORWARD:     137259	MERGED:     297740	TO_CACHE:   23304391
L1D PQ	ACCESS:     201502	FORWARD:          0	MERGED:      41404	TO_CACHE:     160098

L1D UNIQUE REGIONS ACCESSED: 0
L1D REGIONS CONFLICTS: 0
L1D Cross Page Prefetch Requests: 54468
L1D Same Page Prefetch Requests: 550559
L1D ROI Sum of L1D PQ occupancy: 2499464
L1D PREFETCHES PUSHED FROM L2C: 0
L1I TOTAL     ACCESS:   30902490  HIT:   11400684  MISS:   19501806  HIT %:    36.8924  MISS %:    63.1076   MPKI: 97.509
L1I LOAD      ACCESS:   30902490  HIT:   11400684  MISS:   19501806  HIT %:    36.8924  MISS %:    63.1076   MPKI: 97.509
L1I PREFETCH  REQUESTED:          0  ISSUED:          0  USEFUL:          0  USELESS:          0
L1I USEFUL LOAD PREFETCHES:          0 PREFETCH ISSUED TO LOWER LEVEL:          0  ACCURACY: -nan
L1I TIMELY PREFETCHES:          0 LATE PREFETCHES: 0 DROPPED PREFETCHES: 0
L1I PREFETCHES SAME FILL-ORIGIN LEVEL: 0 DIFFERENT FILL-ORIGIN LEVEL: 0
L1I AVERAGE MISS LATENCY:    14.1253 cycles AVERAGE LOAD MISS LATENCY:    14.1253 cycles Load Miss   19501806
L1I Average MSHR Occupancy:   0.465405
L1I RQ	ACCESS:   53227750	FORWARD:          0	MERGED:   21813923	TO_CACHE:   31413827

BTB TOTAL     ACCESS:   30235326  HIT:   19389507  MISS:   10845819  HIT %:    64.1287  MISS %:    35.8713   MPKI: 54.2291
BTB BRANCH_DIRECT_JUMP	ACCESS:    1982837  HIT:    1215041  MISS:     767796
BTB BRANCH_INDIRECT	ACCESS:   12253880  HIT:    7828640  MISS:    4425240
BTB BRANCH_CONDITIONAL	ACCESS:    7044735  HIT:    6115358  MISS:     929377
BTB BRANCH_DIRECT_CALL	ACCESS:    3466817  HIT:    2012661  MISS:    1454156
BTB BRANCH_INDIRECT_CALL	ACCESS:    1010163  HIT:     528826  MISS:     481337
BTB BRANCH_RETURN	ACCESS:    4476894  HIT:    1688981  MISS:    2787913
BTB BRANCH_OTHER ACCESS:          0  HIT:          0  MISS:          0

L2C TOTAL     ACCESS:   25954772  HIT:   25595787  MISS:     358985  HIT %:    98.6169  MISS %:    1.38312   MPKI: 1.79492
L2C LOAD      ACCESS:   22370294  HIT:   22203501  MISS:     166793  HIT %:    99.2544  MISS %:     0.7456   MPKI: 0.833965
L2C DATA LOAD MPKI: 0.80464
L2C INSTRUCTION LOAD MPKI: 0.029325
L2C RFO       ACCESS:    1195810  HIT:    1053761  MISS:     142049  HIT %:    88.1211  MISS %:    11.8789   MPKI: 0.710245
L2C PREFETCH  ACCESS:      61102  HIT:      25929  MISS:      35173  HIT %:    42.4356  MISS %:    57.5644   MPKI: 0.175865
AGUS PREFETCH L1 MISS: 0
L2C DATA PREFETCH MPKI: 0.175865
L2C INSTRUCTION PREFETCH MPKI: 0
L2C WRITEBACK ACCESS:    2103362  HIT:    2103082  MISS:        280  HIT %:    99.9867  MISS %:   0.013312   MPKI: 0.0014
L2C LOAD TRANSLATION ACCESS:     223023  HIT:     208467  MISS:      14556  HIT %:    93.4733  MISS %:    6.52668   MPKI: 0.07278
L2C TRANSLATION FROM L1D PREFETCHER ACCESS:       1181  HIT:       1047  MISS:        134  HIT %:    88.6537  MISS %:    11.3463   MPKI: 0.00067
L2C PREFETCH  REQUESTED:          0  ISSUED:          0  USEFUL:       8464  USELESS:      27436
L2C USEFUL LOAD PREFETCHES:       8464 PREFETCH ISSUED TO LOWER LEVEL:      39812  ACCURACY: 21.2599
L2C TIMELY PREFETCHES:       8464 LATE PREFETCHES: 4639 DROPPED PREFETCHES: 0
L2C PREFETCHES SAME FILL-ORIGIN LEVEL: 27551 DIFFERENT FILL-ORIGIN LEVEL: 0
L2C AVERAGE MISS LATENCY:    62.4534 cycles AVERAGE LOAD MISS LATENCY:     59.958 cycles Load Miss     166793
L2C Average MSHR Occupancy:  0.0388485
L2C RQ	ACCESS:   23790352	FORWARD:          0	MERGED:          0	TO_CACHE:   23790308
L2C WQ	ACCESS:    2103362	FORWARD:         44	MERGED:          0	TO_CACHE:    2103362
L2C PQ	ACCESS:      90671	FORWARD:          0	MERGED:        902	TO_CACHE:      89769

L2C Instructions Evicting Data 5428
L2C Translations Evicting Data 13849
L2C Data Evicting Data 319177
L2C Instructions Evicting Instructions 180
L2C Translations Evicting Instructions 242
L2C Data Evicting Instructions 5275
L2C Instructions Evicting Translations 257
L2C Translations Evicting Translations 599
L2C Data Evicting Translations 13698
L2C Dense regions hint from L2: 0
PSCL5 TOTAL     ACCESS:     145915  HIT:     145915  MISS:          0  HIT %:        100  MISS %:          0   MPKI: 0
PSCL5 LOAD TRANSLATION ACCESS:     144807  HIT:     144807  MISS:          0  HIT %:        100  MISS %:          0   MPKI: 0
PSCL5 TRANSLATION FROM L1D PREFETCHER ACCESS:       1108  HIT:       1108  MISS:          0  HIT %:        100  MISS %:          0   MPKI: 0
PSCL5 PREFETCH  REQUESTED:          0  ISSUED:          0  USEFUL:          0  USELESS:          0
PSCL5 USEFUL LOAD PREFETCHES:          0 PREFETCH ISSUED TO LOWER LEVEL:          0  ACCURACY: -nan
PSCL5 TIMELY PREFETCHES:          0 LATE PREFETCHES: 0 DROPPED PREFETCHES: 0
PSCL5 PREFETCHES SAME FILL-ORIGIN LEVEL: 0 DIFFERENT FILL-ORIGIN LEVEL: 0

PSCL4 TOTAL     ACCESS:     142738  HIT:     141462  MISS:       1276  HIT %:    99.1061  MISS %:   0.893946   MPKI: 0.00638
PSCL4 LOAD TRANSLATION ACCESS:     141657  HIT:     140381  MISS:       1276  HIT %:    99.0992  MISS %:   0.900767   MPKI: 0.00638
PSCL4 TRANSLATION FROM L1D PREFETCHER ACCESS:       1081  HIT:       1081  MISS:          0  HIT %:        100  MISS %:          0   MPKI: 0
PSCL4 PREFETCH  REQUESTED:          0  ISSUED:          0  USEFUL:          0  USELESS:          0
PSCL4 USEFUL LOAD PREFETCHES:          0 PREFETCH ISSUED TO LOWER LEVEL:          0  ACCURACY: -nan
PSCL4 TIMELY PREFETCHES:          0 LATE PREFETCHES: 0 DROPPED PREFETCHES: 0
PSCL4 PREFETCHES SAME FILL-ORIGIN LEVEL: 0 DIFFERENT FILL-ORIGIN LEVEL: 0

PSCL3 TOTAL     ACCESS:     134848  HIT:     115654  MISS:      19194  HIT %:    85.7662  MISS %:    14.2338   MPKI: 0.09597
PSCL3 LOAD TRANSLATION ACCESS:     133801  HIT:     114607  MISS:      19194  HIT %:    85.6548  MISS %:    14.3452   MPKI: 0.09597
PSCL3 TRANSLATION FROM L1D PREFETCHER ACCESS:       1047  HIT:       1047  MISS:          0  HIT %:        100  MISS %:          0   MPKI: 0
PSCL3 PREFETCH  REQUESTED:          0  ISSUED:          0  USEFUL:          0  USELESS:          0
PSCL3 USEFUL LOAD PREFETCHES:          0 PREFETCH ISSUED TO LOWER LEVEL:          0  ACCURACY: -nan
PSCL3 TIMELY PREFETCHES:          0 LATE PREFETCHES: 0 DROPPED PREFETCHES: 0
PSCL3 PREFETCHES SAME FILL-ORIGIN LEVEL: 0 DIFFERENT FILL-ORIGIN LEVEL: 0

PSCL2 TOTAL     ACCESS:     145858  HIT:      88103  MISS:      57755  HIT %:    60.4033  MISS %:    39.5967   MPKI: 0.288775
PSCL2 LOAD TRANSLATION ACCESS:     144816  HIT:      87061  MISS:      57755  HIT %:    60.1184  MISS %:    39.8816   MPKI: 0.288775
PSCL2 TRANSLATION FROM L1D PREFETCHER ACCESS:       1042  HIT:       1042  MISS:          0  HIT %:        100  MISS %:          0   MPKI: 0
PSCL2 PREFETCH  REQUESTED:          0  ISSUED:          0  USEFUL:          0  USELESS:          0
PSCL2 USEFUL LOAD PREFETCHES:          0 PREFETCH ISSUED TO LOWER LEVEL:          0  ACCURACY: -nan
PSCL2 TIMELY PREFETCHES:          0 LATE PREFETCHES: 0 DROPPED PREFETCHES: 0
PSCL2 PREFETCHES SAME FILL-ORIGIN LEVEL: 0 DIFFERENT FILL-ORIGIN LEVEL: 0

LLC TOTAL     ACCESS:     572624  HIT:     520225  MISS:      52399  HIT %:    90.8493  MISS %:    9.15068   MPKI: 0.261995
LLC LOAD      ACCESS:     162154  HIT:     148808  MISS:      13346  HIT %:    91.7696  MISS %:    8.23045   MPKI: 0.06673
LLC RFO       ACCESS:     142049  HIT:     129270  MISS:      12779  HIT %:    91.0038  MISS %:    8.99619   MPKI: 0.063895
LLC PREFETCH  ACCESS:      39812  HIT:      28180  MISS:      11632  HIT %:    70.7827  MISS %:    29.2173   MPKI: 0.05816
AGUS PREFETCH L1 MISS: 0
LLC WRITEBACK ACCESS:     213919  HIT:     200355  MISS:      13564  HIT %:    93.6593  MISS %:    6.34072   MPKI: 0.06782
LLC LOAD TRANSLATION ACCESS:      14556  HIT:      13492  MISS:       1064  HIT %:    92.6903  MISS %:     7.3097   MPKI: 0.00532
LLC TRANSLATION FROM L1D PREFETCHER ACCESS:        134  HIT:        120  MISS:         14  HIT %:    89.5522  MISS %:    10.4478   MPKI: 7e-05
LLC PREFETCH  REQUESTED:          0  ISSUED:          0  USEFUL:        383  USELESS:       3035
LLC USEFUL LOAD PREFETCHES:        383 PREFETCH ISSUED TO LOWER LEVEL:      11632  ACCURACY: 3.29264
LLC TIMELY PREFETCHES:        383 LATE PREFETCHES: 0 DROPPED PREFETCHES: 0
LLC PREFETCHES SAME FILL-ORIGIN LEVEL: 0 DIFFERENT FILL-ORIGIN LEVEL: 0
LLC AVERAGE MISS LATENCY:     125.47 cycles AVERAGE LOAD MISS LATENCY:    176.802 cycles Load Miss      13346
LLC Average MSHR Occupancy:  0.0112874
LLC RQ	ACCESS:     318893	FORWARD:          0	MERGED:          0	TO_CACHE:     318893
LLC WQ	ACCESS:     213919	FORWARD:          0	MERGED:          0	TO_CACHE:     213919
LLC PQ	ACCESS:      39812	FORWARD:          0	MERGED:          0	TO_CACHE:      39812

LLC Dense regions hint to LLC: 0

RAW hits: 3447060
Loads Generated: 47978116
Loads sent to L1D: 44531064
Stores Generated: 23602118
Stores sent to L1D: 23602131
Major fault: 0 Minor fault: 5016
Allocated PAGES: 5016
================ Mockingjay (LLC) Pollution Stats ================
Total pollution count in LLC: 1428
==================================================================

DRAM Statistics
 CHANNEL 0
 RQ ROW_BUFFER_HIT:      12345  ROW_BUFFER_MISS:      26490
 DBUS_CONGESTED:         55
 WQ ROW_BUFFER_HIT:       2034  ROW_BUFFER_MISS:      21613  FULL:          0

 AVG_CONGESTED_CYCLE: 5
 All warmup complete: 2
Channel 0 Bank busy for read cycles: 0
Channel 0 Bank busy for write cycles: 0
Channel 0
Rank 0
0banks busy for read cycles: 573345957
0banks busy for write cycles: 14440
1banks busy for read cycles: 2461366
1banks busy for write cycles: 2146969
2banks busy for read cycles: 265871
2banks busy for write cycles: 167126
3banks busy for read cycles: 115591
3banks busy for write cycles: 56405
4banks busy for read cycles: 79686
4banks busy for write cycles: 37884
5banks busy for read cycles: 59002
5banks busy for write cycles: 30811
6banks busy for read cycles: 44413
6banks busy for write cycles: 30235
7banks busy for read cycles: 32173
7banks busy for write cycles: 34265
8banks busy for read cycles: 19038
8banks busy for write cycles: 81629

CPU 0 Branch Prediction Accuracy: 99.846% MPKI: 0.268715 Average ROB Occupancy at Mispredict: 32.8622
Branch types
NOT_BRANCH: 165111815 82.5559%
BRANCH_DIRECT_JUMP: 1982837 0.991418%
BRANCH_INDIRECT: 12253880 6.12694%
BRANCH_CONDITIONAL: 11697440 5.84872%
BRANCH_DIRECT_CALL: 3466817 1.73341%
BRANCH_INDIRECT_CALL: 1010163 0.505081%
BRANCH_RETURN: 4476894 2.23845%
BRANCH_OTHER: 0 0%

===================== LRU L1D STATS =====================
Total pollution count in L1D: 34284
=========================================================
================ SRRIP (L2C) Pollution Stats ================
Total pollution count in L2c: 314559
==================================================================
DRAM PAGES: 1048576
Allocated PAGES: 5016
