
*** ChampSim Multicore Out-of-Order Simulator ***

Warmup Instructions: 200000000
Simulation Instructions: 200000000
Number of CPUs: 1
LLC sets: 4096
LLC ways: 12
Off-chip DRAM Size: 4096 MB Channels: 1 Width: 64-bit Data Rate: 6400 MT/s
CPU 0 runs ./tracer/traces/605.mcf_s-782B.champsimtrace.xz
.xz
BTB has LRU replacement policy
ITLB has LRU replacement policy
DTLB has LRU replacement policy
STLB has LRU replacement policy
L1I has LRU replacement policy
L1D has LRU replacement policy
Bingo PHT WAYS: 16 and PHT_SIZE: 16384
Initialize SRRIP state for L2C
Initialize Mockingjay state for LLC
Heartbeat CPU 0 instructions: 10000003 cycles: 3539853 heartbeat IPC: 2.82498 cumulative IPC: 2.82498 (Simulation time: 0 hr 1 min 5 sec) 
Heartbeat CPU 0 instructions: 20000002 cycles: 7051451 heartbeat IPC: 2.84771 cumulative IPC: 2.8363 (Simulation time: 0 hr 2 min 9 sec) 
Heartbeat CPU 0 instructions: 30000002 cycles: 10611980 heartbeat IPC: 2.80857 cumulative IPC: 2.82699 (Simulation time: 0 hr 3 min 17 sec) 
Heartbeat CPU 0 instructions: 40000007 cycles: 14145532 heartbeat IPC: 2.83001 cumulative IPC: 2.82775 (Simulation time: 0 hr 4 min 24 sec) 
Heartbeat CPU 0 instructions: 50000000 cycles: 17716255 heartbeat IPC: 2.80055 cumulative IPC: 2.82227 (Simulation time: 0 hr 5 min 30 sec) 
Heartbeat CPU 0 instructions: 60000001 cycles: 21232108 heartbeat IPC: 2.84426 cumulative IPC: 2.82591 (Simulation time: 0 hr 6 min 36 sec) 
Heartbeat CPU 0 instructions: 70000004 cycles: 24741620 heartbeat IPC: 2.8494 cumulative IPC: 2.82924 (Simulation time: 0 hr 7 min 46 sec) 
Heartbeat CPU 0 instructions: 80000002 cycles: 28260542 heartbeat IPC: 2.84178 cumulative IPC: 2.8308 (Simulation time: 0 hr 8 min 50 sec) 
Heartbeat CPU 0 instructions: 90000000 cycles: 31810604 heartbeat IPC: 2.81685 cumulative IPC: 2.82925 (Simulation time: 0 hr 9 min 54 sec) 
Heartbeat CPU 0 instructions: 100000003 cycles: 35363542 heartbeat IPC: 2.81457 cumulative IPC: 2.82777 (Simulation time: 0 hr 11 min 0 sec) 
Heartbeat CPU 0 instructions: 110000005 cycles: 38923689 heartbeat IPC: 2.80887 cumulative IPC: 2.82604 (Simulation time: 0 hr 12 min 8 sec) 
Heartbeat CPU 0 instructions: 120000000 cycles: 42475957 heartbeat IPC: 2.8151 cumulative IPC: 2.82513 (Simulation time: 0 hr 13 min 16 sec) 
Heartbeat CPU 0 instructions: 130000001 cycles: 46019903 heartbeat IPC: 2.82171 cumulative IPC: 2.82486 (Simulation time: 0 hr 14 min 26 sec) 
Heartbeat CPU 0 instructions: 140000001 cycles: 49540441 heartbeat IPC: 2.84047 cumulative IPC: 2.82597 (Simulation time: 0 hr 15 min 37 sec) 
Heartbeat CPU 0 instructions: 150000002 cycles: 53075225 heartbeat IPC: 2.82903 cumulative IPC: 2.82618 (Simulation time: 0 hr 17 min 10 sec) 
Heartbeat CPU 0 instructions: 160000002 cycles: 56610087 heartbeat IPC: 2.82896 cumulative IPC: 2.82635 (Simulation time: 0 hr 18 min 44 sec) 
Heartbeat CPU 0 instructions: 170000001 cycles: 60156299 heartbeat IPC: 2.81991 cumulative IPC: 2.82597 (Simulation time: 0 hr 20 min 3 sec) 
Heartbeat CPU 0 instructions: 180000000 cycles: 63699787 heartbeat IPC: 2.82208 cumulative IPC: 2.82576 (Simulation time: 0 hr 21 min 18 sec) 
Heartbeat CPU 0 instructions: 190000001 cycles: 67277165 heartbeat IPC: 2.79534 cumulative IPC: 2.82414 (Simulation time: 0 hr 22 min 35 sec) 
Heartbeat CPU 0 instructions: 200000000 cycles: 70856764 heartbeat IPC: 2.79361 cumulative IPC: 2.8226 (Simulation time: 0 hr 23 min 50 sec) 

Warmup complete CPU 0 instructions: 200000002 cycles: 70856765 (Simulation time: 0 hr 23 min 50 sec) 

Heartbeat CPU 0 instructions: 210000007 cycles: 102681136 heartbeat IPC: 0.314225 cumulative IPC: 0.314225 (Simulation time: 0 hr 25 min 9 sec) 
Heartbeat CPU 0 instructions: 220000002 cycles: 134077104 heartbeat IPC: 0.318512 cumulative IPC: 0.316354 (Simulation time: 0 hr 27 min 10 sec) 
Heartbeat CPU 0 instructions: 230000003 cycles: 165088659 heartbeat IPC: 0.32246 cumulative IPC: 0.318364 (Simulation time: 0 hr 29 min 8 sec) 
Heartbeat CPU 0 instructions: 240000001 cycles: 195908043 heartbeat IPC: 0.324471 cumulative IPC: 0.319869 (Simulation time: 0 hr 30 min 54 sec) 
Heartbeat CPU 0 instructions: 250000003 cycles: 226257362 heartbeat IPC: 0.329497 cumulative IPC: 0.321749 (Simulation time: 0 hr 32 min 22 sec) 
Heartbeat CPU 0 instructions: 260000002 cycles: 256708999 heartbeat IPC: 0.32839 cumulative IPC: 0.322837 (Simulation time: 0 hr 34 min 41 sec) 
Heartbeat CPU 0 instructions: 270000000 cycles: 286517749 heartbeat IPC: 0.335472 cumulative IPC: 0.324584 (Simulation time: 0 hr 37 min 8 sec) 
Heartbeat CPU 0 instructions: 280000001 cycles: 317727542 heartbeat IPC: 0.320412 cumulative IPC: 0.324056 (Simulation time: 0 hr 39 min 28 sec) 
Heartbeat CPU 0 instructions: 290000002 cycles: 347436714 heartbeat IPC: 0.336596 cumulative IPC: 0.325403 (Simulation time: 0 hr 41 min 20 sec) 
Heartbeat CPU 0 instructions: 300000001 cycles: 377828865 heartbeat IPC: 0.329032 cumulative IPC: 0.325763 (Simulation time: 0 hr 42 min 58 sec) 
Heartbeat CPU 0 instructions: 310000000 cycles: 408003290 heartbeat IPC: 0.331406 cumulative IPC: 0.326268 (Simulation time: 0 hr 45 min 45 sec) 
Heartbeat CPU 0 instructions: 320000002 cycles: 437053088 heartbeat IPC: 0.344237 cumulative IPC: 0.327693 (Simulation time: 0 hr 47 min 43 sec) 
Heartbeat CPU 0 instructions: 330000002 cycles: 466188815 heartbeat IPC: 0.343221 cumulative IPC: 0.328837 (Simulation time: 0 hr 49 min 16 sec) 
Heartbeat CPU 0 instructions: 340000000 cycles: 497703534 heartbeat IPC: 0.317312 cumulative IPC: 0.327987 (Simulation time: 0 hr 51 min 38 sec) 
Heartbeat CPU 0 instructions: 350000001 cycles: 526950713 heartbeat IPC: 0.341913 cumulative IPC: 0.32888 (Simulation time: 0 hr 53 min 48 sec) 
Heartbeat CPU 0 instructions: 360000000 cycles: 556160358 heartbeat IPC: 0.342353 cumulative IPC: 0.329691 (Simulation time: 0 hr 56 min 15 sec) 
Heartbeat CPU 0 instructions: 370000002 cycles: 585447857 heartbeat IPC: 0.341443 cumulative IPC: 0.330359 (Simulation time: 0 hr 58 min 27 sec) 
Heartbeat CPU 0 instructions: 380000000 cycles: 617302192 heartbeat IPC: 0.313929 cumulative IPC: 0.329402 (Simulation time: 1 hr 0 min 20 sec) 
Heartbeat CPU 0 instructions: 390000000 cycles: 648714243 heartbeat IPC: 0.318349 cumulative IPC: 0.328801 (Simulation time: 1 hr 2 min 19 sec) 
Heartbeat CPU 0 instructions: 400000001 cycles: 677619193 heartbeat IPC: 0.345962 cumulative IPC: 0.329618 (Simulation time: 1 hr 4 min 21 sec) 
Finished CPU 0 instructions: 200000002 cycles: 606762429 cumulative IPC: 0.329618 (Simulation time: 1 hr 4 min 21 sec) 

ChampSim completed all CPUs

Region of Interest Statistics

CPU 0 cumulative IPC: 0.329618 instructions: 200000002 cycles: 606762429
ITLB TOTAL     ACCESS:   20280890  HIT:   20280890  MISS:          0  HIT %:        100  MISS %:          0   MPKI: 0
ITLB LOAD TRANSLATION ACCESS:   20280890  HIT:   20280890  MISS:          0  HIT %:        100  MISS %:          0   MPKI: 0
ITLB PREFETCH  REQUESTED:          0  ISSUED:          0  USEFUL:          0  USELESS:          0
ITLB USEFUL LOAD PREFETCHES:          0 PREFETCH ISSUED TO LOWER LEVEL:          0  ACCURACY: -nan
ITLB TIMELY PREFETCHES:          0 LATE PREFETCHES: 0 DROPPED PREFETCHES: 0
ITLB PREFETCHES SAME FILL-ORIGIN LEVEL: 0 DIFFERENT FILL-ORIGIN LEVEL: 0
ITLB AVERAGE MISS LATENCY:       -nan cycles AVERAGE LOAD MISS LATENCY:       -nan cycles Load Miss          0
ITLB Average MSHR Occupancy: 2.96656e-08
ITLB RQ	ACCESS:   21085750	FORWARD:          0	MERGED:     804861	TO_CACHE:   20280889

DTLB TOTAL     ACCESS:   41133670  HIT:   23957865  MISS:   17175805  HIT %:    58.2439  MISS %:    41.7561   MPKI: 85.879
DTLB LOAD TRANSLATION ACCESS:   41133670  HIT:   23957865  MISS:   17175805  HIT %:    58.2439  MISS %:    41.7561   MPKI: 85.879
DTLB PREFETCH  REQUESTED:          0  ISSUED:          0  USEFUL:          0  USELESS:          0
DTLB USEFUL LOAD PREFETCHES:          0 PREFETCH ISSUED TO LOWER LEVEL:          0  ACCURACY: -nan
DTLB TIMELY PREFETCHES:          0 LATE PREFETCHES: 0 DROPPED PREFETCHES: 0
DTLB PREFETCHES SAME FILL-ORIGIN LEVEL: 0 DIFFERENT FILL-ORIGIN LEVEL: 0
DTLB AVERAGE MISS LATENCY:    11.1675 cycles AVERAGE LOAD MISS LATENCY:       -nan cycles Load Miss          0
DTLB Average MSHR Occupancy:   0.257578
DTLB RQ	ACCESS:   46710584	FORWARD:          0	MERGED:    5170440	TO_CACHE:   41540144

STLB TOTAL     ACCESS:   17175805  HIT:   16935935  MISS:     239870  HIT %:    98.6034  MISS %:    1.39656   MPKI: 1.19935
STLB LOAD TRANSLATION ACCESS:   17175805  HIT:   16935935  MISS:     239870  HIT %:    98.6034  MISS %:    1.39656   MPKI: 1.19935
STLB PREFETCH  REQUESTED:          0  ISSUED:          0  USEFUL:          0  USELESS:          0
STLB USEFUL LOAD PREFETCHES:          0 PREFETCH ISSUED TO LOWER LEVEL:          0  ACCURACY: -nan
STLB TIMELY PREFETCHES:          0 LATE PREFETCHES: 0 DROPPED PREFETCHES: 0
STLB PREFETCHES SAME FILL-ORIGIN LEVEL: 0 DIFFERENT FILL-ORIGIN LEVEL: 0
STLB AVERAGE MISS LATENCY:    117.179 cycles AVERAGE LOAD MISS LATENCY:       -nan cycles Load Miss          0
STLB Average MSHR Occupancy:  0.0190111
STLB RQ	ACCESS:   17175805	FORWARD:          0	MERGED:          0	TO_CACHE:   17175805

STLB Hit, L1D data hit: 0
STLB Hit, L2C data hit: 0
STLB Hit, LLC data hit: 0
STLB Hit, LLC data miss: 0
STLB STLB hints to L2: 0
L1D TOTAL     ACCESS:   45963302  HIT:   15886628  MISS:   30076674  HIT %:    34.5637  MISS %:    65.4363   MPKI: 150.383
L1D LOAD      ACCESS:   42068933  HIT:   12079272  MISS:   29989661  HIT %:     28.713  MISS %:     71.287   MPKI: 149.948
L1D RFO       ACCESS:    3894369  HIT:    3807356  MISS:      87013  HIT %:    97.7657  MISS %:    2.23433   MPKI: 0.435065
L1D PREFETCH  REQUESTED:          0  ISSUED:          0  USEFUL:          0  USELESS:          0
L1D USEFUL LOAD PREFETCHES:          0 PREFETCH ISSUED TO LOWER LEVEL:          0  ACCURACY: -nan
L1D TIMELY PREFETCHES:          0 LATE PREFETCHES: 0 DROPPED PREFETCHES: 0
L1D PREFETCHES SAME FILL-ORIGIN LEVEL: 0 DIFFERENT FILL-ORIGIN LEVEL: 0
L1D AVERAGE MISS LATENCY:    34.3872 cycles AVERAGE LOAD MISS LATENCY:      34.41 cycles Load Miss   29989661
L1D Average MSHR Occupancy:    1.66572
L1D RQ	ACCESS:   71408034	FORWARD:          0	MERGED:   28029412	TO_CACHE:   42669144
L1D WQ	ACCESS:    4178065	FORWARD:     709478	MERGED:     136625	TO_CACHE:    4041440

L1D UNIQUE REGIONS ACCESSED: 0
L1D REGIONS CONFLICTS: 0
L1D Cross Page Prefetch Requests: 0
L1D Same Page Prefetch Requests: 0
L1D ROI Sum of L1D PQ occupancy: 0
L1D PREFETCHES PUSHED FROM L2C: 0
L1I TOTAL     ACCESS:   20651123  HIT:   17745331  MISS:    2905792  HIT %:    85.9291  MISS %:    14.0709   MPKI: 14.529
L1I LOAD      ACCESS:   20651123  HIT:   17745331  MISS:    2905792  HIT %:    85.9291  MISS %:    14.0709   MPKI: 14.529
L1I PREFETCH  REQUESTED:          0  ISSUED:          0  USEFUL:          0  USELESS:          0
L1I USEFUL LOAD PREFETCHES:          0 PREFETCH ISSUED TO LOWER LEVEL:          0  ACCURACY: -nan
L1I TIMELY PREFETCHES:          0 LATE PREFETCHES: 0 DROPPED PREFETCHES: 0
L1I PREFETCHES SAME FILL-ORIGIN LEVEL: 0 DIFFERENT FILL-ORIGIN LEVEL: 0
L1I AVERAGE MISS LATENCY:    14.2046 cycles AVERAGE LOAD MISS LATENCY:    14.2046 cycles Load Miss    2905792
L1I Average MSHR Occupancy:  0.0646576
L1I RQ	ACCESS:   36351817	FORWARD:          0	MERGED:   15266067	TO_CACHE:   21085750

BTB TOTAL     ACCESS:   53206097  HIT:   52985020  MISS:     221077  HIT %:    99.5845  MISS %:   0.415511   MPKI: 1.10538
BTB BRANCH_DIRECT_JUMP	ACCESS:    7569704  HIT:    7569667  MISS:         37
BTB BRANCH_INDIRECT	ACCESS:          0  HIT:          0  MISS:          0
BTB BRANCH_CONDITIONAL	ACCESS:   43948813  HIT:   43948731  MISS:         82
BTB BRANCH_DIRECT_CALL	ACCESS:     781084  HIT:     781066  MISS:         18
BTB BRANCH_INDIRECT_CALL	ACCESS:      62706  HIT:      62698  MISS:          8
BTB BRANCH_RETURN	ACCESS:     843790  HIT:     622858  MISS:     220932
BTB BRANCH_OTHER ACCESS:          0  HIT:          0  MISS:          0

L2C TOTAL     ACCESS:   64749606  HIT:   43082654  MISS:   21666952  HIT %:    66.5373  MISS %:    33.4627   MPKI: 108.335
L2C LOAD      ACCESS:   32895414  HIT:   25640998  MISS:    7254416  HIT %:     77.947  MISS %:     22.053   MPKI: 36.2721
L2C DATA LOAD MPKI: 36.2213
L2C INSTRUCTION LOAD MPKI: 0.050825
L2C RFO       ACCESS:      87013  HIT:      77673  MISS:       9340  HIT %:     89.266  MISS %:     10.734   MPKI: 0.0467
L2C PREFETCH  ACCESS:   30955617  HIT:   16607406  MISS:   14348211  HIT %:    53.6491  MISS %:    46.3509   MPKI: 71.7411
AGUS PREFETCH L1 MISS: 0
L2C DATA PREFETCH MPKI: 71.7411
L2C INSTRUCTION PREFETCH MPKI: 0
L2C WRITEBACK ACCESS:     567980  HIT:     567829  MISS:        151  HIT %:    99.9734  MISS %:  0.0265854   MPKI: 0.000755
L2C LOAD TRANSLATION ACCESS:     243582  HIT:     188748  MISS:      54834  HIT %:    77.4885  MISS %:    22.5115   MPKI: 0.27417
L2C PREFETCH  REQUESTED:   32740669  ISSUED:   32740669  USEFUL:    9239695  USELESS:    5105383
L2C USEFUL LOAD PREFETCHES:    9239695 PREFETCH ISSUED TO LOWER LEVEL:   15562223  ACCURACY: 59.3726
L2C TIMELY PREFETCHES:    9239695 LATE PREFETCHES: 1213993 DROPPED PREFETCHES: 0
L2C PREFETCHES SAME FILL-ORIGIN LEVEL: 15562223 DIFFERENT FILL-ORIGIN LEVEL: 0
L2C AVERAGE MISS LATENCY:    140.527 cycles AVERAGE LOAD MISS LATENCY:     79.606 cycles Load Miss    7254416
L2C Average MSHR Occupancy:    5.09067
L2C RQ	ACCESS:   33226053	FORWARD:          0	MERGED:          0	TO_CACHE:   33226015
L2C WQ	ACCESS:     567980	FORWARD:         40	MERGED:          0	TO_CACHE:     567980
L2C PQ	ACCESS:   32740669	FORWARD:          0	MERGED:         11	TO_CACHE:   32740656

L2C Instructions Evicting Data 10127
L2C Translations Evicting Data 54740
L2C Data Evicting Data 21536878
L2C Instructions Evicting Instructions 25
L2C Translations Evicting Instructions 17
L2C Data Evicting Instructions 10116
L2C Instructions Evicting Translations 13
L2C Translations Evicting Translations 77
L2C Data Evicting Translations 54808
L2C Dense regions hint from L2: 0
PSCL5 TOTAL     ACCESS:     239870  HIT:     239870  MISS:          0  HIT %:        100  MISS %:          0   MPKI: 0
PSCL5 LOAD TRANSLATION ACCESS:     239870  HIT:     239870  MISS:          0  HIT %:        100  MISS %:          0   MPKI: 0
PSCL5 PREFETCH  REQUESTED:          0  ISSUED:          0  USEFUL:          0  USELESS:          0
PSCL5 USEFUL LOAD PREFETCHES:          0 PREFETCH ISSUED TO LOWER LEVEL:          0  ACCURACY: -nan
PSCL5 TIMELY PREFETCHES:          0 LATE PREFETCHES: 0 DROPPED PREFETCHES: 0
PSCL5 PREFETCHES SAME FILL-ORIGIN LEVEL: 0 DIFFERENT FILL-ORIGIN LEVEL: 0

PSCL4 TOTAL     ACCESS:     239870  HIT:     239870  MISS:          0  HIT %:        100  MISS %:          0   MPKI: 0
PSCL4 LOAD TRANSLATION ACCESS:     239870  HIT:     239870  MISS:          0  HIT %:        100  MISS %:          0   MPKI: 0
PSCL4 PREFETCH  REQUESTED:          0  ISSUED:          0  USEFUL:          0  USELESS:          0
PSCL4 USEFUL LOAD PREFETCHES:          0 PREFETCH ISSUED TO LOWER LEVEL:          0  ACCURACY: -nan
PSCL4 TIMELY PREFETCHES:          0 LATE PREFETCHES: 0 DROPPED PREFETCHES: 0
PSCL4 PREFETCHES SAME FILL-ORIGIN LEVEL: 0 DIFFERENT FILL-ORIGIN LEVEL: 0

PSCL3 TOTAL     ACCESS:     239870  HIT:     239870  MISS:          0  HIT %:        100  MISS %:          0   MPKI: 0
PSCL3 LOAD TRANSLATION ACCESS:     239870  HIT:     239870  MISS:          0  HIT %:        100  MISS %:          0   MPKI: 0
PSCL3 PREFETCH  REQUESTED:          0  ISSUED:          0  USEFUL:          0  USELESS:          0
PSCL3 USEFUL LOAD PREFETCHES:          0 PREFETCH ISSUED TO LOWER LEVEL:          0  ACCURACY: -nan
PSCL3 TIMELY PREFETCHES:          0 LATE PREFETCHES: 0 DROPPED PREFETCHES: 0
PSCL3 PREFETCHES SAME FILL-ORIGIN LEVEL: 0 DIFFERENT FILL-ORIGIN LEVEL: 0

PSCL2 TOTAL     ACCESS:     239870  HIT:     236061  MISS:       3809  HIT %:    98.4121  MISS %:    1.58794   MPKI: 0.019045
PSCL2 LOAD TRANSLATION ACCESS:     239870  HIT:     236061  MISS:       3809  HIT %:    98.4121  MISS %:    1.58794   MPKI: 0.019045
PSCL2 PREFETCH  REQUESTED:          0  ISSUED:          0  USEFUL:          0  USELESS:          0
PSCL2 USEFUL LOAD PREFETCHES:          0 PREFETCH ISSUED TO LOWER LEVEL:          0  ACCURACY: -nan
PSCL2 TIMELY PREFETCHES:          0 LATE PREFETCHES: 0 DROPPED PREFETCHES: 0
PSCL2 PREFETCHES SAME FILL-ORIGIN LEVEL: 0 DIFFERENT FILL-ORIGIN LEVEL: 0

LLC TOTAL     ACCESS:   21853855  HIT:    9006115  MISS:   12847740  HIT %:    41.2106  MISS %:    58.7894   MPKI: 64.2387
LLC LOAD      ACCESS:    6040420  HIT:    5044186  MISS:     996234  HIT %:    83.5072  MISS %:    16.4928   MPKI: 4.98117
LLC RFO       ACCESS:       9340  HIT:       6303  MISS:       3037  HIT %:    67.4839  MISS %:    32.5161   MPKI: 0.015185
LLC PREFETCH  ACCESS:   15562199  HIT:    3757118  MISS:   11805081  HIT %:    24.1426  MISS %:    75.8574   MPKI: 59.0254
AGUS PREFETCH L1 MISS: 0
LLC WRITEBACK ACCESS:     187062  HIT:     170060  MISS:      17002  HIT %:     90.911  MISS %:    9.08897   MPKI: 0.08501
LLC LOAD TRANSLATION ACCESS:      54834  HIT:      28448  MISS:      26386  HIT %:    51.8802  MISS %:    48.1198   MPKI: 0.13193
LLC PREFETCH  REQUESTED:          0  ISSUED:          0  USEFUL:         22  USELESS:        142
LLC USEFUL LOAD PREFETCHES:         22 PREFETCH ISSUED TO LOWER LEVEL:   11805103  ACCURACY: 0.00018636
LLC TIMELY PREFETCHES:         22 LATE PREFETCHES: 0 DROPPED PREFETCHES: 0
LLC PREFETCHES SAME FILL-ORIGIN LEVEL: 0 DIFFERENT FILL-ORIGIN LEVEL: 0
LLC AVERAGE MISS LATENCY:    166.263 cycles AVERAGE LOAD MISS LATENCY:     142.69 cycles Load Miss     996234
LLC Average MSHR Occupancy:    3.49934
LLC RQ	ACCESS:    6104602	FORWARD:          0	MERGED:          0	TO_CACHE:    6104595
LLC WQ	ACCESS:     187062	FORWARD:          9	MERGED:          0	TO_CACHE:     187062
LLC PQ	ACCESS:   15562223	FORWARD:          0	MERGED:          0	TO_CACHE:   15562221

LLC Dense regions hint to LLC: 0

RAW hits: 628577
Loads Generated: 72036611
Loads sent to L1D: 71408034
Stores Generated: 4178065
Stores sent to L1D: 4178065
Major fault: 0 Minor fault: 342152
Allocated PAGES: 342152
[Bingo] PHT Access: 16424816
[Bingo] PHT Hit PC+Addr: 1886090
[Bingo] PHT Hit PC+Offs: 14520471
[Bingo] PHT Miss: 18255
[Bingo] Prefetch PC+Addr: 0
[Bingo] Prefetch PC+Offs: 0
[Bingo] Useful PC+Addr: 0
[Bingo] Useful PC+Offs: 0
[Bingo] Useless PC+Addr: 0
[Bingo] Useless PC+Offs: 0
[Bingo] L1 Prefetch per Region: 0
[Bingo] L2 Prefetch per Region: 3.06166
[Bingo] L3 Prefetch per Region: 0
[Bingo] No Prefetch per Region: 28.9383
[Bingo] Number of Voters Mean: 15.9168
[Bingo] Number of Voters SD: 15.9959
PHT read accesses: 248684663
PHT write accesses: 1512978
AT read accesses: 13947092
AT write accesses: 15075793
FT read accesses: 4815254
FT write accesses: 16424816
PS read accesses: 34700058
PS write accesses: 16406561
PHT tag read accesses: 287861935
PHT tag write accesses: 3399068
AT tag read accesses: 896247689
AT tag write accesses: 15460063
FT tag read accesses: 1170020914
FT tag write accesses: 19725110
PS tag read accesses: 1072774041
PS tag write accesses: 50701749
================ Mockingjay (LLC) Pollution Stats ================
Total pollution count in LLC: 9618
==================================================================

DRAM Statistics
 CHANNEL 0
 RQ ROW_BUFFER_HIT:    9498827  ROW_BUFFER_MISS:    3331915
 DBUS_CONGESTED:        260
 WQ ROW_BUFFER_HIT:       3583  ROW_BUFFER_MISS:      30755  FULL:          0

 AVG_CONGESTED_CYCLE: 4
 All warmup complete: 2
Channel 0 Bank busy for read cycles: 0
Channel 0 Bank busy for write cycles: 0
Channel 0
Rank 0
0banks busy for read cycles: 300503701
0banks busy for write cycles: 31205
1banks busy for read cycles: 121409252
1banks busy for write cycles: 5807016
2banks busy for read cycles: 53800424
2banks busy for write cycles: 348983
3banks busy for read cycles: 26753849
3banks busy for write cycles: 50133
4banks busy for read cycles: 15241230
4banks busy for write cycles: 10205
5banks busy for read cycles: 9615091
5banks busy for write cycles: 3540
6banks busy for read cycles: 6629160
6banks busy for write cycles: 672
7banks busy for read cycles: 15533128
7banks busy for write cycles: 0
8banks busy for read cycles: 51024841
8banks busy for write cycles: 0

CPU 0 Branch Prediction Accuracy: 97.0392% MPKI: 8.96626 Average ROB Occupancy at Mispredict: 31.0728
Branch types
NOT_BRANCH: 139432088 69.716%
BRANCH_DIRECT_JUMP: 7569704 3.78485%
BRANCH_INDIRECT: 0 0%
BRANCH_CONDITIONAL: 51310157 25.6551%
BRANCH_DIRECT_CALL: 781084 0.390542%
BRANCH_INDIRECT_CALL: 62706 0.031353%
BRANCH_RETURN: 843790 0.421895%
BRANCH_OTHER: 0 0%

===================== LRU L1D STATS =====================
Total pollution count in L1D: 0
=========================================================
================ SRRIP (L2C) Pollution Stats ================
Total pollution count in L2c: 10349751
==================================================================
DRAM PAGES: 1048576
Allocated PAGES: 342152
