
*** ChampSim Multicore Out-of-Order Simulator ***

Warmup Instructions: 200000000
Simulation Instructions: 200000000
Number of CPUs: 1
LLC sets: 4096
LLC ways: 12
Off-chip DRAM Size: 4096 MB Channels: 1 Width: 64-bit Data Rate: 6400 MT/s
CPU 0 runs ./tracer/traces/619.lbm_s-2676B.champsimtrace.xz
.xz
BTB has LRU replacement policy
ITLB has LRU replacement policy
DTLB has LRU replacement policy
STLB has LRU replacement policy
L1I has LRU replacement policy
L1D has LRU replacement policy
Bingo PHT WAYS: 16 and PHT_SIZE: 16384
Initialize SRRIP state for L2C
Initialize Mockingjay state for LLC
Heartbeat CPU 0 instructions: 10000002 cycles: 1860436 heartbeat IPC: 5.37509 cumulative IPC: 5.37509 (Simulation time: 0 hr 0 min 29 sec) 
Heartbeat CPU 0 instructions: 20000007 cycles: 3710202 heartbeat IPC: 5.40609 cumulative IPC: 5.39054 (Simulation time: 0 hr 0 min 58 sec) 
Heartbeat CPU 0 instructions: 30000006 cycles: 5545766 heartbeat IPC: 5.44792 cumulative IPC: 5.40953 (Simulation time: 0 hr 1 min 27 sec) 
Heartbeat CPU 0 instructions: 40000003 cycles: 7353104 heartbeat IPC: 5.533 cumulative IPC: 5.43988 (Simulation time: 0 hr 1 min 57 sec) 
Heartbeat CPU 0 instructions: 50000002 cycles: 9135114 heartbeat IPC: 5.61164 cumulative IPC: 5.47339 (Simulation time: 0 hr 2 min 26 sec) 
Heartbeat CPU 0 instructions: 60000004 cycles: 10891697 heartbeat IPC: 5.69287 cumulative IPC: 5.50878 (Simulation time: 0 hr 2 min 52 sec) 
Heartbeat CPU 0 instructions: 70000003 cycles: 12625990 heartbeat IPC: 5.76604 cumulative IPC: 5.54412 (Simulation time: 0 hr 3 min 17 sec) 
Heartbeat CPU 0 instructions: 80000001 cycles: 14317793 heartbeat IPC: 5.91085 cumulative IPC: 5.58745 (Simulation time: 0 hr 3 min 41 sec) 
Heartbeat CPU 0 instructions: 90000000 cycles: 16008435 heartbeat IPC: 5.91491 cumulative IPC: 5.62204 (Simulation time: 0 hr 4 min 5 sec) 
Heartbeat CPU 0 instructions: 100000004 cycles: 17672928 heartbeat IPC: 6.00784 cumulative IPC: 5.65837 (Simulation time: 0 hr 4 min 30 sec) 
Heartbeat CPU 0 instructions: 110000001 cycles: 19329512 heartbeat IPC: 6.03652 cumulative IPC: 5.69078 (Simulation time: 0 hr 4 min 57 sec) 
Heartbeat CPU 0 instructions: 120000003 cycles: 20966317 heartbeat IPC: 6.10946 cumulative IPC: 5.72347 (Simulation time: 0 hr 5 min 24 sec) 
Heartbeat CPU 0 instructions: 130000002 cycles: 22589307 heartbeat IPC: 6.16147 cumulative IPC: 5.75494 (Simulation time: 0 hr 5 min 51 sec) 
Heartbeat CPU 0 instructions: 140000000 cycles: 24208449 heartbeat IPC: 6.17611 cumulative IPC: 5.7831 (Simulation time: 0 hr 6 min 19 sec) 
Heartbeat CPU 0 instructions: 150000001 cycles: 25812992 heartbeat IPC: 6.2323 cumulative IPC: 5.81103 (Simulation time: 0 hr 6 min 46 sec) 
Heartbeat CPU 0 instructions: 160000004 cycles: 27403666 heartbeat IPC: 6.28664 cumulative IPC: 5.83863 (Simulation time: 0 hr 7 min 13 sec) 
Heartbeat CPU 0 instructions: 170000006 cycles: 28992508 heartbeat IPC: 6.29389 cumulative IPC: 5.86358 (Simulation time: 0 hr 7 min 38 sec) 
Heartbeat CPU 0 instructions: 180000000 cycles: 30580712 heartbeat IPC: 6.29642 cumulative IPC: 5.88606 (Simulation time: 0 hr 8 min 4 sec) 
Heartbeat CPU 0 instructions: 190000003 cycles: 32157633 heartbeat IPC: 6.34147 cumulative IPC: 5.9084 (Simulation time: 0 hr 8 min 27 sec) 
Heartbeat CPU 0 instructions: 200000005 cycles: 33731903 heartbeat IPC: 6.35215 cumulative IPC: 5.92911 (Simulation time: 0 hr 8 min 49 sec) 

Warmup complete CPU 0 instructions: 200000005 cycles: 33731903 (Simulation time: 0 hr 8 min 49 sec) 

Heartbeat CPU 0 instructions: 210000004 cycles: 43292916 heartbeat IPC: 1.04591 cumulative IPC: 1.04591 (Simulation time: 0 hr 9 min 32 sec) 
Heartbeat CPU 0 instructions: 220000002 cycles: 53013125 heartbeat IPC: 1.02878 cumulative IPC: 1.03728 (Simulation time: 0 hr 10 min 15 sec) 
Heartbeat CPU 0 instructions: 230000006 cycles: 62529654 heartbeat IPC: 1.0508 cumulative IPC: 1.04175 (Simulation time: 0 hr 11 min 2 sec) 
Heartbeat CPU 0 instructions: 240000005 cycles: 72130497 heartbeat IPC: 1.04158 cumulative IPC: 1.0417 (Simulation time: 0 hr 11 min 51 sec) 
Heartbeat CPU 0 instructions: 250000002 cycles: 81611699 heartbeat IPC: 1.05472 cumulative IPC: 1.04428 (Simulation time: 0 hr 12 min 41 sec) 
Heartbeat CPU 0 instructions: 260000001 cycles: 91249233 heartbeat IPC: 1.03761 cumulative IPC: 1.04316 (Simulation time: 0 hr 13 min 30 sec) 
Heartbeat CPU 0 instructions: 270000000 cycles: 100500518 heartbeat IPC: 1.08093 cumulative IPC: 1.0484 (Simulation time: 0 hr 14 min 19 sec) 
Heartbeat CPU 0 instructions: 280000001 cycles: 109924290 heartbeat IPC: 1.06115 cumulative IPC: 1.04997 (Simulation time: 0 hr 15 min 7 sec) 
Heartbeat CPU 0 instructions: 290000000 cycles: 119143199 heartbeat IPC: 1.08473 cumulative IPC: 1.05372 (Simulation time: 0 hr 15 min 56 sec) 
Heartbeat CPU 0 instructions: 300000002 cycles: 128554473 heartbeat IPC: 1.06256 cumulative IPC: 1.0546 (Simulation time: 0 hr 16 min 44 sec) 
Heartbeat CPU 0 instructions: 310000004 cycles: 137879278 heartbeat IPC: 1.07241 cumulative IPC: 1.0562 (Simulation time: 0 hr 17 min 33 sec) 
Heartbeat CPU 0 instructions: 320000004 cycles: 147272504 heartbeat IPC: 1.0646 cumulative IPC: 1.05689 (Simulation time: 0 hr 18 min 21 sec) 
Heartbeat CPU 0 instructions: 330000004 cycles: 156349254 heartbeat IPC: 1.10172 cumulative IPC: 1.06021 (Simulation time: 0 hr 19 min 10 sec) 
Heartbeat CPU 0 instructions: 340000002 cycles: 165735601 heartbeat IPC: 1.06538 cumulative IPC: 1.06058 (Simulation time: 0 hr 19 min 58 sec) 
Heartbeat CPU 0 instructions: 350000000 cycles: 174859761 heartbeat IPC: 1.09599 cumulative IPC: 1.06287 (Simulation time: 0 hr 20 min 46 sec) 
Heartbeat CPU 0 instructions: 360000000 cycles: 184183312 heartbeat IPC: 1.07255 cumulative IPC: 1.06347 (Simulation time: 0 hr 21 min 34 sec) 
Heartbeat CPU 0 instructions: 370000004 cycles: 193509264 heartbeat IPC: 1.07228 cumulative IPC: 1.06398 (Simulation time: 0 hr 22 min 22 sec) 
Heartbeat CPU 0 instructions: 380000000 cycles: 202624052 heartbeat IPC: 1.09712 cumulative IPC: 1.06577 (Simulation time: 0 hr 23 min 17 sec) 
Heartbeat CPU 0 instructions: 390000007 cycles: 211992795 heartbeat IPC: 1.06738 cumulative IPC: 1.06585 (Simulation time: 0 hr 24 min 14 sec) 
Heartbeat CPU 0 instructions: 400000004 cycles: 221150325 heartbeat IPC: 1.092 cumulative IPC: 1.06713 (Simulation time: 0 hr 25 min 10 sec) 
Finished CPU 0 instructions: 200000007 cycles: 187418423 cumulative IPC: 1.06713 (Simulation time: 0 hr 25 min 10 sec) 

ChampSim completed all CPUs

Region of Interest Statistics

CPU 0 cumulative IPC: 1.06713 instructions: 200000007 cycles: 187418423
ITLB TOTAL     ACCESS:   19614024  HIT:   19614024  MISS:          0  HIT %:        100  MISS %:          0   MPKI: 0
ITLB LOAD TRANSLATION ACCESS:   19614024  HIT:   19614024  MISS:          0  HIT %:        100  MISS %:          0   MPKI: 0
ITLB PREFETCH  REQUESTED:          0  ISSUED:          0  USEFUL:          0  USELESS:          0
ITLB USEFUL LOAD PREFETCHES:          0 PREFETCH ISSUED TO LOWER LEVEL:          0  ACCURACY: -nan
ITLB TIMELY PREFETCHES:          0 LATE PREFETCHES: 0 DROPPED PREFETCHES: 0
ITLB PREFETCHES SAME FILL-ORIGIN LEVEL: 0 DIFFERENT FILL-ORIGIN LEVEL: 0
ITLB AVERAGE MISS LATENCY:       -nan cycles AVERAGE LOAD MISS LATENCY:       -nan cycles Load Miss          0
ITLB Average MSHR Occupancy: 4.26852e-08
ITLB RQ	ACCESS:   21196013	FORWARD:          0	MERGED:    1581989	TO_CACHE:   19614024

DTLB TOTAL     ACCESS:   22329809  HIT:   22203692  MISS:     126117  HIT %:    99.4352  MISS %:   0.564792   MPKI: 0.630585
DTLB LOAD TRANSLATION ACCESS:   22329809  HIT:   22203692  MISS:     126117  HIT %:    99.4352  MISS %:   0.564792   MPKI: 0.630585
DTLB PREFETCH  REQUESTED:          0  ISSUED:          0  USEFUL:          0  USELESS:          0
DTLB USEFUL LOAD PREFETCHES:          0 PREFETCH ISSUED TO LOWER LEVEL:          0  ACCURACY: -nan
DTLB TIMELY PREFETCHES:          0 LATE PREFETCHES: 0 DROPPED PREFETCHES: 0
DTLB PREFETCHES SAME FILL-ORIGIN LEVEL: 0 DIFFERENT FILL-ORIGIN LEVEL: 0
DTLB AVERAGE MISS LATENCY:    119.893 cycles AVERAGE LOAD MISS LATENCY:       -nan cycles Load Miss          0
DTLB Average MSHR Occupancy:  0.0549457
DTLB RQ	ACCESS:   39582230	FORWARD:          0	MERGED:   17219879	TO_CACHE:   22362351

STLB TOTAL     ACCESS:     126117  HIT:      57687  MISS:      68430  HIT %:    45.7409  MISS %:    54.2591   MPKI: 0.34215
STLB LOAD TRANSLATION ACCESS:     126117  HIT:      57687  MISS:      68430  HIT %:    45.7409  MISS %:    54.2591   MPKI: 0.34215
STLB PREFETCH  REQUESTED:          0  ISSUED:          0  USEFUL:          0  USELESS:          0
STLB USEFUL LOAD PREFETCHES:          0 PREFETCH ISSUED TO LOWER LEVEL:          0  ACCURACY: -nan
STLB TIMELY PREFETCHES:          0 LATE PREFETCHES: 0 DROPPED PREFETCHES: 0
STLB PREFETCHES SAME FILL-ORIGIN LEVEL: 0 DIFFERENT FILL-ORIGIN LEVEL: 0
STLB AVERAGE MISS LATENCY:    204.055 cycles AVERAGE LOAD MISS LATENCY:       -nan cycles Load Miss          0
STLB Average MSHR Occupancy:  0.0486302
STLB RQ	ACCESS:     126117	FORWARD:          0	MERGED:          0	TO_CACHE:     126117

STLB Hit, L1D data hit: 0
STLB Hit, L2C data hit: 0
STLB Hit, LLC data hit: 0
STLB Hit, LLC data miss: 0
STLB STLB hints to L2: 0
L1D TOTAL     ACCESS:   39431607  HIT:   32207633  MISS:    7223974  HIT %:    81.6797  MISS %:    18.3203   MPKI: 36.1199
L1D LOAD      ACCESS:   11441000  HIT:   10346443  MISS:    1094557  HIT %:     90.433  MISS %:    9.56697   MPKI: 5.47278
L1D RFO       ACCESS:   27990607  HIT:   21861190  MISS:    6129417  HIT %:    78.1019  MISS %:    21.8981   MPKI: 30.6471
L1D PREFETCH  REQUESTED:          0  ISSUED:          0  USEFUL:          0  USELESS:          0
L1D USEFUL LOAD PREFETCHES:          0 PREFETCH ISSUED TO LOWER LEVEL:          0  ACCURACY: -nan
L1D TIMELY PREFETCHES:          0 LATE PREFETCHES: 0 DROPPED PREFETCHES: 0
L1D PREFETCHES SAME FILL-ORIGIN LEVEL: 0 DIFFERENT FILL-ORIGIN LEVEL: 0
L1D AVERAGE MISS LATENCY:    350.598 cycles AVERAGE LOAD MISS LATENCY:    58.8864 cycles Load Miss    1094557
L1D Average MSHR Occupancy:    13.3902
L1D RQ	ACCESS:   39547170	FORWARD:          0	MERGED:   21413290	TO_CACHE:   11501016
L1D WQ	ACCESS:   29852892	FORWARD:    6632864	MERGED:    1771678	TO_CACHE:   28081214

L1D UNIQUE REGIONS ACCESSED: 0
L1D REGIONS CONFLICTS: 0
L1D Cross Page Prefetch Requests: 0
L1D Same Page Prefetch Requests: 0
L1D ROI Sum of L1D PQ occupancy: 0
L1D PREFETCHES PUSHED FROM L2C: 0
L1I TOTAL     ACCESS:   21196009  HIT:   21196009  MISS:          0  HIT %:        100  MISS %:          0   MPKI: 0
L1I LOAD      ACCESS:   21196009  HIT:   21196009  MISS:          0  HIT %:        100  MISS %:          0   MPKI: 0
L1I PREFETCH  REQUESTED:          0  ISSUED:          0  USEFUL:          0  USELESS:          0
L1I USEFUL LOAD PREFETCHES:          0 PREFETCH ISSUED TO LOWER LEVEL:          0  ACCURACY: -nan
L1I TIMELY PREFETCHES:          0 LATE PREFETCHES: 0 DROPPED PREFETCHES: 0
L1I PREFETCHES SAME FILL-ORIGIN LEVEL: 0 DIFFERENT FILL-ORIGIN LEVEL: 0
L1I AVERAGE MISS LATENCY:       -nan cycles AVERAGE LOAD MISS LATENCY:       -nan cycles Load Miss          0
L1I Average MSHR Occupancy: 1.31791e-06
L1I RQ	ACCESS:   49250593	FORWARD:          0	MERGED:   28054580	TO_CACHE:   21196013

BTB TOTAL     ACCESS:    2157812  HIT:    2157806  MISS:          6  HIT %:    99.9997  MISS %: 0.000278059   MPKI: 3e-05
BTB BRANCH_DIRECT_JUMP	ACCESS:      15554  HIT:      15553  MISS:          1
BTB BRANCH_INDIRECT	ACCESS:          0  HIT:          0  MISS:          0
BTB BRANCH_CONDITIONAL	ACCESS:    2142258  HIT:    2142253  MISS:          5
BTB BRANCH_DIRECT_CALL	ACCESS:          0  HIT:          0  MISS:          0
BTB BRANCH_INDIRECT_CALL	ACCESS:          0  HIT:          0  MISS:          0
BTB BRANCH_RETURN	ACCESS:          0  HIT:          0  MISS:          0
BTB BRANCH_OTHER ACCESS:          0  HIT:          0  MISS:          0

L2C TOTAL     ACCESS:   14441864  HIT:   10002021  MISS:    4439843  HIT %:    69.2571  MISS %:    30.7429   MPKI: 22.1992
L2C LOAD      ACCESS:    1094557  HIT:    1012907  MISS:      81650  HIT %:    92.5404  MISS %:    7.45964   MPKI: 0.40825
L2C DATA LOAD MPKI: 0.40825
L2C INSTRUCTION LOAD MPKI: 0
L2C RFO       ACCESS:    6129416  HIT:    2845460  MISS:    3283956  HIT %:     46.423  MISS %:     53.577   MPKI: 16.4198
L2C PREFETCH  ACCESS:    1020044  HIT:       6693  MISS:    1013351  HIT %:   0.656148  MISS %:    99.3439   MPKI: 5.06675
AGUS PREFETCH L1 MISS: 0
L2C DATA PREFETCH MPKI: 5.06675
L2C INSTRUCTION PREFETCH MPKI: 0
L2C WRITEBACK ACCESS:    6129413  HIT:    6077239  MISS:      52174  HIT %:    99.1488  MISS %:   0.851207   MPKI: 0.26087
L2C LOAD TRANSLATION ACCESS:      68434  HIT:      59722  MISS:       8712  HIT %:    87.2695  MISS %:    12.7305   MPKI: 0.04356
L2C PREFETCH  REQUESTED:    1067398  ISSUED:    1067398  USEFUL:    1012907  USELESS:        427
L2C USEFUL LOAD PREFETCHES:    1012907 PREFETCH ISSUED TO LOWER LEVEL:    1042047  ACCURACY: 97.2036
L2C TIMELY PREFETCHES:    1012907 LATE PREFETCHES: 28696 DROPPED PREFETCHES: 0
L2C PREFETCHES SAME FILL-ORIGIN LEVEL: 1042047 DIFFERENT FILL-ORIGIN LEVEL: 0
L2C AVERAGE MISS LATENCY:    701.921 cycles AVERAGE LOAD MISS LATENCY:    574.965 cycles Load Miss      81650
L2C Average MSHR Occupancy:    16.4987
L2C RQ	ACCESS:    7292412	FORWARD:          0	MERGED:          0	TO_CACHE:    7292412
L2C WQ	ACCESS:    6129413	FORWARD:          0	MERGED:          0	TO_CACHE:    6129413
L2C PQ	ACCESS:    1067398	FORWARD:          0	MERGED:          0	TO_CACHE:    1067398

L2C Instructions Evicting Data 0
L2C Translations Evicting Data 8711
L2C Data Evicting Data 4370351
L2C Instructions Evicting Instructions 0
L2C Translations Evicting Instructions 0
L2C Data Evicting Instructions 0
L2C Instructions Evicting Translations 0
L2C Translations Evicting Translations 1
L2C Data Evicting Translations 8606
L2C Dense regions hint from L2: 0
PSCL5 TOTAL     ACCESS:      68430  HIT:      68430  MISS:          0  HIT %:        100  MISS %:          0   MPKI: 0
PSCL5 LOAD TRANSLATION ACCESS:      68430  HIT:      68430  MISS:          0  HIT %:        100  MISS %:          0   MPKI: 0
PSCL5 PREFETCH  REQUESTED:          0  ISSUED:          0  USEFUL:          0  USELESS:          0
PSCL5 USEFUL LOAD PREFETCHES:          0 PREFETCH ISSUED TO LOWER LEVEL:          0  ACCURACY: -nan
PSCL5 TIMELY PREFETCHES:          0 LATE PREFETCHES: 0 DROPPED PREFETCHES: 0
PSCL5 PREFETCHES SAME FILL-ORIGIN LEVEL: 0 DIFFERENT FILL-ORIGIN LEVEL: 0

PSCL4 TOTAL     ACCESS:      68430  HIT:      68430  MISS:          0  HIT %:        100  MISS %:          0   MPKI: 0
PSCL4 LOAD TRANSLATION ACCESS:      68430  HIT:      68430  MISS:          0  HIT %:        100  MISS %:          0   MPKI: 0
PSCL4 PREFETCH  REQUESTED:          0  ISSUED:          0  USEFUL:          0  USELESS:          0
PSCL4 USEFUL LOAD PREFETCHES:          0 PREFETCH ISSUED TO LOWER LEVEL:          0  ACCURACY: -nan
PSCL4 TIMELY PREFETCHES:          0 LATE PREFETCHES: 0 DROPPED PREFETCHES: 0
PSCL4 PREFETCHES SAME FILL-ORIGIN LEVEL: 0 DIFFERENT FILL-ORIGIN LEVEL: 0

PSCL3 TOTAL     ACCESS:      68430  HIT:      68430  MISS:          0  HIT %:        100  MISS %:          0   MPKI: 0
PSCL3 LOAD TRANSLATION ACCESS:      68430  HIT:      68430  MISS:          0  HIT %:        100  MISS %:          0   MPKI: 0
PSCL3 PREFETCH  REQUESTED:          0  ISSUED:          0  USEFUL:          0  USELESS:          0
PSCL3 USEFUL LOAD PREFETCHES:          0 PREFETCH ISSUED TO LOWER LEVEL:          0  ACCURACY: -nan
PSCL3 TIMELY PREFETCHES:          0 LATE PREFETCHES: 0 DROPPED PREFETCHES: 0
PSCL3 PREFETCHES SAME FILL-ORIGIN LEVEL: 0 DIFFERENT FILL-ORIGIN LEVEL: 0

PSCL2 TOTAL     ACCESS:      68430  HIT:      68359  MISS:         71  HIT %:    99.8962  MISS %:   0.103756   MPKI: 0.000355
PSCL2 LOAD TRANSLATION ACCESS:      68430  HIT:      68359  MISS:         71  HIT %:    99.8962  MISS %:   0.103756   MPKI: 0.000355
PSCL2 PREFETCH  REQUESTED:          0  ISSUED:          0  USEFUL:          0  USELESS:          0
PSCL2 USEFUL LOAD PREFETCHES:          0 PREFETCH ISSUED TO LOWER LEVEL:          0  ACCURACY: -nan
PSCL2 TIMELY PREFETCHES:          0 LATE PREFETCHES: 0 DROPPED PREFETCHES: 0
PSCL2 PREFETCHES SAME FILL-ORIGIN LEVEL: 0 DIFFERENT FILL-ORIGIN LEVEL: 0

LLC TOTAL     ACCESS:    7669335  HIT:       2001  MISS:    7667334  HIT %:  0.0260909  MISS %:    99.9739   MPKI: 38.3367
LLC LOAD      ACCESS:      52954  HIT:         16  MISS:      52938  HIT %:  0.0302149  MISS %:    99.9698   MPKI: 0.26469
LLC RFO       ACCESS:    3283956  HIT:        901  MISS:    3283055  HIT %:  0.0274364  MISS %:    99.9726   MPKI: 16.4153
LLC PREFETCH  ACCESS:    1042047  HIT:          6  MISS:    1042041  HIT %: 0.00057579  MISS %:    99.9994   MPKI: 5.2102
AGUS PREFETCH L1 MISS: 0
LLC WRITEBACK ACCESS:    3281666  HIT:       1054  MISS:    3280612  HIT %:  0.0321178  MISS %:    99.9679   MPKI: 16.4031
LLC LOAD TRANSLATION ACCESS:       8712  HIT:         24  MISS:       8688  HIT %:   0.275482  MISS %:    99.7245   MPKI: 0.04344
LLC PREFETCH  REQUESTED:          0  ISSUED:          0  USEFUL:          0  USELESS:          0
LLC USEFUL LOAD PREFETCHES:          0 PREFETCH ISSUED TO LOWER LEVEL:    1042041  ACCURACY: 0
LLC TIMELY PREFETCHES:          0 LATE PREFETCHES: 0 DROPPED PREFETCHES: 0
LLC PREFETCHES SAME FILL-ORIGIN LEVEL: 0 DIFFERENT FILL-ORIGIN LEVEL: 0
LLC AVERAGE MISS LATENCY:     382.58 cycles AVERAGE LOAD MISS LATENCY:    597.901 cycles Load Miss      52938
LLC Average MSHR Occupancy:     15.628
LLC RQ	ACCESS:    3345626	FORWARD:          0	MERGED:          0	TO_CACHE:    3345626
LLC WQ	ACCESS:    3281671	FORWARD:          0	MERGED:          0	TO_CACHE:    3281671
LLC PQ	ACCESS:    1042047	FORWARD:          0	MERGED:          0	TO_CACHE:    1042047

LLC Dense regions hint to LLC: 0

RAW hits: 7211038
Loads Generated: 46758208
Loads sent to L1D: 39547170
Stores Generated: 29852883
Stores sent to L1D: 29852892
Major fault: 0 Minor fault: 86891
Allocated PAGES: 86891
[Bingo] PHT Access: 34643
[Bingo] PHT Hit PC+Addr: 138
[Bingo] PHT Hit PC+Offs: 34469
[Bingo] PHT Miss: 36
[Bingo] Prefetch PC+Addr: 0
[Bingo] Prefetch PC+Offs: 0
[Bingo] Useful PC+Addr: 0
[Bingo] Useful PC+Offs: 0
[Bingo] Useless PC+Addr: 0
[Bingo] Useless PC+Offs: 0
[Bingo] L1 Prefetch per Region: 0
[Bingo] L2 Prefetch per Region: 31.8514
[Bingo] L3 Prefetch per Region: 0
[Bingo] No Prefetch per Region: 0.14864
[Bingo] Number of Voters Mean: 15.9245
[Bingo] Number of Voters SD: 19.1048
PHT read accesses: 550059
PHT write accesses: 34626
AT read accesses: 1089247
AT write accesses: 1094548
FT read accesses: 103913
FT write accesses: 34643
PS read accesses: 149420
PS write accesses: 34607
PHT tag read accesses: 1656988
PHT tag write accesses: 34764
AT tag read accesses: 89951203
AT tag write accesses: 1123882
FT tag read accesses: 73289011
FT tag write accesses: 103921
PS tag read accesses: 18654485
PS tag write accesses: 184001
================ Mockingjay (LLC) Pollution Stats ================
Total pollution count in LLC: 0
==================================================================

DRAM Statistics
 CHANNEL 0
 RQ ROW_BUFFER_HIT:     720531  ROW_BUFFER_MISS:    3666190
 DBUS_CONGESTED:          0
 WQ ROW_BUFFER_HIT:     663215  ROW_BUFFER_MISS:    2617313  FULL:     295591

 AVG_CONGESTED_CYCLE: -
 All warmup complete: 2
Channel 0 Bank busy for read cycles: 0
Channel 0 Bank busy for write cycles: 0
Channel 0
Rank 0
0banks busy for read cycles: 11359
0banks busy for write cycles: 0
1banks busy for read cycles: 1103065
1banks busy for write cycles: 286113
2banks busy for read cycles: 1288630
2banks busy for write cycles: 286113
3banks busy for read cycles: 2937720
3banks busy for write cycles: 286112
4banks busy for read cycles: 9597656
4banks busy for write cycles: 286118
5banks busy for read cycles: 22972650
5banks busy for write cycles: 286513
6banks busy for read cycles: 22880193
6banks busy for write cycles: 293403
7banks busy for read cycles: 19383191
7banks busy for write cycles: 3688804
8banks busy for read cycles: 34114892
8banks busy for write cycles: 67715892

CPU 0 Branch Prediction Accuracy: 99.8231% MPKI: 0.019085 Average ROB Occupancy at Mispredict: 462.833
Branch types
NOT_BRANCH: 197842109 98.9211%
BRANCH_DIRECT_JUMP: 15554 0.007777%
BRANCH_INDIRECT: 0 0%
BRANCH_CONDITIONAL: 2142338 1.07117%
BRANCH_DIRECT_CALL: 0 0%
BRANCH_INDIRECT_CALL: 0 0%
BRANCH_RETURN: 0 0%
BRANCH_OTHER: 0 0%

===================== LRU L1D STATS =====================
Total pollution count in L1D: 0
=========================================================
================ SRRIP (L2C) Pollution Stats ================
Total pollution count in L2c: 406
==================================================================
DRAM PAGES: 1048576
Allocated PAGES: 86891
