
*** ChampSim Multicore Out-of-Order Simulator ***

Warmup Instructions: 200000000
Simulation Instructions: 200000000
Number of CPUs: 1
LLC sets: 4096
LLC ways: 12
Off-chip DRAM Size: 4096 MB Channels: 1 Width: 64-bit Data Rate: 6400 MT/s
CPU 0 runs ./tracer/traces/621.wrf_s-8065B.champsimtrace.xz
.xz
BTB has LRU replacement policy
ITLB has LRU replacement policy
DTLB has LRU replacement policy
STLB has LRU replacement policy
L1I has LRU replacement policy
L1D has LRU replacement policy
Bingo PHT WAYS: 16 and PHT_SIZE: 16384
Initialize SRRIP state for L2C
Initialize Mockingjay state for LLC
Heartbeat CPU 0 instructions: 10000002 cycles: 2371262 heartbeat IPC: 4.21716 cumulative IPC: 4.21716 (Simulation time: 0 hr 0 min 23 sec) 
Heartbeat CPU 0 instructions: 20000004 cycles: 4431960 heartbeat IPC: 4.85273 cumulative IPC: 4.51268 (Simulation time: 0 hr 0 min 44 sec) 
Heartbeat CPU 0 instructions: 30000000 cycles: 6696240 heartbeat IPC: 4.41641 cumulative IPC: 4.48013 (Simulation time: 0 hr 1 min 6 sec) 
Heartbeat CPU 0 instructions: 40000004 cycles: 8871216 heartbeat IPC: 4.59775 cumulative IPC: 4.50897 (Simulation time: 0 hr 1 min 28 sec) 
Heartbeat CPU 0 instructions: 50000002 cycles: 11045680 heartbeat IPC: 4.59883 cumulative IPC: 4.52666 (Simulation time: 0 hr 1 min 52 sec) 
Heartbeat CPU 0 instructions: 60000006 cycles: 13289978 heartbeat IPC: 4.45574 cumulative IPC: 4.51468 (Simulation time: 0 hr 2 min 14 sec) 
Heartbeat CPU 0 instructions: 70000003 cycles: 15441877 heartbeat IPC: 4.64706 cumulative IPC: 4.53313 (Simulation time: 0 hr 2 min 37 sec) 
Heartbeat CPU 0 instructions: 80000002 cycles: 17708836 heartbeat IPC: 4.4112 cumulative IPC: 4.51752 (Simulation time: 0 hr 2 min 59 sec) 
Heartbeat CPU 0 instructions: 90000000 cycles: 19836445 heartbeat IPC: 4.70011 cumulative IPC: 4.5371 (Simulation time: 0 hr 3 min 24 sec) 
Heartbeat CPU 0 instructions: 100000003 cycles: 22128124 heartbeat IPC: 4.36361 cumulative IPC: 4.51914 (Simulation time: 0 hr 3 min 45 sec) 
Heartbeat CPU 0 instructions: 110000005 cycles: 24231145 heartbeat IPC: 4.75507 cumulative IPC: 4.53961 (Simulation time: 0 hr 4 min 8 sec) 
Heartbeat CPU 0 instructions: 120000000 cycles: 27411928 heartbeat IPC: 3.14388 cumulative IPC: 4.37766 (Simulation time: 0 hr 4 min 31 sec) 
Heartbeat CPU 0 instructions: 130000000 cycles: 31046399 heartbeat IPC: 2.75143 cumulative IPC: 4.18728 (Simulation time: 0 hr 4 min 55 sec) 
Heartbeat CPU 0 instructions: 140000005 cycles: 34680086 heartbeat IPC: 2.75203 cumulative IPC: 4.0369 (Simulation time: 0 hr 5 min 20 sec) 
Heartbeat CPU 0 instructions: 150000001 cycles: 38215401 heartbeat IPC: 2.8286 cumulative IPC: 3.92512 (Simulation time: 0 hr 5 min 46 sec) 
Heartbeat CPU 0 instructions: 160000001 cycles: 40468037 heartbeat IPC: 4.43924 cumulative IPC: 3.95374 (Simulation time: 0 hr 6 min 0 sec) 
Heartbeat CPU 0 instructions: 170000003 cycles: 42945158 heartbeat IPC: 4.03695 cumulative IPC: 3.95854 (Simulation time: 0 hr 6 min 24 sec) 
Heartbeat CPU 0 instructions: 180000000 cycles: 45267437 heartbeat IPC: 4.30611 cumulative IPC: 3.97637 (Simulation time: 0 hr 6 min 48 sec) 
Heartbeat CPU 0 instructions: 190000001 cycles: 47597036 heartbeat IPC: 4.29258 cumulative IPC: 3.99185 (Simulation time: 0 hr 7 min 12 sec) 
Heartbeat CPU 0 instructions: 200000004 cycles: 49886138 heartbeat IPC: 4.36853 cumulative IPC: 4.00913 (Simulation time: 0 hr 7 min 35 sec) 

Warmup complete CPU 0 instructions: 200000004 cycles: 49886138 (Simulation time: 0 hr 7 min 35 sec) 

Heartbeat CPU 0 instructions: 210000000 cycles: 56689654 heartbeat IPC: 1.46983 cumulative IPC: 1.46983 (Simulation time: 0 hr 7 min 57 sec) 
Heartbeat CPU 0 instructions: 220000000 cycles: 64811951 heartbeat IPC: 1.23118 cumulative IPC: 1.33996 (Simulation time: 0 hr 8 min 22 sec) 
Heartbeat CPU 0 instructions: 230000000 cycles: 73495757 heartbeat IPC: 1.15157 cumulative IPC: 1.27067 (Simulation time: 0 hr 8 min 48 sec) 
Heartbeat CPU 0 instructions: 240000003 cycles: 81957755 heartbeat IPC: 1.18175 cumulative IPC: 1.24721 (Simulation time: 0 hr 9 min 25 sec) 
Heartbeat CPU 0 instructions: 250000005 cycles: 95900629 heartbeat IPC: 0.717212 cumulative IPC: 1.08661 (Simulation time: 0 hr 10 min 11 sec) 
Heartbeat CPU 0 instructions: 260000004 cycles: 107083443 heartbeat IPC: 0.894229 cumulative IPC: 1.049 (Simulation time: 0 hr 10 min 40 sec) 
Heartbeat CPU 0 instructions: 270000000 cycles: 119631877 heartbeat IPC: 0.796912 cumulative IPC: 1.00365 (Simulation time: 0 hr 11 min 8 sec) 
Heartbeat CPU 0 instructions: 280000001 cycles: 137038074 heartbeat IPC: 0.574508 cumulative IPC: 0.917937 (Simulation time: 0 hr 11 min 49 sec) 
Heartbeat CPU 0 instructions: 290000000 cycles: 148233920 heartbeat IPC: 0.893188 cumulative IPC: 0.91512 (Simulation time: 0 hr 12 min 24 sec) 
Heartbeat CPU 0 instructions: 300000005 cycles: 159801124 heartbeat IPC: 0.864514 cumulative IPC: 0.909794 (Simulation time: 0 hr 13 min 5 sec) 
Heartbeat CPU 0 instructions: 310000004 cycles: 170304561 heartbeat IPC: 0.952069 cumulative IPC: 0.913481 (Simulation time: 0 hr 13 min 43 sec) 
Heartbeat CPU 0 instructions: 320000000 cycles: 180475422 heartbeat IPC: 0.983201 cumulative IPC: 0.918912 (Simulation time: 0 hr 14 min 19 sec) 
Heartbeat CPU 0 instructions: 330000001 cycles: 189300633 heartbeat IPC: 1.13312 cumulative IPC: 0.932471 (Simulation time: 0 hr 14 min 57 sec) 
Heartbeat CPU 0 instructions: 340000005 cycles: 201499003 heartbeat IPC: 0.819782 cumulative IPC: 0.923405 (Simulation time: 0 hr 15 min 41 sec) 
Heartbeat CPU 0 instructions: 350000003 cycles: 211320076 heartbeat IPC: 1.01822 cumulative IPC: 0.929173 (Simulation time: 0 hr 16 min 10 sec) 
Heartbeat CPU 0 instructions: 360000000 cycles: 217662189 heartbeat IPC: 1.57676 cumulative IPC: 0.953652 (Simulation time: 0 hr 16 min 43 sec) 
Heartbeat CPU 0 instructions: 370000004 cycles: 227775773 heartbeat IPC: 0.98877 cumulative IPC: 0.955649 (Simulation time: 0 hr 17 min 9 sec) 
Heartbeat CPU 0 instructions: 380000000 cycles: 235371619 heartbeat IPC: 1.31651 cumulative IPC: 0.970426 (Simulation time: 0 hr 17 min 42 sec) 
Heartbeat CPU 0 instructions: 390000000 cycles: 244765346 heartbeat IPC: 1.06454 cumulative IPC: 0.974963 (Simulation time: 0 hr 18 min 11 sec) 
Heartbeat CPU 0 instructions: 400000003 cycles: 254206133 heartbeat IPC: 1.05923 cumulative IPC: 0.978857 (Simulation time: 0 hr 18 min 40 sec) 
Finished CPU 0 instructions: 200000000 cycles: 204319996 cumulative IPC: 0.978857 (Simulation time: 0 hr 18 min 40 sec) 

ChampSim completed all CPUs

Region of Interest Statistics

CPU 0 cumulative IPC: 0.978857 instructions: 200000000 cycles: 204319996
ITLB TOTAL     ACCESS:   22753390  HIT:   22753192  MISS:        198  HIT %:    99.9991  MISS %:  0.0008702   MPKI: 0.00099
ITLB LOAD TRANSLATION ACCESS:   22753390  HIT:   22753192  MISS:        198  HIT %:    99.9991  MISS %:  0.0008702   MPKI: 0.00099
ITLB PREFETCH  REQUESTED:          0  ISSUED:          0  USEFUL:          0  USELESS:          0
ITLB USEFUL LOAD PREFETCHES:          0 PREFETCH ISSUED TO LOWER LEVEL:          0  ACCURACY: -nan
ITLB TIMELY PREFETCHES:          0 LATE PREFETCHES: 0 DROPPED PREFETCHES: 0
ITLB PREFETCHES SAME FILL-ORIGIN LEVEL: 0 DIFFERENT FILL-ORIGIN LEVEL: 0
ITLB AVERAGE MISS LATENCY:     212.47 cycles AVERAGE LOAD MISS LATENCY:       -nan cycles Load Miss          0
ITLB Average MSHR Occupancy: 0.000179914
ITLB RQ	ACCESS:   27353278	FORWARD:          0	MERGED:    4599553	TO_CACHE:   22753725

DTLB TOTAL     ACCESS:   44077819  HIT:   43913435  MISS:     164384  HIT %:    99.6271  MISS %:    0.37294   MPKI: 0.82192
DTLB LOAD TRANSLATION ACCESS:   44077819  HIT:   43913435  MISS:     164384  HIT %:    99.6271  MISS %:    0.37294   MPKI: 0.82192
DTLB PREFETCH  REQUESTED:          0  ISSUED:          0  USEFUL:          0  USELESS:          0
DTLB USEFUL LOAD PREFETCHES:          0 PREFETCH ISSUED TO LOWER LEVEL:          0  ACCURACY: -nan
DTLB TIMELY PREFETCHES:          0 LATE PREFETCHES: 0 DROPPED PREFETCHES: 0
DTLB PREFETCHES SAME FILL-ORIGIN LEVEL: 0 DIFFERENT FILL-ORIGIN LEVEL: 0
DTLB AVERAGE MISS LATENCY:    25.8392 cycles AVERAGE LOAD MISS LATENCY:       -nan cycles Load Miss          0
DTLB Average MSHR Occupancy:  0.0190419
DTLB RQ	ACCESS:   50860765	FORWARD:          0	MERGED:    6736353	TO_CACHE:   44124412

STLB TOTAL     ACCESS:     164582  HIT:     134139  MISS:      30443  HIT %:    81.5028  MISS %:    18.4972   MPKI: 0.152215
STLB LOAD TRANSLATION ACCESS:     164582  HIT:     134139  MISS:      30443  HIT %:    81.5028  MISS %:    18.4972   MPKI: 0.152215
STLB PREFETCH  REQUESTED:          0  ISSUED:          0  USEFUL:          0  USELESS:          0
STLB USEFUL LOAD PREFETCHES:          0 PREFETCH ISSUED TO LOWER LEVEL:          0  ACCURACY: -nan
STLB TIMELY PREFETCHES:          0 LATE PREFETCHES: 0 DROPPED PREFETCHES: 0
STLB PREFETCHES SAME FILL-ORIGIN LEVEL: 0 DIFFERENT FILL-ORIGIN LEVEL: 0
STLB AVERAGE MISS LATENCY:    91.4063 cycles AVERAGE LOAD MISS LATENCY:       -nan cycles Load Miss          0
STLB Average MSHR Occupancy:  0.0123897
STLB RQ	ACCESS:     164582	FORWARD:          0	MERGED:          0	TO_CACHE:     164582

STLB Hit, L1D data hit: 0
STLB Hit, L2C data hit: 0
STLB Hit, LLC data hit: 0
STLB Hit, LLC data miss: 0
STLB STLB hints to L2: 0
L1D TOTAL     ACCESS:   48568139  HIT:   44359614  MISS:    4208525  HIT %:    91.3348  MISS %:     8.6652   MPKI: 21.0426
L1D LOAD      ACCESS:   40077747  HIT:   36460333  MISS:    3617414  HIT %:     90.974  MISS %:    9.02599   MPKI: 18.0871
L1D RFO       ACCESS:    8490392  HIT:    7899281  MISS:     591111  HIT %:    93.0379  MISS %:    6.96212   MPKI: 2.95555
L1D PREFETCH  REQUESTED:          0  ISSUED:          0  USEFUL:          0  USELESS:          0
L1D USEFUL LOAD PREFETCHES:          0 PREFETCH ISSUED TO LOWER LEVEL:          0  ACCURACY: -nan
L1D TIMELY PREFETCHES:          0 LATE PREFETCHES: 0 DROPPED PREFETCHES: 0
L1D PREFETCHES SAME FILL-ORIGIN LEVEL: 0 DIFFERENT FILL-ORIGIN LEVEL: 0
L1D AVERAGE MISS LATENCY:    69.3553 cycles AVERAGE LOAD MISS LATENCY:    43.7275 cycles Load Miss    3617414
L1D Average MSHR Occupancy:    1.42385
L1D RQ	ACCESS:   65277311	FORWARD:          0	MERGED:   24339129	TO_CACHE:   40888774
L1D WQ	ACCESS:   10000728	FORWARD:      49408	MERGED:      28737	TO_CACHE:    9971991

L1D UNIQUE REGIONS ACCESSED: 0
L1D REGIONS CONFLICTS: 0
L1D Cross Page Prefetch Requests: 0
L1D Same Page Prefetch Requests: 0
L1D ROI Sum of L1D PQ occupancy: 0
L1D PREFETCHES PUSHED FROM L2C: 0
L1I TOTAL     ACCESS:   27034840  HIT:   16653560  MISS:   10381280  HIT %:    61.6004  MISS %:    38.3996   MPKI: 51.9064
L1I LOAD      ACCESS:   27034840  HIT:   16653560  MISS:   10381280  HIT %:    61.6004  MISS %:    38.3996   MPKI: 51.9064
L1I PREFETCH  REQUESTED:          0  ISSUED:          0  USEFUL:          0  USELESS:          0
L1I USEFUL LOAD PREFETCHES:          0 PREFETCH ISSUED TO LOWER LEVEL:          0  ACCURACY: -nan
L1I TIMELY PREFETCHES:          0 LATE PREFETCHES: 0 DROPPED PREFETCHES: 0
L1I PREFETCHES SAME FILL-ORIGIN LEVEL: 0 DIFFERENT FILL-ORIGIN LEVEL: 0
L1I AVERAGE MISS LATENCY:    14.2954 cycles AVERAGE LOAD MISS LATENCY:    14.2954 cycles Load Miss   10381280
L1I Average MSHR Occupancy:   0.703044
L1I RQ	ACCESS:   45114523	FORWARD:          0	MERGED:   17761245	TO_CACHE:   27353278

BTB TOTAL     ACCESS:    8180972  HIT:    8173501  MISS:       7471  HIT %:    99.9087  MISS %:  0.0913217   MPKI: 0.037355
BTB BRANCH_DIRECT_JUMP	ACCESS:      28260  HIT:      28159  MISS:        101
BTB BRANCH_INDIRECT	ACCESS:         10  HIT:          7  MISS:          3
BTB BRANCH_CONDITIONAL	ACCESS:    8082708  HIT:    8081617  MISS:       1091
BTB BRANCH_DIRECT_CALL	ACCESS:      34997  HIT:      34565  MISS:        432
BTB BRANCH_INDIRECT_CALL	ACCESS:          0  HIT:          0  MISS:          0
BTB BRANCH_RETURN	ACCESS:      34997  HIT:      29153  MISS:       5844
BTB BRANCH_OTHER ACCESS:          0  HIT:          0  MISS:          0

L2C TOTAL     ACCESS:   18455765  HIT:   15660486  MISS:    2795279  HIT %:    84.8542  MISS %:    15.1458   MPKI: 13.9764
L2C LOAD      ACCESS:   13998561  HIT:   13574221  MISS:     424340  HIT %:    96.9687  MISS %:    3.03131   MPKI: 2.1217
L2C DATA LOAD MPKI: 2.08327
L2C INSTRUCTION LOAD MPKI: 0.03843
L2C RFO       ACCESS:     591088  HIT:     191010  MISS:     400078  HIT %:     32.315  MISS %:     67.685   MPKI: 2.00039
L2C PREFETCH  ACCESS:    2396938  HIT:     433073  MISS:    1963865  HIT %:    18.0678  MISS %:    81.9322   MPKI: 9.81932
AGUS PREFETCH L1 MISS: 0
L2C DATA PREFETCH MPKI: 9.81932
L2C INSTRUCTION PREFETCH MPKI: 0
L2C WRITEBACK ACCESS:    1438574  HIT:    1436515  MISS:       2059  HIT %:    99.8569  MISS %:   0.143128   MPKI: 0.010295
L2C LOAD TRANSLATION ACCESS:      30604  HIT:      25667  MISS:       4937  HIT %:    83.8681  MISS %:    16.1319   MPKI: 0.024685
L2C PREFETCH  REQUESTED:    2484109  ISSUED:    2484109  USEFUL:    1874847  USELESS:      88864
L2C USEFUL LOAD PREFETCHES:    1874847 PREFETCH ISSUED TO LOWER LEVEL:    2023643  ACCURACY: 92.6471
L2C TIMELY PREFETCHES:    1874847 LATE PREFETCHES: 59778 DROPPED PREFETCHES: 0
L2C PREFETCHES SAME FILL-ORIGIN LEVEL: 2023643 DIFFERENT FILL-ORIGIN LEVEL: 0
L2C AVERAGE MISS LATENCY:    258.422 cycles AVERAGE LOAD MISS LATENCY:    245.763 cycles Load Miss     424340
L2C Average MSHR Occupancy:    3.56812
L2C RQ	ACCESS:   14620409	FORWARD:          0	MERGED:          0	TO_CACHE:   14620253
L2C WQ	ACCESS:    1438574	FORWARD:        157	MERGED:          0	TO_CACHE:    1438574
L2C PQ	ACCESS:    2484109	FORWARD:          0	MERGED:          0	TO_CACHE:    2484108

L2C Instructions Evicting Data 7658
L2C Translations Evicting Data 4916
L2C Data Evicting Data 2767994
L2C Instructions Evicting Instructions 15
L2C Translations Evicting Instructions 15
L2C Data Evicting Instructions 7673
L2C Instructions Evicting Translations 13
L2C Translations Evicting Translations 6
L2C Data Evicting Translations 4930
L2C Dense regions hint from L2: 0
PSCL5 TOTAL     ACCESS:      30443  HIT:      30443  MISS:          0  HIT %:        100  MISS %:          0   MPKI: 0
PSCL5 LOAD TRANSLATION ACCESS:      30443  HIT:      30443  MISS:          0  HIT %:        100  MISS %:          0   MPKI: 0
PSCL5 PREFETCH  REQUESTED:          0  ISSUED:          0  USEFUL:          0  USELESS:          0
PSCL5 USEFUL LOAD PREFETCHES:          0 PREFETCH ISSUED TO LOWER LEVEL:          0  ACCURACY: -nan
PSCL5 TIMELY PREFETCHES:          0 LATE PREFETCHES: 0 DROPPED PREFETCHES: 0
PSCL5 PREFETCHES SAME FILL-ORIGIN LEVEL: 0 DIFFERENT FILL-ORIGIN LEVEL: 0

PSCL4 TOTAL     ACCESS:      30443  HIT:      30443  MISS:          0  HIT %:        100  MISS %:          0   MPKI: 0
PSCL4 LOAD TRANSLATION ACCESS:      30443  HIT:      30443  MISS:          0  HIT %:        100  MISS %:          0   MPKI: 0
PSCL4 PREFETCH  REQUESTED:          0  ISSUED:          0  USEFUL:          0  USELESS:          0
PSCL4 USEFUL LOAD PREFETCHES:          0 PREFETCH ISSUED TO LOWER LEVEL:          0  ACCURACY: -nan
PSCL4 TIMELY PREFETCHES:          0 LATE PREFETCHES: 0 DROPPED PREFETCHES: 0
PSCL4 PREFETCHES SAME FILL-ORIGIN LEVEL: 0 DIFFERENT FILL-ORIGIN LEVEL: 0

PSCL3 TOTAL     ACCESS:      30443  HIT:      30443  MISS:          0  HIT %:        100  MISS %:          0   MPKI: 0
PSCL3 LOAD TRANSLATION ACCESS:      30443  HIT:      30443  MISS:          0  HIT %:        100  MISS %:          0   MPKI: 0
PSCL3 PREFETCH  REQUESTED:          0  ISSUED:          0  USEFUL:          0  USELESS:          0
PSCL3 USEFUL LOAD PREFETCHES:          0 PREFETCH ISSUED TO LOWER LEVEL:          0  ACCURACY: -nan
PSCL3 TIMELY PREFETCHES:          0 LATE PREFETCHES: 0 DROPPED PREFETCHES: 0
PSCL3 PREFETCHES SAME FILL-ORIGIN LEVEL: 0 DIFFERENT FILL-ORIGIN LEVEL: 0

PSCL2 TOTAL     ACCESS:      30443  HIT:      30279  MISS:        164  HIT %:    99.4613  MISS %:   0.538712   MPKI: 0.00082
PSCL2 LOAD TRANSLATION ACCESS:      30443  HIT:      30279  MISS:        164  HIT %:    99.4613  MISS %:   0.538712   MPKI: 0.00082
PSCL2 PREFETCH  REQUESTED:          0  ISSUED:          0  USEFUL:          0  USELESS:          0
PSCL2 USEFUL LOAD PREFETCHES:          0 PREFETCH ISSUED TO LOWER LEVEL:          0  ACCURACY: -nan
PSCL2 TIMELY PREFETCHES:          0 LATE PREFETCHES: 0 DROPPED PREFETCHES: 0
PSCL2 PREFETCHES SAME FILL-ORIGIN LEVEL: 0 DIFFERENT FILL-ORIGIN LEVEL: 0

LLC TOTAL     ACCESS:    3742832  HIT:     854642  MISS:    2888190  HIT %:    22.8341  MISS %:    77.1659   MPKI: 14.441
LLC LOAD      ACCESS:     364919  HIT:      92413  MISS:     272506  HIT %:    25.3243  MISS %:    74.6757   MPKI: 1.36253
LLC RFO       ACCESS:     399721  HIT:      65681  MISS:     334040  HIT %:    16.4317  MISS %:    83.5683   MPKI: 1.6702
LLC PREFETCH  ACCESS:    2023637  HIT:     304877  MISS:    1718760  HIT %:    15.0658  MISS %:    84.9342   MPKI: 8.5938
AGUS PREFETCH L1 MISS: 0
LLC WRITEBACK ACCESS:     949618  HIT:     390451  MISS:     559167  HIT %:    41.1166  MISS %:    58.8834   MPKI: 2.79583
LLC LOAD TRANSLATION ACCESS:       4937  HIT:       1220  MISS:       3717  HIT %:    24.7114  MISS %:    75.2886   MPKI: 0.018585
LLC PREFETCH  REQUESTED:          0  ISSUED:          0  USEFUL:      15134  USELESS:     422626
LLC USEFUL LOAD PREFETCHES:      15134 PREFETCH ISSUED TO LOWER LEVEL:    1718760  ACCURACY: 0.880519
LLC TIMELY PREFETCHES:      15134 LATE PREFETCHES: 0 DROPPED PREFETCHES: 0
LLC PREFETCHES SAME FILL-ORIGIN LEVEL: 0 DIFFERENT FILL-ORIGIN LEVEL: 0
LLC AVERAGE MISS LATENCY:    209.615 cycles AVERAGE LOAD MISS LATENCY:    277.254 cycles Load Miss     272506
LLC Average MSHR Occupancy:    2.95164
LLC RQ	ACCESS:     769577	FORWARD:          0	MERGED:          0	TO_CACHE:     769577
LLC WQ	ACCESS:     949618	FORWARD:          6	MERGED:          0	TO_CACHE:     949618
LLC PQ	ACCESS:    2023643	FORWARD:          0	MERGED:          0	TO_CACHE:    2023637

LLC Dense regions hint to LLC: 0

RAW hits: 689278
Loads Generated: 65966590
Loads sent to L1D: 65277311
Stores Generated: 10000744
Stores sent to L1D: 10000746
Major fault: 0 Minor fault: 10973
Allocated PAGES: 10973
[Bingo] PHT Access: 159968
[Bingo] PHT Hit PC+Addr: 4603
[Bingo] PHT Hit PC+Offs: 102083
[Bingo] PHT Miss: 53282
[Bingo] Prefetch PC+Addr: 0
[Bingo] Prefetch PC+Offs: 0
[Bingo] Useful PC+Addr: 0
[Bingo] Useful PC+Offs: 0
[Bingo] Useless PC+Addr: 0
[Bingo] Useless PC+Offs: 0
[Bingo] L1 Prefetch per Region: 0
[Bingo] L2 Prefetch per Region: 25.1913
[Bingo] L3 Prefetch per Region: 0
[Bingo] No Prefetch per Region: 6.80865
[Bingo] Number of Voters Mean: 12.5687
[Bingo] Number of Voters SD: 12.9712
PHT read accesses: 2282211
PHT write accesses: 104362
AT read accesses: 3462439
AT write accesses: 3558149
FT read accesses: 321736
FT write accesses: 159968
PS read accesses: 452852
PS write accesses: 106686
PHT tag read accesses: 5743731
PHT tag write accesses: 108965
AT tag read accesses: 107545477
AT tag write accesses: 3566801
FT tag read accesses: 54341245
FT tag write accesses: 373817
PS tag read accesses: 61623817
PS tag write accesses: 553677
================ Mockingjay (LLC) Pollution Stats ================
Total pollution count in LLC: 45746
==================================================================

DRAM Statistics
 CHANNEL 0
 RQ ROW_BUFFER_HIT:    1251615  ROW_BUFFER_MISS:    1077322
 DBUS_CONGESTED:        558
 WQ ROW_BUFFER_HIT:     205212  ROW_BUFFER_MISS:     631568  FULL:      93797

 AVG_CONGESTED_CYCLE: 4
 All warmup complete: 2
Channel 0 Bank busy for read cycles: 0
Channel 0 Bank busy for write cycles: 0
Channel 0
Rank 0
0banks busy for read cycles: 122253598
0banks busy for write cycles: 59878
1banks busy for read cycles: 14623761
1banks busy for write cycles: 7162442
2banks busy for read cycles: 6195664
2banks busy for write cycles: 2863297
3banks busy for read cycles: 3737860
3banks busy for write cycles: 1892086
4banks busy for read cycles: 2874038
4banks busy for write cycles: 1564991
5banks busy for read cycles: 2711398
5banks busy for write cycles: 1434785
6banks busy for read cycles: 2836262
6banks busy for write cycles: 1449167
7banks busy for read cycles: 4321060
7banks busy for write cycles: 2411436
8banks busy for read cycles: 14976290
8banks busy for write cycles: 10951984

CPU 0 Branch Prediction Accuracy: 99.7163% MPKI: 0.125435 Average ROB Occupancy at Mispredict: 199.176
Branch types
NOT_BRANCH: 191157696 95.5788%
BRANCH_DIRECT_JUMP: 28260 0.01413%
BRANCH_INDIRECT: 10 5e-06%
BRANCH_CONDITIONAL: 8743476 4.37174%
BRANCH_DIRECT_CALL: 34997 0.0174985%
BRANCH_INDIRECT_CALL: 0 0%
BRANCH_RETURN: 34997 0.0174985%
BRANCH_OTHER: 0 0%

===================== LRU L1D STATS =====================
Total pollution count in L1D: 0
=========================================================
================ SRRIP (L2C) Pollution Stats ================
Total pollution count in L2c: 575049
==================================================================
DRAM PAGES: 1048576
Allocated PAGES: 10973
