
*** ChampSim Multicore Out-of-Order Simulator ***

Warmup Instructions: 200000000
Simulation Instructions: 200000000
Number of CPUs: 1
LLC sets: 4096
LLC ways: 12
Off-chip DRAM Size: 4096 MB Channels: 1 Width: 64-bit Data Rate: 6400 MT/s
CPU 0 runs ./tracer/traces/627.cam4_s-490B.champsimtrace.xz
.xz
BTB has LRU replacement policy
ITLB has LRU replacement policy
DTLB has LRU replacement policy
STLB has LRU replacement policy
L1I has LRU replacement policy
L1D has LRU replacement policy
Bingo PHT WAYS: 16 and PHT_SIZE: 16384
Initialize SRRIP state for L2C
Initialize Mockingjay state for LLC
Heartbeat CPU 0 instructions: 10000004 cycles: 2401019 heartbeat IPC: 4.1649 cumulative IPC: 4.1649 (Simulation time: 0 hr 0 min 14 sec) 
Heartbeat CPU 0 instructions: 20000005 cycles: 4660082 heartbeat IPC: 4.42661 cumulative IPC: 4.29177 (Simulation time: 0 hr 0 min 28 sec) 
Heartbeat CPU 0 instructions: 30000000 cycles: 7018681 heartbeat IPC: 4.2398 cumulative IPC: 4.27431 (Simulation time: 0 hr 0 min 42 sec) 
Heartbeat CPU 0 instructions: 40000000 cycles: 9365717 heartbeat IPC: 4.26069 cumulative IPC: 4.2709 (Simulation time: 0 hr 0 min 56 sec) 
Heartbeat CPU 0 instructions: 50000003 cycles: 11743400 heartbeat IPC: 4.20578 cumulative IPC: 4.25771 (Simulation time: 0 hr 1 min 11 sec) 
Heartbeat CPU 0 instructions: 60000004 cycles: 14109871 heartbeat IPC: 4.2257 cumulative IPC: 4.25234 (Simulation time: 0 hr 1 min 26 sec) 
Heartbeat CPU 0 instructions: 70000003 cycles: 16403200 heartbeat IPC: 4.36047 cumulative IPC: 4.26746 (Simulation time: 0 hr 1 min 40 sec) 
Heartbeat CPU 0 instructions: 80000005 cycles: 18765152 heartbeat IPC: 4.23379 cumulative IPC: 4.26322 (Simulation time: 0 hr 1 min 56 sec) 
Heartbeat CPU 0 instructions: 90000000 cycles: 21117996 heartbeat IPC: 4.25017 cumulative IPC: 4.26177 (Simulation time: 0 hr 2 min 10 sec) 
Heartbeat CPU 0 instructions: 100000000 cycles: 23473191 heartbeat IPC: 4.24593 cumulative IPC: 4.26018 (Simulation time: 0 hr 2 min 26 sec) 
Heartbeat CPU 0 instructions: 110000000 cycles: 25853789 heartbeat IPC: 4.20063 cumulative IPC: 4.2547 (Simulation time: 0 hr 2 min 40 sec) 
Heartbeat CPU 0 instructions: 120000006 cycles: 28189193 heartbeat IPC: 4.28192 cumulative IPC: 4.25695 (Simulation time: 0 hr 2 min 55 sec) 
Heartbeat CPU 0 instructions: 130000003 cycles: 30479223 heartbeat IPC: 4.36675 cumulative IPC: 4.2652 (Simulation time: 0 hr 3 min 10 sec) 
Heartbeat CPU 0 instructions: 140000000 cycles: 32835988 heartbeat IPC: 4.2431 cumulative IPC: 4.26361 (Simulation time: 0 hr 3 min 25 sec) 
Heartbeat CPU 0 instructions: 150000002 cycles: 35267743 heartbeat IPC: 4.11226 cumulative IPC: 4.25318 (Simulation time: 0 hr 3 min 39 sec) 
Heartbeat CPU 0 instructions: 160000000 cycles: 37637431 heartbeat IPC: 4.21996 cumulative IPC: 4.25109 (Simulation time: 0 hr 3 min 54 sec) 
Heartbeat CPU 0 instructions: 170000005 cycles: 39964556 heartbeat IPC: 4.29715 cumulative IPC: 4.25377 (Simulation time: 0 hr 4 min 9 sec) 
Heartbeat CPU 0 instructions: 180000000 cycles: 42262222 heartbeat IPC: 4.35224 cumulative IPC: 4.25912 (Simulation time: 0 hr 4 min 23 sec) 
Heartbeat CPU 0 instructions: 190000005 cycles: 44605306 heartbeat IPC: 4.26788 cumulative IPC: 4.25958 (Simulation time: 0 hr 4 min 39 sec) 
Heartbeat CPU 0 instructions: 200000003 cycles: 46990880 heartbeat IPC: 4.19186 cumulative IPC: 4.25615 (Simulation time: 0 hr 4 min 52 sec) 

Warmup complete CPU 0 instructions: 200000003 cycles: 46990880 (Simulation time: 0 hr 4 min 52 sec) 

Heartbeat CPU 0 instructions: 210000003 cycles: 62316334 heartbeat IPC: 0.652509 cumulative IPC: 0.652509 (Simulation time: 0 hr 5 min 14 sec) 
Heartbeat CPU 0 instructions: 220000007 cycles: 77292465 heartbeat IPC: 0.667729 cumulative IPC: 0.660032 (Simulation time: 0 hr 5 min 36 sec) 
Heartbeat CPU 0 instructions: 230000006 cycles: 92732837 heartbeat IPC: 0.647653 cumulative IPC: 0.655853 (Simulation time: 0 hr 5 min 59 sec) 
Heartbeat CPU 0 instructions: 240000000 cycles: 108171641 heartbeat IPC: 0.647718 cumulative IPC: 0.6538 (Simulation time: 0 hr 6 min 21 sec) 
Heartbeat CPU 0 instructions: 250000000 cycles: 123700413 heartbeat IPC: 0.643966 cumulative IPC: 0.651809 (Simulation time: 0 hr 6 min 43 sec) 
Heartbeat CPU 0 instructions: 260000007 cycles: 139220433 heartbeat IPC: 0.644329 cumulative IPC: 0.650551 (Simulation time: 0 hr 7 min 4 sec) 
Heartbeat CPU 0 instructions: 270000000 cycles: 154456699 heartbeat IPC: 0.656328 cumulative IPC: 0.65137 (Simulation time: 0 hr 7 min 26 sec) 
Heartbeat CPU 0 instructions: 280000000 cycles: 169879275 heartbeat IPC: 0.6484 cumulative IPC: 0.650997 (Simulation time: 0 hr 7 min 48 sec) 
Heartbeat CPU 0 instructions: 290000003 cycles: 185561772 heartbeat IPC: 0.637654 cumulative IPC: 0.649487 (Simulation time: 0 hr 8 min 10 sec) 
Heartbeat CPU 0 instructions: 300000000 cycles: 201099831 heartbeat IPC: 0.643581 cumulative IPC: 0.648892 (Simulation time: 0 hr 8 min 31 sec) 
Heartbeat CPU 0 instructions: 310000003 cycles: 216672387 heartbeat IPC: 0.642156 cumulative IPC: 0.648273 (Simulation time: 0 hr 8 min 53 sec) 
Heartbeat CPU 0 instructions: 320000001 cycles: 232598388 heartbeat IPC: 0.627904 cumulative IPC: 0.646526 (Simulation time: 0 hr 9 min 16 sec) 
Heartbeat CPU 0 instructions: 330000003 cycles: 247589516 heartbeat IPC: 0.667061 cumulative IPC: 0.64806 (Simulation time: 0 hr 9 min 37 sec) 
Heartbeat CPU 0 instructions: 340000002 cycles: 263254310 heartbeat IPC: 0.638374 cumulative IPC: 0.647359 (Simulation time: 0 hr 9 min 59 sec) 
Heartbeat CPU 0 instructions: 350000000 cycles: 279117002 heartbeat IPC: 0.63041 cumulative IPC: 0.6462 (Simulation time: 0 hr 10 min 21 sec) 
Heartbeat CPU 0 instructions: 360000000 cycles: 294840259 heartbeat IPC: 0.636001 cumulative IPC: 0.645553 (Simulation time: 0 hr 10 min 46 sec) 
Heartbeat CPU 0 instructions: 370000001 cycles: 310411160 heartbeat IPC: 0.642224 cumulative IPC: 0.645357 (Simulation time: 0 hr 11 min 11 sec) 
Heartbeat CPU 0 instructions: 380000001 cycles: 325466590 heartbeat IPC: 0.664212 cumulative IPC: 0.646376 (Simulation time: 0 hr 11 min 35 sec) 
Heartbeat CPU 0 instructions: 390000000 cycles: 353689105 heartbeat IPC: 0.354327 cumulative IPC: 0.619501 (Simulation time: 0 hr 12 min 22 sec) 
Heartbeat CPU 0 instructions: 400000002 cycles: 363377062 heartbeat IPC: 1.03221 cumulative IPC: 0.632139 (Simulation time: 0 hr 13 min 14 sec) 
Finished CPU 0 instructions: 200000005 cycles: 316386187 cumulative IPC: 0.632139 (Simulation time: 0 hr 13 min 14 sec) 

ChampSim completed all CPUs

Region of Interest Statistics

CPU 0 cumulative IPC: 0.632139 instructions: 200000005 cycles: 316386187
ITLB TOTAL     ACCESS:   23068334  HIT:   23068326  MISS:          8  HIT %:        100  MISS %: 3.46796e-05   MPKI: 4e-05
ITLB LOAD TRANSLATION ACCESS:   23068334  HIT:   23068326  MISS:          8  HIT %:        100  MISS %: 3.46796e-05   MPKI: 4e-05
ITLB PREFETCH  REQUESTED:          0  ISSUED:          0  USEFUL:          0  USELESS:          0
ITLB USEFUL LOAD PREFETCHES:          0 PREFETCH ISSUED TO LOWER LEVEL:          0  ACCURACY: -nan
ITLB TIMELY PREFETCHES:          0 LATE PREFETCHES: 0 DROPPED PREFETCHES: 0
ITLB PREFETCHES SAME FILL-ORIGIN LEVEL: 0 DIFFERENT FILL-ORIGIN LEVEL: 0
ITLB AVERAGE MISS LATENCY:    478.625 cycles AVERAGE LOAD MISS LATENCY:       -nan cycles Load Miss          0
ITLB Average MSHR Occupancy: 9.60219e-06
ITLB RQ	ACCESS:   28060357	FORWARD:          0	MERGED:    4992020	TO_CACHE:   23068337

DTLB TOTAL     ACCESS:   34079298  HIT:   34014725  MISS:      64573  HIT %:    99.8105  MISS %:   0.189479   MPKI: 0.322865
DTLB LOAD TRANSLATION ACCESS:   34079298  HIT:   34014725  MISS:      64573  HIT %:    99.8105  MISS %:   0.189479   MPKI: 0.322865
DTLB PREFETCH  REQUESTED:          0  ISSUED:          0  USEFUL:          0  USELESS:          0
DTLB USEFUL LOAD PREFETCHES:          0 PREFETCH ISSUED TO LOWER LEVEL:          0  ACCURACY: -nan
DTLB TIMELY PREFETCHES:          0 LATE PREFETCHES: 0 DROPPED PREFETCHES: 0
DTLB PREFETCHES SAME FILL-ORIGIN LEVEL: 0 DIFFERENT FILL-ORIGIN LEVEL: 0
DTLB AVERAGE MISS LATENCY:    22.2428 cycles AVERAGE LOAD MISS LATENCY:       -nan cycles Load Miss          0
DTLB Average MSHR Occupancy: 0.00279967
DTLB RQ	ACCESS:   39101221	FORWARD:          0	MERGED:    5006261	TO_CACHE:   34094960

STLB TOTAL     ACCESS:      64581  HIT:      58232  MISS:       6349  HIT %:    90.1689  MISS %:    9.83106   MPKI: 0.031745
STLB LOAD TRANSLATION ACCESS:      64581  HIT:      58232  MISS:       6349  HIT %:    90.1689  MISS %:    9.83106   MPKI: 0.031745
STLB PREFETCH  REQUESTED:          0  ISSUED:          0  USEFUL:          0  USELESS:          0
STLB USEFUL LOAD PREFETCHES:          0 PREFETCH ISSUED TO LOWER LEVEL:          0  ACCURACY: -nan
STLB TIMELY PREFETCHES:          0 LATE PREFETCHES: 0 DROPPED PREFETCHES: 0
STLB PREFETCHES SAME FILL-ORIGIN LEVEL: 0 DIFFERENT FILL-ORIGIN LEVEL: 0
STLB AVERAGE MISS LATENCY:    135.076 cycles AVERAGE LOAD MISS LATENCY:       -nan cycles Load Miss          0
STLB Average MSHR Occupancy: 0.00113934
STLB RQ	ACCESS:      64581	FORWARD:          0	MERGED:          0	TO_CACHE:      64581

STLB Hit, L1D data hit: 0
STLB Hit, L2C data hit: 0
STLB Hit, LLC data hit: 0
STLB Hit, LLC data miss: 0
STLB STLB hints to L2: 0
L1D TOTAL     ACCESS:   36532884  HIT:   32878234  MISS:    3654650  HIT %:    89.9963  MISS %:    10.0037   MPKI: 18.2732
L1D LOAD      ACCESS:   24538174  HIT:   22037437  MISS:    2500737  HIT %:    89.8088  MISS %:    10.1912   MPKI: 12.5037
L1D RFO       ACCESS:   11994710  HIT:   10840797  MISS:    1153913  HIT %:    90.3798  MISS %:    9.62018   MPKI: 5.76956
L1D PREFETCH  REQUESTED:          0  ISSUED:          0  USEFUL:          0  USELESS:          0
L1D USEFUL LOAD PREFETCHES:          0 PREFETCH ISSUED TO LOWER LEVEL:          0  ACCURACY: -nan
L1D TIMELY PREFETCHES:          0 LATE PREFETCHES: 0 DROPPED PREFETCHES: 0
L1D PREFETCHES SAME FILL-ORIGIN LEVEL: 0 DIFFERENT FILL-ORIGIN LEVEL: 0
L1D AVERAGE MISS LATENCY:    32.7674 cycles AVERAGE LOAD MISS LATENCY:    19.0318 cycles Load Miss    2500737
L1D Average MSHR Occupancy:   0.380081
L1D RQ	ACCESS:   32838178	FORWARD:          0	MERGED:    7877584	TO_CACHE:   24952973
L1D WQ	ACCESS:   14396398	FORWARD:       7621	MERGED:     248150	TO_CACHE:   14148248

L1D UNIQUE REGIONS ACCESSED: 0
L1D REGIONS CONFLICTS: 0
L1D Cross Page Prefetch Requests: 0
L1D Same Page Prefetch Requests: 0
L1D ROI Sum of L1D PQ occupancy: 0
L1D PREFETCHES PUSHED FROM L2C: 0
L1I TOTAL     ACCESS:   27448521  HIT:   12667627  MISS:   14780894  HIT %:    46.1505  MISS %:    53.8495   MPKI: 73.9045
L1I LOAD      ACCESS:   27448521  HIT:   12667627  MISS:   14780894  HIT %:    46.1505  MISS %:    53.8495   MPKI: 73.9045
L1I PREFETCH  REQUESTED:          0  ISSUED:          0  USEFUL:          0  USELESS:          0
L1I USEFUL LOAD PREFETCHES:          0 PREFETCH ISSUED TO LOWER LEVEL:          0  ACCURACY: -nan
L1I TIMELY PREFETCHES:          0 LATE PREFETCHES: 0 DROPPED PREFETCHES: 0
L1I PREFETCHES SAME FILL-ORIGIN LEVEL: 0 DIFFERENT FILL-ORIGIN LEVEL: 0
L1I AVERAGE MISS LATENCY:    14.0521 cycles AVERAGE LOAD MISS LATENCY:    14.0521 cycles Load Miss   14780894
L1I Average MSHR Occupancy:   0.620633
L1I RQ	ACCESS:   45726624	FORWARD:          0	MERGED:   17666267	TO_CACHE:   28060357

BTB TOTAL     ACCESS:   18173729  HIT:   18159367  MISS:      14362  HIT %:     99.921  MISS %:  0.0790262   MPKI: 0.07181
BTB BRANCH_DIRECT_JUMP	ACCESS:     671839  HIT:     671800  MISS:         39
BTB BRANCH_INDIRECT	ACCESS:       3312  HIT:       3311  MISS:          1
BTB BRANCH_CONDITIONAL	ACCESS:   17208622  HIT:   17208341  MISS:        281
BTB BRANCH_DIRECT_CALL	ACCESS:     144978  HIT:     144847  MISS:        131
BTB BRANCH_INDIRECT_CALL	ACCESS:          0  HIT:          0  MISS:          0
BTB BRANCH_RETURN	ACCESS:     144978  HIT:     131068  MISS:      13910
BTB BRANCH_OTHER ACCESS:          0  HIT:          0  MISS:          0

L2C TOTAL     ACCESS:   22041408  HIT:   20963939  MISS:    1077469  HIT %:    95.1116  MISS %:    4.88839   MPKI: 5.38734
L2C LOAD      ACCESS:   17281630  HIT:   17206748  MISS:      74882  HIT %:    99.5667  MISS %:   0.433304   MPKI: 0.37441
L2C DATA LOAD MPKI: 0.3349
L2C INSTRUCTION LOAD MPKI: 0.03951
L2C RFO       ACCESS:    1153913  HIT:     593727  MISS:     560186  HIT %:    51.4534  MISS %:    48.5466   MPKI: 2.80093
L2C PREFETCH  ACCESS:    2016991  HIT:    1578146  MISS:     438845  HIT %:    78.2426  MISS %:    21.7574   MPKI: 2.19422
AGUS PREFETCH L1 MISS: 0
L2C DATA PREFETCH MPKI: 2.19422
L2C INSTRUCTION PREFETCH MPKI: 0
L2C WRITEBACK ACCESS:    1582518  HIT:    1580042  MISS:       2476  HIT %:    99.8435  MISS %:    0.15646   MPKI: 0.01238
L2C LOAD TRANSLATION ACCESS:       6356  HIT:       5276  MISS:       1080  HIT %:    83.0082  MISS %:    16.9918   MPKI: 0.0054
L2C PREFETCH  REQUESTED:    2033286  ISSUED:    2033286  USEFUL:     428041  USELESS:      10111
L2C USEFUL LOAD PREFETCHES:     428041 PREFETCH ISSUED TO LOWER LEVEL:     452849  ACCURACY: 94.5218
L2C TIMELY PREFETCHES:     428041 LATE PREFETCHES: 14004 DROPPED PREFETCHES: 0
L2C PREFETCHES SAME FILL-ORIGIN LEVEL: 452849 DIFFERENT FILL-ORIGIN LEVEL: 0
L2C AVERAGE MISS LATENCY:    130.978 cycles AVERAGE LOAD MISS LATENCY:    138.361 cycles Load Miss      74882
L2C Average MSHR Occupancy:   0.445459
L2C RQ	ACCESS:   18441899	FORWARD:          0	MERGED:          0	TO_CACHE:   18441899
L2C WQ	ACCESS:    1582518	FORWARD:          0	MERGED:          0	TO_CACHE:    1582518
L2C PQ	ACCESS:    2033286	FORWARD:          0	MERGED:          0	TO_CACHE:    2033286

L2C Instructions Evicting Data 7869
L2C Translations Evicting Data 1071
L2C Data Evicting Data 1057060
L2C Instructions Evicting Instructions 27
L2C Translations Evicting Instructions 8
L2C Data Evicting Instructions 8024
L2C Instructions Evicting Translations 6
L2C Translations Evicting Translations 1
L2C Data Evicting Translations 927
L2C Dense regions hint from L2: 0
PSCL5 TOTAL     ACCESS:       6349  HIT:       6349  MISS:          0  HIT %:        100  MISS %:          0   MPKI: 0
PSCL5 LOAD TRANSLATION ACCESS:       6349  HIT:       6349  MISS:          0  HIT %:        100  MISS %:          0   MPKI: 0
PSCL5 PREFETCH  REQUESTED:          0  ISSUED:          0  USEFUL:          0  USELESS:          0
PSCL5 USEFUL LOAD PREFETCHES:          0 PREFETCH ISSUED TO LOWER LEVEL:          0  ACCURACY: -nan
PSCL5 TIMELY PREFETCHES:          0 LATE PREFETCHES: 0 DROPPED PREFETCHES: 0
PSCL5 PREFETCHES SAME FILL-ORIGIN LEVEL: 0 DIFFERENT FILL-ORIGIN LEVEL: 0

PSCL4 TOTAL     ACCESS:       6349  HIT:       6348  MISS:          1  HIT %:    99.9842  MISS %:  0.0157505   MPKI: 5e-06
PSCL4 LOAD TRANSLATION ACCESS:       6349  HIT:       6348  MISS:          1  HIT %:    99.9842  MISS %:  0.0157505   MPKI: 5e-06
PSCL4 PREFETCH  REQUESTED:          0  ISSUED:          0  USEFUL:          0  USELESS:          0
PSCL4 USEFUL LOAD PREFETCHES:          0 PREFETCH ISSUED TO LOWER LEVEL:          0  ACCURACY: -nan
PSCL4 TIMELY PREFETCHES:          0 LATE PREFETCHES: 0 DROPPED PREFETCHES: 0
PSCL4 PREFETCHES SAME FILL-ORIGIN LEVEL: 0 DIFFERENT FILL-ORIGIN LEVEL: 0

PSCL3 TOTAL     ACCESS:       6349  HIT:       6348  MISS:          1  HIT %:    99.9842  MISS %:  0.0157505   MPKI: 5e-06
PSCL3 LOAD TRANSLATION ACCESS:       6349  HIT:       6348  MISS:          1  HIT %:    99.9842  MISS %:  0.0157505   MPKI: 5e-06
PSCL3 PREFETCH  REQUESTED:          0  ISSUED:          0  USEFUL:          0  USELESS:          0
PSCL3 USEFUL LOAD PREFETCHES:          0 PREFETCH ISSUED TO LOWER LEVEL:          0  ACCURACY: -nan
PSCL3 TIMELY PREFETCHES:          0 LATE PREFETCHES: 0 DROPPED PREFETCHES: 0
PSCL3 PREFETCHES SAME FILL-ORIGIN LEVEL: 0 DIFFERENT FILL-ORIGIN LEVEL: 0

PSCL2 TOTAL     ACCESS:       6349  HIT:       6327  MISS:         22  HIT %:    99.6535  MISS %:   0.346511   MPKI: 0.00011
PSCL2 LOAD TRANSLATION ACCESS:       6349  HIT:       6327  MISS:         22  HIT %:    99.6535  MISS %:   0.346511   MPKI: 0.00011
PSCL2 PREFETCH  REQUESTED:          0  ISSUED:          0  USEFUL:          0  USELESS:          0
PSCL2 USEFUL LOAD PREFETCHES:          0 PREFETCH ISSUED TO LOWER LEVEL:          0  ACCURACY: -nan
PSCL2 TIMELY PREFETCHES:          0 LATE PREFETCHES: 0 DROPPED PREFETCHES: 0
PSCL2 PREFETCHES SAME FILL-ORIGIN LEVEL: 0 DIFFERENT FILL-ORIGIN LEVEL: 0

LLC TOTAL     ACCESS:    1813262  HIT:    1128158  MISS:     685104  HIT %:     62.217  MISS %:     37.783   MPKI: 3.42552
LLC LOAD      ACCESS:      60887  HIT:      30752  MISS:      30135  HIT %:    50.5067  MISS %:    49.4933   MPKI: 0.150675
LLC RFO       ACCESS:     560177  HIT:     419477  MISS:     140700  HIT %:    74.8829  MISS %:    25.1171   MPKI: 0.7035
LLC PREFETCH  ACCESS:     452839  HIT:     156735  MISS:     296104  HIT %:    34.6116  MISS %:    65.3884   MPKI: 1.48052
AGUS PREFETCH L1 MISS: 0
LLC WRITEBACK ACCESS:     738279  HIT:     521096  MISS:     217183  HIT %:    70.5825  MISS %:    29.4175   MPKI: 1.08591
LLC LOAD TRANSLATION ACCESS:       1080  HIT:         98  MISS:        982  HIT %:    9.07407  MISS %:    90.9259   MPKI: 0.00491
LLC PREFETCH  REQUESTED:          0  ISSUED:          0  USEFUL:       2463  USELESS:      10723
LLC USEFUL LOAD PREFETCHES:       2463 PREFETCH ISSUED TO LOWER LEVEL:     296104  ACCURACY: 0.831802
LLC TIMELY PREFETCHES:       2463 LATE PREFETCHES: 0 DROPPED PREFETCHES: 0
LLC PREFETCHES SAME FILL-ORIGIN LEVEL: 0 DIFFERENT FILL-ORIGIN LEVEL: 0
LLC AVERAGE MISS LATENCY:    136.572 cycles AVERAGE LOAD MISS LATENCY:    192.889 cycles Load Miss      30135
LLC Average MSHR Occupancy:   0.294254
LLC RQ	ACCESS:     622144	FORWARD:          0	MERGED:          0	TO_CACHE:     622144
LLC WQ	ACCESS:     738279	FORWARD:         10	MERGED:          0	TO_CACHE:     738279
LLC PQ	ACCESS:     452849	FORWARD:          0	MERGED:          0	TO_CACHE:     452839

LLC Dense regions hint to LLC: 0

RAW hits: 684526
Loads Generated: 33522708
Loads sent to L1D: 32838178
Stores Generated: 14396399
Stores sent to L1D: 14396398
Major fault: 0 Minor fault: 9051
Allocated PAGES: 9051
[Bingo] PHT Access: 74148
[Bingo] PHT Hit PC+Addr: 12105
[Bingo] PHT Hit PC+Offs: 56817
[Bingo] PHT Miss: 5226
[Bingo] Prefetch PC+Addr: 0
[Bingo] Prefetch PC+Offs: 0
[Bingo] Useful PC+Addr: 0
[Bingo] Useful PC+Offs: 0
[Bingo] Useless PC+Addr: 0
[Bingo] Useless PC+Offs: 0
[Bingo] L1 Prefetch per Region: 0
[Bingo] L2 Prefetch per Region: 30.5597
[Bingo] L3 Prefetch per Region: 0
[Bingo] No Prefetch per Region: 1.44034
[Bingo] Number of Voters Mean: 15.0804
[Bingo] Number of Voters SD: 15.2052
PHT read accesses: 1042324
PHT write accesses: 73125
AT read accesses: 2427168
AT write accesses: 2497440
FT read accesses: 224959
FT write accesses: 74148
PS read accesses: 227320
PS write accesses: 68922
PHT tag read accesses: 3288537
PHT tag write accesses: 85230
AT tag read accesses: 60740346
AT tag write accesses: 2500298
FT tag read accesses: 22306206
FT tag write accesses: 223698
PS tag read accesses: 42349247
PS tag write accesses: 296132
================ Mockingjay (LLC) Pollution Stats ================
Total pollution count in LLC: 2322
==================================================================

DRAM Statistics
 CHANNEL 0
 RQ ROW_BUFFER_HIT:     253259  ROW_BUFFER_MISS:     214651
 DBUS_CONGESTED:        624
 WQ ROW_BUFFER_HIT:      74761  ROW_BUFFER_MISS:     202421  FULL:      14092

 AVG_CONGESTED_CYCLE: 5
 All warmup complete: 2
Channel 0 Bank busy for read cycles: 0
Channel 0 Bank busy for write cycles: 0
Channel 0
Rank 0
0banks busy for read cycles: 283661567
0banks busy for write cycles: 65895
1banks busy for read cycles: 12002453
1banks busy for write cycles: 7882939
2banks busy for read cycles: 1998507
2banks busy for write cycles: 1025247
3banks busy for read cycles: 841030
3banks busy for write cycles: 496932
4banks busy for read cycles: 403044
4banks busy for write cycles: 324617
5banks busy for read cycles: 365450
5banks busy for write cycles: 255180
6banks busy for read cycles: 227182
6banks busy for write cycles: 238946
7banks busy for read cycles: 586910
7banks busy for write cycles: 437331
8banks busy for read cycles: 2248591
8banks busy for write cycles: 3324367

CPU 0 Branch Prediction Accuracy: 94.4529% MPKI: 5.25733 Average ROB Occupancy at Mispredict: 12.1112
Branch types
NOT_BRANCH: 181045369 90.5227%
BRANCH_DIRECT_JUMP: 671839 0.335919%
BRANCH_INDIRECT: 3312 0.001656%
BRANCH_CONDITIONAL: 17990116 8.99506%
BRANCH_DIRECT_CALL: 144978 0.072489%
BRANCH_INDIRECT_CALL: 0 0%
BRANCH_RETURN: 144978 0.072489%
BRANCH_OTHER: 0 0%

===================== LRU L1D STATS =====================
Total pollution count in L1D: 0
=========================================================
================ SRRIP (L2C) Pollution Stats ================
Total pollution count in L2c: 133690
==================================================================
DRAM PAGES: 1048576
Allocated PAGES: 9051
