
*** ChampSim Multicore Out-of-Order Simulator ***

Warmup Instructions: 200000000
Simulation Instructions: 200000000
Number of CPUs: 1
LLC sets: 4096
LLC ways: 12
Off-chip DRAM Size: 4096 MB Channels: 1 Width: 64-bit Data Rate: 6400 MT/s
CPU 0 runs ./tracer/traces/649.fotonik3d_s-10881B.champsimtrace.xz
.xz
BTB has LRU replacement policy
ITLB has LRU replacement policy
DTLB has LRU replacement policy
STLB has LRU replacement policy
L1I has LRU replacement policy
L1D has LRU replacement policy
Bingo PHT WAYS: 16 and PHT_SIZE: 16384
Initialize SRRIP state for L2C
Initialize Mockingjay state for LLC
Heartbeat CPU 0 instructions: 10000007 cycles: 4430735 heartbeat IPC: 2.25696 cumulative IPC: 2.25696 (Simulation time: 0 hr 0 min 49 sec) 
Heartbeat CPU 0 instructions: 20000000 cycles: 8843796 heartbeat IPC: 2.266 cumulative IPC: 2.26147 (Simulation time: 0 hr 1 min 43 sec) 
Heartbeat CPU 0 instructions: 30000000 cycles: 13246811 heartbeat IPC: 2.27117 cumulative IPC: 2.2647 (Simulation time: 0 hr 2 min 37 sec) 
Heartbeat CPU 0 instructions: 40000000 cycles: 17689051 heartbeat IPC: 2.25112 cumulative IPC: 2.26129 (Simulation time: 0 hr 3 min 31 sec) 
Heartbeat CPU 0 instructions: 50000002 cycles: 22128924 heartbeat IPC: 2.25232 cumulative IPC: 2.25949 (Simulation time: 0 hr 4 min 26 sec) 
Heartbeat CPU 0 instructions: 60000003 cycles: 26549274 heartbeat IPC: 2.26226 cumulative IPC: 2.25995 (Simulation time: 0 hr 5 min 22 sec) 
Heartbeat CPU 0 instructions: 70000005 cycles: 30978839 heartbeat IPC: 2.25756 cumulative IPC: 2.25961 (Simulation time: 0 hr 6 min 17 sec) 
Heartbeat CPU 0 instructions: 80000000 cycles: 35445662 heartbeat IPC: 2.23873 cumulative IPC: 2.25698 (Simulation time: 0 hr 7 min 12 sec) 
Heartbeat CPU 0 instructions: 90000000 cycles: 39893494 heartbeat IPC: 2.24829 cumulative IPC: 2.25601 (Simulation time: 0 hr 8 min 7 sec) 
Heartbeat CPU 0 instructions: 100000006 cycles: 44312131 heartbeat IPC: 2.26314 cumulative IPC: 2.25672 (Simulation time: 0 hr 9 min 1 sec) 
Heartbeat CPU 0 instructions: 110000006 cycles: 48735540 heartbeat IPC: 2.2607 cumulative IPC: 2.25708 (Simulation time: 0 hr 9 min 54 sec) 
Heartbeat CPU 0 instructions: 120000001 cycles: 53181830 heartbeat IPC: 2.24906 cumulative IPC: 2.25641 (Simulation time: 0 hr 10 min 52 sec) 
Heartbeat CPU 0 instructions: 130000003 cycles: 57603049 heartbeat IPC: 2.26182 cumulative IPC: 2.25682 (Simulation time: 0 hr 12 min 0 sec) 
Heartbeat CPU 0 instructions: 140000003 cycles: 62019432 heartbeat IPC: 2.2643 cumulative IPC: 2.25736 (Simulation time: 0 hr 13 min 22 sec) 
Heartbeat CPU 0 instructions: 150000004 cycles: 66435799 heartbeat IPC: 2.2643 cumulative IPC: 2.25782 (Simulation time: 0 hr 14 min 30 sec) 
Heartbeat CPU 0 instructions: 160000002 cycles: 70876088 heartbeat IPC: 2.25211 cumulative IPC: 2.25746 (Simulation time: 0 hr 15 min 28 sec) 
Heartbeat CPU 0 instructions: 170000004 cycles: 75291501 heartbeat IPC: 2.26479 cumulative IPC: 2.25789 (Simulation time: 0 hr 16 min 25 sec) 
Heartbeat CPU 0 instructions: 180000000 cycles: 79733109 heartbeat IPC: 2.25144 cumulative IPC: 2.25753 (Simulation time: 0 hr 17 min 23 sec) 
Heartbeat CPU 0 instructions: 190000007 cycles: 84176353 heartbeat IPC: 2.25061 cumulative IPC: 2.25717 (Simulation time: 0 hr 18 min 21 sec) 
Heartbeat CPU 0 instructions: 200000001 cycles: 88629240 heartbeat IPC: 2.24573 cumulative IPC: 2.25659 (Simulation time: 0 hr 19 min 19 sec) 

Warmup complete CPU 0 instructions: 200000001 cycles: 88629240 (Simulation time: 0 hr 19 min 19 sec) 

Heartbeat CPU 0 instructions: 210000001 cycles: 102034180 heartbeat IPC: 0.745994 cumulative IPC: 0.745994 (Simulation time: 0 hr 20 min 32 sec) 
Heartbeat CPU 0 instructions: 220000005 cycles: 115402257 heartbeat IPC: 0.748051 cumulative IPC: 0.747021 (Simulation time: 0 hr 21 min 45 sec) 
Heartbeat CPU 0 instructions: 230000003 cycles: 128800041 heartbeat IPC: 0.746392 cumulative IPC: 0.746811 (Simulation time: 0 hr 22 min 57 sec) 
Heartbeat CPU 0 instructions: 240000000 cycles: 142178293 heartbeat IPC: 0.747482 cumulative IPC: 0.746979 (Simulation time: 0 hr 24 min 9 sec) 
Heartbeat CPU 0 instructions: 250000000 cycles: 155589924 heartbeat IPC: 0.745621 cumulative IPC: 0.746707 (Simulation time: 0 hr 25 min 21 sec) 
Heartbeat CPU 0 instructions: 260000006 cycles: 168975138 heartbeat IPC: 0.747093 cumulative IPC: 0.746771 (Simulation time: 0 hr 27 min 5 sec) 
Heartbeat CPU 0 instructions: 270000000 cycles: 182330478 heartbeat IPC: 0.748764 cumulative IPC: 0.747055 (Simulation time: 0 hr 28 min 58 sec) 
Heartbeat CPU 0 instructions: 280000007 cycles: 212483824 heartbeat IPC: 0.331638 cumulative IPC: 0.645919 (Simulation time: 0 hr 31 min 31 sec) 
Heartbeat CPU 0 instructions: 290000005 cycles: 244739202 heartbeat IPC: 0.310026 cumulative IPC: 0.576517 (Simulation time: 0 hr 34 min 4 sec) 
Heartbeat CPU 0 instructions: 300000000 cycles: 258120240 heartbeat IPC: 0.747326 cumulative IPC: 0.590002 (Simulation time: 0 hr 35 min 43 sec) 
Heartbeat CPU 0 instructions: 310000006 cycles: 271044191 heartbeat IPC: 0.773758 cumulative IPC: 0.603021 (Simulation time: 0 hr 37 min 22 sec) 
Heartbeat CPU 0 instructions: 320000003 cycles: 283969385 heartbeat IPC: 0.773683 cumulative IPC: 0.614313 (Simulation time: 0 hr 39 min 3 sec) 
Heartbeat CPU 0 instructions: 330000003 cycles: 296510128 heartbeat IPC: 0.797401 cumulative IPC: 0.625358 (Simulation time: 0 hr 40 min 55 sec) 
Heartbeat CPU 0 instructions: 340000002 cycles: 308091218 heartbeat IPC: 0.863477 cumulative IPC: 0.637924 (Simulation time: 0 hr 42 min 17 sec) 
Heartbeat CPU 0 instructions: 350000000 cycles: 319671043 heartbeat IPC: 0.863571 cumulative IPC: 0.649233 (Simulation time: 0 hr 43 min 57 sec) 
Heartbeat CPU 0 instructions: 360000000 cycles: 331277635 heartbeat IPC: 0.861579 cumulative IPC: 0.65939 (Simulation time: 0 hr 45 min 39 sec) 
Heartbeat CPU 0 instructions: 370000000 cycles: 342886062 heartbeat IPC: 0.861443 cumulative IPC: 0.668615 (Simulation time: 0 hr 47 min 26 sec) 
Heartbeat CPU 0 instructions: 380000004 cycles: 354479526 heartbeat IPC: 0.862555 cumulative IPC: 0.677073 (Simulation time: 0 hr 49 min 57 sec) 
Heartbeat CPU 0 instructions: 390000004 cycles: 366071937 heartbeat IPC: 0.862633 cumulative IPC: 0.684826 (Simulation time: 0 hr 52 min 22 sec) 
Heartbeat CPU 0 instructions: 400000003 cycles: 377675899 heartbeat IPC: 0.861775 cumulative IPC: 0.69193 (Simulation time: 0 hr 54 min 32 sec) 
Finished CPU 0 instructions: 200000002 cycles: 289046659 cumulative IPC: 0.69193 (Simulation time: 0 hr 54 min 32 sec) 

ChampSim completed all CPUs

Region of Interest Statistics

CPU 0 cumulative IPC: 0.69193 instructions: 200000002 cycles: 289046659
ITLB TOTAL     ACCESS:   26388271  HIT:   26388269  MISS:          2  HIT %:        100  MISS %: 7.57912e-06   MPKI: 1e-05
ITLB LOAD TRANSLATION ACCESS:   26388271  HIT:   26388269  MISS:          2  HIT %:        100  MISS %: 7.57912e-06   MPKI: 1e-05
ITLB PREFETCH  REQUESTED:          0  ISSUED:          0  USEFUL:          0  USELESS:          0
ITLB USEFUL LOAD PREFETCHES:          0 PREFETCH ISSUED TO LOWER LEVEL:          0  ACCURACY: -nan
ITLB TIMELY PREFETCHES:          0 LATE PREFETCHES: 0 DROPPED PREFETCHES: 0
ITLB PREFETCHES SAME FILL-ORIGIN LEVEL: 0 DIFFERENT FILL-ORIGIN LEVEL: 0
ITLB AVERAGE MISS LATENCY:        795 cycles AVERAGE LOAD MISS LATENCY:       -nan cycles Load Miss          0
ITLB Average MSHR Occupancy: 4.81237e-06
ITLB RQ	ACCESS:   28729593	FORWARD:          0	MERGED:    2341312	TO_CACHE:   26388281

DTLB TOTAL     ACCESS:   82192654  HIT:   80752272  MISS:    1440382  HIT %:    98.2476  MISS %:    1.75245   MPKI: 7.20191
DTLB LOAD TRANSLATION ACCESS:   82192654  HIT:   80752272  MISS:    1440382  HIT %:    98.2476  MISS %:    1.75245   MPKI: 7.20191
DTLB PREFETCH  REQUESTED:          0  ISSUED:          0  USEFUL:          0  USELESS:          0
DTLB USEFUL LOAD PREFETCHES:          0 PREFETCH ISSUED TO LOWER LEVEL:          0  ACCURACY: -nan
DTLB TIMELY PREFETCHES:          0 LATE PREFETCHES: 0 DROPPED PREFETCHES: 0
DTLB PREFETCHES SAME FILL-ORIGIN LEVEL: 0 DIFFERENT FILL-ORIGIN LEVEL: 0
DTLB AVERAGE MISS LATENCY:    145.163 cycles AVERAGE LOAD MISS LATENCY:       -nan cycles Load Miss          0
DTLB Average MSHR Occupancy:   0.493186
DTLB RQ	ACCESS:   91374686	FORWARD:          0	MERGED:    8955748	TO_CACHE:   82418938

STLB TOTAL     ACCESS:    1440384  HIT:     323666  MISS:    1116718  HIT %:    22.4708  MISS %:    77.5292   MPKI: 5.58359
STLB LOAD TRANSLATION ACCESS:    1440384  HIT:     323666  MISS:    1116718  HIT %:    22.4708  MISS %:    77.5292   MPKI: 5.58359
STLB PREFETCH  REQUESTED:          0  ISSUED:          0  USEFUL:          0  USELESS:          0
STLB USEFUL LOAD PREFETCHES:          0 PREFETCH ISSUED TO LOWER LEVEL:          0  ACCURACY: -nan
STLB TIMELY PREFETCHES:          0 LATE PREFETCHES: 0 DROPPED PREFETCHES: 0
STLB PREFETCHES SAME FILL-ORIGIN LEVEL: 0 DIFFERENT FILL-ORIGIN LEVEL: 0
STLB AVERAGE MISS LATENCY:    170.337 cycles AVERAGE LOAD MISS LATENCY:       -nan cycles Load Miss          0
STLB Average MSHR Occupancy:   0.447568
STLB RQ	ACCESS:    1440384	FORWARD:          0	MERGED:          0	TO_CACHE:    1440384

STLB Hit, L1D data hit: 0
STLB Hit, L2C data hit: 0
STLB Hit, LLC data hit: 0
STLB Hit, LLC data miss: 0
STLB STLB hints to L2: 0
L1D TOTAL     ACCESS:   90818640  HIT:   85838115  MISS:    4980525  HIT %:     94.516  MISS %:    5.48403   MPKI: 24.9026
L1D LOAD      ACCESS:   77760574  HIT:   72780056  MISS:    4980518  HIT %:    93.5951  MISS %:    6.40494   MPKI: 24.9026
L1D RFO       ACCESS:   13058066  HIT:   13058059  MISS:          7  HIT %:    99.9999  MISS %: 5.36067e-05   MPKI: 3.5e-05
L1D PREFETCH  REQUESTED:          0  ISSUED:          0  USEFUL:          0  USELESS:          0
L1D USEFUL LOAD PREFETCHES:          0 PREFETCH ISSUED TO LOWER LEVEL:          0  ACCURACY: -nan
L1D TIMELY PREFETCHES:          0 LATE PREFETCHES: 0 DROPPED PREFETCHES: 0
L1D PREFETCHES SAME FILL-ORIGIN LEVEL: 0 DIFFERENT FILL-ORIGIN LEVEL: 0
L1D AVERAGE MISS LATENCY:    119.582 cycles AVERAGE LOAD MISS LATENCY:    119.581 cycles Load Miss    4980518
L1D Average MSHR Occupancy:    1.74939
L1D RQ	ACCESS:  127224090	FORWARD:          0	MERGED:   48800951	TO_CACHE:   78316592
L1D WQ	ACCESS:   13060575	FORWARD:     106547	MERGED:       2481	TO_CACHE:   13058094

L1D UNIQUE REGIONS ACCESSED: 0
L1D REGIONS CONFLICTS: 0
L1D Cross Page Prefetch Requests: 0
L1D Same Page Prefetch Requests: 0
L1D ROI Sum of L1D PQ occupancy: 0
L1D PREFETCHES PUSHED FROM L2C: 0
L1I TOTAL     ACCESS:   26482334  HIT:   17242455  MISS:    9239879  HIT %:    65.1093  MISS %:    34.8907   MPKI: 46.1994
L1I LOAD      ACCESS:   26482334  HIT:   17242455  MISS:    9239879  HIT %:    65.1093  MISS %:    34.8907   MPKI: 46.1994
L1I PREFETCH  REQUESTED:          0  ISSUED:          0  USEFUL:          0  USELESS:          0
L1I USEFUL LOAD PREFETCHES:          0 PREFETCH ISSUED TO LOWER LEVEL:          0  ACCURACY: -nan
L1I TIMELY PREFETCHES:          0 LATE PREFETCHES: 0 DROPPED PREFETCHES: 0
L1I PREFETCHES SAME FILL-ORIGIN LEVEL: 0 DIFFERENT FILL-ORIGIN LEVEL: 0
L1I AVERAGE MISS LATENCY:    17.4536 cycles AVERAGE LOAD MISS LATENCY:    17.4536 cycles Load Miss    9239879
L1I Average MSHR Occupancy:   0.469566
L1I RQ	ACCESS:   55930578	FORWARD:          0	MERGED:   27200985	TO_CACHE:   28729593

BTB TOTAL     ACCESS:    2352616  HIT:    2352603  MISS:         13  HIT %:    99.9994  MISS %: 0.000552576   MPKI: 6.5e-05
BTB BRANCH_DIRECT_JUMP	ACCESS:     152113  HIT:     152110  MISS:          3
BTB BRANCH_INDIRECT	ACCESS:          0  HIT:          0  MISS:          0
BTB BRANCH_CONDITIONAL	ACCESS:    2200503  HIT:    2200493  MISS:         10
BTB BRANCH_DIRECT_CALL	ACCESS:          0  HIT:          0  MISS:          0
BTB BRANCH_INDIRECT_CALL	ACCESS:          0  HIT:          0  MISS:          0
BTB BRANCH_RETURN	ACCESS:          0  HIT:          0  MISS:          0
BTB BRANCH_OTHER ACCESS:          0  HIT:          0  MISS:          0

L2C TOTAL     ACCESS:   20858332  HIT:   15805077  MISS:    5053255  HIT %:    75.7734  MISS %:    24.2266   MPKI: 25.2663
L2C LOAD      ACCESS:   14220396  HIT:   12085579  MISS:    2134817  HIT %:    84.9876  MISS %:    15.0124   MPKI: 10.6741
L2C DATA LOAD MPKI: 10.6728
L2C INSTRUCTION LOAD MPKI: 0.00131
L2C RFO       ACCESS:          7  HIT:          2  MISS:          5  HIT %:    28.5714  MISS %:    71.4286   MPKI: 2.5e-05
L2C PREFETCH  ACCESS:    3261211  HIT:     451888  MISS:    2809323  HIT %:    13.8564  MISS %:    86.1436   MPKI: 14.0466
AGUS PREFETCH L1 MISS: 0
L2C DATA PREFETCH MPKI: 14.0466
L2C INSTRUCTION PREFETCH MPKI: 0
L2C WRITEBACK ACCESS:    2258638  HIT:    2258324  MISS:        314  HIT %:    99.9861  MISS %:  0.0139022   MPKI: 0.00157
L2C LOAD TRANSLATION ACCESS:    1118080  HIT:    1009284  MISS:     108796  HIT %:    90.2694  MISS %:    9.73061   MPKI: 0.54398
L2C PREFETCH  REQUESTED:    3375021  ISSUED:    3375021  USEFUL:    2098869  USELESS:     710419
L2C USEFUL LOAD PREFETCHES:    2098869 PREFETCH ISSUED TO LOWER LEVEL:    2872284  ACCURACY: 73.0732
L2C TIMELY PREFETCHES:    2098869 LATE PREFETCHES: 62959 DROPPED PREFETCHES: 0
L2C PREFETCHES SAME FILL-ORIGIN LEVEL: 2872284 DIFFERENT FILL-ORIGIN LEVEL: 0
L2C AVERAGE MISS LATENCY:    248.568 cycles AVERAGE LOAD MISS LATENCY:    229.829 cycles Load Miss    2134817
L2C Average MSHR Occupancy:    3.89638
L2C RQ	ACCESS:   15338484	FORWARD:          0	MERGED:          0	TO_CACHE:   15338484
L2C WQ	ACCESS:    2258638	FORWARD:          0	MERGED:          0	TO_CACHE:    2258638
L2C PQ	ACCESS:    3375021	FORWARD:          0	MERGED:          0	TO_CACHE:    3375021

L2C Instructions Evicting Data 254
L2C Translations Evicting Data 105879
L2C Data Evicting Data 4837694
L2C Instructions Evicting Instructions 0
L2C Translations Evicting Instructions 2
L2C Data Evicting Instructions 286
L2C Instructions Evicting Translations 8
L2C Translations Evicting Translations 2915
L2C Data Evicting Translations 105903
L2C Dense regions hint from L2: 0
PSCL5 TOTAL     ACCESS:    1116718  HIT:    1116718  MISS:          0  HIT %:        100  MISS %:          0   MPKI: 0
PSCL5 LOAD TRANSLATION ACCESS:    1116718  HIT:    1116718  MISS:          0  HIT %:        100  MISS %:          0   MPKI: 0
PSCL5 PREFETCH  REQUESTED:          0  ISSUED:          0  USEFUL:          0  USELESS:          0
PSCL5 USEFUL LOAD PREFETCHES:          0 PREFETCH ISSUED TO LOWER LEVEL:          0  ACCURACY: -nan
PSCL5 TIMELY PREFETCHES:          0 LATE PREFETCHES: 0 DROPPED PREFETCHES: 0
PSCL5 PREFETCHES SAME FILL-ORIGIN LEVEL: 0 DIFFERENT FILL-ORIGIN LEVEL: 0

PSCL4 TOTAL     ACCESS:    1116718  HIT:    1116718  MISS:          0  HIT %:        100  MISS %:          0   MPKI: 0
PSCL4 LOAD TRANSLATION ACCESS:    1116718  HIT:    1116718  MISS:          0  HIT %:        100  MISS %:          0   MPKI: 0
PSCL4 PREFETCH  REQUESTED:          0  ISSUED:          0  USEFUL:          0  USELESS:          0
PSCL4 USEFUL LOAD PREFETCHES:          0 PREFETCH ISSUED TO LOWER LEVEL:          0  ACCURACY: -nan
PSCL4 TIMELY PREFETCHES:          0 LATE PREFETCHES: 0 DROPPED PREFETCHES: 0
PSCL4 PREFETCHES SAME FILL-ORIGIN LEVEL: 0 DIFFERENT FILL-ORIGIN LEVEL: 0

PSCL3 TOTAL     ACCESS:    1116718  HIT:    1116718  MISS:          0  HIT %:        100  MISS %:          0   MPKI: 0
PSCL3 LOAD TRANSLATION ACCESS:    1116718  HIT:    1116718  MISS:          0  HIT %:        100  MISS %:          0   MPKI: 0
PSCL3 PREFETCH  REQUESTED:          0  ISSUED:          0  USEFUL:          0  USELESS:          0
PSCL3 USEFUL LOAD PREFETCHES:          0 PREFETCH ISSUED TO LOWER LEVEL:          0  ACCURACY: -nan
PSCL3 TIMELY PREFETCHES:          0 LATE PREFETCHES: 0 DROPPED PREFETCHES: 0
PSCL3 PREFETCHES SAME FILL-ORIGIN LEVEL: 0 DIFFERENT FILL-ORIGIN LEVEL: 0

PSCL2 TOTAL     ACCESS:    1116718  HIT:    1114761  MISS:       1957  HIT %:    99.8248  MISS %:   0.175246   MPKI: 0.009785
PSCL2 LOAD TRANSLATION ACCESS:    1116718  HIT:    1114761  MISS:       1957  HIT %:    99.8248  MISS %:   0.175246   MPKI: 0.009785
PSCL2 PREFETCH  REQUESTED:          0  ISSUED:          0  USEFUL:          0  USELESS:          0
PSCL2 USEFUL LOAD PREFETCHES:          0 PREFETCH ISSUED TO LOWER LEVEL:          0  ACCURACY: -nan
PSCL2 TIMELY PREFETCHES:          0 LATE PREFETCHES: 0 DROPPED PREFETCHES: 0
PSCL2 PREFETCHES SAME FILL-ORIGIN LEVEL: 0 DIFFERENT FILL-ORIGIN LEVEL: 0

LLC TOTAL     ACCESS:    7312763  HIT:     367092  MISS:    6945671  HIT %:    5.01988  MISS %:    94.9801   MPKI: 34.7284
LLC LOAD      ACCESS:    2071858  HIT:     305029  MISS:    1766829  HIT %:    14.7225  MISS %:    85.2775   MPKI: 8.83414
LLC RFO       ACCESS:          5  HIT:          0  MISS:          5  HIT %:          0  MISS %:        100   MPKI: 2.5e-05
LLC PREFETCH  ACCESS:    2872282  HIT:      12127  MISS:    2860155  HIT %:   0.422208  MISS %:    99.5778   MPKI: 14.3008
AGUS PREFETCH L1 MISS: 0
LLC WRITEBACK ACCESS:    2259822  HIT:      47835  MISS:    2211987  HIT %:    2.11676  MISS %:    97.8832   MPKI: 11.0599
LLC LOAD TRANSLATION ACCESS:     108796  HIT:       2101  MISS:     106695  HIT %:    1.93114  MISS %:    98.0689   MPKI: 0.533475
LLC PREFETCH  REQUESTED:          0  ISSUED:          0  USEFUL:          0  USELESS:          3
LLC USEFUL LOAD PREFETCHES:          0 PREFETCH ISSUED TO LOWER LEVEL:    2860155  ACCURACY: 0
LLC TIMELY PREFETCHES:          0 LATE PREFETCHES: 0 DROPPED PREFETCHES: 0
LLC PREFETCHES SAME FILL-ORIGIN LEVEL: 0 DIFFERENT FILL-ORIGIN LEVEL: 0
LLC AVERAGE MISS LATENCY:    145.539 cycles AVERAGE LOAD MISS LATENCY:    212.314 cycles Load Miss    1766829
LLC Average MSHR Occupancy:    3.48086
LLC RQ	ACCESS:    2180661	FORWARD:          0	MERGED:          0	TO_CACHE:    2180661
LLC WQ	ACCESS:    2259822	FORWARD:          0	MERGED:          0	TO_CACHE:    2259822
LLC PQ	ACCESS:    2872284	FORWARD:          0	MERGED:          0	TO_CACHE:    2872284

LLC Dense regions hint to LLC: 0

RAW hits: 953275
Loads Generated: 128177360
Loads sent to L1D: 127224090
Stores Generated: 13060582
Stores sent to L1D: 13060575
Major fault: 0 Minor fault: 818793
Allocated PAGES: 818793
[Bingo] PHT Access: 2199422
[Bingo] PHT Hit PC+Addr: 10450
[Bingo] PHT Hit PC+Offs: 1274287
[Bingo] PHT Miss: 914685
[Bingo] Prefetch PC+Addr: 0
[Bingo] Prefetch PC+Offs: 0
[Bingo] Useful PC+Addr: 0
[Bingo] Useful PC+Offs: 0
[Bingo] Useless PC+Addr: 0
[Bingo] Useless PC+Offs: 0
[Bingo] L1 Prefetch per Region: 0
[Bingo] L2 Prefetch per Region: 3.6409
[Bingo] L3 Prefetch per Region: 0
[Bingo] No Prefetch per Region: 28.3591
[Bingo] Number of Voters Mean: 13.8366
[Bingo] Number of Voters SD: 15.1517
PHT read accesses: 24174181
PHT write accesses: 1244862
AT read accesses: 2793121
AT write accesses: 4025960
FT read accesses: 3736612
FT write accesses: 2199422
PS read accesses: 2663836
PS write accesses: 1284737
PHT tag read accesses: 74740618
PHT tag write accesses: 1255312
AT tag read accesses: 220183201
AT tag write accesses: 4037983
FT tag read accesses: 216982433
FT tag write accesses: 4691172
PS tag read accesses: 129765465
PS tag write accesses: 3948334
================ Mockingjay (LLC) Pollution Stats ================
Total pollution count in LLC: 1029
==================================================================

DRAM Statistics
 CHANNEL 0
 RQ ROW_BUFFER_HIT:    2130691  ROW_BUFFER_MISS:    2602993
 DBUS_CONGESTED:        987
 WQ ROW_BUFFER_HIT:     174499  ROW_BUFFER_MISS:    2085363  FULL:        955

 AVG_CONGESTED_CYCLE: 4
 All warmup complete: 2
Channel 0 Bank busy for read cycles: 0
Channel 0 Bank busy for write cycles: 0
Channel 0
Rank 0
0banks busy for read cycles: 57914324
0banks busy for write cycles: 192032
1banks busy for read cycles: 28455678
1banks busy for write cycles: 19110073
2banks busy for read cycles: 22093678
2banks busy for write cycles: 13187023
3banks busy for read cycles: 21694601
3banks busy for write cycles: 11274504
4banks busy for read cycles: 15433376
4banks busy for write cycles: 10165563
5banks busy for read cycles: 12408447
5banks busy for write cycles: 9978624
6banks busy for read cycles: 10902849
6banks busy for write cycles: 9570601
7banks busy for read cycles: 9650125
7banks busy for write cycles: 8465833
8banks busy for read cycles: 13181726
8banks busy for write cycles: 15367603

CPU 0 Branch Prediction Accuracy: 99.9829% MPKI: 0.00214 Average ROB Occupancy at Mispredict: 563
Branch types
NOT_BRANCH: 197495274 98.7476%
BRANCH_DIRECT_JUMP: 152113 0.0760565%
BRANCH_INDIRECT: 0 0%
BRANCH_CONDITIONAL: 2352618 1.17631%
BRANCH_DIRECT_CALL: 0 0%
BRANCH_INDIRECT_CALL: 0 0%
BRANCH_RETURN: 0 0%
BRANCH_OTHER: 0 0%

===================== LRU L1D STATS =====================
Total pollution count in L1D: 0
=========================================================
================ SRRIP (L2C) Pollution Stats ================
Total pollution count in L2c: 1278790
==================================================================
DRAM PAGES: 1048576
Allocated PAGES: 818793
