
*** ChampSim Multicore Out-of-Order Simulator ***

Warmup Instructions: 200000000
Simulation Instructions: 200000000
Number of CPUs: 1
LLC sets: 4096
LLC ways: 12
Off-chip DRAM Size: 4096 MB Channels: 1 Width: 64-bit Data Rate: 6400 MT/s
CPU 0 runs /home1/sweta/traces/DPC4-Traces/AI_ML/clip_trace_1.champsimtrace.gz
.gz
BTB has LRU replacement policy
ITLB has LRU replacement policy
DTLB has LRU replacement policy
STLB has LRU replacement policy
L1I has LRU replacement policy
L1D has LRU replacement policy
L2C has LRU replacement policy with pollution tracking
LLC has LRU replacement policy with pollution tracking
Heartbeat CPU 0 instructions: 10000000 cycles: 3308647 heartbeat IPC: 3.02238 cumulative IPC: 3.02238 (Simulation time: 0 hr 0 min 12 sec) 
Heartbeat CPU 0 instructions: 20000000 cycles: 6617194 heartbeat IPC: 3.02247 cumulative IPC: 3.02243 (Simulation time: 0 hr 0 min 23 sec) 
Heartbeat CPU 0 instructions: 30000000 cycles: 9925705 heartbeat IPC: 3.02251 cumulative IPC: 3.02246 (Simulation time: 0 hr 0 min 34 sec) 
Heartbeat CPU 0 instructions: 40000001 cycles: 13234360 heartbeat IPC: 3.02238 cumulative IPC: 3.02244 (Simulation time: 0 hr 0 min 46 sec) 
Heartbeat CPU 0 instructions: 50000003 cycles: 16542791 heartbeat IPC: 3.02258 cumulative IPC: 3.02246 (Simulation time: 0 hr 0 min 57 sec) 
Heartbeat CPU 0 instructions: 60000002 cycles: 19851325 heartbeat IPC: 3.02249 cumulative IPC: 3.02247 (Simulation time: 0 hr 1 min 8 sec) 
Heartbeat CPU 0 instructions: 70000002 cycles: 23159909 heartbeat IPC: 3.02244 cumulative IPC: 3.02246 (Simulation time: 0 hr 1 min 20 sec) 
Heartbeat CPU 0 instructions: 80000003 cycles: 26468583 heartbeat IPC: 3.02236 cumulative IPC: 3.02245 (Simulation time: 0 hr 1 min 32 sec) 
Heartbeat CPU 0 instructions: 90000000 cycles: 29777239 heartbeat IPC: 3.02237 cumulative IPC: 3.02244 (Simulation time: 0 hr 1 min 45 sec) 
Heartbeat CPU 0 instructions: 100000001 cycles: 33085785 heartbeat IPC: 3.02248 cumulative IPC: 3.02245 (Simulation time: 0 hr 1 min 57 sec) 
Heartbeat CPU 0 instructions: 110000007 cycles: 36394372 heartbeat IPC: 3.02244 cumulative IPC: 3.02245 (Simulation time: 0 hr 2 min 10 sec) 
Heartbeat CPU 0 instructions: 120000003 cycles: 39703039 heartbeat IPC: 3.02236 cumulative IPC: 3.02244 (Simulation time: 0 hr 2 min 23 sec) 
Heartbeat CPU 0 instructions: 130000000 cycles: 43011555 heartbeat IPC: 3.0225 cumulative IPC: 3.02244 (Simulation time: 0 hr 2 min 35 sec) 
Heartbeat CPU 0 instructions: 140000000 cycles: 46320095 heartbeat IPC: 3.02248 cumulative IPC: 3.02245 (Simulation time: 0 hr 2 min 48 sec) 
Heartbeat CPU 0 instructions: 150000003 cycles: 49628635 heartbeat IPC: 3.02248 cumulative IPC: 3.02245 (Simulation time: 0 hr 3 min 1 sec) 
Heartbeat CPU 0 instructions: 160000000 cycles: 52937165 heartbeat IPC: 3.02249 cumulative IPC: 3.02245 (Simulation time: 0 hr 3 min 13 sec) 
Heartbeat CPU 0 instructions: 170000000 cycles: 56245807 heartbeat IPC: 3.02239 cumulative IPC: 3.02245 (Simulation time: 0 hr 3 min 27 sec) 
Heartbeat CPU 0 instructions: 180000000 cycles: 59554328 heartbeat IPC: 3.0225 cumulative IPC: 3.02245 (Simulation time: 0 hr 3 min 40 sec) 
Heartbeat CPU 0 instructions: 190000000 cycles: 62863055 heartbeat IPC: 3.02231 cumulative IPC: 3.02244 (Simulation time: 0 hr 3 min 52 sec) 
Heartbeat CPU 0 instructions: 200000002 cycles: 66171605 heartbeat IPC: 3.02247 cumulative IPC: 3.02244 (Simulation time: 0 hr 4 min 5 sec) 

Warmup complete CPU 0 instructions: 200000002 cycles: 66171605 (Simulation time: 0 hr 4 min 5 sec) 

Heartbeat CPU 0 instructions: 210000002 cycles: 91041924 heartbeat IPC: 0.402086 cumulative IPC: 0.402086 (Simulation time: 0 hr 4 min 33 sec) 
Heartbeat CPU 0 instructions: 220000000 cycles: 115913515 heartbeat IPC: 0.402065 cumulative IPC: 0.402075 (Simulation time: 0 hr 5 min 0 sec) 
Heartbeat CPU 0 instructions: 230000000 cycles: 140785020 heartbeat IPC: 0.402067 cumulative IPC: 0.402072 (Simulation time: 0 hr 5 min 28 sec) 
Heartbeat CPU 0 instructions: 240000003 cycles: 165656710 heartbeat IPC: 0.402064 cumulative IPC: 0.40207 (Simulation time: 0 hr 5 min 56 sec) 
Heartbeat CPU 0 instructions: 250000002 cycles: 190529890 heartbeat IPC: 0.402039 cumulative IPC: 0.402064 (Simulation time: 0 hr 6 min 23 sec) 
Heartbeat CPU 0 instructions: 260000002 cycles: 215401747 heartbeat IPC: 0.402061 cumulative IPC: 0.402064 (Simulation time: 0 hr 6 min 51 sec) 
Heartbeat CPU 0 instructions: 270000000 cycles: 240273505 heartbeat IPC: 0.402062 cumulative IPC: 0.402063 (Simulation time: 0 hr 7 min 18 sec) 
Heartbeat CPU 0 instructions: 280000007 cycles: 265145039 heartbeat IPC: 0.402066 cumulative IPC: 0.402064 (Simulation time: 0 hr 7 min 45 sec) 
Heartbeat CPU 0 instructions: 290000004 cycles: 290016028 heartbeat IPC: 0.402075 cumulative IPC: 0.402065 (Simulation time: 0 hr 8 min 13 sec) 
Heartbeat CPU 0 instructions: 300000000 cycles: 314886645 heartbeat IPC: 0.402081 cumulative IPC: 0.402067 (Simulation time: 0 hr 8 min 40 sec) 
Heartbeat CPU 0 instructions: 310000003 cycles: 339759971 heartbeat IPC: 0.402037 cumulative IPC: 0.402064 (Simulation time: 0 hr 9 min 8 sec) 
Heartbeat CPU 0 instructions: 320000002 cycles: 364631728 heartbeat IPC: 0.402062 cumulative IPC: 0.402064 (Simulation time: 0 hr 9 min 35 sec) 
Heartbeat CPU 0 instructions: 330000001 cycles: 389503172 heartbeat IPC: 0.402067 cumulative IPC: 0.402064 (Simulation time: 0 hr 10 min 3 sec) 
Heartbeat CPU 0 instructions: 340000007 cycles: 414375225 heartbeat IPC: 0.402058 cumulative IPC: 0.402064 (Simulation time: 0 hr 10 min 30 sec) 
Heartbeat CPU 0 instructions: 350000001 cycles: 439246742 heartbeat IPC: 0.402066 cumulative IPC: 0.402064 (Simulation time: 0 hr 10 min 58 sec) 
Heartbeat CPU 0 instructions: 360000000 cycles: 464117130 heartbeat IPC: 0.402085 cumulative IPC: 0.402065 (Simulation time: 0 hr 11 min 25 sec) 
Heartbeat CPU 0 instructions: 370000003 cycles: 488991186 heartbeat IPC: 0.402025 cumulative IPC: 0.402063 (Simulation time: 0 hr 11 min 52 sec) 
Heartbeat CPU 0 instructions: 380000000 cycles: 513861505 heartbeat IPC: 0.402086 cumulative IPC: 0.402064 (Simulation time: 0 hr 12 min 20 sec) 
Heartbeat CPU 0 instructions: 390000000 cycles: 538733069 heartbeat IPC: 0.402066 cumulative IPC: 0.402064 (Simulation time: 0 hr 12 min 47 sec) 
Heartbeat CPU 0 instructions: 400000000 cycles: 563604685 heartbeat IPC: 0.402065 cumulative IPC: 0.402064 (Simulation time: 0 hr 13 min 14 sec) 
Finished CPU 0 instructions: 200000001 cycles: 497433082 cumulative IPC: 0.402064 (Simulation time: 0 hr 13 min 14 sec) 

ChampSim completed all CPUs

Region of Interest Statistics

CPU 0 cumulative IPC: 0.402064 instructions: 200000001 cycles: 497433082
ITLB TOTAL     ACCESS:   24017153  HIT:   24017153  MISS:          0  HIT %:        100  MISS %:          0   MPKI: 0
ITLB LOAD TRANSLATION ACCESS:   24017153  HIT:   24017153  MISS:          0  HIT %:        100  MISS %:          0   MPKI: 0
ITLB PREFETCH  REQUESTED:          0  ISSUED:          0  USEFUL:          0  USELESS:          0
ITLB USEFUL LOAD PREFETCHES:          0 PREFETCH ISSUED TO LOWER LEVEL:          0  ACCURACY: -nan
ITLB TIMELY PREFETCHES:          0 LATE PREFETCHES: 0 DROPPED PREFETCHES: 0
ITLB PREFETCHES SAME FILL-ORIGIN LEVEL: 0 DIFFERENT FILL-ORIGIN LEVEL: 0
ITLB AVERAGE MISS LATENCY:       -nan cycles AVERAGE LOAD MISS LATENCY:       -nan cycles Load Miss          0
ITLB Average MSHR Occupancy: 4.62374e-08
ITLB RQ	ACCESS:   34518503	FORWARD:          0	MERGED:   10501349	TO_CACHE:   24017154

DTLB TOTAL     ACCESS:   46048167  HIT:   46033876  MISS:      14291  HIT %:     99.969  MISS %:  0.0310349   MPKI: 0.071455
DTLB LOAD TRANSLATION ACCESS:   46048167  HIT:   46033876  MISS:      14291  HIT %:     99.969  MISS %:  0.0310349   MPKI: 0.071455
DTLB PREFETCH  REQUESTED:          0  ISSUED:          0  USEFUL:          0  USELESS:          0
DTLB USEFUL LOAD PREFETCHES:          0 PREFETCH ISSUED TO LOWER LEVEL:          0  ACCURACY: -nan
DTLB TIMELY PREFETCHES:          0 LATE PREFETCHES: 0 DROPPED PREFETCHES: 0
DTLB PREFETCHES SAME FILL-ORIGIN LEVEL: 0 DIFFERENT FILL-ORIGIN LEVEL: 0
DTLB AVERAGE MISS LATENCY:    51.2881 cycles AVERAGE LOAD MISS LATENCY:       -nan cycles Load Miss          0
DTLB Average MSHR Occupancy: 0.00143922
DTLB RQ	ACCESS:   56600891	FORWARD:          0	MERGED:   10542756	TO_CACHE:   46058135

STLB TOTAL     ACCESS:      14291  HIT:       2576  MISS:      11715  HIT %:    18.0253  MISS %:    81.9747   MPKI: 0.058575
STLB LOAD TRANSLATION ACCESS:      14291  HIT:       2576  MISS:      11715  HIT %:    18.0253  MISS %:    81.9747   MPKI: 0.058575
STLB PREFETCH  REQUESTED:          0  ISSUED:          0  USEFUL:          0  USELESS:          0
STLB USEFUL LOAD PREFETCHES:          0 PREFETCH ISSUED TO LOWER LEVEL:          0  ACCURACY: -nan
STLB TIMELY PREFETCHES:          0 LATE PREFETCHES: 0 DROPPED PREFETCHES: 0
STLB PREFETCHES SAME FILL-ORIGIN LEVEL: 0 DIFFERENT FILL-ORIGIN LEVEL: 0
STLB AVERAGE MISS LATENCY:    51.5868 cycles AVERAGE LOAD MISS LATENCY:       -nan cycles Load Miss          0
STLB Average MSHR Occupancy: 0.00116217
STLB RQ	ACCESS:      14291	FORWARD:          0	MERGED:          0	TO_CACHE:      14291

STLB Hit, L1D data hit: 0
STLB Hit, L2C data hit: 0
STLB Hit, LLC data hit: 0
STLB Hit, LLC data miss: 0
STLB STLB hints to L2: 0
L1D TOTAL     ACCESS:   55430679  HIT:   53333763  MISS:    2096916  HIT %:     96.217  MISS %:    3.78295   MPKI: 10.4846
L1D LOAD      ACCESS:   54694908  HIT:   52616159  MISS:    2078749  HIT %:    96.1994  MISS %:    3.80063   MPKI: 10.3937
L1D RFO       ACCESS:     735771  HIT:     717604  MISS:      18167  HIT %:    97.5309  MISS %:    2.46911   MPKI: 0.090835
L1D PREFETCH  REQUESTED:          0  ISSUED:          0  USEFUL:          0  USELESS:          0
L1D USEFUL LOAD PREFETCHES:          0 PREFETCH ISSUED TO LOWER LEVEL:          0  ACCURACY: -nan
L1D TIMELY PREFETCHES:          0 LATE PREFETCHES: 0 DROPPED PREFETCHES: 0
L1D PREFETCHES SAME FILL-ORIGIN LEVEL: 0 DIFFERENT FILL-ORIGIN LEVEL: 0
L1D AVERAGE MISS LATENCY:     66.386 cycles AVERAGE LOAD MISS LATENCY:    65.5626 cycles Load Miss    2078749
L1D Average MSHR Occupancy:    0.28248
L1D RQ	ACCESS:   94801074	FORWARD:          0	MERGED:   38953440	TO_CACHE:   55846953
L1D WQ	ACCESS:     753938	FORWARD:        681	MERGED:          0	TO_CACHE:     753938

L1D UNIQUE REGIONS ACCESSED: 0
L1D REGIONS CONFLICTS: 0
L1D Cross Page Prefetch Requests: 0
L1D Same Page Prefetch Requests: 0
L1D ROI Sum of L1D PQ occupancy: 0
L1D PREFETCHES PUSHED FROM L2C: 0
L1I TOTAL     ACCESS:   34483295  HIT:          0  MISS:   34483295  HIT %:          0  MISS %:        100   MPKI: 172.416
L1I LOAD      ACCESS:   34483295  HIT:          0  MISS:   34483295  HIT %:          0  MISS %:        100   MPKI: 172.416
L1I PREFETCH  REQUESTED:          0  ISSUED:          0  USEFUL:          0  USELESS:          0
L1I USEFUL LOAD PREFETCHES:          0 PREFETCH ISSUED TO LOWER LEVEL:          0  ACCURACY: -nan
L1I TIMELY PREFETCHES:          0 LATE PREFETCHES: 0 DROPPED PREFETCHES: 0
L1I PREFETCHES SAME FILL-ORIGIN LEVEL: 0 DIFFERENT FILL-ORIGIN LEVEL: 0
L1I AVERAGE MISS LATENCY:    14.0011 cycles AVERAGE LOAD MISS LATENCY:    14.0011 cycles Load Miss   34483295
L1I Average MSHR Occupancy:   0.925447
L1I RQ	ACCESS:   38954549	FORWARD:          0	MERGED:    4436046	TO_CACHE:   34518503

BTB TOTAL     ACCESS:   13206952  HIT:   13206937  MISS:         15  HIT %:    99.9999  MISS %: 0.000113577   MPKI: 7.5e-05
BTB BRANCH_DIRECT_JUMP	ACCESS:      36337  HIT:      36334  MISS:          3
BTB BRANCH_INDIRECT	ACCESS:          0  HIT:          0  MISS:          0
BTB BRANCH_CONDITIONAL	ACCESS:   12552955  HIT:   12552947  MISS:          8
BTB BRANCH_DIRECT_CALL	ACCESS:      18167  HIT:      18166  MISS:          1
BTB BRANCH_INDIRECT_CALL	ACCESS:     290663  HIT:     290662  MISS:          1
BTB BRANCH_RETURN	ACCESS:     308830  HIT:     308828  MISS:          2
BTB BRANCH_OTHER ACCESS:          0  HIT:          0  MISS:          0

L2C TOTAL     ACCESS:   36611408  HIT:   35862555  MISS:     748853  HIT %:    97.9546  MISS %:    2.04541   MPKI: 3.74426
L2C LOAD      ACCESS:   36562043  HIT:   35832999  MISS:     729044  HIT %:     98.006  MISS %:    1.99399   MPKI: 3.64522
L2C DATA LOAD MPKI: 3.64517
L2C INSTRUCTION LOAD MPKI: 4.5e-05
L2C RFO       ACCESS:      18167  HIT:          0  MISS:      18167  HIT %:          0  MISS %:        100   MPKI: 0.090835
L2C WRITEBACK ACCESS:      19483  HIT:      19465  MISS:         18  HIT %:    99.9076  MISS %:  0.0923882   MPKI: 9e-05
L2C LOAD TRANSLATION ACCESS:      11715  HIT:      10091  MISS:       1624  HIT %:    86.1374  MISS %:    13.8626   MPKI: 0.00812
L2C PREFETCH  REQUESTED:          0  ISSUED:          0  USEFUL:          0  USELESS:          0
L2C USEFUL LOAD PREFETCHES:          0 PREFETCH ISSUED TO LOWER LEVEL:          0  ACCURACY: -nan
L2C TIMELY PREFETCHES:          0 LATE PREFETCHES: 0 DROPPED PREFETCHES: 0
L2C PREFETCHES SAME FILL-ORIGIN LEVEL: 0 DIFFERENT FILL-ORIGIN LEVEL: 0
L2C AVERAGE MISS LATENCY:    144.291 cycles AVERAGE LOAD MISS LATENCY:    144.117 cycles Load Miss     729044
L2C Average MSHR Occupancy:   0.217186
L2C RQ	ACCESS:   36591925	FORWARD:          0	MERGED:          0	TO_CACHE:   36591925
L2C WQ	ACCESS:      19483	FORWARD:          0	MERGED:          0	TO_CACHE:      19483

L2C Instructions Evicting Data 9
L2C Translations Evicting Data 1624
L2C Data Evicting Data 745563
L2C Instructions Evicting Instructions 0
L2C Translations Evicting Instructions 0
L2C Data Evicting Instructions 12
L2C Instructions Evicting Translations 0
L2C Translations Evicting Translations 0
L2C Data Evicting Translations 1627
L2C Dense regions hint from L2: 0
PSCL5 TOTAL     ACCESS:      11715  HIT:      11715  MISS:          0  HIT %:        100  MISS %:          0   MPKI: 0
PSCL5 LOAD TRANSLATION ACCESS:      11715  HIT:      11715  MISS:          0  HIT %:        100  MISS %:          0   MPKI: 0
PSCL5 PREFETCH  REQUESTED:          0  ISSUED:          0  USEFUL:          0  USELESS:          0
PSCL5 USEFUL LOAD PREFETCHES:          0 PREFETCH ISSUED TO LOWER LEVEL:          0  ACCURACY: -nan
PSCL5 TIMELY PREFETCHES:          0 LATE PREFETCHES: 0 DROPPED PREFETCHES: 0
PSCL5 PREFETCHES SAME FILL-ORIGIN LEVEL: 0 DIFFERENT FILL-ORIGIN LEVEL: 0

PSCL4 TOTAL     ACCESS:      11715  HIT:      11715  MISS:          0  HIT %:        100  MISS %:          0   MPKI: 0
PSCL4 LOAD TRANSLATION ACCESS:      11715  HIT:      11715  MISS:          0  HIT %:        100  MISS %:          0   MPKI: 0
PSCL4 PREFETCH  REQUESTED:          0  ISSUED:          0  USEFUL:          0  USELESS:          0
PSCL4 USEFUL LOAD PREFETCHES:          0 PREFETCH ISSUED TO LOWER LEVEL:          0  ACCURACY: -nan
PSCL4 TIMELY PREFETCHES:          0 LATE PREFETCHES: 0 DROPPED PREFETCHES: 0
PSCL4 PREFETCHES SAME FILL-ORIGIN LEVEL: 0 DIFFERENT FILL-ORIGIN LEVEL: 0

PSCL3 TOTAL     ACCESS:      11715  HIT:      11715  MISS:          0  HIT %:        100  MISS %:          0   MPKI: 0
PSCL3 LOAD TRANSLATION ACCESS:      11715  HIT:      11715  MISS:          0  HIT %:        100  MISS %:          0   MPKI: 0
PSCL3 PREFETCH  REQUESTED:          0  ISSUED:          0  USEFUL:          0  USELESS:          0
PSCL3 USEFUL LOAD PREFETCHES:          0 PREFETCH ISSUED TO LOWER LEVEL:          0  ACCURACY: -nan
PSCL3 TIMELY PREFETCHES:          0 LATE PREFETCHES: 0 DROPPED PREFETCHES: 0
PSCL3 PREFETCHES SAME FILL-ORIGIN LEVEL: 0 DIFFERENT FILL-ORIGIN LEVEL: 0

PSCL2 TOTAL     ACCESS:      11715  HIT:      11715  MISS:          0  HIT %:        100  MISS %:          0   MPKI: 0
PSCL2 LOAD TRANSLATION ACCESS:      11715  HIT:      11715  MISS:          0  HIT %:        100  MISS %:          0   MPKI: 0
PSCL2 PREFETCH  REQUESTED:          0  ISSUED:          0  USEFUL:          0  USELESS:          0
PSCL2 USEFUL LOAD PREFETCHES:          0 PREFETCH ISSUED TO LOWER LEVEL:          0  ACCURACY: -nan
PSCL2 TIMELY PREFETCHES:          0 LATE PREFETCHES: 0 DROPPED PREFETCHES: 0
PSCL2 PREFETCHES SAME FILL-ORIGIN LEVEL: 0 DIFFERENT FILL-ORIGIN LEVEL: 0

LLC TOTAL     ACCESS:     767030  HIT:      18385  MISS:     748645  HIT %:    2.39691  MISS %:    97.6031   MPKI: 3.74322
LLC LOAD      ACCESS:     729044  HIT:         68  MISS:     728976  HIT %: 0.00932728  MISS %:    99.9907   MPKI: 3.64488
LLC RFO       ACCESS:      18167  HIT:          0  MISS:      18167  HIT %:          0  MISS %:        100   MPKI: 0.090835
LLC WRITEBACK ACCESS:      18195  HIT:      18186  MISS:          9  HIT %:    99.9505  MISS %:  0.0494641   MPKI: 4.5e-05
LLC LOAD TRANSLATION ACCESS:       1624  HIT:        131  MISS:       1493  HIT %:     8.0665  MISS %:    91.9335   MPKI: 0.007465
LLC PREFETCH  REQUESTED:          0  ISSUED:          0  USEFUL:          0  USELESS:          0
LLC USEFUL LOAD PREFETCHES:          0 PREFETCH ISSUED TO LOWER LEVEL:          0  ACCURACY: -nan
LLC TIMELY PREFETCHES:          0 LATE PREFETCHES: 0 DROPPED PREFETCHES: 0
LLC PREFETCHES SAME FILL-ORIGIN LEVEL: 0 DIFFERENT FILL-ORIGIN LEVEL: 0
LLC AVERAGE MISS LATENCY:    99.3105 cycles AVERAGE LOAD MISS LATENCY:    99.1173 cycles Load Miss     728976
LLC Average MSHR Occupancy:   0.147959
LLC RQ	ACCESS:     748835	FORWARD:          0	MERGED:          0	TO_CACHE:     748835
LLC WQ	ACCESS:      18195	FORWARD:          0	MERGED:          0	TO_CACHE:      18195

LLC Dense regions hint to LLC: 0

RAW hits: 91305
Loads Generated: 94892376
Loads sent to L1D: 94801074
Stores Generated: 753938
Stores sent to L1D: 753938
Major fault: 0 Minor fault: 3902
Allocated PAGES: 3902
================ LLC LRU Pollution Stats ================
Total pollution count in LLC: 0
=========================================================

DRAM Statistics
 CHANNEL 0
 RQ ROW_BUFFER_HIT:     643540  ROW_BUFFER_MISS:     105096
 DBUS_CONGESTED:        277
 WQ ROW_BUFFER_HIT:      14777  ROW_BUFFER_MISS:       3412  FULL:          0

 AVG_CONGESTED_CYCLE: 5
 All warmup complete: 2
Channel 0 Bank busy for read cycles: 0
Channel 0 Bank busy for write cycles: 0
Channel 0
Rank 0
0banks busy for read cycles: 466917807
0banks busy for write cycles: 978
1banks busy for read cycles: 20530956
1banks busy for write cycles: 112311
2banks busy for read cycles: 3722636
2banks busy for write cycles: 83918
3banks busy for read cycles: 1889405
3banks busy for write cycles: 71250
4banks busy for read cycles: 1556459
4banks busy for write cycles: 73045
5banks busy for read cycles: 511265
5banks busy for write cycles: 89410
6banks busy for read cycles: 424024
6banks busy for write cycles: 212937
7banks busy for read cycles: 238783
7banks busy for write cycles: 318820
8banks busy for read cycles: 162683
8banks busy for write cycles: 516396

CPU 0 Branch Prediction Accuracy: 99.8574% MPKI: 0.09652 Average ROB Occupancy at Mispredict: 3.79864
Branch types
NOT_BRANCH: 186466041 93.233%
BRANCH_DIRECT_JUMP: 36337 0.0181685%
BRANCH_INDIRECT: 0 0%
BRANCH_CONDITIONAL: 12879964 6.43998%
BRANCH_DIRECT_CALL: 18167 0.0090835%
BRANCH_INDIRECT_CALL: 290663 0.145331%
BRANCH_RETURN: 308830 0.154415%
BRANCH_OTHER: 0 0%

===================== LRU L1D STATS =====================
Total pollution count in L1D: 0
=========================================================
================ L2 LRU Pollution ================
Total pollution count in L2: 0
========================================================
DRAM PAGES: 1048576
Allocated PAGES: 3902
