
*** ChampSim Multicore Out-of-Order Simulator ***

Warmup Instructions: 200000000
Simulation Instructions: 200000000
Number of CPUs: 1
LLC sets: 4096
LLC ways: 12
Off-chip DRAM Size: 4096 MB Channels: 1 Width: 64-bit Data Rate: 6400 MT/s
CPU 0 runs /home1/sweta/traces/DPC4-Traces/AI_ML/stable-diffusion.cpp-v2-1_768-nonema-pruned.2.champsimtrace.gz
.gz
BTB has LRU replacement policy
ITLB has LRU replacement policy
DTLB has LRU replacement policy
STLB has LRU replacement policy
L1I has LRU replacement policy
L1D has LRU replacement policy
L2C has LRU replacement policy with pollution tracking
LLC has LRU replacement policy with pollution tracking
Heartbeat CPU 0 instructions: 10000002 cycles: 2547840 heartbeat IPC: 3.92489 cumulative IPC: 3.92489 (Simulation time: 0 hr 0 min 32 sec) 
Heartbeat CPU 0 instructions: 20000003 cycles: 5095162 heartbeat IPC: 3.92569 cumulative IPC: 3.92529 (Simulation time: 0 hr 1 min 3 sec) 
Heartbeat CPU 0 instructions: 30000006 cycles: 7642816 heartbeat IPC: 3.92518 cumulative IPC: 3.92526 (Simulation time: 0 hr 1 min 36 sec) 
Heartbeat CPU 0 instructions: 40000004 cycles: 10190066 heartbeat IPC: 3.9258 cumulative IPC: 3.92539 (Simulation time: 0 hr 2 min 9 sec) 
Heartbeat CPU 0 instructions: 50000001 cycles: 12737511 heartbeat IPC: 3.9255 cumulative IPC: 3.92541 (Simulation time: 0 hr 2 min 41 sec) 
Heartbeat CPU 0 instructions: 60000006 cycles: 15284878 heartbeat IPC: 3.92562 cumulative IPC: 3.92545 (Simulation time: 0 hr 3 min 14 sec) 
Heartbeat CPU 0 instructions: 70000000 cycles: 17832432 heartbeat IPC: 3.92533 cumulative IPC: 3.92543 (Simulation time: 0 hr 3 min 48 sec) 
Heartbeat CPU 0 instructions: 80000000 cycles: 20379881 heartbeat IPC: 3.9255 cumulative IPC: 3.92544 (Simulation time: 0 hr 4 min 22 sec) 
Heartbeat CPU 0 instructions: 90000000 cycles: 22927274 heartbeat IPC: 3.92558 cumulative IPC: 3.92546 (Simulation time: 0 hr 4 min 55 sec) 
Heartbeat CPU 0 instructions: 100000000 cycles: 25474565 heartbeat IPC: 3.92574 cumulative IPC: 3.92548 (Simulation time: 0 hr 5 min 28 sec) 
Heartbeat CPU 0 instructions: 110000001 cycles: 28021901 heartbeat IPC: 3.92567 cumulative IPC: 3.9255 (Simulation time: 0 hr 5 min 58 sec) 
Heartbeat CPU 0 instructions: 120000006 cycles: 30569682 heartbeat IPC: 3.92499 cumulative IPC: 3.92546 (Simulation time: 0 hr 6 min 31 sec) 
Heartbeat CPU 0 instructions: 130000000 cycles: 33117033 heartbeat IPC: 3.92564 cumulative IPC: 3.92547 (Simulation time: 0 hr 7 min 1 sec) 
Heartbeat CPU 0 instructions: 140000000 cycles: 35664372 heartbeat IPC: 3.92567 cumulative IPC: 3.92549 (Simulation time: 0 hr 7 min 35 sec) 
Heartbeat CPU 0 instructions: 150000001 cycles: 38211863 heartbeat IPC: 3.92543 cumulative IPC: 3.92548 (Simulation time: 0 hr 8 min 8 sec) 
Heartbeat CPU 0 instructions: 160000000 cycles: 40759202 heartbeat IPC: 3.92566 cumulative IPC: 3.92549 (Simulation time: 0 hr 8 min 41 sec) 
Heartbeat CPU 0 instructions: 170000002 cycles: 43306737 heartbeat IPC: 3.92536 cumulative IPC: 3.92549 (Simulation time: 0 hr 9 min 15 sec) 
Heartbeat CPU 0 instructions: 180000000 cycles: 45854142 heartbeat IPC: 3.92556 cumulative IPC: 3.92549 (Simulation time: 0 hr 9 min 49 sec) 
Heartbeat CPU 0 instructions: 190000000 cycles: 48401577 heartbeat IPC: 3.92552 cumulative IPC: 3.92549 (Simulation time: 0 hr 10 min 23 sec) 
Heartbeat CPU 0 instructions: 200000001 cycles: 50948998 heartbeat IPC: 3.92554 cumulative IPC: 3.92549 (Simulation time: 0 hr 10 min 56 sec) 

Warmup complete CPU 0 instructions: 200000001 cycles: 50948998 (Simulation time: 0 hr 10 min 56 sec) 

Heartbeat CPU 0 instructions: 210000001 cycles: 62325555 heartbeat IPC: 0.879001 cumulative IPC: 0.879001 (Simulation time: 0 hr 11 min 24 sec) 
Heartbeat CPU 0 instructions: 220000000 cycles: 73767420 heartbeat IPC: 0.873983 cumulative IPC: 0.876485 (Simulation time: 0 hr 11 min 52 sec) 
Heartbeat CPU 0 instructions: 230000000 cycles: 85142401 heartbeat IPC: 0.879122 cumulative IPC: 0.877362 (Simulation time: 0 hr 12 min 20 sec) 
Heartbeat CPU 0 instructions: 240000003 cycles: 96512275 heartbeat IPC: 0.879517 cumulative IPC: 0.8779 (Simulation time: 0 hr 12 min 47 sec) 
Heartbeat CPU 0 instructions: 250000004 cycles: 107887675 heartbeat IPC: 0.87909 cumulative IPC: 0.878138 (Simulation time: 0 hr 13 min 15 sec) 
Heartbeat CPU 0 instructions: 260000000 cycles: 119291494 heartbeat IPC: 0.876899 cumulative IPC: 0.877931 (Simulation time: 0 hr 13 min 42 sec) 
Heartbeat CPU 0 instructions: 270000000 cycles: 130696713 heartbeat IPC: 0.876792 cumulative IPC: 0.877768 (Simulation time: 0 hr 14 min 10 sec) 
Heartbeat CPU 0 instructions: 280000005 cycles: 142077063 heartbeat IPC: 0.878708 cumulative IPC: 0.877885 (Simulation time: 0 hr 14 min 38 sec) 
Heartbeat CPU 0 instructions: 290000000 cycles: 153477115 heartbeat IPC: 0.877189 cumulative IPC: 0.877808 (Simulation time: 0 hr 15 min 5 sec) 
Heartbeat CPU 0 instructions: 300000001 cycles: 164851999 heartbeat IPC: 0.87913 cumulative IPC: 0.87794 (Simulation time: 0 hr 15 min 33 sec) 
Heartbeat CPU 0 instructions: 310000001 cycles: 176252184 heartbeat IPC: 0.877179 cumulative IPC: 0.877871 (Simulation time: 0 hr 16 min 1 sec) 
Heartbeat CPU 0 instructions: 320000002 cycles: 187642889 heartbeat IPC: 0.877909 cumulative IPC: 0.877874 (Simulation time: 0 hr 16 min 28 sec) 
Heartbeat CPU 0 instructions: 330000004 cycles: 199043220 heartbeat IPC: 0.877168 cumulative IPC: 0.87782 (Simulation time: 0 hr 16 min 55 sec) 
Heartbeat CPU 0 instructions: 340000004 cycles: 210419368 heartbeat IPC: 0.879032 cumulative IPC: 0.877906 (Simulation time: 0 hr 17 min 22 sec) 
Heartbeat CPU 0 instructions: 350000001 cycles: 221792326 heartbeat IPC: 0.879278 cumulative IPC: 0.877997 (Simulation time: 0 hr 17 min 49 sec) 
Heartbeat CPU 0 instructions: 360000000 cycles: 233235272 heartbeat IPC: 0.873901 cumulative IPC: 0.87774 (Simulation time: 0 hr 18 min 16 sec) 
Heartbeat CPU 0 instructions: 370000002 cycles: 244617177 heartbeat IPC: 0.878588 cumulative IPC: 0.87779 (Simulation time: 0 hr 18 min 43 sec) 
Heartbeat CPU 0 instructions: 380000002 cycles: 256002015 heartbeat IPC: 0.878361 cumulative IPC: 0.877822 (Simulation time: 0 hr 19 min 10 sec) 
Heartbeat CPU 0 instructions: 390000003 cycles: 267372146 heartbeat IPC: 0.879497 cumulative IPC: 0.87791 (Simulation time: 0 hr 19 min 37 sec) 
Heartbeat CPU 0 instructions: 400000004 cycles: 278779708 heartbeat IPC: 0.876612 cumulative IPC: 0.877845 (Simulation time: 0 hr 20 min 4 sec) 
Finished CPU 0 instructions: 200000003 cycles: 227830710 cumulative IPC: 0.877845 (Simulation time: 0 hr 20 min 4 sec) 

ChampSim completed all CPUs

Region of Interest Statistics

CPU 0 cumulative IPC: 0.877845 instructions: 200000003 cycles: 227830710
ITLB TOTAL     ACCESS:   36801232  HIT:   36801232  MISS:          0  HIT %:        100  MISS %:          0   MPKI: 0
ITLB LOAD TRANSLATION ACCESS:   36801232  HIT:   36801232  MISS:          0  HIT %:        100  MISS %:          0   MPKI: 0
ITLB PREFETCH  REQUESTED:          0  ISSUED:          0  USEFUL:          0  USELESS:          0
ITLB USEFUL LOAD PREFETCHES:          0 PREFETCH ISSUED TO LOWER LEVEL:          0  ACCURACY: -nan
ITLB TIMELY PREFETCHES:          0 LATE PREFETCHES: 0 DROPPED PREFETCHES: 0
ITLB PREFETCHES SAME FILL-ORIGIN LEVEL: 0 DIFFERENT FILL-ORIGIN LEVEL: 0
ITLB AVERAGE MISS LATENCY:       -nan cycles AVERAGE LOAD MISS LATENCY:       -nan cycles Load Miss          0
ITLB Average MSHR Occupancy: 1.62401e-07
ITLB RQ	ACCESS:   49026819	FORWARD:          0	MERGED:   12225588	TO_CACHE:   36801231

DTLB TOTAL     ACCESS:   47716152  HIT:   47292083  MISS:     424069  HIT %:    99.1113  MISS %:   0.888733   MPKI: 2.12034
DTLB LOAD TRANSLATION ACCESS:   47716152  HIT:   47292083  MISS:     424069  HIT %:    99.1113  MISS %:   0.888733   MPKI: 2.12034
DTLB PREFETCH  REQUESTED:          0  ISSUED:          0  USEFUL:          0  USELESS:          0
DTLB USEFUL LOAD PREFETCHES:          0 PREFETCH ISSUED TO LOWER LEVEL:          0  ACCURACY: -nan
DTLB TIMELY PREFETCHES:          0 LATE PREFETCHES: 0 DROPPED PREFETCHES: 0
DTLB PREFETCHES SAME FILL-ORIGIN LEVEL: 0 DIFFERENT FILL-ORIGIN LEVEL: 0
DTLB AVERAGE MISS LATENCY:    12.1308 cycles AVERAGE LOAD MISS LATENCY:       -nan cycles Load Miss          0
DTLB Average MSHR Occupancy:  0.0207805
DTLB RQ	ACCESS:   50897951	FORWARD:          0	MERGED:    2669933	TO_CACHE:   48228018

STLB TOTAL     ACCESS:     424069  HIT:     399701  MISS:      24368  HIT %:    94.2538  MISS %:    5.74623   MPKI: 0.12184
STLB LOAD TRANSLATION ACCESS:     424069  HIT:     399701  MISS:      24368  HIT %:    94.2538  MISS %:    5.74623   MPKI: 0.12184
STLB PREFETCH  REQUESTED:          0  ISSUED:          0  USEFUL:          0  USELESS:          0
STLB USEFUL LOAD PREFETCHES:          0 PREFETCH ISSUED TO LOWER LEVEL:          0  ACCURACY: -nan
STLB TIMELY PREFETCHES:          0 LATE PREFETCHES: 0 DROPPED PREFETCHES: 0
STLB PREFETCHES SAME FILL-ORIGIN LEVEL: 0 DIFFERENT FILL-ORIGIN LEVEL: 0
STLB AVERAGE MISS LATENCY:    54.4667 cycles AVERAGE LOAD MISS LATENCY:       -nan cycles Load Miss          0
STLB Average MSHR Occupancy: 0.00567501
STLB RQ	ACCESS:     424069	FORWARD:          0	MERGED:          0	TO_CACHE:     424069

STLB Hit, L1D data hit: 0
STLB Hit, L2C data hit: 0
STLB Hit, LLC data hit: 0
STLB Hit, LLC data miss: 0
STLB STLB hints to L2: 0
L1D TOTAL     ACCESS:   50223602  HIT:   23595730  MISS:   26627872  HIT %:    46.9814  MISS %:    53.0186   MPKI: 133.139
L1D LOAD      ACCESS:   49908964  HIT:   23315568  MISS:   26593396  HIT %:    46.7162  MISS %:    53.2838   MPKI: 132.967
L1D RFO       ACCESS:     314638  HIT:     280162  MISS:      34476  HIT %:    89.0426  MISS %:    10.9574   MPKI: 0.17238
L1D PREFETCH  REQUESTED:          0  ISSUED:          0  USEFUL:          0  USELESS:          0
L1D USEFUL LOAD PREFETCHES:          0 PREFETCH ISSUED TO LOWER LEVEL:          0  ACCURACY: -nan
L1D TIMELY PREFETCHES:          0 LATE PREFETCHES: 0 DROPPED PREFETCHES: 0
L1D PREFETCHES SAME FILL-ORIGIN LEVEL: 0 DIFFERENT FILL-ORIGIN LEVEL: 0
L1D AVERAGE MISS LATENCY:    24.0611 cycles AVERAGE LOAD MISS LATENCY:    24.0453 cycles Load Miss   26593396
L1D Average MSHR Occupancy:    2.71507
L1D RQ	ACCESS:   98663757	FORWARD:          0	MERGED:   48085079	TO_CACHE:   50578538
L1D WQ	ACCESS:     319658	FORWARD:        140	MERGED:        245	TO_CACHE:     319413

L1D UNIQUE REGIONS ACCESSED: 0
L1D REGIONS CONFLICTS: 0
L1D Cross Page Prefetch Requests: 0
L1D Same Page Prefetch Requests: 0
L1D ROI Sum of L1D PQ occupancy: 0
L1D PREFETCHES PUSHED FROM L2C: 0
L1I TOTAL     ACCESS:   49017612  HIT:   48829381  MISS:     188231  HIT %:     99.616  MISS %:   0.384007   MPKI: 0.941155
L1I LOAD      ACCESS:   49017612  HIT:   48829381  MISS:     188231  HIT %:     99.616  MISS %:   0.384007   MPKI: 0.941155
L1I PREFETCH  REQUESTED:          0  ISSUED:          0  USEFUL:          0  USELESS:          0
L1I USEFUL LOAD PREFETCHES:          0 PREFETCH ISSUED TO LOWER LEVEL:          0  ACCURACY: -nan
L1I TIMELY PREFETCHES:          0 LATE PREFETCHES: 0 DROPPED PREFETCHES: 0
L1I PREFETCHES SAME FILL-ORIGIN LEVEL: 0 DIFFERENT FILL-ORIGIN LEVEL: 0
L1I AVERAGE MISS LATENCY:    14.0313 cycles AVERAGE LOAD MISS LATENCY:    14.0313 cycles Load Miss     188231
L1I Average MSHR Occupancy:  0.0119936
L1I RQ	ACCESS:   50161847	FORWARD:          0	MERGED:    1135028	TO_CACHE:   49026819

BTB TOTAL     ACCESS:   12556590  HIT:   12556566  MISS:         24  HIT %:    99.9998  MISS %: 0.000191135   MPKI: 0.00012
BTB BRANCH_DIRECT_JUMP	ACCESS:       8502  HIT:       8500  MISS:          2
BTB BRANCH_INDIRECT	ACCESS:          0  HIT:          0  MISS:          0
BTB BRANCH_CONDITIONAL	ACCESS:   12402478  HIT:   12402464  MISS:         14
BTB BRANCH_DIRECT_CALL	ACCESS:       4783  HIT:       4780  MISS:          3
BTB BRANCH_INDIRECT_CALL	ACCESS:      68022  HIT:      68021  MISS:          1
BTB BRANCH_RETURN	ACCESS:      72805  HIT:      72801  MISS:          4
BTB BRANCH_OTHER ACCESS:          0  HIT:          0  MISS:          0

L2C TOTAL     ACCESS:   26895885  HIT:   25333378  MISS:    1562507  HIT %:    94.1905  MISS %:    5.80946   MPKI: 7.81253
L2C LOAD      ACCESS:   26781530  HIT:   25226330  MISS:    1555200  HIT %:     94.193  MISS %:    5.80699   MPKI: 7.776
L2C DATA LOAD MPKI: 7.776
L2C INSTRUCTION LOAD MPKI: 0
L2C RFO       ACCESS:      31578  HIT:      27327  MISS:       4251  HIT %:    86.5381  MISS %:    13.4619   MPKI: 0.021255
L2C WRITEBACK ACCESS:      58409  HIT:      58409  MISS:          0  HIT %:        100  MISS %:          0   MPKI: 0
L2C LOAD TRANSLATION ACCESS:      24368  HIT:      21312  MISS:       3056  HIT %:     87.459  MISS %:     12.541   MPKI: 0.01528
L2C PREFETCH  REQUESTED:          0  ISSUED:          0  USEFUL:          0  USELESS:          0
L2C USEFUL LOAD PREFETCHES:          0 PREFETCH ISSUED TO LOWER LEVEL:          0  ACCURACY: -nan
L2C TIMELY PREFETCHES:          0 LATE PREFETCHES: 0 DROPPED PREFETCHES: 0
L2C PREFETCHES SAME FILL-ORIGIN LEVEL: 0 DIFFERENT FILL-ORIGIN LEVEL: 0
L2C AVERAGE MISS LATENCY:    154.163 cycles AVERAGE LOAD MISS LATENCY:     153.87 cycles Load Miss    1555200
L2C Average MSHR Occupancy:    1.05573
L2C RQ	ACCESS:   26840472	FORWARD:          0	MERGED:          0	TO_CACHE:   26837478
L2C WQ	ACCESS:      58409	FORWARD:       2994	MERGED:          0	TO_CACHE:      58409

L2C Instructions Evicting Data 0
L2C Translations Evicting Data 3056
L2C Data Evicting Data 1556400
L2C Instructions Evicting Instructions 0
L2C Translations Evicting Instructions 0
L2C Data Evicting Instructions 0
L2C Instructions Evicting Translations 0
L2C Translations Evicting Translations 0
L2C Data Evicting Translations 3051
L2C Dense regions hint from L2: 0
PSCL5 TOTAL     ACCESS:      24368  HIT:      24368  MISS:          0  HIT %:        100  MISS %:          0   MPKI: 0
PSCL5 LOAD TRANSLATION ACCESS:      24368  HIT:      24368  MISS:          0  HIT %:        100  MISS %:          0   MPKI: 0
PSCL5 PREFETCH  REQUESTED:          0  ISSUED:          0  USEFUL:          0  USELESS:          0
PSCL5 USEFUL LOAD PREFETCHES:          0 PREFETCH ISSUED TO LOWER LEVEL:          0  ACCURACY: -nan
PSCL5 TIMELY PREFETCHES:          0 LATE PREFETCHES: 0 DROPPED PREFETCHES: 0
PSCL5 PREFETCHES SAME FILL-ORIGIN LEVEL: 0 DIFFERENT FILL-ORIGIN LEVEL: 0

PSCL4 TOTAL     ACCESS:      24368  HIT:      24368  MISS:          0  HIT %:        100  MISS %:          0   MPKI: 0
PSCL4 LOAD TRANSLATION ACCESS:      24368  HIT:      24368  MISS:          0  HIT %:        100  MISS %:          0   MPKI: 0
PSCL4 PREFETCH  REQUESTED:          0  ISSUED:          0  USEFUL:          0  USELESS:          0
PSCL4 USEFUL LOAD PREFETCHES:          0 PREFETCH ISSUED TO LOWER LEVEL:          0  ACCURACY: -nan
PSCL4 TIMELY PREFETCHES:          0 LATE PREFETCHES: 0 DROPPED PREFETCHES: 0
PSCL4 PREFETCHES SAME FILL-ORIGIN LEVEL: 0 DIFFERENT FILL-ORIGIN LEVEL: 0

PSCL3 TOTAL     ACCESS:      24368  HIT:      24368  MISS:          0  HIT %:        100  MISS %:          0   MPKI: 0
PSCL3 LOAD TRANSLATION ACCESS:      24368  HIT:      24368  MISS:          0  HIT %:        100  MISS %:          0   MPKI: 0
PSCL3 PREFETCH  REQUESTED:          0  ISSUED:          0  USEFUL:          0  USELESS:          0
PSCL3 USEFUL LOAD PREFETCHES:          0 PREFETCH ISSUED TO LOWER LEVEL:          0  ACCURACY: -nan
PSCL3 TIMELY PREFETCHES:          0 LATE PREFETCHES: 0 DROPPED PREFETCHES: 0
PSCL3 PREFETCHES SAME FILL-ORIGIN LEVEL: 0 DIFFERENT FILL-ORIGIN LEVEL: 0

PSCL2 TOTAL     ACCESS:      24368  HIT:      24368  MISS:          0  HIT %:        100  MISS %:          0   MPKI: 0
PSCL2 LOAD TRANSLATION ACCESS:      24368  HIT:      24368  MISS:          0  HIT %:        100  MISS %:          0   MPKI: 0
PSCL2 PREFETCH  REQUESTED:          0  ISSUED:          0  USEFUL:          0  USELESS:          0
PSCL2 USEFUL LOAD PREFETCHES:          0 PREFETCH ISSUED TO LOWER LEVEL:          0  ACCURACY: -nan
PSCL2 TIMELY PREFETCHES:          0 LATE PREFETCHES: 0 DROPPED PREFETCHES: 0
PSCL2 PREFETCHES SAME FILL-ORIGIN LEVEL: 0 DIFFERENT FILL-ORIGIN LEVEL: 0

LLC TOTAL     ACCESS:    1566762  HIT:       4255  MISS:    1562507  HIT %:   0.271579  MISS %:    99.7284   MPKI: 7.81253
LLC LOAD      ACCESS:    1555200  HIT:          0  MISS:    1555200  HIT %:          0  MISS %:        100   MPKI: 7.776
LLC RFO       ACCESS:       4251  HIT:          0  MISS:       4251  HIT %:          0  MISS %:        100   MPKI: 0.021255
LLC WRITEBACK ACCESS:       4255  HIT:       4255  MISS:          0  HIT %:        100  MISS %:          0   MPKI: 0
LLC LOAD TRANSLATION ACCESS:       3056  HIT:          0  MISS:       3056  HIT %:          0  MISS %:        100   MPKI: 0.01528
LLC PREFETCH  REQUESTED:          0  ISSUED:          0  USEFUL:          0  USELESS:          0
LLC USEFUL LOAD PREFETCHES:          0 PREFETCH ISSUED TO LOWER LEVEL:          0  ACCURACY: -nan
LLC TIMELY PREFETCHES:          0 LATE PREFETCHES: 0 DROPPED PREFETCHES: 0
LLC PREFETCHES SAME FILL-ORIGIN LEVEL: 0 DIFFERENT FILL-ORIGIN LEVEL: 0
LLC AVERAGE MISS LATENCY:    109.099 cycles AVERAGE LOAD MISS LATENCY:    108.806 cycles Load Miss    1555200
LLC Average MSHR Occupancy:   0.741367
LLC RQ	ACCESS:    1562507	FORWARD:          0	MERGED:          0	TO_CACHE:    1562507
LLC WQ	ACCESS:       4255	FORWARD:          0	MERGED:          0	TO_CACHE:       4255

LLC Dense regions hint to LLC: 0

RAW hits: 23664
Loads Generated: 98687351
Loads sent to L1D: 98663757
Stores Generated: 319658
Stores sent to L1D: 319658
Major fault: 0 Minor fault: 6761
Allocated PAGES: 6761
================ LLC LRU Pollution Stats ================
Total pollution count in LLC: 0
=========================================================

DRAM Statistics
 CHANNEL 0
 RQ ROW_BUFFER_HIT:    1423238  ROW_BUFFER_MISS:     139269
 DBUS_CONGESTED:      22443
 WQ ROW_BUFFER_HIT:       1566  ROW_BUFFER_MISS:       2689  FULL:          0

 AVG_CONGESTED_CYCLE: 3
 All warmup complete: 2
Channel 0 Bank busy for read cycles: 0
Channel 0 Bank busy for write cycles: 0
Channel 0
Rank 0
0banks busy for read cycles: 205407677
0banks busy for write cycles: 1040
1banks busy for read cycles: 2245648
1banks busy for write cycles: 861431
2banks busy for read cycles: 2114905
2banks busy for write cycles: 1406838
3banks busy for read cycles: 2075561
3banks busy for write cycles: 833823
4banks busy for read cycles: 2668416
4banks busy for write cycles: 105094
5banks busy for read cycles: 1866659
5banks busy for write cycles: 12727
6banks busy for read cycles: 2093398
6banks busy for write cycles: 0
7banks busy for read cycles: 2205000
7banks busy for write cycles: 0
8banks busy for read cycles: 3932494
8banks busy for write cycles: 0

CPU 0 Branch Prediction Accuracy: 99.9644% MPKI: 0.022585 Average ROB Occupancy at Mispredict: 58.9717
Branch types
NOT_BRANCH: 187295975 93.648%
BRANCH_DIRECT_JUMP: 8502 0.004251%
BRANCH_INDIRECT: 0 0%
BRANCH_CONDITIONAL: 12549425 6.27471%
BRANCH_DIRECT_CALL: 4783 0.0023915%
BRANCH_INDIRECT_CALL: 68022 0.034011%
BRANCH_RETURN: 72805 0.0364025%
BRANCH_OTHER: 0 0%

===================== LRU L1D STATS =====================
Total pollution count in L1D: 0
=========================================================
================ L2 LRU Pollution ================
Total pollution count in L2: 0
========================================================
DRAM PAGES: 1048576
Allocated PAGES: 6761
