
*** ChampSim Multicore Out-of-Order Simulator ***

Warmup Instructions: 200000000
Simulation Instructions: 200000000
Number of CPUs: 1
LLC sets: 4096
LLC ways: 12
Off-chip DRAM Size: 4096 MB Channels: 1 Width: 64-bit Data Rate: 6400 MT/s
CPU 0 runs /home1/sweta/traces/DPC4-Traces/AI_ML/stable-diffusion.cpp-v1-5-pruned-emaonly.2.champsimtrace.gz
.gz
BTB has LRU replacement policy
ITLB has LRU replacement policy
DTLB has LRU replacement policy
STLB has LRU replacement policy
L1I has LRU replacement policy
L1D has LRU replacement policy
L2C has LRU replacement policy with pollution tracking
LLC has LRU replacement policy with pollution tracking
Heartbeat CPU 0 instructions: 10000001 cycles: 2549988 heartbeat IPC: 3.92159 cumulative IPC: 3.92159 (Simulation time: 0 hr 0 min 32 sec) 
Heartbeat CPU 0 instructions: 20000002 cycles: 5099306 heartbeat IPC: 3.92262 cumulative IPC: 3.9221 (Simulation time: 0 hr 1 min 4 sec) 
Heartbeat CPU 0 instructions: 30000004 cycles: 7974990 heartbeat IPC: 3.47743 cumulative IPC: 3.76176 (Simulation time: 0 hr 1 min 19 sec) 
Heartbeat CPU 0 instructions: 40000004 cycles: 10530065 heartbeat IPC: 3.91378 cumulative IPC: 3.79865 (Simulation time: 0 hr 1 min 43 sec) 
Heartbeat CPU 0 instructions: 50000006 cycles: 13050607 heartbeat IPC: 3.9674 cumulative IPC: 3.83124 (Simulation time: 0 hr 2 min 23 sec) 
Heartbeat CPU 0 instructions: 60000000 cycles: 15571193 heartbeat IPC: 3.96733 cumulative IPC: 3.85327 (Simulation time: 0 hr 3 min 4 sec) 
Heartbeat CPU 0 instructions: 70000002 cycles: 18091752 heartbeat IPC: 3.96737 cumulative IPC: 3.86917 (Simulation time: 0 hr 3 min 45 sec) 
Heartbeat CPU 0 instructions: 80000000 cycles: 20612398 heartbeat IPC: 3.96724 cumulative IPC: 3.88116 (Simulation time: 0 hr 4 min 26 sec) 
Heartbeat CPU 0 instructions: 90000000 cycles: 23132933 heartbeat IPC: 3.96741 cumulative IPC: 3.89056 (Simulation time: 0 hr 5 min 7 sec) 
Heartbeat CPU 0 instructions: 100000001 cycles: 25873088 heartbeat IPC: 3.64943 cumulative IPC: 3.86502 (Simulation time: 0 hr 5 min 41 sec) 
Heartbeat CPU 0 instructions: 110000007 cycles: 27935242 heartbeat IPC: 4.8493 cumulative IPC: 3.93768 (Simulation time: 0 hr 5 min 59 sec) 
Heartbeat CPU 0 instructions: 120000000 cycles: 30054171 heartbeat IPC: 4.71936 cumulative IPC: 3.99279 (Simulation time: 0 hr 6 min 27 sec) 
Heartbeat CPU 0 instructions: 130000002 cycles: 32761929 heartbeat IPC: 3.69309 cumulative IPC: 3.96802 (Simulation time: 0 hr 7 min 0 sec) 
Heartbeat CPU 0 instructions: 140000000 cycles: 35026801 heartbeat IPC: 4.41526 cumulative IPC: 3.99694 (Simulation time: 0 hr 7 min 15 sec) 
Heartbeat CPU 0 instructions: 150000002 cycles: 37288525 heartbeat IPC: 4.42141 cumulative IPC: 4.02269 (Simulation time: 0 hr 7 min 30 sec) 
Heartbeat CPU 0 instructions: 160000000 cycles: 39627601 heartbeat IPC: 4.27519 cumulative IPC: 4.03759 (Simulation time: 0 hr 7 min 56 sec) 
Heartbeat CPU 0 instructions: 170000003 cycles: 42189004 heartbeat IPC: 3.90411 cumulative IPC: 4.02949 (Simulation time: 0 hr 8 min 42 sec) 
Heartbeat CPU 0 instructions: 180000000 cycles: 44751154 heartbeat IPC: 3.90297 cumulative IPC: 4.02224 (Simulation time: 0 hr 9 min 28 sec) 
Heartbeat CPU 0 instructions: 190000003 cycles: 47313296 heartbeat IPC: 3.90299 cumulative IPC: 4.01578 (Simulation time: 0 hr 10 min 13 sec) 
Heartbeat CPU 0 instructions: 200000001 cycles: 49874664 heartbeat IPC: 3.90416 cumulative IPC: 4.01005 (Simulation time: 0 hr 10 min 58 sec) 

Warmup complete CPU 0 instructions: 200000001 cycles: 49874664 (Simulation time: 0 hr 10 min 58 sec) 

Heartbeat CPU 0 instructions: 210000002 cycles: 61507898 heartbeat IPC: 0.859606 cumulative IPC: 0.859606 (Simulation time: 0 hr 11 min 35 sec) 
Heartbeat CPU 0 instructions: 220000001 cycles: 73147895 heartbeat IPC: 0.859107 cumulative IPC: 0.859356 (Simulation time: 0 hr 12 min 11 sec) 
Heartbeat CPU 0 instructions: 230000002 cycles: 84760029 heartbeat IPC: 0.861168 cumulative IPC: 0.859959 (Simulation time: 0 hr 12 min 48 sec) 
Heartbeat CPU 0 instructions: 240000002 cycles: 96345391 heartbeat IPC: 0.863158 cumulative IPC: 0.860757 (Simulation time: 0 hr 13 min 24 sec) 
Heartbeat CPU 0 instructions: 250000004 cycles: 107922070 heartbeat IPC: 0.863806 cumulative IPC: 0.861365 (Simulation time: 0 hr 14 min 0 sec) 
Heartbeat CPU 0 instructions: 260000001 cycles: 119551962 heartbeat IPC: 0.859853 cumulative IPC: 0.861113 (Simulation time: 0 hr 14 min 36 sec) 
Heartbeat CPU 0 instructions: 270000000 cycles: 131119319 heartbeat IPC: 0.864502 cumulative IPC: 0.861595 (Simulation time: 0 hr 15 min 12 sec) 
Heartbeat CPU 0 instructions: 280000001 cycles: 142735144 heartbeat IPC: 0.860895 cumulative IPC: 0.861507 (Simulation time: 0 hr 15 min 49 sec) 
Heartbeat CPU 0 instructions: 290000000 cycles: 154319946 heartbeat IPC: 0.8632 cumulative IPC: 0.861695 (Simulation time: 0 hr 16 min 25 sec) 
Heartbeat CPU 0 instructions: 300000004 cycles: 165922300 heartbeat IPC: 0.861894 cumulative IPC: 0.861715 (Simulation time: 0 hr 17 min 2 sec) 
Heartbeat CPU 0 instructions: 310000000 cycles: 177523862 heartbeat IPC: 0.861953 cumulative IPC: 0.861737 (Simulation time: 0 hr 17 min 39 sec) 
Heartbeat CPU 0 instructions: 320000000 cycles: 189141841 heartbeat IPC: 0.860735 cumulative IPC: 0.861653 (Simulation time: 0 hr 18 min 15 sec) 
Heartbeat CPU 0 instructions: 330000002 cycles: 200814538 heartbeat IPC: 0.8567 cumulative IPC: 0.86127 (Simulation time: 0 hr 18 min 51 sec) 
Heartbeat CPU 0 instructions: 340000002 cycles: 212435622 heartbeat IPC: 0.860505 cumulative IPC: 0.861215 (Simulation time: 0 hr 19 min 27 sec) 
Heartbeat CPU 0 instructions: 350000000 cycles: 223969888 heartbeat IPC: 0.866982 cumulative IPC: 0.861597 (Simulation time: 0 hr 20 min 3 sec) 
Heartbeat CPU 0 instructions: 360000000 cycles: 235613402 heartbeat IPC: 0.858847 cumulative IPC: 0.861425 (Simulation time: 0 hr 20 min 36 sec) 
Heartbeat CPU 0 instructions: 370000003 cycles: 247248814 heartbeat IPC: 0.859446 cumulative IPC: 0.861308 (Simulation time: 0 hr 21 min 5 sec) 
Heartbeat CPU 0 instructions: 380000001 cycles: 258902611 heartbeat IPC: 0.858089 cumulative IPC: 0.861129 (Simulation time: 0 hr 21 min 35 sec) 
Heartbeat CPU 0 instructions: 390000000 cycles: 270509347 heartbeat IPC: 0.861569 cumulative IPC: 0.861152 (Simulation time: 0 hr 22 min 4 sec) 
Heartbeat CPU 0 instructions: 400000001 cycles: 282178980 heartbeat IPC: 0.856925 cumulative IPC: 0.86094 (Simulation time: 0 hr 22 min 34 sec) 
Finished CPU 0 instructions: 200000000 cycles: 232304316 cumulative IPC: 0.86094 (Simulation time: 0 hr 22 min 34 sec) 

ChampSim completed all CPUs

Region of Interest Statistics

CPU 0 cumulative IPC: 0.86094 instructions: 200000000 cycles: 232304316
ITLB TOTAL     ACCESS:   37202493  HIT:   37202493  MISS:          0  HIT %:        100  MISS %:          0   MPKI: 0
ITLB LOAD TRANSLATION ACCESS:   37202493  HIT:   37202493  MISS:          0  HIT %:        100  MISS %:          0   MPKI: 0
ITLB PREFETCH  REQUESTED:          0  ISSUED:          0  USEFUL:          0  USELESS:          0
ITLB USEFUL LOAD PREFETCHES:          0 PREFETCH ISSUED TO LOWER LEVEL:          0  ACCURACY: -nan
ITLB TIMELY PREFETCHES:          0 LATE PREFETCHES: 0 DROPPED PREFETCHES: 0
ITLB PREFETCHES SAME FILL-ORIGIN LEVEL: 0 DIFFERENT FILL-ORIGIN LEVEL: 0
ITLB AVERAGE MISS LATENCY:       -nan cycles AVERAGE LOAD MISS LATENCY:       -nan cycles Load Miss          0
ITLB Average MSHR Occupancy: 5.63915e-07
ITLB RQ	ACCESS:   49524692	FORWARD:          0	MERGED:   12322200	TO_CACHE:   37202492

DTLB TOTAL     ACCESS:   47830394  HIT:   47410651  MISS:     419743  HIT %:    99.1224  MISS %:   0.877565   MPKI: 2.09871
DTLB LOAD TRANSLATION ACCESS:   47830394  HIT:   47410651  MISS:     419743  HIT %:    99.1224  MISS %:   0.877565   MPKI: 2.09871
DTLB PREFETCH  REQUESTED:          0  ISSUED:          0  USEFUL:          0  USELESS:          0
DTLB USEFUL LOAD PREFETCHES:          0 PREFETCH ISSUED TO LOWER LEVEL:          0  ACCURACY: -nan
DTLB TIMELY PREFETCHES:          0 LATE PREFETCHES: 0 DROPPED PREFETCHES: 0
DTLB PREFETCHES SAME FILL-ORIGIN LEVEL: 0 DIFFERENT FILL-ORIGIN LEVEL: 0
DTLB AVERAGE MISS LATENCY:    11.1435 cycles AVERAGE LOAD MISS LATENCY:       -nan cycles Load Miss          0
DTLB Average MSHR Occupancy:  0.0157667
DTLB RQ	ACCESS:   50936859	FORWARD:          0	MERGED:    2652742	TO_CACHE:   48284117

STLB TOTAL     ACCESS:     419743  HIT:     413589  MISS:       6154  HIT %:    98.5339  MISS %:    1.46614   MPKI: 0.03077
STLB LOAD TRANSLATION ACCESS:     419743  HIT:     413589  MISS:       6154  HIT %:    98.5339  MISS %:    1.46614   MPKI: 0.03077
STLB PREFETCH  REQUESTED:          0  ISSUED:          0  USEFUL:          0  USELESS:          0
STLB USEFUL LOAD PREFETCHES:          0 PREFETCH ISSUED TO LOWER LEVEL:          0  ACCURACY: -nan
STLB TIMELY PREFETCHES:          0 LATE PREFETCHES: 0 DROPPED PREFETCHES: 0
STLB PREFETCHES SAME FILL-ORIGIN LEVEL: 0 DIFFERENT FILL-ORIGIN LEVEL: 0
STLB AVERAGE MISS LATENCY:    145.994 cycles AVERAGE LOAD MISS LATENCY:       -nan cycles Load Miss          0
STLB Average MSHR Occupancy: 0.00126319
STLB RQ	ACCESS:     419743	FORWARD:          0	MERGED:          0	TO_CACHE:     419743

STLB Hit, L1D data hit: 0
STLB Hit, L2C data hit: 0
STLB Hit, LLC data hit: 0
STLB Hit, LLC data miss: 0
STLB STLB hints to L2: 0
L1D TOTAL     ACCESS:   50296593  HIT:     657544  MISS:   49639049  HIT %:    1.30733  MISS %:    98.6927   MPKI: 248.195
L1D LOAD      ACCESS:   50137346  HIT:     534808  MISS:   49602538  HIT %:    1.06669  MISS %:    98.9333   MPKI: 248.013
L1D RFO       ACCESS:     159247  HIT:     122736  MISS:      36511  HIT %:    77.0727  MISS %:    22.9273   MPKI: 0.182555
L1D PREFETCH  REQUESTED:          0  ISSUED:          0  USEFUL:          0  USELESS:          0
L1D USEFUL LOAD PREFETCHES:          0 PREFETCH ISSUED TO LOWER LEVEL:          0  ACCURACY: -nan
L1D TIMELY PREFETCHES:          0 LATE PREFETCHES: 0 DROPPED PREFETCHES: 0
L1D PREFETCHES SAME FILL-ORIGIN LEVEL: 0 DIFFERENT FILL-ORIGIN LEVEL: 0
L1D AVERAGE MISS LATENCY:     21.474 cycles AVERAGE LOAD MISS LATENCY:    21.4716 cycles Load Miss   49602538
L1D Average MSHR Occupancy:    4.35283
L1D RQ	ACCESS:   99324798	FORWARD:          0	MERGED:   48549145	TO_CACHE:   50775464
L1D WQ	ACCESS:     161521	FORWARD:        189	MERGED:        126	TO_CACHE:     161395

L1D UNIQUE REGIONS ACCESSED: 0
L1D REGIONS CONFLICTS: 0
L1D Cross Page Prefetch Requests: 0
L1D Same Page Prefetch Requests: 0
L1D ROI Sum of L1D PQ occupancy: 0
L1D PREFETCHES PUSHED FROM L2C: 0
L1I TOTAL     ACCESS:   49524692  HIT:   49524692  MISS:          0  HIT %:        100  MISS %:          0   MPKI: 0
L1I LOAD      ACCESS:   49524692  HIT:   49524692  MISS:          0  HIT %:        100  MISS %:          0   MPKI: 0
L1I PREFETCH  REQUESTED:          0  ISSUED:          0  USEFUL:          0  USELESS:          0
L1I USEFUL LOAD PREFETCHES:          0 PREFETCH ISSUED TO LOWER LEVEL:          0  ACCURACY: -nan
L1I TIMELY PREFETCHES:          0 LATE PREFETCHES: 0 DROPPED PREFETCHES: 0
L1I PREFETCHES SAME FILL-ORIGIN LEVEL: 0 DIFFERENT FILL-ORIGIN LEVEL: 0
L1I AVERAGE MISS LATENCY:       -nan cycles AVERAGE LOAD MISS LATENCY:       -nan cycles Load Miss          0
L1I Average MSHR Occupancy:  0.0031128
L1I RQ	ACCESS:   50063754	FORWARD:          0	MERGED:     539062	TO_CACHE:   49524692

BTB TOTAL     ACCESS:   12528567  HIT:   12528543  MISS:         24  HIT %:    99.9998  MISS %: 0.000191562   MPKI: 0.00012
BTB BRANCH_DIRECT_JUMP	ACCESS:       4296  HIT:       4294  MISS:          2
BTB BRANCH_INDIRECT	ACCESS:          0  HIT:          0  MISS:          0
BTB BRANCH_CONDITIONAL	ACCESS:   12450709  HIT:   12450695  MISS:         14
BTB BRANCH_DIRECT_CALL	ACCESS:       2418  HIT:       2415  MISS:          3
BTB BRANCH_INDIRECT_CALL	ACCESS:      34363  HIT:      34362  MISS:          1
BTB BRANCH_RETURN	ACCESS:      36781  HIT:      36777  MISS:          4
BTB BRANCH_OTHER ACCESS:          0  HIT:          0  MISS:          0

L2C TOTAL     ACCESS:   49719304  HIT:   47091079  MISS:    2628225  HIT %:    94.7139  MISS %:    5.28613   MPKI: 13.1411
L2C LOAD      ACCESS:   49602539  HIT:   46977307  MISS:    2625232  HIT %:    94.7075  MISS %:    5.29254   MPKI: 13.1262
L2C DATA LOAD MPKI: 13.1262
L2C INSTRUCTION LOAD MPKI: 0
L2C RFO       ACCESS:      36511  HIT:      34363  MISS:       2148  HIT %:    94.1168  MISS %:    5.88316   MPKI: 0.01074
L2C WRITEBACK ACCESS:      74100  HIT:      74100  MISS:          0  HIT %:        100  MISS %:          0   MPKI: 0
L2C LOAD TRANSLATION ACCESS:       6154  HIT:       5309  MISS:        845  HIT %:    86.2691  MISS %:    13.7309   MPKI: 0.004225
L2C PREFETCH  REQUESTED:          0  ISSUED:          0  USEFUL:          0  USELESS:          0
L2C USEFUL LOAD PREFETCHES:          0 PREFETCH ISSUED TO LOWER LEVEL:          0  ACCURACY: -nan
L2C TIMELY PREFETCHES:          0 LATE PREFETCHES: 0 DROPPED PREFETCHES: 0
L2C PREFETCHES SAME FILL-ORIGIN LEVEL: 0 DIFFERENT FILL-ORIGIN LEVEL: 0
L2C AVERAGE MISS LATENCY:    120.818 cycles AVERAGE LOAD MISS LATENCY:    120.738 cycles Load Miss    2625232
L2C Average MSHR Occupancy:    1.33215
L2C RQ	ACCESS:   49645206	FORWARD:          0	MERGED:          0	TO_CACHE:   49645206
L2C WQ	ACCESS:      74100	FORWARD:          0	MERGED:          0	TO_CACHE:      74100

L2C Instructions Evicting Data 0
L2C Translations Evicting Data 845
L2C Data Evicting Data 2626535
L2C Instructions Evicting Instructions 0
L2C Translations Evicting Instructions 0
L2C Data Evicting Instructions 0
L2C Instructions Evicting Translations 0
L2C Translations Evicting Translations 0
L2C Data Evicting Translations 845
L2C Dense regions hint from L2: 0
PSCL5 TOTAL     ACCESS:       6154  HIT:       6154  MISS:          0  HIT %:        100  MISS %:          0   MPKI: 0
PSCL5 LOAD TRANSLATION ACCESS:       6154  HIT:       6154  MISS:          0  HIT %:        100  MISS %:          0   MPKI: 0
PSCL5 PREFETCH  REQUESTED:          0  ISSUED:          0  USEFUL:          0  USELESS:          0
PSCL5 USEFUL LOAD PREFETCHES:          0 PREFETCH ISSUED TO LOWER LEVEL:          0  ACCURACY: -nan
PSCL5 TIMELY PREFETCHES:          0 LATE PREFETCHES: 0 DROPPED PREFETCHES: 0
PSCL5 PREFETCHES SAME FILL-ORIGIN LEVEL: 0 DIFFERENT FILL-ORIGIN LEVEL: 0

PSCL4 TOTAL     ACCESS:       6154  HIT:       6154  MISS:          0  HIT %:        100  MISS %:          0   MPKI: 0
PSCL4 LOAD TRANSLATION ACCESS:       6154  HIT:       6154  MISS:          0  HIT %:        100  MISS %:          0   MPKI: 0
PSCL4 PREFETCH  REQUESTED:          0  ISSUED:          0  USEFUL:          0  USELESS:          0
PSCL4 USEFUL LOAD PREFETCHES:          0 PREFETCH ISSUED TO LOWER LEVEL:          0  ACCURACY: -nan
PSCL4 TIMELY PREFETCHES:          0 LATE PREFETCHES: 0 DROPPED PREFETCHES: 0
PSCL4 PREFETCHES SAME FILL-ORIGIN LEVEL: 0 DIFFERENT FILL-ORIGIN LEVEL: 0

PSCL3 TOTAL     ACCESS:       6154  HIT:       6154  MISS:          0  HIT %:        100  MISS %:          0   MPKI: 0
PSCL3 LOAD TRANSLATION ACCESS:       6154  HIT:       6154  MISS:          0  HIT %:        100  MISS %:          0   MPKI: 0
PSCL3 PREFETCH  REQUESTED:          0  ISSUED:          0  USEFUL:          0  USELESS:          0
PSCL3 USEFUL LOAD PREFETCHES:          0 PREFETCH ISSUED TO LOWER LEVEL:          0  ACCURACY: -nan
PSCL3 TIMELY PREFETCHES:          0 LATE PREFETCHES: 0 DROPPED PREFETCHES: 0
PSCL3 PREFETCHES SAME FILL-ORIGIN LEVEL: 0 DIFFERENT FILL-ORIGIN LEVEL: 0

PSCL2 TOTAL     ACCESS:       6154  HIT:       6142  MISS:         12  HIT %:     99.805  MISS %:   0.194995   MPKI: 6e-05
PSCL2 LOAD TRANSLATION ACCESS:       6154  HIT:       6142  MISS:         12  HIT %:     99.805  MISS %:   0.194995   MPKI: 6e-05
PSCL2 PREFETCH  REQUESTED:          0  ISSUED:          0  USEFUL:          0  USELESS:          0
PSCL2 USEFUL LOAD PREFETCHES:          0 PREFETCH ISSUED TO LOWER LEVEL:          0  ACCURACY: -nan
PSCL2 TIMELY PREFETCHES:          0 LATE PREFETCHES: 0 DROPPED PREFETCHES: 0
PSCL2 PREFETCHES SAME FILL-ORIGIN LEVEL: 0 DIFFERENT FILL-ORIGIN LEVEL: 0

LLC TOTAL     ACCESS:    2630369  HIT:     707677  MISS:    1922692  HIT %:    26.9041  MISS %:    73.0959   MPKI: 9.61346
LLC LOAD      ACCESS:    2625232  HIT:     705502  MISS:    1919730  HIT %:    26.8739  MISS %:    73.1261   MPKI: 9.59865
LLC RFO       ACCESS:       2148  HIT:          0  MISS:       2148  HIT %:          0  MISS %:        100   MPKI: 0.01074
LLC WRITEBACK ACCESS:       2144  HIT:       2144  MISS:          0  HIT %:        100  MISS %:          0   MPKI: 0
LLC LOAD TRANSLATION ACCESS:        845  HIT:         31  MISS:        814  HIT %:    3.66864  MISS %:    96.3314   MPKI: 0.00407
LLC PREFETCH  REQUESTED:          0  ISSUED:          0  USEFUL:          0  USELESS:          0
LLC USEFUL LOAD PREFETCHES:          0 PREFETCH ISSUED TO LOWER LEVEL:          0  ACCURACY: -nan
LLC TIMELY PREFETCHES:          0 LATE PREFETCHES: 0 DROPPED PREFETCHES: 0
LLC PREFETCHES SAME FILL-ORIGIN LEVEL: 0 DIFFERENT FILL-ORIGIN LEVEL: 0
LLC AVERAGE MISS LATENCY:    102.747 cycles AVERAGE LOAD MISS LATENCY:    102.679 cycles Load Miss    1919730
LLC Average MSHR Occupancy:   0.842121
LLC RQ	ACCESS:    2628225	FORWARD:          0	MERGED:          0	TO_CACHE:    2628225
LLC WQ	ACCESS:       2144	FORWARD:          0	MERGED:          0	TO_CACHE:       2144

LLC Dense regions hint to LLC: 0

RAW hits: 12083
Loads Generated: 99336808
Loads sent to L1D: 99324798
Stores Generated: 161521
Stores sent to L1D: 161521
Major fault: 0 Minor fault: 11216
Allocated PAGES: 11216
================ LLC LRU Pollution Stats ================
Total pollution count in LLC: 0
=========================================================

DRAM Statistics
 CHANNEL 0
 RQ ROW_BUFFER_HIT:    1775242  ROW_BUFFER_MISS:     147450
 DBUS_CONGESTED:        608
 WQ ROW_BUFFER_HIT:       1478  ROW_BUFFER_MISS:        686  FULL:          0

 AVG_CONGESTED_CYCLE: 5
 All warmup complete: 2
Channel 0 Bank busy for read cycles: 0
Channel 0 Bank busy for write cycles: 0
Channel 0
Rank 0
0banks busy for read cycles: 207606985
0banks busy for write cycles: 233
1banks busy for read cycles: 2335605
1banks busy for write cycles: 184322
2banks busy for read cycles: 2299750
2banks busy for write cycles: 1524538
3banks busy for read cycles: 2392586
3banks busy for write cycles: 26468
4banks busy for read cycles: 3152317
4banks busy for write cycles: 123192
5banks busy for read cycles: 2724400
5banks busy for write cycles: 37
6banks busy for read cycles: 2777113
6banks busy for write cycles: 3220
7banks busy for read cycles: 3341513
7banks busy for write cycles: 0
8banks busy for read cycles: 3812038
8banks busy for write cycles: 0

CPU 0 Branch Prediction Accuracy: 99.7092% MPKI: 0.18323 Average ROB Occupancy at Mispredict: 74.3612
Branch types
NOT_BRANCH: 187396623 93.6983%
BRANCH_DIRECT_JUMP: 4296 0.002148%
BRANCH_INDIRECT: 0 0%
BRANCH_CONDITIONAL: 12524948 6.26247%
BRANCH_DIRECT_CALL: 2418 0.001209%
BRANCH_INDIRECT_CALL: 34363 0.0171815%
BRANCH_RETURN: 36781 0.0183905%
BRANCH_OTHER: 0 0%

===================== LRU L1D STATS =====================
Total pollution count in L1D: 0
=========================================================
================ L2 LRU Pollution ================
Total pollution count in L2: 0
========================================================
DRAM PAGES: 1048576
Allocated PAGES: 11216
